Archive member included to satisfy reference by file (symbol)

/cygdrive/d/Users/Alex/Desktop/Toolchain/Output/bin/../lib/gcc/i386-banana/8.1.0/libkgcc.a(_divdi3.o)
                              krnl/resolve.32 (__divdi3)
/cygdrive/d/Users/Alex/Desktop/Toolchain/Output/bin/../lib/gcc/i386-banana/8.1.0/libkgcc.a(_moddi3.o)
                              krnl/resolve.32 (__moddi3)
/cygdrive/d/Users/Alex/Desktop/Toolchain/Output/bin/../lib/gcc/i386-banana/8.1.0/libkgcc.a(_udivdi3.o)
                              hal/clock.32 (__udivdi3)
/cygdrive/d/Users/Alex/Desktop/Toolchain/Output/bin/../lib/gcc/i386-banana/8.1.0/libkgcc.a(_umoddi3.o)
                              core/pipe.32 (__umoddi3)

Allocating common symbols
Common symbol       size              file

dcache              0x40              fs/iso9660/iso9660.32
cdDriveLetter       0x1               fs/iso9660/iso9660.32
icache              0x40              fs/iso9660/iso9660.32

Discarded input sections

 .comment       0x0000000000000000       0x12 /cygdrive/d/Users/Alex/Desktop/Toolchain/Output/bin/../lib/gcc/i386-banana/8.1.0/crtbegin.o
 .comment       0x0000000000000000       0x12 acpica/utclib.32
 .comment       0x0000000000000000       0x12 core/malloc.32
 .comment       0x0000000000000000       0x12 libk/ctype.32
 .comment       0x0000000000000000       0x12 libk/string.32
 .comment       0x0000000000000000       0x12 fs/fat/diskio.32
 .comment       0x0000000000000000       0x12 fs/fat/ff.32
 .comment       0x0000000000000000       0x12 fs/fat/ffsystem.32
 .comment       0x0000000000000000       0x12 fs/fat/ffunicode.32
 .comment       0x0000000000000000       0x12 fs/iso9660/iso9660.32
 .group         0x0000000000000000       0x14 core/computer.32
 .group         0x0000000000000000        0xc core/computer.32
 .comment       0x0000000000000000       0x12 core/computer.32
 .comment       0x0000000000000000       0x12 core/gdt.32
 .group         0x0000000000000000        0xc core/idle.32
 .comment       0x0000000000000000       0x12 core/idle.32
 .comment       0x0000000000000000       0x12 core/idt.32
 .comment       0x0000000000000000       0x12 core/kheap.32
 .comment       0x0000000000000000       0x12 core/main.32
 .comment       0x0000000000000000       0x12 core/physmgr.32
 .group         0x0000000000000000        0xc core/pipe.32
 .comment       0x0000000000000000       0x12 core/pipe.32
 .group         0x0000000000000000        0xc core/terminal.32
 .comment       0x0000000000000000       0x12 core/terminal.32
 .comment       0x0000000000000000       0x12 core/tss.32
 .group         0x0000000000000000        0xc core/unixfile.32
 .group         0x0000000000000000        0xc core/unixfile.32
 .group         0x0000000000000000        0xc core/unixfile.32
 .group         0x0000000000000000        0xc core/unixfile.32
 .group         0x0000000000000000        0xc core/unixfile.32
 .group         0x0000000000000000        0xc core/unixfile.32
 .group         0x0000000000000000        0xc core/unixfile.32
 .group         0x0000000000000000        0xc core/unixfile.32
 .comment       0x0000000000000000       0x12 core/unixfile.32
 .comment       0x0000000000000000       0x12 core/virtmgr.32
 .comment       0x0000000000000000       0x12 coreobjs/c++.32
 .comment       0x0000000000000000       0x12 dbg/kconsole.32
 .comment       0x0000000000000000       0x12 dbg/usban.32
 .group         0x0000000000000000        0xc fs/vfs.32
 .group         0x0000000000000000        0xc fs/vfs.32
 .group         0x0000000000000000        0xc fs/vfs.32
 .comment       0x0000000000000000       0x12 fs/vfs.32
 .group         0x0000000000000000        0xc hal/bus.32
 .comment       0x0000000000000000       0x12 hal/bus.32
 .comment       0x0000000000000000       0x12 hal/buzzer.32
 .group         0x0000000000000000        0xc hal/clock.32
 .comment       0x0000000000000000       0x12 hal/clock.32
 .group         0x0000000000000000       0x14 hal/device.32
 .group         0x0000000000000000        0xc hal/device.32
 .group         0x0000000000000000        0xc hal/device.32
 .group         0x0000000000000000        0xc hal/device.32
 .group         0x0000000000000000        0xc hal/device.32
 .comment       0x0000000000000000       0x12 hal/device.32
 .group         0x0000000000000000        0xc hal/diskctrl.32
 .comment       0x0000000000000000       0x12 hal/diskctrl.32
 .group         0x0000000000000000        0xc hal/diskphys.32
 .comment       0x0000000000000000       0x12 hal/diskphys.32
 .comment       0x0000000000000000       0x12 hal/fpu.32
 .comment       0x0000000000000000       0x12 hal/intctrl.32
 .group         0x0000000000000000        0xc hal/keybrd.32
 .comment       0x0000000000000000       0x12 hal/keybrd.32
 .group         0x0000000000000000        0xc hal/logidisk.32
 .comment       0x0000000000000000       0x12 hal/logidisk.32
 .group         0x0000000000000000        0xc hal/mouse.32
[...]
Memory Configuration

Name             Origin             Length             Attributes
*default*        0x0000000000000000 0xffffffffffffffff

Linker script and memory map

LOAD D:/Users/Alex/Desktop/Banana/kernel/boot.32
LOAD crti.32
LOAD /cygdrive/d/Users/Alex/Desktop/Toolchain/Output/bin/../lib/gcc/i386-banana/8.1.0/crtbegin.o
LOAD D:/Users/Alex/Desktop/Banana/kernel/morenasm.32
LOAD acpica/utclib.32
LOAD core/malloc.32
LOAD libk/ctype.32
LOAD libk/string.32
LOAD fs/fat/diskio.32
LOAD fs/fat/ff.32
LOAD fs/fat/ffsystem.32
LOAD fs/fat/ffunicode.32
LOAD fs/iso9660/iso9660.32
LOAD core/computer.32
LOAD core/gdt.32
LOAD core/idle.32
LOAD core/idt.32
LOAD core/kheap.32
LOAD core/main.32
LOAD core/physmgr.32
LOAD core/pipe.32
LOAD core/terminal.32
LOAD core/tss.32
LOAD core/unixfile.32
LOAD core/virtmgr.32
LOAD coreobjs/c++.32
LOAD dbg/kconsole.32
LOAD dbg/usban.32
LOAD fs/vfs.32
LOAD hal/bus.32
LOAD hal/buzzer.32
LOAD hal/clock.32
LOAD hal/device.32
LOAD hal/diskctrl.32
LOAD hal/diskphys.32
LOAD hal/fpu.32
LOAD hal/intctrl.32
LOAD hal/keybrd.32
LOAD hal/logidisk.32
LOAD hal/mouse.32
LOAD hal/nic.32
LOAD hal/partition.32
LOAD hal/serial.32
LOAD hal/timer.32
LOAD hal/vcache.32
LOAD hal/video.32
LOAD hw/acpi.32
LOAD hw/cpu.32
LOAD krnl/bootmsg.32
LOAD krnl/env.32
LOAD krnl/inlines.32
LOAD krnl/panic.32
LOAD krnl/powctrl.32
LOAD krnl/random.32
LOAD krnl/resolve.32
LOAD krnl/signal.32
LOAD krnl/syscalls.32
LOAD net/ethernet.32
LOAD reg/cm.32
LOAD reg/registry.32
LOAD sys/eject.32
LOAD sys/exit.32
LOAD sys/getcwd.32
LOAD sys/getpid.32
LOAD sys/getramdata.32
LOAD sys/getvgaptr.32
LOAD sys/kill.32
LOAD sys/loaddll.32
LOAD sys/read.32
LOAD sys/registersignal.32
LOAD sys/registry.32
LOAD sys/sbrk.32
LOAD sys/setcwd.32
LOAD sys/settime.32
LOAD sys/timezone.32
LOAD sys/write.32
LOAD sys/wsbe.32
LOAD sys/yield.32
LOAD thr/elf.32
LOAD thr/prcssthr.32
LOAD vm86/vm8086.32
LOAD arch/i386/hal.32
LOAD arch/i386/pic.32
LOAD arch/i386/rtc.32
LOAD arch/i386/vga.32
LOAD fs/fat/vfslink.32
LOAD fs/iso9660/helper.32
LOAD fs/iso9660/vfslink.32
LOAD hal/sound/sndcard.32
LOAD hal/sound/sndport.32
LOAD hw/bus/isa.32
LOAD hw/bus/pci.32
LOAD hw/diskctrl/ide.32
LOAD hw/diskctrl/satabus.32
LOAD hw/diskphys/ata.32
LOAD hw/diskphys/atapi.32
LOAD hw/diskphys/sata.32
LOAD hw/diskphys/satapi.32
LOAD hw/intctrl/apic.32
LOAD hw/timer/apictimer.32
LOAD hw/timer/pit.32
LOAD arch/i386/avx.32
LOAD arch/i386/interrupt.32
LOAD arch/i386/rdrand.32
LOAD arch/i386/sse.32
LOAD arch/i386/x87.32
LOAD /cygdrive/d/Users/Alex/Desktop/Toolchain/Output/bin/../lib/gcc/i386-banana/8.1.0/crtend.o
LOAD crtn.32
LOAD /cygdrive/d/Users/Alex/Desktop/Toolchain/Output/bin/../lib/gcc/i386-banana/8.1.0/libkgcc.a
LOAD D:/Users/Alex/Desktop/Banana/kernel/libsoftfp.a
LOAD D:/Users/Alex/Desktop/Banana/kernel/libk/libm32.a
                0x00000000c0000000                . = 0xc0000000

.text           0x00000000c0000000    0x7072a
 *(.text)
 .text          0x00000000c0000000       0x20 D:/Users/Alex/Desktop/Banana/kernel/boot.32
 .text          0x00000000c0000020        0x0 crti.32
 .text          0x00000000c0000020      0x101 /cygdrive/d/Users/Alex/Desktop/Toolchain/Output/bin/../lib/gcc/i386-banana/8.1.0/crtbegin.o
 *fill*         0x00000000c0000121        0xf 
 .text          0x00000000c0000130      0x24f D:/Users/Alex/Desktop/Banana/kernel/morenasm.32
                0x00000000c0000130                manualPCIProbe
                0x00000000c000017b                prepareTramp
                0x00000000c0000194                doTPAUSE
                0x00000000c000019e                hasLegacyFPU
                0x00000000c00001c3                is486
                0x00000000c00001f9                detectCPUID
                0x00000000c000020f                goToVM86
                0x00000000c000023f                goToUsermode
                0x00000000c0000269                switchToThreadASMFirstTime
                0x00000000c0000277                switchToThreadASM
                0x00000000c00002fc                asmQuickAcquireLock
                0x00000000c000031a                asmQuickReleaseLock
                0x00000000c0000326                asmAcquireLock
                0x00000000c0000347                asmReleaseLock
                0x00000000c000035a                loadGDT
                0x00000000c000037a                memcpy
 *fill*         0x00000000c000037f        0x1 
 .text          0x00000000c0000380     0x1d37 acpica/utclib.32
                0x00000000c0000380                memcmp
                0x00000000c0000520                memmove
                0x00000000c00007a0                memset
                0x00000000c0000830                strlen
                0x00000000c00008d0                strpbrk
                0x00000000c0000a50                strtok
                0x00000000c0000b70                strcpy
                0x00000000c0000cb0                strncpy
                0x00000000c0000ff0                strcmp
                0x00000000c0001190                strchr
                0x00000000c0001240                strncmp
                0x00000000c0001430                strcat
                0x00000000c0001590                strncat
                0x00000000c0001770                strstr
                0x00000000c0001800                toupper
                0x00000000c0001890                tolower
                0x00000000c0001920                simple_strtoul
 .text          0x00000000c00020b7     0x4f41 core/malloc.32
                0x00000000c0002bae                dlfree
                0x00000000c0003b72                dlmalloc
                0x00000000c00056d7                dlrealloc
                0x00000000c0006202                dlmemalign
                0x00000000c00066d2                dlcalloc
                0x00000000c00069c0                dlcfree
                0x00000000c00069c5                dlindependent_calloc
                0x00000000c00069ea                dlindependent_comalloc
                0x00000000c0006a01                dlvalloc
                0x00000000c0006a2c                dlpvalloc
                0x00000000c0006a62                dlmalloc_trim
                0x00000000c0006a75                dlmalloc_usable_size
                0x00000000c0006b9d                dlmallinfo
                0x00000000c0006f58                dlmalloc_stats
                0x00000000c0006f6c                dlmallopt
 .text          0x00000000c0006ff8      0x1f2 libk/ctype.32
                0x00000000c0006ff8                isblank
                0x00000000c0007018                iscntrl
                0x00000000c0007038                isdigit
                0x00000000c0007054                islower
                0x00000000c0007070                isspace
                0x00000000c0007098                isupper
                0x00000000c00070b4                isalpha
                0x00000000c00070e4                isalnum
                0x00000000c0007114                ispunct
                0x00000000c0007154                isgraph
                0x00000000c0007184                isprint
                0x00000000c00071ac                isxdigit
 .text          0x00000000c00071ea        0x0 libk/string.32
 .text          0x00000000c00071ea      0x1c8 fs/fat/diskio.32
                0x00000000c00071ea                disk_status
                0x00000000c00071ed                disk_initialize
                0x00000000c00071f0                disk_read
                0x00000000c000728b                disk_write
                0x00000000c0007326                disk_ioctl
 .text          0x00000000c00073b2     0xc2a5 fs/fat/ff.32
                0x00000000c000dbe3                f_mount
                0x00000000c000dd5d                f_open
                0x00000000c000e4f6                f_read
                0x00000000c000ee43                f_write
                0x00000000c000f954                f_sync
                0x00000000c000fca6                f_close
                0x00000000c000fd0f                f_lseek
                0x00000000c0010515                f_opendir
                0x00000000c0010721                f_closedir
                0x00000000c001077d                f_readdir
                0x00000000c0010865                f_stat
                0x00000000c0010919                f_getfree
                0x00000000c0010cd6                f_truncate
                0x00000000c00110a3                f_unlink
                0x00000000c00111f0                f_mkdir
                0x00000000c0011623                f_rename
                0x00000000c0011946                f_chmod
                0x00000000c0011a9e                f_utime
                0x00000000c0011c3c                f_getlabel
                0x00000000c0011f6e                f_setlabel
                0x00000000c00122dd                f_expand
                0x00000000c0012745                f_mkfs
 *fill*         0x00000000c0013657        0x1 
 .text          0x00000000c0013658       0x2f fs/fat/ffsystem.32
                0x00000000c0013658                ff_memalloc
                0x00000000c0013670                ff_memfree
 *fill*         0x00000000c0013687        0x1 
 .text          0x00000000c0013688      0x4ea fs/fat/ffunicode.32
                0x00000000c0013688                ff_uni2oem
                0x00000000c0013790                ff_oem2uni
                0x00000000c001386c                ff_wtoupper
 .text          0x00000000c0013b72     0x4b94 fs/iso9660/iso9660.32
                0x00000000c00148a6                isoReadDiscSector
                0x00000000c0014aaf                strnicmp
                0x00000000c00151b6                stricmp
                0x00000000c0015286                iso_open
                0x00000000c0015605                iso_close
                0x00000000c0015693                iso_read
                0x00000000c0015e6b                iso_seek
                0x00000000c00164af                iso_tell
                0x00000000c0016650                iso_total
                0x00000000c00167ed                fn_postprocess
                0x00000000c0016877                iso_readdir
                0x00000000c0017fa4                iso_reset
                0x00000000c0017fc1                init_percd
                0x00000000c0018393                iso_ioctl
                0x00000000c00183ab                fs_iso9660_init
                0x00000000c00185de                fs_iso9660_shutdown
 *fill*         0x00000000c0018706        0x2 
 .text          0x00000000c0018708     0x1cd6 core/computer.32
                0x00000000c0018708                Computer::close(int, int, void*)
                0x00000000c00188c4                Krnl::firstTask()
                0x00000000c0018c10                Computer::Computer()
                0x00000000c0018c10                Computer::Computer()
                0x00000000c00190e0                Computer::setBootMessage(char const*)
                0x00000000c00190e4                Computer::detectFeatures()
                0x00000000c0019b28                Computer::displayFeatures()
                0x00000000c0019b2c                Computer::rdmsr(unsigned int)
                0x00000000c0019ba4                Computer::wrmsr(unsigned int, unsigned long long)
                0x00000000c0019c24                Computer::shutdown()
                0x00000000c0019cbc                Computer::restart()
                0x00000000c0019d54                Computer::sleep()
                0x00000000c0019dd4                Computer::nmiEnabled()
                0x00000000c0019e18                Computer::readCMOS(unsigned char)
                0x00000000c0019e78                Computer::enableNMI(bool)
                0x00000000c0019f14                Computer::open(int, int, void*)
                0x00000000c001a2c8                Computer::disableNMI()
                0x00000000c001a300                Computer::writeCMOS(unsigned char, unsigned char)
                0x00000000c001a368                Computer::handleNMI()
 .text          0x00000000c001a3de      0x50f core/gdt.32
                0x00000000c001a3de                GDTEntry::setBase(unsigned int)
                0x00000000c001a46e                GDTEntry::setLimit(unsigned int)
                0x00000000c001a4dc                GDT::GDT()
                0x00000000c001a4dc                GDT::GDT()
                0x00000000c001a562                GDT::addEntry(GDTEntry)
                0x00000000c001a63e                GDT::getNumberOfEntries()
                0x00000000c001a666                GDT::flush()
                0x00000000c001a6d4                GDT::setup()
 .text          0x00000000c001a8ed       0x38 core/idle.32
                0x00000000c001a8ed                idleFunction(void*)
 *fill*         0x00000000c001a925        0x3 
 .text          0x00000000c001a928      0xcf0 core/idt.32
                0x00000000c001a928                IDTEntry::IDTEntry(bool)
                0x00000000c001a928                IDTEntry::IDTEntry(bool)
                0x00000000c001ab94                IDTEntry::setOffset(unsigned int)
                0x00000000c001abf8                IDT::IDT()
                0x00000000c001abf8                IDT::IDT()
                0x00000000c001ac2a                IDT::getPointerToInvalidOpcodeEntryForF00F()
                0x00000000c001ac6a                IDT::addEntry(IDTEntry, int)
                0x00000000c001acd0                IDT::addEntry(int, void (*)(), bool)
                0x00000000c001ad2c                IDT::flush()
                0x00000000c001ad6a                IDT::setup()
 .text          0x00000000c001b618      0x2a5 core/kheap.32
                0x00000000c001b618                sbrk
                0x00000000c001b734                mmap
                0x00000000c001b74a                munmap
                0x00000000c001b760                liballoc_lock()
                0x00000000c001b79a                liballoc_unlock()
                0x00000000c001b7d8                liballoc_alloc(int)
                0x00000000c001b812                liballoc_free(void*, int)
                0x00000000c001b84f                realloc
                0x00000000c001b863                malloc
                0x00000000c001b873                free
                0x00000000c001b883                rfree
                0x00000000c001b893                calloc
 .text          0x00000000c001b8bd      0x135 core/main.32
                0x00000000c001b8bd                KeEntryPoint
 .text          0x00000000c001b9f2      0xd3a core/physmgr.32
                0x00000000c001b9f2                Phys::allocateDMA(unsigned long)
                0x00000000c001bce0                Phys::freeDMA(unsigned long, unsigned long)
                0x00000000c001bd96                Phys::setPageState(unsigned long, bool)
                0x00000000c001bed3                Phys::getPageState(unsigned long)
                0x00000000c001bf32                Phys::freePage(unsigned long)
                0x00000000c001bfc0                Phys::allocatePage()
                0x00000000c001c188                Phys::allocateContiguousPages(int)
                0x00000000c001c277                Phys::allowSegmentToBeUsed(unsigned long, unsigned long)
                0x00000000c001c2b9                Phys::physicalMemorySetup(unsigned int)
 .text          0x00000000c001c72c      0xaa5 core/pipe.32
                0x00000000c001c72c                Pipe::isAtty()
                0x00000000c001c730                Pipe::~Pipe()
                0x00000000c001c730                Pipe::~Pipe()
                0x00000000c001c800                Pipe::~Pipe()
                0x00000000c001c828                Pipe::write(unsigned long long, void*, int*)
                0x00000000c001cb90                Pipe::read(unsigned long long, void*, int*)
                0x00000000c001cf6a                Pipe::Pipe(int)
                0x00000000c001cf6a                Pipe::Pipe(int)
 *fill*         0x00000000c001d1d1        0x1 
 .text          0x00000000c001d1d2     0x306f core/terminal.32
                0x00000000c001d1d2                VgaText::isAtty()
                0x00000000c001d1d6                VgaText::~VgaText()
                0x00000000c001d1d6                VgaText::~VgaText()
                0x00000000c001d2a6                VgaText::~VgaText()
                0x00000000c001d2d0                VgaText::read(unsigned long long, void*, int*)
                0x00000000c001d310                setTerminalScrollLock(bool)
                0x00000000c001d311                doTerminalCycle()
                0x00000000c001d312                addToTerminalCycle(VgaText*)
                0x00000000c001d313                scrollTerminalScrollLock(int)
                0x00000000c001d314                VgaText::updateTitle()
                0x00000000c001d316                VgaText::load()
                0x00000000c001d318                VgaText::updateCursor()
                0x00000000c001d364                VgaText::doANSI_SGR(int)
                0x00000000c001d7d8                VgaText::setDefaultBgColour(VgaColour)
                0x00000000c001d850                VgaText::setDefaultFgColour(VgaColour)
                0x00000000c001d8c8                VgaText::setDefaultColours(VgaColour, VgaColour)
                0x00000000c001d926                VgaText::setTitleTextColour(VgaColour)
                0x00000000c001d984                VgaText::setTitleColour(VgaColour)
                0x00000000c001d9e2                VgaText::setTitle(char*)
                0x00000000c001da06                VgaText::combineColours(unsigned char, unsigned char)
                0x00000000c001da1a                VgaText::scrollScreen()
                0x00000000c001dd90                VgaText::combineCharAndColour(char, unsigned char)
                0x00000000c001dda0                VgaText::writeCharacter(char, VgaColour, VgaColour, int, int)
                0x00000000c001dea4                VgaText::getCursorX()
                0x00000000c001dee6                VgaText::getCursorY()
                0x00000000c001df28                VgaText::setCursor(int, int)
                0x00000000c001dfc4                setActiveTerminal(VgaText*)
                0x00000000c001e058                VgaText::clearScreen()
                0x00000000c001e174                VgaText::setCursorX(int)
                0x00000000c001e1c0                VgaText::setCursorY(int)
                0x00000000c001e20c                VgaText::incrementCursor(bool)
                0x00000000c001e40e                VgaText::decrementCursor(bool)
                0x00000000c001e4da                VgaText::putchar(char, VgaColour, VgaColour)
                0x00000000c001e816                VgaText::putchar(char)
                0x00000000c001edf4                VgaText::putx(unsigned int)
                0x00000000c001eea2                VgaText::puts(char const*)
                0x00000000c001ef12                VgaText::write(unsigned long long, void*, int*)
                0x00000000c001f078                VgaText::puts(char const*, VgaColour, VgaColour)
                0x00000000c001f708                VgaText::VgaText(char const*)
                0x00000000c001f708                VgaText::VgaText(char const*)
                0x00000000c001fd96                VgaText::receiveKey(unsigned char)
                0x00000000c0020202                VgaText::doUpdate()
                0x00000000c0020203                newTerminal(char*)
 *fill*         0x00000000c0020241        0x3 
 .text          0x00000000c0020244      0xc60 core/tss.32
                0x00000000c0020244                TSS::TSS()
                0x00000000c0020244                TSS::TSS()
                0x00000000c00202cc                TSS::setESP(unsigned long)
                0x00000000c0020370                TSS::flush()
                0x00000000c00203b8                TSS::setup(unsigned long, unsigned long)
 .text          0x00000000c0020ea4     0x11bd core/unixfile.32
                0x00000000c0020ea4                ReservedFilename::read(unsigned long long, void*, int*)
                0x00000000c002116a                ReservedFilename::isAtty()
                0x00000000c0021268                ReservedFilename::write(unsigned long long, void*, int*)
                0x00000000c0021532                UnixFile::getFileDescriptor()
                0x00000000c0021574                UnixFile::UnixFile(int)
                0x00000000c0021574                UnixFile::UnixFile(int)
                0x00000000c0021a7c                ReservedFilename::ReservedFilename(int)
                0x00000000c0021a7c                ReservedFilename::ReservedFilename(int)
                0x00000000c0021bbc                UnixFile::~UnixFile()
                0x00000000c0021bbc                UnixFile::~UnixFile()
                0x00000000c0021d40                UnixFile::~UnixFile()
                0x00000000c0021d68                ReservedFilename::~ReservedFilename()
                0x00000000c0021d68                ReservedFilename::~ReservedFilename()
                0x00000000c0021e4c                ReservedFilename::~ReservedFilename()
                0x00000000c0021e73                getFromFileDescriptor(int)
 *fill*         0x00000000c0022061        0x1 
 .text          0x00000000c0022062     0x3e09 core/virtmgr.32
                0x00000000c0022062                Virt::setPageState(unsigned long, Virt::VirtPageState)
                0x00000000c0022149                Virt::getPageState(unsigned long)
                0x00000000c00221ef                Virt::allocateKernelVirtualPages(int)
                0x00000000c0022361                Virt::freeSwapfilePage(unsigned long)
                0x00000000c00223ec                Virt::swapIDToSector(unsigned long)
                0x00000000c0022402                Virt::allocateSwapfilePage()
                0x00000000c00225b9                Virt::virtualMemorySetup()
                0x00000000c002261c                Virt::setupPageSwapping(int)
                0x00000000c0022844                VAS::VAS(VAS*)
                0x00000000c0022844                VAS::VAS(VAS*)
                0x00000000c002291e                VAS::getForeignPageTableEntry(bool, unsigned long)
                0x00000000c002296e                VAS::getPageTableEntry(unsigned long)
                0x00000000c00229ad                Virt::freeKernelVirtualPages(unsigned long)
                0x00000000c0022bd4                VAS::freeAllocatedPages(unsigned long)
                0x00000000c0022c30                VAS::virtualToPhysical(unsigned long)
                0x00000000c0022c92                VAS::reflagRange(unsigned long, int, int, int)
                0x00000000c0022d78                VAS::VAS()
                0x00000000c0022d78                VAS::VAS()
                0x00000000c0022f64                VAS::setToWriteCombining(unsigned long, int)
                0x00000000c0023058                VAS::mapOtherVASIn(bool, VAS*)
                0x00000000c0023166                VAS::~VAS()
                0x00000000c0023166                VAS::~VAS()
                0x00000000c0023664                VAS::mapPage(unsigned long, unsigned long, int)
                0x00000000c002399c                VAS::allocatePages(int, int)
                0x00000000c0023e9c                VAS::setCPUSpecific(unsigned long)
                0x00000000c0023ed6                VAS::mapRange(unsigned long, unsigned long, int, int)
                0x00000000c00240b8                VAS::mapForeignPage(bool, VAS*, unsigned long, unsigned long, int)
                0x00000000c0024316                VAS::VAS(bool)
                0x00000000c0024316                VAS::VAS(bool)
                0x00000000c0024f8c                VAS::evict(unsigned long)
                0x00000000c00252fe                VAS::tryLoadBackOffDisk(unsigned long)
                0x00000000c00256ea                VAS::scanForEviction()
                0x00000000c0025b92                mapVASFirstTime
 .text          0x00000000c0025e6b       0x5f coreobjs/c++.32
                0x00000000c0025e6b                __cxa_atexit
                0x00000000c0025e6e                __cxa_finalize
                0x00000000c0025e6f                __stack_chk_fail
                0x00000000c0025ea5                __cxa_pure_virtual
                0x00000000c0025eb6                operator new[](unsigned long)
                0x00000000c0025ebb                operator delete(void*, unsigned long)
                0x00000000c0025ec0                operator delete[](void*)
                0x00000000c0025ec5                operator delete[](void*, unsigned long)
 .text          0x00000000c0025eca      0x623 dbg/kconsole.32
                0x00000000c0025eca                Dbg::stringifyxWithBase(unsigned int, char*, int)
                0x00000000c00260e4                Dbg::logc(char)
                0x00000000c0026104                Dbg::logs(char*)
                0x00000000c0026193                Dbg::logWriteInt(unsigned int)
                0x00000000c00261b3                Dbg::logWriteIntBase(unsigned int, int)
                0x00000000c00261d6                Dbg::kprintf(char const*, ...)
 *fill*         0x00000000c00264ed        0x3 
 .text          0x00000000c00264f0      0x508 dbg/usban.32
                0x00000000c00264f0                KiUbsanPrintDetails(char const*, void*)
                0x00000000c0026620                __ubsan_handle_type_mismatch_v1
                0x00000000c00268f8                __ubsan_handle_pointer_overflow
                0x00000000c0026924                __ubsan_handle_out_of_bounds
                0x00000000c0026950                __ubsan_handle_add_overflow
                0x00000000c0026968                __ubsan_handle_load_invalid_value
                0x00000000c0026980                __ubsan_handle_divrem_overflow
                0x00000000c0026998                __ubsan_handle_mul_overflow
                0x00000000c00269b0                __ubsan_handle_sub_overflow
                0x00000000c00269c8                __ubsan_handle_shift_out_of_bounds
                0x00000000c00269e0                __ubsan_handle_negate_overflow
 .text          0x00000000c00269f8     0x7506 fs/vfs.32
                0x00000000c00269f8                File::isAtty()
                0x00000000c00269fc                Directory::isAtty()
                0x00000000c0026a00                Filesystem::getlabel(LogicalDisk*, int, char*, unsigned int*)
                0x00000000c0026a06                Filesystem::setlabel(LogicalDisk*, int, char*)
                0x00000000c0026a0c                Filesystem::allocateSwapfile(char const*, int)
                0x00000000c0026a12                File::~File()
                0x00000000c0026a12                File::~File()
                0x00000000c0026ae2                File::~File()
                0x00000000c0026b0c                Directory::~Directory()
                0x00000000c0026b0c                Directory::~Directory()
                0x00000000c0026bdc                Directory::~Directory()
                0x00000000c0026c06                Directory::write(unsigned long long, void*, int*)
                0x00000000c0026db6                File::read(unsigned long long, void*, int*)
                0x00000000c002720c                File::write(unsigned long long, void*, int*)
                0x00000000c0027662                Directory::read(unsigned long long, void*, int*)
                0x00000000c0027ab8                Filesystem::Filesystem()
                0x00000000c0027ab8                Filesystem::Filesystem()
                0x00000000c0027b90                Filesystem::~Filesystem()
                0x00000000c0027b90                Filesystem::~Filesystem()
                0x00000000c0027c0e                Filesystem::~Filesystem()
                0x00000000c0027c35                Fs::getcwd(Process*, char*, int)
                0x00000000c0027d70                Fs::initVFS()
                0x00000000c0027d9a                Fs::standardiseFiles(char*, char const*, char const*)
                0x00000000c0028bf0                File::File(char const*, Process*)
                0x00000000c0028bf0                File::File(char const*, Process*)
                0x00000000c002917e                File::open(FileOpenMode)
                0x00000000c00295e2                File::close()
                0x00000000c0029a34                File::seek(unsigned long long)
                0x00000000c0029e6a                File::tell(unsigned long long*)
                0x00000000c002a28e                File::rewind()
                0x00000000c002a2c0                File::unlink()
                0x00000000c002a6d4                File::rename(char const*)
                0x00000000c002aad8                File::chfatattr(unsigned char, unsigned char)
                0x00000000c002aefa                File::exists()
                0x00000000c002b28e                File::stat(unsigned long long*, bool*)
                0x00000000c002b908                Fs::setcwd(Process*, char*)
                0x00000000c002bec0                Directory::Directory(char const*, Process*)
                0x00000000c002bec0                Directory::Directory(char const*, Process*)
                0x00000000c002c44e                Directory::open()
                0x00000000c002c8c2                Directory::close()
                0x00000000c002cd14                Directory::unlink()
                0x00000000c002d128                Directory::rename(char const*)
                0x00000000c002d52c                Directory::exists()
                0x00000000c002d8c0                Directory::read(dirent*)
                0x00000000c002dae4                Directory::create()
                0x00000000c002def8                Filesystem::chfatattr(char const*, unsigned char, unsigned char)
 *fill*         0x00000000c002defe        0x2 
 .text          0x00000000c002df00      0x252 hal/bus.32
                0x00000000c002df00                Bus::Bus(char const*)
                0x00000000c002df00                Bus::Bus(char const*)
                0x00000000c002e044                Bus::~Bus()
                0x00000000c002e044                Bus::~Bus()
                0x00000000c002e128                Bus::~Bus()
 .text          0x00000000c002e152       0xee hal/buzzer.32
                0x00000000c002e152                beepThread(void*)
                0x00000000c002e1be                Krnl::beep(int, int, bool)
 .text          0x00000000c002e240      0xad8 hal/clock.32
                0x00000000c002e240                User::loadClockSettings(int)
                0x00000000c002e32c                Clock::Clock(char const*)
                0x00000000c002e32c                Clock::Clock(char const*)
                0x00000000c002e456                Clock::~Clock()
                0x00000000c002e456                Clock::~Clock()
                0x00000000c002e526                Clock::~Clock()
                0x00000000c002e550                Clock::timeInSecondsLocal()
                0x00000000c002e6a0                Clock::setTimeInSecondsLocal(unsigned long long)
                0x00000000c002e7e9                datetimeToSeconds(datetime_t)
                0x00000000c002e9e2                Clock::setTimeInDatetimeLocal(datetime_t)
                0x00000000c002eb62                secondsToDatetime(unsigned long long)
                0x00000000c002ecd6                Clock::timeInDatetimeLocal()
 .text          0x00000000c002ed18     0x167b hal/device.32
                0x00000000c002ed18                Device::hibernate()
                0x00000000c002ed1a                Device::wake()
                0x00000000c002ed1c                Device::detect()
                0x00000000c002ed1e                Device::disableLegacy()
                0x00000000c002ed20                Device::powerSaving(PowerSavingLevel)
                0x00000000c002ed22                DriverlessDevice::close(int, int, void*)
                0x00000000c002ed26                DriverlessDevice::detect()
                0x00000000c002ed28                DriverlessDevice::open(int, int, void*)
                0x00000000c002ed3c                Device::~Device()
                0x00000000c002ed3c                Device::~Device()
                0x00000000c002edba                Device::~Device()
                0x00000000c002ede4                Device::findAndLoadDriver()
                0x00000000c002edf2                Device::preOpenPCI(PCIDeviceInfo)
                0x00000000c002ee8c                Device::preOpenACPI(void*, char*, char*)
                0x00000000c002ef9e                Device::addIRQHandler(int, void (*)(regs*, void*), bool, void*)
                0x00000000c002efc8                Device::getParent()
                0x00000000c002f012                Device::removeIRQHandler(int, void (*)(regs*, void*), bool)
                0x00000000c002f030                Device::addChild(Device*)
                0x00000000c002f1cc                Device::removeAllChildren()
                0x00000000c002f390                Device::hibernateAll()
                0x00000000c002f4e4                Device::wakeAll()
                0x00000000c002f638                Device::detectAll()
                0x00000000c002f78c                Device::disableLegacyAll()
                0x00000000c002f78e                Device::loadDriversForAll()
                0x00000000c002f790                Device::closeAll()
                0x00000000c002f8e8                Device::powerSavingAll(PowerSavingLevel)
                0x00000000c002fa48                Device::setName(char const*)
                0x00000000c002fa9a                Device::Device(char const*)
                0x00000000c002fa9a                Device::Device(char const*)
                0x00000000c003008a                Device::getName()
                0x00000000c00300ce                DriverlessDevice::DriverlessDevice(char const*)
                0x00000000c00300ce                DriverlessDevice::DriverlessDevice(char const*)
                0x00000000c00301f8                Device::addToLinkedList(LinkedList<Device>&, DeviceType)
                0x00000000c0030333                getDevicesOfType(DeviceType)
 *fill*         0x00000000c0030393        0x1 
 .text          0x00000000c0030394      0x252 hal/diskctrl.32
                0x00000000c0030394                HardDiskController::HardDiskController(char const*)
                0x00000000c0030394                HardDiskController::HardDiskController(char const*)
                0x00000000c00304d8                HardDiskController::~HardDiskController()
                0x00000000c00304d8                HardDiskController::~HardDiskController()
                0x00000000c00305bc                HardDiskController::~HardDiskController()
 .text          0x00000000c00305e6      0x3f8 hal/diskphys.32
                0x00000000c00305e6                PhysicalDisk::eject()
                0x00000000c00305ea                PhysicalDisk::PhysicalDisk(char const*, int)
                0x00000000c00305ea                PhysicalDisk::PhysicalDisk(char const*, int)
                0x00000000c003086a                PhysicalDisk::startCache()
                0x00000000c00308e4                PhysicalDisk::~PhysicalDisk()
                0x00000000c00308e4                PhysicalDisk::~PhysicalDisk()
                0x00000000c00309b4                PhysicalDisk::~PhysicalDisk()
 .text          0x00000000c00309de        0x0 hal/fpu.32
 .text          0x00000000c00309de     0x1907 hal/intctrl.32
                0x00000000c00309de                int_handler
                0x00000000c0030df2                installISRHandler(int, void (*)(regs*, void*), void*)
                0x00000000c00310af                installIRQHandler(int, void (*)(regs*, void*), bool, void*)
                0x00000000c0031858                uninstallISRHandler(int, void (*)(regs*, void*))
                0x00000000c0031b57                uninstallIRQHandler(int, void (*)(regs*, void*), bool)
                0x00000000c0031f89                setupINTS()
                0x00000000c00321b2                convertLegacyIRQNumber(int)
 *fill*         0x00000000c00322e5        0x1 
 .text          0x00000000c00322e6     0x12a0 hal/keybrd.32
                0x00000000c00322e6                startGUI(void*)
                0x00000000c003236d                startGUIVESA(void*)
                0x00000000c00323f4                sendKeyToTerminal(unsigned char)
                0x00000000c003258f                sendKeyboardToken(KeyboardToken)
                0x00000000c0032dbc                clearInternalKeybuffer(VgaText*)
                0x00000000c0032e84                readKeyboard(VgaText*, char*, unsigned long)
                0x00000000c003335a                Keyboard::Keyboard(char const*)
                0x00000000c003335a                Keyboard::Keyboard(char const*)
                0x00000000c003348c                Keyboard::~Keyboard()
                0x00000000c003348c                Keyboard::~Keyboard()
                0x00000000c003355c                Keyboard::~Keyboard()
 .text          0x00000000c0033586      0xf99 hal/logidisk.32
                0x00000000c0033586                LogicalDisk::close(int, int, void*)
                0x00000000c003358a                LogicalDisk::~LogicalDisk()
                0x00000000c003358a                LogicalDisk::~LogicalDisk()
                0x00000000c003365a                LogicalDisk::~LogicalDisk()
                0x00000000c0033684                LogicalDisk::open(int, int, void*)
                0x00000000c0033698                LogicalDisk::absoluteToRelative(unsigned long long)
                0x00000000c003376e                LogicalDisk::relativeToAbsolute(unsigned long long)
                0x00000000c0033800                LogicalDisk::LogicalDisk(char const*, PhysicalDisk*, unsigned long long, unsigned long long)
                0x00000000c0033800                LogicalDisk::LogicalDisk(char const*, PhysicalDisk*, unsigned long long, unsigned long long)
                0x00000000c0033bb4                LogicalDisk::assignDriveLetter()
                0x00000000c0033e18                LogicalDisk::mount()
                0x00000000c0033f7e                LogicalDisk::unmount()
                0x00000000c0033fcc                LogicalDisk::eject()
                0x00000000c0034084                LogicalDisk::unassignDriveLetter()
                0x00000000c003420c                LogicalDisk::read(unsigned long long, int, void*)
                0x00000000c0034396                LogicalDisk::write(unsigned long long, int, void*)
 *fill*         0x00000000c003451f        0x1 
 .text          0x00000000c0034520      0x252 hal/mouse.32
                0x00000000c0034520                Mouse::Mouse(char const*)
                0x00000000c0034520                Mouse::Mouse(char const*)
                0x00000000c0034664                Mouse::~Mouse()
                0x00000000c0034664                Mouse::~Mouse()
                0x00000000c0034748                Mouse::~Mouse()
 .text          0x00000000c0034772      0x230 hal/nic.32
                0x00000000c0034772                NIC::getMAC()
                0x00000000c0034778                NIC::write(int, unsigned char*, int*)
                0x00000000c003477e                NIC::NIC(char const*)
                0x00000000c003477e                NIC::NIC(char const*)
                0x00000000c00348a8                NIC::~NIC()
                0x00000000c00348a8                NIC::~NIC()
                0x00000000c0034978                NIC::~NIC()
 .text          0x00000000c00349a2      0xe6c hal/partition.32
                0x00000000c00349a2                makePartition(PhysicalDisk*, unsigned long long, unsigned long long)
                0x00000000c0034b0c                createPartitionsForDisk(PhysicalDisk*)
 *fill*         0x00000000c003580e        0x2 
 .text          0x00000000c0035810      0x252 hal/serial.32
                0x00000000c0035810                Serial::Serial(char const*)
                0x00000000c0035810                Serial::Serial(char const*)
                0x00000000c0035954                Serial::~Serial()
                0x00000000c0035954                Serial::~Serial()
                0x00000000c0035a38                Serial::~Serial()
 *fill*         0x00000000c0035a62        0x2 
 .text          0x00000000c0035a64      0x7a4 hal/timer.32
                0x00000000c0035a64                Timer::Timer(char const*)
                0x00000000c0035a64                Timer::Timer(char const*)
                0x00000000c0035ba8                Timer::~Timer()
                0x00000000c0035ba8                Timer::~Timer()
                0x00000000c0035c8c                Timer::~Timer()
                0x00000000c0035cb6                Timer::read()
                0x00000000c0035d03                setupTimer(int)
                0x00000000c0035df1                timerHandler(unsigned int)
 .text          0x00000000c0036208     0x1a4c hal/vcache.32
                0x00000000c0036208                VCache::VCache(PhysicalDisk*)
                0x00000000c0036208                VCache::VCache(PhysicalDisk*)
                0x00000000c0036bae                VCache::invalidateReadBuffer()
                0x00000000c0036c4a                VCache::writeWriteBuffer()
                0x00000000c0036e4c                VCache::~VCache()
                0x00000000c0036e4c                VCache::~VCache()
                0x00000000c0037028                VCache::~VCache()
                0x00000000c0037050                VCache::write(unsigned long long, int, void*)
                0x00000000c003761e                VCache::read(unsigned long long, int, void*)
 .text          0x00000000c0037c54     0x123e hal/video.32
                0x00000000c0037c54                Video::putpixel(int, int, unsigned int)
                0x00000000c0037c62                Video::readPixelApprox(int, int)
                0x00000000c0037c76                Video::putrect(int, int, int, int, unsigned int)
                0x00000000c0037d9e                Video::bitblit(int, int, int, int, int, int, int, unsigned int*)
                0x00000000c0037fae                Video::blit(unsigned int*, int, int, int, int)
                0x00000000c00381b4                Video::clearScreen(unsigned int)
                0x00000000c00382ea                Video::Video(char const*)
                0x00000000c00382ea                Video::Video(char const*)
                0x00000000c0038414                Video::~Video()
                0x00000000c0038414                Video::~Video()
                0x00000000c00384e4                Video::~Video()
                0x00000000c003850e                Video::isMonochrome()
                0x00000000c0038558                Video::getWidth()
                0x00000000c00385a2                Video::getHeight()
                0x00000000c00385ec                Video::drawCursor(int, int, unsigned int*, int)
                0x00000000c003889a                Video::tgaParse(unsigned char*, int, int*, int*)
                0x00000000c0038ce4                Video::putTGA(int, int, unsigned char*, int)
 *fill*         0x00000000c0038e92        0x2 
 .text          0x00000000c0038e94     0x3d8f hw/acpi.32
                0x00000000c0038e94                ACPI::close(int, int, void*)
                0x00000000c0038f48                findRSDP()
                0x00000000c003909c                loadACPITables(unsigned char*)
                0x00000000c0039964                findRSDT(unsigned char*)
                0x00000000c0039b4c                findDataTable(unsigned char*, char*)
                0x00000000c0039d58                scanMADT()
                0x00000000c003b290                ACPI::ACPI()
                0x00000000c003b290                ACPI::ACPI()
                0x00000000c003b494                ACPI::getPCIIRQAssignment(unsigned char, unsigned short, unsigned char)
                0x00000000c003b868                ACPI::registerPCIIRQAssignment(void*, unsigned short, unsigned char, unsigned char)
                0x00000000c003bd9c                ACPI::setScreenBrightnessLevel(void*, int)
                0x00000000c003bda4                ACPI::detectPCI()
                0x00000000c003c2dc                ACPI::writeSimpleBootFlag(SimpleBootFlagTable*)
                0x00000000c003c3b0                ACPI::sleep()
                0x00000000c003c3cc                ACPI::open(int, int, void*)
 *fill*         0x00000000c003cc23        0x1 
 .text          0x00000000c003cc24     0x2198 hw/cpu.32
                0x00000000c003cc24                CPU::close(int, int, void*)
                0x00000000c003cc28                CPU::AMD_K6_write_msr(unsigned int, unsigned int, unsigned int, CPU::REGS*)
                0x00000000c003cc44                CPU::AMD_K6_read_msr(unsigned int, CPU::REGS*)
                0x00000000c003cc5c                CPU::AMD_K6_writeback(int, int, int)
                0x00000000c003ccd0                CPU::cpuid(int, unsigned long*, unsigned long*, unsigned long*, unsigned long*)
                0x00000000c003ce4e                CPU::cpuidCheckEDX(unsigned int)
                0x00000000c003ce7c                CPU::cpuidCheckECX(unsigned int)
                0x00000000c003ceaa                CPU::cpuidCheckExtendedEBX(unsigned int)
                0x00000000c003ced8                CPU::cpuidCheckExtendedECX(unsigned int)
                0x00000000c003cf06                CPU::CPU()
                0x00000000c003cf06                CPU::CPU()
                0x00000000c003d254                CPU::displayFeatures()
                0x00000000c003d256                CPU::detectFeatures()
                0x00000000c003e5b8                CPU::setupSMEP()
                0x00000000c003e5c4                CPU::setupUMIP()
                0x00000000c003e5ce                CPU::setupTSC()
                0x00000000c003e5d8                CPU::setupLargePages()
                0x00000000c003e5e2                CPU::setupPAT()
                0x00000000c003e692                CPU::setupMTRR()
                0x00000000c003e694                CPU::setupGlobalPages()
                0x00000000c003e69e                CPU::allowUsermodeDataAccess()
                0x00000000c003e6ee                CPU::prohibitUsermodeDataAccess()
                0x00000000c003e73e                CPU::setupSMAP()
                0x00000000c003e778                CPU::setupFeatures()
                0x00000000c003ea10                CPU::open(int, int, void*)
 .text          0x00000000c003edbc      0x501 krnl/bootmsg.32
                0x00000000c003edbc                KeDisplaySplashScreen()
                0x00000000c003f14f                KeSetBootMessage(char const*)
 *fill*         0x00000000c003f2bd        0x1 
 .text          0x00000000c003f2be     0x175a krnl/env.32
                0x00000000c003f2be                EnvVarContainer::getEnv(char const*)
                0x00000000c003f416                EnvVarContainer::setEnv(char const*, char const*)
                0x00000000c003f5de                EnvVarContainer::deleteEnv(char const*)
                0x00000000c003f5e0                EnvVarContainer::loadFrom(char const*, char const*)
                0x00000000c003fc06                EnvVarContainer::__loadSystem()
                0x00000000c003fc3e                EnvVarContainer::__loadUser()
                0x00000000c003fc40                EnvVarContainer::EnvVarContainer(Process*)
                0x00000000c003fc40                EnvVarContainer::EnvVarContainer(Process*)
                0x00000000c003fd36                EnvVarContainer::~EnvVarContainer()
                0x00000000c003fd36                EnvVarContainer::~EnvVarContainer()
                0x00000000c003fe38                Krnl::getEnv(Process*, char const*)
                0x00000000c003ff18                Krnl::setEnvSystem(char const*, char const*)
                0x00000000c003ff4f                Krnl::setEnvUser(char const*, char const*)
                0x00000000c003ff89                Krnl::setEnvProcess(Process*, char const*, char const*)
                0x00000000c003fffe                Krnl::deleteEnvSystem(char const*)
                0x00000000c004001e                Krnl::deleteEnvUser(char const*)
                0x00000000c004003e                Krnl::deleteEnvProcess(Process*, char const*)
                0x00000000c004009c                Krnl::newProcessEnv(Process*)
                0x00000000c00400d7                Krnl::copyProcessEnv(Process*, Process*)
                0x00000000c0040270                Krnl::loadSystemEnv()
                0x00000000c00402d6                Krnl::loadUserEnv()
                0x00000000c0040333                Krnl::flushEnv()
                0x00000000c0040334                Krnl::getProcessTotalEnvCount(Process*)
                0x00000000c00404a9                Krnl::getProcessEnvPair(Process*, int)
 .text          0x00000000c0040a18      0x193 krnl/inlines.32
                0x00000000c0040a18                CPU::current()
                0x00000000c0040a64                operator new(unsigned long)
                0x00000000c0040a69                operator delete(void*)
                0x00000000c0040a6e                disableIRQs()
                0x00000000c0040a70                enableIRQs()
                0x00000000c0040a72                lockScheduler()
                0x00000000c0040a9f                unlockScheduler()
                0x00000000c0040ad0                lockStuff()
                0x00000000c0040b20                unlockStuff()
                0x00000000c0040b90                Virt::getAKernelVAS()
                0x00000000c0040b96                __not_memcpy
 .text          0x00000000c0040bab        0xc krnl/panic.32
                0x00000000c0040bab                KePanic(char const*)
 .text          0x00000000c0040bb7      0x1fd krnl/powctrl.32
                0x00000000c0040bb7                Krnl::powerThread(void*)
                0x00000000c0040c1c                Krnl::changePowerSettings(Krnl::PowerSettings)
                0x00000000c0040c32                Krnl::userIOReceived()
                0x00000000c0040c3d                Krnl::handlePowerButton()
                0x00000000c0040ca8                Krnl::handleSleepButton()
                0x00000000c0040d13                Krnl::setupPowerManager()
 .text          0x00000000c0040db4       0x9d krnl/random.32
                0x00000000c0040db4                KeRand()
                0x00000000c0040df6                KeSeedRand(unsigned int)
                0x00000000c0040e1f                KeInitRand()
 *fill*         0x00000000c0040e51        0x3 
 .text          0x00000000c0040e54      0x1bc krnl/resolve.32
                0x00000000c0040e54                KeResolveCompatibilitySymbol(char*)
 .text          0x00000000c0041010      0xde7 krnl/signal.32
                0x00000000c0041010                KiSigKill(int)
                0x00000000c0041024                KiDefaultSignalHandlerIgnore(int)
                0x00000000c0041025                KiDefaultSignalHandlerPause(int)
                0x00000000c0041051                KiDefaultSignalHandlerResume(int)
                0x00000000c004107d                KeDeinitSignals(SigHandlerBlock*)
                0x00000000c0041082                KeInitSignals()
                0x00000000c004116e                KeRegisterSignalHandler(SigHandlerBlock*, int, void (*)(int), unsigned int, int)
                0x00000000c00412e5                KeRaiseSignal(SigHandlerBlock*, int)
                0x00000000c0041472                KeCheckSignal(SigHandlerBlock*, int*)
                0x00000000c0041a6e                KiCheckSignalZ
                0x00000000c0041bce                KeCompleteSignal(SigHandlerBlock*, int)
                0x00000000c0041ccf                KiFinishSignalZ
 .text          0x00000000c0041df7     0x4829 krnl/syscalls.32
                0x00000000c0041df7                SysSeekDir(regs*)
                0x00000000c0041dfc                SysTellDir(regs*)
                0x00000000c0041e01                SysTTYName(regs*)
                0x00000000c0041e09                SysNotImpl(regs*)
                0x00000000c0041e24                SysVerify(regs*)
                0x00000000c0041e6b                SysGetArgc(regs*)
                0x00000000c0041ef0                SysFormatDisk(regs*)
                0x00000000c0042224                SysSetDiskVolumeLabel(regs*)
                0x00000000c00428f2                SysGetDiskVolumeLabel(regs*)
                0x00000000c0043012                SysShutdown(regs*)
                0x00000000c004322d                SysRealpath(regs*)
                0x00000000c00433c5                SysReadDir(regs*)
                0x00000000c00435f4                SysIsATTY(regs*)
                0x00000000c00437ed                SysSeek(regs*)
                0x00000000c0043963                SysTell(regs*)
                0x00000000c0043b61                SysSize(regs*)
                0x00000000c0043d64                SysClose(regs*)
                0x00000000c0043f43                SysCloseDir(regs*)
                0x00000000c00440be                SysWait(regs*)
                0x00000000c0044150                SysPanic(regs*)
                0x00000000c00441a5                SysGetArgv(regs*)
                0x00000000c004445e                SysUSleep(regs*)
                0x00000000c00444fa                SysGetEnv(regs*)
                0x00000000c0044702                SysGetUnixTime(regs*)
                0x00000000c0044775                SysSizeFromFilename(regs*)
                0x00000000c0044a88                SysOpenDir(regs*)
                0x00000000c0044cb2                SysMakeDir(regs*)
                0x00000000c0044e6a                SysRmdir(regs*)
                0x00000000c0045025                SysUnlink(regs*)
                0x00000000c00451e0                SysSetFatAttrib(regs*)
                0x00000000c004542b                SysPipe(regs*)
                0x00000000c00455e8                SysSpawn(regs*)
                0x00000000c00457c9                string_ends_with(char const*, char const*)
                0x00000000c004584f                SysOpen(regs*)
                0x00000000c0046476                KeSystemCall(regs*, void*)
 .text          0x00000000c0046620      0x2cd net/ethernet.32
                0x00000000c0046620                KeSwitchEndian16(unsigned short)
                0x00000000c0046674                KeSwitchEndian32(unsigned int)
                0x00000000c00466a8                EthernetCRC32(unsigned char*, int)
                0x00000000c00467f4                EthernetReceivedPacket(EthernetUnwrappedFrame*, unsigned short)
 .text          0x00000000c00468ed     0x238f reg/cm.32
                0x00000000c00468ed                CmOpen(char const*)
                0x00000000c0046c8c                CmClose(Reghive_Tag*)
                0x00000000c0046cfd                CmReadExtent(Reghive_Tag*, int, unsigned char*)
                0x00000000c0046e18                CmGetString(Reghive_Tag*, int, char*)
                0x00000000c0046fad                CmEnterDirectory(Reghive_Tag*, int)
                0x00000000c0046fec                CmGetNext(Reghive_Tag*, int)
                0x00000000c004701e                CmWriteExtent(Reghive_Tag*, int, unsigned char*)
                0x00000000c0047139                CmFreeExtent(Reghive_Tag*, int)
                0x00000000c0047161                CmUpdateHeader(Reghive_Tag*)
                0x00000000c00471d1                CmExpand(Reghive_Tag*, int)
                0x00000000c004734e                CmFindUnusedExtent(Reghive_Tag*)
                0x00000000c00474ff                CmCreateExtent(Reghive_Tag*, int, int, unsigned char*)
                0x00000000c00475f3                CmSetString(Reghive_Tag*, int, char const*)
                0x00000000c0047abf                CmGetMatch(char*, char*, bool, bool*)
                0x00000000c0047bb3                CmAddShift(unsigned int*, int*, unsigned char, int)
                0x00000000c0047cad                CmGetShift(unsigned int*, int*, int, bool*)
                0x00000000c0047df9                CmGetInteger(Reghive_Tag*, int, unsigned long long*)
                0x00000000c0047e45                CmSetInteger(Reghive_Tag*, int, unsigned long long)
                0x00000000c0047e85                CmConvertFromInternalFilename(unsigned char const*, char*)
                0x00000000c00480be                CmGetNameAndTypeFromExtent(Reghive_Tag*, int, char*)
                0x00000000c00480ec                CmConvertToInternalFilename(char const*, unsigned char*)
                0x00000000c0048697                CmCreateString(Reghive_Tag*, int, char const*)
                0x00000000c00486e4                CmFindInDirectory(Reghive_Tag*, int, char const*)
                0x00000000c004875e                CmCreateInteger(Reghive_Tag*, int, char const*, unsigned long long, int)
                0x00000000c00487b1                CmCreateDirectory(Reghive_Tag*, int, char const*)
                0x00000000c0048875                zStrtok(char*, char const*)
                0x00000000c0048a56                CmFindObjectFromPath(Reghive_Tag*, char const*)
                0x00000000c0048ad7                CmDisplayTree(Reghive_Tag*, int, int)
                0x00000000c0048bb2                CmSplitFinalSlashInPlace(char*)
 .text          0x00000000c0048c7c     0x1267 reg/registry.32
                0x00000000c0048c7c                Reg::findLineFromLoadedData(char*, char*, char*)
                0x00000000c00490ad                Reg::getLineFromRegistry(char*, char*, char*, char*)
                0x00000000c0049452                Reg::getLine(char*, char*, char*)
                0x00000000c0049489                Reg::readInt(char*, char*, int*)
                0x00000000c0049b49                Reg::readString(char*, char*, char*, int)
                0x00000000c0049dcd                Reg::readBool(char*, char*, bool*)
                0x00000000c0049e18                Reg::readBoolWithDefault(char*, char*, bool)
                0x00000000c0049e5f                Reg::readIntWithDefault(char*, char*, int)
                0x00000000c0049e8b                Reg::readStringWithDefault(char*, char*, char*, int, char*)
 .text          0x00000000c0049ee3      0x172 sys/eject.32
                0x00000000c0049ee3                SysEject(regs*)
 .text          0x00000000c004a055       0x4e sys/exit.32
                0x00000000c004a055                SysExit(regs*)
 .text          0x00000000c004a0a3       0x9d sys/getcwd.32
                0x00000000c004a0a3                SysGetCwd(regs*)
 .text          0x00000000c004a140       0x57 sys/getpid.32
                0x00000000c004a140                SysGetPID(regs*)
 .text          0x00000000c004a197       0x86 sys/getramdata.32
                0x00000000c004a197                SysGetRAMData(regs*)
 .text          0x00000000c004a21d      0x23f sys/getvgaptr.32
                0x00000000c004a21d                SysGetVGAPtr(regs*)
 .text          0x00000000c004a45c      0x330 sys/kill.32
                0x00000000c004a45c                SysKill(regs*)
 .text          0x00000000c004a78c      0x21f sys/loaddll.32
                0x00000000c004a78c                SysLoadDLL(regs*)
 .text          0x00000000c004a9ab      0x1e6 sys/read.32
                0x00000000c004a9ab                SysRead(regs*)
 .text          0x00000000c004ab91       0xdc sys/registersignal.32
                0x00000000c004ab91                SysRegisterSignal(regs*)
 .text          0x00000000c004ac6d      0x4e1 sys/registry.32
                0x00000000c004ac6d                SysRegistryGetTypeFromPath(regs*)
                0x00000000c004ad64                SysRegistryReadExtent(regs*)
                0x00000000c004ae62                SysRegistryPathToExtentLookup(regs*)
                0x00000000c004aef3                SysRegistryEnterDirectory(regs*)
                0x00000000c004af84                SysRegistryGetNext(regs*)
                0x00000000c004b015                SysRegistryGetNameAndTypeFromExtent(regs*)
                0x00000000c004b0b7                SysRegistryOpen(regs*)
                0x00000000c004b101                SysRegistryClose(regs*)
 .text          0x00000000c004b14e      0x18c sys/sbrk.32
                0x00000000c004b14e                SysSbrk(regs*)
 .text          0x00000000c004b2da       0x80 sys/setcwd.32
                0x00000000c004b2da                SysSetCwd(regs*)
 .text          0x00000000c004b35a      0x206 sys/settime.32
                0x00000000c004b35a                SysSetTime(regs*)
 .text          0x00000000c004b560       0x99 sys/timezone.32
                0x00000000c004b560                SysTimezone(regs*)
 .text          0x00000000c004b5f9      0x1e6 sys/write.32
                0x00000000c004b5f9                SysWrite(regs*)
 .text          0x00000000c004b7df      0x166 sys/wsbe.32
                0x00000000c004b7df                SysWsbe(regs*)
 .text          0x00000000c004b945       0x5e sys/yield.32
                0x00000000c004b945                SysYield(regs*)
 .text          0x00000000c004b9a3     0x425b thr/elf.32
                0x00000000c004b9a3                Thr::allocateMemoryForTask(Process*, File*, unsigned long, unsigned long, unsigned long)
                0x00000000c004c081                Thr::loadProgramIntoMemory(Process*, char const*)
                0x00000000c004c8e6                Thr::runtimeReferenceHelper()
                0x00000000c004c8f9                Thr::getAddressOfKernelSymbol(char const*)
                0x00000000c004cb9a                Thr::loadKernelSymbolTable(char const*)
                0x00000000c004d624                Thr::loadDriverIntoMemory(char const*, unsigned long, bool)
                0x00000000c004f232                Thr::getDriverBaseFromAddress(unsigned long)
                0x00000000c004f43d                Thr::getDriverNameFromAddress(unsigned long)
                0x00000000c004f643                Thr::getDriverOffsetFromAddress(unsigned long)
                0x00000000c004f665                Thr::loadDLL(char const*, bool)
                0x00000000c004fbc5                Thr::executeDLL(unsigned long, void*)
 *fill*         0x00000000c004fbfe        0x2 
 .text          0x00000000c004fc00     0x4ced thr/prcssthr.32
                0x00000000c004fc00                userModeEntryPoint(void*)
                0x00000000c004fcc8                changeTSS
                0x00000000c004fe04                switchToThread(ThreadControlBlock*)
                0x00000000c004fff0                Process::addArgs(char**)
                0x00000000c00503fc                Process::Process(char const*, Process*, char**)
                0x00000000c00503fc                Process::Process(char const*, Process*, char**)
                0x00000000c0050c68                Process::Process(bool, char const*, Process*, char**)
                0x00000000c0050c68                Process::Process(bool, char const*, Process*, char**)
                0x00000000c005145c                taskStartupFunction
                0x00000000c00514a4                Semaphore::Semaphore(int)
                0x00000000c00514a4                Semaphore::Semaphore(int)
                0x00000000c005160c                Mutex::Mutex()
                0x00000000c005160c                Mutex::Mutex()
                0x00000000c005169c                Process::createThread(void (*)(void*), void*, int)
                0x00000000c0051d24                Process::createUserThread()
                0x00000000c0051d5c                setupMultitasking(void (*)())
                0x00000000c0051f78                schedule()
                0x00000000c0052084                Semaphore::tryAcquire()
                0x00000000c005232c                Semaphore::assertLocked(char const*)
                0x00000000c00524a0                blockTaskWithSchedulerLockAlreadyHeld(TaskState)
                0x00000000c0052520                blockTask(TaskState)
                0x00000000c00525cc                waitTask(int, int*, int)
                0x00000000c0052774                milliTenthSleepUntil(unsigned int)
                0x00000000c00528e4                milliTenthSleep(unsigned int)
                0x00000000c00528f8                sleep(unsigned int)
                0x00000000c0052914                Semaphore::acquire()
                0x00000000c0052ca4                taskReturned
                0x00000000c0052d2c                Thr::processFromPID(int)
                0x00000000c0052eb0                unblockTask(ThreadControlBlock*)
                0x00000000c0053004                cleanupTerminatedTask(ThreadControlBlock*)
                0x00000000c0054040                cleanerTaskFunction(void*)
                0x00000000c005429c                terminateTask(int)
                0x00000000c0054584                Thr::terminateFromIRQ(int)
                0x00000000c0054594                Semaphore::release()
 .text          0x00000000c00548ed     0x2e23 vm86/vm8086.32
                0x00000000c00548ed                Vm::inbv(unsigned short)
                0x00000000c0054900                Vm::outbv(unsigned short, unsigned char)
                0x00000000c00549c7                Vm::realToLinear(unsigned short, unsigned short)
                0x00000000c00549d7                Vm::getSegment(unsigned int)
                0x00000000c00549df                Vm::getOffset(unsigned int)
                0x00000000c00549e4                Vm::mainloop2()
                0x00000000c0054a71                Vm::mainVm8086Loop(void*)
                0x00000000c0054aa6                Vm::mainloop3(unsigned long)
                0x00000000c0054af2                Vm::initialise8086()
                0x00000000c0054b9c                Vm::finish8086()
                0x00000000c0054c61                Vm::getOutput8086(unsigned char*)
                0x00000000c0054c86                Vm::start8086FromBuffer(unsigned char*, int, unsigned short, unsigned short, unsigned short, unsigned short)
                0x00000000c0054e47                Vm::start8086(char const*, unsigned short, unsigned short, unsigned short, unsigned short)
                0x00000000c0055221                Vm::doISR(regs*, int, unsigned char*, unsigned short, unsigned short)
                0x00000000c005550a                Vm::readByteFromReal(unsigned short, unsigned short)
                0x00000000c0055537                Vm::readWordFromReal(unsigned short, unsigned short)
                0x00000000c0055569                Vm::readDwordFromReal(unsigned short, unsigned short)
                0x00000000c005559a                Vm::writeByteFromReal(unsigned short, unsigned short, unsigned char)
                0x00000000c00555cb                Vm::writeWordFromReal(unsigned short, unsigned short, unsigned short)
                0x00000000c00555ff                Vm::writeDwordFromReal(unsigned short, unsigned short, unsigned int)
                0x00000000c0055634                Vm::faultHandler(regs*)
 .text          0x00000000c0057710     0x20ed arch/i386/hal.32
                0x00000000c0057710                noCopro(unsigned long)
                0x00000000c0057711                nmiHandler(regs*, void*)
                0x00000000c005774b                doubleFault(regs*, void*)
                0x00000000c0057764                displayDebugInfo(regs*)
                0x00000000c0058729                HalSystemIdle()
                0x00000000c005886a                displayProgramFault(char const*)
                0x00000000c00589ea                gpFault(regs*, void*)
                0x00000000c0058a51                pgFault(regs*, void*)
                0x00000000c0058bc6                otherISRHandler(regs*, void*)
                0x00000000c0058bfa                opcodeFault(regs*, void*)
                0x00000000c0058dd1                i386SaveCoprocessor(void*)
                0x00000000c0058de5                i386LoadCoprocessor(void*)
                0x00000000c0058df9                x87EmulHandler(regs*, void*)
                0x00000000c0058f3e                HalInitialiseCoprocessor()
                0x00000000c0059047                HalPanic(char const*)
                0x00000000c00592ca                HalQueryPerformanceCounter()
                0x00000000c005935c                HalInitialise()
                0x00000000c005972e                HalMakeBeep(int)
                0x00000000c0059768                HalGetRand()
                0x00000000c005976b                HalEndOfInterrupt(int)
                0x00000000c00597fa                HalRestart()
                0x00000000c00597fb                HalShutdown()
                0x00000000c00597fc                HalSleep()
 *fill*         0x00000000c00597fd        0x3 
 .text          0x00000000c0059800      0x30c arch/i386/pic.32
                0x00000000c0059800                picIoWait()
                0x00000000c0059808                picDisable()
                0x00000000c005983c                picGetIRQReg(int)
                0x00000000c00598e4                picOpen()
                0x00000000c0059a68                picEOI(int)
 .text          0x00000000c0059b0c      0xdd9 arch/i386/rtc.32
                0x00000000c0059b0c                RTC::open(int, int, void*)
                0x00000000c0059b10                RTC::close(int, int, void*)
                0x00000000c0059b14                RTC::~RTC()
                0x00000000c0059b14                RTC::~RTC()
                0x00000000c0059be4                RTC::~RTC()
                0x00000000c0059c0e                RTC::timeInSecondsUTC()
                0x00000000c0059c5e                RTC::timeInDatetimeUTC()
                0x00000000c0059cf4                RTC::setTimeInSecondsUTC(unsigned long long)
                0x00000000c0059da2                RTC::get_update_in_progress_flag()
                0x00000000c0059dda                RTC::completeRTCRefresh()
                0x00000000c005a2a8                RTC::setTimeInDatetimeUTC(datetime_t)
                0x00000000c005a584                rtcIRQHandler(regs*, void*)
                0x00000000c005a662                RTC::RTC()
                0x00000000c005a662                RTC::RTC()
 *fill*         0x00000000c005a8e5        0x3 
 .text          0x00000000c005a8e8      0x590 arch/i386/vga.32
                0x00000000c005a8e8                HalConsoleScroll(int, int)
                0x00000000c005ac94                HalConsoleWriteCharacter(char, int, int, int, int)
                0x00000000c005adf0                HalConsoleCursorUpdate(int, int)
 .text          0x00000000c005ae78     0x30f7 fs/fat/vfslink.32
                0x00000000c005ae78                FAT::getName()
                0x00000000c005ae80                FAT::tell(void*, unsigned long long*)
                0x00000000c005af44                FAT::stat(void*, unsigned long long*)
                0x00000000c005b008                FAT::~FAT()
                0x00000000c005b008                FAT::~FAT()
                0x00000000c005b0ec                FAT::~FAT()
                0x00000000c005b114                FAT::getlabel(LogicalDisk*, int, char*, unsigned int*)
                0x00000000c005b498                FAT::setlabel(LogicalDisk*, int, char*)
                0x00000000c005b838                FAT::format(LogicalDisk*, int, char const*, int)
                0x00000000c005bd00                FAT::tryMount(LogicalDisk*, int)
                0x00000000c005c1e8                FAT::allocateSwapfile(char const*, int)
                0x00000000c005c708                FAT::readDir(void*, unsigned long, void*, int*)
                0x00000000c005c8a8                FAT::read(void*, unsigned long, void*, int*)
                0x00000000c005c938                FAT::write(void*, unsigned long, void*, int*)
                0x00000000c005c9c8                FAT::close(void*)
                0x00000000c005ca1c                FAT::closeDir(void*)
                0x00000000c005ca70                FAT::seek(void*, unsigned long long)
                0x00000000c005cac8                fatWrapperReadDisk
                0x00000000c005cbd0                fatWrapperWriteDisk
                0x00000000c005ccd8                fatWrapperIoctl
                0x00000000c005d258                FAT::FAT()
                0x00000000c005d258                FAT::FAT()
                0x00000000c005d420                FAT::fixFilepath(char*)
                0x00000000c005d5b4                FAT::open(char const*, void**, FileOpenMode)
                0x00000000c005d7b0                FAT::openDir(char const*, void**)
                0x00000000c005d8ec                FAT::stat(char const*, unsigned long long*, bool*)
                0x00000000c005da68                FAT::unlink(char const*)
                0x00000000c005db18                FAT::chfatattr(char const*, unsigned char, unsigned char)
                0x00000000c005dcf8                FAT::rename(char const*, char const*)
                0x00000000c005de20                FAT::mkdir(char const*)
                0x00000000c005ded0                FAT::exists(char const*)
 *fill*         0x00000000c005df6f        0x1 
 .text          0x00000000c005df70      0x198 fs/iso9660/helper.32
                0x00000000c005df70                isoReadDiscSectorHelper
                0x00000000c005e0d0                iso_kprintf
                0x00000000c005e0ec                iso_kprintfd
 .text          0x00000000c005e108     0x14a6 fs/iso9660/vfslink.32
                0x00000000c005e108                ISO9660::format(LogicalDisk*, int, char const*, int)
                0x00000000c005e10e                ISO9660::getName()
                0x00000000c005e114                ISO9660::chfatattr(char const*, unsigned char, unsigned char)
                0x00000000c005e11a                ISO9660::unlink(char const*)
                0x00000000c005e120                ISO9660::write(void*, unsigned long, void*, int*)
                0x00000000c005e126                ISO9660::rename(char const*, char const*)
                0x00000000c005e12c                ISO9660::mkdir(char const*)
                0x00000000c005e132                ISO9660::~ISO9660()
                0x00000000c005e132                ISO9660::~ISO9660()
                0x00000000c005e202                ISO9660::~ISO9660()
                0x00000000c005e22a                ISO9660::exists(char const*)
                0x00000000c005e23e                ISO9660::seek(void*, unsigned long long)
                0x00000000c005e280                ISO9660::close(void*)
                0x00000000c005e2b0                ISO9660::closeDir(void*)
                0x00000000c005e33c                ISO9660::read(void*, unsigned long, void*, int*)
                0x00000000c005e39e                ISO9660::tell(void*, unsigned long long*)
                0x00000000c005e406                ISO9660::stat(void*, unsigned long long*)
                0x00000000c005e472                ISO9660::readDir(void*, unsigned long, void*, int*)
                0x00000000c005e6c6                ISO9660::open(char const*, void**, FileOpenMode)
                0x00000000c005ea8e                ISO9660::stat(char const*, unsigned long long*, bool*)
                0x00000000c005eece                ISO9660::openDir(char const*, void**)
                0x00000000c005f332                readSectorFromCDROM(unsigned int, unsigned char*, char)
                0x00000000c005f452                ISO9660::tryMount(LogicalDisk*, int)
                0x00000000c005f4da                ISO9660::ISO9660()
                0x00000000c005f4da                ISO9660::ISO9660()
 .text          0x00000000c005f5ae      0xb96 hal/sound/sndcard.32
                0x00000000c005f5ae                SoundCard::beginPlayback()
                0x00000000c005f5bc                SoundCard::stopPlayback()
                0x00000000c005f5ca                SoundCard::SoundCard(char const*)
                0x00000000c005f5ca                SoundCard::SoundCard(char const*)
                0x00000000c005f952                SoundCard::~SoundCard()
                0x00000000c005f952                SoundCard::~SoundCard()
                0x00000000c005fa22                SoundCard::~SoundCard()
                0x00000000c005fa4c                SoundCard::configureRates(int, int, int)
                0x00000000c005fb4a                SoundCard::getSamples16(int, short*)
                0x00000000c005fcf2                SoundCard::getSamples32(int, int*)
                0x00000000c006000a                SoundCard::addChannel(SoundPort*)
                0x00000000c00600d4                SoundCard::removeChannel(int)
 .text          0x00000000c0060144     0x1c81 hal/sound/sndport.32
                0x00000000c0060144                SoundPort::SoundPort(int, int, int, int)
                0x00000000c0060144                SoundPort::SoundPort(int, int, int, int)
                0x00000000c00604e0                SoundPort::~SoundPort()
                0x00000000c00604e0                SoundPort::~SoundPort()
                0x00000000c0060628                SoundPort::unpause()
                0x00000000c0060678                SoundPort::pause()
                0x00000000c00606c8                SoundPort::getBufferUsed()
                0x00000000c0060714                SoundPort::getBufferSize()
                0x00000000c0060760                SoundPort::buffer16(short*, int)
                0x00000000c0060cd0                SoundPort::buffer32(int*, int)
                0x00000000c0061230                SoundPort::unbufferAndAdd16(int, short*, SoundCard*)
                0x00000000c0061788                SoundPort::unbufferAndAdd32(int, int*, SoundCard*)
 .text          0x00000000c0061dc5        0x0 hw/bus/isa.32
 *fill*         0x00000000c0061dc5        0x1 
 .text          0x00000000c0061dc6     0x243f hw/bus/pci.32
                0x00000000c0061dc6                PCI::close(int, int, void*)
                0x00000000c0061dca                PCI::open(int, int, void*)
                0x00000000c0061e8a                PCI::PCI()
                0x00000000c0061e8a                PCI::PCI()
                0x00000000c006225c                PCI::readBAR8(unsigned int, int)
                0x00000000c0062296                PCI::readBAR16(unsigned int, int)
                0x00000000c00622d6                PCI::readBAR32(unsigned int, int)
                0x00000000c0062314                PCI::writeBAR8(unsigned int, unsigned char, int)
                0x00000000c0062358                PCI::writeBAR16(unsigned int, unsigned short, int)
                0x00000000c006239a                PCI::writeBAR32(unsigned int, unsigned int, int)
                0x00000000c00623de                PCI::legacyMechanism(unsigned char, unsigned char, unsigned char, unsigned char)
                0x00000000c0062454                PCI::pciReadWord(unsigned char, unsigned char, unsigned char, unsigned char)
                0x00000000c006258c                PCI::getVendorID(unsigned char, unsigned char, unsigned char)
                0x00000000c00625e2                PCI::getHeaderType(unsigned char, unsigned char, unsigned char)
                0x00000000c006263a                PCI::getClassCode(unsigned char, unsigned char, unsigned char)
                0x00000000c00626ce                PCI::getProgIF(unsigned char, unsigned char, unsigned char)
                0x00000000c0062726                PCI::getRevisionID(unsigned char, unsigned char, unsigned char)
                0x00000000c006277c                PCI::getInterruptNumber(unsigned char, unsigned char, unsigned char)
                0x00000000c00627d2                PCI::getSecondaryBus(unsigned char, unsigned char, unsigned char)
                0x00000000c006282a                PCI::getBARAddress(unsigned char, unsigned char, unsigned char, unsigned char)
                0x00000000c00628dc                PCI::pciWriteWord(unsigned char, unsigned char, unsigned char, unsigned char, unsigned short)
                0x00000000c0062a48                PCI::pciDetailsToFilepath(PCIDeviceInfo, char*)
                0x00000000c00634ee                PCI::checkBus(unsigned char)
                0x00000000c006352e                PCI::foundDevice(PCIDeviceInfo)
                0x00000000c0063acc                PCI::getDeviceData(unsigned char, unsigned char, unsigned char)
                0x00000000c006404a                PCI::checkDevice(unsigned char, unsigned char)
                0x00000000c0064144                PCI::detect()
 *fill*         0x00000000c0064205        0x1 
 .text          0x00000000c0064206     0x33da hw/diskctrl/ide.32
                0x00000000c0064206                IDE::close(int, int, void*)
                0x00000000c006420a                IDE::IDE()
                0x00000000c006420a                IDE::IDE()
                0x00000000c0064332                IDE::prepareInterrupt(unsigned char)
                0x00000000c0064393                selectDrive(unsigned char, unsigned char)
                0x00000000c0064394                IDE::getBase(unsigned char)
                0x00000000c00643f6                IDE::write(unsigned char, unsigned char, unsigned char)
                0x00000000c00646cc                IDE::read(unsigned char, unsigned char)
                0x00000000c0064994                IDE::waitInterrupt(unsigned char)
                0x00000000c0064ab9                ideChannel0IRQHandler(regs*, void*)
                0x00000000c0064b28                ideChannel1IRQHandler(regs*, void*)
                0x00000000c0064b98                IDE::enableIRQs(unsigned char, bool)
                0x00000000c0064cae                IDE::open(int, int, void*)
                0x00000000c0066344                IDE::readBuffer(unsigned char, unsigned char, unsigned int, unsigned int)
                0x00000000c0066636                IDE::detect()
                0x00000000c006742a                IDE::printError(unsigned char, unsigned char, unsigned char)
                0x00000000c006755a                IDE::polling(unsigned char, unsigned int)
 .text          0x00000000c00675e0      0xf7b hw/diskctrl/satabus.32
                0x00000000c00675e0                SATABus::close(int, int, void*)
                0x00000000c00675e4                SATABus::detect()
                0x00000000c00675e6                SATABus::SATABus()
                0x00000000c00675e6                SATABus::SATABus()
                0x00000000c006785c                SATABus::findCmdslot(SATABus::tagHBA_PORT volatile*)
                0x00000000c0067950                SATABus::checkType(SATABus::tagHBA_PORT volatile*)
                0x00000000c00679ea                SATABus::startCmd(SATABus::tagHBA_PORT volatile*)
                0x00000000c0067a76                SATABus::stopCmd(SATABus::tagHBA_PORT volatile*)
                0x00000000c0067b24                SATABus::portRebase(SATABus::tagHBA_PORT volatile*, int)
                0x00000000c006815c                SATABus::probePort(SATABus::tagHBA_MEM volatile*)
                0x00000000c00684b0                SATABus::open(int, int, void*)
 *fill*         0x00000000c006855b        0x1 
 .text          0x00000000c006855c     0x195e hw/diskphys/ata.32
                0x00000000c006855c                ATA::powerSaving(PowerSavingLevel)
                0x00000000c006855e                ATA::close(int, int, void*)
                0x00000000c0068602                ATA::ATA()
                0x00000000c0068602                ATA::ATA()
                0x00000000c00686dc                ATA::flush(bool)
                0x00000000c006880a                ATA::readyForCommand()
                0x00000000c0068902                ATA::access(unsigned long long, int, void*, bool)
                0x00000000c00694ac                ATA::detectCHS()
                0x00000000c00695a6                ATA::open(int, int, void*)
                0x00000000c0069aad                combineCharAndColour(char, unsigned char)
                0x00000000c0069abe                combineColours(unsigned char, unsigned char)
                0x00000000c0069acc                ATA::read(unsigned long long, int, void*)
                0x00000000c0069cc2                ATA::write(unsigned long long, int, void*)
 .text          0x00000000c0069eba     0x1731 hw/diskphys/atapi.32
                0x00000000c0069eba                ATAPI::write(unsigned long long, int, void*)
                0x00000000c0069ec0                ATAPI::close(int, int, void*)
                0x00000000c0069f64                ATAPI::ATAPI()
                0x00000000c0069f64                ATAPI::ATAPI()
                0x00000000c006a03e                ATAPI::readyForCommand()
                0x00000000c006a13c                ATAPI::sendPacket(unsigned char*, int, bool, unsigned short*, int)
                0x00000000c006ac18                ATAPI::diskRemoved()
                0x00000000c006ad4e                ATAPI::eject()
                0x00000000c006adca                ATAPI::diskInserted()
                0x00000000c006ae16                ATAPI::detectMedia()
                0x00000000c006b00c                ATAPI::open(int, int, void*)
                0x00000000c006b4ae                ATAPI::read(unsigned long long, int, void*)
 *fill*         0x00000000c006b5eb        0x1 
 .text          0x00000000c006b5ec     0x131b hw/diskphys/sata.32
                0x00000000c006b5ec                SATA::powerSaving(PowerSavingLevel)
                0x00000000c006b5ee                SATA::close(int, int, void*)
                0x00000000c006b692                SATA::open(int, int, void*)
                0x00000000c006b8ec                SATA::SATA()
                0x00000000c006b8ec                SATA::SATA()
                0x00000000c006b9c6                SATA::access(unsigned long long, int, void*, bool)
                0x00000000c006c3d6                SATA::read(unsigned long long, int, void*)
                0x00000000c006c652                SATA::write(unsigned long long, int, void*)
 *fill*         0x00000000c006c907        0x1 
 .text          0x00000000c006c908     0x16c5 hw/diskphys/satapi.32
                0x00000000c006c908                SATAPI::write(unsigned long long, int, void*)
                0x00000000c006c90e                SATAPI::close(int, int, void*)
                0x00000000c006c9b2                SATAPI::SATAPI()
                0x00000000c006c9b2                SATAPI::SATAPI()
                0x00000000c006ca8c                SATAPI::diskRemoved()
                0x00000000c006ca8e                SATAPI::diskInserted()
                0x00000000c006cae6                SATAPI::sendPacket(unsigned char*, int, unsigned long long, unsigned short*, int)
                0x00000000c006d682                SATAPI::eject()
                0x00000000c006d73a                SATAPI::detectMedia()
                0x00000000c006d9da                SATAPI::open(int, int, void*)
                0x00000000c006dd42                SATAPI::read(unsigned long long, int, void*)
 *fill*         0x00000000c006dfcd        0x1 
 .text          0x00000000c006dfce     0x128b hw/intctrl/apic.32
                0x00000000c006dfce                IOAPIC::close(int, int, void*)
                0x00000000c006dfd4                apicGetBase()
                0x00000000c006e082                IOAPIC::IOAPIC()
                0x00000000c006e082                IOAPIC::IOAPIC()
                0x00000000c006e156                apicOpen()
                0x00000000c006e74e                IOAPIC::handlesGSIWithNumber(unsigned int)
                0x00000000c006e860                IOAPIC::read(int)
                0x00000000c006e934                IOAPIC::open(int, int, void*)
                0x00000000c006ef60                IOAPIC::write(int, int)
                0x00000000c006f03c                IOAPIC::redirect(unsigned char, unsigned long long, unsigned char, bool, bool)
 *fill*         0x00000000c006f259        0x3 
 .text          0x00000000c006f25c      0x45c hw/timer/apictimer.32
                0x00000000c006f25c                APICTimer::close(int, int, void*)
                0x00000000c006f264                apicTimerHandler(regs*, void*)
                0x00000000c006f2d0                APICTimer::open(int, int, void*)
                0x00000000c006f558                APICTimer::write(int)
                0x00000000c006f5d0                APICTimer::APICTimer()
                0x00000000c006f5d0                APICTimer::APICTimer()
 .text          0x00000000c006f6b8      0x741 hw/timer/pit.32
                0x00000000c006f6b8                PIT::write(int)
                0x00000000c006f7b4                pitHandler(regs*, void*)
                0x00000000c006f804                PIT::open(int, int, void*)
                0x00000000c006f97c                PIT::close(int, int, void*)
                0x00000000c006fa48                PIT::PIT()
                0x00000000c006fa48                PIT::PIT()
 *fill*         0x00000000c006fdf9        0x7 
 .text          0x00000000c006fe00       0x83 arch/i386/avx.32
                0x00000000c006fe00                avxDetect
                0x00000000c006fe2a                avxSave
                0x00000000c006fe3b                avxLoad
                0x00000000c006fe4c                avxInit
                0x00000000c006fe6e                avxClose
                0x00000000c006fe6f                wouldSheSayYes
 *fill*         0x00000000c006fe83        0xd 
 .text          0x00000000c006fe90      0x2ec arch/i386/interrupt.32
                0x00000000c006fe90                isr0
                0x00000000c006fea0                isr1
                0x00000000c006feaa                isr2
                0x00000000c006feb4                isr3
                0x00000000c006febe                isr4
                0x00000000c006fec8                isr5
                0x00000000c006fed2                isr6
                0x00000000c006fedc                isr7
                0x00000000c006fee6                isr8
                0x00000000c006feee                isr9
                0x00000000c006fef8                isr10
                0x00000000c006ff00                isr11
                0x00000000c006ff08                isr12
                0x00000000c006ff10                isr13
                0x00000000c006ff2a                isr14
                0x00000000c006ff32                isr15
                0x00000000c006ff3c                isr16
                0x00000000c006ff46                isr17
                0x00000000c006ff50                isr18
                0x00000000c006ff5a                irq3
                0x00000000c006ff64                irq4
                0x00000000c006ff6e                irq5
                0x00000000c006ff78                irq6
                0x00000000c006ff82                irq7
                0x00000000c006ff8c                irq8
                0x00000000c006ff96                irq9
                0x00000000c006ffa0                irq10
                0x00000000c006ffaa                irq11
                0x00000000c006ffb4                irq12
                0x00000000c006ffbe                irq13
                0x00000000c006ffc8                irq14
                0x00000000c006ffd2                irq15
                0x00000000c006ffdc                irq1
                0x00000000c006ffe3                irq2
                0x00000000c006ffea                isr96
                0x00000000c006fff1                irq0
                0x00000000c006fff6                int_common_stub
                0x00000000c0070028                syscall_common_stub
                0x00000000c007012c                irq16
                0x00000000c0070136                irq17
                0x00000000c0070140                irq18
                0x00000000c007014a                irq19
                0x00000000c0070154                irq20
                0x00000000c007015e                irq21
                0x00000000c0070168                irq22
                0x00000000c0070172                irq23
 *fill*         0x00000000c007017c        0x4 
 .text          0x00000000c0070180       0x10 arch/i386/rdrand.32
                0x00000000c0070180                i386GetRDRAND
 .text          0x00000000c0070190       0x39 arch/i386/sse.32
                0x00000000c0070190                absolutelyNoChanceInHell
                0x00000000c0070190                sseDetect
                0x00000000c00701a8                sseSave
                0x00000000c00701b0                sseLoad
                0x00000000c00701b8                sseInit
                0x00000000c00701c8                sseClose
 *fill*         0x00000000c00701c9        0x7 
 .text          0x00000000c00701d0       0x49 arch/i386/x87.32
                0x00000000c00701d6                x87Detect
                0x00000000c00701f1                x87Save
                0x00000000c00701f8                x87Load
                0x00000000c00701ff                x87Init
                0x00000000c0070218                x87Close
 *fill*         0x00000000c0070219        0x3 
 .text          0x00000000c007021c       0x25 /cygdrive/d/Users/Alex/Desktop/Toolchain/Output/bin/../lib/gcc/i386-banana/8.1.0/crtend.o
 .text          0x00000000c0070241        0x0 crtn.32
 *fill*         0x00000000c0070241        0x3 
 .text          0x00000000c0070244      0x14b /cygdrive/d/Users/Alex/Desktop/Toolchain/Output/bin/../lib/gcc/i386-banana/8.1.0/libkgcc.a(_divdi3.o)