Archive member included to satisfy reference by file (symbol)

/cygdrive/d/Users/Alex/Desktop/Toolchain/Output/bin/../lib/gcc/i386-banana/8.1.0/libkgcc.a(_divdi3.o)
                              fs/fat/ff.32 (__divdi3)
/cygdrive/d/Users/Alex/Desktop/Toolchain/Output/bin/../lib/gcc/i386-banana/8.1.0/libkgcc.a(_moddi3.o)
                              compat/resolve.32 (__moddi3)
/cygdrive/d/Users/Alex/Desktop/Toolchain/Output/bin/../lib/gcc/i386-banana/8.1.0/libkgcc.a(_udivdi3.o)
                              fs/fat/ff.32 (__udivdi3)
/cygdrive/d/Users/Alex/Desktop/Toolchain/Output/bin/../lib/gcc/i386-banana/8.1.0/libkgcc.a(_umoddi3.o)
                              compat/resolve.32 (__umoddi3)
D:/Users/Alex/Desktop/Banana/kernel/libsoftfp.a(sfieeelib.o)
                              hal/libresample/src_linear.32 (__subsf3)
D:/Users/Alex/Desktop/Banana/kernel/libsoftfp.a(dfieeelib.o)
                              hal/libresample/src_linear.32 (__adddf3)
D:/Users/Alex/Desktop/Banana/kernel/libsoftfp.a(sfdfcvt.o)
                              hal/libresample/samplerate.32 (__truncdfsf2)
D:/Users/Alex/Desktop/Banana/kernel/libk/libm32.a(s_fabs.c.o)
                              hal/libresample/samplerate.32 (fabs)
D:/Users/Alex/Desktop/Banana/kernel/libk/libm32.a(s_lrint.S.o)
                              hal/libresample/samplerate.32 (lrint)
D:/Users/Alex/Desktop/Banana/kernel/libk/libm32.a(s_lrintf.S.o)
                              hal/sound/sndhw.32 (lrintf)

Discarded input sections

 .comment       0x0000000000000000       0x12 /cygdrive/d/Users/Alex/Desktop/Toolchain/Output/bin/../lib/gcc/i386-banana/8.1.0/crtbegin.o
 .comment       0x0000000000000000       0x12 acpica/utclib.32
 .comment       0x0000000000000000       0x12 core/malloc.32
 .comment       0x0000000000000000       0x12 libk/string.32
 .comment       0x0000000000000000       0x12 fs/fat/diskio.32
 .comment       0x0000000000000000       0x12 fs/fat/ff.32
 .comment       0x0000000000000000       0x12 fs/fat/ffsystem.32
 .comment       0x0000000000000000       0x12 fs/fat/ffunicode.32
 .comment       0x0000000000000000       0x12 hal/libresample/samplerate.32
 .comment       0x0000000000000000       0x12 hal/libresample/src_linear.32
 .comment       0x0000000000000000       0x12 hal/libresample/src_sinc.32
 .comment       0x0000000000000000       0x12 hal/libresample/src_zoh.32
 .comment       0x0000000000000000       0x12 compat/inlines.32
 .comment       0x0000000000000000       0x12 compat/resolve.32
 .group         0x0000000000000000       0x14 core/computer.32
 .group         0x0000000000000000        0xc core/computer.32
 .comment       0x0000000000000000       0x12 core/computer.32
 .comment       0x0000000000000000       0x12 core/gdt.32
 .group         0x0000000000000000        0xc core/idle.32
 .comment       0x0000000000000000       0x12 core/idle.32
 .comment       0x0000000000000000       0x12 core/idt.32
 .comment       0x0000000000000000       0x12 core/kheap.32
 .comment       0x0000000000000000       0x12 core/main.32
 .comment       0x0000000000000000       0x12 core/physmgr.32
 .group         0x0000000000000000        0xc core/pipe.32
 .comment       0x0000000000000000       0x12 core/pipe.32
 .group         0x0000000000000000        0xc core/terminal.32
 .comment       0x0000000000000000       0x12 core/terminal.32
 .comment       0x0000000000000000       0x12 core/tss.32
 .group         0x0000000000000000        0x8 core/unixfile.32
 .group         0x0000000000000000        0xc core/unixfile.32
 .group         0x0000000000000000        0xc core/unixfile.32
 .group         0x0000000000000000        0x8 core/unixfile.32
 .group         0x0000000000000000        0xc core/unixfile.32
 .group         0x0000000000000000        0x8 core/unixfile.32
 .group         0x0000000000000000        0xc core/unixfile.32
 .group         0x0000000000000000        0xc core/unixfile.32
 .comment       0x0000000000000000       0x12 core/unixfile.32
 .comment       0x0000000000000000       0x12 core/virtmgr.32
 .comment       0x0000000000000000       0x12 coreobjs/c++.32
 .comment       0x0000000000000000       0x12 dbg/kconsole.32
 .group         0x0000000000000000        0xc fs/vfs.32
 .group         0x0000000000000000        0xc fs/vfs.32
 .group         0x0000000000000000        0xc fs/vfs.32
 .comment       0x0000000000000000       0x12 fs/vfs.32
 .group         0x0000000000000000        0xc hal/bus.32
 .comment       0x0000000000000000       0x12 hal/bus.32
 .group         0x0000000000000000        0xc hal/buzzer.32
 .comment       0x0000000000000000       0x12 hal/buzzer.32
 .group         0x0000000000000000        0xc hal/clock.32
 .comment       0x0000000000000000       0x12 hal/clock.32
 .group         0x0000000000000000       0x14 hal/device.32
 .group         0x0000000000000000        0xc hal/device.32
 .group         0x0000000000000000        0xc hal/device.32
 .group         0x0000000000000000        0xc hal/device.32
[...]
Memory Configuration

Name             Origin             Length             Attributes
*default*        0x0000000000000000 0xffffffffffffffff

Linker script and memory map

LOAD D:/Users/Alex/Desktop/Banana/kernel/boot.32
LOAD crti.32
LOAD /cygdrive/d/Users/Alex/Desktop/Toolchain/Output/bin/../lib/gcc/i386-banana/8.1.0/crtbegin.o
LOAD D:/Users/Alex/Desktop/Banana/kernel/morenasm.32
LOAD acpica/utclib.32
LOAD core/malloc.32
LOAD libk/string.32
LOAD fs/fat/diskio.32
LOAD fs/fat/ff.32
LOAD fs/fat/ffsystem.32
LOAD fs/fat/ffunicode.32
LOAD hal/libresample/samplerate.32
LOAD hal/libresample/src_linear.32
LOAD hal/libresample/src_sinc.32
LOAD hal/libresample/src_zoh.32
LOAD compat/inlines.32
LOAD compat/resolve.32
LOAD core/computer.32
LOAD core/gdt.32
LOAD core/idle.32
LOAD core/idt.32
LOAD core/kheap.32
LOAD core/main.32
LOAD core/physmgr.32
LOAD core/pipe.32
LOAD core/terminal.32
LOAD core/tss.32
LOAD core/unixfile.32
LOAD core/virtmgr.32
LOAD coreobjs/c++.32
LOAD dbg/kconsole.32
LOAD fs/vfs.32
LOAD hal/bus.32
LOAD hal/buzzer.32
LOAD hal/clock.32
LOAD hal/device.32
LOAD hal/diskctrl.32
LOAD hal/diskphys.32
LOAD hal/fpu.32
LOAD hal/intctrl.32
LOAD hal/keybrd.32
LOAD hal/logidisk.32
LOAD hal/mouse.32
LOAD hal/partition.32
LOAD hal/serial.32
LOAD hal/timer.32
LOAD hal/vcache.32
LOAD hal/video.32
LOAD hw/acpi.32
LOAD hw/cpu.32
LOAD hw/ports.32
LOAD hw/smp.32
LOAD krnl/env.32
LOAD krnl/panic.32
LOAD net/ethernet.32
LOAD reg/registry.32
LOAD sys/sc_eject.32
LOAD sys/sc_exit.32
LOAD sys/sc_getcwd.32
LOAD sys/sc_getpid.32
LOAD sys/sc_getramdata.32
LOAD sys/sc_getvgaptr.32
LOAD sys/sc_loaddll.32
LOAD sys/sc_read.32
LOAD sys/sc_sbrk.32
LOAD sys/sc_setcwd.32
LOAD sys/sc_settime.32
LOAD sys/sc_timezone.32
LOAD sys/sc_write.32
LOAD sys/sc_wsbe.32
LOAD sys/sc_yield.32
LOAD sys/syscalls.32
LOAD thr/elf.32
LOAD thr/prcssthr.32
LOAD vm86/vm8086.32
LOAD vm86/x87em.32
LOAD fs/fat/vfslink.32
LOAD fs/iso9660/vfslink.32
LOAD hal/sound/sndchannel.32
LOAD hal/sound/sndhw.32
LOAD hw/bus/isa.32
LOAD hw/bus/pci.32
LOAD hw/diskctrl/ide.32
LOAD hw/diskctrl/satabus.32
LOAD hw/diskphys/ata.32
LOAD hw/diskphys/atapi.32
LOAD hw/diskphys/sata.32
LOAD hw/diskphys/satapi.32
LOAD hw/fpu/avx.32
LOAD hw/fpu/mmx.32
LOAD hw/fpu/sse.32
LOAD hw/fpu/x87.32
LOAD hw/intctrl/apic.32
LOAD hw/intctrl/pic.32
LOAD hw/timer/apictimer.32
LOAD hw/timer/pit.32
LOAD hw/fpu/x86/avx.32
LOAD hw/fpu/x86/sse.32
LOAD hw/fpu/x86/x87.32
LOAD /cygdrive/d/Users/Alex/Desktop/Toolchain/Output/bin/../lib/gcc/i386-banana/8.1.0/crtend.o
LOAD crtn.32
LOAD /cygdrive/d/Users/Alex/Desktop/Toolchain/Output/bin/../lib/gcc/i386-banana/8.1.0/libkgcc.a
LOAD D:/Users/Alex/Desktop/Banana/kernel/libsoftfp.a
LOAD D:/Users/Alex/Desktop/Banana/kernel/libk/libm32.a
                0x00000000c0000000                . = 0xc0000000

.text           0x00000000c0000000    0x28ec8
 *(.text)
 .text          0x00000000c0000000       0x41 D:/Users/Alex/Desktop/Banana/kernel/boot.32
                0x00000000c0000020                callGlobalConstructors
 .text          0x00000000c0000041        0x0 crti.32
 *fill*         0x00000000c0000041        0x3 
 .text          0x00000000c0000044      0x101 /cygdrive/d/Users/Alex/Desktop/Toolchain/Output/bin/../lib/gcc/i386-banana/8.1.0/crtbegin.o
 *fill*         0x00000000c0000145        0xb 
 .text          0x00000000c0000150      0x4fb D:/Users/Alex/Desktop/Banana/kernel/morenasm.32
                0x00000000c0000150                manualPCIProbe
                0x00000000c000019b                prepareTramp
                0x00000000c00001b4                voodooXADD
                0x00000000c000027f                doTPAUSE
                0x00000000c0000289                hasLegacyFPU
                0x00000000c00002ae                is486
                0x00000000c00002e4                detectCPUID
                0x00000000c00002fa                goToVM86
                0x00000000c000032a                goToUsermode
                0x00000000c0000354                switchToThreadASMFirstTime
                0x00000000c0000362                switchToThreadASM
                0x00000000c00003f2                asmQuickAcquireLock
                0x00000000c0000410                asmQuickReleaseLock
                0x00000000c000041c                asmAcquireLock
                0x00000000c000043d                asmReleaseLock
                0x00000000c0000450                loadGDT
                0x00000000c0000470                isr0
                0x00000000c0000480                isr1
                0x00000000c000048a                isr2
                0x00000000c0000494                isr3
                0x00000000c000049e                isr4
                0x00000000c00004a8                isr5
                0x00000000c00004b2                isr6
                0x00000000c00004bc                isr7
                0x00000000c00004c6                isr8
                0x00000000c00004ce                isr9
                0x00000000c00004d8                isr10
                0x00000000c00004e0                isr11
                0x00000000c00004e8                isr12
                0x00000000c00004f0                isr13
                0x00000000c00004f8                isr14
                0x00000000c0000500                isr15
                0x00000000c000050a                isr16
                0x00000000c0000514                isr17
                0x00000000c000051e                isr18
                0x00000000c0000528                irq3
                0x00000000c0000532                irq4
                0x00000000c000053c                irq5
                0x00000000c0000546                irq6
                0x00000000c0000550                irq7
                0x00000000c000055a                irq8
                0x00000000c0000564                irq9
                0x00000000c000056e                irq10
                0x00000000c0000578                irq11
                0x00000000c0000582                irq12
                0x00000000c000058c                irq13
                0x00000000c0000596                irq14
                0x00000000c00005a0                irq15
                0x00000000c00005aa                irq1
                0x00000000c00005b1                irq2
                0x00000000c00005b8                isr96
                0x00000000c00005bf                irq0
                0x00000000c00005c4                syscall_common_stub
                0x00000000c00005c4                int_common_stub
                0x00000000c00005f6                irq16
                0x00000000c0000600                irq17
                0x00000000c000060a                irq18
                0x00000000c0000614                irq19
                0x00000000c000061e                irq20
                0x00000000c0000628                irq21
                0x00000000c0000632                irq22
                0x00000000c000063c                irq23
                0x00000000c0000646                memcpy
 *fill*         0x00000000c000064b        0x1 
 .text          0x00000000c000064c      0x5dd acpica/utclib.32
                0x00000000c000064c                memcmp
                0x00000000c0000688                memmove
                0x00000000c0000750                memset
                0x00000000c000076c                strlen
                0x00000000c0000784                strpbrk
                0x00000000c00007c0                strtok
                0x00000000c000080c                strcpy
                0x00000000c0000830                strncpy
                0x00000000c0000898                strcmp
                0x00000000c00008d8                strchr
                0x00000000c00008fc                strncmp
                0x00000000c000094c                strcat
                0x00000000c000097c                strncat
                0x00000000c00009b8                strstr
                0x00000000c0000a00                toupper
                0x00000000c0000a14                tolower
                0x00000000c0000a28                simple_strtoul
 .text          0x00000000c0000c29      0xfad core/malloc.32
                0x00000000c0000d94                dlfree
                0x00000000c00010ef                dlmalloc
                0x00000000c000162c                dlrealloc
                0x00000000c00017cf                dlmemalign
                0x00000000c00018f2                dlcalloc
                0x00000000c000198c                dlcfree
                0x00000000c0001991                dlindependent_calloc
                0x00000000c00019b6                dlindependent_comalloc
                0x00000000c00019cd                dlvalloc
                0x00000000c00019f8                dlpvalloc
                0x00000000c0001a2e                dlmalloc_trim
                0x00000000c0001a3b                dlmalloc_usable_size
                0x00000000c0001a6c                dlmallinfo
                0x00000000c0001b3b                dlmalloc_stats
                0x00000000c0001b4c                dlmallopt
 .text          0x00000000c0001bd6        0x0 libk/string.32
 .text          0x00000000c0001bd6       0x51 fs/fat/diskio.32
                0x00000000c0001bd6                disk_status
                0x00000000c0001bd9                disk_initialize
                0x00000000c0001bdc                disk_read
                0x00000000c0001bf2                disk_write
                0x00000000c0001c08                disk_ioctl
 .text          0x00000000c0001c27     0x6833 fs/fat/ff.32
                0x00000000c0004ef5                f_mount
                0x00000000c0004f57                f_open
                0x00000000c0005393                f_read
                0x00000000c0005613                f_write
                0x00000000c00058cd                f_sync
                0x00000000c0005aa9                f_close
                0x00000000c0005ad8                f_lseek
                0x00000000c0005f8f                f_opendir
                0x00000000c0006091                f_closedir
                0x00000000c00060b3                f_readdir
                0x00000000c000614e                f_stat
                0x00000000c00061dd                f_getfree
                0x00000000c00063a8                f_truncate
                0x00000000c00064a0                f_unlink
                0x00000000c0006623                f_mkdir
                0x00000000c000684f                f_rename
                0x00000000c0006b42                f_chmod
                0x00000000c0006c20                f_utime
                0x00000000c0006cfe                f_getlabel
                0x00000000c0006eec                f_setlabel
                0x00000000c0007159                f_forward
                0x00000000c0007337                f_mkfs
 .text          0x00000000c000845a       0x2d fs/fat/ffsystem.32
                0x00000000c000845a                ff_memalloc
                0x00000000c0008470                ff_memfree
 .text          0x00000000c0008487      0x253 fs/fat/ffunicode.32
                0x00000000c0008487                ff_uni2oem
                0x00000000c0008517                ff_oem2uni
                0x00000000c0008583                ff_wtoupper
 .text          0x00000000c00086da      0x8fb hal/libresample/samplerate.32
                0x00000000c000871e                src_delete
                0x00000000c000875a                src_process
                0x00000000c0008910                src_callback_read
                0x00000000c0008a8d                src_set_ratio
                0x00000000c0008af7                src_get_channels
                0x00000000c0008b19                src_reset
                0x00000000c0008b65                src_new
                0x00000000c0008bf3                src_callback_new
                0x00000000c0008c55                src_get_name
                0x00000000c0008c8c                src_get_description
                0x00000000c0008cc3                src_get_version
                0x00000000c0008cc9                src_is_valid_ratio
                0x00000000c0008d1d                src_error
                0x00000000c0008d2b                src_strerror
                0x00000000c0008d3e                src_simple
                0x00000000c0008d91                src_short_to_float_array
                0x00000000c0008df6                src_float_to_short_array
                0x00000000c0008eb5                src_int_to_float_array
                0x00000000c0008f18                src_float_to_int_array
 .text          0x00000000c0008fd5      0x8cb hal/libresample/src_linear.32
                0x00000000c00097fb                linear_get_name
                0x00000000c000980a                linear_get_description
                0x00000000c0009819                linear_set_converter
 .text          0x00000000c00098a0     0x447c hal/libresample/src_sinc.32
                0x00000000c000dc33                sinc_get_name
                0x00000000c000dc46                sinc_get_description
                0x00000000c000dc59                sinc_set_converter
 .text          0x00000000c000dd1c      0x77c hal/libresample/src_zoh.32
                0x00000000c000e3f3                zoh_get_name
                0x00000000c000e402                zoh_get_description
                0x00000000c000e411                zoh_set_converter
 .text          0x00000000c000e498       0xa7 compat/inlines.32
                0x00000000c000e498                CPU::current()
                0x00000000c000e4a4                operator new(unsigned long)
                0x00000000c000e4a9                operator delete(void*)
                0x00000000c000e4ae                disableIRQs()
                0x00000000c000e4b6                enableIRQs()
                0x00000000c000e4c5                lockScheduler()
                0x00000000c000e4cd                unlockScheduler()
                0x00000000c000e4dc                lockStuff()
                0x00000000c000e4ea                unlockStuff()
                0x00000000c000e524                Virt::getAKernelVAS()
                0x00000000c000e52a                __not_memcpy
 .text          0x00000000c000e53f      0x111 compat/resolve.32
                0x00000000c000e53f                Krnl::resolveCompatibilitySymbol(char*)
 .text          0x00000000c000e650      0xa17 core/computer.32
                0x00000000c000e650                Computer::close(int, int, void*)
                0x00000000c000e694                Krnl::firstTask()
                0x00000000c000e784                Computer::Computer()
                0x00000000c000e784                Computer::Computer()
                0x00000000c000e8e0                Computer::setBootMessage(char const*)
                0x00000000c000e8e2                Computer::detectFeatures()
                0x00000000c000eaec                Computer::displayFeatures()
                0x00000000c000ee32                Computer::rdmsr(unsigned int)
                0x00000000c000ee5e                Computer::wrmsr(unsigned int, unsigned long long)
                0x00000000c000ee96                Computer::nmiEnabled()
                0x00000000c000eea2                Computer::readCMOS(unsigned char)
                0x00000000c000eebc                Computer::enableNMI(bool)
                0x00000000c000eed4                Computer::open(int, int, void*)
                0x00000000c000efaa                Computer::disableNMI()
                0x00000000c000efb8                Computer::writeCMOS(unsigned char, unsigned char)
                0x00000000c000efd6                Computer::handleNMI()
                0x00000000c000f03c                Computer::setDiskActivityLight(int, bool)
 *fill*         0x00000000c000f067        0x1 
 .text          0x00000000c000f068      0x1b7 core/gdt.32
                0x00000000c000f068                GDTEntry::setBase(unsigned int)
                0x00000000c000f084                GDTEntry::setLimit(unsigned int)
                0x00000000c000f0a2                GDT::GDT()
                0x00000000c000f0a2                GDT::GDT()
                0x00000000c000f0b8                GDT::addEntry(GDTEntry)
                0x00000000c000f0f4                GDT::getNumberOfEntries()
                0x00000000c000f0fc                GDT::flush()
                0x00000000c000f11e                GDT::setup()
 .text          0x00000000c000f21f       0x6b core/idle.32
                0x00000000c000f21f                idleFunction(void*)
 .text          0x00000000c000f28a      0x45e core/idt.32
                0x00000000c000f28a                IDTEntry::IDTEntry(bool)
                0x00000000c000f28a                IDTEntry::IDTEntry(bool)
                0x00000000c000f2f8                IDTEntry::setOffset(unsigned int)
                0x00000000c000f30c                IDT::IDT()
                0x00000000c000f30c                IDT::IDT()
                0x00000000c000f30e                IDT::getPointerToInvalidOpcodeEntryForF00F()
                0x00000000c000f316                IDT::addEntry(IDTEntry, int)
                0x00000000c000f330                IDT::addEntry(int, void (*)(), bool)
                0x00000000c000f368                IDT::flush()
                0x00000000c000f382                IDT::setup()
 .text          0x00000000c000f6e8      0x1fe core/kheap.32
                0x00000000c000f6e8                sbrk
                0x00000000c000f7f5                mmap
                0x00000000c000f80b                munmap
                0x00000000c000f821                liballoc_lock()
                0x00000000c000f82e                liballoc_unlock()
                0x00000000c000f842                liballoc_alloc(int)
                0x00000000c000f85d                liballoc_free(void*, int)
                0x00000000c000f878                realloc
                0x00000000c000f88c                malloc
                0x00000000c000f89c                free
                0x00000000c000f8ac                rfree
                0x00000000c000f8bc                calloc
 .text          0x00000000c000f8e6      0x13e core/main.32
                0x00000000c000f8e6                kernel_main
 .text          0x00000000c000fa24      0x50d core/physmgr.32
                0x00000000c000fa24                Phys::allocateDMA(unsigned long)
                0x00000000c000fac7                Phys::freeDMA(unsigned long, unsigned long)
                0x00000000c000fb0f                Phys::setPageState(unsigned long, bool)
                0x00000000c000fb41                Phys::getPageState(unsigned long)
                0x00000000c000fb5d                Phys::freePage(unsigned long)
                0x00000000c000fbb8                Phys::allocatePage()
                0x00000000c000fc6d                Phys::allocateContiguousPages(int)
                0x00000000c000fcc9                Phys::allowSegmentToBeUsed(unsigned long, unsigned long)
                0x00000000c000fd01                Phys::physicalMemorySetup(unsigned int)
 *fill*         0x00000000c000ff31        0x1 
 .text          0x00000000c000ff32      0x273 core/pipe.32
                0x00000000c000ff32                Pipe::isAtty()
                0x00000000c000ff36                Pipe::~Pipe()
                0x00000000c000ff36                Pipe::~Pipe()
                0x00000000c000ff5a                Pipe::~Pipe()
                0x00000000c000ff82                Pipe::read(unsigned long long, void*, int*)
                0x00000000c001007e                Pipe::write(unsigned long long, void*, int*)
                0x00000000c001013e                Pipe::Pipe(int)
                0x00000000c001013e                Pipe::Pipe(int)
 *fill*         0x00000000c00101a5        0x1 
 .text          0x00000000c00101a6      0xc7b core/terminal.32
                0x00000000c00101a6                VgaText::isAtty()
                0x00000000c00101aa                VgaText::~VgaText()
                0x00000000c00101aa                VgaText::~VgaText()
                0x00000000c00101ce                VgaText::~VgaText()
                0x00000000c00101f8                VgaText::read(unsigned long long, void*, int*)
                0x00000000c0010218                setTerminalScrollLock(bool)
                0x00000000c0010219                addToTerminalCycle(VgaText*)
                0x00000000c001023a                installVgaTextImplementation()
                0x00000000c001024f                scrollTerminalScrollLock(int)
                0x00000000c0010250                VgaText::updateTitle()
                0x00000000c001028e                VgaText::load()
                0x00000000c00102dc                VgaText::updateCursor()
                0x00000000c00102f2                VgaText::showCursor(bool)
                0x00000000c00102fe                VgaText::disableBlink(bool)
                0x00000000c0010332                VgaText::doANSI_SGR(int)
                0x00000000c00103a6                VgaText::setDefaultBgColour(VgaColour)
                0x00000000c00103b6                VgaText::setDefaultFgColour(VgaColour)
                0x00000000c00103c6                VgaText::setDefaultColours(VgaColour, VgaColour)
                0x00000000c00103e6                VgaText::setTitleTextColour(VgaColour)
                0x00000000c00103f6                VgaText::setTitleColour(VgaColour)
                0x00000000c0010406                VgaText::setTitle(char*)
                0x00000000c001042c                VgaText::combineColours(unsigned char, unsigned char)
                0x00000000c001043e                VgaText::scrollScreen()
                0x00000000c00104d2                VgaText::combineCharAndColour(char, unsigned char)
                0x00000000c00104e4                VgaText::writeCharacter(char, VgaColour, VgaColour, int, int)
                0x00000000c0010540                VgaText::getCursorX()
                0x00000000c0010548                VgaText::getCursorY()
                0x00000000c0010550                VgaText::setCursor(int, int)
                0x00000000c0010568                VgaText::setCursorX(int)
                0x00000000c0010580                VgaText::setCursorY(int)
                0x00000000c0010598                VgaText::incrementCursor(bool)
                0x00000000c00105ec                VgaText::decrementCursor(bool)
                0x00000000c001060e                VgaText::putchar(char, VgaColour, VgaColour)
                0x00000000c00106e6                VgaText::isShowingCursor()
                0x00000000c00106ee                VgaText::isBlinkDisabled()
                0x00000000c00106fa                VgaText::setCursorHeight(int)
                0x00000000c0010712                VgaText::getCursorHeight()
                0x00000000c001071a                setActiveTerminal(VgaText*)
                0x00000000c00107c0                doTerminalCycle()
                0x00000000c00107da                VgaText::doUpdate()
                0x00000000c00107e8                VgaText::puts(char const*, VgaColour, VgaColour)
                0x00000000c0010960                VgaText::clearScreen()
                0x00000000c00109ba                VgaText::putchar(char)
                0x00000000c0010aa6                VgaText::putx(unsigned int)
                0x00000000c0010aec                VgaText::puts(char const*)
                0x00000000c0010b12                VgaText::VgaText(char const*)
                0x00000000c0010b12                VgaText::VgaText(char const*)
                0x00000000c0010cc0                VgaText::receiveKey(unsigned char)
                0x00000000c0010da8                VgaText::write(unsigned long long, void*, int*)
                0x00000000c0010dfc                newTerminal(char*)
 *fill*         0x00000000c0010e21        0x1 
 .text          0x00000000c0010e22      0x1b3 core/tss.32
                0x00000000c0010e22                TSS::TSS()
                0x00000000c0010e22                TSS::TSS()
                0x00000000c0010e30                TSS::setESP(unsigned long)
                0x00000000c0010e42                TSS::flush()
                0x00000000c0010e62                TSS::setup(unsigned long, unsigned long)
 *fill*         0x00000000c0010fd5        0x1 
 .text          0x00000000c0010fd6      0x4c2 core/unixfile.32
                0x00000000c0010fd6                ReservedFilename::read(unsigned long long, void*, int*)
                0x00000000c001102c                ReservedFilename::isAtty()
                0x00000000c0011048                ReservedFilename::write(unsigned long long, void*, int*)
                0x00000000c00110a6                UnixFile::getFileDescriptor()
                0x00000000c00110ae                UnixFile::UnixFile(int)
                0x00000000c00110ae                UnixFile::UnixFile(int)
                0x00000000c001125e                ReservedFilename::ReservedFilename(int)
                0x00000000c001125e                ReservedFilename::ReservedFilename(int)
                0x00000000c0011290                UnixFile::~UnixFile()
                0x00000000c0011290                UnixFile::~UnixFile()
                0x00000000c0011328                UnixFile::~UnixFile()
                0x00000000c0011350                ReservedFilename::~ReservedFilename()
                0x00000000c0011350                ReservedFilename::~ReservedFilename()
                0x00000000c0011374                ReservedFilename::~ReservedFilename()
                0x00000000c001139b                getFromFileDescriptor(int)
 .text          0x00000000c0011498     0x12f9 core/virtmgr.32
                0x00000000c0011498                Virt::setPageState(unsigned long, Virt::VirtPageState)
                0x00000000c00114cd                Virt::getPageState(unsigned long)
                0x00000000c00114f1                Virt::allocateKernelVirtualPages(int)
                0x00000000c0011602                Virt::freeSwapfilePage(unsigned long)
                0x00000000c0011620                Virt::swapIDToSector(unsigned long)
                0x00000000c0011632                Virt::allocateSwapfilePage()
                0x00000000c00116b0                Virt::virtualMemorySetup()
                0x00000000c001172f                Virt::setupPageSwapping(int)
                0x00000000c00118fc                VAS::VAS()
                0x00000000c00118fc                VAS::VAS()
                0x00000000c0011938                VAS::VAS(VAS*)
                0x00000000c0011938                VAS::VAS(VAS*)
                0x00000000c0011966                VAS::getForeignPageTableEntry(bool, unsigned long)
                0x00000000c0011992                VAS::getPageTableEntry(unsigned long)
                0x00000000c00119b1                Virt::freeKernelVirtualPages(unsigned long)
                0x00000000c0011ad4                VAS::freeAllocatedPages(unsigned long)
                0x00000000c0011af8                VAS::virtualToPhysical(unsigned long)
                0x00000000c0011b10                VAS::reflagRange(unsigned long, int, int, int)
                0x00000000c0011b50                VAS::setToWriteCombining(unsigned long, int)
                0x00000000c0011b82                VAS::mapOtherVASIn(bool, VAS*)
                0x00000000c0011bac                VAS::~VAS()
                0x00000000c0011bac                VAS::~VAS()
                0x00000000c0011d28                VAS::mapPage(unsigned long, unsigned long, int)
                0x00000000c0011e2a                VAS::allocatePages(int, int)
                0x00000000c0012002                VAS::setCPUSpecific(unsigned long)
                0x00000000c001201e                VAS::mapRange(unsigned long, unsigned long, int, int)
                0x00000000c00120e4                VAS::mapForeignPage(bool, VAS*, unsigned long, unsigned long, int)
                0x00000000c00121d2                VAS::VAS(bool)
                0x00000000c00121d2                VAS::VAS(bool)
                0x00000000c0012452                VAS::evict(unsigned long)
                0x00000000c0012514                VAS::tryLoadBackOffDisk(unsigned long)
                0x00000000c0012624                VAS::scanForEviction()
                0x00000000c00126d5                mapVASFirstTime
 .text          0x00000000c0012791       0x95 coreobjs/c++.32
                0x00000000c0012791                __cxa_atexit
                0x00000000c0012794                __cxa_finalize
                0x00000000c0012795                __stack_chk_fail
                0x00000000c0012801                __cxa_pure_virtual
                0x00000000c0012812                operator new[](unsigned long)
                0x00000000c0012817                operator delete(void*, unsigned long)
                0x00000000c001281c                operator delete[](void*)
                0x00000000c0012821                operator delete[](void*, unsigned long)
 .text          0x00000000c0012826      0x1ef dbg/kconsole.32
                0x00000000c0012826                Dbg::stringifyxWithBase(unsigned int, char*, int)
                0x00000000c0012887                Dbg::logc(char)
                0x00000000c001289e                Dbg::logs(char*)
                0x00000000c00128bb                Dbg::logWriteInt(unsigned int)
                0x00000000c00128d8                Dbg::logWriteIntBase(unsigned int, int)
                0x00000000c00128f7                Dbg::kprintf(char const*, ...)
 *fill*         0x00000000c0012a15        0x1 
 .text          0x00000000c0012a16      0xb82 fs/vfs.32
                0x00000000c0012a16                File::read(unsigned long long, void*, int*)
                0x00000000c0012a6e                File::write(unsigned long long, void*, int*)
                0x00000000c0012ac6                Directory::read(unsigned long long, void*, int*)
                0x00000000c0012b1e                Directory::write(unsigned long long, void*, int*)
                0x00000000c0012b4c                File::isAtty()
                0x00000000c0012b50                Directory::isAtty()
                0x00000000c0012b54                Filesystem::getlabel(LogicalDisk*, int, char*, unsigned int*)
                0x00000000c0012b5a                Filesystem::setlabel(LogicalDisk*, int, char*)
                0x00000000c0012b60                Filesystem::getFileFirstSector(char const*)
                0x00000000c0012b66                File::~File()
                0x00000000c0012b66                File::~File()
                0x00000000c0012b8a                File::~File()
                0x00000000c0012bb4                Directory::~Directory()
                0x00000000c0012bb4                Directory::~Directory()
                0x00000000c0012bd8                Directory::~Directory()
                0x00000000c0012c02                Filesystem::Filesystem()
                0x00000000c0012c02                Filesystem::Filesystem()
                0x00000000c0012c26                Filesystem::~Filesystem()
                0x00000000c0012c26                Filesystem::~Filesystem()
                0x00000000c0012c34                Filesystem::~Filesystem()
                0x00000000c0012c58                Fs::getcwd(Process*, char*, int)
                0x00000000c0012c82                Fs::initVFS()
                0x00000000c0012cac                Fs::standardiseFiles(char*, char const*, char const*)
                0x00000000c0012e56                File::File(char const*, Process*)
                0x00000000c0012e56                File::File(char const*, Process*)
                0x00000000c0012eba                File::open(FileOpenMode)
                0x00000000c0012f18                File::close()
                0x00000000c0012f78                File::seek(unsigned long long)
                0x00000000c0012fce                File::tell(unsigned long long*)
                0x00000000c001301e                File::rewind()
                0x00000000c0013032                File::unlink()
                0x00000000c001307e                File::rename(char const*)
                0x00000000c00130cc                File::chfatattr(unsigned char, unsigned char)
                0x00000000c0013128                File::exists()
                0x00000000c0013166                File::stat(unsigned long long*, bool*)
                0x00000000c00131c7                Fs::setcwd(Process*, char*)
                0x00000000c0013302                Directory::Directory(char const*, Process*)
                0x00000000c0013302                Directory::Directory(char const*, Process*)
                0x00000000c0013366                Directory::open()
                0x00000000c00133c2                Directory::close()
                0x00000000c0013422                Directory::unlink()
                0x00000000c001346e                Directory::rename(char const*)
                0x00000000c00134bc                Directory::exists()
                0x00000000c00134fa                Directory::read(dirent*)
                0x00000000c0013546                Directory::create()
                0x00000000c0013592                Filesystem::chfatattr(char const*, unsigned char, unsigned char)
 .text          0x00000000c0013598       0x84 hal/bus.32
                0x00000000c0013598                Bus::Bus(char const*)
                0x00000000c0013598                Bus::Bus(char const*)
                0x00000000c00135ce                Bus::~Bus()
                0x00000000c00135ce                Bus::~Bus()
                0x00000000c00135f2                Bus::~Bus()
 .text          0x00000000c001361c      0x156 hal/buzzer.32
                0x00000000c001361c                Buzzer::Buzzer(char const*)
                0x00000000c001361c                Buzzer::Buzzer(char const*)
                0x00000000c0013660                Buzzer::~Buzzer()
                0x00000000c0013660                Buzzer::~Buzzer()
                0x00000000c0013684                Buzzer::~Buzzer()
                0x00000000c00136ae                Buzzer::stop()
                0x00000000c00136c1                beepThread(void*)
                0x00000000c0013704                Buzzer::beep(int, int, bool)
 .text          0x00000000c0013772      0x467 hal/clock.32
                0x00000000c0013772                User::loadClockSettings(int)
                0x00000000c00137c4                Clock::Clock(char const*)
                0x00000000c00137c4                Clock::Clock(char const*)
                0x00000000c00137fa                Clock::~Clock()
                0x00000000c00137fa                Clock::~Clock()
                0x00000000c001381e                Clock::~Clock()
                0x00000000c0013848                Clock::timeInSecondsLocal()
                0x00000000c0013890                Clock::setTimeInSecondsLocal(unsigned long long)
                0x00000000c00138e9                datetimeToSeconds(datetime_t)
                0x00000000c0013a10                Clock::setTimeInDatetimeLocal(datetime_t)
                0x00000000c0013a70                secondsToDatetime(unsigned long long)
                0x00000000c0013bb4                Clock::timeInDatetimeLocal()
 *fill*         0x00000000c0013bd9        0x1 
 .text          0x00000000c0013bda      0x504 hal/device.32
                0x00000000c0013bda                Device::hibernate()
                0x00000000c0013bdc                Device::wake()
                0x00000000c0013bde                Device::detect()
                0x00000000c0013be0                Device::disableLegacy()
                0x00000000c0013be2                Device::powerSaving(PowerSavingLevel)
                0x00000000c0013be4                DriverlessDevice::close(int, int, void*)
                0x00000000c0013be8                DriverlessDevice::detect()
                0x00000000c0013bea                DriverlessDevice::open(int, int, void*)
                0x00000000c0013bfe                Device::~Device()
                0x00000000c0013bfe                Device::~Device()
                0x00000000c0013c0c                Device::~Device()
                0x00000000c0013c34                Device::findAndLoadDriver()
                0x00000000c0013c42                Device::preOpenPCI(PCIDeviceInfo)
                0x00000000c0013c68                Device::preOpenACPI(void*, char*, char*)
                0x00000000c0013ca8                Device::addIRQHandler(int, void (*)(regs*, void*), bool, void*)
                0x00000000c0013ce6                Device::getParent()
                0x00000000c0013cf2                Device::removeIRQHandler(int, void (*)(regs*, void*), bool)
                0x00000000c0013d30                Device::addChild(Device*)
                0x00000000c0013d74                Device::removeAllChildren()
                0x00000000c0013dba                Device::hibernateAll()
                0x00000000c0013dea                Device::wakeAll()
                0x00000000c0013e1a                Device::detectAll()
                0x00000000c0013e4a                Device::disableLegacyAll()
                0x00000000c0013e7a                Device::loadDriversForAll()
                0x00000000c0013eba                Device::closeAll()
                0x00000000c0013ef0                Device::powerSavingAll(PowerSavingLevel)
                0x00000000c0013f26                Device::setName(char const*)
                0x00000000c0013f34                Device::Device(char const*)
                0x00000000c0013f34                Device::Device(char const*)
                0x00000000c0014030                Device::getName()
                0x00000000c001403a                DriverlessDevice::DriverlessDevice(char const*)
                0x00000000c001403a                DriverlessDevice::DriverlessDevice(char const*)
                0x00000000c0014070                Device::addToLinkedList(LinkedList<Device>&, DeviceType)
                0x00000000c00140b4                getDevicesOfType(DeviceType)
 .text          0x00000000c00140de       0x84 hal/diskctrl.32
                0x00000000c00140de                HardDiskController::HardDiskController(char const*)
                0x00000000c00140de                HardDiskController::HardDiskController(char const*)
                0x00000000c0014114                HardDiskController::~HardDiskController()
                0x00000000c0014114                HardDiskController::~HardDiskController()
                0x00000000c0014138                HardDiskController::~HardDiskController()
 .text          0x00000000c0014162       0xf2 hal/diskphys.32
                0x00000000c0014162                PhysicalDisk::eject()
                0x00000000c0014176                PhysicalDisk::PhysicalDisk(char const*, int)
                0x00000000c0014176                PhysicalDisk::PhysicalDisk(char const*, int)
                0x00000000c00141de                PhysicalDisk::startCache()
                0x00000000c0014206                PhysicalDisk::~PhysicalDisk()
                0x00000000c0014206                PhysicalDisk::~PhysicalDisk()
                0x00000000c001422a                PhysicalDisk::~PhysicalDisk()
 .text          0x00000000c0014254      0x13b hal/fpu.32
                0x00000000c0014254                FPU::FPU(char const*)
                0x00000000c0014254                FPU::FPU(char const*)
                0x00000000c001428a                FPU::~FPU()
                0x00000000c001428a                FPU::~FPU()
                0x00000000c00142ae                FPU::~FPU()
                0x00000000c00142d8                setupFPU()
 *fill*         0x00000000c001438f        0x1 
 .text          0x00000000c0014390     0x1413 hal/intctrl.32
                0x00000000c0014390                InterruptController::uninstallISRHandler(int, void (*)(regs*, void*))
                0x00000000c00143c8                InterruptController::installISRHandler(int, void (*)(regs*, void*), void*)
                0x00000000c001441a                doubleFault(regs*, void*)
                0x00000000c0014434                InterruptController::installIRQHandler(int, void (*)(regs*, void*), bool, void*)
                0x00000000c00144d0                InterruptController::clearAllHandlers(int, bool)
                0x00000000c0014578                InterruptController::uninstallIRQHandler(int, void (*)(regs*, void*), bool)
                0x00000000c00145ff                nmiHandler(regs*, void*)
                0x00000000c001460d                int_handler
                0x00000000c00146ae                InterruptController::InterruptController(char const*)
                0x00000000c00146ae                InterruptController::InterruptController(char const*)
                0x00000000c0014754                InterruptController::~InterruptController()
                0x00000000c0014754                InterruptController::~InterruptController()
                0x00000000c0014778                InterruptController::~InterruptController()
                0x00000000c00147a2                displayDebugInfo(regs*)
                0x00000000c0014c31                x87EmulHandler(regs*, void*)
                0x00000000c0014ca4                gpFault(regs*, void*)
                0x00000000c0014cdd                pgFault(regs*, void*)
                0x00000000c0014cf4                otherISRHandler(regs*, void*)
                0x00000000c0014d13                opcodeFault(regs*, void*)
                0x00000000c0015330                displayProgramFault(char const*)
                0x00000000c0015358                setupInterruptController()
                0x00000000c0015756                InterruptController::convertLegacyIRQNumber(int)
 *fill*         0x00000000c00157a3        0x1 
 .text          0x00000000c00157a4      0x794 hal/keybrd.32
                0x00000000c00157a4                startGUI(void*)
                0x00000000c0015810                startGUIVESA(void*)
                0x00000000c001587c                sendKeyToTerminal(unsigned char)
                0x00000000c001593a                sendKeyboardToken(KeyboardToken)
                0x00000000c0015d77                clearInternalKeybuffer(VgaText*)
                0x00000000c0015dac                readKeyboard(VgaText*, char*, unsigned long)
                0x00000000c0015eae                Keyboard::Keyboard(char const*)
                0x00000000c0015eae                Keyboard::Keyboard(char const*)
                0x00000000c0015eea                Keyboard::~Keyboard()
                0x00000000c0015eea                Keyboard::~Keyboard()
                0x00000000c0015f0e                Keyboard::~Keyboard()
 .text          0x00000000c0015f38      0x414 hal/logidisk.32
                0x00000000c0015f38                LogicalDisk::close(int, int, void*)
                0x00000000c0015f3c                LogicalDisk::~LogicalDisk()
                0x00000000c0015f3c                LogicalDisk::~LogicalDisk()
                0x00000000c0015f60                LogicalDisk::~LogicalDisk()
                0x00000000c0015f8a                LogicalDisk::open(int, int, void*)
                0x00000000c0015f9e                LogicalDisk::absoluteToRelative(unsigned long long)
                0x00000000c0015fd6                LogicalDisk::relativeToAbsolute(unsigned long long)
                0x00000000c001601c                LogicalDisk::LogicalDisk(char const*, PhysicalDisk*, unsigned long long, unsigned long long)
                0x00000000c001601c                LogicalDisk::LogicalDisk(char const*, PhysicalDisk*, unsigned long long, unsigned long long)
                0x00000000c00160d2                LogicalDisk::assignDriveLetter()
                0x00000000c0016188                LogicalDisk::mount()
                0x00000000c00161fa                LogicalDisk::unmount()
                0x00000000c001620a                LogicalDisk::eject()
                0x00000000c001621e                LogicalDisk::unassignDriveLetter()
                0x00000000c0016274                LogicalDisk::read(unsigned long long, int, void*)
                0x00000000c00162e0                LogicalDisk::write(unsigned long long, int, void*)
 .text          0x00000000c001634c       0x84 hal/mouse.32
                0x00000000c001634c                Mouse::Mouse(char const*)
                0x00000000c001634c                Mouse::Mouse(char const*)
                0x00000000c0016382                Mouse::~Mouse()
                0x00000000c0016382                Mouse::~Mouse()
                0x00000000c00163a6                Mouse::~Mouse()
 .text          0x00000000c00163d0      0x359 hal/partition.32
                0x00000000c00163d0                makePartition(PhysicalDisk*, unsigned long long, unsigned long long)
                0x00000000c0016498                createPartitionsForDisk(PhysicalDisk*)
 *fill*         0x00000000c0016729        0x1 
 .text          0x00000000c001672a       0x84 hal/serial.32
                0x00000000c001672a                Serial::Serial(char const*)
                0x00000000c001672a                Serial::Serial(char const*)
                0x00000000c0016760                Serial::~Serial()
                0x00000000c0016760                Serial::~Serial()
                0x00000000c0016784                Serial::~Serial()
 .text          0x00000000c00167ae      0x2f3 hal/timer.32
                0x00000000c00167ae                Timer::Timer(char const*)
                0x00000000c00167ae                Timer::Timer(char const*)
                0x00000000c00167e4                Timer::~Timer()
                0x00000000c00167e4                Timer::~Timer()
                0x00000000c0016808                Timer::~Timer()
                0x00000000c0016832                Timer::read()
                0x00000000c001683d                timerHandler(unsigned long long)
                0x00000000c00169af                setupTimer(int)
 *fill*         0x00000000c0016aa1        0x1 
 .text          0x00000000c0016aa2      0x409 hal/vcache.32
                0x00000000c0016aa2                VCache::VCache(PhysicalDisk*)
                0x00000000c0016aa2                VCache::VCache(PhysicalDisk*)
                0x00000000c0016c0a                VCache::invalidateReadBuffer()
                0x00000000c0016c1a                VCache::writeWriteBuffer()
                0x00000000c0016c56                VCache::~VCache()
                0x00000000c0016c56                VCache::~VCache()
                0x00000000c0016caa                VCache::~VCache()
                0x00000000c0016cd2                VCache::write(unsigned long long, int, void*)
                0x00000000c0016dbc                VCache::read(unsigned long long, int, void*)
 *fill*         0x00000000c0016eab        0x1 
 .text          0x00000000c0016eac      0x4cd hal/video.32
                0x00000000c0016eac                Video::putrect(int, int, int, int, unsigned int)
                0x00000000c0016ef8                Video::bitblit(int, int, int, int, int, int, int, unsigned int*)
                0x00000000c0016f68                Video::blit(unsigned int*, int, int, int, int)
                0x00000000c0016fe6                Video::clearScreen(unsigned int)
                0x00000000c001701a                Video::putpixel(int, int, unsigned int)
                0x00000000c0017028                Video::Video(char const*)
                0x00000000c0017028                Video::Video(char const*)
                0x00000000c001705e                Video::~Video()
                0x00000000c001705e                Video::~Video()
                0x00000000c0017082                Video::~Video()
                0x00000000c00170ac                Video::isMonochrome()
                0x00000000c00170b8                Video::getWidth()
                0x00000000c00170c4                Video::getHeight()
                0x00000000c00170d0                Video::drawCursor(int, int, unsigned char*, int)
                0x00000000c001718c                Video::tgaParse(unsigned char*, int, int*, int*)
                0x00000000c001730e                Video::putTGA(int, int, unsigned char*, int)
 *fill*         0x00000000c0017379        0x1 
 .text          0x00000000c001737a     0x1163 hw/acpi.32
                0x00000000c001737a                ACPI::close(int, int, void*)
                0x00000000c001742f                findRSDP()
                0x00000000c00174c9                loadACPITables(unsigned char*)
                0x00000000c0017720                findRSDT(unsigned char*)
                0x00000000c001786a                findDataTable(unsigned char*, char*)
                0x00000000c0017906                scanMADT()
                0x00000000c0017d8c                ACPI::ACPI()
                0x00000000c0017d8c                ACPI::ACPI()
                0x00000000c0017de0                ACPI::getPCIIRQAssignment(unsigned char, unsigned short, unsigned char)
                0x00000000c0017ec2                ACPI::registerPCIIRQAssignment(void*, unsigned short, unsigned char, unsigned char)
                0x00000000c0017f88                ACPI::setScreenBrightnessLevel(void*, int)
                0x00000000c0017f8e                ACPI::detectPCI()
                0x00000000c0018108                ACPI::writeSimpleBootFlag(SimpleBootFlagTable*)
                0x00000000c0018150                ACPI::sleep()
                0x00000000c0018168                ACPI::open(int, int, void*)
 *fill*         0x00000000c00184dd        0x1 
 .text          0x00000000c00184de     0x1717 hw/cpu.32
                0x00000000c00184de                CPU::close(int, int, void*)
                0x00000000c00184e2                CPU::lookupAMDName(unsigned char, unsigned char)
                0x00000000c0018676                CPU::lookupIntelName(unsigned char, unsigned char)
                0x00000000c0018924                CPU::AMD_K6_write_msr(unsigned int, unsigned int, unsigned int, CPU::REGS*)
                0x00000000c0018940                CPU::AMD_K6_read_msr(unsigned int, CPU::REGS*)
                0x00000000c0018958                CPU::AMD_K6_writeback(int, int, int)
                0x00000000c00189cc                CPU::cpuid(int, unsigned long*, unsigned long*, unsigned long*, unsigned long*)
                0x00000000c0018a50                CPU::cpuidCheckEDX(unsigned int)
                0x00000000c0018a7e                CPU::cpuidCheckECX(unsigned int)
                0x00000000c0018aac                CPU::cpuidCheckExtendedEBX(unsigned int)
                0x00000000c0018ada                CPU::cpuidCheckExtendedECX(unsigned int)
                0x00000000c0018b08                CPU::CPU()
                0x00000000c0018b08                CPU::CPU()
                0x00000000c0018b96                CPU::displayFeatures()
                0x00000000c0018e12                CPU::detectFeatures()
                0x00000000c0019804                CPU::setupSMEP()
                0x00000000c0019810                CPU::setupUMIP()
                0x00000000c001981a                CPU::setupTSC()
                0x00000000c0019824                CPU::setupLargePages()
                0x00000000c001982e                CPU::setupPAT()
                0x00000000c001986a                CPU::setupMTRR()
                0x00000000c001986c                CPU::setupGlobalPages()
                0x00000000c0019876                CPU::allowUsermodeDataAccess()
                0x00000000c0019888                CPU::prohibitUsermodeDataAccess()
                0x00000000c001989a                CPU::setupSMAP()
                0x00000000c00198a8                CPU::setupFeatures()
                0x00000000c0019928                CPU::open(int, int, void*)
                0x00000000c00199fa                CPU::decodeAddress(regs*, int*, bool*, unsigned char*)
 .text          0x00000000c0019bf5        0x0 hw/ports.32
 .text          0x00000000c0019bf5      0x16a hw/smp.32
                0x00000000c0019bf5                Krnl::smpEntry()
                0x00000000c0019bf7                Krnl::startCPU(int)
                0x00000000c0019d40                Krnl::startCPUs()
 *fill*         0x00000000c0019d5f        0x1 
 .text          0x00000000c0019d60      0x5cd krnl/env.32
                0x00000000c0019d60                EnvVarContainer::getEnv(char const*)
                0x00000000c0019d9e                EnvVarContainer::setEnv(char const*, char const*)
                0x00000000c0019e60                EnvVarContainer::deleteEnv(char const*)
                0x00000000c0019e62                EnvVarContainer::loadFrom(char const*, char const*)
                0x00000000c001a064                EnvVarContainer::__loadSystem()
                0x00000000c001a07e                EnvVarContainer::__loadUser()
                0x00000000c001a080                EnvVarContainer::EnvVarContainer(Process*)
                0x00000000c001a080                EnvVarContainer::EnvVarContainer(Process*)
                0x00000000c001a0a2                EnvVarContainer::~EnvVarContainer()
                0x00000000c001a0a2                EnvVarContainer::~EnvVarContainer()
                0x00000000c001a0d2                Krnl::getEnv(Process*, char const*)
                0x00000000c001a137                Krnl::setEnvSystem(char const*, char const*)
                0x00000000c001a151                Krnl::setEnvUser(char const*, char const*)
                0x00000000c001a170                Krnl::setEnvProcess(Process*, char const*, char const*)
                0x00000000c001a183                Krnl::deleteEnvSystem(char const*)
                0x00000000c001a184                Krnl::deleteEnvUser(char const*)
                0x00000000c001a185                Krnl::deleteEnvProcess(Process*, char const*)
                0x00000000c001a186                Krnl::newProcessEnv(Process*)
                0x00000000c001a1a8                Krnl::copyProcessEnv(Process*, Process*)
                0x00000000c001a1f4                Krnl::loadSystemEnv()
                0x00000000c001a222                Krnl::loadUserEnv()
                0x00000000c001a248                Krnl::flushEnv()
                0x00000000c001a249                Krnl::getProcessTotalEnvCount(Process*)
                0x00000000c001a269                Krnl::getProcessEnvPair(Process*, int)
 .text          0x00000000c001a32d      0x396 krnl/panic.32
                0x00000000c001a32d                Krnl::panic(char const*)
 .text          0x00000000c001a6c3      0x57f net/ethernet.32
                0x00000000c001a6c3                Net::switchEndian16(unsigned short)
                0x00000000c001a6e4                Net::switchEndian32(unsigned int)
                0x00000000c001a713                Net::crc32Calc(unsigned char*, int)
                0x00000000c001a7a4                Net::wrapEthernetFrame(Net::UnwrappedEthernetFrame, unsigned char*)
                0x00000000c001a9b7                Net::unwrapEthernetFrame(unsigned char*, int)
 .text          0x00000000c001ac42      0x50e reg/registry.32
                0x00000000c001ac42                Reg::findLineFromLoadedData(char*, char*, char*)
                0x00000000c001ad9a                Reg::getLineFromRegistry(char*, char*, char*, char*)
                0x00000000c001aeef                Reg::getLine(char*, char*, char*)
                0x00000000c001af26                Reg::readInt(char*, char*, int*)
                0x00000000c001b011                Reg::readString(char*, char*, char*, int)
                0x00000000c001b092                Reg::readBool(char*, char*, bool*)
                0x00000000c001b0b7                Reg::readBoolWithDefault(char*, char*, bool)
                0x00000000c001b0e3                Reg::readIntWithDefault(char*, char*, int)
                0x00000000c001b10f                Reg::readStringWithDefault(char*, char*, char*, int, char*)
 .text          0x00000000c001b150       0x36 sys/sc_eject.32
                0x00000000c001b150                Sys::eject(regs*)
 .text          0x00000000c001b186       0x18 sys/sc_exit.32
                0x00000000c001b186                Sys::exit(regs*)
 .text          0x00000000c001b19e       0x1f sys/sc_getcwd.32
                0x00000000c001b19e                Sys::getCwd(regs*)
 .text          0x00000000c001b1bd        0xc sys/sc_getpid.32
                0x00000000c001b1bd                Sys::getPID(regs*)
 .text          0x00000000c001b1c9       0x17 sys/sc_getramdata.32
                0x00000000c001b1c9                Sys::getRAMData(regs*)
 .text          0x00000000c001b1e0       0x84 sys/sc_getvgaptr.32
                0x00000000c001b1e0                Sys::getVGAPtr(regs*)
 .text          0x00000000c001b264       0xa8 sys/sc_loaddll.32
                0x00000000c001b264                Sys::loadDLL(regs*)
 .text          0x00000000c001b30c       0x68 sys/sc_read.32
                0x00000000c001b30c                Sys::read(regs*)
 .text          0x00000000c001b374       0x55 sys/sc_sbrk.32
                0x00000000c001b374                Sys::sbrk(regs*)
 .text          0x00000000c001b3c9       0x1c sys/sc_setcwd.32
                0x00000000c001b3c9                Sys::setCwd(regs*)
 .text          0x00000000c001b3e5      0x128 sys/sc_settime.32
                0x00000000c001b3e5                Sys::setTime(regs*)
 .text          0x00000000c001b50d       0x4a sys/sc_timezone.32
                0x00000000c001b50d                Sys::timezone(regs*)
 .text          0x00000000c001b557       0x68 sys/sc_write.32
                0x00000000c001b557                Sys::write(regs*)
 .text          0x00000000c001b5bf       0x62 sys/sc_wsbe.32
                0x00000000c001b5bf                Sys::wsbe(regs*)
 .text          0x00000000c001b621       0x46 sys/sc_yield.32
                0x00000000c001b621                Sys::yield(regs*)
 .text          0x00000000c001b667     0x1101 sys/syscalls.32
                0x00000000c001b667                sysCallSeekDir(regs*)
                0x00000000c001b66c                sysCallTellDir(regs*)
                0x00000000c001b671                sysCallVerify(regs*)
                0x00000000c001b67b                sysFormatDisk(regs*)
                0x00000000c001b6e5                sysSetDiskVolumeLabel(regs*)
                0x00000000c001b72b                sysGetDiskVolumeLabel(regs*)
                0x00000000c001b77c                sysShutdown(regs*)
                0x00000000c001b7da                sysCallRealpath(regs*)
                0x00000000c001b81d                sysCallGetArgc(regs*)
                0x00000000c001b84b                sysCallReadDir(regs*)
                0x00000000c001b8d9                sysCallIsATTY(regs*)
                0x00000000c001b933                sysCallSeek(regs*)
                0x00000000c001b99c                sysCallTell(regs*)
                0x00000000c001ba19                sysCallSize(regs*)
                0x00000000c001ba9c                sysCallSizeFromFilename(regs*)
                0x00000000c001bb5c                sysCallClose(regs*)
                0x00000000c001bbe4                sysCallOpenDir(regs*)
                0x00000000c001bc59                sysCallCloseDir(regs*)
                0x00000000c001bcbf                sysCallMakeDir(regs*)
                0x00000000c001bd2f                sysCallWait(regs*)
                0x00000000c001bd49                sysCallNotImpl(regs*)
                0x00000000c001bd64                sysPanic(regs*)
                0x00000000c001bd8a                sysCallRmdir(regs*)
                0x00000000c001bdee                sysCallUnlink(regs*)
                0x00000000c001be52                sysCallGetArgv(regs*)
                0x00000000c001be9e                sysCallTTYName(regs*)
                0x00000000c001bf21                sysCallUSleep(regs*)
                0x00000000c001bf48                sysCallSpawn(regs*)
                0x00000000c001bfbd                sysCallGetEnv(regs*)
                0x00000000c001c0f5                sysAppSettings(regs*)
                0x00000000c001c209                sysSetFatAttrib(regs*)
                0x00000000c001c27b                sysPipe(regs*)
                0x00000000c001c2c0                sysGetUnixTime(regs*)
                0x00000000c001c2d4                string_ends_with(char const*, char const*)
                0x00000000c001c31c                sysCallOpen(regs*)
                0x00000000c001c531                Sys::loadSyscalls()
                0x00000000c001c726                Sys::systemCall(regs*, void*)
 .text          0x00000000c001c768     0x11fd thr/elf.32
                0x00000000c001c768                Thr::allocateMemoryForTask(Process*, File*, unsigned long, unsigned long, unsigned long)
                0x00000000c001ca12                Thr::loadProgramIntoMemory(Process*, char const*)
                0x00000000c001cc28                Thr::runtimeReferenceHelper()
                0x00000000c001cc3b                Thr::getAddressOfKernelSymbol(char const*)
                0x00000000c001cc8a                Thr::loadKernelSymbolTable(char const*)
                0x00000000c001cf48                Thr::loadDriverIntoMemory(char const*, unsigned long, bool)
                0x00000000c001d67e                Thr::getDriverBaseFromAddress(unsigned long)
                0x00000000c001d6b0                Thr::getDriverNameFromAddress(unsigned long)
                0x00000000c001d6e7                Thr::getDriverOffsetFromAddress(unsigned long)
                0x00000000c001d701                Thr::loadDLL(char const*, bool)
                0x00000000c001d92c                Thr::executeDLL(unsigned long, void*)
 *fill*         0x00000000c001d965        0x1 
 .text          0x00000000c001d966     0x1315 thr/prcssthr.32
                0x00000000c001d966                userModeEntryPoint(void*)
                0x00000000c001d98c                changeTSS
                0x00000000c001d9bc                switchToThread(ThreadControlBlock*)
                0x00000000c001da66                Process::addArgs(char**)
                0x00000000c001dac0                Process::Process(char const*, Process*, char**)
                0x00000000c001dac0                Process::Process(char const*, Process*, char**)
                0x00000000c001dca4                Process::Process(bool, char const*, Process*, char**)
                0x00000000c001dca4                Process::Process(bool, char const*, Process*, char**)
                0x00000000c001de53                taskStartupFunction
                0x00000000c001de5c                Semaphore::Semaphore(int)
                0x00000000c001de5c                Semaphore::Semaphore(int)
                0x00000000c001de8a                Mutex::Mutex()
                0x00000000c001de8a                Mutex::Mutex()
                0x00000000c001de9c                Process::createThread(void (*)(void*), void*, int)
                0x00000000c001dfa2                Process::createUserThread()
                0x00000000c001dfbe                setupMultitasking(void (*)())
                0x00000000c001e0e0                schedule()
                0x00000000c001e166                Semaphore::tryAcquire()
                0x00000000c001e222                Semaphore::assertLocked(char const*)
                0x00000000c001e291                blockTaskWithSchedulerLockAlreadyHeld(TaskState)
                0x00000000c001e2df                blockTask(TaskState)
                0x00000000c001e30c                waitTask(int, int*, int)
                0x00000000c001e34e                nanoSleepUntil(unsigned long long)
                0x00000000c001e3e3                nanoSleep(unsigned long long)
                0x00000000c001e3fb                sleep(unsigned long long)
                0x00000000c001e418                Semaphore::acquire()
                0x00000000c001e4ba                taskReturned
                0x00000000c001e4f5                Thr::processFromPID(int)
                0x00000000c001e5a4                unblockTask(ThreadControlBlock*)
                0x00000000c001e651                cleanupTerminatedTask(ThreadControlBlock*)
                0x00000000c001e91a                cleanerTaskFunction(void*)
                0x00000000c001ea13                terminateTask(int)
                0x00000000c001eb45                Thr::terminateFromIRQ(int)
                0x00000000c001eb52                Semaphore::release()
 .text          0x00000000c001ec7b      0xada vm86/vm8086.32
                0x00000000c001ec7b                Vm::inbv(unsigned short)
                0x00000000c001ec8e                Vm::outbv(unsigned short, unsigned char)
                0x00000000c001ecc4                Vm::realToLinear(unsigned short, unsigned short)
                0x00000000c001ecd4                Vm::getSegment(unsigned int)
                0x00000000c001ecdc                Vm::getOffset(unsigned int)
                0x00000000c001ece1                Vm::mainloop2()
                0x00000000c001ed1b                Vm::mainVm8086Loop(void*)
                0x00000000c001ed2b                Vm::mainloop3(unsigned long)
                0x00000000c001ed51                Vm::initialise8086()
                0x00000000c001ed94                Vm::finish8086()
                0x00000000c001edf5                Vm::getOutput8086(unsigned char*)
                0x00000000c001ee1a                Vm::start8086(char const*, unsigned short, unsigned short, unsigned short, unsigned short)
                0x00000000c001ef82                Vm::doISR(regs*, int, unsigned char*, unsigned short, unsigned short)
                0x00000000c001f00c                Vm::readByteFromReal(unsigned short, unsigned short)
                0x00000000c001f01d                Vm::readWordFromReal(unsigned short, unsigned short)
                0x00000000c001f02f                Vm::readDwordFromReal(unsigned short, unsigned short)
                0x00000000c001f040                Vm::writeByteFromReal(unsigned short, unsigned short, unsigned char)
                0x00000000c001f055                Vm::writeWordFromReal(unsigned short, unsigned short, unsigned short)
                0x00000000c001f06b                Vm::writeDwordFromReal(unsigned short, unsigned short, unsigned int)
                0x00000000c001f080                Vm::faultHandler(regs*)
 .text          0x00000000c001f755      0xefd vm86/x87em.32
                0x00000000c001f755                Vm::fpuInternalTo32(unsigned long long)
                0x00000000c001f7b0                Vm::fpuInternalTo64(unsigned long long)
                0x00000000c001f7b9                Vm::fpu32ToInternal(unsigned int)
                0x00000000c001f7fe                Vm::fpu64ToInternal(unsigned long long)
                0x00000000c001f807                Vm::fpuFloatToLong(unsigned long long)
                0x00000000c001f862                Vm::fpuULongToFloat(unsigned long long)
                0x00000000c001f898                Vm::fpuLongToFloat(long long)
                0x00000000c001f8ee                Vm::fpuGet0()
                0x00000000c001f8f3                Vm::fpuGet1()
                0x00000000c001f8fb                Vm::fpuGetPi()
                0x00000000c001f903                Vm::fpuGetLog2E()
                0x00000000c001f91b                Vm::fpuGetLogE2()
                0x00000000c001f933                Vm::fpuGetLog210()
                0x00000000c001f94b                Vm::fpuGetLog102()
                0x00000000c001f963                Vm::fpuIsSecondLarger(unsigned long long, unsigned long long)
                0x00000000c001f977                Vm::fpuAreEqual(unsigned long long, unsigned long long)
                0x00000000c001f98d                Vm::fpuUnorderedCompare(unsigned long long, unsigned long long)
                0x00000000c001f9e0                Vm::fpuAdd(unsigned long long, unsigned long long)
                0x00000000c001f9f1                Vm::fpuAbs(unsigned long long)
                0x00000000c001f9fa                Vm::fpuChs(unsigned long long)
                0x00000000c001fa0a                Vm::fpuSub(unsigned long long, unsigned long long)
                0x00000000c001fa19                Vm::fpuMultiply(unsigned long long, unsigned long long)
                0x00000000c001fa38                Vm::fpuDivide(unsigned long long, unsigned long long)
                0x00000000c001fa54                Vm::fpuSquare(unsigned long long)
                0x00000000c001fa6a                Vm::fpuGetReg(int)
                0x00000000c001faad                Vm::fpuSetReg(int, unsigned long long)
                0x00000000c001faf8                Vm::fpuPush(unsigned long long)
                0x00000000c001fb55                Vm::fpuPop()
                0x00000000c001fba7                Vm::x87Handler(regs*)
 .text          0x00000000c0020652     0x1203 fs/fat/vfslink.32
                0x00000000c0020652                FAT::getName()
                0x00000000c0020658                FAT::tell(void*, unsigned long long*)
                0x00000000c002068c                FAT::stat(void*, unsigned long long*)
                0x00000000c00206c0                FAT::~FAT()
                0x00000000c00206c0                FAT::~FAT()
                0x00000000c00206e4                FAT::~FAT()
                0x00000000c002070c                FAT::getlabel(LogicalDisk*, int, char*, unsigned int*)
                0x00000000c00207aa                FAT::setlabel(LogicalDisk*, int, char*)
                0x00000000c0020864                FAT::format(LogicalDisk*, int, char const*, int)
                0x00000000c0020a48                FAT::tryMount(LogicalDisk*, int)
                0x00000000c0020c4e                FAT::getFileFirstSector(char const*)
                0x00000000c0020d10                FAT::readDir(void*, unsigned long, void*, int*)
                0x00000000c0020e6a                FAT::read(void*, unsigned long, void*, int*)
                0x00000000c0020ec4                FAT::write(void*, unsigned long, void*, int*)
                0x00000000c0020f1e                FAT::close(void*)
                0x00000000c0020f6a                FAT::closeDir(void*)
                0x00000000c0020fb6                FAT::seek(void*, unsigned long long)
                0x00000000c002100a                fatWrapperReadDisk
                0x00000000c0021051                fatWrapperWriteDisk
                0x00000000c0021098                fatWrapperIoctl
                0x00000000c002119c                FAT::FAT()
                0x00000000c002119c                FAT::FAT()
                0x00000000c00211ee                FAT::fixFilepath(char*)
                0x00000000c0021226                FAT::open(char const*, void**, FileOpenMode)
                0x00000000c002134e                FAT::openDir(char const*, void**)
                0x00000000c00213f4                FAT::stat(char const*, unsigned long long*, bool*)
                0x00000000c00214de                FAT::unlink(char const*)
                0x00000000c0021558                FAT::chfatattr(char const*, unsigned char, unsigned char)
                0x00000000c00216ac                FAT::rename(char const*, char const*)
                0x00000000c0021770                FAT::mkdir(char const*)
                0x00000000c00217ea                FAT::exists(char const*)
 *fill*         0x00000000c0021855        0x1 
 .text          0x00000000c0021856      0xba5 fs/iso9660/vfslink.32
                0x00000000c0021856                ISO9660::format(LogicalDisk*, int, char const*, int)
                0x00000000c002185c                ISO9660::seek(void*, unsigned long long)
                0x00000000c002188c                ISO9660::tell(void*, unsigned long long*)
                0x00000000c00218b0                ISO9660::getName()
                0x00000000c00218b6                ISO9660::stat(void*, unsigned long long*)
                0x00000000c00218da                ISO9660::chfatattr(char const*, unsigned char, unsigned char)
                0x00000000c00218e0                ISO9660::unlink(char const*)
                0x00000000c00218e6                ISO9660::write(void*, unsigned long, void*, int*)
                0x00000000c00218ec                ISO9660::rename(char const*, char const*)
                0x00000000c00218f2                ISO9660::mkdir(char const*)
                0x00000000c00218f8                ISO9660::close(void*)
                0x00000000c002191a                ISO9660::closeDir(void*)
                0x00000000c002193c                ISO9660::~ISO9660()
                0x00000000c002193c                ISO9660::~ISO9660()
                0x00000000c0021960                ISO9660::~ISO9660()
                0x00000000c0021987                __memmem(unsigned char*, int, unsigned char*, int)
                0x00000000c00219c9                readSectorFromCDROM(unsigned int, unsigned char*, char)
                0x00000000c0021a24                ISO9660::tryMount(LogicalDisk*, int)
                0x00000000c0021a74                ISO9660::read(void*, unsigned long, void*, int*)
                0x00000000c0021c78                ISO9660::readDir(void*, unsigned long, void*, int*)
                0x00000000c0021ef2                readRoot(unsigned int*, unsigned int*, char)
                0x00000000c0021f46                readRecursively(char*, unsigned int, unsigned int, unsigned int*, unsigned int*, char, int*)
                0x00000000c0022119                getFileData(char*, unsigned int*, unsigned int*, char, int*)
                0x00000000c00221a8                ISO9660::open(char const*, void**, FileOpenMode)
                0x00000000c0022268                ISO9660::exists(char const*)
                0x00000000c002228c                ISO9660::stat(char const*, unsigned long long*, bool*)
                0x00000000c0022320                ISO9660::openDir(char const*, void**)
                0x00000000c00223d8                ISO9660::ISO9660()
                0x00000000c00223d8                ISO9660::ISO9660()
 *fill*         0x00000000c00223fb        0x1 
 .text          0x00000000c00223fc      0x3a6 hal/sound/sndchannel.32
                0x00000000c00223fc                SoundChannel::SoundChannel(int, int, int, int)
                0x00000000c00223fc                SoundChannel::SoundChannel(int, int, int, int)
                0x00000000c0022536                SoundChannel::~SoundChannel()
                0x00000000c0022536                SoundChannel::~SoundChannel()
                0x00000000c0022552                SoundChannel::getSampleRate()
                0x00000000c002255a                SoundChannel::getBits()
                0x00000000c0022562                SoundChannel::getBufferUsed()
                0x00000000c002256a                SoundChannel::getBufferSize()
                0x00000000c0022572                SoundChannel::unbuffer(float*, int, int)
                0x00000000c0022606                SoundChannel::buffer16(short*, int)
                0x00000000c0022702                SoundChannel::buffer8(unsigned char*, int)
 .text          0x00000000c00227a2      0x504 hal/sound/sndhw.32
                0x00000000c00227a2                SoundDevice::SoundDevice(char const*)
                0x00000000c00227a2                SoundDevice::SoundDevice(char const*)
                0x00000000c002280e                SoundDevice::~SoundDevice()
                0x00000000c002280e                SoundDevice::~SoundDevice()
                0x00000000c0022888                SoundDevice::~SoundDevice()
                0x00000000c00228b2                SoundDevice::getFreeChannelNum()
                0x00000000c00228cc                SoundDevice::addChannel(SoundChannel*)
                0x00000000c002293c                SoundDevice::removeChannel(int)
                0x00000000c002296e                SoundDevice::floatTo16(float*, short*, int)
                0x00000000c0022a5c                SoundDevice::floatTo8(float*, unsigned char*, int)
                0x00000000c0022b44                SoundDevice::getAudio(int, float*, float*)
 .text          0x00000000c0022ca6        0x0 hw/bus/isa.32
 .text          0x00000000c0022ca6      0xbbb hw/bus/pci.32
                0x00000000c0022ca6                PCI::open(int, int, void*)
                0x00000000c0022cc4                PCI::close(int, int, void*)
                0x00000000c0022cc8                PCI::PCI()
                0x00000000c0022cc8                PCI::PCI()
                0x00000000c0022d5e                PCI::readBAR8(unsigned int, int)
                0x00000000c0022d7a                PCI::readBAR16(unsigned int, int)
                0x00000000c0022d98                PCI::readBAR32(unsigned int, int)
                0x00000000c0022db4                PCI::writeBAR8(unsigned int, unsigned char, int)
                0x00000000c0022dd4                PCI::writeBAR16(unsigned int, unsigned short, int)
                0x00000000c0022e18                PCI::writeBAR32(unsigned int, unsigned int, int)
                0x00000000c0022e38                PCI::legacyMechanism(unsigned char, unsigned char, unsigned char, unsigned char)
                0x00000000c0022ea6                PCI::pciReadWord(unsigned char, unsigned char, unsigned char, unsigned char)
                0x00000000c0022f4e                PCI::getVendorID(unsigned char, unsigned char, unsigned char)
                0x00000000c0022f72                PCI::getHeaderType(unsigned char, unsigned char, unsigned char)
                0x00000000c0022f9a                PCI::getClassCode(unsigned char, unsigned char, unsigned char)
                0x00000000c0022fe4                PCI::getProgIF(unsigned char, unsigned char, unsigned char)
                0x00000000c002300c                PCI::getRevisionID(unsigned char, unsigned char, unsigned char)
                0x00000000c0023030                PCI::getInterruptNumber(unsigned char, unsigned char, unsigned char)
                0x00000000c0023054                PCI::getSecondaryBus(unsigned char, unsigned char, unsigned char)
                0x00000000c002307c                PCI::getBARAddress(unsigned char, unsigned char, unsigned char, unsigned char)
                0x00000000c00230e0                PCI::pciWriteWord(unsigned char, unsigned char, unsigned char, unsigned char, unsigned short)
                0x00000000c00231c8                PCI::pciDetailsToFilepath(PCIDeviceInfo, char*)
                0x00000000c0023454                PCI::checkBus(unsigned char)
                0x00000000c0023478                PCI::foundDevice(PCIDeviceInfo)
                0x00000000c00235ea                PCI::getDeviceData(unsigned char, unsigned char, unsigned char)
                0x00000000c00237a2                PCI::checkDevice(unsigned char, unsigned char)
                0x00000000c002380e                PCI::detect()
 *fill*         0x00000000c0023861        0x1 
 .text          0x00000000c0023862      0xc70 hw/diskctrl/ide.32
                0x00000000c0023862                IDE::close(int, int, void*)
                0x00000000c0023866                IDE::IDE()
                0x00000000c0023866                IDE::IDE()
                0x00000000c002389a                IDE::prepareInterrupt(unsigned char)
                0x00000000c00238ac                selectDrive(unsigned char, unsigned char)
                0x00000000c00238ae                IDE::getBase(unsigned char)
                0x00000000c00238c0                IDE::write(unsigned char, unsigned char, unsigned char)
                0x00000000c0023980                IDE::read(unsigned char, unsigned char)
                0x00000000c0023a2e                IDE::waitInterrupt(unsigned char)
                0x00000000c0023a94                ideChannel0IRQHandler(regs*, void*)
                0x00000000c0023ab0                ideChannel1IRQHandler(regs*, void*)
                0x00000000c0023acc                IDE::enableIRQs(unsigned char, bool)
                0x00000000c0023b12                IDE::open(int, int, void*)
                0x00000000c0023f22                IDE::readBuffer(unsigned char, unsigned char, unsigned int, unsigned int)
                0x00000000c0023fee                IDE::detect()
                0x00000000c00242d6                IDE::printError(unsigned char, unsigned char, unsigned char)
                0x00000000c002446c                IDE::polling(unsigned char, unsigned int)
 .text          0x00000000c00244d2      0x390 hw/diskctrl/satabus.32
                0x00000000c00244d2                SATABus::close(int, int, void*)
                0x00000000c00244d6                SATABus::detect()
                0x00000000c00244d8                SATABus::SATABus()
                0x00000000c00244d8                SATABus::SATABus()
                0x00000000c0024584                SATABus::findCmdslot(SATABus::tagHBA_PORT volatile*)
                0x00000000c00245cc                SATABus::checkType(SATABus::tagHBA_PORT volatile*)
                0x00000000c0024614                SATABus::startCmd(SATABus::tagHBA_PORT volatile*)
                0x00000000c0024634                SATABus::stopCmd(SATABus::tagHBA_PORT volatile*)
                0x00000000c002465e                SATABus::portRebase(SATABus::tagHBA_PORT volatile*, int)
                0x00000000c0024764                SATABus::probePort(SATABus::tagHBA_MEM volatile*)
                0x00000000c0024842                SATABus::open(int, int, void*)
 .text          0x00000000c0024862      0x604 hw/diskphys/ata.32
                0x00000000c0024862                ATA::close(int, int, void*)
                0x00000000c0024886                ATA::powerSaving(PowerSavingLevel)
                0x00000000c0024888                ATA::ATA()
                0x00000000c0024888                ATA::ATA()
                0x00000000c00248b6                ATA::flush(bool)
                0x00000000c0024900                ATA::readyForCommand()
                0x00000000c0024950                ATA::access(unsigned long long, int, void*, bool)
                0x00000000c0024cd8                ATA::read(unsigned long long, int, void*)
                0x00000000c0024d24                ATA::write(unsigned long long, int, void*)
                0x00000000c0024d70                ATA::detectCHS()
                0x00000000c0024d9a                ATA::open(int, int, void*)
 .text          0x00000000c0024e66      0x5bd hw/diskphys/atapi.32
                0x00000000c0024e66                ATAPI::write(unsigned long long, int, void*)
                0x00000000c0024e6c                ATAPI::close(int, int, void*)
                0x00000000c0024e90                ATAPI::ATAPI()
                0x00000000c0024e90                ATAPI::ATAPI()
                0x00000000c0024ebe                ATAPI::readyForCommand()
                0x00000000c0024f0e                ATAPI::sendPacket(unsigned char*, int, bool, unsigned short*, int)
                0x00000000c00251ce                ATAPI::diskRemoved()
                0x00000000c00251ea                ATAPI::eject()
                0x00000000c0025232                ATAPI::diskInserted()
                0x00000000c0025260                ATAPI::detectMedia()
                0x00000000c002531c                ATAPI::open(int, int, void*)
                0x00000000c00253a4                ATAPI::read(unsigned long long, int, void*)
 *fill*         0x00000000c0025423        0x1 
 .text          0x00000000c0025424      0x41c hw/diskphys/sata.32
                0x00000000c0025424                SATA::close(int, int, void*)
                0x00000000c0025448                SATA::powerSaving(PowerSavingLevel)
                0x00000000c002544a                SATA::open(int, int, void*)
                0x00000000c00254f4                SATA::SATA()
                0x00000000c00254f4                SATA::SATA()
                0x00000000c0025522                SATA::access(unsigned long long, int, void*, bool)
                0x00000000c0025788                SATA::read(unsigned long long, int, void*)
                0x00000000c00257d4                SATA::write(unsigned long long, int, void*)
 .text          0x00000000c0025840      0x4fe hw/diskphys/satapi.32
                0x00000000c0025840                SATAPI::write(unsigned long long, int, void*)
                0x00000000c0025846                SATAPI::close(int, int, void*)
                0x00000000c002586a                SATAPI::SATAPI()
                0x00000000c002586a                SATAPI::SATAPI()
                0x00000000c0025898                SATAPI::diskRemoved()
                0x00000000c00258b4                SATAPI::diskInserted()
                0x00000000c00258e2                SATAPI::sendPacket(unsigned char*, int, unsigned long long, unsigned short*, int)
                0x00000000c0025aea                SATAPI::eject()
                0x00000000c0025b32                SATAPI::detectMedia()
                0x00000000c0025bf4                SATAPI::open(int, int, void*)
                0x00000000c0025c9c                SATAPI::read(unsigned long long, int, void*)
 .text          0x00000000c0025d3e       0x8e hw/fpu/avx.32
                0x00000000c0025d3e                AVX::open(int, int, void*)
                0x00000000c0025d50                AVX::close(int, int, void*)
                0x00000000c0025d62                AVX::available()
                0x00000000c0025d74                AVX::save(void*)
                0x00000000c0025d8c                AVX::load(void*)
                0x00000000c0025da4                AVX::AVX()
                0x00000000c0025da4                AVX::AVX()
 .text          0x00000000c0025dcc       0x90 hw/fpu/mmx.32
                0x00000000c0025dcc                MMX::available()
                0x00000000c0025de0                MMX::open(int, int, void*)
                0x00000000c0025df2                MMX::close(int, int, void*)
                0x00000000c0025e04                MMX::save(void*)
                0x00000000c0025e1c                MMX::load(void*)
                0x00000000c0025e34                MMX::MMX()
                0x00000000c0025e34                MMX::MMX()
 .text          0x00000000c0025e5c       0x96 hw/fpu/sse.32
                0x00000000c0025e5c                SSE::open(int, int, void*)
                0x00000000c0025e6e                SSE::close(int, int, void*)
                0x00000000c0025e80                SSE::available()
                0x00000000c0025e9a                SSE::save(void*)
                0x00000000c0025eb2                SSE::load(void*)
                0x00000000c0025eca                SSE::SSE()
                0x00000000c0025eca                SSE::SSE()
 .text          0x00000000c0025ef2       0x8e hw/fpu/x87.32
                0x00000000c0025ef2                x87::open(int, int, void*)
                0x00000000c0025f04                x87::close(int, int, void*)
                0x00000000c0025f16                x87::available()
                0x00000000c0025f28                x87::save(void*)
                0x00000000c0025f40                x87::load(void*)
                0x00000000c0025f58                x87::x87()
                0x00000000c0025f58                x87::x87()
 .text          0x00000000c0025f80      0x71e hw/intctrl/apic.32
                0x00000000c0025f80                APIC::disable()
                0x00000000c0025f82                APIC::close(int, int, void*)
                0x00000000c0025fa4                IOAPIC::close(int, int, void*)
                0x00000000c0025faa                APIC::io_wait()
                0x00000000c0025fb0                APIC::getBase()
                0x00000000c0025ff2                APIC::eoi(unsigned char)
                0x00000000c0026020                APIC::open(int, int, void*)
                0x00000000c002616e                IOAPIC::IOAPIC()
                0x00000000c002616e                IOAPIC::IOAPIC()
                0x00000000c0026196                APIC::APIC()
                0x00000000c0026196                APIC::APIC()
                0x00000000c0026272                IOAPIC::handlesGSIWithNumber(unsigned int)
                0x00000000c00262a4                IOAPIC::read(int)
                0x00000000c00262cc                IOAPIC::open(int, int, void*)
                0x00000000c00263c2                IOAPIC::write(int, int)
                0x00000000c00263ee                IOAPIC::redirect(unsigned char, unsigned long long, unsigned char, bool, bool)
                0x00000000c00264e8                APIC::installIRQHandler(int, void (*)(regs*, void*), bool, void*)
 .text          0x00000000c002669e      0x3d3 hw/intctrl/pic.32
                0x00000000c002669e                PIC::disable()
                0x00000000c00266cc                PIC::close(int, int, void*)
                0x00000000c00266ee                PIC::PIC()
                0x00000000c00266ee                PIC::PIC()
                0x00000000c00267c4                PIC::ioWait()
                0x00000000c00267ca                PIC::getIRQReg(int)
                0x00000000c0026834                PIC::eoi(unsigned char)
                0x00000000c00268c6                PIC::remap()
                0x00000000c0026a32                PIC::open(int, int, void*)
 *fill*         0x00000000c0026a71        0x1 
 .text          0x00000000c0026a72      0x25e hw/timer/apictimer.32
                0x00000000c0026a72                APICTimer::close(int, int, void*)
                0x00000000c0026a78                apicTimerHandler(regs*, void*)
                0x00000000c0026aa6                APICTimer::write(int)
                0x00000000c0026baa                APICTimer::open(int, int, void*)
                0x00000000c0026ca8                APICTimer::APICTimer()
                0x00000000c0026ca8                APICTimer::APICTimer()
 .text          0x00000000c0026cd0      0x1a7 hw/timer/pit.32
                0x00000000c0026cd0                PIT::write(int)
                0x00000000c0026d4e                pitHandler(regs*, void*)
                0x00000000c0026d7a                PIT::open(int, int, void*)
                0x00000000c0026dc8                PIT::close(int, int, void*)
                0x00000000c0026df8                PIT::PIT()
                0x00000000c0026df8                PIT::PIT()
 *fill*         0x00000000c0026e77        0x9 
 .text          0x00000000c0026e80       0x1e hw/fpu/x86/avx.32
                0x00000000c0026e80                avxDetect
                0x00000000c0026e86                avxSave
                0x00000000c0026e87                avxLoad
                0x00000000c0026e88                avxInit
                0x00000000c0026e89                avxClose
                0x00000000c0026e8a                wouldSheSayYes
 *fill*         0x00000000c0026e9e        0x2 
 .text          0x00000000c0026ea0       0x35 hw/fpu/x86/sse.32
                0x00000000c0026ea0                absolutelyNoChanceInHell
                0x00000000c0026ea0                sseDetect
                0x00000000c0026eb8                sseSave
                0x00000000c0026ebe                sseLoad
                0x00000000c0026ec4                sseInit
                0x00000000c0026ed4                sseClose
 *fill*         0x00000000c0026ed5        0xb 
 .text          0x00000000c0026ee0       0x4d hw/fpu/x86/x87.32
                0x00000000c0026ee6                x87Detect
                0x00000000c0026f01                x87Save
                0x00000000c0026f0a                x87Load
                0x00000000c0026f12                x87Init
                0x00000000c0026f2c                x87Close
 *fill*         0x00000000c0026f2d        0x3 
 .text          0x00000000c0026f30       0x25 /cygdrive/d/Users/Alex/Desktop/Toolchain/Output/bin/../lib/gcc/i386-banana/8.1.0/crtend.o
 .text          0x00000000c0026f55        0x0 crtn.32
 *fill*         0x00000000c0026f55        0x3 
 .text          0x00000000c0026f58      0x14b /cygdrive/d/Users/Alex/Desktop/Toolchain/Output/bin/../lib/gcc/i386-banana/8.1.0/libkgcc.a(_divdi3.o)
                0x00000000c0026f58                __divdi3
 *fill*         0x00000000c00270a3        0x1 
 .text          0x00000000c00270a4      0x17e /cygdrive/d/Users/Alex/Desktop/Toolchain/Output/bin/../lib/gcc/i386-banana/8.1.0/libkgcc.a(_moddi3.o)
                0x00000000c00270a4                __moddi3
 *fill*         0x00000000c0027222        0x2 
 .text          0x00000000c0027224       0xff /cygdrive/d/Users/Alex/Desktop/Toolchain/Output/bin/../lib/gcc/i386-banana/8.1.0/libkgcc.a(_udivdi3.o)
                0x00000000c0027224                __udivdi3
 *fill*         0x00000000c0027323        0x1 
 .text          0x00000000c0027324      0x11a /cygdrive/d/Users/Alex/Desktop/Toolchain/Output/bin/../lib/gcc/i386-banana/8.1.0/libkgcc.a(_umoddi3.o)
                0x00000000c0027324                __umoddi3
 .text          0x00000000c002743e      0x96d D:/Users/Alex/Desktop/Banana/kernel/libsoftfp.a(sfieeelib.o)
                0x00000000c002743e                __addsf3
                0x00000000c0027740                __subsf3
                0x00000000c0027754                __negsf2
                0x00000000c0027761                __mulsf3
                0x00000000c0027924                __divsf3
                0x00000000c0027b4f                __floatsisf
                0x00000000c0027bc3                __floatunsisf
                0x00000000c0027c05                __fixsfsi
                0x00000000c0027c67                __fixunssfsi
                0x00000000c0027c98                __cmpsf2
                0x00000000c0027d2d                __eqsf2
                0x00000000c0027d68                __nesf2