Archive member included to satisfy reference by file (symbol)

/cygdrive/d/Users/Alex/Desktop/Toolchain/Output/bin/../lib/gcc/i386-banana/8.1.0/libkgcc.a(_divdi3.o)
                              fs/fat/ff.32 (__divdi3)
/cygdrive/d/Users/Alex/Desktop/Toolchain/Output/bin/../lib/gcc/i386-banana/8.1.0/libkgcc.a(_moddi3.o)
                              thr/elf.32 (__moddi3)
/cygdrive/d/Users/Alex/Desktop/Toolchain/Output/bin/../lib/gcc/i386-banana/8.1.0/libkgcc.a(_udivdi3.o)
                              fs/fat/ff.32 (__udivdi3)
/cygdrive/d/Users/Alex/Desktop/Toolchain/Output/bin/../lib/gcc/i386-banana/8.1.0/libkgcc.a(_umoddi3.o)
                              core/pipe.32 (__umoddi3)
D:/Users/Alex/Desktop/Banana/kernel/libsoftfp.a(sfieeelib.o)
                              hal/sound/sndhw.32 (__addsf3)
D:/Users/Alex/Desktop/Banana/kernel/libsoftfp.a(dfieeelib.o)
                              hal/libresample/src_linear.32 (__adddf3)
D:/Users/Alex/Desktop/Banana/kernel/libsoftfp.a(sfdfcvt.o)
                              hal/libresample/samplerate.32 (__truncdfsf2)
D:/Users/Alex/Desktop/Banana/kernel/libk/libm32.a(s_fabs.c.o)
                              hal/libresample/samplerate.32 (fabs)
D:/Users/Alex/Desktop/Banana/kernel/libk/libm32.a(s_lrint.S.o)
                              hal/libresample/samplerate.32 (lrint)
D:/Users/Alex/Desktop/Banana/kernel/libk/libm32.a(s_lrintf.S.o)
                              hal/sound/sndhw.32 (lrintf)

Discarded input sections

 .comment       0x0000000000000000       0x12 /cygdrive/d/Users/Alex/Desktop/Toolchain/Output/bin/../lib/gcc/i386-banana/8.1.0/crtbegin.o
 .comment       0x0000000000000000       0x12 acpica/utclib.32
 .comment       0x0000000000000000       0x12 core/malloc.32
 .comment       0x0000000000000000       0x12 libk/string.32
 .comment       0x0000000000000000       0x12 fs/fat/diskio.32
 .comment       0x0000000000000000       0x12 fs/fat/ff.32
 .comment       0x0000000000000000       0x12 fs/fat/ffsystem.32
 .comment       0x0000000000000000       0x12 fs/fat/ffunicode.32
 .comment       0x0000000000000000       0x12 hal/libresample/samplerate.32
 .comment       0x0000000000000000       0x12 hal/libresample/src_linear.32
 .comment       0x0000000000000000       0x12 hal/libresample/src_sinc.32
 .comment       0x0000000000000000       0x12 hal/libresample/src_zoh.32
 .group         0x0000000000000000       0x14 core/computer.32
 .group         0x0000000000000000        0xc core/computer.32
 .comment       0x0000000000000000       0x12 core/computer.32
 .comment       0x0000000000000000       0x12 core/gdt.32
 .group         0x0000000000000000        0xc core/idle.32
 .comment       0x0000000000000000       0x12 core/idle.32
 .comment       0x0000000000000000       0x12 core/idt.32
 .group         0x0000000000000000        0x8 core/kheap.32
 .group         0x0000000000000000        0x8 core/kheap.32
 .comment       0x0000000000000000       0x12 core/kheap.32
 .comment       0x0000000000000000       0x12 core/main.32
 .comment       0x0000000000000000       0x12 core/physmgr.32
 .group         0x0000000000000000        0xc core/pipe.32
 .comment       0x0000000000000000       0x12 core/pipe.32
 .group         0x0000000000000000        0xc core/terminal.32
 .comment       0x0000000000000000       0x12 core/terminal.32
 .group         0x0000000000000000        0x8 core/tss.32
 .text._ZN3CPU7readCR3Ev
                0x0000000000000000       0x12 core/tss.32
 .comment       0x0000000000000000       0x12 core/tss.32
 .group         0x0000000000000000        0x8 core/unixfile.32
 .group         0x0000000000000000        0xc core/unixfile.32
 .group         0x0000000000000000        0xc core/unixfile.32
 .group         0x0000000000000000        0x8 core/unixfile.32
 .group         0x0000000000000000        0xc core/unixfile.32
 .group         0x0000000000000000        0x8 core/unixfile.32
 .group         0x0000000000000000        0xc core/unixfile.32
 .group         0x0000000000000000        0xc core/unixfile.32
 .comment       0x0000000000000000       0x12 core/unixfile.32
 .group         0x0000000000000000        0x8 core/virtmgr.32
 .group         0x0000000000000000        0x8 core/virtmgr.32
 .text._ZN3CPU7readCR3Ev
                0x0000000000000000       0x12 core/virtmgr.32
 .text._ZN3CPU8writeCR3Em
                0x0000000000000000        0x9 core/virtmgr.32
 .comment       0x0000000000000000       0x12 core/virtmgr.32
 .comment       0x0000000000000000       0x12 coreobjs/c++.32
 .comment       0x0000000000000000       0x12 dbg/kconsole.32
 .group         0x0000000000000000        0xc fs/vfs.32
 .group         0x0000000000000000        0xc fs/vfs.32
 .group         0x0000000000000000        0xc fs/vfs.32
 .comment       0x0000000000000000       0x12 fs/vfs.32
 .group         0x0000000000000000        0xc hal/bus.32
 .comment       0x0000000000000000       0x12 hal/bus.32
 .group         0x0000000000000000        0xc hal/buzzer.32
[...]
Memory Configuration

Name             Origin             Length             Attributes
*default*        0x0000000000000000 0xffffffffffffffff

Linker script and memory map

LOAD D:/Users/Alex/Desktop/Banana/kernel/boot.32
LOAD crti.32
LOAD /cygdrive/d/Users/Alex/Desktop/Toolchain/Output/bin/../lib/gcc/i386-banana/8.1.0/crtbegin.o
LOAD D:/Users/Alex/Desktop/Banana/kernel/morenasm.32
LOAD acpica/utclib.32
LOAD core/malloc.32
LOAD libk/string.32
LOAD fs/fat/diskio.32
LOAD fs/fat/ff.32
LOAD fs/fat/ffsystem.32
LOAD fs/fat/ffunicode.32
LOAD hal/libresample/samplerate.32
LOAD hal/libresample/src_linear.32
LOAD hal/libresample/src_sinc.32
LOAD hal/libresample/src_zoh.32
LOAD core/computer.32
LOAD core/gdt.32
LOAD core/idle.32
LOAD core/idt.32
LOAD core/kheap.32
LOAD core/main.32
LOAD core/physmgr.32
LOAD core/pipe.32
LOAD core/terminal.32
LOAD core/tss.32
LOAD core/unixfile.32
LOAD core/virtmgr.32
LOAD coreobjs/c++.32
LOAD dbg/kconsole.32
LOAD fs/vfs.32
LOAD hal/bus.32
LOAD hal/buzzer.32
LOAD hal/clock.32
LOAD hal/device.32
LOAD hal/diskctrl.32
LOAD hal/diskphys.32
LOAD hal/fpu.32
LOAD hal/intctrl.32
LOAD hal/keybrd.32
LOAD hal/logidisk.32
LOAD hal/mouse.32
LOAD hal/partition.32
LOAD hal/timer.32
LOAD hal/vcache.32
LOAD hal/video.32
LOAD hw/acpi.32
LOAD hw/cpu.32
LOAD hw/ports.32
LOAD hw/x87em.32
LOAD krnl/panic.32
LOAD reg/registry.32
LOAD sys/sc_exit.32
LOAD sys/sc_loaddll.32
LOAD sys/sc_read.32
LOAD sys/sc_sbrk.32
LOAD sys/sc_write.32
LOAD sys/sc_yield.32
LOAD sys/syscalls.32
LOAD thr/elf.32
LOAD thr/prcssthr.32
LOAD vm86/vm8086.32
LOAD fs/fat/vfslink.32
LOAD fs/iso9660/vfslink.32
LOAD hal/sound/sndchannel.32
LOAD hal/sound/sndhw.32
LOAD hw/bus/isa.32
LOAD hw/bus/pci.32
LOAD hw/diskctrl/ide.32
LOAD hw/diskphys/ata.32
LOAD hw/diskphys/atapi.32
LOAD hw/fpu/avx.32
LOAD hw/fpu/mmx.32
LOAD hw/fpu/sse.32
LOAD hw/fpu/x87.32
LOAD hw/intctrl/apic.32
LOAD hw/intctrl/pic.32
LOAD hw/timer/apictimer.32
LOAD hw/timer/pit.32
LOAD hw/fpu/x86/avx.32
LOAD hw/fpu/x86/sse.32
LOAD hw/fpu/x86/x87.32
LOAD /cygdrive/d/Users/Alex/Desktop/Toolchain/Output/bin/../lib/gcc/i386-banana/8.1.0/crtend.o
LOAD crtn.32
LOAD /cygdrive/d/Users/Alex/Desktop/Toolchain/Output/bin/../lib/gcc/i386-banana/8.1.0/libkgcc.a
LOAD D:/Users/Alex/Desktop/Banana/kernel/libsoftfp.a
LOAD D:/Users/Alex/Desktop/Banana/kernel/libk/libm32.a
                0x00000000c0000000                . = 0xc0000000

.text           0x00000000c0000000    0x26b08
 *(.text)
 .text          0x00000000c0000000       0x41 D:/Users/Alex/Desktop/Banana/kernel/boot.32
                0x00000000c0000020                callGlobalConstructors
 .text          0x00000000c0000041        0x0 crti.32
 *fill*         0x00000000c0000041        0x3 
 .text          0x00000000c0000044      0x101 /cygdrive/d/Users/Alex/Desktop/Toolchain/Output/bin/../lib/gcc/i386-banana/8.1.0/crtbegin.o
 *fill*         0x00000000c0000145        0xb 
 .text          0x00000000c0000150      0x4fd D:/Users/Alex/Desktop/Banana/kernel/morenasm.32
                0x00000000c0000150                prepareTramp
                0x00000000c0000169                voodooXADD
                0x00000000c000022e                doTPAUSE
                0x00000000c0000238                hasLegacyFPU
                0x00000000c000025d                is486
                0x00000000c0000293                goToVM86
                0x00000000c00002c4                goToUsermode
                0x00000000c00002ef                switchToThreadASMFirstTime
                0x00000000c00002fd                switchToThreadASM
                0x00000000c000039d                detectCPUID
                0x00000000c00003b3                asmQuickAcquireLock
                0x00000000c00003d1                asmQuickReleaseLock
                0x00000000c00003dd                asmAcquireLock
                0x00000000c00003fe                asmReleaseLock
                0x00000000c0000411                loadGDT
                0x00000000c0000431                isr0
                0x00000000c0000441                isr1
                0x00000000c000044b                isr2
                0x00000000c0000455                isr3
                0x00000000c000045f                isr4
                0x00000000c0000469                isr5
                0x00000000c0000473                isr6
                0x00000000c000047d                isr7
                0x00000000c0000487                isr8
                0x00000000c000048f                isr9
                0x00000000c0000499                isr10
                0x00000000c00004a1                isr11
                0x00000000c00004a9                isr12
                0x00000000c00004b1                isr13
                0x00000000c00004b9                isr14
                0x00000000c00004c1                isr15
                0x00000000c00004cb                isr16
                0x00000000c00004d5                isr17
                0x00000000c00004df                isr18
                0x00000000c00004e9                isr96
                0x00000000c00004f3                irq0
                0x00000000c00004fd                irq1
                0x00000000c0000507                irq2
                0x00000000c0000511                irq3
                0x00000000c000051b                irq4
                0x00000000c0000525                irq5
                0x00000000c000052f                irq6
                0x00000000c0000539                irq7
                0x00000000c0000543                irq8
                0x00000000c000054d                irq9
                0x00000000c0000557                irq10
                0x00000000c0000561                irq11
                0x00000000c000056b                irq12
                0x00000000c0000575                irq13
                0x00000000c000057f                irq14
                0x00000000c0000589                irq15
                0x00000000c0000593                irq16
                0x00000000c000059d                irq17
                0x00000000c00005a7                irq18
                0x00000000c00005b1                irq19
                0x00000000c00005bb                irq20
                0x00000000c00005c5                irq21
                0x00000000c00005cf                irq22
                0x00000000c00005d9                irq23
                0x00000000c00005e3                int_common_stub
                0x00000000c0000613                syscall_common_stub
 .text          0x00000000c000064d      0x40f acpica/utclib.32
                0x00000000c000064d                memcmp
                0x00000000c0000678                memmove
                0x00000000c00006b0                memcpy
                0x00000000c00006e6                memset
                0x00000000c0000703                strlen
                0x00000000c0000713                strpbrk
                0x00000000c0000736                strtok
                0x00000000c0000785                strcpy
                0x00000000c00007a5                strncpy
                0x00000000c00007d6                strcmp
                0x00000000c00007f7                strchr
                0x00000000c000080d                strncmp
                0x00000000c000083c                strcat
                0x00000000c0000863                strncat
                0x00000000c000089d                strstr
                0x00000000c00008da                toupper
                0x00000000c00008ee                tolower
                0x00000000c0000902                simple_strtoul
 .text          0x00000000c0000a5c      0xfbf core/malloc.32
                0x00000000c0000bc7                dlfree
                0x00000000c0000f22                dlmalloc
                0x00000000c000145f                dlrealloc
                0x00000000c0001614                dlmemalign
                0x00000000c0001737                dlcalloc
                0x00000000c00017d1                dlcfree
                0x00000000c00017d6                dlindependent_calloc
                0x00000000c00017fb                dlindependent_comalloc
                0x00000000c0001812                dlvalloc
                0x00000000c000183d                dlpvalloc
                0x00000000c0001873                dlmalloc_trim
                0x00000000c0001880                dlmalloc_usable_size
                0x00000000c00018b1                dlmallinfo
                0x00000000c0001980                dlmalloc_stats
                0x00000000c0001991                dlmallopt
 .text          0x00000000c0001a1b        0x0 libk/string.32
 .text          0x00000000c0001a1b       0x51 fs/fat/diskio.32
                0x00000000c0001a1b                disk_status
                0x00000000c0001a1e                disk_initialize
                0x00000000c0001a21                disk_read
                0x00000000c0001a37                disk_write
                0x00000000c0001a4d                disk_ioctl
 .text          0x00000000c0001a6c     0x6833 fs/fat/ff.32
                0x00000000c0004d3a                f_mount
                0x00000000c0004d9c                f_open
                0x00000000c00051d8                f_read
                0x00000000c0005458                f_write
                0x00000000c0005712                f_sync
                0x00000000c00058ee                f_close
                0x00000000c000591d                f_lseek
                0x00000000c0005dd4                f_opendir
                0x00000000c0005ed6                f_closedir
                0x00000000c0005ef8                f_readdir
                0x00000000c0005f93                f_stat
                0x00000000c0006022                f_getfree
                0x00000000c00061ed                f_truncate
                0x00000000c00062e5                f_unlink
                0x00000000c0006468                f_mkdir
                0x00000000c0006694                f_rename
                0x00000000c0006987                f_chmod
                0x00000000c0006a65                f_utime
                0x00000000c0006b43                f_getlabel
                0x00000000c0006d31                f_setlabel
                0x00000000c0006f9e                f_forward
                0x00000000c000717c                f_mkfs
 .text          0x00000000c000829f       0x2d fs/fat/ffsystem.32
                0x00000000c000829f                ff_memalloc
                0x00000000c00082b5                ff_memfree
 .text          0x00000000c00082cc      0x253 fs/fat/ffunicode.32
                0x00000000c00082cc                ff_uni2oem
                0x00000000c000835c                ff_oem2uni
                0x00000000c00083c8                ff_wtoupper
 .text          0x00000000c000851f      0x8a1 hal/libresample/samplerate.32
                0x00000000c00085c6                src_delete
                0x00000000c0008602                src_process
                0x00000000c0008776                src_callback_read
                0x00000000c00088d1                src_set_ratio
                0x00000000c000891a                src_get_channels
                0x00000000c000893c                src_reset
                0x00000000c0008988                src_new
                0x00000000c0008a16                src_callback_new
                0x00000000c0008a78                src_get_name
                0x00000000c0008aaf                src_get_description
                0x00000000c0008ae6                src_get_version
                0x00000000c0008aec                src_is_valid_ratio
                0x00000000c0008b08                src_error
                0x00000000c0008b16                src_strerror
                0x00000000c0008b29                src_simple
                0x00000000c0008b7c                src_short_to_float_array
                0x00000000c0008be1                src_float_to_short_array
                0x00000000c0008ca0                src_int_to_float_array
                0x00000000c0008d03                src_float_to_int_array
 .text          0x00000000c0008dc0      0x8f0 hal/libresample/src_linear.32
                0x00000000c000960b                linear_get_name
                0x00000000c000961a                linear_get_description
                0x00000000c0009629                linear_set_converter
 .text          0x00000000c00096b0     0x40fd hal/libresample/src_sinc.32
                0x00000000c000d6c4                sinc_get_name
                0x00000000c000d6d7                sinc_get_description
                0x00000000c000d6ea                sinc_set_converter
 .text          0x00000000c000d7ad      0x7a6 hal/libresample/src_zoh.32
                0x00000000c000deae                zoh_get_name
                0x00000000c000debd                zoh_get_description
                0x00000000c000decc                zoh_set_converter
 *fill*         0x00000000c000df53        0x1 
 .text          0x00000000c000df54      0x9e1 core/computer.32
                0x00000000c000df54                Computer::close(int, int, void*)
                0x00000000c000df98                Computer::Computer()
                0x00000000c000df98                Computer::Computer()
                0x00000000c000e0f4                Computer::setBootMessage(char const*)
                0x00000000c000e0f6                Computer::start()
                0x00000000c000e1d2                firstTask()
                0x00000000c000e1e0                Computer::detectFeatures()
                0x00000000c000e3ba                Computer::displayFeatures()
                0x00000000c000e700                Computer::rdmsr(unsigned int)
                0x00000000c000e72c                Computer::wrmsr(unsigned int, unsigned long long)
                0x00000000c000e764                Computer::nmiEnabled()
                0x00000000c000e770                Computer::readCMOS(unsigned char)
                0x00000000c000e78a                Computer::enableNMI(bool)
                0x00000000c000e7a2                Computer::open(int, int, void*)
                0x00000000c000e878                Computer::disableNMI()
                0x00000000c000e886                Computer::writeCMOS(unsigned char, unsigned char)
                0x00000000c000e8a4                Computer::handleNMI()
                0x00000000c000e90a                Computer::setDiskActivityLight(int, bool)
 *fill*         0x00000000c000e935        0x1 
 .text          0x00000000c000e936      0x1b7 core/gdt.32
                0x00000000c000e936                GDTEntry::setBase(unsigned int)
                0x00000000c000e952                GDTEntry::setLimit(unsigned int)
                0x00000000c000e970                GDT::GDT()
                0x00000000c000e970                GDT::GDT()
                0x00000000c000e986                GDT::addEntry(GDTEntry)
                0x00000000c000e9c2                GDT::getNumberOfEntries()
                0x00000000c000e9ca                GDT::flush()
                0x00000000c000e9ec                GDT::setup()
 .text          0x00000000c000eaed       0x61 core/idle.32
                0x00000000c000eaed                idleFunction(void*)
 .text          0x00000000c000eb4e      0x45f core/idt.32
                0x00000000c000eb4e                IDTEntry::IDTEntry(bool)
                0x00000000c000eb4e                IDTEntry::IDTEntry(bool)
                0x00000000c000ebbc                IDTEntry::setOffset(unsigned int)
                0x00000000c000ebd0                IDT::IDT()
                0x00000000c000ebd0                IDT::IDT()
                0x00000000c000ebd2                IDT::getPointerToInvalidOpcodeEntryForF00F()
                0x00000000c000ebda                IDT::addEntry(IDTEntry, int)
                0x00000000c000ebf4                IDT::addEntry(int, void (*)(), bool)
                0x00000000c000ec2c                IDT::flush()
                0x00000000c000ec46                IDT::setup()
 .text          0x00000000c000efad      0x20d core/kheap.32
                0x00000000c000efad                sbrk
                0x00000000c000f0c5                mmap
                0x00000000c000f0db                munmap
                0x00000000c000f0f1                liballoc_lock()
                0x00000000c000f102                liballoc_unlock()
                0x00000000c000f113                liballoc_alloc(int)
                0x00000000c000f12e                liballoc_free(void*, int)
                0x00000000c000f14c                realloc
                0x00000000c000f160                malloc
                0x00000000c000f170                free
                0x00000000c000f180                rfree
                0x00000000c000f190                calloc
 .text          0x00000000c000f1ba      0x38d core/main.32
                0x00000000c000f1ba                hwTextMode_loadInData(VgaText*)
                0x00000000c000f1ff                hwTextMode_loadInTitle(VgaText*, char*)
                0x00000000c000f241                hwTextMode_showCursor(VgaText*, bool)
                0x00000000c000f295                hwTextMode_update(VgaText*)
                0x00000000c000f296                hwTextMode_updateCursor(VgaText*)
                0x00000000c000f2de                hwTextMode_disableBlink(VgaText*, bool)
                0x00000000c000f31a                hwTextMode_scrollScreen(VgaText*)
                0x00000000c000f3a0                hwTextMode_writeCharacter(VgaText*, char, VgaColour, VgaColour, int, int)
                0x00000000c000f3fe                setupTextMode()
                0x00000000c000f44f                kernel_main
 .text          0x00000000c000f547      0x4f3 core/physmgr.32
                0x00000000c000f547                Phys::allocateDMA(unsigned long)
                0x00000000c000f5ea                Phys::freeDMA(unsigned long, unsigned long)
                0x00000000c000f632                Phys::setPageState(unsigned long, bool)
                0x00000000c000f664                Phys::getPageState(unsigned long)
                0x00000000c000f680                Phys::freePage(unsigned long)
                0x00000000c000f70a                Phys::allocatePage()
                0x00000000c000f7d2                Phys::allowSegmentToBeUsed(unsigned long, unsigned long)
                0x00000000c000f80a                Phys::physicalMemorySetup(unsigned int)
 .text          0x00000000c000fa3a      0x273 core/pipe.32
                0x00000000c000fa3a                Pipe::isAtty()
                0x00000000c000fa3e                Pipe::~Pipe()
                0x00000000c000fa3e                Pipe::~Pipe()
                0x00000000c000fa62                Pipe::~Pipe()
                0x00000000c000fa8a                Pipe::read(unsigned long long, void*, int*)
                0x00000000c000fb7e                Pipe::write(unsigned long long, void*, int*)
                0x00000000c000fc46                Pipe::Pipe(int)
                0x00000000c000fc46                Pipe::Pipe(int)
 *fill*         0x00000000c000fcad        0x1 
 .text          0x00000000c000fcae      0xf65 core/terminal.32
                0x00000000c000fcae                VgaText::isAtty()
                0x00000000c000fcb2                VgaText::~VgaText()
                0x00000000c000fcb2                VgaText::~VgaText()
                0x00000000c000fcd6                VgaText::~VgaText()
                0x00000000c000fd00                VgaText::read(unsigned long long, void*, int*)
                0x00000000c000fd20                setTerminalScrollLock(bool)
                0x00000000c000fd21                addToTerminalCycle(VgaText*)
                0x00000000c000fd4e                installVgaTextImplementation()
                0x00000000c000fd63                scrollTerminalScrollLock(int)
                0x00000000c000fd64                VgaText::load()
                0x00000000c000fdb8                VgaText::updateCursor()
                0x00000000c000fdd2                VgaText::showCursor(bool)
                0x00000000c000fde2                VgaText::disableBlink(bool)
                0x00000000c000fe1c                VgaText::doANSI_SGR(int)
                0x00000000c000fea8                VgaText::setDefaultBgColour(VgaColour)
                0x00000000c000febe                VgaText::setDefaultFgColour(VgaColour)
                0x00000000c000fed4                VgaText::setDefaultColours(VgaColour, VgaColour)
                0x00000000c000fef4                VgaText::combineColours(unsigned char, unsigned char)
                0x00000000c000ff06                VgaText::scrollScreen()
                0x00000000c000ff9a                VgaText::combineCharAndColour(char, unsigned char)
                0x00000000c000ffac                VgaText::writeCharacter(char, VgaColour, VgaColour, int, int)
                0x00000000c001000c                VgaText::getCursorX()
                0x00000000c0010018                VgaText::getCursorY()
                0x00000000c0010024                VgaText::setCursor(int, int)
                0x00000000c0010042                VgaText::setCursorX(int)
                0x00000000c001005e                VgaText::setCursorY(int)
                0x00000000c001007a                VgaText::incrementCursor(bool)
                0x00000000c00100e2                VgaText::updateRAMUsageDisplay(int)
                0x00000000c001013c                VgaText::updateDiskUsage()
                0x00000000c00102a2                VgaText::updateTitle()
                0x00000000c00102e8                VgaText::setTitleTextColour(VgaColour)
                0x00000000c00102f8                VgaText::setTitleColour(VgaColour)
                0x00000000c0010308                VgaText::setTitle(char*)
                0x00000000c001032e                VgaText::decrementCursor(bool)
                0x00000000c0010356                VgaText::putchar(char, VgaColour, VgaColour)
                0x00000000c0010452                VgaText::isShowingCursor()
                0x00000000c001045e                VgaText::isBlinkDisabled()
                0x00000000c001046c                VgaText::setCursorHeight(int)
                0x00000000c001048a                VgaText::getCursorHeight()
                0x00000000c0010495                setActiveTerminal(VgaText*)
                0x00000000c0010547                doTerminalCycle()
                0x00000000c0010564                VgaText::doUpdate()
                0x00000000c0010576                VgaText::puts(char const*, VgaColour, VgaColour)
                0x00000000c0010736                VgaText::clearScreen()
                0x00000000c001079a                VgaText::putchar(char)
                0x00000000c00108b4                VgaText::puts(char const*)
                0x00000000c00108da                VgaText::putx(unsigned int)
                0x00000000c0010920                VgaText::VgaText(char const*)
                0x00000000c0010920                VgaText::VgaText(char const*)
                0x00000000c0010ab2                VgaText::receiveKey(unsigned char)
                0x00000000c0010b9a                VgaText::write(unsigned long long, void*, int*)
                0x00000000c0010bee                newTerminal(char*)
 *fill*         0x00000000c0010c13        0x1 
 .text          0x00000000c0010c14      0x18f core/tss.32
                0x00000000c0010c14                TSS::TSS()
                0x00000000c0010c14                TSS::TSS()
                0x00000000c0010c22                TSS::setESP(unsigned long)
                0x00000000c0010c34                TSS::flush()
                0x00000000c0010c54                TSS::setup(unsigned long, unsigned long)
 *fill*         0x00000000c0010da3        0x1 
 .text          0x00000000c0010da4      0x482 core/unixfile.32
                0x00000000c0010da4                ReservedFilename::read(unsigned long long, void*, int*)
                0x00000000c0010dfa                ReservedFilename::isAtty()
                0x00000000c0010e16                ReservedFilename::write(unsigned long long, void*, int*)
                0x00000000c0010e74                UnixFile::getFileDescriptor()
                0x00000000c0010e7c                UnixFile::UnixFile(int)
                0x00000000c0010e7c                UnixFile::UnixFile(int)
                0x00000000c0010fec                ReservedFilename::ReservedFilename(int)
                0x00000000c0010fec                ReservedFilename::ReservedFilename(int)
                0x00000000c001101e                UnixFile::~UnixFile()
                0x00000000c001101e                UnixFile::~UnixFile()
                0x00000000c00110b6                UnixFile::~UnixFile()
                0x00000000c00110de                ReservedFilename::~ReservedFilename()
                0x00000000c00110de                ReservedFilename::~ReservedFilename()
                0x00000000c0011102                ReservedFilename::~ReservedFilename()
                0x00000000c0011129                getFromFileDescriptor(int)
 .text          0x00000000c0011226      0xec7 core/virtmgr.32
                0x00000000c0011226                Virt::setPageState(unsigned long, Virt::VirtPageState)
                0x00000000c001125b                Virt::getPageState(unsigned long)
                0x00000000c001127f                Virt::allocateKernelVirtualPages(int)
                0x00000000c0011390                Virt::virtualMemorySetup()
                0x00000000c001140f                Virt::getAKernelVAS()
                0x00000000c0011415                Virt::setupPageSwapping(int)
                0x00000000c001153a                VAS::VAS()
                0x00000000c001153a                VAS::VAS()
                0x00000000c001156a                VAS::VAS(VAS*)
                0x00000000c001156a                VAS::VAS(VAS*)
                0x00000000c001158e                VAS::getForeignPageTableEntry(bool, unsigned long)
                0x00000000c00115ba                VAS::getPageTableEntry(unsigned long)
                0x00000000c00115d9                Virt::freeKernelVirtualPages(unsigned long)
                0x00000000c00116fc                VAS::freeAllocatedPages(unsigned long)
                0x00000000c0011720                VAS::virtualToPhysical(unsigned long)
                0x00000000c0011738                VAS::reflagRange(unsigned long, int, int, int)
                0x00000000c0011778                VAS::setToWriteCombining(unsigned long, int)
                0x00000000c00117b0                VAS::mapOtherVASIn(bool, VAS*)
                0x00000000c00117e6                VAS::~VAS()
                0x00000000c00117e6                VAS::~VAS()
                0x00000000c0011952                VAS::mapPage(unsigned long, unsigned long, int)
                0x00000000c0011a52                VAS::allocatePages(int, int)
                0x00000000c0011c22                VAS::setCPUSpecific(unsigned long)
                0x00000000c0011c3e                VAS::mapRange(unsigned long, unsigned long, int, int)
                0x00000000c0011d08                VAS::mapForeignPage(bool, VAS*, unsigned long, unsigned long, int)
                0x00000000c0011df6                VAS::VAS(bool)
                0x00000000c0011df6                VAS::VAS(bool)
                0x00000000c0012026                mapVASFirstTime
 .text          0x00000000c00120ed       0x93 coreobjs/c++.32
                0x00000000c00120ed                __cxa_atexit
                0x00000000c00120f0                __cxa_finalize
                0x00000000c00120f1                __stack_chk_fail
                0x00000000c0012151                __cxa_pure_virtual
                0x00000000c0012162                operator new(unsigned long)
                0x00000000c0012167                operator new[](unsigned long)
                0x00000000c001216c                operator delete(void*)
                0x00000000c0012171                operator delete(void*, unsigned long)
                0x00000000c0012176                operator delete[](void*)
                0x00000000c001217b                operator delete[](void*, unsigned long)
 .text          0x00000000c0012180      0x1ef dbg/kconsole.32
                0x00000000c0012180                Dbg::stringifyxWithBase(unsigned int, char*, int)
                0x00000000c00121e1                Dbg::logc(char)
                0x00000000c00121f8                Dbg::logs(char*)
                0x00000000c0012215                Dbg::logWriteInt(unsigned int)
                0x00000000c0012232                Dbg::logWriteIntBase(unsigned int, int)
                0x00000000c0012251                Dbg::kprintf(char const*, ...)
 *fill*         0x00000000c001236f        0x1 
 .text          0x00000000c0012370      0xb68 fs/vfs.32
                0x00000000c0012370                File::read(unsigned long long, void*, int*)
                0x00000000c00123c8                File::write(unsigned long long, void*, int*)
                0x00000000c0012420                Directory::read(unsigned long long, void*, int*)
                0x00000000c0012478                Directory::write(unsigned long long, void*, int*)
                0x00000000c00124a6                File::isAtty()
                0x00000000c00124aa                Directory::isAtty()
                0x00000000c00124ae                Filesystem::getlabel(LogicalDisk*, int, char*, unsigned int*)
                0x00000000c00124b4                Filesystem::setlabel(LogicalDisk*, int, char*)
                0x00000000c00124ba                File::~File()
                0x00000000c00124ba                File::~File()
                0x00000000c00124de                File::~File()
                0x00000000c0012508                Directory::~Directory()
                0x00000000c0012508                Directory::~Directory()
                0x00000000c001252c                Directory::~Directory()
                0x00000000c0012556                Filesystem::Filesystem()
                0x00000000c0012556                Filesystem::Filesystem()
                0x00000000c001257a                Filesystem::~Filesystem()
                0x00000000c001257a                Filesystem::~Filesystem()
                0x00000000c0012588                Filesystem::~Filesystem()
                0x00000000c00125ac                initVFS()
                0x00000000c00125d6                standardiseFiles(char*, char const*, char const*)
                0x00000000c0012780                File::File(char const*, Process*)
                0x00000000c0012780                File::File(char const*, Process*)
                0x00000000c00127e4                File::open(FileOpenMode)
                0x00000000c0012842                File::close()
                0x00000000c00128a2                File::seek(unsigned long long)
                0x00000000c00128f8                File::tell(unsigned long long*)
                0x00000000c0012948                File::rewind()
                0x00000000c001295c                File::unlink()
                0x00000000c00129a8                File::rename(char const*)
                0x00000000c00129f6                File::chfatattr(unsigned char, unsigned char)
                0x00000000c0012a52                File::exists()
                0x00000000c0012a90                File::stat(unsigned long long*, bool*)
                0x00000000c0012af1                getcwd(Process*, char*, int)
                0x00000000c0012b1b                setcwd(Process*, char*)
                0x00000000c0012c42                Directory::Directory(char const*, Process*)
                0x00000000c0012c42                Directory::Directory(char const*, Process*)
                0x00000000c0012ca6                Directory::open()
                0x00000000c0012d02                Directory::close()
                0x00000000c0012d62                Directory::unlink()
                0x00000000c0012dae                Directory::rename(char const*)
                0x00000000c0012dfc                Directory::exists()
                0x00000000c0012e3a                Directory::read(dirent*)
                0x00000000c0012e86                Directory::create()
                0x00000000c0012ed2                Filesystem::chfatattr(char const*, unsigned char, unsigned char)
 .text          0x00000000c0012ed8       0x84 hal/bus.32
                0x00000000c0012ed8                Bus::Bus(char const*)
                0x00000000c0012ed8                Bus::Bus(char const*)
                0x00000000c0012f0e                Bus::~Bus()
                0x00000000c0012f0e                Bus::~Bus()
                0x00000000c0012f32                Bus::~Bus()
 .text          0x00000000c0012f5c      0x14e hal/buzzer.32
                0x00000000c0012f5c                Buzzer::Buzzer(char const*)
                0x00000000c0012f5c                Buzzer::Buzzer(char const*)
                0x00000000c0012fa0                Buzzer::~Buzzer()
                0x00000000c0012fa0                Buzzer::~Buzzer()
                0x00000000c0012fc4                Buzzer::~Buzzer()
                0x00000000c0012fee                Buzzer::stop()
                0x00000000c0013001                beepThread(void*)
                0x00000000c001303c                Buzzer::beep(int, int, bool)
 .text          0x00000000c00130aa      0x42f hal/clock.32
                0x00000000c00130aa                loadClockSettings()
                0x00000000c00130c4                Clock::Clock(char const*)
                0x00000000c00130c4                Clock::Clock(char const*)
                0x00000000c00130fa                Clock::~Clock()
                0x00000000c00130fa                Clock::~Clock()
                0x00000000c001311e                Clock::~Clock()
                0x00000000c0013148                Clock::timeInSecondsLocal()
                0x00000000c0013190                Clock::setTimeInSecondsLocal(unsigned long long)
                0x00000000c00131e9                datetimeToSeconds(datetime_t)
                0x00000000c0013310                Clock::setTimeInDatetimeLocal(datetime_t)
                0x00000000c0013370                secondsToDatetime(unsigned long long)
                0x00000000c00134b4                Clock::timeInDatetimeLocal()
 *fill*         0x00000000c00134d9        0x1 
 .text          0x00000000c00134da      0x504 hal/device.32
                0x00000000c00134da                Device::hibernate()
                0x00000000c00134dc                Device::wake()
                0x00000000c00134de                Device::detect()
                0x00000000c00134e0                Device::disableLegacy()
                0x00000000c00134e2                Device::powerSaving(PowerSavingLevel)
                0x00000000c00134e4                DriverlessDevice::close(int, int, void*)
                0x00000000c00134e8                DriverlessDevice::detect()
                0x00000000c00134ea                DriverlessDevice::open(int, int, void*)
                0x00000000c00134fe                Device::~Device()
                0x00000000c00134fe                Device::~Device()
                0x00000000c001350c                Device::~Device()
                0x00000000c0013534                Device::findAndLoadDriver()
                0x00000000c0013536                Device::preOpenPCI(PCIDeviceInfo)
                0x00000000c001355c                Device::preOpenACPI(void*, char*, char*)
                0x00000000c00135b0                Device::addIRQHandler(int, void (*)(regs*, void*), bool, void*)
                0x00000000c001360e                Device::removeIRQHandler(int, void (*)(regs*, void*), bool)
                0x00000000c001365c                Device::addChild(Device*)
                0x00000000c00136a0                Device::removeAllChildren()
                0x00000000c00136e6                Device::hibernateAll()
                0x00000000c0013716                Device::wakeAll()
                0x00000000c0013746                Device::detectAll()
                0x00000000c0013776                Device::disableLegacyAll()
                0x00000000c00137a6                Device::loadDriversForAll()
                0x00000000c00137d2                Device::closeAll()
                0x00000000c0013808                Device::powerSavingAll(PowerSavingLevel)
                0x00000000c001383e                Device::setName(char const*)
                0x00000000c001384c                Device::Device(char const*)
                0x00000000c001384c                Device::Device(char const*)
                0x00000000c001393e                Device::getName()
                0x00000000c0013948                DriverlessDevice::DriverlessDevice(char const*)
                0x00000000c0013948                DriverlessDevice::DriverlessDevice(char const*)
                0x00000000c0013970                Device::addToLinkedList(LinkedList<Device>&, DeviceType)
                0x00000000c00139b4                getDevicesOfType(DeviceType)
 .text          0x00000000c00139de       0x84 hal/diskctrl.32
                0x00000000c00139de                HardDiskController::HardDiskController(char const*)
                0x00000000c00139de                HardDiskController::HardDiskController(char const*)
                0x00000000c0013a14                HardDiskController::~HardDiskController()
                0x00000000c0013a14                HardDiskController::~HardDiskController()
                0x00000000c0013a38                HardDiskController::~HardDiskController()
 .text          0x00000000c0013a62       0xde hal/diskphys.32
                0x00000000c0013a62                PhysicalDisk::PhysicalDisk(char const*, int)
                0x00000000c0013a62                PhysicalDisk::PhysicalDisk(char const*, int)
                0x00000000c0013aca                PhysicalDisk::startCache()
                0x00000000c0013af2                PhysicalDisk::~PhysicalDisk()
                0x00000000c0013af2                PhysicalDisk::~PhysicalDisk()
                0x00000000c0013b16                PhysicalDisk::~PhysicalDisk()
 .text          0x00000000c0013b40      0x142 hal/fpu.32
                0x00000000c0013b40                FPU::FPU(char const*)
                0x00000000c0013b40                FPU::FPU(char const*)
                0x00000000c0013b76                FPU::~FPU()
                0x00000000c0013b76                FPU::~FPU()
                0x00000000c0013b9a                FPU::~FPU()
                0x00000000c0013bc4                setupFPU()
 .text          0x00000000c0013c82     0x12c1 hal/intctrl.32
                0x00000000c0013c82                InterruptController::uninstallISRHandler(int, void (*)(regs*, void*))
                0x00000000c0013cba                InterruptController::installISRHandler(int, void (*)(regs*, void*), void*)
                0x00000000c0013d0c                doubleFault(regs*, void*)
                0x00000000c0013d26                InterruptController::installIRQHandler(int, void (*)(regs*, void*), bool, void*)
                0x00000000c0013dc2                InterruptController::clearAllHandlers(int, bool)
                0x00000000c0013e6a                InterruptController::uninstallIRQHandler(int, void (*)(regs*, void*), bool)
                0x00000000c0013ef1                nmiHandler(regs*, void*)
                0x00000000c0013eff                int_handler
                0x00000000c0013f9a                InterruptController::InterruptController(char const*)
                0x00000000c0013f9a                InterruptController::InterruptController(char const*)
                0x00000000c0014040                InterruptController::~InterruptController()
                0x00000000c0014040                InterruptController::~InterruptController()
                0x00000000c0014064                InterruptController::~InterruptController()
                0x00000000c001408e                displayDebugInfo(regs*)
                0x00000000c00144a5                x87EmulHandler(regs*, void*)
                0x00000000c00144ed                gpFault(regs*, void*)
                0x00000000c0014526                pgFault(regs*, void*)
                0x00000000c001453d                otherISRHandler(regs*, void*)
                0x00000000c001455c                opcodeFault(regs*, void*)
                0x00000000c0014b15                displayProgramFault(char const*)
                0x00000000c0014b3d                setupInterruptController()
                0x00000000c0014ef6                InterruptController::convertLegacyIRQNumber(int)
 *fill*         0x00000000c0014f43        0x1 
 .text          0x00000000c0014f44      0x620 hal/keybrd.32
                0x00000000c0014f44                startGUI(void*)
                0x00000000c0014fb6                sendKeyToTerminal(unsigned char)
                0x00000000c0015022                sendKeyboardToken(KeyboardToken)
                0x00000000c00153fd                clearInternalKeybuffer(VgaText*)
                0x00000000c0015432                readKeyboard(VgaText*, char*, unsigned long)
                0x00000000c00154da                Keyboard::Keyboard(char const*)
                0x00000000c00154da                Keyboard::Keyboard(char const*)
                0x00000000c0015516                Keyboard::~Keyboard()
                0x00000000c0015516                Keyboard::~Keyboard()
                0x00000000c001553a                Keyboard::~Keyboard()
 .text          0x00000000c0015564      0x400 hal/logidisk.32
                0x00000000c0015564                LogicalDisk::close(int, int, void*)
                0x00000000c0015568                LogicalDisk::~LogicalDisk()
                0x00000000c0015568                LogicalDisk::~LogicalDisk()
                0x00000000c001558c                LogicalDisk::~LogicalDisk()
                0x00000000c00155b6                LogicalDisk::open(int, int, void*)
                0x00000000c00155ca                LogicalDisk::absoluteToRelative(unsigned long long)
                0x00000000c0015602                LogicalDisk::relativeToAbsolute(unsigned long long)
                0x00000000c0015648                LogicalDisk::LogicalDisk(char const*, PhysicalDisk*, unsigned long long, unsigned long long)
                0x00000000c0015648                LogicalDisk::LogicalDisk(char const*, PhysicalDisk*, unsigned long long, unsigned long long)
                0x00000000c00156fe                LogicalDisk::assignDriveLetter()
                0x00000000c00157b4                LogicalDisk::mount()
                0x00000000c0015826                LogicalDisk::unmount()
                0x00000000c0015836                LogicalDisk::unassignDriveLetter()
                0x00000000c001588c                LogicalDisk::read(unsigned long long, int, void*)
                0x00000000c00158f8                LogicalDisk::write(unsigned long long, int, void*)
 .text          0x00000000c0015964       0x84 hal/mouse.32
                0x00000000c0015964                Mouse::Mouse(char const*)
                0x00000000c0015964                Mouse::Mouse(char const*)
                0x00000000c001599a                Mouse::~Mouse()
                0x00000000c001599a                Mouse::~Mouse()
                0x00000000c00159be                Mouse::~Mouse()
 .text          0x00000000c00159e8      0x339 hal/partition.32
                0x00000000c00159e8                makePartition(PhysicalDisk*, unsigned long long, unsigned long long)
                0x00000000c0015a90                createPartitionsForDisk(PhysicalDisk*)
 *fill*         0x00000000c0015d21        0x1 
 .text          0x00000000c0015d22      0x2e7 hal/timer.32
                0x00000000c0015d22                Timer::Timer(char const*)
                0x00000000c0015d22                Timer::Timer(char const*)
                0x00000000c0015d58                Timer::~Timer()
                0x00000000c0015d58                Timer::~Timer()
                0x00000000c0015d7c                Timer::~Timer()
                0x00000000c0015da6                Timer::read()
                0x00000000c0015db1                timerHandler(unsigned long long)
                0x00000000c0015ee8                setupTimer(int)
 *fill*         0x00000000c0016009        0x1 
 .text          0x00000000c001600a      0x2d1 hal/vcache.32
                0x00000000c001600a                VCache::VCache(PhysicalDisk*)
                0x00000000c001600a                VCache::VCache(PhysicalDisk*)
                0x00000000c00160fa                VCache::writeWriteBuffer()
                0x00000000c0016136                VCache::~VCache()
                0x00000000c0016136                VCache::~VCache()
                0x00000000c0016176                VCache::~VCache()
                0x00000000c001619e                VCache::write(unsigned long long, int, void*)
                0x00000000c0016282                VCache::read(unsigned long long, int, void*)
 *fill*         0x00000000c00162db        0x1 
 .text          0x00000000c00162dc      0x26d hal/video.32
                0x00000000c00162dc                Video::putrect(int, int, int, int, unsigned int)
                0x00000000c0016326                Video::blit(unsigned int*, int, int, int, int)
                0x00000000c00163a4                Video::clearScreen(unsigned int)
                0x00000000c00163d8                Video::putpixel(int, int, unsigned int)
                0x00000000c00163e6                Video::Video(char const*)
                0x00000000c00163e6                Video::Video(char const*)
                0x00000000c001641c                Video::~Video()
                0x00000000c001641c                Video::~Video()
                0x00000000c0016440                Video::~Video()
                0x00000000c001646a                Video::isMonochrome()
                0x00000000c0016476                Video::getWidth()
                0x00000000c0016482                Video::getHeight()
                0x00000000c001648e                Video::drawCursor(int, int, unsigned char*, int)
 *fill*         0x00000000c0016549        0x1 
 .text          0x00000000c001654a      0xd04 hw/acpi.32
                0x00000000c001654a                ACPI::close(int, int, void*)
                0x00000000c00165ff                findRSDP()
                0x00000000c0016689                loadACPITables(unsigned char*)
                0x00000000c00168b0                findRSDT(unsigned char*)
                0x00000000c00169ce                findDataTable(unsigned char*, char*)
                0x00000000c0016a6a                scanMADT()
                0x00000000c0016dfe                ACPI::ACPI()
                0x00000000c0016dfe                ACPI::ACPI()
                0x00000000c0016e5e                ACPI::getPCIIRQAssignment(unsigned char, unsigned short, unsigned char)
                0x00000000c0016f40                ACPI::registerPCIIRQAssignment(void*, unsigned short, unsigned char, unsigned char)
                0x00000000c0017046                ACPI::setScreenBrightnessLevel(void*, int)
                0x00000000c001704c                ACPI::writeSimpleBootFlag(SimpleBootFlagTable*)
                0x00000000c0017094                ACPI::open(int, int, void*)
                0x00000000c0017236                ACPI::sleep()
 .text          0x00000000c001724e     0x17a6 hw/cpu.32
                0x00000000c001724e                CPU::close(int, int, void*)
                0x00000000c0017251                lookupAMDCPUName(unsigned char, unsigned char)
                0x00000000c00173e5                lookupIntelCPUName(unsigned char, unsigned char)
                0x00000000c0017693                AMD_K6_write_msr(unsigned int, unsigned int, unsigned int, REGS*)
                0x00000000c00176af                AMD_K6_read_msr(unsigned int, REGS*)
                0x00000000c00176c7                AMD_K6_writeback(int, int, int)
                0x00000000c001773a                cpuid(int, unsigned long*, unsigned long*, unsigned long*, unsigned long*)
                0x00000000c00177bd                cpuidCheckEDX(unsigned int)
                0x00000000c00177ea                cpuidCheckECX(unsigned int)
                0x00000000c0017817                cpuidCheckExtendedEBX(unsigned int)
                0x00000000c0017844                cpuidCheckExtendedECX(unsigned int)
                0x00000000c0017871                getCPUNumber()
                0x00000000c0017874                thisCPU()
                0x00000000c0017888                CPU::CPU()
                0x00000000c0017888                CPU::CPU()
                0x00000000c0017916                CPU::displayFeatures()
                0x00000000c0017b92                CPU::detectFeatures()
                0x00000000c0018584                CPU::setupSMEP()
                0x00000000c001859e                CPU::setupUMIP()
                0x00000000c00185b6                CPU::setupTSC()
                0x00000000c00185ce                CPU::setupLargePages()
                0x00000000c00185e6                CPU::setupPAT()
                0x00000000c0018622                CPU::setupMTRR()
                0x00000000c0018624                CPU::setupGlobalPages()
                0x00000000c001863a                CPU::allowUsermodeDataAccess()
                0x00000000c001864c                CPU::prohibitUsermodeDataAccess()
                0x00000000c001865e                CPU::setupSMAP()
                0x00000000c0018684                CPU::setupFeatures()
                0x00000000c0018726                CPU::open(int, int, void*)
                0x00000000c00187fc                CPU::decodeAddress(regs*, int*, bool*, unsigned char*)
 .text          0x00000000c00189f4        0x0 hw/ports.32
 .text          0x00000000c00189f4     0x2a07 hw/x87em.32
                0x00000000c00189f4                fpuInternalTo32(unsigned long long)
                0x00000000c0018af4                fpuInternalTo64(unsigned long long)
                0x00000000c0018b11                fpu32ToInternal(unsigned int)
                0x00000000c0018b8d                fpu64ToInternal(unsigned long long)
                0x00000000c0018baa                fpuFloatToLong(unsigned long long)
                0x00000000c0018c87                fpuULongToFloat(unsigned long long)
                0x00000000c0018d4f                fpuLongToFloat(long long)
                0x00000000c0018e72                fpuGet0()
                0x00000000c0018e7d                fpuGet1()
                0x00000000c0018e88                fpuGetPi()
                0x00000000c0018e93                fpuGetLog2E()
                0x00000000c0018eb4                fpuGetLogE2()
                0x00000000c0018ed5                fpuGetLog210()
                0x00000000c0018ef6                fpuGetLog102()
                0x00000000c0018f17                fpuIsSecondLarger(unsigned long long, unsigned long long)
                0x00000000c0018f58                fpuAreEqual(unsigned long long, unsigned long long)
                0x00000000c0018f96                fpuUnorderedCompare(unsigned long long, unsigned long long)
                0x00000000c001904e                fpuAdd(unsigned long long, unsigned long long)
                0x00000000c0019089                fpuAbs(unsigned long long)
                0x00000000c00190a6                fpuChs(unsigned long long)
                0x00000000c00190ca                fpuSub(unsigned long long, unsigned long long)
                0x00000000c0019110                fpuMultiply(unsigned long long, unsigned long long)
                0x00000000c0019157                fpuDivide(unsigned long long, unsigned long long)
                0x00000000c0019195                fpuSquare(unsigned long long)
                0x00000000c00191c3                fpuGetReg(int)
                0x00000000c001925b                fpuSetReg(int, unsigned long long)
                0x00000000c00192fe                fpuPush(unsigned long long)
                0x00000000c00193b6                fpuPop()
                0x00000000c0019462                x87Handler(regs*)
 .text          0x00000000c001b3fb      0x338 krnl/panic.32
                0x00000000c001b3fb                Krnl::panic(char const*)
 .text          0x00000000c001b733      0x503 reg/registry.32
                0x00000000c001b733                Reg::findLineFromLoadedData(char*, char*, char*)
                0x00000000c001b88b                Reg::getLineFromRegistry(char*, char*, char*, char*)
                0x00000000c001b9ea                Reg::getLine(char*, char*, char*)
                0x00000000c001ba21                Reg::readInt(char*, char*, int*)
                0x00000000c001bb0c                Reg::readString(char*, char*, char*, int)
                0x00000000c001bb8d                Reg::readBool(char*, char*, bool*)
                0x00000000c001bbb2                Reg::readBoolWithDefault(char*, char*, bool)
                0x00000000c001bbde                Reg::readIntWithDefault(char*, char*, int)
                0x00000000c001bc0a                Reg::readStringWithDefault(char*, char*, char*, int, char*)
 .text          0x00000000c001bc36       0x18 sys/sc_exit.32
                0x00000000c001bc36                Sys::exit(regs*)
 .text          0x00000000c001bc4e       0x95 sys/sc_loaddll.32
                0x00000000c001bc4e                Sys::loadDLL(regs*)
 .text          0x00000000c001bce3       0x68 sys/sc_read.32
                0x00000000c001bce3                Sys::read(regs*)
 .text          0x00000000c001bd4b       0x55 sys/sc_sbrk.32
                0x00000000c001bd4b                Sys::sbrk(regs*)
 .text          0x00000000c001bda0       0x68 sys/sc_write.32
                0x00000000c001bda0                Sys::write(regs*)
 .text          0x00000000c001be08       0x1a sys/sc_yield.32
                0x00000000c001be08                Sys::yield(regs*)
 .text          0x00000000c001be22      0xf85 sys/syscalls.32
                0x00000000c001be22                sysCallGetPID(regs*)
                0x00000000c001be2e                sysCallSeekDir(regs*)
                0x00000000c001be33                sysCallTellDir(regs*)
                0x00000000c001be38                sysCallVerify(regs*)
                0x00000000c001be42                sysCallFork(regs*)
                0x00000000c001be4d                sysCallExecve(regs*)
                0x00000000c001be58                sysCallGetArgc(regs*)
                0x00000000c001be68                sysFormatDisk(regs*)
                0x00000000c001bed2                sysSetDiskVolumeLabel(regs*)
                0x00000000c001bf18                sysGetDiskVolumeLabel(regs*)
                0x00000000c001bf69                sysShutdown(regs*)
                0x00000000c001bfc7                sysCallGetCwd(regs*)
                0x00000000c001bfe6                sysCallSetCwd(regs*)
                0x00000000c001c002                sysCallRealpath(regs*)
                0x00000000c001c045                sysCallReadDir(regs*)
                0x00000000c001c0d3                sysCallIsATTY(regs*)
                0x00000000c001c12d                sysCallSeek(regs*)
                0x00000000c001c196                sysCallTell(regs*)
                0x00000000c001c213                sysCallSizeFromFilename(regs*)
                0x00000000c001c2c4                sysCallSize(regs*)
                0x00000000c001c347                sysCallClose(regs*)
                0x00000000c001c3cf                sysCallOpenDir(regs*)
                0x00000000c001c43c                sysCallMakeDir(regs*)
                0x00000000c001c495                sysCallCloseDir(regs*)
                0x00000000c001c4fb                sysCallWait(regs*)
                0x00000000c001c515                sysCallRmdir(regs*)
                0x00000000c001c567                sysCallUnlink(regs*)
                0x00000000c001c5b9                sysCallGetArgv(regs*)
                0x00000000c001c605                sysCallTTYName(regs*)
                0x00000000c001c688                sysCallGetEnv(regs*)
                0x00000000c001c6da                sysCallUSleep(regs*)
                0x00000000c001c701                sysCallSpawn(regs*)
                0x00000000c001c759                sysAppSettings(regs*)
                0x00000000c001c878                sysSetFatAttrib(regs*)
                0x00000000c001c8d8                sysPanic(regs*)
                0x00000000c001c8fe                sysPipe(regs*)
                0x00000000c001c943                sysGetUnixTime(regs*)
                0x00000000c001c957                string_ends_with(char const*, char const*)
                0x00000000c001c99f                sysCallOpen(regs*)
                0x00000000c001cbac                setupSystemCalls()
                0x00000000c001cd65                systemCall(regs*, void*)
 .text          0x00000000c001cda7     0x11c7 thr/elf.32
                0x00000000c001cda7                Thr::allocateMemoryForTask(Process*, File*, unsigned long, unsigned long, unsigned long)
                0x00000000c001d024                Thr::loadProgramIntoMemory(Process*, char const*)
                0x00000000c001d23a                Thr::runtimeReferenceHelper()
                0x00000000c001d24d                Thr::getAddressOfKernelSymbol(char const*)
                0x00000000c001d29c                Thr::loadKernelSymbolTable(char const*)
                0x00000000c001d55d                Thr::loadDriverIntoMemory(char const*, unsigned long, bool)
                0x00000000c001dcfb                Thr::getDriverBaseFromAddress(unsigned long)
                0x00000000c001dd2d                Thr::getDriverNameFromAddress(unsigned long)
                0x00000000c001dd64                Thr::getDriverOffsetFromAddress(unsigned long)
                0x00000000c001dd7e                Thr::loadDLL(char const*, bool)
                0x00000000c001df44                Thr::executeDLL(unsigned long, void*)
 .text          0x00000000c001df6e      0xfce thr/prcssthr.32
                0x00000000c001df6e                changeTSS
                0x00000000c001df9c                Process::addArgs(char**)
                0x00000000c001dff6                Process::Process(char const*, Process*, char**)
                0x00000000c001dff6                Process::Process(char const*, Process*, char**)
                0x00000000c001e1ae                Process::Process(bool, char const*, Process*, char**)
                0x00000000c001e1ae                Process::Process(bool, char const*, Process*, char**)
                0x00000000c001e331                disableIRQs()
                0x00000000c001e339                getIRQNestingLevel()
                0x00000000c001e33f                enableIRQs()
                0x00000000c001e34e                lockScheduler()
                0x00000000c001e350                unlockScheduler()
                0x00000000c001e352                userModeEntryPoint(void*)
                0x00000000c001e375                lockStuff()
                0x00000000c001e381                taskStartupFunction
                0x00000000c001e38a                updateTimeUsed()
                0x00000000c001e3e8                switchToThread(ThreadControlBlock*)
                0x00000000c001e438                Semaphore::Semaphore(int)
                0x00000000c001e438                Semaphore::Semaphore(int)
                0x00000000c001e466                Mutex::Mutex()
                0x00000000c001e466                Mutex::Mutex()
                0x00000000c001e478                Process::createThread(void (*)(void*), void*, int)
                0x00000000c001e55c                Process::createUserThread()
                0x00000000c001e578                setupMultitasking(void (*)())
                0x00000000c001e682                schedule()
                0x00000000c001e707                unlockStuff()
                0x00000000c001e73c                Semaphore::tryAcquire()
                0x00000000c001e76a                Semaphore::assertLocked(char const*)
                0x00000000c001e79a                blockTaskWithSchedulerLockAlreadyHeld(TaskState)
                0x00000000c001e7dc                blockTask(TaskState)
                0x00000000c001e7fd                waitTask(int, int*, int)
                0x00000000c001e83f                nanoSleepUntil(unsigned long long)
                0x00000000c001e896                nanoSleep(unsigned long long)
                0x00000000c001e8ab                sleep(unsigned long long)
                0x00000000c001e8c8                Semaphore::acquire()
                0x00000000c001e930                taskReturned
                0x00000000c001e95e                unblockTask(ThreadControlBlock*)
                0x00000000c001ea0d                cleanupTerminatedTask(ThreadControlBlock*)
                0x00000000c001ecb1                cleanerTaskFunction(void*)
                0x00000000c001ed64                terminateTask(int)
                0x00000000c001ee44                Thr::terminateFromIRQ(int)
                0x00000000c001ee50                Semaphore::release()
 .text          0x00000000c001ef3c      0x8bf vm86/vm8086.32
                0x00000000c001ef3c                Vm::vm8086EntryPoint(void*)
                0x00000000c001ef67                Vm::inbv(unsigned short)
                0x00000000c001ef6d                Vm::outbv(unsigned short, unsigned char)
                0x00000000c001ef77                Vm::realToLinear(unsigned short, unsigned short)
                0x00000000c001ef87                Vm::getSegment(unsigned int)
                0x00000000c001ef8f                Vm::getOffset(unsigned int)
                0x00000000c001ef94                Vm::loadFileAsThread(Process*, char const*, unsigned short, unsigned short, unsigned short, unsigned short)
                0x00000000c001f0c3                Vm::doISR(regs*, int, unsigned char*, unsigned short, unsigned short)
                0x00000000c001f14d                Vm::readByteFromReal(unsigned short, unsigned short)
                0x00000000c001f15e                Vm::readWordFromReal(unsigned short, unsigned short)
                0x00000000c001f170                Vm::readDwordFromReal(unsigned short, unsigned short)
                0x00000000c001f181                Vm::writeByteFromReal(unsigned short, unsigned short, unsigned char)
                0x00000000c001f196                Vm::writeWordFromReal(unsigned short, unsigned short, unsigned short)
                0x00000000c001f1ac                Vm::writeDwordFromReal(unsigned short, unsigned short, unsigned int)
                0x00000000c001f1c1                Vm::faultHandler(regs*)
 *fill*         0x00000000c001f7fb        0x1 
 .text          0x00000000c001f7fc     0x10ed fs/fat/vfslink.32
                0x00000000c001f7fc                FAT::getName()
                0x00000000c001f802                FAT::tell(void*, unsigned long long*)
                0x00000000c001f836                FAT::stat(void*, unsigned long long*)
                0x00000000c001f86a                FAT::~FAT()
                0x00000000c001f86a                FAT::~FAT()
                0x00000000c001f88e                FAT::~FAT()
                0x00000000c001f8b6                FAT::getlabel(LogicalDisk*, int, char*, unsigned int*)
                0x00000000c001f954                FAT::setlabel(LogicalDisk*, int, char*)
                0x00000000c001fa0e                FAT::format(LogicalDisk*, int, char const*, int)
                0x00000000c001fbf2                FAT::tryMount(LogicalDisk*, int)
                0x00000000c001fdf8                FAT::readDir(void*, unsigned long, void*, int*)
                0x00000000c001fefe                FAT::read(void*, unsigned long, void*, int*)
                0x00000000c001ff58                FAT::write(void*, unsigned long, void*, int*)
                0x00000000c001ffb2                FAT::close(void*)
                0x00000000c001fffe                FAT::closeDir(void*)
                0x00000000c002004a                FAT::seek(void*, unsigned long long)
                0x00000000c002009e                fatWrapperReadDisk
                0x00000000c00200e5                fatWrapperWriteDisk
                0x00000000c002012c                fatWrapperIoctl
                0x00000000c0020230                FAT::FAT()
                0x00000000c0020230                FAT::FAT()
                0x00000000c0020282                FAT::fixFilepath(char*)
                0x00000000c00202ba                FAT::open(char const*, void**, FileOpenMode)
                0x00000000c00203e2                FAT::openDir(char const*, void**)
                0x00000000c0020488                FAT::stat(char const*, unsigned long long*, bool*)
                0x00000000c0020572                FAT::unlink(char const*)
                0x00000000c00205ec                FAT::chfatattr(char const*, unsigned char, unsigned char)
                0x00000000c0020740                FAT::rename(char const*, char const*)
                0x00000000c0020804                FAT::mkdir(char const*)
                0x00000000c002087e                FAT::exists(char const*)
 *fill*         0x00000000c00208e9        0x1 
 .text          0x00000000c00208ea      0xbdf fs/iso9660/vfslink.32
                0x00000000c00208ea                ISO9660::format(LogicalDisk*, int, char const*, int)
                0x00000000c00208f0                ISO9660::seek(void*, unsigned long long)
                0x00000000c0020920                ISO9660::tell(void*, unsigned long long*)
                0x00000000c0020944                ISO9660::getName()
                0x00000000c002094a                ISO9660::stat(void*, unsigned long long*)
                0x00000000c002096e                ISO9660::chfatattr(char const*, unsigned char, unsigned char)
                0x00000000c0020974                ISO9660::unlink(char const*)
                0x00000000c002097a                ISO9660::write(void*, unsigned long, void*, int*)
                0x00000000c0020980                ISO9660::rename(char const*, char const*)
                0x00000000c0020986                ISO9660::mkdir(char const*)
                0x00000000c002098c                ISO9660::close(void*)
                0x00000000c00209ae                ISO9660::closeDir(void*)
                0x00000000c00209d0                ISO9660::~ISO9660()
                0x00000000c00209d0                ISO9660::~ISO9660()
                0x00000000c00209f4                ISO9660::~ISO9660()
                0x00000000c0020a1b                __memmem(unsigned char*, int, unsigned char*, int)
                0x00000000c0020a5d                readSectorFromCDROM(unsigned int, unsigned char*, char)
                0x00000000c0020ac4                ISO9660::tryMount(LogicalDisk*, int)
                0x00000000c0020b14                ISO9660::read(void*, unsigned long, void*, int*)
                0x00000000c0020d58                ISO9660::readDir(void*, unsigned long, void*, int*)
                0x00000000c0020fe5                readRoot(unsigned int*, unsigned int*, char)
                0x00000000c002103a                readRecursively(char*, unsigned int, unsigned int, unsigned int*, unsigned int*, char, int*)
                0x00000000c002120d                getFileData(char*, unsigned int*, unsigned int*, char, int*)
                0x00000000c002129c                ISO9660::open(char const*, void**, FileOpenMode)
                0x00000000c0021336                ISO9660::exists(char const*)
                0x00000000c002135a                ISO9660::stat(char const*, unsigned long long*, bool*)
                0x00000000c00213ee                ISO9660::openDir(char const*, void**)
                0x00000000c00214a6                ISO9660::ISO9660()
                0x00000000c00214a6                ISO9660::ISO9660()
 *fill*         0x00000000c00214c9        0x1 
 .text          0x00000000c00214ca      0x326 hal/sound/sndchannel.32
                0x00000000c00214ca                SoundChannel::~SoundChannel()
                0x00000000c00214ca                SoundChannel::~SoundChannel()
                0x00000000c00214e6                SoundChannel::setSpeed(float)
                0x00000000c00214f2                SoundChannel::getSpeed()
                0x00000000c00214fa                SoundChannel::setVolume(int)
                0x00000000c0021516                SoundChannel::getVolume()
                0x00000000c002151e                SoundChannel::pause()
                0x00000000c0021528                SoundChannel::SoundChannel(int, int, int, int)
                0x00000000c0021528                SoundChannel::SoundChannel(int, int, int, int)
                0x00000000c002167e                SoundChannel::play()
                0x00000000c0021688                SoundChannel::paused()
                0x00000000c0021690                SoundChannel::getSampleRate()
                0x00000000c0021698                SoundChannel::getBits()
                0x00000000c00216a0                SoundChannel::getBufferUsed()
                0x00000000c00216a8                SoundChannel::getBufferSize()
                0x00000000c00216b0                SoundChannel::unbuffer(float*, int, int)
                0x00000000c0021750                SoundChannel::buffer8(unsigned char*, int)
 .text          0x00000000c00217f0      0x3d5 hal/sound/sndhw.32
                0x00000000c00217f0                SoundDevice::SoundDevice(char const*)
                0x00000000c00217f0                SoundDevice::SoundDevice(char const*)
                0x00000000c002185c                SoundDevice::~SoundDevice()
                0x00000000c002185c                SoundDevice::~SoundDevice()
                0x00000000c00218d6                SoundDevice::~SoundDevice()
                0x00000000c0021900                SoundDevice::getFreeChannelNum()
                0x00000000c002191a                SoundDevice::addChannel(SoundChannel*)
                0x00000000c002198a                SoundDevice::removeChannel(int)
                0x00000000c00219bc                SoundDevice::floatTo8(float*, unsigned char*, int)
                0x00000000c0021aa4                SoundDevice::getAudio(int, float*, float*)
 .text          0x00000000c0021bc5        0x0 hw/bus/isa.32
 *fill*         0x00000000c0021bc5        0x1 
 .text          0x00000000c0021bc6      0x6c1 hw/bus/pci.32
                0x00000000c0021bc6                PCI::open(int, int, void*)
                0x00000000c0021bda                PCI::close(int, int, void*)
                0x00000000c0021bde                PCI::PCI()
                0x00000000c0021bde                PCI::PCI()
                0x00000000c0021c5e                PCI::pciReadWord(unsigned char, unsigned char, unsigned char, unsigned char)
                0x00000000c0021ca6                PCI::getVendorID(unsigned char, unsigned char, unsigned char)
                0x00000000c0021cc8                PCI::getHeaderType(unsigned char, unsigned char, unsigned char)
                0x00000000c0021cec                PCI::getClassCode(unsigned char, unsigned char, unsigned char)
                0x00000000c0021d30                PCI::getProgIF(unsigned char, unsigned char, unsigned char)
                0x00000000c0021d54                PCI::getRevisionID(unsigned char, unsigned char, unsigned char)
                0x00000000c0021d76                PCI::getInterruptNumber(unsigned char, unsigned char, unsigned char)
                0x00000000c0021d98                PCI::getSecondaryBus(unsigned char, unsigned char, unsigned char)
                0x00000000c0021dbc                PCI::getBARAddress(unsigned char, unsigned char, unsigned char, unsigned char)
                0x00000000c0021e1c                PCI::pciWriteWord(unsigned char, unsigned char, unsigned char, unsigned char, unsigned short)
                0x00000000c0021e88                PCI::checkBus(unsigned char)
                0x00000000c0021eac                PCI::foundDevice(PCIDeviceInfo)
                0x00000000c002201c                PCI::getDeviceData(unsigned char, unsigned char, unsigned char)
                0x00000000c00221c8                PCI::checkDevice(unsigned char, unsigned char)
                0x00000000c0022234                PCI::detect()
 *fill*         0x00000000c0022287        0x1 
 .text          0x00000000c0022288      0xc70 hw/diskctrl/ide.32
                0x00000000c0022288                IDE::close(int, int, void*)
                0x00000000c002228c                IDE::IDE()
                0x00000000c002228c                IDE::IDE()
                0x00000000c00222c0                IDE::prepareInterrupt(unsigned char)
                0x00000000c00222d2                selectDrive(unsigned char, unsigned char)
                0x00000000c00222d4                IDE::getBase(unsigned char)
                0x00000000c00222e6                IDE::write(unsigned char, unsigned char, unsigned char)
                0x00000000c00223a6                IDE::read(unsigned char, unsigned char)
                0x00000000c0022454                IDE::waitInterrupt(unsigned char)
                0x00000000c00224ba                ideChannel0IRQHandler(regs*, void*)
                0x00000000c00224d6                ideChannel1IRQHandler(regs*, void*)
                0x00000000c00224f2                IDE::enableIRQs(unsigned char, bool)
                0x00000000c0022538                IDE::open(int, int, void*)
                0x00000000c0022948                IDE::readBuffer(unsigned char, unsigned char, unsigned int, unsigned int)
                0x00000000c0022a14                IDE::detect()
                0x00000000c0022cfc                IDE::printError(unsigned char, unsigned char, unsigned char)
                0x00000000c0022e92                IDE::polling(unsigned char, unsigned int)
 .text          0x00000000c0022ef8      0x62b hw/diskphys/ata.32
                0x00000000c0022ef8                ATA::close(int, int, void*)
                0x00000000c0022f1c                ATA::powerSaving(PowerSavingLevel)
                0x00000000c0022f1e                ATA::ATA()
                0x00000000c0022f1e                ATA::ATA()
                0x00000000c0022f4c                ATA::flush(bool)
                0x00000000c0022f96                ATA::readyForCommand()
                0x00000000c0022fe6                ATA::access(unsigned long long, int, void*, bool)
                0x00000000c0023364                ATA::read(unsigned long long, int, void*)
                0x00000000c00233cc                ATA::write(unsigned long long, int, void*)
                0x00000000c0023434                ATA::detectCHS()
                0x00000000c002345e                ATA::open(int, int, void*)
 *fill*         0x00000000c0023523        0x1 
 .text          0x00000000c0023524      0x5b3 hw/diskphys/atapi.32
                0x00000000c0023524                ATAPI::write(unsigned long long, int, void*)
                0x00000000c002352a                ATAPI::close(int, int, void*)
                0x00000000c002354e                ATAPI::ATAPI()
                0x00000000c002354e                ATAPI::ATAPI()
                0x00000000c002357c                ATAPI::readyForCommand()
                0x00000000c00235cc                ATAPI::sendPacket(unsigned char*, int, bool, unsigned short*, int)
                0x00000000c002388c                ATAPI::diskRemoved()
                0x00000000c00238a8                ATAPI::eject()
                0x00000000c00238ee                ATAPI::diskInserted()
                0x00000000c002391c                ATAPI::detectMedia()
                0x00000000c00239d8                ATAPI::open(int, int, void*)
                0x00000000c0023a58                ATAPI::read(unsigned long long, int, void*)
 *fill*         0x00000000c0023ad7        0x1 
 .text          0x00000000c0023ad8       0x8e hw/fpu/avx.32
                0x00000000c0023ad8                AVX::open(int, int, void*)
                0x00000000c0023aea                AVX::close(int, int, void*)
                0x00000000c0023afc                AVX::available()
                0x00000000c0023b0e                AVX::save(void*)
                0x00000000c0023b26                AVX::load(void*)
                0x00000000c0023b3e                AVX::AVX()
                0x00000000c0023b3e                AVX::AVX()
 .text          0x00000000c0023b66       0x90 hw/fpu/mmx.32
                0x00000000c0023b66                MMX::available()
                0x00000000c0023b7a                MMX::open(int, int, void*)
                0x00000000c0023b8c                MMX::close(int, int, void*)
                0x00000000c0023b9e                MMX::save(void*)
                0x00000000c0023bb6                MMX::load(void*)
                0x00000000c0023bce                MMX::MMX()
                0x00000000c0023bce                MMX::MMX()
 .text          0x00000000c0023bf6       0x96 hw/fpu/sse.32
                0x00000000c0023bf6                SSE::open(int, int, void*)
                0x00000000c0023c08                SSE::close(int, int, void*)
                0x00000000c0023c1a                SSE::available()
                0x00000000c0023c34                SSE::save(void*)
                0x00000000c0023c4c                SSE::load(void*)
                0x00000000c0023c64                SSE::SSE()
                0x00000000c0023c64                SSE::SSE()
 .text          0x00000000c0023c8c       0x8e hw/fpu/x87.32
                0x00000000c0023c8c                x87::open(int, int, void*)
                0x00000000c0023c9e                x87::close(int, int, void*)
                0x00000000c0023cb0                x87::available()
                0x00000000c0023cc2                x87::save(void*)
                0x00000000c0023cda                x87::load(void*)
                0x00000000c0023cf2                x87::x87()
                0x00000000c0023cf2                x87::x87()
 .text          0x00000000c0023d1a      0x5f3 hw/intctrl/apic.32
                0x00000000c0023d1a                APIC::disable()
                0x00000000c0023d1c                APIC::close(int, int, void*)
                0x00000000c0023d3e                IOAPIC::close(int, int, void*)
                0x00000000c0023d44                APIC::io_wait()
                0x00000000c0023d4a                APIC::getBase()
                0x00000000c0023d8c                APIC::eoi(unsigned char)
                0x00000000c0023dba                APIC::open(int, int, void*)
                0x00000000c0023e74                IOAPIC::IOAPIC()
                0x00000000c0023e74                IOAPIC::IOAPIC()
                0x00000000c0023e9c                APIC::APIC()
                0x00000000c0023e9c                APIC::APIC()
                0x00000000c0023f6c                IOAPIC::handlesGSIWithNumber(unsigned int)
                0x00000000c0023f9e                IOAPIC::read(int)
                0x00000000c0023fc6                IOAPIC::open(int, int, void*)
                0x00000000c00240bc                IOAPIC::write(int, int)
                0x00000000c00240e8                IOAPIC::redirect(unsigned char, unsigned long long, unsigned char)
                0x00000000c00241a2                APIC::installIRQHandler(int, void (*)(regs*, void*), bool, void*)
 *fill*         0x00000000c002430d        0x1 
 .text          0x00000000c002430e      0x3d3 hw/intctrl/pic.32
                0x00000000c002430e                PIC::disable()
                0x00000000c002433c                PIC::close(int, int, void*)
                0x00000000c002435e                PIC::PIC()
                0x00000000c002435e                PIC::PIC()
                0x00000000c0024434                PIC::ioWait()
                0x00000000c002443a                PIC::getIRQReg(int)
                0x00000000c00244a4                PIC::eoi(unsigned char)
                0x00000000c0024536                PIC::remap()
                0x00000000c00246a2                PIC::open(int, int, void*)
 *fill*         0x00000000c00246e1        0x1 
 .text          0x00000000c00246e2      0x252 hw/timer/apictimer.32
                0x00000000c00246e2                APICTimer::close(int, int, void*)
                0x00000000c00246e8                apicTimerHandler(regs*, void*)
                0x00000000c0024716                APICTimer::write(int)
                0x00000000c0024814                APICTimer::open(int, int, void*)
                0x00000000c002490c                APICTimer::APICTimer()
                0x00000000c002490c                APICTimer::APICTimer()
 .text          0x00000000c0024934      0x1a7 hw/timer/pit.32
                0x00000000c0024934                PIT::write(int)
                0x00000000c00249b2                pitHandler(regs*, void*)
                0x00000000c00249de                PIT::open(int, int, void*)
                0x00000000c0024a2c                PIT::close(int, int, void*)
                0x00000000c0024a5c                PIT::PIT()
                0x00000000c0024a5c                PIT::PIT()
 *fill*         0x00000000c0024adb        0x5 
 .text          0x00000000c0024ae0        0xa hw/fpu/x86/avx.32
                0x00000000c0024ae0                avxDetect
                0x00000000c0024ae6                avxSave
                0x00000000c0024ae7                avxLoad
                0x00000000c0024ae8                avxInit
                0x00000000c0024ae9                avxClose
 *fill*         0x00000000c0024aea        0x6 
 .text          0x00000000c0024af0       0x38 hw/fpu/x86/sse.32
                0x00000000c0024af0                sseDetect
                0x00000000c0024b0b                sseSave
                0x00000000c0024b11                sseLoad
                0x00000000c0024b17                sseInit
                0x00000000c0024b27                sseClose
 *fill*         0x00000000c0024b28        0x8 
 .text          0x00000000c0024b30       0x47 hw/fpu/x86/x87.32
                0x00000000c0024b36                x87Detect
                0x00000000c0024b51                x87Save
                0x00000000c0024b57                x87Load
                0x00000000c0024b5c                x87Init
                0x00000000c0024b76                x87Close
 *fill*         0x00000000c0024b77        0x1 
 .text          0x00000000c0024b78       0x25 /cygdrive/d/Users/Alex/Desktop/Toolchain/Output/bin/../lib/gcc/i386-banana/8.1.0/crtend.o
 .text          0x00000000c0024b9d        0x0 crtn.32
 *fill*         0x00000000c0024b9d        0x3 
 .text          0x00000000c0024ba0      0x14b /cygdrive/d/Users/Alex/Desktop/Toolchain/Output/bin/../lib/gcc/i386-banana/8.1.0/libkgcc.a(_divdi3.o)
                0x00000000c0024ba0                __divdi3
 *fill*         0x00000000c0024ceb        0x1 
 .text          0x00000000c0024cec      0x17e /cygdrive/d/Users/Alex/Desktop/Toolchain/Output/bin/../lib/gcc/i386-banana/8.1.0/libkgcc.a(_moddi3.o)
                0x00000000c0024cec                __moddi3
 *fill*         0x00000000c0024e6a        0x2 
 .text          0x00000000c0024e6c       0xff /cygdrive/d/Users/Alex/Desktop/Toolchain/Output/bin/../lib/gcc/i386-banana/8.1.0/libkgcc.a(_udivdi3.o)
                0x00000000c0024e6c                __udivdi3
 *fill*         0x00000000c0024f6b        0x1 
 .text          0x00000000c0024f6c      0x11a /cygdrive/d/Users/Alex/Desktop/Toolchain/Output/bin/../lib/gcc/i386-banana/8.1.0/libkgcc.a(_umoddi3.o)
                0x00000000c0024f6c                __umoddi3
 .text          0x00000000c0025086      0x96d D:/Users/Alex/Desktop/Banana/kernel/libsoftfp.a(sfieeelib.o)
                0x00000000c0025086                __addsf3
                0x00000000c0025388                __subsf3
                0x00000000c002539c                __negsf2
                0x00000000c00253a9                __mulsf3
                0x00000000c002556c                __divsf3
                0x00000000c0025797                __floatsisf
                0x00000000c002580b                __floatunsisf
                0x00000000c002584d                __fixsfsi
                0x00000000c00258af                __fixunssfsi
                0x00000000c00258e0                __cmpsf2
                0x00000000c0025975                __eqsf2
                0x00000000c00259b0                __nesf2
                0x00000000c00259b2                __gtsf2
                0x00000000c00259ed                __gesf2
                0x00000000c00259ef                __ltsf2
                0x00000000c00259f1                __lesf2
 .text          0x00000000c00259f3      0xf50 D:/Users/Alex/Desktop/Banana/kernel/libsoftfp.a(dfieeelib.o)
                0x00000000c00259f3                __adddf3
                0x00000000c0026044                __subdf3
                0x00000000c002605f                __negdf2
                0x00000000c0026070                __muldf3
                0x00000000c0026354                __divdf3
                0x00000000c00266d3                __floatsidf
                0x00000000c002672e                __floatunsidf
                0x00000000c002676c                __fixdfsi
                0x00000000c00267d9                __fixunsdfsi
                0x00000000c0026815                __cmpdf2
                0x00000000c0026903                __eqdf2
                0x00000000c002691f                __nedf2
                0x00000000c0026921                __gtdf2
                0x00000000c002693d                __gedf2
                0x00000000c002693f                __ltdf2
                0x00000000c0026941                __ledf2
 .text          0x00000000c0026943      0x18d D:/Users/Alex/Desktop/Banana/kernel/libsoftfp.a(sfdfcvt.o)
                0x00000000c0026943                __truncdfsf2
                0x00000000c0026a67                __extendsfdf2
 .text          0x00000000c0026ad0       0x1e D:/Users/Alex/Desktop/Banana/kernel/libk/libm32.a(s_fabs.c.o)
                0x00000000c0026ad0                fabs
 *fill*         0x00000000c0026aee        0x2 
 .text          0x00000000c0026af0        0xc D:/Users/Alex/Desktop/Banana/kernel/libk/libm32.a(s_lrint.S.o)
                0x00000000c0026af0                lrint
 .text          0x00000000c0026afc        0xc D:/Users/Alex/Desktop/Banana/kernel/libk/libm32.a(s_lrintf.S.o)
                0x00000000c0026afc                lrintf
 *(.gnu.linkonce.t*)

.iplt           0x00000000c0026b08        0x0
 .iplt          0x00000000c0026b08        0x0 D:/Users/Alex/Desktop/Banana/kernel/boot.32

.init           0x00000000c0026b08        0xf
 .init          0x00000000c0026b08        0x3 crti.32
                0x00000000c0026b08                _init
 .init          0x00000000c0026b0b        0x5 /cygdrive/d/Users/Alex/Desktop/Toolchain/Output/bin/../lib/gcc/i386-banana/8.1.0/crtbegin.o
 .init          0x00000000c0026b10        0x5 /cygdrive/d/Users/Alex/Desktop/Toolchain/Output/bin/../lib/gcc/i386-banana/8.1.0/crtend.o
 .init          0x00000000c0026b15        0x2 crtn.32

.fini           0x00000000c0026b17        0xa
 .fini          0x00000000c0026b17        0x3 crti.32
                0x00000000c0026b17                _fini
 .fini          0x00000000c0026b1a        0x5 /cygdrive/d/Users/Alex/Desktop/Toolchain/Output/bin/../lib/gcc/i386-banana/8.1.0/crtbegin.o
 .fini          0x00000000c0026b1f        0x2 crtn.32

.text._ZN8ComputerD2Ev
                0x00000000c0026b22       0x23
 .text._ZN8ComputerD2Ev
                0x00000000c0026b22       0x23 core/computer.32
                0x00000000c0026b22                Computer::~Computer()
                0x00000000c0026b22                Computer::~Computer()

.text._ZN8ComputerD0Ev
                0x00000000c0026b46       0x2a
 .text._ZN8ComputerD0Ev
                0x00000000c0026b46       0x2a core/computer.32
                0x00000000c0026b46                Computer::~Computer()

.text._Z10idleCommonv
                0x00000000c0026b70       0x15
 .text._Z10idleCommonv
                0x00000000c0026b70       0x15 core/idle.32
                0x00000000c0026b70                idleCommon()

.text._ZN3CPU7readCR3Ev
                0x00000000c0026b85       0x12
 .text._ZN3CPU7readCR3Ev
                0x00000000c0026b85       0x12 core/kheap.32
                0x00000000c0026b85                CPU::readCR3()

.text._ZN3CPU8writeCR3Em
                0x00000000c0026b97        0x9
 .text._ZN3CPU8writeCR3Em
                0x00000000c0026b97        0x9 core/kheap.32
                0x00000000c0026b97                CPU::writeCR3(unsigned long)

.text._ZN10LinkedListI8UnixFileED2Ev
                0x00000000c0026ba0        0x2
 .text._ZN10LinkedListI8UnixFileED2Ev
                0x00000000c0026ba0        0x2 core/unixfile.32
                0x00000000c0026ba0                LinkedList<UnixFile>::~LinkedList()
                0x00000000c0026ba0                LinkedList<UnixFile>::~LinkedList()

.text._ZN10LinkedListI8UnixFileEC2Ev
                0x00000000c0026ba2       0x58
 .text._ZN10LinkedListI8UnixFileEC2Ev
                0x00000000c0026ba2       0x58 core/unixfile.32
                0x00000000c0026ba2                LinkedList<UnixFile>::LinkedList()
                0x00000000c0026ba2                LinkedList<UnixFile>::LinkedList()

.text._ZN10LinkedListI8UnixFileE10addElementEPS0_
                0x00000000c0026bfa       0xd3
 .text._ZN10LinkedListI8UnixFileE10addElementEPS0_
                0x00000000c0026bfa       0xd3 core/unixfile.32
                0x00000000c0026bfa                LinkedList<UnixFile>::addElement(UnixFile*)

.text._ZN10LinkedListI8UnixFileE15getFirstElementEv
                0x00000000c0026cce        0x7
 .text._ZN10LinkedListI8UnixFileE15getFirstElementEv
                0x00000000c0026cce        0x7 core/unixfile.32
                0x00000000c0026cce                LinkedList<UnixFile>::getFirstElement()

.text._ZN10LinkedListI8UnixFileE11removeFirstEv
                0x00000000c0026cd6       0xa1
 .text._ZN10LinkedListI8UnixFileE11removeFirstEv
                0x00000000c0026cd6       0xa1 core/unixfile.32
                0x00000000c0026cd6                LinkedList<UnixFile>::removeFirst()

.text._ZN10LinkedListI8UnixFileE7getNextEPS0_
                0x00000000c0026d78        0x8
 .text._ZN10LinkedListI8UnixFileE7getNextEPS0_
                0x00000000c0026d78        0x8 core/unixfile.32
                0x00000000c0026d78                LinkedList<UnixFile>::getNext(UnixFile*)

.text._ZN16DriverlessDeviceD2Ev
                0x00000000c0026d80       0x1a
 .text._ZN16DriverlessDeviceD2Ev
                0x00000000c0026d80       0x1a hal/device.32
                0x00000000c0026d80                DriverlessDevice::~DriverlessDevice()
                0x00000000c0026d80                DriverlessDevice::~DriverlessDevice()

.text._ZN16DriverlessDeviceD0Ev
                0x00000000c0026d9a       0x2a
 .text._ZN16DriverlessDeviceD0Ev
                0x00000000c0026d9a       0x2a hal/device.32
                0x00000000c0026d9a                DriverlessDevice::~DriverlessDevice()

.text._ZN10LinkedListI6DeviceE10addElementEPS0_
                0x00000000c0026dc4       0xdc
 .text._ZN10LinkedListI6DeviceE10addElementEPS0_
                0x00000000c0026dc4       0xdc hal/device.32
                0x00000000c0026dc4                LinkedList<Device>::addElement(Device*)

.text._ZN10LinkedListI6DeviceEC2Ev
                0x00000000c0026ea0       0x58
 .text._ZN10LinkedListI6DeviceEC2Ev
                0x00000000c0026ea0       0x58 hal/device.32
                0x00000000c0026ea0                LinkedList<Device>::LinkedList()
                0x00000000c0026ea0                LinkedList<Device>::LinkedList()

.text._ZN3CPU7readCR0Ev
                0x00000000c0026ef8       0x12
 .text._ZN3CPU7readCR0Ev
                0x00000000c0026ef8       0x12 hal/fpu.32
                0x00000000c0026ef8                CPU::readCR0()

.text._ZN3CPU8writeCR0Em
                0x00000000c0026f0a        0x9
 .text._ZN3CPU8writeCR0Em
                0x00000000c0026f0a        0x9 hal/fpu.32
                0x00000000c0026f0a                CPU::writeCR0(unsigned long)

.text._ZN3CPU7readDR0Ev
                0x00000000c0026f13       0x12
 .text._ZN3CPU7readDR0Ev
                0x00000000c0026f13       0x12 hal/intctrl.32
                0x00000000c0026f13                CPU::readDR0()

.text._ZN3CPU7readDR1Ev
                0x00000000c0026f25       0x12
 .text._ZN3CPU7readDR1Ev
                0x00000000c0026f25       0x12 hal/intctrl.32
                0x00000000c0026f25                CPU::readDR1()

.text._ZN3CPU7readDR2Ev
                0x00000000c0026f37       0x12
 .text._ZN3CPU7readDR2Ev
                0x00000000c0026f37       0x12 hal/intctrl.32
                0x00000000c0026f37                CPU::readDR2()

.text._ZN3CPU7readDR3Ev
                0x00000000c0026f49       0x12
 .text._ZN3CPU7readDR3Ev
                0x00000000c0026f49       0x12 hal/intctrl.32
                0x00000000c0026f49                CPU::readDR3()

.text._ZN3CPU7readDR6Ev
                0x00000000c0026f5b       0x12
 .text._ZN3CPU7readDR6Ev
                0x00000000c0026f5b       0x12 hal/intctrl.32
                0x00000000c0026f5b                CPU::readDR6()

.text._ZN3CPU7readDR7Ev
                0x00000000c0026f6d       0x12
 .text._ZN3CPU7readDR7Ev
                0x00000000c0026f6d       0x12 hal/intctrl.32
                0x00000000c0026f6d                CPU::readDR7()

.text._ZN10LinkedListIV18ThreadControlBlockE15getFirstElementEv
                0x00000000c0026f80        0x7