Archive member included to satisfy reference by file (symbol)

/cygdrive/d/Users/Alex/Desktop/Toolchain/Output/bin/../lib/gcc/i386-banana/8.1.0/libkgcc.a(_divdi3.o)
                              krnl/resolve.32 (__divdi3)
/cygdrive/d/Users/Alex/Desktop/Toolchain/Output/bin/../lib/gcc/i386-banana/8.1.0/libkgcc.a(_moddi3.o)
                              krnl/resolve.32 (__moddi3)
/cygdrive/d/Users/Alex/Desktop/Toolchain/Output/bin/../lib/gcc/i386-banana/8.1.0/libkgcc.a(_udivdi3.o)
                              hal/clock.32 (__udivdi3)
/cygdrive/d/Users/Alex/Desktop/Toolchain/Output/bin/../lib/gcc/i386-banana/8.1.0/libkgcc.a(_umoddi3.o)
                              core/pipe.32 (__umoddi3)

Allocating common symbols
Common symbol       size              file

current_iphdr_src   0x4               net/core/ipv4/ip.32
netif_list          0x4               net/core/netif.32
tcp_active_pcbs     0x4               net/core/tcp.32
udp_pcbs            0x4               net/core/udp.32
current_netif       0x4               net/core/ipv4/ip.32
tcp_ticks           0x4               net/core/tcp.32
tcp_listen_pcbs     0x4               net/core/tcp.32
current_iphdr_dest  0x4               net/core/ipv4/ip.32
tcp_tmp_pcb         0x4               net/core/tcp.32
tcp_input_pcb       0x4               net/core/tcp_in.32
dcache              0x40              fs/iso9660/iso9660.32
current_header      0x4               net/core/ipv4/ip.32
tcp_bound_pcbs      0x4               net/core/tcp.32
cdDriveLetter       0x1               fs/iso9660/iso9660.32
tcp_tw_pcbs         0x4               net/core/tcp.32
lwip_stats          0x150             net/core/stats.32
netif_default       0x4               net/core/netif.32
ram_heap            0x64d             net/core/mem.32
icache              0x40              fs/iso9660/iso9660.32

Discarded input sections

 .comment       0x0000000000000000       0x12 /cygdrive/d/Users/Alex/Desktop/Toolchain/Output/bin/../lib/gcc/i386-banana/8.1.0/crtbegin.o
 .comment       0x0000000000000000       0x12 acpica/utclib.32
 .comment       0x0000000000000000       0x12 arch/cc.32
 .comment       0x0000000000000000       0x12 core/malloc.32
 .comment       0x0000000000000000       0x12 libk/ctype.32
 .comment       0x0000000000000000       0x12 libk/string.32
 .comment       0x0000000000000000       0x12 fs/fat/diskio.32
 .comment       0x0000000000000000       0x12 fs/fat/ff.32
 .comment       0x0000000000000000       0x12 fs/fat/ffsystem.32
 .comment       0x0000000000000000       0x12 fs/fat/ffunicode.32
 .comment       0x0000000000000000       0x12 fs/iso9660/iso9660.32
 .comment       0x0000000000000000       0x12 net/core/def.32
 .comment       0x0000000000000000       0x12 net/core/dhcp.32
 .comment       0x0000000000000000       0x12 net/core/dns.32
 .comment       0x0000000000000000       0x12 net/core/init.32
 .comment       0x0000000000000000       0x12 net/core/mem.32
 .comment       0x0000000000000000       0x12 net/core/memp.32
 .comment       0x0000000000000000       0x12 net/core/netif.32
 .comment       0x0000000000000000       0x12 net/core/pbuf.32
 .comment       0x0000000000000000       0x12 net/core/raw.32
 .comment       0x0000000000000000       0x12 net/core/stats.32
 .comment       0x0000000000000000       0x12 net/core/sys.32
 .comment       0x0000000000000000       0x12 net/core/tcp.32
 .comment       0x0000000000000000       0x12 net/core/tcp_in.32
 .comment       0x0000000000000000       0x12 net/core/tcp_out.32
 .comment       0x0000000000000000       0x12 net/core/timers.32
 .comment       0x0000000000000000       0x12 net/core/udp.32
 .comment       0x0000000000000000       0x12 net/netif/etharp.32
 .comment       0x0000000000000000       0x12 net/netif/ethernetif.32
 .comment       0x0000000000000000       0x12 net/netif/slipif.32
 .comment       0x0000000000000000       0x12 net/core/ipv4/autoip.32
 .comment       0x0000000000000000       0x12 net/core/ipv4/icmp.32
 .comment       0x0000000000000000       0x12 net/core/ipv4/igmp.32
 .comment       0x0000000000000000       0x12 net/core/ipv4/inet.32
 .comment       0x0000000000000000       0x12 net/core/ipv4/inet_chksum.32
 .comment       0x0000000000000000       0x12 net/core/ipv4/ip.32
 .comment       0x0000000000000000       0x12 net/core/ipv4/ip_addr.32
 .comment       0x0000000000000000       0x12 net/core/ipv4/ip_frag.32
 .comment       0x0000000000000000       0x12 net/core/ipv6/icmp6.32
 .comment       0x0000000000000000       0x12 net/core/ipv6/inet6.32
 .comment       0x0000000000000000       0x12 net/core/ipv6/ip6.32
 .comment       0x0000000000000000       0x12 net/core/ipv6/ip6_addr.32
 .comment       0x0000000000000000       0x12 net/core/snmp/asn1_dec.32
 .comment       0x0000000000000000       0x12 net/core/snmp/asn1_enc.32
 .comment       0x0000000000000000       0x12 net/core/snmp/mib2.32
 .comment       0x0000000000000000       0x12 net/core/snmp/mib_structs.32
[...]
Memory Configuration

Name             Origin             Length             Attributes
*default*        0x0000000000000000 0xffffffffffffffff

Linker script and memory map

LOAD D:/Users/Alex/Desktop/Banana/kernel/boot.32
LOAD crti.32
LOAD /cygdrive/d/Users/Alex/Desktop/Toolchain/Output/bin/../lib/gcc/i386-banana/8.1.0/crtbegin.o
LOAD D:/Users/Alex/Desktop/Banana/kernel/morenasm.32
LOAD acpica/utclib.32
LOAD arch/cc.32
LOAD core/malloc.32
LOAD libk/ctype.32
LOAD libk/string.32
LOAD fs/fat/diskio.32
LOAD fs/fat/ff.32
LOAD fs/fat/ffsystem.32
LOAD fs/fat/ffunicode.32
LOAD fs/iso9660/iso9660.32
LOAD net/core/def.32
LOAD net/core/dhcp.32
LOAD net/core/dns.32
LOAD net/core/init.32
LOAD net/core/mem.32
LOAD net/core/memp.32
LOAD net/core/netif.32
LOAD net/core/pbuf.32
LOAD net/core/raw.32
LOAD net/core/stats.32
LOAD net/core/sys.32
LOAD net/core/tcp.32
LOAD net/core/tcp_in.32
LOAD net/core/tcp_out.32
LOAD net/core/timers.32
LOAD net/core/udp.32
LOAD net/netif/etharp.32
LOAD net/netif/ethernetif.32
LOAD net/netif/slipif.32
LOAD net/core/ipv4/autoip.32
LOAD net/core/ipv4/icmp.32
LOAD net/core/ipv4/igmp.32
LOAD net/core/ipv4/inet.32
LOAD net/core/ipv4/inet_chksum.32
LOAD net/core/ipv4/ip.32
LOAD net/core/ipv4/ip_addr.32
LOAD net/core/ipv4/ip_frag.32
LOAD net/core/ipv6/icmp6.32
LOAD net/core/ipv6/inet6.32
LOAD net/core/ipv6/ip6.32
LOAD net/core/ipv6/ip6_addr.32
LOAD net/core/snmp/asn1_dec.32
LOAD net/core/snmp/asn1_enc.32
LOAD net/core/snmp/mib2.32
LOAD net/core/snmp/mib_structs.32
LOAD net/core/snmp/msg_in.32
LOAD net/core/snmp/msg_out.32
LOAD net/netif/ppp/auth.32
LOAD net/netif/ppp/chap.32
LOAD net/netif/ppp/chpms.32
LOAD net/netif/ppp/fsm.32
LOAD net/netif/ppp/ipcp.32
LOAD net/netif/ppp/lcp.32
LOAD net/netif/ppp/magic.32
LOAD net/netif/ppp/md5.32
LOAD net/netif/ppp/pap.32
LOAD net/netif/ppp/ppp.32
LOAD net/netif/ppp/ppp_oe.32
LOAD net/netif/ppp/randm.32
LOAD net/netif/ppp/vj.32
LOAD core/computer.32
LOAD core/gdt.32
LOAD core/idle.32
LOAD core/idt.32
LOAD core/kheap.32
LOAD core/main.32
LOAD core/physmgr.32
LOAD core/pipe.32
LOAD core/terminal.32
LOAD core/tss.32
LOAD core/unixfile.32
LOAD core/virtmgr.32
LOAD coreobjs/c++.32
LOAD dbg/kconsole.32
LOAD dbg/usban.32
LOAD fs/symlink.32
LOAD fs/vfs.32
LOAD hal/bus.32
LOAD hal/buzzer.32
LOAD hal/clock.32
LOAD hal/device.32
LOAD hal/diskctrl.32
LOAD hal/diskphys.32
LOAD hal/fpu.32
LOAD hal/intctrl.32
LOAD hal/keybrd.32
LOAD hal/logidisk.32
LOAD hal/mouse.32
LOAD hal/nic.32
LOAD hal/partition.32
LOAD hal/serial.32
LOAD hal/timer.32
LOAD hal/vcache.32
LOAD hal/video.32
LOAD hw/acpi.32
LOAD hw/cpu.32
LOAD krnl/atexit.32
LOAD krnl/bootmsg.32
LOAD krnl/cdefs.32
LOAD krnl/compat.32
LOAD krnl/crc32.32
LOAD krnl/env.32
LOAD krnl/inlines.32
LOAD krnl/panic.32
LOAD krnl/powctrl.32
LOAD krnl/random.32
LOAD krnl/resolve.32
LOAD krnl/signal.32
LOAD krnl/syscalls.32
LOAD net/ethernet.32
LOAD reg/cm.32
LOAD reg/registry.32
LOAD sys/eject.32
LOAD sys/exit.32
LOAD sys/getcwd.32
LOAD sys/getpid.32
LOAD sys/getramdata.32
LOAD sys/getvgaptr.32
LOAD sys/kill.32
LOAD sys/loaddll.32
LOAD sys/read.32
LOAD sys/registersignal.32
LOAD sys/registry.32
LOAD sys/sbrk.32
LOAD sys/setcwd.32
LOAD sys/settime.32
LOAD sys/symlink.32
LOAD sys/timezone.32
LOAD sys/truncate.32
LOAD sys/write.32
LOAD sys/wsbe.32
LOAD sys/yield.32
LOAD thr/elf.32
LOAD thr/prcssthr.32
LOAD vm86/vm8086.32
LOAD arch/i386/hal.32
LOAD arch/i386/pic.32
LOAD arch/i386/rtc.32
LOAD arch/i386/vga.32
LOAD fs/fat/vfslink.32
LOAD fs/iso9660/helper.32
LOAD fs/iso9660/vfslink.32
LOAD hal/sound/sndcard.32
LOAD hal/sound/sndport.32
LOAD hw/bus/isa.32
LOAD hw/bus/pci.32
LOAD hw/diskctrl/ide.32
LOAD hw/diskctrl/satabus.32
LOAD hw/diskphys/ata.32
LOAD hw/diskphys/atapi.32
LOAD hw/diskphys/sata.32
LOAD hw/diskphys/satapi.32
LOAD hw/intctrl/apic.32
LOAD hw/timer/apictimer.32
LOAD hw/timer/pit.32
LOAD arch/i386/avx.32
LOAD arch/i386/interrupt.32
LOAD arch/i386/rdrand.32
LOAD arch/i386/sse.32
LOAD arch/i386/x87.32
LOAD /cygdrive/d/Users/Alex/Desktop/Toolchain/Output/bin/../lib/gcc/i386-banana/8.1.0/crtend.o
LOAD crtn.32
LOAD /cygdrive/d/Users/Alex/Desktop/Toolchain/Output/bin/../lib/gcc/i386-banana/8.1.0/libkgcc.a
LOAD D:/Users/Alex/Desktop/Banana/kernel/libsoftfp.a
LOAD D:/Users/Alex/Desktop/Banana/kernel/libk/libm32.a
                0x00000000c0000000                . = 0xc0000000

.text           0x00000000c0000000    0x2ef4a
 *(.text)
 .text          0x00000000c0000000       0x20 D:/Users/Alex/Desktop/Banana/kernel/boot.32
 .text          0x00000000c0000020        0x0 crti.32
 .text          0x00000000c0000020      0x101 /cygdrive/d/Users/Alex/Desktop/Toolchain/Output/bin/../lib/gcc/i386-banana/8.1.0/crtbegin.o
 *fill*         0x00000000c0000121        0xf 
 .text          0x00000000c0000130      0x24f D:/Users/Alex/Desktop/Banana/kernel/morenasm.32
                0x00000000c0000130                manualPCIProbe
                0x00000000c000017b                prepareTramp
                0x00000000c0000194                doTPAUSE
                0x00000000c000019e                hasLegacyFPU
                0x00000000c00001c3                is486
                0x00000000c00001f9                detectCPUID
                0x00000000c000020f                goToVM86
                0x00000000c000023f                goToUsermode
                0x00000000c0000269                switchToThreadASMFirstTime
                0x00000000c0000277                switchToThreadASM
                0x00000000c00002fc                asmQuickAcquireLock
                0x00000000c000031a                asmQuickReleaseLock
                0x00000000c0000326                asmAcquireLock
                0x00000000c0000347                asmReleaseLock
                0x00000000c000035a                loadGDT
                0x00000000c000037a                memcpy
 *fill*         0x00000000c000037f        0x1 
 .text          0x00000000c0000380      0x868 acpica/utclib.32
                0x00000000c0000380                memcmp
                0x00000000c00003d0                memmove
                0x00000000c00004f0                memset
                0x00000000c0000570                strlen
                0x00000000c00005a0                strpbrk
                0x00000000c00005f0                strtok
                0x00000000c0000640                strcpy
                0x00000000c0000680                strncpy
                0x00000000c0000750                strcmp
                0x00000000c00007a0                strchr
                0x00000000c00007e0                strncmp
                0x00000000c0000840                strcat
                0x00000000c0000870                strncat
                0x00000000c00008d0                strstr
                0x00000000c0000930                toupper
                0x00000000c0000950                tolower
                0x00000000c0000970                simple_strtoul
 .text          0x00000000c0000be8       0x53 arch/cc.32
                0x00000000c0000be8                LWIP_PLATFORM_HTONS
                0x00000000c0000c0c                LWIP_PLATFORM_HTONL
 .text          0x00000000c0000c3b      0xfaa core/malloc.32
                0x00000000c0000da6                dlfree
                0x00000000c00010fe                dlmalloc
                0x00000000c000163b                dlrealloc
                0x00000000c00017de                dlmemalign
                0x00000000c0001901                dlcalloc
                0x00000000c000199b                dlcfree
                0x00000000c00019a0                dlindependent_calloc
                0x00000000c00019c5                dlindependent_comalloc
                0x00000000c00019dc                dlvalloc
                0x00000000c0001a07                dlpvalloc
                0x00000000c0001a3d                dlmalloc_trim
                0x00000000c0001a4a                dlmalloc_usable_size
                0x00000000c0001a7b                dlmallinfo
                0x00000000c0001b4a                dlmalloc_stats
                0x00000000c0001b5b                dlmallopt
 *fill*         0x00000000c0001be5        0x3 
 .text          0x00000000c0001be8      0x1f2 libk/ctype.32
                0x00000000c0001be8                isblank
                0x00000000c0001c08                iscntrl
                0x00000000c0001c28                isdigit
                0x00000000c0001c44                islower
                0x00000000c0001c60                isspace
                0x00000000c0001c88                isupper
                0x00000000c0001ca4                isalpha
                0x00000000c0001cd4                isalnum
                0x00000000c0001d04                ispunct
                0x00000000c0001d44                isgraph
                0x00000000c0001d74                isprint
                0x00000000c0001d9c                isxdigit
 .text          0x00000000c0001dda        0x0 libk/string.32
 .text          0x00000000c0001dda       0x51 fs/fat/diskio.32
                0x00000000c0001dda                disk_status
                0x00000000c0001ddd                disk_initialize
                0x00000000c0001de0                disk_read
                0x00000000c0001df6                disk_write
                0x00000000c0001e0c                disk_ioctl
 .text          0x00000000c0001e2b     0x3e46 fs/fat/ff.32
                0x00000000c0003c4c                f_mount
                0x00000000c0003cae                f_open
                0x00000000c0003f71                f_read
                0x00000000c0004170                f_write
                0x00000000c00043b8                f_sync
                0x00000000c000447d                f_close
                0x00000000c00044ac                f_lseek
                0x00000000c000465d                f_opendir
                0x00000000c0004728                f_closedir
                0x00000000c000474a                f_readdir
                0x00000000c00047dc                f_stat
                0x00000000c000485b                f_getfree
                0x00000000c0004964                f_truncate
                0x00000000c0004a4e                f_unlink
                0x00000000c0004b70                f_mkdir
                0x00000000c0004d0b                f_rename
                0x00000000c0004ec3                f_chmod
                0x00000000c0004f73                f_utime
                0x00000000c0005023                f_getlabel
                0x00000000c0005174                f_setlabel
                0x00000000c0005304                f_expand
                0x00000000c0005471                f_mkfs
 *fill*         0x00000000c0005c71        0x3 
 .text          0x00000000c0005c74       0x2f fs/fat/ffsystem.32
                0x00000000c0005c74                ff_memalloc
                0x00000000c0005c8c                ff_memfree
 *fill*         0x00000000c0005ca3        0x1 
 .text          0x00000000c0005ca4      0x2dc fs/fat/ffunicode.32
                0x00000000c0005ca4                ff_uni2oem
                0x00000000c0005d44                ff_oem2uni
                0x00000000c0005dbc                ff_wtoupper
 .text          0x00000000c0005f80      0xd32 fs/iso9660/iso9660.32
                0x00000000c00061cb                isoReadDiscSector
                0x00000000c0006266                strnicmp
                0x00000000c0006515                stricmp
                0x00000000c0006561                iso_open
                0x00000000c00065eb                iso_close
                0x00000000c0006609                iso_read
                0x00000000c000671f                iso_seek
                0x00000000c00067a3                iso_tell
                0x00000000c00067d4                iso_total
                0x00000000c00067ff                fn_postprocess
                0x00000000c0006826                iso_readdir
                0x00000000c0006a7d                iso_reset
                0x00000000c0006a9a                init_percd
                0x00000000c0006b94                iso_ioctl
                0x00000000c0006bac                fs_iso9660_init
                0x00000000c0006c42                fs_iso9660_shutdown
 .text          0x00000000c0006cb2        0x0 net/core/def.32
 .text          0x00000000c0006cb2        0x0 net/core/dhcp.32
 .text          0x00000000c0006cb2        0x0 net/core/dns.32
 *fill*         0x00000000c0006cb2        0x2 
 .text          0x00000000c0006cb4       0x2b net/core/init.32
                0x00000000c0006cb4                lwip_init
 *fill*         0x00000000c0006cdf        0x1 
 .text          0x00000000c0006ce0      0x9ec net/core/mem.32
                0x00000000c0006e74                mem_init
                0x00000000c0006f1c                mem_free
                0x00000000c0007040                mem_trim
                0x00000000c000734c                mem_malloc
                0x00000000c0007668                mem_calloc
 .text          0x00000000c00076cc      0x2e8 net/core/memp.32
                0x00000000c00076cc                memp_init
                0x00000000c0007810                memp_malloc
                0x00000000c000793c                memp_free
 .text          0x00000000c00079b4      0x4ba net/core/netif.32
                0x00000000c00079b4                netif_init
                0x00000000c00079b8                netif_find
                0x00000000c0007a50                netif_set_ipaddr
                0x00000000c0007b48                netif_set_gw
                0x00000000c0007b6c                netif_set_netmask
                0x00000000c0007b90                netif_set_addr
                0x00000000c0007bd4                netif_add
                0x00000000c0007ca0                netif_set_default
                0x00000000c0007cac                netif_set_up
                0x00000000c0007d10                netif_set_down
                0x00000000c0007d38                netif_remove
                0x00000000c0007de4                netif_set_link_up
                0x00000000c0007e48                netif_set_link_down
 *fill*         0x00000000c0007e6e        0x2 
 .text          0x00000000c0007e70     0x16ac net/core/pbuf.32
                0x00000000c0007f38                pbuf_alloced_custom
                0x00000000c000805c                pbuf_header
                0x00000000c00081f8                pbuf_free
                0x00000000c00083d0                pbuf_alloc
                0x00000000c00087c8                pbuf_realloc
                0x00000000c00089cc                pbuf_clen
                0x00000000c0008a00                pbuf_ref
                0x00000000c0008a30                pbuf_cat
                0x00000000c0008b10                pbuf_chain
                0x00000000c0008b3c                pbuf_dechain
                0x00000000c0008c30                pbuf_copy
                0x00000000c0008e98                pbuf_copy_partial
                0x00000000c000903c                pbuf_take
                0x00000000c00091bc                pbuf_coalesce
                0x00000000c0009250                pbuf_get_at
                0x00000000c00092e8                pbuf_memcmp
                0x00000000c00093f4                pbuf_memfind
                0x00000000c00094a8                pbuf_strstr
 .text          0x00000000c000951c      0x3e4 net/core/raw.32
                0x00000000c000951c                raw_input
                0x00000000c0009628                raw_bind
                0x00000000c000964c                raw_connect
                0x00000000c0009670                raw_recv
                0x00000000c0009688                raw_sendto
                0x00000000c00097f4                raw_send
                0x00000000c0009818                raw_remove
                0x00000000c0009898                raw_new
 .text          0x00000000c0009900        0x2 net/core/stats.32
                0x00000000c0009900                stats_init
 *fill*         0x00000000c0009902        0x2 
 .text          0x00000000c0009904       0x55 net/core/sys.32
                0x00000000c0009904                sys_msleep
 *fill*         0x00000000c0009959        0x3 
 .text          0x00000000c000995c     0x1dec net/core/tcp.32
                0x00000000c000996c                tcp_listen_with_backlog
                0x00000000c0009b1c                tcp_update_rcv_ann_wnd
                0x00000000c0009bf8                tcp_recved
                0x00000000c0009d40                tcp_bind
                0x00000000c0009e70                tcp_seg_free
                0x00000000c0009eb4                tcp_segs_free
                0x00000000c0009eec                tcp_setprio
                0x00000000c0009f08                tcp_seg_copy
                0x00000000c0009f5c                tcp_arg
                0x00000000c0009f6c                tcp_recv
                0x00000000c0009f7c                tcp_sent
                0x00000000c0009f8c                tcp_err
                0x00000000c0009f9c                tcp_accept
                0x00000000c0009fac                tcp_poll
                0x00000000c0009fd4                tcp_pcb_purge
                0x00000000c000a0b8                tcp_slowtmr
                0x00000000c000a83c                tcp_pcb_remove
                0x00000000c000ace4                tcp_close
                0x00000000c000ad20                tcp_recv_null
                0x00000000c000ad84                tcp_fasttmr
                0x00000000c000aea8                tcp_tmr
                0x00000000c000aed8                tcp_shutdown
                0x00000000c000af84                tcp_abandon
                0x00000000c000b118                tcp_abort
                0x00000000c000b284                tcp_next_iss
                0x00000000c000b29c                tcp_alloc
                0x00000000c000b448                tcp_new
                0x00000000c000b45c                tcp_eff_send_mss
                0x00000000c000b4cc                tcp_connect
                0x00000000c000b73c                tcp_debug_state_str
 .text          0x00000000c000b748     0x3131 net/core/tcp_in.32
                0x00000000c000dda8                tcp_input
 *fill*         0x00000000c000e879        0x3 
 .text          0x00000000c000e87c     0x1f81 net/core/tcp_out.32
                0x00000000c000edec                tcp_write
                0x00000000c000f68c                tcp_enqueue_flags
                0x00000000c000f978                tcp_send_fin
                0x00000000c000fa18                tcp_send_empty_ack
                0x00000000c000fd28                tcp_output
                0x00000000c00101b4                tcp_rst
                0x00000000c0010328                tcp_rexmit_rto
                0x00000000c00103b8                tcp_rexmit
                0x00000000c0010480                tcp_rexmit_fast
                0x00000000c0010564                tcp_keepalive
                0x00000000c001062c                tcp_zero_window_probe
 *fill*         0x00000000c00107fd        0x3 
 .text          0x00000000c0010800      0x44d net/core/timers.32
                0x00000000c0010800                sys_timeout
                0x00000000c00109b8                tcp_timer_needed
                0x00000000c0010a4c                sys_timeouts_init
                0x00000000c0010a84                sys_untimeout
                0x00000000c0010b50                sys_timeouts_mbox_fetch
 *fill*         0x00000000c0010c4d        0x3 
 .text          0x00000000c0010c50      0xae8 net/core/udp.32
                0x00000000c0010c50                udp_input
                0x00000000c00110c4                udp_bind
                0x00000000c0011244                udp_sendto_if
                0x00000000c00114c4                udp_sendto
                0x00000000c0011528                udp_send
                0x00000000c0011554                udp_connect
                0x00000000c0011634                udp_disconnect
                0x00000000c0011660                udp_recv
                0x00000000c0011678                udp_remove
                0x00000000c00116f8                udp_new
 .text          0x00000000c0011738     0x1204 net/netif/etharp.32
                0x00000000c0011790                etharp_tmr
                0x00000000c0011d60                etharp_find_addr
                0x00000000c00122c0                etharp_request
                0x00000000c00122fc                etharp_query
                0x00000000c0012638                etharp_output
                0x00000000c00127f8                ethernet_input
 .text          0x00000000c001293c        0x0 net/netif/ethernetif.32
 .text          0x00000000c001293c        0x0 net/netif/slipif.32
 .text          0x00000000c001293c        0x0 net/core/ipv4/autoip.32
 .text          0x00000000c001293c      0x5dd net/core/ipv4/icmp.32
                0x00000000c001293c                icmp_input
                0x00000000c0012ed4                icmp_dest_unreach
                0x00000000c0012ef8                icmp_time_exceeded
 .text          0x00000000c0012f19        0x0 net/core/ipv4/igmp.32
 .text          0x00000000c0012f19        0x0 net/core/ipv4/inet.32
 *fill*         0x00000000c0012f19        0x3 
 .text          0x00000000c0012f1c      0x582 net/core/ipv4/inet_chksum.32
                0x00000000c0013014                inet_chksum_pseudo
                0x00000000c00131a4                inet_chksum_pseudo_partial
                0x00000000c0013394                inet_chksum
                0x00000000c00133bc                inet_chksum_pbuf
 *fill*         0x00000000c001349e        0x2 
 .text          0x00000000c00134a0      0x84c net/core/ipv4/ip.32
                0x00000000c00134a0                ip_route
                0x00000000c0013534                ip_input
                0x00000000c0013978                ip_output_if
                0x00000000c0013c48                ip_output
 .text          0x00000000c0013cec      0x5ac net/core/ipv4/ip_addr.32
                0x00000000c0013cec                ip4_addr_isbroadcast
                0x00000000c0013d74                ip4_addr_netmask_valid
                0x00000000c0013dd8                ipaddr_aton
                0x00000000c0014108                ipaddr_addr
                0x00000000c0014138                ipaddr_ntoa_r
                0x00000000c0014284                ipaddr_ntoa
 .text          0x00000000c0014298     0x1161 net/core/ipv4/ip_frag.32
                0x00000000c00144fc                ip_reass_tmr
                0x00000000c0014b8c                ip_reass
                0x00000000c001504c                ip_frag
 *fill*         0x00000000c00153f9        0x3 
 .text          0x00000000c00153fc      0x40c net/core/ipv6/icmp6.32
 .text          0x00000000c0015808      0x362 net/core/ipv6/inet6.32
 *fill*         0x00000000c0015b6a        0x2 
 .text          0x00000000c0015b6c      0x4a0 net/core/ipv6/ip6.32
                0x00000000c0015b6c                ip_init
 .text          0x00000000c001600c      0x11d net/core/ipv6/ip6_addr.32
                0x00000000c001600c                ip_addr_netcmp
                0x00000000c0016084                ip_addr_cmp
                0x00000000c00160d8                ip_addr_set
                0x00000000c00160f8                ip_addr_isany
 .text          0x00000000c0016129        0x0 net/core/snmp/asn1_dec.32
 .text          0x00000000c0016129        0x0 net/core/snmp/asn1_enc.32
 .text          0x00000000c0016129        0x0 net/core/snmp/mib2.32
 .text          0x00000000c0016129        0x0 net/core/snmp/mib_structs.32
 .text          0x00000000c0016129        0x0 net/core/snmp/msg_in.32
 .text          0x00000000c0016129        0x0 net/core/snmp/msg_out.32
 .text          0x00000000c0016129        0x0 net/netif/ppp/auth.32
 .text          0x00000000c0016129        0x0 net/netif/ppp/chap.32
 .text          0x00000000c0016129        0x0 net/netif/ppp/chpms.32
 .text          0x00000000c0016129        0x0 net/netif/ppp/fsm.32
 .text          0x00000000c0016129        0x0 net/netif/ppp/ipcp.32
 .text          0x00000000c0016129        0x0 net/netif/ppp/lcp.32
 .text          0x00000000c0016129        0x0 net/netif/ppp/magic.32
 .text          0x00000000c0016129        0x0 net/netif/ppp/md5.32
 .text          0x00000000c0016129        0x0 net/netif/ppp/pap.32
 .text          0x00000000c0016129        0x0 net/netif/ppp/ppp.32
 .text          0x00000000c0016129        0x0 net/netif/ppp/ppp_oe.32
 .text          0x00000000c0016129        0x0 net/netif/ppp/randm.32
 .text          0x00000000c0016129        0x0 net/netif/ppp/vj.32
 *fill*         0x00000000c0016129        0x1 
 .text          0x00000000c001612a      0x6c7 core/computer.32
                0x00000000c001612a                Computer::close(int, int, void*)
                0x00000000c0016178                Krnl::firstTask()
                0x00000000c00162b6                Computer::Computer()
                0x00000000c00162b6                Computer::Computer()
                0x00000000c0016366                Computer::setBootMessage(char const*)
                0x00000000c0016368                Computer::detectFeatures()
                0x00000000c001658e                Computer::displayFeatures()
                0x00000000c0016590                Computer::rdmsr(unsigned int)
                0x00000000c00165bc                Computer::wrmsr(unsigned int, unsigned long long)
                0x00000000c00165f8                Computer::shutdown()
                0x00000000c0016610                Computer::restart()
                0x00000000c0016628                Computer::sleep()
                0x00000000c001663c                Computer::nmiEnabled()
                0x00000000c0016648                Computer::readCMOS(unsigned char)
                0x00000000c0016666                Computer::enableNMI(bool)
                0x00000000c001667e                Computer::open(int, int, void*)
                0x00000000c0016752                Computer::disableNMI()
                0x00000000c0016762                Computer::writeCMOS(unsigned char, unsigned char)
                0x00000000c0016786                Computer::handleNMI()
 *fill*         0x00000000c00167f1        0x1 
 .text          0x00000000c00167f2      0x1db core/gdt.32
                0x00000000c00167f2                GDTEntry::setBase(unsigned int)
                0x00000000c001680e                GDTEntry::setLimit(unsigned int)
                0x00000000c001682c                GDT::GDT()
                0x00000000c001682c                GDT::GDT()
                0x00000000c0016842                GDT::addEntry(GDTEntry)
                0x00000000c0016864                GDT::getNumberOfEntries()
                0x00000000c001686c                GDT::flush()
                0x00000000c001688e                GDT::setup()
 .text          0x00000000c00169cd       0x1d core/idle.32
                0x00000000c00169cd                idleFunction(void*)
 *fill*         0x00000000c00169ea        0x2 
 .text          0x00000000c00169ec      0x46c core/idt.32
                0x00000000c00169ec                IDTEntry::IDTEntry(bool)
                0x00000000c00169ec                IDTEntry::IDTEntry(bool)
                0x00000000c0016a66                IDTEntry::setOffset(unsigned int)
                0x00000000c0016a7c                IDT::IDT()
                0x00000000c0016a7c                IDT::IDT()
                0x00000000c0016a7e                IDT::getPointerToInvalidOpcodeEntryForF00F()
                0x00000000c0016a86                IDT::addEntry(IDTEntry, int)
                0x00000000c0016aa0                IDT::addEntry(int, void (*)(), bool)
                0x00000000c0016ad8                IDT::flush()
                0x00000000c0016af2                IDT::setup()
 .text          0x00000000c0016e58      0x188 core/kheap.32
                0x00000000c0016e58                sbrk
                0x00000000c0016eef                mmap
                0x00000000c0016f05                munmap
                0x00000000c0016f1b                liballoc_lock()
                0x00000000c0016f29                liballoc_unlock()
                0x00000000c0016f3f                liballoc_alloc(int)
                0x00000000c0016f57                liballoc_free(void*, int)
                0x00000000c0016f72                realloc
                0x00000000c0016f86                malloc
                0x00000000c0016f96                free
                0x00000000c0016fa6                rfree
                0x00000000c0016fb6                calloc
 .text          0x00000000c0016fe0       0xc7 core/main.32
                0x00000000c0016fe0                KeEntryPoint
 .text          0x00000000c00170a7      0x644 core/physmgr.32
                0x00000000c00170a7                Phys::allocateDMA(unsigned long)
                0x00000000c001718f                Phys::freeDMA(unsigned long, unsigned long)
                0x00000000c00171ca                Phys::setPageState(unsigned long, bool)
                0x00000000c001720a                Phys::getPageState(unsigned long)
                0x00000000c0017226                Phys::freePage(unsigned long)
                0x00000000c001728f                Phys::allocatePage()
                0x00000000c001735e                Phys::allocateContiguousPages(int)
                0x00000000c00173c5                Phys::allowSegmentToBeUsed(unsigned long, unsigned long)
                0x00000000c00173fd                Phys::physicalMemorySetup(unsigned int)
 *fill*         0x00000000c00176eb        0x1 
 .text          0x00000000c00176ec      0x273 core/pipe.32
                0x00000000c00176ec                Pipe::isAtty()
                0x00000000c00176f0                Pipe::~Pipe()
                0x00000000c00176f0                Pipe::~Pipe()
                0x00000000c0017714                Pipe::~Pipe()
                0x00000000c001773c                Pipe::write(unsigned long long, void*, int*)
                0x00000000c00177fc                Pipe::read(unsigned long long, void*, int*)
                0x00000000c00178f8                Pipe::Pipe(int)
                0x00000000c00178f8                Pipe::Pipe(int)
 *fill*         0x00000000c001795f        0x1 
 .text          0x00000000c0017960      0xab3 core/terminal.32
                0x00000000c0017960                VgaText::isAtty()
                0x00000000c0017964                VgaText::~VgaText()
                0x00000000c0017964                VgaText::~VgaText()
                0x00000000c0017988                VgaText::~VgaText()
                0x00000000c00179b2                VgaText::read(unsigned long long, void*, int*)
                0x00000000c00179d2                setTerminalScrollLock(bool)
                0x00000000c00179d3                doTerminalCycle()
                0x00000000c00179d4                addToTerminalCycle(VgaText*)
                0x00000000c00179d5                scrollTerminalScrollLock(int)
                0x00000000c00179d6                VgaText::updateTitle()
                0x00000000c00179d8                VgaText::load()
                0x00000000c00179da                VgaText::updateCursor()
                0x00000000c00179f0                VgaText::doANSI_SGR(int)
                0x00000000c0017a64                VgaText::setDefaultBgColour(VgaColour)
                0x00000000c0017a74                VgaText::setDefaultFgColour(VgaColour)
                0x00000000c0017a84                VgaText::setDefaultColours(VgaColour, VgaColour)
                0x00000000c0017aa4                VgaText::setTitleTextColour(VgaColour)
                0x00000000c0017ab0                VgaText::setTitleColour(VgaColour)
                0x00000000c0017abc                VgaText::setTitle(char*)
                0x00000000c0017abe                VgaText::combineColours(unsigned char, unsigned char)
                0x00000000c0017ad0                VgaText::scrollScreen()
                0x00000000c0017b62                VgaText::combineCharAndColour(char, unsigned char)
                0x00000000c0017b72                VgaText::writeCharacter(char, VgaColour, VgaColour, int, int)
                0x00000000c0017c02                VgaText::getCursorX()
                0x00000000c0017c0a                VgaText::getCursorY()
                0x00000000c0017c12                VgaText::setCursor(int, int)
                0x00000000c0017c29                setActiveTerminal(VgaText*)
                0x00000000c0017c74                VgaText::clearScreen()
                0x00000000c0017cc2                VgaText::setCursorX(int)
                0x00000000c0017cda                VgaText::setCursorY(int)
                0x00000000c0017cf2                VgaText::incrementCursor(bool)
                0x00000000c0017d46                VgaText::decrementCursor(bool)
                0x00000000c0017d68                VgaText::putchar(char, VgaColour, VgaColour)
                0x00000000c0017e38                VgaText::putchar(char)
                0x00000000c0017f30                VgaText::putx(unsigned int)
                0x00000000c0017f76                VgaText::puts(char const*)
                0x00000000c0017f9c                VgaText::write(unsigned long long, void*, int*)
                0x00000000c0017fe8                VgaText::puts(char const*, VgaColour, VgaColour)
                0x00000000c0018136                VgaText::VgaText(char const*)
                0x00000000c0018136                VgaText::VgaText(char const*)
                0x00000000c0018286                VgaText::receiveKey(unsigned char)
                0x00000000c0018412                VgaText::doUpdate()
 *fill*         0x00000000c0018413        0x1 
 .text          0x00000000c0018414      0x1a1 core/tss.32
                0x00000000c0018414                TSS::TSS()
                0x00000000c0018414                TSS::TSS()
                0x00000000c0018424                TSS::setESP(unsigned long)
                0x00000000c0018438                TSS::flush()
                0x00000000c0018458                TSS::setup(unsigned long, unsigned long)
 *fill*         0x00000000c00185b5        0x1 
 .text          0x00000000c00185b6      0x4ca core/unixfile.32
                0x00000000c00185b6                ReservedFilename::read(unsigned long long, void*, int*)
                0x00000000c001860c                ReservedFilename::isAtty()
                0x00000000c0018628                ReservedFilename::write(unsigned long long, void*, int*)
                0x00000000c0018686                UnixFile::getFileDescriptor()
                0x00000000c001868e                UnixFile::UnixFile(int)
                0x00000000c001868e                UnixFile::UnixFile(int)
                0x00000000c0018842                ReservedFilename::ReservedFilename(int)
                0x00000000c0018842                ReservedFilename::ReservedFilename(int)
                0x00000000c0018874                UnixFile::~UnixFile()
                0x00000000c0018874                UnixFile::~UnixFile()
                0x00000000c0018910                UnixFile::~UnixFile()
                0x00000000c0018938                ReservedFilename::~ReservedFilename()
                0x00000000c0018938                ReservedFilename::~ReservedFilename()
                0x00000000c001895c                ReservedFilename::~ReservedFilename()
                0x00000000c0018983                KeGetFileFromDescriptor(int)
 .text          0x00000000c0018a80     0x1218 core/virtmgr.32
                0x00000000c0018a80                Virt::setPageState(unsigned long, Virt::VirtPageState)
                0x00000000c0018aba                Virt::getPageState(unsigned long)
                0x00000000c0018add                Virt::allocateKernelVirtualPages(int)
                0x00000000c0018c02                Virt::freeSwapfilePage(unsigned long)
                0x00000000c0018c25                Virt::swapIDToSector(unsigned long)
                0x00000000c0018c3b                Virt::allocateSwapfilePage()
                0x00000000c0018cbb                Virt::virtualMemorySetup()
                0x00000000c0018d0c                Virt::setupPageSwapping(int)
                0x00000000c0018d7e                VAS::setCPUSpecific(unsigned long)
                0x00000000c0018d80                VAS::VAS(VAS*)
                0x00000000c0018d80                VAS::VAS(VAS*)
                0x00000000c0018dae                VAS::getForeignPageTableEntry(bool, unsigned long)
                0x00000000c0018ddc                VAS::getPageTableEntry(unsigned long)
                0x00000000c0018dfb                Virt::freeKernelVirtualPages(unsigned long)
                0x00000000c0018f38                VAS::freeAllocatedPages(unsigned long)
                0x00000000c0018f5c                VAS::virtualToPhysical(unsigned long)
                0x00000000c0018f76                VAS::reflagRange(unsigned long, int, unsigned long, unsigned long)
                0x00000000c0018fb8                VAS::VAS()
                0x00000000c0018fb8                VAS::VAS()
                0x00000000c0019022                VAS::setToWriteCombining(unsigned long, int)
                0x00000000c0019056                VAS::mapOtherVASIn(bool, VAS*)
                0x00000000c0019082                VAS::~VAS()
                0x00000000c0019082                VAS::~VAS()
                0x00000000c00191f0                VAS::mapPage(unsigned long, unsigned long, int)
                0x00000000c00192f4                VAS::allocatePages(int, int)
                0x00000000c00193ea                VAS::mapRange(unsigned long, unsigned long, int, int)
                0x00000000c0019442                VAS::mapForeignPage(bool, VAS*, unsigned long, unsigned long, int)
                0x00000000c0019538                VAS::VAS(bool)
                0x00000000c0019538                VAS::VAS(bool)
                0x00000000c0019782                VAS::evict(unsigned long)
                0x00000000c0019860                VAS::tryLoadBackOffDisk(unsigned long)
                0x00000000c00199fa                VAS::allocateSharedMemoryWithKernel(unsigned long, unsigned long*)
                0x00000000c0019a6e                VAS::freeSharedMemoryWithKernel(unsigned long, unsigned long)
                0x00000000c0019a9a                VAS::scanForEviction()
                0x00000000c0019b9d                mapVASFirstTime
 .text          0x00000000c0019c98       0x5f coreobjs/c++.32
                0x00000000c0019c98                __cxa_atexit
                0x00000000c0019c9b                __cxa_finalize
                0x00000000c0019c9c                __stack_chk_fail
                0x00000000c0019cd2                __cxa_pure_virtual
                0x00000000c0019ce3                operator new[](unsigned long)
                0x00000000c0019ce8                operator delete(void*, unsigned long)
                0x00000000c0019ced                operator delete[](void*)
                0x00000000c0019cf2                operator delete[](void*, unsigned long)
 .text          0x00000000c0019cf7      0x254 dbg/kconsole.32
                0x00000000c0019cf7                Dbg::stringifyxWithBase(unsigned int, char*, int)
                0x00000000c0019d97                Dbg::logc(char)
                0x00000000c0019db7                Dbg::logs(char*)
                0x00000000c0019dd6                Dbg::logWriteInt(unsigned int)
                0x00000000c0019df4                Dbg::logWriteIntBase(unsigned int, int)
                0x00000000c0019e15                Dbg::kprintf(char const*, ...)
 *fill*         0x00000000c0019f4b        0x1 
 .text          0x00000000c0019f4c      0x2d4 dbg/usban.32
                0x00000000c0019f4c                KiUbsanPrintDetails(char const*, void*)
                0x00000000c0019fb8                __ubsan_handle_type_mismatch_v1
                0x00000000c001a094                __ubsan_handle_pointer_overflow
                0x00000000c001a0c0                __ubsan_handle_out_of_bounds
                0x00000000c001a0ec                __ubsan_handle_add_overflow
                0x00000000c001a118                __ubsan_handle_load_invalid_value
                0x00000000c001a144                __ubsan_handle_divrem_overflow
                0x00000000c001a170                __ubsan_handle_mul_overflow
                0x00000000c001a19c                __ubsan_handle_sub_overflow
                0x00000000c001a1c8                __ubsan_handle_shift_out_of_bounds
                0x00000000c001a1f4                __ubsan_handle_negate_overflow
 .text          0x00000000c001a220      0x86d fs/symlink.32
                0x00000000c001a36f                KiDeinitialiseSymlinks(void*)
                0x00000000c001a402                KeRegisterSymlink(char const*, unsigned long long)
                0x00000000c001a494                KeInitialiseSymlinks()
                0x00000000c001a608                KiIsSymlinkRegistered(char const*)
                0x00000000c001a78c                KeDereferenceSymlink(char const*, char*)
                0x00000000c001a933                KeCreateSymlink(char const*, char const*)
 *fill*         0x00000000c001aa8d        0x1 
 .text          0x00000000c001aa8e      0xd68 fs/vfs.32
                0x00000000c001aa8e                File::read(unsigned long long, void*, int*)
                0x00000000c001aae6                File::write(unsigned long long, void*, int*)
                0x00000000c001ab3e                Directory::read(unsigned long long, void*, int*)
                0x00000000c001ab96                Directory::write(unsigned long long, void*, int*)
                0x00000000c001abc4                File::isAtty()
                0x00000000c001abc8                Directory::isAtty()
                0x00000000c001abcc                Filesystem::getlabel(LogicalDisk*, int, char*, unsigned int*)
                0x00000000c001abd2                Filesystem::setlabel(LogicalDisk*, int, char*)
                0x00000000c001abd8                Filesystem::allocateSwapfile(char const*, int)
                0x00000000c001abde                File::~File()
                0x00000000c001abde                File::~File()
                0x00000000c001ac02                File::~File()
                0x00000000c001ac2c                Directory::~Directory()
                0x00000000c001ac2c                Directory::~Directory()
                0x00000000c001ac50                Directory::~Directory()
                0x00000000c001ac7a                Filesystem::Filesystem()
                0x00000000c001ac7a                Filesystem::Filesystem()
                0x00000000c001ac9e                Filesystem::~Filesystem()
                0x00000000c001ac9e                Filesystem::~Filesystem()
                0x00000000c001acac                Filesystem::~Filesystem()
                0x00000000c001acd0                Fs::getcwd(Process*, char*, int)
                0x00000000c001acfa                Fs::initVFS()
                0x00000000c001ad24                Fs::standardiseFiles(char*, char const*, char const*, bool)
                0x00000000c001af3e                File::File(char const*, Process*, bool)
                0x00000000c001af3e                File::File(char const*, Process*, bool)
                0x00000000c001b01c                File::File(char const*, Process*)
                0x00000000c001b01c                File::File(char const*, Process*)
                0x00000000c001b03a                File::open(FileOpenMode)
                0x00000000c001b098                File::close()
                0x00000000c001b0f8                File::seek(unsigned long long)
                0x00000000c001b14e                File::truncate(unsigned long long)
                0x00000000c001b1a4                File::tell(unsigned long long*)
                0x00000000c001b1f4                File::rewind()
                0x00000000c001b208                File::unlink()
                0x00000000c001b254                File::rename(char const*)
                0x00000000c001b2a2                File::chfatattr(unsigned char, unsigned char)
                0x00000000c001b2fe                File::exists()
                0x00000000c001b33c                File::stat(unsigned long long*, bool*)
                0x00000000c001b39d                Fs::setcwd(Process*, char*)
                0x00000000c001b4fc                Directory::Directory(char const*, Process*)
                0x00000000c001b4fc                Directory::Directory(char const*, Process*)
                0x00000000c001b5c4                Directory::open()
                0x00000000c001b620                Directory::close()
                0x00000000c001b680                Directory::unlink()
                0x00000000c001b6cc                Directory::rename(char const*)
                0x00000000c001b71a                Directory::exists()
                0x00000000c001b758                Directory::read(dirent*)
                0x00000000c001b7a4                Directory::create()
                0x00000000c001b7f0                Filesystem::chfatattr(char const*, unsigned char, unsigned char)
 *fill*         0x00000000c001b7f6        0x2 
 .text          0x00000000c001b7f8       0x86 hal/bus.32
                0x00000000c001b7f8                Bus::Bus(char const*)
                0x00000000c001b7f8                Bus::Bus(char const*)
                0x00000000c001b830                Bus::~Bus()
                0x00000000c001b830                Bus::~Bus()
                0x00000000c001b854                Bus::~Bus()
 .text          0x00000000c001b87e       0x96 hal/buzzer.32
                0x00000000c001b87e                beepThread(void*)
                0x00000000c001b8bb                Krnl::beep(int, int, bool)
 .text          0x00000000c001b914      0x45f hal/clock.32
                0x00000000c001b914                User::loadClockSettings(int)
                0x00000000c001b966                Clock::Clock(char const*)
                0x00000000c001b966                Clock::Clock(char const*)
                0x00000000c001b99c                Clock::~Clock()
                0x00000000c001b99c                Clock::~Clock()
                0x00000000c001b9c0                Clock::~Clock()
                0x00000000c001b9ea                Clock::timeInSecondsLocal()
                0x00000000c001ba32                Clock::setTimeInSecondsLocal(unsigned long long)
                0x00000000c001ba8b                datetimeToSeconds(datetime_t)
                0x00000000c001bbaa                Clock::setTimeInDatetimeLocal(datetime_t)
                0x00000000c001bc0a                secondsToDatetime(unsigned long long)
                0x00000000c001bd4e                Clock::timeInDatetimeLocal()
 *fill*         0x00000000c001bd73        0x1 
 .text          0x00000000c001bd74      0x47a hal/device.32
                0x00000000c001bd74                Device::hibernate()
                0x00000000c001bd76                Device::wake()
                0x00000000c001bd78                Device::detect()
                0x00000000c001bd7a                Device::disableLegacy()
                0x00000000c001bd7c                Device::powerSaving(PowerSavingLevel)
                0x00000000c001bd7e                DriverlessDevice::close(int, int, void*)
                0x00000000c001bd82                DriverlessDevice::detect()
                0x00000000c001bd84                DriverlessDevice::open(int, int, void*)
                0x00000000c001bd98                Device::~Device()
                0x00000000c001bd98                Device::~Device()
                0x00000000c001bda6                Device::~Device()
                0x00000000c001bdce                Device::findAndLoadDriver()
                0x00000000c001bddc                Device::preOpenPCI(PCIDeviceInfo)
                0x00000000c001be02                Device::preOpenACPI(void*, char*, char*)
                0x00000000c001be42                Device::addIRQHandler(int, void (*)(regs*, void*), bool, void*)
                0x00000000c001be6c                Device::getParent()
                0x00000000c001be78                Device::removeIRQHandler(int, void (*)(regs*, void*), bool)
                0x00000000c001be96                Device::addChild(Device*)
                0x00000000c001beda                Device::removeAllChildren()
                0x00000000c001bf20                Device::hibernateAll()
                0x00000000c001bf50                Device::wakeAll()
                0x00000000c001bf80                Device::detectAll()
                0x00000000c001bfb0                Device::disableLegacyAll()
                0x00000000c001bfb2                Device::loadDriversForAll()
                0x00000000c001bfb4                Device::powerSavingAll(PowerSavingLevel)
                0x00000000c001bfea                Device::setName(char const*)
                0x00000000c001bff8                Device::Device(char const*)
                0x00000000c001bff8                Device::Device(char const*)
                0x00000000c001c0f4                Device::getName()
                0x00000000c001c0fe                Device::closeAll()
                0x00000000c001c14a                DriverlessDevice::DriverlessDevice(char const*)
                0x00000000c001c14a                DriverlessDevice::DriverlessDevice(char const*)
                0x00000000c001c180                Device::addToLinkedList(LinkedList<Device>&, DeviceType)
                0x00000000c001c1c4                getDevicesOfType(DeviceType)
 *fill*         0x00000000c001c1ee        0x2 
 .text          0x00000000c001c1f0       0x86 hal/diskctrl.32
                0x00000000c001c1f0                HardDiskController::HardDiskController(char const*)
                0x00000000c001c1f0                HardDiskController::HardDiskController(char const*)
                0x00000000c001c228                HardDiskController::~HardDiskController()
                0x00000000c001c228                HardDiskController::~HardDiskController()
                0x00000000c001c24c                HardDiskController::~HardDiskController()
 .text          0x00000000c001c276       0xe2 hal/diskphys.32
                0x00000000c001c276                PhysicalDisk::eject()
                0x00000000c001c27a                PhysicalDisk::PhysicalDisk(char const*, int)
                0x00000000c001c27a                PhysicalDisk::PhysicalDisk(char const*, int)
                0x00000000c001c2e2                PhysicalDisk::startCache()
                0x00000000c001c30a                PhysicalDisk::~PhysicalDisk()
                0x00000000c001c30a                PhysicalDisk::~PhysicalDisk()
                0x00000000c001c32e                PhysicalDisk::~PhysicalDisk()
 .text          0x00000000c001c358        0x0 hal/fpu.32
 .text          0x00000000c001c358      0x359 hal/intctrl.32
                0x00000000c001c358                int_handler
                0x00000000c001c3e2                installISRHandler(int, void (*)(regs*, void*), void*)
                0x00000000c001c42c                installIRQHandler(int, void (*)(regs*, void*), bool, void*)
                0x00000000c001c560                uninstallISRHandler(int, void (*)(regs*, void*))
                0x00000000c001c594                uninstallIRQHandler(int, void (*)(regs*, void*), bool)
                0x00000000c001c612                setupINTS()
                0x00000000c001c66f                convertLegacyIRQNumber(int)
 *fill*         0x00000000c001c6b1        0x1 
 .text          0x00000000c001c6b2      0x8be hal/keybrd.32
                0x00000000c001c6b2                startGUI(void*)
                0x00000000c001c720                startGUIVESA(void*)
                0x00000000c001c78e                sendKeyToTerminal(unsigned char)
                0x00000000c001c869                sendKeyboardToken(KeyboardToken)
                0x00000000c001cd53                clearInternalKeybuffer(VgaText*)
                0x00000000c001cd88                readKeyboard(VgaText*, char*, unsigned long)
                0x00000000c001cee6                Keyboard::Keyboard(char const*)
                0x00000000c001cee6                Keyboard::Keyboard(char const*)
                0x00000000c001cf22                Keyboard::~Keyboard()
                0x00000000c001cf22                Keyboard::~Keyboard()
                0x00000000c001cf46                Keyboard::~Keyboard()
 .text          0x00000000c001cf70      0x3f8 hal/logidisk.32
                0x00000000c001cf70                LogicalDisk::close(int, int, void*)
                0x00000000c001cf74                LogicalDisk::~LogicalDisk()
                0x00000000c001cf74                LogicalDisk::~LogicalDisk()
                0x00000000c001cf98                LogicalDisk::~LogicalDisk()
                0x00000000c001cfc2                LogicalDisk::open(int, int, void*)
                0x00000000c001cfd6                LogicalDisk::absoluteToRelative(unsigned long long)
                0x00000000c001d00e                LogicalDisk::relativeToAbsolute(unsigned long long)
                0x00000000c001d054                LogicalDisk::LogicalDisk(char const*, PhysicalDisk*, unsigned long long, unsigned long long)
                0x00000000c001d054                LogicalDisk::LogicalDisk(char const*, PhysicalDisk*, unsigned long long, unsigned long long)
                0x00000000c001d114                LogicalDisk::assignDriveLetter()
                0x00000000c001d1ce                LogicalDisk::mount()
                0x00000000c001d216                LogicalDisk::unmount()
                0x00000000c001d226                LogicalDisk::eject()
                0x00000000c001d23a                LogicalDisk::unassignDriveLetter()
                0x00000000c001d290                LogicalDisk::read(unsigned long long, int, void*)
                0x00000000c001d2fc                LogicalDisk::write(unsigned long long, int, void*)
 .text          0x00000000c001d368       0x86 hal/mouse.32
                0x00000000c001d368                Mouse::Mouse(char const*)
                0x00000000c001d368                Mouse::Mouse(char const*)
                0x00000000c001d3a0                Mouse::~Mouse()
                0x00000000c001d3a0                Mouse::~Mouse()
                0x00000000c001d3c4                Mouse::~Mouse()
 .text          0x00000000c001d3ee       0x90 hal/nic.32
                0x00000000c001d3ee                NIC::getMAC()
                0x00000000c001d3f4                NIC::write(int, unsigned char*, int*)
                0x00000000c001d3fa                NIC::NIC(char const*)
                0x00000000c001d3fa                NIC::NIC(char const*)
                0x00000000c001d430                NIC::~NIC()
                0x00000000c001d430                NIC::~NIC()
                0x00000000c001d454                NIC::~NIC()
 .text          0x00000000c001d47e      0x33b hal/partition.32
                0x00000000c001d47e                makePartition(PhysicalDisk*, unsigned long long, unsigned long long)
                0x00000000c001d526                createPartitionsForDisk(PhysicalDisk*)
 *fill*         0x00000000c001d7b9        0x3 
 .text          0x00000000c001d7bc       0x86 hal/serial.32
                0x00000000c001d7bc                Serial::Serial(char const*)
                0x00000000c001d7bc                Serial::Serial(char const*)
                0x00000000c001d7f4                Serial::~Serial()
                0x00000000c001d7f4                Serial::~Serial()
                0x00000000c001d818                Serial::~Serial()
 *fill*         0x00000000c001d842        0x2 
 .text          0x00000000c001d844      0x234 hal/timer.32
                0x00000000c001d844                Timer::Timer(char const*)
                0x00000000c001d844                Timer::Timer(char const*)
                0x00000000c001d87c                Timer::~Timer()
                0x00000000c001d87c                Timer::~Timer()
                0x00000000c001d8a0                Timer::~Timer()
                0x00000000c001d8ca                Timer::read()
                0x00000000c001d8d5                setupTimer(int)
                0x00000000c001d910                timerHandler(unsigned int)
 .text          0x00000000c001da78      0x444 hal/vcache.32
                0x00000000c001da78                VCache::VCache(PhysicalDisk*)
                0x00000000c001da78                VCache::VCache(PhysicalDisk*)
                0x00000000c001dbe8                VCache::invalidateReadBuffer()
                0x00000000c001dbf8                VCache::writeWriteBuffer()
                0x00000000c001dc44                VCache::~VCache()
                0x00000000c001dc44                VCache::~VCache()
                0x00000000c001dc9c                VCache::~VCache()
                0x00000000c001dcc4                VCache::write(unsigned long long, int, void*)
                0x00000000c001ddb2                VCache::read(unsigned long long, int, void*)
 .text          0x00000000c001debc      0x4c7 hal/video.32
                0x00000000c001debc                Video::putrect(int, int, int, int, unsigned int)
                0x00000000c001df08                Video::bitblit(int, int, int, int, int, int, int, unsigned int*)
                0x00000000c001df78                Video::blit(unsigned int*, int, int, int, int)
                0x00000000c001dff6                Video::clearScreen(unsigned int)
                0x00000000c001e02a                Video::putpixel(int, int, unsigned int)
                0x00000000c001e038                Video::readPixelApprox(int, int)
                0x00000000c001e04c                Video::Video(char const*)
                0x00000000c001e04c                Video::Video(char const*)
                0x00000000c001e082                Video::~Video()
                0x00000000c001e082                Video::~Video()
                0x00000000c001e0a6                Video::~Video()
                0x00000000c001e0d0                Video::isMonochrome()
                0x00000000c001e0dc                Video::getWidth()
                0x00000000c001e0e8                Video::getHeight()
                0x00000000c001e0f4                Video::drawCursor(int, int, unsigned int*, int)
                0x00000000c001e1b0                Video::tgaParse(unsigned char*, int, int*, int*)
                0x00000000c001e318                Video::putTGA(int, int, unsigned char*, int)
 *fill*         0x00000000c001e383        0x1 
 .text          0x00000000c001e384     0x1413 hw/acpi.32
                0x00000000c001e384                ACPI::close(int, int, void*)
                0x00000000c001e4c0                findRSDP()
                0x00000000c001e558                loadACPITables(unsigned char*)
                0x00000000c001e7c4                findRSDT(unsigned char*)
                0x00000000c001e91c                findDataTable(unsigned char*, char*)
                0x00000000c001e99c                scanMADT()
                0x00000000c001ee54                ACPI::ACPI()
                0x00000000c001ee54                ACPI::ACPI()
                0x00000000c001eea8                ACPI::getPCIIRQAssignment(unsigned char, unsigned short, unsigned char)
                0x00000000c001efa4                ACPI::registerPCIIRQAssignment(void*, unsigned short, unsigned char, unsigned char)
                0x00000000c001f070                ACPI::setScreenBrightnessLevel(void*, int)
                0x00000000c001f078                ACPI::detectPCI()
                0x00000000c001f298                ACPI::writeSimpleBootFlag(SimpleBootFlagTable*)
                0x00000000c001f2e0                ACPI::sleep()
                0x00000000c001f2fc                ACPI::open(int, int, void*)
 *fill*         0x00000000c001f797        0x1 
 .text          0x00000000c001f798      0xbc5 hw/cpu.32
                0x00000000c001f798                CPU::close(int, int, void*)
                0x00000000c001f79c                CPU::AMD_K6_write_msr(unsigned int, unsigned int, unsigned int, CPU::REGS*)
                0x00000000c001f7b8                CPU::AMD_K6_read_msr(unsigned int, CPU::REGS*)
                0x00000000c001f7d0                CPU::AMD_K6_writeback(int, int, int)
                0x00000000c001f844                CPU::cpuid(int, unsigned long*, unsigned long*, unsigned long*, unsigned long*)
                0x00000000c001f8c8                CPU::cpuidCheckEDX(unsigned int)
                0x00000000c001f8f6                CPU::cpuidCheckECX(unsigned int)
                0x00000000c001f924                CPU::cpuidCheckExtendedEBX(unsigned int)
                0x00000000c001f952                CPU::cpuidCheckExtendedECX(unsigned int)
                0x00000000c001f980                CPU::CPU()
                0x00000000c001f980                CPU::CPU()
                0x00000000c001fa0e                CPU::displayFeatures()
                0x00000000c001fa10                CPU::detectFeatures()
                0x00000000c00200e4                CPU::setupSMEP()
                0x00000000c00200f0                CPU::setupUMIP()
                0x00000000c00200fa                CPU::setupTSC()
                0x00000000c0020104                CPU::setupLargePages()
                0x00000000c002010e                CPU::setupPAT()
                0x00000000c002014a                CPU::setupMTRR()
                0x00000000c002014c                CPU::setupGlobalPages()
                0x00000000c0020156                CPU::allowUsermodeDataAccess()
                0x00000000c0020168                CPU::prohibitUsermodeDataAccess()
                0x00000000c002017a                CPU::setupSMAP()
                0x00000000c0020188                CPU::setupFeatures()
                0x00000000c0020254                CPU::open(int, int, void*)
 .text          0x00000000c002035d       0xb6 krnl/atexit.32
                0x00000000c002035d                KeInitialiseAtexit()
                0x00000000c002037c                KeRegisterAtexit(void (*)(void*), void*)
                0x00000000c00203b0                KeExecuteAtexit()
 .text          0x00000000c0020413       0xdf krnl/bootmsg.32
                0x00000000c0020413                KeDisplaySplashScreen()
                0x00000000c002048f                KeSetBootMessage(char const*)
 *fill*         0x00000000c00204f2        0x2 
 .text          0x00000000c00204f4       0x48 krnl/cdefs.32
                0x00000000c00204f4                CUnlockScheduler
                0x00000000c0020510                CLockScheduler
                0x00000000c0020520                CPrintf
 .text          0x00000000c002053c       0x1d krnl/compat.32
                0x00000000c002053c                Krnl::handlePowerButton()
                0x00000000c002054c                Krnl::handleSleepButton()
 .text          0x00000000c0020559       0x2b krnl/crc32.32
                0x00000000c0020559                KeCalculateCRC32(unsigned char*, int)
 .text          0x00000000c0020584      0x5bf krnl/env.32
                0x00000000c0020584                EnvVarContainer::getEnv(char const*)
                0x00000000c00205c2                EnvVarContainer::setEnv(char const*, char const*)
                0x00000000c0020684                EnvVarContainer::deleteEnv(char const*)
                0x00000000c0020686                EnvVarContainer::loadFrom(char const*, char const*)
                0x00000000c00208aa                EnvVarContainer::__loadSystem()
                0x00000000c00208c4                EnvVarContainer::__loadUser()
                0x00000000c00208c6                EnvVarContainer::EnvVarContainer(Process*)
                0x00000000c00208c6                EnvVarContainer::EnvVarContainer(Process*)
                0x00000000c00208e8                EnvVarContainer::~EnvVarContainer()
                0x00000000c00208e8                EnvVarContainer::~EnvVarContainer()
                0x00000000c0020918                KeGetEnv(Process*, char const*)
                0x00000000c002097d                KeSetEnvSystem(char const*, char const*)
                0x00000000c0020997                KeSetEnvUser(char const*, char const*)
                0x00000000c00209b6                KeSetEnvProcess(Process*, char const*, char const*)
                0x00000000c00209c9                KeDeleteEnvSystem(char const*)
                0x00000000c00209ca                KeDeleteEnvUser(char const*)
                0x00000000c00209cb                KeDeleteEnvProcess(Process*, char const*)
                0x00000000c00209cc                KeNewProcessEnv(Process*)
                0x00000000c00209ee                KeCopyProcessEnv(Process*, Process*)
                0x00000000c0020a3a                KeLoadSystemEnv()
                0x00000000c0020a68                KeLoadUserEnv()
                0x00000000c0020a8e                KeFlushEnv()
                0x00000000c0020a8f                KeGetProcessTotalEnvCount(Process*)
                0x00000000c0020aaf                KeGetProcessEnvPair(Process*, int)
 .text          0x00000000c0020b43       0x94 krnl/inlines.32
                0x00000000c0020b43                CPU::current()
                0x00000000c0020b4f                operator new(unsigned long)
                0x00000000c0020b54                operator delete(void*)
                0x00000000c0020b59                disableIRQs()
                0x00000000c0020b5b                enableIRQs()
                0x00000000c0020b5d                lockScheduler()
                0x00000000c0020b65                unlockScheduler()
                0x00000000c0020b74                lockStuff()
                0x00000000c0020b82                unlockStuff()
                0x00000000c0020bbc                Virt::getAKernelVAS()
                0x00000000c0020bc2                __not_memcpy
 .text          0x00000000c0020bd7        0xc krnl/panic.32
                0x00000000c0020bd7                KePanic(char const*)
 .text          0x00000000c0020be3      0x142 krnl/powctrl.32
                0x00000000c0020be3                KePowerThread(void*)
                0x00000000c0020c11                KeChangePowerSettings(PowerSettings)
                0x00000000c0020c27                KeUserIOReceived()
                0x00000000c0020c32                KeHandlePowerButton()
                0x00000000c0020c67                KeHandleSleepButton()
                0x00000000c0020c9c                KeSetupPowerManager()
 .text          0x00000000c0020d25       0x9d krnl/random.32
                0x00000000c0020d25                KeRand()
                0x00000000c0020d67                KeSeedRand(unsigned int)
                0x00000000c0020d90                KeInitRand()
 *fill*         0x00000000c0020dc2        0x2 
 .text          0x00000000c0020dc4      0x1bc krnl/resolve.32
                0x00000000c0020dc4                KeResolveCompatibilitySymbol(char*)
 .text          0x00000000c0020f80      0x322 krnl/signal.32
                0x00000000c0020f80                KiSigKill(int)
                0x00000000c0020f94                KiDefaultSignalHandlerIgnore(int)
                0x00000000c0020f95                KiDefaultSignalHandlerPause(int)
                0x00000000c0020fc1                KiDefaultSignalHandlerResume(int)
                0x00000000c0020fed                KeDeinitSignals(SigHandlerBlock*)
                0x00000000c0020ff2                KeInitSignals()
                0x00000000c0021044                KeRegisterSignalHandler(SigHandlerBlock*, int, void (*)(int), unsigned int, int)
                0x00000000c002107a                KeRaiseSignal(SigHandlerBlock*, int)
                0x00000000c00210f7                KeCheckSignal(SigHandlerBlock*, int*)
                0x00000000c00211ee                KiCheckSignalZ
                0x00000000c0021230                KeCompleteSignal(SigHandlerBlock*, int)
                0x00000000c002126b                KiFinishSignalZ
 .text          0x00000000c00212a2      0xe10 krnl/syscalls.32
                0x00000000c00212a2                SysSeekDir(regs*)
                0x00000000c00212a7                SysTellDir(regs*)
                0x00000000c00212ac                SysVerify(regs*)
                0x00000000c00212b6                SysGetArgc(regs*)
                0x00000000c00212ca                SysTTYName(regs*)
                0x00000000c00212d2                SysFormatDisk(regs*)
                0x00000000c0021349                SysSetDiskVolumeLabel(regs*)
                0x00000000c002139d                SysGetDiskVolumeLabel(regs*)
                0x00000000c00213f6                SysShutdown(regs*)
                0x00000000c0021454                SysRealpath(regs*)
                0x00000000c0021498                SysReadDir(regs*)
                0x00000000c0021518                SysIsATTY(regs*)
                0x00000000c0021572                SysSeek(regs*)
                0x00000000c00215c9                SysTell(regs*)
                0x00000000c0021636                SysSize(regs*)
                0x00000000c00216a9                SysSizeFromFilename(regs*)
                0x00000000c00217da                SysSizeFromFilenameNoSymlink(regs*)
                0x00000000c002190b                SysClose(regs*)
                0x00000000c002196b                SysOpenDir(regs*)
                0x00000000c00219e8                SysMakeDir(regs*)
                0x00000000c0021a56                SysCloseDir(regs*)
                0x00000000c0021aaa                SysWait(regs*)
                0x00000000c0021acb                SysNotImpl(regs*)
                0x00000000c0021ae6                SysPanic(regs*)
                0x00000000c0021b01                SysRmdir(regs*)
                0x00000000c0021b66                SysUnlink(regs*)
                0x00000000c0021bcb                SysGetArgv(regs*)
                0x00000000c0021c18                SysUSleep(regs*)
                0x00000000c0021c41                SysSpawn(regs*)
                0x00000000c0021cb4                SysGetEnv(regs*)
                0x00000000c0021d65                SysSetFatAttrib(regs*)
                0x00000000c0021dd8                SysPipe(regs*)
                0x00000000c0021e1d                SysGetUnixTime(regs*)
                0x00000000c0021e31                string_ends_with(char const*, char const*)
                0x00000000c0021e79                SysOpen(regs*)
                0x00000000c0022070                KeSystemCall(regs*, void*)
 *fill*         0x00000000c00220b2        0x2 
 .text          0x00000000c00220b4      0x159 net/ethernet.32
                0x00000000c00220b4                KeSwitchEndian16(unsigned short)
                0x00000000c00220d8                KeSwitchEndian32(unsigned int)
                0x00000000c0022108                EthernetCRC32(unsigned char*, int)
                0x00000000c00221ac                EthernetReceivedPacket(EthernetUnwrappedFrame*, unsigned short)
 .text          0x00000000c002220d      0xd56 reg/cm.32
                0x00000000c002220d                CmOpen(char const*)
                0x00000000c002232b                CmClose(Reghive_Tag*)
                0x00000000c0022341                CmReadExtent(Reghive_Tag*, int, unsigned char*)
                0x00000000c002237d                CmGetString(Reghive_Tag*, int, char*)
                0x00000000c00223f4                CmEnterDirectory(Reghive_Tag*, int)
                0x00000000c0022433                CmGetNext(Reghive_Tag*, int)
                0x00000000c0022465                CmWriteExtent(Reghive_Tag*, int, unsigned char*)
                0x00000000c00224a1                CmFreeExtent(Reghive_Tag*, int)
                0x00000000c00224c9                CmUpdateHeader(Reghive_Tag*)
                0x00000000c00224ea                CmExpand(Reghive_Tag*, int)
                0x00000000c0022565                CmFindUnusedExtent(Reghive_Tag*)
                0x00000000c00225eb                CmCreateExtent(Reghive_Tag*, int, int, unsigned char*)
                0x00000000c00226df                CmSetString(Reghive_Tag*, int, char const*)
                0x00000000c002281b                CmGetMatch(char*, char*, bool, bool*)
                0x00000000c002287c                CmAddShift(unsigned int*, int*, unsigned char, int)
                0x00000000c00228ac                CmGetShift(unsigned int*, int*, int, bool*)
                0x00000000c00228e3                CmGetInteger(Reghive_Tag*, int, unsigned long long*)
                0x00000000c002290d                CmSetInteger(Reghive_Tag*, int, unsigned long long)
                0x00000000c002294d                CmConvertFromInternalFilename(unsigned char const*, char*)
                0x00000000c00229f1                CmGetNameAndTypeFromExtent(Reghive_Tag*, int, char*)
                0x00000000c0022a1f                CmConvertToInternalFilename(char const*, unsigned char*)
                0x00000000c0022bbd                CmCreateString(Reghive_Tag*, int, char const*)
                0x00000000c0022c0a                CmFindInDirectory(Reghive_Tag*, int, char const*)
                0x00000000c0022c84                CmCreateInteger(Reghive_Tag*, int, char const*, unsigned long long, int)
                0x00000000c0022cd7                CmCreateDirectory(Reghive_Tag*, int, char const*)
                0x00000000c0022d9b                zStrtok(char*, char const*)
                0x00000000c0022e0d                CmFindObjectFromPath(Reghive_Tag*, char const*)
                0x00000000c0022e8e                CmDisplayTree(Reghive_Tag*, int, int)
                0x00000000c0022f31                CmSplitFinalSlashInPlace(char*)
 .text          0x00000000c0022f63      0x52a reg/registry.32
                0x00000000c0022f63                Reg::findLineFromLoadedData(char*, char*, char*)
                0x00000000c00230d4                Reg::getLineFromRegistry(char*, char*, char*, char*)
                0x00000000c0023229                Reg::getLine(char*, char*, char*)
                0x00000000c0023260                Reg::readInt(char*, char*, int*)
                0x00000000c002334e                Reg::readString(char*, char*, char*, int)
                0x00000000c00233cf                Reg::readBool(char*, char*, bool*)
                0x00000000c00233f4                Reg::readBoolWithDefault(char*, char*, bool)
                0x00000000c0023420                Reg::readIntWithDefault(char*, char*, int)
                0x00000000c002344c                Reg::readStringWithDefault(char*, char*, char*, int, char*)
 .text          0x00000000c002348d       0x36 sys/eject.32
                0x00000000c002348d                SysEject(regs*)
 .text          0x00000000c00234c3       0x18 sys/exit.32
                0x00000000c00234c3                SysExit(regs*)
 .text          0x00000000c00234db       0x1f sys/getcwd.32
                0x00000000c00234db                SysGetCwd(regs*)
 .text          0x00000000c00234fa        0xc sys/getpid.32
                0x00000000c00234fa                SysGetPID(regs*)
 .text          0x00000000c0023506       0x1a sys/getramdata.32
                0x00000000c0023506                SysGetRAMData(regs*)
 .text          0x00000000c0023520       0x82 sys/getvgaptr.32
                0x00000000c0023520                SysGetVGAPtr(regs*)
 *fill*         0x00000000c00235a2        0x2 
 .text          0x00000000c00235a4       0xb9 sys/kill.32
                0x00000000c00235a4                SysKill(regs*)
 .text          0x00000000c002365d       0xa8 sys/loaddll.32
                0x00000000c002365d                SysLoadDLL(regs*)
 .text          0x00000000c0023705       0x68 sys/read.32
                0x00000000c0023705                SysRead(regs*)
 .text          0x00000000c002376d       0x29 sys/registersignal.32
                0x00000000c002376d                SysRegisterSignal(regs*)
 .text          0x00000000c0023796      0x19c sys/registry.32
                0x00000000c0023796                SysRegistryGetTypeFromPath(regs*)
                0x00000000c002380d                SysRegistryReadExtent(regs*)
                0x00000000c0023855                SysRegistryPathToExtentLookup(regs*)
                0x00000000c002387d                SysRegistryEnterDirectory(regs*)
                0x00000000c00238a5                SysRegistryGetNext(regs*)
                0x00000000c00238cd                SysRegistryGetNameAndTypeFromExtent(regs*)
                0x00000000c0023907                SysRegistryOpen(regs*)
                0x00000000c002391b                SysRegistryClose(regs*)
 .text          0x00000000c0023932       0x55 sys/sbrk.32
                0x00000000c0023932                SysSbrk(regs*)
 .text          0x00000000c0023987       0x1c sys/setcwd.32
                0x00000000c0023987                SysSetCwd(regs*)
 .text          0x00000000c00239a3       0x96 sys/settime.32
                0x00000000c00239a3                SysSetTime(regs*)
 .text          0x00000000c0023a39       0x73 sys/symlink.32
                0x00000000c0023a39                SysSymlink(regs*)
 .text          0x00000000c0023aac       0x4a sys/timezone.32
                0x00000000c0023aac                SysTimezone(regs*)
 .text          0x00000000c0023af6       0xfc sys/truncate.32
                0x00000000c0023af6                SysTruncate(regs*)
 .text          0x00000000c0023bf2       0x68 sys/write.32
                0x00000000c0023bf2                SysWrite(regs*)
 .text          0x00000000c0023c5a       0x62 sys/wsbe.32
                0x00000000c0023c5a                SysWsbe(regs*)
 .text          0x00000000c0023cbc       0x25 sys/yield.32
                0x00000000c0023cbc                SysYield(regs*)
 .text          0x00000000c0023ce1     0x11e6 thr/elf.32
                0x00000000c0023ce1                Thr::allocateMemoryForTask(Process*, File*, unsigned long, unsigned long, unsigned long)
                0x00000000c0023f6f                Thr::loadProgramIntoMemory(Process*, char const*)
                0x00000000c0024181                Thr::runtimeReferenceHelper()
                0x00000000c0024194                Thr::getAddressOfKernelSymbol(char const*)
                0x00000000c00241e3                Thr::loadKernelSymbolTable(char const*)
                0x00000000c00244a1                Thr::loadDriverIntoMemory(char const*, unsigned long, bool)
                0x00000000c0024bda                Thr::getDriverBaseFromAddress(unsigned long)
                0x00000000c0024c0c                Thr::getDriverNameFromAddress(unsigned long)
                0x00000000c0024c43                Thr::getDriverOffsetFromAddress(unsigned long)
                0x00000000c0024c5d                Thr::loadDLL(char const*, bool)
                0x00000000c0024e8e                Thr::executeDLL(unsigned long, void*)
 *fill*         0x00000000c0024ec7        0x1 
 .text          0x00000000c0024ec8     0x13d9 thr/prcssthr.32
                0x00000000c0024ec8                userModeEntryPoint(void*)
                0x00000000c0024ef0                changeTSS
                0x00000000c0024f20                switchToThread(ThreadControlBlock*)
                0x00000000c0024fd0                Process::addArgs(char**)
                0x00000000c002503c                Process::Process(char const*, Process*, char**)
                0x00000000c002503c                Process::Process(char const*, Process*, char**)
                0x00000000c0025248                Process::Process(bool, char const*, Process*, char**)
                0x00000000c0025248                Process::Process(bool, char const*, Process*, char**)
                0x00000000c002541c                taskStartupFunction
                0x00000000c0025428                Semaphore::Semaphore(int)
                0x00000000c0025428                Semaphore::Semaphore(int)
                0x00000000c0025458                Mutex::Mutex()
                0x00000000c0025458                Mutex::Mutex()
                0x00000000c002546c                Process::createThread(void (*)(void*), void*, int)
                0x00000000c0025578                Process::createUserThread()
                0x00000000c0025598                setupMultitasking(void (*)())
                0x00000000c00256bc                schedule()
                0x00000000c0025750                Semaphore::tryAcquire()
                0x00000000c0025824                Semaphore::assertLocked(char const*)
                0x00000000c00258a8                blockTaskWithSchedulerLockAlreadyHeld(TaskState)
                0x00000000c00258d0                blockTask(TaskState)
                0x00000000c0025908                waitTask(int, int*, int)
                0x00000000c002594c                milliTenthSleepUntil(unsigned int)
                0x00000000c00259ec                milliTenthSleep(unsigned int)
                0x00000000c0025a00                sleep(unsigned int)
                0x00000000c0025a1c                Semaphore::acquire()
                0x00000000c0025ae4                taskReturned
                0x00000000c0025b28                Thr::processFromPID(int)
                0x00000000c0025bd4                unblockTask(ThreadControlBlock*)
                0x00000000c0025c80                cleanupTerminatedTask(ThreadControlBlock*)
                0x00000000c0025f54                cleanerTaskFunction(void*)
                0x00000000c002605c                terminateTask(int)
                0x00000000c0026148                Thr::terminateFromIRQ(int)
                0x00000000c0026158                Semaphore::release()
 .text          0x00000000c00262a1      0xc27 vm86/vm8086.32
                0x00000000c00262a1                Vm::inbv(unsigned short)
                0x00000000c00262b4                Vm::outbv(unsigned short, unsigned char)
                0x00000000c00262ea                Vm::realToLinear(unsigned short, unsigned short)
                0x00000000c00262fa                Vm::getSegment(unsigned int)
                0x00000000c0026302                Vm::getOffset(unsigned int)
                0x00000000c0026307                Vm::mainloop2()
                0x00000000c0026341                Vm::mainVm8086Loop(void*)
                0x00000000c0026351                Vm::mainloop3(unsigned long)
                0x00000000c0026377                Vm::initialise8086()
                0x00000000c00263ba                Vm::finish8086()
                0x00000000c002641b                Vm::getOutput8086(unsigned char*)
                0x00000000c0026440                Vm::start8086FromBuffer(unsigned char*, int, unsigned short, unsigned short, unsigned short, unsigned short)
                0x00000000c00264f9                Vm::start8086(char const*, unsigned short, unsigned short, unsigned short, unsigned short)
                0x00000000c0026697                Vm::doISR(regs*, int, unsigned char*, unsigned short, unsigned short)
                0x00000000c0026730                Vm::readByteFromReal(unsigned short, unsigned short)
                0x00000000c0026741                Vm::readWordFromReal(unsigned short, unsigned short)
                0x00000000c0026753                Vm::readDwordFromReal(unsigned short, unsigned short)
                0x00000000c0026764                Vm::writeByteFromReal(unsigned short, unsigned short, unsigned char)
                0x00000000c0026779                Vm::writeWordFromReal(unsigned short, unsigned short, unsigned short)
                0x00000000c002678f                Vm::writeDwordFromReal(unsigned short, unsigned short, unsigned int)
                0x00000000c00267a4                Vm::faultHandler(regs*)
 .text          0x00000000c0026ec8      0xaf0 arch/i386/hal.32
                0x00000000c0026ec8                noCopro(unsigned long)
                0x00000000c0026ec9                nmiHandler(regs*, void*)
                0x00000000c0026ee2                doubleFault(regs*, void*)
                0x00000000c0026efb                displayDebugInfo(regs*)
                0x00000000c0027280                HalSystemIdle()
                0x00000000c00272fc                displayProgramFault(char const*)
                0x00000000c0027348                gpFault(regs*, void*)
                0x00000000c00273af                pgFault(regs*, void*)
                0x00000000c0027438                otherISRHandler(regs*, void*)
                0x00000000c002746c                opcodeFault(regs*, void*)
                0x00000000c00274ef                i386SaveCoprocessor(void*)
                0x00000000c0027503                i386LoadCoprocessor(void*)
                0x00000000c0027517                x87EmulHandler(regs*, void*)
                0x00000000c00275b4                HalInitialiseCoprocessor()
                0x00000000c0027662                HalPanic(char const*)
                0x00000000c0027776                HalQueryPerformanceCounter()
                0x00000000c0027791                HalInitialise()
                0x00000000c0027947                HalMakeBeep(int)
                0x00000000c0027981                HalGetRand()
                0x00000000c0027984                HalEndOfInterrupt(int)
                0x00000000c00279b5                HalRestart()
                0x00000000c00279b6                HalShutdown()
                0x00000000c00279b7                HalSleep()
 .text          0x00000000c00279b8      0x2dc arch/i386/pic.32
                0x00000000c00279b8                picIoWait()
                0x00000000c00279c0                picDisable()
                0x00000000c00279f4                picGetIRQReg(int)
                0x00000000c0027a70                picOpen()
                0x00000000c0027bf4                picEOI(int)
 .text          0x00000000c0027c94      0x674 arch/i386/rtc.32
                0x00000000c0027c94                RTC::open(int, int, void*)
                0x00000000c0027c98                RTC::close(int, int, void*)
                0x00000000c0027c9c                RTC::timeInSecondsUTC()
                0x00000000c0027cae                RTC::timeInDatetimeUTC()
                0x00000000c0027cd4                RTC::setTimeInSecondsUTC(unsigned long long)
                0x00000000c0027d12                RTC::~RTC()
                0x00000000c0027d12                RTC::~RTC()
                0x00000000c0027d36                RTC::~RTC()
                0x00000000c0027d60                RTC::get_update_in_progress_flag()
                0x00000000c0027d7a                RTC::completeRTCRefresh()
                0x00000000c002805a                RTC::setTimeInDatetimeUTC(datetime_t)
                0x00000000c0028208                rtcIRQHandler(regs*, void*)
                0x00000000c002824e                RTC::RTC()
                0x00000000c002824e                RTC::RTC()
 .text          0x00000000c0028308      0x1f4 arch/i386/vga.32
                0x00000000c0028308                HalConsoleScroll(int, int)
                0x00000000c0028410                HalConsoleWriteCharacter(char, int, int, int, int)
                0x00000000c0028474                HalConsoleCursorUpdate(int, int)
 .text          0x00000000c00284fc     0x14cf fs/fat/vfslink.32
                0x00000000c00284fc                FAT::getName()
                0x00000000c0028504                FAT::tell(void*, unsigned long long*)
                0x00000000c0028540                FAT::stat(void*, unsigned long long*)
                0x00000000c002857c                FAT::~FAT()
                0x00000000c002857c                FAT::~FAT()
                0x00000000c00285a0                FAT::~FAT()
                0x00000000c00285c8                FAT::getlabel(LogicalDisk*, int, char*, unsigned int*)
                0x00000000c002866c                FAT::setlabel(LogicalDisk*, int, char*)
                0x00000000c0028730                FAT::format(LogicalDisk*, int, char const*, int)
                0x00000000c0028914                FAT::tryMount(LogicalDisk*, int)
                0x00000000c0028b30                FAT::allocateSwapfile(char const*, int)
                0x00000000c0028cf0                FAT::readDir(void*, unsigned long, void*, int*)
                0x00000000c0028e60                FAT::read(void*, unsigned long, void*, int*)
                0x00000000c0028ec0                FAT::write(void*, unsigned long, void*, int*)
                0x00000000c0028f20                FAT::close(void*)
                0x00000000c0028f74                FAT::closeDir(void*)
                0x00000000c0028fc8                FAT::truncate(void*, unsigned long long)
                0x00000000c0029034                FAT::seek(void*, unsigned long long)
                0x00000000c002908c                fatWrapperReadDisk
                0x00000000c00290cc                fatWrapperWriteDisk
                0x00000000c002910c                fatWrapperIoctl
                0x00000000c0029228                FAT::FAT()
                0x00000000c0029228                FAT::FAT()
                0x00000000c0029280                FAT::fixFilepath(char*)
                0x00000000c00292c0                FAT::open(char const*, void**, FileOpenMode)
                0x00000000c0029434                FAT::openDir(char const*, void**)
                0x00000000c00294e4                FAT::stat(char const*, unsigned long long*, bool*)
                0x00000000c00295dc                FAT::unlink(char const*)
                0x00000000c002965c                FAT::chfatattr(char const*, unsigned char, unsigned char)
                0x00000000c0029810                FAT::rename(char const*, char const*)
                0x00000000c00298dc                FAT::mkdir(char const*)
                0x00000000c002995c                FAT::exists(char const*)
 *fill*         0x00000000c00299cb        0x1 
 .text          0x00000000c00299cc       0x94 fs/iso9660/helper.32
                0x00000000c00299cc                isoReadDiscSectorHelper
                0x00000000c0029a28                iso_kprintf
                0x00000000c0029a44                iso_kprintfd
 .text          0x00000000c0029a60      0x71c fs/iso9660/vfslink.32
                0x00000000c0029a60                ISO9660::format(LogicalDisk*, int, char const*, int)
                0x00000000c0029a66                ISO9660::truncate(void*, unsigned long long)
                0x00000000c0029a6c                ISO9660::getName()
                0x00000000c0029a72                ISO9660::closeDir(void*)
                0x00000000c0029a7c                ISO9660::chfatattr(char const*, unsigned char, unsigned char)
                0x00000000c0029a82                ISO9660::unlink(char const*)
                0x00000000c0029a88                ISO9660::write(void*, unsigned long, void*, int*)
                0x00000000c0029a8e                ISO9660::rename(char const*, char const*)
                0x00000000c0029a94                ISO9660::mkdir(char const*)
                0x00000000c0029a9a                ISO9660::~ISO9660()
                0x00000000c0029a9a                ISO9660::~ISO9660()
                0x00000000c0029abe                ISO9660::~ISO9660()
                0x00000000c0029ae6                ISO9660::exists(char const*)
                0x00000000c0029afa                ISO9660::open(char const*, void**, FileOpenMode)
                0x00000000c0029be0                ISO9660::read(void*, unsigned long, void*, int*)
                0x00000000c0029c28                ISO9660::seek(void*, unsigned long long)
                0x00000000c0029c6a                ISO9660::tell(void*, unsigned long long*)
                0x00000000c0029ca8                ISO9660::stat(void*, unsigned long long*)
                0x00000000c0029cfa                ISO9660::stat(char const*, unsigned long long*, bool*)
                0x00000000c0029e3c                ISO9660::close(void*)
                0x00000000c0029e6c                ISO9660::openDir(char const*, void**)
                0x00000000c0029f46                ISO9660::readDir(void*, unsigned long, void*, int*)
                0x00000000c002a063                readSectorFromCDROM(unsigned int, unsigned char*, char)
                0x00000000c002a0e2                ISO9660::tryMount(LogicalDisk*, int)
                0x00000000c002a154                ISO9660::ISO9660()
                0x00000000c002a154                ISO9660::ISO9660()
 .text          0x00000000c002a17c      0x26c hal/sound/sndcard.32
                0x00000000c002a17c                SoundCard::beginPlayback()
                0x00000000c002a18a                SoundCard::stopPlayback()
                0x00000000c002a198                SoundCard::SoundCard(char const*)
                0x00000000c002a198                SoundCard::SoundCard(char const*)
                0x00000000c002a236                SoundCard::~SoundCard()
                0x00000000c002a236                SoundCard::~SoundCard()
                0x00000000c002a25a                SoundCard::~SoundCard()
                0x00000000c002a284                SoundCard::configureRates(int, int, int)
                0x00000000c002a2b4                SoundCard::getSamples16(int, short*)
                0x00000000c002a310                SoundCard::getSamples32(int, int*)
                0x00000000c002a396                SoundCard::addChannel(SoundPort*)
                0x00000000c002a3d4                SoundCard::removeChannel(int)
 .text          0x00000000c002a3e8      0x38a hal/sound/sndport.32
                0x00000000c002a3e8                SoundPort::SoundPort(int, int, int, int)
                0x00000000c002a3e8                SoundPort::SoundPort(int, int, int, int)