Archive member included to satisfy reference by file (symbol)

/cygdrive/d/Users/Alex/Desktop/Toolchain/Output/bin/../lib/gcc/i386-banana/8.1.0/libgcc.a(_divdi3.o)
                              fs/fat/ff.32 (__divdi3)
/cygdrive/d/Users/Alex/Desktop/Toolchain/Output/bin/../lib/gcc/i386-banana/8.1.0/libgcc.a(_moddi3.o)
                              core/elf.32 (__moddi3)
/cygdrive/d/Users/Alex/Desktop/Toolchain/Output/bin/../lib/gcc/i386-banana/8.1.0/libgcc.a(_udivdi3.o)
                              fs/fat/ff.32 (__udivdi3)
/cygdrive/d/Users/Alex/Desktop/Toolchain/Output/bin/../lib/gcc/i386-banana/8.1.0/libgcc.a(_umoddi3.o)
                              core/elf.32 (__umoddi3)
D:/Users/Alex/Desktop/Banana/kernel/libk/libm32.a(s_fabs.c.o)
                              hal/libresample/samplerate.32 (fabs)
D:/Users/Alex/Desktop/Banana/kernel/libk/libm32.a(s_lrint.S.o)
                              hal/libresample/samplerate.32 (lrint)
D:/Users/Alex/Desktop/Banana/kernel/libk/libm32.a(s_lrintf.S.o)
                              hal/sound/sndhw.32 (lrintf)

Discarded input sections

 .comment       0x0000000000000000       0x12 /cygdrive/d/Users/Alex/Desktop/Toolchain/Output/bin/../lib/gcc/i386-banana/8.1.0/crtbegin.o
 .comment       0x0000000000000000       0x12 acpica/utclib.32
 .comment       0x0000000000000000       0x12 core/malloc.32
 .comment       0x0000000000000000       0x12 libk/string.32
 .comment       0x0000000000000000       0x12 fs/fat/diskio.32
 .comment       0x0000000000000000       0x12 fs/fat/ff.32
 .comment       0x0000000000000000       0x12 fs/fat/ffsystem.32
 .comment       0x0000000000000000       0x12 fs/fat/ffunicode.32
 .comment       0x0000000000000000       0x12 hal/libresample/samplerate.32
 .comment       0x0000000000000000       0x12 hal/libresample/src_linear.32
 .comment       0x0000000000000000       0x12 hal/libresample/src_sinc.32
 .comment       0x0000000000000000       0x12 hal/libresample/src_zoh.32
 .group         0x0000000000000000       0x14 core/computer.32
 .group         0x0000000000000000        0xc core/computer.32
 .comment       0x0000000000000000       0x12 core/computer.32
 .comment       0x0000000000000000       0x12 core/elf.32
 .comment       0x0000000000000000       0x12 core/gdt.32
 .group         0x0000000000000000        0xc core/idle.32
 .comment       0x0000000000000000       0x12 core/idle.32
 .comment       0x0000000000000000       0x12 core/idt.32
 .group         0x0000000000000000        0x8 core/kconsole.32
 .group         0x0000000000000000        0x8 core/kconsole.32
 .group         0x0000000000000000        0x8 core/kconsole.32
 .group         0x0000000000000000        0x8 core/kconsole.32
 .comment       0x0000000000000000       0x12 core/kconsole.32
 .group         0x0000000000000000        0x8 core/kheap.32
 .group         0x0000000000000000        0x8 core/kheap.32
 .text._ZN3CPU7readCR3Ev
                0x0000000000000000       0x12 core/kheap.32
 .comment       0x0000000000000000       0x12 core/kheap.32
 .comment       0x0000000000000000       0x12 core/main.32
 .comment       0x0000000000000000       0x12 core/physmgr.32
 .group         0x0000000000000000        0xc core/pipe.32
 .comment       0x0000000000000000       0x12 core/pipe.32
 .group         0x0000000000000000        0x8 core/prcssthr.32
 .group         0x0000000000000000        0x8 core/prcssthr.32
 .group         0x0000000000000000        0xc core/prcssthr.32
 .group         0x0000000000000000        0xc core/prcssthr.32
 .group         0x0000000000000000        0x8 core/prcssthr.32
 .group         0x0000000000000000        0xc core/prcssthr.32
 .group         0x0000000000000000        0x8 core/prcssthr.32
 .group         0x0000000000000000        0x8 core/prcssthr.32
 .comment       0x0000000000000000       0x12 core/prcssthr.32
 .comment       0x0000000000000000       0x12 core/syscalls.32
 .group         0x0000000000000000        0xc core/terminal.32
 .comment       0x0000000000000000       0x12 core/terminal.32
 .group         0x0000000000000000        0x8 core/tss.32
 .text._ZN3CPU7readCR3Ev
                0x0000000000000000       0x12 core/tss.32
 .comment       0x0000000000000000       0x12 core/tss.32
 .group         0x0000000000000000        0x8 core/unixfile.32
 .group         0x0000000000000000        0xc core/unixfile.32
 .group         0x0000000000000000        0x8 core/unixfile.32
 .group         0x0000000000000000        0xc core/unixfile.32
 .group         0x0000000000000000        0x8 core/unixfile.32
 .group         0x0000000000000000        0xc core/unixfile.32
 .group         0x0000000000000000        0xc core/unixfile.32
 .group         0x0000000000000000        0xc core/unixfile.32
 .comment       0x0000000000000000       0x12 core/unixfile.32
 .group         0x0000000000000000        0x8 core/virtmgr.32
 .group         0x0000000000000000        0x8 core/virtmgr.32
 .text._ZN3CPU7readCR3Ev
[...]
Memory Configuration

Name             Origin             Length             Attributes
*default*        0x0000000000000000 0xffffffffffffffff

Linker script and memory map

LOAD D:/Users/Alex/Desktop/Banana/kernel/boot.32
LOAD crti.32
LOAD /cygdrive/d/Users/Alex/Desktop/Toolchain/Output/bin/../lib/gcc/i386-banana/8.1.0/crtbegin.o
LOAD D:/Users/Alex/Desktop/Banana/kernel/morenasm.32
LOAD acpica/utclib.32
LOAD core/malloc.32
LOAD libk/string.32
LOAD fs/fat/diskio.32
LOAD fs/fat/ff.32
LOAD fs/fat/ffsystem.32
LOAD fs/fat/ffunicode.32
LOAD hal/libresample/samplerate.32
LOAD hal/libresample/src_linear.32
LOAD hal/libresample/src_sinc.32
LOAD hal/libresample/src_zoh.32
LOAD core/computer.32
LOAD core/elf.32
LOAD core/gdt.32
LOAD core/idle.32
LOAD core/idt.32
LOAD core/kconsole.32
LOAD core/kheap.32
LOAD core/main.32
LOAD core/physmgr.32
LOAD core/pipe.32
LOAD core/prcssthr.32
LOAD core/syscalls.32
LOAD core/terminal.32
LOAD core/tss.32
LOAD core/unixfile.32
LOAD core/virtmgr.32
LOAD coreobjs/c++.32
LOAD debugger/debug.32
LOAD fs/vfs.32
LOAD hal/bus.32
LOAD hal/buzzer.32
LOAD hal/clock.32
LOAD hal/device.32
LOAD hal/diskctrl.32
LOAD hal/diskphys.32
LOAD hal/fpu.32
LOAD hal/intctrl.32
LOAD hal/keybrd.32
LOAD hal/logidisk.32
LOAD hal/mouse.32
LOAD hal/partition.32
LOAD hal/timer.32
LOAD hal/vcache.32
LOAD hal/video.32
LOAD hw/acpi.32
LOAD hw/cpu.32
LOAD hw/ports.32
LOAD registry/registry.32
LOAD syscalls/sc_exit.32
LOAD syscalls/sc_loaddll.32
LOAD syscalls/sc_read.32
LOAD syscalls/sc_sbrk.32
LOAD syscalls/sc_write.32
LOAD syscalls/sc_yield.32
LOAD vm86/vm8086.32
LOAD fs/fat/vfslink.32
LOAD fs/iso9660/vfslink.32
LOAD hal/sound/sndchannel.32
LOAD hal/sound/sndhw.32
LOAD hw/bus/isa.32
LOAD hw/bus/pci.32
LOAD hw/diskctrl/ide.32
LOAD hw/diskphys/ata.32
LOAD hw/diskphys/atapi.32
LOAD hw/fpu/avx.32
LOAD hw/fpu/mmx.32
LOAD hw/fpu/sse.32
LOAD hw/fpu/x87.32
LOAD hw/intctrl/apic.32
LOAD hw/intctrl/pic.32
LOAD hw/timer/apictimer.32
LOAD hw/timer/pit.32
LOAD hw/fpu/x86/avx.32
LOAD hw/fpu/x86/sse.32
LOAD hw/fpu/x86/x87.32
LOAD /cygdrive/d/Users/Alex/Desktop/Toolchain/Output/bin/../lib/gcc/i386-banana/8.1.0/crtend.o
LOAD crtn.32
LOAD /cygdrive/d/Users/Alex/Desktop/Toolchain/Output/bin/../lib/gcc/i386-banana/8.1.0/libgcc.a
LOAD D:/Users/Alex/Desktop/Banana/kernel/libk/libm32.a
                0x00000000c0000000                . = 0xc0000000

.text           0x00000000c0000000    0x1e328
 *(.text)
 .text          0x00000000c0000000       0x41 D:/Users/Alex/Desktop/Banana/kernel/boot.32
                0x00000000c0000020                callGlobalConstructors
 .text          0x00000000c0000041        0x0 crti.32
 *fill*         0x00000000c0000041        0x3 
 .text          0x00000000c0000044      0x101 /cygdrive/d/Users/Alex/Desktop/Toolchain/Output/bin/../lib/gcc/i386-banana/8.1.0/crtbegin.o
 *fill*         0x00000000c0000145        0xb 
 .text          0x00000000c0000150      0x41f D:/Users/Alex/Desktop/Banana/kernel/morenasm.32
                0x00000000c0000150                doTPAUSE
                0x00000000c000015a                hasLegacyFPU
                0x00000000c000017f                is486
                0x00000000c00001b5                goToVM86
                0x00000000c00001e6                goToUsermode
                0x00000000c0000211                switchToThreadASMFirstTime
                0x00000000c000021f                switchToThreadASM
                0x00000000c00002bf                detectCPUID
                0x00000000c00002d5                asmQuickAcquireLock
                0x00000000c00002f3                asmQuickReleaseLock
                0x00000000c00002ff                asmAcquireLock
                0x00000000c0000320                asmReleaseLock
                0x00000000c0000333                loadGDT
                0x00000000c0000353                isr0
                0x00000000c0000363                isr1
                0x00000000c000036d                isr2
                0x00000000c0000377                isr3
                0x00000000c0000381                isr4
                0x00000000c000038b                isr5
                0x00000000c0000395                isr6
                0x00000000c000039f                isr7
                0x00000000c00003a9                isr8
                0x00000000c00003b1                isr9
                0x00000000c00003bb                isr10
                0x00000000c00003c3                isr11
                0x00000000c00003cb                isr12
                0x00000000c00003d3                isr13
                0x00000000c00003db                isr14
                0x00000000c00003e3                isr15
                0x00000000c00003ed                isr16
                0x00000000c00003f7                isr17
                0x00000000c0000401                isr18
                0x00000000c000040b                isr96
                0x00000000c0000415                irq0
                0x00000000c000041f                irq1
                0x00000000c0000429                irq2
                0x00000000c0000433                irq3
                0x00000000c000043d                irq4
                0x00000000c0000447                irq5
                0x00000000c0000451                irq6
                0x00000000c000045b                irq7
                0x00000000c0000465                irq8
                0x00000000c000046f                irq9
                0x00000000c0000479                irq10
                0x00000000c0000483                irq11
                0x00000000c000048d                irq12
                0x00000000c0000497                irq13
                0x00000000c00004a1                irq14
                0x00000000c00004ab                irq15
                0x00000000c00004b5                irq16
                0x00000000c00004bf                irq17
                0x00000000c00004c9                irq18
                0x00000000c00004d3                irq19
                0x00000000c00004dd                irq20
                0x00000000c00004e7                irq21
                0x00000000c00004f1                irq22
                0x00000000c00004fb                irq23
                0x00000000c0000505                int_common_stub
                0x00000000c0000535                syscall_common_stub
 .text          0x00000000c000056f      0x40f acpica/utclib.32
                0x00000000c000056f                memcmp
                0x00000000c000059a                memmove
                0x00000000c00005d2                memcpy
                0x00000000c0000608                memset
                0x00000000c0000625                strlen
                0x00000000c0000635                strpbrk
                0x00000000c0000658                strtok
                0x00000000c00006a7                strcpy
                0x00000000c00006c7                strncpy
                0x00000000c00006f8                strcmp
                0x00000000c0000719                strchr
                0x00000000c000072f                strncmp
                0x00000000c000075e                strcat
                0x00000000c0000785                strncat
                0x00000000c00007bf                strstr
                0x00000000c00007fc                toupper
                0x00000000c0000810                tolower
                0x00000000c0000824                simple_strtoul
 .text          0x00000000c000097e      0xfbf core/malloc.32
                0x00000000c0000ae9                dlfree
                0x00000000c0000e44                dlmalloc
                0x00000000c0001381                dlrealloc
                0x00000000c0001536                dlmemalign
                0x00000000c0001659                dlcalloc
                0x00000000c00016f3                dlcfree
                0x00000000c00016f8                dlindependent_calloc
                0x00000000c000171d                dlindependent_comalloc
                0x00000000c0001734                dlvalloc
                0x00000000c000175f                dlpvalloc
                0x00000000c0001795                dlmalloc_trim
                0x00000000c00017a2                dlmalloc_usable_size
                0x00000000c00017d3                dlmallinfo
                0x00000000c00018a2                dlmalloc_stats
                0x00000000c00018b3                dlmallopt
 .text          0x00000000c000193d        0x0 libk/string.32
 .text          0x00000000c000193d       0x51 fs/fat/diskio.32
                0x00000000c000193d                disk_status
                0x00000000c0001940                disk_initialize
                0x00000000c0001943                disk_read
                0x00000000c0001959                disk_write
                0x00000000c000196f                disk_ioctl
 .text          0x00000000c000198e     0x6833 fs/fat/ff.32
                0x00000000c0004c5c                f_mount
                0x00000000c0004cbe                f_open
                0x00000000c00050fa                f_read
                0x00000000c000537a                f_write
                0x00000000c0005634                f_sync
                0x00000000c0005810                f_close
                0x00000000c000583f                f_lseek
                0x00000000c0005cf6                f_opendir
                0x00000000c0005df8                f_closedir
                0x00000000c0005e1a                f_readdir
                0x00000000c0005eb5                f_stat
                0x00000000c0005f44                f_getfree
                0x00000000c000610f                f_truncate
                0x00000000c0006207                f_unlink
                0x00000000c000638a                f_mkdir
                0x00000000c00065b6                f_rename
                0x00000000c00068a9                f_chmod
                0x00000000c0006987                f_utime
                0x00000000c0006a65                f_getlabel
                0x00000000c0006c53                f_setlabel
                0x00000000c0006ec0                f_forward
                0x00000000c000709e                f_mkfs
 .text          0x00000000c00081c1       0x2d fs/fat/ffsystem.32
                0x00000000c00081c1                ff_memalloc
                0x00000000c00081d7                ff_memfree
 .text          0x00000000c00081ee      0x253 fs/fat/ffunicode.32
                0x00000000c00081ee                ff_uni2oem
                0x00000000c000827e                ff_oem2uni
                0x00000000c00082ea                ff_wtoupper
 .text          0x00000000c0008441      0x70e hal/libresample/samplerate.32
                0x00000000c00084c9                src_delete
                0x00000000c0008505                src_process
                0x00000000c000862d                src_callback_read
                0x00000000c000878e                src_set_ratio
                0x00000000c00087e5                src_get_channels
                0x00000000c0008807                src_reset
                0x00000000c000884b                src_new
                0x00000000c00088d9                src_callback_new
                0x00000000c000893b                src_get_name
                0x00000000c0008972                src_get_description
                0x00000000c00089a9                src_get_version
                0x00000000c00089af                src_is_valid_ratio
                0x00000000c00089c9                src_error
                0x00000000c00089d7                src_strerror
                0x00000000c00089ea                src_simple
                0x00000000c0008a3d                src_short_to_float_array
                0x00000000c0008a63                src_float_to_short_array
                0x00000000c0008ac7                src_int_to_float_array
                0x00000000c0008aed                src_float_to_int_array
 .text          0x00000000c0008b4f      0x3fd hal/libresample/src_linear.32
                0x00000000c0008ea7                linear_get_name
                0x00000000c0008eb6                linear_get_description
                0x00000000c0008ec5                linear_set_converter
 .text          0x00000000c0008f4c     0x1a3f hal/libresample/src_sinc.32
                0x00000000c000a8a2                sinc_get_name
                0x00000000c000a8b5                sinc_get_description
                0x00000000c000a8c8                sinc_set_converter
 .text          0x00000000c000a98b      0x3d3 hal/libresample/src_zoh.32
                0x00000000c000acb9                zoh_get_name
                0x00000000c000acc8                zoh_get_description
                0x00000000c000acd7                zoh_set_converter
 .text          0x00000000c000ad5e      0x68f core/computer.32
                0x00000000c000ad5e                Computer::close(int, int, void*)
                0x00000000c000ada2                Computer::Computer()
                0x00000000c000ada2                Computer::Computer()
                0x00000000c000aefe                Computer::setBootMessage(char const*)
                0x00000000c000af00                Computer::start()
                0x00000000c000afdc                firstTask()
                0x00000000c000afea                Computer::detectFeatures()
                0x00000000c000b1c4                Computer::displayFeatures()
                0x00000000c000b1c6                Computer::rdmsr(unsigned int)
                0x00000000c000b1f2                Computer::wrmsr(unsigned int, unsigned long long)
                0x00000000c000b22a                Computer::nmiEnabled()
                0x00000000c000b236                Computer::readCMOS(unsigned char)
                0x00000000c000b250                Computer::enableNMI(bool)
                0x00000000c000b268                Computer::open(int, int, void*)
                0x00000000c000b330                Computer::disableNMI()
                0x00000000c000b33e                Computer::writeCMOS(unsigned char, unsigned char)
                0x00000000c000b35c                Computer::handleNMI()
                0x00000000c000b3c2                Computer::setDiskActivityLight(int, bool)
 .text          0x00000000c000b3ed     0x1134 core/elf.32
                0x00000000c000b3ed                allocateMemoryForTask(Process*, File*, unsigned long, unsigned long, unsigned long)
                0x00000000c000b66a                loadProgramIntoMemory(Process*, char const*)
                0x00000000c000b880                runtimeReferenceHelper()
                0x00000000c000b893                Thr::getAddressOfKernelSymbol(char const*)
                0x00000000c000b8e2                Thr::loadKernelSymbolTable(char const*)
                0x00000000c000bba3                Thr::loadDriverIntoMemory(char const*, unsigned long, bool)
                0x00000000c000c321                Thr::getDriverBaseFromAddress(unsigned long)
                0x00000000c000c353                Thr::getDriverNameFromAddress(unsigned long)
                0x00000000c000c38a                Thr::getDriverOffsetFromAddress(unsigned long)
                0x00000000c000c3a4                Thr::loadDLL(char const*, bool)
                0x00000000c000c4f7                Thr::executeDLL(unsigned long, void*)
 *fill*         0x00000000c000c521        0x1 
 .text          0x00000000c000c522      0x1b7 core/gdt.32
                0x00000000c000c522                GDTEntry::setBase(unsigned int)
                0x00000000c000c53e                GDTEntry::setLimit(unsigned int)
                0x00000000c000c55c                GDT::GDT()
                0x00000000c000c55c                GDT::GDT()
                0x00000000c000c572                GDT::addEntry(GDTEntry)
                0x00000000c000c5ae                GDT::getNumberOfEntries()
                0x00000000c000c5b6                GDT::flush()
                0x00000000c000c5d8                GDT::setup()
 .text          0x00000000c000c6d9       0x61 core/idle.32
                0x00000000c000c6d9                idleFunction(void*)
 .text          0x00000000c000c73a      0x45f core/idt.32
                0x00000000c000c73a                IDTEntry::IDTEntry(bool)
                0x00000000c000c73a                IDTEntry::IDTEntry(bool)
                0x00000000c000c7a8                IDTEntry::setOffset(unsigned int)
                0x00000000c000c7bc                IDT::IDT()
                0x00000000c000c7bc                IDT::IDT()
                0x00000000c000c7be                IDT::getPointerToInvalidOpcodeEntryForF00F()
                0x00000000c000c7c6                IDT::addEntry(IDTEntry, int)
                0x00000000c000c7e0                IDT::addEntry(int, void (*)(), bool)
                0x00000000c000c818                IDT::flush()
                0x00000000c000c832                IDT::setup()
 .text          0x00000000c000cb99      0x519 core/kconsole.32
                0x00000000c000cb99                stringifyxWithBase(unsigned int, char*, int)
                0x00000000c000cbfa                logc(char)
                0x00000000c000cc11                logs(char*)
                0x00000000c000cc2e                logWriteInt(unsigned int)
                0x00000000c000cc4b                logWriteIntBase(unsigned int, int)
                0x00000000c000cc6a                kprintf(char const*, ...)
                0x00000000c000cd88                panic(char const*)
 .text          0x00000000c000d0b2      0x20d core/kheap.32
                0x00000000c000d0b2                sbrk
                0x00000000c000d1ca                mmap
                0x00000000c000d1e0                munmap
                0x00000000c000d1f6                liballoc_lock()
                0x00000000c000d207                liballoc_unlock()
                0x00000000c000d218                liballoc_alloc(int)
                0x00000000c000d233                liballoc_free(void*, int)
                0x00000000c000d251                realloc
                0x00000000c000d265                malloc
                0x00000000c000d275                free
                0x00000000c000d285                rfree
                0x00000000c000d295                calloc
 .text          0x00000000c000d2bf      0x38d core/main.32
                0x00000000c000d2bf                hwTextMode_loadInData(VgaText*)
                0x00000000c000d304                hwTextMode_loadInTitle(VgaText*, char*)
                0x00000000c000d346                hwTextMode_showCursor(VgaText*, bool)
                0x00000000c000d39a                hwTextMode_update(VgaText*)
                0x00000000c000d39b                hwTextMode_updateCursor(VgaText*)
                0x00000000c000d3e3                hwTextMode_disableBlink(VgaText*, bool)
                0x00000000c000d41f                hwTextMode_scrollScreen(VgaText*)
                0x00000000c000d4a5                hwTextMode_writeCharacter(VgaText*, char, VgaColour, VgaColour, int, int)
                0x00000000c000d503                setupTextMode()
                0x00000000c000d554                kernel_main
 .text          0x00000000c000d64c      0x46c core/physmgr.32
                0x00000000c000d64c                Phys::allocateDMA(unsigned long)
                0x00000000c000d6ef                Phys::freeDMA(unsigned long, unsigned long)
                0x00000000c000d737                Phys::setPageState(unsigned long, bool)
                0x00000000c000d769                Phys::getPageState(unsigned long)
                0x00000000c000d785                Phys::freePage(unsigned long)
                0x00000000c000d80f                Phys::allocatePage()
                0x00000000c000d8cb                Phys::allowSegmentToBeUsed(unsigned long, unsigned long)
                0x00000000c000d903                Phys::physicalMemorySetup(unsigned int)
 .text          0x00000000c000dab8      0x273 core/pipe.32
                0x00000000c000dab8                Pipe::isAtty()
                0x00000000c000dabc                Pipe::~Pipe()
                0x00000000c000dabc                Pipe::~Pipe()
                0x00000000c000dae0                Pipe::~Pipe()
                0x00000000c000db08                Pipe::read(unsigned long long, void*, int*)
                0x00000000c000dbfc                Pipe::write(unsigned long long, void*, int*)
                0x00000000c000dcc4                Pipe::Pipe(int)
                0x00000000c000dcc4                Pipe::Pipe(int)
 *fill*         0x00000000c000dd2b        0x1 
 .text          0x00000000c000dd2c     0x1154 core/prcssthr.32
                0x00000000c000dd2c                changeTSS
                0x00000000c000dd5a                Process::addArgs(char**)
                0x00000000c000ddb4                Process::Process(char const*, Process*, char**)
                0x00000000c000ddb4                Process::Process(char const*, Process*, char**)
                0x00000000c000df6c                Process::Process(bool, char const*, Process*, char**)
                0x00000000c000df6c                Process::Process(bool, char const*, Process*, char**)
                0x00000000c000e0ef                disableIRQs()
                0x00000000c000e0f7                getIRQNestingLevel()
                0x00000000c000e0fd                enableIRQs()
                0x00000000c000e10c                lockScheduler()
                0x00000000c000e10e                unlockScheduler()
                0x00000000c000e110                userModeEntryPoint(void*)
                0x00000000c000e133                lockStuff()
                0x00000000c000e13f                taskStartupFunction
                0x00000000c000e148                updateTimeUsed()
                0x00000000c000e1a6                switchToThread(ThreadControlBlock*)
                0x00000000c000e1f6                Semaphore::Semaphore(int)
                0x00000000c000e1f6                Semaphore::Semaphore(int)
                0x00000000c000e224                Mutex::Mutex()
                0x00000000c000e224                Mutex::Mutex()
                0x00000000c000e236                Process::createThread(void (*)(void*), void*, int)
                0x00000000c000e31a                Process::createUserThread()
                0x00000000c000e336                setupMultitasking(void (*)())
                0x00000000c000e440                schedule()
                0x00000000c000e4c5                unlockStuff()
                0x00000000c000e4fa                forkProcess(regs*)
                0x00000000c000e668                Semaphore::tryAcquire()
                0x00000000c000e696                Semaphore::assertLocked(char const*)
                0x00000000c000e6c9                blockTaskWithSchedulerLockAlreadyHeld(TaskState)
                0x00000000c000e70b                blockTask(TaskState)
                0x00000000c000e72c                waitTask(int, int*, int)
                0x00000000c000e76e                nanoSleepUntil(unsigned long long)
                0x00000000c000e7c5                nanoSleep(unsigned long long)
                0x00000000c000e7da                sleep(unsigned long long)
                0x00000000c000e7f8                Semaphore::acquire()
                0x00000000c000e860                execveProcess(char const*, char* const*, char* const*)
                0x00000000c000e8ee                taskReturned
                0x00000000c000e930                unblockTask(ThreadControlBlock*)
                0x00000000c000e9df                cleanupTerminatedTask(ThreadControlBlock*)
                0x00000000c000ec7c                cleanerTaskFunction(void*)
                0x00000000c000ed0c                terminateTask(int)
                0x00000000c000ed94                Semaphore::release()
 .text          0x00000000c000ee80      0xd94 core/syscalls.32
                0x00000000c000ee80                sysCallGetPID(regs*)
                0x00000000c000ee8c                sysCallSeekDir(regs*)
                0x00000000c000ee91                sysCallTellDir(regs*)
                0x00000000c000ee96                sysCallVerify(regs*)
                0x00000000c000eea0                sysCallGetArgc(regs*)
                0x00000000c000eeb0                sysFormatDisk(regs*)
                0x00000000c000ef1a                sysSetDiskVolumeLabel(regs*)
                0x00000000c000ef60                sysGetDiskVolumeLabel(regs*)
                0x00000000c000efb1                sysShutdown(regs*)
                0x00000000c000eff9                sysCallGetCwd(regs*)
                0x00000000c000f018                sysCallSetCwd(regs*)
                0x00000000c000f034                sysCallRealpath(regs*)
                0x00000000c000f077                sysCallOpen(regs*)
                0x00000000c000f167                sysCallReadDir(regs*)
                0x00000000c000f1d6                sysCallIsATTY(regs*)
                0x00000000c000f229                sysCallSeek(regs*)
                0x00000000c000f27a                sysCallTell(regs*)
                0x00000000c000f2c6                sysCallSizeFromFilename(regs*)
                0x00000000c000f33f                sysCallSize(regs*)
                0x00000000c000f391                sysCallClose(regs*)
                0x00000000c000f3df                sysCallOpenDir(regs*)
                0x00000000c000f44c                sysCallMakeDir(regs*)
                0x00000000c000f4a5                sysCallCloseDir(regs*)
                0x00000000c000f4f3                sysCallWait(regs*)
                0x00000000c000f50d                sysCallFork(regs*)
                0x00000000c000f529                sysCallExecve(regs*)
                0x00000000c000f57e                sysCallRmdir(regs*)
                0x00000000c000f5d0                sysCallUnlink(regs*)
                0x00000000c000f622                sysCallGetArgv(regs*)
                0x00000000c000f66e                sysCallTTYName(regs*)
                0x00000000c000f6ea                sysCallGetEnv(regs*)
                0x00000000c000f73c                sysCallUSleep(regs*)
                0x00000000c000f763                sysCallSpawn(regs*)
                0x00000000c000f7d3                sysAppSettings(regs*)
                0x00000000c000f8f2                sysSetFatAttrib(regs*)
                0x00000000c000f952                sysPanic(regs*)
                0x00000000c000f978                sysPipe(regs*)
                0x00000000c000f9bd                sysGetUnixTime(regs*)
                0x00000000c000f9d1                string_ends_with(char const*, char const*)
                0x00000000c000fa19                setupSystemCalls()
                0x00000000c000fbd2                systemCall(regs*, void*)
 .text          0x00000000c000fc14      0xf65 core/terminal.32
                0x00000000c000fc14                VgaText::isAtty()
                0x00000000c000fc18                VgaText::~VgaText()
                0x00000000c000fc18                VgaText::~VgaText()
                0x00000000c000fc3c                VgaText::~VgaText()
                0x00000000c000fc66                VgaText::read(unsigned long long, void*, int*)
                0x00000000c000fc86                setTerminalScrollLock(bool)
                0x00000000c000fc87                addToTerminalCycle(VgaText*)
                0x00000000c000fcb4                installVgaTextImplementation()
                0x00000000c000fcc9                scrollTerminalScrollLock(int)
                0x00000000c000fcca                VgaText::load()
                0x00000000c000fd1e                VgaText::updateCursor()
                0x00000000c000fd38                VgaText::showCursor(bool)
                0x00000000c000fd48                VgaText::disableBlink(bool)
                0x00000000c000fd82                VgaText::doANSI_SGR(int)
                0x00000000c000fe0e                VgaText::setDefaultBgColour(VgaColour)
                0x00000000c000fe24                VgaText::setDefaultFgColour(VgaColour)
                0x00000000c000fe3a                VgaText::setDefaultColours(VgaColour, VgaColour)
                0x00000000c000fe5a                VgaText::combineColours(unsigned char, unsigned char)
                0x00000000c000fe6c                VgaText::scrollScreen()
                0x00000000c000ff00                VgaText::combineCharAndColour(char, unsigned char)
                0x00000000c000ff12                VgaText::writeCharacter(char, VgaColour, VgaColour, int, int)
                0x00000000c000ff72                VgaText::getCursorX()
                0x00000000c000ff7e                VgaText::getCursorY()
                0x00000000c000ff8a                VgaText::setCursor(int, int)
                0x00000000c000ffa8                VgaText::setCursorX(int)
                0x00000000c000ffc4                VgaText::setCursorY(int)
                0x00000000c000ffe0                VgaText::incrementCursor(bool)
                0x00000000c0010048                VgaText::updateRAMUsageDisplay(int)
                0x00000000c00100a2                VgaText::updateDiskUsage()
                0x00000000c0010208                VgaText::updateTitle()
                0x00000000c001024e                VgaText::setTitleTextColour(VgaColour)
                0x00000000c001025e                VgaText::setTitleColour(VgaColour)
                0x00000000c001026e                VgaText::setTitle(char*)
                0x00000000c0010294                VgaText::decrementCursor(bool)
                0x00000000c00102bc                VgaText::putchar(char, VgaColour, VgaColour)
                0x00000000c00103b8                VgaText::isShowingCursor()
                0x00000000c00103c4                VgaText::isBlinkDisabled()
                0x00000000c00103d2                VgaText::setCursorHeight(int)
                0x00000000c00103f0                VgaText::getCursorHeight()
                0x00000000c00103fb                setActiveTerminal(VgaText*)
                0x00000000c00104ad                doTerminalCycle()
                0x00000000c00104ca                VgaText::doUpdate()
                0x00000000c00104dc                VgaText::puts(char const*, VgaColour, VgaColour)
                0x00000000c001069c                VgaText::clearScreen()
                0x00000000c0010700                VgaText::putchar(char)
                0x00000000c001081a                VgaText::puts(char const*)
                0x00000000c0010840                VgaText::putx(unsigned int)
                0x00000000c0010886                VgaText::VgaText(char const*)
                0x00000000c0010886                VgaText::VgaText(char const*)
                0x00000000c0010a18                VgaText::receiveKey(unsigned char)
                0x00000000c0010b00                VgaText::write(unsigned long long, void*, int*)
                0x00000000c0010b54                newTerminal(char*)
 *fill*         0x00000000c0010b79        0x1 
 .text          0x00000000c0010b7a      0x18f core/tss.32
                0x00000000c0010b7a                TSS::TSS()
                0x00000000c0010b7a                TSS::TSS()
                0x00000000c0010b88                TSS::setESP(unsigned long)
                0x00000000c0010b9a                TSS::flush()
                0x00000000c0010bba                TSS::setup(unsigned long, unsigned long)
 *fill*         0x00000000c0010d09        0x1 
 .text          0x00000000c0010d0a      0x32f core/unixfile.32
                0x00000000c0010d0a                ReservedFilename::isAtty()
                0x00000000c0010d20                ReservedFilename::read(unsigned long long, void*, int*)
                0x00000000c0010db2                ReservedFilename::write(unsigned long long, void*, int*)
                0x00000000c0010e48                UnixFile::getFileDescriptor()
                0x00000000c0010e50                UnixFile::UnixFile(int)
                0x00000000c0010e50                UnixFile::UnixFile(int)
                0x00000000c0010e8c                ReservedFilename::ReservedFilename(int)
                0x00000000c0010e8c                ReservedFilename::ReservedFilename(int)
                0x00000000c0010eb4                UnixFile::~UnixFile()
                0x00000000c0010eb4                UnixFile::~UnixFile()
                0x00000000c0010f3a                UnixFile::~UnixFile()
                0x00000000c0010f62                ReservedFilename::~ReservedFilename()
                0x00000000c0010f62                ReservedFilename::~ReservedFilename()
                0x00000000c0010f86                ReservedFilename::~ReservedFilename()
                0x00000000c0010fad                getFromFileDescriptor(int)
 *fill*         0x00000000c0011039        0x1 
 .text          0x00000000c001103a     0x1175 core/virtmgr.32
                0x00000000c001103a                Virt::setPageState(unsigned long, Virt::VirtPageState)
                0x00000000c001106f                Virt::getPageState(unsigned long)
                0x00000000c0011093                Virt::allocateKernelVirtualPages(int)
                0x00000000c00111a4                Virt::virtualMemorySetup()
                0x00000000c0011223                Virt::getAKernelVAS()
                0x00000000c0011229                Virt::setupPageSwapping(int)
                0x00000000c001134e                VAS::VAS()
                0x00000000c001134e                VAS::VAS()
                0x00000000c001137e                VAS::getForeignPageTableEntry(bool, unsigned long)
                0x00000000c00113aa                VAS::getPageTableEntry(unsigned long)
                0x00000000c00113c9                Virt::freeKernelVirtualPages(unsigned long)
                0x00000000c00114ec                VAS::freeAllocatedPages(unsigned long)
                0x00000000c0011510                VAS::virtualToPhysical(unsigned long)
                0x00000000c0011528                VAS::mapOtherVASIn(bool, VAS*)
                0x00000000c001155e                VAS::~VAS()
                0x00000000c001155e                VAS::~VAS()
                0x00000000c00116ca                VAS::mapPage(unsigned long, unsigned long, int)
                0x00000000c00117ca                VAS::allocatePages(int, int)
                0x00000000c001199a                VAS::setCPUSpecific(unsigned long)
                0x00000000c00119b6                VAS::mapRange(unsigned long, unsigned long, int, int)
                0x00000000c0011a80                VAS::VAS(VAS*)
                0x00000000c0011a80                VAS::VAS(VAS*)
                0x00000000c0011dca                VAS::mapForeignPage(bool, VAS*, unsigned long, unsigned long, int)
                0x00000000c0011eb8                VAS::VAS(bool)
                0x00000000c0011eb8                VAS::VAS(bool)
                0x00000000c00120e8                mapVASFirstTime
 .text          0x00000000c00121af       0x93 coreobjs/c++.32
                0x00000000c00121af                __cxa_atexit
                0x00000000c00121b2                __cxa_finalize
                0x00000000c00121b3                __stack_chk_fail
                0x00000000c0012213                __cxa_pure_virtual
                0x00000000c0012224                operator new(unsigned long)
                0x00000000c0012229                operator new[](unsigned long)
                0x00000000c001222e                operator delete(void*)
                0x00000000c0012233                operator delete(void*, unsigned long)
                0x00000000c0012238                operator delete[](void*)
                0x00000000c001223d                operator delete[](void*, unsigned long)
 .text          0x00000000c0012242        0x0 debugger/debug.32
 .text          0x00000000c0012242      0xb68 fs/vfs.32
                0x00000000c0012242                File::read(unsigned long long, void*, int*)
                0x00000000c001229a                File::write(unsigned long long, void*, int*)
                0x00000000c00122f2                Directory::read(unsigned long long, void*, int*)
                0x00000000c001234a                Directory::write(unsigned long long, void*, int*)
                0x00000000c0012378                File::isAtty()
                0x00000000c001237c                Directory::isAtty()
                0x00000000c0012380                Filesystem::getlabel(LogicalDisk*, int, char*, unsigned int*)
                0x00000000c0012386                Filesystem::setlabel(LogicalDisk*, int, char*)
                0x00000000c001238c                File::~File()
                0x00000000c001238c                File::~File()
                0x00000000c00123b0                File::~File()
                0x00000000c00123da                Directory::~Directory()
                0x00000000c00123da                Directory::~Directory()
                0x00000000c00123fe                Directory::~Directory()
                0x00000000c0012428                Filesystem::Filesystem()
                0x00000000c0012428                Filesystem::Filesystem()
                0x00000000c001244c                Filesystem::~Filesystem()
                0x00000000c001244c                Filesystem::~Filesystem()
                0x00000000c001245a                Filesystem::~Filesystem()
                0x00000000c001247e                initVFS()
                0x00000000c00124a8                standardiseFiles(char*, char const*, char const*)
                0x00000000c0012652                File::File(char const*, Process*)
                0x00000000c0012652                File::File(char const*, Process*)
                0x00000000c00126b6                File::open(FileOpenMode)
                0x00000000c0012714                File::close()
                0x00000000c0012774                File::seek(unsigned long long)
                0x00000000c00127ca                File::tell(unsigned long long*)
                0x00000000c001281a                File::rewind()
                0x00000000c001282e                File::unlink()
                0x00000000c001287a                File::rename(char const*)
                0x00000000c00128c8                File::chfatattr(unsigned char, unsigned char)
                0x00000000c0012924                File::exists()
                0x00000000c0012962                File::stat(unsigned long long*, bool*)
                0x00000000c00129c3                getcwd(Process*, char*, int)
                0x00000000c00129ed                setcwd(Process*, char*)
                0x00000000c0012b14                Directory::Directory(char const*, Process*)
                0x00000000c0012b14                Directory::Directory(char const*, Process*)
                0x00000000c0012b78                Directory::open()
                0x00000000c0012bd4                Directory::close()
                0x00000000c0012c34                Directory::unlink()
                0x00000000c0012c80                Directory::rename(char const*)
                0x00000000c0012cce                Directory::exists()
                0x00000000c0012d0c                Directory::read(dirent*)
                0x00000000c0012d58                Directory::create()
                0x00000000c0012da4                Filesystem::chfatattr(char const*, unsigned char, unsigned char)
 .text          0x00000000c0012daa       0x84 hal/bus.32
                0x00000000c0012daa                Bus::Bus(char const*)
                0x00000000c0012daa                Bus::Bus(char const*)
                0x00000000c0012de0                Bus::~Bus()
                0x00000000c0012de0                Bus::~Bus()
                0x00000000c0012e04                Bus::~Bus()
 .text          0x00000000c0012e2e      0x14e hal/buzzer.32
                0x00000000c0012e2e                Buzzer::Buzzer(char const*)
                0x00000000c0012e2e                Buzzer::Buzzer(char const*)
                0x00000000c0012e72                Buzzer::~Buzzer()
                0x00000000c0012e72                Buzzer::~Buzzer()
                0x00000000c0012e96                Buzzer::~Buzzer()
                0x00000000c0012ec0                Buzzer::stop()
                0x00000000c0012ed3                beepThread(void*)
                0x00000000c0012f0e                Buzzer::beep(int, int, bool)
 .text          0x00000000c0012f7c      0x42f hal/clock.32
                0x00000000c0012f7c                loadClockSettings()
                0x00000000c0012f96                Clock::Clock(char const*)
                0x00000000c0012f96                Clock::Clock(char const*)
                0x00000000c0012fcc                Clock::~Clock()
                0x00000000c0012fcc                Clock::~Clock()
                0x00000000c0012ff0                Clock::~Clock()
                0x00000000c001301a                Clock::timeInSecondsLocal()
                0x00000000c0013062                Clock::setTimeInSecondsLocal(unsigned long long)
                0x00000000c00130bb                datetimeToSeconds(datetime_t)
                0x00000000c00131e2                Clock::setTimeInDatetimeLocal(datetime_t)
                0x00000000c0013242                secondsToDatetime(unsigned long long)
                0x00000000c0013386                Clock::timeInDatetimeLocal()
 *fill*         0x00000000c00133ab        0x1 
 .text          0x00000000c00133ac      0x504 hal/device.32
                0x00000000c00133ac                Device::hibernate()
                0x00000000c00133ae                Device::wake()
                0x00000000c00133b0                Device::detect()
                0x00000000c00133b2                Device::disableLegacy()
                0x00000000c00133b4                Device::powerSaving(PowerSavingLevel)
                0x00000000c00133b6                DriverlessDevice::close(int, int, void*)
                0x00000000c00133ba                DriverlessDevice::detect()
                0x00000000c00133bc                DriverlessDevice::open(int, int, void*)
                0x00000000c00133d0                Device::~Device()
                0x00000000c00133d0                Device::~Device()
                0x00000000c00133de                Device::~Device()
                0x00000000c0013406                Device::findAndLoadDriver()
                0x00000000c0013408                Device::preOpenPCI(PCIDeviceInfo)
                0x00000000c001342e                Device::preOpenACPI(void*, char*, char*)
                0x00000000c0013482                Device::addIRQHandler(int, void (*)(regs*, void*), bool, void*)
                0x00000000c00134e0                Device::removeIRQHandler(int, void (*)(regs*, void*), bool)
                0x00000000c001352e                Device::addChild(Device*)
                0x00000000c0013572                Device::removeAllChildren()
                0x00000000c00135b8                Device::hibernateAll()
                0x00000000c00135e8                Device::wakeAll()
                0x00000000c0013618                Device::detectAll()
                0x00000000c0013648                Device::disableLegacyAll()
                0x00000000c0013678                Device::loadDriversForAll()
                0x00000000c00136a4                Device::closeAll()
                0x00000000c00136da                Device::powerSavingAll(PowerSavingLevel)
                0x00000000c0013710                Device::setName(char const*)
                0x00000000c001371e                Device::Device(char const*)
                0x00000000c001371e                Device::Device(char const*)
                0x00000000c0013810                Device::getName()
                0x00000000c001381a                DriverlessDevice::DriverlessDevice(char const*)
                0x00000000c001381a                DriverlessDevice::DriverlessDevice(char const*)
                0x00000000c0013842                Device::addToLinkedList(LinkedList<Device>&, DeviceType)
                0x00000000c0013886                getDevicesOfType(DeviceType)
 .text          0x00000000c00138b0       0x84 hal/diskctrl.32
                0x00000000c00138b0                HardDiskController::HardDiskController(char const*)
                0x00000000c00138b0                HardDiskController::HardDiskController(char const*)
                0x00000000c00138e6                HardDiskController::~HardDiskController()
                0x00000000c00138e6                HardDiskController::~HardDiskController()
                0x00000000c001390a                HardDiskController::~HardDiskController()
 .text          0x00000000c0013934       0xde hal/diskphys.32
                0x00000000c0013934                PhysicalDisk::PhysicalDisk(char const*, int)
                0x00000000c0013934                PhysicalDisk::PhysicalDisk(char const*, int)
                0x00000000c001399c                PhysicalDisk::startCache()
                0x00000000c00139c4                PhysicalDisk::~PhysicalDisk()
                0x00000000c00139c4                PhysicalDisk::~PhysicalDisk()
                0x00000000c00139e8                PhysicalDisk::~PhysicalDisk()
 .text          0x00000000c0013a12      0x128 hal/fpu.32
                0x00000000c0013a12                FPU::FPU(char const*)
                0x00000000c0013a12                FPU::FPU(char const*)
                0x00000000c0013a48                FPU::~FPU()
                0x00000000c0013a48                FPU::~FPU()
                0x00000000c0013a6c                FPU::~FPU()
                0x00000000c0013a96                setupFPU()
 .text          0x00000000c0013b3a      0xb89 hal/intctrl.32
                0x00000000c0013b3a                InterruptController::uninstallISRHandler(int, void (*)(regs*, void*))
                0x00000000c0013b72                InterruptController::installISRHandler(int, void (*)(regs*, void*), void*)
                0x00000000c0013bc4                doubleFault(regs*, void*)
                0x00000000c0013bd2                InterruptController::installIRQHandler(int, void (*)(regs*, void*), bool, void*)
                0x00000000c0013c6e                InterruptController::clearAllHandlers(int, bool)
                0x00000000c0013d16                InterruptController::uninstallIRQHandler(int, void (*)(regs*, void*), bool)
                0x00000000c0013d9d                nmiHandler(regs*, void*)
                0x00000000c0013dab                int_handler
                0x00000000c0013e46                InterruptController::InterruptController(char const*)
                0x00000000c0013e46                InterruptController::InterruptController(char const*)
                0x00000000c0013eec                InterruptController::~InterruptController()
                0x00000000c0013eec                InterruptController::~InterruptController()
                0x00000000c0013f10                InterruptController::~InterruptController()
                0x00000000c0013f3a                displayDebugInfo(regs*)
                0x00000000c001431c                gpFault(regs*, void*)
                0x00000000c0014355                pgFault(regs*, void*)
                0x00000000c001436c                otherISRHandler(regs*, void*)
                0x00000000c001438b                opcodeFault(regs*, void*)
                0x00000000c00143f5                displayProgramFault(char const*)
                0x00000000c001441e                InterruptController::convertLegacyIRQNumber(int)
                0x00000000c0014468                setupInterruptController()
 *fill*         0x00000000c00146c3        0x1 
 .text          0x00000000c00146c4      0x608 hal/keybrd.32
                0x00000000c00146c4                startGUI(void*)
                0x00000000c0014736                sendKeyToTerminal(unsigned char)
                0x00000000c00147a2                sendKeyboardToken(KeyboardToken)
                0x00000000c0014b7d                clearInternalKeybuffer(VgaText*)
                0x00000000c0014bb2                readKeyboard(VgaText*, char*, unsigned long)
                0x00000000c0014c42                Keyboard::Keyboard(char const*)
                0x00000000c0014c42                Keyboard::Keyboard(char const*)
                0x00000000c0014c7e                Keyboard::~Keyboard()
                0x00000000c0014c7e                Keyboard::~Keyboard()
                0x00000000c0014ca2                Keyboard::~Keyboard()
 .text          0x00000000c0014ccc      0x400 hal/logidisk.32
                0x00000000c0014ccc                LogicalDisk::close(int, int, void*)
                0x00000000c0014cd0                LogicalDisk::~LogicalDisk()
                0x00000000c0014cd0                LogicalDisk::~LogicalDisk()
                0x00000000c0014cf4                LogicalDisk::~LogicalDisk()
                0x00000000c0014d1e                LogicalDisk::open(int, int, void*)
                0x00000000c0014d32                LogicalDisk::absoluteToRelative(unsigned long long)
                0x00000000c0014d6a                LogicalDisk::relativeToAbsolute(unsigned long long)
                0x00000000c0014db0                LogicalDisk::LogicalDisk(char const*, PhysicalDisk*, unsigned long long, unsigned long long)
                0x00000000c0014db0                LogicalDisk::LogicalDisk(char const*, PhysicalDisk*, unsigned long long, unsigned long long)
                0x00000000c0014e66                LogicalDisk::assignDriveLetter()
                0x00000000c0014f1c                LogicalDisk::mount()
                0x00000000c0014f8e                LogicalDisk::unmount()
                0x00000000c0014f9e                LogicalDisk::unassignDriveLetter()
                0x00000000c0014ff4                LogicalDisk::read(unsigned long long, int, void*)
                0x00000000c0015060                LogicalDisk::write(unsigned long long, int, void*)
 .text          0x00000000c00150cc       0x84 hal/mouse.32
                0x00000000c00150cc                Mouse::Mouse(char const*)
                0x00000000c00150cc                Mouse::Mouse(char const*)
                0x00000000c0015102                Mouse::~Mouse()
                0x00000000c0015102                Mouse::~Mouse()
                0x00000000c0015126                Mouse::~Mouse()
 .text          0x00000000c0015150      0x339 hal/partition.32
                0x00000000c0015150                makePartition(PhysicalDisk*, unsigned long long, unsigned long long)
                0x00000000c00151f8                createPartitionsForDisk(PhysicalDisk*)
 *fill*         0x00000000c0015489        0x1 
 .text          0x00000000c001548a      0x2e7 hal/timer.32
                0x00000000c001548a                Timer::Timer(char const*)
                0x00000000c001548a                Timer::Timer(char const*)
                0x00000000c00154c0                Timer::~Timer()
                0x00000000c00154c0                Timer::~Timer()
                0x00000000c00154e4                Timer::~Timer()
                0x00000000c001550e                Timer::read()
                0x00000000c0015519                timerHandler(unsigned long long)
                0x00000000c0015650                setupTimer(int)
 *fill*         0x00000000c0015771        0x1 
 .text          0x00000000c0015772      0x2d1 hal/vcache.32
                0x00000000c0015772                VCache::VCache(PhysicalDisk*)
                0x00000000c0015772                VCache::VCache(PhysicalDisk*)
                0x00000000c0015862                VCache::writeWriteBuffer()
                0x00000000c001589e                VCache::~VCache()
                0x00000000c001589e                VCache::~VCache()
                0x00000000c00158de                VCache::~VCache()
                0x00000000c0015906                VCache::write(unsigned long long, int, void*)
                0x00000000c00159ea                VCache::read(unsigned long long, int, void*)
 *fill*         0x00000000c0015a43        0x1 
 .text          0x00000000c0015a44      0x26d hal/video.32
                0x00000000c0015a44                Video::putrect(int, int, int, int, unsigned int)
                0x00000000c0015a8e                Video::blit(unsigned int*, int, int, int, int)
                0x00000000c0015b0c                Video::clearScreen(unsigned int)
                0x00000000c0015b40                Video::putpixel(int, int, unsigned int)
                0x00000000c0015b4e                Video::Video(char const*)
                0x00000000c0015b4e                Video::Video(char const*)
                0x00000000c0015b84                Video::~Video()
                0x00000000c0015b84                Video::~Video()
                0x00000000c0015ba8                Video::~Video()
                0x00000000c0015bd2                Video::isMonochrome()
                0x00000000c0015bde                Video::getWidth()
                0x00000000c0015bea                Video::getHeight()
                0x00000000c0015bf6                Video::drawCursor(int, int, unsigned char*, int)
 *fill*         0x00000000c0015cb1        0x1 
 .text          0x00000000c0015cb2      0xcae hw/acpi.32
                0x00000000c0015cb2                ACPI::close(int, int, void*)
                0x00000000c0015d67                findRSDP()
                0x00000000c0015df1                loadACPITables(unsigned char*)
                0x00000000c0016018                findRSDT(unsigned char*)
                0x00000000c0016136                findDataTable(unsigned char*, char*)
                0x00000000c00161d2                scanMADT()
                0x00000000c0016566                ACPI::ACPI()
                0x00000000c0016566                ACPI::ACPI()
                0x00000000c00165c6                ACPI::getPCIIRQAssignment(unsigned char, unsigned short, unsigned char)
                0x00000000c00166a8                ACPI::registerPCIIRQAssignment(void*, unsigned short, unsigned char, unsigned char)
                0x00000000c00167ae                ACPI::setScreenBrightnessLevel(void*, int)
                0x00000000c00167b4                ACPI::writeSimpleBootFlag(SimpleBootFlagTable*)
                0x00000000c00167fc                ACPI::open(int, int, void*)
                0x00000000c0016948                ACPI::sleep()
 .text          0x00000000c0016960     0x132c hw/cpu.32
                0x00000000c0016960                CPU::close(int, int, void*)
                0x00000000c0016963                lookupAMDCPUName(unsigned char, unsigned char)
                0x00000000c0016af7                lookupIntelCPUName(unsigned char, unsigned char)
                0x00000000c0016da5                AMD_K6_write_msr(unsigned int, unsigned int, unsigned int, REGS*)
                0x00000000c0016dc1                AMD_K6_read_msr(unsigned int, REGS*)
                0x00000000c0016dd9                AMD_K6_writeback(int, int, int)
                0x00000000c0016e4c                cpuid(int, unsigned long*, unsigned long*, unsigned long*, unsigned long*)
                0x00000000c0016ecf                cpuidCheckEDX(unsigned int)
                0x00000000c0016efc                cpuidCheckECX(unsigned int)
                0x00000000c0016f29                cpuidCheckExtendedEBX(unsigned int)
                0x00000000c0016f56                cpuidCheckExtendedECX(unsigned int)
                0x00000000c0016f83                getCPUNumber()
                0x00000000c0016f86                thisCPU()
                0x00000000c0016f9a                CPU::CPU()
                0x00000000c0016f9a                CPU::CPU()
                0x00000000c0017028                CPU::displayFeatures()
                0x00000000c001702a                CPU::detectFeatures()
                0x00000000c0017a1c                CPU::setupSMEP()
                0x00000000c0017a36                CPU::setupUMIP()
                0x00000000c0017a4e                CPU::setupTSC()
                0x00000000c0017a66                CPU::setupLargePages()
                0x00000000c0017a7e                CPU::setupPAT()
                0x00000000c0017aba                CPU::setupMTRR()
                0x00000000c0017abc                CPU::setupGlobalPages()
                0x00000000c0017ad2                CPU::allowUsermodeDataAccess()
                0x00000000c0017ae4                CPU::prohibitUsermodeDataAccess()
                0x00000000c0017af6                CPU::setupSMAP()
                0x00000000c0017b1c                CPU::setupFeatures()
                0x00000000c0017bbe                CPU::open(int, int, void*)
 .text          0x00000000c0017c8c        0x0 hw/ports.32
 .text          0x00000000c0017c8c      0x503 registry/registry.32
                0x00000000c0017c8c                Reg::findLineFromLoadedData(char*, char*, char*)
                0x00000000c0017de4                Reg::getLineFromRegistry(char*, char*, char*, char*)
                0x00000000c0017f43                Reg::getLine(char*, char*, char*)
                0x00000000c0017f7a                Reg::readInt(char*, char*, int*)
                0x00000000c0018065                Reg::readString(char*, char*, char*, int)
                0x00000000c00180e6                Reg::readBool(char*, char*, bool*)
                0x00000000c001810b                Reg::readBoolWithDefault(char*, char*, bool)
                0x00000000c0018137                Reg::readIntWithDefault(char*, char*, int)
                0x00000000c0018163                Reg::readStringWithDefault(char*, char*, char*, int, char*)
 .text          0x00000000c001818f       0x18 syscalls/sc_exit.32
                0x00000000c001818f                Sys::exit(regs*)
 .text          0x00000000c00181a7       0x95 syscalls/sc_loaddll.32
                0x00000000c00181a7                Sys::loadDLL(regs*)
 .text          0x00000000c001823c       0x68 syscalls/sc_read.32
                0x00000000c001823c                Sys::read(regs*)
 .text          0x00000000c00182a4       0x55 syscalls/sc_sbrk.32
                0x00000000c00182a4                Sys::sbrk(regs*)
 .text          0x00000000c00182f9       0x68 syscalls/sc_write.32
                0x00000000c00182f9                Sys::write(regs*)
 .text          0x00000000c0018361       0x1a syscalls/sc_yield.32
                0x00000000c0018361                Sys::yield(regs*)
 .text          0x00000000c001837b      0x8bf vm86/vm8086.32
                0x00000000c001837b                vm8086EntryPoint(void*)
                0x00000000c00183a6                inbv(unsigned short)
                0x00000000c00183ac                outbv(unsigned short, unsigned char)
                0x00000000c00183b6                realToLinear(unsigned short, unsigned short)
                0x00000000c00183c6                getSegment(unsigned int)
                0x00000000c00183ce                getOffset(unsigned int)
                0x00000000c00183d3                loadVM8086FileAsThread(Process*, char const*, unsigned short, unsigned short, unsigned short, unsigned short)
                0x00000000c0018502                vm8086DoISR(regs*, int, unsigned char*, unsigned short, unsigned short)
                0x00000000c001858c                readByteFromReal(unsigned short, unsigned short)
                0x00000000c001859d                readWordFromReal(unsigned short, unsigned short)
                0x00000000c00185af                readDwordFromReal(unsigned short, unsigned short)
                0x00000000c00185c0                writeByteFromReal(unsigned short, unsigned short, unsigned char)
                0x00000000c00185d5                writeWordFromReal(unsigned short, unsigned short, unsigned short)
                0x00000000c00185eb                writeDwordFromReal(unsigned short, unsigned short, unsigned int)
                0x00000000c0018600                vm8086FaultHandler(regs*)
 .text          0x00000000c0018c3a     0x1088 fs/fat/vfslink.32
                0x00000000c0018c3a                FAT::getName()
                0x00000000c0018c40                FAT::tell(void*, unsigned long long*)
                0x00000000c0018c74                FAT::stat(void*, unsigned long long*)
                0x00000000c0018ca8                FAT::exists(char const*)
                0x00000000c0018cac                FAT::~FAT()
                0x00000000c0018cac                FAT::~FAT()
                0x00000000c0018cd0                FAT::~FAT()
                0x00000000c0018cf8                FAT::getlabel(LogicalDisk*, int, char*, unsigned int*)
                0x00000000c0018d96                FAT::setlabel(LogicalDisk*, int, char*)
                0x00000000c0018e50                FAT::format(LogicalDisk*, int, char const*, int)
                0x00000000c0019034                FAT::tryMount(LogicalDisk*, int)
                0x00000000c001923a                FAT::readDir(void*, unsigned long, void*, int*)
                0x00000000c0019342                FAT::read(void*, unsigned long, void*, int*)
                0x00000000c001939c                FAT::write(void*, unsigned long, void*, int*)
                0x00000000c00193f6                FAT::close(void*)
                0x00000000c0019442                FAT::closeDir(void*)
                0x00000000c001948e                FAT::seek(void*, unsigned long long)
                0x00000000c00194e2                fatWrapperReadDisk
                0x00000000c0019529                fatWrapperWriteDisk
                0x00000000c0019570                fatWrapperIoctl
                0x00000000c0019674                FAT::FAT()
                0x00000000c0019674                FAT::FAT()
                0x00000000c00196c6                FAT::fixFilepath(char*)
                0x00000000c00196fe                FAT::open(char const*, void**, FileOpenMode)
                0x00000000c0019826                FAT::openDir(char const*, void**)
                0x00000000c00198cc                FAT::stat(char const*, unsigned long long*, bool*)
                0x00000000c00199b6                FAT::unlink(char const*)
                0x00000000c0019a30                FAT::chfatattr(char const*, unsigned char, unsigned char)
                0x00000000c0019b84                FAT::rename(char const*, char const*)
                0x00000000c0019c48                FAT::mkdir(char const*)
 .text          0x00000000c0019cc2      0xbdf fs/iso9660/vfslink.32
                0x00000000c0019cc2                ISO9660::format(LogicalDisk*, int, char const*, int)
                0x00000000c0019cc8                ISO9660::seek(void*, unsigned long long)
                0x00000000c0019cf8                ISO9660::tell(void*, unsigned long long*)
                0x00000000c0019d1c                ISO9660::getName()
                0x00000000c0019d22                ISO9660::stat(void*, unsigned long long*)
                0x00000000c0019d46                ISO9660::chfatattr(char const*, unsigned char, unsigned char)
                0x00000000c0019d4c                ISO9660::unlink(char const*)
                0x00000000c0019d52                ISO9660::write(void*, unsigned long, void*, int*)
                0x00000000c0019d58                ISO9660::rename(char const*, char const*)
                0x00000000c0019d5e                ISO9660::mkdir(char const*)
                0x00000000c0019d64                ISO9660::close(void*)
                0x00000000c0019d86                ISO9660::closeDir(void*)
                0x00000000c0019da8                ISO9660::~ISO9660()
                0x00000000c0019da8                ISO9660::~ISO9660()
                0x00000000c0019dcc                ISO9660::~ISO9660()
                0x00000000c0019df3                __memmem(unsigned char*, int, unsigned char*, int)
                0x00000000c0019e35                readSectorFromCDROM(unsigned int, unsigned char*, char)
                0x00000000c0019e9c                ISO9660::tryMount(LogicalDisk*, int)
                0x00000000c0019eec                ISO9660::read(void*, unsigned long, void*, int*)
                0x00000000c001a130                ISO9660::readDir(void*, unsigned long, void*, int*)
                0x00000000c001a3be                readRoot(unsigned int*, unsigned int*, char)
                0x00000000c001a413                readRecursively(char*, unsigned int, unsigned int, unsigned int*, unsigned int*, char, int*)
                0x00000000c001a5e6                getFileData(char*, unsigned int*, unsigned int*, char, int*)
                0x00000000c001a674                ISO9660::open(char const*, void**, FileOpenMode)
                0x00000000c001a70e                ISO9660::exists(char const*)
                0x00000000c001a732                ISO9660::stat(char const*, unsigned long long*, bool*)
                0x00000000c001a7c6                ISO9660::openDir(char const*, void**)
                0x00000000c001a87e                ISO9660::ISO9660()
                0x00000000c001a87e                ISO9660::ISO9660()
 *fill*         0x00000000c001a8a1        0x1 
 .text          0x00000000c001a8a2      0x244 hal/sound/sndchannel.32
                0x00000000c001a8a2                SoundChannel::~SoundChannel()
                0x00000000c001a8a2                SoundChannel::~SoundChannel()
                0x00000000c001a8be                SoundChannel::setSpeed(float)
                0x00000000c001a8ca                SoundChannel::getSpeed()
                0x00000000c001a8d2                SoundChannel::setVolume(int)
                0x00000000c001a8ee                SoundChannel::getVolume()
                0x00000000c001a8f6                SoundChannel::pause()
                0x00000000c001a900                SoundChannel::SoundChannel(int, int, int, int)
                0x00000000c001a900                SoundChannel::SoundChannel(int, int, int, int)
                0x00000000c001a9f6                SoundChannel::play()
                0x00000000c001aa00                SoundChannel::paused()
                0x00000000c001aa08                SoundChannel::getSampleRate()
                0x00000000c001aa10                SoundChannel::getBits()
                0x00000000c001aa18                SoundChannel::getBufferUsed()
                0x00000000c001aa20                SoundChannel::getBufferSize()
                0x00000000c001aa28                SoundChannel::unbuffer(float*, int, int)
                0x00000000c001aa9a                SoundChannel::buffer8(unsigned char*, int)
 .text          0x00000000c001aae6      0x317 hal/sound/sndhw.32
                0x00000000c001aae6                SoundDevice::SoundDevice(char const*)
                0x00000000c001aae6                SoundDevice::SoundDevice(char const*)
                0x00000000c001ab52                SoundDevice::~SoundDevice()
                0x00000000c001ab52                SoundDevice::~SoundDevice()
                0x00000000c001abcc                SoundDevice::~SoundDevice()
                0x00000000c001abf6                SoundDevice::getFreeChannelNum()
                0x00000000c001ac10                SoundDevice::addChannel(SoundChannel*)
                0x00000000c001ac80                SoundDevice::removeChannel(int)
                0x00000000c001acb2                SoundDevice::floatTo8(float*, unsigned char*, int)
                0x00000000c001ad1e                SoundDevice::getAudio(int, float*, float*)
 .text          0x00000000c001adfd        0x0 hw/bus/isa.32
 *fill*         0x00000000c001adfd        0x1 
 .text          0x00000000c001adfe      0x6e5 hw/bus/pci.32
                0x00000000c001adfe                PCI::open(int, int, void*)
                0x00000000c001ae12                PCI::close(int, int, void*)
                0x00000000c001ae16                PCI::PCI()
                0x00000000c001ae16                PCI::PCI()
                0x00000000c001ae96                PCI::pciReadWord(unsigned char, unsigned char, unsigned char, unsigned char)
                0x00000000c001aede                PCI::getVendorID(unsigned char, unsigned char, unsigned char)
                0x00000000c001af00                PCI::getHeaderType(unsigned char, unsigned char, unsigned char)
                0x00000000c001af24                PCI::getClassCode(unsigned char, unsigned char, unsigned char)
                0x00000000c001af68                PCI::getProgIF(unsigned char, unsigned char, unsigned char)
                0x00000000c001af8c                PCI::getRevisionID(unsigned char, unsigned char, unsigned char)
                0x00000000c001afae                PCI::getInterruptNumber(unsigned char, unsigned char, unsigned char)
                0x00000000c001afd0                PCI::getSecondaryBus(unsigned char, unsigned char, unsigned char)
                0x00000000c001aff4                PCI::getBARAddress(unsigned char, unsigned char, unsigned char, unsigned char)
                0x00000000c001b054                PCI::pciWriteWord(unsigned char, unsigned char, unsigned char, unsigned char, unsigned short)
                0x00000000c001b0c0                PCI::checkBus(unsigned char)
                0x00000000c001b0e4                PCI::foundDevice(PCIDeviceInfo)
                0x00000000c001b254                PCI::getDeviceData(unsigned char, unsigned char, unsigned char)
                0x00000000c001b424                PCI::checkDevice(unsigned char, unsigned char)
                0x00000000c001b490                PCI::detect()
 *fill*         0x00000000c001b4e3        0x1 
 .text          0x00000000c001b4e4      0xc70 hw/diskctrl/ide.32
                0x00000000c001b4e4                IDE::close(int, int, void*)
                0x00000000c001b4e8                IDE::IDE()
                0x00000000c001b4e8                IDE::IDE()
                0x00000000c001b51c                IDE::prepareInterrupt(unsigned char)
                0x00000000c001b52e                selectDrive(unsigned char, unsigned char)
                0x00000000c001b530                IDE::getBase(unsigned char)
                0x00000000c001b542                IDE::write(unsigned char, unsigned char, unsigned char)
                0x00000000c001b602                IDE::read(unsigned char, unsigned char)
                0x00000000c001b6b0                IDE::waitInterrupt(unsigned char)
                0x00000000c001b716                ideChannel0IRQHandler(regs*, void*)
                0x00000000c001b732                ideChannel1IRQHandler(regs*, void*)
                0x00000000c001b74e                IDE::enableIRQs(unsigned char, bool)
                0x00000000c001b794                IDE::open(int, int, void*)
                0x00000000c001bba4                IDE::readBuffer(unsigned char, unsigned char, unsigned int, unsigned int)
                0x00000000c001bc70                IDE::detect()
                0x00000000c001bf58                IDE::printError(unsigned char, unsigned char, unsigned char)
                0x00000000c001c0ee                IDE::polling(unsigned char, unsigned int)
 .text          0x00000000c001c154      0x62b hw/diskphys/ata.32
                0x00000000c001c154                ATA::close(int, int, void*)
                0x00000000c001c178                ATA::powerSaving(PowerSavingLevel)
                0x00000000c001c17a                ATA::ATA()
                0x00000000c001c17a                ATA::ATA()
                0x00000000c001c1a8                ATA::flush(bool)
                0x00000000c001c1f2                ATA::readyForCommand()
                0x00000000c001c242                ATA::access(unsigned long long, int, void*, bool)
                0x00000000c001c5c0                ATA::read(unsigned long long, int, void*)
                0x00000000c001c628                ATA::write(unsigned long long, int, void*)
                0x00000000c001c690                ATA::detectCHS()
                0x00000000c001c6ba                ATA::open(int, int, void*)
 *fill*         0x00000000c001c77f        0x1 
 .text          0x00000000c001c780      0x5b3 hw/diskphys/atapi.32
                0x00000000c001c780                ATAPI::write(unsigned long long, int, void*)
                0x00000000c001c786                ATAPI::close(int, int, void*)
                0x00000000c001c7aa                ATAPI::ATAPI()
                0x00000000c001c7aa                ATAPI::ATAPI()
                0x00000000c001c7d8                ATAPI::readyForCommand()
                0x00000000c001c828                ATAPI::sendPacket(unsigned char*, int, bool, unsigned short*, int)
                0x00000000c001cae8                ATAPI::diskRemoved()
                0x00000000c001cb04                ATAPI::eject()
                0x00000000c001cb4a                ATAPI::diskInserted()
                0x00000000c001cb78                ATAPI::detectMedia()
                0x00000000c001cc34                ATAPI::open(int, int, void*)
                0x00000000c001ccb4                ATAPI::read(unsigned long long, int, void*)
 *fill*         0x00000000c001cd33        0x1 
 .text          0x00000000c001cd34       0x8e hw/fpu/avx.32
                0x00000000c001cd34                AVX::open(int, int, void*)
                0x00000000c001cd46                AVX::close(int, int, void*)
                0x00000000c001cd58                AVX::available()
                0x00000000c001cd6a                AVX::save(void*)
                0x00000000c001cd82                AVX::load(void*)
                0x00000000c001cd9a                AVX::AVX()
                0x00000000c001cd9a                AVX::AVX()
 .text          0x00000000c001cdc2       0x90 hw/fpu/mmx.32
                0x00000000c001cdc2                MMX::available()
                0x00000000c001cdd6                MMX::open(int, int, void*)
                0x00000000c001cde8                MMX::close(int, int, void*)
                0x00000000c001cdfa                MMX::save(void*)
                0x00000000c001ce12                MMX::load(void*)
                0x00000000c001ce2a                MMX::MMX()
                0x00000000c001ce2a                MMX::MMX()
 .text          0x00000000c001ce52       0x96 hw/fpu/sse.32
                0x00000000c001ce52                SSE::open(int, int, void*)
                0x00000000c001ce64                SSE::close(int, int, void*)
                0x00000000c001ce76                SSE::available()
                0x00000000c001ce90                SSE::save(void*)
                0x00000000c001cea8                SSE::load(void*)
                0x00000000c001cec0                SSE::SSE()
                0x00000000c001cec0                SSE::SSE()
 .text          0x00000000c001cee8       0x8e hw/fpu/x87.32
                0x00000000c001cee8                x87::open(int, int, void*)
                0x00000000c001cefa                x87::close(int, int, void*)
                0x00000000c001cf0c                x87::available()
                0x00000000c001cf1e                x87::save(void*)
                0x00000000c001cf36                x87::load(void*)
                0x00000000c001cf4e                x87::x87()
                0x00000000c001cf4e                x87::x87()
 .text          0x00000000c001cf76      0x5f3 hw/intctrl/apic.32
                0x00000000c001cf76                APIC::disable()
                0x00000000c001cf78                APIC::close(int, int, void*)
                0x00000000c001cf9a                IOAPIC::close(int, int, void*)
                0x00000000c001cfa0                APIC::io_wait()
                0x00000000c001cfa6                APIC::getBase()
                0x00000000c001cfe8                APIC::eoi(unsigned char)
                0x00000000c001d016                APIC::open(int, int, void*)
                0x00000000c001d0d0                IOAPIC::IOAPIC()
                0x00000000c001d0d0                IOAPIC::IOAPIC()
                0x00000000c001d0f8                APIC::APIC()
                0x00000000c001d0f8                APIC::APIC()
                0x00000000c001d1c8                IOAPIC::handlesGSIWithNumber(unsigned int)
                0x00000000c001d1fa                IOAPIC::read(int)
                0x00000000c001d222                IOAPIC::open(int, int, void*)
                0x00000000c001d318                IOAPIC::write(int, int)
                0x00000000c001d344                IOAPIC::redirect(unsigned char, unsigned long long, unsigned char)
                0x00000000c001d3fe                APIC::installIRQHandler(int, void (*)(regs*, void*), bool, void*)
 *fill*         0x00000000c001d569        0x1 
 .text          0x00000000c001d56a      0x3d3 hw/intctrl/pic.32
                0x00000000c001d56a                PIC::disable()
                0x00000000c001d598                PIC::close(int, int, void*)
                0x00000000c001d5ba                PIC::PIC()
                0x00000000c001d5ba                PIC::PIC()
                0x00000000c001d690                PIC::ioWait()
                0x00000000c001d696                PIC::getIRQReg(int)
                0x00000000c001d700                PIC::eoi(unsigned char)
                0x00000000c001d792                PIC::remap()
                0x00000000c001d8fe                PIC::open(int, int, void*)
 *fill*         0x00000000c001d93d        0x1 
 .text          0x00000000c001d93e      0x252 hw/timer/apictimer.32
                0x00000000c001d93e                APICTimer::close(int, int, void*)
                0x00000000c001d944                apicTimerHandler(regs*, void*)
                0x00000000c001d972                APICTimer::write(int)
                0x00000000c001da70                APICTimer::open(int, int, void*)
                0x00000000c001db68                APICTimer::APICTimer()
                0x00000000c001db68                APICTimer::APICTimer()
 .text          0x00000000c001db90      0x1a7 hw/timer/pit.32
                0x00000000c001db90                PIT::write(int)
                0x00000000c001dc0e                pitHandler(regs*, void*)
                0x00000000c001dc3a                PIT::open(int, int, void*)
                0x00000000c001dc88                PIT::close(int, int, void*)
                0x00000000c001dcb8                PIT::PIT()
                0x00000000c001dcb8                PIT::PIT()
 *fill*         0x00000000c001dd37        0x9 
 .text          0x00000000c001dd40        0xa hw/fpu/x86/avx.32
                0x00000000c001dd40                avxDetect
                0x00000000c001dd46                avxSave
                0x00000000c001dd47                avxLoad
                0x00000000c001dd48                avxInit
                0x00000000c001dd49                avxClose
 *fill*         0x00000000c001dd4a        0x6 
 .text          0x00000000c001dd50       0x38 hw/fpu/x86/sse.32
                0x00000000c001dd50                sseDetect
                0x00000000c001dd6b                sseSave
                0x00000000c001dd71                sseLoad
                0x00000000c001dd77                sseInit
                0x00000000c001dd87                sseClose
 *fill*         0x00000000c001dd88        0x8 
 .text          0x00000000c001dd90       0x47 hw/fpu/x86/x87.32
                0x00000000c001dd96                x87Detect
                0x00000000c001ddb1                x87Save
                0x00000000c001ddb7                x87Load
                0x00000000c001ddbc                x87Init
                0x00000000c001ddd6                x87Close
 *fill*         0x00000000c001ddd7        0x1 
 .text          0x00000000c001ddd8       0x25 /cygdrive/d/Users/Alex/Desktop/Toolchain/Output/bin/../lib/gcc/i386-banana/8.1.0/crtend.o
 .text          0x00000000c001ddfd        0x0 crtn.32
 *fill*         0x00000000c001ddfd        0x3 
 .text          0x00000000c001de00      0x14b /cygdrive/d/Users/Alex/Desktop/Toolchain/Output/bin/../lib/gcc/i386-banana/8.1.0/libgcc.a(_divdi3.o)
                0x00000000c001de00                __divdi3
 *fill*         0x00000000c001df4b        0x1 
 .text          0x00000000c001df4c      0x17e /cygdrive/d/Users/Alex/Desktop/Toolchain/Output/bin/../lib/gcc/i386-banana/8.1.0/libgcc.a(_moddi3.o)
                0x00000000c001df4c                __moddi3
 *fill*         0x00000000c001e0ca        0x2 
 .text          0x00000000c001e0cc       0xff /cygdrive/d/Users/Alex/Desktop/Toolchain/Output/bin/../lib/gcc/i386-banana/8.1.0/libgcc.a(_udivdi3.o)
                0x00000000c001e0cc                __udivdi3
 *fill*         0x00000000c001e1cb        0x1 
 .text          0x00000000c001e1cc      0x11a /cygdrive/d/Users/Alex/Desktop/Toolchain/Output/bin/../lib/gcc/i386-banana/8.1.0/libgcc.a(_umoddi3.o)
                0x00000000c001e1cc                __umoddi3
 *fill*         0x00000000c001e2e6        0xa 
 .text          0x00000000c001e2f0       0x1e D:/Users/Alex/Desktop/Banana/kernel/libk/libm32.a(s_fabs.c.o)
                0x00000000c001e2f0                fabs
 *fill*         0x00000000c001e30e        0x2 
 .text          0x00000000c001e310        0xc D:/Users/Alex/Desktop/Banana/kernel/libk/libm32.a(s_lrint.S.o)
                0x00000000c001e310                lrint
 .text          0x00000000c001e31c        0xc D:/Users/Alex/Desktop/Banana/kernel/libk/libm32.a(s_lrintf.S.o)
                0x00000000c001e31c                lrintf
 *(.gnu.linkonce.t*)

.iplt           0x00000000c001e328        0x0
 .iplt          0x00000000c001e328        0x0 D:/Users/Alex/Desktop/Banana/kernel/boot.32

.init           0x00000000c001e328        0xf
 .init          0x00000000c001e328        0x3 crti.32
                0x00000000c001e328                _init
 .init          0x00000000c001e32b        0x5 /cygdrive/d/Users/Alex/Desktop/Toolchain/Output/bin/../lib/gcc/i386-banana/8.1.0/crtbegin.o
 .init          0x00000000c001e330        0x5 /cygdrive/d/Users/Alex/Desktop/Toolchain/Output/bin/../lib/gcc/i386-banana/8.1.0/crtend.o
 .init          0x00000000c001e335        0x2 crtn.32

.fini           0x00000000c001e337        0xa
 .fini          0x00000000c001e337        0x3 crti.32
                0x00000000c001e337                _fini
 .fini          0x00000000c001e33a        0x5 /cygdrive/d/Users/Alex/Desktop/Toolchain/Output/bin/../lib/gcc/i386-banana/8.1.0/crtbegin.o
 .fini          0x00000000c001e33f        0x2 crtn.32

.text._ZN8ComputerD2Ev
                0x00000000c001e342       0x23
 .text._ZN8ComputerD2Ev
                0x00000000c001e342       0x23 core/computer.32
                0x00000000c001e342                Computer::~Computer()
                0x00000000c001e342                Computer::~Computer()

.text._ZN8ComputerD0Ev
                0x00000000c001e366       0x2a
 .text._ZN8ComputerD0Ev
                0x00000000c001e366       0x2a core/computer.32
                0x00000000c001e366                Computer::~Computer()

.text._Z10idleCommonv
                0x00000000c001e390       0x15
 .text._Z10idleCommonv
                0x00000000c001e390       0x15 core/idle.32
                0x00000000c001e390                idleCommon()

.text._ZN3CPU7readCR0Ev
                0x00000000c001e3a5       0x12
 .text._ZN3CPU7readCR0Ev
                0x00000000c001e3a5       0x12 core/kconsole.32
                0x00000000c001e3a5                CPU::readCR0()

.text._ZN3CPU7readCR2Ev
                0x00000000c001e3b7       0x12
 .text._ZN3CPU7readCR2Ev
                0x00000000c001e3b7       0x12 core/kconsole.32
                0x00000000c001e3b7                CPU::readCR2()

.text._ZN3CPU7readCR3Ev
                0x00000000c001e3c9       0x12
 .text._ZN3CPU7readCR3Ev
                0x00000000c001e3c9       0x12 core/kconsole.32
                0x00000000c001e3c9                CPU::readCR3()

.text._ZN3CPU7readCR4Ev
                0x00000000c001e3db       0x12
 .text._ZN3CPU7readCR4Ev
                0x00000000c001e3db       0x12 core/kconsole.32
                0x00000000c001e3db                CPU::readCR4()

.text._ZN3CPU8writeCR3Em
                0x00000000c001e3ed        0x9
 .text._ZN3CPU8writeCR3Em
                0x00000000c001e3ed        0x9 core/kheap.32
                0x00000000c001e3ed                CPU::writeCR3(unsigned long)

.text._ZN10LinkedListIV18ThreadControlBlockED2Ev
                0x00000000c001e3f6        0x2
 .text._ZN10LinkedListIV18ThreadControlBlockED2Ev
                0x00000000c001e3f6        0x2 core/prcssthr.32
                0x00000000c001e3f6                LinkedList<ThreadControlBlock volatile>::~LinkedList()
                0x00000000c001e3f6                LinkedList<ThreadControlBlock volatile>::~LinkedList()

.text._ZN18ThreadControlBlockC2Ev
                0x00000000c001e3f8       0x3e
 .text._ZN18ThreadControlBlockC2Ev
                0x00000000c001e3f8       0x3e core/prcssthr.32
                0x00000000c001e3f8                ThreadControlBlock::ThreadControlBlock()
                0x00000000c001e3f8                ThreadControlBlock::ThreadControlBlock()

.text._ZN10LinkedListIV18ThreadControlBlockEC2Ev
                0x00000000c001e436       0x58
 .text._ZN10LinkedListIV18ThreadControlBlockEC2Ev
                0x00000000c001e436       0x58 core/prcssthr.32
                0x00000000c001e436                LinkedList<ThreadControlBlock volatile>::LinkedList()
                0x00000000c001e436                LinkedList<ThreadControlBlock volatile>::LinkedList()

.text._ZN10LinkedListIV18ThreadControlBlockE10addElementEPS1_
                0x00000000c001e48e       0xd3
 .text._ZN10LinkedListIV18ThreadControlBlockE10addElementEPS1_
                0x00000000c001e48e       0xd3 core/prcssthr.32
                0x00000000c001e48e                LinkedList<ThreadControlBlock volatile>::addElement(ThreadControlBlock volatile*)

.text._ZN10LinkedListIV18ThreadControlBlockE7isEmptyEv
                0x00000000c001e562       0x1c
 .text._ZN10LinkedListIV18ThreadControlBlockE7isEmptyEv
                0x00000000c001e562       0x1c core/prcssthr.32
                0x00000000c001e562                LinkedList<ThreadControlBlock volatile>::isEmpty()

.text._ZN10LinkedListIV18ThreadControlBlockE11removeFirstEv
                0x00000000c001e57e       0xae
 .text._ZN10LinkedListIV18ThreadControlBlockE11removeFirstEv
                0x00000000c001e57e       0xae core/prcssthr.32
                0x00000000c001e57e                LinkedList<ThreadControlBlock volatile>::removeFirst()

.text._ZN10LinkedListIV18ThreadControlBlockE15getFirstElementEv
                0x00000000c001e62c        0x7
 .text._ZN10LinkedListIV18ThreadControlBlockE15getFirstElementEv
                0x00000000c001e62c        0x7 core/prcssthr.32
                0x00000000c001e62c                LinkedList<ThreadControlBlock volatile>::getFirstElement()

.text._ZN10LinkedListIV18ThreadControlBlockE7getNextEPS1_
                0x00000000c001e634        0x8
 .text._ZN10LinkedListIV18ThreadControlBlockE7getNextEPS1_
                0x00000000c001e634        0x8 core/prcssthr.32
                0x00000000c001e634                LinkedList<ThreadControlBlock volatile>::getNext(ThreadControlBlock volatile*)

.text._ZN10LinkedListI8UnixFileED2Ev
                0x00000000c001e63c        0x2
 .text._ZN10LinkedListI8UnixFileED2Ev
                0x00000000c001e63c        0x2 core/unixfile.32
                0x00000000c001e63c                LinkedList<UnixFile>::~LinkedList()
                0x00000000c001e63c                LinkedList<UnixFile>::~LinkedList()

.text._ZN10LinkedListI8UnixFileEC2Ev
                0x00000000c001e63e       0x58
 .text._ZN10LinkedListI8UnixFileEC2Ev
                0x00000000c001e63e       0x58 core/unixfile.32
                0x00000000c001e63e                LinkedList<UnixFile>::LinkedList()
                0x00000000c001e63e                LinkedList<UnixFile>::LinkedList()

.text._ZN10LinkedListI8UnixFileE15getFirstElementEv
                0x00000000c001e696        0x7
 .text._ZN10LinkedListI8UnixFileE15getFirstElementEv
                0x00000000c001e696        0x7 core/unixfile.32
                0x00000000c001e696                LinkedList<UnixFile>::getFirstElement()

.text._ZN10LinkedListI8UnixFileE11removeFirstEv
                0x00000000c001e69e       0xa1
 .text._ZN10LinkedListI8UnixFileE11removeFirstEv
                0x00000000c001e69e       0xa1 core/unixfile.32
                0x00000000c001e69e                LinkedList<UnixFile>::removeFirst()

.text._ZN10LinkedListI8UnixFileE7getNextEPS0_
                0x00000000c001e740        0x8
 .text._ZN10LinkedListI8UnixFileE7getNextEPS0_
                0x00000000c001e740        0x8 core/unixfile.32
                0x00000000c001e740                LinkedList<UnixFile>::getNext(UnixFile*)

.text._ZN10LinkedListI8UnixFileE10addElementEPS0_
                0x00000000c001e748      0x130
 .text._ZN10LinkedListI8UnixFileE10addElementEPS0_
                0x00000000c001e748      0x130 core/unixfile.32
                0x00000000c001e748                LinkedList<UnixFile>::addElement(UnixFile*)

.text._ZN16DriverlessDeviceD2Ev
                0x00000000c001e878       0x1a
 .text._ZN16DriverlessDeviceD2Ev
                0x00000000c001e878       0x1a hal/device.32
                0x00000000c001e878                DriverlessDevice::~DriverlessDevice()
                0x00000000c001e878                DriverlessDevice::~DriverlessDevice()

.text._ZN16DriverlessDeviceD0Ev
                0x00000000c001e892       0x2a
 .text._ZN16DriverlessDeviceD0Ev
                0x00000000c001e892       0x2a hal/device.32
                0x00000000c001e892                DriverlessDevice::~DriverlessDevice()

.text._ZN10LinkedListI6DeviceE10addElementEPS0_
                0x00000000c001e8bc       0xdc
 .text._ZN10LinkedListI6DeviceE10addElementEPS0_
                0x00000000c001e8bc       0xdc hal/device.32
                0x00000000c001e8bc                LinkedList<Device>::addElement(Device*)

.text._ZN10LinkedListI6DeviceEC2Ev
                0x00000000c001e998       0x58
 .text._ZN10LinkedListI6DeviceEC2Ev
                0x00000000c001e998       0x58 hal/device.32
                0x00000000c001e998                LinkedList<Device>::LinkedList()
                0x00000000c001e998                LinkedList<Device>::LinkedList()

.text._ZN3CPU7readDR0Ev
                0x00000000c001e9f0       0x12
 .text._ZN3CPU7readDR0Ev
                0x00000000c001e9f0       0x12 hal/intctrl.32
                0x00000000c001e9f0                CPU::readDR0()

.text._ZN3CPU7readDR1Ev
                0x00000000c001ea02       0x12
 .text._ZN3CPU7readDR1Ev
                0x00000000c001ea02       0x12 hal/intctrl.32
                0x00000000c001ea02                CPU::readDR1()

.text._ZN3CPU7readDR2Ev
                0x00000000c001ea14       0x12
 .text._ZN3CPU7readDR2Ev
                0x00000000c001ea14       0x12 hal/intctrl.32
                0x00000000c001ea14                CPU::readDR2()

.text._ZN3CPU7readDR3Ev
                0x00000000c001ea26       0x12
 .text._ZN3CPU7readDR3Ev
                0x00000000c001ea26       0x12 hal/intctrl.32
                0x00000000c001ea26                CPU::readDR3()

.text._ZN3CPU7readDR6Ev
                0x00000000c001ea38       0x12
 .text._ZN3CPU7readDR6Ev
                0x00000000c001ea38       0x12 hal/intctrl.32
                0x00000000c001ea38                CPU::readDR6()

.text._ZN3CPU7readDR7Ev
                0x00000000c001ea4a       0x12
 .text._ZN3CPU7readDR7Ev
                0x00000000c001ea4a       0x12 hal/intctrl.32
                0x00000000c001ea4a                CPU::readDR7()

.text._ZN4ACPID2Ev
                0x00000000c001ea5c       0x23
 .text._ZN4ACPID2Ev
                0x00000000c001ea5c       0x23 hw/acpi.32
                0x00000000c001ea5c                ACPI::~ACPI()
                0x00000000c001ea5c                ACPI::~ACPI()

.text._ZN4ACPID0Ev
                0x00000000c001ea80       0x2a
 .text._ZN4ACPID0Ev
                0x00000000c001ea80       0x2a hw/acpi.32
                0x00000000c001ea80                ACPI::~ACPI()

.text._ZN3CPUD2Ev
                0x00000000c001eaaa       0x23
 .text._ZN3CPUD2Ev
                0x00000000c001eaaa       0x23 hw/cpu.32
                0x00000000c001eaaa                CPU::~CPU()
                0x00000000c001eaaa                CPU::~CPU()

.text._ZN3CPUD0Ev
                0x00000000c001eace       0x2a
 .text._ZN3CPUD0Ev
                0x00000000c001eace       0x2a hw/cpu.32
                0x00000000c001eace                CPU::~CPU()

.text._ZN3CPU8writeDR7Em
                0x00000000c001eaf8        0x9
 .text._ZN3CPU8writeDR7Em
                0x00000000c001eaf8        0x9 hw/cpu.32
                0x00000000c001eaf8                CPU::writeDR7(unsigned long)

.text._ZN3CPU8writeCR4Em
                0x00000000c001eb01        0x9
 .text._ZN3CPU8writeCR4Em
                0x00000000c001eb01        0x9 hw/cpu.32
                0x00000000c001eb01                CPU::writeCR4(unsigned long)

.text._ZN3PCID2Ev
                0x00000000c001eb0a       0x23
 .text._ZN3PCID2Ev
                0x00000000c001eb0a       0x23 hw/bus/pci.32
                0x00000000c001eb0a                PCI::~PCI()
                0x00000000c001eb0a                PCI::~PCI()

.text._ZN3PCID0Ev
                0x00000000c001eb2e       0x2a
 .text._ZN3PCID0Ev
                0x00000000c001eb2e       0x2a hw/bus/pci.32
                0x00000000c001eb2e                PCI::~PCI()

.text._ZN3IDED2Ev
                0x00000000c001eb58       0x23
 .text._ZN3IDED2Ev
                0x00000000c001eb58       0x23 hw/diskctrl/ide.32
                0x00000000c001eb58                IDE::~IDE()
                0x00000000c001eb58                IDE::~IDE()

.text._ZN3IDED0Ev
                0x00000000c001eb7c       0x2a
 .text._ZN3IDED0Ev
                0x00000000c001eb7c       0x2a hw/diskctrl/ide.32