Archive member included to satisfy reference by file (symbol)

/cygdrive/d/Users/Alex/Desktop/Toolchain/Output/bin/../lib/gcc/i386-banana/8.1.0/libkgcc.a(_divdi3.o)
                              krnl/resolve.32 (__divdi3)
/cygdrive/d/Users/Alex/Desktop/Toolchain/Output/bin/../lib/gcc/i386-banana/8.1.0/libkgcc.a(_moddi3.o)
                              krnl/resolve.32 (__moddi3)
/cygdrive/d/Users/Alex/Desktop/Toolchain/Output/bin/../lib/gcc/i386-banana/8.1.0/libkgcc.a(_udivdi3.o)
                              hal/clock.32 (__udivdi3)
/cygdrive/d/Users/Alex/Desktop/Toolchain/Output/bin/../lib/gcc/i386-banana/8.1.0/libkgcc.a(_umoddi3.o)
                              core/pipe.32 (__umoddi3)

Allocating common symbols
Common symbol       size              file

dcache              0x40              fs/iso9660/iso9660.32
cdDriveLetter       0x1               fs/iso9660/iso9660.32
icache              0x40              fs/iso9660/iso9660.32

Discarded input sections

 .comment       0x0000000000000000       0x12 /cygdrive/d/Users/Alex/Desktop/Toolchain/Output/bin/../lib/gcc/i386-banana/8.1.0/crtbegin.o
 .comment       0x0000000000000000       0x12 acpica/utclib.32
 .comment       0x0000000000000000       0x12 core/malloc.32
 .comment       0x0000000000000000       0x12 libk/ctype.32
 .comment       0x0000000000000000       0x12 libk/string.32
 .comment       0x0000000000000000       0x12 fs/fat/diskio.32
 .comment       0x0000000000000000       0x12 fs/fat/ff.32
 .comment       0x0000000000000000       0x12 fs/fat/ffsystem.32
 .comment       0x0000000000000000       0x12 fs/fat/ffunicode.32
 .comment       0x0000000000000000       0x12 fs/iso9660/iso9660.32
 .group         0x0000000000000000       0x14 core/computer.32
 .group         0x0000000000000000        0xc core/computer.32
 .comment       0x0000000000000000       0x12 core/computer.32
 .comment       0x0000000000000000       0x12 core/gdt.32
 .group         0x0000000000000000        0xc core/idle.32
 .comment       0x0000000000000000       0x12 core/idle.32
 .comment       0x0000000000000000       0x12 core/idt.32
 .comment       0x0000000000000000       0x12 core/kheap.32
 .comment       0x0000000000000000       0x12 core/main.32
 .comment       0x0000000000000000       0x12 core/physmgr.32
 .group         0x0000000000000000        0xc core/pipe.32
 .comment       0x0000000000000000       0x12 core/pipe.32
 .group         0x0000000000000000        0xc core/terminal.32
 .comment       0x0000000000000000       0x12 core/terminal.32
 .comment       0x0000000000000000       0x12 core/tss.32
 .group         0x0000000000000000        0x8 core/unixfile.32
 .group         0x0000000000000000        0x8 core/unixfile.32
 .group         0x0000000000000000        0xc core/unixfile.32
 .group         0x0000000000000000        0x8 core/unixfile.32
 .group         0x0000000000000000        0xc core/unixfile.32
 .group         0x0000000000000000        0x8 core/unixfile.32
 .group         0x0000000000000000        0xc core/unixfile.32
 .group         0x0000000000000000        0xc core/unixfile.32
 .comment       0x0000000000000000       0x12 core/unixfile.32
 .comment       0x0000000000000000       0x12 core/virtmgr.32
 .comment       0x0000000000000000       0x12 coreobjs/c++.32
 .comment       0x0000000000000000       0x12 dbg/kconsole.32
 .comment       0x0000000000000000       0x12 dbg/usban.32
 .comment       0x0000000000000000       0x12 fs/symlink.32
 .group         0x0000000000000000        0xc fs/vfs.32
 .group         0x0000000000000000        0xc fs/vfs.32
 .group         0x0000000000000000        0xc fs/vfs.32
 .comment       0x0000000000000000       0x12 fs/vfs.32
 .group         0x0000000000000000        0xc hal/bus.32
 .comment       0x0000000000000000       0x12 hal/bus.32
 .comment       0x0000000000000000       0x12 hal/buzzer.32
 .group         0x0000000000000000        0xc hal/clock.32
 .comment       0x0000000000000000       0x12 hal/clock.32
 .group         0x0000000000000000       0x14 hal/device.32
 .group         0x0000000000000000        0xc hal/device.32
 .group         0x0000000000000000        0x8 hal/device.32
 .group         0x0000000000000000        0xc hal/device.32
 .group         0x0000000000000000        0xc hal/device.32
 .comment       0x0000000000000000       0x12 hal/device.32
 .group         0x0000000000000000        0xc hal/diskctrl.32
 .comment       0x0000000000000000       0x12 hal/diskctrl.32
 .group         0x0000000000000000        0xc hal/diskphys.32
 .comment       0x0000000000000000       0x12 hal/diskphys.32
 .comment       0x0000000000000000       0x12 hal/fpu.32
 .comment       0x0000000000000000       0x12 hal/intctrl.32
 .group         0x0000000000000000        0xc hal/keybrd.32
 .comment       0x0000000000000000       0x12 hal/keybrd.32
 .group         0x0000000000000000        0xc hal/logidisk.32
 .comment       0x0000000000000000       0x12 hal/logidisk.32
[...]
Memory Configuration

Name             Origin             Length             Attributes
*default*        0x0000000000000000 0xffffffffffffffff

Linker script and memory map

LOAD D:/Users/Alex/Desktop/Banana/kernel/boot.32
LOAD crti.32
LOAD /cygdrive/d/Users/Alex/Desktop/Toolchain/Output/bin/../lib/gcc/i386-banana/8.1.0/crtbegin.o
LOAD D:/Users/Alex/Desktop/Banana/kernel/morenasm.32
LOAD acpica/utclib.32
LOAD core/malloc.32
LOAD libk/ctype.32
LOAD libk/string.32
LOAD fs/fat/diskio.32
LOAD fs/fat/ff.32
LOAD fs/fat/ffsystem.32
LOAD fs/fat/ffunicode.32
LOAD fs/iso9660/iso9660.32
LOAD core/computer.32
LOAD core/gdt.32
LOAD core/idle.32
LOAD core/idt.32
LOAD core/kheap.32
LOAD core/main.32
LOAD core/physmgr.32
LOAD core/pipe.32
LOAD core/terminal.32
LOAD core/tss.32
LOAD core/unixfile.32
LOAD core/virtmgr.32
LOAD coreobjs/c++.32
LOAD dbg/kconsole.32
LOAD dbg/usban.32
LOAD fs/symlink.32
LOAD fs/vfs.32
LOAD hal/bus.32
LOAD hal/buzzer.32
LOAD hal/clock.32
LOAD hal/device.32
LOAD hal/diskctrl.32
LOAD hal/diskphys.32
LOAD hal/fpu.32
LOAD hal/intctrl.32
LOAD hal/keybrd.32
LOAD hal/logidisk.32
LOAD hal/mouse.32
LOAD hal/nic.32
LOAD hal/partition.32
LOAD hal/serial.32
LOAD hal/timer.32
LOAD hal/vcache.32
LOAD hal/video.32
LOAD hw/acpi.32
LOAD hw/cpu.32
LOAD krnl/atexit.32
LOAD krnl/bootmsg.32
LOAD krnl/compat.32
LOAD krnl/env.32
LOAD krnl/inlines.32
LOAD krnl/panic.32
LOAD krnl/powctrl.32
LOAD krnl/random.32
LOAD krnl/resolve.32
LOAD krnl/signal.32
LOAD krnl/syscalls.32
LOAD net/ethernet.32
LOAD reg/cm.32
LOAD reg/registry.32
LOAD sys/eject.32
LOAD sys/exit.32
LOAD sys/getcwd.32
LOAD sys/getpid.32
LOAD sys/getramdata.32
LOAD sys/getvgaptr.32
LOAD sys/kill.32
LOAD sys/loaddll.32
LOAD sys/read.32
LOAD sys/registersignal.32
LOAD sys/registry.32
LOAD sys/sbrk.32
LOAD sys/setcwd.32
LOAD sys/settime.32
LOAD sys/timezone.32
LOAD sys/truncate.32
LOAD sys/write.32
LOAD sys/wsbe.32
LOAD sys/yield.32
LOAD thr/elf.32
LOAD thr/prcssthr.32
LOAD vm86/vm8086.32
LOAD arch/i386/hal.32
LOAD arch/i386/pic.32
LOAD arch/i386/rtc.32
LOAD arch/i386/vga.32
LOAD fs/fat/vfslink.32
LOAD fs/iso9660/helper.32
LOAD fs/iso9660/vfslink.32
LOAD hal/sound/sndcard.32
LOAD hal/sound/sndport.32
LOAD hw/bus/isa.32
LOAD hw/bus/pci.32
LOAD hw/diskctrl/ide.32
LOAD hw/diskctrl/satabus.32
LOAD hw/diskphys/ata.32
LOAD hw/diskphys/atapi.32
LOAD hw/diskphys/sata.32
LOAD hw/diskphys/satapi.32
LOAD hw/intctrl/apic.32
LOAD hw/timer/apictimer.32
LOAD hw/timer/pit.32
LOAD arch/i386/avx.32
LOAD arch/i386/interrupt.32
LOAD arch/i386/rdrand.32
LOAD arch/i386/sse.32
LOAD arch/i386/x87.32
LOAD /cygdrive/d/Users/Alex/Desktop/Toolchain/Output/bin/../lib/gcc/i386-banana/8.1.0/crtend.o
LOAD crtn.32
LOAD /cygdrive/d/Users/Alex/Desktop/Toolchain/Output/bin/../lib/gcc/i386-banana/8.1.0/libkgcc.a
LOAD D:/Users/Alex/Desktop/Banana/kernel/libsoftfp.a
LOAD D:/Users/Alex/Desktop/Banana/kernel/libk/libm32.a
                0x00000000c0000000                . = 0xc0000000

.text           0x00000000c0000000    0x1f46a
 *(.text)
 .text          0x00000000c0000000       0x20 D:/Users/Alex/Desktop/Banana/kernel/boot.32
 .text          0x00000000c0000020        0x0 crti.32
 .text          0x00000000c0000020      0x101 /cygdrive/d/Users/Alex/Desktop/Toolchain/Output/bin/../lib/gcc/i386-banana/8.1.0/crtbegin.o
 *fill*         0x00000000c0000121        0xf 
 .text          0x00000000c0000130      0x24f D:/Users/Alex/Desktop/Banana/kernel/morenasm.32
                0x00000000c0000130                manualPCIProbe
                0x00000000c000017b                prepareTramp
                0x00000000c0000194                doTPAUSE
                0x00000000c000019e                hasLegacyFPU
                0x00000000c00001c3                is486
                0x00000000c00001f9                detectCPUID
                0x00000000c000020f                goToVM86
                0x00000000c000023f                goToUsermode
                0x00000000c0000269                switchToThreadASMFirstTime
                0x00000000c0000277                switchToThreadASM
                0x00000000c00002fc                asmQuickAcquireLock
                0x00000000c000031a                asmQuickReleaseLock
                0x00000000c0000326                asmAcquireLock
                0x00000000c0000347                asmReleaseLock
                0x00000000c000035a                loadGDT
                0x00000000c000037a                memcpy
 *fill*         0x00000000c000037f        0x1 
 .text          0x00000000c0000380      0x868 acpica/utclib.32
                0x00000000c0000380                memcmp
                0x00000000c00003d0                memmove
                0x00000000c00004f0                memset
                0x00000000c0000570                strlen
                0x00000000c00005a0                strpbrk
                0x00000000c00005f0                strtok
                0x00000000c0000640                strcpy
                0x00000000c0000680                strncpy
                0x00000000c0000750                strcmp
                0x00000000c00007a0                strchr
                0x00000000c00007e0                strncmp
                0x00000000c0000840                strcat
                0x00000000c0000870                strncat
                0x00000000c00008d0                strstr
                0x00000000c0000930                toupper
                0x00000000c0000950                tolower
                0x00000000c0000970                simple_strtoul
 .text          0x00000000c0000be8      0xfaa core/malloc.32
                0x00000000c0000d53                dlfree
                0x00000000c00010ab                dlmalloc
                0x00000000c00015e8                dlrealloc
                0x00000000c000178b                dlmemalign
                0x00000000c00018ae                dlcalloc
                0x00000000c0001948                dlcfree
                0x00000000c000194d                dlindependent_calloc
                0x00000000c0001972                dlindependent_comalloc
                0x00000000c0001989                dlvalloc
                0x00000000c00019b4                dlpvalloc
                0x00000000c00019ea                dlmalloc_trim
                0x00000000c00019f7                dlmalloc_usable_size
                0x00000000c0001a28                dlmallinfo
                0x00000000c0001af7                dlmalloc_stats
                0x00000000c0001b08                dlmallopt
 *fill*         0x00000000c0001b92        0x2 
 .text          0x00000000c0001b94      0x1f2 libk/ctype.32
                0x00000000c0001b94                isblank
                0x00000000c0001bb4                iscntrl
                0x00000000c0001bd4                isdigit
                0x00000000c0001bf0                islower
                0x00000000c0001c0c                isspace
                0x00000000c0001c34                isupper
                0x00000000c0001c50                isalpha
                0x00000000c0001c80                isalnum
                0x00000000c0001cb0                ispunct
                0x00000000c0001cf0                isgraph
                0x00000000c0001d20                isprint
                0x00000000c0001d48                isxdigit
 .text          0x00000000c0001d86        0x0 libk/string.32
 .text          0x00000000c0001d86       0x51 fs/fat/diskio.32
                0x00000000c0001d86                disk_status
                0x00000000c0001d89                disk_initialize
                0x00000000c0001d8c                disk_read
                0x00000000c0001da2                disk_write
                0x00000000c0001db8                disk_ioctl
 .text          0x00000000c0001dd7     0x3e46 fs/fat/ff.32
                0x00000000c0003bf8                f_mount
                0x00000000c0003c5a                f_open
                0x00000000c0003f1d                f_read
                0x00000000c000411c                f_write
                0x00000000c0004364                f_sync
                0x00000000c0004429                f_close
                0x00000000c0004458                f_lseek
                0x00000000c0004609                f_opendir
                0x00000000c00046d4                f_closedir
                0x00000000c00046f6                f_readdir
                0x00000000c0004788                f_stat
                0x00000000c0004807                f_getfree
                0x00000000c0004910                f_truncate
                0x00000000c00049fa                f_unlink
                0x00000000c0004b1c                f_mkdir
                0x00000000c0004cb7                f_rename
                0x00000000c0004e6f                f_chmod
                0x00000000c0004f1f                f_utime
                0x00000000c0004fcf                f_getlabel
                0x00000000c0005120                f_setlabel
                0x00000000c00052b0                f_expand
                0x00000000c000541d                f_mkfs
 *fill*         0x00000000c0005c1d        0x3 
 .text          0x00000000c0005c20       0x2f fs/fat/ffsystem.32
                0x00000000c0005c20                ff_memalloc
                0x00000000c0005c38                ff_memfree
 *fill*         0x00000000c0005c4f        0x1 
 .text          0x00000000c0005c50      0x2dc fs/fat/ffunicode.32
                0x00000000c0005c50                ff_uni2oem
                0x00000000c0005cf0                ff_oem2uni
                0x00000000c0005d68                ff_wtoupper
 .text          0x00000000c0005f2c      0xd32 fs/iso9660/iso9660.32
                0x00000000c0006177                isoReadDiscSector
                0x00000000c0006212                strnicmp
                0x00000000c00064c1                stricmp
                0x00000000c000650d                iso_open
                0x00000000c0006597                iso_close
                0x00000000c00065b5                iso_read
                0x00000000c00066cb                iso_seek
                0x00000000c000674f                iso_tell
                0x00000000c0006780                iso_total
                0x00000000c00067ab                fn_postprocess
                0x00000000c00067d2                iso_readdir
                0x00000000c0006a29                iso_reset
                0x00000000c0006a46                init_percd
                0x00000000c0006b40                iso_ioctl
                0x00000000c0006b58                fs_iso9660_init
                0x00000000c0006bee                fs_iso9660_shutdown
 .text          0x00000000c0006c5e      0x6c3 core/computer.32
                0x00000000c0006c5e                Computer::close(int, int, void*)
                0x00000000c0006ca8                Krnl::firstTask()
                0x00000000c0006de6                Computer::Computer()
                0x00000000c0006de6                Computer::Computer()
                0x00000000c0006e96                Computer::setBootMessage(char const*)
                0x00000000c0006e98                Computer::detectFeatures()
                0x00000000c00070be                Computer::displayFeatures()
                0x00000000c00070c0                Computer::rdmsr(unsigned int)
                0x00000000c00070ec                Computer::wrmsr(unsigned int, unsigned long long)
                0x00000000c0007128                Computer::shutdown()
                0x00000000c0007140                Computer::restart()
                0x00000000c0007158                Computer::sleep()
                0x00000000c000716c                Computer::nmiEnabled()
                0x00000000c0007178                Computer::readCMOS(unsigned char)
                0x00000000c0007196                Computer::enableNMI(bool)
                0x00000000c00071ae                Computer::open(int, int, void*)
                0x00000000c0007282                Computer::disableNMI()
                0x00000000c0007292                Computer::writeCMOS(unsigned char, unsigned char)
                0x00000000c00072b6                Computer::handleNMI()
 *fill*         0x00000000c0007321        0x1 
 .text          0x00000000c0007322      0x1db core/gdt.32
                0x00000000c0007322                GDTEntry::setBase(unsigned int)
                0x00000000c000733e                GDTEntry::setLimit(unsigned int)
                0x00000000c000735c                GDT::GDT()
                0x00000000c000735c                GDT::GDT()
                0x00000000c0007372                GDT::addEntry(GDTEntry)
                0x00000000c0007394                GDT::getNumberOfEntries()
                0x00000000c000739c                GDT::flush()
                0x00000000c00073be                GDT::setup()
 .text          0x00000000c00074fd       0x1d core/idle.32
                0x00000000c00074fd                idleFunction(void*)
 *fill*         0x00000000c000751a        0x2 
 .text          0x00000000c000751c      0x46c core/idt.32
                0x00000000c000751c                IDTEntry::IDTEntry(bool)
                0x00000000c000751c                IDTEntry::IDTEntry(bool)
                0x00000000c0007596                IDTEntry::setOffset(unsigned int)
                0x00000000c00075ac                IDT::IDT()
                0x00000000c00075ac                IDT::IDT()
                0x00000000c00075ae                IDT::getPointerToInvalidOpcodeEntryForF00F()
                0x00000000c00075b6                IDT::addEntry(IDTEntry, int)
                0x00000000c00075d0                IDT::addEntry(int, void (*)(), bool)
                0x00000000c0007608                IDT::flush()
                0x00000000c0007622                IDT::setup()
 .text          0x00000000c0007988      0x188 core/kheap.32
                0x00000000c0007988                sbrk
                0x00000000c0007a1f                mmap
                0x00000000c0007a35                munmap
                0x00000000c0007a4b                liballoc_lock()
                0x00000000c0007a59                liballoc_unlock()
                0x00000000c0007a6f                liballoc_alloc(int)
                0x00000000c0007a87                liballoc_free(void*, int)
                0x00000000c0007aa2                realloc
                0x00000000c0007ab6                malloc
                0x00000000c0007ac6                free
                0x00000000c0007ad6                rfree
                0x00000000c0007ae6                calloc
 .text          0x00000000c0007b10       0xc7 core/main.32
                0x00000000c0007b10                KeEntryPoint
 .text          0x00000000c0007bd7      0x644 core/physmgr.32
                0x00000000c0007bd7                Phys::allocateDMA(unsigned long)
                0x00000000c0007cbf                Phys::freeDMA(unsigned long, unsigned long)
                0x00000000c0007cfa                Phys::setPageState(unsigned long, bool)
                0x00000000c0007d3a                Phys::getPageState(unsigned long)
                0x00000000c0007d56                Phys::freePage(unsigned long)
                0x00000000c0007dbf                Phys::allocatePage()
                0x00000000c0007e8e                Phys::allocateContiguousPages(int)
                0x00000000c0007ef5                Phys::allowSegmentToBeUsed(unsigned long, unsigned long)
                0x00000000c0007f2d                Phys::physicalMemorySetup(unsigned int)
 *fill*         0x00000000c000821b        0x1 
 .text          0x00000000c000821c      0x273 core/pipe.32
                0x00000000c000821c                Pipe::isAtty()
                0x00000000c0008220                Pipe::~Pipe()
                0x00000000c0008220                Pipe::~Pipe()
                0x00000000c0008244                Pipe::~Pipe()
                0x00000000c000826c                Pipe::write(unsigned long long, void*, int*)
                0x00000000c000832c                Pipe::read(unsigned long long, void*, int*)
                0x00000000c0008428                Pipe::Pipe(int)
                0x00000000c0008428                Pipe::Pipe(int)
 *fill*         0x00000000c000848f        0x1 
 .text          0x00000000c0008490      0xab3 core/terminal.32
                0x00000000c0008490                VgaText::isAtty()
                0x00000000c0008494                VgaText::~VgaText()
                0x00000000c0008494                VgaText::~VgaText()
                0x00000000c00084b8                VgaText::~VgaText()
                0x00000000c00084e2                VgaText::read(unsigned long long, void*, int*)
                0x00000000c0008502                setTerminalScrollLock(bool)
                0x00000000c0008503                doTerminalCycle()
                0x00000000c0008504                addToTerminalCycle(VgaText*)
                0x00000000c0008505                scrollTerminalScrollLock(int)
                0x00000000c0008506                VgaText::updateTitle()
                0x00000000c0008508                VgaText::load()
                0x00000000c000850a                VgaText::updateCursor()
                0x00000000c0008520                VgaText::doANSI_SGR(int)
                0x00000000c0008594                VgaText::setDefaultBgColour(VgaColour)
                0x00000000c00085a4                VgaText::setDefaultFgColour(VgaColour)
                0x00000000c00085b4                VgaText::setDefaultColours(VgaColour, VgaColour)
                0x00000000c00085d4                VgaText::setTitleTextColour(VgaColour)
                0x00000000c00085e0                VgaText::setTitleColour(VgaColour)
                0x00000000c00085ec                VgaText::setTitle(char*)
                0x00000000c00085ee                VgaText::combineColours(unsigned char, unsigned char)
                0x00000000c0008600                VgaText::scrollScreen()
                0x00000000c0008692                VgaText::combineCharAndColour(char, unsigned char)
                0x00000000c00086a2                VgaText::writeCharacter(char, VgaColour, VgaColour, int, int)
                0x00000000c0008732                VgaText::getCursorX()
                0x00000000c000873a                VgaText::getCursorY()
                0x00000000c0008742                VgaText::setCursor(int, int)
                0x00000000c0008759                setActiveTerminal(VgaText*)
                0x00000000c00087a4                VgaText::clearScreen()
                0x00000000c00087f2                VgaText::setCursorX(int)
                0x00000000c000880a                VgaText::setCursorY(int)
                0x00000000c0008822                VgaText::incrementCursor(bool)
                0x00000000c0008876                VgaText::decrementCursor(bool)
                0x00000000c0008898                VgaText::putchar(char, VgaColour, VgaColour)
                0x00000000c0008968                VgaText::putchar(char)
                0x00000000c0008a60                VgaText::putx(unsigned int)
                0x00000000c0008aa6                VgaText::puts(char const*)
                0x00000000c0008acc                VgaText::write(unsigned long long, void*, int*)
                0x00000000c0008b18                VgaText::puts(char const*, VgaColour, VgaColour)
                0x00000000c0008c66                VgaText::VgaText(char const*)
                0x00000000c0008c66                VgaText::VgaText(char const*)
                0x00000000c0008db6                VgaText::receiveKey(unsigned char)
                0x00000000c0008f42                VgaText::doUpdate()
 *fill*         0x00000000c0008f43        0x1 
 .text          0x00000000c0008f44      0x1a1 core/tss.32
                0x00000000c0008f44                TSS::TSS()
                0x00000000c0008f44                TSS::TSS()
                0x00000000c0008f54                TSS::setESP(unsigned long)
                0x00000000c0008f68                TSS::flush()
                0x00000000c0008f88                TSS::setup(unsigned long, unsigned long)
 *fill*         0x00000000c00090e5        0x1 
 .text          0x00000000c00090e6      0x4ca core/unixfile.32
                0x00000000c00090e6                ReservedFilename::read(unsigned long long, void*, int*)
                0x00000000c000913c                ReservedFilename::isAtty()
                0x00000000c0009158                ReservedFilename::write(unsigned long long, void*, int*)
                0x00000000c00091b6                UnixFile::getFileDescriptor()
                0x00000000c00091be                UnixFile::UnixFile(int)
                0x00000000c00091be                UnixFile::UnixFile(int)
                0x00000000c0009372                ReservedFilename::ReservedFilename(int)
                0x00000000c0009372                ReservedFilename::ReservedFilename(int)
                0x00000000c00093a4                UnixFile::~UnixFile()
                0x00000000c00093a4                UnixFile::~UnixFile()
                0x00000000c0009440                UnixFile::~UnixFile()
                0x00000000c0009468                ReservedFilename::~ReservedFilename()
                0x00000000c0009468                ReservedFilename::~ReservedFilename()
                0x00000000c000948c                ReservedFilename::~ReservedFilename()
                0x00000000c00094b3                KeGetFileFromDescriptor(int)
 .text          0x00000000c00095b0     0x1218 core/virtmgr.32
                0x00000000c00095b0                Virt::setPageState(unsigned long, Virt::VirtPageState)
                0x00000000c00095ea                Virt::getPageState(unsigned long)
                0x00000000c000960d                Virt::allocateKernelVirtualPages(int)
                0x00000000c0009732                Virt::freeSwapfilePage(unsigned long)
                0x00000000c0009755                Virt::swapIDToSector(unsigned long)
                0x00000000c000976b                Virt::allocateSwapfilePage()
                0x00000000c00097eb                Virt::virtualMemorySetup()
                0x00000000c000983c                Virt::setupPageSwapping(int)
                0x00000000c00098ae                VAS::setCPUSpecific(unsigned long)
                0x00000000c00098b0                VAS::VAS(VAS*)
                0x00000000c00098b0                VAS::VAS(VAS*)
                0x00000000c00098de                VAS::getForeignPageTableEntry(bool, unsigned long)
                0x00000000c000990c                VAS::getPageTableEntry(unsigned long)
                0x00000000c000992b                Virt::freeKernelVirtualPages(unsigned long)
                0x00000000c0009a68                VAS::freeAllocatedPages(unsigned long)
                0x00000000c0009a8c                VAS::virtualToPhysical(unsigned long)
                0x00000000c0009aa6                VAS::reflagRange(unsigned long, int, unsigned long, unsigned long)
                0x00000000c0009ae8                VAS::VAS()
                0x00000000c0009ae8                VAS::VAS()
                0x00000000c0009b52                VAS::setToWriteCombining(unsigned long, int)
                0x00000000c0009b86                VAS::mapOtherVASIn(bool, VAS*)
                0x00000000c0009bb2                VAS::~VAS()
                0x00000000c0009bb2                VAS::~VAS()
                0x00000000c0009d20                VAS::mapPage(unsigned long, unsigned long, int)
                0x00000000c0009e24                VAS::allocatePages(int, int)
                0x00000000c0009f1a                VAS::mapRange(unsigned long, unsigned long, int, int)
                0x00000000c0009f72                VAS::mapForeignPage(bool, VAS*, unsigned long, unsigned long, int)
                0x00000000c000a068                VAS::VAS(bool)
                0x00000000c000a068                VAS::VAS(bool)
                0x00000000c000a2b2                VAS::evict(unsigned long)
                0x00000000c000a390                VAS::tryLoadBackOffDisk(unsigned long)
                0x00000000c000a52a                VAS::allocateSharedMemoryWithKernel(unsigned long, unsigned long*)
                0x00000000c000a59e                VAS::freeSharedMemoryWithKernel(unsigned long, unsigned long)
                0x00000000c000a5ca                VAS::scanForEviction()
                0x00000000c000a6cd                mapVASFirstTime
 .text          0x00000000c000a7c8       0x5f coreobjs/c++.32
                0x00000000c000a7c8                __cxa_atexit
                0x00000000c000a7cb                __cxa_finalize
                0x00000000c000a7cc                __stack_chk_fail
                0x00000000c000a802                __cxa_pure_virtual
                0x00000000c000a813                operator new[](unsigned long)
                0x00000000c000a818                operator delete(void*, unsigned long)
                0x00000000c000a81d                operator delete[](void*)
                0x00000000c000a822                operator delete[](void*, unsigned long)
 .text          0x00000000c000a827      0x254 dbg/kconsole.32
                0x00000000c000a827                Dbg::stringifyxWithBase(unsigned int, char*, int)
                0x00000000c000a8c7                Dbg::logc(char)
                0x00000000c000a8e7                Dbg::logs(char*)
                0x00000000c000a906                Dbg::logWriteInt(unsigned int)
                0x00000000c000a924                Dbg::logWriteIntBase(unsigned int, int)
                0x00000000c000a945                Dbg::kprintf(char const*, ...)
 *fill*         0x00000000c000aa7b        0x1 
 .text          0x00000000c000aa7c      0x2d4 dbg/usban.32
                0x00000000c000aa7c                KiUbsanPrintDetails(char const*, void*)
                0x00000000c000aae8                __ubsan_handle_type_mismatch_v1
                0x00000000c000abc4                __ubsan_handle_pointer_overflow
                0x00000000c000abf0                __ubsan_handle_out_of_bounds
                0x00000000c000ac1c                __ubsan_handle_add_overflow
                0x00000000c000ac48                __ubsan_handle_load_invalid_value
                0x00000000c000ac74                __ubsan_handle_divrem_overflow
                0x00000000c000aca0                __ubsan_handle_mul_overflow
                0x00000000c000accc                __ubsan_handle_sub_overflow
                0x00000000c000acf8                __ubsan_handle_shift_out_of_bounds
                0x00000000c000ad24                __ubsan_handle_negate_overflow
 .text          0x00000000c000ad50      0x603 fs/symlink.32
                0x00000000c000ad50                KiCreateSymlinkID()
                0x00000000c000adbd                KiFlushSymlinkChanges()
                0x00000000c000ae90                KiDeinitialiseSymlinks(void*)
                0x00000000c000ae95                KeRegisterSymlink(char const*, unsigned long long)
                0x00000000c000af04                KiIsSymlinkRegistered(char const*)
                0x00000000c000af4b                KeDereferenceSymlink(char const*, char*)
                0x00000000c000b160                KeCreateSymlink(char const*, char const*)
                0x00000000c000b29d                KeInitialiseSymlinks()
 *fill*         0x00000000c000b353        0x1 
 .text          0x00000000c000b354      0xcfe fs/vfs.32
                0x00000000c000b354                File::read(unsigned long long, void*, int*)
                0x00000000c000b3ac                File::write(unsigned long long, void*, int*)
                0x00000000c000b404                Directory::read(unsigned long long, void*, int*)
                0x00000000c000b45c                Directory::write(unsigned long long, void*, int*)
                0x00000000c000b48a                File::isAtty()
                0x00000000c000b48e                Directory::isAtty()
                0x00000000c000b492                Filesystem::getlabel(LogicalDisk*, int, char*, unsigned int*)
                0x00000000c000b498                Filesystem::setlabel(LogicalDisk*, int, char*)
                0x00000000c000b49e                Filesystem::allocateSwapfile(char const*, int)
                0x00000000c000b4a4                File::~File()
                0x00000000c000b4a4                File::~File()
                0x00000000c000b4c8                File::~File()
                0x00000000c000b4f2                Directory::~Directory()
                0x00000000c000b4f2                Directory::~Directory()
                0x00000000c000b516                Directory::~Directory()
                0x00000000c000b540                Filesystem::Filesystem()
                0x00000000c000b540                Filesystem::Filesystem()
                0x00000000c000b564                Filesystem::~Filesystem()
                0x00000000c000b564                Filesystem::~Filesystem()
                0x00000000c000b572                Filesystem::~Filesystem()
                0x00000000c000b596                Fs::getcwd(Process*, char*, int)
                0x00000000c000b5c0                Fs::initVFS()
                0x00000000c000b5ea                Fs::standardiseFiles(char*, char const*, char const*, bool)
                0x00000000c000b7d0                File::File(char const*, Process*)
                0x00000000c000b7d0                File::File(char const*, Process*)
                0x00000000c000b898                File::open(FileOpenMode)
                0x00000000c000b8f6                File::close()
                0x00000000c000b956                File::seek(unsigned long long)
                0x00000000c000b9ac                File::truncate(unsigned long long)
                0x00000000c000ba02                File::tell(unsigned long long*)
                0x00000000c000ba52                File::rewind()
                0x00000000c000ba66                File::unlink()
                0x00000000c000bab2                File::rename(char const*)
                0x00000000c000bb00                File::chfatattr(unsigned char, unsigned char)
                0x00000000c000bb5c                File::exists()
                0x00000000c000bb9a                File::stat(unsigned long long*, bool*)
                0x00000000c000bbfb                Fs::setcwd(Process*, char*)
                0x00000000c000bd58                Directory::Directory(char const*, Process*)
                0x00000000c000bd58                Directory::Directory(char const*, Process*)
                0x00000000c000be20                Directory::open()
                0x00000000c000be7c                Directory::close()
                0x00000000c000bedc                Directory::unlink()
                0x00000000c000bf28                Directory::rename(char const*)
                0x00000000c000bf76                Directory::exists()
                0x00000000c000bfb4                Directory::read(dirent*)
                0x00000000c000c000                Directory::create()
                0x00000000c000c04c                Filesystem::chfatattr(char const*, unsigned char, unsigned char)
 *fill*         0x00000000c000c052        0x2 
 .text          0x00000000c000c054       0x86 hal/bus.32
                0x00000000c000c054                Bus::Bus(char const*)
                0x00000000c000c054                Bus::Bus(char const*)
                0x00000000c000c08c                Bus::~Bus()
                0x00000000c000c08c                Bus::~Bus()
                0x00000000c000c0b0                Bus::~Bus()
 .text          0x00000000c000c0da       0x96 hal/buzzer.32
                0x00000000c000c0da                beepThread(void*)
                0x00000000c000c117                Krnl::beep(int, int, bool)
 .text          0x00000000c000c170      0x45f hal/clock.32
                0x00000000c000c170                User::loadClockSettings(int)
                0x00000000c000c1c2                Clock::Clock(char const*)
                0x00000000c000c1c2                Clock::Clock(char const*)
                0x00000000c000c1f8                Clock::~Clock()
                0x00000000c000c1f8                Clock::~Clock()
                0x00000000c000c21c                Clock::~Clock()
                0x00000000c000c246                Clock::timeInSecondsLocal()
                0x00000000c000c28e                Clock::setTimeInSecondsLocal(unsigned long long)
                0x00000000c000c2e7                datetimeToSeconds(datetime_t)
                0x00000000c000c406                Clock::setTimeInDatetimeLocal(datetime_t)
                0x00000000c000c466                secondsToDatetime(unsigned long long)
                0x00000000c000c5aa                Clock::timeInDatetimeLocal()
 *fill*         0x00000000c000c5cf        0x1 
 .text          0x00000000c000c5d0      0x464 hal/device.32
                0x00000000c000c5d0                Device::hibernate()
                0x00000000c000c5d2                Device::wake()
                0x00000000c000c5d4                Device::detect()
                0x00000000c000c5d6                Device::disableLegacy()
                0x00000000c000c5d8                Device::powerSaving(PowerSavingLevel)
                0x00000000c000c5da                DriverlessDevice::close(int, int, void*)
                0x00000000c000c5de                DriverlessDevice::detect()
                0x00000000c000c5e0                DriverlessDevice::open(int, int, void*)
                0x00000000c000c5f4                Device::~Device()
                0x00000000c000c5f4                Device::~Device()
                0x00000000c000c602                Device::~Device()
                0x00000000c000c62a                Device::findAndLoadDriver()
                0x00000000c000c638                Device::preOpenPCI(PCIDeviceInfo)
                0x00000000c000c65e                Device::preOpenACPI(void*, char*, char*)
                0x00000000c000c69e                Device::addIRQHandler(int, void (*)(regs*, void*), bool, void*)
                0x00000000c000c6c8                Device::getParent()
                0x00000000c000c6d4                Device::removeIRQHandler(int, void (*)(regs*, void*), bool)
                0x00000000c000c6f2                Device::addChild(Device*)
                0x00000000c000c736                Device::removeAllChildren()
                0x00000000c000c77c                Device::hibernateAll()
                0x00000000c000c7ac                Device::wakeAll()
                0x00000000c000c7dc                Device::detectAll()
                0x00000000c000c80c                Device::disableLegacyAll()
                0x00000000c000c80e                Device::loadDriversForAll()
                0x00000000c000c810                Device::closeAll()
                0x00000000c000c846                Device::powerSavingAll(PowerSavingLevel)
                0x00000000c000c87c                Device::setName(char const*)
                0x00000000c000c88a                Device::Device(char const*)
                0x00000000c000c88a                Device::Device(char const*)
                0x00000000c000c986                Device::getName()
                0x00000000c000c990                DriverlessDevice::DriverlessDevice(char const*)
                0x00000000c000c990                DriverlessDevice::DriverlessDevice(char const*)
                0x00000000c000c9c6                Device::addToLinkedList(LinkedList<Device>&, DeviceType)
                0x00000000c000ca0a                getDevicesOfType(DeviceType)
 .text          0x00000000c000ca34       0x86 hal/diskctrl.32
                0x00000000c000ca34                HardDiskController::HardDiskController(char const*)
                0x00000000c000ca34                HardDiskController::HardDiskController(char const*)
                0x00000000c000ca6c                HardDiskController::~HardDiskController()
                0x00000000c000ca6c                HardDiskController::~HardDiskController()
                0x00000000c000ca90                HardDiskController::~HardDiskController()
 .text          0x00000000c000caba       0xe2 hal/diskphys.32
                0x00000000c000caba                PhysicalDisk::eject()
                0x00000000c000cabe                PhysicalDisk::PhysicalDisk(char const*, int)
                0x00000000c000cabe                PhysicalDisk::PhysicalDisk(char const*, int)
                0x00000000c000cb26                PhysicalDisk::startCache()
                0x00000000c000cb4e                PhysicalDisk::~PhysicalDisk()
                0x00000000c000cb4e                PhysicalDisk::~PhysicalDisk()
                0x00000000c000cb72                PhysicalDisk::~PhysicalDisk()
 .text          0x00000000c000cb9c        0x0 hal/fpu.32
 .text          0x00000000c000cb9c      0x359 hal/intctrl.32
                0x00000000c000cb9c                int_handler
                0x00000000c000cc26                installISRHandler(int, void (*)(regs*, void*), void*)
                0x00000000c000cc70                installIRQHandler(int, void (*)(regs*, void*), bool, void*)
                0x00000000c000cda4                uninstallISRHandler(int, void (*)(regs*, void*))
                0x00000000c000cdd8                uninstallIRQHandler(int, void (*)(regs*, void*), bool)
                0x00000000c000ce56                setupINTS()
                0x00000000c000ceb3                convertLegacyIRQNumber(int)
 *fill*         0x00000000c000cef5        0x1 
 .text          0x00000000c000cef6      0x8be hal/keybrd.32
                0x00000000c000cef6                startGUI(void*)
                0x00000000c000cf64                startGUIVESA(void*)
                0x00000000c000cfd2                sendKeyToTerminal(unsigned char)
                0x00000000c000d0ad                sendKeyboardToken(KeyboardToken)
                0x00000000c000d597                clearInternalKeybuffer(VgaText*)
                0x00000000c000d5cc                readKeyboard(VgaText*, char*, unsigned long)
                0x00000000c000d72a                Keyboard::Keyboard(char const*)
                0x00000000c000d72a                Keyboard::Keyboard(char const*)
                0x00000000c000d766                Keyboard::~Keyboard()
                0x00000000c000d766                Keyboard::~Keyboard()
                0x00000000c000d78a                Keyboard::~Keyboard()
 .text          0x00000000c000d7b4      0x3f8 hal/logidisk.32
                0x00000000c000d7b4                LogicalDisk::close(int, int, void*)
                0x00000000c000d7b8                LogicalDisk::~LogicalDisk()
                0x00000000c000d7b8                LogicalDisk::~LogicalDisk()
                0x00000000c000d7dc                LogicalDisk::~LogicalDisk()
                0x00000000c000d806                LogicalDisk::open(int, int, void*)
                0x00000000c000d81a                LogicalDisk::absoluteToRelative(unsigned long long)
                0x00000000c000d852                LogicalDisk::relativeToAbsolute(unsigned long long)
                0x00000000c000d898                LogicalDisk::LogicalDisk(char const*, PhysicalDisk*, unsigned long long, unsigned long long)
                0x00000000c000d898                LogicalDisk::LogicalDisk(char const*, PhysicalDisk*, unsigned long long, unsigned long long)
                0x00000000c000d958                LogicalDisk::assignDriveLetter()
                0x00000000c000da12                LogicalDisk::mount()
                0x00000000c000da5a                LogicalDisk::unmount()
                0x00000000c000da6a                LogicalDisk::eject()
                0x00000000c000da7e                LogicalDisk::unassignDriveLetter()
                0x00000000c000dad4                LogicalDisk::read(unsigned long long, int, void*)
                0x00000000c000db40                LogicalDisk::write(unsigned long long, int, void*)
 .text          0x00000000c000dbac       0x86 hal/mouse.32
                0x00000000c000dbac                Mouse::Mouse(char const*)
                0x00000000c000dbac                Mouse::Mouse(char const*)
                0x00000000c000dbe4                Mouse::~Mouse()
                0x00000000c000dbe4                Mouse::~Mouse()
                0x00000000c000dc08                Mouse::~Mouse()
 .text          0x00000000c000dc32       0x90 hal/nic.32
                0x00000000c000dc32                NIC::getMAC()
                0x00000000c000dc38                NIC::write(int, unsigned char*, int*)
                0x00000000c000dc3e                NIC::NIC(char const*)
                0x00000000c000dc3e                NIC::NIC(char const*)
                0x00000000c000dc74                NIC::~NIC()
                0x00000000c000dc74                NIC::~NIC()
                0x00000000c000dc98                NIC::~NIC()
 .text          0x00000000c000dcc2      0x33b hal/partition.32
                0x00000000c000dcc2                makePartition(PhysicalDisk*, unsigned long long, unsigned long long)
                0x00000000c000dd6a                createPartitionsForDisk(PhysicalDisk*)
 *fill*         0x00000000c000dffd        0x3 
 .text          0x00000000c000e000       0x86 hal/serial.32
                0x00000000c000e000                Serial::Serial(char const*)
                0x00000000c000e000                Serial::Serial(char const*)
                0x00000000c000e038                Serial::~Serial()
                0x00000000c000e038                Serial::~Serial()
                0x00000000c000e05c                Serial::~Serial()
 *fill*         0x00000000c000e086        0x2 
 .text          0x00000000c000e088      0x234 hal/timer.32
                0x00000000c000e088                Timer::Timer(char const*)
                0x00000000c000e088                Timer::Timer(char const*)
                0x00000000c000e0c0                Timer::~Timer()
                0x00000000c000e0c0                Timer::~Timer()
                0x00000000c000e0e4                Timer::~Timer()
                0x00000000c000e10e                Timer::read()
                0x00000000c000e119                setupTimer(int)
                0x00000000c000e154                timerHandler(unsigned int)
 .text          0x00000000c000e2bc      0x444 hal/vcache.32
                0x00000000c000e2bc                VCache::VCache(PhysicalDisk*)
                0x00000000c000e2bc                VCache::VCache(PhysicalDisk*)
                0x00000000c000e42c                VCache::invalidateReadBuffer()
                0x00000000c000e43c                VCache::writeWriteBuffer()
                0x00000000c000e488                VCache::~VCache()
                0x00000000c000e488                VCache::~VCache()
                0x00000000c000e4e0                VCache::~VCache()
                0x00000000c000e508                VCache::write(unsigned long long, int, void*)
                0x00000000c000e5f6                VCache::read(unsigned long long, int, void*)
 .text          0x00000000c000e700      0x4c7 hal/video.32
                0x00000000c000e700                Video::putrect(int, int, int, int, unsigned int)
                0x00000000c000e74c                Video::bitblit(int, int, int, int, int, int, int, unsigned int*)
                0x00000000c000e7bc                Video::blit(unsigned int*, int, int, int, int)
                0x00000000c000e83a                Video::clearScreen(unsigned int)
                0x00000000c000e86e                Video::putpixel(int, int, unsigned int)
                0x00000000c000e87c                Video::readPixelApprox(int, int)
                0x00000000c000e890                Video::Video(char const*)
                0x00000000c000e890                Video::Video(char const*)
                0x00000000c000e8c6                Video::~Video()
                0x00000000c000e8c6                Video::~Video()
                0x00000000c000e8ea                Video::~Video()
                0x00000000c000e914                Video::isMonochrome()
                0x00000000c000e920                Video::getWidth()
                0x00000000c000e92c                Video::getHeight()
                0x00000000c000e938                Video::drawCursor(int, int, unsigned int*, int)
                0x00000000c000e9f4                Video::tgaParse(unsigned char*, int, int*, int*)
                0x00000000c000eb5c                Video::putTGA(int, int, unsigned char*, int)
 *fill*         0x00000000c000ebc7        0x1 
 .text          0x00000000c000ebc8     0x138b hw/acpi.32
                0x00000000c000ebc8                ACPI::close(int, int, void*)
                0x00000000c000ec7c                findRSDP()
                0x00000000c000ed14                loadACPITables(unsigned char*)
                0x00000000c000ef80                findRSDT(unsigned char*)
                0x00000000c000f0d8                findDataTable(unsigned char*, char*)
                0x00000000c000f158                scanMADT()
                0x00000000c000f610                ACPI::ACPI()
                0x00000000c000f610                ACPI::ACPI()
                0x00000000c000f664                ACPI::getPCIIRQAssignment(unsigned char, unsigned short, unsigned char)
                0x00000000c000f760                ACPI::registerPCIIRQAssignment(void*, unsigned short, unsigned char, unsigned char)
                0x00000000c000f82c                ACPI::setScreenBrightnessLevel(void*, int)
                0x00000000c000f834                ACPI::detectPCI()
                0x00000000c000fa54                ACPI::writeSimpleBootFlag(SimpleBootFlagTable*)
                0x00000000c000fa9c                ACPI::sleep()
                0x00000000c000fab8                ACPI::open(int, int, void*)
 *fill*         0x00000000c000ff53        0x1 
 .text          0x00000000c000ff54      0xbc5 hw/cpu.32
                0x00000000c000ff54                CPU::close(int, int, void*)
                0x00000000c000ff58                CPU::AMD_K6_write_msr(unsigned int, unsigned int, unsigned int, CPU::REGS*)
                0x00000000c000ff74                CPU::AMD_K6_read_msr(unsigned int, CPU::REGS*)
                0x00000000c000ff8c                CPU::AMD_K6_writeback(int, int, int)
                0x00000000c0010000                CPU::cpuid(int, unsigned long*, unsigned long*, unsigned long*, unsigned long*)
                0x00000000c0010084                CPU::cpuidCheckEDX(unsigned int)
                0x00000000c00100b2                CPU::cpuidCheckECX(unsigned int)
                0x00000000c00100e0                CPU::cpuidCheckExtendedEBX(unsigned int)
                0x00000000c001010e                CPU::cpuidCheckExtendedECX(unsigned int)
                0x00000000c001013c                CPU::CPU()
                0x00000000c001013c                CPU::CPU()
                0x00000000c00101ca                CPU::displayFeatures()
                0x00000000c00101cc                CPU::detectFeatures()
                0x00000000c00108a0                CPU::setupSMEP()
                0x00000000c00108ac                CPU::setupUMIP()
                0x00000000c00108b6                CPU::setupTSC()
                0x00000000c00108c0                CPU::setupLargePages()
                0x00000000c00108ca                CPU::setupPAT()
                0x00000000c0010906                CPU::setupMTRR()
                0x00000000c0010908                CPU::setupGlobalPages()
                0x00000000c0010912                CPU::allowUsermodeDataAccess()
                0x00000000c0010924                CPU::prohibitUsermodeDataAccess()
                0x00000000c0010936                CPU::setupSMAP()
                0x00000000c0010944                CPU::setupFeatures()
                0x00000000c0010a10                CPU::open(int, int, void*)
 .text          0x00000000c0010b19       0xb6 krnl/atexit.32
                0x00000000c0010b19                KeInitialiseAtexit()
                0x00000000c0010b38                KeRegisterAtexit(void (*)(void*), void*)
                0x00000000c0010b6c                KeExecuteAtexit()
 .text          0x00000000c0010bcf       0xdf krnl/bootmsg.32
                0x00000000c0010bcf                KeDisplaySplashScreen()
                0x00000000c0010c4b                KeSetBootMessage(char const*)
 *fill*         0x00000000c0010cae        0x2 
 .text          0x00000000c0010cb0       0x1d krnl/compat.32
                0x00000000c0010cb0                Krnl::handlePowerButton()
                0x00000000c0010cc0                Krnl::handleSleepButton()
 *fill*         0x00000000c0010ccd        0x1 
 .text          0x00000000c0010cce      0x5bf krnl/env.32
                0x00000000c0010cce                EnvVarContainer::getEnv(char const*)
                0x00000000c0010d0c                EnvVarContainer::setEnv(char const*, char const*)
                0x00000000c0010dce                EnvVarContainer::deleteEnv(char const*)
                0x00000000c0010dd0                EnvVarContainer::loadFrom(char const*, char const*)
                0x00000000c0010ff4                EnvVarContainer::__loadSystem()
                0x00000000c001100e                EnvVarContainer::__loadUser()
                0x00000000c0011010                EnvVarContainer::EnvVarContainer(Process*)
                0x00000000c0011010                EnvVarContainer::EnvVarContainer(Process*)
                0x00000000c0011032                EnvVarContainer::~EnvVarContainer()
                0x00000000c0011032                EnvVarContainer::~EnvVarContainer()
                0x00000000c0011062                KeGetEnv(Process*, char const*)
                0x00000000c00110c7                KeSetEnvSystem(char const*, char const*)
                0x00000000c00110e1                KeSetEnvUser(char const*, char const*)
                0x00000000c0011100                KeSetEnvProcess(Process*, char const*, char const*)
                0x00000000c0011113                KeDeleteEnvSystem(char const*)
                0x00000000c0011114                KeDeleteEnvUser(char const*)
                0x00000000c0011115                KeDeleteEnvProcess(Process*, char const*)
                0x00000000c0011116                KeNewProcessEnv(Process*)
                0x00000000c0011138                KeCopyProcessEnv(Process*, Process*)
                0x00000000c0011184                KeLoadSystemEnv()
                0x00000000c00111b2                KeLoadUserEnv()
                0x00000000c00111d8                KeFlushEnv()
                0x00000000c00111d9                KeGetProcessTotalEnvCount(Process*)
                0x00000000c00111f9                KeGetProcessEnvPair(Process*, int)
 .text          0x00000000c001128d       0x94 krnl/inlines.32
                0x00000000c001128d                CPU::current()
                0x00000000c0011299                operator new(unsigned long)
                0x00000000c001129e                operator delete(void*)
                0x00000000c00112a3                disableIRQs()
                0x00000000c00112a5                enableIRQs()
                0x00000000c00112a7                lockScheduler()
                0x00000000c00112af                unlockScheduler()
                0x00000000c00112be                lockStuff()
                0x00000000c00112cc                unlockStuff()
                0x00000000c0011306                Virt::getAKernelVAS()
                0x00000000c001130c                __not_memcpy
 .text          0x00000000c0011321        0xc krnl/panic.32
                0x00000000c0011321                KePanic(char const*)
 .text          0x00000000c001132d      0x142 krnl/powctrl.32
                0x00000000c001132d                KePowerThread(void*)
                0x00000000c001135b                KeChangePowerSettings(PowerSettings)
                0x00000000c0011371                KeUserIOReceived()
                0x00000000c001137c                KeHandlePowerButton()
                0x00000000c00113b1                KeHandleSleepButton()
                0x00000000c00113e6                KeSetupPowerManager()
 .text          0x00000000c001146f       0x9d krnl/random.32
                0x00000000c001146f                KeRand()
                0x00000000c00114b1                KeSeedRand(unsigned int)
                0x00000000c00114da                KeInitRand()
 .text          0x00000000c001150c      0x1bc krnl/resolve.32
                0x00000000c001150c                KeResolveCompatibilitySymbol(char*)
 .text          0x00000000c00116c8      0x322 krnl/signal.32
                0x00000000c00116c8                KiSigKill(int)
                0x00000000c00116dc                KiDefaultSignalHandlerIgnore(int)
                0x00000000c00116dd                KiDefaultSignalHandlerPause(int)
                0x00000000c0011709                KiDefaultSignalHandlerResume(int)
                0x00000000c0011735                KeDeinitSignals(SigHandlerBlock*)
                0x00000000c001173a                KeInitSignals()
                0x00000000c001178c                KeRegisterSignalHandler(SigHandlerBlock*, int, void (*)(int), unsigned int, int)
                0x00000000c00117c2                KeRaiseSignal(SigHandlerBlock*, int)
                0x00000000c001183f                KeCheckSignal(SigHandlerBlock*, int*)
                0x00000000c0011936                KiCheckSignalZ
                0x00000000c0011978                KeCompleteSignal(SigHandlerBlock*, int)
                0x00000000c00119b3                KiFinishSignalZ
 .text          0x00000000c00119ea      0xc61 krnl/syscalls.32
                0x00000000c00119ea                SysSeekDir(regs*)
                0x00000000c00119ef                SysTellDir(regs*)
                0x00000000c00119f4                SysVerify(regs*)
                0x00000000c00119fe                SysGetArgc(regs*)
                0x00000000c0011a12                SysTTYName(regs*)
                0x00000000c0011a1a                SysFormatDisk(regs*)
                0x00000000c0011a91                SysSetDiskVolumeLabel(regs*)
                0x00000000c0011ae5                SysGetDiskVolumeLabel(regs*)
                0x00000000c0011b3e                SysShutdown(regs*)
                0x00000000c0011b9c                SysRealpath(regs*)
                0x00000000c0011be1                SysReadDir(regs*)
                0x00000000c0011c61                SysIsATTY(regs*)
                0x00000000c0011cbb                SysSeek(regs*)
                0x00000000c0011d12                SysTell(regs*)
                0x00000000c0011d7f                SysSize(regs*)
                0x00000000c0011df2                SysSizeFromFilename(regs*)
                0x00000000c0011ea3                SysClose(regs*)
                0x00000000c0011f03                SysOpenDir(regs*)
                0x00000000c0011f80                SysMakeDir(regs*)
                0x00000000c0011fee                SysCloseDir(regs*)
                0x00000000c0012042                SysWait(regs*)
                0x00000000c0012063                SysNotImpl(regs*)
                0x00000000c001207e                SysPanic(regs*)
                0x00000000c0012099                SysRmdir(regs*)
                0x00000000c00120fe                SysUnlink(regs*)
                0x00000000c0012163                SysGetArgv(regs*)
                0x00000000c00121b0                SysUSleep(regs*)
                0x00000000c00121d9                SysSpawn(regs*)
                0x00000000c001224c                SysGetEnv(regs*)
                0x00000000c00122fd                SysSetFatAttrib(regs*)
                0x00000000c0012370                SysPipe(regs*)
                0x00000000c00123b5                SysGetUnixTime(regs*)
                0x00000000c00123c9                string_ends_with(char const*, char const*)
                0x00000000c0012411                SysOpen(regs*)
                0x00000000c0012609                KeSystemCall(regs*, void*)
 *fill*         0x00000000c001264b        0x1 
 .text          0x00000000c001264c      0x159 net/ethernet.32
                0x00000000c001264c                KeSwitchEndian16(unsigned short)
                0x00000000c0012670                KeSwitchEndian32(unsigned int)
                0x00000000c00126a0                EthernetCRC32(unsigned char*, int)
                0x00000000c0012744                EthernetReceivedPacket(EthernetUnwrappedFrame*, unsigned short)
 .text          0x00000000c00127a5      0xd56 reg/cm.32
                0x00000000c00127a5                CmOpen(char const*)
                0x00000000c00128c3                CmClose(Reghive_Tag*)
                0x00000000c00128d9                CmReadExtent(Reghive_Tag*, int, unsigned char*)
                0x00000000c0012915                CmGetString(Reghive_Tag*, int, char*)
                0x00000000c001298c                CmEnterDirectory(Reghive_Tag*, int)
                0x00000000c00129cb                CmGetNext(Reghive_Tag*, int)
                0x00000000c00129fd                CmWriteExtent(Reghive_Tag*, int, unsigned char*)
                0x00000000c0012a39                CmFreeExtent(Reghive_Tag*, int)
                0x00000000c0012a61                CmUpdateHeader(Reghive_Tag*)
                0x00000000c0012a82                CmExpand(Reghive_Tag*, int)
                0x00000000c0012afd                CmFindUnusedExtent(Reghive_Tag*)
                0x00000000c0012b83                CmCreateExtent(Reghive_Tag*, int, int, unsigned char*)
                0x00000000c0012c77                CmSetString(Reghive_Tag*, int, char const*)
                0x00000000c0012db3                CmGetMatch(char*, char*, bool, bool*)
                0x00000000c0012e14                CmAddShift(unsigned int*, int*, unsigned char, int)
                0x00000000c0012e44                CmGetShift(unsigned int*, int*, int, bool*)
                0x00000000c0012e7b                CmGetInteger(Reghive_Tag*, int, unsigned long long*)
                0x00000000c0012ea5                CmSetInteger(Reghive_Tag*, int, unsigned long long)
                0x00000000c0012ee5                CmConvertFromInternalFilename(unsigned char const*, char*)
                0x00000000c0012f89                CmGetNameAndTypeFromExtent(Reghive_Tag*, int, char*)
                0x00000000c0012fb7                CmConvertToInternalFilename(char const*, unsigned char*)
                0x00000000c0013155                CmCreateString(Reghive_Tag*, int, char const*)
                0x00000000c00131a2                CmFindInDirectory(Reghive_Tag*, int, char const*)
                0x00000000c001321c                CmCreateInteger(Reghive_Tag*, int, char const*, unsigned long long, int)
                0x00000000c001326f                CmCreateDirectory(Reghive_Tag*, int, char const*)
                0x00000000c0013333                zStrtok(char*, char const*)
                0x00000000c00133a5                CmFindObjectFromPath(Reghive_Tag*, char const*)
                0x00000000c0013426                CmDisplayTree(Reghive_Tag*, int, int)
                0x00000000c00134c9                CmSplitFinalSlashInPlace(char*)
 .text          0x00000000c00134fb      0x52a reg/registry.32
                0x00000000c00134fb                Reg::findLineFromLoadedData(char*, char*, char*)
                0x00000000c001366c                Reg::getLineFromRegistry(char*, char*, char*, char*)
                0x00000000c00137c1                Reg::getLine(char*, char*, char*)
                0x00000000c00137f8                Reg::readInt(char*, char*, int*)
                0x00000000c00138e6                Reg::readString(char*, char*, char*, int)
                0x00000000c0013967                Reg::readBool(char*, char*, bool*)
                0x00000000c001398c                Reg::readBoolWithDefault(char*, char*, bool)
                0x00000000c00139b8                Reg::readIntWithDefault(char*, char*, int)
                0x00000000c00139e4                Reg::readStringWithDefault(char*, char*, char*, int, char*)
 .text          0x00000000c0013a25       0x36 sys/eject.32
                0x00000000c0013a25                SysEject(regs*)
 .text          0x00000000c0013a5b       0x18 sys/exit.32
                0x00000000c0013a5b                SysExit(regs*)
 .text          0x00000000c0013a73       0x1f sys/getcwd.32
                0x00000000c0013a73                SysGetCwd(regs*)
 .text          0x00000000c0013a92        0xc sys/getpid.32
                0x00000000c0013a92                SysGetPID(regs*)
 .text          0x00000000c0013a9e       0x1a sys/getramdata.32
                0x00000000c0013a9e                SysGetRAMData(regs*)
 .text          0x00000000c0013ab8       0x82 sys/getvgaptr.32
                0x00000000c0013ab8                SysGetVGAPtr(regs*)
 *fill*         0x00000000c0013b3a        0x2 
 .text          0x00000000c0013b3c       0xb9 sys/kill.32
                0x00000000c0013b3c                SysKill(regs*)
 .text          0x00000000c0013bf5       0xa8 sys/loaddll.32
                0x00000000c0013bf5                SysLoadDLL(regs*)
 .text          0x00000000c0013c9d       0x68 sys/read.32
                0x00000000c0013c9d                SysRead(regs*)
 .text          0x00000000c0013d05       0x29 sys/registersignal.32
                0x00000000c0013d05                SysRegisterSignal(regs*)
 .text          0x00000000c0013d2e      0x19c sys/registry.32
                0x00000000c0013d2e                SysRegistryGetTypeFromPath(regs*)
                0x00000000c0013da5                SysRegistryReadExtent(regs*)
                0x00000000c0013ded                SysRegistryPathToExtentLookup(regs*)
                0x00000000c0013e15                SysRegistryEnterDirectory(regs*)
                0x00000000c0013e3d                SysRegistryGetNext(regs*)
                0x00000000c0013e65                SysRegistryGetNameAndTypeFromExtent(regs*)
                0x00000000c0013e9f                SysRegistryOpen(regs*)
                0x00000000c0013eb3                SysRegistryClose(regs*)
 .text          0x00000000c0013eca       0x55 sys/sbrk.32
                0x00000000c0013eca                SysSbrk(regs*)
 .text          0x00000000c0013f1f       0x1c sys/setcwd.32
                0x00000000c0013f1f                SysSetCwd(regs*)
 .text          0x00000000c0013f3b       0x96 sys/settime.32
                0x00000000c0013f3b                SysSetTime(regs*)
 .text          0x00000000c0013fd1       0x4a sys/timezone.32
                0x00000000c0013fd1                SysTimezone(regs*)
 .text          0x00000000c001401b       0xfc sys/truncate.32
                0x00000000c001401b                SysTruncate(regs*)
 .text          0x00000000c0014117       0x68 sys/write.32
                0x00000000c0014117                SysWrite(regs*)
 .text          0x00000000c001417f       0x62 sys/wsbe.32
                0x00000000c001417f                SysWsbe(regs*)
 .text          0x00000000c00141e1       0x25 sys/yield.32
                0x00000000c00141e1                SysYield(regs*)
 .text          0x00000000c0014206     0x11e6 thr/elf.32
                0x00000000c0014206                Thr::allocateMemoryForTask(Process*, File*, unsigned long, unsigned long, unsigned long)
                0x00000000c0014494                Thr::loadProgramIntoMemory(Process*, char const*)
                0x00000000c00146a6                Thr::runtimeReferenceHelper()
                0x00000000c00146b9                Thr::getAddressOfKernelSymbol(char const*)
                0x00000000c0014708                Thr::loadKernelSymbolTable(char const*)
                0x00000000c00149c6                Thr::loadDriverIntoMemory(char const*, unsigned long, bool)
                0x00000000c00150ff                Thr::getDriverBaseFromAddress(unsigned long)
                0x00000000c0015131                Thr::getDriverNameFromAddress(unsigned long)
                0x00000000c0015168                Thr::getDriverOffsetFromAddress(unsigned long)
                0x00000000c0015182                Thr::loadDLL(char const*, bool)
                0x00000000c00153b3                Thr::executeDLL(unsigned long, void*)
 .text          0x00000000c00153ec     0x13d9 thr/prcssthr.32
                0x00000000c00153ec                userModeEntryPoint(void*)
                0x00000000c0015414                changeTSS
                0x00000000c0015444                switchToThread(ThreadControlBlock*)
                0x00000000c00154f4                Process::addArgs(char**)
                0x00000000c0015560                Process::Process(char const*, Process*, char**)
                0x00000000c0015560                Process::Process(char const*, Process*, char**)
                0x00000000c001576c                Process::Process(bool, char const*, Process*, char**)
                0x00000000c001576c                Process::Process(bool, char const*, Process*, char**)
                0x00000000c0015940                taskStartupFunction
                0x00000000c001594c                Semaphore::Semaphore(int)
                0x00000000c001594c                Semaphore::Semaphore(int)
                0x00000000c001597c                Mutex::Mutex()
                0x00000000c001597c                Mutex::Mutex()
                0x00000000c0015990                Process::createThread(void (*)(void*), void*, int)
                0x00000000c0015a9c                Process::createUserThread()
                0x00000000c0015abc                setupMultitasking(void (*)())
                0x00000000c0015be0                schedule()
                0x00000000c0015c74                Semaphore::tryAcquire()
                0x00000000c0015d48                Semaphore::assertLocked(char const*)
                0x00000000c0015dcc                blockTaskWithSchedulerLockAlreadyHeld(TaskState)
                0x00000000c0015df4                blockTask(TaskState)
                0x00000000c0015e2c                waitTask(int, int*, int)
                0x00000000c0015e70                milliTenthSleepUntil(unsigned int)
                0x00000000c0015f10                milliTenthSleep(unsigned int)
                0x00000000c0015f24                sleep(unsigned int)
                0x00000000c0015f40                Semaphore::acquire()
                0x00000000c0016008                taskReturned
                0x00000000c001604c                Thr::processFromPID(int)
                0x00000000c00160f8                unblockTask(ThreadControlBlock*)
                0x00000000c00161a4                cleanupTerminatedTask(ThreadControlBlock*)
                0x00000000c0016478                cleanerTaskFunction(void*)
                0x00000000c0016580                terminateTask(int)
                0x00000000c001666c                Thr::terminateFromIRQ(int)
                0x00000000c001667c                Semaphore::release()
 .text          0x00000000c00167c5      0xc27 vm86/vm8086.32
                0x00000000c00167c5                Vm::inbv(unsigned short)
                0x00000000c00167d8                Vm::outbv(unsigned short, unsigned char)
                0x00000000c001680e                Vm::realToLinear(unsigned short, unsigned short)
                0x00000000c001681e                Vm::getSegment(unsigned int)
                0x00000000c0016826                Vm::getOffset(unsigned int)
                0x00000000c001682b                Vm::mainloop2()
                0x00000000c0016865                Vm::mainVm8086Loop(void*)
                0x00000000c0016875                Vm::mainloop3(unsigned long)
                0x00000000c001689b                Vm::initialise8086()
                0x00000000c00168de                Vm::finish8086()
                0x00000000c001693f                Vm::getOutput8086(unsigned char*)
                0x00000000c0016964                Vm::start8086FromBuffer(unsigned char*, int, unsigned short, unsigned short, unsigned short, unsigned short)
                0x00000000c0016a1d                Vm::start8086(char const*, unsigned short, unsigned short, unsigned short, unsigned short)
                0x00000000c0016bbb                Vm::doISR(regs*, int, unsigned char*, unsigned short, unsigned short)
                0x00000000c0016c54                Vm::readByteFromReal(unsigned short, unsigned short)
                0x00000000c0016c65                Vm::readWordFromReal(unsigned short, unsigned short)
                0x00000000c0016c77                Vm::readDwordFromReal(unsigned short, unsigned short)
                0x00000000c0016c88                Vm::writeByteFromReal(unsigned short, unsigned short, unsigned char)
                0x00000000c0016c9d                Vm::writeWordFromReal(unsigned short, unsigned short, unsigned short)
                0x00000000c0016cb3                Vm::writeDwordFromReal(unsigned short, unsigned short, unsigned int)
                0x00000000c0016cc8                Vm::faultHandler(regs*)
 .text          0x00000000c00173ec      0xaf0 arch/i386/hal.32
                0x00000000c00173ec                noCopro(unsigned long)
                0x00000000c00173ed                nmiHandler(regs*, void*)
                0x00000000c0017406                doubleFault(regs*, void*)
                0x00000000c001741f                displayDebugInfo(regs*)
                0x00000000c00177a4                HalSystemIdle()
                0x00000000c0017820                displayProgramFault(char const*)
                0x00000000c001786c                gpFault(regs*, void*)
                0x00000000c00178d3                pgFault(regs*, void*)
                0x00000000c001795c                otherISRHandler(regs*, void*)
                0x00000000c0017990                opcodeFault(regs*, void*)
                0x00000000c0017a13                i386SaveCoprocessor(void*)
                0x00000000c0017a27                i386LoadCoprocessor(void*)
                0x00000000c0017a3b                x87EmulHandler(regs*, void*)
                0x00000000c0017ad8                HalInitialiseCoprocessor()
                0x00000000c0017b86                HalPanic(char const*)
                0x00000000c0017c9a                HalQueryPerformanceCounter()
                0x00000000c0017cb5                HalInitialise()
                0x00000000c0017e6b                HalMakeBeep(int)
                0x00000000c0017ea5                HalGetRand()
                0x00000000c0017ea8                HalEndOfInterrupt(int)
                0x00000000c0017ed9                HalRestart()
                0x00000000c0017eda                HalShutdown()
                0x00000000c0017edb                HalSleep()
 .text          0x00000000c0017edc      0x2dc arch/i386/pic.32
                0x00000000c0017edc                picIoWait()
                0x00000000c0017ee4                picDisable()
                0x00000000c0017f18                picGetIRQReg(int)
                0x00000000c0017f94                picOpen()
                0x00000000c0018118                picEOI(int)
 .text          0x00000000c00181b8      0x674 arch/i386/rtc.32
                0x00000000c00181b8                RTC::open(int, int, void*)
                0x00000000c00181bc                RTC::close(int, int, void*)
                0x00000000c00181c0                RTC::timeInSecondsUTC()
                0x00000000c00181d2                RTC::timeInDatetimeUTC()
                0x00000000c00181f8                RTC::setTimeInSecondsUTC(unsigned long long)
                0x00000000c0018236                RTC::~RTC()
                0x00000000c0018236                RTC::~RTC()
                0x00000000c001825a                RTC::~RTC()
                0x00000000c0018284                RTC::get_update_in_progress_flag()
                0x00000000c001829e                RTC::completeRTCRefresh()
                0x00000000c001857e                RTC::setTimeInDatetimeUTC(datetime_t)
                0x00000000c001872c                rtcIRQHandler(regs*, void*)
                0x00000000c0018772                RTC::RTC()
                0x00000000c0018772                RTC::RTC()
 .text          0x00000000c001882c      0x1f4 arch/i386/vga.32
                0x00000000c001882c                HalConsoleScroll(int, int)
                0x00000000c0018934                HalConsoleWriteCharacter(char, int, int, int, int)
                0x00000000c0018998                HalConsoleCursorUpdate(int, int)
 .text          0x00000000c0018a20     0x14cf fs/fat/vfslink.32
                0x00000000c0018a20                FAT::getName()
                0x00000000c0018a28                FAT::tell(void*, unsigned long long*)
                0x00000000c0018a64                FAT::stat(void*, unsigned long long*)
                0x00000000c0018aa0                FAT::~FAT()
                0x00000000c0018aa0                FAT::~FAT()
                0x00000000c0018ac4                FAT::~FAT()
                0x00000000c0018aec                FAT::getlabel(LogicalDisk*, int, char*, unsigned int*)
                0x00000000c0018b90                FAT::setlabel(LogicalDisk*, int, char*)
                0x00000000c0018c54                FAT::format(LogicalDisk*, int, char const*, int)
                0x00000000c0018e38                FAT::tryMount(LogicalDisk*, int)
                0x00000000c0019054                FAT::allocateSwapfile(char const*, int)
                0x00000000c0019214                FAT::readDir(void*, unsigned long, void*, int*)
                0x00000000c0019384                FAT::read(void*, unsigned long, void*, int*)
                0x00000000c00193e4                FAT::write(void*, unsigned long, void*, int*)
                0x00000000c0019444                FAT::close(void*)
                0x00000000c0019498                FAT::closeDir(void*)
                0x00000000c00194ec                FAT::truncate(void*, unsigned long long)
                0x00000000c0019558                FAT::seek(void*, unsigned long long)
                0x00000000c00195b0                fatWrapperReadDisk
                0x00000000c00195f0                fatWrapperWriteDisk
                0x00000000c0019630                fatWrapperIoctl
                0x00000000c001974c                FAT::FAT()
                0x00000000c001974c                FAT::FAT()
                0x00000000c00197a4                FAT::fixFilepath(char*)
                0x00000000c00197e4                FAT::open(char const*, void**, FileOpenMode)
                0x00000000c0019958                FAT::openDir(char const*, void**)
                0x00000000c0019a08                FAT::stat(char const*, unsigned long long*, bool*)
                0x00000000c0019b00                FAT::unlink(char const*)
                0x00000000c0019b80                FAT::chfatattr(char const*, unsigned char, unsigned char)
                0x00000000c0019d34                FAT::rename(char const*, char const*)
                0x00000000c0019e00                FAT::mkdir(char const*)
                0x00000000c0019e80                FAT::exists(char const*)
 *fill*         0x00000000c0019eef        0x1 
 .text          0x00000000c0019ef0       0x94 fs/iso9660/helper.32
                0x00000000c0019ef0                isoReadDiscSectorHelper
                0x00000000c0019f4c                iso_kprintf
                0x00000000c0019f68                iso_kprintfd
 .text          0x00000000c0019f84      0x71c fs/iso9660/vfslink.32
                0x00000000c0019f84                ISO9660::format(LogicalDisk*, int, char const*, int)
                0x00000000c0019f8a                ISO9660::truncate(void*, unsigned long long)
                0x00000000c0019f90                ISO9660::getName()
                0x00000000c0019f96                ISO9660::closeDir(void*)
                0x00000000c0019fa0                ISO9660::chfatattr(char const*, unsigned char, unsigned char)
                0x00000000c0019fa6                ISO9660::unlink(char const*)
                0x00000000c0019fac                ISO9660::write(void*, unsigned long, void*, int*)
                0x00000000c0019fb2                ISO9660::rename(char const*, char const*)
                0x00000000c0019fb8                ISO9660::mkdir(char const*)
                0x00000000c0019fbe                ISO9660::~ISO9660()
                0x00000000c0019fbe                ISO9660::~ISO9660()
                0x00000000c0019fe2                ISO9660::~ISO9660()
                0x00000000c001a00a                ISO9660::exists(char const*)
                0x00000000c001a01e                ISO9660::open(char const*, void**, FileOpenMode)
                0x00000000c001a104                ISO9660::read(void*, unsigned long, void*, int*)
                0x00000000c001a14c                ISO9660::seek(void*, unsigned long long)
                0x00000000c001a18e                ISO9660::tell(void*, unsigned long long*)
                0x00000000c001a1cc                ISO9660::stat(void*, unsigned long long*)
                0x00000000c001a21e                ISO9660::stat(char const*, unsigned long long*, bool*)
                0x00000000c001a360                ISO9660::close(void*)
                0x00000000c001a390                ISO9660::openDir(char const*, void**)
                0x00000000c001a46a                ISO9660::readDir(void*, unsigned long, void*, int*)
                0x00000000c001a587                readSectorFromCDROM(unsigned int, unsigned char*, char)
                0x00000000c001a606                ISO9660::tryMount(LogicalDisk*, int)
                0x00000000c001a678                ISO9660::ISO9660()
                0x00000000c001a678                ISO9660::ISO9660()
 .text          0x00000000c001a6a0      0x26c hal/sound/sndcard.32
                0x00000000c001a6a0                SoundCard::beginPlayback()
                0x00000000c001a6ae                SoundCard::stopPlayback()
                0x00000000c001a6bc                SoundCard::SoundCard(char const*)
                0x00000000c001a6bc                SoundCard::SoundCard(char const*)
                0x00000000c001a75a                SoundCard::~SoundCard()
                0x00000000c001a75a                SoundCard::~SoundCard()
                0x00000000c001a77e                SoundCard::~SoundCard()
                0x00000000c001a7a8                SoundCard::configureRates(int, int, int)
                0x00000000c001a7d8                SoundCard::getSamples16(int, short*)
                0x00000000c001a834                SoundCard::getSamples32(int, int*)
                0x00000000c001a8ba                SoundCard::addChannel(SoundPort*)
                0x00000000c001a8f8                SoundCard::removeChannel(int)
 .text          0x00000000c001a90c      0x38a hal/sound/sndport.32
                0x00000000c001a90c                SoundPort::SoundPort(int, int, int, int)
                0x00000000c001a90c                SoundPort::SoundPort(int, int, int, int)
                0x00000000c001a998                SoundPort::~SoundPort()
                0x00000000c001a998                SoundPort::~SoundPort()
                0x00000000c001a9cc                SoundPort::unpause()
                0x00000000c001a9d8                SoundPort::pause()
                0x00000000c001a9e4                SoundPort::getBufferUsed()
                0x00000000c001a9ec                SoundPort::getBufferSize()
                0x00000000c001a9f4                SoundPort::buffer16(short*, int)
                0x00000000c001aa80                SoundPort::buffer32(int*, int)
                0x00000000c001ab0c                SoundPort::unbufferAndAdd16(int, short*, SoundCard*)
                0x00000000c001abd8                SoundPort::unbufferAndAdd32(int, int*, SoundCard*)
 .text          0x00000000c001ac96        0x0 hw/bus/isa.32
 .text          0x00000000c001ac96      0xbb7 hw/bus/pci.32
                0x00000000c001ac96                PCI::open(int, int, void*)
                0x00000000c001acb4                PCI::close(int, int, void*)
                0x00000000c001acb8                PCI::PCI()
                0x00000000c001acb8                PCI::PCI()
                0x00000000c001ad50                PCI::readBAR8(unsigned int, int)
                0x00000000c001ad6c                PCI::readBAR16(unsigned int, int)
                0x00000000c001ad8a                PCI::readBAR32(unsigned int, int)
                0x00000000c001ada6                PCI::writeBAR8(unsigned int, unsigned char, int)
                0x00000000c001adc6                PCI::writeBAR16(unsigned int, unsigned short, int)
                0x00000000c001ade8                PCI::writeBAR32(unsigned int, unsigned int, int)
                0x00000000c001ae08                PCI::legacyMechanism(unsigned char, unsigned char, unsigned char, unsigned char)
                0x00000000c001ae7e                PCI::pciReadWord(unsigned char, unsigned char, unsigned char, unsigned char)
                0x00000000c001af28                PCI::getVendorID(unsigned char, unsigned char, unsigned char)
                0x00000000c001af4c                PCI::getHeaderType(unsigned char, unsigned char, unsigned char)
                0x00000000c001af74                PCI::getClassCode(unsigned char, unsigned char, unsigned char)
                0x00000000c001afbe                PCI::getProgIF(unsigned char, unsigned char, unsigned char)
                0x00000000c001afe6                PCI::getRevisionID(unsigned char, unsigned char, unsigned char)
                0x00000000c001b00a                PCI::getInterruptNumber(unsigned char, unsigned char, unsigned char)
                0x00000000c001b02e                PCI::getSecondaryBus(unsigned char, unsigned char, unsigned char)
                0x00000000c001b056                PCI::getBARAddress(unsigned char, unsigned char, unsigned char, unsigned char)
                0x00000000c001b0ba                PCI::pciWriteWord(unsigned char, unsigned char, unsigned char, unsigned char, unsigned short)
                0x00000000c001b1a2                PCI::pciDetailsToFilepath(PCIDeviceInfo, char*)
                0x00000000c001b468                PCI::checkBus(unsigned char)
                0x00000000c001b48c                PCI::foundDevice(PCIDeviceInfo)
                0x00000000c001b606                PCI::getDeviceData(unsigned char, unsigned char, unsigned char)
                0x00000000c001b782                PCI::checkDevice(unsigned char, unsigned char)
                0x00000000c001b7f4                PCI::detect()
 *fill*         0x00000000c001b84d        0x1 
 .text          0x00000000c001b84e      0xb9a hw/diskctrl/ide.32
                0x00000000c001b84e                IDE::close(int, int, void*)
                0x00000000c001b852                IDE::IDE()
                0x00000000c001b852                IDE::IDE()
                0x00000000c001b886                IDE::prepareInterrupt(unsigned char)
                0x00000000c001b898                selectDrive(unsigned char, unsigned char)
                0x00000000c001b89a                IDE::getBase(unsigned char)
                0x00000000c001b8ac                IDE::write(unsigned char, unsigned char, unsigned char)
                0x00000000c001b96c                IDE::read(unsigned char, unsigned char)
                0x00000000c001ba1a                IDE::waitInterrupt(unsigned char)
                0x00000000c001ba7c                ideChannel0IRQHandler(regs*, void*)
                0x00000000c001ba98                ideChannel1IRQHandler(regs*, void*)
                0x00000000c001bab4                IDE::enableIRQs(unsigned char, bool)
                0x00000000c001bafe                IDE::open(int, int, void*)
                0x00000000c001bf3c                IDE::readBuffer(unsigned char, unsigned char, unsigned int, unsigned int)
                0x00000000c001c00c                IDE::detect()
                0x00000000c001c2da                IDE::printError(unsigned char, unsigned char, unsigned char)
                0x00000000c001c394                IDE::polling(unsigned char, unsigned int)
 .text          0x00000000c001c3e8      0x32a hw/diskctrl/satabus.32
                0x00000000c001c3e8                SATABus::close(int, int, void*)
                0x00000000c001c3ec                SATABus::detect()
                0x00000000c001c3ee                SATABus::SATABus()
                0x00000000c001c3ee                SATABus::SATABus()
                0x00000000c001c474                SATABus::findCmdslot(SATABus::tagHBA_PORT volatile*)
                0x00000000c001c4a6                SATABus::checkType(SATABus::tagHBA_PORT volatile*)
                0x00000000c001c4ee                SATABus::startCmd(SATABus::tagHBA_PORT volatile*)
                0x00000000c001c50e                SATABus::stopCmd(SATABus::tagHBA_PORT volatile*)
                0x00000000c001c538                SATABus::portRebase(SATABus::tagHBA_PORT volatile*, int)
                0x00000000c001c648                SATABus::probePort(SATABus::tagHBA_MEM volatile*)
                0x00000000c001c6f2                SATABus::open(int, int, void*)
 .text          0x00000000c001c712      0x93f hw/diskphys/ata.32
                0x00000000c001c712                ATA::close(int, int, void*)
                0x00000000c001c736                ATA::powerSaving(PowerSavingLevel)
                0x00000000c001c738                ATA::ATA()
                0x00000000c001c738                ATA::ATA()
                0x00000000c001c766                ATA::flush(bool)
                0x00000000c001c7b4                ATA::readyForCommand()
                0x00000000c001c800                ATA::access(unsigned long long, int, void*, bool)
                0x00000000c001cb96                ATA::detectCHS()
                0x00000000c001cbc0                ATA::open(int, int, void*)
                0x00000000c001cc8c                combineCharAndColour(char, unsigned char)
                0x00000000c001cc9d                combineColours(unsigned char, unsigned char)
                0x00000000c001ccaa                ATA::read(unsigned long long, int, void*)
                0x00000000c001ce80                ATA::write(unsigned long long, int, void*)
 *fill*         0x00000000c001d051        0x1 
 .text          0x00000000c001d052      0x618 hw/diskphys/atapi.32
                0x00000000c001d052                ATAPI::write(unsigned long long, int, void*)
                0x00000000c001d058                ATAPI::close(int, int, void*)
                0x00000000c001d07c                ATAPI::ATAPI()
                0x00000000c001d07c                ATAPI::ATAPI()
                0x00000000c001d0aa                ATAPI::readyForCommand()
                0x00000000c001d0fc                ATAPI::sendPacket(unsigned char*, int, bool, unsigned short*, int)
                0x00000000c001d3c4                ATAPI::diskRemoved()
                0x00000000c001d3fe                ATAPI::eject()
                0x00000000c001d446                ATAPI::diskInserted()
                0x00000000c001d452                ATAPI::detectMedia()
                0x00000000c001d510                ATAPI::open(int, int, void*)
                0x00000000c001d5f0                ATAPI::read(unsigned long long, int, void*)
 .text          0x00000000c001d66a      0x807 hw/diskphys/sata.32
                0x00000000c001d66a                SATA::close(int, int, void*)
                0x00000000c001d68e                SATA::powerSaving(PowerSavingLevel)
                0x00000000c001d690                SATA::open(int, int, void*)
                0x00000000c001d73a                SATA::SATA()
                0x00000000c001d73a                SATA::SATA()
                0x00000000c001d768                SATA::access(unsigned long long, int, void*, bool)
                0x00000000c001d9bc                SATA::read(unsigned long long, int, void*)
                0x00000000c001dc0c                SATA::write(unsigned long long, int, void*)
 *fill*         0x00000000c001de71        0x1 
 .text          0x00000000c001de72      0x5d0 hw/diskphys/satapi.32
                0x00000000c001de72                SATAPI::write(unsigned long long, int, void*)
                0x00000000c001de78                SATAPI::close(int, int, void*)
                0x00000000c001de9c                SATAPI::SATAPI()
                0x00000000c001de9c                SATAPI::SATAPI()
                0x00000000c001deca                SATAPI::diskRemoved()
                0x00000000c001decc                SATAPI::diskInserted()
                0x00000000c001dee8                SATAPI::sendPacket(unsigned char*, int, unsigned long long, unsigned short*, int)
                0x00000000c001e1c6                SATAPI::eject()
                0x00000000c001e202                SATAPI::detectMedia()
                0x00000000c001e258                SATAPI::open(int, int, void*)
                0x00000000c001e358                SATAPI::read(unsigned long long, int, void*)
 .text          0x00000000c001e442      0x45b hw/intctrl/apic.32
                0x00000000c001e442                IOAPIC::close(int, int, void*)
                0x00000000c001e448                apicGetBase()
                0x00000000c001e48e                IOAPIC::IOAPIC()
                0x00000000c001e48e                IOAPIC::IOAPIC()
                0x00000000c001e4b6                apicOpen()
                0x00000000c001e632                IOAPIC::handlesGSIWithNumber(unsigned int)
                0x00000000c001e664                IOAPIC::read(int)
                0x00000000c001e68c                IOAPIC::open(int, int, void*)
                0x00000000c001e772                IOAPIC::write(int, int)
                0x00000000c001e79e                IOAPIC::redirect(unsigned char, unsigned long long, unsigned char, bool, bool)
 *fill*         0x00000000c001e89d        0x3 
 .text          0x00000000c001e8a0       0xf0 hw/timer/apictimer.32
                0x00000000c001e8a0                APICTimer::close(int, int, void*)
                0x00000000c001e8a8                apicTimerHandler(regs*, void*)
                0x00000000c001e8d0                APICTimer::open(int, int, void*)
                0x00000000c001e940                APICTimer::write(int)
                0x00000000c001e968                APICTimer::APICTimer()
                0x00000000c001e968                APICTimer::APICTimer()
 .text          0x00000000c001e990      0x1ad hw/timer/pit.32
                0x00000000c001e990                PIT::write(int)
                0x00000000c001ea14                pitHandler(regs*, void*)
                0x00000000c001ea3c                PIT::open(int, int, void*)
                0x00000000c001ea8c                PIT::close(int, int, void*)
                0x00000000c001eabc                PIT::PIT()
                0x00000000c001eabc                PIT::PIT()
 *fill*         0x00000000c001eb3d        0x3 
 .text          0x00000000c001eb40       0x83 arch/i386/avx.32
                0x00000000c001eb40                avxDetect
                0x00000000c001eb6a                avxSave
                0x00000000c001eb7b                avxLoad
                0x00000000c001eb8c                avxInit
                0x00000000c001ebae                avxClose
                0x00000000c001ebaf                wouldSheSayYes
 *fill*         0x00000000c001ebc3        0xd 
 .text          0x00000000c001ebd0      0x2ec arch/i386/interrupt.32
                0x00000000c001ebd0                isr0
                0x00000000c001ebe0                isr1
                0x00000000c001ebea                isr2
                0x00000000c001ebf4                isr3
                0x00000000c001ebfe                isr4
                0x00000000c001ec08                isr5
                0x00000000c001ec12                isr6
                0x00000000c001ec1c                isr7
                0x00000000c001ec26                isr8
                0x00000000c001ec2e                isr9
                0x00000000c001ec38                isr10
                0x00000000c001ec40                isr11
                0x00000000c001ec48                isr12
                0x00000000c001ec50                isr13
                0x00000000c001ec6a                isr14
                0x00000000c001ec72                isr15
                0x00000000c001ec7c                isr16
                0x00000000c001ec86                isr17
                0x00000000c001ec90                isr18
                0x00000000c001ec9a                irq3
                0x00000000c001eca4                irq4
                0x00000000c001ecae                irq5
                0x00000000c001ecb8                irq6
                0x00000000c001ecc2                irq7
                0x00000000c001eccc                irq8
                0x00000000c001ecd6                irq9
                0x00000000c001ece0                irq10
                0x00000000c001ecea                irq11
                0x00000000c001ecf4                irq12
                0x00000000c001ecfe                irq13
                0x00000000c001ed08                irq14
                0x00000000c001ed12                irq15
                0x00000000c001ed1c                irq1
                0x00000000c001ed23                irq2
                0x00000000c001ed2a                isr96
                0x00000000c001ed31                irq0
                0x00000000c001ed36                int_common_stub
                0x00000000c001ed68                syscall_common_stub
                0x00000000c001ee6c                irq16
                0x00000000c001ee76                irq17
                0x00000000c001ee80                irq18