Archive member included to satisfy reference by file (symbol)

/cygdrive/d/Users/Alex/Desktop/Toolchain/Output/bin/../lib/gcc/i386-banana/8.1.0/libkgcc.a(_divdi3.o)
                              fs/fat/ff.32 (__divdi3)
/cygdrive/d/Users/Alex/Desktop/Toolchain/Output/bin/../lib/gcc/i386-banana/8.1.0/libkgcc.a(_moddi3.o)
                              compat/resolve.32 (__moddi3)
/cygdrive/d/Users/Alex/Desktop/Toolchain/Output/bin/../lib/gcc/i386-banana/8.1.0/libkgcc.a(_udivdi3.o)
                              fs/fat/ff.32 (__udivdi3)
/cygdrive/d/Users/Alex/Desktop/Toolchain/Output/bin/../lib/gcc/i386-banana/8.1.0/libkgcc.a(_umoddi3.o)
                              compat/resolve.32 (__umoddi3)

Discarded input sections

 .comment       0x0000000000000000       0x12 /cygdrive/d/Users/Alex/Desktop/Toolchain/Output/bin/../lib/gcc/i386-banana/8.1.0/crtbegin.o
 .comment       0x0000000000000000       0x12 acpica/utclib.32
 .comment       0x0000000000000000       0x12 core/malloc.32
 .comment       0x0000000000000000       0x12 libk/string.32
 .comment       0x0000000000000000       0x12 fs/fat/diskio.32
 .comment       0x0000000000000000       0x12 fs/fat/ff.32
 .comment       0x0000000000000000       0x12 fs/fat/ffsystem.32
 .comment       0x0000000000000000       0x12 fs/fat/ffunicode.32
 .comment       0x0000000000000000       0x12 compat/inlines.32
 .comment       0x0000000000000000       0x12 compat/resolve.32
 .group         0x0000000000000000       0x14 core/computer.32
 .group         0x0000000000000000        0xc core/computer.32
 .comment       0x0000000000000000       0x12 core/computer.32
 .comment       0x0000000000000000       0x12 core/gdt.32
 .group         0x0000000000000000        0xc core/idle.32
 .comment       0x0000000000000000       0x12 core/idle.32
 .comment       0x0000000000000000       0x12 core/idt.32
 .comment       0x0000000000000000       0x12 core/kheap.32
 .comment       0x0000000000000000       0x12 core/main.32
 .comment       0x0000000000000000       0x12 core/physmgr.32
 .group         0x0000000000000000        0xc core/pipe.32
 .comment       0x0000000000000000       0x12 core/pipe.32
 .group         0x0000000000000000        0xc core/terminal.32
 .comment       0x0000000000000000       0x12 core/terminal.32
 .comment       0x0000000000000000       0x12 core/tss.32
 .group         0x0000000000000000        0x8 core/unixfile.32
 .group         0x0000000000000000        0x8 core/unixfile.32
 .group         0x0000000000000000        0xc core/unixfile.32
 .group         0x0000000000000000        0x8 core/unixfile.32
 .group         0x0000000000000000        0xc core/unixfile.32
 .group         0x0000000000000000        0x8 core/unixfile.32
 .group         0x0000000000000000        0xc core/unixfile.32
 .group         0x0000000000000000        0xc core/unixfile.32
 .comment       0x0000000000000000       0x12 core/unixfile.32
 .comment       0x0000000000000000       0x12 core/virtmgr.32
 .comment       0x0000000000000000       0x12 coreobjs/c++.32
 .comment       0x0000000000000000       0x12 dbg/kconsole.32
 .group         0x0000000000000000        0xc fs/vfs.32
 .group         0x0000000000000000        0xc fs/vfs.32
 .group         0x0000000000000000        0xc fs/vfs.32
 .comment       0x0000000000000000       0x12 fs/vfs.32
 .group         0x0000000000000000        0xc hal/bus.32
 .comment       0x0000000000000000       0x12 hal/bus.32
 .comment       0x0000000000000000       0x12 hal/buzzer.32
 .group         0x0000000000000000        0xc hal/clock.32
 .comment       0x0000000000000000       0x12 hal/clock.32
 .group         0x0000000000000000       0x14 hal/device.32
 .group         0x0000000000000000        0xc hal/device.32
 .group         0x0000000000000000        0x8 hal/device.32
 .group         0x0000000000000000        0xc hal/device.32
 .group         0x0000000000000000        0xc hal/device.32
 .comment       0x0000000000000000       0x12 hal/device.32
 .group         0x0000000000000000        0xc hal/diskctrl.32
 .comment       0x0000000000000000       0x12 hal/diskctrl.32
 .group         0x0000000000000000        0xc hal/diskphys.32
 .comment       0x0000000000000000       0x12 hal/diskphys.32
 .comment       0x0000000000000000       0x12 hal/fpu.32
 .comment       0x0000000000000000       0x12 hal/intctrl.32
 .group         0x0000000000000000        0xc hal/keybrd.32
 .comment       0x0000000000000000       0x12 hal/keybrd.32
 .group         0x0000000000000000        0xc hal/logidisk.32
 .comment       0x0000000000000000       0x12 hal/logidisk.32
 .group         0x0000000000000000        0xc hal/mouse.32
 .comment       0x0000000000000000       0x12 hal/mouse.32
 .comment       0x0000000000000000       0x12 hal/partition.32
 .group         0x0000000000000000        0xc hal/serial.32
 .comment       0x0000000000000000       0x12 hal/serial.32
 .group         0x0000000000000000        0x8 hal/timer.32
 .group         0x0000000000000000        0x8 hal/timer.32
[...]
Memory Configuration

Name             Origin             Length             Attributes
*default*        0x0000000000000000 0xffffffffffffffff

Linker script and memory map

LOAD D:/Users/Alex/Desktop/Banana/kernel/boot.32
LOAD crti.32
LOAD /cygdrive/d/Users/Alex/Desktop/Toolchain/Output/bin/../lib/gcc/i386-banana/8.1.0/crtbegin.o
LOAD D:/Users/Alex/Desktop/Banana/kernel/morenasm.32
LOAD acpica/utclib.32
LOAD core/malloc.32
LOAD libk/string.32
LOAD fs/fat/diskio.32
LOAD fs/fat/ff.32
LOAD fs/fat/ffsystem.32
LOAD fs/fat/ffunicode.32
LOAD compat/inlines.32
LOAD compat/resolve.32
LOAD core/computer.32
LOAD core/gdt.32
LOAD core/idle.32
LOAD core/idt.32
LOAD core/kheap.32
LOAD core/main.32
LOAD core/physmgr.32
LOAD core/pipe.32
LOAD core/terminal.32
LOAD core/tss.32
LOAD core/unixfile.32
LOAD core/virtmgr.32
LOAD coreobjs/c++.32
LOAD dbg/kconsole.32
LOAD fs/vfs.32
LOAD hal/bus.32
LOAD hal/buzzer.32
LOAD hal/clock.32
LOAD hal/device.32
LOAD hal/diskctrl.32
LOAD hal/diskphys.32
LOAD hal/fpu.32
LOAD hal/intctrl.32
LOAD hal/keybrd.32
LOAD hal/logidisk.32
LOAD hal/mouse.32
LOAD hal/partition.32
LOAD hal/serial.32
LOAD hal/timer.32
LOAD hal/vcache.32
LOAD hal/video.32
LOAD hw/acpi.32
LOAD hw/cpu.32
LOAD hw/smp.32
LOAD krnl/env.32
LOAD krnl/panic.32
LOAD krnl/powctrl.32
LOAD reg/registry.32
LOAD sys/sc_eject.32
LOAD sys/sc_exit.32
LOAD sys/sc_getcwd.32
LOAD sys/sc_getpid.32
LOAD sys/sc_getramdata.32
LOAD sys/sc_getvgaptr.32
LOAD sys/sc_loaddll.32
LOAD sys/sc_read.32
LOAD sys/sc_sbrk.32
LOAD sys/sc_setcwd.32
LOAD sys/sc_settime.32
LOAD sys/sc_timezone.32
LOAD sys/sc_write.32
LOAD sys/sc_wsbe.32
LOAD sys/sc_yield.32
LOAD sys/syscalls.32
LOAD thr/elf.32
LOAD thr/prcssthr.32
LOAD vm86/vm8086.32
LOAD vm86/x87em.32
LOAD arch/i386/hal.32
LOAD arch/i386/pic.32
LOAD fs/fat/vfslink.32
LOAD fs/iso9660/vfslink.32
LOAD hal/sound/sndcard.32
LOAD hal/sound/sndport.32
LOAD hw/bus/isa.32
LOAD hw/bus/pci.32
LOAD hw/diskctrl/ide.32
LOAD hw/diskctrl/satabus.32
LOAD hw/diskphys/ata.32
LOAD hw/diskphys/atapi.32
LOAD hw/diskphys/sata.32
LOAD hw/diskphys/satapi.32
LOAD hw/intctrl/apic.32
LOAD hw/timer/apictimer.32
LOAD hw/timer/pit.32
LOAD arch/i386/avx.32
LOAD arch/i386/rdrand.32
LOAD arch/i386/sse.32
LOAD arch/i386/x87.32
LOAD /cygdrive/d/Users/Alex/Desktop/Toolchain/Output/bin/../lib/gcc/i386-banana/8.1.0/crtend.o
LOAD crtn.32
LOAD /cygdrive/d/Users/Alex/Desktop/Toolchain/Output/bin/../lib/gcc/i386-banana/8.1.0/libkgcc.a
LOAD D:/Users/Alex/Desktop/Banana/kernel/libsoftfp.a
LOAD D:/Users/Alex/Desktop/Banana/kernel/libk/libm32.a
                0x00000000c0000000                . = 0xc0000000

.text           0x00000000c0000000    0x2120a
 *(.text)
 .text          0x00000000c0000000       0x41 D:/Users/Alex/Desktop/Banana/kernel/boot.32
                0x00000000c0000020                callGlobalConstructors
 .text          0x00000000c0000041        0x0 crti.32
 *fill*         0x00000000c0000041        0x3 
 .text          0x00000000c0000044      0x101 /cygdrive/d/Users/Alex/Desktop/Toolchain/Output/bin/../lib/gcc/i386-banana/8.1.0/crtbegin.o
 *fill*         0x00000000c0000145        0xb 
 .text          0x00000000c0000150      0x428 D:/Users/Alex/Desktop/Banana/kernel/morenasm.32
                0x00000000c0000150                manualPCIProbe
                0x00000000c000019b                prepareTramp
                0x00000000c00001b4                doTPAUSE
                0x00000000c00001be                hasLegacyFPU
                0x00000000c00001e3                is486
                0x00000000c0000219                detectCPUID
                0x00000000c000022f                goToVM86
                0x00000000c000025f                goToUsermode
                0x00000000c0000289                switchToThreadASMFirstTime
                0x00000000c0000297                switchToThreadASM
                0x00000000c000031f                asmQuickAcquireLock
                0x00000000c000033d                asmQuickReleaseLock
                0x00000000c0000349                asmAcquireLock
                0x00000000c000036a                asmReleaseLock
                0x00000000c000037d                loadGDT
                0x00000000c000039d                isr0
                0x00000000c00003ad                isr1
                0x00000000c00003b7                isr2
                0x00000000c00003c1                isr3
                0x00000000c00003cb                isr4
                0x00000000c00003d5                isr5
                0x00000000c00003df                isr6
                0x00000000c00003e9                isr7
                0x00000000c00003f3                isr8
                0x00000000c00003fb                isr9
                0x00000000c0000405                isr10
                0x00000000c000040d                isr11
                0x00000000c0000415                isr12
                0x00000000c000041d                isr13
                0x00000000c0000425                isr14
                0x00000000c000042d                isr15
                0x00000000c0000437                isr16
                0x00000000c0000441                isr17
                0x00000000c000044b                isr18
                0x00000000c0000455                irq3
                0x00000000c000045f                irq4
                0x00000000c0000469                irq5
                0x00000000c0000473                irq6
                0x00000000c000047d                irq7
                0x00000000c0000487                irq8
                0x00000000c0000491                irq9
                0x00000000c000049b                irq10
                0x00000000c00004a5                irq11
                0x00000000c00004af                irq12
                0x00000000c00004b9                irq13
                0x00000000c00004c3                irq14
                0x00000000c00004cd                irq15
                0x00000000c00004d7                irq1
                0x00000000c00004de                irq2
                0x00000000c00004e5                isr96
                0x00000000c00004ec                irq0
                0x00000000c00004f1                int_common_stub
                0x00000000c00004f1                syscall_common_stub
                0x00000000c0000523                irq16
                0x00000000c000052d                irq17
                0x00000000c0000537                irq18
                0x00000000c0000541                irq19
                0x00000000c000054b                irq20
                0x00000000c0000555                irq21
                0x00000000c000055f                irq22
                0x00000000c0000569                irq23
                0x00000000c0000573                memcpy
 .text          0x00000000c0000578      0x5dd acpica/utclib.32
                0x00000000c0000578                memcmp
                0x00000000c00005b4                memmove
                0x00000000c000067c                memset
                0x00000000c0000698                strlen
                0x00000000c00006b0                strpbrk
                0x00000000c00006ec                strtok
                0x00000000c0000738                strcpy
                0x00000000c000075c                strncpy
                0x00000000c00007c4                strcmp
                0x00000000c0000804                strchr
                0x00000000c0000828                strncmp
                0x00000000c0000878                strcat
                0x00000000c00008a8                strncat
                0x00000000c00008e4                strstr
                0x00000000c000092c                toupper
                0x00000000c0000940                tolower
                0x00000000c0000954                simple_strtoul
 .text          0x00000000c0000b55      0xfad core/malloc.32
                0x00000000c0000cc0                dlfree
                0x00000000c000101b                dlmalloc
                0x00000000c0001558                dlrealloc
                0x00000000c00016fb                dlmemalign
                0x00000000c000181e                dlcalloc
                0x00000000c00018b8                dlcfree
                0x00000000c00018bd                dlindependent_calloc
                0x00000000c00018e2                dlindependent_comalloc
                0x00000000c00018f9                dlvalloc
                0x00000000c0001924                dlpvalloc
                0x00000000c000195a                dlmalloc_trim
                0x00000000c0001967                dlmalloc_usable_size
                0x00000000c0001998                dlmallinfo
                0x00000000c0001a67                dlmalloc_stats
                0x00000000c0001a78                dlmallopt
 .text          0x00000000c0001b02        0x0 libk/string.32
 .text          0x00000000c0001b02       0x51 fs/fat/diskio.32
                0x00000000c0001b02                disk_status
                0x00000000c0001b05                disk_initialize
                0x00000000c0001b08                disk_read
                0x00000000c0001b1e                disk_write
                0x00000000c0001b34                disk_ioctl
 .text          0x00000000c0001b53     0x6a69 fs/fat/ff.32
                0x00000000c0004e21                f_mount
                0x00000000c0004e83                f_open
                0x00000000c00052bf                f_read
                0x00000000c000553f                f_write
                0x00000000c00057f9                f_sync
                0x00000000c00059d5                f_close
                0x00000000c0005a04                f_lseek
                0x00000000c0005ebb                f_opendir
                0x00000000c0005fbd                f_closedir
                0x00000000c0005fdf                f_readdir
                0x00000000c000607a                f_stat
                0x00000000c0006109                f_getfree
                0x00000000c00062d4                f_truncate
                0x00000000c00063cc                f_unlink
                0x00000000c000654f                f_mkdir
                0x00000000c000677b                f_rename
                0x00000000c0006a6e                f_chmod
                0x00000000c0006b4c                f_utime
                0x00000000c0006c2a                f_getlabel
                0x00000000c0006e18                f_setlabel
                0x00000000c0007085                f_expand
                0x00000000c00072bb                f_forward
                0x00000000c0007499                f_mkfs
 .text          0x00000000c00085bc       0x2f fs/fat/ffsystem.32
                0x00000000c00085bc                ff_memalloc
                0x00000000c00085d4                ff_memfree
 *fill*         0x00000000c00085eb        0x1 
 .text          0x00000000c00085ec      0x274 fs/fat/ffunicode.32
                0x00000000c00085ec                ff_uni2oem
                0x00000000c0008684                ff_oem2uni
                0x00000000c00086f8                ff_wtoupper
 .text          0x00000000c0008860       0xa7 compat/inlines.32
                0x00000000c0008860                CPU::current()
                0x00000000c000886c                operator new(unsigned long)
                0x00000000c0008871                operator delete(void*)
                0x00000000c0008876                disableIRQs()
                0x00000000c000887e                enableIRQs()
                0x00000000c000888d                lockScheduler()
                0x00000000c0008895                unlockScheduler()
                0x00000000c00088a4                lockStuff()
                0x00000000c00088b2                unlockStuff()
                0x00000000c00088ec                Virt::getAKernelVAS()
                0x00000000c00088f2                __not_memcpy
 *fill*         0x00000000c0008907        0x1 
 .text          0x00000000c0008908      0x118 compat/resolve.32
                0x00000000c0008908                Krnl::resolveCompatibilitySymbol(char*)
 .text          0x00000000c0008a20      0x783 core/computer.32
                0x00000000c0008a20                Computer::close(int, int, void*)
                0x00000000c0008a64                Krnl::firstTask()
                0x00000000c0008bb8                Computer::Computer()
                0x00000000c0008bb8                Computer::Computer()
                0x00000000c0008d14                Computer::setBootMessage(char const*)
                0x00000000c0008d16                Computer::detectFeatures()
                0x00000000c0008f20                Computer::displayFeatures()
                0x00000000c0008f22                Computer::rdmsr(unsigned int)
                0x00000000c0008f4e                Computer::wrmsr(unsigned int, unsigned long long)
                0x00000000c0008f86                Computer::shutdown()
                0x00000000c0008f9e                Computer::restart()
                0x00000000c0008fb6                Computer::sleep()
                0x00000000c0008fca                Computer::nmiEnabled()
                0x00000000c0008fd6                Computer::readCMOS(unsigned char)
                0x00000000c0008ff0                Computer::enableNMI(bool)
                0x00000000c0009008                Computer::open(int, int, void*)
                0x00000000c00090e6                Computer::disableNMI()
                0x00000000c00090f4                Computer::writeCMOS(unsigned char, unsigned char)
                0x00000000c0009112                Computer::handleNMI()
                0x00000000c0009178                Computer::setDiskActivityLight(int, bool)
 *fill*         0x00000000c00091a3        0x1 
 .text          0x00000000c00091a4      0x211 core/gdt.32
                0x00000000c00091a4                GDTEntry::setBase(unsigned int)
                0x00000000c00091c0                GDTEntry::setLimit(unsigned int)
                0x00000000c00091de                GDT::GDT()
                0x00000000c00091de                GDT::GDT()
                0x00000000c00091f4                GDT::addEntry(GDTEntry)
                0x00000000c0009216                GDT::getNumberOfEntries()
                0x00000000c000921e                GDT::flush()
                0x00000000c0009240                GDT::setup()
 .text          0x00000000c00093b5       0x19 core/idle.32
                0x00000000c00093b5                idleFunction(void*)
 *fill*         0x00000000c00093ce        0x2 
 .text          0x00000000c00093d0      0x464 core/idt.32
                0x00000000c00093d0                IDTEntry::IDTEntry(bool)
                0x00000000c00093d0                IDTEntry::IDTEntry(bool)
                0x00000000c0009442                IDTEntry::setOffset(unsigned int)
                0x00000000c0009458                IDT::IDT()
                0x00000000c0009458                IDT::IDT()
                0x00000000c000945a                IDT::getPointerToInvalidOpcodeEntryForF00F()
                0x00000000c0009462                IDT::addEntry(IDTEntry, int)
                0x00000000c000947c                IDT::addEntry(int, void (*)(), bool)
                0x00000000c00094b4                IDT::flush()
                0x00000000c00094ce                IDT::setup()
 .text          0x00000000c0009834      0x191 core/kheap.32
                0x00000000c0009834                sbrk
                0x00000000c00098d7                mmap
                0x00000000c00098ed                munmap
                0x00000000c0009903                liballoc_lock()
                0x00000000c0009910                liballoc_unlock()
                0x00000000c0009924                liballoc_alloc(int)
                0x00000000c000993c                liballoc_free(void*, int)
                0x00000000c0009957                realloc
                0x00000000c000996b                malloc
                0x00000000c000997b                free
                0x00000000c000998b                rfree
                0x00000000c000999b                calloc
 .text          0x00000000c00099c5      0x437 core/main.32
                0x00000000c00099c5                Krnl::setBootMessage(char const*)
                0x00000000c0009a31                kernel_main
 .text          0x00000000c0009dfc      0x668 core/physmgr.32
                0x00000000c0009dfc                Phys::allocateDMA(unsigned long)
                0x00000000c0009f0b                Phys::freeDMA(unsigned long, unsigned long)
                0x00000000c0009f51                Phys::setPageState(unsigned long, bool)
                0x00000000c0009f83                Phys::getPageState(unsigned long)
                0x00000000c0009f9f                Phys::freePage(unsigned long)
                0x00000000c000a022                Phys::allocatePage()
                0x00000000c000a10d                Phys::allocateContiguousPages(int)
                0x00000000c000a169                Phys::allowSegmentToBeUsed(unsigned long, unsigned long)
                0x00000000c000a1a1                Phys::physicalMemorySetup(unsigned int)
 .text          0x00000000c000a464      0x273 core/pipe.32
                0x00000000c000a464                Pipe::isAtty()
                0x00000000c000a468                Pipe::~Pipe()
                0x00000000c000a468                Pipe::~Pipe()
                0x00000000c000a48c                Pipe::~Pipe()
                0x00000000c000a4b4                Pipe::write(unsigned long long, void*, int*)
                0x00000000c000a574                Pipe::read(unsigned long long, void*, int*)
                0x00000000c000a670                Pipe::Pipe(int)
                0x00000000c000a670                Pipe::Pipe(int)
 *fill*         0x00000000c000a6d7        0x1 
 .text          0x00000000c000a6d8      0xb85 core/terminal.32
                0x00000000c000a6d8                VgaText::isAtty()
                0x00000000c000a6dc                VgaText::~VgaText()
                0x00000000c000a6dc                VgaText::~VgaText()
                0x00000000c000a700                VgaText::~VgaText()
                0x00000000c000a72a                VgaText::read(unsigned long long, void*, int*)
                0x00000000c000a74a                setTerminalScrollLock(bool)
                0x00000000c000a74b                addToTerminalCycle(VgaText*)
                0x00000000c000a76c                installVgaTextImplementation()
                0x00000000c000a781                scrollTerminalScrollLock(int)
                0x00000000c000a782                VgaText::updateTitle()
                0x00000000c000a7c0                VgaText::load()
                0x00000000c000a80e                VgaText::updateCursor()
                0x00000000c000a824                VgaText::doANSI_SGR(int)
                0x00000000c000a898                VgaText::setDefaultBgColour(VgaColour)
                0x00000000c000a8a8                VgaText::setDefaultFgColour(VgaColour)
                0x00000000c000a8b8                VgaText::setDefaultColours(VgaColour, VgaColour)
                0x00000000c000a8d8                VgaText::setTitleTextColour(VgaColour)
                0x00000000c000a8e8                VgaText::setTitleColour(VgaColour)
                0x00000000c000a8f8                VgaText::setTitle(char*)
                0x00000000c000a91e                VgaText::combineColours(unsigned char, unsigned char)
                0x00000000c000a930                VgaText::scrollScreen()
                0x00000000c000a9c4                VgaText::combineCharAndColour(char, unsigned char)
                0x00000000c000a9d6                VgaText::writeCharacter(char, VgaColour, VgaColour, int, int)
                0x00000000c000aa32                VgaText::getCursorX()
                0x00000000c000aa3a                VgaText::getCursorY()
                0x00000000c000aa42                VgaText::setCursor(int, int)
                0x00000000c000aa59                setActiveTerminal(VgaText*)
                0x00000000c000aabb                doTerminalCycle()
                0x00000000c000aad6                VgaText::setCursorX(int)
                0x00000000c000aaee                VgaText::setCursorY(int)
                0x00000000c000ab06                VgaText::incrementCursor(bool)
                0x00000000c000ab5a                VgaText::decrementCursor(bool)
                0x00000000c000ab7c                VgaText::putchar(char, VgaColour, VgaColour)
                0x00000000c000ac4a                VgaText::doUpdate()
                0x00000000c000ac58                VgaText::puts(char const*, VgaColour, VgaColour)
                0x00000000c000add0                VgaText::clearScreen()
                0x00000000c000ae2a                VgaText::putchar(char)
                0x00000000c000af16                VgaText::putx(unsigned int)
                0x00000000c000af5c                VgaText::puts(char const*)
                0x00000000c000af82                VgaText::VgaText(char const*)
                0x00000000c000af82                VgaText::VgaText(char const*)
                0x00000000c000b0fe                VgaText::receiveKey(unsigned char)
                0x00000000c000b1e4                VgaText::write(unsigned long long, void*, int*)
                0x00000000c000b238                newTerminal(char*)
 *fill*         0x00000000c000b25d        0x3 
 .text          0x00000000c000b260      0x1a1 core/tss.32
                0x00000000c000b260                TSS::TSS()
                0x00000000c000b260                TSS::TSS()
                0x00000000c000b270                TSS::setESP(unsigned long)
                0x00000000c000b284                TSS::flush()
                0x00000000c000b2a4                TSS::setup(unsigned long, unsigned long)
 *fill*         0x00000000c000b401        0x1 
 .text          0x00000000c000b402      0x4c2 core/unixfile.32
                0x00000000c000b402                ReservedFilename::read(unsigned long long, void*, int*)
                0x00000000c000b458                ReservedFilename::isAtty()
                0x00000000c000b474                ReservedFilename::write(unsigned long long, void*, int*)
                0x00000000c000b4d2                UnixFile::getFileDescriptor()
                0x00000000c000b4da                UnixFile::UnixFile(int)
                0x00000000c000b4da                UnixFile::UnixFile(int)
                0x00000000c000b68a                ReservedFilename::ReservedFilename(int)
                0x00000000c000b68a                ReservedFilename::ReservedFilename(int)
                0x00000000c000b6bc                UnixFile::~UnixFile()
                0x00000000c000b6bc                UnixFile::~UnixFile()
                0x00000000c000b754                UnixFile::~UnixFile()
                0x00000000c000b77c                ReservedFilename::~ReservedFilename()
                0x00000000c000b77c                ReservedFilename::~ReservedFilename()
                0x00000000c000b7a0                ReservedFilename::~ReservedFilename()
                0x00000000c000b7c7                getFromFileDescriptor(int)
 .text          0x00000000c000b8c4     0x124e core/virtmgr.32
                0x00000000c000b8c4                Virt::setPageState(unsigned long, Virt::VirtPageState)
                0x00000000c000b8f9                Virt::getPageState(unsigned long)
                0x00000000c000b91d                Virt::allocateKernelVirtualPages(int)
                0x00000000c000ba2e                Virt::freeSwapfilePage(unsigned long)
                0x00000000c000ba4c                Virt::swapIDToSector(unsigned long)
                0x00000000c000ba5e                Virt::allocateSwapfilePage()
                0x00000000c000badc                Virt::virtualMemorySetup()
                0x00000000c000bb27                Virt::setupPageSwapping(int)
                0x00000000c000bb98                VAS::VAS(VAS*)
                0x00000000c000bb98                VAS::VAS(VAS*)
                0x00000000c000bbc6                VAS::getForeignPageTableEntry(bool, unsigned long)
                0x00000000c000bbf2                VAS::getPageTableEntry(unsigned long)
                0x00000000c000bc11                Virt::freeKernelVirtualPages(unsigned long)
                0x00000000c000bd34                VAS::freeAllocatedPages(unsigned long)
                0x00000000c000bd58                VAS::virtualToPhysical(unsigned long)
                0x00000000c000bd70                VAS::reflagRange(unsigned long, int, int, int)
                0x00000000c000bdb0                VAS::setToWriteCombining(unsigned long, int)
                0x00000000c000bde2                VAS::mapOtherVASIn(bool, VAS*)
                0x00000000c000be0c                VAS::~VAS()
                0x00000000c000be0c                VAS::~VAS()
                0x00000000c000bf88                VAS::mapPage(unsigned long, unsigned long, int)
                0x00000000c000c08c                VAS::allocatePages(int, int)
                0x00000000c000c264                VAS::setCPUSpecific(unsigned long)
                0x00000000c000c280                VAS::mapRange(unsigned long, unsigned long, int, int)
                0x00000000c000c346                VAS::mapForeignPage(bool, VAS*, unsigned long, unsigned long, int)
                0x00000000c000c434                VAS::VAS(bool)
                0x00000000c000c434                VAS::VAS(bool)
                0x00000000c000c6b4                VAS::VAS()
                0x00000000c000c6b4                VAS::VAS()
                0x00000000c000c724                VAS::evict(unsigned long)
                0x00000000c000c7f4                VAS::tryLoadBackOffDisk(unsigned long)
                0x00000000c000c908                VAS::scanForEviction()
                0x00000000c000c9e6                mapVASFirstTime
 .text          0x00000000c000cb12       0x95 coreobjs/c++.32
                0x00000000c000cb12                __cxa_atexit
                0x00000000c000cb15                __cxa_finalize
                0x00000000c000cb16                __stack_chk_fail
                0x00000000c000cb82                __cxa_pure_virtual
                0x00000000c000cb93                operator new[](unsigned long)
                0x00000000c000cb98                operator delete(void*, unsigned long)
                0x00000000c000cb9d                operator delete[](void*)
                0x00000000c000cba2                operator delete[](void*, unsigned long)
 .text          0x00000000c000cba7      0x1fc dbg/kconsole.32
                0x00000000c000cba7                Dbg::stringifyxWithBase(unsigned int, char*, int)
                0x00000000c000cc00                Dbg::logc(char)
                0x00000000c000cc20                Dbg::logs(char*)
                0x00000000c000cc3d                Dbg::logWriteInt(unsigned int)
                0x00000000c000cc5a                Dbg::logWriteIntBase(unsigned int, int)
                0x00000000c000cc79                Dbg::kprintf(char const*, ...)
 *fill*         0x00000000c000cda3        0x1 
 .text          0x00000000c000cda4      0xcac fs/vfs.32
                0x00000000c000cda4                File::read(unsigned long long, void*, int*)
                0x00000000c000cdfc                File::write(unsigned long long, void*, int*)
                0x00000000c000ce54                Directory::read(unsigned long long, void*, int*)
                0x00000000c000ceac                Directory::write(unsigned long long, void*, int*)
                0x00000000c000ceda                File::isAtty()
                0x00000000c000cede                Directory::isAtty()
                0x00000000c000cee2                Filesystem::getlabel(LogicalDisk*, int, char*, unsigned int*)
                0x00000000c000cee8                Filesystem::setlabel(LogicalDisk*, int, char*)
                0x00000000c000ceee                Filesystem::allocateSwapfile(char const*, int)
                0x00000000c000cef4                File::~File()
                0x00000000c000cef4                File::~File()
                0x00000000c000cf18                File::~File()
                0x00000000c000cf42                Directory::~Directory()
                0x00000000c000cf42                Directory::~Directory()
                0x00000000c000cf66                Directory::~Directory()
                0x00000000c000cf90                Filesystem::Filesystem()
                0x00000000c000cf90                Filesystem::Filesystem()
                0x00000000c000cfb4                Filesystem::~Filesystem()
                0x00000000c000cfb4                Filesystem::~Filesystem()
                0x00000000c000cfc2                Filesystem::~Filesystem()
                0x00000000c000cfe6                Fs::getcwd(Process*, char*, int)
                0x00000000c000d010                Fs::initVFS()
                0x00000000c000d03a                Fs::standardiseFiles(char*, char const*, char const*)
                0x00000000c000d1e4                File::File(char const*, Process*)
                0x00000000c000d1e4                File::File(char const*, Process*)
                0x00000000c000d2be                File::open(FileOpenMode)
                0x00000000c000d31c                File::close()
                0x00000000c000d37c                File::seek(unsigned long long)
                0x00000000c000d3d2                File::tell(unsigned long long*)
                0x00000000c000d422                File::rewind()
                0x00000000c000d436                File::unlink()
                0x00000000c000d482                File::rename(char const*)
                0x00000000c000d4d0                File::chfatattr(unsigned char, unsigned char)
                0x00000000c000d52c                File::exists()
                0x00000000c000d56a                File::stat(unsigned long long*, bool*)
                0x00000000c000d5cb                Fs::setcwd(Process*, char*)
                0x00000000c000d744                Directory::Directory(char const*, Process*)
                0x00000000c000d744                Directory::Directory(char const*, Process*)
                0x00000000c000d81e                Directory::open()
                0x00000000c000d87a                Directory::close()
                0x00000000c000d8da                Directory::unlink()
                0x00000000c000d926                Directory::rename(char const*)
                0x00000000c000d974                Directory::exists()
                0x00000000c000d9b2                Directory::read(dirent*)
                0x00000000c000d9fe                Directory::create()
                0x00000000c000da4a                Filesystem::chfatattr(char const*, unsigned char, unsigned char)
 .text          0x00000000c000da50       0x86 hal/bus.32
                0x00000000c000da50                Bus::Bus(char const*)
                0x00000000c000da50                Bus::Bus(char const*)
                0x00000000c000da88                Bus::~Bus()
                0x00000000c000da88                Bus::~Bus()
                0x00000000c000daac                Bus::~Bus()
 .text          0x00000000c000dad6       0x96 hal/buzzer.32
                0x00000000c000dad6                beepThread(void*)
                0x00000000c000db13                Krnl::beep(int, int, bool)
 .text          0x00000000c000db6c      0x467 hal/clock.32
                0x00000000c000db6c                User::loadClockSettings(int)
                0x00000000c000dbbe                Clock::Clock(char const*)
                0x00000000c000dbbe                Clock::Clock(char const*)
                0x00000000c000dbf4                Clock::~Clock()
                0x00000000c000dbf4                Clock::~Clock()
                0x00000000c000dc18                Clock::~Clock()
                0x00000000c000dc42                Clock::timeInSecondsLocal()
                0x00000000c000dc8a                Clock::setTimeInSecondsLocal(unsigned long long)
                0x00000000c000dce3                datetimeToSeconds(datetime_t)
                0x00000000c000de0a                Clock::setTimeInDatetimeLocal(datetime_t)
                0x00000000c000de6a                secondsToDatetime(unsigned long long)
                0x00000000c000dfae                Clock::timeInDatetimeLocal()
 *fill*         0x00000000c000dfd3        0x1 
 .text          0x00000000c000dfd4      0x4d0 hal/device.32
                0x00000000c000dfd4                Device::hibernate()
                0x00000000c000dfd6                Device::wake()
                0x00000000c000dfd8                Device::detect()
                0x00000000c000dfda                Device::disableLegacy()
                0x00000000c000dfdc                Device::powerSaving(PowerSavingLevel)
                0x00000000c000dfde                DriverlessDevice::close(int, int, void*)
                0x00000000c000dfe2                DriverlessDevice::detect()
                0x00000000c000dfe4                DriverlessDevice::open(int, int, void*)
                0x00000000c000dff8                Device::~Device()
                0x00000000c000dff8                Device::~Device()
                0x00000000c000e006                Device::~Device()
                0x00000000c000e02e                Device::findAndLoadDriver()
                0x00000000c000e03c                Device::preOpenPCI(PCIDeviceInfo)
                0x00000000c000e062                Device::preOpenACPI(void*, char*, char*)
                0x00000000c000e0a2                Device::addIRQHandler(int, void (*)(regs*, void*), bool, void*)
                0x00000000c000e0cc                Device::getParent()
                0x00000000c000e0d8                Device::removeIRQHandler(int, void (*)(regs*, void*), bool)
                0x00000000c000e0f6                Device::addChild(Device*)
                0x00000000c000e13a                Device::removeAllChildren()
                0x00000000c000e180                Device::hibernateAll()
                0x00000000c000e1b0                Device::wakeAll()
                0x00000000c000e1e0                Device::detectAll()
                0x00000000c000e210                Device::disableLegacyAll()
                0x00000000c000e240                Device::loadDriversForAll()
                0x00000000c000e280                Device::closeAll()
                0x00000000c000e2b6                Device::powerSavingAll(PowerSavingLevel)
                0x00000000c000e2ec                Device::setName(char const*)
                0x00000000c000e2fa                Device::Device(char const*)
                0x00000000c000e2fa                Device::Device(char const*)
                0x00000000c000e3f6                Device::getName()
                0x00000000c000e400                DriverlessDevice::DriverlessDevice(char const*)
                0x00000000c000e400                DriverlessDevice::DriverlessDevice(char const*)
                0x00000000c000e436                Device::addToLinkedList(LinkedList<Device>&, DeviceType)
                0x00000000c000e47a                getDevicesOfType(DeviceType)
 .text          0x00000000c000e4a4       0x86 hal/diskctrl.32
                0x00000000c000e4a4                HardDiskController::HardDiskController(char const*)
                0x00000000c000e4a4                HardDiskController::HardDiskController(char const*)
                0x00000000c000e4dc                HardDiskController::~HardDiskController()
                0x00000000c000e4dc                HardDiskController::~HardDiskController()
                0x00000000c000e500                HardDiskController::~HardDiskController()
 .text          0x00000000c000e52a       0xe2 hal/diskphys.32
                0x00000000c000e52a                PhysicalDisk::eject()
                0x00000000c000e52e                PhysicalDisk::PhysicalDisk(char const*, int)
                0x00000000c000e52e                PhysicalDisk::PhysicalDisk(char const*, int)
                0x00000000c000e596                PhysicalDisk::startCache()
                0x00000000c000e5be                PhysicalDisk::~PhysicalDisk()
                0x00000000c000e5be                PhysicalDisk::~PhysicalDisk()
                0x00000000c000e5e2                PhysicalDisk::~PhysicalDisk()
 .text          0x00000000c000e60c        0x0 hal/fpu.32
 .text          0x00000000c000e60c      0x34c hal/intctrl.32
                0x00000000c000e60c                int_handler
                0x00000000c000e694                installISRHandler(int, void (*)(regs*, void*), void*)
                0x00000000c000e6dc                installIRQHandler(int, void (*)(regs*, void*), bool, void*)
                0x00000000c000e807                uninstallISRHandler(int, void (*)(regs*, void*))
                0x00000000c000e83b                uninstallIRQHandler(int, void (*)(regs*, void*), bool)
                0x00000000c000e8b9                setupINTS()
                0x00000000c000e916                convertLegacyIRQNumber(int)
 .text          0x00000000c000e958      0x778 hal/keybrd.32
                0x00000000c000e958                startGUI(void*)
                0x00000000c000e9c4                startGUIVESA(void*)
                0x00000000c000ea30                sendKeyToTerminal(unsigned char)
                0x00000000c000eaee                sendKeyboardToken(KeyboardToken)
                0x00000000c000ef20                clearInternalKeybuffer(VgaText*)
                0x00000000c000ef55                readKeyboard(VgaText*, char*, unsigned long)
                0x00000000c000f046                Keyboard::Keyboard(char const*)
                0x00000000c000f046                Keyboard::Keyboard(char const*)
                0x00000000c000f082                Keyboard::~Keyboard()
                0x00000000c000f082                Keyboard::~Keyboard()
                0x00000000c000f0a6                Keyboard::~Keyboard()
 .text          0x00000000c000f0d0      0x42a hal/logidisk.32
                0x00000000c000f0d0                LogicalDisk::close(int, int, void*)
                0x00000000c000f0d4                LogicalDisk::~LogicalDisk()
                0x00000000c000f0d4                LogicalDisk::~LogicalDisk()
                0x00000000c000f0f8                LogicalDisk::~LogicalDisk()
                0x00000000c000f122                LogicalDisk::open(int, int, void*)
                0x00000000c000f136                LogicalDisk::absoluteToRelative(unsigned long long)
                0x00000000c000f16e                LogicalDisk::relativeToAbsolute(unsigned long long)
                0x00000000c000f1b4                LogicalDisk::LogicalDisk(char const*, PhysicalDisk*, unsigned long long, unsigned long long)
                0x00000000c000f1b4                LogicalDisk::LogicalDisk(char const*, PhysicalDisk*, unsigned long long, unsigned long long)
                0x00000000c000f26a                LogicalDisk::assignDriveLetter()
                0x00000000c000f320                LogicalDisk::mount()
                0x00000000c000f3a8                LogicalDisk::unmount()
                0x00000000c000f3b8                LogicalDisk::eject()
                0x00000000c000f3cc                LogicalDisk::unassignDriveLetter()
                0x00000000c000f422                LogicalDisk::read(unsigned long long, int, void*)
                0x00000000c000f48e                LogicalDisk::write(unsigned long long, int, void*)
 *fill*         0x00000000c000f4fa        0x2 
 .text          0x00000000c000f4fc       0x86 hal/mouse.32
                0x00000000c000f4fc                Mouse::Mouse(char const*)
                0x00000000c000f4fc                Mouse::Mouse(char const*)
                0x00000000c000f534                Mouse::~Mouse()
                0x00000000c000f534                Mouse::~Mouse()
                0x00000000c000f558                Mouse::~Mouse()
 .text          0x00000000c000f582      0x339 hal/partition.32
                0x00000000c000f582                makePartition(PhysicalDisk*, unsigned long long, unsigned long long)
                0x00000000c000f62a                createPartitionsForDisk(PhysicalDisk*)
 *fill*         0x00000000c000f8bb        0x1 
 .text          0x00000000c000f8bc       0x86 hal/serial.32
                0x00000000c000f8bc                Serial::Serial(char const*)
                0x00000000c000f8bc                Serial::Serial(char const*)
                0x00000000c000f8f4                Serial::~Serial()
                0x00000000c000f8f4                Serial::~Serial()
                0x00000000c000f918                Serial::~Serial()
 *fill*         0x00000000c000f942        0x2 
 .text          0x00000000c000f944      0x234 hal/timer.32
                0x00000000c000f944                Timer::Timer(char const*)
                0x00000000c000f944                Timer::Timer(char const*)
                0x00000000c000f97c                Timer::~Timer()
                0x00000000c000f97c                Timer::~Timer()
                0x00000000c000f9a0                Timer::~Timer()
                0x00000000c000f9ca                Timer::read()
                0x00000000c000f9d5                setupTimer(int)
                0x00000000c000fa10                timerHandler(unsigned int)
 .text          0x00000000c000fb78      0x43e hal/vcache.32
                0x00000000c000fb78                VCache::VCache(PhysicalDisk*)
                0x00000000c000fb78                VCache::VCache(PhysicalDisk*)
                0x00000000c000fce0                VCache::invalidateReadBuffer()
                0x00000000c000fcf0                VCache::writeWriteBuffer()
                0x00000000c000fd3c                VCache::~VCache()
                0x00000000c000fd3c                VCache::~VCache()
                0x00000000c000fd90                VCache::~VCache()
                0x00000000c000fdb8                VCache::write(unsigned long long, int, void*)
                0x00000000c000feb2                VCache::read(unsigned long long, int, void*)
 .text          0x00000000c000ffb6      0x4b3 hal/video.32
                0x00000000c000ffb6                Video::putrect(int, int, int, int, unsigned int)
                0x00000000c0010002                Video::bitblit(int, int, int, int, int, int, int, unsigned int*)
                0x00000000c0010072                Video::blit(unsigned int*, int, int, int, int)
                0x00000000c00100f0                Video::clearScreen(unsigned int)
                0x00000000c0010124                Video::putpixel(int, int, unsigned int)
                0x00000000c0010132                Video::Video(char const*)
                0x00000000c0010132                Video::Video(char const*)
                0x00000000c0010168                Video::~Video()
                0x00000000c0010168                Video::~Video()
                0x00000000c001018c                Video::~Video()
                0x00000000c00101b6                Video::isMonochrome()
                0x00000000c00101c2                Video::getWidth()
                0x00000000c00101ce                Video::getHeight()
                0x00000000c00101da                Video::drawCursor(int, int, unsigned char*, int)
                0x00000000c0010296                Video::tgaParse(unsigned char*, int, int*, int*)
                0x00000000c00103fe                Video::putTGA(int, int, unsigned char*, int)
 *fill*         0x00000000c0010469        0x3 
 .text          0x00000000c001046c     0x1707 hw/acpi.32
                0x00000000c001046c                ACPI::close(int, int, void*)
                0x00000000c0010520                findRSDP()
                0x00000000c00105f4                loadACPITables(unsigned char*)
                0x00000000c0010858                findRSDT(unsigned char*)
                0x00000000c0010a18                findDataTable(unsigned char*, char*)
                0x00000000c0010a90                scanMADT()
                0x00000000c0010f6c                ACPI::ACPI()
                0x00000000c0010f6c                ACPI::ACPI()
                0x00000000c0010fd0                ACPI::getPCIIRQAssignment(unsigned char, unsigned short, unsigned char)
                0x00000000c00110b8                ACPI::registerPCIIRQAssignment(void*, unsigned short, unsigned char, unsigned char)
                0x00000000c0011180                ACPI::setScreenBrightnessLevel(void*, int)
                0x00000000c0011188                ACPI::detectPCI()
                0x00000000c001166c                ACPI::writeSimpleBootFlag(SimpleBootFlagTable*)
                0x00000000c00116b4                ACPI::sleep()
                0x00000000c00116f0                ACPI::open(int, int, void*)
 *fill*         0x00000000c0011b73        0x1 
 .text          0x00000000c0011b74      0xdcb hw/cpu.32
                0x00000000c0011b74                CPU::close(int, int, void*)
                0x00000000c0011b78                CPU::AMD_K6_write_msr(unsigned int, unsigned int, unsigned int, CPU::REGS*)
                0x00000000c0011b94                CPU::AMD_K6_read_msr(unsigned int, CPU::REGS*)
                0x00000000c0011bac                CPU::AMD_K6_writeback(int, int, int)
                0x00000000c0011c20                CPU::cpuid(int, unsigned long*, unsigned long*, unsigned long*, unsigned long*)
                0x00000000c0011ca4                CPU::cpuidCheckEDX(unsigned int)
                0x00000000c0011cd2                CPU::cpuidCheckECX(unsigned int)
                0x00000000c0011d00                CPU::cpuidCheckExtendedEBX(unsigned int)
                0x00000000c0011d2e                CPU::cpuidCheckExtendedECX(unsigned int)
                0x00000000c0011d5c                CPU::CPU()
                0x00000000c0011d5c                CPU::CPU()
                0x00000000c0011dea                CPU::displayFeatures()
                0x00000000c0011dec                CPU::detectFeatures()
                0x00000000c00124c2                CPU::setupSMEP()
                0x00000000c00124ce                CPU::setupUMIP()
                0x00000000c00124d8                CPU::setupTSC()
                0x00000000c00124e2                CPU::setupLargePages()
                0x00000000c00124ec                CPU::setupPAT()
                0x00000000c0012528                CPU::setupMTRR()
                0x00000000c001252a                CPU::setupGlobalPages()
                0x00000000c0012534                CPU::allowUsermodeDataAccess()
                0x00000000c0012546                CPU::prohibitUsermodeDataAccess()
                0x00000000c0012558                CPU::setupSMAP()
                0x00000000c0012566                CPU::setupFeatures()
                0x00000000c0012632                CPU::open(int, int, void*)
                0x00000000c0012744                CPU::decodeAddress(regs*, int*, bool*, unsigned char*)
 .text          0x00000000c001293f      0x16a hw/smp.32
                0x00000000c001293f                Krnl::smpEntry()
                0x00000000c0012941                Krnl::startCPU(int)
                0x00000000c0012a8a                Krnl::startCPUs()
 *fill*         0x00000000c0012aa9        0x1 
 .text          0x00000000c0012aaa      0x581 krnl/env.32
                0x00000000c0012aaa                EnvVarContainer::getEnv(char const*)
                0x00000000c0012ae8                EnvVarContainer::setEnv(char const*, char const*)
                0x00000000c0012baa                EnvVarContainer::deleteEnv(char const*)
                0x00000000c0012bac                EnvVarContainer::loadFrom(char const*, char const*)
                0x00000000c0012d92                EnvVarContainer::__loadSystem()
                0x00000000c0012dac                EnvVarContainer::__loadUser()
                0x00000000c0012dae                EnvVarContainer::EnvVarContainer(Process*)
                0x00000000c0012dae                EnvVarContainer::EnvVarContainer(Process*)
                0x00000000c0012dd0                EnvVarContainer::~EnvVarContainer()
                0x00000000c0012dd0                EnvVarContainer::~EnvVarContainer()
                0x00000000c0012e00                Krnl::getEnv(Process*, char const*)
                0x00000000c0012e65                Krnl::setEnvSystem(char const*, char const*)
                0x00000000c0012e7f                Krnl::setEnvUser(char const*, char const*)
                0x00000000c0012e9e                Krnl::setEnvProcess(Process*, char const*, char const*)
                0x00000000c0012eb1                Krnl::deleteEnvSystem(char const*)
                0x00000000c0012eb2                Krnl::deleteEnvUser(char const*)
                0x00000000c0012eb3                Krnl::deleteEnvProcess(Process*, char const*)
                0x00000000c0012eb4                Krnl::newProcessEnv(Process*)
                0x00000000c0012ed6                Krnl::copyProcessEnv(Process*, Process*)
                0x00000000c0012f22                Krnl::loadSystemEnv()
                0x00000000c0012f50                Krnl::loadUserEnv()
                0x00000000c0012f76                Krnl::flushEnv()
                0x00000000c0012f77                Krnl::getProcessTotalEnvCount(Process*)
                0x00000000c0012f97                Krnl::getProcessEnvPair(Process*, int)
 .text          0x00000000c001302b      0x243 krnl/panic.32
                0x00000000c001302b                Krnl::panic(char const*)
 .text          0x00000000c001326e      0x194 krnl/powctrl.32
                0x00000000c001326e                Krnl::powerThread(void*)
                0x00000000c00132ee                Krnl::changePowerSettings(Krnl::PowerSettings)
                0x00000000c0013304                Krnl::userIOReceived()
                0x00000000c001330f                Krnl::handlePowerButton()
                0x00000000c0013344                Krnl::handleSleepButton()
                0x00000000c0013379                Krnl::setupPowerManager()
 .text          0x00000000c0013402      0x50e reg/registry.32
                0x00000000c0013402                Reg::findLineFromLoadedData(char*, char*, char*)
                0x00000000c001355a                Reg::getLineFromRegistry(char*, char*, char*, char*)
                0x00000000c00136af                Reg::getLine(char*, char*, char*)
                0x00000000c00136e6                Reg::readInt(char*, char*, int*)
                0x00000000c00137d1                Reg::readString(char*, char*, char*, int)
                0x00000000c0013852                Reg::readBool(char*, char*, bool*)
                0x00000000c0013877                Reg::readBoolWithDefault(char*, char*, bool)
                0x00000000c00138a3                Reg::readIntWithDefault(char*, char*, int)
                0x00000000c00138cf                Reg::readStringWithDefault(char*, char*, char*, int, char*)
 .text          0x00000000c0013910       0x36 sys/sc_eject.32
                0x00000000c0013910                Sys::eject(regs*)
 .text          0x00000000c0013946       0x18 sys/sc_exit.32
                0x00000000c0013946                Sys::exit(regs*)
 .text          0x00000000c001395e       0x1f sys/sc_getcwd.32
                0x00000000c001395e                Sys::getCwd(regs*)
 .text          0x00000000c001397d        0xc sys/sc_getpid.32
                0x00000000c001397d                Sys::getPID(regs*)
 .text          0x00000000c0013989       0x1a sys/sc_getramdata.32
                0x00000000c0013989                Sys::getRAMData(regs*)
 .text          0x00000000c00139a3       0x84 sys/sc_getvgaptr.32
                0x00000000c00139a3                Sys::getVGAPtr(regs*)
 .text          0x00000000c0013a27       0xa8 sys/sc_loaddll.32
                0x00000000c0013a27                Sys::loadDLL(regs*)
 .text          0x00000000c0013acf       0x68 sys/sc_read.32
                0x00000000c0013acf                Sys::read(regs*)
 .text          0x00000000c0013b37       0x55 sys/sc_sbrk.32
                0x00000000c0013b37                Sys::sbrk(regs*)
 .text          0x00000000c0013b8c       0x1c sys/sc_setcwd.32
                0x00000000c0013b8c                Sys::setCwd(regs*)
 .text          0x00000000c0013ba8       0x95 sys/sc_settime.32
                0x00000000c0013ba8                Sys::setTime(regs*)
 .text          0x00000000c0013c3d       0x4a sys/sc_timezone.32
                0x00000000c0013c3d                Sys::timezone(regs*)
 .text          0x00000000c0013c87       0x68 sys/sc_write.32
                0x00000000c0013c87                Sys::write(regs*)
 .text          0x00000000c0013cef       0x62 sys/sc_wsbe.32
                0x00000000c0013cef                Sys::wsbe(regs*)
 .text          0x00000000c0013d51       0x38 sys/sc_yield.32
                0x00000000c0013d51                Sys::yield(regs*)
 .text          0x00000000c0013d89      0xf8e sys/syscalls.32
                0x00000000c0013d89                sysCallSeekDir(regs*)
                0x00000000c0013d8e                sysCallTellDir(regs*)
                0x00000000c0013d93                sysCallVerify(regs*)
                0x00000000c0013d9d                sysCallGetArgc(regs*)
                0x00000000c0013dad                sysFormatDisk(regs*)
                0x00000000c0013e17                sysSetDiskVolumeLabel(regs*)
                0x00000000c0013e61                sysGetDiskVolumeLabel(regs*)
                0x00000000c0013eb6                sysShutdown(regs*)
                0x00000000c0013f14                sysCallRealpath(regs*)
                0x00000000c0013f57                sysCallReadDir(regs*)
                0x00000000c0013fd6                sysCallIsATTY(regs*)
                0x00000000c0014030                sysCallSeek(regs*)
                0x00000000c0014087                sysCallTell(regs*)
                0x00000000c00140f3                sysCallSize(regs*)
                0x00000000c0014165                sysCallSizeFromFilename(regs*)
                0x00000000c0014214                sysCallClose(regs*)
                0x00000000c0014274                sysCallOpenDir(regs*)
                0x00000000c00142e9                sysCallCloseDir(regs*)
                0x00000000c001433d                sysCallMakeDir(regs*)
                0x00000000c00143ad                sysCallWait(regs*)
                0x00000000c00143c7                sysCallNotImpl(regs*)
                0x00000000c00143e2                sysPanic(regs*)
                0x00000000c00143fc                sysCallRmdir(regs*)
                0x00000000c0014460                sysCallUnlink(regs*)
                0x00000000c00144c4                sysCallGetArgv(regs*)
                0x00000000c0014510                sysCallTTYName(regs*)
                0x00000000c0014593                sysCallUSleep(regs*)
                0x00000000c00145bc                sysCallSpawn(regs*)
                0x00000000c0014624                sysCallGetEnv(regs*)
                0x00000000c00146d1                sysAppSettings(regs*)
                0x00000000c00147e5                sysSetFatAttrib(regs*)
                0x00000000c0014857                sysPipe(regs*)
                0x00000000c001489c                sysGetUnixTime(regs*)
                0x00000000c00148b0                string_ends_with(char const*, char const*)
                0x00000000c00148f8                sysCallOpen(regs*)
                0x00000000c0014ae0                Sys::loadSyscalls()
                0x00000000c0014cd5                Sys::systemCall(regs*, void*)
 .text          0x00000000c0014d17     0x1203 thr/elf.32
                0x00000000c0014d17                Thr::allocateMemoryForTask(Process*, File*, unsigned long, unsigned long, unsigned long)
                0x00000000c0014fc1                Thr::loadProgramIntoMemory(Process*, char const*)
                0x00000000c00151d7                Thr::runtimeReferenceHelper()
                0x00000000c00151ea                Thr::getAddressOfKernelSymbol(char const*)
                0x00000000c0015239                Thr::loadKernelSymbolTable(char const*)
                0x00000000c00154f7                Thr::loadDriverIntoMemory(char const*, unsigned long, bool)
                0x00000000c0015c2d                Thr::getDriverBaseFromAddress(unsigned long)
                0x00000000c0015c5f                Thr::getDriverNameFromAddress(unsigned long)
                0x00000000c0015c96                Thr::getDriverOffsetFromAddress(unsigned long)
                0x00000000c0015cb0                Thr::loadDLL(char const*, bool)
                0x00000000c0015ee1                Thr::executeDLL(unsigned long, void*)
 *fill*         0x00000000c0015f1a        0x2 
 .text          0x00000000c0015f1c     0x12a1 thr/prcssthr.32
                0x00000000c0015f1c                userModeEntryPoint(void*)
                0x00000000c0015f44                changeTSS
                0x00000000c0015f74                switchToThread(ThreadControlBlock*)
                0x00000000c0016020                Process::addArgs(char**)
                0x00000000c0016080                Process::Process(char const*, Process*, char**)
                0x00000000c0016080                Process::Process(char const*, Process*, char**)
                0x00000000c001626c                Process::Process(bool, char const*, Process*, char**)
                0x00000000c001626c                Process::Process(bool, char const*, Process*, char**)
                0x00000000c0016424                taskStartupFunction
                0x00000000c0016430                Semaphore::Semaphore(int)
                0x00000000c0016430                Semaphore::Semaphore(int)
                0x00000000c0016460                Mutex::Mutex()
                0x00000000c0016460                Mutex::Mutex()
                0x00000000c0016474                Process::createThread(void (*)(void*), void*, int)
                0x00000000c001656c                Process::createUserThread()
                0x00000000c0016588                setupMultitasking(void (*)())
                0x00000000c0016690                schedule()
                0x00000000c001671c                Semaphore::tryAcquire()
                0x00000000c00167e8                Semaphore::assertLocked(char const*)
                0x00000000c0016860                blockTaskWithSchedulerLockAlreadyHeld(TaskState)
                0x00000000c0016888                blockTask(TaskState)
                0x00000000c00168b8                waitTask(int, int*, int)
                0x00000000c00168fc                milliTenthSleepUntil(unsigned int)
                0x00000000c0016988                milliTenthSleep(unsigned int)
                0x00000000c0016998                sleep(unsigned int)
                0x00000000c00169b4                Semaphore::acquire()
                0x00000000c0016a70                taskReturned
                0x00000000c0016aac                Thr::processFromPID(int)
                0x00000000c0016b4c                unblockTask(ThreadControlBlock*)
                0x00000000c0016bf0                cleanupTerminatedTask(ThreadControlBlock*)
                0x00000000c0016eb8                cleanerTaskFunction(void*)
                0x00000000c0016fa8                terminateTask(int)
                0x00000000c0017074                Thr::terminateFromIRQ(int)
                0x00000000c0017080                Semaphore::release()
 .text          0x00000000c00171bd      0xb93 vm86/vm8086.32
                0x00000000c00171bd                Vm::inbv(unsigned short)
                0x00000000c00171d0                Vm::outbv(unsigned short, unsigned char)
                0x00000000c0017206                Vm::realToLinear(unsigned short, unsigned short)
                0x00000000c0017216                Vm::getSegment(unsigned int)
                0x00000000c001721e                Vm::getOffset(unsigned int)
                0x00000000c0017223                Vm::mainloop2()
                0x00000000c001725d                Vm::mainVm8086Loop(void*)
                0x00000000c001726d                Vm::mainloop3(unsigned long)
                0x00000000c0017293                Vm::initialise8086()
                0x00000000c00172d6                Vm::finish8086()
                0x00000000c0017337                Vm::getOutput8086(unsigned char*)
                0x00000000c001735c                Vm::start8086FromBuffer(unsigned char*, int, unsigned short, unsigned short, unsigned short, unsigned short)
                0x00000000c0017415                Vm::start8086(char const*, unsigned short, unsigned short, unsigned short, unsigned short)
                0x00000000c001757d                Vm::doISR(regs*, int, unsigned char*, unsigned short, unsigned short)
                0x00000000c0017607                Vm::readByteFromReal(unsigned short, unsigned short)
                0x00000000c0017618                Vm::readWordFromReal(unsigned short, unsigned short)
                0x00000000c001762a                Vm::readDwordFromReal(unsigned short, unsigned short)
                0x00000000c001763b                Vm::writeByteFromReal(unsigned short, unsigned short, unsigned char)
                0x00000000c0017650                Vm::writeWordFromReal(unsigned short, unsigned short, unsigned short)
                0x00000000c0017666                Vm::writeDwordFromReal(unsigned short, unsigned short, unsigned int)
                0x00000000c001767b                Vm::faultHandler(regs*)
 .text          0x00000000c0017d50      0xfcd vm86/x87em.32
                0x00000000c0017d50                Vm::fpuInternalTo32(unsigned long long)
                0x00000000c0017dae                Vm::fpuInternalTo64(unsigned long long)
                0x00000000c0017db7                Vm::fpu32ToInternal(unsigned int)
                0x00000000c0017dfc                Vm::fpu64ToInternal(unsigned long long)
                0x00000000c0017e05                Vm::fpuFloatToLong(unsigned long long)
                0x00000000c0017e64                Vm::fpuULongToFloat(unsigned long long)
                0x00000000c0017ea0                Vm::fpuLongToFloat(long long)
                0x00000000c0017eff                Vm::fpuGet0()
                0x00000000c0017f04                Vm::fpuGet1()
                0x00000000c0017f0c                Vm::fpuGetPi()
                0x00000000c0017f14                Vm::fpuGetLog2E()
                0x00000000c0017f2c                Vm::fpuGetLogE2()
                0x00000000c0017f44                Vm::fpuGetLog210()
                0x00000000c0017f5c                Vm::fpuGetLog102()
                0x00000000c0017f74                Vm::fpuIsSecondLarger(unsigned long long, unsigned long long)
                0x00000000c0017f88                Vm::fpuAreEqual(unsigned long long, unsigned long long)
                0x00000000c0017f9e                Vm::fpuUnorderedCompare(unsigned long long, unsigned long long)
                0x00000000c0017ff4                Vm::fpuAdd(unsigned long long, unsigned long long)
                0x00000000c0018005                Vm::fpuAbs(unsigned long long)
                0x00000000c001800e                Vm::fpuChs(unsigned long long)
                0x00000000c001801e                Vm::fpuSub(unsigned long long, unsigned long long)
                0x00000000c001802d                Vm::fpuMultiply(unsigned long long, unsigned long long)
                0x00000000c001804c                Vm::fpuDivide(unsigned long long, unsigned long long)
                0x00000000c0018068                Vm::fpuSquare(unsigned long long)
                0x00000000c001807e                Vm::fpuGetReg(int)
                0x00000000c00180c1                Vm::fpuSetReg(int, unsigned long long)
                0x00000000c001810d                Vm::fpuPush(unsigned long long)
                0x00000000c001816b                Vm::fpuPop()
                0x00000000c00181be                Vm::x87Handler(regs*)
 .text          0x00000000c0018d1d     0x1034 arch/i386/hal.32
                0x00000000c0018d1d                Hal::noCopro(unsigned long)
                0x00000000c0018d1e                Hal::noTSC()
                0x00000000c0018d23                Hal::readTSC()
                0x00000000c0018d26                nmiHandler(regs*, void*)
                0x00000000c0018d3f                doubleFault(regs*, void*)
                0x00000000c0018d58                displayDebugInfo(regs*)
                0x00000000c00193ac                displayProgramFault(char const*)
                0x00000000c00193e9                gpFault(regs*, void*)
                0x00000000c001945e                pgFault(regs*, void*)
                0x00000000c00194e8                otherISRHandler(regs*, void*)
                0x00000000c001953c                opcodeFault(regs*, void*)
                0x00000000c0019936                i386SaveCoprocessor(void*)
                0x00000000c001994a                i386LoadCoprocessor(void*)
                0x00000000c001995e                x87EmulHandler(regs*, void*)
                0x00000000c0019a1e                Hal::initialiseCoprocessor()
                0x00000000c0019b00                Hal::panic(char const*)
                0x00000000c0019b05                Hal::initialise()
                0x00000000c0019ce3                Hal::makeBeep(int)
                0x00000000c0019d1d                Hal::getRand()
                0x00000000c0019d20                Hal::endOfInterrupt(int)
 *fill*         0x00000000c0019d51        0x3 
 .text          0x00000000c0019d54      0x2dc arch/i386/pic.32
                0x00000000c0019d54                picIoWait()
                0x00000000c0019d5c                picDisable()
                0x00000000c0019d90                picGetIRQReg(int)
                0x00000000c0019e0c                picOpen()
                0x00000000c0019f90                picEOI(int)
 .text          0x00000000c001a030     0x13b7 fs/fat/vfslink.32
                0x00000000c001a030                FAT::getName()
                0x00000000c001a038                FAT::tell(void*, unsigned long long*)
                0x00000000c001a074                FAT::stat(void*, unsigned long long*)
                0x00000000c001a0b0                FAT::~FAT()
                0x00000000c001a0b0                FAT::~FAT()
                0x00000000c001a0d4                FAT::~FAT()
                0x00000000c001a0fc                FAT::getlabel(LogicalDisk*, int, char*, unsigned int*)
                0x00000000c001a1a0                FAT::setlabel(LogicalDisk*, int, char*)
                0x00000000c001a264                FAT::format(LogicalDisk*, int, char const*, int)
                0x00000000c001a438                FAT::tryMount(LogicalDisk*, int)
                0x00000000c001a650                FAT::allocateSwapfile(char const*, int)
                0x00000000c001a80c                FAT::readDir(void*, unsigned long, void*, int*)
                0x00000000c001a978                FAT::read(void*, unsigned long, void*, int*)
                0x00000000c001a9d8                FAT::write(void*, unsigned long, void*, int*)
                0x00000000c001aa38                FAT::close(void*)
                0x00000000c001aa8c                FAT::closeDir(void*)
                0x00000000c001aae0                FAT::seek(void*, unsigned long long)
                0x00000000c001ab3c                fatWrapperReadDisk
                0x00000000c001ab84                fatWrapperWriteDisk
                0x00000000c001abcc                fatWrapperIoctl
                0x00000000c001acdc                FAT::FAT()
                0x00000000c001acdc                FAT::FAT()
                0x00000000c001ad30                FAT::fixFilepath(char*)
                0x00000000c001ad6c                FAT::open(char const*, void**, FileOpenMode)
                0x00000000c001aea0                FAT::openDir(char const*, void**)
                0x00000000c001af50                FAT::stat(char const*, unsigned long long*, bool*)
                0x00000000c001b044                FAT::unlink(char const*)
                0x00000000c001b0c4                FAT::chfatattr(char const*, unsigned char, unsigned char)
                0x00000000c001b22c                FAT::rename(char const*, char const*)
                0x00000000c001b2f8                FAT::mkdir(char const*)
                0x00000000c001b378                FAT::exists(char const*)
 *fill*         0x00000000c001b3e7        0x1 
 .text          0x00000000c001b3e8      0xba7 fs/iso9660/vfslink.32
                0x00000000c001b3e8                ISO9660::format(LogicalDisk*, int, char const*, int)
                0x00000000c001b3ee                ISO9660::seek(void*, unsigned long long)
                0x00000000c001b41e                ISO9660::tell(void*, unsigned long long*)
                0x00000000c001b442                ISO9660::getName()
                0x00000000c001b448                ISO9660::stat(void*, unsigned long long*)
                0x00000000c001b46c                ISO9660::chfatattr(char const*, unsigned char, unsigned char)
                0x00000000c001b472                ISO9660::unlink(char const*)
                0x00000000c001b478                ISO9660::write(void*, unsigned long, void*, int*)
                0x00000000c001b47e                ISO9660::rename(char const*, char const*)
                0x00000000c001b484                ISO9660::mkdir(char const*)
                0x00000000c001b48a                ISO9660::close(void*)
                0x00000000c001b4ac                ISO9660::closeDir(void*)
                0x00000000c001b4ce                ISO9660::~ISO9660()
                0x00000000c001b4ce                ISO9660::~ISO9660()
                0x00000000c001b4f2                ISO9660::~ISO9660()
                0x00000000c001b519                __memmem(unsigned char*, int, unsigned char*, int)
                0x00000000c001b55b                readSectorFromCDROM(unsigned int, unsigned char*, char)
                0x00000000c001b5d6                ISO9660::tryMount(LogicalDisk*, int)
                0x00000000c001b636                ISO9660::read(void*, unsigned long, void*, int*)
                0x00000000c001b83a                ISO9660::readDir(void*, unsigned long, void*, int*)
                0x00000000c001bab4                readRoot(unsigned int*, unsigned int*, char)
                0x00000000c001bb08                readRecursively(char*, unsigned int, unsigned int, unsigned int*, unsigned int*, char, int*)
                0x00000000c001bcde                getFileData(char*, unsigned int*, unsigned int*, char, int*)
                0x00000000c001bd6c                ISO9660::open(char const*, void**, FileOpenMode)
                0x00000000c001be1a                ISO9660::exists(char const*)
                0x00000000c001be3e                ISO9660::stat(char const*, unsigned long long*, bool*)
                0x00000000c001bed2                ISO9660::openDir(char const*, void**)
                0x00000000c001bf6c                ISO9660::ISO9660()
                0x00000000c001bf6c                ISO9660::ISO9660()
 *fill*         0x00000000c001bf8f        0x1 
 .text          0x00000000c001bf90      0x298 hal/sound/sndcard.32
                0x00000000c001bf90                SoundCard::beginPlayback()
                0x00000000c001bf9e                SoundCard::stopPlayback()
                0x00000000c001bfac                SoundCard::SoundCard(char const*)
                0x00000000c001bfac                SoundCard::SoundCard(char const*)
                0x00000000c001c04a                SoundCard::~SoundCard()
                0x00000000c001c04a                SoundCard::~SoundCard()
                0x00000000c001c06e                SoundCard::~SoundCard()
                0x00000000c001c098                SoundCard::configureRates(int, int, int)
                0x00000000c001c0c8                SoundCard::getSamples16(int, short*)
                0x00000000c001c132                SoundCard::getSamples32(int, int*)
                0x00000000c001c1b8                SoundCard::addChannel(SoundPort*)
                0x00000000c001c214                SoundCard::removeChannel(int)
 .text          0x00000000c001c228      0x3fb hal/sound/sndport.32
                0x00000000c001c228                SoundPort::SoundPort(int, int, int, int)
                0x00000000c001c228                SoundPort::SoundPort(int, int, int, int)
                0x00000000c001c2b4                SoundPort::~SoundPort()
                0x00000000c001c2b4                SoundPort::~SoundPort()
                0x00000000c001c2e8                SoundPort::unpause()
                0x00000000c001c2f4                SoundPort::pause()
                0x00000000c001c300                SoundPort::getBufferUsed()
                0x00000000c001c308                SoundPort::getBufferSize()
                0x00000000c001c310                SoundPort::buffer16(short*, int)
                0x00000000c001c3c4                SoundPort::buffer32(int*, int)
                0x00000000c001c470                SoundPort::unbufferAndAdd16(int, short*, SoundCard*)
                0x00000000c001c56c                SoundPort::unbufferAndAdd32(int, int*, SoundCard*)
 .text          0x00000000c001c623        0x0 hw/bus/isa.32
 *fill*         0x00000000c001c623        0x1 
 .text          0x00000000c001c624     0x1187 hw/bus/pci.32
                0x00000000c001c624                PCI::open(int, int, void*)
                0x00000000c001c642                PCI::close(int, int, void*)
                0x00000000c001c646                PCI::PCI()
                0x00000000c001c646                PCI::PCI()
                0x00000000c001c6dc                PCI::readBAR8(unsigned int, int)
                0x00000000c001c6f8                PCI::readBAR16(unsigned int, int)
                0x00000000c001c716                PCI::readBAR32(unsigned int, int)
                0x00000000c001c732                PCI::writeBAR8(unsigned int, unsigned char, int)
                0x00000000c001c752                PCI::writeBAR16(unsigned int, unsigned short, int)
                0x00000000c001c774                PCI::writeBAR32(unsigned int, unsigned int, int)
                0x00000000c001c794                PCI::legacyMechanism(unsigned char, unsigned char, unsigned char, unsigned char)
                0x00000000c001c802                PCI::pciReadWord(unsigned char, unsigned char, unsigned char, unsigned char)
                0x00000000c001c8aa                PCI::getVendorID(unsigned char, unsigned char, unsigned char)
                0x00000000c001c8ce                PCI::getHeaderType(unsigned char, unsigned char, unsigned char)
                0x00000000c001c8f6                PCI::getClassCode(unsigned char, unsigned char, unsigned char)
                0x00000000c001c940                PCI::getProgIF(unsigned char, unsigned char, unsigned char)
                0x00000000c001c968                PCI::getRevisionID(unsigned char, unsigned char, unsigned char)
                0x00000000c001c98c                PCI::getInterruptNumber(unsigned char, unsigned char, unsigned char)
                0x00000000c001c9b0                PCI::getSecondaryBus(unsigned char, unsigned char, unsigned char)
                0x00000000c001c9d8                PCI::getBARAddress(unsigned char, unsigned char, unsigned char, unsigned char)
                0x00000000c001ca3c                PCI::pciWriteWord(unsigned char, unsigned char, unsigned char, unsigned char, unsigned short)
                0x00000000c001cb24                PCI::pciDetailsToFilepath(PCIDeviceInfo, char*)
                0x00000000c001cf16                PCI::checkBus(unsigned char)
                0x00000000c001cf3a                PCI::foundDevice(PCIDeviceInfo)
                0x00000000c001d37a                PCI::getDeviceData(unsigned char, unsigned char, unsigned char)
                0x00000000c001d6ec                PCI::checkDevice(unsigned char, unsigned char)
                0x00000000c001d758                PCI::detect()
 *fill*         0x00000000c001d7ab        0x1 
 .text          0x00000000c001d7ac      0xb66 hw/diskctrl/ide.32
                0x00000000c001d7ac                IDE::close(int, int, void*)
                0x00000000c001d7b0                IDE::IDE()
                0x00000000c001d7b0                IDE::IDE()
                0x00000000c001d7e4                IDE::prepareInterrupt(unsigned char)
                0x00000000c001d7f6                selectDrive(unsigned char, unsigned char)
                0x00000000c001d7f8                IDE::getBase(unsigned char)
                0x00000000c001d80a                IDE::write(unsigned char, unsigned char, unsigned char)
                0x00000000c001d8ca                IDE::read(unsigned char, unsigned char)
                0x00000000c001d978                IDE::waitInterrupt(unsigned char)
                0x00000000c001d9da                ideChannel0IRQHandler(regs*, void*)
                0x00000000c001d9f6                ideChannel1IRQHandler(regs*, void*)
                0x00000000c001da12                IDE::enableIRQs(unsigned char, bool)
                0x00000000c001da58                IDE::open(int, int, void*)
                0x00000000c001de82                IDE::readBuffer(unsigned char, unsigned char, unsigned int, unsigned int)
                0x00000000c001df4e                IDE::detect()
                0x00000000c001e20e                IDE::printError(unsigned char, unsigned char, unsigned char)
                0x00000000c001e2be                IDE::polling(unsigned char, unsigned int)
 .text          0x00000000c001e312      0x46c hw/diskctrl/satabus.32
                0x00000000c001e312                SATABus::close(int, int, void*)
                0x00000000c001e316                SATABus::detect()
                0x00000000c001e318                SATABus::SATABus()
                0x00000000c001e318                SATABus::SATABus()
                0x00000000c001e39e                SATABus::findCmdslot(SATABus::tagHBA_PORT volatile*)
                0x00000000c001e3d0                SATABus::checkType(SATABus::tagHBA_PORT volatile*)
                0x00000000c001e418                SATABus::startCmd(SATABus::tagHBA_PORT volatile*)
                0x00000000c001e438                SATABus::stopCmd(SATABus::tagHBA_PORT volatile*)
                0x00000000c001e462                SATABus::portRebase(SATABus::tagHBA_PORT volatile*, int)
                0x00000000c001e568                SATABus::probePort(SATABus::tagHBA_MEM volatile*)
                0x00000000c001e74a                SATABus::open(int, int, void*)
 .text          0x00000000c001e77e      0x684 hw/diskphys/ata.32
                0x00000000c001e77e                ATA::close(int, int, void*)
                0x00000000c001e7a2                ATA::powerSaving(PowerSavingLevel)
                0x00000000c001e7a4                ATA::ATA()
                0x00000000c001e7a4                ATA::ATA()
                0x00000000c001e7d2                ATA::flush(bool)
                0x00000000c001e81c                ATA::readyForCommand()
                0x00000000c001e868                ATA::access(unsigned long long, int, void*, bool)
                0x00000000c001ec5e                ATA::read(unsigned long long, int, void*)
                0x00000000c001ecaa                ATA::write(unsigned long long, int, void*)
                0x00000000c001ed0c                ATA::detectCHS()
                0x00000000c001ed36                ATA::open(int, int, void*)
 .text          0x00000000c001ee02      0x645 hw/diskphys/atapi.32
                0x00000000c001ee02                ATAPI::write(unsigned long long, int, void*)
                0x00000000c001ee08                ATAPI::close(int, int, void*)
                0x00000000c001ee2c                ATAPI::ATAPI()
                0x00000000c001ee2c                ATAPI::ATAPI()
                0x00000000c001ee5a                ATAPI::readyForCommand()
                0x00000000c001eeac                ATAPI::sendPacket(unsigned char*, int, bool, unsigned short*, int)
                0x00000000c001f16c                ATAPI::diskRemoved()
                0x00000000c001f1c8                ATAPI::eject()
                0x00000000c001f210                ATAPI::diskInserted()
                0x00000000c001f22c                ATAPI::detectMedia()
                0x00000000c001f2e8                ATAPI::open(int, int, void*)
                0x00000000c001f3c8                ATAPI::read(unsigned long long, int, void*)
 *fill*         0x00000000c001f447        0x1 
 .text          0x00000000c001f448      0xa68 hw/diskphys/sata.32
                0x00000000c001f448                SATA::close(int, int, void*)
                0x00000000c001f46c                SATA::powerSaving(PowerSavingLevel)
                0x00000000c001f46e                SATA::open(int, int, void*)
                0x00000000c001f664                SATA::SATA()
                0x00000000c001f664                SATA::SATA()
                0x00000000c001f692                SATA::access(unsigned long long, int, void*, bool)
                0x00000000c001fc8a                SATA::read(unsigned long long, int, void*)
                0x00000000c001fd8a                SATA::write(unsigned long long, int, void*)
 .text          0x00000000c001feb0      0x642 hw/diskphys/satapi.32
                0x00000000c001feb0                SATAPI::write(unsigned long long, int, void*)
                0x00000000c001feb6                SATAPI::close(int, int, void*)
                0x00000000c001feda                SATAPI::SATAPI()
                0x00000000c001feda                SATAPI::SATAPI()
                0x00000000c001ff08                SATAPI::diskRemoved()
                0x00000000c001ff0a                SATAPI::diskInserted()
                0x00000000c001ff26                SATAPI::sendPacket(unsigned char*, int, unsigned long long, unsigned short*, int)
                0x00000000c00201b4                SATAPI::eject()
                0x00000000c00201f0                SATAPI::detectMedia()
                0x00000000c002031a                SATAPI::open(int, int, void*)
                0x00000000c002041a                SATAPI::read(unsigned long long, int, void*)
 .text          0x00000000c00204f2      0x43f hw/intctrl/apic.32
                0x00000000c00204f2                IOAPIC::close(int, int, void*)
                0x00000000c00204f8                apicGetBase()
                0x00000000c002053a                IOAPIC::IOAPIC()
                0x00000000c002053a                IOAPIC::IOAPIC()
                0x00000000c0020562                apicOpen()
                0x00000000c00206bc                IOAPIC::handlesGSIWithNumber(unsigned int)
                0x00000000c00206ee                IOAPIC::read(int)
                0x00000000c0020716                IOAPIC::open(int, int, void*)
                0x00000000c002080c                IOAPIC::write(int, int)
                0x00000000c0020838                IOAPIC::redirect(unsigned char, unsigned long long, unsigned char, bool, bool)
 *fill*         0x00000000c0020931        0x3 
 .text          0x00000000c0020934       0xf0 hw/timer/apictimer.32
                0x00000000c0020934                APICTimer::close(int, int, void*)
                0x00000000c002093c                apicTimerHandler(regs*, void*)
                0x00000000c0020964                APICTimer::open(int, int, void*)
                0x00000000c00209d4                APICTimer::write(int)
                0x00000000c00209fc                APICTimer::APICTimer()
                0x00000000c00209fc                APICTimer::APICTimer()
 .text          0x00000000c0020a24      0x1a3 hw/timer/pit.32
                0x00000000c0020a24                PIT::write(int)
                0x00000000c0020aa4                pitHandler(regs*, void*)
                0x00000000c0020ac8                PIT::open(int, int, void*)
                0x00000000c0020b18                PIT::close(int, int, void*)
                0x00000000c0020b48                PIT::PIT()
                0x00000000c0020b48                PIT::PIT()
 *fill*         0x00000000c0020bc7        0x9 
 .text          0x00000000c0020bd0       0x83 arch/i386/avx.32
                0x00000000c0020bd0                avxDetect
                0x00000000c0020bfa                avxSave
                0x00000000c0020c0b                avxLoad
                0x00000000c0020c1c                avxInit
                0x00000000c0020c3e                avxClose
                0x00000000c0020c3f                wouldSheSayYes
 *fill*         0x00000000c0020c53        0xd 
 .text          0x00000000c0020c60       0x10 arch/i386/rdrand.32
                0x00000000c0020c60                i386GetRDRAND
 .text          0x00000000c0020c70       0x39 arch/i386/sse.32
                0x00000000c0020c70                absolutelyNoChanceInHell
                0x00000000c0020c70                sseDetect
                0x00000000c0020c88                sseSave
                0x00000000c0020c90                sseLoad
                0x00000000c0020c98                sseInit
                0x00000000c0020ca8                sseClose
 *fill*         0x00000000c0020ca9        0x7 
 .text          0x00000000c0020cb0       0x49 arch/i386/x87.32
                0x00000000c0020cb6                x87Detect
                0x00000000c0020cd1                x87Save
                0x00000000c0020cd8                x87Load
                0x00000000c0020cdf                x87Init
                0x00000000c0020cf8                x87Close
 *fill*         0x00000000c0020cf9        0x3 
 .text          0x00000000c0020cfc       0x25 /cygdrive/d/Users/Alex/Desktop/Toolchain/Output/bin/../lib/gcc/i386-banana/8.1.0/crtend.o
 .text          0x00000000c0020d21        0x0 crtn.32
 *fill*         0x00000000c0020d21        0x3 
 .text          0x00000000c0020d24      0x14b /cygdrive/d/Users/Alex/Desktop/Toolchain/Output/bin/../lib/gcc/i386-banana/8.1.0/libkgcc.a(_divdi3.o)
                0x00000000c0020d24                __divdi3
 *fill*         0x00000000c0020e6f        0x1 
 .text          0x00000000c0020e70      0x17e /cygdrive/d/Users/Alex/Desktop/Toolchain/Output/bin/../lib/gcc/i386-banana/8.1.0/libkgcc.a(_moddi3.o)
                0x00000000c0020e70                __moddi3
 *fill*         0x00000000c0020fee        0x2 
 .text          0x00000000c0020ff0       0xff /cygdrive/d/Users/Alex/Desktop/Toolchain/Output/bin/../lib/gcc/i386-banana/8.1.0/libkgcc.a(_udivdi3.o)
                0x00000000c0020ff0                __udivdi3
 *fill*         0x00000000c00210ef        0x1 
 .text          0x00000000c00210f0      0x11a /cygdrive/d/Users/Alex/Desktop/Toolchain/Output/bin/../lib/gcc/i386-banana/8.1.0/libkgcc.a(_umoddi3.o)
                0x00000000c00210f0                __umoddi3
 *(.gnu.linkonce.t*)

.iplt           0x00000000c0021210        0x0
 .iplt          0x00000000c0021210        0x0 D:/Users/Alex/Desktop/Banana/kernel/boot.32

.init           0x00000000c002120a        0xf
 .init          0x00000000c002120a        0x3 crti.32
                0x00000000c002120a                _init
 .init          0x00000000c002120d        0x5 /cygdrive/d/Users/Alex/Desktop/Toolchain/Output/bin/../lib/gcc/i386-banana/8.1.0/crtbegin.o
 .init          0x00000000c0021212        0x5 /cygdrive/d/Users/Alex/Desktop/Toolchain/Output/bin/../lib/gcc/i386-banana/8.1.0/crtend.o
 .init          0x00000000c0021217        0x2 crtn.32

.fini           0x00000000c0021219        0xa
 .fini          0x00000000c0021219        0x3 crti.32
                0x00000000c0021219                _fini
 .fini          0x00000000c002121c        0x5 /cygdrive/d/Users/Alex/Desktop/Toolchain/Output/bin/../lib/gcc/i386-banana/8.1.0/crtbegin.o
 .fini          0x00000000c0021221        0x2 crtn.32

.text._ZN8ComputerD2Ev
                0x00000000c0021224       0x23
 .text._ZN8ComputerD2Ev
                0x00000000c0021224       0x23 core/computer.32
                0x00000000c0021224                Computer::~Computer()
                0x00000000c0021224                Computer::~Computer()

.text._ZN8ComputerD0Ev
                0x00000000c0021248       0x2a
 .text._ZN8ComputerD0Ev
                0x00000000c0021248       0x2a core/computer.32
                0x00000000c0021248                Computer::~Computer()

.text._Z10idleCommonv
                0x00000000c0021272       0x21
 .text._Z10idleCommonv
                0x00000000c0021272       0x21 core/idle.32
                0x00000000c0021272                idleCommon()

.text._ZN10LinkedListI8UnixFileED2Ev
                0x00000000c0021294        0x2
 .text._ZN10LinkedListI8UnixFileED2Ev
                0x00000000c0021294        0x2 core/unixfile.32
                0x00000000c0021294                LinkedList<UnixFile>::~LinkedList()
                0x00000000c0021294                LinkedList<UnixFile>::~LinkedList()

.text._ZN10LinkedListI8UnixFileEC2Ev
                0x00000000c0021296       0x42
 .text._ZN10LinkedListI8UnixFileEC2Ev
                0x00000000c0021296       0x42 core/unixfile.32
                0x00000000c0021296                LinkedList<UnixFile>::LinkedList()
                0x00000000c0021296                LinkedList<UnixFile>::LinkedList()

.text._ZN10LinkedListI8UnixFileE10addElementEPS0_
                0x00000000c00212d8       0xd3
 .text._ZN10LinkedListI8UnixFileE10addElementEPS0_
                0x00000000c00212d8       0xd3 core/unixfile.32
                0x00000000c00212d8                LinkedList<UnixFile>::addElement(UnixFile*)

.text._ZN10LinkedListI8UnixFileE15getFirstElementEv
                0x00000000c00213ac        0x7
 .text._ZN10LinkedListI8UnixFileE15getFirstElementEv
                0x00000000c00213ac        0x7 core/unixfile.32
                0x00000000c00213ac                LinkedList<UnixFile>::getFirstElement()

.text._ZN10LinkedListI8UnixFileE11removeFirstEv
                0x00000000c00213b4       0xa1
 .text._ZN10LinkedListI8UnixFileE11removeFirstEv
                0x00000000c00213b4       0xa1 core/unixfile.32
                0x00000000c00213b4                LinkedList<UnixFile>::removeFirst()

.text._ZN10LinkedListI8UnixFileE7getNextEPS0_
                0x00000000c0021456        0x8
 .text._ZN10LinkedListI8UnixFileE7getNextEPS0_
                0x00000000c0021456        0x8 core/unixfile.32
                0x00000000c0021456                LinkedList<UnixFile>::getNext(UnixFile*)

.text._ZN16DriverlessDeviceD2Ev
                0x00000000c002145e       0x1a
 .text._ZN16DriverlessDeviceD2Ev
                0x00000000c002145e       0x1a hal/device.32
                0x00000000c002145e                DriverlessDevice::~DriverlessDevice()
                0x00000000c002145e                DriverlessDevice::~DriverlessDevice()

.text._ZN16DriverlessDeviceD0Ev
                0x00000000c0021478       0x2a
 .text._ZN16DriverlessDeviceD0Ev
                0x00000000c0021478       0x2a hal/device.32
                0x00000000c0021478                DriverlessDevice::~DriverlessDevice()

.text._ZN10LinkedListI6DeviceE10addElementEPS0_
                0x00000000c00214a2       0xdc
 .text._ZN10LinkedListI6DeviceE10addElementEPS0_
                0x00000000c00214a2       0xdc hal/device.32
                0x00000000c00214a2                LinkedList<Device>::addElement(Device*)

.text._ZN10LinkedListI6DeviceEC2Ev
                0x00000000c002157e       0x42
 .text._ZN10LinkedListI6DeviceEC2Ev
                0x00000000c002157e       0x42 hal/device.32
                0x00000000c002157e                LinkedList<Device>::LinkedList()
                0x00000000c002157e                LinkedList<Device>::LinkedList()

.text._ZN10LinkedListIV18ThreadControlBlockE7isEmptyEv
                0x00000000c00215c0       0x1c
 .text._ZN10LinkedListIV18ThreadControlBlockE7isEmptyEv
                0x00000000c00215c0       0x1c hal/timer.32
                0x00000000c00215c0                LinkedList<ThreadControlBlock volatile>::isEmpty()

.text._ZN10LinkedListIV18ThreadControlBlockE15getFirstElementEv
                0x00000000c00215dc        0x7
 .text._ZN10LinkedListIV18ThreadControlBlockE15getFirstElementEv
                0x00000000c00215dc        0x7 hal/timer.32
                0x00000000c00215dc                LinkedList<ThreadControlBlock volatile>::getFirstElement()

.text._ZN10LinkedListIV18ThreadControlBlockE11removeFirstEv
                0x00000000c00215e4       0xb8
 .text._ZN10LinkedListIV18ThreadControlBlockE11removeFirstEv
                0x00000000c00215e4       0xb8 hal/timer.32
                0x00000000c00215e4                LinkedList<ThreadControlBlock volatile>::removeFirst()

.text._ZN10LinkedListIV18ThreadControlBlockE10addElementEPS1_
                0x00000000c002169c       0xda
 .text._ZN10LinkedListIV18ThreadControlBlockE10addElementEPS1_
                0x00000000c002169c       0xda hal/timer.32
                0x00000000c002169c                LinkedList<ThreadControlBlock volatile>::addElement(ThreadControlBlock volatile*)

.text._ZN4ACPID2Ev
                0x00000000c0021778       0x23
 .text._ZN4ACPID2Ev
                0x00000000c0021778       0x23 hw/acpi.32
                0x00000000c0021778                ACPI::~ACPI()
                0x00000000c0021778                ACPI::~ACPI()

.text._ZN4ACPID0Ev
                0x00000000c002179c       0x2a
 .text._ZN4ACPID0Ev
                0x00000000c002179c       0x2a hw/acpi.32
                0x00000000c002179c                ACPI::~ACPI()

.text._ZN10LinkedListI6DeviceED2Ev
                0x00000000c00217c8        0x2
 .text._ZN10LinkedListI6DeviceED2Ev
                0x00000000c00217c8        0x2 hw/acpi.32