Archive member included to satisfy reference by file (symbol)

/cygdrive/d/Users/Alex/Desktop/Toolchain/Output/bin/../lib/gcc/i386-banana/8.1.0/libgcc.a(_divdi3.o)
                              fs/fat/ff.32 (__divdi3)
/cygdrive/d/Users/Alex/Desktop/Toolchain/Output/bin/../lib/gcc/i386-banana/8.1.0/libgcc.a(_moddi3.o)
                              acpica/osl.32 (__moddi3)
/cygdrive/d/Users/Alex/Desktop/Toolchain/Output/bin/../lib/gcc/i386-banana/8.1.0/libgcc.a(_udivdi3.o)
                              acpica/utmath.32 (__udivdi3)
/cygdrive/d/Users/Alex/Desktop/Toolchain/Output/bin/../lib/gcc/i386-banana/8.1.0/libgcc.a(_umoddi3.o)
                              acpica/utmath.32 (__umoddi3)
D:/Users/Alex/Desktop/Banana/kernel/libk/libm32.a(s_fabs.c.o)
                              hal/libresample/samplerate.32 (fabs)
D:/Users/Alex/Desktop/Banana/kernel/libk/libm32.a(s_lrint.S.o)
                              hal/libresample/samplerate.32 (lrint)
D:/Users/Alex/Desktop/Banana/kernel/libk/libm32.a(s_lrintf.S.o)
                              hal/sound/sndhw.32 (lrintf)

Allocating common symbols
Common symbol       size              file

AcpiGbl_StateCache  0x4               acpica/utglobal.32
AcpiGbl_OwnerIdMask
                    0x200             acpica/utglobal.32
AcpiGbl_StepToNextCall
                    0x1               acpica/utglobal.32
AcpiGbl_RootTableList
                    0x10              acpica/utglobal.32
AcpiGbl_FadtGpeDevice
                    0x4               acpica/utglobal.32
AcpiGbl_GpeXruptListHead
                    0x4               acpica/utglobal.32
AcpiGbl_GlobalLockHandle
                    0x2               acpica/utglobal.32
AcpiGbl_RootNodeStruct
                    0x1c              acpica/utglobal.32
AcpiGbl_FACS        0x4               acpica/utglobal.32
AcpiGbl_AllGpesInitialized
                    0x1               acpica/utglobal.32
AcpiGbl_GlobalLockMutex
                    0x4               acpica/utglobal.32
AcpiGbl_IntegerByteWidth
                    0x1               acpica/utglobal.32
AcpiGbl_Pm1EnableRegisterSave
                    0x2               acpica/utglobal.32
AcpiGbl_NsLookupCount
                    0x4               acpica/utglobal.32
AcpiCurrentGpeCount
                    0x4               acpica/utglobal.32
AcpiGbl_IntegerBitWidth
                    0x1               acpica/utglobal.32
AcpiGbl_NamespaceCache
                    0x4               acpica/utglobal.32
AcpiGbl_TableHandler
                    0x4               acpica/utglobal.32
AcpiGbl_HardwareLock
                    0x4               acpica/utglobal.32
AcpiGbl_FixedEventHandlers
                    0x28              acpica/utglobal.32
AcpiSciCount        0x4               acpica/utglobal.32
AcpiGbl_DSDT        0x4               acpica/utglobal.32
AcpiGbl_GlobalNotify
                    0x10              acpica/utglobal.32
AcpiGbl_GlobalLockSemaphore
                    0x4               acpica/utglobal.32
AcpiGbl_SystemAwakeAndRunning
                    0x1               acpica/utglobal.32
AcpiGbl_InterfaceHandler
                    0x4               acpica/utglobal.32
AcpiGbl_EventsInitialized
                    0x1               acpica/utglobal.32
AcpiGbl_SupportedInterfaces
                    0x4               acpica/utglobal.32
AcpiGbl_GpeLock     0x4               acpica/utglobal.32
AcpiGbl_SleepTypeB  0x1               acpica/utglobal.32
AcpiGbl_InitHandler
                    0x4               acpica/utglobal.32
AcpiGbl_GlobalLockAcquired
                    0x1               acpica/utglobal.32
AcpiGbl_XPm1bEnable
                    0xc               acpica/utglobal.32
AcpiGbl_OriginalDsdtHeader
                    0x24              acpica/utglobal.32
AcpiGbl_ReferenceCountLock
                    0x4               acpica/utglobal.32
AcpiGpeCount        0x4               acpica/utglobal.32
AcpiGbl_TableHandlerContext
                    0x4               acpica/utglobal.32
AcpiGbl_XPm1aStatus
                    0xc               acpica/utglobal.32
AcpiGbl_OriginalMode
                    0x4               acpica/utglobal.32
AcpiGbl_CmSingleStep
                    0x1               acpica/utglobal.32
AcpiGbl_GlobalEventHandlerContext
                    0x4               acpica/utglobal.32
AcpiGbl_PsFindCount
                    0x4               acpica/utglobal.32
AcpiFixedEventCount
                    0x14              acpica/utglobal.32
AcpiGbl_AcpiHardwarePresent
                    0x1               acpica/utglobal.32
AcpiGbl_MutexInfo   0x60              acpica/utglobal.32
AcpiGbl_RootNode    0x4               acpica/utglobal.32
AcpiGbl_AddressRangeList
                    0x8               acpica/utglobal.32
AcpiGbl_FADT        0x114             acpica/utglobal.32
AcpiGbl_IntegerNybbleWidth
                    0x1               acpica/utglobal.32
AcpiGbl_XPm1aEnable
                    0xc               acpica/utglobal.32
AcpiGbl_OperandCache
[...]
Memory Configuration

Name             Origin             Length             Attributes
*default*        0x0000000000000000 0xffffffffffffffff

Linker script and memory map

LOAD D:/Users/Alex/Desktop/Banana/kernel/boot.32
LOAD crti.32
LOAD /cygdrive/d/Users/Alex/Desktop/Toolchain/Output/bin/../lib/gcc/i386-banana/8.1.0/crtbegin.o
LOAD D:/Users/Alex/Desktop/Banana/kernel/morenasm.32
LOAD acpica/dsargs.32
LOAD acpica/dscontrol.32
LOAD acpica/dsdebug.32
LOAD acpica/dsfield.32
LOAD acpica/dsinit.32
LOAD acpica/dsmethod.32
LOAD acpica/dsmthdat.32
LOAD acpica/dsobject.32
LOAD acpica/dsopcode.32
LOAD acpica/dspkginit.32
LOAD acpica/dsutils.32
LOAD acpica/dswexec.32
LOAD acpica/dswload.32
LOAD acpica/dswload2.32
LOAD acpica/dswscope.32
LOAD acpica/dswstate.32
LOAD acpica/evevent.32
LOAD acpica/evglock.32
LOAD acpica/evgpe.32
LOAD acpica/evgpeblk.32
LOAD acpica/evgpeinit.32
LOAD acpica/evgpeutil.32
LOAD acpica/evhandler.32
LOAD acpica/evmisc.32
LOAD acpica/evregion.32
LOAD acpica/evrgnini.32
LOAD acpica/evsci.32
LOAD acpica/evxface.32
LOAD acpica/evxfevnt.32
LOAD acpica/evxfgpe.32
LOAD acpica/evxfregn.32
LOAD acpica/exconcat.32
LOAD acpica/exconfig.32
LOAD acpica/exconvrt.32
LOAD acpica/excreate.32
LOAD acpica/exdebug.32
LOAD acpica/exdump.32
LOAD acpica/exfield.32
LOAD acpica/exfldio.32
LOAD acpica/exmisc.32
LOAD acpica/exmutex.32
LOAD acpica/exnames.32
LOAD acpica/exoparg1.32
LOAD acpica/exoparg2.32
LOAD acpica/exoparg3.32
LOAD acpica/exoparg6.32
LOAD acpica/exprep.32
LOAD acpica/exregion.32
LOAD acpica/exresnte.32
LOAD acpica/exresolv.32
LOAD acpica/exresop.32
LOAD acpica/exserial.32
LOAD acpica/exstore.32
LOAD acpica/exstoren.32
LOAD acpica/exstorob.32
LOAD acpica/exsystem.32
LOAD acpica/extrace.32
LOAD acpica/exutils.32
LOAD acpica/hwacpi.32
LOAD acpica/hwesleep.32
LOAD acpica/hwgpe.32
LOAD acpica/hwpci.32
LOAD acpica/hwregs.32
LOAD acpica/hwsleep.32
LOAD acpica/hwtimer.32
LOAD acpica/hwvalid.32
LOAD acpica/hwxface.32
LOAD acpica/hwxfsleep.32
LOAD acpica/nsaccess.32
LOAD acpica/nsalloc.32
LOAD acpica/nsarguments.32
LOAD acpica/nsconvert.32
LOAD acpica/nsdump.32
LOAD acpica/nsdumpdv.32
LOAD acpica/nseval.32
LOAD acpica/nsinit.32
LOAD acpica/nsload.32
LOAD acpica/nsnames.32
LOAD acpica/nsobject.32
LOAD acpica/nsparse.32
LOAD acpica/nspredef.32
LOAD acpica/nsprepkg.32
LOAD acpica/nsrepair.32
LOAD acpica/nsrepair2.32
LOAD acpica/nssearch.32
LOAD acpica/nsutils.32
LOAD acpica/nswalk.32
LOAD acpica/nsxfeval.32
LOAD acpica/nsxfname.32
LOAD acpica/nsxfobj.32
LOAD acpica/psargs.32
LOAD acpica/psloop.32
LOAD acpica/psobject.32
LOAD acpica/psopcode.32
LOAD acpica/psopinfo.32
LOAD acpica/psparse.32
LOAD acpica/psscope.32
LOAD acpica/pstree.32
LOAD acpica/psutils.32
LOAD acpica/pswalk.32
LOAD acpica/psxface.32
LOAD acpica/rsaddr.32
LOAD acpica/rscalc.32
LOAD acpica/rscreate.32
LOAD acpica/rsdump.32
LOAD acpica/rsdumpinfo.32
LOAD acpica/rsinfo.32
LOAD acpica/rsio.32
LOAD acpica/rsirq.32
LOAD acpica/rslist.32
LOAD acpica/rsmemory.32
LOAD acpica/rsmisc.32
LOAD acpica/rsserial.32
LOAD acpica/rsutils.32
LOAD acpica/rsxface.32
LOAD acpica/tbdata.32
LOAD acpica/tbfadt.32
LOAD acpica/tbfind.32
LOAD acpica/tbinstal.32
LOAD acpica/tbprint.32
LOAD acpica/tbutils.32
LOAD acpica/tbxface.32
LOAD acpica/tbxfload.32
LOAD acpica/tbxfroot.32
LOAD acpica/utaddress.32
LOAD acpica/utalloc.32
LOAD acpica/utascii.32
LOAD acpica/utbuffer.32
LOAD acpica/utcache.32
LOAD acpica/utclib.32
LOAD acpica/utcopy.32
LOAD acpica/utdebug.32
LOAD acpica/utdecode.32
LOAD acpica/utdelete.32
LOAD acpica/uterror.32
LOAD acpica/uteval.32
LOAD acpica/utexcep.32
LOAD acpica/utglobal.32
LOAD acpica/uthex.32
LOAD acpica/utids.32
LOAD acpica/utinit.32
LOAD acpica/utlock.32
LOAD acpica/utmath.32
LOAD acpica/utmisc.32
LOAD acpica/utmutex.32
LOAD acpica/utnonansi.32
LOAD acpica/utobject.32
LOAD acpica/utosi.32
LOAD acpica/utownerid.32
LOAD acpica/utpredef.32
LOAD acpica/utprint.32
LOAD acpica/utresdecode.32
LOAD acpica/utresrc.32
LOAD acpica/utstate.32
LOAD acpica/utstring.32
LOAD acpica/utstrsuppt.32
LOAD acpica/utstrtoul64.32
LOAD acpica/uttrack.32
LOAD acpica/utuuid.32
LOAD acpica/utxface.32
LOAD acpica/utxferror.32
LOAD acpica/utxfinit.32
LOAD acpica/utxfmutex.32
LOAD core/malloc.32
LOAD libk/string.32
LOAD fs/fat/diskio.32
LOAD fs/fat/ff.32
LOAD fs/fat/ffsystem.32
LOAD fs/fat/ffunicode.32
LOAD hal/libresample/samplerate.32
LOAD hal/libresample/src_linear.32
LOAD hal/libresample/src_sinc.32
LOAD hal/libresample/src_zoh.32
LOAD acpica/osl.32
LOAD core/computer.32
LOAD core/elf.32
LOAD core/gdt.32
LOAD core/idle.32
LOAD core/idt.32
LOAD core/kconsole.32
LOAD core/kheap.32
LOAD core/main.32
LOAD core/physmgr.32
LOAD core/pipe.32
LOAD core/prcssthr.32
LOAD core/syscalls.32
LOAD core/terminal.32
LOAD core/tss.32
LOAD core/unixfile.32
LOAD core/virtmgr.32
LOAD coreobjs/c++.32
LOAD debugger/debug.32
LOAD fs/vfs.32
LOAD hal/bus.32
LOAD hal/buzzer.32
LOAD hal/clock.32
LOAD hal/device.32
LOAD hal/diskctrl.32
LOAD hal/diskphys.32
LOAD hal/fpu.32
LOAD hal/intctrl.32
LOAD hal/keybrd.32
LOAD hal/logidisk.32
LOAD hal/partition.32
LOAD hal/timer.32
LOAD hal/vcache.32
LOAD hal/video.32
LOAD hw/acpi.32
LOAD hw/cpu.32
LOAD hw/ports.32
LOAD registry/registry.32
LOAD syscalls/sc_exit.32
LOAD syscalls/sc_sbrk.32
LOAD syscalls/sc_yield.32
LOAD vm86/vm8086.32
LOAD fs/fat/vfslink.32
LOAD fs/iso9660/vfslink.32
LOAD hal/sound/sndchannel.32
LOAD hal/sound/sndhw.32
LOAD hw/audio/sb16.32
LOAD hw/bus/isa.32
LOAD hw/bus/pci.32
LOAD hw/bus/ps2.32
LOAD hw/bus/ps2port.32
LOAD hw/buzzer/pcspk.32
LOAD hw/clock/rtc.32
LOAD hw/diskctrl/ide.32
LOAD hw/diskphys/ata.32
LOAD hw/diskphys/atapi.32
LOAD hw/dma/isadma.32
LOAD hw/fpu/avx.32
LOAD hw/fpu/mmx.32
LOAD hw/fpu/sse.32
LOAD hw/fpu/x87.32
LOAD hw/intctrl/apic.32
LOAD hw/intctrl/pic.32
LOAD hw/keybrd/ps2key.32
LOAD hw/timer/apictimer.32
LOAD hw/timer/pit.32
LOAD hw/video/vga.32
LOAD hw/fpu/x86/avx.32
LOAD hw/fpu/x86/sse.32
LOAD hw/fpu/x86/x87.32
LOAD /cygdrive/d/Users/Alex/Desktop/Toolchain/Output/bin/../lib/gcc/i386-banana/8.1.0/crtend.o
LOAD crtn.32
LOAD /cygdrive/d/Users/Alex/Desktop/Toolchain/Output/bin/../lib/gcc/i386-banana/8.1.0/libgcc.a
LOAD D:/Users/Alex/Desktop/Banana/kernel/libk/libm32.a
                0x00000000c0000000                . = 0xc0000000

.text           0x00000000c0000000    0x50e28
 *(.text)
 .text          0x00000000c0000000       0x41 D:/Users/Alex/Desktop/Banana/kernel/boot.32
                0x00000000c0000025                callGlobalConstructors
 .text          0x00000000c0000041        0x0 crti.32
 *fill*         0x00000000c0000041        0x3 
 .text          0x00000000c0000044      0x101 /cygdrive/d/Users/Alex/Desktop/Toolchain/Output/bin/../lib/gcc/i386-banana/8.1.0/crtbegin.o
 *fill*         0x00000000c0000145        0xb 
 .text          0x00000000c0000150      0x44b D:/Users/Alex/Desktop/Banana/kernel/morenasm.32
                0x00000000c0000150                doTPAUSE
                0x00000000c000015a                hasLegacyFPU
                0x00000000c000017f                is486
                0x00000000c00001e2                goToVM86
                0x00000000c0000213                goToUsermode
                0x00000000c000023e                switchToThreadASMFirstTime
                0x00000000c000024c                switchToThreadASM
                0x00000000c00002ec                detectCPUID
                0x00000000c0000302                asmQuickAcquireLock
                0x00000000c0000320                asmQuickReleaseLock
                0x00000000c000032c                asmAcquireLock
                0x00000000c000034d                asmReleaseLock
                0x00000000c0000360                loadGDT
                0x00000000c0000380                isr0
                0x00000000c0000390                isr1
                0x00000000c000039a                isr2
                0x00000000c00003a4                isr3
                0x00000000c00003ae                isr4
                0x00000000c00003b8                isr5
                0x00000000c00003c2                isr6
                0x00000000c00003cc                isr7
                0x00000000c00003d6                isr8
                0x00000000c00003de                isr9
                0x00000000c00003e8                isr10
                0x00000000c00003f0                isr11
                0x00000000c00003f8                isr12
                0x00000000c0000400                isr13
                0x00000000c0000408                isr14
                0x00000000c0000410                isr15
                0x00000000c000041a                isr16
                0x00000000c0000424                isr17
                0x00000000c000042e                isr18
                0x00000000c0000438                isr96
                0x00000000c0000442                irq0
                0x00000000c000044c                irq1
                0x00000000c0000456                irq2
                0x00000000c0000460                irq3
                0x00000000c000046a                irq4
                0x00000000c0000474                irq5
                0x00000000c000047e                irq6
                0x00000000c0000488                irq7
                0x00000000c0000492                irq8
                0x00000000c000049c                irq9
                0x00000000c00004a6                irq10
                0x00000000c00004b0                irq11
                0x00000000c00004ba                irq12
                0x00000000c00004c4                irq13
                0x00000000c00004ce                irq14
                0x00000000c00004d8                irq15
                0x00000000c00004e2                irq16
                0x00000000c00004ec                irq17
                0x00000000c00004f6                irq18
                0x00000000c0000500                irq19
                0x00000000c000050a                irq20
                0x00000000c0000514                irq21
                0x00000000c000051e                irq22
                0x00000000c0000528                irq23
                0x00000000c0000532                int_common_stub
                0x00000000c0000562                syscall_common_stub
 .text          0x00000000c000059b      0x3da acpica/dsargs.32
                0x00000000c000072a                AcpiDsGetBufferFieldArguments
                0x00000000c0000789                AcpiDsGetBankFieldArguments
                0x00000000c00007e8                AcpiDsGetBufferArguments
                0x00000000c0000859                AcpiDsGetPackageArguments
                0x00000000c00008ca                AcpiDsGetRegionArguments
 .text          0x00000000c0000975      0x47a acpica/dscontrol.32
                0x00000000c0000977                AcpiDsExecBeginControlOp
                0x00000000c0000aa7                AcpiDsExecEndControlOp
 .text          0x00000000c0000def        0x2 acpica/dsdebug.32
                0x00000000c0000def                AcpiDsDumpMethodStack
 .text          0x00000000c0000df1      0x9f6 acpica/dsfield.32
                0x00000000c0000df1                AcpiDsCreateBufferField
                0x00000000c00012e7                AcpiDsCreateField
                0x00000000c00013f1                AcpiDsInitFieldObjects
                0x00000000c0001592                AcpiDsCreateBankField
                0x00000000c00016c6                AcpiDsCreateIndexField
 .text          0x00000000c00017e7      0x22d acpica/dsinit.32
                0x00000000c0001962                AcpiDsInitializeObjects
 .text          0x00000000c0001a14      0x9d7 acpica/dsmethod.32
                0x00000000c0001a63                AcpiDsAutoSerializeMethod
                0x00000000c0001b6c                AcpiDsMethodError
                0x00000000c0001cc8                AcpiDsBeginMethodExecution
                0x00000000c0001f6b                AcpiDsRestartControlMethod
                0x00000000c000200a                AcpiDsTerminateControlMethod
                0x00000000c00021ee                AcpiDsCallControlMethod
 .text          0x00000000c00023eb      0x743 acpica/dsmthdat.32
                0x00000000c00023eb                AcpiDsMethodDataInit
                0x00000000c00025d4                AcpiDsMethodDataDeleteAll
                0x00000000c00026a1                AcpiDsMethodDataGetNode
                0x00000000c00027dc                AcpiDsMethodDataInitArgs
                0x00000000c0002853                AcpiDsMethodDataGetValue
                0x00000000c00029e2                AcpiDsStoreObjectToLocal
 .text          0x00000000c0002b2e      0x736 acpica/dsobject.32
                0x00000000c0002b2e                AcpiDsBuildInternalBufferObj
                0x00000000c0002c97                AcpiDsInitObjectFromOp
                0x00000000c000302c                AcpiDsBuildInternalObject
                0x00000000c00031ce                AcpiDsCreateNode
 .text          0x00000000c0003264      0xa93 acpica/dsopcode.32
                0x00000000c0003264                AcpiDsInitializeRegion
                0x00000000c0003577                AcpiDsEvalBufferFieldOperands
                0x00000000c00036e8                AcpiDsEvalRegionOperands
                0x00000000c000388d                AcpiDsEvalTableRegionOperands
                0x00000000c0003a47                AcpiDsEvalDataObjectOperands
                0x00000000c0003bfb                AcpiDsEvalBankFieldOperands
 .text          0x00000000c0003cf7      0x597 acpica/dspkginit.32
                0x00000000c0003ec9                AcpiDsInitPackageElement
                0x00000000c0003f35                AcpiDsBuildInternalPackageObj
 .text          0x00000000c000428e      0x956 acpica/dsutils.32
                0x00000000c0004290                AcpiDsClearImplicitReturn
                0x00000000c00042d3                AcpiDsDoImplicitReturn
                0x00000000c0004343                AcpiDsIsResultUsed
                0x00000000c00044d5                AcpiDsDeleteResultIfNotUsed
                0x00000000c000454d                AcpiDsResolveOperands
                0x00000000c00045a9                AcpiDsClearOperands
                0x00000000c00045fd                AcpiDsCreateOperand
                0x00000000c0004968                AcpiDsCreateOperands
                0x00000000c0004a58                AcpiDsEvaluateNamePath
 .text          0x00000000c0004be4      0xa84 acpica/dswexec.32
                0x00000000c0004bec                AcpiDsGetPredicateValue
                0x00000000c0004e08                AcpiDsExecBeginOp
                0x00000000c0005005                AcpiDsExecEndOp
 .text          0x00000000c0005668      0x6f7 acpica/dswload.32
                0x00000000c0005668                AcpiDsLoad1BeginOp
                0x00000000c00059d1                AcpiDsLoad1EndOp
                0x00000000c0005c8f                AcpiDsInitCallbacks
 .text          0x00000000c0005d5f      0x901 acpica/dswload2.32
                0x00000000c0005d5f                AcpiDsLoad2BeginOp
                0x00000000c00061ce                AcpiDsLoad2EndOp
 .text          0x00000000c0006660      0x161 acpica/dswscope.32
                0x00000000c0006660                AcpiDsScopeStackClear
                0x00000000c00066a0                AcpiDsScopeStackPush
                0x00000000c0006767                AcpiDsScopeStackPop
 .text          0x00000000c00067c1      0x8f5 acpica/dswstate.32
                0x00000000c0006851                AcpiDsResultPush
                0x00000000c0006a24                AcpiDsResultPop
                0x00000000c0006b56                AcpiDsObjStackPush
                0x00000000c0006bd5                AcpiDsObjStackPop
                0x00000000c0006c57                AcpiDsObjStackPopAndDelete
                0x00000000c0006cd6                AcpiDsGetCurrentWalkState
                0x00000000c0006cee                AcpiDsPushWalkState
                0x00000000c0006d08                AcpiDsPopWalkState
                0x00000000c0006d2d                AcpiDsCreateWalkState
                0x00000000c0006dc2                AcpiDsInitAmlWalk
                0x00000000c0006f8e                AcpiDsDeleteWalkState
 .text          0x00000000c00070b6      0x307 acpica/evevent.32
                0x00000000c00070b6                AcpiEvInstallXruptHandlers
                0x00000000c00071b4                AcpiEvInitializeEvents
                0x00000000c00072d5                AcpiEvFixedEventDetect
 .text          0x00000000c00073bd      0x2d8 acpica/evglock.32
                0x00000000c000743e                AcpiEvInitGlobalLockHandler
                0x00000000c00074ca                AcpiEvRemoveGlobalLockHandler
                0x00000000c0007502                AcpiEvAcquireGlobalLock
                0x00000000c0007610                AcpiEvReleaseGlobalLock
 .text          0x00000000c0007695      0x960 acpica/evgpe.32
                0x00000000c0007695                AcpiEvUpdateGpeEnableMask
                0x00000000c0007703                AcpiEvEnableGpe
                0x00000000c0007721                AcpiEvMaskGpe
                0x00000000c00077f3                AcpiEvAddGpeReference
                0x00000000c0007886                AcpiEvRemoveGpeReference
                0x00000000c0007901                AcpiEvLowGetGpeInfo
                0x00000000c0007962                AcpiEvGetGpeEventInfo
                0x00000000c00079ea                AcpiEvFinishGpe
                0x00000000c0007ba9                AcpiEvGpeDispatch
                0x00000000c0007d1b                AcpiEvDetectGpe
                0x00000000c0007ea8                AcpiEvGpeDetect
 .text          0x00000000c0007ff5      0x726 acpica/evgpeblk.32
                0x00000000c00080bf                AcpiEvDeleteGpeBlock
                0x00000000c000843b                AcpiEvCreateGpeBlock
                0x00000000c00085b0                AcpiEvInitializeGpeBlock
 .text          0x00000000c000871b      0x48d acpica/evgpeinit.32
                0x00000000c000871b                AcpiEvMatchGpeMethod
                0x00000000c00088b2                AcpiEvGpeInitialize
                0x00000000c0008ab4                AcpiEvUpdateGpes
 .text          0x00000000c0008ba8      0x407 acpica/evgpeutil.32
                0x00000000c0008ba8                AcpiEvWalkGpeList
                0x00000000c0008c47                AcpiEvGetGpeDevice
                0x00000000c0008ca8                AcpiEvGetGpeXruptBlock
                0x00000000c0008dd7                AcpiEvDeleteGpeXrupt
                0x00000000c0008ea1                AcpiEvDeleteGpeHandlers
 .text          0x00000000c0008faf      0x4a5 acpica/evhandler.32
                0x00000000c0008faf                AcpiEvHasDefaultHandler
                0x00000000c000900f                AcpiEvFindRegionHandler
                0x00000000c0009145                AcpiEvInstallSpaceHandler
                0x00000000c00093ca                AcpiEvInstallRegionHandlers
 .text          0x00000000c0009454      0x32c acpica/evmisc.32
                0x00000000c00094fb                AcpiEvIsNotifyObject
                0x00000000c0009521                AcpiEvQueueNotifyRequest
                0x00000000c0009631                AcpiEvTerminate
 .text          0x00000000c0009780      0x9c7 acpica/evregion.32
                0x00000000c0009780                AcpiEvAddressSpaceDispatch
                0x00000000c0009a81                AcpiEvAttachRegion
                0x00000000c0009ad1                AcpiEvExecuteRegMethod
                0x00000000c0009cb8                AcpiEvDetachRegion
                0x00000000c000a052                AcpiEvExecuteRegMethods
                0x00000000c000a0be                AcpiEvInitializeOpRegions
 .text          0x00000000c000a147      0x535 acpica/evrgnini.32
                0x00000000c000a147                AcpiEvSystemMemoryRegionSetup
                0x00000000c000a1f4                AcpiEvIoSpaceRegionSetup
                0x00000000c000a217                AcpiEvIsPciRootBridge
                0x00000000c000a2e2                AcpiEvPciConfigRegionSetup
                0x00000000c000a543                AcpiEvPciBarRegionSetup
                0x00000000c000a549                AcpiEvCmosRegionSetup
                0x00000000c000a54f                AcpiEvDefaultRegionSetup
                0x00000000c000a572                AcpiEvInitializeRegion
 .text          0x00000000c000a67c      0x1a4 acpica/evsci.32
                0x00000000c000a67c                AcpiEvSciDispatch
                0x00000000c000a738                AcpiEvGpeXruptHandler
                0x00000000c000a761                AcpiEvInstallSciHandler
                0x00000000c000a797                AcpiEvRemoveAllSciHandlers
 .text          0x00000000c000a820      0xcf1 acpica/evxface.32
                0x00000000c000a820                AcpiInstallNotifyHandler
                0x00000000c000aa7b                AcpiRemoveNotifyHandler
                0x00000000c000ac9f                AcpiInstallExceptionHandler
                0x00000000c000acec                AcpiInstallSciHandler
                0x00000000c000adda                AcpiRemoveSciHandler
                0x00000000c000aebf                AcpiInstallGlobalEventHandler
                0x00000000c000af21                AcpiInstallFixedEventHandler
                0x00000000c000affc                AcpiRemoveFixedEventHandler
                0x00000000c000b294                AcpiInstallGpeHandler
                0x00000000c000b2be                AcpiInstallGpeRawHandler
                0x00000000c000b2e8                AcpiRemoveGpeHandler
                0x00000000c000b478                AcpiAcquireGlobalLock
                0x00000000c000b4d7                AcpiReleaseGlobalLock
 .text          0x00000000c000b511      0x38d acpica/evxfevnt.32
                0x00000000c000b511                AcpiEnable
                0x00000000c000b583                AcpiDisable
                0x00000000c000b5e4                AcpiEnableEvent
                0x00000000c000b6b2                AcpiDisableEvent
                0x00000000c000b77f                AcpiClearEvent
                0x00000000c000b7d4                AcpiGetEventStatus
 .text          0x00000000c000b89e      0xa22 acpica/evxfgpe.32
                0x00000000c000b89e                AcpiUpdateAllGpes
                0x00000000c000b929                AcpiEnableGpe
                0x00000000c000b9a9                AcpiDisableGpe
                0x00000000c000ba0e                AcpiSetGpe
                0x00000000c000bab9                AcpiMaskGpe
                0x00000000c000bb2b                AcpiMarkGpeForWake
                0x00000000c000bb97                AcpiSetupGpeForWake
                0x00000000c000bd1d                AcpiSetGpeWakeMask
                0x00000000c000be27                AcpiClearGpe
                0x00000000c000be95                AcpiGetGpeStatus
                0x00000000c000bf06                AcpiDispatchGpe
                0x00000000c000bf21                AcpiFinishGpe
                0x00000000c000bf88                AcpiDisableAllGpes
                0x00000000c000bfc3                AcpiEnableAllRuntimeGpes
                0x00000000c000bffe                AcpiEnableAllWakeupGpes
                0x00000000c000c039                AcpiInstallGpeBlock
                0x00000000c000c189                AcpiRemoveGpeBlock
                0x00000000c000c252                AcpiGetGpeDevice
 .text          0x00000000c000c2c0      0x1f7 acpica/evxfregn.32
                0x00000000c000c2c0                AcpiInstallAddressSpaceHandler
                0x00000000c000c366                AcpiRemoveAddressSpaceHandler
 .text          0x00000000c000c4b7      0x4fd acpica/exconcat.32
                0x00000000c000c554                AcpiExDoConcatenate
                0x00000000c000c8b2                AcpiExConcatTemplate
 .text          0x00000000c000c9b4      0x62b acpica/exconfig.32
                0x00000000c000ca77                AcpiExUnloadTable
                0x00000000c000cb2e                AcpiExLoadTableOp
                0x00000000c000cd4f                AcpiExLoadOp
 .text          0x00000000c000cfdf      0x74e acpica/exconvrt.32
                0x00000000c000cfdf                AcpiExConvertToInteger
                0x00000000c000d13e                AcpiExConvertToBuffer
                0x00000000c000d39c                AcpiExConvertToString
                0x00000000c000d5e6                AcpiExConvertToTargetType
 .text          0x00000000c000d72d      0x52a acpica/excreate.32
                0x00000000c000d72d                AcpiExCreateAlias
                0x00000000c000d7af                AcpiExCreateEvent
                0x00000000c000d832                AcpiExCreateMutex
                0x00000000c000d8df                AcpiExCreateRegion
                0x00000000c000da3f                AcpiExCreateProcessor
                0x00000000c000dae8                AcpiExCreatePowerResource
                0x00000000c000db7c                AcpiExCreateMethod
 .text          0x00000000c000dc57      0x557 acpica/exdebug.32
                0x00000000c000dc57                AcpiExDoDebugObject
 .text          0x00000000c000e1ae        0x0 acpica/exdump.32
 .text          0x00000000c000e1ae      0x4d5 acpica/exfield.32
                0x00000000c000e1ae                AcpiExGetProtocolBufferLength
                0x00000000c000e202                AcpiExReadDataFromField
                0x00000000c000e429                AcpiExWriteDataToField
 .text          0x00000000c000e683      0xed6 acpica/exfldio.32
                0x00000000c000e8c6                AcpiExAccessRegion
                0x00000000c000ea58                AcpiExInsertIntoField
                0x00000000c000f02f                AcpiExWriteWithUpdateRule
                0x00000000c000f221                AcpiExExtractFromField
 .text          0x00000000c000f559      0x664 acpica/exmisc.32
                0x00000000c000f559                AcpiExGetObjectReference
                0x00000000c000f654                AcpiExDoMathOp
                0x00000000c000f825                AcpiExDoLogicalNumericOp
                0x00000000c000f929                AcpiExDoLogicalOp
 .text          0x00000000c000fbbd      0x5d0 acpica/exmutex.32
                0x00000000c000fbbd                AcpiExUnlinkMutex
                0x00000000c000fc63                AcpiExAcquireMutexObject
                0x00000000c000fd38                AcpiExAcquireMutex
                0x00000000c000fe7f                AcpiExReleaseMutexObject
                0x00000000c000ff1e                AcpiExReleaseMutex
                0x00000000c00100fb                AcpiExReleaseAllMutexes
 .text          0x00000000c001018d      0x457 acpica/exnames.32
                0x00000000c0010365                AcpiExGetNameString
 .text          0x00000000c00105e4     0x1142 acpica/exoparg1.32
                0x00000000c00105e4                AcpiExOpcode_0A_0T_1R
                0x00000000c001069a                AcpiExOpcode_1A_0T_0R
                0x00000000c001079c                AcpiExOpcode_1A_1T_0R
                0x00000000c0010816                AcpiExOpcode_1A_1T_1R
                0x00000000c0010fe6                AcpiExOpcode_1A_0T_1R
 .text          0x00000000c0011726      0x8df acpica/exoparg2.32
                0x00000000c0011726                AcpiExOpcode_2A_0T_0R
                0x00000000c00117f7                AcpiExOpcode_2A_2T_1R
                0x00000000c0011977                AcpiExOpcode_2A_1T_1R
                0x00000000c0011e24                AcpiExOpcode_2A_0T_1R
 .text          0x00000000c0012005      0x33c acpica/exoparg3.32
                0x00000000c0012005                AcpiExOpcode_3A_0T_0R
                0x00000000c0012104                AcpiExOpcode_3A_1T_1R
 .text          0x00000000c0012341      0x36c acpica/exoparg6.32
                0x00000000c001244e                AcpiExOpcode_6A_0T_1R
 .text          0x00000000c00126ad      0x53f acpica/exprep.32
                0x00000000c0012767                AcpiExPrepCommonFieldObject
                0x00000000c00127ff                AcpiExPrepFieldValue
 .text          0x00000000c0012bec      0x4b7 acpica/exregion.32
                0x00000000c0012bec                AcpiExSystemMemorySpaceHandler
                0x00000000c0012ef1                AcpiExSystemIoSpaceHandler
                0x00000000c0012f6e                AcpiExPciConfigSpaceHandler
                0x00000000c0012fff                AcpiExCmosSpaceHandler
                0x00000000c001301d                AcpiExPciBarSpaceHandler
                0x00000000c001303b                AcpiExDataTableSpaceHandler
 .text          0x00000000c00130a3      0x360 acpica/exresnte.32
                0x00000000c00130a3                AcpiExResolveNodeToValue
 .text          0x00000000c0013403      0x61b acpica/exresolv.32
                0x00000000c0013644                AcpiExResolveToValue
                0x00000000c0013704                AcpiExResolveMultiple
 .text          0x00000000c0013a1e      0x7cc acpica/exresop.32
                0x00000000c0013aab                AcpiExResolveOperands
 .text          0x00000000c00141ea      0x3a2 acpica/exserial.32
                0x00000000c00141ea                AcpiExReadGpio
                0x00000000c0014234                AcpiExWriteGpio
                0x00000000c0014298                AcpiExReadSerialBus
                0x00000000c00143f0                AcpiExWriteSerialBus
 .text          0x00000000c001458c      0x588 acpica/exstore.32
                0x00000000c00147a3                AcpiExStoreObjectToNode
                0x00000000c0014992                AcpiExStore
 .text          0x00000000c0014b14      0x296 acpica/exstoren.32
                0x00000000c0014b14                AcpiExResolveObject
                0x00000000c0014c32                AcpiExStoreObjectToObject
 .text          0x00000000c0014daa      0x202 acpica/exstorob.32
                0x00000000c0014daa                AcpiExStoreBufferToBuffer
                0x00000000c0014ea1                AcpiExStoreStringToString
 .text          0x00000000c0014fac      0x206 acpica/exsystem.32
                0x00000000c0014fac                AcpiExSystemWaitSemaphore
                0x00000000c0015006                AcpiExSystemWaitMutex
                0x00000000c0015060                AcpiExSystemDoStall
                0x00000000c00150ac                AcpiExSystemDoSleep
                0x00000000c0015100                AcpiExSystemSignalEvent
                0x00000000c001512f                AcpiExSystemWaitEvent
                0x00000000c0015169                AcpiExSystemResetEvent
 .text          0x00000000c00151b2      0x1ec acpica/extrace.32
                0x00000000c001521d                AcpiExTracePoint
                0x00000000c001522c                AcpiExStartTraceMethod
                0x00000000c00152e3                AcpiExStopTraceMethod
                0x00000000c001536e                AcpiExStartTraceOpcode
                0x00000000c0015386                AcpiExStopTraceOpcode
 .text          0x00000000c001539e      0x525 acpica/exutils.32
                0x00000000c001539e                AcpiExEnterInterpreter
                0x00000000c0015408                AcpiExExitInterpreter
                0x00000000c0015472                AcpiExTruncateFor32bitTable
                0x00000000c00154d8                AcpiExAcquireGlobalLock
                0x00000000c001552f                AcpiExReleaseGlobalLock
                0x00000000c0015607                AcpiExEisaIdToString
                0x00000000c0015728                AcpiExIntegerToString
                0x00000000c00157a1                AcpiExPciClsToString
                0x00000000c0015896                AcpiIsValidSpaceId
 .text          0x00000000c00158c3      0x1ae acpica/hwacpi.32
                0x00000000c00158c3                AcpiHwGetMode
                0x00000000c001591f                AcpiHwSetMode
 .text          0x00000000c0015a71      0x2a5 acpica/hwesleep.32
                0x00000000c0015a71                AcpiHwExecuteSleepMethod
                0x00000000c0015ae9                AcpiHwExtendedSleep
                0x00000000c0015c38                AcpiHwExtendedWakePrep
                0x00000000c0015ca3                AcpiHwExtendedWake
 .text          0x00000000c0015d16      0x55c acpica/hwgpe.32
                0x00000000c0015d16                AcpiHwGetGpeRegisterBit
                0x00000000c0015d40                AcpiHwLowSetGpe
                0x00000000c0015e77                AcpiHwClearGpe
                0x00000000c0015ec5                AcpiHwGetGpeStatus
                0x00000000c0016068                AcpiHwDisableGpeBlock
                0x00000000c00160c4                AcpiHwEnableRuntimeGpeBlock
                0x00000000c00161b1                AcpiHwClearGpeBlock
                0x00000000c0016212                AcpiHwDisableAllGpes
                0x00000000c0016232                AcpiHwEnableAllRuntimeGpes
                0x00000000c0016252                AcpiHwEnableAllWakeupGpes
 .text          0x00000000c0016272      0x338 acpica/hwpci.32
                0x00000000c0016550                AcpiHwDerivePciId
 .text          0x00000000c00165aa      0xbfa acpica/hwregs.32
                0x00000000c00167c7                AcpiHwValidateRegister
                0x00000000c0016908                AcpiHwRead
                0x00000000c0016afe                AcpiHwWrite
                0x00000000c0016cae                AcpiHwGetBitRegisterInfo
                0x00000000c0016ce8                AcpiHwWritePm1Control
                0x00000000c0016e00                AcpiHwRegisterRead
                0x00000000c0016faf                AcpiHwRegisterWrite
                0x00000000c0017137                AcpiHwClearAcpiStatus
 .text          0x00000000c00171a4      0x417 acpica/hwsleep.32
                0x00000000c00171a4                AcpiHwLegacySleep
                0x00000000c00173ff                AcpiHwLegacyWakePrep
                0x00000000c00174f6                AcpiHwLegacyWake
 .text          0x00000000c00175bb      0x1a6 acpica/hwtimer.32
                0x00000000c00175bb                AcpiGetTimerResolution
                0x00000000c00175f0                AcpiGetTimer
                0x00000000c001765f                AcpiGetTimerDuration
 .text          0x00000000c0017761      0x331 acpica/hwvalid.32
                0x00000000c00178ca                AcpiHwReadPort
                0x00000000c00179bc                AcpiHwWritePort
 .text          0x00000000c0017a92      0x47c acpica/hwxface.32
                0x00000000c0017a92                AcpiReset
                0x00000000c0017b2a                AcpiRead
                0x00000000c0017b49                AcpiWrite
                0x00000000c0017b77                AcpiReadBitRegister
                0x00000000c0017bf1                AcpiWriteBitRegister
                0x00000000c0017d11                AcpiGetSleepTypeData
 .text          0x00000000c0017f0e      0x3c1 acpica/hwxfsleep.32
                0x00000000c0017f80                AcpiSetFirmwareWakingVector
                0x00000000c0017fd5                AcpiEnterSleepStateS4bios
                0x00000000c001811d                AcpiEnterSleepStatePrep
                0x00000000c001820c                AcpiEnterSleepState
                0x00000000c001827b                AcpiLeaveSleepStatePrep
                0x00000000c00182a5                AcpiLeaveSleepState
 .text          0x00000000c00182cf      0x7cd acpica/nsaccess.32
                0x00000000c00182cf                AcpiNsRootInitialize
                0x00000000c0018646                AcpiNsLookup
 .text          0x00000000c0018a9c      0x44a acpica/nsalloc.32
                0x00000000c0018a9c                AcpiNsCreateNode
                0x00000000c0018ad8                AcpiNsDeleteNode
                0x00000000c0018b74                AcpiNsRemoveNode
                0x00000000c0018bdd                AcpiNsInstallNode
                0x00000000c0018c91                AcpiNsDeleteChildren
                0x00000000c0018d05                AcpiNsDeleteNamespaceSubtree
                0x00000000c0018dbb                AcpiNsDeleteNamespaceByOwner
 .text          0x00000000c0018ee6      0x3ca acpica/nsarguments.32
                0x00000000c0018ee6                AcpiNsCheckArgumentTypes
                0x00000000c0018fee                AcpiNsCheckAcpiCompliance
                0x00000000c0019141                AcpiNsCheckArgumentCount
 .text          0x00000000c00192b0      0x5e2 acpica/nsconvert.32
                0x00000000c00192b0                AcpiNsConvertToInteger
                0x00000000c00193c7                AcpiNsConvertToString
                0x00000000c00194ca                AcpiNsConvertToBuffer
                0x00000000c0019623                AcpiNsConvertToUnicode
                0x00000000c00196e7                AcpiNsConvertToResource
                0x00000000c001979b                AcpiNsConvertToReference
 .text          0x00000000c0019892        0x0 acpica/nsdump.32
 .text          0x00000000c0019892        0x0 acpica/nsdumpdv.32
 .text          0x00000000c0019892      0x38e acpica/nseval.32
                0x00000000c0019892                AcpiNsEvaluate
 .text          0x00000000c0019c20      0x6b7 acpica/nsinit.32
                0x00000000c0019e39                AcpiNsInitializeObjects
                0x00000000c0019e9a                AcpiNsInitializeDevices
                0x00000000c001a064                AcpiNsInitOnePackage
 .text          0x00000000c001a2d7       0xdb acpica/nsload.32
                0x00000000c001a2d7                AcpiNsLoadTable
 .text          0x00000000c001a3b2      0x592 acpica/nsnames.32
                0x00000000c001a3b2                AcpiNsHandleToName
                0x00000000c001a425                AcpiNsBuildNormalizedPath
                0x00000000c001a57e                AcpiNsGetPathnameLength
                0x00000000c001a5d5                AcpiNsHandleToPathname
                0x00000000c001a663                AcpiNsGetNormalizedPathname
                0x00000000c001a6e6                AcpiNsGetExternalPathname
                0x00000000c001a7fa                AcpiNsBuildPrefixedPathname
 .text          0x00000000c001a944      0x45a acpica/nsobject.32
                0x00000000c001a944                AcpiNsDetachObject
                0x00000000c001aa30                AcpiNsAttachObject
                0x00000000c001ab9e                AcpiNsGetAttachedObject
                0x00000000c001ac06                AcpiNsGetSecondaryObject
                0x00000000c001ac3c                AcpiNsAttachData
                0x00000000c001acda                AcpiNsDetachData
                0x00000000c001ad52                AcpiNsGetAttachedData
 .text          0x00000000c001ad9e      0x359 acpica/nsparse.32
                0x00000000c001ad9e                AcpiNsExecuteTable
                0x00000000c001af48                AcpiNsOneCompleteParse
                0x00000000c001b0d8                AcpiNsParseTable
 .text          0x00000000c001b0f7      0x3b5 acpica/nspredef.32
                0x00000000c001b1c4                AcpiNsCheckObjectType
                0x00000000c001b395                AcpiNsCheckReturnValue
 .text          0x00000000c001b4ac      0x9d3 acpica/nsprepkg.32
                0x00000000c001b9f4                AcpiNsCheckPackage
 .text          0x00000000c001be7f      0x47e acpica/nsrepair.32
                0x00000000c001bee3                AcpiNsRepairNullElement
                0x00000000c001bf9c                AcpiNsRemoveNullElements
                0x00000000c001c030                AcpiNsWrapWithPackage
                0x00000000c001c07e                AcpiNsSimpleRepair
 .text          0x00000000c001c2fd      0x9f8 acpica/nsrepair2.32
                0x00000000c001c6dd                AcpiNsComplexRepairs
 .text          0x00000000c001ccf5      0x27a acpica/nssearch.32
                0x00000000c001ccf5                AcpiNsSearchOneScope
                0x00000000c001cdbd                AcpiNsSearchAndEnter
 .text          0x00000000c001cf6f      0x819 acpica/nsutils.32
                0x00000000c001cf6f                AcpiNsPrintNodePathname
                0x00000000c001cfef                AcpiNsGetType
                0x00000000c001d027                AcpiNsLocal
                0x00000000c001d075                AcpiNsGetInternalNameLength
                0x00000000c001d14e                AcpiNsBuildInternalName
                0x00000000c001d2f5                AcpiNsInternalizeName
                0x00000000c001d388                AcpiNsExternalizeName
                0x00000000c001d5cc                AcpiNsValidateHandle
                0x00000000c001d5f8                AcpiNsTerminate
                0x00000000c001d649                AcpiNsOpensScope
                0x00000000c001d688                AcpiNsGetNodeUnlocked
                0x00000000c001d73e                AcpiNsGetNode
 .text          0x00000000c001d788      0x264 acpica/nswalk.32
                0x00000000c001d788                AcpiNsGetNextNode
                0x00000000c001d7a1                AcpiNsGetNextNodeTyped
                0x00000000c001d7f6                AcpiNsWalkNamespace
 .text          0x00000000c001d9ec      0x94e acpica/nsxfeval.32
                0x00000000c001dc58                AcpiEvaluateObject
                0x00000000c001df11                AcpiEvaluateObjectTyped
                0x00000000c001e089                AcpiWalkNamespace
                0x00000000c001e147                AcpiGetDevices
                0x00000000c001e1ba                AcpiAttachData
                0x00000000c001e23d                AcpiDetachData
                0x00000000c001e2b7                AcpiGetData
 .text          0x00000000c001e33a      0x7f2 acpica/nsxfname.32
                0x00000000c001e33a                AcpiGetHandle
                0x00000000c001e3f1                AcpiGetName
                0x00000000c001e4d1                AcpiGetObjectInfo
                0x00000000c001e8e8                AcpiInstallMethod
 .text          0x00000000c001eb2c      0x1f1 acpica/nsxfobj.32
                0x00000000c001eb2c                AcpiGetType
                0x00000000c001ebbe                AcpiGetParent
                0x00000000c001ec4c                AcpiGetNextObject
 .text          0x00000000c001ed1d      0xb9c acpica/psargs.32
                0x00000000c001ed98                AcpiPsGetNextPackageEnd
                0x00000000c001edbf                AcpiPsGetNextNamestring
                0x00000000c001ee45                AcpiPsGetNextNamepath
                0x00000000c001f087                AcpiPsGetNextSimpleArg
                0x00000000c001f599                AcpiPsGetNextArg
 .text          0x00000000c001f8b9      0x8ef acpica/psloop.32
                0x00000000c001fadc                AcpiPsParseLoop
 .text          0x00000000c00201a8      0xb0d acpica/psobject.32
                0x00000000c00202ed                AcpiPsBuildNamedOp
                0x00000000c00204af                AcpiPsCreateOp
                0x00000000c002070e                AcpiPsCompleteOp
                0x00000000c0020b26                AcpiPsCompleteFinalOp
 .text          0x00000000c0020cb5        0x0 acpica/psopcode.32
 .text          0x00000000c0020cb5       0x97 acpica/psopinfo.32
                0x00000000c0020cb5                AcpiPsGetOpcodeInfo
                0x00000000c0020d1f                AcpiPsGetOpcodeName
                0x00000000c0020d33                AcpiPsGetArgumentCount
 .text          0x00000000c0020d4c      0x936 acpica/psparse.32
                0x00000000c0020d4c                AcpiPsGetOpcodeSize
                0x00000000c0020d66                AcpiPsPeekOpcode
                0x00000000c0020da8                AcpiPsCompleteThisOp
                0x00000000c00210be                AcpiPsNextParseState
                0x00000000c0021216                AcpiPsParseAml
 .text          0x00000000c0021682      0x1f4 acpica/psscope.32
                0x00000000c0021682                AcpiPsGetParentScope
                0x00000000c0021690                AcpiPsHasCompletedScope
                0x00000000c00216c4                AcpiPsInitScope
                0x00000000c002172a                AcpiPsPushScope
                0x00000000c00217ad                AcpiPsPopScope
                0x00000000c0021835                AcpiPsCleanupScope
 .text          0x00000000c0021876      0x218 acpica/pstree.32
                0x00000000c0021876                AcpiPsGetArg
                0x00000000c00218ee                AcpiPsAppendArg
                0x00000000c00219c4                AcpiPsGetDepthNext
 .text          0x00000000c0021a8e      0x1cc acpica/psutils.32
                0x00000000c0021a8e                AcpiPsInitOp
                0x00000000c0021aaf                AcpiPsAllocOp
                0x00000000c0021b79                AcpiPsCreateScopeOp
                0x00000000c0021bae                AcpiPsFreeOp
                0x00000000c0021bf1                AcpiPsIsLeadingChar
                0x00000000c0021c17                AcpiPsGetName
                0x00000000c0021c39                AcpiPsSetName
 .text          0x00000000c0021c5a       0x99 acpica/pswalk.32
                0x00000000c0021c5a                AcpiPsDeleteParseTree
 .text          0x00000000c0021cf3      0x4a2 acpica/psxface.32
                0x00000000c0021cf3                AcpiDebugTrace
                0x00000000c0021d4d                AcpiPsExecuteTable
                0x00000000c0021f28                AcpiPsExecuteMethod
 .text          0x00000000c0022195       0xf7 acpica/rsaddr.32
                0x00000000c0022195                AcpiRsGetAddressCommon
                0x00000000c002221d                AcpiRsSetAddressCommon
 .text          0x00000000c002228c      0x7f5 acpica/rscalc.32
                0x00000000c0022302                AcpiRsGetAmlLength
                0x00000000c00225bc                AcpiRsGetListLength
                0x00000000c0022958                AcpiRsGetPciRoutingTableLength
 .text          0x00000000c0022a81      0x567 acpica/rscreate.32
                0x00000000c0022a81                AcpiBufferToResource
                0x00000000c0022b3c                AcpiRsCreateResourceList
                0x00000000c0022bd8                AcpiRsCreatePciRoutingTable
                0x00000000c0022f5f                AcpiRsCreateAmlResources
 .text          0x00000000c0022fe8        0x0 acpica/rsdump.32
 .text          0x00000000c0022fe8        0x0 acpica/rsdumpinfo.32
 .text          0x00000000c0022fe8        0x0 acpica/rsinfo.32
 .text          0x00000000c0022fe8        0x0 acpica/rsio.32
 .text          0x00000000c0022fe8        0x0 acpica/rsirq.32
 .text          0x00000000c0022fe8      0x2a0 acpica/rslist.32
                0x00000000c0022fe8                AcpiRsConvertAmlToResources
                0x00000000c00230fc                AcpiRsConvertResourcesToAml
 .text          0x00000000c0023288        0x0 acpica/rsmemory.32
 .text          0x00000000c0023288      0xd8c acpica/rsmisc.32
                0x00000000c0023288                AcpiRsConvertAmlToResource
                0x00000000c0023a13                AcpiRsConvertResourceToAml
 .text          0x00000000c0024014        0x0 acpica/rsserial.32
 .text          0x00000000c0024014      0x61c acpica/rsutils.32
                0x00000000c0024014                AcpiRsDecodeBitmask
                0x00000000c0024062                AcpiRsEncodeBitmask
                0x00000000c00240b3                AcpiRsMoveData
                0x00000000c002418b                AcpiRsSetResourceLength
                0x00000000c00241e3                AcpiRsSetResourceHeader
                0x00000000c002425a                AcpiRsGetResourceSource
                0x00000000c0024333                AcpiRsSetResourceSource
                0x00000000c0024398                AcpiRsGetPrtMethodData
                0x00000000c00243eb                AcpiRsGetCrsMethodData
                0x00000000c002443e                AcpiRsGetPrsMethodData
                0x00000000c0024491                AcpiRsGetAeiMethodData
                0x00000000c00244e4                AcpiRsGetMethodData
                0x00000000c0024535                AcpiRsSetSrsMethodData
 .text          0x00000000c0024630      0x698 acpica/rsxface.32
                0x00000000c002476f                AcpiGetIrqRoutingTable
                0x00000000c00247b2                AcpiGetCurrentResources
                0x00000000c00247f5                AcpiGetPossibleResources
                0x00000000c0024838                AcpiSetCurrentResources
                0x00000000c002489b                AcpiGetEventResources
                0x00000000c00248de                AcpiResourceToAddress64
                0x00000000c0024aff                AcpiWalkResourceBuffer
                0x00000000c0024bbd                AcpiWalkResources
                0x00000000c0024c72                AcpiGetVendorResource
 .text          0x00000000c0024cc8      0xd8f acpica/tbdata.32
                0x00000000c0024cc8                AcpiTbInitTableDescriptor
                0x00000000c0024d27                AcpiTbAcquireTable
                0x00000000c0024daf                AcpiTbReleaseTable
                0x00000000c0024e8b                AcpiTbAcquireTempTable
                0x00000000c0024f52                AcpiTbValidateTable
                0x00000000c0024fa2                AcpiTbInvalidateTable
                0x00000000c0024fe5                AcpiTbReleaseTempTable
                0x00000000c0024ffc                AcpiTbValidateTempTable
                0x00000000c00250e1                AcpiTbVerifyTempTable
                0x00000000c00252a7                AcpiTbResizeRootTableList
                0x00000000c0025459                AcpiTbGetNextTableDescriptor
                0x00000000c00254d6                AcpiTbTerminate
                0x00000000c0025576                AcpiTbDeleteNamespaceByOwner
                0x00000000c002562f                AcpiTbAllocateOwnerId
                0x00000000c0025697                AcpiTbReleaseOwnerId
                0x00000000c0025703                AcpiTbGetOwnerId
                0x00000000c0025769                AcpiTbIsTableLoaded
                0x00000000c00257cd                AcpiTbSetTableLoadedFlag
                0x00000000c0025899                AcpiTbNotifyTable
                0x00000000c00258c5                AcpiTbLoadTable
                0x00000000c002594e                AcpiTbInstallAndLoadTable
                0x00000000c00259c3                AcpiTbUnloadTable
 .text          0x00000000c0025a57      0x8f3 acpica/tbfadt.32
                0x00000000c0026179                AcpiTbCreateLocalFadt
                0x00000000c002621c                AcpiTbParseFadt
 .text          0x00000000c002634a      0x27a acpica/tbfind.32
                0x00000000c002634a                AcpiTbFindTable
 .text          0x00000000c00265c4      0x47b acpica/tbinstal.32
                0x00000000c00265c4                AcpiTbUninstallTable
                0x00000000c0026631                AcpiTbOverrideTable
                0x00000000c00267b7                AcpiTbInstallTableWithOverride
                0x00000000c0026897                AcpiTbInstallStandardTable
 .text          0x00000000c0026a3f      0x2ae acpica/tbprint.32
                0x00000000c0026ae3                AcpiTbPrintTableHeader
                0x00000000c0026c3b                AcpiTbChecksum
                0x00000000c0026c6d                AcpiTbVerifyChecksum
 .text          0x00000000c0026ced      0x609 acpica/tbutils.32
                0x00000000c0026ced                AcpiTbInitializeFacs
                0x00000000c0026d91                AcpiTbCheckDsdtHeader
                0x00000000c0026e1b                AcpiTbCopyDsdt
                0x00000000c0026f80                AcpiTbParseRootTable
                0x00000000c0027212                AcpiTbGetTable
                0x00000000c0027291                AcpiTbPutTable
 .text          0x00000000c00272f6      0x62b acpica/tbxface.32
                0x00000000c00272f6                AcpiAllocateRootTable
                0x00000000c0027312                AcpiInitializeTables
                0x00000000c00273dc                AcpiReallocateRootTable
                0x00000000c0027526                AcpiGetTableHeader
                0x00000000c00276a6                AcpiGetTable
                0x00000000c0027767                AcpiPutTable
                0x00000000c00277e9                AcpiGetTableByIndex
                0x00000000c0027869                AcpiInstallTableHandler
                0x00000000c00278cb                AcpiRemoveTableHandler
 .text          0x00000000c0027921      0x519 acpica/tbxfload.32
                0x00000000c0027921                AcpiTbLoadNamespace
                0x00000000c0027bc3                AcpiLoadTables
                0x00000000c0027c48                AcpiInstallTable
                0x00000000c0027c98                AcpiLoadTable
                0x00000000c0027cf9                AcpiUnloadParentTable
                0x00000000c0027e11                AcpiUnloadTable
 .text          0x00000000c0027e3a      0x2e0 acpica/tbxfroot.32
                0x00000000c0027e3a                AcpiTbGetRsdpLength
                0x00000000c0027e7a                AcpiTbValidateRsdp
                0x00000000c0027ee8                AcpiTbScanMemoryForRsdp
                0x00000000c0027f30                AcpiFindRootPointer
 .text          0x00000000c002811a      0x31c acpica/utaddress.32
                0x00000000c002811a                AcpiUtAddAddressRange
                0x00000000c00281c4                AcpiUtRemoveAddressRange
                0x00000000c002824b                AcpiUtCheckAddressRange
                0x00000000c00283dc                AcpiUtDeleteAddressLists
 .text          0x00000000c0028436      0x28d acpica/utalloc.32
                0x00000000c0028436                AcpiOsAllocateZeroed
                0x00000000c002846b                AcpiUtCreateCaches
                0x00000000c002852f                AcpiUtDeleteCaches
                0x00000000c00285c3                AcpiUtValidateBuffer
                0x00000000c002860f                AcpiUtInitializeBuffer
 .text          0x00000000c00286c3       0xeb acpica/utascii.32
                0x00000000c00286c3                AcpiUtValidNameChar
                0x00000000c0028705                AcpiUtValidNameseg
                0x00000000c0028745                AcpiUtCheckAndRepairAscii
 .text          0x00000000c00287ae      0x2b9 acpica/utbuffer.32
                0x00000000c00287ae                AcpiUtDumpBuffer
                0x00000000c0028a2f                AcpiUtDebugDumpBuffer
 .text          0x00000000c0028a67      0x2d4 acpica/utcache.32
                0x00000000c0028a67                AcpiOsCreateCache
                0x00000000c0028aef                AcpiOsPurgeCache
                0x00000000c0028b6f                AcpiOsDeleteCache
                0x00000000c0028ba6                AcpiOsReleaseObject
                0x00000000c0028c59                AcpiOsAcquireObject
 .text          0x00000000c0028d3b      0x6ff acpica/utclib.32
                0x00000000c0028d3b                memcmp
                0x00000000c0028d93                memmove
                0x00000000c0028e00                memcpy
                0x00000000c0028e77                memset
                0x00000000c0028ea0                strlen
                0x00000000c0028ec3                strpbrk
                0x00000000c0028f05                strtok
                0x00000000c0028f93                strcpy
                0x00000000c0028fc5                strncpy
                0x00000000c0029019                strcmp
                0x00000000c002905b                strchr
                0x00000000c0029084                strncmp
                0x00000000c00290e0                strcat
                0x00000000c0029121                strncat
                0x00000000c002917d                strstr
                0x00000000c00291d0                toupper
                0x00000000c00291f6                tolower
                0x00000000c002921c                simple_strtoul
 .text          0x00000000c002943a      0xaf8 acpica/utcopy.32
                0x00000000c0029797                AcpiUtCopyIobjectToEobject
                0x00000000c00299c9                AcpiUtCopyEobjectToIobject
                0x00000000c0029e97                AcpiUtCopyIobjectToIobject
 .text          0x00000000c0029f32        0x0 acpica/utdebug.32
 .text          0x00000000c0029f32      0x1db acpica/utdecode.32
                0x00000000c0029f32                AcpiUtGetRegionName
                0x00000000c0029f80                AcpiUtGetEventName
                0x00000000c0029f9c                AcpiUtGetTypeName
                0x00000000c0029fb8                AcpiUtGetObjectTypeName
                0x00000000c0029ffd                AcpiUtGetNodeName
                0x00000000c002a058                AcpiUtGetDescriptorName
                0x00000000c002a08b                AcpiUtGetReferenceName
                0x00000000c002a0e0                AcpiUtGetMutexName
                0x00000000c002a0fc                AcpiUtValidObjectType
 .text          0x00000000c002a10d      0x83c acpica/utdelete.32
                0x00000000c002a10d                AcpiUtRemoveReference
                0x00000000c002a644                AcpiUtUpdateObjectReference
                0x00000000c002a8db                AcpiUtAddReference
                0x00000000c002a90c                AcpiUtDeleteInternalObjectList
 .text          0x00000000c002a949      0x28c acpica/uterror.32
                0x00000000c002a949                AcpiUtPredefinedWarning
                0x00000000c002a9a9                AcpiUtPredefinedInfo
                0x00000000c002aa09                AcpiUtPredefinedBiosError
                0x00000000c002aa69                AcpiUtPrefixedNamespaceError
                0x00000000c002ab3a                AcpiUtMethodError
 .text          0x00000000c002abd5      0x323 acpica/uteval.32
                0x00000000c002abd5                AcpiUtEvaluateObject
                0x00000000c002adb0                AcpiUtEvaluateNumericObject
                0x00000000c002adfd                AcpiUtExecute_STA
                0x00000000c002ae61                AcpiUtExecutePowerMethods
 .text          0x00000000c002aef8      0x124 acpica/utexcep.32
                0x00000000c002aef8                AcpiUtValidateException
                0x00000000c002afda                AcpiFormatException
 .text          0x00000000c002b01c        0x0 acpica/utglobal.32
 .text          0x00000000c002b01c       0xea acpica/uthex.32
                0x00000000c002b01c                AcpiUtHexToAsciiChar
                0x00000000c002b068                AcpiUtAsciiCharToHex
                0x00000000c002b08f                AcpiUtAsciiToHexByte
 .text          0x00000000c002b106      0x4eb acpica/utids.32
                0x00000000c002b106                AcpiUtExecute_HID
                0x00000000c002b1e6                AcpiUtExecute_UID
                0x00000000c002b2c6                AcpiUtExecute_CID
                0x00000000c002b4bf                AcpiUtExecute_CLS
 .text          0x00000000c002b5f1      0x344 acpica/utinit.32
                0x00000000c002b679                AcpiUtInitGlobals
                0x00000000c002b8d8                AcpiUtSubsystemShutdown
 .text          0x00000000c002b935      0x1c7 acpica/utlock.32
                0x00000000c002b935                AcpiUtCreateRwLock
                0x00000000c002b984                AcpiUtDeleteRwLock
                0x00000000c002b9cd                AcpiUtAcquireReadLock
                0x00000000c002ba48                AcpiUtReleaseReadLock
                0x00000000c002baba                AcpiUtAcquireWriteLock
                0x00000000c002bae0                AcpiUtReleaseWriteLock
 .text          0x00000000c002bafc      0x210 acpica/utmath.32
                0x00000000c002bafc                AcpiUtShortMultiply
                0x00000000c002bb47                AcpiUtShortShiftLeft
                0x00000000c002bb90                AcpiUtShortShiftRight
                0x00000000c002bbd9                AcpiUtShortDivide
                0x00000000c002bc6a                AcpiUtDivide
 .text          0x00000000c002bd0c      0x2ca acpica/utmisc.32
                0x00000000c002bd0c                AcpiUtIsPciRootBridge
                0x00000000c002bd48                AcpiUtDwordByteSwap
                0x00000000c002bd71                AcpiUtSetIntegerWidth
                0x00000000c002bdb2                AcpiUtCreateUpdateStateAndPush
                0x00000000c002be07                AcpiUtWalkPackageTree
 .text          0x00000000c002bfd6      0x371 acpica/utmutex.32
                0x00000000c002c041                AcpiUtMutexInitialize
                0x00000000c002c163                AcpiUtMutexTerminate
                0x00000000c002c1e0                AcpiUtAcquireMutex
                0x00000000c002c29b                AcpiUtReleaseMutex
 .text          0x00000000c002c347       0xd0 acpica/utnonansi.32
                0x00000000c002c347                AcpiUtStrlwr
                0x00000000c002c387                AcpiUtStrupr
                0x00000000c002c3c7                AcpiUtStricmp
 .text          0x00000000c002c417      0x5ff acpica/utobject.32
                0x00000000c002c417                AcpiUtValidInternalObject
                0x00000000c002c43b                AcpiUtAllocateObjectDescDbg
                0x00000000c002c484                AcpiUtDeleteObjectDesc
                0x00000000c002c4d9                AcpiUtCreateInternalObjectDbg
                0x00000000c002c57b                AcpiUtCreatePackageObject
                0x00000000c002c5ef                AcpiUtCreateIntegerObject
                0x00000000c002c63b                AcpiUtCreateBufferObject
                0x00000000c002c6e2                AcpiUtCreateStringObject
                0x00000000c002c9cd                AcpiUtGetObjectSize
 .text          0x00000000c002ca16      0x4f3 acpica/utosi.32
                0x00000000c002ca16                AcpiUtInitializeInterfaces
                0x00000000c002caa0                AcpiUtInterfaceTerminate
                0x00000000c002cb71                AcpiUtInstallInterface
                0x00000000c002cc0a                AcpiUtRemoveInterface
                0x00000000c002cce0                AcpiUtUpdateInterfaces
                0x00000000c002cd71                AcpiUtGetInterface
                0x00000000c002cdb4                AcpiUtOsiImplementation
 .text          0x00000000c002cf09      0x246 acpica/utownerid.32
                0x00000000c002cf09                AcpiUtAllocateOwnerId
                0x00000000c002d06d                AcpiUtReleaseOwnerId
 .text          0x00000000c002d14f       0xfd acpica/utpredef.32
                0x00000000c002d14f                AcpiUtGetNextPredefinedMethod
                0x00000000c002d179                AcpiUtMatchPredefinedMethod
                0x00000000c002d1cc                AcpiUtGetExpectedReturnTypes
 .text          0x00000000c002d24c      0x9ed acpica/utprint.32
                0x00000000c002d376                AcpiUtScanNumber
                0x00000000c002d3f9                AcpiUtPrintNumber
                0x00000000c002d6cf                vsnprintf
                0x00000000c002dbe8                snprintf
                0x00000000c002dc11                sprintf
 .text          0x00000000c002dc39        0x0 acpica/utresdecode.32
 .text          0x00000000c002dc39      0x3ad acpica/utresrc.32
                0x00000000c002dc39                AcpiUtGetResourceType
                0x00000000c002dc56                AcpiUtGetResourceLength
                0x00000000c002dc89                AcpiUtValidateResource
                0x00000000c002de1c                AcpiUtGetResourceHeaderLength
                0x00000000c002de30                AcpiUtGetDescriptorLength
                0x00000000c002de5d                AcpiUtWalkAmlResources
                0x00000000c002df9c                AcpiUtGetResourceEndTag
 .text          0x00000000c002dfe6      0x1ce acpica/utstate.32
                0x00000000c002dfe6                AcpiUtPushGenericState
                0x00000000c002dffe                AcpiUtPopGenericState
                0x00000000c002e021                AcpiUtCreateGenericState
                0x00000000c002e04d                AcpiUtCreateThreadState
                0x00000000c002e0d3                AcpiUtCreateUpdateState
                0x00000000c002e114                AcpiUtCreatePkgState
                0x00000000c002e160                AcpiUtCreateControlState
                0x00000000c002e190                AcpiUtDeleteGenericState
 .text          0x00000000c002e1b4      0x264 acpica/utstring.32
                0x00000000c002e1b4                AcpiUtPrintString
                0x00000000c002e37d                AcpiUtRepairName
 .text          0x00000000c002e418      0x425 acpica/utstrsuppt.32
                0x00000000c002e418                AcpiUtRemoveLeadingZeros
                0x00000000c002e43e                AcpiUtRemoveWhitespace
                0x00000000c002e473                AcpiUtRemoveHexPrefix
                0x00000000c002e4b0                AcpiUtDetectHexPrefix
                0x00000000c002e4de                AcpiUtDetectOctalPrefix
                0x00000000c002e6c3                AcpiUtConvertOctalString
                0x00000000c002e73d                AcpiUtConvertDecimalString
                0x00000000c002e7c0                AcpiUtConvertHexString
 .text          0x00000000c002e83d      0x238 acpica/utstrtoul64.32
                0x00000000c002e83d                AcpiUtStrtoul64
                0x00000000c002e94f                AcpiUtImplicitStrtoul64
                0x00000000c002e9cb                AcpiUtExplicitStrtoul64
 .text          0x00000000c002ea75        0x0 acpica/uttrack.32
 .text          0x00000000c002ea75        0x0 acpica/utuuid.32
 .text          0x00000000c002ea75      0x641 acpica/utxface.32
                0x00000000c002ea75                AcpiTerminate
                0x00000000c002ea92                AcpiSubsystemStatus
                0x00000000c002eaaa                AcpiGetSystemInfo
                0x00000000c002eb60                AcpiGetStatistics
                0x00000000c002ebb6                AcpiInstallInitializationHandler
                0x00000000c002ebe5                AcpiPurgeCachedObjects
                0x00000000c002ec36                AcpiInstallInterface
                0x00000000c002ecf7                AcpiRemoveInterface
                0x00000000c002ed6b                AcpiInstallInterfaceHandler
                0x00000000c002edcf                AcpiUpdateInterfaces
                0x00000000c002ee2c                AcpiCheckAddressRange
                0x00000000c002ee9c                AcpiDecodePldBuffer
 .text          0x00000000c002f0b6      0x245 acpica/utxferror.32
                0x00000000c002f0b6                AcpiError
                0x00000000c002f0ff                AcpiException
                0x00000000c002f16f                AcpiWarning
                0x00000000c002f1b8                AcpiInfo
                0x00000000c002f1f9                AcpiBiosError
                0x00000000c002f242                AcpiBiosException
                0x00000000c002f2b2                AcpiBiosWarning
 .text          0x00000000c002f2fb      0x218 acpica/utxfinit.32
                0x00000000c002f2fb                AcpiInitializeSubsystem
                0x00000000c002f3f9                AcpiEnableSubsystem
                0x00000000c002f4c4                AcpiInitializeObjects
 .text          0x00000000c002f513      0x129 acpica/utxfmutex.32
                0x00000000c002f5a7                AcpiAcquireMutex
                0x00000000c002f5f8                AcpiReleaseMutex
 .text          0x00000000c002f63c      0xfbf core/malloc.32
                0x00000000c002f7a7                dlfree
                0x00000000c002fb02                dlmalloc
                0x00000000c003003f                dlrealloc
                0x00000000c00301f4                dlmemalign
                0x00000000c0030317                dlcalloc
                0x00000000c00303b1                dlcfree
                0x00000000c00303b6                dlindependent_calloc
                0x00000000c00303db                dlindependent_comalloc
                0x00000000c00303f2                dlvalloc
                0x00000000c003041d                dlpvalloc
                0x00000000c0030453                dlmalloc_trim
                0x00000000c0030460                dlmalloc_usable_size
                0x00000000c0030491                dlmallinfo
                0x00000000c0030560                dlmalloc_stats
                0x00000000c0030571                dlmallopt
 .text          0x00000000c00305fb        0x0 libk/string.32
 .text          0x00000000c00305fb       0x51 fs/fat/diskio.32
                0x00000000c00305fb                disk_status
                0x00000000c00305fe                disk_initialize
                0x00000000c0030601                disk_read
                0x00000000c0030617                disk_write
                0x00000000c003062d                disk_ioctl
 .text          0x00000000c003064c     0x6833 fs/fat/ff.32
                0x00000000c003391a                f_mount
                0x00000000c003397c                f_open
                0x00000000c0033db8                f_read
                0x00000000c0034038                f_write
                0x00000000c00342f2                f_sync
                0x00000000c00344ce                f_close
                0x00000000c00344fd                f_lseek
                0x00000000c00349b4                f_opendir
                0x00000000c0034ab6                f_closedir
                0x00000000c0034ad8                f_readdir
                0x00000000c0034b73                f_stat
                0x00000000c0034c02                f_getfree
                0x00000000c0034dcd                f_truncate
                0x00000000c0034ec5                f_unlink
                0x00000000c0035048                f_mkdir
                0x00000000c0035274                f_rename
                0x00000000c0035567                f_chmod
                0x00000000c0035645                f_utime
                0x00000000c0035723                f_getlabel
                0x00000000c0035911                f_setlabel
                0x00000000c0035b7e                f_forward
                0x00000000c0035d5c                f_mkfs
 .text          0x00000000c0036e7f       0x2d fs/fat/ffsystem.32
                0x00000000c0036e7f                ff_memalloc
                0x00000000c0036e95                ff_memfree
 .text          0x00000000c0036eac      0x253 fs/fat/ffunicode.32
                0x00000000c0036eac                ff_uni2oem
                0x00000000c0036f3c                ff_oem2uni
                0x00000000c0036fa8                ff_wtoupper
 .text          0x00000000c00370ff      0x70e hal/libresample/samplerate.32
                0x00000000c0037187                src_delete
                0x00000000c00371c3                src_process
                0x00000000c00372eb                src_callback_read
                0x00000000c003744c                src_set_ratio
                0x00000000c00374a3                src_get_channels
                0x00000000c00374c5                src_reset
                0x00000000c0037509                src_new
                0x00000000c0037597                src_callback_new
                0x00000000c00375f9                src_get_name
                0x00000000c0037630                src_get_description
                0x00000000c0037667                src_get_version
                0x00000000c003766d                src_is_valid_ratio
                0x00000000c0037687                src_error
                0x00000000c0037695                src_strerror
                0x00000000c00376a8                src_simple
                0x00000000c00376fb                src_short_to_float_array
                0x00000000c0037721                src_float_to_short_array
                0x00000000c0037785                src_int_to_float_array
                0x00000000c00377ab                src_float_to_int_array
 .text          0x00000000c003780d      0x3fd hal/libresample/src_linear.32
                0x00000000c0037b65                linear_get_name
                0x00000000c0037b74                linear_get_description
                0x00000000c0037b83                linear_set_converter
 .text          0x00000000c0037c0a     0x1b46 hal/libresample/src_sinc.32
                0x00000000c0039560                sinc_get_name
                0x00000000c0039573                sinc_get_description
                0x00000000c0039586                sinc_set_converter
 .text          0x00000000c0039750      0x3d3 hal/libresample/src_zoh.32
                0x00000000c0039a7e                zoh_get_name
                0x00000000c0039a8d                zoh_get_description
                0x00000000c0039a9c                zoh_set_converter
 .text          0x00000000c0039b23     0x10e0 acpica/osl.32
                0x00000000c0039b23                Subhandler
                0x00000000c0039b5f                isblank
                0x00000000c0039b77                iscntrl
                0x00000000c0039b8f                isdigit
                0x00000000c0039ba7                islower
                0x00000000c0039bbf                isspace
                0x00000000c0039be0                isupper
                0x00000000c0039bf8                isalpha
                0x00000000c0039c22                isalnum
                0x00000000c0039c4c                ispunct
                0x00000000c0039c86                isgraph
                0x00000000c0039cb0                isprint
                0x00000000c0039cd1                isxdigit
                0x00000000c0039d07                AcpiOsInitialize
                0x00000000c0039d0d                AcpiOsTerminate
                0x00000000c0039d13                AcpiOsGetRootPointer
                0x00000000c0039d42                AcpiOsPredefinedOverride
                0x00000000c0039d66                AcpiOsTableOverride
                0x00000000c0039d76                AcpiOsPhysicalTableOverride
                0x00000000c0039d8d                AcpiOsReadPort
                0x00000000c0039e35                AcpiOsWritePort
                0x00000000c0039ed1                AcpiOsGetTimer
                0x00000000c0039ef1                AcpiOsWaitEventsComplete
                0x00000000c0039f09                AcpiOsReadPciConfiguration
                0x00000000c0039fdd                AcpiOsWritePciConfiguration
                0x00000000c003a0d2                AcpiOsSignal
                0x00000000c003a108                AcpiOsReadMemory
                0x00000000c003a1d4                AcpiOsEnterSleep
                0x00000000c003a1e7                AcpiOsWriteMemory
                0x00000000c003a29b                AcpiOsMapMemory
                0x00000000c003a3d4                AcpiOsUnmapMemory
                0x00000000c003a3d6                AcpiOsGetPhysicalAddress
                0x00000000c003a406                AcpiOsAllocate
                0x00000000c003a424                AcpiOsFree
                0x00000000c003a43b                AcpiOsReadable
                0x00000000c003a454                AcpiOsWritable
                0x00000000c003a46d                AcpiOsGetThreadId
                0x00000000c003a478                AcpiOsExecute
                0x00000000c003a494                AcpiOsSleep
                0x00000000c003a4da                AcpiOsStall
                0x00000000c003a534                AcpiOsCreateSemaphore
                0x00000000c003a57b                AcpiOsDeleteSemaphore
                0x00000000c003a598                AcpiOsWaitSemaphore
                0x00000000c003a66c                AcpiOsSignalSemaphore
                0x00000000c003a695                AcpiOsCreateLock
                0x00000000c003a6c2                AcpiOsDeleteLock
                0x00000000c003a6c4                AcpiOsAcquireLock
                0x00000000c003a6da                AcpiOsReleaseLock
                0x00000000c003a6f5                AcpiOsInstallInterruptHandler
                0x00000000c003a754                AcpiOsRemoveInterruptHandler
                0x00000000c003a770                __i__int_str
                0x00000000c003ab2d                __i_displayCharacter
                0x00000000c003ab8c                __i_displayString
                0x00000000c003abda                __i_internal_printf
                0x00000000c003abe0                AcpiOsVprintf
                0x00000000c003abe2                AcpiOsPrintf
 *fill*         0x00000000c003ac03        0x1 
 .text          0x00000000c003ac04      0x68d core/computer.32
                0x00000000c003ac04                Computer::close(int, int, void*)
                0x00000000c003ac48                Computer::Computer()
                0x00000000c003ac48                Computer::Computer()
                0x00000000c003ada4                Computer::setBootMessage(char const*)
                0x00000000c003ada6                Computer::start()
                0x00000000c003ae80                firstTask()
                0x00000000c003ae8e                Computer::detectFeatures()
                0x00000000c003b068                Computer::displayFeatures()
                0x00000000c003b06a                Computer::rdmsr(unsigned int)
                0x00000000c003b096                Computer::wrmsr(unsigned int, unsigned long long)
                0x00000000c003b0ce                Computer::nmiEnabled()
                0x00000000c003b0da                Computer::readCMOS(unsigned char)
                0x00000000c003b0f4                Computer::enableNMI(bool)
                0x00000000c003b10c                Computer::open(int, int, void*)
                0x00000000c003b1d4                Computer::disableNMI()
                0x00000000c003b1e2                Computer::writeCMOS(unsigned char, unsigned char)
                0x00000000c003b200                Computer::handleNMI()
                0x00000000c003b266                Computer::setDiskActivityLight(int, bool)
 .text          0x00000000c003b291      0xe65 core/elf.32
                0x00000000c003b291                allocateMemoryForTask(Process*, File*, unsigned long, unsigned long, unsigned long)
                0x00000000c003b50e                loadProgramIntoMemory(Process*, char const*)
                0x00000000c003b732                runtimeReferenceHelper()
                0x00000000c003b745                getAddressOfKernelSymbol(char const*)
                0x00000000c003b794                loadKernelSymbolTable(char const*)
                0x00000000c003ba5c                loadDriverIntoMemory(char const*, unsigned long)
                0x00000000c003c01f                loadDLL(char const*)
                0x00000000c003c0e8                executeDLL(unsigned long, void*)
 .text          0x00000000c003c0f6      0x1b7 core/gdt.32
                0x00000000c003c0f6                GDTEntry::setBase(unsigned int)
                0x00000000c003c112                GDTEntry::setLimit(unsigned int)
                0x00000000c003c130                GDT::GDT()
                0x00000000c003c130                GDT::GDT()
                0x00000000c003c146                GDT::addEntry(GDTEntry)
                0x00000000c003c182                GDT::getNumberOfEntries()
                0x00000000c003c18a                GDT::flush()
                0x00000000c003c1ac                GDT::setup()
 .text          0x00000000c003c2ad       0x61 core/idle.32
                0x00000000c003c2ad                idleFunction(void*)
 .text          0x00000000c003c30e      0x45f core/idt.32
                0x00000000c003c30e                IDTEntry::IDTEntry(bool)
                0x00000000c003c30e                IDTEntry::IDTEntry(bool)
                0x00000000c003c37c                IDTEntry::setOffset(unsigned int)
                0x00000000c003c390                IDT::IDT()
                0x00000000c003c390                IDT::IDT()
                0x00000000c003c392                IDT::getPointerToInvalidOpcodeEntryForF00F()
                0x00000000c003c39a                IDT::addEntry(IDTEntry, int)
                0x00000000c003c3b4                IDT::addEntry(int, void (*)(), bool)
                0x00000000c003c3ec                IDT::flush()
                0x00000000c003c406                IDT::setup()
 .text          0x00000000c003c76d      0x519 core/kconsole.32
                0x00000000c003c76d                stringifyxWithBase(unsigned int, char*, int)
                0x00000000c003c7ce                logc(char)
                0x00000000c003c7e5                logs(char*)
                0x00000000c003c802                logWriteInt(unsigned int)
                0x00000000c003c81f                logWriteIntBase(unsigned int, int)
                0x00000000c003c83e                kprintf(char const*, ...)
                0x00000000c003c95c                panic(char const*)
 .text          0x00000000c003cc86      0x20d core/kheap.32
                0x00000000c003cc86                sbrk
                0x00000000c003cd9e                mmap
                0x00000000c003cdb4                munmap
                0x00000000c003cdca                liballoc_lock()
                0x00000000c003cddb                liballoc_unlock()
                0x00000000c003cdec                liballoc_alloc(int)
                0x00000000c003ce07                liballoc_free(void*, int)
                0x00000000c003ce25                realloc
                0x00000000c003ce39                malloc
                0x00000000c003ce49                free
                0x00000000c003ce59                rfree
                0x00000000c003ce69                calloc
 .text          0x00000000c003ce93      0x38d core/main.32
                0x00000000c003ce93                hwTextMode_loadInData(VgaText*)
                0x00000000c003ced8                hwTextMode_loadInTitle(VgaText*, char*)
                0x00000000c003cf1a                hwTextMode_showCursor(VgaText*, bool)
                0x00000000c003cf6e                hwTextMode_update(VgaText*)
                0x00000000c003cf6f                hwTextMode_updateCursor(VgaText*)
                0x00000000c003cfb7                hwTextMode_disableBlink(VgaText*, bool)
                0x00000000c003cff3                hwTextMode_scrollScreen(VgaText*)
                0x00000000c003d079                hwTextMode_writeCharacter(VgaText*, char, VgaColour, VgaColour, int, int)
                0x00000000c003d0d7                setupTextMode()
                0x00000000c003d128                kernel_main
 .text          0x00000000c003d220      0x46c core/physmgr.32
                0x00000000c003d220                PhysMem::allocateDMA(unsigned long)
                0x00000000c003d2c3                PhysMem::freeDMA(unsigned long, unsigned long)
                0x00000000c003d30b                PhysMem::setPageState(unsigned long, bool)
                0x00000000c003d33d                PhysMem::getPageState(unsigned long)
                0x00000000c003d359                PhysMem::freePage(unsigned long)
                0x00000000c003d3e3                PhysMem::allocatePage()
                0x00000000c003d49f                PhysMem::allowSegmentToBeUsed(unsigned long, unsigned long)
                0x00000000c003d4d7                PhysMem::physicalMemorySetup(unsigned int)
 .text          0x00000000c003d68c      0x273 core/pipe.32
                0x00000000c003d68c                Pipe::isAtty()
                0x00000000c003d690                Pipe::~Pipe()
                0x00000000c003d690                Pipe::~Pipe()
                0x00000000c003d6b4                Pipe::~Pipe()
                0x00000000c003d6dc                Pipe::read(unsigned long long, void*, int*)
                0x00000000c003d7d0                Pipe::write(unsigned long long, void*, int*)
                0x00000000c003d898                Pipe::Pipe(int)
                0x00000000c003d898                Pipe::Pipe(int)
 *fill*         0x00000000c003d8ff        0x1 
 .text          0x00000000c003d900     0x114c core/prcssthr.32
                0x00000000c003d900                changeTSS
                0x00000000c003d92e                Process::addArgs(char**)
                0x00000000c003d988                Process::Process(char const*, Process*, char**)
                0x00000000c003d988                Process::Process(char const*, Process*, char**)
                0x00000000c003db40                Process::Process(bool, char const*, Process*, char**)
                0x00000000c003db40                Process::Process(bool, char const*, Process*, char**)
                0x00000000c003dcc3                disableIRQs()
                0x00000000c003dccb                getIRQNestingLevel()
                0x00000000c003dcd1                enableIRQs()
                0x00000000c003dce0                lockScheduler()
                0x00000000c003dce2                unlockScheduler()
                0x00000000c003dce4                userModeEntryPoint(void*)
                0x00000000c003dd07                lockStuff()
                0x00000000c003dd13                taskStartupFunction
                0x00000000c003dd1c                updateTimeUsed()
                0x00000000c003dd7a                switchToThread(ThreadControlBlock*)
                0x00000000c003ddca                Semaphore::Semaphore(int)
                0x00000000c003ddca                Semaphore::Semaphore(int)
                0x00000000c003ddf8                Mutex::Mutex()
                0x00000000c003ddf8                Mutex::Mutex()
                0x00000000c003de0a                Process::createThread(void (*)(void*), void*, int)
                0x00000000c003deee                Process::createUserThread()
                0x00000000c003df0a                setupMultitasking(void (*)())
                0x00000000c003e014                schedule()
                0x00000000c003e099                unlockStuff()
                0x00000000c003e0ce                forkProcess(regs*)
                0x00000000c003e23c                Semaphore::tryAcquire()
                0x00000000c003e26a                Semaphore::assertLocked(char const*)
                0x00000000c003e29d                blockTaskWithSchedulerLockAlreadyHeld(TaskState)
                0x00000000c003e2df                blockTask(TaskState)
                0x00000000c003e300                waitTask(int, int*, int)
                0x00000000c003e342                nanoSleepUntil(unsigned long long)
                0x00000000c003e399                nanoSleep(unsigned long long)
                0x00000000c003e3ae                sleep(unsigned long long)
                0x00000000c003e3cc                Semaphore::acquire()
                0x00000000c003e434                execveProcess(char const*, char* const*, char* const*)
                0x00000000c003e4c2                taskReturned
                0x00000000c003e4fc                unblockTask(ThreadControlBlock*)
                0x00000000c003e5ab                cleanupTerminatedTask(ThreadControlBlock*)
                0x00000000c003e848                cleanerTaskFunction(void*)
                0x00000000c003e8d8                terminateTask(int)
                0x00000000c003e960                Semaphore::release()
 .text          0x00000000c003ea4c      0xe66 core/syscalls.32
                0x00000000c003ea4c                sysCallGetPID(regs*)
                0x00000000c003ea58                sysCallSeekDir(regs*)
                0x00000000c003ea5d                sysCallTellDir(regs*)
                0x00000000c003ea62                sysCallVerify(regs*)
                0x00000000c003ea6c                sysCallGetArgc(regs*)
                0x00000000c003ea7c                sysFormatDisk(regs*)
                0x00000000c003eae6                sysSetDiskVolumeLabel(regs*)
                0x00000000c003eb2c                sysGetDiskVolumeLabel(regs*)
                0x00000000c003eb7d                sysShutdown(regs*)
                0x00000000c003ebc5                sysCallWrite(regs*)
                0x00000000c003ec33                sysCallRead(regs*)
                0x00000000c003eca1                sysCallReadDir(regs*)
                0x00000000c003ed10                sysCallIsATTY(regs*)
                0x00000000c003ed63                sysCallGetCwd(regs*)
                0x00000000c003ed82                sysCallSetCwd(regs*)
                0x00000000c003ed9e                sysCallRealpath(regs*)
                0x00000000c003ede1                sysCallOpen(regs*)
                0x00000000c003eed1                sysCallSeek(regs*)
                0x00000000c003ef22                sysCallTell(regs*)
                0x00000000c003ef6e                sysCallSizeFromFilename(regs*)
                0x00000000c003efe7                sysCallSize(regs*)
                0x00000000c003f039                sysCallClose(regs*)
                0x00000000c003f087                sysCallOpenDir(regs*)
                0x00000000c003f0f4                sysCallMakeDir(regs*)
                0x00000000c003f14d                sysCallCloseDir(regs*)
                0x00000000c003f19b                sysCallWait(regs*)
                0x00000000c003f1b5                sysCallFork(regs*)
                0x00000000c003f1d1                sysCallExecve(regs*)
                0x00000000c003f226                sysCallRmdir(regs*)
                0x00000000c003f278                sysCallUnlink(regs*)
                0x00000000c003f2ca                sysCallGetArgv(regs*)
                0x00000000c003f316                sysCallTTYName(regs*)
                0x00000000c003f392                sysCallGetEnv(regs*)
                0x00000000c003f3e4                sysCallUSleep(regs*)
                0x00000000c003f40b                sysCallSpawn(regs*)
                0x00000000c003f47b                sysAppSettings(regs*)
                0x00000000c003f59a                sysSetFatAttrib(regs*)
                0x00000000c003f5fa                sysPanic(regs*)
                0x00000000c003f620                sysPipe(regs*)
                0x00000000c003f665                sysGetUnixTime(regs*)
                0x00000000c003f679                string_ends_with(char const*, char const*)
                0x00000000c003f6c1                setupSystemCalls()
                0x00000000c003f870                systemCall(regs*, void*)
 .text          0x00000000c003f8b2      0xf65 core/terminal.32
                0x00000000c003f8b2                VgaText::isAtty()
                0x00000000c003f8b6                VgaText::~VgaText()
                0x00000000c003f8b6                VgaText::~VgaText()
                0x00000000c003f8da                VgaText::~VgaText()
                0x00000000c003f904                VgaText::read(unsigned long long, void*, int*)
                0x00000000c003f924                setTerminalScrollLock(bool)
                0x00000000c003f925                addToTerminalCycle(VgaText*)
                0x00000000c003f952                installVgaTextImplementation()
                0x00000000c003f967                scrollTerminalScrollLock(int)
                0x00000000c003f968                VgaText::load()
                0x00000000c003f9bc                VgaText::updateCursor()
                0x00000000c003f9d6                VgaText::showCursor(bool)
                0x00000000c003f9e6                VgaText::disableBlink(bool)
                0x00000000c003fa20                VgaText::doANSI_SGR(int)
                0x00000000c003faac                VgaText::setDefaultBgColour(VgaColour)
                0x00000000c003fac2                VgaText::setDefaultFgColour(VgaColour)
                0x00000000c003fad8                VgaText::setDefaultColours(VgaColour, VgaColour)
                0x00000000c003faf8                VgaText::combineColours(unsigned char, unsigned char)
                0x00000000c003fb0a                VgaText::scrollScreen()
                0x00000000c003fb9e                VgaText::combineCharAndColour(char, unsigned char)
                0x00000000c003fbb0                VgaText::writeCharacter(char, VgaColour, VgaColour, int, int)
                0x00000000c003fc10                VgaText::getCursorX()
                0x00000000c003fc1c                VgaText::getCursorY()
                0x00000000c003fc28                VgaText::setCursor(int, int)
                0x00000000c003fc46                VgaText::setCursorX(int)
                0x00000000c003fc62                VgaText::setCursorY(int)
                0x00000000c003fc7e                VgaText::incrementCursor(bool)
                0x00000000c003fce6                VgaText::updateRAMUsageDisplay(int)
                0x00000000c003fd40                VgaText::updateDiskUsage()
                0x00000000c003fea6                VgaText::updateTitle()
                0x00000000c003feec                VgaText::setTitleTextColour(VgaColour)
                0x00000000c003fefc                VgaText::setTitleColour(VgaColour)
                0x00000000c003ff0c                VgaText::setTitle(char*)