Archive member included to satisfy reference by file (symbol)

/cygdrive/d/Users/Alex/Desktop/Toolchain/Output/bin/../lib/gcc/i386-banana/8.1.0/libkgcc.a(_divdi3.o)
                              fs/fat/ff.32 (__divdi3)
/cygdrive/d/Users/Alex/Desktop/Toolchain/Output/bin/../lib/gcc/i386-banana/8.1.0/libkgcc.a(_moddi3.o)
                              compat/resolve.32 (__moddi3)
/cygdrive/d/Users/Alex/Desktop/Toolchain/Output/bin/../lib/gcc/i386-banana/8.1.0/libkgcc.a(_udivdi3.o)
                              fs/fat/ff.32 (__udivdi3)
/cygdrive/d/Users/Alex/Desktop/Toolchain/Output/bin/../lib/gcc/i386-banana/8.1.0/libkgcc.a(_umoddi3.o)
                              compat/resolve.32 (__umoddi3)
D:/Users/Alex/Desktop/Banana/kernel/libsoftfp.a(sfieeelib.o)
                              hal/sound/sndhw.32 (__addsf3)
D:/Users/Alex/Desktop/Banana/kernel/libsoftfp.a(dfieeelib.o)
                              hal/libresample/src_linear.32 (__adddf3)
D:/Users/Alex/Desktop/Banana/kernel/libsoftfp.a(sfdfcvt.o)
                              hal/libresample/samplerate.32 (__truncdfsf2)
D:/Users/Alex/Desktop/Banana/kernel/libk/libm32.a(s_fabs.c.o)
                              hal/libresample/samplerate.32 (fabs)
D:/Users/Alex/Desktop/Banana/kernel/libk/libm32.a(s_lrint.S.o)
                              hal/libresample/samplerate.32 (lrint)
D:/Users/Alex/Desktop/Banana/kernel/libk/libm32.a(s_lrintf.S.o)
                              hal/sound/sndhw.32 (lrintf)

Discarded input sections

 .comment       0x0000000000000000       0x12 /cygdrive/d/Users/Alex/Desktop/Toolchain/Output/bin/../lib/gcc/i386-banana/8.1.0/crtbegin.o
 .comment       0x0000000000000000       0x12 acpica/utclib.32
 .comment       0x0000000000000000       0x12 core/malloc.32
 .comment       0x0000000000000000       0x12 libk/string.32
 .comment       0x0000000000000000       0x12 fs/fat/diskio.32
 .comment       0x0000000000000000       0x12 fs/fat/ff.32
 .comment       0x0000000000000000       0x12 fs/fat/ffsystem.32
 .comment       0x0000000000000000       0x12 fs/fat/ffunicode.32
 .comment       0x0000000000000000       0x12 hal/libresample/samplerate.32
 .comment       0x0000000000000000       0x12 hal/libresample/src_linear.32
 .comment       0x0000000000000000       0x12 hal/libresample/src_sinc.32
 .comment       0x0000000000000000       0x12 hal/libresample/src_zoh.32
 .comment       0x0000000000000000       0x12 compat/inlines.32
 .comment       0x0000000000000000       0x12 compat/resolve.32
 .group         0x0000000000000000       0x14 core/computer.32
 .group         0x0000000000000000        0xc core/computer.32
 .comment       0x0000000000000000       0x12 core/computer.32
 .comment       0x0000000000000000       0x12 core/gdt.32
 .group         0x0000000000000000        0xc core/idle.32
 .comment       0x0000000000000000       0x12 core/idle.32
 .comment       0x0000000000000000       0x12 core/idt.32
 .comment       0x0000000000000000       0x12 core/kheap.32
 .comment       0x0000000000000000       0x12 core/main.32
 .comment       0x0000000000000000       0x12 core/physmgr.32
 .group         0x0000000000000000        0xc core/pipe.32
 .comment       0x0000000000000000       0x12 core/pipe.32
 .group         0x0000000000000000        0xc core/terminal.32
 .comment       0x0000000000000000       0x12 core/terminal.32
 .comment       0x0000000000000000       0x12 core/tss.32
 .group         0x0000000000000000        0x8 core/unixfile.32
 .group         0x0000000000000000        0xc core/unixfile.32
 .group         0x0000000000000000        0xc core/unixfile.32
 .group         0x0000000000000000        0x8 core/unixfile.32
 .group         0x0000000000000000        0xc core/unixfile.32
 .group         0x0000000000000000        0x8 core/unixfile.32
 .group         0x0000000000000000        0xc core/unixfile.32
 .group         0x0000000000000000        0xc core/unixfile.32
 .comment       0x0000000000000000       0x12 core/unixfile.32
 .comment       0x0000000000000000       0x12 core/virtmgr.32
 .comment       0x0000000000000000       0x12 coreobjs/c++.32
 .comment       0x0000000000000000       0x12 dbg/kconsole.32
 .group         0x0000000000000000        0xc fs/vfs.32
 .group         0x0000000000000000        0xc fs/vfs.32
 .group         0x0000000000000000        0xc fs/vfs.32
 .comment       0x0000000000000000       0x12 fs/vfs.32
 .group         0x0000000000000000        0xc hal/bus.32
 .comment       0x0000000000000000       0x12 hal/bus.32
 .group         0x0000000000000000        0xc hal/buzzer.32
 .comment       0x0000000000000000       0x12 hal/buzzer.32
 .group         0x0000000000000000        0xc hal/clock.32
 .comment       0x0000000000000000       0x12 hal/clock.32
 .group         0x0000000000000000       0x14 hal/device.32
 .group         0x0000000000000000        0xc hal/device.32
 .group         0x0000000000000000        0xc hal/device.32
 .group         0x0000000000000000        0xc hal/device.32
[...]
Memory Configuration

Name             Origin             Length             Attributes
*default*        0x0000000000000000 0xffffffffffffffff

Linker script and memory map

LOAD D:/Users/Alex/Desktop/Banana/kernel/boot.32
LOAD crti.32
LOAD /cygdrive/d/Users/Alex/Desktop/Toolchain/Output/bin/../lib/gcc/i386-banana/8.1.0/crtbegin.o
LOAD D:/Users/Alex/Desktop/Banana/kernel/morenasm.32
LOAD acpica/utclib.32
LOAD core/malloc.32
LOAD libk/string.32
LOAD fs/fat/diskio.32
LOAD fs/fat/ff.32
LOAD fs/fat/ffsystem.32
LOAD fs/fat/ffunicode.32
LOAD hal/libresample/samplerate.32
LOAD hal/libresample/src_linear.32
LOAD hal/libresample/src_sinc.32
LOAD hal/libresample/src_zoh.32
LOAD compat/inlines.32
LOAD compat/resolve.32
LOAD core/computer.32
LOAD core/gdt.32
LOAD core/idle.32
LOAD core/idt.32
LOAD core/kheap.32
LOAD core/main.32
LOAD core/physmgr.32
LOAD core/pipe.32
LOAD core/terminal.32
LOAD core/tss.32
LOAD core/unixfile.32
LOAD core/virtmgr.32
LOAD coreobjs/c++.32
LOAD dbg/kconsole.32
LOAD fs/vfs.32
LOAD hal/bus.32
LOAD hal/buzzer.32
LOAD hal/clock.32
LOAD hal/device.32
LOAD hal/diskctrl.32
LOAD hal/diskphys.32
LOAD hal/fpu.32
LOAD hal/intctrl.32
LOAD hal/keybrd.32
LOAD hal/logidisk.32
LOAD hal/mouse.32
LOAD hal/partition.32
LOAD hal/serial.32
LOAD hal/timer.32
LOAD hal/vcache.32
LOAD hal/video.32
LOAD hw/acpi.32
LOAD hw/cpu.32
LOAD hw/ports.32
LOAD hw/smp.32
LOAD krnl/env.32
LOAD krnl/panic.32
LOAD net/ethernet.32
LOAD reg/registry.32
LOAD sys/sc_eject.32
LOAD sys/sc_exit.32
LOAD sys/sc_getcwd.32
LOAD sys/sc_getpid.32
LOAD sys/sc_getramdata.32
LOAD sys/sc_loaddll.32
LOAD sys/sc_read.32
LOAD sys/sc_sbrk.32
LOAD sys/sc_setcwd.32
LOAD sys/sc_settime.32
LOAD sys/sc_timezone.32
LOAD sys/sc_write.32
LOAD sys/sc_wsbe.32
LOAD sys/sc_yield.32
LOAD sys/syscalls.32
LOAD thr/elf.32
LOAD thr/prcssthr.32
LOAD vm86/vm8086.32
LOAD vm86/x87em.32
LOAD fs/fat/vfslink.32
LOAD fs/iso9660/vfslink.32
LOAD hal/sound/sndchannel.32
LOAD hal/sound/sndhw.32
LOAD hw/bus/isa.32
LOAD hw/bus/pci.32
LOAD hw/diskctrl/ide.32
LOAD hw/diskctrl/satabus.32
LOAD hw/diskphys/ata.32
LOAD hw/diskphys/atapi.32
LOAD hw/diskphys/sata.32
LOAD hw/diskphys/satapi.32
LOAD hw/fpu/avx.32
LOAD hw/fpu/mmx.32
LOAD hw/fpu/sse.32
LOAD hw/fpu/x87.32
LOAD hw/intctrl/apic.32
LOAD hw/intctrl/pic.32
LOAD hw/timer/apictimer.32
LOAD hw/timer/pit.32
LOAD hw/fpu/x86/avx.32
LOAD hw/fpu/x86/sse.32
LOAD hw/fpu/x86/x87.32
LOAD /cygdrive/d/Users/Alex/Desktop/Toolchain/Output/bin/../lib/gcc/i386-banana/8.1.0/crtend.o
LOAD crtn.32
LOAD /cygdrive/d/Users/Alex/Desktop/Toolchain/Output/bin/../lib/gcc/i386-banana/8.1.0/libkgcc.a
LOAD D:/Users/Alex/Desktop/Banana/kernel/libsoftfp.a
LOAD D:/Users/Alex/Desktop/Banana/kernel/libk/libm32.a
                0x00000000c0000000                . = 0xc0000000

.text           0x00000000c0000000    0x285c8
 *(.text)
 .text          0x00000000c0000000       0x41 D:/Users/Alex/Desktop/Banana/kernel/boot.32
                0x00000000c0000020                callGlobalConstructors
 .text          0x00000000c0000041        0x0 crti.32
 *fill*         0x00000000c0000041        0x3 
 .text          0x00000000c0000044      0x101 /cygdrive/d/Users/Alex/Desktop/Toolchain/Output/bin/../lib/gcc/i386-banana/8.1.0/crtbegin.o
 *fill*         0x00000000c0000145        0xb 
 .text          0x00000000c0000150      0x4ed D:/Users/Alex/Desktop/Banana/kernel/morenasm.32
                0x00000000c0000150                manualPCIProbe
                0x00000000c000019b                prepareTramp
                0x00000000c00001b4                voodooXADD
                0x00000000c000027f                doTPAUSE
                0x00000000c0000289                hasLegacyFPU
                0x00000000c00002ae                is486
                0x00000000c00002e4                detectCPUID
                0x00000000c00002fa                goToVM86
                0x00000000c000032a                goToUsermode
                0x00000000c0000354                switchToThreadASMFirstTime
                0x00000000c0000362                switchToThreadASM
                0x00000000c00003ea                asmQuickAcquireLock
                0x00000000c0000408                asmQuickReleaseLock
                0x00000000c0000414                asmAcquireLock
                0x00000000c0000435                asmReleaseLock
                0x00000000c0000448                loadGDT
                0x00000000c0000468                isr0
                0x00000000c0000478                isr1
                0x00000000c0000482                isr2
                0x00000000c000048c                isr3
                0x00000000c0000496                isr4
                0x00000000c00004a0                isr5
                0x00000000c00004aa                isr6
                0x00000000c00004b4                isr7
                0x00000000c00004be                isr8
                0x00000000c00004c6                isr9
                0x00000000c00004d0                isr10
                0x00000000c00004d8                isr11
                0x00000000c00004e0                isr12
                0x00000000c00004e8                isr13
                0x00000000c00004f0                isr14
                0x00000000c00004f8                isr15
                0x00000000c0000502                isr16
                0x00000000c000050c                isr17
                0x00000000c0000516                isr18
                0x00000000c0000520                irq3
                0x00000000c000052a                irq4
                0x00000000c0000534                irq5
                0x00000000c000053e                irq6
                0x00000000c0000548                irq7
                0x00000000c0000552                irq8
                0x00000000c000055c                irq9
                0x00000000c0000566                irq10
                0x00000000c0000570                irq11
                0x00000000c000057a                irq12
                0x00000000c0000584                irq13
                0x00000000c000058e                irq14
                0x00000000c0000598                irq15
                0x00000000c00005a2                irq1
                0x00000000c00005a9                irq2
                0x00000000c00005b0                isr96
                0x00000000c00005b7                irq0
                0x00000000c00005bc                int_common_stub
                0x00000000c00005bc                syscall_common_stub
                0x00000000c00005ed                irq16
                0x00000000c00005f7                irq17
                0x00000000c0000601                irq18
                0x00000000c000060b                irq19
                0x00000000c0000615                irq20
                0x00000000c000061f                irq21
                0x00000000c0000629                irq22
                0x00000000c0000633                irq23
 *fill*         0x00000000c000063d        0x3 
 .text          0x00000000c0000640      0x611 acpica/utclib.32
                0x00000000c0000640                memcmp
                0x00000000c000067c                memmove
                0x00000000c0000744                memcpy
                0x00000000c0000778                memset
                0x00000000c0000794                strlen
                0x00000000c00007ac                strpbrk
                0x00000000c00007e8                strtok
                0x00000000c0000834                strcpy
                0x00000000c0000858                strncpy
                0x00000000c00008c0                strcmp
                0x00000000c0000900                strchr
                0x00000000c0000924                strncmp
                0x00000000c0000974                strcat
                0x00000000c00009a4                strncat
                0x00000000c00009e0                strstr
                0x00000000c0000a28                toupper
                0x00000000c0000a3c                tolower
                0x00000000c0000a50                simple_strtoul
 .text          0x00000000c0000c51      0xfbf core/malloc.32
                0x00000000c0000dbc                dlfree
                0x00000000c0001117                dlmalloc
                0x00000000c0001654                dlrealloc
                0x00000000c0001809                dlmemalign
                0x00000000c000192c                dlcalloc
                0x00000000c00019c6                dlcfree
                0x00000000c00019cb                dlindependent_calloc
                0x00000000c00019f0                dlindependent_comalloc
                0x00000000c0001a07                dlvalloc
                0x00000000c0001a32                dlpvalloc
                0x00000000c0001a68                dlmalloc_trim
                0x00000000c0001a75                dlmalloc_usable_size
                0x00000000c0001aa6                dlmallinfo
                0x00000000c0001b75                dlmalloc_stats
                0x00000000c0001b86                dlmallopt
 .text          0x00000000c0001c10        0x0 libk/string.32
 .text          0x00000000c0001c10       0x51 fs/fat/diskio.32
                0x00000000c0001c10                disk_status
                0x00000000c0001c13                disk_initialize
                0x00000000c0001c16                disk_read
                0x00000000c0001c2c                disk_write
                0x00000000c0001c42                disk_ioctl
 .text          0x00000000c0001c61     0x6833 fs/fat/ff.32
                0x00000000c0004f2f                f_mount
                0x00000000c0004f91                f_open
                0x00000000c00053cd                f_read
                0x00000000c000564d                f_write
                0x00000000c0005907                f_sync
                0x00000000c0005ae3                f_close
                0x00000000c0005b12                f_lseek
                0x00000000c0005fc9                f_opendir
                0x00000000c00060cb                f_closedir
                0x00000000c00060ed                f_readdir
                0x00000000c0006188                f_stat
                0x00000000c0006217                f_getfree
                0x00000000c00063e2                f_truncate
                0x00000000c00064da                f_unlink
                0x00000000c000665d                f_mkdir
                0x00000000c0006889                f_rename
                0x00000000c0006b7c                f_chmod
                0x00000000c0006c5a                f_utime
                0x00000000c0006d38                f_getlabel
                0x00000000c0006f26                f_setlabel
                0x00000000c0007193                f_forward
                0x00000000c0007371                f_mkfs
 .text          0x00000000c0008494       0x2d fs/fat/ffsystem.32
                0x00000000c0008494                ff_memalloc
                0x00000000c00084aa                ff_memfree
 .text          0x00000000c00084c1      0x253 fs/fat/ffunicode.32
                0x00000000c00084c1                ff_uni2oem
                0x00000000c0008551                ff_oem2uni
                0x00000000c00085bd                ff_wtoupper
 .text          0x00000000c0008714      0x8fb hal/libresample/samplerate.32
                0x00000000c0008758                src_delete
                0x00000000c0008794                src_process
                0x00000000c000894a                src_callback_read
                0x00000000c0008ac7                src_set_ratio
                0x00000000c0008b31                src_get_channels
                0x00000000c0008b53                src_reset
                0x00000000c0008b9f                src_new
                0x00000000c0008c2d                src_callback_new
                0x00000000c0008c8f                src_get_name
                0x00000000c0008cc6                src_get_description
                0x00000000c0008cfd                src_get_version
                0x00000000c0008d03                src_is_valid_ratio
                0x00000000c0008d57                src_error
                0x00000000c0008d65                src_strerror
                0x00000000c0008d78                src_simple
                0x00000000c0008dcb                src_short_to_float_array
                0x00000000c0008e30                src_float_to_short_array
                0x00000000c0008eef                src_int_to_float_array
                0x00000000c0008f52                src_float_to_int_array
 .text          0x00000000c000900f      0x8cb hal/libresample/src_linear.32
                0x00000000c0009835                linear_get_name
                0x00000000c0009844                linear_get_description
                0x00000000c0009853                linear_set_converter
 .text          0x00000000c00098da     0x447c hal/libresample/src_sinc.32
                0x00000000c000dc6d                sinc_get_name
                0x00000000c000dc80                sinc_get_description
                0x00000000c000dc93                sinc_set_converter
 .text          0x00000000c000dd56      0x77c hal/libresample/src_zoh.32
                0x00000000c000e42d                zoh_get_name
                0x00000000c000e43c                zoh_get_description
                0x00000000c000e44b                zoh_set_converter
 .text          0x00000000c000e4d2       0x23 compat/inlines.32
                0x00000000c000e4d2                CPU::current()
                0x00000000c000e4df                operator new(unsigned long)
 .text          0x00000000c000e4f5      0x111 compat/resolve.32
                0x00000000c000e4f5                Krnl::resolveCompatibilitySymbol(char*)
 .text          0x00000000c000e606      0xa17 core/computer.32
                0x00000000c000e606                Computer::close(int, int, void*)
                0x00000000c000e64a                Krnl::firstTask()
                0x00000000c000e73a                Computer::Computer()
                0x00000000c000e73a                Computer::Computer()
                0x00000000c000e896                Computer::setBootMessage(char const*)
                0x00000000c000e898                Computer::detectFeatures()
                0x00000000c000eaa2                Computer::displayFeatures()
                0x00000000c000ede8                Computer::rdmsr(unsigned int)
                0x00000000c000ee14                Computer::wrmsr(unsigned int, unsigned long long)
                0x00000000c000ee4c                Computer::nmiEnabled()
                0x00000000c000ee58                Computer::readCMOS(unsigned char)
                0x00000000c000ee72                Computer::enableNMI(bool)
                0x00000000c000ee8a                Computer::open(int, int, void*)
                0x00000000c000ef60                Computer::disableNMI()
                0x00000000c000ef6e                Computer::writeCMOS(unsigned char, unsigned char)
                0x00000000c000ef8c                Computer::handleNMI()
                0x00000000c000eff2                Computer::setDiskActivityLight(int, bool)
 *fill*         0x00000000c000f01d        0x1 
 .text          0x00000000c000f01e      0x1b7 core/gdt.32
                0x00000000c000f01e                GDTEntry::setBase(unsigned int)
                0x00000000c000f03a                GDTEntry::setLimit(unsigned int)
                0x00000000c000f058                GDT::GDT()
                0x00000000c000f058                GDT::GDT()
                0x00000000c000f06e                GDT::addEntry(GDTEntry)
                0x00000000c000f0aa                GDT::getNumberOfEntries()
                0x00000000c000f0b2                GDT::flush()
                0x00000000c000f0d4                GDT::setup()
 .text          0x00000000c000f1d5       0x62 core/idle.32
                0x00000000c000f1d5                idleFunction(void*)
 *fill*         0x00000000c000f237        0x1 
 .text          0x00000000c000f238      0x45f core/idt.32
                0x00000000c000f238                IDTEntry::IDTEntry(bool)
                0x00000000c000f238                IDTEntry::IDTEntry(bool)
                0x00000000c000f2a6                IDTEntry::setOffset(unsigned int)
                0x00000000c000f2ba                IDT::IDT()
                0x00000000c000f2ba                IDT::IDT()
                0x00000000c000f2bc                IDT::getPointerToInvalidOpcodeEntryForF00F()
                0x00000000c000f2c4                IDT::addEntry(IDTEntry, int)
                0x00000000c000f2de                IDT::addEntry(int, void (*)(), bool)
                0x00000000c000f316                IDT::flush()
                0x00000000c000f330                IDT::setup()
 .text          0x00000000c000f697      0x203 core/kheap.32
                0x00000000c000f697                sbrk
                0x00000000c000f7a5                mmap
                0x00000000c000f7bb                munmap
                0x00000000c000f7d1                liballoc_lock()
                0x00000000c000f7e2                liballoc_unlock()
                0x00000000c000f7f3                liballoc_alloc(int)
                0x00000000c000f80e                liballoc_free(void*, int)
                0x00000000c000f82c                realloc
                0x00000000c000f840                malloc
                0x00000000c000f850                free
                0x00000000c000f860                rfree
                0x00000000c000f870                calloc
 .text          0x00000000c000f89a      0x480 core/main.32
                0x00000000c000f89a                hwTextMode_loadInData(VgaText*)
                0x00000000c000f8e5                hwTextMode_loadInTitle(VgaText*, char*)
                0x00000000c000f963                hwTextMode_showCursor(VgaText*, bool)
                0x00000000c000f9c1                hwTextMode_update(VgaText*)
                0x00000000c000f9c2                hwTextMode_updateCursor(VgaText*)
                0x00000000c000fa13                hwTextMode_disableBlink(VgaText*, bool)
                0x00000000c000fa59                hwTextMode_scrollScreen(VgaText*)
                0x00000000c000fb06                hwTextMode_writeCharacter(VgaText*, char, VgaColour, VgaColour, int, int)
                0x00000000c000fb88                setupTextMode()
                0x00000000c000fbf8                kernel_main
 .text          0x00000000c000fd1a      0x56a core/physmgr.32
                0x00000000c000fd1a                Phys::allocateDMA(unsigned long)
                0x00000000c000fdbd                Phys::freeDMA(unsigned long, unsigned long)
                0x00000000c000fe05                Phys::setPageState(unsigned long, bool)
                0x00000000c000fe37                Phys::getPageState(unsigned long)
                0x00000000c000fe53                Phys::freePage(unsigned long)
                0x00000000c000fedd                Phys::allocatePage()
                0x00000000c000ffc2                Phys::allocateContiguousPages(int)
                0x00000000c001001c                Phys::allowSegmentToBeUsed(unsigned long, unsigned long)
                0x00000000c0010054                Phys::physicalMemorySetup(unsigned int)
 .text          0x00000000c0010284      0x273 core/pipe.32
                0x00000000c0010284                Pipe::isAtty()
                0x00000000c0010288                Pipe::~Pipe()
                0x00000000c0010288                Pipe::~Pipe()
                0x00000000c00102ac                Pipe::~Pipe()
                0x00000000c00102d4                Pipe::read(unsigned long long, void*, int*)
                0x00000000c00103c8                Pipe::write(unsigned long long, void*, int*)
                0x00000000c0010490                Pipe::Pipe(int)
                0x00000000c0010490                Pipe::Pipe(int)
 *fill*         0x00000000c00104f7        0x1 
 .text          0x00000000c00104f8      0xf73 core/terminal.32
                0x00000000c00104f8                VgaText::isAtty()
                0x00000000c00104fc                VgaText::~VgaText()
                0x00000000c00104fc                VgaText::~VgaText()
                0x00000000c0010520                VgaText::~VgaText()
                0x00000000c001054a                VgaText::read(unsigned long long, void*, int*)
                0x00000000c001056a                setTerminalScrollLock(bool)
                0x00000000c001056b                addToTerminalCycle(VgaText*)
                0x00000000c0010598                installVgaTextImplementation()
                0x00000000c00105ad                scrollTerminalScrollLock(int)
                0x00000000c00105ae                VgaText::load()
                0x00000000c0010602                VgaText::updateCursor()
                0x00000000c001061c                VgaText::showCursor(bool)
                0x00000000c001062c                VgaText::disableBlink(bool)
                0x00000000c0010666                VgaText::doANSI_SGR(int)
                0x00000000c00106f2                VgaText::setDefaultBgColour(VgaColour)
                0x00000000c0010708                VgaText::setDefaultFgColour(VgaColour)
                0x00000000c001071e                VgaText::setDefaultColours(VgaColour, VgaColour)
                0x00000000c001073e                VgaText::combineColours(unsigned char, unsigned char)
                0x00000000c0010750                VgaText::scrollScreen()
                0x00000000c00107e4                VgaText::combineCharAndColour(char, unsigned char)
                0x00000000c00107f6                VgaText::writeCharacter(char, VgaColour, VgaColour, int, int)
                0x00000000c0010856                VgaText::getCursorX()
                0x00000000c0010862                VgaText::getCursorY()
                0x00000000c001086e                VgaText::setCursor(int, int)
                0x00000000c001088c                VgaText::setCursorX(int)
                0x00000000c00108a8                VgaText::setCursorY(int)
                0x00000000c00108c4                VgaText::incrementCursor(bool)
                0x00000000c001092c                VgaText::updateRAMUsageDisplay(int)
                0x00000000c0010990                VgaText::updateDiskUsage()
                0x00000000c0010afa                VgaText::updateTitle()
                0x00000000c0010b40                VgaText::setTitleTextColour(VgaColour)
                0x00000000c0010b50                VgaText::setTitleColour(VgaColour)
                0x00000000c0010b60                VgaText::setTitle(char*)
                0x00000000c0010b86                VgaText::decrementCursor(bool)
                0x00000000c0010bae                VgaText::putchar(char, VgaColour, VgaColour)
                0x00000000c0010caa                VgaText::isShowingCursor()
                0x00000000c0010cb6                VgaText::isBlinkDisabled()
                0x00000000c0010cc4                VgaText::setCursorHeight(int)
                0x00000000c0010ce2                VgaText::getCursorHeight()
                0x00000000c0010ced                setActiveTerminal(VgaText*)
                0x00000000c0010d9f                doTerminalCycle()
                0x00000000c0010dbc                VgaText::doUpdate()
                0x00000000c0010dce                VgaText::puts(char const*, VgaColour, VgaColour)
                0x00000000c0010f8e                VgaText::clearScreen()
                0x00000000c0010ff2                VgaText::putchar(char)
                0x00000000c001110c                VgaText::puts(char const*)
                0x00000000c0011132                VgaText::putx(unsigned int)
                0x00000000c0011178                VgaText::VgaText(char const*)
                0x00000000c0011178                VgaText::VgaText(char const*)
                0x00000000c001130a                VgaText::receiveKey(unsigned char)
                0x00000000c00113f2                VgaText::write(unsigned long long, void*, int*)
                0x00000000c0011446                newTerminal(char*)
 *fill*         0x00000000c001146b        0x1 
 .text          0x00000000c001146c      0x1b3 core/tss.32
                0x00000000c001146c                TSS::TSS()
                0x00000000c001146c                TSS::TSS()
                0x00000000c001147a                TSS::setESP(unsigned long)
                0x00000000c001148c                TSS::flush()
                0x00000000c00114ac                TSS::setup(unsigned long, unsigned long)
 *fill*         0x00000000c001161f        0x1 
 .text          0x00000000c0011620      0x4c2 core/unixfile.32
                0x00000000c0011620                ReservedFilename::read(unsigned long long, void*, int*)
                0x00000000c0011676                ReservedFilename::isAtty()
                0x00000000c0011692                ReservedFilename::write(unsigned long long, void*, int*)
                0x00000000c00116f0                UnixFile::getFileDescriptor()
                0x00000000c00116f8                UnixFile::UnixFile(int)
                0x00000000c00116f8                UnixFile::UnixFile(int)
                0x00000000c00118a8                ReservedFilename::ReservedFilename(int)
                0x00000000c00118a8                ReservedFilename::ReservedFilename(int)
                0x00000000c00118da                UnixFile::~UnixFile()
                0x00000000c00118da                UnixFile::~UnixFile()
                0x00000000c0011972                UnixFile::~UnixFile()
                0x00000000c001199a                ReservedFilename::~ReservedFilename()
                0x00000000c001199a                ReservedFilename::~ReservedFilename()
                0x00000000c00119be                ReservedFilename::~ReservedFilename()
                0x00000000c00119e5                getFromFileDescriptor(int)
 .text          0x00000000c0011ae2     0x123e core/virtmgr.32
                0x00000000c0011ae2                Virt::swappingSetup()
                0x00000000c0011c5c                Virt::setPageState(unsigned long, Virt::VirtPageState)
                0x00000000c0011c91                Virt::getPageState(unsigned long)
                0x00000000c0011cb5                Virt::allocateKernelVirtualPages(int)
                0x00000000c0011dc6                Virt::freeSwapfilePage(unsigned long)
                0x00000000c0011de4                Virt::swapIDToSector(unsigned long)
                0x00000000c0011df6                Virt::allocateSwapfilePage()
                0x00000000c0011e74                Virt::virtualMemorySetup()
                0x00000000c0011ef3                Virt::getAKernelVAS()
                0x00000000c0011efa                VAS::VAS()
                0x00000000c0011efa                VAS::VAS()
                0x00000000c0011f36                VAS::VAS(VAS*)
                0x00000000c0011f36                VAS::VAS(VAS*)
                0x00000000c0011f64                VAS::getForeignPageTableEntry(bool, unsigned long)
                0x00000000c0011f90                VAS::getPageTableEntry(unsigned long)
                0x00000000c0011faf                Virt::freeKernelVirtualPages(unsigned long)
                0x00000000c00120d2                VAS::freeAllocatedPages(unsigned long)
                0x00000000c00120f6                VAS::virtualToPhysical(unsigned long)
                0x00000000c001210e                VAS::reflagRange(unsigned long, int, int, int)
                0x00000000c001214e                VAS::setToWriteCombining(unsigned long, int)
                0x00000000c0012180                VAS::mapOtherVASIn(bool, VAS*)
                0x00000000c00121aa                VAS::~VAS()
                0x00000000c00121aa                VAS::~VAS()
                0x00000000c0012316                VAS::mapPage(unsigned long, unsigned long, int)
                0x00000000c0012416                VAS::allocatePages(int, int)
                0x00000000c00125ee                VAS::setCPUSpecific(unsigned long)
                0x00000000c001260a                VAS::mapRange(unsigned long, unsigned long, int, int)
                0x00000000c00126d0                VAS::mapForeignPage(bool, VAS*, unsigned long, unsigned long, int)
                0x00000000c00127be                VAS::VAS(bool)
                0x00000000c00127be                VAS::VAS(bool)
                0x00000000c0012a24                VAS::evict(unsigned long)
                0x00000000c0012aac                VAS::tryLoadBackOffDisk(unsigned long)
                0x00000000c0012b82                VAS::scanForEviction()
                0x00000000c0012c64                mapVASFirstTime
 .text          0x00000000c0012d20       0x95 coreobjs/c++.32
                0x00000000c0012d20                __cxa_atexit
                0x00000000c0012d23                __cxa_finalize
                0x00000000c0012d24                __stack_chk_fail
                0x00000000c0012d90                __cxa_pure_virtual
                0x00000000c0012da1                operator new[](unsigned long)
                0x00000000c0012da6                operator delete(void*, unsigned long)
                0x00000000c0012dab                operator delete[](void*)
                0x00000000c0012db0                operator delete[](void*, unsigned long)
 .text          0x00000000c0012db5      0x1ef dbg/kconsole.32
                0x00000000c0012db5                Dbg::stringifyxWithBase(unsigned int, char*, int)
                0x00000000c0012e16                Dbg::logc(char)
                0x00000000c0012e2d                Dbg::logs(char*)
                0x00000000c0012e4a                Dbg::logWriteInt(unsigned int)
                0x00000000c0012e67                Dbg::logWriteIntBase(unsigned int, int)
                0x00000000c0012e86                Dbg::kprintf(char const*, ...)
 .text          0x00000000c0012fa4      0xb7c fs/vfs.32
                0x00000000c0012fa4                File::read(unsigned long long, void*, int*)
                0x00000000c0012ffc                File::write(unsigned long long, void*, int*)
                0x00000000c0013054                Directory::read(unsigned long long, void*, int*)
                0x00000000c00130ac                Directory::write(unsigned long long, void*, int*)
                0x00000000c00130da                File::isAtty()
                0x00000000c00130de                Directory::isAtty()
                0x00000000c00130e2                Filesystem::getlabel(LogicalDisk*, int, char*, unsigned int*)
                0x00000000c00130e8                Filesystem::setlabel(LogicalDisk*, int, char*)
                0x00000000c00130ee                File::~File()
                0x00000000c00130ee                File::~File()
                0x00000000c0013112                File::~File()
                0x00000000c001313c                Directory::~Directory()
                0x00000000c001313c                Directory::~Directory()
                0x00000000c0013160                Directory::~Directory()
                0x00000000c001318a                Filesystem::Filesystem()
                0x00000000c001318a                Filesystem::Filesystem()
                0x00000000c00131ae                Filesystem::~Filesystem()
                0x00000000c00131ae                Filesystem::~Filesystem()
                0x00000000c00131bc                Filesystem::~Filesystem()
                0x00000000c00131e0                Fs::getcwd(Process*, char*, int)
                0x00000000c001320a                Fs::initVFS()
                0x00000000c0013234                Fs::standardiseFiles(char*, char const*, char const*)
                0x00000000c00133de                File::File(char const*, Process*)
                0x00000000c00133de                File::File(char const*, Process*)
                0x00000000c0013442                File::open(FileOpenMode)
                0x00000000c00134a0                File::close()
                0x00000000c0013500                File::seek(unsigned long long)
                0x00000000c0013556                File::tell(unsigned long long*)
                0x00000000c00135a6                File::rewind()
                0x00000000c00135ba                File::unlink()
                0x00000000c0013606                File::rename(char const*)
                0x00000000c0013654                File::chfatattr(unsigned char, unsigned char)
                0x00000000c00136b0                File::exists()
                0x00000000c00136ee                File::stat(unsigned long long*, bool*)
                0x00000000c001374f                Fs::setcwd(Process*, char*)
                0x00000000c001388a                Directory::Directory(char const*, Process*)
                0x00000000c001388a                Directory::Directory(char const*, Process*)
                0x00000000c00138ee                Directory::open()
                0x00000000c001394a                Directory::close()
                0x00000000c00139aa                Directory::unlink()
                0x00000000c00139f6                Directory::rename(char const*)
                0x00000000c0013a44                Directory::exists()
                0x00000000c0013a82                Directory::read(dirent*)
                0x00000000c0013ace                Directory::create()
                0x00000000c0013b1a                Filesystem::chfatattr(char const*, unsigned char, unsigned char)
 .text          0x00000000c0013b20       0x84 hal/bus.32
                0x00000000c0013b20                Bus::Bus(char const*)
                0x00000000c0013b20                Bus::Bus(char const*)
                0x00000000c0013b56                Bus::~Bus()
                0x00000000c0013b56                Bus::~Bus()
                0x00000000c0013b7a                Bus::~Bus()
 .text          0x00000000c0013ba4      0x14e hal/buzzer.32
                0x00000000c0013ba4                Buzzer::Buzzer(char const*)
                0x00000000c0013ba4                Buzzer::Buzzer(char const*)
                0x00000000c0013be8                Buzzer::~Buzzer()
                0x00000000c0013be8                Buzzer::~Buzzer()
                0x00000000c0013c0c                Buzzer::~Buzzer()
                0x00000000c0013c36                Buzzer::stop()
                0x00000000c0013c49                beepThread(void*)
                0x00000000c0013c84                Buzzer::beep(int, int, bool)
 .text          0x00000000c0013cf2      0x467 hal/clock.32
                0x00000000c0013cf2                User::loadClockSettings(int)
                0x00000000c0013d44                Clock::Clock(char const*)
                0x00000000c0013d44                Clock::Clock(char const*)
                0x00000000c0013d7a                Clock::~Clock()
                0x00000000c0013d7a                Clock::~Clock()
                0x00000000c0013d9e                Clock::~Clock()
                0x00000000c0013dc8                Clock::timeInSecondsLocal()
                0x00000000c0013e10                Clock::setTimeInSecondsLocal(unsigned long long)
                0x00000000c0013e69                datetimeToSeconds(datetime_t)
                0x00000000c0013f90                Clock::setTimeInDatetimeLocal(datetime_t)
                0x00000000c0013ff0                secondsToDatetime(unsigned long long)
                0x00000000c0014134                Clock::timeInDatetimeLocal()
 *fill*         0x00000000c0014159        0x1 
 .text          0x00000000c001415a      0x4de hal/device.32
                0x00000000c001415a                Device::hibernate()
                0x00000000c001415c                Device::wake()
                0x00000000c001415e                Device::detect()
                0x00000000c0014160                Device::disableLegacy()
                0x00000000c0014162                Device::powerSaving(PowerSavingLevel)
                0x00000000c0014164                DriverlessDevice::close(int, int, void*)
                0x00000000c0014168                DriverlessDevice::detect()
                0x00000000c001416a                DriverlessDevice::open(int, int, void*)
                0x00000000c001417e                Device::~Device()
                0x00000000c001417e                Device::~Device()
                0x00000000c001418c                Device::~Device()
                0x00000000c00141b4                Device::findAndLoadDriver()
                0x00000000c00141b6                Device::preOpenPCI(PCIDeviceInfo)
                0x00000000c00141dc                Device::preOpenACPI(void*, char*, char*)
                0x00000000c0014230                Device::addIRQHandler(int, void (*)(regs*, void*), bool, void*)
                0x00000000c001426e                Device::removeIRQHandler(int, void (*)(regs*, void*), bool)
                0x00000000c00142ac                Device::addChild(Device*)
                0x00000000c00142f0                Device::removeAllChildren()
                0x00000000c0014336                Device::hibernateAll()
                0x00000000c0014366                Device::wakeAll()
                0x00000000c0014396                Device::detectAll()
                0x00000000c00143c6                Device::disableLegacyAll()
                0x00000000c00143f6                Device::loadDriversForAll()
                0x00000000c0014422                Device::closeAll()
                0x00000000c0014458                Device::powerSavingAll(PowerSavingLevel)
                0x00000000c001448e                Device::setName(char const*)
                0x00000000c001449c                Device::Device(char const*)
                0x00000000c001449c                Device::Device(char const*)
                0x00000000c0014598                Device::getName()
                0x00000000c00145a2                DriverlessDevice::DriverlessDevice(char const*)
                0x00000000c00145a2                DriverlessDevice::DriverlessDevice(char const*)
                0x00000000c00145ca                Device::addToLinkedList(LinkedList<Device>&, DeviceType)
                0x00000000c001460e                getDevicesOfType(DeviceType)
 .text          0x00000000c0014638       0x84 hal/diskctrl.32
                0x00000000c0014638                HardDiskController::HardDiskController(char const*)
                0x00000000c0014638                HardDiskController::HardDiskController(char const*)
                0x00000000c001466e                HardDiskController::~HardDiskController()
                0x00000000c001466e                HardDiskController::~HardDiskController()
                0x00000000c0014692                HardDiskController::~HardDiskController()
 .text          0x00000000c00146bc       0xf2 hal/diskphys.32
                0x00000000c00146bc                PhysicalDisk::eject()
                0x00000000c00146d0                PhysicalDisk::PhysicalDisk(char const*, int)
                0x00000000c00146d0                PhysicalDisk::PhysicalDisk(char const*, int)
                0x00000000c0014738                PhysicalDisk::startCache()
                0x00000000c0014760                PhysicalDisk::~PhysicalDisk()
                0x00000000c0014760                PhysicalDisk::~PhysicalDisk()
                0x00000000c0014784                PhysicalDisk::~PhysicalDisk()
 .text          0x00000000c00147ae      0x13b hal/fpu.32
                0x00000000c00147ae                FPU::FPU(char const*)
                0x00000000c00147ae                FPU::FPU(char const*)
                0x00000000c00147e4                FPU::~FPU()
                0x00000000c00147e4                FPU::~FPU()
                0x00000000c0014808                FPU::~FPU()
                0x00000000c0014832                setupFPU()
 *fill*         0x00000000c00148e9        0x1 
 .text          0x00000000c00148ea     0x13dd hal/intctrl.32
                0x00000000c00148ea                InterruptController::uninstallISRHandler(int, void (*)(regs*, void*))
                0x00000000c0014922                InterruptController::installISRHandler(int, void (*)(regs*, void*), void*)
                0x00000000c0014974                doubleFault(regs*, void*)
                0x00000000c001498e                InterruptController::installIRQHandler(int, void (*)(regs*, void*), bool, void*)
                0x00000000c0014a2a                InterruptController::clearAllHandlers(int, bool)
                0x00000000c0014ad2                InterruptController::uninstallIRQHandler(int, void (*)(regs*, void*), bool)
                0x00000000c0014b59                nmiHandler(regs*, void*)
                0x00000000c0014b67                int_handler
                0x00000000c0014c08                InterruptController::InterruptController(char const*)
                0x00000000c0014c08                InterruptController::InterruptController(char const*)
                0x00000000c0014cae                InterruptController::~InterruptController()
                0x00000000c0014cae                InterruptController::~InterruptController()
                0x00000000c0014cd2                InterruptController::~InterruptController()
                0x00000000c0014cfc                displayDebugInfo(regs*)
                0x00000000c001518b                x87EmulHandler(regs*, void*)
                0x00000000c00151ba                gpFault(regs*, void*)
                0x00000000c00151f3                pgFault(regs*, void*)
                0x00000000c001522f                otherISRHandler(regs*, void*)
                0x00000000c001524e                opcodeFault(regs*, void*)
                0x00000000c0015854                displayProgramFault(char const*)
                0x00000000c001587c                setupInterruptController()
                0x00000000c0015c7a                InterruptController::convertLegacyIRQNumber(int)
 *fill*         0x00000000c0015cc7        0x1 
 .text          0x00000000c0015cc8      0x6c8 hal/keybrd.32
                0x00000000c0015cc8                startGUI(void*)
                0x00000000c0015d24                startGUIVESA(void*)
                0x00000000c0015d80                sendKeyToTerminal(unsigned char)
                0x00000000c0015dec                sendKeyboardToken(KeyboardToken)
                0x00000000c0016229                clearInternalKeybuffer(VgaText*)
                0x00000000c001625e                readKeyboard(VgaText*, char*, unsigned long)
                0x00000000c0016306                Keyboard::Keyboard(char const*)
                0x00000000c0016306                Keyboard::Keyboard(char const*)
                0x00000000c0016342                Keyboard::~Keyboard()
                0x00000000c0016342                Keyboard::~Keyboard()
                0x00000000c0016366                Keyboard::~Keyboard()
 .text          0x00000000c0016390      0x414 hal/logidisk.32
                0x00000000c0016390                LogicalDisk::close(int, int, void*)
                0x00000000c0016394                LogicalDisk::~LogicalDisk()
                0x00000000c0016394                LogicalDisk::~LogicalDisk()
                0x00000000c00163b8                LogicalDisk::~LogicalDisk()
                0x00000000c00163e2                LogicalDisk::open(int, int, void*)
                0x00000000c00163f6                LogicalDisk::absoluteToRelative(unsigned long long)
                0x00000000c001642e                LogicalDisk::relativeToAbsolute(unsigned long long)
                0x00000000c0016474                LogicalDisk::LogicalDisk(char const*, PhysicalDisk*, unsigned long long, unsigned long long)
                0x00000000c0016474                LogicalDisk::LogicalDisk(char const*, PhysicalDisk*, unsigned long long, unsigned long long)
                0x00000000c001652a                LogicalDisk::assignDriveLetter()
                0x00000000c00165e0                LogicalDisk::mount()
                0x00000000c0016652                LogicalDisk::unmount()
                0x00000000c0016662                LogicalDisk::eject()
                0x00000000c0016676                LogicalDisk::unassignDriveLetter()
                0x00000000c00166cc                LogicalDisk::read(unsigned long long, int, void*)
                0x00000000c0016738                LogicalDisk::write(unsigned long long, int, void*)
 .text          0x00000000c00167a4       0x84 hal/mouse.32
                0x00000000c00167a4                Mouse::Mouse(char const*)
                0x00000000c00167a4                Mouse::Mouse(char const*)
                0x00000000c00167da                Mouse::~Mouse()
                0x00000000c00167da                Mouse::~Mouse()
                0x00000000c00167fe                Mouse::~Mouse()
 .text          0x00000000c0016828      0x34d hal/partition.32
                0x00000000c0016828                makePartition(PhysicalDisk*, unsigned long long, unsigned long long)
                0x00000000c00168e4                createPartitionsForDisk(PhysicalDisk*)
 *fill*         0x00000000c0016b75        0x1 
 .text          0x00000000c0016b76       0x84 hal/serial.32
                0x00000000c0016b76                Serial::Serial(char const*)
                0x00000000c0016b76                Serial::Serial(char const*)
                0x00000000c0016bac                Serial::~Serial()
                0x00000000c0016bac                Serial::~Serial()
                0x00000000c0016bd0                Serial::~Serial()
 .text          0x00000000c0016bfa      0x2b8 hal/timer.32
                0x00000000c0016bfa                Timer::Timer(char const*)
                0x00000000c0016bfa                Timer::Timer(char const*)
                0x00000000c0016c30                Timer::~Timer()
                0x00000000c0016c30                Timer::~Timer()
                0x00000000c0016c54                Timer::~Timer()
                0x00000000c0016c7e                Timer::read()
                0x00000000c0016c89                timerHandler(unsigned long long)
                0x00000000c0016dc0                setupTimer(int)
 .text          0x00000000c0016eb2      0x425 hal/vcache.32
                0x00000000c0016eb2                VCache::VCache(PhysicalDisk*)
                0x00000000c0016eb2                VCache::VCache(PhysicalDisk*)
                0x00000000c001701a                VCache::invalidateReadBuffer()
                0x00000000c001702a                VCache::writeWriteBuffer()
                0x00000000c0017066                VCache::~VCache()
                0x00000000c0017066                VCache::~VCache()
                0x00000000c00170ba                VCache::~VCache()
                0x00000000c00170e2                VCache::write(unsigned long long, int, void*)
                0x00000000c00171d8                VCache::read(unsigned long long, int, void*)
 *fill*         0x00000000c00172d7        0x1 
 .text          0x00000000c00172d8      0x4cd hal/video.32
                0x00000000c00172d8                Video::putrect(int, int, int, int, unsigned int)
                0x00000000c0017324                Video::bitblit(int, int, int, int, int, int, int, unsigned int*)
                0x00000000c0017394                Video::blit(unsigned int*, int, int, int, int)
                0x00000000c0017412                Video::clearScreen(unsigned int)
                0x00000000c0017446                Video::putpixel(int, int, unsigned int)
                0x00000000c0017454                Video::Video(char const*)
                0x00000000c0017454                Video::Video(char const*)
                0x00000000c001748a                Video::~Video()
                0x00000000c001748a                Video::~Video()
                0x00000000c00174ae                Video::~Video()
                0x00000000c00174d8                Video::isMonochrome()
                0x00000000c00174e4                Video::getWidth()
                0x00000000c00174f0                Video::getHeight()
                0x00000000c00174fc                Video::drawCursor(int, int, unsigned char*, int)
                0x00000000c00175b8                Video::tgaParse(unsigned char*, int, int*, int*)
                0x00000000c001773a                Video::putTGA(int, int, unsigned char*, int)
 *fill*         0x00000000c00177a5        0x1 
 .text          0x00000000c00177a6      0xf68 hw/acpi.32
                0x00000000c00177a6                ACPI::close(int, int, void*)
                0x00000000c001785b                findRSDP()
                0x00000000c00178e5                loadACPITables(unsigned char*)
                0x00000000c0017b0c                findRSDT(unsigned char*)
                0x00000000c0017c2a                findDataTable(unsigned char*, char*)
                0x00000000c0017cc6                scanMADT()
                0x00000000c001814c                ACPI::ACPI()
                0x00000000c001814c                ACPI::ACPI()
                0x00000000c00181b6                ACPI::getPCIIRQAssignment(unsigned char, unsigned short, unsigned char)
                0x00000000c0018298                ACPI::registerPCIIRQAssignment(void*, unsigned short, unsigned char, unsigned char)
                0x00000000c001835e                ACPI::setScreenBrightnessLevel(void*, int)
                0x00000000c0018364                ACPI::writeSimpleBootFlag(SimpleBootFlagTable*)
                0x00000000c00183ac                ACPI::open(int, int, void*)
                0x00000000c00186f6                ACPI::sleep()
 .text          0x00000000c001870e     0x1715 hw/cpu.32
                0x00000000c001870e                CPU::close(int, int, void*)
                0x00000000c0018712                CPU::lookupAMDName(unsigned char, unsigned char)
                0x00000000c00188a6                CPU::lookupIntelName(unsigned char, unsigned char)
                0x00000000c0018b54                CPU::AMD_K6_write_msr(unsigned int, unsigned int, unsigned int, CPU::REGS*)
                0x00000000c0018b70                CPU::AMD_K6_read_msr(unsigned int, CPU::REGS*)
                0x00000000c0018b88                CPU::AMD_K6_writeback(int, int, int)
                0x00000000c0018bfc                CPU::cpuid(int, unsigned long*, unsigned long*, unsigned long*, unsigned long*)
                0x00000000c0018c80                CPU::cpuidCheckEDX(unsigned int)
                0x00000000c0018cae                CPU::cpuidCheckECX(unsigned int)
                0x00000000c0018cdc                CPU::cpuidCheckExtendedEBX(unsigned int)
                0x00000000c0018d0a                CPU::cpuidCheckExtendedECX(unsigned int)
                0x00000000c0018d38                CPU::CPU()
                0x00000000c0018d38                CPU::CPU()
                0x00000000c0018dc6                CPU::displayFeatures()
                0x00000000c0019042                CPU::detectFeatures()
                0x00000000c0019a32                CPU::setupSMEP()
                0x00000000c0019a3e                CPU::setupUMIP()
                0x00000000c0019a48                CPU::setupTSC()
                0x00000000c0019a52                CPU::setupLargePages()
                0x00000000c0019a5c                CPU::setupPAT()
                0x00000000c0019a98                CPU::setupMTRR()
                0x00000000c0019a9a                CPU::setupGlobalPages()
                0x00000000c0019aa4                CPU::allowUsermodeDataAccess()
                0x00000000c0019ab6                CPU::prohibitUsermodeDataAccess()
                0x00000000c0019ac8                CPU::setupSMAP()
                0x00000000c0019ad6                CPU::setupFeatures()
                0x00000000c0019b56                CPU::open(int, int, void*)
                0x00000000c0019c28                CPU::decodeAddress(regs*, int*, bool*, unsigned char*)
 .text          0x00000000c0019e23        0x0 hw/ports.32
 .text          0x00000000c0019e23      0x16a hw/smp.32
                0x00000000c0019e23                Krnl::smpEntry()
                0x00000000c0019e25                Krnl::startCPU(int)
                0x00000000c0019f6e                Krnl::startCPUs()
 *fill*         0x00000000c0019f8d        0x1 
 .text          0x00000000c0019f8e      0x5d3 krnl/env.32
                0x00000000c0019f8e                EnvVarContainer::getEnv(char const*)
                0x00000000c0019fcc                EnvVarContainer::setEnv(char const*, char const*)
                0x00000000c001a098                EnvVarContainer::deleteEnv(char const*)
                0x00000000c001a09a                EnvVarContainer::loadFrom(char const*, char const*)
                0x00000000c001a290                EnvVarContainer::__loadSystem()
                0x00000000c001a2aa                EnvVarContainer::__loadUser()
                0x00000000c001a2ac                EnvVarContainer::EnvVarContainer(Process*)
                0x00000000c001a2ac                EnvVarContainer::EnvVarContainer(Process*)
                0x00000000c001a2ce                EnvVarContainer::~EnvVarContainer()
                0x00000000c001a2ce                EnvVarContainer::~EnvVarContainer()
                0x00000000c001a2fe                Krnl::getEnv(Process*, char const*)
                0x00000000c001a363                Krnl::setEnvSystem(char const*, char const*)
                0x00000000c001a37d                Krnl::setEnvUser(char const*, char const*)
                0x00000000c001a39c                Krnl::setEnvProcess(Process*, char const*, char const*)
                0x00000000c001a3af                Krnl::deleteEnvSystem(char const*)
                0x00000000c001a3b0                Krnl::deleteEnvUser(char const*)
                0x00000000c001a3b1                Krnl::deleteEnvProcess(Process*, char const*)
                0x00000000c001a3b2                Krnl::newProcessEnv(Process*)
                0x00000000c001a3d4                Krnl::copyProcessEnv(Process*, Process*)
                0x00000000c001a428                Krnl::loadSystemEnv()
                0x00000000c001a456                Krnl::loadUserEnv()
                0x00000000c001a47c                Krnl::flushEnv()
                0x00000000c001a47d                Krnl::getProcessTotalEnvCount(Process*)
                0x00000000c001a49d                Krnl::getProcessEnvPair(Process*, int)
 .text          0x00000000c001a561      0x396 krnl/panic.32
                0x00000000c001a561                Krnl::panic(char const*)
 .text          0x00000000c001a8f7      0x3b6 net/ethernet.32
                0x00000000c001a8f7                Net::switchEndian16(unsigned short)
                0x00000000c001a918                Net::switchEndian32(unsigned int)
                0x00000000c001a947                Net::crc32Calc(unsigned char*, int)
                0x00000000c001a9d8                Net::wrapEthernetFrame(Net::UnwrappedEthernetFrame, unsigned char*)
                0x00000000c001ab14                Net::unwrapEthernetFrame(unsigned char*, int)
 .text          0x00000000c001acad      0x513 reg/registry.32
                0x00000000c001acad                Reg::findLineFromLoadedData(char*, char*, char*)
                0x00000000c001ae05                Reg::getLineFromRegistry(char*, char*, char*, char*)
                0x00000000c001af5a                Reg::getLine(char*, char*, char*)
                0x00000000c001af91                Reg::readInt(char*, char*, int*)
                0x00000000c001b07c                Reg::readString(char*, char*, char*, int)
                0x00000000c001b0fd                Reg::readBool(char*, char*, bool*)
                0x00000000c001b122                Reg::readBoolWithDefault(char*, char*, bool)
                0x00000000c001b14e                Reg::readIntWithDefault(char*, char*, int)
                0x00000000c001b17a                Reg::readStringWithDefault(char*, char*, char*, int, char*)
 .text          0x00000000c001b1c0       0x36 sys/sc_eject.32
                0x00000000c001b1c0                Sys::eject(regs*)
 .text          0x00000000c001b1f6       0x18 sys/sc_exit.32
                0x00000000c001b1f6                Sys::exit(regs*)
 .text          0x00000000c001b20e       0x1f sys/sc_getcwd.32
                0x00000000c001b20e                Sys::getCwd(regs*)
 .text          0x00000000c001b22d        0xc sys/sc_getpid.32
                0x00000000c001b22d                Sys::getPID(regs*)
 .text          0x00000000c001b239       0x17 sys/sc_getramdata.32
                0x00000000c001b239                Sys::getRAMData(regs*)
 .text          0x00000000c001b250       0xa8 sys/sc_loaddll.32
                0x00000000c001b250                Sys::loadDLL(regs*)
 .text          0x00000000c001b2f8       0x68 sys/sc_read.32
                0x00000000c001b2f8                Sys::read(regs*)
 .text          0x00000000c001b360       0x55 sys/sc_sbrk.32
                0x00000000c001b360                Sys::sbrk(regs*)
 .text          0x00000000c001b3b5       0x1c sys/sc_setcwd.32
                0x00000000c001b3b5                Sys::setCwd(regs*)
 .text          0x00000000c001b3d1      0x128 sys/sc_settime.32
                0x00000000c001b3d1                Sys::setTime(regs*)
 .text          0x00000000c001b4f9       0x4a sys/sc_timezone.32
                0x00000000c001b4f9                Sys::timezone(regs*)
 .text          0x00000000c001b543       0x68 sys/sc_write.32
                0x00000000c001b543                Sys::write(regs*)
 .text          0x00000000c001b5ab       0x62 sys/sc_wsbe.32
                0x00000000c001b5ab                Sys::wsbe(regs*)
 .text          0x00000000c001b60d       0x3b sys/sc_yield.32
                0x00000000c001b60d                Sys::yield(regs*)
 .text          0x00000000c001b648     0x10e5 sys/syscalls.32
                0x00000000c001b648                sysCallSeekDir(regs*)
                0x00000000c001b64d                sysCallTellDir(regs*)
                0x00000000c001b652                sysCallVerify(regs*)
                0x00000000c001b65c                sysFormatDisk(regs*)
                0x00000000c001b6c6                sysSetDiskVolumeLabel(regs*)
                0x00000000c001b70c                sysGetDiskVolumeLabel(regs*)
                0x00000000c001b75d                sysShutdown(regs*)
                0x00000000c001b7bb                sysCallRealpath(regs*)
                0x00000000c001b7fe                sysCallGetArgc(regs*)
                0x00000000c001b82c                sysCallReadDir(regs*)
                0x00000000c001b8ba                sysCallIsATTY(regs*)
                0x00000000c001b914                sysCallSeek(regs*)
                0x00000000c001b97d                sysCallTell(regs*)
                0x00000000c001b9fa                sysCallSize(regs*)
                0x00000000c001ba7d                sysCallSizeFromFilename(regs*)
                0x00000000c001bb3d                sysCallClose(regs*)
                0x00000000c001bbc5                sysCallOpenDir(regs*)
                0x00000000c001bc3a                sysCallCloseDir(regs*)
                0x00000000c001bca0                sysCallMakeDir(regs*)
                0x00000000c001bd10                sysCallWait(regs*)
                0x00000000c001bd2a                sysCallNotImpl(regs*)
                0x00000000c001bd45                sysPanic(regs*)
                0x00000000c001bd6b                sysCallRmdir(regs*)
                0x00000000c001bdcf                sysCallUnlink(regs*)
                0x00000000c001be33                sysCallGetArgv(regs*)
                0x00000000c001be7f                sysCallTTYName(regs*)
                0x00000000c001bf02                sysCallUSleep(regs*)
                0x00000000c001bf29                sysCallSpawn(regs*)
                0x00000000c001bf81                sysCallGetEnv(regs*)
                0x00000000c001c0b9                sysAppSettings(regs*)
                0x00000000c001c1d8                sysSetFatAttrib(regs*)
                0x00000000c001c24a                sysPipe(regs*)
                0x00000000c001c28f                sysGetUnixTime(regs*)
                0x00000000c001c2a3                string_ends_with(char const*, char const*)
                0x00000000c001c2eb                sysCallOpen(regs*)
                0x00000000c001c500                Sys::loadSyscalls()
                0x00000000c001c6eb                Sys::systemCall(regs*, void*)
 .text          0x00000000c001c72d     0x11ef thr/elf.32
                0x00000000c001c72d                Thr::allocateMemoryForTask(Process*, File*, unsigned long, unsigned long, unsigned long)
                0x00000000c001c9bf                Thr::loadProgramIntoMemory(Process*, char const*)
                0x00000000c001cbd5                Thr::runtimeReferenceHelper()
                0x00000000c001cbe8                Thr::getAddressOfKernelSymbol(char const*)
                0x00000000c001cc37                Thr::loadKernelSymbolTable(char const*)
                0x00000000c001cef5                Thr::loadDriverIntoMemory(char const*, unsigned long, bool)
                0x00000000c001d611                Thr::getDriverBaseFromAddress(unsigned long)
                0x00000000c001d643                Thr::getDriverNameFromAddress(unsigned long)
                0x00000000c001d67a                Thr::getDriverOffsetFromAddress(unsigned long)
                0x00000000c001d694                Thr::loadDLL(char const*, bool)
                0x00000000c001d8e3                Thr::executeDLL(unsigned long, void*)
 .text          0x00000000c001d91c     0x1056 thr/prcssthr.32
                0x00000000c001d91c                changeTSS
                0x00000000c001d94c                Process::addArgs(char**)
                0x00000000c001d9a6                Process::Process(char const*, Process*, char**)
                0x00000000c001d9a6                Process::Process(char const*, Process*, char**)
                0x00000000c001db8a                Process::Process(bool, char const*, Process*, char**)
                0x00000000c001db8a                Process::Process(bool, char const*, Process*, char**)
                0x00000000c001dd39                disableIRQs()
                0x00000000c001dd41                getIRQNestingLevel()
                0x00000000c001dd47                enableIRQs()
                0x00000000c001dd56                lockScheduler()
                0x00000000c001dd58                unlockScheduler()
                0x00000000c001dd5a                userModeEntryPoint(void*)
                0x00000000c001dd7d                lockStuff()
                0x00000000c001dd89                taskStartupFunction
                0x00000000c001dd92                updateTimeUsed()
                0x00000000c001ddf7                switchToThread(ThreadControlBlock*)
                0x00000000c001de48                Semaphore::Semaphore(int)
                0x00000000c001de48                Semaphore::Semaphore(int)
                0x00000000c001de76                Mutex::Mutex()
                0x00000000c001de76                Mutex::Mutex()
                0x00000000c001de88                Process::createThread(void (*)(void*), void*, int)
                0x00000000c001df6c                Process::createUserThread()
                0x00000000c001df88                setupMultitasking(void (*)())
                0x00000000c001e092                schedule()
                0x00000000c001e117                unlockStuff()
                0x00000000c001e14c                Semaphore::tryAcquire()
                0x00000000c001e17a                Semaphore::assertLocked(char const*)
                0x00000000c001e1aa                blockTaskWithSchedulerLockAlreadyHeld(TaskState)
                0x00000000c001e1ec                blockTask(TaskState)
                0x00000000c001e20d                waitTask(int, int*, int)
                0x00000000c001e24f                nanoSleepUntil(unsigned long long)
                0x00000000c001e2a6                nanoSleep(unsigned long long)
                0x00000000c001e2bb                sleep(unsigned long long)
                0x00000000c001e2d8                Semaphore::acquire()
                0x00000000c001e340                taskReturned
                0x00000000c001e36e                unblockTask(ThreadControlBlock*)
                0x00000000c001e41d                cleanupTerminatedTask(ThreadControlBlock*)
                0x00000000c001e6e6                cleanerTaskFunction(void*)
                0x00000000c001e799                terminateTask(int)
                0x00000000c001e879                Thr::terminateFromIRQ(int)
                0x00000000c001e886                Semaphore::release()
 .text          0x00000000c001e972      0xc26 vm86/vm8086.32
                0x00000000c001e972                Vm::inbv(unsigned short)
                0x00000000c001e985                Vm::outbv(unsigned short, unsigned char)
                0x00000000c001e9d8                Vm::realToLinear(unsigned short, unsigned short)
                0x00000000c001e9e8                Vm::getSegment(unsigned int)
                0x00000000c001e9f0                Vm::getOffset(unsigned int)
                0x00000000c001e9f5                Vm::mainloop2()
                0x00000000c001ea30                Vm::mainVm8086Loop(void*)
                0x00000000c001ea3d                Vm::mainloop3(unsigned long)
                0x00000000c001ea67                Vm::initialise8086()
                0x00000000c001eaaa                Vm::finish8086()
                0x00000000c001eaef                Vm::getOutput8086(unsigned char*)
                0x00000000c001eb19                Vm::start8086(char const*, unsigned short, unsigned short, unsigned short, unsigned short)
                0x00000000c001ec69                Vm::doISR(regs*, int, unsigned char*, unsigned short, unsigned short)
                0x00000000c001ecf3                Vm::readByteFromReal(unsigned short, unsigned short)
                0x00000000c001ed04                Vm::readWordFromReal(unsigned short, unsigned short)
                0x00000000c001ed16                Vm::readDwordFromReal(unsigned short, unsigned short)
                0x00000000c001ed27                Vm::writeByteFromReal(unsigned short, unsigned short, unsigned char)
                0x00000000c001ed3c                Vm::writeWordFromReal(unsigned short, unsigned short, unsigned short)
                0x00000000c001ed52                Vm::writeDwordFromReal(unsigned short, unsigned short, unsigned int)
                0x00000000c001ed67                Vm::faultHandler(regs*)
 .text          0x00000000c001f598      0xefd vm86/x87em.32
                0x00000000c001f598                Vm::fpuInternalTo32(unsigned long long)
                0x00000000c001f5f3                Vm::fpuInternalTo64(unsigned long long)
                0x00000000c001f5fc                Vm::fpu32ToInternal(unsigned int)
                0x00000000c001f641                Vm::fpu64ToInternal(unsigned long long)
                0x00000000c001f64a                Vm::fpuFloatToLong(unsigned long long)
                0x00000000c001f6a5                Vm::fpuULongToFloat(unsigned long long)
                0x00000000c001f6db                Vm::fpuLongToFloat(long long)
                0x00000000c001f731                Vm::fpuGet0()
                0x00000000c001f736                Vm::fpuGet1()
                0x00000000c001f73e                Vm::fpuGetPi()
                0x00000000c001f746                Vm::fpuGetLog2E()
                0x00000000c001f75e                Vm::fpuGetLogE2()
                0x00000000c001f776                Vm::fpuGetLog210()
                0x00000000c001f78e                Vm::fpuGetLog102()
                0x00000000c001f7a6                Vm::fpuIsSecondLarger(unsigned long long, unsigned long long)
                0x00000000c001f7ba                Vm::fpuAreEqual(unsigned long long, unsigned long long)
                0x00000000c001f7d0                Vm::fpuUnorderedCompare(unsigned long long, unsigned long long)
                0x00000000c001f823                Vm::fpuAdd(unsigned long long, unsigned long long)
                0x00000000c001f834                Vm::fpuAbs(unsigned long long)
                0x00000000c001f83d                Vm::fpuChs(unsigned long long)
                0x00000000c001f84d                Vm::fpuSub(unsigned long long, unsigned long long)
                0x00000000c001f85c                Vm::fpuMultiply(unsigned long long, unsigned long long)
                0x00000000c001f87b                Vm::fpuDivide(unsigned long long, unsigned long long)
                0x00000000c001f897                Vm::fpuSquare(unsigned long long)
                0x00000000c001f8ad                Vm::fpuGetReg(int)
                0x00000000c001f8f0                Vm::fpuSetReg(int, unsigned long long)
                0x00000000c001f93b                Vm::fpuPush(unsigned long long)
                0x00000000c001f998                Vm::fpuPop()
                0x00000000c001f9ea                Vm::x87Handler(regs*)
 *fill*         0x00000000c0020495        0x1 
 .text          0x00000000c0020496     0x10ed fs/fat/vfslink.32
                0x00000000c0020496                FAT::getName()
                0x00000000c002049c                FAT::tell(void*, unsigned long long*)
                0x00000000c00204d0                FAT::stat(void*, unsigned long long*)
                0x00000000c0020504                FAT::~FAT()
                0x00000000c0020504                FAT::~FAT()
                0x00000000c0020528                FAT::~FAT()
                0x00000000c0020550                FAT::getlabel(LogicalDisk*, int, char*, unsigned int*)
                0x00000000c00205ee                FAT::setlabel(LogicalDisk*, int, char*)
                0x00000000c00206a8                FAT::format(LogicalDisk*, int, char const*, int)
                0x00000000c002088c                FAT::tryMount(LogicalDisk*, int)
                0x00000000c0020a92                FAT::readDir(void*, unsigned long, void*, int*)
                0x00000000c0020b98                FAT::read(void*, unsigned long, void*, int*)
                0x00000000c0020bf2                FAT::write(void*, unsigned long, void*, int*)
                0x00000000c0020c4c                FAT::close(void*)
                0x00000000c0020c98                FAT::closeDir(void*)
                0x00000000c0020ce4                FAT::seek(void*, unsigned long long)
                0x00000000c0020d38                fatWrapperReadDisk
                0x00000000c0020d7f                fatWrapperWriteDisk
                0x00000000c0020dc6                fatWrapperIoctl
                0x00000000c0020eca                FAT::FAT()
                0x00000000c0020eca                FAT::FAT()
                0x00000000c0020f1c                FAT::fixFilepath(char*)
                0x00000000c0020f54                FAT::open(char const*, void**, FileOpenMode)
                0x00000000c002107c                FAT::openDir(char const*, void**)
                0x00000000c0021122                FAT::stat(char const*, unsigned long long*, bool*)
                0x00000000c002120c                FAT::unlink(char const*)
                0x00000000c0021286                FAT::chfatattr(char const*, unsigned char, unsigned char)
                0x00000000c00213da                FAT::rename(char const*, char const*)
                0x00000000c002149e                FAT::mkdir(char const*)
                0x00000000c0021518                FAT::exists(char const*)
 *fill*         0x00000000c0021583        0x1 
 .text          0x00000000c0021584      0xbc1 fs/iso9660/vfslink.32
                0x00000000c0021584                ISO9660::format(LogicalDisk*, int, char const*, int)
                0x00000000c002158a                ISO9660::seek(void*, unsigned long long)
                0x00000000c00215ba                ISO9660::tell(void*, unsigned long long*)
                0x00000000c00215de                ISO9660::getName()
                0x00000000c00215e4                ISO9660::stat(void*, unsigned long long*)
                0x00000000c0021608                ISO9660::chfatattr(char const*, unsigned char, unsigned char)
                0x00000000c002160e                ISO9660::unlink(char const*)
                0x00000000c0021614                ISO9660::write(void*, unsigned long, void*, int*)
                0x00000000c002161a                ISO9660::rename(char const*, char const*)
                0x00000000c0021620                ISO9660::mkdir(char const*)
                0x00000000c0021626                ISO9660::close(void*)
                0x00000000c0021648                ISO9660::closeDir(void*)
                0x00000000c002166a                ISO9660::~ISO9660()
                0x00000000c002166a                ISO9660::~ISO9660()
                0x00000000c002168e                ISO9660::~ISO9660()
                0x00000000c00216b5                __memmem(unsigned char*, int, unsigned char*, int)
                0x00000000c00216f7                readSectorFromCDROM(unsigned int, unsigned char*, char)
                0x00000000c002175e                ISO9660::tryMount(LogicalDisk*, int)
                0x00000000c00217ae                ISO9660::read(void*, unsigned long, void*, int*)
                0x00000000c00219ae                ISO9660::readDir(void*, unsigned long, void*, int*)
                0x00000000c0021c3b                readRoot(unsigned int*, unsigned int*, char)
                0x00000000c0021c90                readRecursively(char*, unsigned int, unsigned int, unsigned int*, unsigned int*, char, int*)
                0x00000000c0021e63                getFileData(char*, unsigned int*, unsigned int*, char, int*)
                0x00000000c0021ef2                ISO9660::open(char const*, void**, FileOpenMode)
                0x00000000c0021fb2                ISO9660::exists(char const*)
                0x00000000c0021fd6                ISO9660::stat(char const*, unsigned long long*, bool*)
                0x00000000c002206a                ISO9660::openDir(char const*, void**)
                0x00000000c0022122                ISO9660::ISO9660()
                0x00000000c0022122                ISO9660::ISO9660()
 *fill*         0x00000000c0022145        0x1 
 .text          0x00000000c0022146      0x326 hal/sound/sndchannel.32
                0x00000000c0022146                SoundChannel::~SoundChannel()
                0x00000000c0022146                SoundChannel::~SoundChannel()
                0x00000000c0022162                SoundChannel::setSpeed(float)
                0x00000000c002216e                SoundChannel::getSpeed()
                0x00000000c0022176                SoundChannel::setVolume(int)
                0x00000000c0022192                SoundChannel::getVolume()
                0x00000000c002219a                SoundChannel::pause()
                0x00000000c00221a4                SoundChannel::SoundChannel(int, int, int, int)
                0x00000000c00221a4                SoundChannel::SoundChannel(int, int, int, int)
                0x00000000c00222fa                SoundChannel::play()
                0x00000000c0022304                SoundChannel::paused()
                0x00000000c002230c                SoundChannel::getSampleRate()
                0x00000000c0022314                SoundChannel::getBits()
                0x00000000c002231c                SoundChannel::getBufferUsed()
                0x00000000c0022324                SoundChannel::getBufferSize()
                0x00000000c002232c                SoundChannel::unbuffer(float*, int, int)
                0x00000000c00223cc                SoundChannel::buffer8(unsigned char*, int)
 .text          0x00000000c002246c      0x3d5 hal/sound/sndhw.32
                0x00000000c002246c                SoundDevice::SoundDevice(char const*)
                0x00000000c002246c                SoundDevice::SoundDevice(char const*)
                0x00000000c00224d8                SoundDevice::~SoundDevice()
                0x00000000c00224d8                SoundDevice::~SoundDevice()
                0x00000000c0022552                SoundDevice::~SoundDevice()
                0x00000000c002257c                SoundDevice::getFreeChannelNum()
                0x00000000c0022596                SoundDevice::addChannel(SoundChannel*)
                0x00000000c0022606                SoundDevice::removeChannel(int)
                0x00000000c0022638                SoundDevice::floatTo8(float*, unsigned char*, int)
                0x00000000c0022720                SoundDevice::getAudio(int, float*, float*)
 .text          0x00000000c0022841        0x0 hw/bus/isa.32
 *fill*         0x00000000c0022841        0x1 
 .text          0x00000000c0022842      0x6c3 hw/bus/pci.32
                0x00000000c0022842                PCI::open(int, int, void*)
                0x00000000c0022856                PCI::close(int, int, void*)
                0x00000000c002285a                PCI::PCI()
                0x00000000c002285a                PCI::PCI()
                0x00000000c00228da                PCI::pciReadWord(unsigned char, unsigned char, unsigned char, unsigned char)
                0x00000000c0022922                PCI::getVendorID(unsigned char, unsigned char, unsigned char)
                0x00000000c0022944                PCI::getHeaderType(unsigned char, unsigned char, unsigned char)
                0x00000000c0022968                PCI::getClassCode(unsigned char, unsigned char, unsigned char)
                0x00000000c00229ac                PCI::getProgIF(unsigned char, unsigned char, unsigned char)
                0x00000000c00229d0                PCI::getRevisionID(unsigned char, unsigned char, unsigned char)
                0x00000000c00229f2                PCI::getInterruptNumber(unsigned char, unsigned char, unsigned char)
                0x00000000c0022a14                PCI::getSecondaryBus(unsigned char, unsigned char, unsigned char)
                0x00000000c0022a38                PCI::getBARAddress(unsigned char, unsigned char, unsigned char, unsigned char)
                0x00000000c0022a98                PCI::pciWriteWord(unsigned char, unsigned char, unsigned char, unsigned char, unsigned short)
                0x00000000c0022b04                PCI::checkBus(unsigned char)
                0x00000000c0022b28                PCI::foundDevice(PCIDeviceInfo)
                0x00000000c0022c9a                PCI::getDeviceData(unsigned char, unsigned char, unsigned char)
                0x00000000c0022e46                PCI::checkDevice(unsigned char, unsigned char)
                0x00000000c0022eb2                PCI::detect()
 *fill*         0x00000000c0022f05        0x1 
 .text          0x00000000c0022f06      0xc70 hw/diskctrl/ide.32
                0x00000000c0022f06                IDE::close(int, int, void*)
                0x00000000c0022f0a                IDE::IDE()
                0x00000000c0022f0a                IDE::IDE()
                0x00000000c0022f3e                IDE::prepareInterrupt(unsigned char)
                0x00000000c0022f50                selectDrive(unsigned char, unsigned char)
                0x00000000c0022f52                IDE::getBase(unsigned char)
                0x00000000c0022f64                IDE::write(unsigned char, unsigned char, unsigned char)
                0x00000000c0023024                IDE::read(unsigned char, unsigned char)
                0x00000000c00230d2                IDE::waitInterrupt(unsigned char)
                0x00000000c0023138                ideChannel0IRQHandler(regs*, void*)
                0x00000000c0023154                ideChannel1IRQHandler(regs*, void*)
                0x00000000c0023170                IDE::enableIRQs(unsigned char, bool)
                0x00000000c00231b6                IDE::open(int, int, void*)
                0x00000000c00235c6                IDE::readBuffer(unsigned char, unsigned char, unsigned int, unsigned int)
                0x00000000c0023692                IDE::detect()
                0x00000000c002397a                IDE::printError(unsigned char, unsigned char, unsigned char)
                0x00000000c0023b10                IDE::polling(unsigned char, unsigned int)
 .text          0x00000000c0023b76      0x390 hw/diskctrl/satabus.32
                0x00000000c0023b76                SATABus::close(int, int, void*)
                0x00000000c0023b7a                SATABus::detect()
                0x00000000c0023b7c                SATABus::SATABus()
                0x00000000c0023b7c                SATABus::SATABus()
                0x00000000c0023c28                SATABus::findCmdslot(SATABus::tagHBA_PORT volatile*)
                0x00000000c0023c70                SATABus::checkType(SATABus::tagHBA_PORT volatile*)
                0x00000000c0023cb8                SATABus::startCmd(SATABus::tagHBA_PORT volatile*)
                0x00000000c0023cd8                SATABus::stopCmd(SATABus::tagHBA_PORT volatile*)
                0x00000000c0023d02                SATABus::portRebase(SATABus::tagHBA_PORT volatile*, int)
                0x00000000c0023e08                SATABus::probePort(SATABus::tagHBA_MEM volatile*)
                0x00000000c0023ee6                SATABus::open(int, int, void*)
 .text          0x00000000c0023f06      0x63c hw/diskphys/ata.32
                0x00000000c0023f06                ATA::close(int, int, void*)
                0x00000000c0023f2a                ATA::powerSaving(PowerSavingLevel)
                0x00000000c0023f2c                ATA::ATA()
                0x00000000c0023f2c                ATA::ATA()
                0x00000000c0023f5a                ATA::flush(bool)
                0x00000000c0023fa4                ATA::readyForCommand()
                0x00000000c0023ff4                ATA::access(unsigned long long, int, void*, bool)
                0x00000000c002437c                ATA::read(unsigned long long, int, void*)
                0x00000000c00243e4                ATA::write(unsigned long long, int, void*)
                0x00000000c002444c                ATA::detectCHS()
                0x00000000c0024476                ATA::open(int, int, void*)
 .text          0x00000000c0024542      0x5bd hw/diskphys/atapi.32
                0x00000000c0024542                ATAPI::write(unsigned long long, int, void*)
                0x00000000c0024548                ATAPI::close(int, int, void*)
                0x00000000c002456c                ATAPI::ATAPI()
                0x00000000c002456c                ATAPI::ATAPI()
                0x00000000c002459a                ATAPI::readyForCommand()
                0x00000000c00245ea                ATAPI::sendPacket(unsigned char*, int, bool, unsigned short*, int)
                0x00000000c00248aa                ATAPI::diskRemoved()
                0x00000000c00248c6                ATAPI::eject()
                0x00000000c002490e                ATAPI::diskInserted()
                0x00000000c002493c                ATAPI::detectMedia()
                0x00000000c00249f8                ATAPI::open(int, int, void*)
                0x00000000c0024a80                ATAPI::read(unsigned long long, int, void*)
 *fill*         0x00000000c0024aff        0x1 
 .text          0x00000000c0024b00      0x455 hw/diskphys/sata.32
                0x00000000c0024b00                SATA::close(int, int, void*)
                0x00000000c0024b24                SATA::powerSaving(PowerSavingLevel)
                0x00000000c0024b26                SATA::open(int, int, void*)
                0x00000000c0024bd4                SATA::SATA()
                0x00000000c0024bd4                SATA::SATA()
                0x00000000c0024c02                SATA::access(unsigned long long, int, void*, bool)
                0x00000000c0024e68                SATA::read(unsigned long long, int, void*)
                0x00000000c0024ed0                SATA::write(unsigned long long, int, void*)
 *fill*         0x00000000c0024f55        0x1 
 .text          0x00000000c0024f56      0x500 hw/diskphys/satapi.32
                0x00000000c0024f56                SATAPI::write(unsigned long long, int, void*)
                0x00000000c0024f5c                SATAPI::close(int, int, void*)
                0x00000000c0024f80                SATAPI::SATAPI()
                0x00000000c0024f80                SATAPI::SATAPI()
                0x00000000c0024fae                SATAPI::diskRemoved()
                0x00000000c0024fca                SATAPI::diskInserted()
                0x00000000c0024ff8                SATAPI::sendPacket(unsigned char*, int, unsigned long long, unsigned short*, int)
                0x00000000c00251fc                SATAPI::eject()
                0x00000000c0025244                SATAPI::detectMedia()
                0x00000000c0025306                SATAPI::open(int, int, void*)
                0x00000000c00253b4                SATAPI::read(unsigned long long, int, void*)
 .text          0x00000000c0025456       0x8e hw/fpu/avx.32
                0x00000000c0025456                AVX::open(int, int, void*)
                0x00000000c0025468                AVX::close(int, int, void*)
                0x00000000c002547a                AVX::available()
                0x00000000c002548c                AVX::save(void*)
                0x00000000c00254a4                AVX::load(void*)
                0x00000000c00254bc                AVX::AVX()
                0x00000000c00254bc                AVX::AVX()
 .text          0x00000000c00254e4       0x90 hw/fpu/mmx.32
                0x00000000c00254e4                MMX::available()
                0x00000000c00254f8                MMX::open(int, int, void*)
                0x00000000c002550a                MMX::close(int, int, void*)
                0x00000000c002551c                MMX::save(void*)
                0x00000000c0025534                MMX::load(void*)
                0x00000000c002554c                MMX::MMX()
                0x00000000c002554c                MMX::MMX()
 .text          0x00000000c0025574       0x96 hw/fpu/sse.32
                0x00000000c0025574                SSE::open(int, int, void*)
                0x00000000c0025586                SSE::close(int, int, void*)
                0x00000000c0025598                SSE::available()
                0x00000000c00255b2                SSE::save(void*)
                0x00000000c00255ca                SSE::load(void*)
                0x00000000c00255e2                SSE::SSE()
                0x00000000c00255e2                SSE::SSE()
 .text          0x00000000c002560a       0x8e hw/fpu/x87.32
                0x00000000c002560a                x87::open(int, int, void*)
                0x00000000c002561c                x87::close(int, int, void*)
                0x00000000c002562e                x87::available()
                0x00000000c0025640                x87::save(void*)
                0x00000000c0025658                x87::load(void*)
                0x00000000c0025670                x87::x87()
                0x00000000c0025670                x87::x87()
 .text          0x00000000c0025698      0x71e hw/intctrl/apic.32
                0x00000000c0025698                APIC::disable()
                0x00000000c002569a                APIC::close(int, int, void*)
                0x00000000c00256bc                IOAPIC::close(int, int, void*)
                0x00000000c00256c2                APIC::io_wait()
                0x00000000c00256c8                APIC::getBase()
                0x00000000c002570a                APIC::eoi(unsigned char)
                0x00000000c0025738                APIC::open(int, int, void*)
                0x00000000c0025886                IOAPIC::IOAPIC()
                0x00000000c0025886                IOAPIC::IOAPIC()
                0x00000000c00258ae                APIC::APIC()
                0x00000000c00258ae                APIC::APIC()
                0x00000000c002598a                IOAPIC::handlesGSIWithNumber(unsigned int)
                0x00000000c00259bc                IOAPIC::read(int)
                0x00000000c00259e4                IOAPIC::open(int, int, void*)
                0x00000000c0025ada                IOAPIC::write(int, int)
                0x00000000c0025b06                IOAPIC::redirect(unsigned char, unsigned long long, unsigned char, bool, bool)
                0x00000000c0025c00                APIC::installIRQHandler(int, void (*)(regs*, void*), bool, void*)
 .text          0x00000000c0025db6      0x3d3 hw/intctrl/pic.32
                0x00000000c0025db6                PIC::disable()
                0x00000000c0025de4                PIC::close(int, int, void*)
                0x00000000c0025e06                PIC::PIC()
                0x00000000c0025e06                PIC::PIC()
                0x00000000c0025edc                PIC::ioWait()
                0x00000000c0025ee2                PIC::getIRQReg(int)
                0x00000000c0025f4c                PIC::eoi(unsigned char)
                0x00000000c0025fde                PIC::remap()
                0x00000000c002614a                PIC::open(int, int, void*)
 *fill*         0x00000000c0026189        0x1 
 .text          0x00000000c002618a      0x25e hw/timer/apictimer.32
                0x00000000c002618a                APICTimer::close(int, int, void*)
                0x00000000c0026190                apicTimerHandler(regs*, void*)
                0x00000000c00261be                APICTimer::write(int)
                0x00000000c00262c2                APICTimer::open(int, int, void*)
                0x00000000c00263c0                APICTimer::APICTimer()
                0x00000000c00263c0                APICTimer::APICTimer()
 .text          0x00000000c00263e8      0x1a7 hw/timer/pit.32
                0x00000000c00263e8                PIT::write(int)
                0x00000000c0026466                pitHandler(regs*, void*)
                0x00000000c0026492                PIT::open(int, int, void*)
                0x00000000c00264e0                PIT::close(int, int, void*)
                0x00000000c0026510                PIT::PIT()
                0x00000000c0026510                PIT::PIT()
 *fill*         0x00000000c002658f        0x1 
 .text          0x00000000c0026590       0x1e hw/fpu/x86/avx.32
                0x00000000c0026590                avxDetect
                0x00000000c0026596                avxSave
                0x00000000c0026597                avxLoad
                0x00000000c0026598                avxInit
                0x00000000c0026599                avxClose
                0x00000000c002659a                wouldSheSayYes
 *fill*         0x00000000c00265ae        0x2 
 .text          0x00000000c00265b0       0x35 hw/fpu/x86/sse.32
                0x00000000c00265b0                absolutelyNoChanceInHell
                0x00000000c00265b0                sseDetect
                0x00000000c00265c8                sseSave
                0x00000000c00265ce                sseLoad
                0x00000000c00265d4                sseInit
                0x00000000c00265e4                sseClose
 *fill*         0x00000000c00265e5        0xb 
 .text          0x00000000c00265f0       0x47 hw/fpu/x86/x87.32
                0x00000000c00265f6                x87Detect
                0x00000000c0026611                x87Save
                0x00000000c0026617                x87Load
                0x00000000c002661c                x87Init
                0x00000000c0026636                x87Close
 *fill*         0x00000000c0026637        0x1 
 .text          0x00000000c0026638       0x25 /cygdrive/d/Users/Alex/Desktop/Toolchain/Output/bin/../lib/gcc/i386-banana/8.1.0/crtend.o
 .text          0x00000000c002665d        0x0 crtn.32
 *fill*         0x00000000c002665d        0x3 
 .text          0x00000000c0026660      0x14b /cygdrive/d/Users/Alex/Desktop/Toolchain/Output/bin/../lib/gcc/i386-banana/8.1.0/libkgcc.a(_divdi3.o)
                0x00000000c0026660                __divdi3
 *fill*         0x00000000c00267ab        0x1 
 .text          0x00000000c00267ac      0x17e /cygdrive/d/Users/Alex/Desktop/Toolchain/Output/bin/../lib/gcc/i386-banana/8.1.0/libkgcc.a(_moddi3.o)
                0x00000000c00267ac                __moddi3
 *fill*         0x00000000c002692a        0x2 
 .text          0x00000000c002692c       0xff /cygdrive/d/Users/Alex/Desktop/Toolchain/Output/bin/../lib/gcc/i386-banana/8.1.0/libkgcc.a(_udivdi3.o)
                0x00000000c002692c                __udivdi3
 *fill*         0x00000000c0026a2b        0x1 
 .text          0x00000000c0026a2c      0x11a /cygdrive/d/Users/Alex/Desktop/Toolchain/Output/bin/../lib/gcc/i386-banana/8.1.0/libkgcc.a(_umoddi3.o)
                0x00000000c0026a2c                __umoddi3
 .text          0x00000000c0026b46      0x96d D:/Users/Alex/Desktop/Banana/kernel/libsoftfp.a(sfieeelib.o)
                0x00000000c0026b46                __addsf3
                0x00000000c0026e48                __subsf3
                0x00000000c0026e5c                __negsf2
                0x00000000c0026e69                __mulsf3
                0x00000000c002702c                __divsf3
                0x00000000c0027257                __floatsisf
                0x00000000c00272cb                __floatunsisf
                0x00000000c002730d                __fixsfsi
                0x00000000c002736f                __fixunssfsi
                0x00000000c00273a0                __cmpsf2
                0x00000000c0027435                __eqsf2
                0x00000000c0027470                __nesf2
                0x00000000c0027472                __gtsf2
                0x00000000c00274ad                __gesf2