Archive member included to satisfy reference by file (symbol)

/cygdrive/d/Users/Alex/Desktop/Toolchain/Output/bin/../lib/gcc/i386-banana/8.1.0/libkgcc.a(_divdi3.o)
                              fs/fat/ff.32 (__divdi3)
/cygdrive/d/Users/Alex/Desktop/Toolchain/Output/bin/../lib/gcc/i386-banana/8.1.0/libkgcc.a(_moddi3.o)
                              thr/elf.32 (__moddi3)
/cygdrive/d/Users/Alex/Desktop/Toolchain/Output/bin/../lib/gcc/i386-banana/8.1.0/libkgcc.a(_udivdi3.o)
                              fs/fat/ff.32 (__udivdi3)
/cygdrive/d/Users/Alex/Desktop/Toolchain/Output/bin/../lib/gcc/i386-banana/8.1.0/libkgcc.a(_umoddi3.o)
                              core/pipe.32 (__umoddi3)
D:/Users/Alex/Desktop/Banana/kernel/libsoftfp.a(sfieeelib.o)
                              hal/sound/sndhw.32 (__addsf3)
D:/Users/Alex/Desktop/Banana/kernel/libsoftfp.a(dfieeelib.o)
                              hal/libresample/src_linear.32 (__adddf3)
D:/Users/Alex/Desktop/Banana/kernel/libsoftfp.a(sfdfcvt.o)
                              hal/libresample/samplerate.32 (__truncdfsf2)
D:/Users/Alex/Desktop/Banana/kernel/libk/libm32.a(s_fabs.c.o)
                              hal/libresample/samplerate.32 (fabs)
D:/Users/Alex/Desktop/Banana/kernel/libk/libm32.a(s_lrint.S.o)
                              hal/libresample/samplerate.32 (lrint)
D:/Users/Alex/Desktop/Banana/kernel/libk/libm32.a(s_lrintf.S.o)
                              hal/sound/sndhw.32 (lrintf)

Discarded input sections

 .comment       0x0000000000000000       0x12 /cygdrive/d/Users/Alex/Desktop/Toolchain/Output/bin/../lib/gcc/i386-banana/8.1.0/crtbegin.o
 .comment       0x0000000000000000       0x12 acpica/utclib.32
 .comment       0x0000000000000000       0x12 core/malloc.32
 .comment       0x0000000000000000       0x12 libk/string.32
 .comment       0x0000000000000000       0x12 fs/fat/diskio.32
 .comment       0x0000000000000000       0x12 fs/fat/ff.32
 .comment       0x0000000000000000       0x12 fs/fat/ffsystem.32
 .comment       0x0000000000000000       0x12 fs/fat/ffunicode.32
 .comment       0x0000000000000000       0x12 hal/libresample/samplerate.32
 .comment       0x0000000000000000       0x12 hal/libresample/src_linear.32
 .comment       0x0000000000000000       0x12 hal/libresample/src_sinc.32
 .comment       0x0000000000000000       0x12 hal/libresample/src_zoh.32
 .group         0x0000000000000000       0x14 core/computer.32
 .group         0x0000000000000000        0xc core/computer.32
 .comment       0x0000000000000000       0x12 core/computer.32
 .comment       0x0000000000000000       0x12 core/gdt.32
 .group         0x0000000000000000        0xc core/idle.32
 .comment       0x0000000000000000       0x12 core/idle.32
 .comment       0x0000000000000000       0x12 core/idt.32
 .group         0x0000000000000000        0x8 core/kheap.32
 .group         0x0000000000000000        0x8 core/kheap.32
 .comment       0x0000000000000000       0x12 core/kheap.32
 .comment       0x0000000000000000       0x12 core/main.32
 .comment       0x0000000000000000       0x12 core/physmgr.32
 .group         0x0000000000000000        0xc core/pipe.32
 .comment       0x0000000000000000       0x12 core/pipe.32
 .group         0x0000000000000000        0xc core/terminal.32
 .comment       0x0000000000000000       0x12 core/terminal.32
 .group         0x0000000000000000        0x8 core/tss.32
 .text._ZN3CPU7readCR3Ev
                0x0000000000000000       0x12 core/tss.32
 .comment       0x0000000000000000       0x12 core/tss.32
 .group         0x0000000000000000        0x8 core/unixfile.32
 .group         0x0000000000000000        0xc core/unixfile.32
 .group         0x0000000000000000        0xc core/unixfile.32
 .group         0x0000000000000000        0x8 core/unixfile.32
 .group         0x0000000000000000        0xc core/unixfile.32
 .group         0x0000000000000000        0x8 core/unixfile.32
 .group         0x0000000000000000        0xc core/unixfile.32
 .group         0x0000000000000000        0xc core/unixfile.32
 .comment       0x0000000000000000       0x12 core/unixfile.32
 .group         0x0000000000000000        0x8 core/virtmgr.32
 .group         0x0000000000000000        0x8 core/virtmgr.32
 .text._ZN3CPU7readCR3Ev
                0x0000000000000000       0x12 core/virtmgr.32
 .text._ZN3CPU8writeCR3Em
                0x0000000000000000        0x9 core/virtmgr.32
 .comment       0x0000000000000000       0x12 core/virtmgr.32
 .comment       0x0000000000000000       0x12 coreobjs/c++.32
 .comment       0x0000000000000000       0x12 dbg/kconsole.32
 .group         0x0000000000000000        0xc fs/vfs.32
 .group         0x0000000000000000        0xc fs/vfs.32
 .group         0x0000000000000000        0xc fs/vfs.32
 .comment       0x0000000000000000       0x12 fs/vfs.32
 .group         0x0000000000000000        0xc hal/bus.32
 .comment       0x0000000000000000       0x12 hal/bus.32
 .group         0x0000000000000000        0xc hal/buzzer.32
[...]
Memory Configuration

Name             Origin             Length             Attributes
*default*        0x0000000000000000 0xffffffffffffffff

Linker script and memory map

LOAD D:/Users/Alex/Desktop/Banana/kernel/boot.32
LOAD crti.32
LOAD /cygdrive/d/Users/Alex/Desktop/Toolchain/Output/bin/../lib/gcc/i386-banana/8.1.0/crtbegin.o
LOAD D:/Users/Alex/Desktop/Banana/kernel/morenasm.32
LOAD acpica/utclib.32
LOAD core/malloc.32
LOAD libk/string.32
LOAD fs/fat/diskio.32
LOAD fs/fat/ff.32
LOAD fs/fat/ffsystem.32
LOAD fs/fat/ffunicode.32
LOAD hal/libresample/samplerate.32
LOAD hal/libresample/src_linear.32
LOAD hal/libresample/src_sinc.32
LOAD hal/libresample/src_zoh.32
LOAD core/computer.32
LOAD core/gdt.32
LOAD core/idle.32
LOAD core/idt.32
LOAD core/kheap.32
LOAD core/main.32
LOAD core/physmgr.32
LOAD core/pipe.32
LOAD core/terminal.32
LOAD core/tss.32
LOAD core/unixfile.32
LOAD core/virtmgr.32
LOAD coreobjs/c++.32
LOAD dbg/kconsole.32
LOAD fs/vfs.32
LOAD hal/bus.32
LOAD hal/buzzer.32
LOAD hal/clock.32
LOAD hal/device.32
LOAD hal/diskctrl.32
LOAD hal/diskphys.32
LOAD hal/fpu.32
LOAD hal/intctrl.32
LOAD hal/keybrd.32
LOAD hal/logidisk.32
LOAD hal/mouse.32
LOAD hal/partition.32
LOAD hal/timer.32
LOAD hal/vcache.32
LOAD hal/video.32
LOAD hw/acpi.32
LOAD hw/cpu.32
LOAD hw/ports.32
LOAD hw/x87em.32
LOAD krnl/panic.32
LOAD reg/registry.32
LOAD sys/sc_exit.32
LOAD sys/sc_loaddll.32
LOAD sys/sc_read.32
LOAD sys/sc_sbrk.32
LOAD sys/sc_write.32
LOAD sys/sc_yield.32
LOAD sys/syscalls.32
LOAD thr/elf.32
LOAD thr/prcssthr.32
LOAD vm86/vm8086.32
LOAD fs/fat/vfslink.32
LOAD fs/iso9660/vfslink.32
LOAD hal/sound/sndchannel.32
LOAD hal/sound/sndhw.32
LOAD hw/bus/isa.32
LOAD hw/bus/pci.32
LOAD hw/diskctrl/ide.32
LOAD hw/diskphys/ata.32
LOAD hw/diskphys/atapi.32
LOAD hw/fpu/avx.32
LOAD hw/fpu/mmx.32
LOAD hw/fpu/sse.32
LOAD hw/fpu/x87.32
LOAD hw/intctrl/apic.32
LOAD hw/intctrl/pic.32
LOAD hw/timer/apictimer.32
LOAD hw/timer/pit.32
LOAD hw/fpu/x86/avx.32
LOAD hw/fpu/x86/sse.32
LOAD hw/fpu/x86/x87.32
LOAD /cygdrive/d/Users/Alex/Desktop/Toolchain/Output/bin/../lib/gcc/i386-banana/8.1.0/crtend.o
LOAD crtn.32
LOAD /cygdrive/d/Users/Alex/Desktop/Toolchain/Output/bin/../lib/gcc/i386-banana/8.1.0/libkgcc.a
LOAD D:/Users/Alex/Desktop/Banana/kernel/libsoftfp.a
LOAD D:/Users/Alex/Desktop/Banana/kernel/libk/libm32.a
                0x00000000c0000000                . = 0xc0000000

.text           0x00000000c0000000    0x250e8
 *(.text)
 .text          0x00000000c0000000       0x41 D:/Users/Alex/Desktop/Banana/kernel/boot.32
                0x00000000c0000020                callGlobalConstructors
 .text          0x00000000c0000041        0x0 crti.32
 *fill*         0x00000000c0000041        0x3 
 .text          0x00000000c0000044      0x101 /cygdrive/d/Users/Alex/Desktop/Toolchain/Output/bin/../lib/gcc/i386-banana/8.1.0/crtbegin.o
 *fill*         0x00000000c0000145        0xb 
 .text          0x00000000c0000150      0x4fd D:/Users/Alex/Desktop/Banana/kernel/morenasm.32
                0x00000000c0000150                prepareTramp
                0x00000000c0000169                voodooXADD
                0x00000000c000022e                doTPAUSE
                0x00000000c0000238                hasLegacyFPU
                0x00000000c000025d                is486
                0x00000000c0000293                goToVM86
                0x00000000c00002c4                goToUsermode
                0x00000000c00002ef                switchToThreadASMFirstTime
                0x00000000c00002fd                switchToThreadASM
                0x00000000c000039d                detectCPUID
                0x00000000c00003b3                asmQuickAcquireLock
                0x00000000c00003d1                asmQuickReleaseLock
                0x00000000c00003dd                asmAcquireLock
                0x00000000c00003fe                asmReleaseLock
                0x00000000c0000411                loadGDT
                0x00000000c0000431                isr0
                0x00000000c0000441                isr1
                0x00000000c000044b                isr2
                0x00000000c0000455                isr3
                0x00000000c000045f                isr4
                0x00000000c0000469                isr5
                0x00000000c0000473                isr6
                0x00000000c000047d                isr7
                0x00000000c0000487                isr8
                0x00000000c000048f                isr9
                0x00000000c0000499                isr10
                0x00000000c00004a1                isr11
                0x00000000c00004a9                isr12
                0x00000000c00004b1                isr13
                0x00000000c00004b9                isr14
                0x00000000c00004c1                isr15
                0x00000000c00004cb                isr16
                0x00000000c00004d5                isr17
                0x00000000c00004df                isr18
                0x00000000c00004e9                isr96
                0x00000000c00004f3                irq0
                0x00000000c00004fd                irq1
                0x00000000c0000507                irq2
                0x00000000c0000511                irq3
                0x00000000c000051b                irq4
                0x00000000c0000525                irq5
                0x00000000c000052f                irq6
                0x00000000c0000539                irq7
                0x00000000c0000543                irq8
                0x00000000c000054d                irq9
                0x00000000c0000557                irq10
                0x00000000c0000561                irq11
                0x00000000c000056b                irq12
                0x00000000c0000575                irq13
                0x00000000c000057f                irq14
                0x00000000c0000589                irq15
                0x00000000c0000593                irq16
                0x00000000c000059d                irq17
                0x00000000c00005a7                irq18
                0x00000000c00005b1                irq19
                0x00000000c00005bb                irq20
                0x00000000c00005c5                irq21
                0x00000000c00005cf                irq22
                0x00000000c00005d9                irq23
                0x00000000c00005e3                int_common_stub
                0x00000000c0000613                syscall_common_stub
 .text          0x00000000c000064d      0x40f acpica/utclib.32
                0x00000000c000064d                memcmp
                0x00000000c0000678                memmove
                0x00000000c00006b0                memcpy
                0x00000000c00006e6                memset
                0x00000000c0000703                strlen
                0x00000000c0000713                strpbrk
                0x00000000c0000736                strtok
                0x00000000c0000785                strcpy
                0x00000000c00007a5                strncpy
                0x00000000c00007d6                strcmp
                0x00000000c00007f7                strchr
                0x00000000c000080d                strncmp
                0x00000000c000083c                strcat
                0x00000000c0000863                strncat
                0x00000000c000089d                strstr
                0x00000000c00008da                toupper
                0x00000000c00008ee                tolower
                0x00000000c0000902                simple_strtoul
 .text          0x00000000c0000a5c      0xfbf core/malloc.32
                0x00000000c0000bc7                dlfree
                0x00000000c0000f22                dlmalloc
                0x00000000c000145f                dlrealloc
                0x00000000c0001614                dlmemalign
                0x00000000c0001737                dlcalloc
                0x00000000c00017d1                dlcfree
                0x00000000c00017d6                dlindependent_calloc
                0x00000000c00017fb                dlindependent_comalloc
                0x00000000c0001812                dlvalloc
                0x00000000c000183d                dlpvalloc
                0x00000000c0001873                dlmalloc_trim
                0x00000000c0001880                dlmalloc_usable_size
                0x00000000c00018b1                dlmallinfo
                0x00000000c0001980                dlmalloc_stats
                0x00000000c0001991                dlmallopt
 .text          0x00000000c0001a1b        0x0 libk/string.32
 .text          0x00000000c0001a1b       0x51 fs/fat/diskio.32
                0x00000000c0001a1b                disk_status
                0x00000000c0001a1e                disk_initialize
                0x00000000c0001a21                disk_read
                0x00000000c0001a37                disk_write
                0x00000000c0001a4d                disk_ioctl
 .text          0x00000000c0001a6c     0x6833 fs/fat/ff.32
                0x00000000c0004d3a                f_mount
                0x00000000c0004d9c                f_open
                0x00000000c00051d8                f_read
                0x00000000c0005458                f_write
                0x00000000c0005712                f_sync
                0x00000000c00058ee                f_close
                0x00000000c000591d                f_lseek
                0x00000000c0005dd4                f_opendir
                0x00000000c0005ed6                f_closedir
                0x00000000c0005ef8                f_readdir
                0x00000000c0005f93                f_stat
                0x00000000c0006022                f_getfree
                0x00000000c00061ed                f_truncate
                0x00000000c00062e5                f_unlink
                0x00000000c0006468                f_mkdir
                0x00000000c0006694                f_rename
                0x00000000c0006987                f_chmod
                0x00000000c0006a65                f_utime
                0x00000000c0006b43                f_getlabel
                0x00000000c0006d31                f_setlabel
                0x00000000c0006f9e                f_forward
                0x00000000c000717c                f_mkfs
 .text          0x00000000c000829f       0x2d fs/fat/ffsystem.32
                0x00000000c000829f                ff_memalloc
                0x00000000c00082b5                ff_memfree
 .text          0x00000000c00082cc      0x253 fs/fat/ffunicode.32
                0x00000000c00082cc                ff_uni2oem
                0x00000000c000835c                ff_oem2uni
                0x00000000c00083c8                ff_wtoupper
 .text          0x00000000c000851f      0x8a1 hal/libresample/samplerate.32
                0x00000000c00085c6                src_delete
                0x00000000c0008602                src_process
                0x00000000c0008776                src_callback_read
                0x00000000c00088d1                src_set_ratio
                0x00000000c000891a                src_get_channels
                0x00000000c000893c                src_reset
                0x00000000c0008988                src_new
                0x00000000c0008a16                src_callback_new
                0x00000000c0008a78                src_get_name
                0x00000000c0008aaf                src_get_description
                0x00000000c0008ae6                src_get_version
                0x00000000c0008aec                src_is_valid_ratio
                0x00000000c0008b08                src_error
                0x00000000c0008b16                src_strerror
                0x00000000c0008b29                src_simple
                0x00000000c0008b7c                src_short_to_float_array
                0x00000000c0008be1                src_float_to_short_array
                0x00000000c0008ca0                src_int_to_float_array
                0x00000000c0008d03                src_float_to_int_array
 .text          0x00000000c0008dc0      0x8f0 hal/libresample/src_linear.32
                0x00000000c000960b                linear_get_name
                0x00000000c000961a                linear_get_description
                0x00000000c0009629                linear_set_converter
 .text          0x00000000c00096b0     0x40fd hal/libresample/src_sinc.32
                0x00000000c000d6c4                sinc_get_name
                0x00000000c000d6d7                sinc_get_description
                0x00000000c000d6ea                sinc_set_converter
 .text          0x00000000c000d7ad      0x7a6 hal/libresample/src_zoh.32
                0x00000000c000deae                zoh_get_name
                0x00000000c000debd                zoh_get_description
                0x00000000c000decc                zoh_set_converter
 *fill*         0x00000000c000df53        0x1 
 .text          0x00000000c000df54      0x9e1 core/computer.32
                0x00000000c000df54                Computer::close(int, int, void*)
                0x00000000c000df98                Computer::Computer()
                0x00000000c000df98                Computer::Computer()
                0x00000000c000e0f4                Computer::setBootMessage(char const*)
                0x00000000c000e0f6                Computer::start()
                0x00000000c000e1d2                firstTask()
                0x00000000c000e1e0                Computer::detectFeatures()
                0x00000000c000e3ba                Computer::displayFeatures()
                0x00000000c000e700                Computer::rdmsr(unsigned int)
                0x00000000c000e72c                Computer::wrmsr(unsigned int, unsigned long long)
                0x00000000c000e764                Computer::nmiEnabled()
                0x00000000c000e770                Computer::readCMOS(unsigned char)
                0x00000000c000e78a                Computer::enableNMI(bool)
                0x00000000c000e7a2                Computer::open(int, int, void*)
                0x00000000c000e878                Computer::disableNMI()
                0x00000000c000e886                Computer::writeCMOS(unsigned char, unsigned char)
                0x00000000c000e8a4                Computer::handleNMI()
                0x00000000c000e90a                Computer::setDiskActivityLight(int, bool)
 *fill*         0x00000000c000e935        0x1 
 .text          0x00000000c000e936      0x1b7 core/gdt.32
                0x00000000c000e936                GDTEntry::setBase(unsigned int)
                0x00000000c000e952                GDTEntry::setLimit(unsigned int)
                0x00000000c000e970                GDT::GDT()
                0x00000000c000e970                GDT::GDT()
                0x00000000c000e986                GDT::addEntry(GDTEntry)
                0x00000000c000e9c2                GDT::getNumberOfEntries()
                0x00000000c000e9ca                GDT::flush()
                0x00000000c000e9ec                GDT::setup()
 .text          0x00000000c000eaed       0x61 core/idle.32
                0x00000000c000eaed                idleFunction(void*)
 .text          0x00000000c000eb4e      0x45f core/idt.32
                0x00000000c000eb4e                IDTEntry::IDTEntry(bool)
                0x00000000c000eb4e                IDTEntry::IDTEntry(bool)
                0x00000000c000ebbc                IDTEntry::setOffset(unsigned int)
                0x00000000c000ebd0                IDT::IDT()
                0x00000000c000ebd0                IDT::IDT()
                0x00000000c000ebd2                IDT::getPointerToInvalidOpcodeEntryForF00F()
                0x00000000c000ebda                IDT::addEntry(IDTEntry, int)
                0x00000000c000ebf4                IDT::addEntry(int, void (*)(), bool)
                0x00000000c000ec2c                IDT::flush()
                0x00000000c000ec46                IDT::setup()
 .text          0x00000000c000efad      0x20d core/kheap.32
                0x00000000c000efad                sbrk
                0x00000000c000f0c5                mmap
                0x00000000c000f0db                munmap
                0x00000000c000f0f1                liballoc_lock()
                0x00000000c000f102                liballoc_unlock()
                0x00000000c000f113                liballoc_alloc(int)
                0x00000000c000f12e                liballoc_free(void*, int)
                0x00000000c000f14c                realloc
                0x00000000c000f160                malloc
                0x00000000c000f170                free
                0x00000000c000f180                rfree
                0x00000000c000f190                calloc
 .text          0x00000000c000f1ba      0x38d core/main.32
                0x00000000c000f1ba                hwTextMode_loadInData(VgaText*)
                0x00000000c000f1ff                hwTextMode_loadInTitle(VgaText*, char*)
                0x00000000c000f241                hwTextMode_showCursor(VgaText*, bool)
                0x00000000c000f295                hwTextMode_update(VgaText*)
                0x00000000c000f296                hwTextMode_updateCursor(VgaText*)
                0x00000000c000f2de                hwTextMode_disableBlink(VgaText*, bool)
                0x00000000c000f31a                hwTextMode_scrollScreen(VgaText*)
                0x00000000c000f3a0                hwTextMode_writeCharacter(VgaText*, char, VgaColour, VgaColour, int, int)
                0x00000000c000f3fe                setupTextMode()
                0x00000000c000f44f                kernel_main
 .text          0x00000000c000f547      0x4f3 core/physmgr.32
                0x00000000c000f547                Phys::allocateDMA(unsigned long)
                0x00000000c000f5ea                Phys::freeDMA(unsigned long, unsigned long)
                0x00000000c000f632                Phys::setPageState(unsigned long, bool)
                0x00000000c000f664                Phys::getPageState(unsigned long)
                0x00000000c000f680                Phys::freePage(unsigned long)
                0x00000000c000f70a                Phys::allocatePage()
                0x00000000c000f7d2                Phys::allowSegmentToBeUsed(unsigned long, unsigned long)
                0x00000000c000f80a                Phys::physicalMemorySetup(unsigned int)
 .text          0x00000000c000fa3a      0x273 core/pipe.32
                0x00000000c000fa3a                Pipe::isAtty()
                0x00000000c000fa3e                Pipe::~Pipe()
                0x00000000c000fa3e                Pipe::~Pipe()
                0x00000000c000fa62                Pipe::~Pipe()
                0x00000000c000fa8a                Pipe::read(unsigned long long, void*, int*)
                0x00000000c000fb7e                Pipe::write(unsigned long long, void*, int*)
                0x00000000c000fc46                Pipe::Pipe(int)
                0x00000000c000fc46                Pipe::Pipe(int)
 *fill*         0x00000000c000fcad        0x1 
 .text          0x00000000c000fcae      0xf65 core/terminal.32
                0x00000000c000fcae                VgaText::isAtty()
                0x00000000c000fcb2                VgaText::~VgaText()
                0x00000000c000fcb2                VgaText::~VgaText()
                0x00000000c000fcd6                VgaText::~VgaText()
                0x00000000c000fd00                VgaText::read(unsigned long long, void*, int*)
                0x00000000c000fd20                setTerminalScrollLock(bool)
                0x00000000c000fd21                addToTerminalCycle(VgaText*)
                0x00000000c000fd4e                installVgaTextImplementation()
                0x00000000c000fd63                scrollTerminalScrollLock(int)
                0x00000000c000fd64                VgaText::load()
                0x00000000c000fdb8                VgaText::updateCursor()
                0x00000000c000fdd2                VgaText::showCursor(bool)
                0x00000000c000fde2                VgaText::disableBlink(bool)
                0x00000000c000fe1c                VgaText::doANSI_SGR(int)
                0x00000000c000fea8                VgaText::setDefaultBgColour(VgaColour)
                0x00000000c000febe                VgaText::setDefaultFgColour(VgaColour)
                0x00000000c000fed4                VgaText::setDefaultColours(VgaColour, VgaColour)
                0x00000000c000fef4                VgaText::combineColours(unsigned char, unsigned char)
                0x00000000c000ff06                VgaText::scrollScreen()
                0x00000000c000ff9a                VgaText::combineCharAndColour(char, unsigned char)
                0x00000000c000ffac                VgaText::writeCharacter(char, VgaColour, VgaColour, int, int)
                0x00000000c001000c                VgaText::getCursorX()
                0x00000000c0010018                VgaText::getCursorY()
                0x00000000c0010024                VgaText::setCursor(int, int)
                0x00000000c0010042                VgaText::setCursorX(int)
                0x00000000c001005e                VgaText::setCursorY(int)
                0x00000000c001007a                VgaText::incrementCursor(bool)
                0x00000000c00100e2                VgaText::updateRAMUsageDisplay(int)
                0x00000000c001013c                VgaText::updateDiskUsage()
                0x00000000c00102a2                VgaText::updateTitle()
                0x00000000c00102e8                VgaText::setTitleTextColour(VgaColour)
                0x00000000c00102f8                VgaText::setTitleColour(VgaColour)
                0x00000000c0010308                VgaText::setTitle(char*)
                0x00000000c001032e                VgaText::decrementCursor(bool)
                0x00000000c0010356                VgaText::putchar(char, VgaColour, VgaColour)
                0x00000000c0010452                VgaText::isShowingCursor()
                0x00000000c001045e                VgaText::isBlinkDisabled()
                0x00000000c001046c                VgaText::setCursorHeight(int)
                0x00000000c001048a                VgaText::getCursorHeight()
                0x00000000c0010495                setActiveTerminal(VgaText*)
                0x00000000c0010547                doTerminalCycle()
                0x00000000c0010564                VgaText::doUpdate()
                0x00000000c0010576                VgaText::puts(char const*, VgaColour, VgaColour)
                0x00000000c0010736                VgaText::clearScreen()
                0x00000000c001079a                VgaText::putchar(char)
                0x00000000c00108b4                VgaText::puts(char const*)
                0x00000000c00108da                VgaText::putx(unsigned int)
                0x00000000c0010920                VgaText::VgaText(char const*)
                0x00000000c0010920                VgaText::VgaText(char const*)
                0x00000000c0010ab2                VgaText::receiveKey(unsigned char)
                0x00000000c0010b9a                VgaText::write(unsigned long long, void*, int*)
                0x00000000c0010bee                newTerminal(char*)
 *fill*         0x00000000c0010c13        0x1 
 .text          0x00000000c0010c14      0x18f core/tss.32
                0x00000000c0010c14                TSS::TSS()
                0x00000000c0010c14                TSS::TSS()
                0x00000000c0010c22                TSS::setESP(unsigned long)
                0x00000000c0010c34                TSS::flush()
                0x00000000c0010c54                TSS::setup(unsigned long, unsigned long)
 *fill*         0x00000000c0010da3        0x1 
 .text          0x00000000c0010da4      0x482 core/unixfile.32
                0x00000000c0010da4                ReservedFilename::read(unsigned long long, void*, int*)
                0x00000000c0010dfa                ReservedFilename::isAtty()
                0x00000000c0010e16                ReservedFilename::write(unsigned long long, void*, int*)
                0x00000000c0010e74                UnixFile::getFileDescriptor()
                0x00000000c0010e7c                UnixFile::UnixFile(int)
                0x00000000c0010e7c                UnixFile::UnixFile(int)
                0x00000000c0010fec                ReservedFilename::ReservedFilename(int)
                0x00000000c0010fec                ReservedFilename::ReservedFilename(int)
                0x00000000c001101e                UnixFile::~UnixFile()
                0x00000000c001101e                UnixFile::~UnixFile()
                0x00000000c00110b6                UnixFile::~UnixFile()
                0x00000000c00110de                ReservedFilename::~ReservedFilename()
                0x00000000c00110de                ReservedFilename::~ReservedFilename()
                0x00000000c0011102                ReservedFilename::~ReservedFilename()
                0x00000000c0011129                getFromFileDescriptor(int)
 .text          0x00000000c0011226      0xec7 core/virtmgr.32
                0x00000000c0011226                Virt::setPageState(unsigned long, Virt::VirtPageState)
                0x00000000c001125b                Virt::getPageState(unsigned long)
                0x00000000c001127f                Virt::allocateKernelVirtualPages(int)
                0x00000000c0011390                Virt::virtualMemorySetup()
                0x00000000c001140f                Virt::getAKernelVAS()
                0x00000000c0011415                Virt::setupPageSwapping(int)
                0x00000000c001153a                VAS::VAS()
                0x00000000c001153a                VAS::VAS()
                0x00000000c001156a                VAS::VAS(VAS*)
                0x00000000c001156a                VAS::VAS(VAS*)
                0x00000000c001158e                VAS::getForeignPageTableEntry(bool, unsigned long)
                0x00000000c00115ba                VAS::getPageTableEntry(unsigned long)
                0x00000000c00115d9                Virt::freeKernelVirtualPages(unsigned long)
                0x00000000c00116fc                VAS::freeAllocatedPages(unsigned long)
                0x00000000c0011720                VAS::virtualToPhysical(unsigned long)
                0x00000000c0011738                VAS::reflagRange(unsigned long, int, int, int)
                0x00000000c0011778                VAS::setToWriteCombining(unsigned long, int)
                0x00000000c00117b0                VAS::mapOtherVASIn(bool, VAS*)
                0x00000000c00117e6                VAS::~VAS()
                0x00000000c00117e6                VAS::~VAS()
                0x00000000c0011952                VAS::mapPage(unsigned long, unsigned long, int)
                0x00000000c0011a52                VAS::allocatePages(int, int)
                0x00000000c0011c22                VAS::setCPUSpecific(unsigned long)
                0x00000000c0011c3e                VAS::mapRange(unsigned long, unsigned long, int, int)
                0x00000000c0011d08                VAS::mapForeignPage(bool, VAS*, unsigned long, unsigned long, int)
                0x00000000c0011df6                VAS::VAS(bool)
                0x00000000c0011df6                VAS::VAS(bool)
                0x00000000c0012026                mapVASFirstTime
 .text          0x00000000c00120ed       0x93 coreobjs/c++.32
                0x00000000c00120ed                __cxa_atexit
                0x00000000c00120f0                __cxa_finalize
                0x00000000c00120f1                __stack_chk_fail
                0x00000000c0012151                __cxa_pure_virtual
                0x00000000c0012162                operator new(unsigned long)
                0x00000000c0012167                operator new[](unsigned long)
                0x00000000c001216c                operator delete(void*)
                0x00000000c0012171                operator delete(void*, unsigned long)
                0x00000000c0012176                operator delete[](void*)
                0x00000000c001217b                operator delete[](void*, unsigned long)
 .text          0x00000000c0012180      0x1ef dbg/kconsole.32
                0x00000000c0012180                Dbg::stringifyxWithBase(unsigned int, char*, int)
                0x00000000c00121e1                Dbg::logc(char)
                0x00000000c00121f8                Dbg::logs(char*)
                0x00000000c0012215                Dbg::logWriteInt(unsigned int)
                0x00000000c0012232                Dbg::logWriteIntBase(unsigned int, int)
                0x00000000c0012251                Dbg::kprintf(char const*, ...)
 *fill*         0x00000000c001236f        0x1 
 .text          0x00000000c0012370      0xb68 fs/vfs.32
                0x00000000c0012370                File::read(unsigned long long, void*, int*)
                0x00000000c00123c8                File::write(unsigned long long, void*, int*)
                0x00000000c0012420                Directory::read(unsigned long long, void*, int*)
                0x00000000c0012478                Directory::write(unsigned long long, void*, int*)
                0x00000000c00124a6                File::isAtty()
                0x00000000c00124aa                Directory::isAtty()
                0x00000000c00124ae                Filesystem::getlabel(LogicalDisk*, int, char*, unsigned int*)
                0x00000000c00124b4                Filesystem::setlabel(LogicalDisk*, int, char*)
                0x00000000c00124ba                File::~File()
                0x00000000c00124ba                File::~File()
                0x00000000c00124de                File::~File()
                0x00000000c0012508                Directory::~Directory()
                0x00000000c0012508                Directory::~Directory()
                0x00000000c001252c                Directory::~Directory()
                0x00000000c0012556                Filesystem::Filesystem()
                0x00000000c0012556                Filesystem::Filesystem()
                0x00000000c001257a                Filesystem::~Filesystem()
                0x00000000c001257a                Filesystem::~Filesystem()
                0x00000000c0012588                Filesystem::~Filesystem()
                0x00000000c00125ac                initVFS()
                0x00000000c00125d6                standardiseFiles(char*, char const*, char const*)
                0x00000000c0012780                File::File(char const*, Process*)
                0x00000000c0012780                File::File(char const*, Process*)
                0x00000000c00127e4                File::open(FileOpenMode)
                0x00000000c0012842                File::close()
                0x00000000c00128a2                File::seek(unsigned long long)
                0x00000000c00128f8                File::tell(unsigned long long*)
                0x00000000c0012948                File::rewind()
                0x00000000c001295c                File::unlink()
                0x00000000c00129a8                File::rename(char const*)
                0x00000000c00129f6                File::chfatattr(unsigned char, unsigned char)
                0x00000000c0012a52                File::exists()
                0x00000000c0012a90                File::stat(unsigned long long*, bool*)
                0x00000000c0012af1                getcwd(Process*, char*, int)
                0x00000000c0012b1b                setcwd(Process*, char*)
                0x00000000c0012c42                Directory::Directory(char const*, Process*)
                0x00000000c0012c42                Directory::Directory(char const*, Process*)
                0x00000000c0012ca6                Directory::open()
                0x00000000c0012d02                Directory::close()
                0x00000000c0012d62                Directory::unlink()
                0x00000000c0012dae                Directory::rename(char const*)
                0x00000000c0012dfc                Directory::exists()
                0x00000000c0012e3a                Directory::read(dirent*)
                0x00000000c0012e86                Directory::create()
                0x00000000c0012ed2                Filesystem::chfatattr(char const*, unsigned char, unsigned char)
 .text          0x00000000c0012ed8       0x84 hal/bus.32
                0x00000000c0012ed8                Bus::Bus(char const*)
                0x00000000c0012ed8                Bus::Bus(char const*)
                0x00000000c0012f0e                Bus::~Bus()
                0x00000000c0012f0e                Bus::~Bus()
                0x00000000c0012f32                Bus::~Bus()
 .text          0x00000000c0012f5c      0x14e hal/buzzer.32
                0x00000000c0012f5c                Buzzer::Buzzer(char const*)
                0x00000000c0012f5c                Buzzer::Buzzer(char const*)
                0x00000000c0012fa0                Buzzer::~Buzzer()
                0x00000000c0012fa0                Buzzer::~Buzzer()
                0x00000000c0012fc4                Buzzer::~Buzzer()
                0x00000000c0012fee                Buzzer::stop()
                0x00000000c0013001                beepThread(void*)
                0x00000000c001303c                Buzzer::beep(int, int, bool)
 .text          0x00000000c00130aa      0x42f hal/clock.32
                0x00000000c00130aa                loadClockSettings()
                0x00000000c00130c4                Clock::Clock(char const*)
                0x00000000c00130c4                Clock::Clock(char const*)
                0x00000000c00130fa                Clock::~Clock()
                0x00000000c00130fa                Clock::~Clock()
                0x00000000c001311e                Clock::~Clock()
                0x00000000c0013148                Clock::timeInSecondsLocal()
                0x00000000c0013190                Clock::setTimeInSecondsLocal(unsigned long long)
                0x00000000c00131e9                datetimeToSeconds(datetime_t)
                0x00000000c0013310                Clock::setTimeInDatetimeLocal(datetime_t)
                0x00000000c0013370                secondsToDatetime(unsigned long long)
                0x00000000c00134b4                Clock::timeInDatetimeLocal()
 *fill*         0x00000000c00134d9        0x1 
 .text          0x00000000c00134da      0x504 hal/device.32
                0x00000000c00134da                Device::hibernate()
                0x00000000c00134dc                Device::wake()
                0x00000000c00134de                Device::detect()
                0x00000000c00134e0                Device::disableLegacy()
                0x00000000c00134e2                Device::powerSaving(PowerSavingLevel)
                0x00000000c00134e4                DriverlessDevice::close(int, int, void*)
                0x00000000c00134e8                DriverlessDevice::detect()
                0x00000000c00134ea                DriverlessDevice::open(int, int, void*)
                0x00000000c00134fe                Device::~Device()
                0x00000000c00134fe                Device::~Device()
                0x00000000c001350c                Device::~Device()
                0x00000000c0013534                Device::findAndLoadDriver()
                0x00000000c0013536                Device::preOpenPCI(PCIDeviceInfo)
                0x00000000c001355c                Device::preOpenACPI(void*, char*, char*)
                0x00000000c00135b0                Device::addIRQHandler(int, void (*)(regs*, void*), bool, void*)
                0x00000000c001360e                Device::removeIRQHandler(int, void (*)(regs*, void*), bool)
                0x00000000c001365c                Device::addChild(Device*)
                0x00000000c00136a0                Device::removeAllChildren()
                0x00000000c00136e6                Device::hibernateAll()
                0x00000000c0013716                Device::wakeAll()
                0x00000000c0013746                Device::detectAll()
                0x00000000c0013776                Device::disableLegacyAll()
                0x00000000c00137a6                Device::loadDriversForAll()
                0x00000000c00137d2                Device::closeAll()
                0x00000000c0013808                Device::powerSavingAll(PowerSavingLevel)
                0x00000000c001383e                Device::setName(char const*)
                0x00000000c001384c                Device::Device(char const*)
                0x00000000c001384c                Device::Device(char const*)
                0x00000000c001393e                Device::getName()
                0x00000000c0013948                DriverlessDevice::DriverlessDevice(char const*)
                0x00000000c0013948                DriverlessDevice::DriverlessDevice(char const*)
                0x00000000c0013970                Device::addToLinkedList(LinkedList<Device>&, DeviceType)
                0x00000000c00139b4                getDevicesOfType(DeviceType)
 .text          0x00000000c00139de       0x84 hal/diskctrl.32
                0x00000000c00139de                HardDiskController::HardDiskController(char const*)
                0x00000000c00139de                HardDiskController::HardDiskController(char const*)
                0x00000000c0013a14                HardDiskController::~HardDiskController()
                0x00000000c0013a14                HardDiskController::~HardDiskController()
                0x00000000c0013a38                HardDiskController::~HardDiskController()
 .text          0x00000000c0013a62       0xde hal/diskphys.32
                0x00000000c0013a62                PhysicalDisk::PhysicalDisk(char const*, int)
                0x00000000c0013a62                PhysicalDisk::PhysicalDisk(char const*, int)
                0x00000000c0013aca                PhysicalDisk::startCache()
                0x00000000c0013af2                PhysicalDisk::~PhysicalDisk()
                0x00000000c0013af2                PhysicalDisk::~PhysicalDisk()
                0x00000000c0013b16                PhysicalDisk::~PhysicalDisk()
 .text          0x00000000c0013b40      0x142 hal/fpu.32
                0x00000000c0013b40                FPU::FPU(char const*)
                0x00000000c0013b40                FPU::FPU(char const*)
                0x00000000c0013b76                FPU::~FPU()
                0x00000000c0013b76                FPU::~FPU()
                0x00000000c0013b9a                FPU::~FPU()
                0x00000000c0013bc4                setupFPU()
 .text          0x00000000c0013c82     0x12c1 hal/intctrl.32
                0x00000000c0013c82                InterruptController::uninstallISRHandler(int, void (*)(regs*, void*))
                0x00000000c0013cba                InterruptController::installISRHandler(int, void (*)(regs*, void*), void*)
                0x00000000c0013d0c                doubleFault(regs*, void*)
                0x00000000c0013d26                InterruptController::installIRQHandler(int, void (*)(regs*, void*), bool, void*)
                0x00000000c0013dc2                InterruptController::clearAllHandlers(int, bool)
                0x00000000c0013e6a                InterruptController::uninstallIRQHandler(int, void (*)(regs*, void*), bool)
                0x00000000c0013ef1                nmiHandler(regs*, void*)
                0x00000000c0013eff                int_handler
                0x00000000c0013f9a                InterruptController::InterruptController(char const*)
                0x00000000c0013f9a                InterruptController::InterruptController(char const*)
                0x00000000c0014040                InterruptController::~InterruptController()
                0x00000000c0014040                InterruptController::~InterruptController()
                0x00000000c0014064                InterruptController::~InterruptController()
                0x00000000c001408e                displayDebugInfo(regs*)
                0x00000000c00144a5                x87EmulHandler(regs*, void*)
                0x00000000c00144ed                gpFault(regs*, void*)
                0x00000000c0014526                pgFault(regs*, void*)
                0x00000000c001453d                otherISRHandler(regs*, void*)
                0x00000000c001455c                opcodeFault(regs*, void*)
                0x00000000c0014b15                displayProgramFault(char const*)
                0x00000000c0014b3d                setupInterruptController()
                0x00000000c0014ef6                InterruptController::convertLegacyIRQNumber(int)
 *fill*         0x00000000c0014f43        0x1 
 .text          0x00000000c0014f44      0x620 hal/keybrd.32
                0x00000000c0014f44                startGUI(void*)
                0x00000000c0014fb6                sendKeyToTerminal(unsigned char)
                0x00000000c0015022                sendKeyboardToken(KeyboardToken)
                0x00000000c00153fd                clearInternalKeybuffer(VgaText*)
                0x00000000c0015432                readKeyboard(VgaText*, char*, unsigned long)
                0x00000000c00154da                Keyboard::Keyboard(char const*)
                0x00000000c00154da                Keyboard::Keyboard(char const*)
                0x00000000c0015516                Keyboard::~Keyboard()
                0x00000000c0015516                Keyboard::~Keyboard()
                0x00000000c001553a                Keyboard::~Keyboard()
 .text          0x00000000c0015564      0x400 hal/logidisk.32
                0x00000000c0015564                LogicalDisk::close(int, int, void*)
                0x00000000c0015568                LogicalDisk::~LogicalDisk()
                0x00000000c0015568                LogicalDisk::~LogicalDisk()
                0x00000000c001558c                LogicalDisk::~LogicalDisk()
                0x00000000c00155b6                LogicalDisk::open(int, int, void*)
                0x00000000c00155ca                LogicalDisk::absoluteToRelative(unsigned long long)
                0x00000000c0015602                LogicalDisk::relativeToAbsolute(unsigned long long)
                0x00000000c0015648                LogicalDisk::LogicalDisk(char const*, PhysicalDisk*, unsigned long long, unsigned long long)
                0x00000000c0015648                LogicalDisk::LogicalDisk(char const*, PhysicalDisk*, unsigned long long, unsigned long long)
                0x00000000c00156fe                LogicalDisk::assignDriveLetter()
                0x00000000c00157b4                LogicalDisk::mount()
                0x00000000c0015826                LogicalDisk::unmount()
                0x00000000c0015836                LogicalDisk::unassignDriveLetter()
                0x00000000c001588c                LogicalDisk::read(unsigned long long, int, void*)
                0x00000000c00158f8                LogicalDisk::write(unsigned long long, int, void*)
 .text          0x00000000c0015964       0x84 hal/mouse.32
                0x00000000c0015964                Mouse::Mouse(char const*)
                0x00000000c0015964                Mouse::Mouse(char const*)
                0x00000000c001599a                Mouse::~Mouse()
                0x00000000c001599a                Mouse::~Mouse()
                0x00000000c00159be                Mouse::~Mouse()
 .text          0x00000000c00159e8      0x339 hal/partition.32
                0x00000000c00159e8                makePartition(PhysicalDisk*, unsigned long long, unsigned long long)
                0x00000000c0015a90                createPartitionsForDisk(PhysicalDisk*)
 *fill*         0x00000000c0015d21        0x1 
 .text          0x00000000c0015d22      0x2e7 hal/timer.32
                0x00000000c0015d22                Timer::Timer(char const*)
                0x00000000c0015d22                Timer::Timer(char const*)
                0x00000000c0015d58                Timer::~Timer()
                0x00000000c0015d58                Timer::~Timer()
                0x00000000c0015d7c                Timer::~Timer()
                0x00000000c0015da6                Timer::read()
                0x00000000c0015db1                timerHandler(unsigned long long)
                0x00000000c0015ee8                setupTimer(int)
 *fill*         0x00000000c0016009        0x1 
 .text          0x00000000c001600a      0x2d1 hal/vcache.32
                0x00000000c001600a                VCache::VCache(PhysicalDisk*)
                0x00000000c001600a                VCache::VCache(PhysicalDisk*)
                0x00000000c00160fa                VCache::writeWriteBuffer()
                0x00000000c0016136                VCache::~VCache()
                0x00000000c0016136                VCache::~VCache()
                0x00000000c0016176                VCache::~VCache()
                0x00000000c001619e                VCache::write(unsigned long long, int, void*)
                0x00000000c0016282                VCache::read(unsigned long long, int, void*)
 *fill*         0x00000000c00162db        0x1 
 .text          0x00000000c00162dc      0x26d hal/video.32
                0x00000000c00162dc                Video::putrect(int, int, int, int, unsigned int)
                0x00000000c0016326                Video::blit(unsigned int*, int, int, int, int)
                0x00000000c00163a4                Video::clearScreen(unsigned int)
                0x00000000c00163d8                Video::putpixel(int, int, unsigned int)
                0x00000000c00163e6                Video::Video(char const*)
                0x00000000c00163e6                Video::Video(char const*)
                0x00000000c001641c                Video::~Video()
                0x00000000c001641c                Video::~Video()
                0x00000000c0016440                Video::~Video()
                0x00000000c001646a                Video::isMonochrome()
                0x00000000c0016476                Video::getWidth()
                0x00000000c0016482                Video::getHeight()
                0x00000000c001648e                Video::drawCursor(int, int, unsigned char*, int)
 *fill*         0x00000000c0016549        0x1 
 .text          0x00000000c001654a      0xd04 hw/acpi.32
                0x00000000c001654a                ACPI::close(int, int, void*)
                0x00000000c00165ff                findRSDP()
                0x00000000c0016689                loadACPITables(unsigned char*)
                0x00000000c00168b0                findRSDT(unsigned char*)
                0x00000000c00169ce                findDataTable(unsigned char*, char*)
                0x00000000c0016a6a                scanMADT()
                0x00000000c0016dfe                ACPI::ACPI()
                0x00000000c0016dfe                ACPI::ACPI()
                0x00000000c0016e5e                ACPI::getPCIIRQAssignment(unsigned char, unsigned short, unsigned char)
                0x00000000c0016f40                ACPI::registerPCIIRQAssignment(void*, unsigned short, unsigned char, unsigned char)
                0x00000000c0017046                ACPI::setScreenBrightnessLevel(void*, int)
                0x00000000c001704c                ACPI::writeSimpleBootFlag(SimpleBootFlagTable*)
                0x00000000c0017094                ACPI::open(int, int, void*)
                0x00000000c0017236                ACPI::sleep()
 .text          0x00000000c001724e     0x17a6 hw/cpu.32
                0x00000000c001724e                CPU::close(int, int, void*)
                0x00000000c0017251                lookupAMDCPUName(unsigned char, unsigned char)
                0x00000000c00173e5                lookupIntelCPUName(unsigned char, unsigned char)
                0x00000000c0017693                AMD_K6_write_msr(unsigned int, unsigned int, unsigned int, REGS*)
                0x00000000c00176af                AMD_K6_read_msr(unsigned int, REGS*)
                0x00000000c00176c7                AMD_K6_writeback(int, int, int)
                0x00000000c001773a                cpuid(int, unsigned long*, unsigned long*, unsigned long*, unsigned long*)
                0x00000000c00177bd                cpuidCheckEDX(unsigned int)
                0x00000000c00177ea                cpuidCheckECX(unsigned int)
                0x00000000c0017817                cpuidCheckExtendedEBX(unsigned int)
                0x00000000c0017844                cpuidCheckExtendedECX(unsigned int)
                0x00000000c0017871                getCPUNumber()
                0x00000000c0017874                thisCPU()
                0x00000000c0017888                CPU::CPU()
                0x00000000c0017888                CPU::CPU()
                0x00000000c0017916                CPU::displayFeatures()
                0x00000000c0017b92                CPU::detectFeatures()
                0x00000000c0018584                CPU::setupSMEP()
                0x00000000c001859e                CPU::setupUMIP()
                0x00000000c00185b6                CPU::setupTSC()
                0x00000000c00185ce                CPU::setupLargePages()
                0x00000000c00185e6                CPU::setupPAT()
                0x00000000c0018622                CPU::setupMTRR()
                0x00000000c0018624                CPU::setupGlobalPages()
                0x00000000c001863a                CPU::allowUsermodeDataAccess()
                0x00000000c001864c                CPU::prohibitUsermodeDataAccess()
                0x00000000c001865e                CPU::setupSMAP()
                0x00000000c0018684                CPU::setupFeatures()
                0x00000000c0018726                CPU::open(int, int, void*)
                0x00000000c00187fc                CPU::decodeAddress(regs*, int*, bool*, unsigned char*)
 .text          0x00000000c00189f4        0x0 hw/ports.32
 .text          0x00000000c00189f4      0xfe5 hw/x87em.32
                0x00000000c00189f4                fpuInternalTo32(unsigned long long)
                0x00000000c0018af4                fpuInternalTo64(unsigned long long)
                0x00000000c0018b11                fpu32ToInternal(unsigned int)
                0x00000000c0018b8d                fpu64ToInternal(unsigned long long)
                0x00000000c0018baa                fpuFloatToLong(unsigned long long)
                0x00000000c0018c87                fpuULongToFloat(unsigned long long)
                0x00000000c0018d4f                fpuLongToFloat(long long)
                0x00000000c0018e72                fpuGet0()
                0x00000000c0018e7d                fpuGet1()
                0x00000000c0018e88                fpuGetPi()
                0x00000000c0018e93                fpuGetLog2E()
                0x00000000c0018eb4                fpuGetLogE2()
                0x00000000c0018ed5                fpuGetLog210()
                0x00000000c0018ef6                fpuGetLog102()
                0x00000000c0018f17                fpuIsSecondLarger(unsigned long long, unsigned long long)
                0x00000000c0018f58                fpuAreEqual(unsigned long long, unsigned long long)
                0x00000000c0018f96                fpuUnorderedCompare(unsigned long long, unsigned long long)
                0x00000000c001904e                fpuAdd(unsigned long long, unsigned long long)
                0x00000000c0019089                fpuAbs(unsigned long long)
                0x00000000c00190a6                fpuChs(unsigned long long)
                0x00000000c00190ca                fpuSub(unsigned long long, unsigned long long)
                0x00000000c0019110                fpuMultiply(unsigned long long, unsigned long long)
                0x00000000c0019157                fpuDivide(unsigned long long, unsigned long long)
                0x00000000c0019195                fpuSquare(unsigned long long)
                0x00000000c00191c3                fpuGetReg(int)
                0x00000000c001925b                fpuSetReg(int, unsigned long long)
                0x00000000c001930e                fpuPush(unsigned long long)
                0x00000000c00193c6                fpuPop()
                0x00000000c0019472                x87Handler(regs*)
 .text          0x00000000c00199d9      0x338 krnl/panic.32
                0x00000000c00199d9                Krnl::panic(char const*)
 .text          0x00000000c0019d11      0x503 reg/registry.32
                0x00000000c0019d11                Reg::findLineFromLoadedData(char*, char*, char*)
                0x00000000c0019e69                Reg::getLineFromRegistry(char*, char*, char*, char*)
                0x00000000c0019fc8                Reg::getLine(char*, char*, char*)
                0x00000000c0019fff                Reg::readInt(char*, char*, int*)
                0x00000000c001a0ea                Reg::readString(char*, char*, char*, int)
                0x00000000c001a16b                Reg::readBool(char*, char*, bool*)
                0x00000000c001a190                Reg::readBoolWithDefault(char*, char*, bool)
                0x00000000c001a1bc                Reg::readIntWithDefault(char*, char*, int)
                0x00000000c001a1e8                Reg::readStringWithDefault(char*, char*, char*, int, char*)
 .text          0x00000000c001a214       0x18 sys/sc_exit.32
                0x00000000c001a214                Sys::exit(regs*)
 .text          0x00000000c001a22c       0x95 sys/sc_loaddll.32
                0x00000000c001a22c                Sys::loadDLL(regs*)
 .text          0x00000000c001a2c1       0x68 sys/sc_read.32
                0x00000000c001a2c1                Sys::read(regs*)
 .text          0x00000000c001a329       0x55 sys/sc_sbrk.32
                0x00000000c001a329                Sys::sbrk(regs*)
 .text          0x00000000c001a37e       0x68 sys/sc_write.32
                0x00000000c001a37e                Sys::write(regs*)
 .text          0x00000000c001a3e6       0x1a sys/sc_yield.32
                0x00000000c001a3e6                Sys::yield(regs*)
 .text          0x00000000c001a400      0xf85 sys/syscalls.32
                0x00000000c001a400                sysCallGetPID(regs*)
                0x00000000c001a40c                sysCallSeekDir(regs*)
                0x00000000c001a411                sysCallTellDir(regs*)
                0x00000000c001a416                sysCallVerify(regs*)
                0x00000000c001a420                sysCallFork(regs*)
                0x00000000c001a42b                sysCallExecve(regs*)
                0x00000000c001a436                sysCallGetArgc(regs*)
                0x00000000c001a446                sysFormatDisk(regs*)
                0x00000000c001a4b0                sysSetDiskVolumeLabel(regs*)
                0x00000000c001a4f6                sysGetDiskVolumeLabel(regs*)
                0x00000000c001a547                sysShutdown(regs*)
                0x00000000c001a5a5                sysCallGetCwd(regs*)
                0x00000000c001a5c4                sysCallSetCwd(regs*)
                0x00000000c001a5e0                sysCallRealpath(regs*)
                0x00000000c001a623                sysCallReadDir(regs*)
                0x00000000c001a6b1                sysCallIsATTY(regs*)
                0x00000000c001a70b                sysCallSeek(regs*)
                0x00000000c001a774                sysCallTell(regs*)
                0x00000000c001a7f1                sysCallSizeFromFilename(regs*)
                0x00000000c001a8a2                sysCallSize(regs*)
                0x00000000c001a925                sysCallClose(regs*)
                0x00000000c001a9ad                sysCallOpenDir(regs*)
                0x00000000c001aa1a                sysCallMakeDir(regs*)
                0x00000000c001aa73                sysCallCloseDir(regs*)
                0x00000000c001aad9                sysCallWait(regs*)
                0x00000000c001aaf3                sysCallRmdir(regs*)
                0x00000000c001ab45                sysCallUnlink(regs*)
                0x00000000c001ab97                sysCallGetArgv(regs*)
                0x00000000c001abe3                sysCallTTYName(regs*)
                0x00000000c001ac66                sysCallGetEnv(regs*)
                0x00000000c001acb8                sysCallUSleep(regs*)
                0x00000000c001acdf                sysCallSpawn(regs*)
                0x00000000c001ad37                sysAppSettings(regs*)
                0x00000000c001ae56                sysSetFatAttrib(regs*)
                0x00000000c001aeb6                sysPanic(regs*)
                0x00000000c001aedc                sysPipe(regs*)
                0x00000000c001af21                sysGetUnixTime(regs*)
                0x00000000c001af35                string_ends_with(char const*, char const*)
                0x00000000c001af7d                sysCallOpen(regs*)
                0x00000000c001b18a                setupSystemCalls()
                0x00000000c001b343                systemCall(regs*, void*)
 .text          0x00000000c001b385     0x11c7 thr/elf.32
                0x00000000c001b385                Thr::allocateMemoryForTask(Process*, File*, unsigned long, unsigned long, unsigned long)
                0x00000000c001b602                Thr::loadProgramIntoMemory(Process*, char const*)
                0x00000000c001b818                Thr::runtimeReferenceHelper()
                0x00000000c001b82b                Thr::getAddressOfKernelSymbol(char const*)
                0x00000000c001b87a                Thr::loadKernelSymbolTable(char const*)
                0x00000000c001bb3b                Thr::loadDriverIntoMemory(char const*, unsigned long, bool)
                0x00000000c001c2d9                Thr::getDriverBaseFromAddress(unsigned long)
                0x00000000c001c30b                Thr::getDriverNameFromAddress(unsigned long)
                0x00000000c001c342                Thr::getDriverOffsetFromAddress(unsigned long)
                0x00000000c001c35c                Thr::loadDLL(char const*, bool)
                0x00000000c001c522                Thr::executeDLL(unsigned long, void*)
 .text          0x00000000c001c54c      0xfce thr/prcssthr.32
                0x00000000c001c54c                changeTSS
                0x00000000c001c57a                Process::addArgs(char**)
                0x00000000c001c5d4                Process::Process(char const*, Process*, char**)
                0x00000000c001c5d4                Process::Process(char const*, Process*, char**)
                0x00000000c001c78c                Process::Process(bool, char const*, Process*, char**)
                0x00000000c001c78c                Process::Process(bool, char const*, Process*, char**)
                0x00000000c001c90f                disableIRQs()
                0x00000000c001c917                getIRQNestingLevel()
                0x00000000c001c91d                enableIRQs()
                0x00000000c001c92c                lockScheduler()
                0x00000000c001c92e                unlockScheduler()
                0x00000000c001c930                userModeEntryPoint(void*)
                0x00000000c001c953                lockStuff()
                0x00000000c001c95f                taskStartupFunction
                0x00000000c001c968                updateTimeUsed()
                0x00000000c001c9c6                switchToThread(ThreadControlBlock*)
                0x00000000c001ca16                Semaphore::Semaphore(int)
                0x00000000c001ca16                Semaphore::Semaphore(int)
                0x00000000c001ca44                Mutex::Mutex()
                0x00000000c001ca44                Mutex::Mutex()
                0x00000000c001ca56                Process::createThread(void (*)(void*), void*, int)
                0x00000000c001cb3a                Process::createUserThread()
                0x00000000c001cb56                setupMultitasking(void (*)())
                0x00000000c001cc60                schedule()
                0x00000000c001cce5                unlockStuff()
                0x00000000c001cd1a                Semaphore::tryAcquire()
                0x00000000c001cd48                Semaphore::assertLocked(char const*)
                0x00000000c001cd78                blockTaskWithSchedulerLockAlreadyHeld(TaskState)
                0x00000000c001cdba                blockTask(TaskState)
                0x00000000c001cddb                waitTask(int, int*, int)
                0x00000000c001ce1d                nanoSleepUntil(unsigned long long)
                0x00000000c001ce74                nanoSleep(unsigned long long)
                0x00000000c001ce89                sleep(unsigned long long)
                0x00000000c001cea6                Semaphore::acquire()
                0x00000000c001cf0e                taskReturned
                0x00000000c001cf3c                unblockTask(ThreadControlBlock*)
                0x00000000c001cfeb                cleanupTerminatedTask(ThreadControlBlock*)
                0x00000000c001d28f                cleanerTaskFunction(void*)
                0x00000000c001d342                terminateTask(int)
                0x00000000c001d422                Thr::terminateFromIRQ(int)
                0x00000000c001d42e                Semaphore::release()
 .text          0x00000000c001d51a      0x8bf vm86/vm8086.32
                0x00000000c001d51a                Vm::vm8086EntryPoint(void*)
                0x00000000c001d545                Vm::inbv(unsigned short)
                0x00000000c001d54b                Vm::outbv(unsigned short, unsigned char)
                0x00000000c001d555                Vm::realToLinear(unsigned short, unsigned short)
                0x00000000c001d565                Vm::getSegment(unsigned int)
                0x00000000c001d56d                Vm::getOffset(unsigned int)
                0x00000000c001d572                Vm::loadFileAsThread(Process*, char const*, unsigned short, unsigned short, unsigned short, unsigned short)
                0x00000000c001d6a1                Vm::doISR(regs*, int, unsigned char*, unsigned short, unsigned short)
                0x00000000c001d72b                Vm::readByteFromReal(unsigned short, unsigned short)
                0x00000000c001d73c                Vm::readWordFromReal(unsigned short, unsigned short)
                0x00000000c001d74e                Vm::readDwordFromReal(unsigned short, unsigned short)
                0x00000000c001d75f                Vm::writeByteFromReal(unsigned short, unsigned short, unsigned char)
                0x00000000c001d774                Vm::writeWordFromReal(unsigned short, unsigned short, unsigned short)
                0x00000000c001d78a                Vm::writeDwordFromReal(unsigned short, unsigned short, unsigned int)
                0x00000000c001d79f                Vm::faultHandler(regs*)
 *fill*         0x00000000c001ddd9        0x1 
 .text          0x00000000c001ddda     0x10ed fs/fat/vfslink.32
                0x00000000c001ddda                FAT::getName()
                0x00000000c001dde0                FAT::tell(void*, unsigned long long*)
                0x00000000c001de14                FAT::stat(void*, unsigned long long*)
                0x00000000c001de48                FAT::~FAT()
                0x00000000c001de48                FAT::~FAT()
                0x00000000c001de6c                FAT::~FAT()
                0x00000000c001de94                FAT::getlabel(LogicalDisk*, int, char*, unsigned int*)
                0x00000000c001df32                FAT::setlabel(LogicalDisk*, int, char*)
                0x00000000c001dfec                FAT::format(LogicalDisk*, int, char const*, int)
                0x00000000c001e1d0                FAT::tryMount(LogicalDisk*, int)
                0x00000000c001e3d6                FAT::readDir(void*, unsigned long, void*, int*)
                0x00000000c001e4dc                FAT::read(void*, unsigned long, void*, int*)
                0x00000000c001e536                FAT::write(void*, unsigned long, void*, int*)
                0x00000000c001e590                FAT::close(void*)
                0x00000000c001e5dc                FAT::closeDir(void*)
                0x00000000c001e628                FAT::seek(void*, unsigned long long)
                0x00000000c001e67c                fatWrapperReadDisk
                0x00000000c001e6c3                fatWrapperWriteDisk
                0x00000000c001e70a                fatWrapperIoctl
                0x00000000c001e80e                FAT::FAT()
                0x00000000c001e80e                FAT::FAT()
                0x00000000c001e860                FAT::fixFilepath(char*)
                0x00000000c001e898                FAT::open(char const*, void**, FileOpenMode)
                0x00000000c001e9c0                FAT::openDir(char const*, void**)
                0x00000000c001ea66                FAT::stat(char const*, unsigned long long*, bool*)
                0x00000000c001eb50                FAT::unlink(char const*)
                0x00000000c001ebca                FAT::chfatattr(char const*, unsigned char, unsigned char)
                0x00000000c001ed1e                FAT::rename(char const*, char const*)
                0x00000000c001ede2                FAT::mkdir(char const*)
                0x00000000c001ee5c                FAT::exists(char const*)
 *fill*         0x00000000c001eec7        0x1 
 .text          0x00000000c001eec8      0xbdf fs/iso9660/vfslink.32
                0x00000000c001eec8                ISO9660::format(LogicalDisk*, int, char const*, int)
                0x00000000c001eece                ISO9660::seek(void*, unsigned long long)
                0x00000000c001eefe                ISO9660::tell(void*, unsigned long long*)
                0x00000000c001ef22                ISO9660::getName()
                0x00000000c001ef28                ISO9660::stat(void*, unsigned long long*)
                0x00000000c001ef4c                ISO9660::chfatattr(char const*, unsigned char, unsigned char)
                0x00000000c001ef52                ISO9660::unlink(char const*)
                0x00000000c001ef58                ISO9660::write(void*, unsigned long, void*, int*)
                0x00000000c001ef5e                ISO9660::rename(char const*, char const*)
                0x00000000c001ef64                ISO9660::mkdir(char const*)
                0x00000000c001ef6a                ISO9660::close(void*)
                0x00000000c001ef8c                ISO9660::closeDir(void*)
                0x00000000c001efae                ISO9660::~ISO9660()
                0x00000000c001efae                ISO9660::~ISO9660()
                0x00000000c001efd2                ISO9660::~ISO9660()
                0x00000000c001eff9                __memmem(unsigned char*, int, unsigned char*, int)
                0x00000000c001f03b                readSectorFromCDROM(unsigned int, unsigned char*, char)
                0x00000000c001f0a2                ISO9660::tryMount(LogicalDisk*, int)
                0x00000000c001f0f2                ISO9660::read(void*, unsigned long, void*, int*)
                0x00000000c001f336                ISO9660::readDir(void*, unsigned long, void*, int*)
                0x00000000c001f5c3                readRoot(unsigned int*, unsigned int*, char)
                0x00000000c001f618                readRecursively(char*, unsigned int, unsigned int, unsigned int*, unsigned int*, char, int*)
                0x00000000c001f7eb                getFileData(char*, unsigned int*, unsigned int*, char, int*)
                0x00000000c001f87a                ISO9660::open(char const*, void**, FileOpenMode)
                0x00000000c001f914                ISO9660::exists(char const*)
                0x00000000c001f938                ISO9660::stat(char const*, unsigned long long*, bool*)
                0x00000000c001f9cc                ISO9660::openDir(char const*, void**)
                0x00000000c001fa84                ISO9660::ISO9660()
                0x00000000c001fa84                ISO9660::ISO9660()
 *fill*         0x00000000c001faa7        0x1 
 .text          0x00000000c001faa8      0x326 hal/sound/sndchannel.32
                0x00000000c001faa8                SoundChannel::~SoundChannel()
                0x00000000c001faa8                SoundChannel::~SoundChannel()
                0x00000000c001fac4                SoundChannel::setSpeed(float)
                0x00000000c001fad0                SoundChannel::getSpeed()
                0x00000000c001fad8                SoundChannel::setVolume(int)
                0x00000000c001faf4                SoundChannel::getVolume()
                0x00000000c001fafc                SoundChannel::pause()
                0x00000000c001fb06                SoundChannel::SoundChannel(int, int, int, int)
                0x00000000c001fb06                SoundChannel::SoundChannel(int, int, int, int)
                0x00000000c001fc5c                SoundChannel::play()
                0x00000000c001fc66                SoundChannel::paused()
                0x00000000c001fc6e                SoundChannel::getSampleRate()
                0x00000000c001fc76                SoundChannel::getBits()
                0x00000000c001fc7e                SoundChannel::getBufferUsed()
                0x00000000c001fc86                SoundChannel::getBufferSize()
                0x00000000c001fc8e                SoundChannel::unbuffer(float*, int, int)
                0x00000000c001fd2e                SoundChannel::buffer8(unsigned char*, int)
 .text          0x00000000c001fdce      0x3d5 hal/sound/sndhw.32
                0x00000000c001fdce                SoundDevice::SoundDevice(char const*)
                0x00000000c001fdce                SoundDevice::SoundDevice(char const*)
                0x00000000c001fe3a                SoundDevice::~SoundDevice()
                0x00000000c001fe3a                SoundDevice::~SoundDevice()
                0x00000000c001feb4                SoundDevice::~SoundDevice()
                0x00000000c001fede                SoundDevice::getFreeChannelNum()
                0x00000000c001fef8                SoundDevice::addChannel(SoundChannel*)
                0x00000000c001ff68                SoundDevice::removeChannel(int)
                0x00000000c001ff9a                SoundDevice::floatTo8(float*, unsigned char*, int)
                0x00000000c0020082                SoundDevice::getAudio(int, float*, float*)
 .text          0x00000000c00201a3        0x0 hw/bus/isa.32
 *fill*         0x00000000c00201a3        0x1 
 .text          0x00000000c00201a4      0x6c1 hw/bus/pci.32
                0x00000000c00201a4                PCI::open(int, int, void*)
                0x00000000c00201b8                PCI::close(int, int, void*)
                0x00000000c00201bc                PCI::PCI()
                0x00000000c00201bc                PCI::PCI()
                0x00000000c002023c                PCI::pciReadWord(unsigned char, unsigned char, unsigned char, unsigned char)
                0x00000000c0020284                PCI::getVendorID(unsigned char, unsigned char, unsigned char)
                0x00000000c00202a6                PCI::getHeaderType(unsigned char, unsigned char, unsigned char)
                0x00000000c00202ca                PCI::getClassCode(unsigned char, unsigned char, unsigned char)
                0x00000000c002030e                PCI::getProgIF(unsigned char, unsigned char, unsigned char)
                0x00000000c0020332                PCI::getRevisionID(unsigned char, unsigned char, unsigned char)
                0x00000000c0020354                PCI::getInterruptNumber(unsigned char, unsigned char, unsigned char)
                0x00000000c0020376                PCI::getSecondaryBus(unsigned char, unsigned char, unsigned char)
                0x00000000c002039a                PCI::getBARAddress(unsigned char, unsigned char, unsigned char, unsigned char)
                0x00000000c00203fa                PCI::pciWriteWord(unsigned char, unsigned char, unsigned char, unsigned char, unsigned short)
                0x00000000c0020466                PCI::checkBus(unsigned char)
                0x00000000c002048a                PCI::foundDevice(PCIDeviceInfo)
                0x00000000c00205fa                PCI::getDeviceData(unsigned char, unsigned char, unsigned char)
                0x00000000c00207a6                PCI::checkDevice(unsigned char, unsigned char)
                0x00000000c0020812                PCI::detect()
 *fill*         0x00000000c0020865        0x1 
 .text          0x00000000c0020866      0xc70 hw/diskctrl/ide.32
                0x00000000c0020866                IDE::close(int, int, void*)
                0x00000000c002086a                IDE::IDE()
                0x00000000c002086a                IDE::IDE()
                0x00000000c002089e                IDE::prepareInterrupt(unsigned char)
                0x00000000c00208b0                selectDrive(unsigned char, unsigned char)
                0x00000000c00208b2                IDE::getBase(unsigned char)
                0x00000000c00208c4                IDE::write(unsigned char, unsigned char, unsigned char)
                0x00000000c0020984                IDE::read(unsigned char, unsigned char)
                0x00000000c0020a32                IDE::waitInterrupt(unsigned char)
                0x00000000c0020a98                ideChannel0IRQHandler(regs*, void*)
                0x00000000c0020ab4                ideChannel1IRQHandler(regs*, void*)
                0x00000000c0020ad0                IDE::enableIRQs(unsigned char, bool)
                0x00000000c0020b16                IDE::open(int, int, void*)
                0x00000000c0020f26                IDE::readBuffer(unsigned char, unsigned char, unsigned int, unsigned int)
                0x00000000c0020ff2                IDE::detect()
                0x00000000c00212da                IDE::printError(unsigned char, unsigned char, unsigned char)
                0x00000000c0021470                IDE::polling(unsigned char, unsigned int)
 .text          0x00000000c00214d6      0x62b hw/diskphys/ata.32
                0x00000000c00214d6                ATA::close(int, int, void*)
                0x00000000c00214fa                ATA::powerSaving(PowerSavingLevel)
                0x00000000c00214fc                ATA::ATA()
                0x00000000c00214fc                ATA::ATA()
                0x00000000c002152a                ATA::flush(bool)
                0x00000000c0021574                ATA::readyForCommand()
                0x00000000c00215c4                ATA::access(unsigned long long, int, void*, bool)
                0x00000000c0021942                ATA::read(unsigned long long, int, void*)
                0x00000000c00219aa                ATA::write(unsigned long long, int, void*)
                0x00000000c0021a12                ATA::detectCHS()
                0x00000000c0021a3c                ATA::open(int, int, void*)
 *fill*         0x00000000c0021b01        0x1 
 .text          0x00000000c0021b02      0x5b3 hw/diskphys/atapi.32
                0x00000000c0021b02                ATAPI::write(unsigned long long, int, void*)
                0x00000000c0021b08                ATAPI::close(int, int, void*)
                0x00000000c0021b2c                ATAPI::ATAPI()
                0x00000000c0021b2c                ATAPI::ATAPI()
                0x00000000c0021b5a                ATAPI::readyForCommand()
                0x00000000c0021baa                ATAPI::sendPacket(unsigned char*, int, bool, unsigned short*, int)
                0x00000000c0021e6a                ATAPI::diskRemoved()
                0x00000000c0021e86                ATAPI::eject()
                0x00000000c0021ecc                ATAPI::diskInserted()
                0x00000000c0021efa                ATAPI::detectMedia()
                0x00000000c0021fb6                ATAPI::open(int, int, void*)
                0x00000000c0022036                ATAPI::read(unsigned long long, int, void*)
 *fill*         0x00000000c00220b5        0x1 
 .text          0x00000000c00220b6       0x8e hw/fpu/avx.32
                0x00000000c00220b6                AVX::open(int, int, void*)
                0x00000000c00220c8                AVX::close(int, int, void*)
                0x00000000c00220da                AVX::available()
                0x00000000c00220ec                AVX::save(void*)
                0x00000000c0022104                AVX::load(void*)
                0x00000000c002211c                AVX::AVX()
                0x00000000c002211c                AVX::AVX()
 .text          0x00000000c0022144       0x90 hw/fpu/mmx.32
                0x00000000c0022144                MMX::available()
                0x00000000c0022158                MMX::open(int, int, void*)
                0x00000000c002216a                MMX::close(int, int, void*)
                0x00000000c002217c                MMX::save(void*)
                0x00000000c0022194                MMX::load(void*)
                0x00000000c00221ac                MMX::MMX()
                0x00000000c00221ac                MMX::MMX()
 .text          0x00000000c00221d4       0x96 hw/fpu/sse.32
                0x00000000c00221d4                SSE::open(int, int, void*)
                0x00000000c00221e6                SSE::close(int, int, void*)
                0x00000000c00221f8                SSE::available()
                0x00000000c0022212                SSE::save(void*)
                0x00000000c002222a                SSE::load(void*)
                0x00000000c0022242                SSE::SSE()
                0x00000000c0022242                SSE::SSE()
 .text          0x00000000c002226a       0x8e hw/fpu/x87.32
                0x00000000c002226a                x87::open(int, int, void*)
                0x00000000c002227c                x87::close(int, int, void*)
                0x00000000c002228e                x87::available()
                0x00000000c00222a0                x87::save(void*)
                0x00000000c00222b8                x87::load(void*)
                0x00000000c00222d0                x87::x87()
                0x00000000c00222d0                x87::x87()
 .text          0x00000000c00222f8      0x5f3 hw/intctrl/apic.32
                0x00000000c00222f8                APIC::disable()
                0x00000000c00222fa                APIC::close(int, int, void*)
                0x00000000c002231c                IOAPIC::close(int, int, void*)
                0x00000000c0022322                APIC::io_wait()
                0x00000000c0022328                APIC::getBase()
                0x00000000c002236a                APIC::eoi(unsigned char)
                0x00000000c0022398                APIC::open(int, int, void*)
                0x00000000c0022452                IOAPIC::IOAPIC()
                0x00000000c0022452                IOAPIC::IOAPIC()
                0x00000000c002247a                APIC::APIC()
                0x00000000c002247a                APIC::APIC()
                0x00000000c002254a                IOAPIC::handlesGSIWithNumber(unsigned int)
                0x00000000c002257c                IOAPIC::read(int)
                0x00000000c00225a4                IOAPIC::open(int, int, void*)
                0x00000000c002269a                IOAPIC::write(int, int)
                0x00000000c00226c6                IOAPIC::redirect(unsigned char, unsigned long long, unsigned char)
                0x00000000c0022780                APIC::installIRQHandler(int, void (*)(regs*, void*), bool, void*)
 *fill*         0x00000000c00228eb        0x1 
 .text          0x00000000c00228ec      0x3d3 hw/intctrl/pic.32
                0x00000000c00228ec                PIC::disable()
                0x00000000c002291a                PIC::close(int, int, void*)
                0x00000000c002293c                PIC::PIC()
                0x00000000c002293c                PIC::PIC()
                0x00000000c0022a12                PIC::ioWait()
                0x00000000c0022a18                PIC::getIRQReg(int)
                0x00000000c0022a82                PIC::eoi(unsigned char)
                0x00000000c0022b14                PIC::remap()
                0x00000000c0022c80                PIC::open(int, int, void*)
 *fill*         0x00000000c0022cbf        0x1 
 .text          0x00000000c0022cc0      0x252 hw/timer/apictimer.32
                0x00000000c0022cc0                APICTimer::close(int, int, void*)
                0x00000000c0022cc6                apicTimerHandler(regs*, void*)
                0x00000000c0022cf4                APICTimer::write(int)
                0x00000000c0022df2                APICTimer::open(int, int, void*)
                0x00000000c0022eea                APICTimer::APICTimer()
                0x00000000c0022eea                APICTimer::APICTimer()
 .text          0x00000000c0022f12      0x1a7 hw/timer/pit.32
                0x00000000c0022f12                PIT::write(int)
                0x00000000c0022f90                pitHandler(regs*, void*)
                0x00000000c0022fbc                PIT::open(int, int, void*)
                0x00000000c002300a                PIT::close(int, int, void*)
                0x00000000c002303a                PIT::PIT()
                0x00000000c002303a                PIT::PIT()
 *fill*         0x00000000c00230b9        0x7 
 .text          0x00000000c00230c0        0xa hw/fpu/x86/avx.32
                0x00000000c00230c0                avxDetect
                0x00000000c00230c6                avxSave
                0x00000000c00230c7                avxLoad
                0x00000000c00230c8                avxInit
                0x00000000c00230c9                avxClose
 *fill*         0x00000000c00230ca        0x6 
 .text          0x00000000c00230d0       0x38 hw/fpu/x86/sse.32
                0x00000000c00230d0                sseDetect
                0x00000000c00230eb                sseSave
                0x00000000c00230f1                sseLoad
                0x00000000c00230f7                sseInit
                0x00000000c0023107                sseClose
 *fill*         0x00000000c0023108        0x8 
 .text          0x00000000c0023110       0x47 hw/fpu/x86/x87.32
                0x00000000c0023116                x87Detect
                0x00000000c0023131                x87Save
                0x00000000c0023137                x87Load
                0x00000000c002313c                x87Init
                0x00000000c0023156                x87Close
 *fill*         0x00000000c0023157        0x1 
 .text          0x00000000c0023158       0x25 /cygdrive/d/Users/Alex/Desktop/Toolchain/Output/bin/../lib/gcc/i386-banana/8.1.0/crtend.o
 .text          0x00000000c002317d        0x0 crtn.32
 *fill*         0x00000000c002317d        0x3 
 .text          0x00000000c0023180      0x14b /cygdrive/d/Users/Alex/Desktop/Toolchain/Output/bin/../lib/gcc/i386-banana/8.1.0/libkgcc.a(_divdi3.o)
                0x00000000c0023180                __divdi3
 *fill*         0x00000000c00232cb        0x1 
 .text          0x00000000c00232cc      0x17e /cygdrive/d/Users/Alex/Desktop/Toolchain/Output/bin/../lib/gcc/i386-banana/8.1.0/libkgcc.a(_moddi3.o)
                0x00000000c00232cc                __moddi3
 *fill*         0x00000000c002344a        0x2 
 .text          0x00000000c002344c       0xff /cygdrive/d/Users/Alex/Desktop/Toolchain/Output/bin/../lib/gcc/i386-banana/8.1.0/libkgcc.a(_udivdi3.o)
                0x00000000c002344c                __udivdi3
 *fill*         0x00000000c002354b        0x1 
 .text          0x00000000c002354c      0x11a /cygdrive/d/Users/Alex/Desktop/Toolchain/Output/bin/../lib/gcc/i386-banana/8.1.0/libkgcc.a(_umoddi3.o)
                0x00000000c002354c                __umoddi3
 .text          0x00000000c0023666      0x96d D:/Users/Alex/Desktop/Banana/kernel/libsoftfp.a(sfieeelib.o)
                0x00000000c0023666                __addsf3
                0x00000000c0023968                __subsf3
                0x00000000c002397c                __negsf2
                0x00000000c0023989                __mulsf3
                0x00000000c0023b4c                __divsf3
                0x00000000c0023d77                __floatsisf
                0x00000000c0023deb                __floatunsisf
                0x00000000c0023e2d                __fixsfsi
                0x00000000c0023e8f                __fixunssfsi
                0x00000000c0023ec0                __cmpsf2
                0x00000000c0023f55                __eqsf2
                0x00000000c0023f90                __nesf2
                0x00000000c0023f92                __gtsf2
                0x00000000c0023fcd                __gesf2
                0x00000000c0023fcf                __ltsf2
                0x00000000c0023fd1                __lesf2
 .text          0x00000000c0023fd3      0xf50 D:/Users/Alex/Desktop/Banana/kernel/libsoftfp.a(dfieeelib.o)
                0x00000000c0023fd3                __adddf3
                0x00000000c0024624                __subdf3
                0x00000000c002463f                __negdf2
                0x00000000c0024650                __muldf3
                0x00000000c0024934                __divdf3
                0x00000000c0024cb3                __floatsidf
                0x00000000c0024d0e                __floatunsidf
                0x00000000c0024d4c                __fixdfsi
                0x00000000c0024db9                __fixunsdfsi
                0x00000000c0024df5                __cmpdf2
                0x00000000c0024ee3                __eqdf2
                0x00000000c0024eff                __nedf2
                0x00000000c0024f01                __gtdf2
                0x00000000c0024f1d                __gedf2
                0x00000000c0024f1f                __ltdf2
                0x00000000c0024f21                __ledf2
 .text          0x00000000c0024f23      0x18d D:/Users/Alex/Desktop/Banana/kernel/libsoftfp.a(sfdfcvt.o)
                0x00000000c0024f23                __truncdfsf2
                0x00000000c0025047                __extendsfdf2
 .text          0x00000000c00250b0       0x1e D:/Users/Alex/Desktop/Banana/kernel/libk/libm32.a(s_fabs.c.o)
                0x00000000c00250b0                fabs
 *fill*         0x00000000c00250ce        0x2 
 .text          0x00000000c00250d0        0xc D:/Users/Alex/Desktop/Banana/kernel/libk/libm32.a(s_lrint.S.o)
                0x00000000c00250d0                lrint
 .text          0x00000000c00250dc        0xc D:/Users/Alex/Desktop/Banana/kernel/libk/libm32.a(s_lrintf.S.o)
                0x00000000c00250dc                lrintf
 *(.gnu.linkonce.t*)

.iplt           0x00000000c00250e8        0x0
 .iplt          0x00000000c00250e8        0x0 D:/Users/Alex/Desktop/Banana/kernel/boot.32

.init           0x00000000c00250e8        0xf
 .init          0x00000000c00250e8        0x3 crti.32
                0x00000000c00250e8                _init
 .init          0x00000000c00250eb        0x5 /cygdrive/d/Users/Alex/Desktop/Toolchain/Output/bin/../lib/gcc/i386-banana/8.1.0/crtbegin.o
 .init          0x00000000c00250f0        0x5 /cygdrive/d/Users/Alex/Desktop/Toolchain/Output/bin/../lib/gcc/i386-banana/8.1.0/crtend.o
 .init          0x00000000c00250f5        0x2 crtn.32

.fini           0x00000000c00250f7        0xa
 .fini          0x00000000c00250f7        0x3 crti.32
                0x00000000c00250f7                _fini
 .fini          0x00000000c00250fa        0x5 /cygdrive/d/Users/Alex/Desktop/Toolchain/Output/bin/../lib/gcc/i386-banana/8.1.0/crtbegin.o
 .fini          0x00000000c00250ff        0x2 crtn.32

.text._ZN8ComputerD2Ev
                0x00000000c0025102       0x23
 .text._ZN8ComputerD2Ev
                0x00000000c0025102       0x23 core/computer.32
                0x00000000c0025102                Computer::~Computer()
                0x00000000c0025102                Computer::~Computer()

.text._ZN8ComputerD0Ev
                0x00000000c0025126       0x2a
 .text._ZN8ComputerD0Ev
                0x00000000c0025126       0x2a core/computer.32
                0x00000000c0025126                Computer::~Computer()

.text._Z10idleCommonv
                0x00000000c0025150       0x15
 .text._Z10idleCommonv
                0x00000000c0025150       0x15 core/idle.32
                0x00000000c0025150                idleCommon()

.text._ZN3CPU7readCR3Ev
                0x00000000c0025165       0x12
 .text._ZN3CPU7readCR3Ev
                0x00000000c0025165       0x12 core/kheap.32
                0x00000000c0025165                CPU::readCR3()

.text._ZN3CPU8writeCR3Em
                0x00000000c0025177        0x9
 .text._ZN3CPU8writeCR3Em
                0x00000000c0025177        0x9 core/kheap.32
                0x00000000c0025177                CPU::writeCR3(unsigned long)

.text._ZN10LinkedListI8UnixFileED2Ev
                0x00000000c0025180        0x2
 .text._ZN10LinkedListI8UnixFileED2Ev
                0x00000000c0025180        0x2 core/unixfile.32
                0x00000000c0025180                LinkedList<UnixFile>::~LinkedList()
                0x00000000c0025180                LinkedList<UnixFile>::~LinkedList()

.text._ZN10LinkedListI8UnixFileEC2Ev
                0x00000000c0025182       0x58
 .text._ZN10LinkedListI8UnixFileEC2Ev
                0x00000000c0025182       0x58 core/unixfile.32
                0x00000000c0025182                LinkedList<UnixFile>::LinkedList()
                0x00000000c0025182                LinkedList<UnixFile>::LinkedList()

.text._ZN10LinkedListI8UnixFileE10addElementEPS0_
                0x00000000c00251da       0xd3
 .text._ZN10LinkedListI8UnixFileE10addElementEPS0_
                0x00000000c00251da       0xd3 core/unixfile.32
                0x00000000c00251da                LinkedList<UnixFile>::addElement(UnixFile*)

.text._ZN10LinkedListI8UnixFileE15getFirstElementEv
                0x00000000c00252ae        0x7
 .text._ZN10LinkedListI8UnixFileE15getFirstElementEv
                0x00000000c00252ae        0x7 core/unixfile.32
                0x00000000c00252ae                LinkedList<UnixFile>::getFirstElement()

.text._ZN10LinkedListI8UnixFileE11removeFirstEv
                0x00000000c00252b6       0xa1
 .text._ZN10LinkedListI8UnixFileE11removeFirstEv
                0x00000000c00252b6       0xa1 core/unixfile.32
                0x00000000c00252b6                LinkedList<UnixFile>::removeFirst()

.text._ZN10LinkedListI8UnixFileE7getNextEPS0_
                0x00000000c0025358        0x8
 .text._ZN10LinkedListI8UnixFileE7getNextEPS0_
                0x00000000c0025358        0x8 core/unixfile.32
                0x00000000c0025358                LinkedList<UnixFile>::getNext(UnixFile*)

.text._ZN16DriverlessDeviceD2Ev
                0x00000000c0025360       0x1a
 .text._ZN16DriverlessDeviceD2Ev
                0x00000000c0025360       0x1a hal/device.32
                0x00000000c0025360                DriverlessDevice::~DriverlessDevice()
                0x00000000c0025360                DriverlessDevice::~DriverlessDevice()

.text._ZN16DriverlessDeviceD0Ev
                0x00000000c002537a       0x2a
 .text._ZN16DriverlessDeviceD0Ev
                0x00000000c002537a       0x2a hal/device.32
                0x00000000c002537a                DriverlessDevice::~DriverlessDevice()

.text._ZN10LinkedListI6DeviceE10addElementEPS0_
                0x00000000c00253a4       0xdc
 .text._ZN10LinkedListI6DeviceE10addElementEPS0_
                0x00000000c00253a4       0xdc hal/device.32
                0x00000000c00253a4                LinkedList<Device>::addElement(Device*)

.text._ZN10LinkedListI6DeviceEC2Ev
                0x00000000c0025480       0x58
 .text._ZN10LinkedListI6DeviceEC2Ev
                0x00000000c0025480       0x58 hal/device.32
                0x00000000c0025480                LinkedList<Device>::LinkedList()
                0x00000000c0025480                LinkedList<Device>::LinkedList()

.text._ZN3CPU7readCR0Ev
                0x00000000c00254d8       0x12
 .text._ZN3CPU7readCR0Ev
                0x00000000c00254d8       0x12 hal/fpu.32
                0x00000000c00254d8                CPU::readCR0()

.text._ZN3CPU8writeCR0Em
                0x00000000c00254ea        0x9
 .text._ZN3CPU8writeCR0Em
                0x00000000c00254ea        0x9 hal/fpu.32
                0x00000000c00254ea                CPU::writeCR0(unsigned long)

.text._ZN3CPU7readDR0Ev
                0x00000000c00254f3       0x12
 .text._ZN3CPU7readDR0Ev
                0x00000000c00254f3       0x12 hal/intctrl.32
                0x00000000c00254f3                CPU::readDR0()

.text._ZN3CPU7readDR1Ev
                0x00000000c0025505       0x12
 .text._ZN3CPU7readDR1Ev
                0x00000000c0025505       0x12 hal/intctrl.32
                0x00000000c0025505                CPU::readDR1()

.text._ZN3CPU7readDR2Ev
                0x00000000c0025517       0x12
 .text._ZN3CPU7readDR2Ev
                0x00000000c0025517       0x12 hal/intctrl.32
                0x00000000c0025517                CPU::readDR2()

.text._ZN3CPU7readDR3Ev
                0x00000000c0025529       0x12
 .text._ZN3CPU7readDR3Ev
                0x00000000c0025529       0x12 hal/intctrl.32
                0x00000000c0025529                CPU::readDR3()

.text._ZN3CPU7readDR6Ev
                0x00000000c002553b       0x12
 .text._ZN3CPU7readDR6Ev
                0x00000000c002553b       0x12 hal/intctrl.32
                0x00000000c002553b                CPU::readDR6()

.text._ZN3CPU7readDR7Ev
                0x00000000c002554d       0x12
 .text._ZN3CPU7readDR7Ev
                0x00000000c002554d       0x12 hal/intctrl.32
                0x00000000c002554d                CPU::readDR7()

.text._ZN10LinkedListIV18ThreadControlBlockE15getFirstElementEv
                0x00000000c0025560        0x7