Archive member included to satisfy reference by file (symbol)

/cygdrive/d/Users/Alex/Desktop/Toolchain/Output/bin/../lib/gcc/i386-banana/8.1.0/libkgcc.a(_divdi3.o)
                              fs/fat/ff.32 (__divdi3)
/cygdrive/d/Users/Alex/Desktop/Toolchain/Output/bin/../lib/gcc/i386-banana/8.1.0/libkgcc.a(_moddi3.o)
                              compat/resolve.32 (__moddi3)
/cygdrive/d/Users/Alex/Desktop/Toolchain/Output/bin/../lib/gcc/i386-banana/8.1.0/libkgcc.a(_udivdi3.o)
                              fs/fat/ff.32 (__udivdi3)
/cygdrive/d/Users/Alex/Desktop/Toolchain/Output/bin/../lib/gcc/i386-banana/8.1.0/libkgcc.a(_umoddi3.o)
                              compat/resolve.32 (__umoddi3)
D:/Users/Alex/Desktop/Banana/kernel/libsoftfp.a(sfieeelib.o)
                              hal/libresample/src_linear.32 (__subsf3)
D:/Users/Alex/Desktop/Banana/kernel/libsoftfp.a(dfieeelib.o)
                              hal/libresample/src_linear.32 (__adddf3)
D:/Users/Alex/Desktop/Banana/kernel/libsoftfp.a(sfdfcvt.o)
                              hal/libresample/samplerate.32 (__truncdfsf2)
D:/Users/Alex/Desktop/Banana/kernel/libk/libm32.a(s_fabs.c.o)
                              hal/libresample/samplerate.32 (fabs)
D:/Users/Alex/Desktop/Banana/kernel/libk/libm32.a(s_lrint.S.o)
                              hal/libresample/samplerate.32 (lrint)
D:/Users/Alex/Desktop/Banana/kernel/libk/libm32.a(s_lrintf.S.o)
                              hal/sound/sndhw.32 (lrintf)

Discarded input sections

 .comment       0x0000000000000000       0x12 /cygdrive/d/Users/Alex/Desktop/Toolchain/Output/bin/../lib/gcc/i386-banana/8.1.0/crtbegin.o
 .comment       0x0000000000000000       0x12 acpica/utclib.32
 .comment       0x0000000000000000       0x12 core/malloc.32
 .comment       0x0000000000000000       0x12 libk/string.32
 .comment       0x0000000000000000       0x12 fs/fat/diskio.32
 .comment       0x0000000000000000       0x12 fs/fat/ff.32
 .comment       0x0000000000000000       0x12 fs/fat/ffsystem.32
 .comment       0x0000000000000000       0x12 fs/fat/ffunicode.32
 .comment       0x0000000000000000       0x12 hal/libresample/samplerate.32
 .comment       0x0000000000000000       0x12 hal/libresample/src_linear.32
 .comment       0x0000000000000000       0x12 hal/libresample/src_sinc.32
 .comment       0x0000000000000000       0x12 hal/libresample/src_zoh.32
 .comment       0x0000000000000000       0x12 compat/inlines.32
 .comment       0x0000000000000000       0x12 compat/resolve.32
 .group         0x0000000000000000       0x14 core/computer.32
 .group         0x0000000000000000        0xc core/computer.32
 .comment       0x0000000000000000       0x12 core/computer.32
 .comment       0x0000000000000000       0x12 core/gdt.32
 .group         0x0000000000000000        0xc core/idle.32
 .comment       0x0000000000000000       0x12 core/idle.32
 .comment       0x0000000000000000       0x12 core/idt.32
 .comment       0x0000000000000000       0x12 core/kheap.32
 .comment       0x0000000000000000       0x12 core/main.32
 .comment       0x0000000000000000       0x12 core/physmgr.32
 .group         0x0000000000000000        0xc core/pipe.32
 .comment       0x0000000000000000       0x12 core/pipe.32
 .group         0x0000000000000000        0xc core/terminal.32
 .comment       0x0000000000000000       0x12 core/terminal.32
 .comment       0x0000000000000000       0x12 core/tss.32
 .group         0x0000000000000000        0x8 core/unixfile.32
 .group         0x0000000000000000        0x8 core/unixfile.32
 .group         0x0000000000000000        0xc core/unixfile.32
 .group         0x0000000000000000        0x8 core/unixfile.32
 .group         0x0000000000000000        0xc core/unixfile.32
 .group         0x0000000000000000        0x8 core/unixfile.32
 .group         0x0000000000000000        0xc core/unixfile.32
 .group         0x0000000000000000        0xc core/unixfile.32
 .comment       0x0000000000000000       0x12 core/unixfile.32
 .comment       0x0000000000000000       0x12 core/virtmgr.32
 .comment       0x0000000000000000       0x12 coreobjs/c++.32
 .comment       0x0000000000000000       0x12 dbg/kconsole.32
 .group         0x0000000000000000        0xc fs/vfs.32
 .group         0x0000000000000000        0xc fs/vfs.32
 .group         0x0000000000000000        0xc fs/vfs.32
 .comment       0x0000000000000000       0x12 fs/vfs.32
 .group         0x0000000000000000        0xc hal/bus.32
 .comment       0x0000000000000000       0x12 hal/bus.32
 .group         0x0000000000000000        0xc hal/buzzer.32
 .comment       0x0000000000000000       0x12 hal/buzzer.32
 .group         0x0000000000000000        0xc hal/clock.32
 .comment       0x0000000000000000       0x12 hal/clock.32
 .group         0x0000000000000000       0x14 hal/device.32
 .group         0x0000000000000000        0xc hal/device.32
 .group         0x0000000000000000        0x8 hal/device.32
 .group         0x0000000000000000        0xc hal/device.32
[...]
Memory Configuration

Name             Origin             Length             Attributes
*default*        0x0000000000000000 0xffffffffffffffff

Linker script and memory map

LOAD D:/Users/Alex/Desktop/Banana/kernel/boot.32
LOAD crti.32
LOAD /cygdrive/d/Users/Alex/Desktop/Toolchain/Output/bin/../lib/gcc/i386-banana/8.1.0/crtbegin.o
LOAD D:/Users/Alex/Desktop/Banana/kernel/morenasm.32
LOAD acpica/utclib.32
LOAD core/malloc.32
LOAD libk/string.32
LOAD fs/fat/diskio.32
LOAD fs/fat/ff.32
LOAD fs/fat/ffsystem.32
LOAD fs/fat/ffunicode.32
LOAD hal/libresample/samplerate.32
LOAD hal/libresample/src_linear.32
LOAD hal/libresample/src_sinc.32
LOAD hal/libresample/src_zoh.32
LOAD compat/inlines.32
LOAD compat/resolve.32
LOAD core/computer.32
LOAD core/gdt.32
LOAD core/idle.32
LOAD core/idt.32
LOAD core/kheap.32
LOAD core/main.32
LOAD core/physmgr.32
LOAD core/pipe.32
LOAD core/terminal.32
LOAD core/tss.32
LOAD core/unixfile.32
LOAD core/virtmgr.32
LOAD coreobjs/c++.32
LOAD dbg/kconsole.32
LOAD fs/vfs.32
LOAD hal/bus.32
LOAD hal/buzzer.32
LOAD hal/clock.32
LOAD hal/device.32
LOAD hal/diskctrl.32
LOAD hal/diskphys.32
LOAD hal/fpu.32
LOAD hal/intctrl.32
LOAD hal/keybrd.32
LOAD hal/logidisk.32
LOAD hal/mouse.32
LOAD hal/partition.32
LOAD hal/serial.32
LOAD hal/timer.32
LOAD hal/vcache.32
LOAD hal/video.32
LOAD hw/acpi.32
LOAD hw/cpu.32
LOAD hw/ports.32
LOAD hw/smp.32
LOAD krnl/env.32
LOAD krnl/panic.32
LOAD net/ethernet.32
LOAD reg/registry.32
LOAD sys/sc_eject.32
LOAD sys/sc_exit.32
LOAD sys/sc_getcwd.32
LOAD sys/sc_getpid.32
LOAD sys/sc_getramdata.32
LOAD sys/sc_getvgaptr.32
LOAD sys/sc_loaddll.32
LOAD sys/sc_read.32
LOAD sys/sc_sbrk.32
LOAD sys/sc_setcwd.32
LOAD sys/sc_settime.32
LOAD sys/sc_timezone.32
LOAD sys/sc_write.32
LOAD sys/sc_wsbe.32
LOAD sys/sc_yield.32
LOAD sys/syscalls.32
LOAD thr/elf.32
LOAD thr/prcssthr.32
LOAD vm86/vm8086.32
LOAD vm86/x87em.32
LOAD fs/fat/vfslink.32
LOAD fs/iso9660/vfslink.32
LOAD hal/sound/sndchannel.32
LOAD hal/sound/sndhw.32
LOAD hw/bus/isa.32
LOAD hw/bus/pci.32
LOAD hw/diskctrl/ide.32
LOAD hw/diskctrl/satabus.32
LOAD hw/diskphys/ata.32
LOAD hw/diskphys/atapi.32
LOAD hw/diskphys/sata.32
LOAD hw/diskphys/satapi.32
LOAD hw/fpu/avx.32
LOAD hw/fpu/mmx.32
LOAD hw/fpu/sse.32
LOAD hw/fpu/x87.32
LOAD hw/intctrl/apic.32
LOAD hw/intctrl/pic.32
LOAD hw/timer/apictimer.32
LOAD hw/timer/pit.32
LOAD hw/fpu/x86/avx.32
LOAD hw/fpu/x86/sse.32
LOAD hw/fpu/x86/x87.32
LOAD /cygdrive/d/Users/Alex/Desktop/Toolchain/Output/bin/../lib/gcc/i386-banana/8.1.0/crtend.o
LOAD crtn.32
LOAD /cygdrive/d/Users/Alex/Desktop/Toolchain/Output/bin/../lib/gcc/i386-banana/8.1.0/libkgcc.a
LOAD D:/Users/Alex/Desktop/Banana/kernel/libsoftfp.a
LOAD D:/Users/Alex/Desktop/Banana/kernel/libk/libm32.a
                0x00000000c0000000                . = 0xc0000000

.text           0x00000000c0000000    0x283b8
 *(.text)
 .text          0x00000000c0000000       0x41 D:/Users/Alex/Desktop/Banana/kernel/boot.32
                0x00000000c0000020                callGlobalConstructors
 .text          0x00000000c0000041        0x0 crti.32
 *fill*         0x00000000c0000041        0x3 
 .text          0x00000000c0000044      0x101 /cygdrive/d/Users/Alex/Desktop/Toolchain/Output/bin/../lib/gcc/i386-banana/8.1.0/crtbegin.o
 *fill*         0x00000000c0000145        0xb 
 .text          0x00000000c0000150      0x4fb D:/Users/Alex/Desktop/Banana/kernel/morenasm.32
                0x00000000c0000150                manualPCIProbe
                0x00000000c000019b                prepareTramp
                0x00000000c00001b4                voodooXADD
                0x00000000c000027f                doTPAUSE
                0x00000000c0000289                hasLegacyFPU
                0x00000000c00002ae                is486
                0x00000000c00002e4                detectCPUID
                0x00000000c00002fa                goToVM86
                0x00000000c000032a                goToUsermode
                0x00000000c0000354                switchToThreadASMFirstTime
                0x00000000c0000362                switchToThreadASM
                0x00000000c00003f2                asmQuickAcquireLock
                0x00000000c0000410                asmQuickReleaseLock
                0x00000000c000041c                asmAcquireLock
                0x00000000c000043d                asmReleaseLock
                0x00000000c0000450                loadGDT
                0x00000000c0000470                isr0
                0x00000000c0000480                isr1
                0x00000000c000048a                isr2
                0x00000000c0000494                isr3
                0x00000000c000049e                isr4
                0x00000000c00004a8                isr5
                0x00000000c00004b2                isr6
                0x00000000c00004bc                isr7
                0x00000000c00004c6                isr8
                0x00000000c00004ce                isr9
                0x00000000c00004d8                isr10
                0x00000000c00004e0                isr11
                0x00000000c00004e8                isr12
                0x00000000c00004f0                isr13
                0x00000000c00004f8                isr14
                0x00000000c0000500                isr15
                0x00000000c000050a                isr16
                0x00000000c0000514                isr17
                0x00000000c000051e                isr18
                0x00000000c0000528                irq3
                0x00000000c0000532                irq4
                0x00000000c000053c                irq5
                0x00000000c0000546                irq6
                0x00000000c0000550                irq7
                0x00000000c000055a                irq8
                0x00000000c0000564                irq9
                0x00000000c000056e                irq10
                0x00000000c0000578                irq11
                0x00000000c0000582                irq12
                0x00000000c000058c                irq13
                0x00000000c0000596                irq14
                0x00000000c00005a0                irq15
                0x00000000c00005aa                irq1
                0x00000000c00005b1                irq2
                0x00000000c00005b8                isr96
                0x00000000c00005bf                irq0
                0x00000000c00005c4                syscall_common_stub
                0x00000000c00005c4                int_common_stub
                0x00000000c00005f6                irq16
                0x00000000c0000600                irq17
                0x00000000c000060a                irq18
                0x00000000c0000614                irq19
                0x00000000c000061e                irq20
                0x00000000c0000628                irq21
                0x00000000c0000632                irq22
                0x00000000c000063c                irq23
                0x00000000c0000646                memcpy
 *fill*         0x00000000c000064b        0x1 
 .text          0x00000000c000064c      0x5dd acpica/utclib.32
                0x00000000c000064c                memcmp
                0x00000000c0000688                memmove
                0x00000000c0000750                memset
                0x00000000c000076c                strlen
                0x00000000c0000784                strpbrk
                0x00000000c00007c0                strtok
                0x00000000c000080c                strcpy
                0x00000000c0000830                strncpy
                0x00000000c0000898                strcmp
                0x00000000c00008d8                strchr
                0x00000000c00008fc                strncmp
                0x00000000c000094c                strcat
                0x00000000c000097c                strncat
                0x00000000c00009b8                strstr
                0x00000000c0000a00                toupper
                0x00000000c0000a14                tolower
                0x00000000c0000a28                simple_strtoul
 .text          0x00000000c0000c29      0xfad core/malloc.32
                0x00000000c0000d94                dlfree
                0x00000000c00010ef                dlmalloc
                0x00000000c000162c                dlrealloc
                0x00000000c00017cf                dlmemalign
                0x00000000c00018f2                dlcalloc
                0x00000000c000198c                dlcfree
                0x00000000c0001991                dlindependent_calloc
                0x00000000c00019b6                dlindependent_comalloc
                0x00000000c00019cd                dlvalloc
                0x00000000c00019f8                dlpvalloc
                0x00000000c0001a2e                dlmalloc_trim
                0x00000000c0001a3b                dlmalloc_usable_size
                0x00000000c0001a6c                dlmallinfo
                0x00000000c0001b3b                dlmalloc_stats
                0x00000000c0001b4c                dlmallopt
 .text          0x00000000c0001bd6        0x0 libk/string.32
 .text          0x00000000c0001bd6       0x51 fs/fat/diskio.32
                0x00000000c0001bd6                disk_status
                0x00000000c0001bd9                disk_initialize
                0x00000000c0001bdc                disk_read
                0x00000000c0001bf2                disk_write
                0x00000000c0001c08                disk_ioctl
 .text          0x00000000c0001c27     0x6833 fs/fat/ff.32
                0x00000000c0004ef5                f_mount
                0x00000000c0004f57                f_open
                0x00000000c0005393                f_read
                0x00000000c0005613                f_write
                0x00000000c00058cd                f_sync
                0x00000000c0005aa9                f_close
                0x00000000c0005ad8                f_lseek
                0x00000000c0005f8f                f_opendir
                0x00000000c0006091                f_closedir
                0x00000000c00060b3                f_readdir
                0x00000000c000614e                f_stat
                0x00000000c00061dd                f_getfree
                0x00000000c00063a8                f_truncate
                0x00000000c00064a0                f_unlink
                0x00000000c0006623                f_mkdir
                0x00000000c000684f                f_rename
                0x00000000c0006b42                f_chmod
                0x00000000c0006c20                f_utime
                0x00000000c0006cfe                f_getlabel
                0x00000000c0006eec                f_setlabel
                0x00000000c0007159                f_forward
                0x00000000c0007337                f_mkfs
 .text          0x00000000c000845a       0x2d fs/fat/ffsystem.32
                0x00000000c000845a                ff_memalloc
                0x00000000c0008470                ff_memfree
 .text          0x00000000c0008487      0x253 fs/fat/ffunicode.32
                0x00000000c0008487                ff_uni2oem
                0x00000000c0008517                ff_oem2uni
                0x00000000c0008583                ff_wtoupper
 .text          0x00000000c00086da      0x8fb hal/libresample/samplerate.32
                0x00000000c000871e                src_delete
                0x00000000c000875a                src_process
                0x00000000c0008910                src_callback_read
                0x00000000c0008a8d                src_set_ratio
                0x00000000c0008af7                src_get_channels
                0x00000000c0008b19                src_reset
                0x00000000c0008b65                src_new
                0x00000000c0008bf3                src_callback_new
                0x00000000c0008c55                src_get_name
                0x00000000c0008c8c                src_get_description
                0x00000000c0008cc3                src_get_version
                0x00000000c0008cc9                src_is_valid_ratio
                0x00000000c0008d1d                src_error
                0x00000000c0008d2b                src_strerror
                0x00000000c0008d3e                src_simple
                0x00000000c0008d91                src_short_to_float_array
                0x00000000c0008df6                src_float_to_short_array
                0x00000000c0008eb5                src_int_to_float_array
                0x00000000c0008f18                src_float_to_int_array
 .text          0x00000000c0008fd5      0x8cb hal/libresample/src_linear.32
                0x00000000c00097fb                linear_get_name
                0x00000000c000980a                linear_get_description
                0x00000000c0009819                linear_set_converter
 .text          0x00000000c00098a0     0x447c hal/libresample/src_sinc.32
                0x00000000c000dc33                sinc_get_name
                0x00000000c000dc46                sinc_get_description
                0x00000000c000dc59                sinc_set_converter
 .text          0x00000000c000dd1c      0x77c hal/libresample/src_zoh.32
                0x00000000c000e3f3                zoh_get_name
                0x00000000c000e402                zoh_get_description
                0x00000000c000e411                zoh_set_converter
 .text          0x00000000c000e498       0xa7 compat/inlines.32
                0x00000000c000e498                CPU::current()
                0x00000000c000e4a4                operator new(unsigned long)
                0x00000000c000e4a9                operator delete(void*)
                0x00000000c000e4ae                disableIRQs()
                0x00000000c000e4b6                enableIRQs()
                0x00000000c000e4c5                lockScheduler()
                0x00000000c000e4cd                unlockScheduler()
                0x00000000c000e4dc                lockStuff()
                0x00000000c000e4ea                unlockStuff()
                0x00000000c000e524                Virt::getAKernelVAS()
                0x00000000c000e52a                __not_memcpy
 .text          0x00000000c000e53f      0x111 compat/resolve.32
                0x00000000c000e53f                Krnl::resolveCompatibilitySymbol(char*)
 .text          0x00000000c000e650      0x741 core/computer.32
                0x00000000c000e650                Computer::close(int, int, void*)
                0x00000000c000e694                Krnl::firstTask()
                0x00000000c000e7d6                Computer::Computer()
                0x00000000c000e7d6                Computer::Computer()
                0x00000000c000e932                Computer::setBootMessage(char const*)
                0x00000000c000e934                Computer::detectFeatures()
                0x00000000c000eb3e                Computer::displayFeatures()
                0x00000000c000eb40                Computer::rdmsr(unsigned int)
                0x00000000c000eb6c                Computer::wrmsr(unsigned int, unsigned long long)
                0x00000000c000eba4                Computer::nmiEnabled()
                0x00000000c000ebb0                Computer::readCMOS(unsigned char)
                0x00000000c000ebca                Computer::enableNMI(bool)
                0x00000000c000ebe2                Computer::open(int, int, void*)
                0x00000000c000ecd4                Computer::disableNMI()
                0x00000000c000ece2                Computer::writeCMOS(unsigned char, unsigned char)
                0x00000000c000ed00                Computer::handleNMI()
                0x00000000c000ed66                Computer::setDiskActivityLight(int, bool)
 *fill*         0x00000000c000ed91        0x1 
 .text          0x00000000c000ed92      0x19d core/gdt.32
                0x00000000c000ed92                GDTEntry::setBase(unsigned int)
                0x00000000c000edae                GDTEntry::setLimit(unsigned int)
                0x00000000c000edcc                GDT::GDT()
                0x00000000c000edcc                GDT::GDT()
                0x00000000c000ede2                GDT::addEntry(GDTEntry)
                0x00000000c000ee04                GDT::getNumberOfEntries()
                0x00000000c000ee0c                GDT::flush()
                0x00000000c000ee2e                GDT::setup()
 .text          0x00000000c000ef2f       0x6b core/idle.32
                0x00000000c000ef2f                idleFunction(void*)
 .text          0x00000000c000ef9a      0x45e core/idt.32
                0x00000000c000ef9a                IDTEntry::IDTEntry(bool)
                0x00000000c000ef9a                IDTEntry::IDTEntry(bool)
                0x00000000c000f008                IDTEntry::setOffset(unsigned int)
                0x00000000c000f01c                IDT::IDT()
                0x00000000c000f01c                IDT::IDT()
                0x00000000c000f01e                IDT::getPointerToInvalidOpcodeEntryForF00F()
                0x00000000c000f026                IDT::addEntry(IDTEntry, int)
                0x00000000c000f040                IDT::addEntry(int, void (*)(), bool)
                0x00000000c000f078                IDT::flush()
                0x00000000c000f092                IDT::setup()
 .text          0x00000000c000f3f8      0x1fb core/kheap.32
                0x00000000c000f3f8                sbrk
                0x00000000c000f505                mmap
                0x00000000c000f51b                munmap
                0x00000000c000f531                liballoc_lock()
                0x00000000c000f53e                liballoc_unlock()
                0x00000000c000f552                liballoc_alloc(int)
                0x00000000c000f56a                liballoc_free(void*, int)
                0x00000000c000f585                realloc
                0x00000000c000f599                malloc
                0x00000000c000f5a9                free
                0x00000000c000f5b9                rfree
                0x00000000c000f5c9                calloc
 .text          0x00000000c000f5f3      0x1b6 core/main.32
                0x00000000c000f5f3                Krnl::setBootMessage(char const*)
                0x00000000c000f65f                kernel_main
 .text          0x00000000c000f7a9      0x5b5 core/physmgr.32
                0x00000000c000f7a9                Phys::allocateDMA(unsigned long)
                0x00000000c000f877                Phys::freeDMA(unsigned long, unsigned long)
                0x00000000c000f8d6                Phys::setPageState(unsigned long, bool)
                0x00000000c000f908                Phys::getPageState(unsigned long)
                0x00000000c000f924                Phys::freePage(unsigned long)
                0x00000000c000f995                Phys::allocatePage()
                0x00000000c000fa8d                Phys::allocateContiguousPages(int)
                0x00000000c000fae9                Phys::allowSegmentToBeUsed(unsigned long, unsigned long)
                0x00000000c000fb21                Phys::physicalMemorySetup(unsigned int)
 .text          0x00000000c000fd5e      0x273 core/pipe.32
                0x00000000c000fd5e                Pipe::isAtty()
                0x00000000c000fd62                Pipe::~Pipe()
                0x00000000c000fd62                Pipe::~Pipe()
                0x00000000c000fd86                Pipe::~Pipe()
                0x00000000c000fdae                Pipe::read(unsigned long long, void*, int*)
                0x00000000c000feaa                Pipe::write(unsigned long long, void*, int*)
                0x00000000c000ff6a                Pipe::Pipe(int)
                0x00000000c000ff6a                Pipe::Pipe(int)
 *fill*         0x00000000c000ffd1        0x1 
 .text          0x00000000c000ffd2      0xb93 core/terminal.32
                0x00000000c000ffd2                VgaText::isAtty()
                0x00000000c000ffd6                VgaText::~VgaText()
                0x00000000c000ffd6                VgaText::~VgaText()
                0x00000000c000fffa                VgaText::~VgaText()
                0x00000000c0010024                VgaText::read(unsigned long long, void*, int*)
                0x00000000c0010044                setTerminalScrollLock(bool)
                0x00000000c0010045                addToTerminalCycle(VgaText*)
                0x00000000c0010066                installVgaTextImplementation()
                0x00000000c001007b                scrollTerminalScrollLock(int)
                0x00000000c001007c                VgaText::updateTitle()
                0x00000000c00100ba                VgaText::load()
                0x00000000c0010108                VgaText::updateCursor()
                0x00000000c001011e                VgaText::doANSI_SGR(int)
                0x00000000c0010192                VgaText::setDefaultBgColour(VgaColour)
                0x00000000c00101a2                VgaText::setDefaultFgColour(VgaColour)
                0x00000000c00101b2                VgaText::setDefaultColours(VgaColour, VgaColour)
                0x00000000c00101d2                VgaText::setTitleTextColour(VgaColour)
                0x00000000c00101e2                VgaText::setTitleColour(VgaColour)
                0x00000000c00101f2                VgaText::setTitle(char*)
                0x00000000c0010218                VgaText::combineColours(unsigned char, unsigned char)
                0x00000000c001022a                VgaText::scrollScreen()
                0x00000000c00102be                VgaText::combineCharAndColour(char, unsigned char)
                0x00000000c00102d0                VgaText::writeCharacter(char, VgaColour, VgaColour, int, int)
                0x00000000c001032c                VgaText::getCursorX()
                0x00000000c0010334                VgaText::getCursorY()
                0x00000000c001033c                VgaText::setCursor(int, int)
                0x00000000c0010353                setActiveTerminal(VgaText*)
                0x00000000c00103b5                doTerminalCycle()
                0x00000000c00103d0                VgaText::setCursorX(int)
                0x00000000c00103e8                VgaText::setCursorY(int)
                0x00000000c0010400                VgaText::incrementCursor(bool)
                0x00000000c0010454                VgaText::decrementCursor(bool)
                0x00000000c0010476                VgaText::putchar(char, VgaColour, VgaColour)
                0x00000000c001054e                VgaText::doUpdate()
                0x00000000c001055c                VgaText::puts(char const*, VgaColour, VgaColour)
                0x00000000c00106d4                VgaText::clearScreen()
                0x00000000c001072e                VgaText::putchar(char)
                0x00000000c001081a                VgaText::putx(unsigned int)
                0x00000000c0010860                VgaText::puts(char const*)
                0x00000000c0010886                VgaText::VgaText(char const*)
                0x00000000c0010886                VgaText::VgaText(char const*)
                0x00000000c0010a04                VgaText::receiveKey(unsigned char)
                0x00000000c0010aec                VgaText::write(unsigned long long, void*, int*)
                0x00000000c0010b40                newTerminal(char*)
 *fill*         0x00000000c0010b65        0x1 
 .text          0x00000000c0010b66      0x19d core/tss.32
                0x00000000c0010b66                TSS::TSS()
                0x00000000c0010b66                TSS::TSS()
                0x00000000c0010b74                TSS::setESP(unsigned long)
                0x00000000c0010b86                TSS::flush()
                0x00000000c0010ba6                TSS::setup(unsigned long, unsigned long)
 *fill*         0x00000000c0010d03        0x1 
 .text          0x00000000c0010d04      0x4c2 core/unixfile.32
                0x00000000c0010d04                ReservedFilename::read(unsigned long long, void*, int*)
                0x00000000c0010d5a                ReservedFilename::isAtty()
                0x00000000c0010d76                ReservedFilename::write(unsigned long long, void*, int*)
                0x00000000c0010dd4                UnixFile::getFileDescriptor()
                0x00000000c0010ddc                UnixFile::UnixFile(int)
                0x00000000c0010ddc                UnixFile::UnixFile(int)
                0x00000000c0010f8c                ReservedFilename::ReservedFilename(int)
                0x00000000c0010f8c                ReservedFilename::ReservedFilename(int)
                0x00000000c0010fbe                UnixFile::~UnixFile()
                0x00000000c0010fbe                UnixFile::~UnixFile()
                0x00000000c0011056                UnixFile::~UnixFile()
                0x00000000c001107e                ReservedFilename::~ReservedFilename()
                0x00000000c001107e                ReservedFilename::~ReservedFilename()
                0x00000000c00110a2                ReservedFilename::~ReservedFilename()
                0x00000000c00110c9                getFromFileDescriptor(int)
 .text          0x00000000c00111c6     0x13ab core/virtmgr.32
                0x00000000c00111c6                Virt::setPageState(unsigned long, Virt::VirtPageState)
                0x00000000c00111fb                Virt::getPageState(unsigned long)
                0x00000000c001121f                Virt::allocateKernelVirtualPages(int)
                0x00000000c0011330                Virt::freeSwapfilePage(unsigned long)
                0x00000000c001134e                Virt::swapIDToSector(unsigned long)
                0x00000000c0011360                Virt::allocateSwapfilePage()
                0x00000000c00113de                Virt::virtualMemorySetup()
                0x00000000c0011429                Virt::setupPageSwapping(int)
                0x00000000c00115b0                VAS::VAS()
                0x00000000c00115b0                VAS::VAS()
                0x00000000c00115ec                VAS::VAS(VAS*)
                0x00000000c00115ec                VAS::VAS(VAS*)
                0x00000000c001161a                VAS::getForeignPageTableEntry(bool, unsigned long)
                0x00000000c0011646                VAS::getPageTableEntry(unsigned long)
                0x00000000c0011665                Virt::freeKernelVirtualPages(unsigned long)
                0x00000000c0011788                VAS::freeAllocatedPages(unsigned long)
                0x00000000c00117ac                VAS::virtualToPhysical(unsigned long)
                0x00000000c00117c4                VAS::reflagRange(unsigned long, int, int, int)
                0x00000000c0011804                VAS::setToWriteCombining(unsigned long, int)
                0x00000000c0011836                VAS::mapOtherVASIn(bool, VAS*)
                0x00000000c0011860                VAS::~VAS()
                0x00000000c0011860                VAS::~VAS()
                0x00000000c00119dc                VAS::mapPage(unsigned long, unsigned long, int)
                0x00000000c0011ade                VAS::allocatePages(int, int)
                0x00000000c0011cb6                VAS::setCPUSpecific(unsigned long)
                0x00000000c0011cd2                VAS::mapRange(unsigned long, unsigned long, int, int)
                0x00000000c0011d98                VAS::mapForeignPage(bool, VAS*, unsigned long, unsigned long, int)
                0x00000000c0011e86                VAS::VAS(bool)
                0x00000000c0011e86                VAS::VAS(bool)
                0x00000000c0012106                VAS::evict(unsigned long)
                0x00000000c00121f4                VAS::tryLoadBackOffDisk(unsigned long)
                0x00000000c001237c                VAS::scanForEviction()
                0x00000000c0012445                mapVASFirstTime
 .text          0x00000000c0012571       0x95 coreobjs/c++.32
                0x00000000c0012571                __cxa_atexit
                0x00000000c0012574                __cxa_finalize
                0x00000000c0012575                __stack_chk_fail
                0x00000000c00125e1                __cxa_pure_virtual
                0x00000000c00125f2                operator new[](unsigned long)
                0x00000000c00125f7                operator delete(void*, unsigned long)
                0x00000000c00125fc                operator delete[](void*)
                0x00000000c0012601                operator delete[](void*, unsigned long)
 .text          0x00000000c0012606      0x1e7 dbg/kconsole.32
                0x00000000c0012606                Dbg::stringifyxWithBase(unsigned int, char*, int)
                0x00000000c001265f                Dbg::logc(char)
                0x00000000c0012676                Dbg::logs(char*)
                0x00000000c0012693                Dbg::logWriteInt(unsigned int)
                0x00000000c00126b0                Dbg::logWriteIntBase(unsigned int, int)
                0x00000000c00126cf                Dbg::kprintf(char const*, ...)
 *fill*         0x00000000c00127ed        0x1 
 .text          0x00000000c00127ee      0xb82 fs/vfs.32
                0x00000000c00127ee                File::read(unsigned long long, void*, int*)
                0x00000000c0012846                File::write(unsigned long long, void*, int*)
                0x00000000c001289e                Directory::read(unsigned long long, void*, int*)
                0x00000000c00128f6                Directory::write(unsigned long long, void*, int*)
                0x00000000c0012924                File::isAtty()
                0x00000000c0012928                Directory::isAtty()
                0x00000000c001292c                Filesystem::getlabel(LogicalDisk*, int, char*, unsigned int*)
                0x00000000c0012932                Filesystem::setlabel(LogicalDisk*, int, char*)
                0x00000000c0012938                Filesystem::getFileFirstSector(char const*)
                0x00000000c001293e                File::~File()
                0x00000000c001293e                File::~File()
                0x00000000c0012962                File::~File()
                0x00000000c001298c                Directory::~Directory()
                0x00000000c001298c                Directory::~Directory()
                0x00000000c00129b0                Directory::~Directory()
                0x00000000c00129da                Filesystem::Filesystem()
                0x00000000c00129da                Filesystem::Filesystem()
                0x00000000c00129fe                Filesystem::~Filesystem()
                0x00000000c00129fe                Filesystem::~Filesystem()
                0x00000000c0012a0c                Filesystem::~Filesystem()
                0x00000000c0012a30                Fs::getcwd(Process*, char*, int)
                0x00000000c0012a5a                Fs::initVFS()
                0x00000000c0012a84                Fs::standardiseFiles(char*, char const*, char const*)
                0x00000000c0012c2e                File::File(char const*, Process*)
                0x00000000c0012c2e                File::File(char const*, Process*)
                0x00000000c0012c92                File::open(FileOpenMode)
                0x00000000c0012cf0                File::close()
                0x00000000c0012d50                File::seek(unsigned long long)
                0x00000000c0012da6                File::tell(unsigned long long*)
                0x00000000c0012df6                File::rewind()
                0x00000000c0012e0a                File::unlink()
                0x00000000c0012e56                File::rename(char const*)
                0x00000000c0012ea4                File::chfatattr(unsigned char, unsigned char)
                0x00000000c0012f00                File::exists()
                0x00000000c0012f3e                File::stat(unsigned long long*, bool*)
                0x00000000c0012f9f                Fs::setcwd(Process*, char*)
                0x00000000c00130da                Directory::Directory(char const*, Process*)
                0x00000000c00130da                Directory::Directory(char const*, Process*)
                0x00000000c001313e                Directory::open()
                0x00000000c001319a                Directory::close()
                0x00000000c00131fa                Directory::unlink()
                0x00000000c0013246                Directory::rename(char const*)
                0x00000000c0013294                Directory::exists()
                0x00000000c00132d2                Directory::read(dirent*)
                0x00000000c001331e                Directory::create()
                0x00000000c001336a                Filesystem::chfatattr(char const*, unsigned char, unsigned char)
 .text          0x00000000c0013370       0x84 hal/bus.32
                0x00000000c0013370                Bus::Bus(char const*)
                0x00000000c0013370                Bus::Bus(char const*)
                0x00000000c00133a6                Bus::~Bus()
                0x00000000c00133a6                Bus::~Bus()
                0x00000000c00133ca                Bus::~Bus()
 .text          0x00000000c00133f4      0x156 hal/buzzer.32
                0x00000000c00133f4                Buzzer::Buzzer(char const*)
                0x00000000c00133f4                Buzzer::Buzzer(char const*)
                0x00000000c0013438                Buzzer::~Buzzer()
                0x00000000c0013438                Buzzer::~Buzzer()
                0x00000000c001345c                Buzzer::~Buzzer()
                0x00000000c0013486                Buzzer::stop()
                0x00000000c0013499                beepThread(void*)
                0x00000000c00134dc                Buzzer::beep(int, int, bool)
 .text          0x00000000c001354a      0x467 hal/clock.32
                0x00000000c001354a                User::loadClockSettings(int)
                0x00000000c001359c                Clock::Clock(char const*)
                0x00000000c001359c                Clock::Clock(char const*)
                0x00000000c00135d2                Clock::~Clock()
                0x00000000c00135d2                Clock::~Clock()
                0x00000000c00135f6                Clock::~Clock()
                0x00000000c0013620                Clock::timeInSecondsLocal()
                0x00000000c0013668                Clock::setTimeInSecondsLocal(unsigned long long)
                0x00000000c00136c1                datetimeToSeconds(datetime_t)
                0x00000000c00137e8                Clock::setTimeInDatetimeLocal(datetime_t)
                0x00000000c0013848                secondsToDatetime(unsigned long long)
                0x00000000c001398c                Clock::timeInDatetimeLocal()
 *fill*         0x00000000c00139b1        0x1 
 .text          0x00000000c00139b2      0x504 hal/device.32
                0x00000000c00139b2                Device::hibernate()
                0x00000000c00139b4                Device::wake()
                0x00000000c00139b6                Device::detect()
                0x00000000c00139b8                Device::disableLegacy()
                0x00000000c00139ba                Device::powerSaving(PowerSavingLevel)
                0x00000000c00139bc                DriverlessDevice::close(int, int, void*)
                0x00000000c00139c0                DriverlessDevice::detect()
                0x00000000c00139c2                DriverlessDevice::open(int, int, void*)
                0x00000000c00139d6                Device::~Device()
                0x00000000c00139d6                Device::~Device()
                0x00000000c00139e4                Device::~Device()
                0x00000000c0013a0c                Device::findAndLoadDriver()
                0x00000000c0013a1a                Device::preOpenPCI(PCIDeviceInfo)
                0x00000000c0013a40                Device::preOpenACPI(void*, char*, char*)
                0x00000000c0013a80                Device::addIRQHandler(int, void (*)(regs*, void*), bool, void*)
                0x00000000c0013abe                Device::getParent()
                0x00000000c0013aca                Device::removeIRQHandler(int, void (*)(regs*, void*), bool)
                0x00000000c0013b08                Device::addChild(Device*)
                0x00000000c0013b4c                Device::removeAllChildren()
                0x00000000c0013b92                Device::hibernateAll()
                0x00000000c0013bc2                Device::wakeAll()
                0x00000000c0013bf2                Device::detectAll()
                0x00000000c0013c22                Device::disableLegacyAll()
                0x00000000c0013c52                Device::loadDriversForAll()
                0x00000000c0013c92                Device::closeAll()
                0x00000000c0013cc8                Device::powerSavingAll(PowerSavingLevel)
                0x00000000c0013cfe                Device::setName(char const*)
                0x00000000c0013d0c                Device::Device(char const*)
                0x00000000c0013d0c                Device::Device(char const*)
                0x00000000c0013e08                Device::getName()
                0x00000000c0013e12                DriverlessDevice::DriverlessDevice(char const*)
                0x00000000c0013e12                DriverlessDevice::DriverlessDevice(char const*)
                0x00000000c0013e48                Device::addToLinkedList(LinkedList<Device>&, DeviceType)
                0x00000000c0013e8c                getDevicesOfType(DeviceType)
 .text          0x00000000c0013eb6       0x84 hal/diskctrl.32
                0x00000000c0013eb6                HardDiskController::HardDiskController(char const*)
                0x00000000c0013eb6                HardDiskController::HardDiskController(char const*)
                0x00000000c0013eec                HardDiskController::~HardDiskController()
                0x00000000c0013eec                HardDiskController::~HardDiskController()
                0x00000000c0013f10                HardDiskController::~HardDiskController()
 .text          0x00000000c0013f3a       0xe2 hal/diskphys.32
                0x00000000c0013f3a                PhysicalDisk::eject()
                0x00000000c0013f3e                PhysicalDisk::PhysicalDisk(char const*, int)
                0x00000000c0013f3e                PhysicalDisk::PhysicalDisk(char const*, int)
                0x00000000c0013fa6                PhysicalDisk::startCache()
                0x00000000c0013fce                PhysicalDisk::~PhysicalDisk()
                0x00000000c0013fce                PhysicalDisk::~PhysicalDisk()
                0x00000000c0013ff2                PhysicalDisk::~PhysicalDisk()
 .text          0x00000000c001401c      0x13b hal/fpu.32
                0x00000000c001401c                FPU::FPU(char const*)
                0x00000000c001401c                FPU::FPU(char const*)
                0x00000000c0014052                FPU::~FPU()
                0x00000000c0014052                FPU::~FPU()
                0x00000000c0014076                FPU::~FPU()
                0x00000000c00140a0                setupFPU()
 *fill*         0x00000000c0014157        0x1 
 .text          0x00000000c0014158     0x1435 hal/intctrl.32
                0x00000000c0014158                InterruptController::uninstallISRHandler(int, void (*)(regs*, void*))
                0x00000000c0014190                InterruptController::installISRHandler(int, void (*)(regs*, void*), void*)
                0x00000000c00141e2                doubleFault(regs*, void*)
                0x00000000c00141fc                InterruptController::installIRQHandler(int, void (*)(regs*, void*), bool, void*)
                0x00000000c0014298                InterruptController::clearAllHandlers(int, bool)
                0x00000000c0014340                InterruptController::uninstallIRQHandler(int, void (*)(regs*, void*), bool)
                0x00000000c00143c7                nmiHandler(regs*, void*)
                0x00000000c00143d5                int_handler
                0x00000000c0014476                InterruptController::InterruptController(char const*)
                0x00000000c0014476                InterruptController::InterruptController(char const*)
                0x00000000c001451c                InterruptController::~InterruptController()
                0x00000000c001451c                InterruptController::~InterruptController()
                0x00000000c0014540                InterruptController::~InterruptController()
                0x00000000c001456a                displayDebugInfo(regs*)
                0x00000000c00149f9                x87EmulHandler(regs*, void*)
                0x00000000c0014a6c                gpFault(regs*, void*)
                0x00000000c0014aa5                pgFault(regs*, void*)
                0x00000000c0014aed                otherISRHandler(regs*, void*)
                0x00000000c0014b0c                opcodeFault(regs*, void*)
                0x00000000c0015129                displayProgramFault(char const*)
                0x00000000c0015151                setupInterruptController()
                0x00000000c0015540                InterruptController::convertLegacyIRQNumber(int)
 *fill*         0x00000000c001558d        0x1 
 .text          0x00000000c001558e      0x784 hal/keybrd.32
                0x00000000c001558e                startGUI(void*)
                0x00000000c00155fa                startGUIVESA(void*)
                0x00000000c0015666                sendKeyToTerminal(unsigned char)
                0x00000000c0015724                sendKeyboardToken(KeyboardToken)
                0x00000000c0015b61                clearInternalKeybuffer(VgaText*)
                0x00000000c0015b96                readKeyboard(VgaText*, char*, unsigned long)
                0x00000000c0015c88                Keyboard::Keyboard(char const*)
                0x00000000c0015c88                Keyboard::Keyboard(char const*)
                0x00000000c0015cc4                Keyboard::~Keyboard()
                0x00000000c0015cc4                Keyboard::~Keyboard()
                0x00000000c0015ce8                Keyboard::~Keyboard()
 .text          0x00000000c0015d12      0x3ea hal/logidisk.32
                0x00000000c0015d12                LogicalDisk::close(int, int, void*)
                0x00000000c0015d16                LogicalDisk::~LogicalDisk()
                0x00000000c0015d16                LogicalDisk::~LogicalDisk()
                0x00000000c0015d3a                LogicalDisk::~LogicalDisk()
                0x00000000c0015d64                LogicalDisk::open(int, int, void*)
                0x00000000c0015d78                LogicalDisk::absoluteToRelative(unsigned long long)
                0x00000000c0015db0                LogicalDisk::relativeToAbsolute(unsigned long long)
                0x00000000c0015df6                LogicalDisk::LogicalDisk(char const*, PhysicalDisk*, unsigned long long, unsigned long long)
                0x00000000c0015df6                LogicalDisk::LogicalDisk(char const*, PhysicalDisk*, unsigned long long, unsigned long long)
                0x00000000c0015eac                LogicalDisk::assignDriveLetter()
                0x00000000c0015f62                LogicalDisk::mount()
                0x00000000c0015faa                LogicalDisk::unmount()
                0x00000000c0015fba                LogicalDisk::eject()
                0x00000000c0015fce                LogicalDisk::unassignDriveLetter()
                0x00000000c0016024                LogicalDisk::read(unsigned long long, int, void*)
                0x00000000c0016090                LogicalDisk::write(unsigned long long, int, void*)
 .text          0x00000000c00160fc       0x84 hal/mouse.32
                0x00000000c00160fc                Mouse::Mouse(char const*)
                0x00000000c00160fc                Mouse::Mouse(char const*)
                0x00000000c0016132                Mouse::~Mouse()
                0x00000000c0016132                Mouse::~Mouse()
                0x00000000c0016156                Mouse::~Mouse()
 .text          0x00000000c0016180      0x339 hal/partition.32
                0x00000000c0016180                makePartition(PhysicalDisk*, unsigned long long, unsigned long long)
                0x00000000c0016228                createPartitionsForDisk(PhysicalDisk*)
 *fill*         0x00000000c00164b9        0x1 
 .text          0x00000000c00164ba       0x84 hal/serial.32
                0x00000000c00164ba                Serial::Serial(char const*)
                0x00000000c00164ba                Serial::Serial(char const*)
                0x00000000c00164f0                Serial::~Serial()
                0x00000000c00164f0                Serial::~Serial()
                0x00000000c0016514                Serial::~Serial()
 .text          0x00000000c001653e      0x2f3 hal/timer.32
                0x00000000c001653e                Timer::Timer(char const*)
                0x00000000c001653e                Timer::Timer(char const*)
                0x00000000c0016574                Timer::~Timer()
                0x00000000c0016574                Timer::~Timer()
                0x00000000c0016598                Timer::~Timer()
                0x00000000c00165c2                Timer::read()
                0x00000000c00165cd                timerHandler(unsigned long long)
                0x00000000c001673f                setupTimer(int)
 *fill*         0x00000000c0016831        0x1 
 .text          0x00000000c0016832      0x409 hal/vcache.32
                0x00000000c0016832                VCache::VCache(PhysicalDisk*)
                0x00000000c0016832                VCache::VCache(PhysicalDisk*)
                0x00000000c001699a                VCache::invalidateReadBuffer()
                0x00000000c00169aa                VCache::writeWriteBuffer()
                0x00000000c00169e6                VCache::~VCache()
                0x00000000c00169e6                VCache::~VCache()
                0x00000000c0016a3a                VCache::~VCache()
                0x00000000c0016a62                VCache::write(unsigned long long, int, void*)
                0x00000000c0016b4c                VCache::read(unsigned long long, int, void*)
 *fill*         0x00000000c0016c3b        0x1 
 .text          0x00000000c0016c3c      0x4b3 hal/video.32
                0x00000000c0016c3c                Video::putrect(int, int, int, int, unsigned int)
                0x00000000c0016c88                Video::bitblit(int, int, int, int, int, int, int, unsigned int*)
                0x00000000c0016cf8                Video::blit(unsigned int*, int, int, int, int)
                0x00000000c0016d76                Video::clearScreen(unsigned int)
                0x00000000c0016daa                Video::putpixel(int, int, unsigned int)
                0x00000000c0016db8                Video::Video(char const*)
                0x00000000c0016db8                Video::Video(char const*)
                0x00000000c0016dee                Video::~Video()
                0x00000000c0016dee                Video::~Video()
                0x00000000c0016e12                Video::~Video()
                0x00000000c0016e3c                Video::isMonochrome()
                0x00000000c0016e48                Video::getWidth()
                0x00000000c0016e54                Video::getHeight()
                0x00000000c0016e60                Video::drawCursor(int, int, unsigned char*, int)
                0x00000000c0016f1c                Video::tgaParse(unsigned char*, int, int*, int*)
                0x00000000c0017084                Video::putTGA(int, int, unsigned char*, int)
 *fill*         0x00000000c00170ef        0x1 
 .text          0x00000000c00170f0     0x11c9 hw/acpi.32
                0x00000000c00170f0                ACPI::close(int, int, void*)
                0x00000000c0017195                findRSDP()
                0x00000000c001721f                loadACPITables(unsigned char*)
                0x00000000c0017476                findRSDT(unsigned char*)
                0x00000000c00175c0                findDataTable(unsigned char*, char*)
                0x00000000c0017632                scanMADT()
                0x00000000c0017aa0                ACPI::ACPI()
                0x00000000c0017aa0                ACPI::ACPI()
                0x00000000c0017af4                ACPI::getPCIIRQAssignment(unsigned char, unsigned short, unsigned char)
                0x00000000c0017bd6                ACPI::registerPCIIRQAssignment(void*, unsigned short, unsigned char, unsigned char)
                0x00000000c0017c9c                ACPI::setScreenBrightnessLevel(void*, int)
                0x00000000c0017ca2                ACPI::detectPCI()
                0x00000000c0017ea4                ACPI::writeSimpleBootFlag(SimpleBootFlagTable*)
                0x00000000c0017eec                ACPI::sleep()
                0x00000000c0017f04                ACPI::open(int, int, void*)
 *fill*         0x00000000c00182b9        0x1 
 .text          0x00000000c00182ba     0x1495 hw/cpu.32
                0x00000000c00182ba                CPU::close(int, int, void*)
                0x00000000c00182be                CPU::lookupAMDName(unsigned char, unsigned char)
                0x00000000c0018452                CPU::lookupIntelName(unsigned char, unsigned char)
                0x00000000c0018700                CPU::AMD_K6_write_msr(unsigned int, unsigned int, unsigned int, CPU::REGS*)
                0x00000000c001871c                CPU::AMD_K6_read_msr(unsigned int, CPU::REGS*)
                0x00000000c0018734                CPU::AMD_K6_writeback(int, int, int)
                0x00000000c00187a8                CPU::cpuid(int, unsigned long*, unsigned long*, unsigned long*, unsigned long*)
                0x00000000c001882c                CPU::cpuidCheckEDX(unsigned int)
                0x00000000c001885a                CPU::cpuidCheckECX(unsigned int)
                0x00000000c0018888                CPU::cpuidCheckExtendedEBX(unsigned int)
                0x00000000c00188b6                CPU::cpuidCheckExtendedECX(unsigned int)
                0x00000000c00188e4                CPU::CPU()
                0x00000000c00188e4                CPU::CPU()
                0x00000000c0018972                CPU::displayFeatures()
                0x00000000c0018974                CPU::detectFeatures()
                0x00000000c0019366                CPU::setupSMEP()
                0x00000000c0019372                CPU::setupUMIP()
                0x00000000c001937c                CPU::setupTSC()
                0x00000000c0019386                CPU::setupLargePages()
                0x00000000c0019390                CPU::setupPAT()
                0x00000000c00193cc                CPU::setupMTRR()
                0x00000000c00193ce                CPU::setupGlobalPages()
                0x00000000c00193d8                CPU::allowUsermodeDataAccess()
                0x00000000c00193ea                CPU::prohibitUsermodeDataAccess()
                0x00000000c00193fc                CPU::setupSMAP()
                0x00000000c001940a                CPU::setupFeatures()
                0x00000000c001948a                CPU::open(int, int, void*)
                0x00000000c0019554                CPU::decodeAddress(regs*, int*, bool*, unsigned char*)
 .text          0x00000000c001974f        0x0 hw/ports.32
 .text          0x00000000c001974f      0x16a hw/smp.32
                0x00000000c001974f                Krnl::smpEntry()
                0x00000000c0019751                Krnl::startCPU(int)
                0x00000000c001989a                Krnl::startCPUs()
 *fill*         0x00000000c00198b9        0x1 
 .text          0x00000000c00198ba      0x581 krnl/env.32
                0x00000000c00198ba                EnvVarContainer::getEnv(char const*)
                0x00000000c00198f8                EnvVarContainer::setEnv(char const*, char const*)
                0x00000000c00199ba                EnvVarContainer::deleteEnv(char const*)
                0x00000000c00199bc                EnvVarContainer::loadFrom(char const*, char const*)
                0x00000000c0019ba2                EnvVarContainer::__loadSystem()
                0x00000000c0019bbc                EnvVarContainer::__loadUser()
                0x00000000c0019bbe                EnvVarContainer::EnvVarContainer(Process*)
                0x00000000c0019bbe                EnvVarContainer::EnvVarContainer(Process*)
                0x00000000c0019be0                EnvVarContainer::~EnvVarContainer()
                0x00000000c0019be0                EnvVarContainer::~EnvVarContainer()
                0x00000000c0019c10                Krnl::getEnv(Process*, char const*)
                0x00000000c0019c75                Krnl::setEnvSystem(char const*, char const*)
                0x00000000c0019c8f                Krnl::setEnvUser(char const*, char const*)
                0x00000000c0019cae                Krnl::setEnvProcess(Process*, char const*, char const*)
                0x00000000c0019cc1                Krnl::deleteEnvSystem(char const*)
                0x00000000c0019cc2                Krnl::deleteEnvUser(char const*)
                0x00000000c0019cc3                Krnl::deleteEnvProcess(Process*, char const*)
                0x00000000c0019cc4                Krnl::newProcessEnv(Process*)
                0x00000000c0019ce6                Krnl::copyProcessEnv(Process*, Process*)
                0x00000000c0019d32                Krnl::loadSystemEnv()
                0x00000000c0019d60                Krnl::loadUserEnv()
                0x00000000c0019d86                Krnl::flushEnv()
                0x00000000c0019d87                Krnl::getProcessTotalEnvCount(Process*)
                0x00000000c0019da7                Krnl::getProcessEnvPair(Process*, int)
 .text          0x00000000c0019e3b      0x39c krnl/panic.32
                0x00000000c0019e3b                Krnl::panic(char const*)
 .text          0x00000000c001a1d7      0x57f net/ethernet.32
                0x00000000c001a1d7                Net::switchEndian16(unsigned short)
                0x00000000c001a1f8                Net::switchEndian32(unsigned int)
                0x00000000c001a227                Net::crc32Calc(unsigned char*, int)
                0x00000000c001a2b8                Net::wrapEthernetFrame(Net::UnwrappedEthernetFrame, unsigned char*)
                0x00000000c001a4cb                Net::unwrapEthernetFrame(unsigned char*, int)
 .text          0x00000000c001a756      0x50e reg/registry.32
                0x00000000c001a756                Reg::findLineFromLoadedData(char*, char*, char*)
                0x00000000c001a8ae                Reg::getLineFromRegistry(char*, char*, char*, char*)
                0x00000000c001aa03                Reg::getLine(char*, char*, char*)
                0x00000000c001aa3a                Reg::readInt(char*, char*, int*)
                0x00000000c001ab25                Reg::readString(char*, char*, char*, int)
                0x00000000c001aba6                Reg::readBool(char*, char*, bool*)
                0x00000000c001abcb                Reg::readBoolWithDefault(char*, char*, bool)
                0x00000000c001abf7                Reg::readIntWithDefault(char*, char*, int)
                0x00000000c001ac23                Reg::readStringWithDefault(char*, char*, char*, int, char*)
 .text          0x00000000c001ac64       0x36 sys/sc_eject.32
                0x00000000c001ac64                Sys::eject(regs*)
 .text          0x00000000c001ac9a       0x18 sys/sc_exit.32
                0x00000000c001ac9a                Sys::exit(regs*)
 .text          0x00000000c001acb2       0x1f sys/sc_getcwd.32
                0x00000000c001acb2                Sys::getCwd(regs*)
 .text          0x00000000c001acd1        0xc sys/sc_getpid.32
                0x00000000c001acd1                Sys::getPID(regs*)
 .text          0x00000000c001acdd       0x17 sys/sc_getramdata.32
                0x00000000c001acdd                Sys::getRAMData(regs*)
 .text          0x00000000c001acf4       0x84 sys/sc_getvgaptr.32
                0x00000000c001acf4                Sys::getVGAPtr(regs*)
 .text          0x00000000c001ad78       0xa8 sys/sc_loaddll.32
                0x00000000c001ad78                Sys::loadDLL(regs*)
 .text          0x00000000c001ae20       0x68 sys/sc_read.32
                0x00000000c001ae20                Sys::read(regs*)
 .text          0x00000000c001ae88       0x55 sys/sc_sbrk.32
                0x00000000c001ae88                Sys::sbrk(regs*)
 .text          0x00000000c001aedd       0x1c sys/sc_setcwd.32
                0x00000000c001aedd                Sys::setCwd(regs*)
 .text          0x00000000c001aef9       0x95 sys/sc_settime.32
                0x00000000c001aef9                Sys::setTime(regs*)
 .text          0x00000000c001af8e       0x4a sys/sc_timezone.32
                0x00000000c001af8e                Sys::timezone(regs*)
 .text          0x00000000c001afd8       0x68 sys/sc_write.32
                0x00000000c001afd8                Sys::write(regs*)
 .text          0x00000000c001b040       0x62 sys/sc_wsbe.32
                0x00000000c001b040                Sys::wsbe(regs*)
 .text          0x00000000c001b0a2       0x46 sys/sc_yield.32
                0x00000000c001b0a2                Sys::yield(regs*)
 .text          0x00000000c001b0e8      0xf84 sys/syscalls.32
                0x00000000c001b0e8                sysCallSeekDir(regs*)
                0x00000000c001b0ed                sysCallTellDir(regs*)
                0x00000000c001b0f2                sysCallVerify(regs*)
                0x00000000c001b0fc                sysCallGetArgc(regs*)
                0x00000000c001b10c                sysFormatDisk(regs*)
                0x00000000c001b176                sysSetDiskVolumeLabel(regs*)
                0x00000000c001b1bc                sysGetDiskVolumeLabel(regs*)
                0x00000000c001b20d                sysShutdown(regs*)
                0x00000000c001b26b                sysCallRealpath(regs*)
                0x00000000c001b2ae                sysCallReadDir(regs*)
                0x00000000c001b32d                sysCallIsATTY(regs*)
                0x00000000c001b387                sysCallSeek(regs*)
                0x00000000c001b3de                sysCallTell(regs*)
                0x00000000c001b44a                sysCallSize(regs*)
                0x00000000c001b4bc                sysCallSizeFromFilename(regs*)
                0x00000000c001b56b                sysCallClose(regs*)
                0x00000000c001b5cb                sysCallOpenDir(regs*)
                0x00000000c001b640                sysCallCloseDir(regs*)
                0x00000000c001b694                sysCallMakeDir(regs*)
                0x00000000c001b704                sysCallWait(regs*)
                0x00000000c001b71e                sysCallNotImpl(regs*)
                0x00000000c001b739                sysPanic(regs*)
                0x00000000c001b753                sysCallRmdir(regs*)
                0x00000000c001b7b7                sysCallUnlink(regs*)
                0x00000000c001b81b                sysCallGetArgv(regs*)
                0x00000000c001b867                sysCallTTYName(regs*)
                0x00000000c001b8ea                sysCallUSleep(regs*)
                0x00000000c001b911                sysCallSpawn(regs*)
                0x00000000c001b979                sysCallGetEnv(regs*)
                0x00000000c001ba26                sysAppSettings(regs*)
                0x00000000c001bb3a                sysSetFatAttrib(regs*)
                0x00000000c001bbac                sysPipe(regs*)
                0x00000000c001bbf1                sysGetUnixTime(regs*)
                0x00000000c001bc05                string_ends_with(char const*, char const*)
                0x00000000c001bc4d                sysCallOpen(regs*)
                0x00000000c001be35                Sys::loadSyscalls()
                0x00000000c001c02a                Sys::systemCall(regs*, void*)
 .text          0x00000000c001c06c     0x1203 thr/elf.32
                0x00000000c001c06c                Thr::allocateMemoryForTask(Process*, File*, unsigned long, unsigned long, unsigned long)
                0x00000000c001c316                Thr::loadProgramIntoMemory(Process*, char const*)
                0x00000000c001c52c                Thr::runtimeReferenceHelper()
                0x00000000c001c53f                Thr::getAddressOfKernelSymbol(char const*)
                0x00000000c001c58e                Thr::loadKernelSymbolTable(char const*)
                0x00000000c001c84c                Thr::loadDriverIntoMemory(char const*, unsigned long, bool)
                0x00000000c001cf82                Thr::getDriverBaseFromAddress(unsigned long)
                0x00000000c001cfb4                Thr::getDriverNameFromAddress(unsigned long)
                0x00000000c001cfeb                Thr::getDriverOffsetFromAddress(unsigned long)
                0x00000000c001d005                Thr::loadDLL(char const*, bool)
                0x00000000c001d236                Thr::executeDLL(unsigned long, void*)
 *fill*         0x00000000c001d26f        0x1 
 .text          0x00000000c001d270     0x11ef thr/prcssthr.32
                0x00000000c001d270                userModeEntryPoint(void*)
                0x00000000c001d296                changeTSS
                0x00000000c001d2c6                switchToThread(ThreadControlBlock*)
                0x00000000c001d370                Process::addArgs(char**)
                0x00000000c001d3ca                Process::Process(char const*, Process*, char**)
                0x00000000c001d3ca                Process::Process(char const*, Process*, char**)
                0x00000000c001d5ae                Process::Process(bool, char const*, Process*, char**)
                0x00000000c001d5ae                Process::Process(bool, char const*, Process*, char**)
                0x00000000c001d75d                taskStartupFunction
                0x00000000c001d766                Semaphore::Semaphore(int)
                0x00000000c001d766                Semaphore::Semaphore(int)
                0x00000000c001d794                Mutex::Mutex()
                0x00000000c001d794                Mutex::Mutex()
                0x00000000c001d7a6                Process::createThread(void (*)(void*), void*, int)
                0x00000000c001d8ac                Process::createUserThread()
                0x00000000c001d8c8                setupMultitasking(void (*)())
                0x00000000c001d9cb                schedule()
                0x00000000c001da50                Semaphore::tryAcquire()
                0x00000000c001db0c                Semaphore::assertLocked(char const*)
                0x00000000c001db7b                blockTaskWithSchedulerLockAlreadyHeld(TaskState)
                0x00000000c001dba1                blockTask(TaskState)
                0x00000000c001dbce                waitTask(int, int*, int)
                0x00000000c001dc10                nanoSleepUntil(unsigned long long)
                0x00000000c001dca5                nanoSleep(unsigned long long)
                0x00000000c001dcbd                sleep(unsigned long long)
                0x00000000c001dcda                Semaphore::acquire()
                0x00000000c001dd7c                taskReturned
                0x00000000c001ddb7                Thr::processFromPID(int)
                0x00000000c001de4e                unblockTask(ThreadControlBlock*)
                0x00000000c001dee3                cleanupTerminatedTask(ThreadControlBlock*)
                0x00000000c001e18a                cleanerTaskFunction(void*)
                0x00000000c001e26b                terminateTask(int)
                0x00000000c001e32a                Thr::terminateFromIRQ(int)
                0x00000000c001e336                Semaphore::release()
 .text          0x00000000c001e45f      0xada vm86/vm8086.32
                0x00000000c001e45f                Vm::inbv(unsigned short)
                0x00000000c001e472                Vm::outbv(unsigned short, unsigned char)
                0x00000000c001e4a8                Vm::realToLinear(unsigned short, unsigned short)
                0x00000000c001e4b8                Vm::getSegment(unsigned int)
                0x00000000c001e4c0                Vm::getOffset(unsigned int)
                0x00000000c001e4c5                Vm::mainloop2()
                0x00000000c001e4ff                Vm::mainVm8086Loop(void*)
                0x00000000c001e50f                Vm::mainloop3(unsigned long)
                0x00000000c001e535                Vm::initialise8086()
                0x00000000c001e578                Vm::finish8086()
                0x00000000c001e5d9                Vm::getOutput8086(unsigned char*)
                0x00000000c001e5fe                Vm::start8086(char const*, unsigned short, unsigned short, unsigned short, unsigned short)
                0x00000000c001e766                Vm::doISR(regs*, int, unsigned char*, unsigned short, unsigned short)
                0x00000000c001e7f0                Vm::readByteFromReal(unsigned short, unsigned short)
                0x00000000c001e801                Vm::readWordFromReal(unsigned short, unsigned short)
                0x00000000c001e813                Vm::readDwordFromReal(unsigned short, unsigned short)
                0x00000000c001e824                Vm::writeByteFromReal(unsigned short, unsigned short, unsigned char)
                0x00000000c001e839                Vm::writeWordFromReal(unsigned short, unsigned short, unsigned short)
                0x00000000c001e84f                Vm::writeDwordFromReal(unsigned short, unsigned short, unsigned int)
                0x00000000c001e864                Vm::faultHandler(regs*)
 .text          0x00000000c001ef39      0xefd vm86/x87em.32
                0x00000000c001ef39                Vm::fpuInternalTo32(unsigned long long)
                0x00000000c001ef94                Vm::fpuInternalTo64(unsigned long long)
                0x00000000c001ef9d                Vm::fpu32ToInternal(unsigned int)
                0x00000000c001efe2                Vm::fpu64ToInternal(unsigned long long)
                0x00000000c001efeb                Vm::fpuFloatToLong(unsigned long long)
                0x00000000c001f046                Vm::fpuULongToFloat(unsigned long long)
                0x00000000c001f07c                Vm::fpuLongToFloat(long long)
                0x00000000c001f0d2                Vm::fpuGet0()
                0x00000000c001f0d7                Vm::fpuGet1()
                0x00000000c001f0df                Vm::fpuGetPi()
                0x00000000c001f0e7                Vm::fpuGetLog2E()
                0x00000000c001f0ff                Vm::fpuGetLogE2()
                0x00000000c001f117                Vm::fpuGetLog210()
                0x00000000c001f12f                Vm::fpuGetLog102()
                0x00000000c001f147                Vm::fpuIsSecondLarger(unsigned long long, unsigned long long)
                0x00000000c001f15b                Vm::fpuAreEqual(unsigned long long, unsigned long long)
                0x00000000c001f171                Vm::fpuUnorderedCompare(unsigned long long, unsigned long long)
                0x00000000c001f1c4                Vm::fpuAdd(unsigned long long, unsigned long long)
                0x00000000c001f1d5                Vm::fpuAbs(unsigned long long)
                0x00000000c001f1de                Vm::fpuChs(unsigned long long)
                0x00000000c001f1ee                Vm::fpuSub(unsigned long long, unsigned long long)
                0x00000000c001f1fd                Vm::fpuMultiply(unsigned long long, unsigned long long)
                0x00000000c001f21c                Vm::fpuDivide(unsigned long long, unsigned long long)
                0x00000000c001f238                Vm::fpuSquare(unsigned long long)
                0x00000000c001f24e                Vm::fpuGetReg(int)
                0x00000000c001f291                Vm::fpuSetReg(int, unsigned long long)
                0x00000000c001f2dc                Vm::fpuPush(unsigned long long)
                0x00000000c001f339                Vm::fpuPop()
                0x00000000c001f38b                Vm::x87Handler(regs*)
 .text          0x00000000c001fe36     0x11c1 fs/fat/vfslink.32
                0x00000000c001fe36                FAT::getName()
                0x00000000c001fe3c                FAT::tell(void*, unsigned long long*)
                0x00000000c001fe70                FAT::stat(void*, unsigned long long*)
                0x00000000c001fea4                FAT::~FAT()
                0x00000000c001fea4                FAT::~FAT()
                0x00000000c001fec8                FAT::~FAT()
                0x00000000c001fef0                FAT::getlabel(LogicalDisk*, int, char*, unsigned int*)
                0x00000000c001ff8e                FAT::setlabel(LogicalDisk*, int, char*)
                0x00000000c0020048                FAT::format(LogicalDisk*, int, char const*, int)
                0x00000000c0020206                FAT::tryMount(LogicalDisk*, int)
                0x00000000c002040c                FAT::getFileFirstSector(char const*)
                0x00000000c00204b2                FAT::readDir(void*, unsigned long, void*, int*)
                0x00000000c002060c                FAT::read(void*, unsigned long, void*, int*)
                0x00000000c0020666                FAT::write(void*, unsigned long, void*, int*)
                0x00000000c00206c0                FAT::close(void*)
                0x00000000c002070c                FAT::closeDir(void*)
                0x00000000c0020758                FAT::seek(void*, unsigned long long)
                0x00000000c00207ac                fatWrapperReadDisk
                0x00000000c00207f3                fatWrapperWriteDisk
                0x00000000c002083a                fatWrapperIoctl
                0x00000000c002093e                FAT::FAT()
                0x00000000c002093e                FAT::FAT()
                0x00000000c0020990                FAT::fixFilepath(char*)
                0x00000000c00209c8                FAT::open(char const*, void**, FileOpenMode)
                0x00000000c0020af0                FAT::openDir(char const*, void**)
                0x00000000c0020b96                FAT::stat(char const*, unsigned long long*, bool*)
                0x00000000c0020c80                FAT::unlink(char const*)
                0x00000000c0020cfa                FAT::chfatattr(char const*, unsigned char, unsigned char)
                0x00000000c0020e4e                FAT::rename(char const*, char const*)
                0x00000000c0020f12                FAT::mkdir(char const*)
                0x00000000c0020f8c                FAT::exists(char const*)
 *fill*         0x00000000c0020ff7        0x1 
 .text          0x00000000c0020ff8      0xb75 fs/iso9660/vfslink.32
                0x00000000c0020ff8                ISO9660::format(LogicalDisk*, int, char const*, int)
                0x00000000c0020ffe                ISO9660::seek(void*, unsigned long long)
                0x00000000c002102e                ISO9660::tell(void*, unsigned long long*)
                0x00000000c0021052                ISO9660::getName()
                0x00000000c0021058                ISO9660::stat(void*, unsigned long long*)
                0x00000000c002107c                ISO9660::chfatattr(char const*, unsigned char, unsigned char)
                0x00000000c0021082                ISO9660::unlink(char const*)
                0x00000000c0021088                ISO9660::write(void*, unsigned long, void*, int*)
                0x00000000c002108e                ISO9660::rename(char const*, char const*)
                0x00000000c0021094                ISO9660::mkdir(char const*)
                0x00000000c002109a                ISO9660::close(void*)
                0x00000000c00210bc                ISO9660::closeDir(void*)
                0x00000000c00210de                ISO9660::~ISO9660()
                0x00000000c00210de                ISO9660::~ISO9660()
                0x00000000c0021102                ISO9660::~ISO9660()
                0x00000000c0021129                __memmem(unsigned char*, int, unsigned char*, int)
                0x00000000c002116b                readSectorFromCDROM(unsigned int, unsigned char*, char)
                0x00000000c00211c6                ISO9660::tryMount(LogicalDisk*, int)
                0x00000000c0021216                ISO9660::read(void*, unsigned long, void*, int*)
                0x00000000c002141a                ISO9660::readDir(void*, unsigned long, void*, int*)
                0x00000000c0021694                readRoot(unsigned int*, unsigned int*, char)
                0x00000000c00216e8                readRecursively(char*, unsigned int, unsigned int, unsigned int*, unsigned int*, char, int*)
                0x00000000c00218bb                getFileData(char*, unsigned int*, unsigned int*, char, int*)
                0x00000000c002194a                ISO9660::open(char const*, void**, FileOpenMode)
                0x00000000c00219f8                ISO9660::exists(char const*)
                0x00000000c0021a1c                ISO9660::stat(char const*, unsigned long long*, bool*)
                0x00000000c0021ab0                ISO9660::openDir(char const*, void**)
                0x00000000c0021b4a                ISO9660::ISO9660()
                0x00000000c0021b4a                ISO9660::ISO9660()
 *fill*         0x00000000c0021b6d        0x1 
 .text          0x00000000c0021b6e      0x396 hal/sound/sndchannel.32
                0x00000000c0021b6e                SoundChannel::SoundChannel(int, int, int, int)
                0x00000000c0021b6e                SoundChannel::SoundChannel(int, int, int, int)
                0x00000000c0021c98                SoundChannel::~SoundChannel()
                0x00000000c0021c98                SoundChannel::~SoundChannel()
                0x00000000c0021cb4                SoundChannel::getSampleRate()
                0x00000000c0021cbc                SoundChannel::getBits()
                0x00000000c0021cc4                SoundChannel::getBufferUsed()
                0x00000000c0021ccc                SoundChannel::getBufferSize()
                0x00000000c0021cd4                SoundChannel::unbuffer(float*, int, int)
                0x00000000c0021d68                SoundChannel::buffer16(short*, int)
                0x00000000c0021e64                SoundChannel::buffer8(unsigned char*, int)
 .text          0x00000000c0021f04      0x43e hal/sound/sndhw.32
                0x00000000c0021f04                SoundDevice::SoundDevice(char const*)
                0x00000000c0021f04                SoundDevice::SoundDevice(char const*)
                0x00000000c0021f70                SoundDevice::~SoundDevice()
                0x00000000c0021f70                SoundDevice::~SoundDevice()
                0x00000000c0021fea                SoundDevice::~SoundDevice()
                0x00000000c0022014                SoundDevice::getFreeChannelNum()
                0x00000000c002202e                SoundDevice::addChannel(SoundChannel*)
                0x00000000c002209e                SoundDevice::removeChannel(int)
                0x00000000c00220d0                SoundDevice::floatTo16(float*, short*, int)
                0x00000000c00221be                SoundDevice::floatTo8(float*, unsigned char*, int)
                0x00000000c00222a6                SoundDevice::getAudio(int, float*, float*)
 .text          0x00000000c0022342        0x0 hw/bus/isa.32
 .text          0x00000000c0022342      0xb87 hw/bus/pci.32
                0x00000000c0022342                PCI::open(int, int, void*)
                0x00000000c0022360                PCI::close(int, int, void*)
                0x00000000c0022364                PCI::PCI()
                0x00000000c0022364                PCI::PCI()
                0x00000000c00223fa                PCI::readBAR8(unsigned int, int)
                0x00000000c0022416                PCI::readBAR16(unsigned int, int)
                0x00000000c0022434                PCI::readBAR32(unsigned int, int)
                0x00000000c0022450                PCI::writeBAR8(unsigned int, unsigned char, int)
                0x00000000c0022470                PCI::writeBAR16(unsigned int, unsigned short, int)
                0x00000000c0022492                PCI::writeBAR32(unsigned int, unsigned int, int)
                0x00000000c00224b2                PCI::legacyMechanism(unsigned char, unsigned char, unsigned char, unsigned char)
                0x00000000c0022520                PCI::pciReadWord(unsigned char, unsigned char, unsigned char, unsigned char)
                0x00000000c00225c8                PCI::getVendorID(unsigned char, unsigned char, unsigned char)
                0x00000000c00225ec                PCI::getHeaderType(unsigned char, unsigned char, unsigned char)
                0x00000000c0022614                PCI::getClassCode(unsigned char, unsigned char, unsigned char)
                0x00000000c002265e                PCI::getProgIF(unsigned char, unsigned char, unsigned char)
                0x00000000c0022686                PCI::getRevisionID(unsigned char, unsigned char, unsigned char)
                0x00000000c00226aa                PCI::getInterruptNumber(unsigned char, unsigned char, unsigned char)
                0x00000000c00226ce                PCI::getSecondaryBus(unsigned char, unsigned char, unsigned char)
                0x00000000c00226f6                PCI::getBARAddress(unsigned char, unsigned char, unsigned char, unsigned char)
                0x00000000c002275a                PCI::pciWriteWord(unsigned char, unsigned char, unsigned char, unsigned char, unsigned short)
                0x00000000c0022842                PCI::pciDetailsToFilepath(PCIDeviceInfo, char*)
                0x00000000c0022abc                PCI::checkBus(unsigned char)
                0x00000000c0022ae0                PCI::foundDevice(PCIDeviceInfo)
                0x00000000c0022c52                PCI::getDeviceData(unsigned char, unsigned char, unsigned char)
                0x00000000c0022e0a                PCI::checkDevice(unsigned char, unsigned char)
                0x00000000c0022e76                PCI::detect()
 *fill*         0x00000000c0022ec9        0x1 
 .text          0x00000000c0022eca      0xb54 hw/diskctrl/ide.32
                0x00000000c0022eca                IDE::close(int, int, void*)
                0x00000000c0022ece                IDE::IDE()
                0x00000000c0022ece                IDE::IDE()
                0x00000000c0022f02                IDE::prepareInterrupt(unsigned char)
                0x00000000c0022f14                selectDrive(unsigned char, unsigned char)
                0x00000000c0022f16                IDE::getBase(unsigned char)
                0x00000000c0022f28                IDE::write(unsigned char, unsigned char, unsigned char)
                0x00000000c0022fe8                IDE::read(unsigned char, unsigned char)
                0x00000000c0023096                IDE::waitInterrupt(unsigned char)
                0x00000000c00230fc                ideChannel0IRQHandler(regs*, void*)
                0x00000000c0023118                ideChannel1IRQHandler(regs*, void*)
                0x00000000c0023134                IDE::enableIRQs(unsigned char, bool)
                0x00000000c002317a                IDE::open(int, int, void*)
                0x00000000c0023588                IDE::readBuffer(unsigned char, unsigned char, unsigned int, unsigned int)
                0x00000000c0023654                IDE::detect()
                0x00000000c002391a                IDE::printError(unsigned char, unsigned char, unsigned char)
                0x00000000c00239ca                IDE::polling(unsigned char, unsigned int)
 .text          0x00000000c0023a1e      0x336 hw/diskctrl/satabus.32
                0x00000000c0023a1e                SATABus::close(int, int, void*)
                0x00000000c0023a22                SATABus::detect()
                0x00000000c0023a24                SATABus::SATABus()
                0x00000000c0023a24                SATABus::SATABus()
                0x00000000c0023aaa                SATABus::findCmdslot(SATABus::tagHBA_PORT volatile*)
                0x00000000c0023af2                SATABus::checkType(SATABus::tagHBA_PORT volatile*)
                0x00000000c0023b3a                SATABus::startCmd(SATABus::tagHBA_PORT volatile*)
                0x00000000c0023b5a                SATABus::stopCmd(SATABus::tagHBA_PORT volatile*)
                0x00000000c0023b84                SATABus::portRebase(SATABus::tagHBA_PORT volatile*, int)
                0x00000000c0023c8a                SATABus::probePort(SATABus::tagHBA_MEM volatile*)
                0x00000000c0023d34                SATABus::open(int, int, void*)
 .text          0x00000000c0023d54      0x604 hw/diskphys/ata.32
                0x00000000c0023d54                ATA::close(int, int, void*)
                0x00000000c0023d78                ATA::powerSaving(PowerSavingLevel)
                0x00000000c0023d7a                ATA::ATA()
                0x00000000c0023d7a                ATA::ATA()
                0x00000000c0023da8                ATA::flush(bool)
                0x00000000c0023df2                ATA::readyForCommand()
                0x00000000c0023e42                ATA::access(unsigned long long, int, void*, bool)
                0x00000000c00241ca                ATA::read(unsigned long long, int, void*)
                0x00000000c0024216                ATA::write(unsigned long long, int, void*)
                0x00000000c0024262                ATA::detectCHS()
                0x00000000c002428c                ATA::open(int, int, void*)
 .text          0x00000000c0024358      0x5bd hw/diskphys/atapi.32
                0x00000000c0024358                ATAPI::write(unsigned long long, int, void*)
                0x00000000c002435e                ATAPI::close(int, int, void*)
                0x00000000c0024382                ATAPI::ATAPI()
                0x00000000c0024382                ATAPI::ATAPI()
                0x00000000c00243b0                ATAPI::readyForCommand()
                0x00000000c0024400                ATAPI::sendPacket(unsigned char*, int, bool, unsigned short*, int)
                0x00000000c00246c0                ATAPI::diskRemoved()
                0x00000000c00246dc                ATAPI::eject()
                0x00000000c0024724                ATAPI::diskInserted()
                0x00000000c0024752                ATAPI::detectMedia()
                0x00000000c002480e                ATAPI::open(int, int, void*)
                0x00000000c0024896                ATAPI::read(unsigned long long, int, void*)
 *fill*         0x00000000c0024915        0x1 
 .text          0x00000000c0024916      0x41c hw/diskphys/sata.32
                0x00000000c0024916                SATA::close(int, int, void*)
                0x00000000c002493a                SATA::powerSaving(PowerSavingLevel)
                0x00000000c002493c                SATA::open(int, int, void*)
                0x00000000c00249e6                SATA::SATA()
                0x00000000c00249e6                SATA::SATA()
                0x00000000c0024a14                SATA::access(unsigned long long, int, void*, bool)
                0x00000000c0024c7a                SATA::read(unsigned long long, int, void*)
                0x00000000c0024cc6                SATA::write(unsigned long long, int, void*)
 .text          0x00000000c0024d32      0x4fe hw/diskphys/satapi.32
                0x00000000c0024d32                SATAPI::write(unsigned long long, int, void*)
                0x00000000c0024d38                SATAPI::close(int, int, void*)
                0x00000000c0024d5c                SATAPI::SATAPI()
                0x00000000c0024d5c                SATAPI::SATAPI()
                0x00000000c0024d8a                SATAPI::diskRemoved()
                0x00000000c0024da6                SATAPI::diskInserted()
                0x00000000c0024dd4                SATAPI::sendPacket(unsigned char*, int, unsigned long long, unsigned short*, int)
                0x00000000c0024fdc                SATAPI::eject()
                0x00000000c0025024                SATAPI::detectMedia()
                0x00000000c00250e6                SATAPI::open(int, int, void*)
                0x00000000c002518e                SATAPI::read(unsigned long long, int, void*)
 .text          0x00000000c0025230       0x8e hw/fpu/avx.32
                0x00000000c0025230                AVX::open(int, int, void*)
                0x00000000c0025242                AVX::close(int, int, void*)
                0x00000000c0025254                AVX::available()
                0x00000000c0025266                AVX::save(void*)
                0x00000000c002527e                AVX::load(void*)
                0x00000000c0025296                AVX::AVX()
                0x00000000c0025296                AVX::AVX()
 .text          0x00000000c00252be       0x90 hw/fpu/mmx.32
                0x00000000c00252be                MMX::available()
                0x00000000c00252d2                MMX::open(int, int, void*)
                0x00000000c00252e4                MMX::close(int, int, void*)
                0x00000000c00252f6                MMX::save(void*)
                0x00000000c002530e                MMX::load(void*)
                0x00000000c0025326                MMX::MMX()
                0x00000000c0025326                MMX::MMX()
 .text          0x00000000c002534e       0x96 hw/fpu/sse.32
                0x00000000c002534e                SSE::open(int, int, void*)
                0x00000000c0025360                SSE::close(int, int, void*)
                0x00000000c0025372                SSE::available()
                0x00000000c002538c                SSE::save(void*)
                0x00000000c00253a4                SSE::load(void*)
                0x00000000c00253bc                SSE::SSE()
                0x00000000c00253bc                SSE::SSE()
 .text          0x00000000c00253e4       0x8e hw/fpu/x87.32
                0x00000000c00253e4                x87::open(int, int, void*)
                0x00000000c00253f6                x87::close(int, int, void*)
                0x00000000c0025408                x87::available()
                0x00000000c002541a                x87::save(void*)
                0x00000000c0025432                x87::load(void*)
                0x00000000c002544a                x87::x87()
                0x00000000c002544a                x87::x87()
 .text          0x00000000c0025472      0x71e hw/intctrl/apic.32
                0x00000000c0025472                APIC::disable()
                0x00000000c0025474                APIC::close(int, int, void*)
                0x00000000c0025496                IOAPIC::close(int, int, void*)
                0x00000000c002549c                APIC::io_wait()
                0x00000000c00254a2                APIC::getBase()
                0x00000000c00254e4                APIC::eoi(unsigned char)
                0x00000000c0025512                APIC::open(int, int, void*)
                0x00000000c0025660                IOAPIC::IOAPIC()
                0x00000000c0025660                IOAPIC::IOAPIC()
                0x00000000c0025688                APIC::APIC()
                0x00000000c0025688                APIC::APIC()
                0x00000000c0025764                IOAPIC::handlesGSIWithNumber(unsigned int)
                0x00000000c0025796                IOAPIC::read(int)
                0x00000000c00257be                IOAPIC::open(int, int, void*)
                0x00000000c00258b4                IOAPIC::write(int, int)
                0x00000000c00258e0                IOAPIC::redirect(unsigned char, unsigned long long, unsigned char, bool, bool)
                0x00000000c00259da                APIC::installIRQHandler(int, void (*)(regs*, void*), bool, void*)
 .text          0x00000000c0025b90      0x3d3 hw/intctrl/pic.32
                0x00000000c0025b90                PIC::disable()
                0x00000000c0025bbe                PIC::close(int, int, void*)
                0x00000000c0025be0                PIC::PIC()
                0x00000000c0025be0                PIC::PIC()
                0x00000000c0025cb6                PIC::ioWait()
                0x00000000c0025cbc                PIC::getIRQReg(int)
                0x00000000c0025d26                PIC::eoi(unsigned char)
                0x00000000c0025db8                PIC::remap()
                0x00000000c0025f24                PIC::open(int, int, void*)
 *fill*         0x00000000c0025f63        0x1 
 .text          0x00000000c0025f64      0x25e hw/timer/apictimer.32
                0x00000000c0025f64                APICTimer::close(int, int, void*)
                0x00000000c0025f6a                apicTimerHandler(regs*, void*)
                0x00000000c0025f98                APICTimer::write(int)
                0x00000000c002609c                APICTimer::open(int, int, void*)
                0x00000000c002619a                APICTimer::APICTimer()
                0x00000000c002619a                APICTimer::APICTimer()
 .text          0x00000000c00261c2      0x1a7 hw/timer/pit.32
                0x00000000c00261c2                PIT::write(int)
                0x00000000c0026240                pitHandler(regs*, void*)
                0x00000000c002626c                PIT::open(int, int, void*)
                0x00000000c00262ba                PIT::close(int, int, void*)
                0x00000000c00262ea                PIT::PIT()
                0x00000000c00262ea                PIT::PIT()
 *fill*         0x00000000c0026369        0x7 
 .text          0x00000000c0026370       0x1e hw/fpu/x86/avx.32
                0x00000000c0026370                avxDetect
                0x00000000c0026376                avxSave
                0x00000000c0026377                avxLoad
                0x00000000c0026378                avxInit
                0x00000000c0026379                avxClose
                0x00000000c002637a                wouldSheSayYes
 *fill*         0x00000000c002638e        0x2 
 .text          0x00000000c0026390       0x35 hw/fpu/x86/sse.32
                0x00000000c0026390                absolutelyNoChanceInHell
                0x00000000c0026390                sseDetect
                0x00000000c00263a8                sseSave
                0x00000000c00263ae                sseLoad
                0x00000000c00263b4                sseInit
                0x00000000c00263c4                sseClose
 *fill*         0x00000000c00263c5        0xb 
 .text          0x00000000c00263d0       0x4d hw/fpu/x86/x87.32
                0x00000000c00263d6                x87Detect
                0x00000000c00263f1                x87Save
                0x00000000c00263fa                x87Load
                0x00000000c0026402                x87Init
                0x00000000c002641c                x87Close
 *fill*         0x00000000c002641d        0x3 
 .text          0x00000000c0026420       0x25 /cygdrive/d/Users/Alex/Desktop/Toolchain/Output/bin/../lib/gcc/i386-banana/8.1.0/crtend.o
 .text          0x00000000c0026445        0x0 crtn.32
 *fill*         0x00000000c0026445        0x3 
 .text          0x00000000c0026448      0x14b /cygdrive/d/Users/Alex/Desktop/Toolchain/Output/bin/../lib/gcc/i386-banana/8.1.0/libkgcc.a(_divdi3.o)
                0x00000000c0026448                __divdi3
 *fill*         0x00000000c0026593        0x1 
 .text          0x00000000c0026594      0x17e /cygdrive/d/Users/Alex/Desktop/Toolchain/Output/bin/../lib/gcc/i386-banana/8.1.0/libkgcc.a(_moddi3.o)
                0x00000000c0026594                __moddi3
 *fill*         0x00000000c0026712        0x2 
 .text          0x00000000c0026714       0xff /cygdrive/d/Users/Alex/Desktop/Toolchain/Output/bin/../lib/gcc/i386-banana/8.1.0/libkgcc.a(_udivdi3.o)
                0x00000000c0026714                __udivdi3
 *fill*         0x00000000c0026813        0x1 
 .text          0x00000000c0026814      0x11a /cygdrive/d/Users/Alex/Desktop/Toolchain/Output/bin/../lib/gcc/i386-banana/8.1.0/libkgcc.a(_umoddi3.o)
                0x00000000c0026814                __umoddi3
 .text          0x00000000c002692e      0x96d D:/Users/Alex/Desktop/Banana/kernel/libsoftfp.a(sfieeelib.o)
                0x00000000c002692e                __addsf3
                0x00000000c0026c30                __subsf3
                0x00000000c0026c44                __negsf2
                0x00000000c0026c51                __mulsf3
                0x00000000c0026e14                __divsf3
                0x00000000c002703f                __floatsisf
                0x00000000c00270b3                __floatunsisf
                0x00000000c00270f5                __fixsfsi
                0x00000000c0027157                __fixunssfsi
                0x00000000c0027188                __cmpsf2
                0x00000000c002721d                __eqsf2
                0x00000000c0027258                __nesf2
                0x00000000c002725a                __gtsf2
                0x00000000c0027295                __gesf2
                0x00000000c0027297                __ltsf2
                0x00000000c0027299                __lesf2
 .text          0x00000000c002729b      0xf50 D:/Users/Alex/Desktop/Banana/kernel/libsoftfp.a(dfieeelib.o)
                0x00000000c002729b                __adddf3
                0x00000000c00278ec                __subdf3