Archive member included to satisfy reference by file (symbol)

/cygdrive/d/Users/Alex/Desktop/Toolchain/Output/bin/../lib/gcc/i386-banana/8.1.0/libkgcc.a(_divdi3.o)
                              krnl/resolve.32 (__divdi3)
/cygdrive/d/Users/Alex/Desktop/Toolchain/Output/bin/../lib/gcc/i386-banana/8.1.0/libkgcc.a(_moddi3.o)
                              krnl/resolve.32 (__moddi3)
/cygdrive/d/Users/Alex/Desktop/Toolchain/Output/bin/../lib/gcc/i386-banana/8.1.0/libkgcc.a(_udivdi3.o)
                              hal/clock.32 (__udivdi3)
/cygdrive/d/Users/Alex/Desktop/Toolchain/Output/bin/../lib/gcc/i386-banana/8.1.0/libkgcc.a(_umoddi3.o)
                              core/pipe.32 (__umoddi3)

Allocating common symbols
Common symbol       size              file

dcache              0x40              fs/iso9660/iso9660.32
cdDriveLetter       0x1               fs/iso9660/iso9660.32
icache              0x40              fs/iso9660/iso9660.32

Discarded input sections

 .comment       0x0000000000000000       0x12 /cygdrive/d/Users/Alex/Desktop/Toolchain/Output/bin/../lib/gcc/i386-banana/8.1.0/crtbegin.o
 .comment       0x0000000000000000       0x12 acpica/utclib.32
 .comment       0x0000000000000000       0x12 core/malloc.32
 .comment       0x0000000000000000       0x12 libk/ctype.32
 .comment       0x0000000000000000       0x12 libk/string.32
 .comment       0x0000000000000000       0x12 fs/fat/diskio.32
 .comment       0x0000000000000000       0x12 fs/fat/ff.32
 .comment       0x0000000000000000       0x12 fs/fat/ffsystem.32
 .comment       0x0000000000000000       0x12 fs/fat/ffunicode.32
 .comment       0x0000000000000000       0x12 fs/iso9660/iso9660.32
 .group         0x0000000000000000       0x14 core/computer.32
 .group         0x0000000000000000        0xc core/computer.32
 .comment       0x0000000000000000       0x12 core/computer.32
 .comment       0x0000000000000000       0x12 core/gdt.32
 .group         0x0000000000000000        0xc core/idle.32
 .comment       0x0000000000000000       0x12 core/idle.32
 .comment       0x0000000000000000       0x12 core/idt.32
 .comment       0x0000000000000000       0x12 core/kheap.32
 .comment       0x0000000000000000       0x12 core/main.32
 .comment       0x0000000000000000       0x12 core/physmgr.32
 .group         0x0000000000000000        0xc core/pipe.32
 .comment       0x0000000000000000       0x12 core/pipe.32
 .group         0x0000000000000000        0xc core/terminal.32
 .comment       0x0000000000000000       0x12 core/terminal.32
 .comment       0x0000000000000000       0x12 core/tss.32
 .group         0x0000000000000000        0x8 core/unixfile.32
 .group         0x0000000000000000        0x8 core/unixfile.32
 .group         0x0000000000000000        0xc core/unixfile.32
 .group         0x0000000000000000        0x8 core/unixfile.32
 .group         0x0000000000000000        0xc core/unixfile.32
 .group         0x0000000000000000        0x8 core/unixfile.32
 .group         0x0000000000000000        0xc core/unixfile.32
 .group         0x0000000000000000        0xc core/unixfile.32
 .comment       0x0000000000000000       0x12 core/unixfile.32
 .comment       0x0000000000000000       0x12 core/virtmgr.32
 .comment       0x0000000000000000       0x12 coreobjs/c++.32
 .comment       0x0000000000000000       0x12 dbg/kconsole.32
 .comment       0x0000000000000000       0x12 dbg/usban.32
 .comment       0x0000000000000000       0x12 fs/symlink.32
 .group         0x0000000000000000        0xc fs/vfs.32
 .group         0x0000000000000000        0xc fs/vfs.32
 .group         0x0000000000000000        0xc fs/vfs.32
 .comment       0x0000000000000000       0x12 fs/vfs.32
 .group         0x0000000000000000        0xc hal/bus.32
 .comment       0x0000000000000000       0x12 hal/bus.32
 .comment       0x0000000000000000       0x12 hal/buzzer.32
 .group         0x0000000000000000        0xc hal/clock.32
 .comment       0x0000000000000000       0x12 hal/clock.32
 .group         0x0000000000000000       0x14 hal/device.32
 .group         0x0000000000000000        0xc hal/device.32
 .group         0x0000000000000000        0x8 hal/device.32
 .group         0x0000000000000000        0xc hal/device.32
 .group         0x0000000000000000        0xc hal/device.32
 .comment       0x0000000000000000       0x12 hal/device.32
 .group         0x0000000000000000        0xc hal/diskctrl.32
 .comment       0x0000000000000000       0x12 hal/diskctrl.32
 .group         0x0000000000000000        0xc hal/diskphys.32
 .comment       0x0000000000000000       0x12 hal/diskphys.32
 .comment       0x0000000000000000       0x12 hal/fpu.32
 .comment       0x0000000000000000       0x12 hal/intctrl.32
 .group         0x0000000000000000        0xc hal/keybrd.32
 .comment       0x0000000000000000       0x12 hal/keybrd.32
 .group         0x0000000000000000        0xc hal/logidisk.32
 .comment       0x0000000000000000       0x12 hal/logidisk.32
[...]
Memory Configuration

Name             Origin             Length             Attributes
*default*        0x0000000000000000 0xffffffffffffffff

Linker script and memory map

LOAD D:/Users/Alex/Desktop/Banana/kernel/boot.32
LOAD crti.32
LOAD /cygdrive/d/Users/Alex/Desktop/Toolchain/Output/bin/../lib/gcc/i386-banana/8.1.0/crtbegin.o
LOAD D:/Users/Alex/Desktop/Banana/kernel/morenasm.32
LOAD acpica/utclib.32
LOAD core/malloc.32
LOAD libk/ctype.32
LOAD libk/string.32
LOAD fs/fat/diskio.32
LOAD fs/fat/ff.32
LOAD fs/fat/ffsystem.32
LOAD fs/fat/ffunicode.32
LOAD fs/iso9660/iso9660.32
LOAD core/computer.32
LOAD core/gdt.32
LOAD core/idle.32
LOAD core/idt.32
LOAD core/kheap.32
LOAD core/main.32
LOAD core/physmgr.32
LOAD core/pipe.32
LOAD core/terminal.32
LOAD core/tss.32
LOAD core/unixfile.32
LOAD core/virtmgr.32
LOAD coreobjs/c++.32
LOAD dbg/kconsole.32
LOAD dbg/usban.32
LOAD fs/symlink.32
LOAD fs/vfs.32
LOAD hal/bus.32
LOAD hal/buzzer.32
LOAD hal/clock.32
LOAD hal/device.32
LOAD hal/diskctrl.32
LOAD hal/diskphys.32
LOAD hal/fpu.32
LOAD hal/intctrl.32
LOAD hal/keybrd.32
LOAD hal/logidisk.32
LOAD hal/mouse.32
LOAD hal/nic.32
LOAD hal/partition.32
LOAD hal/serial.32
LOAD hal/timer.32
LOAD hal/vcache.32
LOAD hal/video.32
LOAD hw/acpi.32
LOAD hw/cpu.32
LOAD krnl/atexit.32
LOAD krnl/bootmsg.32
LOAD krnl/compat.32
LOAD krnl/env.32
LOAD krnl/inlines.32
LOAD krnl/panic.32
LOAD krnl/powctrl.32
LOAD krnl/random.32
LOAD krnl/resolve.32
LOAD krnl/signal.32
LOAD krnl/syscalls.32
LOAD net/ethernet.32
LOAD reg/cm.32
LOAD reg/registry.32
LOAD sys/eject.32
LOAD sys/exit.32
LOAD sys/getcwd.32
LOAD sys/getpid.32
LOAD sys/getramdata.32
LOAD sys/getvgaptr.32
LOAD sys/kill.32
LOAD sys/loaddll.32
LOAD sys/read.32
LOAD sys/registersignal.32
LOAD sys/registry.32
LOAD sys/sbrk.32
LOAD sys/setcwd.32
LOAD sys/settime.32
LOAD sys/timezone.32
LOAD sys/truncate.32
LOAD sys/write.32
LOAD sys/wsbe.32
LOAD sys/yield.32
LOAD thr/elf.32
LOAD thr/prcssthr.32
LOAD vm86/vm8086.32
LOAD arch/i386/hal.32
LOAD arch/i386/pic.32
LOAD arch/i386/rtc.32
LOAD arch/i386/vga.32
LOAD fs/fat/vfslink.32
LOAD fs/iso9660/helper.32
LOAD fs/iso9660/vfslink.32
LOAD hal/sound/sndcard.32
LOAD hal/sound/sndport.32
LOAD hw/bus/isa.32
LOAD hw/bus/pci.32
LOAD hw/diskctrl/ide.32
LOAD hw/diskctrl/satabus.32
LOAD hw/diskphys/ata.32
LOAD hw/diskphys/atapi.32
LOAD hw/diskphys/sata.32
LOAD hw/diskphys/satapi.32
LOAD hw/intctrl/apic.32
LOAD hw/timer/apictimer.32
LOAD hw/timer/pit.32
LOAD arch/i386/avx.32
LOAD arch/i386/interrupt.32
LOAD arch/i386/rdrand.32
LOAD arch/i386/sse.32
LOAD arch/i386/x87.32
LOAD /cygdrive/d/Users/Alex/Desktop/Toolchain/Output/bin/../lib/gcc/i386-banana/8.1.0/crtend.o
LOAD crtn.32
LOAD /cygdrive/d/Users/Alex/Desktop/Toolchain/Output/bin/../lib/gcc/i386-banana/8.1.0/libkgcc.a
LOAD D:/Users/Alex/Desktop/Banana/kernel/libsoftfp.a
LOAD D:/Users/Alex/Desktop/Banana/kernel/libk/libm32.a
                0x00000000c0000000                . = 0xc0000000

.text           0x00000000c0000000    0x1f4ea
 *(.text)
 .text          0x00000000c0000000       0x20 D:/Users/Alex/Desktop/Banana/kernel/boot.32
 .text          0x00000000c0000020        0x0 crti.32
 .text          0x00000000c0000020      0x101 /cygdrive/d/Users/Alex/Desktop/Toolchain/Output/bin/../lib/gcc/i386-banana/8.1.0/crtbegin.o
 *fill*         0x00000000c0000121        0xf 
 .text          0x00000000c0000130      0x24f D:/Users/Alex/Desktop/Banana/kernel/morenasm.32
                0x00000000c0000130                manualPCIProbe
                0x00000000c000017b                prepareTramp
                0x00000000c0000194                doTPAUSE
                0x00000000c000019e                hasLegacyFPU
                0x00000000c00001c3                is486
                0x00000000c00001f9                detectCPUID
                0x00000000c000020f                goToVM86
                0x00000000c000023f                goToUsermode
                0x00000000c0000269                switchToThreadASMFirstTime
                0x00000000c0000277                switchToThreadASM
                0x00000000c00002fc                asmQuickAcquireLock
                0x00000000c000031a                asmQuickReleaseLock
                0x00000000c0000326                asmAcquireLock
                0x00000000c0000347                asmReleaseLock
                0x00000000c000035a                loadGDT
                0x00000000c000037a                memcpy
 *fill*         0x00000000c000037f        0x1 
 .text          0x00000000c0000380      0x868 acpica/utclib.32
                0x00000000c0000380                memcmp
                0x00000000c00003d0                memmove
                0x00000000c00004f0                memset
                0x00000000c0000570                strlen
                0x00000000c00005a0                strpbrk
                0x00000000c00005f0                strtok
                0x00000000c0000640                strcpy
                0x00000000c0000680                strncpy
                0x00000000c0000750                strcmp
                0x00000000c00007a0                strchr
                0x00000000c00007e0                strncmp
                0x00000000c0000840                strcat
                0x00000000c0000870                strncat
                0x00000000c00008d0                strstr
                0x00000000c0000930                toupper
                0x00000000c0000950                tolower
                0x00000000c0000970                simple_strtoul
 .text          0x00000000c0000be8      0xfaa core/malloc.32
                0x00000000c0000d53                dlfree
                0x00000000c00010ab                dlmalloc
                0x00000000c00015e8                dlrealloc
                0x00000000c000178b                dlmemalign
                0x00000000c00018ae                dlcalloc
                0x00000000c0001948                dlcfree
                0x00000000c000194d                dlindependent_calloc
                0x00000000c0001972                dlindependent_comalloc
                0x00000000c0001989                dlvalloc
                0x00000000c00019b4                dlpvalloc
                0x00000000c00019ea                dlmalloc_trim
                0x00000000c00019f7                dlmalloc_usable_size
                0x00000000c0001a28                dlmallinfo
                0x00000000c0001af7                dlmalloc_stats
                0x00000000c0001b08                dlmallopt
 *fill*         0x00000000c0001b92        0x2 
 .text          0x00000000c0001b94      0x1f2 libk/ctype.32
                0x00000000c0001b94                isblank
                0x00000000c0001bb4                iscntrl
                0x00000000c0001bd4                isdigit
                0x00000000c0001bf0                islower
                0x00000000c0001c0c                isspace
                0x00000000c0001c34                isupper
                0x00000000c0001c50                isalpha
                0x00000000c0001c80                isalnum
                0x00000000c0001cb0                ispunct
                0x00000000c0001cf0                isgraph
                0x00000000c0001d20                isprint
                0x00000000c0001d48                isxdigit
 .text          0x00000000c0001d86        0x0 libk/string.32
 .text          0x00000000c0001d86       0x51 fs/fat/diskio.32
                0x00000000c0001d86                disk_status
                0x00000000c0001d89                disk_initialize
                0x00000000c0001d8c                disk_read
                0x00000000c0001da2                disk_write
                0x00000000c0001db8                disk_ioctl
 .text          0x00000000c0001dd7     0x3e46 fs/fat/ff.32
                0x00000000c0003bf8                f_mount
                0x00000000c0003c5a                f_open
                0x00000000c0003f1d                f_read
                0x00000000c000411c                f_write
                0x00000000c0004364                f_sync
                0x00000000c0004429                f_close
                0x00000000c0004458                f_lseek
                0x00000000c0004609                f_opendir
                0x00000000c00046d4                f_closedir
                0x00000000c00046f6                f_readdir
                0x00000000c0004788                f_stat
                0x00000000c0004807                f_getfree
                0x00000000c0004910                f_truncate
                0x00000000c00049fa                f_unlink
                0x00000000c0004b1c                f_mkdir
                0x00000000c0004cb7                f_rename
                0x00000000c0004e6f                f_chmod
                0x00000000c0004f1f                f_utime
                0x00000000c0004fcf                f_getlabel
                0x00000000c0005120                f_setlabel
                0x00000000c00052b0                f_expand
                0x00000000c000541d                f_mkfs
 *fill*         0x00000000c0005c1d        0x3 
 .text          0x00000000c0005c20       0x2f fs/fat/ffsystem.32
                0x00000000c0005c20                ff_memalloc
                0x00000000c0005c38                ff_memfree
 *fill*         0x00000000c0005c4f        0x1 
 .text          0x00000000c0005c50      0x2dc fs/fat/ffunicode.32
                0x00000000c0005c50                ff_uni2oem
                0x00000000c0005cf0                ff_oem2uni
                0x00000000c0005d68                ff_wtoupper
 .text          0x00000000c0005f2c      0xd32 fs/iso9660/iso9660.32
                0x00000000c0006177                isoReadDiscSector
                0x00000000c0006212                strnicmp
                0x00000000c00064c1                stricmp
                0x00000000c000650d                iso_open
                0x00000000c0006597                iso_close
                0x00000000c00065b5                iso_read
                0x00000000c00066cb                iso_seek
                0x00000000c000674f                iso_tell
                0x00000000c0006780                iso_total
                0x00000000c00067ab                fn_postprocess
                0x00000000c00067d2                iso_readdir
                0x00000000c0006a29                iso_reset
                0x00000000c0006a46                init_percd
                0x00000000c0006b40                iso_ioctl
                0x00000000c0006b58                fs_iso9660_init
                0x00000000c0006bee                fs_iso9660_shutdown
 .text          0x00000000c0006c5e      0x6c3 core/computer.32
                0x00000000c0006c5e                Computer::close(int, int, void*)
                0x00000000c0006ca8                Krnl::firstTask()
                0x00000000c0006de6                Computer::Computer()
                0x00000000c0006de6                Computer::Computer()
                0x00000000c0006e96                Computer::setBootMessage(char const*)
                0x00000000c0006e98                Computer::detectFeatures()
                0x00000000c00070be                Computer::displayFeatures()
                0x00000000c00070c0                Computer::rdmsr(unsigned int)
                0x00000000c00070ec                Computer::wrmsr(unsigned int, unsigned long long)
                0x00000000c0007128                Computer::shutdown()
                0x00000000c0007140                Computer::restart()
                0x00000000c0007158                Computer::sleep()
                0x00000000c000716c                Computer::nmiEnabled()
                0x00000000c0007178                Computer::readCMOS(unsigned char)
                0x00000000c0007196                Computer::enableNMI(bool)
                0x00000000c00071ae                Computer::open(int, int, void*)
                0x00000000c0007282                Computer::disableNMI()
                0x00000000c0007292                Computer::writeCMOS(unsigned char, unsigned char)
                0x00000000c00072b6                Computer::handleNMI()
 *fill*         0x00000000c0007321        0x1 
 .text          0x00000000c0007322      0x1db core/gdt.32
                0x00000000c0007322                GDTEntry::setBase(unsigned int)
                0x00000000c000733e                GDTEntry::setLimit(unsigned int)
                0x00000000c000735c                GDT::GDT()
                0x00000000c000735c                GDT::GDT()
                0x00000000c0007372                GDT::addEntry(GDTEntry)
                0x00000000c0007394                GDT::getNumberOfEntries()
                0x00000000c000739c                GDT::flush()
                0x00000000c00073be                GDT::setup()
 .text          0x00000000c00074fd       0x1d core/idle.32
                0x00000000c00074fd                idleFunction(void*)
 *fill*         0x00000000c000751a        0x2 
 .text          0x00000000c000751c      0x46c core/idt.32
                0x00000000c000751c                IDTEntry::IDTEntry(bool)
                0x00000000c000751c                IDTEntry::IDTEntry(bool)
                0x00000000c0007596                IDTEntry::setOffset(unsigned int)
                0x00000000c00075ac                IDT::IDT()
                0x00000000c00075ac                IDT::IDT()
                0x00000000c00075ae                IDT::getPointerToInvalidOpcodeEntryForF00F()
                0x00000000c00075b6                IDT::addEntry(IDTEntry, int)
                0x00000000c00075d0                IDT::addEntry(int, void (*)(), bool)
                0x00000000c0007608                IDT::flush()
                0x00000000c0007622                IDT::setup()
 .text          0x00000000c0007988      0x188 core/kheap.32
                0x00000000c0007988                sbrk
                0x00000000c0007a1f                mmap
                0x00000000c0007a35                munmap
                0x00000000c0007a4b                liballoc_lock()
                0x00000000c0007a59                liballoc_unlock()
                0x00000000c0007a6f                liballoc_alloc(int)
                0x00000000c0007a87                liballoc_free(void*, int)
                0x00000000c0007aa2                realloc
                0x00000000c0007ab6                malloc
                0x00000000c0007ac6                free
                0x00000000c0007ad6                rfree
                0x00000000c0007ae6                calloc
 .text          0x00000000c0007b10       0xc7 core/main.32
                0x00000000c0007b10                KeEntryPoint
 .text          0x00000000c0007bd7      0x644 core/physmgr.32
                0x00000000c0007bd7                Phys::allocateDMA(unsigned long)
                0x00000000c0007cbf                Phys::freeDMA(unsigned long, unsigned long)
                0x00000000c0007cfa                Phys::setPageState(unsigned long, bool)
                0x00000000c0007d3a                Phys::getPageState(unsigned long)
                0x00000000c0007d56                Phys::freePage(unsigned long)
                0x00000000c0007dbf                Phys::allocatePage()
                0x00000000c0007e8e                Phys::allocateContiguousPages(int)
                0x00000000c0007ef5                Phys::allowSegmentToBeUsed(unsigned long, unsigned long)
                0x00000000c0007f2d                Phys::physicalMemorySetup(unsigned int)
 *fill*         0x00000000c000821b        0x1 
 .text          0x00000000c000821c      0x273 core/pipe.32
                0x00000000c000821c                Pipe::isAtty()
                0x00000000c0008220                Pipe::~Pipe()
                0x00000000c0008220                Pipe::~Pipe()
                0x00000000c0008244                Pipe::~Pipe()
                0x00000000c000826c                Pipe::write(unsigned long long, void*, int*)
                0x00000000c000832c                Pipe::read(unsigned long long, void*, int*)
                0x00000000c0008428                Pipe::Pipe(int)
                0x00000000c0008428                Pipe::Pipe(int)
 *fill*         0x00000000c000848f        0x1 
 .text          0x00000000c0008490      0xab3 core/terminal.32
                0x00000000c0008490                VgaText::isAtty()
                0x00000000c0008494                VgaText::~VgaText()
                0x00000000c0008494                VgaText::~VgaText()
                0x00000000c00084b8                VgaText::~VgaText()
                0x00000000c00084e2                VgaText::read(unsigned long long, void*, int*)
                0x00000000c0008502                setTerminalScrollLock(bool)
                0x00000000c0008503                doTerminalCycle()
                0x00000000c0008504                addToTerminalCycle(VgaText*)
                0x00000000c0008505                scrollTerminalScrollLock(int)
                0x00000000c0008506                VgaText::updateTitle()
                0x00000000c0008508                VgaText::load()
                0x00000000c000850a                VgaText::updateCursor()
                0x00000000c0008520                VgaText::doANSI_SGR(int)
                0x00000000c0008594                VgaText::setDefaultBgColour(VgaColour)
                0x00000000c00085a4                VgaText::setDefaultFgColour(VgaColour)
                0x00000000c00085b4                VgaText::setDefaultColours(VgaColour, VgaColour)
                0x00000000c00085d4                VgaText::setTitleTextColour(VgaColour)
                0x00000000c00085e0                VgaText::setTitleColour(VgaColour)
                0x00000000c00085ec                VgaText::setTitle(char*)
                0x00000000c00085ee                VgaText::combineColours(unsigned char, unsigned char)
                0x00000000c0008600                VgaText::scrollScreen()
                0x00000000c0008692                VgaText::combineCharAndColour(char, unsigned char)
                0x00000000c00086a2                VgaText::writeCharacter(char, VgaColour, VgaColour, int, int)
                0x00000000c0008732                VgaText::getCursorX()
                0x00000000c000873a                VgaText::getCursorY()
                0x00000000c0008742                VgaText::setCursor(int, int)
                0x00000000c0008759                setActiveTerminal(VgaText*)
                0x00000000c00087a4                VgaText::clearScreen()
                0x00000000c00087f2                VgaText::setCursorX(int)
                0x00000000c000880a                VgaText::setCursorY(int)
                0x00000000c0008822                VgaText::incrementCursor(bool)
                0x00000000c0008876                VgaText::decrementCursor(bool)
                0x00000000c0008898                VgaText::putchar(char, VgaColour, VgaColour)
                0x00000000c0008968                VgaText::putchar(char)
                0x00000000c0008a60                VgaText::putx(unsigned int)
                0x00000000c0008aa6                VgaText::puts(char const*)
                0x00000000c0008acc                VgaText::write(unsigned long long, void*, int*)
                0x00000000c0008b18                VgaText::puts(char const*, VgaColour, VgaColour)
                0x00000000c0008c66                VgaText::VgaText(char const*)
                0x00000000c0008c66                VgaText::VgaText(char const*)
                0x00000000c0008db6                VgaText::receiveKey(unsigned char)
                0x00000000c0008f42                VgaText::doUpdate()
 *fill*         0x00000000c0008f43        0x1 
 .text          0x00000000c0008f44      0x1a1 core/tss.32
                0x00000000c0008f44                TSS::TSS()
                0x00000000c0008f44                TSS::TSS()
                0x00000000c0008f54                TSS::setESP(unsigned long)
                0x00000000c0008f68                TSS::flush()
                0x00000000c0008f88                TSS::setup(unsigned long, unsigned long)
 *fill*         0x00000000c00090e5        0x1 
 .text          0x00000000c00090e6      0x4ca core/unixfile.32
                0x00000000c00090e6                ReservedFilename::read(unsigned long long, void*, int*)
                0x00000000c000913c                ReservedFilename::isAtty()
                0x00000000c0009158                ReservedFilename::write(unsigned long long, void*, int*)
                0x00000000c00091b6                UnixFile::getFileDescriptor()
                0x00000000c00091be                UnixFile::UnixFile(int)
                0x00000000c00091be                UnixFile::UnixFile(int)
                0x00000000c0009372                ReservedFilename::ReservedFilename(int)
                0x00000000c0009372                ReservedFilename::ReservedFilename(int)
                0x00000000c00093a4                UnixFile::~UnixFile()
                0x00000000c00093a4                UnixFile::~UnixFile()
                0x00000000c0009440                UnixFile::~UnixFile()
                0x00000000c0009468                ReservedFilename::~ReservedFilename()
                0x00000000c0009468                ReservedFilename::~ReservedFilename()
                0x00000000c000948c                ReservedFilename::~ReservedFilename()
                0x00000000c00094b3                KeGetFileFromDescriptor(int)
 .text          0x00000000c00095b0     0x1218 core/virtmgr.32
                0x00000000c00095b0                Virt::setPageState(unsigned long, Virt::VirtPageState)
                0x00000000c00095ea                Virt::getPageState(unsigned long)
                0x00000000c000960d                Virt::allocateKernelVirtualPages(int)
                0x00000000c0009732                Virt::freeSwapfilePage(unsigned long)
                0x00000000c0009755                Virt::swapIDToSector(unsigned long)
                0x00000000c000976b                Virt::allocateSwapfilePage()
                0x00000000c00097eb                Virt::virtualMemorySetup()
                0x00000000c000983c                Virt::setupPageSwapping(int)
                0x00000000c00098ae                VAS::setCPUSpecific(unsigned long)
                0x00000000c00098b0                VAS::VAS(VAS*)
                0x00000000c00098b0                VAS::VAS(VAS*)
                0x00000000c00098de                VAS::getForeignPageTableEntry(bool, unsigned long)
                0x00000000c000990c                VAS::getPageTableEntry(unsigned long)
                0x00000000c000992b                Virt::freeKernelVirtualPages(unsigned long)
                0x00000000c0009a68                VAS::freeAllocatedPages(unsigned long)
                0x00000000c0009a8c                VAS::virtualToPhysical(unsigned long)
                0x00000000c0009aa6                VAS::reflagRange(unsigned long, int, unsigned long, unsigned long)
                0x00000000c0009ae8                VAS::VAS()
                0x00000000c0009ae8                VAS::VAS()
                0x00000000c0009b52                VAS::setToWriteCombining(unsigned long, int)
                0x00000000c0009b86                VAS::mapOtherVASIn(bool, VAS*)
                0x00000000c0009bb2                VAS::~VAS()
                0x00000000c0009bb2                VAS::~VAS()
                0x00000000c0009d20                VAS::mapPage(unsigned long, unsigned long, int)
                0x00000000c0009e24                VAS::allocatePages(int, int)
                0x00000000c0009f1a                VAS::mapRange(unsigned long, unsigned long, int, int)
                0x00000000c0009f72                VAS::mapForeignPage(bool, VAS*, unsigned long, unsigned long, int)
                0x00000000c000a068                VAS::VAS(bool)
                0x00000000c000a068                VAS::VAS(bool)
                0x00000000c000a2b2                VAS::evict(unsigned long)
                0x00000000c000a390                VAS::tryLoadBackOffDisk(unsigned long)
                0x00000000c000a52a                VAS::allocateSharedMemoryWithKernel(unsigned long, unsigned long*)
                0x00000000c000a59e                VAS::freeSharedMemoryWithKernel(unsigned long, unsigned long)
                0x00000000c000a5ca                VAS::scanForEviction()
                0x00000000c000a6cd                mapVASFirstTime
 .text          0x00000000c000a7c8       0x5f coreobjs/c++.32
                0x00000000c000a7c8                __cxa_atexit
                0x00000000c000a7cb                __cxa_finalize
                0x00000000c000a7cc                __stack_chk_fail
                0x00000000c000a802                __cxa_pure_virtual
                0x00000000c000a813                operator new[](unsigned long)
                0x00000000c000a818                operator delete(void*, unsigned long)
                0x00000000c000a81d                operator delete[](void*)
                0x00000000c000a822                operator delete[](void*, unsigned long)
 .text          0x00000000c000a827      0x254 dbg/kconsole.32
                0x00000000c000a827                Dbg::stringifyxWithBase(unsigned int, char*, int)
                0x00000000c000a8c7                Dbg::logc(char)
                0x00000000c000a8e7                Dbg::logs(char*)
                0x00000000c000a906                Dbg::logWriteInt(unsigned int)
                0x00000000c000a924                Dbg::logWriteIntBase(unsigned int, int)
                0x00000000c000a945                Dbg::kprintf(char const*, ...)
 *fill*         0x00000000c000aa7b        0x1 
 .text          0x00000000c000aa7c      0x2d4 dbg/usban.32
                0x00000000c000aa7c                KiUbsanPrintDetails(char const*, void*)
                0x00000000c000aae8                __ubsan_handle_type_mismatch_v1
                0x00000000c000abc4                __ubsan_handle_pointer_overflow
                0x00000000c000abf0                __ubsan_handle_out_of_bounds
                0x00000000c000ac1c                __ubsan_handle_add_overflow
                0x00000000c000ac48                __ubsan_handle_load_invalid_value
                0x00000000c000ac74                __ubsan_handle_divrem_overflow
                0x00000000c000aca0                __ubsan_handle_mul_overflow
                0x00000000c000accc                __ubsan_handle_sub_overflow
                0x00000000c000acf8                __ubsan_handle_shift_out_of_bounds
                0x00000000c000ad24                __ubsan_handle_negate_overflow
 .text          0x00000000c000ad50      0x603 fs/symlink.32
                0x00000000c000ad50                KiCreateSymlinkID()
                0x00000000c000adbd                KiFlushSymlinkChanges()
                0x00000000c000ae90                KiDeinitialiseSymlinks(void*)
                0x00000000c000ae95                KeRegisterSymlink(char const*, unsigned long long)
                0x00000000c000af04                KiIsSymlinkRegistered(char const*)
                0x00000000c000af4b                KeDereferenceSymlink(char const*, char*)
                0x00000000c000b160                KeCreateSymlink(char const*, char const*)
                0x00000000c000b29d                KeInitialiseSymlinks()
 *fill*         0x00000000c000b353        0x1 
 .text          0x00000000c000b354      0xd7e fs/vfs.32
                0x00000000c000b354                File::read(unsigned long long, void*, int*)
                0x00000000c000b3ac                File::write(unsigned long long, void*, int*)
                0x00000000c000b404                Directory::read(unsigned long long, void*, int*)
                0x00000000c000b45c                Directory::write(unsigned long long, void*, int*)
                0x00000000c000b48a                File::isAtty()
                0x00000000c000b48e                Directory::isAtty()
                0x00000000c000b492                Filesystem::getlabel(LogicalDisk*, int, char*, unsigned int*)
                0x00000000c000b498                Filesystem::setlabel(LogicalDisk*, int, char*)
                0x00000000c000b49e                Filesystem::allocateSwapfile(char const*, int)
                0x00000000c000b4a4                File::~File()
                0x00000000c000b4a4                File::~File()
                0x00000000c000b4c8                File::~File()
                0x00000000c000b4f2                Directory::~Directory()
                0x00000000c000b4f2                Directory::~Directory()
                0x00000000c000b516                Directory::~Directory()
                0x00000000c000b540                Filesystem::Filesystem()
                0x00000000c000b540                Filesystem::Filesystem()
                0x00000000c000b564                Filesystem::~Filesystem()
                0x00000000c000b564                Filesystem::~Filesystem()
                0x00000000c000b572                Filesystem::~Filesystem()
                0x00000000c000b596                Fs::getcwd(Process*, char*, int)
                0x00000000c000b5c0                Fs::initVFS()
                0x00000000c000b5ea                Fs::standardiseFiles(char*, char const*, char const*, bool)
                0x00000000c000b84e                File::File(char const*, Process*)
                0x00000000c000b84e                File::File(char const*, Process*)
                0x00000000c000b916                File::open(FileOpenMode)
                0x00000000c000b974                File::close()
                0x00000000c000b9d4                File::seek(unsigned long long)
                0x00000000c000ba2a                File::truncate(unsigned long long)
                0x00000000c000ba80                File::tell(unsigned long long*)
                0x00000000c000bad0                File::rewind()
                0x00000000c000bae4                File::unlink()
                0x00000000c000bb30                File::rename(char const*)
                0x00000000c000bb7e                File::chfatattr(unsigned char, unsigned char)
                0x00000000c000bbda                File::exists()
                0x00000000c000bc18                File::stat(unsigned long long*, bool*)
                0x00000000c000bc79                Fs::setcwd(Process*, char*)
                0x00000000c000bdd8                Directory::Directory(char const*, Process*)
                0x00000000c000bdd8                Directory::Directory(char const*, Process*)
                0x00000000c000bea0                Directory::open()
                0x00000000c000befc                Directory::close()
                0x00000000c000bf5c                Directory::unlink()
                0x00000000c000bfa8                Directory::rename(char const*)
                0x00000000c000bff6                Directory::exists()
                0x00000000c000c034                Directory::read(dirent*)
                0x00000000c000c080                Directory::create()
                0x00000000c000c0cc                Filesystem::chfatattr(char const*, unsigned char, unsigned char)
 *fill*         0x00000000c000c0d2        0x2 
 .text          0x00000000c000c0d4       0x86 hal/bus.32
                0x00000000c000c0d4                Bus::Bus(char const*)
                0x00000000c000c0d4                Bus::Bus(char const*)
                0x00000000c000c10c                Bus::~Bus()
                0x00000000c000c10c                Bus::~Bus()
                0x00000000c000c130                Bus::~Bus()
 .text          0x00000000c000c15a       0x96 hal/buzzer.32
                0x00000000c000c15a                beepThread(void*)
                0x00000000c000c197                Krnl::beep(int, int, bool)
 .text          0x00000000c000c1f0      0x45f hal/clock.32
                0x00000000c000c1f0                User::loadClockSettings(int)
                0x00000000c000c242                Clock::Clock(char const*)
                0x00000000c000c242                Clock::Clock(char const*)
                0x00000000c000c278                Clock::~Clock()
                0x00000000c000c278                Clock::~Clock()
                0x00000000c000c29c                Clock::~Clock()
                0x00000000c000c2c6                Clock::timeInSecondsLocal()
                0x00000000c000c30e                Clock::setTimeInSecondsLocal(unsigned long long)
                0x00000000c000c367                datetimeToSeconds(datetime_t)
                0x00000000c000c486                Clock::setTimeInDatetimeLocal(datetime_t)
                0x00000000c000c4e6                secondsToDatetime(unsigned long long)
                0x00000000c000c62a                Clock::timeInDatetimeLocal()
 *fill*         0x00000000c000c64f        0x1 
 .text          0x00000000c000c650      0x464 hal/device.32
                0x00000000c000c650                Device::hibernate()
                0x00000000c000c652                Device::wake()
                0x00000000c000c654                Device::detect()
                0x00000000c000c656                Device::disableLegacy()
                0x00000000c000c658                Device::powerSaving(PowerSavingLevel)
                0x00000000c000c65a                DriverlessDevice::close(int, int, void*)
                0x00000000c000c65e                DriverlessDevice::detect()
                0x00000000c000c660                DriverlessDevice::open(int, int, void*)
                0x00000000c000c674                Device::~Device()
                0x00000000c000c674                Device::~Device()
                0x00000000c000c682                Device::~Device()
                0x00000000c000c6aa                Device::findAndLoadDriver()
                0x00000000c000c6b8                Device::preOpenPCI(PCIDeviceInfo)
                0x00000000c000c6de                Device::preOpenACPI(void*, char*, char*)
                0x00000000c000c71e                Device::addIRQHandler(int, void (*)(regs*, void*), bool, void*)
                0x00000000c000c748                Device::getParent()
                0x00000000c000c754                Device::removeIRQHandler(int, void (*)(regs*, void*), bool)
                0x00000000c000c772                Device::addChild(Device*)
                0x00000000c000c7b6                Device::removeAllChildren()
                0x00000000c000c7fc                Device::hibernateAll()
                0x00000000c000c82c                Device::wakeAll()
                0x00000000c000c85c                Device::detectAll()
                0x00000000c000c88c                Device::disableLegacyAll()
                0x00000000c000c88e                Device::loadDriversForAll()
                0x00000000c000c890                Device::closeAll()
                0x00000000c000c8c6                Device::powerSavingAll(PowerSavingLevel)
                0x00000000c000c8fc                Device::setName(char const*)
                0x00000000c000c90a                Device::Device(char const*)
                0x00000000c000c90a                Device::Device(char const*)
                0x00000000c000ca06                Device::getName()
                0x00000000c000ca10                DriverlessDevice::DriverlessDevice(char const*)
                0x00000000c000ca10                DriverlessDevice::DriverlessDevice(char const*)
                0x00000000c000ca46                Device::addToLinkedList(LinkedList<Device>&, DeviceType)
                0x00000000c000ca8a                getDevicesOfType(DeviceType)
 .text          0x00000000c000cab4       0x86 hal/diskctrl.32
                0x00000000c000cab4                HardDiskController::HardDiskController(char const*)
                0x00000000c000cab4                HardDiskController::HardDiskController(char const*)
                0x00000000c000caec                HardDiskController::~HardDiskController()
                0x00000000c000caec                HardDiskController::~HardDiskController()
                0x00000000c000cb10                HardDiskController::~HardDiskController()
 .text          0x00000000c000cb3a       0xe2 hal/diskphys.32
                0x00000000c000cb3a                PhysicalDisk::eject()
                0x00000000c000cb3e                PhysicalDisk::PhysicalDisk(char const*, int)
                0x00000000c000cb3e                PhysicalDisk::PhysicalDisk(char const*, int)
                0x00000000c000cba6                PhysicalDisk::startCache()
                0x00000000c000cbce                PhysicalDisk::~PhysicalDisk()
                0x00000000c000cbce                PhysicalDisk::~PhysicalDisk()
                0x00000000c000cbf2                PhysicalDisk::~PhysicalDisk()
 .text          0x00000000c000cc1c        0x0 hal/fpu.32
 .text          0x00000000c000cc1c      0x359 hal/intctrl.32
                0x00000000c000cc1c                int_handler
                0x00000000c000cca6                installISRHandler(int, void (*)(regs*, void*), void*)
                0x00000000c000ccf0                installIRQHandler(int, void (*)(regs*, void*), bool, void*)
                0x00000000c000ce24                uninstallISRHandler(int, void (*)(regs*, void*))
                0x00000000c000ce58                uninstallIRQHandler(int, void (*)(regs*, void*), bool)
                0x00000000c000ced6                setupINTS()
                0x00000000c000cf33                convertLegacyIRQNumber(int)
 *fill*         0x00000000c000cf75        0x1 
 .text          0x00000000c000cf76      0x8be hal/keybrd.32
                0x00000000c000cf76                startGUI(void*)
                0x00000000c000cfe4                startGUIVESA(void*)
                0x00000000c000d052                sendKeyToTerminal(unsigned char)
                0x00000000c000d12d                sendKeyboardToken(KeyboardToken)
                0x00000000c000d617                clearInternalKeybuffer(VgaText*)
                0x00000000c000d64c                readKeyboard(VgaText*, char*, unsigned long)
                0x00000000c000d7aa                Keyboard::Keyboard(char const*)
                0x00000000c000d7aa                Keyboard::Keyboard(char const*)
                0x00000000c000d7e6                Keyboard::~Keyboard()
                0x00000000c000d7e6                Keyboard::~Keyboard()
                0x00000000c000d80a                Keyboard::~Keyboard()
 .text          0x00000000c000d834      0x3f8 hal/logidisk.32
                0x00000000c000d834                LogicalDisk::close(int, int, void*)
                0x00000000c000d838                LogicalDisk::~LogicalDisk()
                0x00000000c000d838                LogicalDisk::~LogicalDisk()
                0x00000000c000d85c                LogicalDisk::~LogicalDisk()
                0x00000000c000d886                LogicalDisk::open(int, int, void*)
                0x00000000c000d89a                LogicalDisk::absoluteToRelative(unsigned long long)
                0x00000000c000d8d2                LogicalDisk::relativeToAbsolute(unsigned long long)
                0x00000000c000d918                LogicalDisk::LogicalDisk(char const*, PhysicalDisk*, unsigned long long, unsigned long long)
                0x00000000c000d918                LogicalDisk::LogicalDisk(char const*, PhysicalDisk*, unsigned long long, unsigned long long)
                0x00000000c000d9d8                LogicalDisk::assignDriveLetter()
                0x00000000c000da92                LogicalDisk::mount()
                0x00000000c000dada                LogicalDisk::unmount()
                0x00000000c000daea                LogicalDisk::eject()
                0x00000000c000dafe                LogicalDisk::unassignDriveLetter()
                0x00000000c000db54                LogicalDisk::read(unsigned long long, int, void*)
                0x00000000c000dbc0                LogicalDisk::write(unsigned long long, int, void*)
 .text          0x00000000c000dc2c       0x86 hal/mouse.32
                0x00000000c000dc2c                Mouse::Mouse(char const*)
                0x00000000c000dc2c                Mouse::Mouse(char const*)
                0x00000000c000dc64                Mouse::~Mouse()
                0x00000000c000dc64                Mouse::~Mouse()
                0x00000000c000dc88                Mouse::~Mouse()
 .text          0x00000000c000dcb2       0x90 hal/nic.32
                0x00000000c000dcb2                NIC::getMAC()
                0x00000000c000dcb8                NIC::write(int, unsigned char*, int*)
                0x00000000c000dcbe                NIC::NIC(char const*)
                0x00000000c000dcbe                NIC::NIC(char const*)
                0x00000000c000dcf4                NIC::~NIC()
                0x00000000c000dcf4                NIC::~NIC()
                0x00000000c000dd18                NIC::~NIC()
 .text          0x00000000c000dd42      0x33b hal/partition.32
                0x00000000c000dd42                makePartition(PhysicalDisk*, unsigned long long, unsigned long long)
                0x00000000c000ddea                createPartitionsForDisk(PhysicalDisk*)
 *fill*         0x00000000c000e07d        0x3 
 .text          0x00000000c000e080       0x86 hal/serial.32
                0x00000000c000e080                Serial::Serial(char const*)
                0x00000000c000e080                Serial::Serial(char const*)
                0x00000000c000e0b8                Serial::~Serial()
                0x00000000c000e0b8                Serial::~Serial()
                0x00000000c000e0dc                Serial::~Serial()
 *fill*         0x00000000c000e106        0x2 
 .text          0x00000000c000e108      0x234 hal/timer.32
                0x00000000c000e108                Timer::Timer(char const*)
                0x00000000c000e108                Timer::Timer(char const*)
                0x00000000c000e140                Timer::~Timer()
                0x00000000c000e140                Timer::~Timer()
                0x00000000c000e164                Timer::~Timer()
                0x00000000c000e18e                Timer::read()
                0x00000000c000e199                setupTimer(int)
                0x00000000c000e1d4                timerHandler(unsigned int)
 .text          0x00000000c000e33c      0x444 hal/vcache.32
                0x00000000c000e33c                VCache::VCache(PhysicalDisk*)
                0x00000000c000e33c                VCache::VCache(PhysicalDisk*)
                0x00000000c000e4ac                VCache::invalidateReadBuffer()
                0x00000000c000e4bc                VCache::writeWriteBuffer()
                0x00000000c000e508                VCache::~VCache()
                0x00000000c000e508                VCache::~VCache()
                0x00000000c000e560                VCache::~VCache()
                0x00000000c000e588                VCache::write(unsigned long long, int, void*)
                0x00000000c000e676                VCache::read(unsigned long long, int, void*)
 .text          0x00000000c000e780      0x4c7 hal/video.32
                0x00000000c000e780                Video::putrect(int, int, int, int, unsigned int)
                0x00000000c000e7cc                Video::bitblit(int, int, int, int, int, int, int, unsigned int*)
                0x00000000c000e83c                Video::blit(unsigned int*, int, int, int, int)
                0x00000000c000e8ba                Video::clearScreen(unsigned int)
                0x00000000c000e8ee                Video::putpixel(int, int, unsigned int)
                0x00000000c000e8fc                Video::readPixelApprox(int, int)
                0x00000000c000e910                Video::Video(char const*)
                0x00000000c000e910                Video::Video(char const*)
                0x00000000c000e946                Video::~Video()
                0x00000000c000e946                Video::~Video()
                0x00000000c000e96a                Video::~Video()
                0x00000000c000e994                Video::isMonochrome()
                0x00000000c000e9a0                Video::getWidth()
                0x00000000c000e9ac                Video::getHeight()
                0x00000000c000e9b8                Video::drawCursor(int, int, unsigned int*, int)
                0x00000000c000ea74                Video::tgaParse(unsigned char*, int, int*, int*)
                0x00000000c000ebdc                Video::putTGA(int, int, unsigned char*, int)
 *fill*         0x00000000c000ec47        0x1 
 .text          0x00000000c000ec48     0x138b hw/acpi.32
                0x00000000c000ec48                ACPI::close(int, int, void*)
                0x00000000c000ecfc                findRSDP()
                0x00000000c000ed94                loadACPITables(unsigned char*)
                0x00000000c000f000                findRSDT(unsigned char*)
                0x00000000c000f158                findDataTable(unsigned char*, char*)
                0x00000000c000f1d8                scanMADT()
                0x00000000c000f690                ACPI::ACPI()
                0x00000000c000f690                ACPI::ACPI()
                0x00000000c000f6e4                ACPI::getPCIIRQAssignment(unsigned char, unsigned short, unsigned char)
                0x00000000c000f7e0                ACPI::registerPCIIRQAssignment(void*, unsigned short, unsigned char, unsigned char)
                0x00000000c000f8ac                ACPI::setScreenBrightnessLevel(void*, int)
                0x00000000c000f8b4                ACPI::detectPCI()
                0x00000000c000fad4                ACPI::writeSimpleBootFlag(SimpleBootFlagTable*)
                0x00000000c000fb1c                ACPI::sleep()
                0x00000000c000fb38                ACPI::open(int, int, void*)
 *fill*         0x00000000c000ffd3        0x1 
 .text          0x00000000c000ffd4      0xbc5 hw/cpu.32
                0x00000000c000ffd4                CPU::close(int, int, void*)
                0x00000000c000ffd8                CPU::AMD_K6_write_msr(unsigned int, unsigned int, unsigned int, CPU::REGS*)
                0x00000000c000fff4                CPU::AMD_K6_read_msr(unsigned int, CPU::REGS*)
                0x00000000c001000c                CPU::AMD_K6_writeback(int, int, int)
                0x00000000c0010080                CPU::cpuid(int, unsigned long*, unsigned long*, unsigned long*, unsigned long*)
                0x00000000c0010104                CPU::cpuidCheckEDX(unsigned int)
                0x00000000c0010132                CPU::cpuidCheckECX(unsigned int)
                0x00000000c0010160                CPU::cpuidCheckExtendedEBX(unsigned int)
                0x00000000c001018e                CPU::cpuidCheckExtendedECX(unsigned int)
                0x00000000c00101bc                CPU::CPU()
                0x00000000c00101bc                CPU::CPU()
                0x00000000c001024a                CPU::displayFeatures()
                0x00000000c001024c                CPU::detectFeatures()
                0x00000000c0010920                CPU::setupSMEP()
                0x00000000c001092c                CPU::setupUMIP()
                0x00000000c0010936                CPU::setupTSC()
                0x00000000c0010940                CPU::setupLargePages()
                0x00000000c001094a                CPU::setupPAT()
                0x00000000c0010986                CPU::setupMTRR()
                0x00000000c0010988                CPU::setupGlobalPages()
                0x00000000c0010992                CPU::allowUsermodeDataAccess()
                0x00000000c00109a4                CPU::prohibitUsermodeDataAccess()
                0x00000000c00109b6                CPU::setupSMAP()
                0x00000000c00109c4                CPU::setupFeatures()
                0x00000000c0010a90                CPU::open(int, int, void*)
 .text          0x00000000c0010b99       0xb6 krnl/atexit.32
                0x00000000c0010b99                KeInitialiseAtexit()
                0x00000000c0010bb8                KeRegisterAtexit(void (*)(void*), void*)
                0x00000000c0010bec                KeExecuteAtexit()
 .text          0x00000000c0010c4f       0xdf krnl/bootmsg.32
                0x00000000c0010c4f                KeDisplaySplashScreen()
                0x00000000c0010ccb                KeSetBootMessage(char const*)
 *fill*         0x00000000c0010d2e        0x2 
 .text          0x00000000c0010d30       0x1d krnl/compat.32
                0x00000000c0010d30                Krnl::handlePowerButton()
                0x00000000c0010d40                Krnl::handleSleepButton()
 *fill*         0x00000000c0010d4d        0x1 
 .text          0x00000000c0010d4e      0x5bf krnl/env.32
                0x00000000c0010d4e                EnvVarContainer::getEnv(char const*)
                0x00000000c0010d8c                EnvVarContainer::setEnv(char const*, char const*)
                0x00000000c0010e4e                EnvVarContainer::deleteEnv(char const*)
                0x00000000c0010e50                EnvVarContainer::loadFrom(char const*, char const*)
                0x00000000c0011074                EnvVarContainer::__loadSystem()
                0x00000000c001108e                EnvVarContainer::__loadUser()
                0x00000000c0011090                EnvVarContainer::EnvVarContainer(Process*)
                0x00000000c0011090                EnvVarContainer::EnvVarContainer(Process*)
                0x00000000c00110b2                EnvVarContainer::~EnvVarContainer()
                0x00000000c00110b2                EnvVarContainer::~EnvVarContainer()
                0x00000000c00110e2                KeGetEnv(Process*, char const*)
                0x00000000c0011147                KeSetEnvSystem(char const*, char const*)
                0x00000000c0011161                KeSetEnvUser(char const*, char const*)
                0x00000000c0011180                KeSetEnvProcess(Process*, char const*, char const*)
                0x00000000c0011193                KeDeleteEnvSystem(char const*)
                0x00000000c0011194                KeDeleteEnvUser(char const*)
                0x00000000c0011195                KeDeleteEnvProcess(Process*, char const*)
                0x00000000c0011196                KeNewProcessEnv(Process*)
                0x00000000c00111b8                KeCopyProcessEnv(Process*, Process*)
                0x00000000c0011204                KeLoadSystemEnv()
                0x00000000c0011232                KeLoadUserEnv()
                0x00000000c0011258                KeFlushEnv()
                0x00000000c0011259                KeGetProcessTotalEnvCount(Process*)
                0x00000000c0011279                KeGetProcessEnvPair(Process*, int)
 .text          0x00000000c001130d       0x94 krnl/inlines.32
                0x00000000c001130d                CPU::current()
                0x00000000c0011319                operator new(unsigned long)
                0x00000000c001131e                operator delete(void*)
                0x00000000c0011323                disableIRQs()
                0x00000000c0011325                enableIRQs()
                0x00000000c0011327                lockScheduler()
                0x00000000c001132f                unlockScheduler()
                0x00000000c001133e                lockStuff()
                0x00000000c001134c                unlockStuff()
                0x00000000c0011386                Virt::getAKernelVAS()
                0x00000000c001138c                __not_memcpy
 .text          0x00000000c00113a1        0xc krnl/panic.32
                0x00000000c00113a1                KePanic(char const*)
 .text          0x00000000c00113ad      0x142 krnl/powctrl.32
                0x00000000c00113ad                KePowerThread(void*)
                0x00000000c00113db                KeChangePowerSettings(PowerSettings)
                0x00000000c00113f1                KeUserIOReceived()
                0x00000000c00113fc                KeHandlePowerButton()
                0x00000000c0011431                KeHandleSleepButton()
                0x00000000c0011466                KeSetupPowerManager()
 .text          0x00000000c00114ef       0x9d krnl/random.32
                0x00000000c00114ef                KeRand()
                0x00000000c0011531                KeSeedRand(unsigned int)
                0x00000000c001155a                KeInitRand()
 .text          0x00000000c001158c      0x1bc krnl/resolve.32
                0x00000000c001158c                KeResolveCompatibilitySymbol(char*)
 .text          0x00000000c0011748      0x322 krnl/signal.32
                0x00000000c0011748                KiSigKill(int)
                0x00000000c001175c                KiDefaultSignalHandlerIgnore(int)
                0x00000000c001175d                KiDefaultSignalHandlerPause(int)
                0x00000000c0011789                KiDefaultSignalHandlerResume(int)
                0x00000000c00117b5                KeDeinitSignals(SigHandlerBlock*)
                0x00000000c00117ba                KeInitSignals()
                0x00000000c001180c                KeRegisterSignalHandler(SigHandlerBlock*, int, void (*)(int), unsigned int, int)
                0x00000000c0011842                KeRaiseSignal(SigHandlerBlock*, int)
                0x00000000c00118bf                KeCheckSignal(SigHandlerBlock*, int*)
                0x00000000c00119b6                KiCheckSignalZ
                0x00000000c00119f8                KeCompleteSignal(SigHandlerBlock*, int)
                0x00000000c0011a33                KiFinishSignalZ
 .text          0x00000000c0011a6a      0xc5f krnl/syscalls.32
                0x00000000c0011a6a                SysSeekDir(regs*)
                0x00000000c0011a6f                SysTellDir(regs*)
                0x00000000c0011a74                SysVerify(regs*)
                0x00000000c0011a7e                SysGetArgc(regs*)
                0x00000000c0011a92                SysTTYName(regs*)
                0x00000000c0011a9a                SysFormatDisk(regs*)
                0x00000000c0011b11                SysSetDiskVolumeLabel(regs*)
                0x00000000c0011b65                SysGetDiskVolumeLabel(regs*)
                0x00000000c0011bbe                SysShutdown(regs*)
                0x00000000c0011c1c                SysRealpath(regs*)
                0x00000000c0011c60                SysReadDir(regs*)
                0x00000000c0011ce0                SysIsATTY(regs*)
                0x00000000c0011d3a                SysSeek(regs*)
                0x00000000c0011d91                SysTell(regs*)
                0x00000000c0011dfe                SysSize(regs*)
                0x00000000c0011e71                SysSizeFromFilename(regs*)
                0x00000000c0011f22                SysClose(regs*)
                0x00000000c0011f82                SysOpenDir(regs*)
                0x00000000c0011fff                SysMakeDir(regs*)
                0x00000000c001206d                SysCloseDir(regs*)
                0x00000000c00120c1                SysWait(regs*)
                0x00000000c00120e2                SysNotImpl(regs*)
                0x00000000c00120fd                SysPanic(regs*)
                0x00000000c0012118                SysRmdir(regs*)
                0x00000000c001217d                SysUnlink(regs*)
                0x00000000c00121e2                SysGetArgv(regs*)
                0x00000000c001222f                SysUSleep(regs*)
                0x00000000c0012258                SysSpawn(regs*)
                0x00000000c00122cb                SysGetEnv(regs*)
                0x00000000c001237c                SysSetFatAttrib(regs*)
                0x00000000c00123ef                SysPipe(regs*)
                0x00000000c0012434                SysGetUnixTime(regs*)
                0x00000000c0012448                string_ends_with(char const*, char const*)
                0x00000000c0012490                SysOpen(regs*)
                0x00000000c0012687                KeSystemCall(regs*, void*)
 *fill*         0x00000000c00126c9        0x3 
 .text          0x00000000c00126cc      0x159 net/ethernet.32
                0x00000000c00126cc                KeSwitchEndian16(unsigned short)
                0x00000000c00126f0                KeSwitchEndian32(unsigned int)
                0x00000000c0012720                EthernetCRC32(unsigned char*, int)
                0x00000000c00127c4                EthernetReceivedPacket(EthernetUnwrappedFrame*, unsigned short)
 .text          0x00000000c0012825      0xd56 reg/cm.32
                0x00000000c0012825                CmOpen(char const*)
                0x00000000c0012943                CmClose(Reghive_Tag*)
                0x00000000c0012959                CmReadExtent(Reghive_Tag*, int, unsigned char*)
                0x00000000c0012995                CmGetString(Reghive_Tag*, int, char*)
                0x00000000c0012a0c                CmEnterDirectory(Reghive_Tag*, int)
                0x00000000c0012a4b                CmGetNext(Reghive_Tag*, int)
                0x00000000c0012a7d                CmWriteExtent(Reghive_Tag*, int, unsigned char*)
                0x00000000c0012ab9                CmFreeExtent(Reghive_Tag*, int)
                0x00000000c0012ae1                CmUpdateHeader(Reghive_Tag*)
                0x00000000c0012b02                CmExpand(Reghive_Tag*, int)
                0x00000000c0012b7d                CmFindUnusedExtent(Reghive_Tag*)
                0x00000000c0012c03                CmCreateExtent(Reghive_Tag*, int, int, unsigned char*)
                0x00000000c0012cf7                CmSetString(Reghive_Tag*, int, char const*)
                0x00000000c0012e33                CmGetMatch(char*, char*, bool, bool*)
                0x00000000c0012e94                CmAddShift(unsigned int*, int*, unsigned char, int)
                0x00000000c0012ec4                CmGetShift(unsigned int*, int*, int, bool*)
                0x00000000c0012efb                CmGetInteger(Reghive_Tag*, int, unsigned long long*)
                0x00000000c0012f25                CmSetInteger(Reghive_Tag*, int, unsigned long long)
                0x00000000c0012f65                CmConvertFromInternalFilename(unsigned char const*, char*)
                0x00000000c0013009                CmGetNameAndTypeFromExtent(Reghive_Tag*, int, char*)
                0x00000000c0013037                CmConvertToInternalFilename(char const*, unsigned char*)
                0x00000000c00131d5                CmCreateString(Reghive_Tag*, int, char const*)
                0x00000000c0013222                CmFindInDirectory(Reghive_Tag*, int, char const*)
                0x00000000c001329c                CmCreateInteger(Reghive_Tag*, int, char const*, unsigned long long, int)
                0x00000000c00132ef                CmCreateDirectory(Reghive_Tag*, int, char const*)
                0x00000000c00133b3                zStrtok(char*, char const*)
                0x00000000c0013425                CmFindObjectFromPath(Reghive_Tag*, char const*)
                0x00000000c00134a6                CmDisplayTree(Reghive_Tag*, int, int)
                0x00000000c0013549                CmSplitFinalSlashInPlace(char*)
 .text          0x00000000c001357b      0x52a reg/registry.32
                0x00000000c001357b                Reg::findLineFromLoadedData(char*, char*, char*)
                0x00000000c00136ec                Reg::getLineFromRegistry(char*, char*, char*, char*)
                0x00000000c0013841                Reg::getLine(char*, char*, char*)
                0x00000000c0013878                Reg::readInt(char*, char*, int*)
                0x00000000c0013966                Reg::readString(char*, char*, char*, int)
                0x00000000c00139e7                Reg::readBool(char*, char*, bool*)
                0x00000000c0013a0c                Reg::readBoolWithDefault(char*, char*, bool)
                0x00000000c0013a38                Reg::readIntWithDefault(char*, char*, int)
                0x00000000c0013a64                Reg::readStringWithDefault(char*, char*, char*, int, char*)
 .text          0x00000000c0013aa5       0x36 sys/eject.32
                0x00000000c0013aa5                SysEject(regs*)
 .text          0x00000000c0013adb       0x18 sys/exit.32
                0x00000000c0013adb                SysExit(regs*)
 .text          0x00000000c0013af3       0x1f sys/getcwd.32
                0x00000000c0013af3                SysGetCwd(regs*)
 .text          0x00000000c0013b12        0xc sys/getpid.32
                0x00000000c0013b12                SysGetPID(regs*)
 .text          0x00000000c0013b1e       0x1a sys/getramdata.32
                0x00000000c0013b1e                SysGetRAMData(regs*)
 .text          0x00000000c0013b38       0x82 sys/getvgaptr.32
                0x00000000c0013b38                SysGetVGAPtr(regs*)
 *fill*         0x00000000c0013bba        0x2 
 .text          0x00000000c0013bbc       0xb9 sys/kill.32
                0x00000000c0013bbc                SysKill(regs*)
 .text          0x00000000c0013c75       0xa8 sys/loaddll.32
                0x00000000c0013c75                SysLoadDLL(regs*)
 .text          0x00000000c0013d1d       0x68 sys/read.32
                0x00000000c0013d1d                SysRead(regs*)
 .text          0x00000000c0013d85       0x29 sys/registersignal.32
                0x00000000c0013d85                SysRegisterSignal(regs*)
 .text          0x00000000c0013dae      0x19c sys/registry.32
                0x00000000c0013dae                SysRegistryGetTypeFromPath(regs*)
                0x00000000c0013e25                SysRegistryReadExtent(regs*)
                0x00000000c0013e6d                SysRegistryPathToExtentLookup(regs*)
                0x00000000c0013e95                SysRegistryEnterDirectory(regs*)
                0x00000000c0013ebd                SysRegistryGetNext(regs*)
                0x00000000c0013ee5                SysRegistryGetNameAndTypeFromExtent(regs*)
                0x00000000c0013f1f                SysRegistryOpen(regs*)
                0x00000000c0013f33                SysRegistryClose(regs*)
 .text          0x00000000c0013f4a       0x55 sys/sbrk.32
                0x00000000c0013f4a                SysSbrk(regs*)
 .text          0x00000000c0013f9f       0x1c sys/setcwd.32
                0x00000000c0013f9f                SysSetCwd(regs*)
 .text          0x00000000c0013fbb       0x96 sys/settime.32
                0x00000000c0013fbb                SysSetTime(regs*)
 .text          0x00000000c0014051       0x4a sys/timezone.32
                0x00000000c0014051                SysTimezone(regs*)
 .text          0x00000000c001409b       0xfc sys/truncate.32
                0x00000000c001409b                SysTruncate(regs*)
 .text          0x00000000c0014197       0x68 sys/write.32
                0x00000000c0014197                SysWrite(regs*)
 .text          0x00000000c00141ff       0x62 sys/wsbe.32
                0x00000000c00141ff                SysWsbe(regs*)
 .text          0x00000000c0014261       0x25 sys/yield.32
                0x00000000c0014261                SysYield(regs*)
 .text          0x00000000c0014286     0x11e6 thr/elf.32
                0x00000000c0014286                Thr::allocateMemoryForTask(Process*, File*, unsigned long, unsigned long, unsigned long)
                0x00000000c0014514                Thr::loadProgramIntoMemory(Process*, char const*)
                0x00000000c0014726                Thr::runtimeReferenceHelper()
                0x00000000c0014739                Thr::getAddressOfKernelSymbol(char const*)
                0x00000000c0014788                Thr::loadKernelSymbolTable(char const*)
                0x00000000c0014a46                Thr::loadDriverIntoMemory(char const*, unsigned long, bool)
                0x00000000c001517f                Thr::getDriverBaseFromAddress(unsigned long)
                0x00000000c00151b1                Thr::getDriverNameFromAddress(unsigned long)
                0x00000000c00151e8                Thr::getDriverOffsetFromAddress(unsigned long)
                0x00000000c0015202                Thr::loadDLL(char const*, bool)
                0x00000000c0015433                Thr::executeDLL(unsigned long, void*)
 .text          0x00000000c001546c     0x13d9 thr/prcssthr.32
                0x00000000c001546c                userModeEntryPoint(void*)
                0x00000000c0015494                changeTSS
                0x00000000c00154c4                switchToThread(ThreadControlBlock*)
                0x00000000c0015574                Process::addArgs(char**)
                0x00000000c00155e0                Process::Process(char const*, Process*, char**)
                0x00000000c00155e0                Process::Process(char const*, Process*, char**)
                0x00000000c00157ec                Process::Process(bool, char const*, Process*, char**)
                0x00000000c00157ec                Process::Process(bool, char const*, Process*, char**)
                0x00000000c00159c0                taskStartupFunction
                0x00000000c00159cc                Semaphore::Semaphore(int)
                0x00000000c00159cc                Semaphore::Semaphore(int)
                0x00000000c00159fc                Mutex::Mutex()
                0x00000000c00159fc                Mutex::Mutex()
                0x00000000c0015a10                Process::createThread(void (*)(void*), void*, int)
                0x00000000c0015b1c                Process::createUserThread()
                0x00000000c0015b3c                setupMultitasking(void (*)())
                0x00000000c0015c60                schedule()
                0x00000000c0015cf4                Semaphore::tryAcquire()
                0x00000000c0015dc8                Semaphore::assertLocked(char const*)
                0x00000000c0015e4c                blockTaskWithSchedulerLockAlreadyHeld(TaskState)
                0x00000000c0015e74                blockTask(TaskState)
                0x00000000c0015eac                waitTask(int, int*, int)
                0x00000000c0015ef0                milliTenthSleepUntil(unsigned int)
                0x00000000c0015f90                milliTenthSleep(unsigned int)
                0x00000000c0015fa4                sleep(unsigned int)
                0x00000000c0015fc0                Semaphore::acquire()
                0x00000000c0016088                taskReturned
                0x00000000c00160cc                Thr::processFromPID(int)
                0x00000000c0016178                unblockTask(ThreadControlBlock*)
                0x00000000c0016224                cleanupTerminatedTask(ThreadControlBlock*)
                0x00000000c00164f8                cleanerTaskFunction(void*)
                0x00000000c0016600                terminateTask(int)
                0x00000000c00166ec                Thr::terminateFromIRQ(int)
                0x00000000c00166fc                Semaphore::release()
 .text          0x00000000c0016845      0xc27 vm86/vm8086.32
                0x00000000c0016845                Vm::inbv(unsigned short)
                0x00000000c0016858                Vm::outbv(unsigned short, unsigned char)
                0x00000000c001688e                Vm::realToLinear(unsigned short, unsigned short)
                0x00000000c001689e                Vm::getSegment(unsigned int)
                0x00000000c00168a6                Vm::getOffset(unsigned int)
                0x00000000c00168ab                Vm::mainloop2()
                0x00000000c00168e5                Vm::mainVm8086Loop(void*)
                0x00000000c00168f5                Vm::mainloop3(unsigned long)
                0x00000000c001691b                Vm::initialise8086()
                0x00000000c001695e                Vm::finish8086()
                0x00000000c00169bf                Vm::getOutput8086(unsigned char*)
                0x00000000c00169e4                Vm::start8086FromBuffer(unsigned char*, int, unsigned short, unsigned short, unsigned short, unsigned short)
                0x00000000c0016a9d                Vm::start8086(char const*, unsigned short, unsigned short, unsigned short, unsigned short)
                0x00000000c0016c3b                Vm::doISR(regs*, int, unsigned char*, unsigned short, unsigned short)
                0x00000000c0016cd4                Vm::readByteFromReal(unsigned short, unsigned short)
                0x00000000c0016ce5                Vm::readWordFromReal(unsigned short, unsigned short)
                0x00000000c0016cf7                Vm::readDwordFromReal(unsigned short, unsigned short)
                0x00000000c0016d08                Vm::writeByteFromReal(unsigned short, unsigned short, unsigned char)
                0x00000000c0016d1d                Vm::writeWordFromReal(unsigned short, unsigned short, unsigned short)
                0x00000000c0016d33                Vm::writeDwordFromReal(unsigned short, unsigned short, unsigned int)
                0x00000000c0016d48                Vm::faultHandler(regs*)
 .text          0x00000000c001746c      0xaf0 arch/i386/hal.32
                0x00000000c001746c                noCopro(unsigned long)
                0x00000000c001746d                nmiHandler(regs*, void*)
                0x00000000c0017486                doubleFault(regs*, void*)
                0x00000000c001749f                displayDebugInfo(regs*)
                0x00000000c0017824                HalSystemIdle()
                0x00000000c00178a0                displayProgramFault(char const*)
                0x00000000c00178ec                gpFault(regs*, void*)
                0x00000000c0017953                pgFault(regs*, void*)
                0x00000000c00179dc                otherISRHandler(regs*, void*)
                0x00000000c0017a10                opcodeFault(regs*, void*)
                0x00000000c0017a93                i386SaveCoprocessor(void*)
                0x00000000c0017aa7                i386LoadCoprocessor(void*)
                0x00000000c0017abb                x87EmulHandler(regs*, void*)
                0x00000000c0017b58                HalInitialiseCoprocessor()
                0x00000000c0017c06                HalPanic(char const*)
                0x00000000c0017d1a                HalQueryPerformanceCounter()
                0x00000000c0017d35                HalInitialise()
                0x00000000c0017eeb                HalMakeBeep(int)
                0x00000000c0017f25                HalGetRand()
                0x00000000c0017f28                HalEndOfInterrupt(int)
                0x00000000c0017f59                HalRestart()
                0x00000000c0017f5a                HalShutdown()
                0x00000000c0017f5b                HalSleep()
 .text          0x00000000c0017f5c      0x2dc arch/i386/pic.32
                0x00000000c0017f5c                picIoWait()
                0x00000000c0017f64                picDisable()
                0x00000000c0017f98                picGetIRQReg(int)
                0x00000000c0018014                picOpen()
                0x00000000c0018198                picEOI(int)
 .text          0x00000000c0018238      0x674 arch/i386/rtc.32
                0x00000000c0018238                RTC::open(int, int, void*)
                0x00000000c001823c                RTC::close(int, int, void*)
                0x00000000c0018240                RTC::timeInSecondsUTC()
                0x00000000c0018252                RTC::timeInDatetimeUTC()
                0x00000000c0018278                RTC::setTimeInSecondsUTC(unsigned long long)
                0x00000000c00182b6                RTC::~RTC()
                0x00000000c00182b6                RTC::~RTC()
                0x00000000c00182da                RTC::~RTC()
                0x00000000c0018304                RTC::get_update_in_progress_flag()
                0x00000000c001831e                RTC::completeRTCRefresh()
                0x00000000c00185fe                RTC::setTimeInDatetimeUTC(datetime_t)
                0x00000000c00187ac                rtcIRQHandler(regs*, void*)
                0x00000000c00187f2                RTC::RTC()
                0x00000000c00187f2                RTC::RTC()
 .text          0x00000000c00188ac      0x1f4 arch/i386/vga.32
                0x00000000c00188ac                HalConsoleScroll(int, int)
                0x00000000c00189b4                HalConsoleWriteCharacter(char, int, int, int, int)
                0x00000000c0018a18                HalConsoleCursorUpdate(int, int)
 .text          0x00000000c0018aa0     0x14cf fs/fat/vfslink.32
                0x00000000c0018aa0                FAT::getName()
                0x00000000c0018aa8                FAT::tell(void*, unsigned long long*)
                0x00000000c0018ae4                FAT::stat(void*, unsigned long long*)
                0x00000000c0018b20                FAT::~FAT()
                0x00000000c0018b20                FAT::~FAT()
                0x00000000c0018b44                FAT::~FAT()
                0x00000000c0018b6c                FAT::getlabel(LogicalDisk*, int, char*, unsigned int*)
                0x00000000c0018c10                FAT::setlabel(LogicalDisk*, int, char*)
                0x00000000c0018cd4                FAT::format(LogicalDisk*, int, char const*, int)
                0x00000000c0018eb8                FAT::tryMount(LogicalDisk*, int)
                0x00000000c00190d4                FAT::allocateSwapfile(char const*, int)
                0x00000000c0019294                FAT::readDir(void*, unsigned long, void*, int*)
                0x00000000c0019404                FAT::read(void*, unsigned long, void*, int*)
                0x00000000c0019464                FAT::write(void*, unsigned long, void*, int*)
                0x00000000c00194c4                FAT::close(void*)
                0x00000000c0019518                FAT::closeDir(void*)
                0x00000000c001956c                FAT::truncate(void*, unsigned long long)
                0x00000000c00195d8                FAT::seek(void*, unsigned long long)
                0x00000000c0019630                fatWrapperReadDisk
                0x00000000c0019670                fatWrapperWriteDisk
                0x00000000c00196b0                fatWrapperIoctl
                0x00000000c00197cc                FAT::FAT()
                0x00000000c00197cc                FAT::FAT()
                0x00000000c0019824                FAT::fixFilepath(char*)
                0x00000000c0019864                FAT::open(char const*, void**, FileOpenMode)
                0x00000000c00199d8                FAT::openDir(char const*, void**)
                0x00000000c0019a88                FAT::stat(char const*, unsigned long long*, bool*)
                0x00000000c0019b80                FAT::unlink(char const*)
                0x00000000c0019c00                FAT::chfatattr(char const*, unsigned char, unsigned char)
                0x00000000c0019db4                FAT::rename(char const*, char const*)
                0x00000000c0019e80                FAT::mkdir(char const*)
                0x00000000c0019f00                FAT::exists(char const*)
 *fill*         0x00000000c0019f6f        0x1 
 .text          0x00000000c0019f70       0x94 fs/iso9660/helper.32
                0x00000000c0019f70                isoReadDiscSectorHelper
                0x00000000c0019fcc                iso_kprintf
                0x00000000c0019fe8                iso_kprintfd
 .text          0x00000000c001a004      0x71c fs/iso9660/vfslink.32
                0x00000000c001a004                ISO9660::format(LogicalDisk*, int, char const*, int)
                0x00000000c001a00a                ISO9660::truncate(void*, unsigned long long)
                0x00000000c001a010                ISO9660::getName()
                0x00000000c001a016                ISO9660::closeDir(void*)
                0x00000000c001a020                ISO9660::chfatattr(char const*, unsigned char, unsigned char)
                0x00000000c001a026                ISO9660::unlink(char const*)
                0x00000000c001a02c                ISO9660::write(void*, unsigned long, void*, int*)
                0x00000000c001a032                ISO9660::rename(char const*, char const*)
                0x00000000c001a038                ISO9660::mkdir(char const*)
                0x00000000c001a03e                ISO9660::~ISO9660()
                0x00000000c001a03e                ISO9660::~ISO9660()
                0x00000000c001a062                ISO9660::~ISO9660()
                0x00000000c001a08a                ISO9660::exists(char const*)
                0x00000000c001a09e                ISO9660::open(char const*, void**, FileOpenMode)
                0x00000000c001a184                ISO9660::read(void*, unsigned long, void*, int*)
                0x00000000c001a1cc                ISO9660::seek(void*, unsigned long long)
                0x00000000c001a20e                ISO9660::tell(void*, unsigned long long*)
                0x00000000c001a24c                ISO9660::stat(void*, unsigned long long*)
                0x00000000c001a29e                ISO9660::stat(char const*, unsigned long long*, bool*)
                0x00000000c001a3e0                ISO9660::close(void*)
                0x00000000c001a410                ISO9660::openDir(char const*, void**)
                0x00000000c001a4ea                ISO9660::readDir(void*, unsigned long, void*, int*)
                0x00000000c001a607                readSectorFromCDROM(unsigned int, unsigned char*, char)
                0x00000000c001a686                ISO9660::tryMount(LogicalDisk*, int)
                0x00000000c001a6f8                ISO9660::ISO9660()
                0x00000000c001a6f8                ISO9660::ISO9660()
 .text          0x00000000c001a720      0x26c hal/sound/sndcard.32
                0x00000000c001a720                SoundCard::beginPlayback()
                0x00000000c001a72e                SoundCard::stopPlayback()
                0x00000000c001a73c                SoundCard::SoundCard(char const*)
                0x00000000c001a73c                SoundCard::SoundCard(char const*)
                0x00000000c001a7da                SoundCard::~SoundCard()
                0x00000000c001a7da                SoundCard::~SoundCard()
                0x00000000c001a7fe                SoundCard::~SoundCard()
                0x00000000c001a828                SoundCard::configureRates(int, int, int)
                0x00000000c001a858                SoundCard::getSamples16(int, short*)
                0x00000000c001a8b4                SoundCard::getSamples32(int, int*)
                0x00000000c001a93a                SoundCard::addChannel(SoundPort*)
                0x00000000c001a978                SoundCard::removeChannel(int)
 .text          0x00000000c001a98c      0x38a hal/sound/sndport.32
                0x00000000c001a98c                SoundPort::SoundPort(int, int, int, int)
                0x00000000c001a98c                SoundPort::SoundPort(int, int, int, int)
                0x00000000c001aa18                SoundPort::~SoundPort()
                0x00000000c001aa18                SoundPort::~SoundPort()
                0x00000000c001aa4c                SoundPort::unpause()
                0x00000000c001aa58                SoundPort::pause()
                0x00000000c001aa64                SoundPort::getBufferUsed()
                0x00000000c001aa6c                SoundPort::getBufferSize()
                0x00000000c001aa74                SoundPort::buffer16(short*, int)
                0x00000000c001ab00                SoundPort::buffer32(int*, int)
                0x00000000c001ab8c                SoundPort::unbufferAndAdd16(int, short*, SoundCard*)
                0x00000000c001ac58                SoundPort::unbufferAndAdd32(int, int*, SoundCard*)
 .text          0x00000000c001ad16        0x0 hw/bus/isa.32
 .text          0x00000000c001ad16      0xbb7 hw/bus/pci.32
                0x00000000c001ad16                PCI::open(int, int, void*)
                0x00000000c001ad34                PCI::close(int, int, void*)
                0x00000000c001ad38                PCI::PCI()
                0x00000000c001ad38                PCI::PCI()
                0x00000000c001add0                PCI::readBAR8(unsigned int, int)
                0x00000000c001adec                PCI::readBAR16(unsigned int, int)
                0x00000000c001ae0a                PCI::readBAR32(unsigned int, int)
                0x00000000c001ae26                PCI::writeBAR8(unsigned int, unsigned char, int)
                0x00000000c001ae46                PCI::writeBAR16(unsigned int, unsigned short, int)
                0x00000000c001ae68                PCI::writeBAR32(unsigned int, unsigned int, int)
                0x00000000c001ae88                PCI::legacyMechanism(unsigned char, unsigned char, unsigned char, unsigned char)
                0x00000000c001aefe                PCI::pciReadWord(unsigned char, unsigned char, unsigned char, unsigned char)
                0x00000000c001afa8                PCI::getVendorID(unsigned char, unsigned char, unsigned char)
                0x00000000c001afcc                PCI::getHeaderType(unsigned char, unsigned char, unsigned char)
                0x00000000c001aff4                PCI::getClassCode(unsigned char, unsigned char, unsigned char)
                0x00000000c001b03e                PCI::getProgIF(unsigned char, unsigned char, unsigned char)
                0x00000000c001b066                PCI::getRevisionID(unsigned char, unsigned char, unsigned char)
                0x00000000c001b08a                PCI::getInterruptNumber(unsigned char, unsigned char, unsigned char)
                0x00000000c001b0ae                PCI::getSecondaryBus(unsigned char, unsigned char, unsigned char)
                0x00000000c001b0d6                PCI::getBARAddress(unsigned char, unsigned char, unsigned char, unsigned char)
                0x00000000c001b13a                PCI::pciWriteWord(unsigned char, unsigned char, unsigned char, unsigned char, unsigned short)
                0x00000000c001b222                PCI::pciDetailsToFilepath(PCIDeviceInfo, char*)
                0x00000000c001b4e8                PCI::checkBus(unsigned char)
                0x00000000c001b50c                PCI::foundDevice(PCIDeviceInfo)
                0x00000000c001b686                PCI::getDeviceData(unsigned char, unsigned char, unsigned char)
                0x00000000c001b802                PCI::checkDevice(unsigned char, unsigned char)
                0x00000000c001b874                PCI::detect()
 *fill*         0x00000000c001b8cd        0x1 
 .text          0x00000000c001b8ce      0xb9a hw/diskctrl/ide.32
                0x00000000c001b8ce                IDE::close(int, int, void*)
                0x00000000c001b8d2                IDE::IDE()
                0x00000000c001b8d2                IDE::IDE()
                0x00000000c001b906                IDE::prepareInterrupt(unsigned char)
                0x00000000c001b918                selectDrive(unsigned char, unsigned char)
                0x00000000c001b91a                IDE::getBase(unsigned char)
                0x00000000c001b92c                IDE::write(unsigned char, unsigned char, unsigned char)
                0x00000000c001b9ec                IDE::read(unsigned char, unsigned char)
                0x00000000c001ba9a                IDE::waitInterrupt(unsigned char)
                0x00000000c001bafc                ideChannel0IRQHandler(regs*, void*)
                0x00000000c001bb18                ideChannel1IRQHandler(regs*, void*)
                0x00000000c001bb34                IDE::enableIRQs(unsigned char, bool)
                0x00000000c001bb7e                IDE::open(int, int, void*)
                0x00000000c001bfbc                IDE::readBuffer(unsigned char, unsigned char, unsigned int, unsigned int)
                0x00000000c001c08c                IDE::detect()
                0x00000000c001c35a                IDE::printError(unsigned char, unsigned char, unsigned char)
                0x00000000c001c414                IDE::polling(unsigned char, unsigned int)
 .text          0x00000000c001c468      0x32a hw/diskctrl/satabus.32
                0x00000000c001c468                SATABus::close(int, int, void*)
                0x00000000c001c46c                SATABus::detect()
                0x00000000c001c46e                SATABus::SATABus()
                0x00000000c001c46e                SATABus::SATABus()
                0x00000000c001c4f4                SATABus::findCmdslot(SATABus::tagHBA_PORT volatile*)
                0x00000000c001c526                SATABus::checkType(SATABus::tagHBA_PORT volatile*)
                0x00000000c001c56e                SATABus::startCmd(SATABus::tagHBA_PORT volatile*)
                0x00000000c001c58e                SATABus::stopCmd(SATABus::tagHBA_PORT volatile*)
                0x00000000c001c5b8                SATABus::portRebase(SATABus::tagHBA_PORT volatile*, int)
                0x00000000c001c6c8                SATABus::probePort(SATABus::tagHBA_MEM volatile*)
                0x00000000c001c772                SATABus::open(int, int, void*)
 .text          0x00000000c001c792      0x93f hw/diskphys/ata.32
                0x00000000c001c792                ATA::close(int, int, void*)
                0x00000000c001c7b6                ATA::powerSaving(PowerSavingLevel)
                0x00000000c001c7b8                ATA::ATA()
                0x00000000c001c7b8                ATA::ATA()
                0x00000000c001c7e6                ATA::flush(bool)
                0x00000000c001c834                ATA::readyForCommand()
                0x00000000c001c880                ATA::access(unsigned long long, int, void*, bool)
                0x00000000c001cc16                ATA::detectCHS()
                0x00000000c001cc40                ATA::open(int, int, void*)
                0x00000000c001cd0c                combineCharAndColour(char, unsigned char)
                0x00000000c001cd1d                combineColours(unsigned char, unsigned char)
                0x00000000c001cd2a                ATA::read(unsigned long long, int, void*)
                0x00000000c001cf00                ATA::write(unsigned long long, int, void*)
 *fill*         0x00000000c001d0d1        0x1 
 .text          0x00000000c001d0d2      0x618 hw/diskphys/atapi.32
                0x00000000c001d0d2                ATAPI::write(unsigned long long, int, void*)
                0x00000000c001d0d8                ATAPI::close(int, int, void*)
                0x00000000c001d0fc                ATAPI::ATAPI()
                0x00000000c001d0fc                ATAPI::ATAPI()
                0x00000000c001d12a                ATAPI::readyForCommand()
                0x00000000c001d17c                ATAPI::sendPacket(unsigned char*, int, bool, unsigned short*, int)
                0x00000000c001d444                ATAPI::diskRemoved()
                0x00000000c001d47e                ATAPI::eject()
                0x00000000c001d4c6                ATAPI::diskInserted()
                0x00000000c001d4d2                ATAPI::detectMedia()
                0x00000000c001d590                ATAPI::open(int, int, void*)
                0x00000000c001d670                ATAPI::read(unsigned long long, int, void*)
 .text          0x00000000c001d6ea      0x807 hw/diskphys/sata.32
                0x00000000c001d6ea                SATA::close(int, int, void*)
                0x00000000c001d70e                SATA::powerSaving(PowerSavingLevel)
                0x00000000c001d710                SATA::open(int, int, void*)
                0x00000000c001d7ba                SATA::SATA()
                0x00000000c001d7ba                SATA::SATA()
                0x00000000c001d7e8                SATA::access(unsigned long long, int, void*, bool)
                0x00000000c001da3c                SATA::read(unsigned long long, int, void*)
                0x00000000c001dc8c                SATA::write(unsigned long long, int, void*)
 *fill*         0x00000000c001def1        0x1 
 .text          0x00000000c001def2      0x5d0 hw/diskphys/satapi.32
                0x00000000c001def2                SATAPI::write(unsigned long long, int, void*)
                0x00000000c001def8                SATAPI::close(int, int, void*)
                0x00000000c001df1c                SATAPI::SATAPI()
                0x00000000c001df1c                SATAPI::SATAPI()
                0x00000000c001df4a                SATAPI::diskRemoved()
                0x00000000c001df4c                SATAPI::diskInserted()
                0x00000000c001df68                SATAPI::sendPacket(unsigned char*, int, unsigned long long, unsigned short*, int)
                0x00000000c001e246                SATAPI::eject()
                0x00000000c001e282                SATAPI::detectMedia()
                0x00000000c001e2d8                SATAPI::open(int, int, void*)
                0x00000000c001e3d8                SATAPI::read(unsigned long long, int, void*)
 .text          0x00000000c001e4c2      0x45b hw/intctrl/apic.32
                0x00000000c001e4c2                IOAPIC::close(int, int, void*)
                0x00000000c001e4c8                apicGetBase()
                0x00000000c001e50e                IOAPIC::IOAPIC()
                0x00000000c001e50e                IOAPIC::IOAPIC()
                0x00000000c001e536                apicOpen()
                0x00000000c001e6b2                IOAPIC::handlesGSIWithNumber(unsigned int)
                0x00000000c001e6e4                IOAPIC::read(int)
                0x00000000c001e70c                IOAPIC::open(int, int, void*)
                0x00000000c001e7f2                IOAPIC::write(int, int)
                0x00000000c001e81e                IOAPIC::redirect(unsigned char, unsigned long long, unsigned char, bool, bool)
 *fill*         0x00000000c001e91d        0x3 
 .text          0x00000000c001e920       0xf0 hw/timer/apictimer.32
                0x00000000c001e920                APICTimer::close(int, int, void*)
                0x00000000c001e928                apicTimerHandler(regs*, void*)
                0x00000000c001e950                APICTimer::open(int, int, void*)
                0x00000000c001e9c0                APICTimer::write(int)
                0x00000000c001e9e8                APICTimer::APICTimer()
                0x00000000c001e9e8                APICTimer::APICTimer()
 .text          0x00000000c001ea10      0x1ad hw/timer/pit.32
                0x00000000c001ea10                PIT::write(int)
                0x00000000c001ea94                pitHandler(regs*, void*)
                0x00000000c001eabc                PIT::open(int, int, void*)
                0x00000000c001eb0c                PIT::close(int, int, void*)
                0x00000000c001eb3c                PIT::PIT()
                0x00000000c001eb3c                PIT::PIT()
 *fill*         0x00000000c001ebbd        0x3 
 .text          0x00000000c001ebc0       0x83 arch/i386/avx.32
                0x00000000c001ebc0                avxDetect
                0x00000000c001ebea                avxSave
                0x00000000c001ebfb                avxLoad
                0x00000000c001ec0c                avxInit
                0x00000000c001ec2e                avxClose
                0x00000000c001ec2f                wouldSheSayYes
 *fill*         0x00000000c001ec43        0xd 
 .text          0x00000000c001ec50      0x2ec arch/i386/interrupt.32
                0x00000000c001ec50                isr0
                0x00000000c001ec60                isr1
                0x00000000c001ec6a                isr2
                0x00000000c001ec74                isr3
                0x00000000c001ec7e                isr4
                0x00000000c001ec88                isr5
                0x00000000c001ec92                isr6
                0x00000000c001ec9c                isr7
                0x00000000c001eca6                isr8
                0x00000000c001ecae                isr9
                0x00000000c001ecb8                isr10
                0x00000000c001ecc0                isr11
                0x00000000c001ecc8                isr12
                0x00000000c001ecd0                isr13
                0x00000000c001ecea                isr14
                0x00000000c001ecf2                isr15
                0x00000000c001ecfc                isr16
                0x00000000c001ed06                isr17
                0x00000000c001ed10                isr18
                0x00000000c001ed1a                irq3
                0x00000000c001ed24                irq4
                0x00000000c001ed2e                irq5
                0x00000000c001ed38                irq6
                0x00000000c001ed42                irq7
                0x00000000c001ed4c                irq8
                0x00000000c001ed56                irq9
                0x00000000c001ed60                irq10
                0x00000000c001ed6a                irq11
                0x00000000c001ed74                irq12
                0x00000000c001ed7e                irq13
                0x00000000c001ed88                irq14
                0x00000000c001ed92                irq15
                0x00000000c001ed9c                irq1
                0x00000000c001eda3                irq2
                0x00000000c001edaa                isr96
                0x00000000c001edb1                irq0
                0x00000000c001edb6                int_common_stub
                0x00000000c001ede8                syscall_common_stub
                0x00000000c001eeec                irq16
                0x00000000c001eef6                irq17
                0x00000000c001ef00                irq18