Archive member included to satisfy reference by file (symbol)

/cygdrive/d/Users/Alex/Desktop/Toolchain/Output/bin/../lib/gcc/i386-banana/8.1.0/libgcc.a(_divdi3.o)
                              fs/fat/ff.32 (__divdi3)
/cygdrive/d/Users/Alex/Desktop/Toolchain/Output/bin/../lib/gcc/i386-banana/8.1.0/libgcc.a(_moddi3.o)
                              core/elf.32 (__moddi3)
/cygdrive/d/Users/Alex/Desktop/Toolchain/Output/bin/../lib/gcc/i386-banana/8.1.0/libgcc.a(_udivdi3.o)
                              fs/fat/ff.32 (__udivdi3)
/cygdrive/d/Users/Alex/Desktop/Toolchain/Output/bin/../lib/gcc/i386-banana/8.1.0/libgcc.a(_umoddi3.o)
                              core/elf.32 (__umoddi3)
D:/Users/Alex/Desktop/Banana/kernel/libk/libm32.a(s_fabs.c.o)
                              hal/libresample/samplerate.32 (fabs)
D:/Users/Alex/Desktop/Banana/kernel/libk/libm32.a(s_lrint.S.o)
                              hal/libresample/samplerate.32 (lrint)
D:/Users/Alex/Desktop/Banana/kernel/libk/libm32.a(s_lrintf.S.o)
                              hal/sound/sndhw.32 (lrintf)

Discarded input sections

 .comment       0x0000000000000000       0x12 /cygdrive/d/Users/Alex/Desktop/Toolchain/Output/bin/../lib/gcc/i386-banana/8.1.0/crtbegin.o
 .comment       0x0000000000000000       0x12 acpica/utclib.32
 .comment       0x0000000000000000       0x12 core/malloc.32
 .comment       0x0000000000000000       0x12 libk/string.32
 .comment       0x0000000000000000       0x12 fs/fat/diskio.32
 .comment       0x0000000000000000       0x12 fs/fat/ff.32
 .comment       0x0000000000000000       0x12 fs/fat/ffsystem.32
 .comment       0x0000000000000000       0x12 fs/fat/ffunicode.32
 .comment       0x0000000000000000       0x12 hal/libresample/samplerate.32
 .comment       0x0000000000000000       0x12 hal/libresample/src_linear.32
 .comment       0x0000000000000000       0x12 hal/libresample/src_sinc.32
 .comment       0x0000000000000000       0x12 hal/libresample/src_zoh.32
 .group         0x0000000000000000       0x14 core/computer.32
 .group         0x0000000000000000        0xc core/computer.32
 .comment       0x0000000000000000       0x12 core/computer.32
 .comment       0x0000000000000000       0x12 core/elf.32
 .comment       0x0000000000000000       0x12 core/gdt.32
 .group         0x0000000000000000        0xc core/idle.32
 .comment       0x0000000000000000       0x12 core/idle.32
 .comment       0x0000000000000000       0x12 core/idt.32
 .group         0x0000000000000000        0x8 core/kconsole.32
 .group         0x0000000000000000        0x8 core/kconsole.32
 .group         0x0000000000000000        0x8 core/kconsole.32
 .group         0x0000000000000000        0x8 core/kconsole.32
 .comment       0x0000000000000000       0x12 core/kconsole.32
 .group         0x0000000000000000        0x8 core/kheap.32
 .group         0x0000000000000000        0x8 core/kheap.32
 .text._ZN3CPU7readCR3Ev
                0x0000000000000000       0x12 core/kheap.32
 .comment       0x0000000000000000       0x12 core/kheap.32
 .comment       0x0000000000000000       0x12 core/main.32
 .comment       0x0000000000000000       0x12 core/physmgr.32
 .group         0x0000000000000000        0xc core/pipe.32
 .comment       0x0000000000000000       0x12 core/pipe.32
 .group         0x0000000000000000        0x8 core/prcssthr.32
 .group         0x0000000000000000        0x8 core/prcssthr.32
 .group         0x0000000000000000        0xc core/prcssthr.32
 .group         0x0000000000000000        0xc core/prcssthr.32
 .group         0x0000000000000000        0x8 core/prcssthr.32
 .group         0x0000000000000000        0xc core/prcssthr.32
 .group         0x0000000000000000        0x8 core/prcssthr.32
 .group         0x0000000000000000        0x8 core/prcssthr.32
 .comment       0x0000000000000000       0x12 core/prcssthr.32
 .comment       0x0000000000000000       0x12 core/syscalls.32
 .group         0x0000000000000000        0xc core/terminal.32
 .comment       0x0000000000000000       0x12 core/terminal.32
 .group         0x0000000000000000        0x8 core/tss.32
 .text._ZN3CPU7readCR3Ev
                0x0000000000000000       0x12 core/tss.32
 .comment       0x0000000000000000       0x12 core/tss.32
 .group         0x0000000000000000        0x8 core/unixfile.32
 .group         0x0000000000000000        0xc core/unixfile.32
 .group         0x0000000000000000        0x8 core/unixfile.32
 .group         0x0000000000000000        0xc core/unixfile.32
 .group         0x0000000000000000        0x8 core/unixfile.32
 .group         0x0000000000000000        0xc core/unixfile.32
 .group         0x0000000000000000        0xc core/unixfile.32
 .group         0x0000000000000000        0xc core/unixfile.32
 .comment       0x0000000000000000       0x12 core/unixfile.32
 .group         0x0000000000000000        0x8 core/virtmgr.32
 .group         0x0000000000000000        0x8 core/virtmgr.32
 .text._ZN3CPU7readCR3Ev
[...]
Memory Configuration

Name             Origin             Length             Attributes
*default*        0x0000000000000000 0xffffffffffffffff

Linker script and memory map

LOAD D:/Users/Alex/Desktop/Banana/kernel/boot.32
LOAD crti.32
LOAD /cygdrive/d/Users/Alex/Desktop/Toolchain/Output/bin/../lib/gcc/i386-banana/8.1.0/crtbegin.o
LOAD D:/Users/Alex/Desktop/Banana/kernel/morenasm.32
LOAD acpica/utclib.32
LOAD core/malloc.32
LOAD libk/string.32
LOAD fs/fat/diskio.32
LOAD fs/fat/ff.32
LOAD fs/fat/ffsystem.32
LOAD fs/fat/ffunicode.32
LOAD hal/libresample/samplerate.32
LOAD hal/libresample/src_linear.32
LOAD hal/libresample/src_sinc.32
LOAD hal/libresample/src_zoh.32
LOAD core/computer.32
LOAD core/elf.32
LOAD core/gdt.32
LOAD core/idle.32
LOAD core/idt.32
LOAD core/kconsole.32
LOAD core/kheap.32
LOAD core/main.32
LOAD core/physmgr.32
LOAD core/pipe.32
LOAD core/prcssthr.32
LOAD core/syscalls.32
LOAD core/terminal.32
LOAD core/tss.32
LOAD core/unixfile.32
LOAD core/virtmgr.32
LOAD coreobjs/c++.32
LOAD debugger/debug.32
LOAD fs/vfs.32
LOAD hal/bus.32
LOAD hal/buzzer.32
LOAD hal/clock.32
LOAD hal/device.32
LOAD hal/diskctrl.32
LOAD hal/diskphys.32
LOAD hal/fpu.32
LOAD hal/intctrl.32
LOAD hal/keybrd.32
LOAD hal/logidisk.32
LOAD hal/mouse.32
LOAD hal/partition.32
LOAD hal/timer.32
LOAD hal/vcache.32
LOAD hal/video.32
LOAD hw/acpi.32
LOAD hw/cpu.32
LOAD hw/ports.32
LOAD registry/registry.32
LOAD syscalls/sc_exit.32
LOAD syscalls/sc_read.32
LOAD syscalls/sc_sbrk.32
LOAD syscalls/sc_write.32
LOAD syscalls/sc_yield.32
LOAD vm86/vm8086.32
LOAD fs/fat/vfslink.32
LOAD fs/iso9660/vfslink.32
LOAD hal/sound/sndchannel.32
LOAD hal/sound/sndhw.32
LOAD hw/bus/isa.32
LOAD hw/bus/pci.32
LOAD hw/clock/rtc.32
LOAD hw/diskctrl/ide.32
LOAD hw/diskphys/ata.32
LOAD hw/diskphys/atapi.32
LOAD hw/fpu/avx.32
LOAD hw/fpu/mmx.32
LOAD hw/fpu/sse.32
LOAD hw/fpu/x87.32
LOAD hw/intctrl/apic.32
LOAD hw/intctrl/pic.32
LOAD hw/timer/apictimer.32
LOAD hw/timer/pit.32
LOAD hw/fpu/x86/avx.32
LOAD hw/fpu/x86/sse.32
LOAD hw/fpu/x86/x87.32
LOAD /cygdrive/d/Users/Alex/Desktop/Toolchain/Output/bin/../lib/gcc/i386-banana/8.1.0/crtend.o
LOAD crtn.32
LOAD /cygdrive/d/Users/Alex/Desktop/Toolchain/Output/bin/../lib/gcc/i386-banana/8.1.0/libgcc.a
LOAD D:/Users/Alex/Desktop/Banana/kernel/libk/libm32.a
                0x00000000c0000000                . = 0xc0000000

.text           0x00000000c0000000    0x1e988
 *(.text)
 .text          0x00000000c0000000       0x41 D:/Users/Alex/Desktop/Banana/kernel/boot.32
                0x00000000c0000020                callGlobalConstructors
 .text          0x00000000c0000041        0x0 crti.32
 *fill*         0x00000000c0000041        0x3 
 .text          0x00000000c0000044      0x101 /cygdrive/d/Users/Alex/Desktop/Toolchain/Output/bin/../lib/gcc/i386-banana/8.1.0/crtbegin.o
 *fill*         0x00000000c0000145        0xb 
 .text          0x00000000c0000150      0x44c D:/Users/Alex/Desktop/Banana/kernel/morenasm.32
                0x00000000c0000150                doTPAUSE
                0x00000000c000015a                hasLegacyFPU
                0x00000000c000017f                is486
                0x00000000c00001e2                goToVM86
                0x00000000c0000213                goToUsermode
                0x00000000c000023e                switchToThreadASMFirstTime
                0x00000000c000024c                switchToThreadASM
                0x00000000c00002ec                detectCPUID
                0x00000000c0000302                asmQuickAcquireLock
                0x00000000c0000320                asmQuickReleaseLock
                0x00000000c000032c                asmAcquireLock
                0x00000000c000034d                asmReleaseLock
                0x00000000c0000360                loadGDT
                0x00000000c0000380                isr0
                0x00000000c0000390                isr1
                0x00000000c000039a                isr2
                0x00000000c00003a4                isr3
                0x00000000c00003ae                isr4
                0x00000000c00003b8                isr5
                0x00000000c00003c2                isr6
                0x00000000c00003cc                isr7
                0x00000000c00003d6                isr8
                0x00000000c00003de                isr9
                0x00000000c00003e8                isr10
                0x00000000c00003f0                isr11
                0x00000000c00003f8                isr12
                0x00000000c0000400                isr13
                0x00000000c0000408                isr14
                0x00000000c0000410                isr15
                0x00000000c000041a                isr16
                0x00000000c0000424                isr17
                0x00000000c000042e                isr18
                0x00000000c0000438                isr96
                0x00000000c0000442                irq0
                0x00000000c000044c                irq1
                0x00000000c0000456                irq2
                0x00000000c0000460                irq3
                0x00000000c000046a                irq4
                0x00000000c0000474                irq5
                0x00000000c000047e                irq6
                0x00000000c0000488                irq7
                0x00000000c0000492                irq8
                0x00000000c000049c                irq9
                0x00000000c00004a6                irq10
                0x00000000c00004b0                irq11
                0x00000000c00004ba                irq12
                0x00000000c00004c4                irq13
                0x00000000c00004ce                irq14
                0x00000000c00004d8                irq15
                0x00000000c00004e2                irq16
                0x00000000c00004ec                irq17
                0x00000000c00004f6                irq18
                0x00000000c0000500                irq19
                0x00000000c000050a                irq20
                0x00000000c0000514                irq21
                0x00000000c000051e                irq22
                0x00000000c0000528                irq23
                0x00000000c0000532                int_common_stub
                0x00000000c0000562                syscall_common_stub
 .text          0x00000000c000059c      0x6ff acpica/utclib.32
                0x00000000c000059c                memcmp
                0x00000000c00005f4                memmove
                0x00000000c0000661                memcpy
                0x00000000c00006d8                memset
                0x00000000c0000701                strlen
                0x00000000c0000724                strpbrk
                0x00000000c0000766                strtok
                0x00000000c00007f4                strcpy
                0x00000000c0000826                strncpy
                0x00000000c000087a                strcmp
                0x00000000c00008bc                strchr
                0x00000000c00008e5                strncmp
                0x00000000c0000941                strcat
                0x00000000c0000982                strncat
                0x00000000c00009de                strstr
                0x00000000c0000a31                toupper
                0x00000000c0000a57                tolower
                0x00000000c0000a7d                simple_strtoul
 .text          0x00000000c0000c9b      0xfbf core/malloc.32
                0x00000000c0000e06                dlfree
                0x00000000c0001161                dlmalloc
                0x00000000c000169e                dlrealloc
                0x00000000c0001853                dlmemalign
                0x00000000c0001976                dlcalloc
                0x00000000c0001a10                dlcfree
                0x00000000c0001a15                dlindependent_calloc
                0x00000000c0001a3a                dlindependent_comalloc
                0x00000000c0001a51                dlvalloc
                0x00000000c0001a7c                dlpvalloc
                0x00000000c0001ab2                dlmalloc_trim
                0x00000000c0001abf                dlmalloc_usable_size
                0x00000000c0001af0                dlmallinfo
                0x00000000c0001bbf                dlmalloc_stats
                0x00000000c0001bd0                dlmallopt
 .text          0x00000000c0001c5a        0x0 libk/string.32
 .text          0x00000000c0001c5a       0x51 fs/fat/diskio.32
                0x00000000c0001c5a                disk_status
                0x00000000c0001c5d                disk_initialize
                0x00000000c0001c60                disk_read
                0x00000000c0001c76                disk_write
                0x00000000c0001c8c                disk_ioctl
 .text          0x00000000c0001cab     0x6833 fs/fat/ff.32
                0x00000000c0004f79                f_mount
                0x00000000c0004fdb                f_open
                0x00000000c0005417                f_read
                0x00000000c0005697                f_write
                0x00000000c0005951                f_sync
                0x00000000c0005b2d                f_close
                0x00000000c0005b5c                f_lseek
                0x00000000c0006013                f_opendir
                0x00000000c0006115                f_closedir
                0x00000000c0006137                f_readdir
                0x00000000c00061d2                f_stat
                0x00000000c0006261                f_getfree
                0x00000000c000642c                f_truncate
                0x00000000c0006524                f_unlink
                0x00000000c00066a7                f_mkdir
                0x00000000c00068d3                f_rename
                0x00000000c0006bc6                f_chmod
                0x00000000c0006ca4                f_utime
                0x00000000c0006d82                f_getlabel
                0x00000000c0006f70                f_setlabel
                0x00000000c00071dd                f_forward
                0x00000000c00073bb                f_mkfs
 .text          0x00000000c00084de       0x2d fs/fat/ffsystem.32
                0x00000000c00084de                ff_memalloc
                0x00000000c00084f4                ff_memfree
 .text          0x00000000c000850b      0x253 fs/fat/ffunicode.32
                0x00000000c000850b                ff_uni2oem
                0x00000000c000859b                ff_oem2uni
                0x00000000c0008607                ff_wtoupper
 .text          0x00000000c000875e      0x70e hal/libresample/samplerate.32
                0x00000000c00087e6                src_delete
                0x00000000c0008822                src_process
                0x00000000c000894a                src_callback_read
                0x00000000c0008aab                src_set_ratio
                0x00000000c0008b02                src_get_channels
                0x00000000c0008b24                src_reset
                0x00000000c0008b68                src_new
                0x00000000c0008bf6                src_callback_new
                0x00000000c0008c58                src_get_name
                0x00000000c0008c8f                src_get_description
                0x00000000c0008cc6                src_get_version
                0x00000000c0008ccc                src_is_valid_ratio
                0x00000000c0008ce6                src_error
                0x00000000c0008cf4                src_strerror
                0x00000000c0008d07                src_simple
                0x00000000c0008d5a                src_short_to_float_array
                0x00000000c0008d80                src_float_to_short_array
                0x00000000c0008de4                src_int_to_float_array
                0x00000000c0008e0a                src_float_to_int_array
 .text          0x00000000c0008e6c      0x3fd hal/libresample/src_linear.32
                0x00000000c00091c4                linear_get_name
                0x00000000c00091d3                linear_get_description
                0x00000000c00091e2                linear_set_converter
 .text          0x00000000c0009269     0x1b46 hal/libresample/src_sinc.32
                0x00000000c000abbf                sinc_get_name
                0x00000000c000abd2                sinc_get_description
                0x00000000c000abe5                sinc_set_converter
 .text          0x00000000c000adaf      0x3d3 hal/libresample/src_zoh.32
                0x00000000c000b0dd                zoh_get_name
                0x00000000c000b0ec                zoh_get_description
                0x00000000c000b0fb                zoh_set_converter
 .text          0x00000000c000b182      0x68d core/computer.32
                0x00000000c000b182                Computer::close(int, int, void*)
                0x00000000c000b1c6                Computer::Computer()
                0x00000000c000b1c6                Computer::Computer()
                0x00000000c000b322                Computer::setBootMessage(char const*)
                0x00000000c000b324                Computer::start()
                0x00000000c000b3fe                firstTask()
                0x00000000c000b40c                Computer::detectFeatures()
                0x00000000c000b5e6                Computer::displayFeatures()
                0x00000000c000b5e8                Computer::rdmsr(unsigned int)
                0x00000000c000b614                Computer::wrmsr(unsigned int, unsigned long long)
                0x00000000c000b64c                Computer::nmiEnabled()
                0x00000000c000b658                Computer::readCMOS(unsigned char)
                0x00000000c000b672                Computer::enableNMI(bool)
                0x00000000c000b68a                Computer::open(int, int, void*)
                0x00000000c000b752                Computer::disableNMI()
                0x00000000c000b760                Computer::writeCMOS(unsigned char, unsigned char)
                0x00000000c000b77e                Computer::handleNMI()
                0x00000000c000b7e4                Computer::setDiskActivityLight(int, bool)
 .text          0x00000000c000b80f      0xf80 core/elf.32
                0x00000000c000b80f                allocateMemoryForTask(Process*, File*, unsigned long, unsigned long, unsigned long)
                0x00000000c000ba8c                loadProgramIntoMemory(Process*, char const*)
                0x00000000c000bca2                runtimeReferenceHelper()
                0x00000000c000bcb5                getAddressOfKernelSymbol(char const*)
                0x00000000c000bd04                loadKernelSymbolTable(char const*)
                0x00000000c000bfc5                loadDriverIntoMemory(char const*, unsigned long)
                0x00000000c000c6b8                loadDLL(char const*)
                0x00000000c000c781                executeDLL(unsigned long, void*)
 *fill*         0x00000000c000c78f        0x1 
 .text          0x00000000c000c790      0x1b7 core/gdt.32
                0x00000000c000c790                GDTEntry::setBase(unsigned int)
                0x00000000c000c7ac                GDTEntry::setLimit(unsigned int)
                0x00000000c000c7ca                GDT::GDT()
                0x00000000c000c7ca                GDT::GDT()
                0x00000000c000c7e0                GDT::addEntry(GDTEntry)
                0x00000000c000c81c                GDT::getNumberOfEntries()
                0x00000000c000c824                GDT::flush()
                0x00000000c000c846                GDT::setup()
 .text          0x00000000c000c947       0x61 core/idle.32
                0x00000000c000c947                idleFunction(void*)
 .text          0x00000000c000c9a8      0x45f core/idt.32
                0x00000000c000c9a8                IDTEntry::IDTEntry(bool)
                0x00000000c000c9a8                IDTEntry::IDTEntry(bool)
                0x00000000c000ca16                IDTEntry::setOffset(unsigned int)
                0x00000000c000ca2a                IDT::IDT()
                0x00000000c000ca2a                IDT::IDT()
                0x00000000c000ca2c                IDT::getPointerToInvalidOpcodeEntryForF00F()
                0x00000000c000ca34                IDT::addEntry(IDTEntry, int)
                0x00000000c000ca4e                IDT::addEntry(int, void (*)(), bool)
                0x00000000c000ca86                IDT::flush()
                0x00000000c000caa0                IDT::setup()
 .text          0x00000000c000ce07      0x519 core/kconsole.32
                0x00000000c000ce07                stringifyxWithBase(unsigned int, char*, int)
                0x00000000c000ce68                logc(char)
                0x00000000c000ce7f                logs(char*)
                0x00000000c000ce9c                logWriteInt(unsigned int)
                0x00000000c000ceb9                logWriteIntBase(unsigned int, int)
                0x00000000c000ced8                kprintf(char const*, ...)
                0x00000000c000cff6                panic(char const*)
 .text          0x00000000c000d320      0x20d core/kheap.32
                0x00000000c000d320                sbrk
                0x00000000c000d438                mmap
                0x00000000c000d44e                munmap
                0x00000000c000d464                liballoc_lock()
                0x00000000c000d475                liballoc_unlock()
                0x00000000c000d486                liballoc_alloc(int)
                0x00000000c000d4a1                liballoc_free(void*, int)
                0x00000000c000d4bf                realloc
                0x00000000c000d4d3                malloc
                0x00000000c000d4e3                free
                0x00000000c000d4f3                rfree
                0x00000000c000d503                calloc
 .text          0x00000000c000d52d      0x38d core/main.32
                0x00000000c000d52d                hwTextMode_loadInData(VgaText*)
                0x00000000c000d572                hwTextMode_loadInTitle(VgaText*, char*)
                0x00000000c000d5b4                hwTextMode_showCursor(VgaText*, bool)
                0x00000000c000d608                hwTextMode_update(VgaText*)
                0x00000000c000d609                hwTextMode_updateCursor(VgaText*)
                0x00000000c000d651                hwTextMode_disableBlink(VgaText*, bool)
                0x00000000c000d68d                hwTextMode_scrollScreen(VgaText*)
                0x00000000c000d713                hwTextMode_writeCharacter(VgaText*, char, VgaColour, VgaColour, int, int)
                0x00000000c000d771                setupTextMode()
                0x00000000c000d7c2                kernel_main
 .text          0x00000000c000d8ba      0x46c core/physmgr.32
                0x00000000c000d8ba                Phys::allocateDMA(unsigned long)
                0x00000000c000d95d                Phys::freeDMA(unsigned long, unsigned long)
                0x00000000c000d9a5                Phys::setPageState(unsigned long, bool)
                0x00000000c000d9d7                Phys::getPageState(unsigned long)
                0x00000000c000d9f3                Phys::freePage(unsigned long)
                0x00000000c000da7d                Phys::allocatePage()
                0x00000000c000db39                Phys::allowSegmentToBeUsed(unsigned long, unsigned long)
                0x00000000c000db71                Phys::physicalMemorySetup(unsigned int)
 .text          0x00000000c000dd26      0x273 core/pipe.32
                0x00000000c000dd26                Pipe::isAtty()
                0x00000000c000dd2a                Pipe::~Pipe()
                0x00000000c000dd2a                Pipe::~Pipe()
                0x00000000c000dd4e                Pipe::~Pipe()
                0x00000000c000dd76                Pipe::read(unsigned long long, void*, int*)
                0x00000000c000de6a                Pipe::write(unsigned long long, void*, int*)
                0x00000000c000df32                Pipe::Pipe(int)
                0x00000000c000df32                Pipe::Pipe(int)
 *fill*         0x00000000c000df99        0x1 
 .text          0x00000000c000df9a     0x1154 core/prcssthr.32
                0x00000000c000df9a                changeTSS
                0x00000000c000dfc8                Process::addArgs(char**)
                0x00000000c000e022                Process::Process(char const*, Process*, char**)
                0x00000000c000e022                Process::Process(char const*, Process*, char**)
                0x00000000c000e1da                Process::Process(bool, char const*, Process*, char**)
                0x00000000c000e1da                Process::Process(bool, char const*, Process*, char**)
                0x00000000c000e35d                disableIRQs()
                0x00000000c000e365                getIRQNestingLevel()
                0x00000000c000e36b                enableIRQs()
                0x00000000c000e37a                lockScheduler()
                0x00000000c000e37c                unlockScheduler()
                0x00000000c000e37e                userModeEntryPoint(void*)
                0x00000000c000e3a1                lockStuff()
                0x00000000c000e3ad                taskStartupFunction
                0x00000000c000e3b6                updateTimeUsed()
                0x00000000c000e414                switchToThread(ThreadControlBlock*)
                0x00000000c000e464                Semaphore::Semaphore(int)
                0x00000000c000e464                Semaphore::Semaphore(int)
                0x00000000c000e492                Mutex::Mutex()
                0x00000000c000e492                Mutex::Mutex()
                0x00000000c000e4a4                Process::createThread(void (*)(void*), void*, int)
                0x00000000c000e588                Process::createUserThread()
                0x00000000c000e5a4                setupMultitasking(void (*)())
                0x00000000c000e6ae                schedule()
                0x00000000c000e733                unlockStuff()
                0x00000000c000e768                forkProcess(regs*)
                0x00000000c000e8d6                Semaphore::tryAcquire()
                0x00000000c000e904                Semaphore::assertLocked(char const*)
                0x00000000c000e937                blockTaskWithSchedulerLockAlreadyHeld(TaskState)
                0x00000000c000e979                blockTask(TaskState)
                0x00000000c000e99a                waitTask(int, int*, int)
                0x00000000c000e9dc                nanoSleepUntil(unsigned long long)
                0x00000000c000ea33                nanoSleep(unsigned long long)
                0x00000000c000ea48                sleep(unsigned long long)
                0x00000000c000ea66                Semaphore::acquire()
                0x00000000c000eace                execveProcess(char const*, char* const*, char* const*)
                0x00000000c000eb5c                taskReturned
                0x00000000c000eb9e                unblockTask(ThreadControlBlock*)
                0x00000000c000ec4d                cleanupTerminatedTask(ThreadControlBlock*)
                0x00000000c000eeea                cleanerTaskFunction(void*)
                0x00000000c000ef7a                terminateTask(int)
                0x00000000c000f002                Semaphore::release()
 .text          0x00000000c000f0ee      0xd8a core/syscalls.32
                0x00000000c000f0ee                sysCallGetPID(regs*)
                0x00000000c000f0fa                sysCallSeekDir(regs*)
                0x00000000c000f0ff                sysCallTellDir(regs*)
                0x00000000c000f104                sysCallVerify(regs*)
                0x00000000c000f10e                sysCallGetArgc(regs*)
                0x00000000c000f11e                sysFormatDisk(regs*)
                0x00000000c000f188                sysSetDiskVolumeLabel(regs*)
                0x00000000c000f1ce                sysGetDiskVolumeLabel(regs*)
                0x00000000c000f21f                sysShutdown(regs*)
                0x00000000c000f267                sysCallGetCwd(regs*)
                0x00000000c000f286                sysCallSetCwd(regs*)
                0x00000000c000f2a2                sysCallRealpath(regs*)
                0x00000000c000f2e5                sysCallOpen(regs*)
                0x00000000c000f3d5                sysCallReadDir(regs*)
                0x00000000c000f444                sysCallIsATTY(regs*)
                0x00000000c000f497                sysCallSeek(regs*)
                0x00000000c000f4e8                sysCallTell(regs*)
                0x00000000c000f534                sysCallSizeFromFilename(regs*)
                0x00000000c000f5ad                sysCallSize(regs*)
                0x00000000c000f5ff                sysCallClose(regs*)
                0x00000000c000f64d                sysCallOpenDir(regs*)
                0x00000000c000f6ba                sysCallMakeDir(regs*)
                0x00000000c000f713                sysCallCloseDir(regs*)
                0x00000000c000f761                sysCallWait(regs*)
                0x00000000c000f77b                sysCallFork(regs*)
                0x00000000c000f797                sysCallExecve(regs*)
                0x00000000c000f7ec                sysCallRmdir(regs*)
                0x00000000c000f83e                sysCallUnlink(regs*)
                0x00000000c000f890                sysCallGetArgv(regs*)
                0x00000000c000f8dc                sysCallTTYName(regs*)
                0x00000000c000f958                sysCallGetEnv(regs*)
                0x00000000c000f9aa                sysCallUSleep(regs*)
                0x00000000c000f9d1                sysCallSpawn(regs*)
                0x00000000c000fa41                sysAppSettings(regs*)
                0x00000000c000fb60                sysSetFatAttrib(regs*)
                0x00000000c000fbc0                sysPanic(regs*)
                0x00000000c000fbe6                sysPipe(regs*)
                0x00000000c000fc2b                sysGetUnixTime(regs*)
                0x00000000c000fc3f                string_ends_with(char const*, char const*)
                0x00000000c000fc87                setupSystemCalls()
                0x00000000c000fe36                systemCall(regs*, void*)
 .text          0x00000000c000fe78      0xf65 core/terminal.32
                0x00000000c000fe78                VgaText::isAtty()
                0x00000000c000fe7c                VgaText::~VgaText()
                0x00000000c000fe7c                VgaText::~VgaText()
                0x00000000c000fea0                VgaText::~VgaText()
                0x00000000c000feca                VgaText::read(unsigned long long, void*, int*)
                0x00000000c000feea                setTerminalScrollLock(bool)
                0x00000000c000feeb                addToTerminalCycle(VgaText*)
                0x00000000c000ff18                installVgaTextImplementation()
                0x00000000c000ff2d                scrollTerminalScrollLock(int)
                0x00000000c000ff2e                VgaText::load()
                0x00000000c000ff82                VgaText::updateCursor()
                0x00000000c000ff9c                VgaText::showCursor(bool)
                0x00000000c000ffac                VgaText::disableBlink(bool)
                0x00000000c000ffe6                VgaText::doANSI_SGR(int)
                0x00000000c0010072                VgaText::setDefaultBgColour(VgaColour)
                0x00000000c0010088                VgaText::setDefaultFgColour(VgaColour)
                0x00000000c001009e                VgaText::setDefaultColours(VgaColour, VgaColour)
                0x00000000c00100be                VgaText::combineColours(unsigned char, unsigned char)
                0x00000000c00100d0                VgaText::scrollScreen()
                0x00000000c0010164                VgaText::combineCharAndColour(char, unsigned char)
                0x00000000c0010176                VgaText::writeCharacter(char, VgaColour, VgaColour, int, int)
                0x00000000c00101d6                VgaText::getCursorX()
                0x00000000c00101e2                VgaText::getCursorY()
                0x00000000c00101ee                VgaText::setCursor(int, int)
                0x00000000c001020c                VgaText::setCursorX(int)
                0x00000000c0010228                VgaText::setCursorY(int)
                0x00000000c0010244                VgaText::incrementCursor(bool)
                0x00000000c00102ac                VgaText::updateRAMUsageDisplay(int)
                0x00000000c0010306                VgaText::updateDiskUsage()
                0x00000000c001046c                VgaText::updateTitle()
                0x00000000c00104b2                VgaText::setTitleTextColour(VgaColour)
                0x00000000c00104c2                VgaText::setTitleColour(VgaColour)
                0x00000000c00104d2                VgaText::setTitle(char*)
                0x00000000c00104f8                VgaText::decrementCursor(bool)
                0x00000000c0010520                VgaText::putchar(char, VgaColour, VgaColour)
                0x00000000c001061c                VgaText::isShowingCursor()
                0x00000000c0010628                VgaText::isBlinkDisabled()
                0x00000000c0010636                VgaText::setCursorHeight(int)
                0x00000000c0010654                VgaText::getCursorHeight()
                0x00000000c001065f                setActiveTerminal(VgaText*)
                0x00000000c0010711                doTerminalCycle()
                0x00000000c001072e                VgaText::doUpdate()
                0x00000000c0010740                VgaText::puts(char const*, VgaColour, VgaColour)
                0x00000000c0010900                VgaText::clearScreen()
                0x00000000c0010964                VgaText::putchar(char)
                0x00000000c0010a7e                VgaText::puts(char const*)
                0x00000000c0010aa4                VgaText::putx(unsigned int)
                0x00000000c0010aea                VgaText::VgaText(char const*)
                0x00000000c0010aea                VgaText::VgaText(char const*)
                0x00000000c0010c7c                VgaText::receiveKey(unsigned char)
                0x00000000c0010d64                VgaText::write(unsigned long long, void*, int*)
                0x00000000c0010db8                newTerminal(char*)
 *fill*         0x00000000c0010ddd        0x1 
 .text          0x00000000c0010dde      0x18f core/tss.32
                0x00000000c0010dde                TSS::TSS()
                0x00000000c0010dde                TSS::TSS()
                0x00000000c0010dec                TSS::setESP(unsigned long)
                0x00000000c0010dfe                TSS::flush()
                0x00000000c0010e1e                TSS::setup(unsigned long, unsigned long)
 *fill*         0x00000000c0010f6d        0x1 
 .text          0x00000000c0010f6e      0x32f core/unixfile.32
                0x00000000c0010f6e                ReservedFilename::isAtty()
                0x00000000c0010f84                ReservedFilename::read(unsigned long long, void*, int*)
                0x00000000c0011016                ReservedFilename::write(unsigned long long, void*, int*)
                0x00000000c00110ac                UnixFile::getFileDescriptor()
                0x00000000c00110b4                UnixFile::UnixFile(int)
                0x00000000c00110b4                UnixFile::UnixFile(int)
                0x00000000c00110f0                ReservedFilename::ReservedFilename(int)
                0x00000000c00110f0                ReservedFilename::ReservedFilename(int)
                0x00000000c0011118                UnixFile::~UnixFile()
                0x00000000c0011118                UnixFile::~UnixFile()
                0x00000000c001119e                UnixFile::~UnixFile()
                0x00000000c00111c6                ReservedFilename::~ReservedFilename()
                0x00000000c00111c6                ReservedFilename::~ReservedFilename()
                0x00000000c00111ea                ReservedFilename::~ReservedFilename()
                0x00000000c0011211                getFromFileDescriptor(int)
 *fill*         0x00000000c001129d        0x1 
 .text          0x00000000c001129e     0x1175 core/virtmgr.32
                0x00000000c001129e                Virt::setPageState(unsigned long, Virt::VirtPageState)
                0x00000000c00112d3                Virt::getPageState(unsigned long)
                0x00000000c00112f7                Virt::allocateKernelVirtualPages(int)
                0x00000000c0011408                Virt::virtualMemorySetup()
                0x00000000c0011487                Virt::getAKernelVAS()
                0x00000000c001148d                Virt::setupPageSwapping(int)
                0x00000000c00115b2                VAS::VAS()
                0x00000000c00115b2                VAS::VAS()
                0x00000000c00115e2                VAS::getForeignPageTableEntry(bool, unsigned long)
                0x00000000c001160e                VAS::getPageTableEntry(unsigned long)
                0x00000000c001162d                Virt::freeKernelVirtualPages(unsigned long)
                0x00000000c0011750                VAS::freeAllocatedPages(unsigned long)
                0x00000000c0011774                VAS::virtualToPhysical(unsigned long)
                0x00000000c001178c                VAS::mapOtherVASIn(bool, VAS*)
                0x00000000c00117c2                VAS::~VAS()
                0x00000000c00117c2                VAS::~VAS()
                0x00000000c001192e                VAS::mapPage(unsigned long, unsigned long, int)
                0x00000000c0011a2e                VAS::allocatePages(int, int)
                0x00000000c0011bfe                VAS::setCPUSpecific(unsigned long)
                0x00000000c0011c1a                VAS::mapRange(unsigned long, unsigned long, int, int)
                0x00000000c0011ce4                VAS::VAS(VAS*)
                0x00000000c0011ce4                VAS::VAS(VAS*)
                0x00000000c001202e                VAS::mapForeignPage(bool, VAS*, unsigned long, unsigned long, int)
                0x00000000c001211c                VAS::VAS(bool)
                0x00000000c001211c                VAS::VAS(bool)
                0x00000000c001234c                mapVASFirstTime
 .text          0x00000000c0012413       0x93 coreobjs/c++.32
                0x00000000c0012413                __cxa_atexit
                0x00000000c0012416                __cxa_finalize
                0x00000000c0012417                __stack_chk_fail
                0x00000000c0012477                __cxa_pure_virtual
                0x00000000c0012488                operator new(unsigned long)
                0x00000000c001248d                operator new[](unsigned long)
                0x00000000c0012492                operator delete(void*)
                0x00000000c0012497                operator delete(void*, unsigned long)
                0x00000000c001249c                operator delete[](void*)
                0x00000000c00124a1                operator delete[](void*, unsigned long)
 .text          0x00000000c00124a6        0x0 debugger/debug.32
 .text          0x00000000c00124a6      0xb68 fs/vfs.32
                0x00000000c00124a6                File::read(unsigned long long, void*, int*)
                0x00000000c00124fe                File::write(unsigned long long, void*, int*)
                0x00000000c0012556                Directory::read(unsigned long long, void*, int*)
                0x00000000c00125ae                Directory::write(unsigned long long, void*, int*)
                0x00000000c00125dc                File::isAtty()
                0x00000000c00125e0                Directory::isAtty()
                0x00000000c00125e4                Filesystem::getlabel(LogicalDisk*, int, char*, unsigned int*)
                0x00000000c00125ea                Filesystem::setlabel(LogicalDisk*, int, char*)
                0x00000000c00125f0                File::~File()
                0x00000000c00125f0                File::~File()
                0x00000000c0012614                File::~File()
                0x00000000c001263e                Directory::~Directory()
                0x00000000c001263e                Directory::~Directory()
                0x00000000c0012662                Directory::~Directory()
                0x00000000c001268c                Filesystem::Filesystem()
                0x00000000c001268c                Filesystem::Filesystem()
                0x00000000c00126b0                Filesystem::~Filesystem()
                0x00000000c00126b0                Filesystem::~Filesystem()
                0x00000000c00126be                Filesystem::~Filesystem()
                0x00000000c00126e2                initVFS()
                0x00000000c001270c                standardiseFiles(char*, char const*, char const*)
                0x00000000c00128b6                File::File(char const*, Process*)
                0x00000000c00128b6                File::File(char const*, Process*)
                0x00000000c001291a                File::open(FileOpenMode)
                0x00000000c0012978                File::close()
                0x00000000c00129d8                File::seek(unsigned long long)
                0x00000000c0012a2e                File::tell(unsigned long long*)
                0x00000000c0012a7e                File::rewind()
                0x00000000c0012a92                File::unlink()
                0x00000000c0012ade                File::rename(char const*)
                0x00000000c0012b2c                File::chfatattr(unsigned char, unsigned char)
                0x00000000c0012b88                File::exists()
                0x00000000c0012bc6                File::stat(unsigned long long*, bool*)
                0x00000000c0012c27                getcwd(Process*, char*, int)
                0x00000000c0012c51                setcwd(Process*, char*)
                0x00000000c0012d78                Directory::Directory(char const*, Process*)
                0x00000000c0012d78                Directory::Directory(char const*, Process*)
                0x00000000c0012ddc                Directory::open()
                0x00000000c0012e38                Directory::close()
                0x00000000c0012e98                Directory::unlink()
                0x00000000c0012ee4                Directory::rename(char const*)
                0x00000000c0012f32                Directory::exists()
                0x00000000c0012f70                Directory::read(dirent*)
                0x00000000c0012fbc                Directory::create()
                0x00000000c0013008                Filesystem::chfatattr(char const*, unsigned char, unsigned char)
 .text          0x00000000c001300e       0x84 hal/bus.32
                0x00000000c001300e                Bus::Bus(char const*)
                0x00000000c001300e                Bus::Bus(char const*)
                0x00000000c0013044                Bus::~Bus()
                0x00000000c0013044                Bus::~Bus()
                0x00000000c0013068                Bus::~Bus()
 .text          0x00000000c0013092      0x14e hal/buzzer.32
                0x00000000c0013092                Buzzer::Buzzer(char const*)
                0x00000000c0013092                Buzzer::Buzzer(char const*)
                0x00000000c00130d6                Buzzer::~Buzzer()
                0x00000000c00130d6                Buzzer::~Buzzer()
                0x00000000c00130fa                Buzzer::~Buzzer()
                0x00000000c0013124                Buzzer::stop()
                0x00000000c0013137                beepThread(void*)
                0x00000000c0013172                Buzzer::beep(int, int, bool)
 .text          0x00000000c00131e0      0x42f hal/clock.32
                0x00000000c00131e0                loadClockSettings()
                0x00000000c00131fa                Clock::Clock(char const*)
                0x00000000c00131fa                Clock::Clock(char const*)
                0x00000000c0013230                Clock::~Clock()
                0x00000000c0013230                Clock::~Clock()
                0x00000000c0013254                Clock::~Clock()
                0x00000000c001327e                Clock::timeInSecondsLocal()
                0x00000000c00132c6                Clock::setTimeInSecondsLocal(unsigned long long)
                0x00000000c001331f                datetimeToSeconds(datetime_t)
                0x00000000c0013446                Clock::setTimeInDatetimeLocal(datetime_t)
                0x00000000c00134a6                secondsToDatetime(unsigned long long)
                0x00000000c00135ea                Clock::timeInDatetimeLocal()
 *fill*         0x00000000c001360f        0x1 
 .text          0x00000000c0013610      0x504 hal/device.32
                0x00000000c0013610                Device::hibernate()
                0x00000000c0013612                Device::wake()
                0x00000000c0013614                Device::detect()
                0x00000000c0013616                Device::disableLegacy()
                0x00000000c0013618                Device::powerSaving(PowerSavingLevel)
                0x00000000c001361a                DriverlessDevice::close(int, int, void*)
                0x00000000c001361e                DriverlessDevice::detect()
                0x00000000c0013620                DriverlessDevice::open(int, int, void*)
                0x00000000c0013634                Device::~Device()
                0x00000000c0013634                Device::~Device()
                0x00000000c0013642                Device::~Device()
                0x00000000c001366a                Device::findAndLoadDriver()
                0x00000000c001366c                Device::preOpenPCI(PCIDeviceInfo)
                0x00000000c0013692                Device::preOpenACPI(void*, char*, char*)
                0x00000000c00136e6                Device::addIRQHandler(int, void (*)(regs*, void*), bool, void*)
                0x00000000c0013744                Device::removeIRQHandler(int, void (*)(regs*, void*), bool)
                0x00000000c0013792                Device::addChild(Device*)
                0x00000000c00137d6                Device::removeAllChildren()
                0x00000000c001381c                Device::hibernateAll()
                0x00000000c001384c                Device::wakeAll()
                0x00000000c001387c                Device::detectAll()
                0x00000000c00138ac                Device::disableLegacyAll()
                0x00000000c00138dc                Device::loadDriversForAll()
                0x00000000c0013908                Device::closeAll()
                0x00000000c001393e                Device::powerSavingAll(PowerSavingLevel)
                0x00000000c0013974                Device::setName(char const*)
                0x00000000c0013982                Device::Device(char const*)
                0x00000000c0013982                Device::Device(char const*)
                0x00000000c0013a74                Device::getName()
                0x00000000c0013a7e                DriverlessDevice::DriverlessDevice(char const*)
                0x00000000c0013a7e                DriverlessDevice::DriverlessDevice(char const*)
                0x00000000c0013aa6                Device::addToLinkedList(LinkedList<Device>&, DeviceType)
                0x00000000c0013aea                getDevicesOfType(DeviceType)
 .text          0x00000000c0013b14       0x84 hal/diskctrl.32
                0x00000000c0013b14                HardDiskController::HardDiskController(char const*)
                0x00000000c0013b14                HardDiskController::HardDiskController(char const*)
                0x00000000c0013b4a                HardDiskController::~HardDiskController()
                0x00000000c0013b4a                HardDiskController::~HardDiskController()
                0x00000000c0013b6e                HardDiskController::~HardDiskController()
 .text          0x00000000c0013b98       0xde hal/diskphys.32
                0x00000000c0013b98                PhysicalDisk::PhysicalDisk(char const*, int)
                0x00000000c0013b98                PhysicalDisk::PhysicalDisk(char const*, int)
                0x00000000c0013c00                PhysicalDisk::startCache()
                0x00000000c0013c28                PhysicalDisk::~PhysicalDisk()
                0x00000000c0013c28                PhysicalDisk::~PhysicalDisk()
                0x00000000c0013c4c                PhysicalDisk::~PhysicalDisk()
 .text          0x00000000c0013c76      0x128 hal/fpu.32
                0x00000000c0013c76                FPU::FPU(char const*)
                0x00000000c0013c76                FPU::FPU(char const*)
                0x00000000c0013cac                FPU::~FPU()
                0x00000000c0013cac                FPU::~FPU()
                0x00000000c0013cd0                FPU::~FPU()
                0x00000000c0013cfa                setupFPU()
 .text          0x00000000c0013d9e      0xb89 hal/intctrl.32
                0x00000000c0013d9e                InterruptController::uninstallISRHandler(int, void (*)(regs*, void*))
                0x00000000c0013dd6                InterruptController::installISRHandler(int, void (*)(regs*, void*), void*)
                0x00000000c0013e28                doubleFault(regs*, void*)
                0x00000000c0013e36                InterruptController::installIRQHandler(int, void (*)(regs*, void*), bool, void*)
                0x00000000c0013ed2                InterruptController::clearAllHandlers(int, bool)
                0x00000000c0013f7a                InterruptController::uninstallIRQHandler(int, void (*)(regs*, void*), bool)
                0x00000000c0014001                nmiHandler(regs*, void*)
                0x00000000c001400f                int_handler
                0x00000000c00140aa                InterruptController::InterruptController(char const*)
                0x00000000c00140aa                InterruptController::InterruptController(char const*)
                0x00000000c0014150                InterruptController::~InterruptController()
                0x00000000c0014150                InterruptController::~InterruptController()
                0x00000000c0014174                InterruptController::~InterruptController()
                0x00000000c001419e                displayDebugInfo(regs*)
                0x00000000c0014580                gpFault(regs*, void*)
                0x00000000c00145b9                pgFault(regs*, void*)
                0x00000000c00145d0                otherISRHandler(regs*, void*)
                0x00000000c00145ef                opcodeFault(regs*, void*)
                0x00000000c0014659                displayProgramFault(char const*)
                0x00000000c0014682                InterruptController::convertLegacyIRQNumber(int)
                0x00000000c00146cc                setupInterruptController()
 *fill*         0x00000000c0014927        0x1 
 .text          0x00000000c0014928      0x604 hal/keybrd.32
                0x00000000c0014928                startGUI(void*)
                0x00000000c0014996                sendKeyToTerminal(unsigned char)
                0x00000000c0014a02                sendKeyboardToken(KeyboardToken)
                0x00000000c0014ddd                clearInternalKeybuffer(VgaText*)
                0x00000000c0014e12                readKeyboard(VgaText*, char*, unsigned long)
                0x00000000c0014ea2                Keyboard::Keyboard(char const*)
                0x00000000c0014ea2                Keyboard::Keyboard(char const*)
                0x00000000c0014ede                Keyboard::~Keyboard()
                0x00000000c0014ede                Keyboard::~Keyboard()
                0x00000000c0014f02                Keyboard::~Keyboard()
 .text          0x00000000c0014f2c      0x400 hal/logidisk.32
                0x00000000c0014f2c                LogicalDisk::close(int, int, void*)
                0x00000000c0014f30                LogicalDisk::~LogicalDisk()
                0x00000000c0014f30                LogicalDisk::~LogicalDisk()
                0x00000000c0014f54                LogicalDisk::~LogicalDisk()
                0x00000000c0014f7e                LogicalDisk::open(int, int, void*)
                0x00000000c0014f92                LogicalDisk::absoluteToRelative(unsigned long long)
                0x00000000c0014fca                LogicalDisk::relativeToAbsolute(unsigned long long)
                0x00000000c0015010                LogicalDisk::LogicalDisk(char const*, PhysicalDisk*, unsigned long long, unsigned long long)
                0x00000000c0015010                LogicalDisk::LogicalDisk(char const*, PhysicalDisk*, unsigned long long, unsigned long long)
                0x00000000c00150c6                LogicalDisk::assignDriveLetter()
                0x00000000c001517c                LogicalDisk::mount()
                0x00000000c00151ee                LogicalDisk::unmount()
                0x00000000c00151fe                LogicalDisk::unassignDriveLetter()
                0x00000000c0015254                LogicalDisk::read(unsigned long long, int, void*)
                0x00000000c00152c0                LogicalDisk::write(unsigned long long, int, void*)
 .text          0x00000000c001532c       0x84 hal/mouse.32
                0x00000000c001532c                Mouse::Mouse(char const*)
                0x00000000c001532c                Mouse::Mouse(char const*)
                0x00000000c0015362                Mouse::~Mouse()
                0x00000000c0015362                Mouse::~Mouse()
                0x00000000c0015386                Mouse::~Mouse()
 .text          0x00000000c00153b0      0x339 hal/partition.32
                0x00000000c00153b0                makePartition(PhysicalDisk*, unsigned long long, unsigned long long)
                0x00000000c0015458                createPartitionsForDisk(PhysicalDisk*)
 *fill*         0x00000000c00156e9        0x1 
 .text          0x00000000c00156ea      0x2e7 hal/timer.32
                0x00000000c00156ea                Timer::Timer(char const*)
                0x00000000c00156ea                Timer::Timer(char const*)
                0x00000000c0015720                Timer::~Timer()
                0x00000000c0015720                Timer::~Timer()
                0x00000000c0015744                Timer::~Timer()
                0x00000000c001576e                Timer::read()
                0x00000000c0015779                timerHandler(unsigned long long)
                0x00000000c00158b0                setupTimer(int)
 *fill*         0x00000000c00159d1        0x1 
 .text          0x00000000c00159d2      0x2d1 hal/vcache.32
                0x00000000c00159d2                VCache::VCache(PhysicalDisk*)
                0x00000000c00159d2                VCache::VCache(PhysicalDisk*)
                0x00000000c0015ac2                VCache::writeWriteBuffer()
                0x00000000c0015afe                VCache::~VCache()
                0x00000000c0015afe                VCache::~VCache()
                0x00000000c0015b3e                VCache::~VCache()
                0x00000000c0015b66                VCache::write(unsigned long long, int, void*)
                0x00000000c0015c4a                VCache::read(unsigned long long, int, void*)
 *fill*         0x00000000c0015ca3        0x1 
 .text          0x00000000c0015ca4      0x26d hal/video.32
                0x00000000c0015ca4                Video::putrect(int, int, int, int, unsigned int)
                0x00000000c0015cee                Video::blit(unsigned int*, int, int, int, int)
                0x00000000c0015d6c                Video::clearScreen(unsigned int)
                0x00000000c0015da0                Video::putpixel(int, int, unsigned int)
                0x00000000c0015dae                Video::Video(char const*)
                0x00000000c0015dae                Video::Video(char const*)
                0x00000000c0015de4                Video::~Video()
                0x00000000c0015de4                Video::~Video()
                0x00000000c0015e08                Video::~Video()
                0x00000000c0015e32                Video::isMonochrome()
                0x00000000c0015e3e                Video::getWidth()
                0x00000000c0015e4a                Video::getHeight()
                0x00000000c0015e56                Video::drawCursor(int, int, unsigned char*, int)
 *fill*         0x00000000c0015f11        0x1 
 .text          0x00000000c0015f12      0xc86 hw/acpi.32
                0x00000000c0015f12                ACPI::close(int, int, void*)
                0x00000000c0015fc7                findRSDP()
                0x00000000c0016051                loadACPITables(unsigned char*)
                0x00000000c0016278                findRSDT(unsigned char*)
                0x00000000c0016396                findDataTable(unsigned char*, char*)
                0x00000000c0016432                scanMADT()
                0x00000000c00167c6                ACPI::ACPI()
                0x00000000c00167c6                ACPI::ACPI()
                0x00000000c0016826                ACPI::getPCIIRQAssignment(unsigned char, unsigned short, unsigned char)
                0x00000000c0016908                ACPI::registerPCIIRQAssignment(void*, unsigned short, unsigned char, unsigned char)
                0x00000000c0016a0e                ACPI::setScreenBrightnessLevel(void*, int)
                0x00000000c0016a14                ACPI::writeSimpleBootFlag(SimpleBootFlagTable*)
                0x00000000c0016a5c                ACPI::open(int, int, void*)
                0x00000000c0016b80                ACPI::sleep()
 .text          0x00000000c0016b98     0x132c hw/cpu.32
                0x00000000c0016b98                CPU::close(int, int, void*)
                0x00000000c0016b9b                lookupAMDCPUName(unsigned char, unsigned char)
                0x00000000c0016d2f                lookupIntelCPUName(unsigned char, unsigned char)
                0x00000000c0016fdd                AMD_K6_write_msr(unsigned int, unsigned int, unsigned int, REGS*)
                0x00000000c0016ff9                AMD_K6_read_msr(unsigned int, REGS*)
                0x00000000c0017011                AMD_K6_writeback(int, int, int)
                0x00000000c0017084                cpuid(int, unsigned long*, unsigned long*, unsigned long*, unsigned long*)
                0x00000000c0017107                cpuidCheckEDX(unsigned int)
                0x00000000c0017134                cpuidCheckECX(unsigned int)
                0x00000000c0017161                cpuidCheckExtendedEBX(unsigned int)
                0x00000000c001718e                cpuidCheckExtendedECX(unsigned int)
                0x00000000c00171bb                getCPUNumber()
                0x00000000c00171be                thisCPU()
                0x00000000c00171d2                CPU::CPU()
                0x00000000c00171d2                CPU::CPU()
                0x00000000c0017260                CPU::displayFeatures()
                0x00000000c0017262                CPU::detectFeatures()
                0x00000000c0017c54                CPU::setupSMEP()
                0x00000000c0017c6e                CPU::setupUMIP()
                0x00000000c0017c86                CPU::setupTSC()
                0x00000000c0017c9e                CPU::setupLargePages()
                0x00000000c0017cb6                CPU::setupPAT()
                0x00000000c0017cf2                CPU::setupMTRR()
                0x00000000c0017cf4                CPU::setupGlobalPages()
                0x00000000c0017d0a                CPU::allowUsermodeDataAccess()
                0x00000000c0017d1c                CPU::prohibitUsermodeDataAccess()
                0x00000000c0017d2e                CPU::setupSMAP()
                0x00000000c0017d54                CPU::setupFeatures()
                0x00000000c0017df6                CPU::open(int, int, void*)
 .text          0x00000000c0017ec4        0x0 hw/ports.32
 .text          0x00000000c0017ec4      0x503 registry/registry.32
                0x00000000c0017ec4                Reg::findLineFromLoadedData(char*, char*, char*)
                0x00000000c001801c                Reg::getLineFromRegistry(char*, char*, char*, char*)
                0x00000000c001817b                Reg::getLine(char*, char*, char*)
                0x00000000c00181b2                Reg::readInt(char*, char*, int*)
                0x00000000c001829d                Reg::readString(char*, char*, char*, int)
                0x00000000c001831e                Reg::readBool(char*, char*, bool*)
                0x00000000c0018343                Reg::readBoolWithDefault(char*, char*, bool)
                0x00000000c001836f                Reg::readIntWithDefault(char*, char*, int)
                0x00000000c001839b                Reg::readStringWithDefault(char*, char*, char*, int, char*)
 .text          0x00000000c00183c7       0x18 syscalls/sc_exit.32
                0x00000000c00183c7                Sys::exit(regs*)
 .text          0x00000000c00183df       0x68 syscalls/sc_read.32
                0x00000000c00183df                Sys::read(regs*)
 .text          0x00000000c0018447       0x55 syscalls/sc_sbrk.32
                0x00000000c0018447                Sys::sbrk(regs*)
 .text          0x00000000c001849c       0x68 syscalls/sc_write.32
                0x00000000c001849c                Sys::write(regs*)
 .text          0x00000000c0018504       0x1a syscalls/sc_yield.32
                0x00000000c0018504                Sys::yield(regs*)
 .text          0x00000000c001851e      0x8bf vm86/vm8086.32
                0x00000000c001851e                vm8086EntryPoint(void*)
                0x00000000c0018549                inbv(unsigned short)
                0x00000000c001854f                outbv(unsigned short, unsigned char)
                0x00000000c0018559                realToLinear(unsigned short, unsigned short)
                0x00000000c0018569                getSegment(unsigned int)
                0x00000000c0018571                getOffset(unsigned int)
                0x00000000c0018576                loadVM8086FileAsThread(Process*, char const*, unsigned short, unsigned short, unsigned short, unsigned short)
                0x00000000c00186a5                vm8086DoISR(regs*, int, unsigned char*, unsigned short, unsigned short)
                0x00000000c001872f                readByteFromReal(unsigned short, unsigned short)
                0x00000000c0018740                readWordFromReal(unsigned short, unsigned short)
                0x00000000c0018752                readDwordFromReal(unsigned short, unsigned short)
                0x00000000c0018763                writeByteFromReal(unsigned short, unsigned short, unsigned char)
                0x00000000c0018778                writeWordFromReal(unsigned short, unsigned short, unsigned short)
                0x00000000c001878e                writeDwordFromReal(unsigned short, unsigned short, unsigned int)
                0x00000000c00187a3                vm8086FaultHandler(regs*)
 *fill*         0x00000000c0018ddd        0x1 
 .text          0x00000000c0018dde     0x1088 fs/fat/vfslink.32
                0x00000000c0018dde                FAT::getName()
                0x00000000c0018de4                FAT::tell(void*, unsigned long long*)
                0x00000000c0018e18                FAT::stat(void*, unsigned long long*)
                0x00000000c0018e4c                FAT::exists(char const*)
                0x00000000c0018e50                FAT::~FAT()
                0x00000000c0018e50                FAT::~FAT()
                0x00000000c0018e74                FAT::~FAT()
                0x00000000c0018e9c                FAT::getlabel(LogicalDisk*, int, char*, unsigned int*)
                0x00000000c0018f3a                FAT::setlabel(LogicalDisk*, int, char*)
                0x00000000c0018ff4                FAT::format(LogicalDisk*, int, char const*, int)
                0x00000000c00191d8                FAT::tryMount(LogicalDisk*, int)
                0x00000000c00193de                FAT::readDir(void*, unsigned long, void*, int*)
                0x00000000c00194e6                FAT::read(void*, unsigned long, void*, int*)
                0x00000000c0019540                FAT::write(void*, unsigned long, void*, int*)
                0x00000000c001959a                FAT::close(void*)
                0x00000000c00195e6                FAT::closeDir(void*)
                0x00000000c0019632                FAT::seek(void*, unsigned long long)
                0x00000000c0019686                fatWrapperReadDisk
                0x00000000c00196cd                fatWrapperWriteDisk
                0x00000000c0019714                fatWrapperIoctl
                0x00000000c0019818                FAT::FAT()
                0x00000000c0019818                FAT::FAT()
                0x00000000c001986a                FAT::fixFilepath(char*)
                0x00000000c00198a2                FAT::open(char const*, void**, FileOpenMode)
                0x00000000c00199ca                FAT::openDir(char const*, void**)
                0x00000000c0019a70                FAT::stat(char const*, unsigned long long*, bool*)
                0x00000000c0019b5a                FAT::unlink(char const*)
                0x00000000c0019bd4                FAT::chfatattr(char const*, unsigned char, unsigned char)
                0x00000000c0019d28                FAT::rename(char const*, char const*)
                0x00000000c0019dec                FAT::mkdir(char const*)
 .text          0x00000000c0019e66      0xbdf fs/iso9660/vfslink.32
                0x00000000c0019e66                ISO9660::format(LogicalDisk*, int, char const*, int)
                0x00000000c0019e6c                ISO9660::seek(void*, unsigned long long)
                0x00000000c0019e9c                ISO9660::tell(void*, unsigned long long*)
                0x00000000c0019ec0                ISO9660::getName()
                0x00000000c0019ec6                ISO9660::stat(void*, unsigned long long*)
                0x00000000c0019eea                ISO9660::chfatattr(char const*, unsigned char, unsigned char)
                0x00000000c0019ef0                ISO9660::unlink(char const*)
                0x00000000c0019ef6                ISO9660::write(void*, unsigned long, void*, int*)
                0x00000000c0019efc                ISO9660::rename(char const*, char const*)
                0x00000000c0019f02                ISO9660::mkdir(char const*)
                0x00000000c0019f08                ISO9660::close(void*)
                0x00000000c0019f2a                ISO9660::closeDir(void*)
                0x00000000c0019f4c                ISO9660::~ISO9660()
                0x00000000c0019f4c                ISO9660::~ISO9660()
                0x00000000c0019f70                ISO9660::~ISO9660()
                0x00000000c0019f97                __memmem(unsigned char*, int, unsigned char*, int)
                0x00000000c0019fd9                readSectorFromCDROM(unsigned int, unsigned char*, char)
                0x00000000c001a040                ISO9660::tryMount(LogicalDisk*, int)
                0x00000000c001a090                ISO9660::read(void*, unsigned long, void*, int*)
                0x00000000c001a2d4                ISO9660::readDir(void*, unsigned long, void*, int*)
                0x00000000c001a562                readRoot(unsigned int*, unsigned int*, char)
                0x00000000c001a5b7                readRecursively(char*, unsigned int, unsigned int, unsigned int*, unsigned int*, char, int*)
                0x00000000c001a78a                getFileData(char*, unsigned int*, unsigned int*, char, int*)
                0x00000000c001a818                ISO9660::open(char const*, void**, FileOpenMode)
                0x00000000c001a8b2                ISO9660::exists(char const*)
                0x00000000c001a8d6                ISO9660::stat(char const*, unsigned long long*, bool*)
                0x00000000c001a96a                ISO9660::openDir(char const*, void**)
                0x00000000c001aa22                ISO9660::ISO9660()
                0x00000000c001aa22                ISO9660::ISO9660()
 *fill*         0x00000000c001aa45        0x1 
 .text          0x00000000c001aa46      0x244 hal/sound/sndchannel.32
                0x00000000c001aa46                SoundChannel::~SoundChannel()
                0x00000000c001aa46                SoundChannel::~SoundChannel()
                0x00000000c001aa62                SoundChannel::setSpeed(float)
                0x00000000c001aa6e                SoundChannel::getSpeed()
                0x00000000c001aa76                SoundChannel::setVolume(int)
                0x00000000c001aa92                SoundChannel::getVolume()
                0x00000000c001aa9a                SoundChannel::pause()
                0x00000000c001aaa4                SoundChannel::SoundChannel(int, int, int, int)
                0x00000000c001aaa4                SoundChannel::SoundChannel(int, int, int, int)
                0x00000000c001ab9a                SoundChannel::play()
                0x00000000c001aba4                SoundChannel::paused()
                0x00000000c001abac                SoundChannel::getSampleRate()
                0x00000000c001abb4                SoundChannel::getBits()
                0x00000000c001abbc                SoundChannel::getBufferUsed()
                0x00000000c001abc4                SoundChannel::getBufferSize()
                0x00000000c001abcc                SoundChannel::unbuffer(float*, int, int)
                0x00000000c001ac3e                SoundChannel::buffer8(unsigned char*, int)
 .text          0x00000000c001ac8a      0x317 hal/sound/sndhw.32
                0x00000000c001ac8a                SoundDevice::SoundDevice(char const*)
                0x00000000c001ac8a                SoundDevice::SoundDevice(char const*)
                0x00000000c001acf6                SoundDevice::~SoundDevice()
                0x00000000c001acf6                SoundDevice::~SoundDevice()
                0x00000000c001ad70                SoundDevice::~SoundDevice()
                0x00000000c001ad9a                SoundDevice::getFreeChannelNum()
                0x00000000c001adb4                SoundDevice::addChannel(SoundChannel*)
                0x00000000c001ae24                SoundDevice::removeChannel(int)
                0x00000000c001ae56                SoundDevice::floatTo8(float*, unsigned char*, int)
                0x00000000c001aec2                SoundDevice::getAudio(int, float*, float*)
 .text          0x00000000c001afa1        0x0 hw/bus/isa.32
 *fill*         0x00000000c001afa1        0x1 
 .text          0x00000000c001afa2      0x6e5 hw/bus/pci.32
                0x00000000c001afa2                PCI::open(int, int, void*)
                0x00000000c001afb6                PCI::close(int, int, void*)
                0x00000000c001afba                PCI::PCI()
                0x00000000c001afba                PCI::PCI()
                0x00000000c001b03a                PCI::pciReadWord(unsigned char, unsigned char, unsigned char, unsigned char)
                0x00000000c001b082                PCI::getVendorID(unsigned char, unsigned char, unsigned char)
                0x00000000c001b0a4                PCI::getHeaderType(unsigned char, unsigned char, unsigned char)
                0x00000000c001b0c8                PCI::getClassCode(unsigned char, unsigned char, unsigned char)
                0x00000000c001b10c                PCI::getProgIF(unsigned char, unsigned char, unsigned char)
                0x00000000c001b130                PCI::getRevisionID(unsigned char, unsigned char, unsigned char)
                0x00000000c001b152                PCI::getInterruptNumber(unsigned char, unsigned char, unsigned char)
                0x00000000c001b174                PCI::getSecondaryBus(unsigned char, unsigned char, unsigned char)
                0x00000000c001b198                PCI::getBARAddress(unsigned char, unsigned char, unsigned char, unsigned char)
                0x00000000c001b1f8                PCI::pciWriteWord(unsigned char, unsigned char, unsigned char, unsigned char, unsigned short)
                0x00000000c001b264                PCI::checkBus(unsigned char)
                0x00000000c001b288                PCI::foundDevice(PCIDeviceInfo)
                0x00000000c001b3f8                PCI::getDeviceData(unsigned char, unsigned char, unsigned char)
                0x00000000c001b5c8                PCI::checkDevice(unsigned char, unsigned char)
                0x00000000c001b634                PCI::detect()
 *fill*         0x00000000c001b687        0x1 
 .text          0x00000000c001b688      0x4b9 hw/clock/rtc.32
                0x00000000c001b688                RTC::open(int, int, void*)
                0x00000000c001b68c                RTC::close(int, int, void*)
                0x00000000c001b690                RTC::timeInSecondsUTC()
                0x00000000c001b6a2                RTC::setTimeInDatetimeUTC(datetime_t)
                0x00000000c001b6a6                RTC::timeInDatetimeUTC()
                0x00000000c001b6cc                RTC::setTimeInSecondsUTC(unsigned long long)
                0x00000000c001b70a                RTC::~RTC()
                0x00000000c001b70a                RTC::~RTC()
                0x00000000c001b72e                RTC::~RTC()
                0x00000000c001b758                RTC::get_update_in_progress_flag()
                0x00000000c001b770                RTC::completeRTCRefresh()
                0x00000000c001ba5c                rtcIRQHandler(regs*, void*)
                0x00000000c001baa2                RTC::RTC()
                0x00000000c001baa2                RTC::RTC()
 *fill*         0x00000000c001bb41        0x1 
 .text          0x00000000c001bb42      0xc70 hw/diskctrl/ide.32
                0x00000000c001bb42                IDE::close(int, int, void*)
                0x00000000c001bb46                IDE::IDE()
                0x00000000c001bb46                IDE::IDE()
                0x00000000c001bb7a                IDE::prepareInterrupt(unsigned char)
                0x00000000c001bb8c                selectDrive(unsigned char, unsigned char)
                0x00000000c001bb8e                IDE::getBase(unsigned char)
                0x00000000c001bba0                IDE::write(unsigned char, unsigned char, unsigned char)
                0x00000000c001bc60                IDE::read(unsigned char, unsigned char)
                0x00000000c001bd0e                IDE::waitInterrupt(unsigned char)
                0x00000000c001bd74                ideChannel0IRQHandler(regs*, void*)
                0x00000000c001bd90                ideChannel1IRQHandler(regs*, void*)
                0x00000000c001bdac                IDE::enableIRQs(unsigned char, bool)
                0x00000000c001bdf2                IDE::open(int, int, void*)
                0x00000000c001c202                IDE::readBuffer(unsigned char, unsigned char, unsigned int, unsigned int)
                0x00000000c001c2ce                IDE::detect()
                0x00000000c001c5b6                IDE::printError(unsigned char, unsigned char, unsigned char)
                0x00000000c001c74c                IDE::polling(unsigned char, unsigned int)
 .text          0x00000000c001c7b2      0x62b hw/diskphys/ata.32
                0x00000000c001c7b2                ATA::close(int, int, void*)
                0x00000000c001c7d6                ATA::powerSaving(PowerSavingLevel)
                0x00000000c001c7d8                ATA::ATA()
                0x00000000c001c7d8                ATA::ATA()
                0x00000000c001c806                ATA::flush(bool)
                0x00000000c001c850                ATA::readyForCommand()
                0x00000000c001c8a0                ATA::access(unsigned long long, int, void*, bool)
                0x00000000c001cc1e                ATA::read(unsigned long long, int, void*)
                0x00000000c001cc86                ATA::write(unsigned long long, int, void*)
                0x00000000c001ccee                ATA::detectCHS()
                0x00000000c001cd18                ATA::open(int, int, void*)
 *fill*         0x00000000c001cddd        0x1 
 .text          0x00000000c001cdde      0x5b3 hw/diskphys/atapi.32
                0x00000000c001cdde                ATAPI::write(unsigned long long, int, void*)
                0x00000000c001cde4                ATAPI::close(int, int, void*)
                0x00000000c001ce08                ATAPI::ATAPI()
                0x00000000c001ce08                ATAPI::ATAPI()
                0x00000000c001ce36                ATAPI::readyForCommand()
                0x00000000c001ce86                ATAPI::sendPacket(unsigned char*, int, bool, unsigned short*, int)
                0x00000000c001d146                ATAPI::diskRemoved()
                0x00000000c001d162                ATAPI::eject()
                0x00000000c001d1a8                ATAPI::diskInserted()
                0x00000000c001d1d6                ATAPI::detectMedia()
                0x00000000c001d292                ATAPI::open(int, int, void*)
                0x00000000c001d312                ATAPI::read(unsigned long long, int, void*)
 *fill*         0x00000000c001d391        0x1 
 .text          0x00000000c001d392       0x8e hw/fpu/avx.32
                0x00000000c001d392                AVX::open(int, int, void*)
                0x00000000c001d3a4                AVX::close(int, int, void*)
                0x00000000c001d3b6                AVX::available()
                0x00000000c001d3c8                AVX::save(void*)
                0x00000000c001d3e0                AVX::load(void*)
                0x00000000c001d3f8                AVX::AVX()
                0x00000000c001d3f8                AVX::AVX()
 .text          0x00000000c001d420       0x90 hw/fpu/mmx.32
                0x00000000c001d420                MMX::available()
                0x00000000c001d434                MMX::open(int, int, void*)
                0x00000000c001d446                MMX::close(int, int, void*)
                0x00000000c001d458                MMX::save(void*)
                0x00000000c001d470                MMX::load(void*)
                0x00000000c001d488                MMX::MMX()
                0x00000000c001d488                MMX::MMX()
 .text          0x00000000c001d4b0       0x96 hw/fpu/sse.32
                0x00000000c001d4b0                SSE::open(int, int, void*)
                0x00000000c001d4c2                SSE::close(int, int, void*)
                0x00000000c001d4d4                SSE::available()
                0x00000000c001d4ee                SSE::save(void*)
                0x00000000c001d506                SSE::load(void*)
                0x00000000c001d51e                SSE::SSE()
                0x00000000c001d51e                SSE::SSE()
 .text          0x00000000c001d546       0x8e hw/fpu/x87.32
                0x00000000c001d546                x87::open(int, int, void*)
                0x00000000c001d558                x87::close(int, int, void*)
                0x00000000c001d56a                x87::available()
                0x00000000c001d57c                x87::save(void*)
                0x00000000c001d594                x87::load(void*)
                0x00000000c001d5ac                x87::x87()
                0x00000000c001d5ac                x87::x87()
 .text          0x00000000c001d5d4      0x5f3 hw/intctrl/apic.32
                0x00000000c001d5d4                APIC::disable()
                0x00000000c001d5d6                APIC::close(int, int, void*)
                0x00000000c001d5f8                IOAPIC::close(int, int, void*)
                0x00000000c001d5fe                APIC::io_wait()
                0x00000000c001d604                APIC::getBase()
                0x00000000c001d646                APIC::eoi(unsigned char)
                0x00000000c001d674                APIC::open(int, int, void*)
                0x00000000c001d72e                IOAPIC::IOAPIC()
                0x00000000c001d72e                IOAPIC::IOAPIC()
                0x00000000c001d756                APIC::APIC()
                0x00000000c001d756                APIC::APIC()
                0x00000000c001d826                IOAPIC::handlesGSIWithNumber(unsigned int)
                0x00000000c001d858                IOAPIC::read(int)
                0x00000000c001d880                IOAPIC::open(int, int, void*)
                0x00000000c001d976                IOAPIC::write(int, int)
                0x00000000c001d9a2                IOAPIC::redirect(unsigned char, unsigned long long, unsigned char)
                0x00000000c001da5c                APIC::installIRQHandler(int, void (*)(regs*, void*), bool, void*)
 *fill*         0x00000000c001dbc7        0x1 
 .text          0x00000000c001dbc8      0x3d3 hw/intctrl/pic.32
                0x00000000c001dbc8                PIC::disable()
                0x00000000c001dbf6                PIC::close(int, int, void*)
                0x00000000c001dc18                PIC::PIC()
                0x00000000c001dc18                PIC::PIC()
                0x00000000c001dcee                PIC::ioWait()
                0x00000000c001dcf4                PIC::getIRQReg(int)
                0x00000000c001dd5e                PIC::eoi(unsigned char)
                0x00000000c001ddf0                PIC::remap()
                0x00000000c001df5c                PIC::open(int, int, void*)
 *fill*         0x00000000c001df9b        0x1 
 .text          0x00000000c001df9c      0x252 hw/timer/apictimer.32
                0x00000000c001df9c                APICTimer::close(int, int, void*)
                0x00000000c001dfa2                apicTimerHandler(regs*, void*)
                0x00000000c001dfd0                APICTimer::write(int)
                0x00000000c001e0ce                APICTimer::open(int, int, void*)
                0x00000000c001e1c6                APICTimer::APICTimer()
                0x00000000c001e1c6                APICTimer::APICTimer()
 .text          0x00000000c001e1ee      0x1a7 hw/timer/pit.32
                0x00000000c001e1ee                PIT::write(int)
                0x00000000c001e26c                pitHandler(regs*, void*)
                0x00000000c001e298                PIT::open(int, int, void*)
                0x00000000c001e2e6                PIT::close(int, int, void*)
                0x00000000c001e316                PIT::PIT()
                0x00000000c001e316                PIT::PIT()
 *fill*         0x00000000c001e395        0xb 
 .text          0x00000000c001e3a0        0xa hw/fpu/x86/avx.32
                0x00000000c001e3a0                avxDetect
                0x00000000c001e3a6                avxSave
                0x00000000c001e3a7                avxLoad
                0x00000000c001e3a8                avxInit
                0x00000000c001e3a9                avxClose
 *fill*         0x00000000c001e3aa        0x6 
 .text          0x00000000c001e3b0       0x38 hw/fpu/x86/sse.32
                0x00000000c001e3b0                sseDetect
                0x00000000c001e3cb                sseSave
                0x00000000c001e3d1                sseLoad
                0x00000000c001e3d7                sseInit
                0x00000000c001e3e7                sseClose
 *fill*         0x00000000c001e3e8        0x8 
 .text          0x00000000c001e3f0       0x47 hw/fpu/x86/x87.32
                0x00000000c001e3f6                x87Detect
                0x00000000c001e411                x87Save
                0x00000000c001e417                x87Load
                0x00000000c001e41c                x87Init
                0x00000000c001e436                x87Close
 *fill*         0x00000000c001e437        0x1 
 .text          0x00000000c001e438       0x25 /cygdrive/d/Users/Alex/Desktop/Toolchain/Output/bin/../lib/gcc/i386-banana/8.1.0/crtend.o
 .text          0x00000000c001e45d        0x0 crtn.32
 *fill*         0x00000000c001e45d        0x3 
 .text          0x00000000c001e460      0x14b /cygdrive/d/Users/Alex/Desktop/Toolchain/Output/bin/../lib/gcc/i386-banana/8.1.0/libgcc.a(_divdi3.o)
                0x00000000c001e460                __divdi3
 *fill*         0x00000000c001e5ab        0x1 
 .text          0x00000000c001e5ac      0x17e /cygdrive/d/Users/Alex/Desktop/Toolchain/Output/bin/../lib/gcc/i386-banana/8.1.0/libgcc.a(_moddi3.o)
                0x00000000c001e5ac                __moddi3
 *fill*         0x00000000c001e72a        0x2 
 .text          0x00000000c001e72c       0xff /cygdrive/d/Users/Alex/Desktop/Toolchain/Output/bin/../lib/gcc/i386-banana/8.1.0/libgcc.a(_udivdi3.o)
                0x00000000c001e72c                __udivdi3
 *fill*         0x00000000c001e82b        0x1 
 .text          0x00000000c001e82c      0x11a /cygdrive/d/Users/Alex/Desktop/Toolchain/Output/bin/../lib/gcc/i386-banana/8.1.0/libgcc.a(_umoddi3.o)
                0x00000000c001e82c                __umoddi3
 *fill*         0x00000000c001e946        0xa 
 .text          0x00000000c001e950       0x1e D:/Users/Alex/Desktop/Banana/kernel/libk/libm32.a(s_fabs.c.o)
                0x00000000c001e950                fabs
 *fill*         0x00000000c001e96e        0x2 
 .text          0x00000000c001e970        0xc D:/Users/Alex/Desktop/Banana/kernel/libk/libm32.a(s_lrint.S.o)
                0x00000000c001e970                lrint
 .text          0x00000000c001e97c        0xc D:/Users/Alex/Desktop/Banana/kernel/libk/libm32.a(s_lrintf.S.o)
                0x00000000c001e97c                lrintf
 *(.gnu.linkonce.t*)

.iplt           0x00000000c001e988        0x0
 .iplt          0x00000000c001e988        0x0 D:/Users/Alex/Desktop/Banana/kernel/boot.32

.init           0x00000000c001e988        0xf
 .init          0x00000000c001e988        0x3 crti.32
                0x00000000c001e988                _init
 .init          0x00000000c001e98b        0x5 /cygdrive/d/Users/Alex/Desktop/Toolchain/Output/bin/../lib/gcc/i386-banana/8.1.0/crtbegin.o
 .init          0x00000000c001e990        0x5 /cygdrive/d/Users/Alex/Desktop/Toolchain/Output/bin/../lib/gcc/i386-banana/8.1.0/crtend.o
 .init          0x00000000c001e995        0x2 crtn.32

.fini           0x00000000c001e997        0xa
 .fini          0x00000000c001e997        0x3 crti.32
                0x00000000c001e997                _fini
 .fini          0x00000000c001e99a        0x5 /cygdrive/d/Users/Alex/Desktop/Toolchain/Output/bin/../lib/gcc/i386-banana/8.1.0/crtbegin.o
 .fini          0x00000000c001e99f        0x2 crtn.32

.text._ZN8ComputerD2Ev
                0x00000000c001e9a2       0x23
 .text._ZN8ComputerD2Ev
                0x00000000c001e9a2       0x23 core/computer.32
                0x00000000c001e9a2                Computer::~Computer()
                0x00000000c001e9a2                Computer::~Computer()

.text._ZN8ComputerD0Ev
                0x00000000c001e9c6       0x2a
 .text._ZN8ComputerD0Ev
                0x00000000c001e9c6       0x2a core/computer.32
                0x00000000c001e9c6                Computer::~Computer()

.text._Z10idleCommonv
                0x00000000c001e9f0       0x15
 .text._Z10idleCommonv
                0x00000000c001e9f0       0x15 core/idle.32
                0x00000000c001e9f0                idleCommon()

.text._ZN3CPU7readCR0Ev
                0x00000000c001ea05       0x12
 .text._ZN3CPU7readCR0Ev
                0x00000000c001ea05       0x12 core/kconsole.32
                0x00000000c001ea05                CPU::readCR0()

.text._ZN3CPU7readCR2Ev
                0x00000000c001ea17       0x12
 .text._ZN3CPU7readCR2Ev
                0x00000000c001ea17       0x12 core/kconsole.32
                0x00000000c001ea17                CPU::readCR2()

.text._ZN3CPU7readCR3Ev
                0x00000000c001ea29       0x12
 .text._ZN3CPU7readCR3Ev
                0x00000000c001ea29       0x12 core/kconsole.32
                0x00000000c001ea29                CPU::readCR3()

.text._ZN3CPU7readCR4Ev
                0x00000000c001ea3b       0x12
 .text._ZN3CPU7readCR4Ev
                0x00000000c001ea3b       0x12 core/kconsole.32
                0x00000000c001ea3b                CPU::readCR4()

.text._ZN3CPU8writeCR3Em
                0x00000000c001ea4d        0x9
 .text._ZN3CPU8writeCR3Em
                0x00000000c001ea4d        0x9 core/kheap.32
                0x00000000c001ea4d                CPU::writeCR3(unsigned long)

.text._ZN10LinkedListIV18ThreadControlBlockED2Ev
                0x00000000c001ea56        0x2
 .text._ZN10LinkedListIV18ThreadControlBlockED2Ev
                0x00000000c001ea56        0x2 core/prcssthr.32
                0x00000000c001ea56                LinkedList<ThreadControlBlock volatile>::~LinkedList()
                0x00000000c001ea56                LinkedList<ThreadControlBlock volatile>::~LinkedList()

.text._ZN18ThreadControlBlockC2Ev
                0x00000000c001ea58       0x3e
 .text._ZN18ThreadControlBlockC2Ev
                0x00000000c001ea58       0x3e core/prcssthr.32
                0x00000000c001ea58                ThreadControlBlock::ThreadControlBlock()
                0x00000000c001ea58                ThreadControlBlock::ThreadControlBlock()

.text._ZN10LinkedListIV18ThreadControlBlockEC2Ev
                0x00000000c001ea96       0x58
 .text._ZN10LinkedListIV18ThreadControlBlockEC2Ev
                0x00000000c001ea96       0x58 core/prcssthr.32
                0x00000000c001ea96                LinkedList<ThreadControlBlock volatile>::LinkedList()
                0x00000000c001ea96                LinkedList<ThreadControlBlock volatile>::LinkedList()

.text._ZN10LinkedListIV18ThreadControlBlockE10addElementEPS1_
                0x00000000c001eaee       0xd3
 .text._ZN10LinkedListIV18ThreadControlBlockE10addElementEPS1_
                0x00000000c001eaee       0xd3 core/prcssthr.32
                0x00000000c001eaee                LinkedList<ThreadControlBlock volatile>::addElement(ThreadControlBlock volatile*)

.text._ZN10LinkedListIV18ThreadControlBlockE7isEmptyEv
                0x00000000c001ebc2       0x1c
 .text._ZN10LinkedListIV18ThreadControlBlockE7isEmptyEv
                0x00000000c001ebc2       0x1c core/prcssthr.32
                0x00000000c001ebc2                LinkedList<ThreadControlBlock volatile>::isEmpty()

.text._ZN10LinkedListIV18ThreadControlBlockE11removeFirstEv
                0x00000000c001ebde       0xae
 .text._ZN10LinkedListIV18ThreadControlBlockE11removeFirstEv
                0x00000000c001ebde       0xae core/prcssthr.32
                0x00000000c001ebde                LinkedList<ThreadControlBlock volatile>::removeFirst()

.text._ZN10LinkedListIV18ThreadControlBlockE15getFirstElementEv
                0x00000000c001ec8c        0x7
 .text._ZN10LinkedListIV18ThreadControlBlockE15getFirstElementEv
                0x00000000c001ec8c        0x7 core/prcssthr.32
                0x00000000c001ec8c                LinkedList<ThreadControlBlock volatile>::getFirstElement()

.text._ZN10LinkedListIV18ThreadControlBlockE7getNextEPS1_
                0x00000000c001ec94        0x8
 .text._ZN10LinkedListIV18ThreadControlBlockE7getNextEPS1_
                0x00000000c001ec94        0x8 core/prcssthr.32
                0x00000000c001ec94                LinkedList<ThreadControlBlock volatile>::getNext(ThreadControlBlock volatile*)

.text._ZN10LinkedListI8UnixFileED2Ev
                0x00000000c001ec9c        0x2
 .text._ZN10LinkedListI8UnixFileED2Ev
                0x00000000c001ec9c        0x2 core/unixfile.32
                0x00000000c001ec9c                LinkedList<UnixFile>::~LinkedList()
                0x00000000c001ec9c                LinkedList<UnixFile>::~LinkedList()

.text._ZN10LinkedListI8UnixFileEC2Ev
                0x00000000c001ec9e       0x58
 .text._ZN10LinkedListI8UnixFileEC2Ev
                0x00000000c001ec9e       0x58 core/unixfile.32
                0x00000000c001ec9e                LinkedList<UnixFile>::LinkedList()
                0x00000000c001ec9e                LinkedList<UnixFile>::LinkedList()

.text._ZN10LinkedListI8UnixFileE15getFirstElementEv
                0x00000000c001ecf6        0x7
 .text._ZN10LinkedListI8UnixFileE15getFirstElementEv
                0x00000000c001ecf6        0x7 core/unixfile.32
                0x00000000c001ecf6                LinkedList<UnixFile>::getFirstElement()

.text._ZN10LinkedListI8UnixFileE11removeFirstEv
                0x00000000c001ecfe       0xa1
 .text._ZN10LinkedListI8UnixFileE11removeFirstEv
                0x00000000c001ecfe       0xa1 core/unixfile.32
                0x00000000c001ecfe                LinkedList<UnixFile>::removeFirst()

.text._ZN10LinkedListI8UnixFileE7getNextEPS0_
                0x00000000c001eda0        0x8
 .text._ZN10LinkedListI8UnixFileE7getNextEPS0_
                0x00000000c001eda0        0x8 core/unixfile.32
                0x00000000c001eda0                LinkedList<UnixFile>::getNext(UnixFile*)

.text._ZN10LinkedListI8UnixFileE10addElementEPS0_
                0x00000000c001eda8      0x130
 .text._ZN10LinkedListI8UnixFileE10addElementEPS0_
                0x00000000c001eda8      0x130 core/unixfile.32
                0x00000000c001eda8                LinkedList<UnixFile>::addElement(UnixFile*)

.text._ZN16DriverlessDeviceD2Ev
                0x00000000c001eed8       0x1a
 .text._ZN16DriverlessDeviceD2Ev
                0x00000000c001eed8       0x1a hal/device.32
                0x00000000c001eed8                DriverlessDevice::~DriverlessDevice()
                0x00000000c001eed8                DriverlessDevice::~DriverlessDevice()

.text._ZN16DriverlessDeviceD0Ev
                0x00000000c001eef2       0x2a
 .text._ZN16DriverlessDeviceD0Ev
                0x00000000c001eef2       0x2a hal/device.32
                0x00000000c001eef2                DriverlessDevice::~DriverlessDevice()

.text._ZN10LinkedListI6DeviceE10addElementEPS0_
                0x00000000c001ef1c       0xdc
 .text._ZN10LinkedListI6DeviceE10addElementEPS0_
                0x00000000c001ef1c       0xdc hal/device.32
                0x00000000c001ef1c                LinkedList<Device>::addElement(Device*)

.text._ZN10LinkedListI6DeviceEC2Ev
                0x00000000c001eff8       0x58
 .text._ZN10LinkedListI6DeviceEC2Ev
                0x00000000c001eff8       0x58 hal/device.32
                0x00000000c001eff8                LinkedList<Device>::LinkedList()
                0x00000000c001eff8                LinkedList<Device>::LinkedList()

.text._ZN3CPU7readDR0Ev
                0x00000000c001f050       0x12
 .text._ZN3CPU7readDR0Ev
                0x00000000c001f050       0x12 hal/intctrl.32
                0x00000000c001f050                CPU::readDR0()

.text._ZN3CPU7readDR1Ev
                0x00000000c001f062       0x12
 .text._ZN3CPU7readDR1Ev
                0x00000000c001f062       0x12 hal/intctrl.32
                0x00000000c001f062                CPU::readDR1()

.text._ZN3CPU7readDR2Ev
                0x00000000c001f074       0x12
 .text._ZN3CPU7readDR2Ev
                0x00000000c001f074       0x12 hal/intctrl.32
                0x00000000c001f074                CPU::readDR2()

.text._ZN3CPU7readDR3Ev
                0x00000000c001f086       0x12
 .text._ZN3CPU7readDR3Ev
                0x00000000c001f086       0x12 hal/intctrl.32
                0x00000000c001f086                CPU::readDR3()

.text._ZN3CPU7readDR6Ev
                0x00000000c001f098       0x12
 .text._ZN3CPU7readDR6Ev
                0x00000000c001f098       0x12 hal/intctrl.32
                0x00000000c001f098                CPU::readDR6()

.text._ZN3CPU7readDR7Ev
                0x00000000c001f0aa       0x12
 .text._ZN3CPU7readDR7Ev
                0x00000000c001f0aa       0x12 hal/intctrl.32
                0x00000000c001f0aa                CPU::readDR7()

.text._ZN4ACPID2Ev
                0x00000000c001f0bc       0x23
 .text._ZN4ACPID2Ev
                0x00000000c001f0bc       0x23 hw/acpi.32
                0x00000000c001f0bc                ACPI::~ACPI()
                0x00000000c001f0bc                ACPI::~ACPI()

.text._ZN4ACPID0Ev
                0x00000000c001f0e0       0x2a
 .text._ZN4ACPID0Ev
                0x00000000c001f0e0       0x2a hw/acpi.32
                0x00000000c001f0e0                ACPI::~ACPI()

.text._ZN3CPUD2Ev
                0x00000000c001f10a       0x23
 .text._ZN3CPUD2Ev
                0x00000000c001f10a       0x23 hw/cpu.32
                0x00000000c001f10a                CPU::~CPU()
                0x00000000c001f10a                CPU::~CPU()

.text._ZN3CPUD0Ev
                0x00000000c001f12e       0x2a
 .text._ZN3CPUD0Ev
                0x00000000c001f12e       0x2a hw/cpu.32
                0x00000000c001f12e                CPU::~CPU()

.text._ZN3CPU8writeDR7Em
                0x00000000c001f158        0x9
 .text._ZN3CPU8writeDR7Em
                0x00000000c001f158        0x9 hw/cpu.32
                0x00000000c001f158                CPU::writeDR7(unsigned long)

.text._ZN3CPU8writeCR4Em
                0x00000000c001f161        0x9
 .text._ZN3CPU8writeCR4Em
                0x00000000c001f161        0x9 hw/cpu.32
                0x00000000c001f161                CPU::writeCR4(unsigned long)

.text._ZN3PCID2Ev
                0x00000000c001f16a       0x23
 .text._ZN3PCID2Ev
                0x00000000c001f16a       0x23 hw/bus/pci.32
                0x00000000c001f16a                PCI::~PCI()