Archive member included to satisfy reference by file (symbol)

/cygdrive/d/Users/Alex/Desktop/Toolchain/Output/bin/../lib/gcc/i386-banana/8.1.0/libkgcc.a(_divdi3.o)
                              krnl/resolve.32 (__divdi3)
/cygdrive/d/Users/Alex/Desktop/Toolchain/Output/bin/../lib/gcc/i386-banana/8.1.0/libkgcc.a(_moddi3.o)
                              krnl/resolve.32 (__moddi3)
/cygdrive/d/Users/Alex/Desktop/Toolchain/Output/bin/../lib/gcc/i386-banana/8.1.0/libkgcc.a(_udivdi3.o)
                              hal/clock.32 (__udivdi3)
/cygdrive/d/Users/Alex/Desktop/Toolchain/Output/bin/../lib/gcc/i386-banana/8.1.0/libkgcc.a(_umoddi3.o)
                              core/pipe.32 (__umoddi3)

Allocating common symbols
Common symbol       size              file

dcache              0x40              fs/iso9660/iso9660.32
cdDriveLetter       0x1               fs/iso9660/iso9660.32
icache              0x40              fs/iso9660/iso9660.32

Discarded input sections

 .comment       0x0000000000000000       0x12 /cygdrive/d/Users/Alex/Desktop/Toolchain/Output/bin/../lib/gcc/i386-banana/8.1.0/crtbegin.o
 .comment       0x0000000000000000       0x12 acpica/utclib.32
 .comment       0x0000000000000000       0x12 core/malloc.32
 .comment       0x0000000000000000       0x12 libk/ctype.32
 .comment       0x0000000000000000       0x12 libk/string.32
 .comment       0x0000000000000000       0x12 fs/fat/diskio.32
 .comment       0x0000000000000000       0x12 fs/fat/ff.32
 .comment       0x0000000000000000       0x12 fs/fat/ffsystem.32
 .comment       0x0000000000000000       0x12 fs/fat/ffunicode.32
 .comment       0x0000000000000000       0x12 fs/iso9660/iso9660.32
 .group         0x0000000000000000       0x14 core/computer.32
 .group         0x0000000000000000        0xc core/computer.32
 .comment       0x0000000000000000       0x12 core/computer.32
 .comment       0x0000000000000000       0x12 core/gdt.32
 .group         0x0000000000000000        0xc core/idle.32
 .comment       0x0000000000000000       0x12 core/idle.32
 .comment       0x0000000000000000       0x12 core/idt.32
 .comment       0x0000000000000000       0x12 core/kheap.32
 .comment       0x0000000000000000       0x12 core/main.32
 .comment       0x0000000000000000       0x12 core/physmgr.32
 .group         0x0000000000000000        0xc core/pipe.32
 .comment       0x0000000000000000       0x12 core/pipe.32
 .group         0x0000000000000000        0xc core/terminal.32
 .comment       0x0000000000000000       0x12 core/terminal.32
 .comment       0x0000000000000000       0x12 core/tss.32
 .group         0x0000000000000000        0x8 core/unixfile.32
 .group         0x0000000000000000        0x8 core/unixfile.32
 .group         0x0000000000000000        0xc core/unixfile.32
 .group         0x0000000000000000        0x8 core/unixfile.32
 .group         0x0000000000000000        0xc core/unixfile.32
 .group         0x0000000000000000        0x8 core/unixfile.32
 .group         0x0000000000000000        0xc core/unixfile.32
 .group         0x0000000000000000        0xc core/unixfile.32
 .comment       0x0000000000000000       0x12 core/unixfile.32
 .comment       0x0000000000000000       0x12 core/virtmgr.32
 .comment       0x0000000000000000       0x12 coreobjs/c++.32
 .comment       0x0000000000000000       0x12 dbg/kconsole.32
 .group         0x0000000000000000        0xc fs/vfs.32
 .group         0x0000000000000000        0xc fs/vfs.32
 .group         0x0000000000000000        0xc fs/vfs.32
 .comment       0x0000000000000000       0x12 fs/vfs.32
 .group         0x0000000000000000        0xc hal/bus.32
 .comment       0x0000000000000000       0x12 hal/bus.32
 .comment       0x0000000000000000       0x12 hal/buzzer.32
 .group         0x0000000000000000        0xc hal/clock.32
 .comment       0x0000000000000000       0x12 hal/clock.32
 .group         0x0000000000000000       0x14 hal/device.32
 .group         0x0000000000000000        0xc hal/device.32
 .group         0x0000000000000000        0x8 hal/device.32
 .group         0x0000000000000000        0xc hal/device.32
 .group         0x0000000000000000        0xc hal/device.32
 .comment       0x0000000000000000       0x12 hal/device.32
 .group         0x0000000000000000        0xc hal/diskctrl.32
 .comment       0x0000000000000000       0x12 hal/diskctrl.32
 .group         0x0000000000000000        0xc hal/diskphys.32
 .comment       0x0000000000000000       0x12 hal/diskphys.32
 .comment       0x0000000000000000       0x12 hal/fpu.32
 .comment       0x0000000000000000       0x12 hal/intctrl.32
 .group         0x0000000000000000        0xc hal/keybrd.32
 .comment       0x0000000000000000       0x12 hal/keybrd.32
 .group         0x0000000000000000        0xc hal/logidisk.32
 .comment       0x0000000000000000       0x12 hal/logidisk.32
 .group         0x0000000000000000        0xc hal/mouse.32
 .comment       0x0000000000000000       0x12 hal/mouse.32
[...]
Memory Configuration

Name             Origin             Length             Attributes
*default*        0x0000000000000000 0xffffffffffffffff

Linker script and memory map

LOAD D:/Users/Alex/Desktop/Banana/kernel/boot.32
LOAD crti.32
LOAD /cygdrive/d/Users/Alex/Desktop/Toolchain/Output/bin/../lib/gcc/i386-banana/8.1.0/crtbegin.o
LOAD D:/Users/Alex/Desktop/Banana/kernel/morenasm.32
LOAD acpica/utclib.32
LOAD core/malloc.32
LOAD libk/ctype.32
LOAD libk/string.32
LOAD fs/fat/diskio.32
LOAD fs/fat/ff.32
LOAD fs/fat/ffsystem.32
LOAD fs/fat/ffunicode.32
LOAD fs/iso9660/iso9660.32
LOAD core/computer.32
LOAD core/gdt.32
LOAD core/idle.32
LOAD core/idt.32
LOAD core/kheap.32
LOAD core/main.32
LOAD core/physmgr.32
LOAD core/pipe.32
LOAD core/terminal.32
LOAD core/tss.32
LOAD core/unixfile.32
LOAD core/virtmgr.32
LOAD coreobjs/c++.32
LOAD dbg/kconsole.32
LOAD fs/vfs.32
LOAD hal/bus.32
LOAD hal/buzzer.32
LOAD hal/clock.32
LOAD hal/device.32
LOAD hal/diskctrl.32
LOAD hal/diskphys.32
LOAD hal/fpu.32
LOAD hal/intctrl.32
LOAD hal/keybrd.32
LOAD hal/logidisk.32
LOAD hal/mouse.32
LOAD hal/partition.32
LOAD hal/serial.32
LOAD hal/timer.32
LOAD hal/vcache.32
LOAD hal/video.32
LOAD hw/acpi.32
LOAD hw/cpu.32
LOAD krnl/bootmsg.32
LOAD krnl/env.32
LOAD krnl/inlines.32
LOAD krnl/panic.32
LOAD krnl/powctrl.32
LOAD krnl/resolve.32
LOAD krnl/signal.32
LOAD krnl/syscalls.32
LOAD reg/registry.32
LOAD sys/eject.32
LOAD sys/exit.32
LOAD sys/getcwd.32
LOAD sys/getpid.32
LOAD sys/getramdata.32
LOAD sys/getvgaptr.32
LOAD sys/loaddll.32
LOAD sys/read.32
LOAD sys/registersignal.32
LOAD sys/sbrk.32
LOAD sys/setcwd.32
LOAD sys/settime.32
LOAD sys/timezone.32
LOAD sys/write.32
LOAD sys/wsbe.32
LOAD sys/yield.32
LOAD thr/elf.32
LOAD thr/prcssthr.32
LOAD vm86/vm8086.32
LOAD arch/i386/hal.32
LOAD arch/i386/pic.32
LOAD arch/i386/rtc.32
LOAD arch/i386/vga.32
LOAD fs/fat/vfslink.32
LOAD fs/iso9660/helper.32
LOAD fs/iso9660/vfslink.32
LOAD hal/sound/sndcard.32
LOAD hal/sound/sndport.32
LOAD hw/bus/isa.32
LOAD hw/bus/pci.32
LOAD hw/diskctrl/ide.32
LOAD hw/diskctrl/satabus.32
LOAD hw/diskphys/ata.32
LOAD hw/diskphys/atapi.32
LOAD hw/diskphys/sata.32
LOAD hw/diskphys/satapi.32
LOAD hw/intctrl/apic.32
LOAD hw/timer/apictimer.32
LOAD hw/timer/pit.32
LOAD arch/i386/avx.32
LOAD arch/i386/interrupt.32
LOAD arch/i386/rdrand.32
LOAD arch/i386/sse.32
LOAD arch/i386/x87.32
LOAD /cygdrive/d/Users/Alex/Desktop/Toolchain/Output/bin/../lib/gcc/i386-banana/8.1.0/crtend.o
LOAD crtn.32
LOAD /cygdrive/d/Users/Alex/Desktop/Toolchain/Output/bin/../lib/gcc/i386-banana/8.1.0/libkgcc.a
LOAD D:/Users/Alex/Desktop/Banana/kernel/libsoftfp.a
LOAD D:/Users/Alex/Desktop/Banana/kernel/libk/libm32.a
                0x00000000c0000000                . = 0xc0000000

.text           0x00000000c0000000    0x1c37a
 *(.text)
 .text          0x00000000c0000000       0x20 D:/Users/Alex/Desktop/Banana/kernel/boot.32
 .text          0x00000000c0000020        0x0 crti.32
 .text          0x00000000c0000020      0x101 /cygdrive/d/Users/Alex/Desktop/Toolchain/Output/bin/../lib/gcc/i386-banana/8.1.0/crtbegin.o
 *fill*         0x00000000c0000121        0xf 
 .text          0x00000000c0000130      0x252 D:/Users/Alex/Desktop/Banana/kernel/morenasm.32
                0x00000000c0000130                manualPCIProbe
                0x00000000c000017b                prepareTramp
                0x00000000c0000194                doTPAUSE
                0x00000000c000019e                hasLegacyFPU
                0x00000000c00001c3                is486
                0x00000000c00001f9                detectCPUID
                0x00000000c000020f                goToVM86
                0x00000000c000023f                goToUsermode
                0x00000000c0000269                switchToThreadASMFirstTime
                0x00000000c0000277                switchToThreadASM
                0x00000000c00002ff                asmQuickAcquireLock
                0x00000000c000031d                asmQuickReleaseLock
                0x00000000c0000329                asmAcquireLock
                0x00000000c000034a                asmReleaseLock
                0x00000000c000035d                loadGDT
                0x00000000c000037d                memcpy
 *fill*         0x00000000c0000382        0xe 
 .text          0x00000000c0000390      0x79e acpica/utclib.32
                0x00000000c0000390                memcmp
                0x00000000c00003e0                memmove
                0x00000000c00004d0                memset
                0x00000000c0000540                strlen
                0x00000000c0000570                strpbrk
                0x00000000c00005b0                strtok
                0x00000000c0000600                strcpy
                0x00000000c0000630                strncpy
                0x00000000c00006e0                strcmp
                0x00000000c0000730                strchr
                0x00000000c0000760                strncmp
                0x00000000c00007c0                strcat
                0x00000000c00007f0                strncat
                0x00000000c0000850                strstr
                0x00000000c00008b0                toupper
                0x00000000c00008d0                tolower
                0x00000000c00008f0                simple_strtoul
 .text          0x00000000c0000b2e      0xfad core/malloc.32
                0x00000000c0000c99                dlfree
                0x00000000c0000ff4                dlmalloc
                0x00000000c0001531                dlrealloc
                0x00000000c00016d4                dlmemalign
                0x00000000c00017f7                dlcalloc
                0x00000000c0001891                dlcfree
                0x00000000c0001896                dlindependent_calloc
                0x00000000c00018bb                dlindependent_comalloc
                0x00000000c00018d2                dlvalloc
                0x00000000c00018fd                dlpvalloc
                0x00000000c0001933                dlmalloc_trim
                0x00000000c0001940                dlmalloc_usable_size
                0x00000000c0001971                dlmallinfo
                0x00000000c0001a40                dlmalloc_stats
                0x00000000c0001a51                dlmallopt
 *fill*         0x00000000c0001adb        0x1 
 .text          0x00000000c0001adc      0x1f2 libk/ctype.32
                0x00000000c0001adc                isblank
                0x00000000c0001afc                iscntrl
                0x00000000c0001b1c                isdigit
                0x00000000c0001b38                islower
                0x00000000c0001b54                isspace
                0x00000000c0001b7c                isupper
                0x00000000c0001b98                isalpha
                0x00000000c0001bc8                isalnum
                0x00000000c0001bf8                ispunct
                0x00000000c0001c38                isgraph
                0x00000000c0001c68                isprint
                0x00000000c0001c90                isxdigit
 .text          0x00000000c0001cce        0x0 libk/string.32
 .text          0x00000000c0001cce       0x51 fs/fat/diskio.32
                0x00000000c0001cce                disk_status
                0x00000000c0001cd1                disk_initialize
                0x00000000c0001cd4                disk_read
                0x00000000c0001cea                disk_write
                0x00000000c0001d00                disk_ioctl
 .text          0x00000000c0001d1f     0x3d4b fs/fat/ff.32
                0x00000000c0003abb                f_mount
                0x00000000c0003b1d                f_open
                0x00000000c0003de8                f_read
                0x00000000c0003fe7                f_write
                0x00000000c000421b                f_sync
                0x00000000c00042d0                f_close
                0x00000000c00042ff                f_lseek
                0x00000000c00044a6                f_opendir
                0x00000000c0004571                f_closedir
                0x00000000c0004593                f_readdir
                0x00000000c0004625                f_stat
                0x00000000c00046a4                f_getfree
                0x00000000c00047a6                f_truncate
                0x00000000c000488a                f_unlink
                0x00000000c00049ac                f_mkdir
                0x00000000c0004b47                f_rename
                0x00000000c0004cfd                f_chmod
                0x00000000c0004da6                f_utime
                0x00000000c0004e54                f_getlabel
                0x00000000c0004fa5                f_setlabel
                0x00000000c0005135                f_expand
                0x00000000c0005295                f_mkfs
 *fill*         0x00000000c0005a6a        0x2 
 .text          0x00000000c0005a6c       0x2f fs/fat/ffsystem.32
                0x00000000c0005a6c                ff_memalloc
                0x00000000c0005a84                ff_memfree
 *fill*         0x00000000c0005a9b        0x1 
 .text          0x00000000c0005a9c      0x2a8 fs/fat/ffunicode.32
                0x00000000c0005a9c                ff_uni2oem
                0x00000000c0005b3c                ff_oem2uni
                0x00000000c0005bb4                ff_wtoupper
 .text          0x00000000c0005d44      0xc76 fs/iso9660/iso9660.32
                0x00000000c0005f63                isoReadDiscSector
                0x00000000c0005ffe                strnicmp
                0x00000000c00062b1                stricmp
                0x00000000c00062fd                iso_open
                0x00000000c0006387                iso_close
                0x00000000c00063a5                iso_read
                0x00000000c00064bb                iso_seek
                0x00000000c000653f                iso_tell
                0x00000000c0006570                iso_total
                0x00000000c000659b                fn_postprocess
                0x00000000c00065c1                iso_readdir
                0x00000000c00067b2                iso_reset
                0x00000000c00067bf                init_percd
                0x00000000c00068b9                iso_ioctl
                0x00000000c00068c1                fs_iso9660_init
                0x00000000c000694a                fs_iso9660_shutdown
 .text          0x00000000c00069ba      0x685 core/computer.32
                0x00000000c00069ba                Computer::close(int, int, void*)
                0x00000000c00069ff                Krnl::firstTask()
                0x00000000c0006b32                Computer::Computer()
                0x00000000c0006b32                Computer::Computer()
                0x00000000c0006be4                Computer::setBootMessage(char const*)
                0x00000000c0006be6                Computer::detectFeatures()
                0x00000000c0006df0                Computer::displayFeatures()
                0x00000000c0006df2                Computer::rdmsr(unsigned int)
                0x00000000c0006e1e                Computer::wrmsr(unsigned int, unsigned long long)
                0x00000000c0006e56                Computer::shutdown()
                0x00000000c0006e6e                Computer::restart()
                0x00000000c0006e86                Computer::sleep()
                0x00000000c0006e9a                Computer::nmiEnabled()
                0x00000000c0006ea6                Computer::readCMOS(unsigned char)
                0x00000000c0006ec0                Computer::enableNMI(bool)
                0x00000000c0006ed8                Computer::open(int, int, void*)
                0x00000000c0006fac                Computer::disableNMI()
                0x00000000c0006fbc                Computer::writeCMOS(unsigned char, unsigned char)
                0x00000000c0006fda                Computer::handleNMI()
 *fill*         0x00000000c000703f        0x1 
 .text          0x00000000c0007040      0x1cf core/gdt.32
                0x00000000c0007040                GDTEntry::setBase(unsigned int)
                0x00000000c000705c                GDTEntry::setLimit(unsigned int)
                0x00000000c000707a                GDT::GDT()
                0x00000000c000707a                GDT::GDT()
                0x00000000c0007090                GDT::addEntry(GDTEntry)
                0x00000000c00070b2                GDT::getNumberOfEntries()
                0x00000000c00070ba                GDT::flush()
                0x00000000c00070dc                GDT::setup()
 .text          0x00000000c000720f       0x1d core/idle.32
                0x00000000c000720f                idleFunction(void*)
 .text          0x00000000c000722c      0x464 core/idt.32
                0x00000000c000722c                IDTEntry::IDTEntry(bool)
                0x00000000c000722c                IDTEntry::IDTEntry(bool)
                0x00000000c000729e                IDTEntry::setOffset(unsigned int)
                0x00000000c00072b4                IDT::IDT()
                0x00000000c00072b4                IDT::IDT()
                0x00000000c00072b6                IDT::getPointerToInvalidOpcodeEntryForF00F()
                0x00000000c00072be                IDT::addEntry(IDTEntry, int)
                0x00000000c00072d8                IDT::addEntry(int, void (*)(), bool)
                0x00000000c0007310                IDT::flush()
                0x00000000c000732a                IDT::setup()
 .text          0x00000000c0007690      0x183 core/kheap.32
                0x00000000c0007690                sbrk
                0x00000000c0007725                mmap
                0x00000000c000773b                munmap
                0x00000000c0007751                liballoc_lock()
                0x00000000c000775e                liballoc_unlock()
                0x00000000c0007772                liballoc_alloc(int)
                0x00000000c000778a                liballoc_free(void*, int)
                0x00000000c00077a5                realloc
                0x00000000c00077b9                malloc
                0x00000000c00077c9                free
                0x00000000c00077d9                rfree
                0x00000000c00077e9                calloc
 .text          0x00000000c0007813       0xc3 core/main.32
                0x00000000c0007813                KeEntryPoint
 .text          0x00000000c00078d6      0x5dc core/physmgr.32
                0x00000000c00078d6                Phys::allocateDMA(unsigned long)
                0x00000000c00079ad                Phys::freeDMA(unsigned long, unsigned long)
                0x00000000c00079e0                Phys::setPageState(unsigned long, bool)
                0x00000000c0007a12                Phys::getPageState(unsigned long)
                0x00000000c0007a33                Phys::freePage(unsigned long)
                0x00000000c0007a95                Phys::allocatePage()
                0x00000000c0007b53                Phys::allocateContiguousPages(int)
                0x00000000c0007baf                Phys::allowSegmentToBeUsed(unsigned long, unsigned long)
                0x00000000c0007be7                Phys::physicalMemorySetup(unsigned int)
 .text          0x00000000c0007eb2      0x273 core/pipe.32
                0x00000000c0007eb2                Pipe::isAtty()
                0x00000000c0007eb6                Pipe::~Pipe()
                0x00000000c0007eb6                Pipe::~Pipe()
                0x00000000c0007eda                Pipe::~Pipe()
                0x00000000c0007f02                Pipe::write(unsigned long long, void*, int*)
                0x00000000c0007fc2                Pipe::read(unsigned long long, void*, int*)
                0x00000000c00080be                Pipe::Pipe(int)
                0x00000000c00080be                Pipe::Pipe(int)
 *fill*         0x00000000c0008125        0x1 
 .text          0x00000000c0008126      0xaaa core/terminal.32
                0x00000000c0008126                VgaText::isAtty()
                0x00000000c000812a                VgaText::~VgaText()
                0x00000000c000812a                VgaText::~VgaText()
                0x00000000c000814e                VgaText::~VgaText()
                0x00000000c0008178                VgaText::read(unsigned long long, void*, int*)
                0x00000000c0008198                setTerminalScrollLock(bool)
                0x00000000c0008199                doTerminalCycle()
                0x00000000c000819a                addToTerminalCycle(VgaText*)
                0x00000000c000819b                scrollTerminalScrollLock(int)
                0x00000000c000819c                VgaText::updateTitle()
                0x00000000c000819e                VgaText::load()
                0x00000000c00081a0                VgaText::updateCursor()
                0x00000000c00081b6                VgaText::doANSI_SGR(int)
                0x00000000c000822a                VgaText::setDefaultBgColour(VgaColour)
                0x00000000c000823a                VgaText::setDefaultFgColour(VgaColour)
                0x00000000c000824a                VgaText::setDefaultColours(VgaColour, VgaColour)
                0x00000000c000826a                VgaText::setTitleTextColour(VgaColour)
                0x00000000c0008276                VgaText::setTitleColour(VgaColour)
                0x00000000c0008282                VgaText::setTitle(char*)
                0x00000000c0008284                VgaText::combineColours(unsigned char, unsigned char)
                0x00000000c0008296                VgaText::scrollScreen()
                0x00000000c000832e                VgaText::combineCharAndColour(char, unsigned char)
                0x00000000c0008340                VgaText::writeCharacter(char, VgaColour, VgaColour, int, int)
                0x00000000c00083d0                VgaText::getCursorX()
                0x00000000c00083d8                VgaText::getCursorY()
                0x00000000c00083e0                VgaText::setCursor(int, int)
                0x00000000c00083f7                setActiveTerminal(VgaText*)
                0x00000000c0008442                VgaText::clearScreen()
                0x00000000c0008490                VgaText::setCursorX(int)
                0x00000000c00084a8                VgaText::setCursorY(int)
                0x00000000c00084c0                VgaText::incrementCursor(bool)
                0x00000000c0008514                VgaText::decrementCursor(bool)
                0x00000000c0008536                VgaText::putchar(char, VgaColour, VgaColour)
                0x00000000c0008604                VgaText::putchar(char)
                0x00000000c00086f0                VgaText::putx(unsigned int)
                0x00000000c0008736                VgaText::puts(char const*)
                0x00000000c000875c                VgaText::write(unsigned long long, void*, int*)
                0x00000000c00087a8                VgaText::puts(char const*, VgaColour, VgaColour)
                0x00000000c00088fa                VgaText::VgaText(char const*)
                0x00000000c00088fa                VgaText::VgaText(char const*)
                0x00000000c0008a46                VgaText::receiveKey(unsigned char)
                0x00000000c0008baa                VgaText::doUpdate()
                0x00000000c0008bab                newTerminal(char*)
 .text          0x00000000c0008bd0      0x1a1 core/tss.32
                0x00000000c0008bd0                TSS::TSS()
                0x00000000c0008bd0                TSS::TSS()
                0x00000000c0008be0                TSS::setESP(unsigned long)
                0x00000000c0008bf4                TSS::flush()
                0x00000000c0008c14                TSS::setup(unsigned long, unsigned long)
 *fill*         0x00000000c0008d71        0x1 
 .text          0x00000000c0008d72      0x4c2 core/unixfile.32
                0x00000000c0008d72                ReservedFilename::read(unsigned long long, void*, int*)
                0x00000000c0008dc8                ReservedFilename::isAtty()
                0x00000000c0008de4                ReservedFilename::write(unsigned long long, void*, int*)
                0x00000000c0008e42                UnixFile::getFileDescriptor()
                0x00000000c0008e4a                UnixFile::UnixFile(int)
                0x00000000c0008e4a                UnixFile::UnixFile(int)
                0x00000000c0008ffa                ReservedFilename::ReservedFilename(int)
                0x00000000c0008ffa                ReservedFilename::ReservedFilename(int)
                0x00000000c000902c                UnixFile::~UnixFile()
                0x00000000c000902c                UnixFile::~UnixFile()
                0x00000000c00090c4                UnixFile::~UnixFile()
                0x00000000c00090ec                ReservedFilename::~ReservedFilename()
                0x00000000c00090ec                ReservedFilename::~ReservedFilename()
                0x00000000c0009110                ReservedFilename::~ReservedFilename()
                0x00000000c0009137                getFromFileDescriptor(int)
 .text          0x00000000c0009234     0x120b core/virtmgr.32
                0x00000000c0009234                Virt::setPageState(unsigned long, Virt::VirtPageState)
                0x00000000c0009269                Virt::getPageState(unsigned long)
                0x00000000c000928d                Virt::allocateKernelVirtualPages(int)
                0x00000000c000939e                Virt::freeSwapfilePage(unsigned long)
                0x00000000c00093bc                Virt::swapIDToSector(unsigned long)
                0x00000000c00093ce                Virt::allocateSwapfilePage()
                0x00000000c000944c                Virt::virtualMemorySetup()
                0x00000000c0009497                Virt::setupPageSwapping(int)
                0x00000000c0009508                VAS::VAS(VAS*)
                0x00000000c0009508                VAS::VAS(VAS*)
                0x00000000c0009536                VAS::getForeignPageTableEntry(bool, unsigned long)
                0x00000000c0009562                VAS::getPageTableEntry(unsigned long)
                0x00000000c0009581                Virt::freeKernelVirtualPages(unsigned long)
                0x00000000c00096a6                VAS::freeAllocatedPages(unsigned long)
                0x00000000c00096ca                VAS::virtualToPhysical(unsigned long)
                0x00000000c00096e4                VAS::reflagRange(unsigned long, int, int, int)
                0x00000000c000973a                VAS::VAS()
                0x00000000c000973a                VAS::VAS()
                0x00000000c00097ae                VAS::setToWriteCombining(unsigned long, int)
                0x00000000c00097e6                VAS::mapOtherVASIn(bool, VAS*)
                0x00000000c0009810                VAS::~VAS()
                0x00000000c0009810                VAS::~VAS()
                0x00000000c0009974                VAS::mapPage(unsigned long, unsigned long, int)
                0x00000000c0009a78                VAS::allocatePages(int, int)
                0x00000000c0009c50                VAS::setCPUSpecific(unsigned long)
                0x00000000c0009c6e                VAS::mapRange(unsigned long, unsigned long, int, int)
                0x00000000c0009d34                VAS::mapForeignPage(bool, VAS*, unsigned long, unsigned long, int)
                0x00000000c0009e22                VAS::VAS(bool)
                0x00000000c0009e22                VAS::VAS(bool)
                0x00000000c000a0a2                VAS::evict(unsigned long)
                0x00000000c000a164                VAS::tryLoadBackOffDisk(unsigned long)
                0x00000000c000a252                VAS::scanForEviction()
                0x00000000c000a332                mapVASFirstTime
 .text          0x00000000c000a43f       0x5f coreobjs/c++.32
                0x00000000c000a43f                __cxa_atexit
                0x00000000c000a442                __cxa_finalize
                0x00000000c000a443                __stack_chk_fail
                0x00000000c000a479                __cxa_pure_virtual
                0x00000000c000a48a                operator new[](unsigned long)
                0x00000000c000a48f                operator delete(void*, unsigned long)
                0x00000000c000a494                operator delete[](void*)
                0x00000000c000a499                operator delete[](void*, unsigned long)
 .text          0x00000000c000a49e      0x21c dbg/kconsole.32
                0x00000000c000a49e                Dbg::stringifyxWithBase(unsigned int, char*, int)
                0x00000000c000a509                Dbg::logc(char)
                0x00000000c000a529                Dbg::logs(char*)
                0x00000000c000a546                Dbg::logWriteInt(unsigned int)
                0x00000000c000a564                Dbg::logWriteIntBase(unsigned int, int)
                0x00000000c000a585                Dbg::kprintf(char const*, ...)
 .text          0x00000000c000a6ba      0xc5c fs/vfs.32
                0x00000000c000a6ba                File::read(unsigned long long, void*, int*)
                0x00000000c000a712                File::write(unsigned long long, void*, int*)
                0x00000000c000a76a                Directory::read(unsigned long long, void*, int*)
                0x00000000c000a7c2                Directory::write(unsigned long long, void*, int*)
                0x00000000c000a7f0                File::isAtty()
                0x00000000c000a7f4                Directory::isAtty()
                0x00000000c000a7f8                Filesystem::getlabel(LogicalDisk*, int, char*, unsigned int*)
                0x00000000c000a7fe                Filesystem::setlabel(LogicalDisk*, int, char*)
                0x00000000c000a804                Filesystem::allocateSwapfile(char const*, int)
                0x00000000c000a80a                File::~File()
                0x00000000c000a80a                File::~File()
                0x00000000c000a82e                File::~File()
                0x00000000c000a858                Directory::~Directory()
                0x00000000c000a858                Directory::~Directory()
                0x00000000c000a87c                Directory::~Directory()
                0x00000000c000a8a6                Filesystem::Filesystem()
                0x00000000c000a8a6                Filesystem::Filesystem()
                0x00000000c000a8ca                Filesystem::~Filesystem()
                0x00000000c000a8ca                Filesystem::~Filesystem()
                0x00000000c000a8d8                Filesystem::~Filesystem()
                0x00000000c000a8fc                Fs::getcwd(Process*, char*, int)
                0x00000000c000a926                Fs::initVFS()
                0x00000000c000a950                Fs::standardiseFiles(char*, char const*, char const*)
                0x00000000c000aafa                File::File(char const*, Process*)
                0x00000000c000aafa                File::File(char const*, Process*)
                0x00000000c000abba                File::open(FileOpenMode)
                0x00000000c000ac18                File::close()
                0x00000000c000ac78                File::seek(unsigned long long)
                0x00000000c000acce                File::tell(unsigned long long*)
                0x00000000c000ad1e                File::rewind()
                0x00000000c000ad32                File::unlink()
                0x00000000c000ad7e                File::rename(char const*)
                0x00000000c000adcc                File::chfatattr(unsigned char, unsigned char)
                0x00000000c000ae28                File::exists()
                0x00000000c000ae66                File::stat(unsigned long long*, bool*)
                0x00000000c000aec7                Fs::setcwd(Process*, char*)
                0x00000000c000b024                Directory::Directory(char const*, Process*)
                0x00000000c000b024                Directory::Directory(char const*, Process*)
                0x00000000c000b0e4                Directory::open()
                0x00000000c000b140                Directory::close()
                0x00000000c000b1a0                Directory::unlink()
                0x00000000c000b1ec                Directory::rename(char const*)
                0x00000000c000b23a                Directory::exists()
                0x00000000c000b278                Directory::read(dirent*)
                0x00000000c000b2c4                Directory::create()
                0x00000000c000b310                Filesystem::chfatattr(char const*, unsigned char, unsigned char)
 *fill*         0x00000000c000b316        0x2 
 .text          0x00000000c000b318       0x86 hal/bus.32
                0x00000000c000b318                Bus::Bus(char const*)
                0x00000000c000b318                Bus::Bus(char const*)
                0x00000000c000b350                Bus::~Bus()
                0x00000000c000b350                Bus::~Bus()
                0x00000000c000b374                Bus::~Bus()
 .text          0x00000000c000b39e       0x96 hal/buzzer.32
                0x00000000c000b39e                beepThread(void*)
                0x00000000c000b3db                Krnl::beep(int, int, bool)
 .text          0x00000000c000b434      0x46d hal/clock.32
                0x00000000c000b434                User::loadClockSettings(int)
                0x00000000c000b486                Clock::Clock(char const*)
                0x00000000c000b486                Clock::Clock(char const*)
                0x00000000c000b4bc                Clock::~Clock()
                0x00000000c000b4bc                Clock::~Clock()
                0x00000000c000b4e0                Clock::~Clock()
                0x00000000c000b50a                Clock::timeInSecondsLocal()
                0x00000000c000b552                Clock::setTimeInSecondsLocal(unsigned long long)
                0x00000000c000b5ab                datetimeToSeconds(datetime_t)
                0x00000000c000b6d8                Clock::setTimeInDatetimeLocal(datetime_t)
                0x00000000c000b738                secondsToDatetime(unsigned long long)
                0x00000000c000b87c                Clock::timeInDatetimeLocal()
 *fill*         0x00000000c000b8a1        0x1 
 .text          0x00000000c000b8a2      0x464 hal/device.32
                0x00000000c000b8a2                Device::hibernate()
                0x00000000c000b8a4                Device::wake()
                0x00000000c000b8a6                Device::detect()
                0x00000000c000b8a8                Device::disableLegacy()
                0x00000000c000b8aa                Device::powerSaving(PowerSavingLevel)
                0x00000000c000b8ac                DriverlessDevice::close(int, int, void*)
                0x00000000c000b8b0                DriverlessDevice::detect()
                0x00000000c000b8b2                DriverlessDevice::open(int, int, void*)
                0x00000000c000b8c6                Device::~Device()
                0x00000000c000b8c6                Device::~Device()
                0x00000000c000b8d4                Device::~Device()
                0x00000000c000b8fc                Device::findAndLoadDriver()
                0x00000000c000b90a                Device::preOpenPCI(PCIDeviceInfo)
                0x00000000c000b930                Device::preOpenACPI(void*, char*, char*)
                0x00000000c000b970                Device::addIRQHandler(int, void (*)(regs*, void*), bool, void*)
                0x00000000c000b99a                Device::getParent()
                0x00000000c000b9a6                Device::removeIRQHandler(int, void (*)(regs*, void*), bool)
                0x00000000c000b9c4                Device::addChild(Device*)
                0x00000000c000ba08                Device::removeAllChildren()
                0x00000000c000ba4e                Device::hibernateAll()
                0x00000000c000ba7e                Device::wakeAll()
                0x00000000c000baae                Device::detectAll()
                0x00000000c000bade                Device::disableLegacyAll()
                0x00000000c000bae0                Device::loadDriversForAll()
                0x00000000c000bae2                Device::closeAll()
                0x00000000c000bb18                Device::powerSavingAll(PowerSavingLevel)
                0x00000000c000bb4e                Device::setName(char const*)
                0x00000000c000bb5c                Device::Device(char const*)
                0x00000000c000bb5c                Device::Device(char const*)
                0x00000000c000bc58                Device::getName()
                0x00000000c000bc62                DriverlessDevice::DriverlessDevice(char const*)
                0x00000000c000bc62                DriverlessDevice::DriverlessDevice(char const*)
                0x00000000c000bc98                Device::addToLinkedList(LinkedList<Device>&, DeviceType)
                0x00000000c000bcdc                getDevicesOfType(DeviceType)
 *fill*         0x00000000c000bd06        0x2 
 .text          0x00000000c000bd08       0x86 hal/diskctrl.32
                0x00000000c000bd08                HardDiskController::HardDiskController(char const*)
                0x00000000c000bd08                HardDiskController::HardDiskController(char const*)
                0x00000000c000bd40                HardDiskController::~HardDiskController()
                0x00000000c000bd40                HardDiskController::~HardDiskController()
                0x00000000c000bd64                HardDiskController::~HardDiskController()
 .text          0x00000000c000bd8e       0xe2 hal/diskphys.32
                0x00000000c000bd8e                PhysicalDisk::eject()
                0x00000000c000bd92                PhysicalDisk::PhysicalDisk(char const*, int)
                0x00000000c000bd92                PhysicalDisk::PhysicalDisk(char const*, int)
                0x00000000c000bdfa                PhysicalDisk::startCache()
                0x00000000c000be22                PhysicalDisk::~PhysicalDisk()
                0x00000000c000be22                PhysicalDisk::~PhysicalDisk()
                0x00000000c000be46                PhysicalDisk::~PhysicalDisk()
 .text          0x00000000c000be70        0x0 hal/fpu.32
 .text          0x00000000c000be70      0x35d hal/intctrl.32
                0x00000000c000be70                int_handler
                0x00000000c000bef8                installISRHandler(int, void (*)(regs*, void*), void*)
                0x00000000c000bf40                installIRQHandler(int, void (*)(regs*, void*), bool, void*)
                0x00000000c000c078                uninstallISRHandler(int, void (*)(regs*, void*))
                0x00000000c000c0ac                uninstallIRQHandler(int, void (*)(regs*, void*), bool)
                0x00000000c000c12b                setupINTS()
                0x00000000c000c188                convertLegacyIRQNumber(int)
 *fill*         0x00000000c000c1cd        0x1 
 .text          0x00000000c000c1ce      0x7cc hal/keybrd.32
                0x00000000c000c1ce                startGUI(void*)
                0x00000000c000c23a                startGUIVESA(void*)
                0x00000000c000c2a6                sendKeyToTerminal(unsigned char)
                0x00000000c000c36f                sendKeyboardToken(KeyboardToken)
                0x00000000c000c7af                clearInternalKeybuffer(VgaText*)
                0x00000000c000c7e4                readKeyboard(VgaText*, char*, unsigned long)
                0x00000000c000c910                Keyboard::Keyboard(char const*)
                0x00000000c000c910                Keyboard::Keyboard(char const*)
                0x00000000c000c94c                Keyboard::~Keyboard()
                0x00000000c000c94c                Keyboard::~Keyboard()
                0x00000000c000c970                Keyboard::~Keyboard()
 .text          0x00000000c000c99a      0x3ea hal/logidisk.32
                0x00000000c000c99a                LogicalDisk::close(int, int, void*)
                0x00000000c000c99e                LogicalDisk::~LogicalDisk()
                0x00000000c000c99e                LogicalDisk::~LogicalDisk()
                0x00000000c000c9c2                LogicalDisk::~LogicalDisk()
                0x00000000c000c9ec                LogicalDisk::open(int, int, void*)
                0x00000000c000ca00                LogicalDisk::absoluteToRelative(unsigned long long)
                0x00000000c000ca38                LogicalDisk::relativeToAbsolute(unsigned long long)
                0x00000000c000ca7e                LogicalDisk::LogicalDisk(char const*, PhysicalDisk*, unsigned long long, unsigned long long)
                0x00000000c000ca7e                LogicalDisk::LogicalDisk(char const*, PhysicalDisk*, unsigned long long, unsigned long long)
                0x00000000c000cb34                LogicalDisk::assignDriveLetter()
                0x00000000c000cbea                LogicalDisk::mount()
                0x00000000c000cc32                LogicalDisk::unmount()
                0x00000000c000cc42                LogicalDisk::eject()
                0x00000000c000cc56                LogicalDisk::unassignDriveLetter()
                0x00000000c000ccac                LogicalDisk::read(unsigned long long, int, void*)
                0x00000000c000cd18                LogicalDisk::write(unsigned long long, int, void*)
 .text          0x00000000c000cd84       0x86 hal/mouse.32
                0x00000000c000cd84                Mouse::Mouse(char const*)
                0x00000000c000cd84                Mouse::Mouse(char const*)
                0x00000000c000cdbc                Mouse::~Mouse()
                0x00000000c000cdbc                Mouse::~Mouse()
                0x00000000c000cde0                Mouse::~Mouse()
 .text          0x00000000c000ce0a      0x339 hal/partition.32
                0x00000000c000ce0a                makePartition(PhysicalDisk*, unsigned long long, unsigned long long)
                0x00000000c000ceb2                createPartitionsForDisk(PhysicalDisk*)
 *fill*         0x00000000c000d143        0x1 
 .text          0x00000000c000d144       0x86 hal/serial.32
                0x00000000c000d144                Serial::Serial(char const*)
                0x00000000c000d144                Serial::Serial(char const*)
                0x00000000c000d17c                Serial::~Serial()
                0x00000000c000d17c                Serial::~Serial()
                0x00000000c000d1a0                Serial::~Serial()
 *fill*         0x00000000c000d1ca        0x2 
 .text          0x00000000c000d1cc      0x234 hal/timer.32
                0x00000000c000d1cc                Timer::Timer(char const*)
                0x00000000c000d1cc                Timer::Timer(char const*)
                0x00000000c000d204                Timer::~Timer()
                0x00000000c000d204                Timer::~Timer()
                0x00000000c000d228                Timer::~Timer()
                0x00000000c000d252                Timer::read()
                0x00000000c000d25d                setupTimer(int)
                0x00000000c000d298                timerHandler(unsigned int)
 .text          0x00000000c000d400      0x3ce hal/vcache.32
                0x00000000c000d400                VCache::VCache(PhysicalDisk*)
                0x00000000c000d400                VCache::VCache(PhysicalDisk*)
                0x00000000c000d568                VCache::invalidateReadBuffer()
                0x00000000c000d578                VCache::writeWriteBuffer()
                0x00000000c000d5c4                VCache::~VCache()
                0x00000000c000d5c4                VCache::~VCache()
                0x00000000c000d618                VCache::~VCache()
                0x00000000c000d640                VCache::write(unsigned long long, int, void*)
                0x00000000c000d756                VCache::read(unsigned long long, int, void*)
 .text          0x00000000c000d7ce      0x4b3 hal/video.32
                0x00000000c000d7ce                Video::putrect(int, int, int, int, unsigned int)
                0x00000000c000d81a                Video::bitblit(int, int, int, int, int, int, int, unsigned int*)
                0x00000000c000d88a                Video::blit(unsigned int*, int, int, int, int)
                0x00000000c000d908                Video::clearScreen(unsigned int)
                0x00000000c000d93c                Video::putpixel(int, int, unsigned int)
                0x00000000c000d94a                Video::Video(char const*)
                0x00000000c000d94a                Video::Video(char const*)
                0x00000000c000d980                Video::~Video()
                0x00000000c000d980                Video::~Video()
                0x00000000c000d9a4                Video::~Video()
                0x00000000c000d9ce                Video::isMonochrome()
                0x00000000c000d9da                Video::getWidth()
                0x00000000c000d9e6                Video::getHeight()
                0x00000000c000d9f2                Video::drawCursor(int, int, unsigned char*, int)
                0x00000000c000daae                Video::tgaParse(unsigned char*, int, int*, int*)
                0x00000000c000dc16                Video::putTGA(int, int, unsigned char*, int)
 *fill*         0x00000000c000dc81        0x3 
 .text          0x00000000c000dc84     0x1307 hw/acpi.32
                0x00000000c000dc84                ACPI::close(int, int, void*)
                0x00000000c000dd3c                findRSDP()
                0x00000000c000ddcc                loadACPITables(unsigned char*)
                0x00000000c000e030                findRSDT(unsigned char*)
                0x00000000c000e180                findDataTable(unsigned char*, char*)
                0x00000000c000e1f8                scanMADT()
                0x00000000c000e6cc                ACPI::ACPI()
                0x00000000c000e6cc                ACPI::ACPI()
                0x00000000c000e720                ACPI::getPCIIRQAssignment(unsigned char, unsigned short, unsigned char)
                0x00000000c000e808                ACPI::registerPCIIRQAssignment(void*, unsigned short, unsigned char, unsigned char)
                0x00000000c000e8d0                ACPI::setScreenBrightnessLevel(void*, int)
                0x00000000c000e8d8                ACPI::detectPCI()
                0x00000000c000eae0                ACPI::writeSimpleBootFlag(SimpleBootFlagTable*)
                0x00000000c000eb34                ACPI::sleep()
                0x00000000c000eb50                ACPI::open(int, int, void*)
 *fill*         0x00000000c000ef8b        0x1 
 .text          0x00000000c000ef8c      0xb95 hw/cpu.32
                0x00000000c000ef8c                CPU::close(int, int, void*)
                0x00000000c000ef90                CPU::AMD_K6_write_msr(unsigned int, unsigned int, unsigned int, CPU::REGS*)
                0x00000000c000efac                CPU::AMD_K6_read_msr(unsigned int, CPU::REGS*)
                0x00000000c000efc4                CPU::AMD_K6_writeback(int, int, int)
                0x00000000c000f038                CPU::cpuid(int, unsigned long*, unsigned long*, unsigned long*, unsigned long*)
                0x00000000c000f0bc                CPU::cpuidCheckEDX(unsigned int)
                0x00000000c000f0ea                CPU::cpuidCheckECX(unsigned int)
                0x00000000c000f118                CPU::cpuidCheckExtendedEBX(unsigned int)
                0x00000000c000f146                CPU::cpuidCheckExtendedECX(unsigned int)
                0x00000000c000f174                CPU::CPU()
                0x00000000c000f174                CPU::CPU()
                0x00000000c000f202                CPU::displayFeatures()
                0x00000000c000f204                CPU::detectFeatures()
                0x00000000c000f8c8                CPU::setupSMEP()
                0x00000000c000f8d4                CPU::setupUMIP()
                0x00000000c000f8de                CPU::setupTSC()
                0x00000000c000f8e8                CPU::setupLargePages()
                0x00000000c000f8f2                CPU::setupPAT()
                0x00000000c000f92e                CPU::setupMTRR()
                0x00000000c000f930                CPU::setupGlobalPages()
                0x00000000c000f93a                CPU::allowUsermodeDataAccess()
                0x00000000c000f94c                CPU::prohibitUsermodeDataAccess()
                0x00000000c000f95e                CPU::setupSMAP()
                0x00000000c000f96c                CPU::setupFeatures()
                0x00000000c000fa38                CPU::open(int, int, void*)
 .text          0x00000000c000fb21       0xd1 krnl/bootmsg.32
                0x00000000c000fb21                KeDisplaySplashScreen()
                0x00000000c000fb8f                KeSetBootMessage(char const*)
 .text          0x00000000c000fbf2      0x581 krnl/env.32
                0x00000000c000fbf2                EnvVarContainer::getEnv(char const*)
                0x00000000c000fc30                EnvVarContainer::setEnv(char const*, char const*)
                0x00000000c000fcf2                EnvVarContainer::deleteEnv(char const*)
                0x00000000c000fcf4                EnvVarContainer::loadFrom(char const*, char const*)
                0x00000000c000feda                EnvVarContainer::__loadSystem()
                0x00000000c000fef4                EnvVarContainer::__loadUser()
                0x00000000c000fef6                EnvVarContainer::EnvVarContainer(Process*)
                0x00000000c000fef6                EnvVarContainer::EnvVarContainer(Process*)
                0x00000000c000ff18                EnvVarContainer::~EnvVarContainer()
                0x00000000c000ff18                EnvVarContainer::~EnvVarContainer()
                0x00000000c000ff48                Krnl::getEnv(Process*, char const*)
                0x00000000c000ffad                Krnl::setEnvSystem(char const*, char const*)
                0x00000000c000ffc7                Krnl::setEnvUser(char const*, char const*)
                0x00000000c000ffe6                Krnl::setEnvProcess(Process*, char const*, char const*)
                0x00000000c000fff9                Krnl::deleteEnvSystem(char const*)
                0x00000000c000fffa                Krnl::deleteEnvUser(char const*)
                0x00000000c000fffb                Krnl::deleteEnvProcess(Process*, char const*)
                0x00000000c000fffc                Krnl::newProcessEnv(Process*)
                0x00000000c001001e                Krnl::copyProcessEnv(Process*, Process*)
                0x00000000c001006a                Krnl::loadSystemEnv()
                0x00000000c0010098                Krnl::loadUserEnv()
                0x00000000c00100be                Krnl::flushEnv()
                0x00000000c00100bf                Krnl::getProcessTotalEnvCount(Process*)
                0x00000000c00100df                Krnl::getProcessEnvPair(Process*, int)
 .text          0x00000000c0010173       0x94 krnl/inlines.32
                0x00000000c0010173                CPU::current()
                0x00000000c001017f                operator new(unsigned long)
                0x00000000c0010184                operator delete(void*)
                0x00000000c0010189                disableIRQs()
                0x00000000c001018b                enableIRQs()
                0x00000000c001018d                lockScheduler()
                0x00000000c0010195                unlockScheduler()
                0x00000000c00101a4                lockStuff()
                0x00000000c00101b2                unlockStuff()
                0x00000000c00101ec                Virt::getAKernelVAS()
                0x00000000c00101f2                __not_memcpy
 .text          0x00000000c0010207        0xc krnl/panic.32
                0x00000000c0010207                KePanic(char const*)
 .text          0x00000000c0010213      0x142 krnl/powctrl.32
                0x00000000c0010213                Krnl::powerThread(void*)
                0x00000000c0010241                Krnl::changePowerSettings(Krnl::PowerSettings)
                0x00000000c0010257                Krnl::userIOReceived()
                0x00000000c0010262                Krnl::handlePowerButton()
                0x00000000c0010297                Krnl::handleSleepButton()
                0x00000000c00102cc                Krnl::setupPowerManager()
 *fill*         0x00000000c0010355        0x3 
 .text          0x00000000c0010358      0x190 krnl/resolve.32
                0x00000000c0010358                KeResolveCompatibilitySymbol(char*)
 .text          0x00000000c00104e8      0x2c3 krnl/signal.32
                0x00000000c00104e8                KiSigKill(int)
                0x00000000c0010514                KiDefaultSignalHandlerIgnore(int)
                0x00000000c0010515                KiDefaultSignalHandlerPause(int)
                0x00000000c0010541                KiDefaultSignalHandlerResume(int)
                0x00000000c001056d                KeDeinitSignals(SigHandlerBlock*)
                0x00000000c0010572                KeInitSignals()
                0x00000000c00105bd                KeRegisterSignalHandler(SigHandlerBlock*, int, void (*)(int), unsigned int, int)
                0x00000000c00105f3                KeRaiseSignal(SigHandlerBlock*, int)
                0x00000000c0010670                KeCheckSignal(SigHandlerBlock*)
                0x00000000c001075b                KiCheckSignalZ
                0x00000000c0010770                KeCompleteSignal(SigHandlerBlock*, int)
 .text          0x00000000c00107ab      0xcfe krnl/syscalls.32
                0x00000000c00107ab                SysSeekDir(regs*)
                0x00000000c00107b0                SysTellDir(regs*)
                0x00000000c00107b5                SysVerify(regs*)
                0x00000000c00107bf                SysGetArgc(regs*)
                0x00000000c00107cf                SysTTYName(regs*)
                0x00000000c00107d7                SysFormatDisk(regs*)
                0x00000000c0010844                SysSetDiskVolumeLabel(regs*)
                0x00000000c001088e                SysGetDiskVolumeLabel(regs*)
                0x00000000c00108e3                SysShutdown(regs*)
                0x00000000c0010941                SysRealpath(regs*)
                0x00000000c0010984                SysReadDir(regs*)
                0x00000000c0010a04                SysIsATTY(regs*)
                0x00000000c0010a60                SysSeek(regs*)
                0x00000000c0010ab9                SysTell(regs*)
                0x00000000c0010b28                SysSize(regs*)
                0x00000000c0010b9d                SysSizeFromFilename(regs*)
                0x00000000c0010c50                SysClose(regs*)
                0x00000000c0010cb0                SysOpenDir(regs*)
                0x00000000c0010dc1                SysCloseDir(regs*)
                0x00000000c0010e15                SysMakeDir(regs*)
                0x00000000c0010e87                SysWait(regs*)
                0x00000000c0010ea4                SysNotImpl(regs*)
                0x00000000c0010ebf                SysPanic(regs*)
                0x00000000c0010eda                SysRmdir(regs*)
                0x00000000c0010f41                SysUnlink(regs*)
                0x00000000c0010fa8                SysGetArgv(regs*)
                0x00000000c0010ff5                SysUSleep(regs*)
                0x00000000c001101e                SysSpawn(regs*)
                0x00000000c0011087                SysGetEnv(regs*)
                0x00000000c0011136                SysSetFatAttrib(regs*)
                0x00000000c00111ad                SysPipe(regs*)
                0x00000000c00111f2                SysGetUnixTime(regs*)
                0x00000000c0011206                string_ends_with(char const*, char const*)
                0x00000000c0011250                SysOpen(regs*)
                0x00000000c0011457                KeSystemCall(regs*, void*)
 .text          0x00000000c00114a9      0x50e reg/registry.32
                0x00000000c00114a9                Reg::findLineFromLoadedData(char*, char*, char*)
                0x00000000c0011601                Reg::getLineFromRegistry(char*, char*, char*, char*)
                0x00000000c0011756                Reg::getLine(char*, char*, char*)
                0x00000000c001178d                Reg::readInt(char*, char*, int*)
                0x00000000c0011878                Reg::readString(char*, char*, char*, int)
                0x00000000c00118f9                Reg::readBool(char*, char*, bool*)
                0x00000000c001191e                Reg::readBoolWithDefault(char*, char*, bool)
                0x00000000c001194a                Reg::readIntWithDefault(char*, char*, int)
                0x00000000c0011976                Reg::readStringWithDefault(char*, char*, char*, int, char*)
 .text          0x00000000c00119b7       0x36 sys/eject.32
                0x00000000c00119b7                SysEject(regs*)
 .text          0x00000000c00119ed       0x18 sys/exit.32
                0x00000000c00119ed                SysExit(regs*)
 .text          0x00000000c0011a05       0x1f sys/getcwd.32
                0x00000000c0011a05                SysGetCwd(regs*)
 .text          0x00000000c0011a24        0xc sys/getpid.32
                0x00000000c0011a24                SysGetPID(regs*)
 .text          0x00000000c0011a30       0x1a sys/getramdata.32
                0x00000000c0011a30                SysGetRAMData(regs*)
 .text          0x00000000c0011a4a       0x82 sys/getvgaptr.32
                0x00000000c0011a4a                SysGetVGAPtr(regs*)
 .text          0x00000000c0011acc       0xa8 sys/loaddll.32
                0x00000000c0011acc                SysLoadDLL(regs*)
 .text          0x00000000c0011b74       0x68 sys/read.32
                0x00000000c0011b74                SysRead(regs*)
 .text          0x00000000c0011bdc       0x29 sys/registersignal.32
                0x00000000c0011bdc                SysRegisterSignal(regs*)
 .text          0x00000000c0011c05       0x67 sys/sbrk.32
                0x00000000c0011c05                SysSbrk(regs*)
 .text          0x00000000c0011c6c       0x1c sys/setcwd.32
                0x00000000c0011c6c                SysSetCwd(regs*)
 .text          0x00000000c0011c88       0x95 sys/settime.32
                0x00000000c0011c88                SysSetTime(regs*)
 .text          0x00000000c0011d1d       0x4a sys/timezone.32
                0x00000000c0011d1d                SysTimezone(regs*)
 .text          0x00000000c0011d67       0x68 sys/write.32
                0x00000000c0011d67                SysWrite(regs*)
 .text          0x00000000c0011dcf       0x62 sys/wsbe.32
                0x00000000c0011dcf                SysWsbe(regs*)
 .text          0x00000000c0011e31       0x25 sys/yield.32
                0x00000000c0011e31                SysYield(regs*)
 .text          0x00000000c0011e56     0x11e5 thr/elf.32
                0x00000000c0011e56                Thr::allocateMemoryForTask(Process*, File*, unsigned long, unsigned long, unsigned long)
                0x00000000c00120e2                Thr::loadProgramIntoMemory(Process*, char const*)
                0x00000000c00122f8                Thr::runtimeReferenceHelper()
                0x00000000c001230b                Thr::getAddressOfKernelSymbol(char const*)
                0x00000000c001235a                Thr::loadKernelSymbolTable(char const*)
                0x00000000c0012618                Thr::loadDriverIntoMemory(char const*, unsigned long, bool)
                0x00000000c0012d4e                Thr::getDriverBaseFromAddress(unsigned long)
                0x00000000c0012d80                Thr::getDriverNameFromAddress(unsigned long)
                0x00000000c0012db7                Thr::getDriverOffsetFromAddress(unsigned long)
                0x00000000c0012dd1                Thr::loadDLL(char const*, bool)
                0x00000000c0013002                Thr::executeDLL(unsigned long, void*)
 *fill*         0x00000000c001303b        0x1 
 .text          0x00000000c001303c     0x12fd thr/prcssthr.32
                0x00000000c001303c                userModeEntryPoint(void*)
                0x00000000c0013064                changeTSS
                0x00000000c0013094                switchToThread(ThreadControlBlock*)
                0x00000000c0013148                Process::addArgs(char**)
                0x00000000c00131a8                Process::Process(char const*, Process*, char**)
                0x00000000c00131a8                Process::Process(char const*, Process*, char**)
                0x00000000c00133b4                Process::Process(bool, char const*, Process*, char**)
                0x00000000c00133b4                Process::Process(bool, char const*, Process*, char**)
                0x00000000c001358c                taskStartupFunction
                0x00000000c0013598                Semaphore::Semaphore(int)
                0x00000000c0013598                Semaphore::Semaphore(int)
                0x00000000c00135c8                Mutex::Mutex()
                0x00000000c00135c8                Mutex::Mutex()
                0x00000000c00135dc                Process::createThread(void (*)(void*), void*, int)
                0x00000000c00136d4                Process::createUserThread()
                0x00000000c00136f4                setupMultitasking(void (*)())
                0x00000000c00137fc                schedule()
                0x00000000c001388c                Semaphore::tryAcquire()
                0x00000000c0013958                Semaphore::assertLocked(char const*)
                0x00000000c00139d0                blockTaskWithSchedulerLockAlreadyHeld(TaskState)
                0x00000000c00139f8                blockTask(TaskState)
                0x00000000c0013a28                waitTask(int, int*, int)
                0x00000000c0013a6c                milliTenthSleepUntil(unsigned int)
                0x00000000c0013afc                milliTenthSleep(unsigned int)
                0x00000000c0013b0c                sleep(unsigned int)
                0x00000000c0013b28                Semaphore::acquire()
                0x00000000c0013be4                taskReturned
                0x00000000c0013c20                Thr::processFromPID(int)
                0x00000000c0013cc0                unblockTask(ThreadControlBlock*)
                0x00000000c0013d64                cleanupTerminatedTask(ThreadControlBlock*)
                0x00000000c0014030                cleanerTaskFunction(void*)
                0x00000000c0014120                terminateTask(int)
                0x00000000c00141ec                Thr::terminateFromIRQ(int)
                0x00000000c00141fc                Semaphore::release()
 .text          0x00000000c0014339      0xb93 vm86/vm8086.32
                0x00000000c0014339                Vm::inbv(unsigned short)
                0x00000000c001434c                Vm::outbv(unsigned short, unsigned char)
                0x00000000c0014382                Vm::realToLinear(unsigned short, unsigned short)
                0x00000000c0014392                Vm::getSegment(unsigned int)
                0x00000000c001439a                Vm::getOffset(unsigned int)
                0x00000000c001439f                Vm::mainloop2()
                0x00000000c00143d9                Vm::mainVm8086Loop(void*)
                0x00000000c00143e9                Vm::mainloop3(unsigned long)
                0x00000000c001440f                Vm::initialise8086()
                0x00000000c0014452                Vm::finish8086()
                0x00000000c00144b3                Vm::getOutput8086(unsigned char*)
                0x00000000c00144d8                Vm::start8086FromBuffer(unsigned char*, int, unsigned short, unsigned short, unsigned short, unsigned short)
                0x00000000c0014591                Vm::start8086(char const*, unsigned short, unsigned short, unsigned short, unsigned short)
                0x00000000c00146f9                Vm::doISR(regs*, int, unsigned char*, unsigned short, unsigned short)
                0x00000000c0014783                Vm::readByteFromReal(unsigned short, unsigned short)
                0x00000000c0014794                Vm::readWordFromReal(unsigned short, unsigned short)
                0x00000000c00147a6                Vm::readDwordFromReal(unsigned short, unsigned short)
                0x00000000c00147b7                Vm::writeByteFromReal(unsigned short, unsigned short, unsigned char)
                0x00000000c00147cc                Vm::writeWordFromReal(unsigned short, unsigned short, unsigned short)
                0x00000000c00147e2                Vm::writeDwordFromReal(unsigned short, unsigned short, unsigned int)
                0x00000000c00147f7                Vm::faultHandler(regs*)
 .text          0x00000000c0014ecc      0xa53 arch/i386/hal.32
                0x00000000c0014ecc                noCopro(unsigned long)
                0x00000000c0014ecd                nmiHandler(regs*, void*)
                0x00000000c0014ee6                doubleFault(regs*, void*)
                0x00000000c0014eff                displayDebugInfo(regs*)
                0x00000000c0015220                HalSystemIdle()
                0x00000000c0015296                displayProgramFault(char const*)
                0x00000000c00152e2                gpFault(regs*, void*)
                0x00000000c0015347                pgFault(regs*, void*)
                0x00000000c00153cd                otherISRHandler(regs*, void*)
                0x00000000c0015401                opcodeFault(regs*, void*)
                0x00000000c0015481                i386SaveCoprocessor(void*)
                0x00000000c0015495                i386LoadCoprocessor(void*)
                0x00000000c00154a9                x87EmulHandler(regs*, void*)
                0x00000000c0015546                HalInitialiseCoprocessor()
                0x00000000c00155f4                HalPanic(char const*)
                0x00000000c00156ed                HalQueryPerformanceCounter()
                0x00000000c0015708                HalInitialise()
                0x00000000c00158ae                HalMakeBeep(int)
                0x00000000c00158e8                HalGetRand()
                0x00000000c00158eb                HalEndOfInterrupt(int)
                0x00000000c001591c                HalRestart()
                0x00000000c001591d                HalShutdown()
                0x00000000c001591e                HalSleep()
 *fill*         0x00000000c001591f        0x1 
 .text          0x00000000c0015920      0x2f4 arch/i386/pic.32
                0x00000000c0015920                picIoWait()
                0x00000000c0015928                picDisable()
                0x00000000c001595c                picGetIRQReg(int)
                0x00000000c00159e0                picOpen()
                0x00000000c0015b70                picEOI(int)
 .text          0x00000000c0015c14      0x64d arch/i386/rtc.32
                0x00000000c0015c14                RTC::open(int, int, void*)
                0x00000000c0015c18                RTC::close(int, int, void*)
                0x00000000c0015c1c                RTC::timeInSecondsUTC()
                0x00000000c0015c2e                RTC::timeInDatetimeUTC()
                0x00000000c0015c54                RTC::setTimeInSecondsUTC(unsigned long long)
                0x00000000c0015c92                RTC::~RTC()
                0x00000000c0015c92                RTC::~RTC()
                0x00000000c0015cb6                RTC::~RTC()
                0x00000000c0015ce0                RTC::get_update_in_progress_flag()
                0x00000000c0015cf8                RTC::completeRTCRefresh()
                0x00000000c0015fb0                RTC::setTimeInDatetimeUTC(datetime_t)
                0x00000000c0016163                rtcIRQHandler(regs*, void*)
                0x00000000c00161a8                RTC::RTC()
                0x00000000c00161a8                RTC::RTC()
 *fill*         0x00000000c0016261        0x3 
 .text          0x00000000c0016264      0x203 arch/i386/vga.32
                0x00000000c0016264                HalConsoleScroll(int, int)
                0x00000000c001636c                HalConsoleWriteCharacter(char, int, int, int, int)
                0x00000000c00163d8                HalConsoleCursorUpdate(int, int)
 *fill*         0x00000000c0016467        0x1 
 .text          0x00000000c0016468     0x13e7 fs/fat/vfslink.32
                0x00000000c0016468                FAT::getName()
                0x00000000c0016470                FAT::tell(void*, unsigned long long*)
                0x00000000c00164ac                FAT::stat(void*, unsigned long long*)
                0x00000000c00164e8                FAT::~FAT()
                0x00000000c00164e8                FAT::~FAT()
                0x00000000c001650c                FAT::~FAT()
                0x00000000c0016534                FAT::getlabel(LogicalDisk*, int, char*, unsigned int*)
                0x00000000c00165d8                FAT::setlabel(LogicalDisk*, int, char*)
                0x00000000c001669c                FAT::format(LogicalDisk*, int, char const*, int)
                0x00000000c0016870                FAT::tryMount(LogicalDisk*, int)
                0x00000000c0016a88                FAT::allocateSwapfile(char const*, int)
                0x00000000c0016c48                FAT::readDir(void*, unsigned long, void*, int*)
                0x00000000c0016db4                FAT::read(void*, unsigned long, void*, int*)
                0x00000000c0016e14                FAT::write(void*, unsigned long, void*, int*)
                0x00000000c0016e74                FAT::close(void*)
                0x00000000c0016ec8                FAT::closeDir(void*)
                0x00000000c0016f1c                FAT::seek(void*, unsigned long long)
                0x00000000c0016f74                fatWrapperReadDisk
                0x00000000c0016fb8                fatWrapperWriteDisk
                0x00000000c0016ffc                fatWrapperIoctl
                0x00000000c0017118                FAT::FAT()
                0x00000000c0017118                FAT::FAT()
                0x00000000c001716c                FAT::fixFilepath(char*)
                0x00000000c00171a8                FAT::open(char const*, void**, FileOpenMode)
                0x00000000c00172e0                FAT::openDir(char const*, void**)
                0x00000000c0017390                FAT::stat(char const*, unsigned long long*, bool*)
                0x00000000c0017488                FAT::unlink(char const*)
                0x00000000c0017508                FAT::chfatattr(char const*, unsigned char, unsigned char)
                0x00000000c0017694                FAT::rename(char const*, char const*)
                0x00000000c0017760                FAT::mkdir(char const*)
                0x00000000c00177e0                FAT::exists(char const*)
 *fill*         0x00000000c001784f        0x1 
 .text          0x00000000c0017850       0xc6 fs/iso9660/helper.32
                0x00000000c0017850                isoReadDiscSectorHelper
                0x00000000c00178ac                iso_kprintf
                0x00000000c00178cc                iso_kprintfd
 .text          0x00000000c0017916      0x586 fs/iso9660/vfslink.32
                0x00000000c0017916                ISO9660::format(LogicalDisk*, int, char const*, int)
                0x00000000c001791c                ISO9660::getName()
                0x00000000c0017922                ISO9660::closeDir(void*)
                0x00000000c001792c                ISO9660::chfatattr(char const*, unsigned char, unsigned char)
                0x00000000c0017932                ISO9660::unlink(char const*)
                0x00000000c0017938                ISO9660::write(void*, unsigned long, void*, int*)
                0x00000000c001793e                ISO9660::rename(char const*, char const*)
                0x00000000c0017944                ISO9660::mkdir(char const*)
                0x00000000c001794a                ISO9660::~ISO9660()
                0x00000000c001794a                ISO9660::~ISO9660()
                0x00000000c001796e                ISO9660::~ISO9660()
                0x00000000c0017996                ISO9660::exists(char const*)
                0x00000000c00179aa                ISO9660::open(char const*, void**, FileOpenMode)
                0x00000000c0017a4a                ISO9660::openDir(char const*, void**)
                0x00000000c0017ada                ISO9660::read(void*, unsigned long, void*, int*)
                0x00000000c0017b1a                ISO9660::seek(void*, unsigned long long)
                0x00000000c0017b52                ISO9660::tell(void*, unsigned long long*)
                0x00000000c0017b88                ISO9660::stat(void*, unsigned long long*)
                0x00000000c0017bc2                ISO9660::stat(char const*, unsigned long long*, bool*)
                0x00000000c0017c94                ISO9660::close(void*)
                0x00000000c0017cba                ISO9660::readDir(void*, unsigned long, void*, int*)
                0x00000000c0017d87                readSectorFromCDROM(unsigned int, unsigned char*, char)
                0x00000000c0017e02                ISO9660::tryMount(LogicalDisk*, int)
                0x00000000c0017e74                ISO9660::ISO9660()
                0x00000000c0017e74                ISO9660::ISO9660()
 .text          0x00000000c0017e9c      0x26c hal/sound/sndcard.32
                0x00000000c0017e9c                SoundCard::beginPlayback()
                0x00000000c0017eaa                SoundCard::stopPlayback()
                0x00000000c0017eb8                SoundCard::SoundCard(char const*)
                0x00000000c0017eb8                SoundCard::SoundCard(char const*)
                0x00000000c0017f56                SoundCard::~SoundCard()
                0x00000000c0017f56                SoundCard::~SoundCard()
                0x00000000c0017f7a                SoundCard::~SoundCard()
                0x00000000c0017fa4                SoundCard::configureRates(int, int, int)
                0x00000000c0017fd4                SoundCard::getSamples16(int, short*)
                0x00000000c0018030                SoundCard::getSamples32(int, int*)
                0x00000000c00180b6                SoundCard::addChannel(SoundPort*)
                0x00000000c00180f4                SoundCard::removeChannel(int)
 .text          0x00000000c0018108      0x377 hal/sound/sndport.32
                0x00000000c0018108                SoundPort::SoundPort(int, int, int, int)
                0x00000000c0018108                SoundPort::SoundPort(int, int, int, int)
                0x00000000c0018194                SoundPort::~SoundPort()
                0x00000000c0018194                SoundPort::~SoundPort()
                0x00000000c00181c8                SoundPort::unpause()
                0x00000000c00181d4                SoundPort::pause()
                0x00000000c00181e0                SoundPort::getBufferUsed()
                0x00000000c00181e8                SoundPort::getBufferSize()
                0x00000000c00181f0                SoundPort::buffer16(short*, int)
                0x00000000c001827c                SoundPort::buffer32(int*, int)
                0x00000000c0018304                SoundPort::unbufferAndAdd16(int, short*, SoundCard*)
                0x00000000c00183c8                SoundPort::unbufferAndAdd32(int, int*, SoundCard*)
 .text          0x00000000c001847f        0x0 hw/bus/isa.32
 *fill*         0x00000000c001847f        0x1 
 .text          0x00000000c0018480      0xb49 hw/bus/pci.32
                0x00000000c0018480                PCI::open(int, int, void*)
                0x00000000c001849e                PCI::close(int, int, void*)
                0x00000000c00184a2                PCI::PCI()
                0x00000000c00184a2                PCI::PCI()
                0x00000000c001853c                PCI::readBAR8(unsigned int, int)
                0x00000000c0018558                PCI::readBAR16(unsigned int, int)
                0x00000000c0018576                PCI::readBAR32(unsigned int, int)
                0x00000000c0018592                PCI::writeBAR8(unsigned int, unsigned char, int)
                0x00000000c00185b2                PCI::writeBAR16(unsigned int, unsigned short, int)
                0x00000000c00185d4                PCI::writeBAR32(unsigned int, unsigned int, int)
                0x00000000c00185f4                PCI::legacyMechanism(unsigned char, unsigned char, unsigned char, unsigned char)
                0x00000000c0018662                PCI::pciReadWord(unsigned char, unsigned char, unsigned char, unsigned char)
                0x00000000c001870a                PCI::getVendorID(unsigned char, unsigned char, unsigned char)
                0x00000000c001872e                PCI::getHeaderType(unsigned char, unsigned char, unsigned char)
                0x00000000c0018756                PCI::getClassCode(unsigned char, unsigned char, unsigned char)
                0x00000000c00187a0                PCI::getProgIF(unsigned char, unsigned char, unsigned char)
                0x00000000c00187c8                PCI::getRevisionID(unsigned char, unsigned char, unsigned char)
                0x00000000c00187ec                PCI::getInterruptNumber(unsigned char, unsigned char, unsigned char)
                0x00000000c0018810                PCI::getSecondaryBus(unsigned char, unsigned char, unsigned char)
                0x00000000c0018838                PCI::getBARAddress(unsigned char, unsigned char, unsigned char, unsigned char)
                0x00000000c001889c                PCI::pciWriteWord(unsigned char, unsigned char, unsigned char, unsigned char, unsigned short)
                0x00000000c0018984                PCI::pciDetailsToFilepath(PCIDeviceInfo, char*)
                0x00000000c0018bfe                PCI::checkBus(unsigned char)
                0x00000000c0018c24                PCI::foundDevice(PCIDeviceInfo)
                0x00000000c0018d96                PCI::getDeviceData(unsigned char, unsigned char, unsigned char)
                0x00000000c0018f0a                PCI::checkDevice(unsigned char, unsigned char)
                0x00000000c0018f76                PCI::detect()
 *fill*         0x00000000c0018fc9        0x1 
 .text          0x00000000c0018fca      0xb5a hw/diskctrl/ide.32
                0x00000000c0018fca                IDE::close(int, int, void*)
                0x00000000c0018fce                IDE::IDE()
                0x00000000c0018fce                IDE::IDE()
                0x00000000c0019002                IDE::prepareInterrupt(unsigned char)
                0x00000000c0019014                selectDrive(unsigned char, unsigned char)
                0x00000000c0019016                IDE::getBase(unsigned char)
                0x00000000c0019028                IDE::write(unsigned char, unsigned char, unsigned char)
                0x00000000c00190e8                IDE::read(unsigned char, unsigned char)
                0x00000000c0019196                IDE::waitInterrupt(unsigned char)
                0x00000000c00191fe                ideChannel0IRQHandler(regs*, void*)
                0x00000000c001921a                ideChannel1IRQHandler(regs*, void*)
                0x00000000c0019236                IDE::enableIRQs(unsigned char, bool)
                0x00000000c001927c                IDE::open(int, int, void*)
                0x00000000c001968a                IDE::readBuffer(unsigned char, unsigned char, unsigned int, unsigned int)
                0x00000000c0019756                IDE::detect()
                0x00000000c0019a16                IDE::printError(unsigned char, unsigned char, unsigned char)
                0x00000000c0019ac6                IDE::polling(unsigned char, unsigned int)
 .text          0x00000000c0019b24      0x32a hw/diskctrl/satabus.32
                0x00000000c0019b24                SATABus::close(int, int, void*)
                0x00000000c0019b28                SATABus::detect()
                0x00000000c0019b2a                SATABus::SATABus()
                0x00000000c0019b2a                SATABus::SATABus()
                0x00000000c0019bb0                SATABus::findCmdslot(SATABus::tagHBA_PORT volatile*)
                0x00000000c0019be2                SATABus::checkType(SATABus::tagHBA_PORT volatile*)
                0x00000000c0019c2a                SATABus::startCmd(SATABus::tagHBA_PORT volatile*)
                0x00000000c0019c4a                SATABus::stopCmd(SATABus::tagHBA_PORT volatile*)
                0x00000000c0019c74                SATABus::portRebase(SATABus::tagHBA_PORT volatile*, int)
                0x00000000c0019d84                SATABus::probePort(SATABus::tagHBA_MEM volatile*)
                0x00000000c0019e2e                SATABus::open(int, int, void*)
 .text          0x00000000c0019e4e      0x5f4 hw/diskphys/ata.32
                0x00000000c0019e4e                ATA::close(int, int, void*)
                0x00000000c0019e72                ATA::powerSaving(PowerSavingLevel)
                0x00000000c0019e74                ATA::ATA()
                0x00000000c0019e74                ATA::ATA()
                0x00000000c0019ea2                ATA::flush(bool)
                0x00000000c0019eec                ATA::readyForCommand()
                0x00000000c0019f38                ATA::access(unsigned long long, int, void*, bool)
                0x00000000c001a2b4                ATA::read(unsigned long long, int, void*)
                0x00000000c001a300                ATA::write(unsigned long long, int, void*)
                0x00000000c001a34c                ATA::detectCHS()
                0x00000000c001a376                ATA::open(int, int, void*)
 .text          0x00000000c001a442      0x60e hw/diskphys/atapi.32
                0x00000000c001a442                ATAPI::write(unsigned long long, int, void*)
                0x00000000c001a448                ATAPI::close(int, int, void*)
                0x00000000c001a46c                ATAPI::ATAPI()
                0x00000000c001a46c                ATAPI::ATAPI()
                0x00000000c001a49a                ATAPI::readyForCommand()
                0x00000000c001a4ec                ATAPI::sendPacket(unsigned char*, int, bool, unsigned short*, int)
                0x00000000c001a7ac                ATAPI::diskRemoved()
                0x00000000c001a7e6                ATAPI::eject()
                0x00000000c001a82e                ATAPI::diskInserted()
                0x00000000c001a83a                ATAPI::detectMedia()
                0x00000000c001a8f6                ATAPI::open(int, int, void*)
                0x00000000c001a9d6                ATAPI::read(unsigned long long, int, void*)
 .text          0x00000000c001aa50      0x402 hw/diskphys/sata.32
                0x00000000c001aa50                SATA::close(int, int, void*)
                0x00000000c001aa74                SATA::powerSaving(PowerSavingLevel)
                0x00000000c001aa76                SATA::open(int, int, void*)
                0x00000000c001ab20                SATA::SATA()
                0x00000000c001ab20                SATA::SATA()
                0x00000000c001ab4e                SATA::access(unsigned long long, int, void*, bool)
                0x00000000c001ad9a                SATA::read(unsigned long long, int, void*)
                0x00000000c001ade6                SATA::write(unsigned long long, int, void*)
 .text          0x00000000c001ae52      0x5af hw/diskphys/satapi.32
                0x00000000c001ae52                SATAPI::write(unsigned long long, int, void*)
                0x00000000c001ae58                SATAPI::close(int, int, void*)
                0x00000000c001ae7c                SATAPI::SATAPI()
                0x00000000c001ae7c                SATAPI::SATAPI()
                0x00000000c001aeaa                SATAPI::diskRemoved()
                0x00000000c001aeac                SATAPI::diskInserted()
                0x00000000c001aec8                SATAPI::sendPacket(unsigned char*, int, unsigned long long, unsigned short*, int)
                0x00000000c001b1a8                SATAPI::eject()
                0x00000000c001b1e4                SATAPI::detectMedia()
                0x00000000c001b20a                SATAPI::open(int, int, void*)
                0x00000000c001b30a                SATAPI::read(unsigned long long, int, void*)
 *fill*         0x00000000c001b401        0x1 
 .text          0x00000000c001b402      0x455 hw/intctrl/apic.32
                0x00000000c001b402                IOAPIC::close(int, int, void*)
                0x00000000c001b408                apicGetBase()
                0x00000000c001b44a                IOAPIC::IOAPIC()
                0x00000000c001b44a                IOAPIC::IOAPIC()
                0x00000000c001b472                apicOpen()
                0x00000000c001b5d8                IOAPIC::handlesGSIWithNumber(unsigned int)
                0x00000000c001b60a                IOAPIC::read(int)
                0x00000000c001b632                IOAPIC::open(int, int, void*)
                0x00000000c001b726                IOAPIC::write(int, int)
                0x00000000c001b752                IOAPIC::redirect(unsigned char, unsigned long long, unsigned char, bool, bool)
 *fill*         0x00000000c001b857        0x1 
 .text          0x00000000c001b858       0xf0 hw/timer/apictimer.32
                0x00000000c001b858                APICTimer::close(int, int, void*)
                0x00000000c001b860                apicTimerHandler(regs*, void*)
                0x00000000c001b888                APICTimer::open(int, int, void*)
                0x00000000c001b8f8                APICTimer::write(int)
                0x00000000c001b920                APICTimer::APICTimer()
                0x00000000c001b920                APICTimer::APICTimer()
 .text          0x00000000c001b948      0x1aa hw/timer/pit.32
                0x00000000c001b948                PIT::write(int)
                0x00000000c001b9cc                pitHandler(regs*, void*)
                0x00000000c001b9f0                PIT::open(int, int, void*)
                0x00000000c001ba40                PIT::close(int, int, void*)
                0x00000000c001ba70                PIT::PIT()
                0x00000000c001ba70                PIT::PIT()
 *fill*         0x00000000c001baf2        0xe 
 .text          0x00000000c001bb00       0x83 arch/i386/avx.32
                0x00000000c001bb00                avxDetect
                0x00000000c001bb2a                avxSave
                0x00000000c001bb3b                avxLoad
                0x00000000c001bb4c                avxInit
                0x00000000c001bb6e                avxClose
                0x00000000c001bb6f                wouldSheSayYes
 *fill*         0x00000000c001bb83        0xd 
 .text          0x00000000c001bb90      0x231 arch/i386/interrupt.32
                0x00000000c001bb90                isr0
                0x00000000c001bba0                isr1
                0x00000000c001bbaa                isr2
                0x00000000c001bbb4                isr3
                0x00000000c001bbbe                isr4
                0x00000000c001bbc8                isr5
                0x00000000c001bbd2                isr6
                0x00000000c001bbdc                isr7
                0x00000000c001bbe6                isr8
                0x00000000c001bbee                isr9
                0x00000000c001bbf8                isr10
                0x00000000c001bc00                isr11
                0x00000000c001bc08                isr12
                0x00000000c001bc10                isr13
                0x00000000c001bc18                isr14
                0x00000000c001bc20                isr15
                0x00000000c001bc2a                isr16
                0x00000000c001bc34                isr17
                0x00000000c001bc3e                isr18
                0x00000000c001bc48                irq3
                0x00000000c001bc52                irq4
                0x00000000c001bc5c                irq5
                0x00000000c001bc66                irq6
                0x00000000c001bc70                irq7
                0x00000000c001bc7a                irq8
                0x00000000c001bc84                irq9
                0x00000000c001bc8e                irq10
                0x00000000c001bc98                irq11
                0x00000000c001bca2                irq12
                0x00000000c001bcac                irq13
                0x00000000c001bcb6                irq14
                0x00000000c001bcc0                irq15
                0x00000000c001bcca                irq1
                0x00000000c001bcd1                irq2
                0x00000000c001bcd8                isr96
                0x00000000c001bcdf                irq0
                0x00000000c001bce4                int_common_stub
                0x00000000c001bd16                syscall_common_stub
                0x00000000c001bd71                irq16
                0x00000000c001bd7b                irq17
                0x00000000c001bd85                irq18
                0x00000000c001bd8f                irq19
                0x00000000c001bd99                irq20
                0x00000000c001bda3                irq21
                0x00000000c001bdad                irq22
                0x00000000c001bdb7                irq23
 *fill*         0x00000000c001bdc1        0xf 
 .text          0x00000000c001bdd0       0x10 arch/i386/rdrand.32
                0x00000000c001bdd0                i386GetRDRAND
 .text          0x00000000c001bde0       0x39 arch/i386/sse.32
                0x00000000c001bde0                absolutelyNoChanceInHell
                0x00000000c001bde0                sseDetect
                0x00000000c001bdf8                sseSave
                0x00000000c001be00                sseLoad
                0x00000000c001be08                sseInit
                0x00000000c001be18                sseClose
 *fill*         0x00000000c001be19        0x7 
 .text          0x00000000c001be20       0x49 arch/i386/x87.32
                0x00000000c001be26                x87Detect
                0x00000000c001be41                x87Save
                0x00000000c001be48                x87Load
                0x00000000c001be4f                x87Init
                0x00000000c001be68                x87Close
 *fill*         0x00000000c001be69        0x3 
 .text          0x00000000c001be6c       0x25 /cygdrive/d/Users/Alex/Desktop/Toolchain/Output/bin/../lib/gcc/i386-banana/8.1.0/crtend.o
 .text          0x00000000c001be91        0x0 crtn.32
 *fill*         0x00000000c001be91        0x3 
 .text          0x00000000c001be94      0x14b /cygdrive/d/Users/Alex/Desktop/Toolchain/Output/bin/../lib/gcc/i386-banana/8.1.0/libkgcc.a(_divdi3.o)
                0x00000000c001be94                __divdi3
 *fill*         0x00000000c001bfdf        0x1 
 .text          0x00000000c001bfe0      0x17e /cygdrive/d/Users/Alex/Desktop/Toolchain/Output/bin/../lib/gcc/i386-banana/8.1.0/libkgcc.a(_moddi3.o)
                0x00000000c001bfe0                __moddi3
 *fill*         0x00000000c001c15e        0x2 
 .text          0x00000000c001c160       0xff /cygdrive/d/Users/Alex/Desktop/Toolchain/Output/bin/../lib/gcc/i386-banana/8.1.0/libkgcc.a(_udivdi3.o)
                0x00000000c001c160                __udivdi3
 *fill*         0x00000000c001c25f        0x1 
 .text          0x00000000c001c260      0x11a /cygdrive/d/Users/Alex/Desktop/Toolchain/Output/bin/../lib/gcc/i386-banana/8.1.0/libkgcc.a(_umoddi3.o)
                0x00000000c001c260                __umoddi3
 *(.gnu.linkonce.t*)

.iplt           0x00000000c001c380        0x0
 .iplt          0x00000000c001c380        0x0 D:/Users/Alex/Desktop/Banana/kernel/boot.32

.init           0x00000000c001c37a        0xf
 .init          0x00000000c001c37a        0x3 crti.32
                0x00000000c001c37a                _init
 .init          0x00000000c001c37d        0x5 /cygdrive/d/Users/Alex/Desktop/Toolchain/Output/bin/../lib/gcc/i386-banana/8.1.0/crtbegin.o
 .init          0x00000000c001c382        0x5 /cygdrive/d/Users/Alex/Desktop/Toolchain/Output/bin/../lib/gcc/i386-banana/8.1.0/crtend.o
 .init          0x00000000c001c387        0x2 crtn.32

.fini           0x00000000c001c389        0xa
 .fini          0x00000000c001c389        0x3 crti.32
                0x00000000c001c389                _fini
 .fini          0x00000000c001c38c        0x5 /cygdrive/d/Users/Alex/Desktop/Toolchain/Output/bin/../lib/gcc/i386-banana/8.1.0/crtbegin.o
 .fini          0x00000000c001c391        0x2 crtn.32

.text._ZN8ComputerD2Ev
                0x00000000c001c394       0x23
 .text._ZN8ComputerD2Ev
                0x00000000c001c394       0x23 core/computer.32
                0x00000000c001c394                Computer::~Computer()
                0x00000000c001c394                Computer::~Computer()

.text._ZN8ComputerD0Ev
                0x00000000c001c3b8       0x2a
 .text._ZN8ComputerD0Ev
                0x00000000c001c3b8       0x2a core/computer.32
                0x00000000c001c3b8                Computer::~Computer()

.text._Z10idleCommonv
                0x00000000c001c3e2       0x21
 .text._Z10idleCommonv
                0x00000000c001c3e2       0x21 core/idle.32
                0x00000000c001c3e2                idleCommon()

.text._ZN10LinkedListI8UnixFileED2Ev
                0x00000000c001c404        0x2
 .text._ZN10LinkedListI8UnixFileED2Ev
                0x00000000c001c404        0x2 core/unixfile.32
                0x00000000c001c404                LinkedList<UnixFile>::~LinkedList()
                0x00000000c001c404                LinkedList<UnixFile>::~LinkedList()

.text._ZN10LinkedListI8UnixFileEC2Ev
                0x00000000c001c406       0x42
 .text._ZN10LinkedListI8UnixFileEC2Ev
                0x00000000c001c406       0x42 core/unixfile.32
                0x00000000c001c406                LinkedList<UnixFile>::LinkedList()
                0x00000000c001c406                LinkedList<UnixFile>::LinkedList()

.text._ZN10LinkedListI8UnixFileE10addElementEPS0_
                0x00000000c001c448       0xd3
 .text._ZN10LinkedListI8UnixFileE10addElementEPS0_
                0x00000000c001c448       0xd3 core/unixfile.32
                0x00000000c001c448                LinkedList<UnixFile>::addElement(UnixFile*)

.text._ZN10LinkedListI8UnixFileE15getFirstElementEv
                0x00000000c001c51c        0x7
 .text._ZN10LinkedListI8UnixFileE15getFirstElementEv
                0x00000000c001c51c        0x7 core/unixfile.32
                0x00000000c001c51c                LinkedList<UnixFile>::getFirstElement()

.text._ZN10LinkedListI8UnixFileE11removeFirstEv
                0x00000000c001c524       0xa1
 .text._ZN10LinkedListI8UnixFileE11removeFirstEv
                0x00000000c001c524       0xa1 core/unixfile.32
                0x00000000c001c524                LinkedList<UnixFile>::removeFirst()

.text._ZN10LinkedListI8UnixFileE7getNextEPS0_
                0x00000000c001c5c6        0x8
 .text._ZN10LinkedListI8UnixFileE7getNextEPS0_
                0x00000000c001c5c6        0x8 core/unixfile.32
                0x00000000c001c5c6                LinkedList<UnixFile>::getNext(UnixFile*)

.text._ZN16DriverlessDeviceD2Ev
                0x00000000c001c5ce       0x1a
 .text._ZN16DriverlessDeviceD2Ev
                0x00000000c001c5ce       0x1a hal/device.32
                0x00000000c001c5ce                DriverlessDevice::~DriverlessDevice()
                0x00000000c001c5ce                DriverlessDevice::~DriverlessDevice()

.text._ZN16DriverlessDeviceD0Ev
                0x00000000c001c5e8       0x2a
 .text._ZN16DriverlessDeviceD0Ev
                0x00000000c001c5e8       0x2a hal/device.32
                0x00000000c001c5e8                DriverlessDevice::~DriverlessDevice()

.text._ZN10LinkedListI6DeviceE10addElementEPS0_
                0x00000000c001c612       0xdc
 .text._ZN10LinkedListI6DeviceE10addElementEPS0_
                0x00000000c001c612       0xdc hal/device.32
                0x00000000c001c612                LinkedList<Device>::addElement(Device*)

.text._ZN10LinkedListI6DeviceEC2Ev
                0x00000000c001c6ee       0x42
 .text._ZN10LinkedListI6DeviceEC2Ev
                0x00000000c001c6ee       0x42 hal/device.32
                0x00000000c001c6ee                LinkedList<Device>::LinkedList()
                0x00000000c001c6ee                LinkedList<Device>::LinkedList()

.text._ZN10LinkedListIV18ThreadControlBlockE7isEmptyEv
                0x00000000c001c730       0x1c
 .text._ZN10LinkedListIV18ThreadControlBlockE7isEmptyEv
                0x00000000c001c730       0x1c hal/timer.32
                0x00000000c001c730                LinkedList<ThreadControlBlock volatile>::isEmpty()

.text._ZN10LinkedListIV18ThreadControlBlockE15getFirstElementEv
                0x00000000c001c74c        0x7
 .text._ZN10LinkedListIV18ThreadControlBlockE15getFirstElementEv
                0x00000000c001c74c        0x7 hal/timer.32
                0x00000000c001c74c                LinkedList<ThreadControlBlock volatile>::getFirstElement()

.text._ZN10LinkedListIV18ThreadControlBlockE11removeFirstEv