Archive member included to satisfy reference by file (symbol)

/cygdrive/d/Users/Alex/Desktop/Toolchain/Output/bin/../lib/gcc/i386-banana/8.1.0/libkgcc.a(_divdi3.o)
                              fs/fat/ff.32 (__divdi3)
/cygdrive/d/Users/Alex/Desktop/Toolchain/Output/bin/../lib/gcc/i386-banana/8.1.0/libkgcc.a(_moddi3.o)
                              compat/resolve.32 (__moddi3)
/cygdrive/d/Users/Alex/Desktop/Toolchain/Output/bin/../lib/gcc/i386-banana/8.1.0/libkgcc.a(_udivdi3.o)
                              fs/fat/ff.32 (__udivdi3)
/cygdrive/d/Users/Alex/Desktop/Toolchain/Output/bin/../lib/gcc/i386-banana/8.1.0/libkgcc.a(_umoddi3.o)
                              compat/resolve.32 (__umoddi3)

Discarded input sections

 .comment       0x0000000000000000       0x12 /cygdrive/d/Users/Alex/Desktop/Toolchain/Output/bin/../lib/gcc/i386-banana/8.1.0/crtbegin.o
 .comment       0x0000000000000000       0x12 acpica/utclib.32
 .comment       0x0000000000000000       0x12 core/malloc.32
 .comment       0x0000000000000000       0x12 libk/string.32
 .comment       0x0000000000000000       0x12 fs/fat/diskio.32
 .comment       0x0000000000000000       0x12 fs/fat/ff.32
 .comment       0x0000000000000000       0x12 fs/fat/ffsystem.32
 .comment       0x0000000000000000       0x12 fs/fat/ffunicode.32
 .comment       0x0000000000000000       0x12 compat/inlines.32
 .comment       0x0000000000000000       0x12 compat/resolve.32
 .group         0x0000000000000000       0x14 core/computer.32
 .group         0x0000000000000000        0xc core/computer.32
 .comment       0x0000000000000000       0x12 core/computer.32
 .comment       0x0000000000000000       0x12 core/gdt.32
 .group         0x0000000000000000        0xc core/idle.32
 .comment       0x0000000000000000       0x12 core/idle.32
 .comment       0x0000000000000000       0x12 core/idt.32
 .comment       0x0000000000000000       0x12 core/kheap.32
 .comment       0x0000000000000000       0x12 core/main.32
 .comment       0x0000000000000000       0x12 core/physmgr.32
 .group         0x0000000000000000        0xc core/pipe.32
 .comment       0x0000000000000000       0x12 core/pipe.32
 .group         0x0000000000000000        0xc core/terminal.32
 .comment       0x0000000000000000       0x12 core/terminal.32
 .comment       0x0000000000000000       0x12 core/tss.32
 .group         0x0000000000000000        0x8 core/unixfile.32
 .group         0x0000000000000000        0x8 core/unixfile.32
 .group         0x0000000000000000        0xc core/unixfile.32
 .group         0x0000000000000000        0x8 core/unixfile.32
 .group         0x0000000000000000        0xc core/unixfile.32
 .group         0x0000000000000000        0x8 core/unixfile.32
 .group         0x0000000000000000        0xc core/unixfile.32
 .group         0x0000000000000000        0xc core/unixfile.32
 .comment       0x0000000000000000       0x12 core/unixfile.32
 .comment       0x0000000000000000       0x12 core/virtmgr.32
 .comment       0x0000000000000000       0x12 coreobjs/c++.32
 .comment       0x0000000000000000       0x12 dbg/kconsole.32
 .group         0x0000000000000000        0xc fs/vfs.32
 .group         0x0000000000000000        0xc fs/vfs.32
 .group         0x0000000000000000        0xc fs/vfs.32
 .comment       0x0000000000000000       0x12 fs/vfs.32
 .group         0x0000000000000000        0xc hal/bus.32
 .comment       0x0000000000000000       0x12 hal/bus.32
 .group         0x0000000000000000        0xc hal/buzzer.32
 .comment       0x0000000000000000       0x12 hal/buzzer.32
 .group         0x0000000000000000        0xc hal/clock.32
 .comment       0x0000000000000000       0x12 hal/clock.32
 .group         0x0000000000000000       0x14 hal/device.32
 .group         0x0000000000000000        0xc hal/device.32
 .group         0x0000000000000000        0x8 hal/device.32
 .group         0x0000000000000000        0xc hal/device.32
 .group         0x0000000000000000        0xc hal/device.32
 .comment       0x0000000000000000       0x12 hal/device.32
 .group         0x0000000000000000        0xc hal/diskctrl.32
 .comment       0x0000000000000000       0x12 hal/diskctrl.32
 .group         0x0000000000000000        0xc hal/diskphys.32
 .comment       0x0000000000000000       0x12 hal/diskphys.32
 .group         0x0000000000000000        0xc hal/fpu.32
 .comment       0x0000000000000000       0x12 hal/fpu.32
 .group         0x0000000000000000        0xc hal/intctrl.32
 .comment       0x0000000000000000       0x12 hal/intctrl.32
 .group         0x0000000000000000        0xc hal/keybrd.32
 .comment       0x0000000000000000       0x12 hal/keybrd.32
 .group         0x0000000000000000        0xc hal/logidisk.32
 .comment       0x0000000000000000       0x12 hal/logidisk.32
 .group         0x0000000000000000        0xc hal/mouse.32
 .comment       0x0000000000000000       0x12 hal/mouse.32
 .comment       0x0000000000000000       0x12 hal/partition.32
 .group         0x0000000000000000        0xc hal/serial.32
[...]
Memory Configuration

Name             Origin             Length             Attributes
*default*        0x0000000000000000 0xffffffffffffffff

Linker script and memory map

LOAD D:/Users/Alex/Desktop/Banana/kernel/boot.32
LOAD crti.32
LOAD /cygdrive/d/Users/Alex/Desktop/Toolchain/Output/bin/../lib/gcc/i386-banana/8.1.0/crtbegin.o
LOAD D:/Users/Alex/Desktop/Banana/kernel/morenasm.32
LOAD acpica/utclib.32
LOAD core/malloc.32
LOAD libk/string.32
LOAD fs/fat/diskio.32
LOAD fs/fat/ff.32
LOAD fs/fat/ffsystem.32
LOAD fs/fat/ffunicode.32
LOAD compat/inlines.32
LOAD compat/resolve.32
LOAD core/computer.32
LOAD core/gdt.32
LOAD core/idle.32
LOAD core/idt.32
LOAD core/kheap.32
LOAD core/main.32
LOAD core/physmgr.32
LOAD core/pipe.32
LOAD core/terminal.32
LOAD core/tss.32
LOAD core/unixfile.32
LOAD core/virtmgr.32
LOAD coreobjs/c++.32
LOAD dbg/kconsole.32
LOAD fs/vfs.32
LOAD hal/bus.32
LOAD hal/buzzer.32
LOAD hal/clock.32
LOAD hal/device.32
LOAD hal/diskctrl.32
LOAD hal/diskphys.32
LOAD hal/fpu.32
LOAD hal/intctrl.32
LOAD hal/keybrd.32
LOAD hal/logidisk.32
LOAD hal/mouse.32
LOAD hal/partition.32
LOAD hal/serial.32
LOAD hal/timer.32
LOAD hal/vcache.32
LOAD hal/video.32
LOAD hw/acpi.32
LOAD hw/cpu.32
LOAD hw/ports.32
LOAD hw/smp.32
LOAD krnl/env.32
LOAD krnl/panic.32
LOAD net/ethernet.32
LOAD reg/registry.32
LOAD sys/sc_eject.32
LOAD sys/sc_exit.32
LOAD sys/sc_getcwd.32
LOAD sys/sc_getpid.32
LOAD sys/sc_getramdata.32
LOAD sys/sc_getvgaptr.32
LOAD sys/sc_loaddll.32
LOAD sys/sc_read.32
LOAD sys/sc_sbrk.32
LOAD sys/sc_setcwd.32
LOAD sys/sc_settime.32
LOAD sys/sc_timezone.32
LOAD sys/sc_write.32
LOAD sys/sc_wsbe.32
LOAD sys/sc_yield.32
LOAD sys/syscalls.32
LOAD thr/elf.32
LOAD thr/prcssthr.32
LOAD vm86/vm8086.32
LOAD vm86/x87em.32
LOAD fs/fat/vfslink.32
LOAD fs/iso9660/vfslink.32
LOAD hal/sound/sndcard.32
LOAD hal/sound/sndport.32
LOAD hw/bus/isa.32
LOAD hw/bus/pci.32
LOAD hw/diskctrl/ide.32
LOAD hw/diskctrl/satabus.32
LOAD hw/diskphys/ata.32
LOAD hw/diskphys/atapi.32
LOAD hw/diskphys/sata.32
LOAD hw/diskphys/satapi.32
LOAD hw/fpu/avx.32
LOAD hw/fpu/mmx.32
LOAD hw/fpu/sse.32
LOAD hw/fpu/x87.32
LOAD hw/intctrl/apic.32
LOAD hw/intctrl/pic.32
LOAD hw/timer/apictimer.32
LOAD hw/timer/pit.32
LOAD hw/fpu/x86/avx.32
LOAD hw/fpu/x86/sse.32
LOAD hw/fpu/x86/x87.32
LOAD /cygdrive/d/Users/Alex/Desktop/Toolchain/Output/bin/../lib/gcc/i386-banana/8.1.0/crtend.o
LOAD crtn.32
LOAD /cygdrive/d/Users/Alex/Desktop/Toolchain/Output/bin/../lib/gcc/i386-banana/8.1.0/libkgcc.a
LOAD D:/Users/Alex/Desktop/Banana/kernel/libsoftfp.a
LOAD D:/Users/Alex/Desktop/Banana/kernel/libk/libm32.a
                0x00000000c0000000                . = 0xc0000000

.text           0x00000000c0000000    0x210fe
 *(.text)
 .text          0x00000000c0000000       0x41 D:/Users/Alex/Desktop/Banana/kernel/boot.32
                0x00000000c0000020                callGlobalConstructors
 .text          0x00000000c0000041        0x0 crti.32
 *fill*         0x00000000c0000041        0x3 
 .text          0x00000000c0000044      0x101 /cygdrive/d/Users/Alex/Desktop/Toolchain/Output/bin/../lib/gcc/i386-banana/8.1.0/crtbegin.o
 *fill*         0x00000000c0000145        0xb 
 .text          0x00000000c0000150      0x430 D:/Users/Alex/Desktop/Banana/kernel/morenasm.32
                0x00000000c0000150                manualPCIProbe
                0x00000000c000019b                prepareTramp
                0x00000000c00001b4                doTPAUSE
                0x00000000c00001be                hasLegacyFPU
                0x00000000c00001e3                is486
                0x00000000c0000219                detectCPUID
                0x00000000c000022f                goToVM86
                0x00000000c000025f                goToUsermode
                0x00000000c0000289                switchToThreadASMFirstTime
                0x00000000c0000297                switchToThreadASM
                0x00000000c0000327                asmQuickAcquireLock
                0x00000000c0000345                asmQuickReleaseLock
                0x00000000c0000351                asmAcquireLock
                0x00000000c0000372                asmReleaseLock
                0x00000000c0000385                loadGDT
                0x00000000c00003a5                isr0
                0x00000000c00003b5                isr1
                0x00000000c00003bf                isr2
                0x00000000c00003c9                isr3
                0x00000000c00003d3                isr4
                0x00000000c00003dd                isr5
                0x00000000c00003e7                isr6
                0x00000000c00003f1                isr7
                0x00000000c00003fb                isr8
                0x00000000c0000403                isr9
                0x00000000c000040d                isr10
                0x00000000c0000415                isr11
                0x00000000c000041d                isr12
                0x00000000c0000425                isr13
                0x00000000c000042d                isr14
                0x00000000c0000435                isr15
                0x00000000c000043f                isr16
                0x00000000c0000449                isr17
                0x00000000c0000453                isr18
                0x00000000c000045d                irq3
                0x00000000c0000467                irq4
                0x00000000c0000471                irq5
                0x00000000c000047b                irq6
                0x00000000c0000485                irq7
                0x00000000c000048f                irq8
                0x00000000c0000499                irq9
                0x00000000c00004a3                irq10
                0x00000000c00004ad                irq11
                0x00000000c00004b7                irq12
                0x00000000c00004c1                irq13
                0x00000000c00004cb                irq14
                0x00000000c00004d5                irq15
                0x00000000c00004df                irq1
                0x00000000c00004e6                irq2
                0x00000000c00004ed                isr96
                0x00000000c00004f4                irq0
                0x00000000c00004f9                int_common_stub
                0x00000000c00004f9                syscall_common_stub
                0x00000000c000052b                irq16
                0x00000000c0000535                irq17
                0x00000000c000053f                irq18
                0x00000000c0000549                irq19
                0x00000000c0000553                irq20
                0x00000000c000055d                irq21
                0x00000000c0000567                irq22
                0x00000000c0000571                irq23
                0x00000000c000057b                memcpy
 .text          0x00000000c0000580      0x5dd acpica/utclib.32
                0x00000000c0000580                memcmp
                0x00000000c00005bc                memmove
                0x00000000c0000684                memset
                0x00000000c00006a0                strlen
                0x00000000c00006b8                strpbrk
                0x00000000c00006f4                strtok
                0x00000000c0000740                strcpy
                0x00000000c0000764                strncpy
                0x00000000c00007cc                strcmp
                0x00000000c000080c                strchr
                0x00000000c0000830                strncmp
                0x00000000c0000880                strcat
                0x00000000c00008b0                strncat
                0x00000000c00008ec                strstr
                0x00000000c0000934                toupper
                0x00000000c0000948                tolower
                0x00000000c000095c                simple_strtoul
 .text          0x00000000c0000b5d      0xfad core/malloc.32
                0x00000000c0000cc8                dlfree
                0x00000000c0001023                dlmalloc
                0x00000000c0001560                dlrealloc
                0x00000000c0001703                dlmemalign
                0x00000000c0001826                dlcalloc
                0x00000000c00018c0                dlcfree
                0x00000000c00018c5                dlindependent_calloc
                0x00000000c00018ea                dlindependent_comalloc
                0x00000000c0001901                dlvalloc
                0x00000000c000192c                dlpvalloc
                0x00000000c0001962                dlmalloc_trim
                0x00000000c000196f                dlmalloc_usable_size
                0x00000000c00019a0                dlmallinfo
                0x00000000c0001a6f                dlmalloc_stats
                0x00000000c0001a80                dlmallopt
 .text          0x00000000c0001b0a        0x0 libk/string.32
 .text          0x00000000c0001b0a       0x51 fs/fat/diskio.32
                0x00000000c0001b0a                disk_status
                0x00000000c0001b0d                disk_initialize
                0x00000000c0001b10                disk_read
                0x00000000c0001b26                disk_write
                0x00000000c0001b3c                disk_ioctl
 .text          0x00000000c0001b5b     0x6a69 fs/fat/ff.32
                0x00000000c0004e29                f_mount
                0x00000000c0004e8b                f_open
                0x00000000c00052c7                f_read
                0x00000000c0005547                f_write
                0x00000000c0005801                f_sync
                0x00000000c00059dd                f_close
                0x00000000c0005a0c                f_lseek
                0x00000000c0005ec3                f_opendir
                0x00000000c0005fc5                f_closedir
                0x00000000c0005fe7                f_readdir
                0x00000000c0006082                f_stat
                0x00000000c0006111                f_getfree
                0x00000000c00062dc                f_truncate
                0x00000000c00063d4                f_unlink
                0x00000000c0006557                f_mkdir
                0x00000000c0006783                f_rename
                0x00000000c0006a76                f_chmod
                0x00000000c0006b54                f_utime
                0x00000000c0006c32                f_getlabel
                0x00000000c0006e20                f_setlabel
                0x00000000c000708d                f_expand
                0x00000000c00072c3                f_forward
                0x00000000c00074a1                f_mkfs
 .text          0x00000000c00085c4       0x2f fs/fat/ffsystem.32
                0x00000000c00085c4                ff_memalloc
                0x00000000c00085dc                ff_memfree
 *fill*         0x00000000c00085f3        0x1 
 .text          0x00000000c00085f4      0x274 fs/fat/ffunicode.32
                0x00000000c00085f4                ff_uni2oem
                0x00000000c000868c                ff_oem2uni
                0x00000000c0008700                ff_wtoupper
 .text          0x00000000c0008868       0xa7 compat/inlines.32
                0x00000000c0008868                CPU::current()
                0x00000000c0008874                operator new(unsigned long)
                0x00000000c0008879                operator delete(void*)
                0x00000000c000887e                disableIRQs()
                0x00000000c0008886                enableIRQs()
                0x00000000c0008895                lockScheduler()
                0x00000000c000889d                unlockScheduler()
                0x00000000c00088ac                lockStuff()
                0x00000000c00088ba                unlockStuff()
                0x00000000c00088f4                Virt::getAKernelVAS()
                0x00000000c00088fa                __not_memcpy
 *fill*         0x00000000c000890f        0x1 
 .text          0x00000000c0008910      0x118 compat/resolve.32
                0x00000000c0008910                Krnl::resolveCompatibilitySymbol(char*)
 .text          0x00000000c0008a28      0x7f7 core/computer.32
                0x00000000c0008a28                Computer::close(int, int, void*)
                0x00000000c0008a6c                Krnl::firstTask()
                0x00000000c0008bba                Computer::Computer()
                0x00000000c0008bba                Computer::Computer()
                0x00000000c0008d16                Computer::setBootMessage(char const*)
                0x00000000c0008d18                Computer::detectFeatures()
                0x00000000c0008f22                Computer::displayFeatures()
                0x00000000c0008f24                Computer::rdmsr(unsigned int)
                0x00000000c0008f50                Computer::wrmsr(unsigned int, unsigned long long)
                0x00000000c0008f88                Computer::nmiEnabled()
                0x00000000c0008f94                Computer::readCMOS(unsigned char)
                0x00000000c0008fae                Computer::enableNMI(bool)
                0x00000000c0008fc6                Computer::open(int, int, void*)
                0x00000000c0009162                Computer::disableNMI()
                0x00000000c0009170                Computer::writeCMOS(unsigned char, unsigned char)
                0x00000000c000918e                Computer::handleNMI()
                0x00000000c00091f4                Computer::setDiskActivityLight(int, bool)
 *fill*         0x00000000c000921f        0x1 
 .text          0x00000000c0009220      0x19d core/gdt.32
                0x00000000c0009220                GDTEntry::setBase(unsigned int)
                0x00000000c000923c                GDTEntry::setLimit(unsigned int)
                0x00000000c000925a                GDT::GDT()
                0x00000000c000925a                GDT::GDT()
                0x00000000c0009270                GDT::addEntry(GDTEntry)
                0x00000000c0009292                GDT::getNumberOfEntries()
                0x00000000c000929a                GDT::flush()
                0x00000000c00092bc                GDT::setup()
 .text          0x00000000c00093bd       0x6b core/idle.32
                0x00000000c00093bd                idleFunction(void*)
 .text          0x00000000c0009428      0x464 core/idt.32
                0x00000000c0009428                IDTEntry::IDTEntry(bool)
                0x00000000c0009428                IDTEntry::IDTEntry(bool)
                0x00000000c000949a                IDTEntry::setOffset(unsigned int)
                0x00000000c00094b0                IDT::IDT()
                0x00000000c00094b0                IDT::IDT()
                0x00000000c00094b2                IDT::getPointerToInvalidOpcodeEntryForF00F()
                0x00000000c00094ba                IDT::addEntry(IDTEntry, int)
                0x00000000c00094d4                IDT::addEntry(int, void (*)(), bool)
                0x00000000c000950c                IDT::flush()
                0x00000000c0009526                IDT::setup()
 .text          0x00000000c000988c      0x191 core/kheap.32
                0x00000000c000988c                sbrk
                0x00000000c000992f                mmap
                0x00000000c0009945                munmap
                0x00000000c000995b                liballoc_lock()
                0x00000000c0009968                liballoc_unlock()
                0x00000000c000997c                liballoc_alloc(int)
                0x00000000c0009994                liballoc_free(void*, int)
                0x00000000c00099af                realloc
                0x00000000c00099c3                malloc
                0x00000000c00099d3                free
                0x00000000c00099e3                rfree
                0x00000000c00099f3                calloc
 .text          0x00000000c0009a1d      0x1b6 core/main.32
                0x00000000c0009a1d                Krnl::setBootMessage(char const*)
                0x00000000c0009a89                kernel_main
 .text          0x00000000c0009bd3      0x5b5 core/physmgr.32
                0x00000000c0009bd3                Phys::allocateDMA(unsigned long)
                0x00000000c0009ca1                Phys::freeDMA(unsigned long, unsigned long)
                0x00000000c0009d00                Phys::setPageState(unsigned long, bool)
                0x00000000c0009d32                Phys::getPageState(unsigned long)
                0x00000000c0009d4e                Phys::freePage(unsigned long)
                0x00000000c0009dbf                Phys::allocatePage()
                0x00000000c0009eb7                Phys::allocateContiguousPages(int)
                0x00000000c0009f13                Phys::allowSegmentToBeUsed(unsigned long, unsigned long)
                0x00000000c0009f4b                Phys::physicalMemorySetup(unsigned int)
 .text          0x00000000c000a188      0x273 core/pipe.32
                0x00000000c000a188                Pipe::isAtty()
                0x00000000c000a18c                Pipe::~Pipe()
                0x00000000c000a18c                Pipe::~Pipe()
                0x00000000c000a1b0                Pipe::~Pipe()
                0x00000000c000a1d8                Pipe::read(unsigned long long, void*, int*)
                0x00000000c000a2d4                Pipe::write(unsigned long long, void*, int*)
                0x00000000c000a394                Pipe::Pipe(int)
                0x00000000c000a394                Pipe::Pipe(int)
 *fill*         0x00000000c000a3fb        0x1 
 .text          0x00000000c000a3fc      0xb93 core/terminal.32
                0x00000000c000a3fc                VgaText::isAtty()
                0x00000000c000a400                VgaText::~VgaText()
                0x00000000c000a400                VgaText::~VgaText()
                0x00000000c000a424                VgaText::~VgaText()
                0x00000000c000a44e                VgaText::read(unsigned long long, void*, int*)
                0x00000000c000a46e                setTerminalScrollLock(bool)
                0x00000000c000a46f                addToTerminalCycle(VgaText*)
                0x00000000c000a490                installVgaTextImplementation()
                0x00000000c000a4a5                scrollTerminalScrollLock(int)
                0x00000000c000a4a6                VgaText::updateTitle()
                0x00000000c000a4e4                VgaText::load()
                0x00000000c000a532                VgaText::updateCursor()
                0x00000000c000a548                VgaText::doANSI_SGR(int)
                0x00000000c000a5bc                VgaText::setDefaultBgColour(VgaColour)
                0x00000000c000a5cc                VgaText::setDefaultFgColour(VgaColour)
                0x00000000c000a5dc                VgaText::setDefaultColours(VgaColour, VgaColour)
                0x00000000c000a5fc                VgaText::setTitleTextColour(VgaColour)
                0x00000000c000a60c                VgaText::setTitleColour(VgaColour)
                0x00000000c000a61c                VgaText::setTitle(char*)
                0x00000000c000a642                VgaText::combineColours(unsigned char, unsigned char)
                0x00000000c000a654                VgaText::scrollScreen()
                0x00000000c000a6e8                VgaText::combineCharAndColour(char, unsigned char)
                0x00000000c000a6fa                VgaText::writeCharacter(char, VgaColour, VgaColour, int, int)
                0x00000000c000a756                VgaText::getCursorX()
                0x00000000c000a75e                VgaText::getCursorY()
                0x00000000c000a766                VgaText::setCursor(int, int)
                0x00000000c000a77d                setActiveTerminal(VgaText*)
                0x00000000c000a7df                doTerminalCycle()
                0x00000000c000a7fa                VgaText::setCursorX(int)
                0x00000000c000a812                VgaText::setCursorY(int)
                0x00000000c000a82a                VgaText::incrementCursor(bool)
                0x00000000c000a87e                VgaText::decrementCursor(bool)
                0x00000000c000a8a0                VgaText::putchar(char, VgaColour, VgaColour)
                0x00000000c000a978                VgaText::doUpdate()
                0x00000000c000a986                VgaText::puts(char const*, VgaColour, VgaColour)
                0x00000000c000aafe                VgaText::clearScreen()
                0x00000000c000ab58                VgaText::putchar(char)
                0x00000000c000ac44                VgaText::putx(unsigned int)
                0x00000000c000ac8a                VgaText::puts(char const*)
                0x00000000c000acb0                VgaText::VgaText(char const*)
                0x00000000c000acb0                VgaText::VgaText(char const*)
                0x00000000c000ae2e                VgaText::receiveKey(unsigned char)
                0x00000000c000af16                VgaText::write(unsigned long long, void*, int*)
                0x00000000c000af6a                newTerminal(char*)
 *fill*         0x00000000c000af8f        0x1 
 .text          0x00000000c000af90      0x1a1 core/tss.32
                0x00000000c000af90                TSS::TSS()
                0x00000000c000af90                TSS::TSS()
                0x00000000c000afa0                TSS::setESP(unsigned long)
                0x00000000c000afb4                TSS::flush()
                0x00000000c000afd4                TSS::setup(unsigned long, unsigned long)
 *fill*         0x00000000c000b131        0x1 
 .text          0x00000000c000b132      0x4c2 core/unixfile.32
                0x00000000c000b132                ReservedFilename::read(unsigned long long, void*, int*)
                0x00000000c000b188                ReservedFilename::isAtty()
                0x00000000c000b1a4                ReservedFilename::write(unsigned long long, void*, int*)
                0x00000000c000b202                UnixFile::getFileDescriptor()
                0x00000000c000b20a                UnixFile::UnixFile(int)
                0x00000000c000b20a                UnixFile::UnixFile(int)
                0x00000000c000b3ba                ReservedFilename::ReservedFilename(int)
                0x00000000c000b3ba                ReservedFilename::ReservedFilename(int)
                0x00000000c000b3ec                UnixFile::~UnixFile()
                0x00000000c000b3ec                UnixFile::~UnixFile()
                0x00000000c000b484                UnixFile::~UnixFile()
                0x00000000c000b4ac                ReservedFilename::~ReservedFilename()
                0x00000000c000b4ac                ReservedFilename::~ReservedFilename()
                0x00000000c000b4d0                ReservedFilename::~ReservedFilename()
                0x00000000c000b4f7                getFromFileDescriptor(int)
 .text          0x00000000c000b5f4     0x12cd core/virtmgr.32
                0x00000000c000b5f4                Virt::setPageState(unsigned long, Virt::VirtPageState)
                0x00000000c000b629                Virt::getPageState(unsigned long)
                0x00000000c000b64d                Virt::allocateKernelVirtualPages(int)
                0x00000000c000b75e                Virt::freeSwapfilePage(unsigned long)
                0x00000000c000b77c                Virt::swapIDToSector(unsigned long)
                0x00000000c000b78e                Virt::allocateSwapfilePage()
                0x00000000c000b80c                Virt::virtualMemorySetup()
                0x00000000c000b857                Virt::setupPageSwapping(int)
                0x00000000c000b8c8                VAS::VAS()
                0x00000000c000b8c8                VAS::VAS()
                0x00000000c000b904                VAS::VAS(VAS*)
                0x00000000c000b904                VAS::VAS(VAS*)
                0x00000000c000b932                VAS::getForeignPageTableEntry(bool, unsigned long)
                0x00000000c000b95e                VAS::getPageTableEntry(unsigned long)
                0x00000000c000b97d                Virt::freeKernelVirtualPages(unsigned long)
                0x00000000c000baa0                VAS::freeAllocatedPages(unsigned long)
                0x00000000c000bac4                VAS::virtualToPhysical(unsigned long)
                0x00000000c000badc                VAS::reflagRange(unsigned long, int, int, int)
                0x00000000c000bb1c                VAS::setToWriteCombining(unsigned long, int)
                0x00000000c000bb4e                VAS::mapOtherVASIn(bool, VAS*)
                0x00000000c000bb78                VAS::~VAS()
                0x00000000c000bb78                VAS::~VAS()
                0x00000000c000bcf4                VAS::mapPage(unsigned long, unsigned long, int)
                0x00000000c000bdf6                VAS::allocatePages(int, int)
                0x00000000c000bfce                VAS::setCPUSpecific(unsigned long)
                0x00000000c000bfea                VAS::mapRange(unsigned long, unsigned long, int, int)
                0x00000000c000c0b0                VAS::mapForeignPage(bool, VAS*, unsigned long, unsigned long, int)
                0x00000000c000c19e                VAS::VAS(bool)
                0x00000000c000c19e                VAS::VAS(bool)
                0x00000000c000c41e                VAS::evict(unsigned long)
                0x00000000c000c526                VAS::tryLoadBackOffDisk(unsigned long)
                0x00000000c000c6ae                VAS::scanForEviction()
                0x00000000c000c795                mapVASFirstTime
 .text          0x00000000c000c8c1       0x95 coreobjs/c++.32
                0x00000000c000c8c1                __cxa_atexit
                0x00000000c000c8c4                __cxa_finalize
                0x00000000c000c8c5                __stack_chk_fail
                0x00000000c000c931                __cxa_pure_virtual
                0x00000000c000c942                operator new[](unsigned long)
                0x00000000c000c947                operator delete(void*, unsigned long)
                0x00000000c000c94c                operator delete[](void*)
                0x00000000c000c951                operator delete[](void*, unsigned long)
 .text          0x00000000c000c956      0x1fc dbg/kconsole.32
                0x00000000c000c956                Dbg::stringifyxWithBase(unsigned int, char*, int)
                0x00000000c000c9af                Dbg::logc(char)
                0x00000000c000c9cf                Dbg::logs(char*)
                0x00000000c000c9ec                Dbg::logWriteInt(unsigned int)
                0x00000000c000ca09                Dbg::logWriteIntBase(unsigned int, int)
                0x00000000c000ca28                Dbg::kprintf(char const*, ...)
 .text          0x00000000c000cb52      0xb82 fs/vfs.32
                0x00000000c000cb52                File::read(unsigned long long, void*, int*)
                0x00000000c000cbaa                File::write(unsigned long long, void*, int*)
                0x00000000c000cc02                Directory::read(unsigned long long, void*, int*)
                0x00000000c000cc5a                Directory::write(unsigned long long, void*, int*)
                0x00000000c000cc88                File::isAtty()
                0x00000000c000cc8c                Directory::isAtty()
                0x00000000c000cc90                Filesystem::getlabel(LogicalDisk*, int, char*, unsigned int*)
                0x00000000c000cc96                Filesystem::setlabel(LogicalDisk*, int, char*)
                0x00000000c000cc9c                Filesystem::allocateSwapfile(char const*, int)
                0x00000000c000cca2                File::~File()
                0x00000000c000cca2                File::~File()
                0x00000000c000ccc6                File::~File()
                0x00000000c000ccf0                Directory::~Directory()
                0x00000000c000ccf0                Directory::~Directory()
                0x00000000c000cd14                Directory::~Directory()
                0x00000000c000cd3e                Filesystem::Filesystem()
                0x00000000c000cd3e                Filesystem::Filesystem()
                0x00000000c000cd62                Filesystem::~Filesystem()
                0x00000000c000cd62                Filesystem::~Filesystem()
                0x00000000c000cd70                Filesystem::~Filesystem()
                0x00000000c000cd94                Fs::getcwd(Process*, char*, int)
                0x00000000c000cdbe                Fs::initVFS()
                0x00000000c000cde8                Fs::standardiseFiles(char*, char const*, char const*)
                0x00000000c000cf92                File::File(char const*, Process*)
                0x00000000c000cf92                File::File(char const*, Process*)
                0x00000000c000cff6                File::open(FileOpenMode)
                0x00000000c000d054                File::close()
                0x00000000c000d0b4                File::seek(unsigned long long)
                0x00000000c000d10a                File::tell(unsigned long long*)
                0x00000000c000d15a                File::rewind()
                0x00000000c000d16e                File::unlink()
                0x00000000c000d1ba                File::rename(char const*)
                0x00000000c000d208                File::chfatattr(unsigned char, unsigned char)
                0x00000000c000d264                File::exists()
                0x00000000c000d2a2                File::stat(unsigned long long*, bool*)
                0x00000000c000d303                Fs::setcwd(Process*, char*)
                0x00000000c000d43e                Directory::Directory(char const*, Process*)
                0x00000000c000d43e                Directory::Directory(char const*, Process*)
                0x00000000c000d4a2                Directory::open()
                0x00000000c000d4fe                Directory::close()
                0x00000000c000d55e                Directory::unlink()
                0x00000000c000d5aa                Directory::rename(char const*)
                0x00000000c000d5f8                Directory::exists()
                0x00000000c000d636                Directory::read(dirent*)
                0x00000000c000d682                Directory::create()
                0x00000000c000d6ce                Filesystem::chfatattr(char const*, unsigned char, unsigned char)
 .text          0x00000000c000d6d4       0x86 hal/bus.32
                0x00000000c000d6d4                Bus::Bus(char const*)
                0x00000000c000d6d4                Bus::Bus(char const*)
                0x00000000c000d70c                Bus::~Bus()
                0x00000000c000d70c                Bus::~Bus()
                0x00000000c000d730                Bus::~Bus()
 *fill*         0x00000000c000d75a        0x2 
 .text          0x00000000c000d75c      0x153 hal/buzzer.32
                0x00000000c000d75c                Buzzer::Buzzer(char const*)
                0x00000000c000d75c                Buzzer::Buzzer(char const*)
                0x00000000c000d7a0                Buzzer::~Buzzer()
                0x00000000c000d7a0                Buzzer::~Buzzer()
                0x00000000c000d7c4                Buzzer::~Buzzer()
                0x00000000c000d7ee                Buzzer::stop()
                0x00000000c000d801                beepThread(void*)
                0x00000000c000d842                Buzzer::beep(int, int, bool)
 *fill*         0x00000000c000d8af        0x1 
 .text          0x00000000c000d8b0      0x467 hal/clock.32
                0x00000000c000d8b0                User::loadClockSettings(int)
                0x00000000c000d902                Clock::Clock(char const*)
                0x00000000c000d902                Clock::Clock(char const*)
                0x00000000c000d938                Clock::~Clock()
                0x00000000c000d938                Clock::~Clock()
                0x00000000c000d95c                Clock::~Clock()
                0x00000000c000d986                Clock::timeInSecondsLocal()
                0x00000000c000d9ce                Clock::setTimeInSecondsLocal(unsigned long long)
                0x00000000c000da27                datetimeToSeconds(datetime_t)
                0x00000000c000db4e                Clock::setTimeInDatetimeLocal(datetime_t)
                0x00000000c000dbae                secondsToDatetime(unsigned long long)
                0x00000000c000dcf2                Clock::timeInDatetimeLocal()
 *fill*         0x00000000c000dd17        0x1 
 .text          0x00000000c000dd18      0x504 hal/device.32
                0x00000000c000dd18                Device::hibernate()
                0x00000000c000dd1a                Device::wake()
                0x00000000c000dd1c                Device::detect()
                0x00000000c000dd1e                Device::disableLegacy()
                0x00000000c000dd20                Device::powerSaving(PowerSavingLevel)
                0x00000000c000dd22                DriverlessDevice::close(int, int, void*)
                0x00000000c000dd26                DriverlessDevice::detect()
                0x00000000c000dd28                DriverlessDevice::open(int, int, void*)
                0x00000000c000dd3c                Device::~Device()
                0x00000000c000dd3c                Device::~Device()
                0x00000000c000dd4a                Device::~Device()
                0x00000000c000dd72                Device::findAndLoadDriver()
                0x00000000c000dd80                Device::preOpenPCI(PCIDeviceInfo)
                0x00000000c000dda6                Device::preOpenACPI(void*, char*, char*)
                0x00000000c000dde6                Device::addIRQHandler(int, void (*)(regs*, void*), bool, void*)
                0x00000000c000de24                Device::getParent()
                0x00000000c000de30                Device::removeIRQHandler(int, void (*)(regs*, void*), bool)
                0x00000000c000de6e                Device::addChild(Device*)
                0x00000000c000deb2                Device::removeAllChildren()
                0x00000000c000def8                Device::hibernateAll()
                0x00000000c000df28                Device::wakeAll()
                0x00000000c000df58                Device::detectAll()
                0x00000000c000df88                Device::disableLegacyAll()
                0x00000000c000dfb8                Device::loadDriversForAll()
                0x00000000c000dff8                Device::closeAll()
                0x00000000c000e02e                Device::powerSavingAll(PowerSavingLevel)
                0x00000000c000e064                Device::setName(char const*)
                0x00000000c000e072                Device::Device(char const*)
                0x00000000c000e072                Device::Device(char const*)
                0x00000000c000e16e                Device::getName()
                0x00000000c000e178                DriverlessDevice::DriverlessDevice(char const*)
                0x00000000c000e178                DriverlessDevice::DriverlessDevice(char const*)
                0x00000000c000e1ae                Device::addToLinkedList(LinkedList<Device>&, DeviceType)
                0x00000000c000e1f2                getDevicesOfType(DeviceType)
 .text          0x00000000c000e21c       0x86 hal/diskctrl.32
                0x00000000c000e21c                HardDiskController::HardDiskController(char const*)
                0x00000000c000e21c                HardDiskController::HardDiskController(char const*)
                0x00000000c000e254                HardDiskController::~HardDiskController()
                0x00000000c000e254                HardDiskController::~HardDiskController()
                0x00000000c000e278                HardDiskController::~HardDiskController()
 .text          0x00000000c000e2a2       0xe2 hal/diskphys.32
                0x00000000c000e2a2                PhysicalDisk::eject()
                0x00000000c000e2a6                PhysicalDisk::PhysicalDisk(char const*, int)
                0x00000000c000e2a6                PhysicalDisk::PhysicalDisk(char const*, int)
                0x00000000c000e30e                PhysicalDisk::startCache()
                0x00000000c000e336                PhysicalDisk::~PhysicalDisk()
                0x00000000c000e336                PhysicalDisk::~PhysicalDisk()
                0x00000000c000e35a                PhysicalDisk::~PhysicalDisk()
 .text          0x00000000c000e384      0x147 hal/fpu.32
                0x00000000c000e384                FPU::FPU(char const*)
                0x00000000c000e384                FPU::FPU(char const*)
                0x00000000c000e3bc                FPU::~FPU()
                0x00000000c000e3bc                FPU::~FPU()
                0x00000000c000e3e0                FPU::~FPU()
                0x00000000c000e40a                setupFPU()
 *fill*         0x00000000c000e4cb        0x1 
 .text          0x00000000c000e4cc     0x11e1 hal/intctrl.32
                0x00000000c000e4cc                InterruptController::uninstallISRHandler(int, void (*)(regs*, void*))
                0x00000000c000e504                InterruptController::installISRHandler(int, void (*)(regs*, void*), void*)
                0x00000000c000e556                doubleFault(regs*, void*)
                0x00000000c000e570                InterruptController::installIRQHandler(int, void (*)(regs*, void*), bool, void*)
                0x00000000c000e60c                InterruptController::clearAllHandlers(int, bool)
                0x00000000c000e6b4                InterruptController::uninstallIRQHandler(int, void (*)(regs*, void*), bool)
                0x00000000c000e73b                nmiHandler(regs*, void*)
                0x00000000c000e749                int_handler
                0x00000000c000e7ea                InterruptController::InterruptController(char const*)
                0x00000000c000e7ea                InterruptController::InterruptController(char const*)
                0x00000000c000e890                InterruptController::~InterruptController()
                0x00000000c000e890                InterruptController::~InterruptController()
                0x00000000c000e8b4                InterruptController::~InterruptController()
                0x00000000c000e8de                displayDebugInfo(regs*)
                0x00000000c000ed6d                x87EmulHandler(regs*, void*)
                0x00000000c000ede0                gpFault(regs*, void*)
                0x00000000c000ee19                pgFault(regs*, void*)
                0x00000000c000ee68                otherISRHandler(regs*, void*)
                0x00000000c000ee87                opcodeFault(regs*, void*)
                0x00000000c000f24a                displayProgramFault(char const*)
                0x00000000c000f272                setupInterruptController()
                0x00000000c000f660                InterruptController::convertLegacyIRQNumber(int)
 *fill*         0x00000000c000f6ad        0x1 
 .text          0x00000000c000f6ae      0x784 hal/keybrd.32
                0x00000000c000f6ae                startGUI(void*)
                0x00000000c000f71a                startGUIVESA(void*)
                0x00000000c000f786                sendKeyToTerminal(unsigned char)
                0x00000000c000f844                sendKeyboardToken(KeyboardToken)
                0x00000000c000fc81                clearInternalKeybuffer(VgaText*)
                0x00000000c000fcb6                readKeyboard(VgaText*, char*, unsigned long)
                0x00000000c000fda8                Keyboard::Keyboard(char const*)
                0x00000000c000fda8                Keyboard::Keyboard(char const*)
                0x00000000c000fde4                Keyboard::~Keyboard()
                0x00000000c000fde4                Keyboard::~Keyboard()
                0x00000000c000fe08                Keyboard::~Keyboard()
 .text          0x00000000c000fe32      0x3ea hal/logidisk.32
                0x00000000c000fe32                LogicalDisk::close(int, int, void*)
                0x00000000c000fe36                LogicalDisk::~LogicalDisk()
                0x00000000c000fe36                LogicalDisk::~LogicalDisk()
                0x00000000c000fe5a                LogicalDisk::~LogicalDisk()
                0x00000000c000fe84                LogicalDisk::open(int, int, void*)
                0x00000000c000fe98                LogicalDisk::absoluteToRelative(unsigned long long)
                0x00000000c000fed0                LogicalDisk::relativeToAbsolute(unsigned long long)
                0x00000000c000ff16                LogicalDisk::LogicalDisk(char const*, PhysicalDisk*, unsigned long long, unsigned long long)
                0x00000000c000ff16                LogicalDisk::LogicalDisk(char const*, PhysicalDisk*, unsigned long long, unsigned long long)
                0x00000000c000ffcc                LogicalDisk::assignDriveLetter()
                0x00000000c0010082                LogicalDisk::mount()
                0x00000000c00100ca                LogicalDisk::unmount()
                0x00000000c00100da                LogicalDisk::eject()
                0x00000000c00100ee                LogicalDisk::unassignDriveLetter()
                0x00000000c0010144                LogicalDisk::read(unsigned long long, int, void*)
                0x00000000c00101b0                LogicalDisk::write(unsigned long long, int, void*)
 .text          0x00000000c001021c       0x86 hal/mouse.32
                0x00000000c001021c                Mouse::Mouse(char const*)
                0x00000000c001021c                Mouse::Mouse(char const*)
                0x00000000c0010254                Mouse::~Mouse()
                0x00000000c0010254                Mouse::~Mouse()
                0x00000000c0010278                Mouse::~Mouse()
 .text          0x00000000c00102a2      0x339 hal/partition.32
                0x00000000c00102a2                makePartition(PhysicalDisk*, unsigned long long, unsigned long long)
                0x00000000c001034a                createPartitionsForDisk(PhysicalDisk*)
 *fill*         0x00000000c00105db        0x1 
 .text          0x00000000c00105dc       0x86 hal/serial.32
                0x00000000c00105dc                Serial::Serial(char const*)
                0x00000000c00105dc                Serial::Serial(char const*)
                0x00000000c0010614                Serial::~Serial()
                0x00000000c0010614                Serial::~Serial()
                0x00000000c0010638                Serial::~Serial()
 *fill*         0x00000000c0010662        0x2 
 .text          0x00000000c0010664      0x2f2 hal/timer.32
                0x00000000c0010664                Timer::Timer(char const*)
                0x00000000c0010664                Timer::Timer(char const*)
                0x00000000c001069c                Timer::~Timer()
                0x00000000c001069c                Timer::~Timer()
                0x00000000c00106c0                Timer::~Timer()
                0x00000000c00106ea                Timer::read()
                0x00000000c00106f5                timerHandler(unsigned int)
                0x00000000c001085c                setupTimer(int)
 *fill*         0x00000000c0010956        0x2 
 .text          0x00000000c0010958      0x4af hal/vcache.32
                0x00000000c0010958                VCache::VCache(PhysicalDisk*)
                0x00000000c0010958                VCache::VCache(PhysicalDisk*)
                0x00000000c0010ac0                VCache::invalidateReadBuffer()
                0x00000000c0010ad0                VCache::writeWriteBuffer()
                0x00000000c0010b1c                VCache::~VCache()
                0x00000000c0010b1c                VCache::~VCache()
                0x00000000c0010b70                VCache::~VCache()
                0x00000000c0010b98                VCache::write(unsigned long long, int, void*)
                0x00000000c0010cdc                VCache::read(unsigned long long, int, void*)
 *fill*         0x00000000c0010e07        0x1 
 .text          0x00000000c0010e08      0x4b3 hal/video.32
                0x00000000c0010e08                Video::putrect(int, int, int, int, unsigned int)
                0x00000000c0010e54                Video::bitblit(int, int, int, int, int, int, int, unsigned int*)
                0x00000000c0010ec4                Video::blit(unsigned int*, int, int, int, int)
                0x00000000c0010f42                Video::clearScreen(unsigned int)
                0x00000000c0010f76                Video::putpixel(int, int, unsigned int)
                0x00000000c0010f84                Video::Video(char const*)
                0x00000000c0010f84                Video::Video(char const*)
                0x00000000c0010fba                Video::~Video()
                0x00000000c0010fba                Video::~Video()
                0x00000000c0010fde                Video::~Video()
                0x00000000c0011008                Video::isMonochrome()
                0x00000000c0011014                Video::getWidth()
                0x00000000c0011020                Video::getHeight()
                0x00000000c001102c                Video::drawCursor(int, int, unsigned char*, int)
                0x00000000c00110e8                Video::tgaParse(unsigned char*, int, int*, int*)
                0x00000000c0011250                Video::putTGA(int, int, unsigned char*, int)
 *fill*         0x00000000c00112bb        0x1 
 .text          0x00000000c00112bc     0x141b hw/acpi.32
                0x00000000c00112bc                ACPI::close(int, int, void*)
                0x00000000c0011370                findRSDP()
                0x00000000c0011444                loadACPITables(unsigned char*)
                0x00000000c00116a8                findRSDT(unsigned char*)
                0x00000000c0011868                findDataTable(unsigned char*, char*)
                0x00000000c00118e0                scanMADT()
                0x00000000c0011dbc                ACPI::ACPI()
                0x00000000c0011dbc                ACPI::ACPI()
                0x00000000c0011e20                ACPI::getPCIIRQAssignment(unsigned char, unsigned short, unsigned char)
                0x00000000c0011f08                ACPI::registerPCIIRQAssignment(void*, unsigned short, unsigned char, unsigned char)
                0x00000000c0011fd0                ACPI::setScreenBrightnessLevel(void*, int)
                0x00000000c0011fd8                ACPI::detectPCI()
                0x00000000c00121f0                ACPI::writeSimpleBootFlag(SimpleBootFlagTable*)
                0x00000000c0012238                ACPI::sleep()
                0x00000000c0012254                ACPI::open(int, int, void*)
 *fill*         0x00000000c00126d7        0x1 
 .text          0x00000000c00126d8     0x1525 hw/cpu.32
                0x00000000c00126d8                CPU::close(int, int, void*)
                0x00000000c00126dc                CPU::lookupAMDName(unsigned char, unsigned char)
                0x00000000c0012870                CPU::lookupIntelName(unsigned char, unsigned char)
                0x00000000c0012b1e                CPU::AMD_K6_write_msr(unsigned int, unsigned int, unsigned int, CPU::REGS*)
                0x00000000c0012b3a                CPU::AMD_K6_read_msr(unsigned int, CPU::REGS*)
                0x00000000c0012b52                CPU::AMD_K6_writeback(int, int, int)
                0x00000000c0012bc6                CPU::cpuid(int, unsigned long*, unsigned long*, unsigned long*, unsigned long*)
                0x00000000c0012c4a                CPU::cpuidCheckEDX(unsigned int)
                0x00000000c0012c78                CPU::cpuidCheckECX(unsigned int)
                0x00000000c0012ca6                CPU::cpuidCheckExtendedEBX(unsigned int)
                0x00000000c0012cd4                CPU::cpuidCheckExtendedECX(unsigned int)
                0x00000000c0012d02                CPU::CPU()
                0x00000000c0012d02                CPU::CPU()
                0x00000000c0012d90                CPU::displayFeatures()
                0x00000000c0012d92                CPU::detectFeatures()
                0x00000000c0013784                CPU::setupSMEP()
                0x00000000c0013790                CPU::setupUMIP()
                0x00000000c001379a                CPU::setupTSC()
                0x00000000c00137a4                CPU::setupLargePages()
                0x00000000c00137ae                CPU::setupPAT()
                0x00000000c00137ea                CPU::setupMTRR()
                0x00000000c00137ec                CPU::setupGlobalPages()
                0x00000000c00137f6                CPU::allowUsermodeDataAccess()
                0x00000000c0013808                CPU::prohibitUsermodeDataAccess()
                0x00000000c001381a                CPU::setupSMAP()
                0x00000000c0013828                CPU::setupFeatures()
                0x00000000c00138a8                CPU::open(int, int, void*)
                0x00000000c0013a02                CPU::decodeAddress(regs*, int*, bool*, unsigned char*)
 .text          0x00000000c0013bfd        0x0 hw/ports.32
 .text          0x00000000c0013bfd      0x16a hw/smp.32
                0x00000000c0013bfd                Krnl::smpEntry()
                0x00000000c0013bff                Krnl::startCPU(int)
                0x00000000c0013d48                Krnl::startCPUs()
 *fill*         0x00000000c0013d67        0x1 
 .text          0x00000000c0013d68      0x581 krnl/env.32
                0x00000000c0013d68                EnvVarContainer::getEnv(char const*)
                0x00000000c0013da6                EnvVarContainer::setEnv(char const*, char const*)
                0x00000000c0013e68                EnvVarContainer::deleteEnv(char const*)
                0x00000000c0013e6a                EnvVarContainer::loadFrom(char const*, char const*)
                0x00000000c0014050                EnvVarContainer::__loadSystem()
                0x00000000c001406a                EnvVarContainer::__loadUser()
                0x00000000c001406c                EnvVarContainer::EnvVarContainer(Process*)
                0x00000000c001406c                EnvVarContainer::EnvVarContainer(Process*)
                0x00000000c001408e                EnvVarContainer::~EnvVarContainer()
                0x00000000c001408e                EnvVarContainer::~EnvVarContainer()
                0x00000000c00140be                Krnl::getEnv(Process*, char const*)
                0x00000000c0014123                Krnl::setEnvSystem(char const*, char const*)
                0x00000000c001413d                Krnl::setEnvUser(char const*, char const*)
                0x00000000c001415c                Krnl::setEnvProcess(Process*, char const*, char const*)
                0x00000000c001416f                Krnl::deleteEnvSystem(char const*)
                0x00000000c0014170                Krnl::deleteEnvUser(char const*)
                0x00000000c0014171                Krnl::deleteEnvProcess(Process*, char const*)
                0x00000000c0014172                Krnl::newProcessEnv(Process*)
                0x00000000c0014194                Krnl::copyProcessEnv(Process*, Process*)
                0x00000000c00141e0                Krnl::loadSystemEnv()
                0x00000000c001420e                Krnl::loadUserEnv()
                0x00000000c0014234                Krnl::flushEnv()
                0x00000000c0014235                Krnl::getProcessTotalEnvCount(Process*)
                0x00000000c0014255                Krnl::getProcessEnvPair(Process*, int)
 .text          0x00000000c00142e9      0x39c krnl/panic.32
                0x00000000c00142e9                Krnl::panic(char const*)
 *fill*         0x00000000c0014685        0x3 
 .text          0x00000000c0014688      0x5a0 net/ethernet.32
                0x00000000c0014688                Net::switchEndian16(unsigned short)
                0x00000000c00146ac                Net::switchEndian32(unsigned int)
                0x00000000c00146dc                Net::crc32Calc(unsigned char*, int)
                0x00000000c0014780                Net::wrapEthernetFrame(Net::UnwrappedEthernetFrame, unsigned char*)
                0x00000000c001499c                Net::unwrapEthernetFrame(unsigned char*, int)
 .text          0x00000000c0014c28      0x50e reg/registry.32
                0x00000000c0014c28                Reg::findLineFromLoadedData(char*, char*, char*)
                0x00000000c0014d80                Reg::getLineFromRegistry(char*, char*, char*, char*)
                0x00000000c0014ed5                Reg::getLine(char*, char*, char*)
                0x00000000c0014f0c                Reg::readInt(char*, char*, int*)
                0x00000000c0014ff7                Reg::readString(char*, char*, char*, int)
                0x00000000c0015078                Reg::readBool(char*, char*, bool*)
                0x00000000c001509d                Reg::readBoolWithDefault(char*, char*, bool)
                0x00000000c00150c9                Reg::readIntWithDefault(char*, char*, int)
                0x00000000c00150f5                Reg::readStringWithDefault(char*, char*, char*, int, char*)
 .text          0x00000000c0015136       0x36 sys/sc_eject.32
                0x00000000c0015136                Sys::eject(regs*)
 .text          0x00000000c001516c       0x18 sys/sc_exit.32
                0x00000000c001516c                Sys::exit(regs*)
 .text          0x00000000c0015184       0x1f sys/sc_getcwd.32
                0x00000000c0015184                Sys::getCwd(regs*)
 .text          0x00000000c00151a3        0xc sys/sc_getpid.32
                0x00000000c00151a3                Sys::getPID(regs*)
 .text          0x00000000c00151af       0x1a sys/sc_getramdata.32
                0x00000000c00151af                Sys::getRAMData(regs*)
 .text          0x00000000c00151c9       0x84 sys/sc_getvgaptr.32
                0x00000000c00151c9                Sys::getVGAPtr(regs*)
 .text          0x00000000c001524d       0xa8 sys/sc_loaddll.32
                0x00000000c001524d                Sys::loadDLL(regs*)
 .text          0x00000000c00152f5       0x68 sys/sc_read.32
                0x00000000c00152f5                Sys::read(regs*)
 .text          0x00000000c001535d       0x55 sys/sc_sbrk.32
                0x00000000c001535d                Sys::sbrk(regs*)
 .text          0x00000000c00153b2       0x1c sys/sc_setcwd.32
                0x00000000c00153b2                Sys::setCwd(regs*)
 .text          0x00000000c00153ce       0x95 sys/sc_settime.32
                0x00000000c00153ce                Sys::setTime(regs*)
 .text          0x00000000c0015463       0x4a sys/sc_timezone.32
                0x00000000c0015463                Sys::timezone(regs*)
 .text          0x00000000c00154ad       0x68 sys/sc_write.32
                0x00000000c00154ad                Sys::write(regs*)
 .text          0x00000000c0015515       0x62 sys/sc_wsbe.32
                0x00000000c0015515                Sys::wsbe(regs*)
 .text          0x00000000c0015577       0x38 sys/sc_yield.32
                0x00000000c0015577                Sys::yield(regs*)
 .text          0x00000000c00155af      0xf8e sys/syscalls.32
                0x00000000c00155af                sysCallSeekDir(regs*)
                0x00000000c00155b4                sysCallTellDir(regs*)
                0x00000000c00155b9                sysCallVerify(regs*)
                0x00000000c00155c3                sysCallGetArgc(regs*)
                0x00000000c00155d3                sysFormatDisk(regs*)
                0x00000000c001563d                sysSetDiskVolumeLabel(regs*)
                0x00000000c0015687                sysGetDiskVolumeLabel(regs*)
                0x00000000c00156dc                sysShutdown(regs*)
                0x00000000c001573a                sysCallRealpath(regs*)
                0x00000000c001577d                sysCallReadDir(regs*)
                0x00000000c00157fc                sysCallIsATTY(regs*)
                0x00000000c0015856                sysCallSeek(regs*)
                0x00000000c00158ad                sysCallTell(regs*)
                0x00000000c0015919                sysCallSize(regs*)
                0x00000000c001598b                sysCallSizeFromFilename(regs*)
                0x00000000c0015a3a                sysCallClose(regs*)
                0x00000000c0015a9a                sysCallOpenDir(regs*)
                0x00000000c0015b0f                sysCallCloseDir(regs*)
                0x00000000c0015b63                sysCallMakeDir(regs*)
                0x00000000c0015bd3                sysCallWait(regs*)
                0x00000000c0015bed                sysCallNotImpl(regs*)
                0x00000000c0015c08                sysPanic(regs*)
                0x00000000c0015c22                sysCallRmdir(regs*)
                0x00000000c0015c86                sysCallUnlink(regs*)
                0x00000000c0015cea                sysCallGetArgv(regs*)
                0x00000000c0015d36                sysCallTTYName(regs*)
                0x00000000c0015db9                sysCallUSleep(regs*)
                0x00000000c0015de2                sysCallSpawn(regs*)
                0x00000000c0015e4a                sysCallGetEnv(regs*)
                0x00000000c0015ef7                sysAppSettings(regs*)
                0x00000000c001600b                sysSetFatAttrib(regs*)
                0x00000000c001607d                sysPipe(regs*)
                0x00000000c00160c2                sysGetUnixTime(regs*)
                0x00000000c00160d6                string_ends_with(char const*, char const*)
                0x00000000c001611e                sysCallOpen(regs*)
                0x00000000c0016306                Sys::loadSyscalls()
                0x00000000c00164fb                Sys::systemCall(regs*, void*)
 .text          0x00000000c001653d     0x1203 thr/elf.32
                0x00000000c001653d                Thr::allocateMemoryForTask(Process*, File*, unsigned long, unsigned long, unsigned long)
                0x00000000c00167e7                Thr::loadProgramIntoMemory(Process*, char const*)
                0x00000000c00169fd                Thr::runtimeReferenceHelper()
                0x00000000c0016a10                Thr::getAddressOfKernelSymbol(char const*)
                0x00000000c0016a5f                Thr::loadKernelSymbolTable(char const*)
                0x00000000c0016d1d                Thr::loadDriverIntoMemory(char const*, unsigned long, bool)
                0x00000000c0017453                Thr::getDriverBaseFromAddress(unsigned long)
                0x00000000c0017485                Thr::getDriverNameFromAddress(unsigned long)
                0x00000000c00174bc                Thr::getDriverOffsetFromAddress(unsigned long)
                0x00000000c00174d6                Thr::loadDLL(char const*, bool)
                0x00000000c0017707                Thr::executeDLL(unsigned long, void*)
 .text          0x00000000c0017740     0x12a9 thr/prcssthr.32
                0x00000000c0017740                userModeEntryPoint(void*)
                0x00000000c0017768                changeTSS
                0x00000000c0017798                switchToThread(ThreadControlBlock*)
                0x00000000c001784c                Process::addArgs(char**)
                0x00000000c00178ac                Process::Process(char const*, Process*, char**)
                0x00000000c00178ac                Process::Process(char const*, Process*, char**)
                0x00000000c0017a98                Process::Process(bool, char const*, Process*, char**)
                0x00000000c0017a98                Process::Process(bool, char const*, Process*, char**)
                0x00000000c0017c50                taskStartupFunction
                0x00000000c0017c5c                Semaphore::Semaphore(int)
                0x00000000c0017c5c                Semaphore::Semaphore(int)
                0x00000000c0017c8c                Mutex::Mutex()
                0x00000000c0017c8c                Mutex::Mutex()
                0x00000000c0017ca0                Process::createThread(void (*)(void*), void*, int)
                0x00000000c0017d98                Process::createUserThread()
                0x00000000c0017db4                setupMultitasking(void (*)())
                0x00000000c0017ebc                schedule()
                0x00000000c0017f48                Semaphore::tryAcquire()
                0x00000000c0018014                Semaphore::assertLocked(char const*)
                0x00000000c001808c                blockTaskWithSchedulerLockAlreadyHeld(TaskState)
                0x00000000c00180b4                blockTask(TaskState)
                0x00000000c00180e4                waitTask(int, int*, int)
                0x00000000c0018128                milliTenthSleepUntil(unsigned int)
                0x00000000c00181b4                milliTenthSleep(unsigned int)
                0x00000000c00181c4                sleep(unsigned int)
                0x00000000c00181e0                Semaphore::acquire()
                0x00000000c001829c                taskReturned
                0x00000000c00182d8                Thr::processFromPID(int)
                0x00000000c0018378                unblockTask(ThreadControlBlock*)
                0x00000000c001841c                cleanupTerminatedTask(ThreadControlBlock*)
                0x00000000c00186e4                cleanerTaskFunction(void*)
                0x00000000c00187d4                terminateTask(int)
                0x00000000c00188a0                Thr::terminateFromIRQ(int)
                0x00000000c00188ac                Semaphore::release()
 .text          0x00000000c00189e9      0xada vm86/vm8086.32
                0x00000000c00189e9                Vm::inbv(unsigned short)
                0x00000000c00189fc                Vm::outbv(unsigned short, unsigned char)
                0x00000000c0018a32                Vm::realToLinear(unsigned short, unsigned short)
                0x00000000c0018a42                Vm::getSegment(unsigned int)
                0x00000000c0018a4a                Vm::getOffset(unsigned int)
                0x00000000c0018a4f                Vm::mainloop2()
                0x00000000c0018a89                Vm::mainVm8086Loop(void*)
                0x00000000c0018a99                Vm::mainloop3(unsigned long)
                0x00000000c0018abf                Vm::initialise8086()
                0x00000000c0018b02                Vm::finish8086()
                0x00000000c0018b63                Vm::getOutput8086(unsigned char*)
                0x00000000c0018b88                Vm::start8086(char const*, unsigned short, unsigned short, unsigned short, unsigned short)
                0x00000000c0018cf0                Vm::doISR(regs*, int, unsigned char*, unsigned short, unsigned short)
                0x00000000c0018d7a                Vm::readByteFromReal(unsigned short, unsigned short)
                0x00000000c0018d8b                Vm::readWordFromReal(unsigned short, unsigned short)
                0x00000000c0018d9d                Vm::readDwordFromReal(unsigned short, unsigned short)
                0x00000000c0018dae                Vm::writeByteFromReal(unsigned short, unsigned short, unsigned char)
                0x00000000c0018dc3                Vm::writeWordFromReal(unsigned short, unsigned short, unsigned short)
                0x00000000c0018dd9                Vm::writeDwordFromReal(unsigned short, unsigned short, unsigned int)
                0x00000000c0018dee                Vm::faultHandler(regs*)
 *fill*         0x00000000c00194c3        0x1 
 .text          0x00000000c00194c4      0xfcd vm86/x87em.32
                0x00000000c00194c4                Vm::fpuInternalTo32(unsigned long long)
                0x00000000c0019522                Vm::fpuInternalTo64(unsigned long long)
                0x00000000c001952b                Vm::fpu32ToInternal(unsigned int)
                0x00000000c0019570                Vm::fpu64ToInternal(unsigned long long)
                0x00000000c0019579                Vm::fpuFloatToLong(unsigned long long)
                0x00000000c00195d8                Vm::fpuULongToFloat(unsigned long long)
                0x00000000c0019614                Vm::fpuLongToFloat(long long)
                0x00000000c0019673                Vm::fpuGet0()
                0x00000000c0019678                Vm::fpuGet1()
                0x00000000c0019680                Vm::fpuGetPi()
                0x00000000c0019688                Vm::fpuGetLog2E()
                0x00000000c00196a0                Vm::fpuGetLogE2()
                0x00000000c00196b8                Vm::fpuGetLog210()
                0x00000000c00196d0                Vm::fpuGetLog102()
                0x00000000c00196e8                Vm::fpuIsSecondLarger(unsigned long long, unsigned long long)
                0x00000000c00196fc                Vm::fpuAreEqual(unsigned long long, unsigned long long)
                0x00000000c0019712                Vm::fpuUnorderedCompare(unsigned long long, unsigned long long)
                0x00000000c0019768                Vm::fpuAdd(unsigned long long, unsigned long long)
                0x00000000c0019779                Vm::fpuAbs(unsigned long long)
                0x00000000c0019782                Vm::fpuChs(unsigned long long)
                0x00000000c0019792                Vm::fpuSub(unsigned long long, unsigned long long)
                0x00000000c00197a1                Vm::fpuMultiply(unsigned long long, unsigned long long)
                0x00000000c00197c0                Vm::fpuDivide(unsigned long long, unsigned long long)
                0x00000000c00197dc                Vm::fpuSquare(unsigned long long)
                0x00000000c00197f2                Vm::fpuGetReg(int)
                0x00000000c0019835                Vm::fpuSetReg(int, unsigned long long)
                0x00000000c0019881                Vm::fpuPush(unsigned long long)
                0x00000000c00198df                Vm::fpuPop()
                0x00000000c0019932                Vm::x87Handler(regs*)
 *fill*         0x00000000c001a491        0x3 
 .text          0x00000000c001a494     0x13b7 fs/fat/vfslink.32
                0x00000000c001a494                FAT::getName()
                0x00000000c001a49c                FAT::tell(void*, unsigned long long*)
                0x00000000c001a4d8                FAT::stat(void*, unsigned long long*)
                0x00000000c001a514                FAT::~FAT()
                0x00000000c001a514                FAT::~FAT()
                0x00000000c001a538                FAT::~FAT()
                0x00000000c001a560                FAT::getlabel(LogicalDisk*, int, char*, unsigned int*)
                0x00000000c001a604                FAT::setlabel(LogicalDisk*, int, char*)
                0x00000000c001a6c8                FAT::format(LogicalDisk*, int, char const*, int)
                0x00000000c001a89c                FAT::tryMount(LogicalDisk*, int)
                0x00000000c001aab4                FAT::allocateSwapfile(char const*, int)
                0x00000000c001ac70                FAT::readDir(void*, unsigned long, void*, int*)
                0x00000000c001addc                FAT::read(void*, unsigned long, void*, int*)
                0x00000000c001ae3c                FAT::write(void*, unsigned long, void*, int*)
                0x00000000c001ae9c                FAT::close(void*)
                0x00000000c001aef0                FAT::closeDir(void*)
                0x00000000c001af44                FAT::seek(void*, unsigned long long)
                0x00000000c001afa0                fatWrapperReadDisk
                0x00000000c001afe8                fatWrapperWriteDisk
                0x00000000c001b030                fatWrapperIoctl
                0x00000000c001b140                FAT::FAT()
                0x00000000c001b140                FAT::FAT()
                0x00000000c001b194                FAT::fixFilepath(char*)
                0x00000000c001b1d0                FAT::open(char const*, void**, FileOpenMode)
                0x00000000c001b304                FAT::openDir(char const*, void**)
                0x00000000c001b3b4                FAT::stat(char const*, unsigned long long*, bool*)
                0x00000000c001b4a8                FAT::unlink(char const*)
                0x00000000c001b528                FAT::chfatattr(char const*, unsigned char, unsigned char)
                0x00000000c001b690                FAT::rename(char const*, char const*)
                0x00000000c001b75c                FAT::mkdir(char const*)
                0x00000000c001b7dc                FAT::exists(char const*)
 *fill*         0x00000000c001b84b        0x1 
 .text          0x00000000c001b84c      0xb75 fs/iso9660/vfslink.32
                0x00000000c001b84c                ISO9660::format(LogicalDisk*, int, char const*, int)
                0x00000000c001b852                ISO9660::seek(void*, unsigned long long)
                0x00000000c001b882                ISO9660::tell(void*, unsigned long long*)
                0x00000000c001b8a6                ISO9660::getName()
                0x00000000c001b8ac                ISO9660::stat(void*, unsigned long long*)
                0x00000000c001b8d0                ISO9660::chfatattr(char const*, unsigned char, unsigned char)
                0x00000000c001b8d6                ISO9660::unlink(char const*)
                0x00000000c001b8dc                ISO9660::write(void*, unsigned long, void*, int*)
                0x00000000c001b8e2                ISO9660::rename(char const*, char const*)
                0x00000000c001b8e8                ISO9660::mkdir(char const*)
                0x00000000c001b8ee                ISO9660::close(void*)
                0x00000000c001b910                ISO9660::closeDir(void*)
                0x00000000c001b932                ISO9660::~ISO9660()
                0x00000000c001b932                ISO9660::~ISO9660()
                0x00000000c001b956                ISO9660::~ISO9660()
                0x00000000c001b97d                __memmem(unsigned char*, int, unsigned char*, int)
                0x00000000c001b9bf                readSectorFromCDROM(unsigned int, unsigned char*, char)
                0x00000000c001ba1a                ISO9660::tryMount(LogicalDisk*, int)
                0x00000000c001ba6a                ISO9660::read(void*, unsigned long, void*, int*)
                0x00000000c001bc6e                ISO9660::readDir(void*, unsigned long, void*, int*)
                0x00000000c001bee8                readRoot(unsigned int*, unsigned int*, char)
                0x00000000c001bf3c                readRecursively(char*, unsigned int, unsigned int, unsigned int*, unsigned int*, char, int*)
                0x00000000c001c10f                getFileData(char*, unsigned int*, unsigned int*, char, int*)
                0x00000000c001c19e                ISO9660::open(char const*, void**, FileOpenMode)
                0x00000000c001c24c                ISO9660::exists(char const*)
                0x00000000c001c270                ISO9660::stat(char const*, unsigned long long*, bool*)
                0x00000000c001c304                ISO9660::openDir(char const*, void**)
                0x00000000c001c39e                ISO9660::ISO9660()
                0x00000000c001c39e                ISO9660::ISO9660()
 *fill*         0x00000000c001c3c1        0x1 
 .text          0x00000000c001c3c2      0x2f0 hal/sound/sndcard.32
                0x00000000c001c3c2                SoundCard::beginPlayback()
                0x00000000c001c3d0                SoundCard::stopPlayback()
                0x00000000c001c3de                SoundCard::SoundCard(char const*)
                0x00000000c001c3de                SoundCard::SoundCard(char const*)
                0x00000000c001c47c                SoundCard::~SoundCard()
                0x00000000c001c47c                SoundCard::~SoundCard()
                0x00000000c001c4a0                SoundCard::~SoundCard()
                0x00000000c001c4ca                SoundCard::configureRates(int, int, int)
                0x00000000c001c4fa                SoundCard::getSamples16(int, short*)
                0x00000000c001c5bc                SoundCard::getSamples32(int, int*)
                0x00000000c001c642                SoundCard::addChannel(SoundPort*)
                0x00000000c001c69e                SoundCard::removeChannel(int)
 *fill*         0x00000000c001c6b2        0x2 
 .text          0x00000000c001c6b4      0x3fb hal/sound/sndport.32
                0x00000000c001c6b4                SoundPort::SoundPort(int, int, int, int)
                0x00000000c001c6b4                SoundPort::SoundPort(int, int, int, int)
                0x00000000c001c740                SoundPort::~SoundPort()
                0x00000000c001c740                SoundPort::~SoundPort()
                0x00000000c001c774                SoundPort::unpause()
                0x00000000c001c780                SoundPort::pause()
                0x00000000c001c78c                SoundPort::getBufferUsed()
                0x00000000c001c794                SoundPort::getBufferSize()
                0x00000000c001c79c                SoundPort::buffer16(short*, int)
                0x00000000c001c850                SoundPort::buffer32(int*, int)
                0x00000000c001c8fc                SoundPort::unbufferAndAdd16(int, short*, SoundCard*)
                0x00000000c001c9f8                SoundPort::unbufferAndAdd32(int, int*, SoundCard*)
 .text          0x00000000c001caaf        0x0 hw/bus/isa.32
 *fill*         0x00000000c001caaf        0x1 
 .text          0x00000000c001cab0      0xb87 hw/bus/pci.32
                0x00000000c001cab0                PCI::open(int, int, void*)
                0x00000000c001cace                PCI::close(int, int, void*)
                0x00000000c001cad2                PCI::PCI()
                0x00000000c001cad2                PCI::PCI()
                0x00000000c001cb68                PCI::readBAR8(unsigned int, int)
                0x00000000c001cb84                PCI::readBAR16(unsigned int, int)
                0x00000000c001cba2                PCI::readBAR32(unsigned int, int)
                0x00000000c001cbbe                PCI::writeBAR8(unsigned int, unsigned char, int)
                0x00000000c001cbde                PCI::writeBAR16(unsigned int, unsigned short, int)
                0x00000000c001cc00                PCI::writeBAR32(unsigned int, unsigned int, int)
                0x00000000c001cc20                PCI::legacyMechanism(unsigned char, unsigned char, unsigned char, unsigned char)
                0x00000000c001cc8e                PCI::pciReadWord(unsigned char, unsigned char, unsigned char, unsigned char)
                0x00000000c001cd36                PCI::getVendorID(unsigned char, unsigned char, unsigned char)
                0x00000000c001cd5a                PCI::getHeaderType(unsigned char, unsigned char, unsigned char)
                0x00000000c001cd82                PCI::getClassCode(unsigned char, unsigned char, unsigned char)
                0x00000000c001cdcc                PCI::getProgIF(unsigned char, unsigned char, unsigned char)
                0x00000000c001cdf4                PCI::getRevisionID(unsigned char, unsigned char, unsigned char)
                0x00000000c001ce18                PCI::getInterruptNumber(unsigned char, unsigned char, unsigned char)
                0x00000000c001ce3c                PCI::getSecondaryBus(unsigned char, unsigned char, unsigned char)
                0x00000000c001ce64                PCI::getBARAddress(unsigned char, unsigned char, unsigned char, unsigned char)
                0x00000000c001cec8                PCI::pciWriteWord(unsigned char, unsigned char, unsigned char, unsigned char, unsigned short)
                0x00000000c001cfb0                PCI::pciDetailsToFilepath(PCIDeviceInfo, char*)
                0x00000000c001d22a                PCI::checkBus(unsigned char)
                0x00000000c001d24e                PCI::foundDevice(PCIDeviceInfo)
                0x00000000c001d3c0                PCI::getDeviceData(unsigned char, unsigned char, unsigned char)
                0x00000000c001d578                PCI::checkDevice(unsigned char, unsigned char)
                0x00000000c001d5e4                PCI::detect()
 *fill*         0x00000000c001d637        0x1 
 .text          0x00000000c001d638      0xb4a hw/diskctrl/ide.32
                0x00000000c001d638                IDE::close(int, int, void*)
                0x00000000c001d63c                IDE::IDE()
                0x00000000c001d63c                IDE::IDE()
                0x00000000c001d670                IDE::prepareInterrupt(unsigned char)
                0x00000000c001d682                selectDrive(unsigned char, unsigned char)
                0x00000000c001d684                IDE::getBase(unsigned char)
                0x00000000c001d696                IDE::write(unsigned char, unsigned char, unsigned char)
                0x00000000c001d756                IDE::read(unsigned char, unsigned char)
                0x00000000c001d804                IDE::waitInterrupt(unsigned char)
                0x00000000c001d866                ideChannel0IRQHandler(regs*, void*)
                0x00000000c001d882                ideChannel1IRQHandler(regs*, void*)
                0x00000000c001d89e                IDE::enableIRQs(unsigned char, bool)
                0x00000000c001d8e4                IDE::open(int, int, void*)
                0x00000000c001dcf2                IDE::readBuffer(unsigned char, unsigned char, unsigned int, unsigned int)
                0x00000000c001ddbe                IDE::detect()
                0x00000000c001e07e                IDE::printError(unsigned char, unsigned char, unsigned char)
                0x00000000c001e12e                IDE::polling(unsigned char, unsigned int)
 .text          0x00000000c001e182      0x336 hw/diskctrl/satabus.32
                0x00000000c001e182                SATABus::close(int, int, void*)
                0x00000000c001e186                SATABus::detect()
                0x00000000c001e188                SATABus::SATABus()
                0x00000000c001e188                SATABus::SATABus()
                0x00000000c001e20e                SATABus::findCmdslot(SATABus::tagHBA_PORT volatile*)
                0x00000000c001e256                SATABus::checkType(SATABus::tagHBA_PORT volatile*)
                0x00000000c001e29e                SATABus::startCmd(SATABus::tagHBA_PORT volatile*)
                0x00000000c001e2be                SATABus::stopCmd(SATABus::tagHBA_PORT volatile*)
                0x00000000c001e2e8                SATABus::portRebase(SATABus::tagHBA_PORT volatile*, int)
                0x00000000c001e3ee                SATABus::probePort(SATABus::tagHBA_MEM volatile*)
                0x00000000c001e498                SATABus::open(int, int, void*)
 .text          0x00000000c001e4b8      0x684 hw/diskphys/ata.32
                0x00000000c001e4b8                ATA::close(int, int, void*)
                0x00000000c001e4dc                ATA::powerSaving(PowerSavingLevel)
                0x00000000c001e4de                ATA::ATA()
                0x00000000c001e4de                ATA::ATA()
                0x00000000c001e50c                ATA::flush(bool)
                0x00000000c001e556                ATA::readyForCommand()
                0x00000000c001e5a2                ATA::access(unsigned long long, int, void*, bool)
                0x00000000c001e998                ATA::read(unsigned long long, int, void*)
                0x00000000c001e9e4                ATA::write(unsigned long long, int, void*)
                0x00000000c001ea46                ATA::detectCHS()
                0x00000000c001ea70                ATA::open(int, int, void*)
 .text          0x00000000c001eb3c      0x5b9 hw/diskphys/atapi.32
                0x00000000c001eb3c                ATAPI::write(unsigned long long, int, void*)
                0x00000000c001eb42                ATAPI::close(int, int, void*)
                0x00000000c001eb66                ATAPI::ATAPI()
                0x00000000c001eb66                ATAPI::ATAPI()
                0x00000000c001eb94                ATAPI::readyForCommand()
                0x00000000c001ebe0                ATAPI::sendPacket(unsigned char*, int, bool, unsigned short*, int)
                0x00000000c001eea0                ATAPI::diskRemoved()
                0x00000000c001eebc                ATAPI::eject()
                0x00000000c001ef04                ATAPI::diskInserted()
                0x00000000c001ef32                ATAPI::detectMedia()
                0x00000000c001efee                ATAPI::open(int, int, void*)
                0x00000000c001f076                ATAPI::read(unsigned long long, int, void*)
 *fill*         0x00000000c001f0f5        0x1 
 .text          0x00000000c001f0f6      0x41c hw/diskphys/sata.32
                0x00000000c001f0f6                SATA::close(int, int, void*)
                0x00000000c001f11a                SATA::powerSaving(PowerSavingLevel)
                0x00000000c001f11c                SATA::open(int, int, void*)
                0x00000000c001f1c6                SATA::SATA()
                0x00000000c001f1c6                SATA::SATA()
                0x00000000c001f1f4                SATA::access(unsigned long long, int, void*, bool)
                0x00000000c001f45a                SATA::read(unsigned long long, int, void*)
                0x00000000c001f4a6                SATA::write(unsigned long long, int, void*)
 .text          0x00000000c001f512      0x4fe hw/diskphys/satapi.32
                0x00000000c001f512                SATAPI::write(unsigned long long, int, void*)
                0x00000000c001f518                SATAPI::close(int, int, void*)
                0x00000000c001f53c                SATAPI::SATAPI()
                0x00000000c001f53c                SATAPI::SATAPI()
                0x00000000c001f56a                SATAPI::diskRemoved()
                0x00000000c001f586                SATAPI::diskInserted()
                0x00000000c001f5b4                SATAPI::sendPacket(unsigned char*, int, unsigned long long, unsigned short*, int)
                0x00000000c001f7bc                SATAPI::eject()
                0x00000000c001f804                SATAPI::detectMedia()
                0x00000000c001f8c6                SATAPI::open(int, int, void*)
                0x00000000c001f96e                SATAPI::read(unsigned long long, int, void*)
 .text          0x00000000c001fa10       0x94 hw/fpu/avx.32
                0x00000000c001fa10                AVX::open(int, int, void*)
                0x00000000c001fa24                AVX::close(int, int, void*)
                0x00000000c001fa38                AVX::available()
                0x00000000c001fa4c                AVX::save(void*)
                0x00000000c001fa64                AVX::load(void*)
                0x00000000c001fa7c                AVX::AVX()
                0x00000000c001fa7c                AVX::AVX()
 .text          0x00000000c001faa4       0x94 hw/fpu/mmx.32
                0x00000000c001faa4                MMX::available()
                0x00000000c001fab8                MMX::open(int, int, void*)
                0x00000000c001facc                MMX::close(int, int, void*)
                0x00000000c001fae0                MMX::save(void*)
                0x00000000c001faf8                MMX::load(void*)
                0x00000000c001fb10                MMX::MMX()
                0x00000000c001fb10                MMX::MMX()
 .text          0x00000000c001fb38       0x9c hw/fpu/sse.32
                0x00000000c001fb38                SSE::open(int, int, void*)
                0x00000000c001fb4c                SSE::close(int, int, void*)
                0x00000000c001fb60                SSE::available()
                0x00000000c001fb7c                SSE::save(void*)
                0x00000000c001fb94                SSE::load(void*)
                0x00000000c001fbac                SSE::SSE()
                0x00000000c001fbac                SSE::SSE()
 .text          0x00000000c001fbd4       0x94 hw/fpu/x87.32
                0x00000000c001fbd4                x87::open(int, int, void*)
                0x00000000c001fbe8                x87::close(int, int, void*)
                0x00000000c001fbfc                x87::available()
                0x00000000c001fc10                x87::save(void*)
                0x00000000c001fc28                x87::load(void*)
                0x00000000c001fc40                x87::x87()
                0x00000000c001fc40                x87::x87()
 .text          0x00000000c001fc68      0x71e hw/intctrl/apic.32
                0x00000000c001fc68                APIC::disable()
                0x00000000c001fc6a                APIC::close(int, int, void*)
                0x00000000c001fc8c                IOAPIC::close(int, int, void*)
                0x00000000c001fc92                APIC::io_wait()
                0x00000000c001fc98                APIC::getBase()
                0x00000000c001fcda                APIC::eoi(unsigned char)
                0x00000000c001fd08                APIC::open(int, int, void*)
                0x00000000c001fe56                IOAPIC::IOAPIC()
                0x00000000c001fe56                IOAPIC::IOAPIC()
                0x00000000c001fe7e                APIC::APIC()
                0x00000000c001fe7e                APIC::APIC()
                0x00000000c001ff5a                IOAPIC::handlesGSIWithNumber(unsigned int)
                0x00000000c001ff8c                IOAPIC::read(int)
                0x00000000c001ffb4                IOAPIC::open(int, int, void*)
                0x00000000c00200aa                IOAPIC::write(int, int)
                0x00000000c00200d6                IOAPIC::redirect(unsigned char, unsigned long long, unsigned char, bool, bool)
                0x00000000c00201d0                APIC::installIRQHandler(int, void (*)(regs*, void*), bool, void*)
 .text          0x00000000c0020386      0x3d3 hw/intctrl/pic.32
                0x00000000c0020386                PIC::disable()
                0x00000000c00203b4                PIC::close(int, int, void*)
                0x00000000c00203d6                PIC::PIC()
                0x00000000c00203d6                PIC::PIC()
                0x00000000c00204ac                PIC::ioWait()
                0x00000000c00204b2                PIC::getIRQReg(int)
                0x00000000c002051c                PIC::eoi(unsigned char)
                0x00000000c00205ae                PIC::remap()
                0x00000000c002071a                PIC::open(int, int, void*)
 *fill*         0x00000000c0020759        0x3 
 .text          0x00000000c002075c      0x240 hw/timer/apictimer.32
                0x00000000c002075c                APICTimer::close(int, int, void*)
                0x00000000c0020764                apicTimerHandler(regs*, void*)
                0x00000000c002078c                APICTimer::write(int)
                0x00000000c0020874                APICTimer::open(int, int, void*)
                0x00000000c0020974                APICTimer::APICTimer()
                0x00000000c0020974                APICTimer::APICTimer()
 .text          0x00000000c002099c      0x1a3 hw/timer/pit.32
                0x00000000c002099c                PIT::write(int)
                0x00000000c0020a1c                pitHandler(regs*, void*)
                0x00000000c0020a40                PIT::open(int, int, void*)
                0x00000000c0020a90                PIT::close(int, int, void*)
                0x00000000c0020ac0                PIT::PIT()
                0x00000000c0020ac0                PIT::PIT()
 *fill*         0x00000000c0020b3f        0x1 
 .text          0x00000000c0020b40       0x1e hw/fpu/x86/avx.32
                0x00000000c0020b40                avxDetect
                0x00000000c0020b46                avxSave
                0x00000000c0020b47                avxLoad
                0x00000000c0020b48                avxInit
                0x00000000c0020b49                avxClose
                0x00000000c0020b4a                wouldSheSayYes
 *fill*         0x00000000c0020b5e        0x2 
 .text          0x00000000c0020b60       0x35 hw/fpu/x86/sse.32
                0x00000000c0020b60                absolutelyNoChanceInHell
                0x00000000c0020b60                sseDetect
                0x00000000c0020b78                sseSave
                0x00000000c0020b7e                sseLoad
                0x00000000c0020b84                sseInit
                0x00000000c0020b94                sseClose
 *fill*         0x00000000c0020b95        0xb 
 .text          0x00000000c0020ba0       0x4d hw/fpu/x86/x87.32
                0x00000000c0020ba6                x87Detect
                0x00000000c0020bc1                x87Save
                0x00000000c0020bca                x87Load
                0x00000000c0020bd2                x87Init
                0x00000000c0020bec                x87Close
 *fill*         0x00000000c0020bed        0x3 
 .text          0x00000000c0020bf0       0x25 /cygdrive/d/Users/Alex/Desktop/Toolchain/Output/bin/../lib/gcc/i386-banana/8.1.0/crtend.o
 .text          0x00000000c0020c15        0x0 crtn.32
 *fill*         0x00000000c0020c15        0x3 
 .text          0x00000000c0020c18      0x14b /cygdrive/d/Users/Alex/Desktop/Toolchain/Output/bin/../lib/gcc/i386-banana/8.1.0/libkgcc.a(_divdi3.o)
                0x00000000c0020c18                __divdi3
 *fill*         0x00000000c0020d63        0x1 
 .text          0x00000000c0020d64      0x17e /cygdrive/d/Users/Alex/Desktop/Toolchain/Output/bin/../lib/gcc/i386-banana/8.1.0/libkgcc.a(_moddi3.o)
                0x00000000c0020d64                __moddi3
 *fill*         0x00000000c0020ee2        0x2 
 .text          0x00000000c0020ee4       0xff /cygdrive/d/Users/Alex/Desktop/Toolchain/Output/bin/../lib/gcc/i386-banana/8.1.0/libkgcc.a(_udivdi3.o)
                0x00000000c0020ee4                __udivdi3
 *fill*         0x00000000c0020fe3        0x1 
 .text          0x00000000c0020fe4      0x11a /cygdrive/d/Users/Alex/Desktop/Toolchain/Output/bin/../lib/gcc/i386-banana/8.1.0/libkgcc.a(_umoddi3.o)
                0x00000000c0020fe4                __umoddi3
 *(.gnu.linkonce.t*)

.iplt           0x00000000c0021100        0x0
 .iplt          0x00000000c0021100        0x0 D:/Users/Alex/Desktop/Banana/kernel/boot.32

.init           0x00000000c00210fe        0xf
 .init          0x00000000c00210fe        0x3 crti.32
                0x00000000c00210fe                _init
 .init          0x00000000c0021101        0x5 /cygdrive/d/Users/Alex/Desktop/Toolchain/Output/bin/../lib/gcc/i386-banana/8.1.0/crtbegin.o
 .init          0x00000000c0021106        0x5 /cygdrive/d/Users/Alex/Desktop/Toolchain/Output/bin/../lib/gcc/i386-banana/8.1.0/crtend.o
 .init          0x00000000c002110b        0x2 crtn.32

.fini           0x00000000c002110d        0xa
 .fini          0x00000000c002110d        0x3 crti.32
                0x00000000c002110d                _fini
 .fini          0x00000000c0021110        0x5 /cygdrive/d/Users/Alex/Desktop/Toolchain/Output/bin/../lib/gcc/i386-banana/8.1.0/crtbegin.o
 .fini          0x00000000c0021115        0x2 crtn.32

.text._ZN8ComputerD2Ev
                0x00000000c0021118       0x23
 .text._ZN8ComputerD2Ev
                0x00000000c0021118       0x23 core/computer.32
                0x00000000c0021118                Computer::~Computer()
                0x00000000c0021118                Computer::~Computer()

.text._ZN8ComputerD0Ev
                0x00000000c002113c       0x2a
 .text._ZN8ComputerD0Ev
                0x00000000c002113c       0x2a core/computer.32
                0x00000000c002113c                Computer::~Computer()

.text._Z10idleCommonv
                0x00000000c0021166       0x21
 .text._Z10idleCommonv
                0x00000000c0021166       0x21 core/idle.32
                0x00000000c0021166                idleCommon()

.text._ZN10LinkedListI8UnixFileED2Ev
                0x00000000c0021188        0x2
 .text._ZN10LinkedListI8UnixFileED2Ev
                0x00000000c0021188        0x2 core/unixfile.32
                0x00000000c0021188                LinkedList<UnixFile>::~LinkedList()
                0x00000000c0021188                LinkedList<UnixFile>::~LinkedList()

.text._ZN10LinkedListI8UnixFileEC2Ev
                0x00000000c002118a       0x42
 .text._ZN10LinkedListI8UnixFileEC2Ev
                0x00000000c002118a       0x42 core/unixfile.32
                0x00000000c002118a                LinkedList<UnixFile>::LinkedList()
                0x00000000c002118a                LinkedList<UnixFile>::LinkedList()

.text._ZN10LinkedListI8UnixFileE10addElementEPS0_
                0x00000000c00211cc       0xd3
 .text._ZN10LinkedListI8UnixFileE10addElementEPS0_
                0x00000000c00211cc       0xd3 core/unixfile.32
                0x00000000c00211cc                LinkedList<UnixFile>::addElement(UnixFile*)

.text._ZN10LinkedListI8UnixFileE15getFirstElementEv
                0x00000000c00212a0        0x7
 .text._ZN10LinkedListI8UnixFileE15getFirstElementEv
                0x00000000c00212a0        0x7 core/unixfile.32
                0x00000000c00212a0                LinkedList<UnixFile>::getFirstElement()

.text._ZN10LinkedListI8UnixFileE11removeFirstEv
                0x00000000c00212a8       0xa1
 .text._ZN10LinkedListI8UnixFileE11removeFirstEv