Archive member included to satisfy reference by file (symbol)

/cygdrive/d/Users/Alex/Desktop/Toolchain/Output/bin/../lib/gcc/i386-banana/8.1.0/libkgcc.a(_divdi3.o)
                              krnl/resolve.32 (__divdi3)
/cygdrive/d/Users/Alex/Desktop/Toolchain/Output/bin/../lib/gcc/i386-banana/8.1.0/libkgcc.a(_moddi3.o)
                              krnl/resolve.32 (__moddi3)
/cygdrive/d/Users/Alex/Desktop/Toolchain/Output/bin/../lib/gcc/i386-banana/8.1.0/libkgcc.a(_udivdi3.o)
                              hal/clock.32 (__udivdi3)
/cygdrive/d/Users/Alex/Desktop/Toolchain/Output/bin/../lib/gcc/i386-banana/8.1.0/libkgcc.a(_umoddi3.o)
                              core/pipe.32 (__umoddi3)

Allocating common symbols
Common symbol       size              file

dcache              0x40              fs/iso9660/iso9660.32
cdDriveLetter       0x1               fs/iso9660/iso9660.32
icache              0x40              fs/iso9660/iso9660.32

Discarded input sections

 .comment       0x0000000000000000       0x12 /cygdrive/d/Users/Alex/Desktop/Toolchain/Output/bin/../lib/gcc/i386-banana/8.1.0/crtbegin.o
 .comment       0x0000000000000000       0x12 acpica/utclib.32
 .comment       0x0000000000000000       0x12 core/malloc.32
 .comment       0x0000000000000000       0x12 libk/ctype.32
 .comment       0x0000000000000000       0x12 libk/string.32
 .comment       0x0000000000000000       0x12 fs/fat/diskio.32
 .comment       0x0000000000000000       0x12 fs/fat/ff.32
 .comment       0x0000000000000000       0x12 fs/fat/ffsystem.32
 .comment       0x0000000000000000       0x12 fs/fat/ffunicode.32
 .comment       0x0000000000000000       0x12 fs/iso9660/iso9660.32
 .group         0x0000000000000000       0x14 core/computer.32
 .group         0x0000000000000000        0xc core/computer.32
 .comment       0x0000000000000000       0x12 core/computer.32
 .comment       0x0000000000000000       0x12 core/gdt.32
 .group         0x0000000000000000        0xc core/idle.32
 .comment       0x0000000000000000       0x12 core/idle.32
 .comment       0x0000000000000000       0x12 core/idt.32
 .comment       0x0000000000000000       0x12 core/kheap.32
 .comment       0x0000000000000000       0x12 core/main.32
 .comment       0x0000000000000000       0x12 core/physmgr.32
 .group         0x0000000000000000        0xc core/pipe.32
 .comment       0x0000000000000000       0x12 core/pipe.32
 .group         0x0000000000000000        0xc core/terminal.32
 .comment       0x0000000000000000       0x12 core/terminal.32
 .comment       0x0000000000000000       0x12 core/tss.32
 .group         0x0000000000000000        0x8 core/unixfile.32
 .group         0x0000000000000000        0x8 core/unixfile.32
 .group         0x0000000000000000        0xc core/unixfile.32
 .group         0x0000000000000000        0x8 core/unixfile.32
 .group         0x0000000000000000        0xc core/unixfile.32
 .group         0x0000000000000000        0x8 core/unixfile.32
 .group         0x0000000000000000        0xc core/unixfile.32
 .group         0x0000000000000000        0xc core/unixfile.32
 .comment       0x0000000000000000       0x12 core/unixfile.32
 .comment       0x0000000000000000       0x12 core/virtmgr.32
 .comment       0x0000000000000000       0x12 coreobjs/c++.32
 .comment       0x0000000000000000       0x12 dbg/kconsole.32
 .group         0x0000000000000000        0xc fs/vfs.32
 .group         0x0000000000000000        0xc fs/vfs.32
 .group         0x0000000000000000        0xc fs/vfs.32
 .comment       0x0000000000000000       0x12 fs/vfs.32
 .group         0x0000000000000000        0xc hal/bus.32
 .comment       0x0000000000000000       0x12 hal/bus.32
 .comment       0x0000000000000000       0x12 hal/buzzer.32
 .group         0x0000000000000000        0xc hal/clock.32
 .comment       0x0000000000000000       0x12 hal/clock.32
 .group         0x0000000000000000       0x14 hal/device.32
 .group         0x0000000000000000        0xc hal/device.32
 .group         0x0000000000000000        0x8 hal/device.32
 .group         0x0000000000000000        0xc hal/device.32
 .group         0x0000000000000000        0xc hal/device.32
 .comment       0x0000000000000000       0x12 hal/device.32
 .group         0x0000000000000000        0xc hal/diskctrl.32
 .comment       0x0000000000000000       0x12 hal/diskctrl.32
 .group         0x0000000000000000        0xc hal/diskphys.32
 .comment       0x0000000000000000       0x12 hal/diskphys.32
 .comment       0x0000000000000000       0x12 hal/fpu.32
 .comment       0x0000000000000000       0x12 hal/intctrl.32
 .group         0x0000000000000000        0xc hal/keybrd.32
 .comment       0x0000000000000000       0x12 hal/keybrd.32
 .group         0x0000000000000000        0xc hal/logidisk.32
 .comment       0x0000000000000000       0x12 hal/logidisk.32
 .group         0x0000000000000000        0xc hal/mouse.32
 .comment       0x0000000000000000       0x12 hal/mouse.32
[...]
Memory Configuration

Name             Origin             Length             Attributes
*default*        0x0000000000000000 0xffffffffffffffff

Linker script and memory map

LOAD D:/Users/Alex/Desktop/Banana/kernel/boot.32
LOAD crti.32
LOAD /cygdrive/d/Users/Alex/Desktop/Toolchain/Output/bin/../lib/gcc/i386-banana/8.1.0/crtbegin.o
LOAD D:/Users/Alex/Desktop/Banana/kernel/morenasm.32
LOAD acpica/utclib.32
LOAD core/malloc.32
LOAD libk/ctype.32
LOAD libk/string.32
LOAD fs/fat/diskio.32
LOAD fs/fat/ff.32
LOAD fs/fat/ffsystem.32
LOAD fs/fat/ffunicode.32
LOAD fs/iso9660/iso9660.32
LOAD core/computer.32
LOAD core/gdt.32
LOAD core/idle.32
LOAD core/idt.32
LOAD core/kheap.32
LOAD core/main.32
LOAD core/physmgr.32
LOAD core/pipe.32
LOAD core/terminal.32
LOAD core/tss.32
LOAD core/unixfile.32
LOAD core/virtmgr.32
LOAD coreobjs/c++.32
LOAD dbg/kconsole.32
LOAD fs/vfs.32
LOAD hal/bus.32
LOAD hal/buzzer.32
LOAD hal/clock.32
LOAD hal/device.32
LOAD hal/diskctrl.32
LOAD hal/diskphys.32
LOAD hal/fpu.32
LOAD hal/intctrl.32
LOAD hal/keybrd.32
LOAD hal/logidisk.32
LOAD hal/mouse.32
LOAD hal/partition.32
LOAD hal/serial.32
LOAD hal/timer.32
LOAD hal/vcache.32
LOAD hal/video.32
LOAD hw/acpi.32
LOAD hw/cpu.32
LOAD krnl/bootmsg.32
LOAD krnl/env.32
LOAD krnl/inlines.32
LOAD krnl/panic.32
LOAD krnl/powctrl.32
LOAD krnl/resolve.32
LOAD krnl/signal.32
LOAD krnl/syscalls.32
LOAD reg/cm.32
LOAD reg/registry.32
LOAD sys/eject.32
LOAD sys/exit.32
LOAD sys/getcwd.32
LOAD sys/getpid.32
LOAD sys/getramdata.32
LOAD sys/getvgaptr.32
LOAD sys/loaddll.32
LOAD sys/read.32
LOAD sys/registersignal.32
LOAD sys/sbrk.32
LOAD sys/setcwd.32
LOAD sys/settime.32
LOAD sys/timezone.32
LOAD sys/write.32
LOAD sys/wsbe.32
LOAD sys/yield.32
LOAD thr/elf.32
LOAD thr/prcssthr.32
LOAD vm86/vm8086.32
LOAD arch/i386/hal.32
LOAD arch/i386/pic.32
LOAD arch/i386/rtc.32
LOAD arch/i386/vga.32
LOAD fs/fat/vfslink.32
LOAD fs/iso9660/helper.32
LOAD fs/iso9660/vfslink.32
LOAD hal/sound/sndcard.32
LOAD hal/sound/sndport.32
LOAD hw/bus/isa.32
LOAD hw/bus/pci.32
LOAD hw/diskctrl/ide.32
LOAD hw/diskctrl/satabus.32
LOAD hw/diskphys/ata.32
LOAD hw/diskphys/atapi.32
LOAD hw/diskphys/sata.32
LOAD hw/diskphys/satapi.32
LOAD hw/intctrl/apic.32
LOAD hw/timer/apictimer.32
LOAD hw/timer/pit.32
LOAD arch/i386/avx.32
LOAD arch/i386/interrupt.32
LOAD arch/i386/rdrand.32
LOAD arch/i386/sse.32
LOAD arch/i386/x87.32
LOAD /cygdrive/d/Users/Alex/Desktop/Toolchain/Output/bin/../lib/gcc/i386-banana/8.1.0/crtend.o
LOAD crtn.32
LOAD /cygdrive/d/Users/Alex/Desktop/Toolchain/Output/bin/../lib/gcc/i386-banana/8.1.0/libkgcc.a
LOAD D:/Users/Alex/Desktop/Banana/kernel/libsoftfp.a
LOAD D:/Users/Alex/Desktop/Banana/kernel/libk/libm32.a
                0x00000000c0000000                . = 0xc0000000

.text           0x00000000c0000000    0x1d99a
 *(.text)
 .text          0x00000000c0000000       0x20 D:/Users/Alex/Desktop/Banana/kernel/boot.32
 .text          0x00000000c0000020        0x0 crti.32
 .text          0x00000000c0000020      0x101 /cygdrive/d/Users/Alex/Desktop/Toolchain/Output/bin/../lib/gcc/i386-banana/8.1.0/crtbegin.o
 *fill*         0x00000000c0000121        0xf 
 .text          0x00000000c0000130      0x252 D:/Users/Alex/Desktop/Banana/kernel/morenasm.32
                0x00000000c0000130                manualPCIProbe
                0x00000000c000017b                prepareTramp
                0x00000000c0000194                doTPAUSE
                0x00000000c000019e                hasLegacyFPU
                0x00000000c00001c3                is486
                0x00000000c00001f9                detectCPUID
                0x00000000c000020f                goToVM86
                0x00000000c000023f                goToUsermode
                0x00000000c0000269                switchToThreadASMFirstTime
                0x00000000c0000277                switchToThreadASM
                0x00000000c00002ff                asmQuickAcquireLock
                0x00000000c000031d                asmQuickReleaseLock
                0x00000000c0000329                asmAcquireLock
                0x00000000c000034a                asmReleaseLock
                0x00000000c000035d                loadGDT
                0x00000000c000037d                memcpy
 *fill*         0x00000000c0000382        0xe 
 .text          0x00000000c0000390      0x79e acpica/utclib.32
                0x00000000c0000390                memcmp
                0x00000000c00003e0                memmove
                0x00000000c00004d0                memset
                0x00000000c0000540                strlen
                0x00000000c0000570                strpbrk
                0x00000000c00005b0                strtok
                0x00000000c0000600                strcpy
                0x00000000c0000630                strncpy
                0x00000000c00006e0                strcmp
                0x00000000c0000730                strchr
                0x00000000c0000760                strncmp
                0x00000000c00007c0                strcat
                0x00000000c00007f0                strncat
                0x00000000c0000850                strstr
                0x00000000c00008b0                toupper
                0x00000000c00008d0                tolower
                0x00000000c00008f0                simple_strtoul
 .text          0x00000000c0000b2e      0xfad core/malloc.32
                0x00000000c0000c99                dlfree
                0x00000000c0000ff4                dlmalloc
                0x00000000c0001531                dlrealloc
                0x00000000c00016d4                dlmemalign
                0x00000000c00017f7                dlcalloc
                0x00000000c0001891                dlcfree
                0x00000000c0001896                dlindependent_calloc
                0x00000000c00018bb                dlindependent_comalloc
                0x00000000c00018d2                dlvalloc
                0x00000000c00018fd                dlpvalloc
                0x00000000c0001933                dlmalloc_trim
                0x00000000c0001940                dlmalloc_usable_size
                0x00000000c0001971                dlmallinfo
                0x00000000c0001a40                dlmalloc_stats
                0x00000000c0001a51                dlmallopt
 *fill*         0x00000000c0001adb        0x1 
 .text          0x00000000c0001adc      0x1f2 libk/ctype.32
                0x00000000c0001adc                isblank
                0x00000000c0001afc                iscntrl
                0x00000000c0001b1c                isdigit
                0x00000000c0001b38                islower
                0x00000000c0001b54                isspace
                0x00000000c0001b7c                isupper
                0x00000000c0001b98                isalpha
                0x00000000c0001bc8                isalnum
                0x00000000c0001bf8                ispunct
                0x00000000c0001c38                isgraph
                0x00000000c0001c68                isprint
                0x00000000c0001c90                isxdigit
 .text          0x00000000c0001cce        0x0 libk/string.32
 .text          0x00000000c0001cce       0x51 fs/fat/diskio.32
                0x00000000c0001cce                disk_status
                0x00000000c0001cd1                disk_initialize
                0x00000000c0001cd4                disk_read
                0x00000000c0001cea                disk_write
                0x00000000c0001d00                disk_ioctl
 .text          0x00000000c0001d1f     0x3d4b fs/fat/ff.32
                0x00000000c0003abb                f_mount
                0x00000000c0003b1d                f_open
                0x00000000c0003de8                f_read
                0x00000000c0003fe7                f_write
                0x00000000c000421b                f_sync
                0x00000000c00042d0                f_close
                0x00000000c00042ff                f_lseek
                0x00000000c00044a6                f_opendir
                0x00000000c0004571                f_closedir
                0x00000000c0004593                f_readdir
                0x00000000c0004625                f_stat
                0x00000000c00046a4                f_getfree
                0x00000000c00047a6                f_truncate
                0x00000000c000488a                f_unlink
                0x00000000c00049ac                f_mkdir
                0x00000000c0004b47                f_rename
                0x00000000c0004cfd                f_chmod
                0x00000000c0004da6                f_utime
                0x00000000c0004e54                f_getlabel
                0x00000000c0004fa5                f_setlabel
                0x00000000c0005135                f_expand
                0x00000000c0005295                f_mkfs
 *fill*         0x00000000c0005a6a        0x2 
 .text          0x00000000c0005a6c       0x2f fs/fat/ffsystem.32
                0x00000000c0005a6c                ff_memalloc
                0x00000000c0005a84                ff_memfree
 *fill*         0x00000000c0005a9b        0x1 
 .text          0x00000000c0005a9c      0x2a8 fs/fat/ffunicode.32
                0x00000000c0005a9c                ff_uni2oem
                0x00000000c0005b3c                ff_oem2uni
                0x00000000c0005bb4                ff_wtoupper
 .text          0x00000000c0005d44      0xd2f fs/iso9660/iso9660.32
                0x00000000c0005f89                isoReadDiscSector
                0x00000000c0006024                strnicmp
                0x00000000c00062d7                stricmp
                0x00000000c0006323                iso_open
                0x00000000c00063ad                iso_close
                0x00000000c00063cb                iso_read
                0x00000000c00064e1                iso_seek
                0x00000000c0006565                iso_tell
                0x00000000c0006596                iso_total
                0x00000000c00065c1                fn_postprocess
                0x00000000c00065e7                iso_readdir
                0x00000000c000683e                iso_reset
                0x00000000c000685b                init_percd
                0x00000000c0006955                iso_ioctl
                0x00000000c000696d                fs_iso9660_init
                0x00000000c0006a03                fs_iso9660_shutdown
 *fill*         0x00000000c0006a73        0x1 
 .text          0x00000000c0006a74      0x685 core/computer.32
                0x00000000c0006a74                Computer::close(int, int, void*)
                0x00000000c0006ab9                Krnl::firstTask()
                0x00000000c0006bec                Computer::Computer()
                0x00000000c0006bec                Computer::Computer()
                0x00000000c0006c9e                Computer::setBootMessage(char const*)
                0x00000000c0006ca0                Computer::detectFeatures()
                0x00000000c0006eaa                Computer::displayFeatures()
                0x00000000c0006eac                Computer::rdmsr(unsigned int)
                0x00000000c0006ed8                Computer::wrmsr(unsigned int, unsigned long long)
                0x00000000c0006f10                Computer::shutdown()
                0x00000000c0006f28                Computer::restart()
                0x00000000c0006f40                Computer::sleep()
                0x00000000c0006f54                Computer::nmiEnabled()
                0x00000000c0006f60                Computer::readCMOS(unsigned char)
                0x00000000c0006f7a                Computer::enableNMI(bool)
                0x00000000c0006f92                Computer::open(int, int, void*)
                0x00000000c0007066                Computer::disableNMI()
                0x00000000c0007076                Computer::writeCMOS(unsigned char, unsigned char)
                0x00000000c0007094                Computer::handleNMI()
 *fill*         0x00000000c00070f9        0x1 
 .text          0x00000000c00070fa      0x1cf core/gdt.32
                0x00000000c00070fa                GDTEntry::setBase(unsigned int)
                0x00000000c0007116                GDTEntry::setLimit(unsigned int)
                0x00000000c0007134                GDT::GDT()
                0x00000000c0007134                GDT::GDT()
                0x00000000c000714a                GDT::addEntry(GDTEntry)
                0x00000000c000716c                GDT::getNumberOfEntries()
                0x00000000c0007174                GDT::flush()
                0x00000000c0007196                GDT::setup()
 .text          0x00000000c00072c9       0x1d core/idle.32
                0x00000000c00072c9                idleFunction(void*)
 *fill*         0x00000000c00072e6        0x2 
 .text          0x00000000c00072e8      0x464 core/idt.32
                0x00000000c00072e8                IDTEntry::IDTEntry(bool)
                0x00000000c00072e8                IDTEntry::IDTEntry(bool)
                0x00000000c000735a                IDTEntry::setOffset(unsigned int)
                0x00000000c0007370                IDT::IDT()
                0x00000000c0007370                IDT::IDT()
                0x00000000c0007372                IDT::getPointerToInvalidOpcodeEntryForF00F()
                0x00000000c000737a                IDT::addEntry(IDTEntry, int)
                0x00000000c0007394                IDT::addEntry(int, void (*)(), bool)
                0x00000000c00073cc                IDT::flush()
                0x00000000c00073e6                IDT::setup()
 .text          0x00000000c000774c      0x183 core/kheap.32
                0x00000000c000774c                sbrk
                0x00000000c00077e1                mmap
                0x00000000c00077f7                munmap
                0x00000000c000780d                liballoc_lock()
                0x00000000c000781a                liballoc_unlock()
                0x00000000c000782e                liballoc_alloc(int)
                0x00000000c0007846                liballoc_free(void*, int)
                0x00000000c0007861                realloc
                0x00000000c0007875                malloc
                0x00000000c0007885                free
                0x00000000c0007895                rfree
                0x00000000c00078a5                calloc
 .text          0x00000000c00078cf       0xc3 core/main.32
                0x00000000c00078cf                KeEntryPoint
 .text          0x00000000c0007992      0x5dc core/physmgr.32
                0x00000000c0007992                Phys::allocateDMA(unsigned long)
                0x00000000c0007a69                Phys::freeDMA(unsigned long, unsigned long)
                0x00000000c0007a9c                Phys::setPageState(unsigned long, bool)
                0x00000000c0007ace                Phys::getPageState(unsigned long)
                0x00000000c0007aef                Phys::freePage(unsigned long)
                0x00000000c0007b51                Phys::allocatePage()
                0x00000000c0007c0f                Phys::allocateContiguousPages(int)
                0x00000000c0007c6b                Phys::allowSegmentToBeUsed(unsigned long, unsigned long)
                0x00000000c0007ca3                Phys::physicalMemorySetup(unsigned int)
 .text          0x00000000c0007f6e      0x273 core/pipe.32
                0x00000000c0007f6e                Pipe::isAtty()
                0x00000000c0007f72                Pipe::~Pipe()
                0x00000000c0007f72                Pipe::~Pipe()
                0x00000000c0007f96                Pipe::~Pipe()
                0x00000000c0007fbe                Pipe::write(unsigned long long, void*, int*)
                0x00000000c000807e                Pipe::read(unsigned long long, void*, int*)
                0x00000000c000817a                Pipe::Pipe(int)
                0x00000000c000817a                Pipe::Pipe(int)
 *fill*         0x00000000c00081e1        0x1 
 .text          0x00000000c00081e2      0xaac core/terminal.32
                0x00000000c00081e2                VgaText::isAtty()
                0x00000000c00081e6                VgaText::~VgaText()
                0x00000000c00081e6                VgaText::~VgaText()
                0x00000000c000820a                VgaText::~VgaText()
                0x00000000c0008234                VgaText::read(unsigned long long, void*, int*)
                0x00000000c0008254                setTerminalScrollLock(bool)
                0x00000000c0008255                doTerminalCycle()
                0x00000000c0008256                addToTerminalCycle(VgaText*)
                0x00000000c0008257                scrollTerminalScrollLock(int)
                0x00000000c0008258                VgaText::updateTitle()
                0x00000000c000825a                VgaText::load()
                0x00000000c000825c                VgaText::updateCursor()
                0x00000000c0008272                VgaText::doANSI_SGR(int)
                0x00000000c00082e6                VgaText::setDefaultBgColour(VgaColour)
                0x00000000c00082f6                VgaText::setDefaultFgColour(VgaColour)
                0x00000000c0008306                VgaText::setDefaultColours(VgaColour, VgaColour)
                0x00000000c0008326                VgaText::setTitleTextColour(VgaColour)
                0x00000000c0008332                VgaText::setTitleColour(VgaColour)
                0x00000000c000833e                VgaText::setTitle(char*)
                0x00000000c0008340                VgaText::combineColours(unsigned char, unsigned char)
                0x00000000c0008352                VgaText::scrollScreen()
                0x00000000c00083e4                VgaText::combineCharAndColour(char, unsigned char)
                0x00000000c00083f6                VgaText::writeCharacter(char, VgaColour, VgaColour, int, int)
                0x00000000c0008486                VgaText::getCursorX()
                0x00000000c000848e                VgaText::getCursorY()
                0x00000000c0008496                VgaText::setCursor(int, int)
                0x00000000c00084ad                setActiveTerminal(VgaText*)
                0x00000000c00084f8                VgaText::clearScreen()
                0x00000000c0008546                VgaText::setCursorX(int)
                0x00000000c000855e                VgaText::setCursorY(int)
                0x00000000c0008576                VgaText::incrementCursor(bool)
                0x00000000c00085ca                VgaText::decrementCursor(bool)
                0x00000000c00085ec                VgaText::putchar(char, VgaColour, VgaColour)
                0x00000000c00086ba                VgaText::putchar(char)
                0x00000000c00087a6                VgaText::putx(unsigned int)
                0x00000000c00087ec                VgaText::puts(char const*)
                0x00000000c0008812                VgaText::write(unsigned long long, void*, int*)
                0x00000000c000885e                VgaText::puts(char const*, VgaColour, VgaColour)
                0x00000000c00089b0                VgaText::VgaText(char const*)
                0x00000000c00089b0                VgaText::VgaText(char const*)
                0x00000000c0008b00                VgaText::receiveKey(unsigned char)
                0x00000000c0008c68                VgaText::doUpdate()
                0x00000000c0008c69                newTerminal(char*)
 *fill*         0x00000000c0008c8e        0x2 
 .text          0x00000000c0008c90      0x1a1 core/tss.32
                0x00000000c0008c90                TSS::TSS()
                0x00000000c0008c90                TSS::TSS()
                0x00000000c0008ca0                TSS::setESP(unsigned long)
                0x00000000c0008cb4                TSS::flush()
                0x00000000c0008cd4                TSS::setup(unsigned long, unsigned long)
 *fill*         0x00000000c0008e31        0x1 
 .text          0x00000000c0008e32      0x4c2 core/unixfile.32
                0x00000000c0008e32                ReservedFilename::read(unsigned long long, void*, int*)
                0x00000000c0008e88                ReservedFilename::isAtty()
                0x00000000c0008ea4                ReservedFilename::write(unsigned long long, void*, int*)
                0x00000000c0008f02                UnixFile::getFileDescriptor()
                0x00000000c0008f0a                UnixFile::UnixFile(int)
                0x00000000c0008f0a                UnixFile::UnixFile(int)
                0x00000000c00090ba                ReservedFilename::ReservedFilename(int)
                0x00000000c00090ba                ReservedFilename::ReservedFilename(int)
                0x00000000c00090ec                UnixFile::~UnixFile()
                0x00000000c00090ec                UnixFile::~UnixFile()
                0x00000000c0009184                UnixFile::~UnixFile()
                0x00000000c00091ac                ReservedFilename::~ReservedFilename()
                0x00000000c00091ac                ReservedFilename::~ReservedFilename()
                0x00000000c00091d0                ReservedFilename::~ReservedFilename()
                0x00000000c00091f7                getFromFileDescriptor(int)
 .text          0x00000000c00092f4     0x11d0 core/virtmgr.32
                0x00000000c00092f4                Virt::setPageState(unsigned long, Virt::VirtPageState)
                0x00000000c0009329                Virt::getPageState(unsigned long)
                0x00000000c000934d                Virt::allocateKernelVirtualPages(int)
                0x00000000c000945e                Virt::freeSwapfilePage(unsigned long)
                0x00000000c000947c                Virt::swapIDToSector(unsigned long)
                0x00000000c000948e                Virt::allocateSwapfilePage()
                0x00000000c000950c                Virt::virtualMemorySetup()
                0x00000000c0009557                Virt::setupPageSwapping(int)
                0x00000000c00095c8                VAS::VAS(VAS*)
                0x00000000c00095c8                VAS::VAS(VAS*)
                0x00000000c00095f6                VAS::getForeignPageTableEntry(bool, unsigned long)
                0x00000000c0009622                VAS::getPageTableEntry(unsigned long)
                0x00000000c0009641                Virt::freeKernelVirtualPages(unsigned long)
                0x00000000c0009766                VAS::freeAllocatedPages(unsigned long)
                0x00000000c000978a                VAS::virtualToPhysical(unsigned long)
                0x00000000c00097a4                VAS::reflagRange(unsigned long, int, int, int)
                0x00000000c00097e4                VAS::VAS()
                0x00000000c00097e4                VAS::VAS()
                0x00000000c000984e                VAS::setToWriteCombining(unsigned long, int)
                0x00000000c0009882                VAS::mapOtherVASIn(bool, VAS*)
                0x00000000c00098ac                VAS::~VAS()
                0x00000000c00098ac                VAS::~VAS()
                0x00000000c0009a10                VAS::mapPage(unsigned long, unsigned long, int)
                0x00000000c0009b14                VAS::allocatePages(int, int)
                0x00000000c0009cec                VAS::setCPUSpecific(unsigned long)
                0x00000000c0009d0a                VAS::mapRange(unsigned long, unsigned long, int, int)
                0x00000000c0009dd0                VAS::mapForeignPage(bool, VAS*, unsigned long, unsigned long, int)
                0x00000000c0009ebe                VAS::VAS(bool)
                0x00000000c0009ebe                VAS::VAS(bool)
                0x00000000c000a13e                VAS::evict(unsigned long)
                0x00000000c000a200                VAS::tryLoadBackOffDisk(unsigned long)
                0x00000000c000a2ee                VAS::scanForEviction()
                0x00000000c000a3ce                mapVASFirstTime
 .text          0x00000000c000a4c4       0x5f coreobjs/c++.32
                0x00000000c000a4c4                __cxa_atexit
                0x00000000c000a4c7                __cxa_finalize
                0x00000000c000a4c8                __stack_chk_fail
                0x00000000c000a4fe                __cxa_pure_virtual
                0x00000000c000a50f                operator new[](unsigned long)
                0x00000000c000a514                operator delete(void*, unsigned long)
                0x00000000c000a519                operator delete[](void*)
                0x00000000c000a51e                operator delete[](void*, unsigned long)
 .text          0x00000000c000a523      0x21c dbg/kconsole.32
                0x00000000c000a523                Dbg::stringifyxWithBase(unsigned int, char*, int)
                0x00000000c000a58e                Dbg::logc(char)
                0x00000000c000a5ae                Dbg::logs(char*)
                0x00000000c000a5cb                Dbg::logWriteInt(unsigned int)
                0x00000000c000a5e9                Dbg::logWriteIntBase(unsigned int, int)
                0x00000000c000a60a                Dbg::kprintf(char const*, ...)
 *fill*         0x00000000c000a73f        0x1 
 .text          0x00000000c000a740      0xc5c fs/vfs.32
                0x00000000c000a740                File::read(unsigned long long, void*, int*)
                0x00000000c000a798                File::write(unsigned long long, void*, int*)
                0x00000000c000a7f0                Directory::read(unsigned long long, void*, int*)
                0x00000000c000a848                Directory::write(unsigned long long, void*, int*)
                0x00000000c000a876                File::isAtty()
                0x00000000c000a87a                Directory::isAtty()
                0x00000000c000a87e                Filesystem::getlabel(LogicalDisk*, int, char*, unsigned int*)
                0x00000000c000a884                Filesystem::setlabel(LogicalDisk*, int, char*)
                0x00000000c000a88a                Filesystem::allocateSwapfile(char const*, int)
                0x00000000c000a890                File::~File()
                0x00000000c000a890                File::~File()
                0x00000000c000a8b4                File::~File()
                0x00000000c000a8de                Directory::~Directory()
                0x00000000c000a8de                Directory::~Directory()
                0x00000000c000a902                Directory::~Directory()
                0x00000000c000a92c                Filesystem::Filesystem()
                0x00000000c000a92c                Filesystem::Filesystem()
                0x00000000c000a950                Filesystem::~Filesystem()
                0x00000000c000a950                Filesystem::~Filesystem()
                0x00000000c000a95e                Filesystem::~Filesystem()
                0x00000000c000a982                Fs::getcwd(Process*, char*, int)
                0x00000000c000a9ac                Fs::initVFS()
                0x00000000c000a9d6                Fs::standardiseFiles(char*, char const*, char const*)
                0x00000000c000ab80                File::File(char const*, Process*)
                0x00000000c000ab80                File::File(char const*, Process*)
                0x00000000c000ac40                File::open(FileOpenMode)
                0x00000000c000ac9e                File::close()
                0x00000000c000acfe                File::seek(unsigned long long)
                0x00000000c000ad54                File::tell(unsigned long long*)
                0x00000000c000ada4                File::rewind()
                0x00000000c000adb8                File::unlink()
                0x00000000c000ae04                File::rename(char const*)
                0x00000000c000ae52                File::chfatattr(unsigned char, unsigned char)
                0x00000000c000aeae                File::exists()
                0x00000000c000aeec                File::stat(unsigned long long*, bool*)
                0x00000000c000af4d                Fs::setcwd(Process*, char*)
                0x00000000c000b0aa                Directory::Directory(char const*, Process*)
                0x00000000c000b0aa                Directory::Directory(char const*, Process*)
                0x00000000c000b16a                Directory::open()
                0x00000000c000b1c6                Directory::close()
                0x00000000c000b226                Directory::unlink()
                0x00000000c000b272                Directory::rename(char const*)
                0x00000000c000b2c0                Directory::exists()
                0x00000000c000b2fe                Directory::read(dirent*)
                0x00000000c000b34a                Directory::create()
                0x00000000c000b396                Filesystem::chfatattr(char const*, unsigned char, unsigned char)
 .text          0x00000000c000b39c       0x86 hal/bus.32
                0x00000000c000b39c                Bus::Bus(char const*)
                0x00000000c000b39c                Bus::Bus(char const*)
                0x00000000c000b3d4                Bus::~Bus()
                0x00000000c000b3d4                Bus::~Bus()
                0x00000000c000b3f8                Bus::~Bus()
 .text          0x00000000c000b422       0x96 hal/buzzer.32
                0x00000000c000b422                beepThread(void*)
                0x00000000c000b45f                Krnl::beep(int, int, bool)
 .text          0x00000000c000b4b8      0x46d hal/clock.32
                0x00000000c000b4b8                User::loadClockSettings(int)
                0x00000000c000b50a                Clock::Clock(char const*)
                0x00000000c000b50a                Clock::Clock(char const*)
                0x00000000c000b540                Clock::~Clock()
                0x00000000c000b540                Clock::~Clock()
                0x00000000c000b564                Clock::~Clock()
                0x00000000c000b58e                Clock::timeInSecondsLocal()
                0x00000000c000b5d6                Clock::setTimeInSecondsLocal(unsigned long long)
                0x00000000c000b62f                datetimeToSeconds(datetime_t)
                0x00000000c000b75c                Clock::setTimeInDatetimeLocal(datetime_t)
                0x00000000c000b7bc                secondsToDatetime(unsigned long long)
                0x00000000c000b900                Clock::timeInDatetimeLocal()
 *fill*         0x00000000c000b925        0x1 
 .text          0x00000000c000b926      0x464 hal/device.32
                0x00000000c000b926                Device::hibernate()
                0x00000000c000b928                Device::wake()
                0x00000000c000b92a                Device::detect()
                0x00000000c000b92c                Device::disableLegacy()
                0x00000000c000b92e                Device::powerSaving(PowerSavingLevel)
                0x00000000c000b930                DriverlessDevice::close(int, int, void*)
                0x00000000c000b934                DriverlessDevice::detect()
                0x00000000c000b936                DriverlessDevice::open(int, int, void*)
                0x00000000c000b94a                Device::~Device()
                0x00000000c000b94a                Device::~Device()
                0x00000000c000b958                Device::~Device()
                0x00000000c000b980                Device::findAndLoadDriver()
                0x00000000c000b98e                Device::preOpenPCI(PCIDeviceInfo)
                0x00000000c000b9b4                Device::preOpenACPI(void*, char*, char*)
                0x00000000c000b9f4                Device::addIRQHandler(int, void (*)(regs*, void*), bool, void*)
                0x00000000c000ba1e                Device::getParent()
                0x00000000c000ba2a                Device::removeIRQHandler(int, void (*)(regs*, void*), bool)
                0x00000000c000ba48                Device::addChild(Device*)
                0x00000000c000ba8c                Device::removeAllChildren()
                0x00000000c000bad2                Device::hibernateAll()
                0x00000000c000bb02                Device::wakeAll()
                0x00000000c000bb32                Device::detectAll()
                0x00000000c000bb62                Device::disableLegacyAll()
                0x00000000c000bb64                Device::loadDriversForAll()
                0x00000000c000bb66                Device::closeAll()
                0x00000000c000bb9c                Device::powerSavingAll(PowerSavingLevel)
                0x00000000c000bbd2                Device::setName(char const*)
                0x00000000c000bbe0                Device::Device(char const*)
                0x00000000c000bbe0                Device::Device(char const*)
                0x00000000c000bcdc                Device::getName()
                0x00000000c000bce6                DriverlessDevice::DriverlessDevice(char const*)
                0x00000000c000bce6                DriverlessDevice::DriverlessDevice(char const*)
                0x00000000c000bd1c                Device::addToLinkedList(LinkedList<Device>&, DeviceType)
                0x00000000c000bd60                getDevicesOfType(DeviceType)
 *fill*         0x00000000c000bd8a        0x2 
 .text          0x00000000c000bd8c       0x86 hal/diskctrl.32
                0x00000000c000bd8c                HardDiskController::HardDiskController(char const*)
                0x00000000c000bd8c                HardDiskController::HardDiskController(char const*)
                0x00000000c000bdc4                HardDiskController::~HardDiskController()
                0x00000000c000bdc4                HardDiskController::~HardDiskController()
                0x00000000c000bde8                HardDiskController::~HardDiskController()
 .text          0x00000000c000be12       0xe2 hal/diskphys.32
                0x00000000c000be12                PhysicalDisk::eject()
                0x00000000c000be16                PhysicalDisk::PhysicalDisk(char const*, int)
                0x00000000c000be16                PhysicalDisk::PhysicalDisk(char const*, int)
                0x00000000c000be7e                PhysicalDisk::startCache()
                0x00000000c000bea6                PhysicalDisk::~PhysicalDisk()
                0x00000000c000bea6                PhysicalDisk::~PhysicalDisk()
                0x00000000c000beca                PhysicalDisk::~PhysicalDisk()
 .text          0x00000000c000bef4        0x0 hal/fpu.32
 .text          0x00000000c000bef4      0x35d hal/intctrl.32
                0x00000000c000bef4                int_handler
                0x00000000c000bf7c                installISRHandler(int, void (*)(regs*, void*), void*)
                0x00000000c000bfc4                installIRQHandler(int, void (*)(regs*, void*), bool, void*)
                0x00000000c000c0fc                uninstallISRHandler(int, void (*)(regs*, void*))
                0x00000000c000c130                uninstallIRQHandler(int, void (*)(regs*, void*), bool)
                0x00000000c000c1af                setupINTS()
                0x00000000c000c20c                convertLegacyIRQNumber(int)
 *fill*         0x00000000c000c251        0x1 
 .text          0x00000000c000c252      0x7bc hal/keybrd.32
                0x00000000c000c252                startGUI(void*)
                0x00000000c000c2be                startGUIVESA(void*)
                0x00000000c000c32a                sendKeyToTerminal(unsigned char)
                0x00000000c000c3f3                sendKeyboardToken(KeyboardToken)
                0x00000000c000c833                clearInternalKeybuffer(VgaText*)
                0x00000000c000c868                readKeyboard(VgaText*, char*, unsigned long)
                0x00000000c000c984                Keyboard::Keyboard(char const*)
                0x00000000c000c984                Keyboard::Keyboard(char const*)
                0x00000000c000c9c0                Keyboard::~Keyboard()
                0x00000000c000c9c0                Keyboard::~Keyboard()
                0x00000000c000c9e4                Keyboard::~Keyboard()
 .text          0x00000000c000ca0e      0x3f4 hal/logidisk.32
                0x00000000c000ca0e                LogicalDisk::close(int, int, void*)
                0x00000000c000ca12                LogicalDisk::~LogicalDisk()
                0x00000000c000ca12                LogicalDisk::~LogicalDisk()
                0x00000000c000ca36                LogicalDisk::~LogicalDisk()
                0x00000000c000ca60                LogicalDisk::open(int, int, void*)
                0x00000000c000ca74                LogicalDisk::absoluteToRelative(unsigned long long)
                0x00000000c000caac                LogicalDisk::relativeToAbsolute(unsigned long long)
                0x00000000c000caf2                LogicalDisk::LogicalDisk(char const*, PhysicalDisk*, unsigned long long, unsigned long long)
                0x00000000c000caf2                LogicalDisk::LogicalDisk(char const*, PhysicalDisk*, unsigned long long, unsigned long long)
                0x00000000c000cbb2                LogicalDisk::assignDriveLetter()
                0x00000000c000cc68                LogicalDisk::mount()
                0x00000000c000ccb0                LogicalDisk::unmount()
                0x00000000c000ccc0                LogicalDisk::eject()
                0x00000000c000ccd4                LogicalDisk::unassignDriveLetter()
                0x00000000c000cd2a                LogicalDisk::read(unsigned long long, int, void*)
                0x00000000c000cd96                LogicalDisk::write(unsigned long long, int, void*)
 *fill*         0x00000000c000ce02        0x2 
 .text          0x00000000c000ce04       0x86 hal/mouse.32
                0x00000000c000ce04                Mouse::Mouse(char const*)
                0x00000000c000ce04                Mouse::Mouse(char const*)
                0x00000000c000ce3c                Mouse::~Mouse()
                0x00000000c000ce3c                Mouse::~Mouse()
                0x00000000c000ce60                Mouse::~Mouse()
 .text          0x00000000c000ce8a      0x339 hal/partition.32
                0x00000000c000ce8a                makePartition(PhysicalDisk*, unsigned long long, unsigned long long)
                0x00000000c000cf32                createPartitionsForDisk(PhysicalDisk*)
 *fill*         0x00000000c000d1c3        0x1 
 .text          0x00000000c000d1c4       0x86 hal/serial.32
                0x00000000c000d1c4                Serial::Serial(char const*)
                0x00000000c000d1c4                Serial::Serial(char const*)
                0x00000000c000d1fc                Serial::~Serial()
                0x00000000c000d1fc                Serial::~Serial()
                0x00000000c000d220                Serial::~Serial()
 *fill*         0x00000000c000d24a        0x2 
 .text          0x00000000c000d24c      0x234 hal/timer.32
                0x00000000c000d24c                Timer::Timer(char const*)
                0x00000000c000d24c                Timer::Timer(char const*)
                0x00000000c000d284                Timer::~Timer()
                0x00000000c000d284                Timer::~Timer()
                0x00000000c000d2a8                Timer::~Timer()
                0x00000000c000d2d2                Timer::read()
                0x00000000c000d2dd                setupTimer(int)
                0x00000000c000d318                timerHandler(unsigned int)
 .text          0x00000000c000d480      0x440 hal/vcache.32
                0x00000000c000d480                VCache::VCache(PhysicalDisk*)
                0x00000000c000d480                VCache::VCache(PhysicalDisk*)
                0x00000000c000d5f0                VCache::invalidateReadBuffer()
                0x00000000c000d600                VCache::writeWriteBuffer()
                0x00000000c000d64c                VCache::~VCache()
                0x00000000c000d64c                VCache::~VCache()
                0x00000000c000d6a0                VCache::~VCache()
                0x00000000c000d6c8                VCache::write(unsigned long long, int, void*)
                0x00000000c000d7b6                VCache::read(unsigned long long, int, void*)
 .text          0x00000000c000d8c0      0x4c7 hal/video.32
                0x00000000c000d8c0                Video::putrect(int, int, int, int, unsigned int)
                0x00000000c000d90c                Video::bitblit(int, int, int, int, int, int, int, unsigned int*)
                0x00000000c000d97c                Video::blit(unsigned int*, int, int, int, int)
                0x00000000c000d9fa                Video::clearScreen(unsigned int)
                0x00000000c000da2e                Video::putpixel(int, int, unsigned int)
                0x00000000c000da3c                Video::readPixelApprox(int, int)
                0x00000000c000da50                Video::Video(char const*)
                0x00000000c000da50                Video::Video(char const*)
                0x00000000c000da86                Video::~Video()
                0x00000000c000da86                Video::~Video()
                0x00000000c000daaa                Video::~Video()
                0x00000000c000dad4                Video::isMonochrome()
                0x00000000c000dae0                Video::getWidth()
                0x00000000c000daec                Video::getHeight()
                0x00000000c000daf8                Video::drawCursor(int, int, unsigned int*, int)
                0x00000000c000dbb4                Video::tgaParse(unsigned char*, int, int*, int*)
                0x00000000c000dd1c                Video::putTGA(int, int, unsigned char*, int)
 *fill*         0x00000000c000dd87        0x1 
 .text          0x00000000c000dd88     0x1307 hw/acpi.32
                0x00000000c000dd88                ACPI::close(int, int, void*)
                0x00000000c000de40                findRSDP()
                0x00000000c000ded0                loadACPITables(unsigned char*)
                0x00000000c000e134                findRSDT(unsigned char*)
                0x00000000c000e284                findDataTable(unsigned char*, char*)
                0x00000000c000e2fc                scanMADT()
                0x00000000c000e7d0                ACPI::ACPI()
                0x00000000c000e7d0                ACPI::ACPI()
                0x00000000c000e824                ACPI::getPCIIRQAssignment(unsigned char, unsigned short, unsigned char)
                0x00000000c000e90c                ACPI::registerPCIIRQAssignment(void*, unsigned short, unsigned char, unsigned char)
                0x00000000c000e9d4                ACPI::setScreenBrightnessLevel(void*, int)
                0x00000000c000e9dc                ACPI::detectPCI()
                0x00000000c000ebe4                ACPI::writeSimpleBootFlag(SimpleBootFlagTable*)
                0x00000000c000ec38                ACPI::sleep()
                0x00000000c000ec54                ACPI::open(int, int, void*)
 *fill*         0x00000000c000f08f        0x1 
 .text          0x00000000c000f090      0xb95 hw/cpu.32
                0x00000000c000f090                CPU::close(int, int, void*)
                0x00000000c000f094                CPU::AMD_K6_write_msr(unsigned int, unsigned int, unsigned int, CPU::REGS*)
                0x00000000c000f0b0                CPU::AMD_K6_read_msr(unsigned int, CPU::REGS*)
                0x00000000c000f0c8                CPU::AMD_K6_writeback(int, int, int)
                0x00000000c000f13c                CPU::cpuid(int, unsigned long*, unsigned long*, unsigned long*, unsigned long*)
                0x00000000c000f1c0                CPU::cpuidCheckEDX(unsigned int)
                0x00000000c000f1ee                CPU::cpuidCheckECX(unsigned int)
                0x00000000c000f21c                CPU::cpuidCheckExtendedEBX(unsigned int)
                0x00000000c000f24a                CPU::cpuidCheckExtendedECX(unsigned int)
                0x00000000c000f278                CPU::CPU()
                0x00000000c000f278                CPU::CPU()
                0x00000000c000f306                CPU::displayFeatures()
                0x00000000c000f308                CPU::detectFeatures()
                0x00000000c000f9cc                CPU::setupSMEP()
                0x00000000c000f9d8                CPU::setupUMIP()
                0x00000000c000f9e2                CPU::setupTSC()
                0x00000000c000f9ec                CPU::setupLargePages()
                0x00000000c000f9f6                CPU::setupPAT()
                0x00000000c000fa32                CPU::setupMTRR()
                0x00000000c000fa34                CPU::setupGlobalPages()
                0x00000000c000fa3e                CPU::allowUsermodeDataAccess()
                0x00000000c000fa50                CPU::prohibitUsermodeDataAccess()
                0x00000000c000fa62                CPU::setupSMAP()
                0x00000000c000fa70                CPU::setupFeatures()
                0x00000000c000fb3c                CPU::open(int, int, void*)
 .text          0x00000000c000fc25       0xd1 krnl/bootmsg.32
                0x00000000c000fc25                KeDisplaySplashScreen()
                0x00000000c000fc93                KeSetBootMessage(char const*)
 .text          0x00000000c000fcf6      0x581 krnl/env.32
                0x00000000c000fcf6                EnvVarContainer::getEnv(char const*)
                0x00000000c000fd34                EnvVarContainer::setEnv(char const*, char const*)
                0x00000000c000fdf6                EnvVarContainer::deleteEnv(char const*)
                0x00000000c000fdf8                EnvVarContainer::loadFrom(char const*, char const*)
                0x00000000c000ffde                EnvVarContainer::__loadSystem()
                0x00000000c000fff8                EnvVarContainer::__loadUser()
                0x00000000c000fffa                EnvVarContainer::EnvVarContainer(Process*)
                0x00000000c000fffa                EnvVarContainer::EnvVarContainer(Process*)
                0x00000000c001001c                EnvVarContainer::~EnvVarContainer()
                0x00000000c001001c                EnvVarContainer::~EnvVarContainer()
                0x00000000c001004c                Krnl::getEnv(Process*, char const*)
                0x00000000c00100b1                Krnl::setEnvSystem(char const*, char const*)
                0x00000000c00100cb                Krnl::setEnvUser(char const*, char const*)
                0x00000000c00100ea                Krnl::setEnvProcess(Process*, char const*, char const*)
                0x00000000c00100fd                Krnl::deleteEnvSystem(char const*)
                0x00000000c00100fe                Krnl::deleteEnvUser(char const*)
                0x00000000c00100ff                Krnl::deleteEnvProcess(Process*, char const*)
                0x00000000c0010100                Krnl::newProcessEnv(Process*)
                0x00000000c0010122                Krnl::copyProcessEnv(Process*, Process*)
                0x00000000c001016e                Krnl::loadSystemEnv()
                0x00000000c001019c                Krnl::loadUserEnv()
                0x00000000c00101c2                Krnl::flushEnv()
                0x00000000c00101c3                Krnl::getProcessTotalEnvCount(Process*)
                0x00000000c00101e3                Krnl::getProcessEnvPair(Process*, int)
 .text          0x00000000c0010277       0x94 krnl/inlines.32
                0x00000000c0010277                CPU::current()
                0x00000000c0010283                operator new(unsigned long)
                0x00000000c0010288                operator delete(void*)
                0x00000000c001028d                disableIRQs()
                0x00000000c001028f                enableIRQs()
                0x00000000c0010291                lockScheduler()
                0x00000000c0010299                unlockScheduler()
                0x00000000c00102a8                lockStuff()
                0x00000000c00102b6                unlockStuff()
                0x00000000c00102f0                Virt::getAKernelVAS()
                0x00000000c00102f6                __not_memcpy
 .text          0x00000000c001030b        0xc krnl/panic.32
                0x00000000c001030b                KePanic(char const*)
 .text          0x00000000c0010317      0x142 krnl/powctrl.32
                0x00000000c0010317                Krnl::powerThread(void*)
                0x00000000c0010345                Krnl::changePowerSettings(Krnl::PowerSettings)
                0x00000000c001035b                Krnl::userIOReceived()
                0x00000000c0010366                Krnl::handlePowerButton()
                0x00000000c001039b                Krnl::handleSleepButton()
                0x00000000c00103d0                Krnl::setupPowerManager()
 *fill*         0x00000000c0010459        0x3 
 .text          0x00000000c001045c      0x190 krnl/resolve.32
                0x00000000c001045c                KeResolveCompatibilitySymbol(char*)
 .text          0x00000000c00105ec      0x2c3 krnl/signal.32
                0x00000000c00105ec                KiSigKill(int)
                0x00000000c0010618                KiDefaultSignalHandlerIgnore(int)
                0x00000000c0010619                KiDefaultSignalHandlerPause(int)
                0x00000000c0010645                KiDefaultSignalHandlerResume(int)
                0x00000000c0010671                KeDeinitSignals(SigHandlerBlock*)
                0x00000000c0010676                KeInitSignals()
                0x00000000c00106c1                KeRegisterSignalHandler(SigHandlerBlock*, int, void (*)(int), unsigned int, int)
                0x00000000c00106f7                KeRaiseSignal(SigHandlerBlock*, int)
                0x00000000c0010774                KeCheckSignal(SigHandlerBlock*)
                0x00000000c001085f                KiCheckSignalZ
                0x00000000c0010874                KeCompleteSignal(SigHandlerBlock*, int)
 .text          0x00000000c00108af      0xc39 krnl/syscalls.32
                0x00000000c00108af                SysSeekDir(regs*)
                0x00000000c00108b4                SysTellDir(regs*)
                0x00000000c00108b9                SysVerify(regs*)
                0x00000000c00108c3                SysGetArgc(regs*)
                0x00000000c00108d3                SysTTYName(regs*)
                0x00000000c00108db                SysFormatDisk(regs*)
                0x00000000c0010948                SysSetDiskVolumeLabel(regs*)
                0x00000000c0010992                SysGetDiskVolumeLabel(regs*)
                0x00000000c00109e7                SysShutdown(regs*)
                0x00000000c0010a45                SysRealpath(regs*)
                0x00000000c0010a88                SysReadDir(regs*)
                0x00000000c0010b08                SysIsATTY(regs*)
                0x00000000c0010b64                SysSeek(regs*)
                0x00000000c0010bbd                SysTell(regs*)
                0x00000000c0010c2c                SysSize(regs*)
                0x00000000c0010ca1                SysSizeFromFilename(regs*)
                0x00000000c0010d54                SysClose(regs*)
                0x00000000c0010db4                SysOpenDir(regs*)
                0x00000000c0010e2b                SysMakeDir(regs*)
                0x00000000c0010e95                SysCloseDir(regs*)
                0x00000000c0010ee9                SysWait(regs*)
                0x00000000c0010f06                SysNotImpl(regs*)
                0x00000000c0010f21                SysPanic(regs*)
                0x00000000c0010f3c                SysRmdir(regs*)
                0x00000000c0010fa3                SysUnlink(regs*)
                0x00000000c001100a                SysGetArgv(regs*)
                0x00000000c0011057                SysUSleep(regs*)
                0x00000000c0011080                SysSpawn(regs*)
                0x00000000c00110e9                SysGetEnv(regs*)
                0x00000000c0011198                SysSetFatAttrib(regs*)
                0x00000000c001120f                SysPipe(regs*)
                0x00000000c0011254                SysGetUnixTime(regs*)
                0x00000000c0011268                string_ends_with(char const*, char const*)
                0x00000000c00112b2                SysOpen(regs*)
                0x00000000c00114a6                KeSystemCall(regs*, void*)
 .text          0x00000000c00114e8      0xd36 reg/cm.32
                0x00000000c00114e8                CmOpen(char const*)
                0x00000000c0011606                CmClose(Reghive_Tag*)
                0x00000000c001161c                CmReadExtent(Reghive_Tag*, int, unsigned char*)
                0x00000000c001168a                CmGetString(Reghive_Tag*, int, char*)
                0x00000000c0011701                CmEnterDirectory(Reghive_Tag*, int)
                0x00000000c0011740                CmGetNext(Reghive_Tag*, int)
                0x00000000c0011772                CmWriteExtent(Reghive_Tag*, int, unsigned char*)
                0x00000000c00117f8                CmFreeExtent(Reghive_Tag*, int)
                0x00000000c0011820                CmUpdateHeader(Reghive_Tag*)
                0x00000000c0011841                CmExpand(Reghive_Tag*, int)
                0x00000000c00118bc                CmFindUnusedExtent(Reghive_Tag*)
                0x00000000c0011942                CmCreateExtent(Reghive_Tag*, int, int, unsigned char*)
                0x00000000c0011a36                CmSetString(Reghive_Tag*, int, char const*)
                0x00000000c0011b72                getMatch(char*, char*, bool, bool*)
                0x00000000c0011bd3                addShiftCm(unsigned int*, int*, unsigned char, int)
                0x00000000c0011c03                getShiftCm(unsigned int*, int*, int, bool*)
                0x00000000c0011c3a                CmGetInteger(Reghive_Tag*, int, unsigned long long*)
                0x00000000c0011c64                CmSetInteger(Reghive_Tag*, int, unsigned long long)
                0x00000000c0011ca4                CmConvertFromInternalFilename(unsigned char const*, char*)
                0x00000000c0011d48                CmGetNameAndTypeFromExtent(Reghive_Tag*, int, char*)
                0x00000000c0011d76                CmConvertToInternalFilename(char const*, unsigned char*)
                0x00000000c0011f14                CmCreateString(Reghive_Tag*, int, char const*)
                0x00000000c0011f61                CmFindInDirectory(Reghive_Tag*, int, char const*)
                0x00000000c0011fdb                CmCreateInteger(Reghive_Tag*, int, char const*, unsigned long long, int)
                0x00000000c001202e                CmCreateDirectory(Reghive_Tag*, int, char const*)
                0x00000000c00120d2                CmFindObjectFromPath(Reghive_Tag*, char const*)
                0x00000000c0012149                tree(Reghive_Tag*, int, int)
                0x00000000c00121ec                CmSplitFinalSlashInPlace(char*)
 .text          0x00000000c001221e      0x50e reg/registry.32
                0x00000000c001221e                Reg::findLineFromLoadedData(char*, char*, char*)
                0x00000000c0012376                Reg::getLineFromRegistry(char*, char*, char*, char*)
                0x00000000c00124cb                Reg::getLine(char*, char*, char*)
                0x00000000c0012502                Reg::readInt(char*, char*, int*)
                0x00000000c00125ed                Reg::readString(char*, char*, char*, int)
                0x00000000c001266e                Reg::readBool(char*, char*, bool*)
                0x00000000c0012693                Reg::readBoolWithDefault(char*, char*, bool)
                0x00000000c00126bf                Reg::readIntWithDefault(char*, char*, int)
                0x00000000c00126eb                Reg::readStringWithDefault(char*, char*, char*, int, char*)
 .text          0x00000000c001272c       0x36 sys/eject.32
                0x00000000c001272c                SysEject(regs*)
 .text          0x00000000c0012762       0x18 sys/exit.32
                0x00000000c0012762                SysExit(regs*)
 .text          0x00000000c001277a       0x1f sys/getcwd.32
                0x00000000c001277a                SysGetCwd(regs*)
 .text          0x00000000c0012799        0xc sys/getpid.32
                0x00000000c0012799                SysGetPID(regs*)
 .text          0x00000000c00127a5       0x1a sys/getramdata.32
                0x00000000c00127a5                SysGetRAMData(regs*)
 .text          0x00000000c00127bf       0x82 sys/getvgaptr.32
                0x00000000c00127bf                SysGetVGAPtr(regs*)
 .text          0x00000000c0012841       0xa8 sys/loaddll.32
                0x00000000c0012841                SysLoadDLL(regs*)
 .text          0x00000000c00128e9       0x68 sys/read.32
                0x00000000c00128e9                SysRead(regs*)
 .text          0x00000000c0012951       0x29 sys/registersignal.32
                0x00000000c0012951                SysRegisterSignal(regs*)
 .text          0x00000000c001297a       0x55 sys/sbrk.32
                0x00000000c001297a                SysSbrk(regs*)
 .text          0x00000000c00129cf       0x1c sys/setcwd.32
                0x00000000c00129cf                SysSetCwd(regs*)
 .text          0x00000000c00129eb       0x95 sys/settime.32
                0x00000000c00129eb                SysSetTime(regs*)
 .text          0x00000000c0012a80       0x4a sys/timezone.32
                0x00000000c0012a80                SysTimezone(regs*)
 .text          0x00000000c0012aca       0x68 sys/write.32
                0x00000000c0012aca                SysWrite(regs*)
 .text          0x00000000c0012b32       0x62 sys/wsbe.32
                0x00000000c0012b32                SysWsbe(regs*)
 .text          0x00000000c0012b94       0x25 sys/yield.32
                0x00000000c0012b94                SysYield(regs*)
 .text          0x00000000c0012bb9     0x11e5 thr/elf.32
                0x00000000c0012bb9                Thr::allocateMemoryForTask(Process*, File*, unsigned long, unsigned long, unsigned long)
                0x00000000c0012e45                Thr::loadProgramIntoMemory(Process*, char const*)
                0x00000000c001305b                Thr::runtimeReferenceHelper()
                0x00000000c001306e                Thr::getAddressOfKernelSymbol(char const*)
                0x00000000c00130bd                Thr::loadKernelSymbolTable(char const*)
                0x00000000c001337b                Thr::loadDriverIntoMemory(char const*, unsigned long, bool)
                0x00000000c0013ab1                Thr::getDriverBaseFromAddress(unsigned long)
                0x00000000c0013ae3                Thr::getDriverNameFromAddress(unsigned long)
                0x00000000c0013b1a                Thr::getDriverOffsetFromAddress(unsigned long)
                0x00000000c0013b34                Thr::loadDLL(char const*, bool)
                0x00000000c0013d65                Thr::executeDLL(unsigned long, void*)
 *fill*         0x00000000c0013d9e        0x2 
 .text          0x00000000c0013da0     0x12fd thr/prcssthr.32
                0x00000000c0013da0                userModeEntryPoint(void*)
                0x00000000c0013dc8                changeTSS
                0x00000000c0013df8                switchToThread(ThreadControlBlock*)
                0x00000000c0013eac                Process::addArgs(char**)
                0x00000000c0013f0c                Process::Process(char const*, Process*, char**)
                0x00000000c0013f0c                Process::Process(char const*, Process*, char**)
                0x00000000c0014118                Process::Process(bool, char const*, Process*, char**)
                0x00000000c0014118                Process::Process(bool, char const*, Process*, char**)
                0x00000000c00142f0                taskStartupFunction
                0x00000000c00142fc                Semaphore::Semaphore(int)
                0x00000000c00142fc                Semaphore::Semaphore(int)
                0x00000000c001432c                Mutex::Mutex()
                0x00000000c001432c                Mutex::Mutex()
                0x00000000c0014340                Process::createThread(void (*)(void*), void*, int)
                0x00000000c0014438                Process::createUserThread()
                0x00000000c0014458                setupMultitasking(void (*)())
                0x00000000c0014560                schedule()
                0x00000000c00145f0                Semaphore::tryAcquire()
                0x00000000c00146bc                Semaphore::assertLocked(char const*)
                0x00000000c0014734                blockTaskWithSchedulerLockAlreadyHeld(TaskState)
                0x00000000c001475c                blockTask(TaskState)
                0x00000000c001478c                waitTask(int, int*, int)
                0x00000000c00147d0                milliTenthSleepUntil(unsigned int)
                0x00000000c0014860                milliTenthSleep(unsigned int)
                0x00000000c0014870                sleep(unsigned int)
                0x00000000c001488c                Semaphore::acquire()
                0x00000000c0014948                taskReturned
                0x00000000c0014984                Thr::processFromPID(int)
                0x00000000c0014a24                unblockTask(ThreadControlBlock*)
                0x00000000c0014ac8                cleanupTerminatedTask(ThreadControlBlock*)
                0x00000000c0014d94                cleanerTaskFunction(void*)
                0x00000000c0014e84                terminateTask(int)
                0x00000000c0014f50                Thr::terminateFromIRQ(int)
                0x00000000c0014f60                Semaphore::release()
 .text          0x00000000c001509d      0xb93 vm86/vm8086.32
                0x00000000c001509d                Vm::inbv(unsigned short)
                0x00000000c00150b0                Vm::outbv(unsigned short, unsigned char)
                0x00000000c00150e6                Vm::realToLinear(unsigned short, unsigned short)
                0x00000000c00150f6                Vm::getSegment(unsigned int)
                0x00000000c00150fe                Vm::getOffset(unsigned int)
                0x00000000c0015103                Vm::mainloop2()
                0x00000000c001513d                Vm::mainVm8086Loop(void*)
                0x00000000c001514d                Vm::mainloop3(unsigned long)
                0x00000000c0015173                Vm::initialise8086()
                0x00000000c00151b6                Vm::finish8086()
                0x00000000c0015217                Vm::getOutput8086(unsigned char*)
                0x00000000c001523c                Vm::start8086FromBuffer(unsigned char*, int, unsigned short, unsigned short, unsigned short, unsigned short)
                0x00000000c00152f5                Vm::start8086(char const*, unsigned short, unsigned short, unsigned short, unsigned short)
                0x00000000c001545d                Vm::doISR(regs*, int, unsigned char*, unsigned short, unsigned short)
                0x00000000c00154e7                Vm::readByteFromReal(unsigned short, unsigned short)
                0x00000000c00154f8                Vm::readWordFromReal(unsigned short, unsigned short)
                0x00000000c001550a                Vm::readDwordFromReal(unsigned short, unsigned short)
                0x00000000c001551b                Vm::writeByteFromReal(unsigned short, unsigned short, unsigned char)
                0x00000000c0015530                Vm::writeWordFromReal(unsigned short, unsigned short, unsigned short)
                0x00000000c0015546                Vm::writeDwordFromReal(unsigned short, unsigned short, unsigned int)
                0x00000000c001555b                Vm::faultHandler(regs*)
 .text          0x00000000c0015c30      0xa8e arch/i386/hal.32
                0x00000000c0015c30                noCopro(unsigned long)
                0x00000000c0015c31                nmiHandler(regs*, void*)
                0x00000000c0015c4a                doubleFault(regs*, void*)
                0x00000000c0015c63                displayDebugInfo(regs*)
                0x00000000c0015fbf                HalSystemIdle()
                0x00000000c0016035                displayProgramFault(char const*)
                0x00000000c0016081                gpFault(regs*, void*)
                0x00000000c00160e6                pgFault(regs*, void*)
                0x00000000c001616c                otherISRHandler(regs*, void*)
                0x00000000c00161a0                opcodeFault(regs*, void*)
                0x00000000c0016220                i386SaveCoprocessor(void*)
                0x00000000c0016234                i386LoadCoprocessor(void*)
                0x00000000c0016248                x87EmulHandler(regs*, void*)
                0x00000000c00162e5                HalInitialiseCoprocessor()
                0x00000000c0016393                HalPanic(char const*)
                0x00000000c001648c                HalQueryPerformanceCounter()
                0x00000000c00164a7                HalInitialise()
                0x00000000c001664d                HalMakeBeep(int)
                0x00000000c0016687                HalGetRand()
                0x00000000c001668a                HalEndOfInterrupt(int)
                0x00000000c00166bb                HalRestart()
                0x00000000c00166bc                HalShutdown()
                0x00000000c00166bd                HalSleep()
 *fill*         0x00000000c00166be        0x2 
 .text          0x00000000c00166c0      0x2f4 arch/i386/pic.32
                0x00000000c00166c0                picIoWait()
                0x00000000c00166c8                picDisable()
                0x00000000c00166fc                picGetIRQReg(int)
                0x00000000c0016780                picOpen()
                0x00000000c0016910                picEOI(int)
 .text          0x00000000c00169b4      0x64d arch/i386/rtc.32
                0x00000000c00169b4                RTC::open(int, int, void*)
                0x00000000c00169b8                RTC::close(int, int, void*)
                0x00000000c00169bc                RTC::timeInSecondsUTC()
                0x00000000c00169ce                RTC::timeInDatetimeUTC()
                0x00000000c00169f4                RTC::setTimeInSecondsUTC(unsigned long long)
                0x00000000c0016a32                RTC::~RTC()
                0x00000000c0016a32                RTC::~RTC()
                0x00000000c0016a56                RTC::~RTC()
                0x00000000c0016a80                RTC::get_update_in_progress_flag()
                0x00000000c0016a98                RTC::completeRTCRefresh()
                0x00000000c0016d50                RTC::setTimeInDatetimeUTC(datetime_t)
                0x00000000c0016f03                rtcIRQHandler(regs*, void*)
                0x00000000c0016f48                RTC::RTC()
                0x00000000c0016f48                RTC::RTC()
 *fill*         0x00000000c0017001        0x3 
 .text          0x00000000c0017004      0x203 arch/i386/vga.32
                0x00000000c0017004                HalConsoleScroll(int, int)
                0x00000000c001710c                HalConsoleWriteCharacter(char, int, int, int, int)
                0x00000000c0017178                HalConsoleCursorUpdate(int, int)
 *fill*         0x00000000c0017207        0x1 
 .text          0x00000000c0017208     0x13e7 fs/fat/vfslink.32
                0x00000000c0017208                FAT::getName()
                0x00000000c0017210                FAT::tell(void*, unsigned long long*)
                0x00000000c001724c                FAT::stat(void*, unsigned long long*)
                0x00000000c0017288                FAT::~FAT()
                0x00000000c0017288                FAT::~FAT()
                0x00000000c00172ac                FAT::~FAT()
                0x00000000c00172d4                FAT::getlabel(LogicalDisk*, int, char*, unsigned int*)
                0x00000000c0017378                FAT::setlabel(LogicalDisk*, int, char*)
                0x00000000c001743c                FAT::format(LogicalDisk*, int, char const*, int)
                0x00000000c0017610                FAT::tryMount(LogicalDisk*, int)
                0x00000000c0017828                FAT::allocateSwapfile(char const*, int)
                0x00000000c00179e8                FAT::readDir(void*, unsigned long, void*, int*)
                0x00000000c0017b54                FAT::read(void*, unsigned long, void*, int*)
                0x00000000c0017bb4                FAT::write(void*, unsigned long, void*, int*)
                0x00000000c0017c14                FAT::close(void*)
                0x00000000c0017c68                FAT::closeDir(void*)
                0x00000000c0017cbc                FAT::seek(void*, unsigned long long)
                0x00000000c0017d14                fatWrapperReadDisk
                0x00000000c0017d58                fatWrapperWriteDisk
                0x00000000c0017d9c                fatWrapperIoctl
                0x00000000c0017eb8                FAT::FAT()
                0x00000000c0017eb8                FAT::FAT()
                0x00000000c0017f0c                FAT::fixFilepath(char*)
                0x00000000c0017f48                FAT::open(char const*, void**, FileOpenMode)
                0x00000000c0018080                FAT::openDir(char const*, void**)
                0x00000000c0018130                FAT::stat(char const*, unsigned long long*, bool*)
                0x00000000c0018228                FAT::unlink(char const*)
                0x00000000c00182a8                FAT::chfatattr(char const*, unsigned char, unsigned char)
                0x00000000c0018434                FAT::rename(char const*, char const*)
                0x00000000c0018500                FAT::mkdir(char const*)
                0x00000000c0018580                FAT::exists(char const*)
 *fill*         0x00000000c00185ef        0x1 
 .text          0x00000000c00185f0       0x94 fs/iso9660/helper.32
                0x00000000c00185f0                isoReadDiscSectorHelper
                0x00000000c001864c                iso_kprintf
                0x00000000c0018668                iso_kprintfd
 .text          0x00000000c0018684      0x6f8 fs/iso9660/vfslink.32
                0x00000000c0018684                ISO9660::format(LogicalDisk*, int, char const*, int)
                0x00000000c001868a                ISO9660::getName()
                0x00000000c0018690                ISO9660::closeDir(void*)
                0x00000000c001869a                ISO9660::chfatattr(char const*, unsigned char, unsigned char)
                0x00000000c00186a0                ISO9660::unlink(char const*)
                0x00000000c00186a6                ISO9660::write(void*, unsigned long, void*, int*)
                0x00000000c00186ac                ISO9660::rename(char const*, char const*)
                0x00000000c00186b2                ISO9660::mkdir(char const*)
                0x00000000c00186b8                ISO9660::~ISO9660()
                0x00000000c00186b8                ISO9660::~ISO9660()
                0x00000000c00186dc                ISO9660::~ISO9660()
                0x00000000c0018704                ISO9660::exists(char const*)
                0x00000000c0018718                ISO9660::open(char const*, void**, FileOpenMode)
                0x00000000c00187f6                ISO9660::read(void*, unsigned long, void*, int*)
                0x00000000c001883e                ISO9660::seek(void*, unsigned long long)
                0x00000000c0018880                ISO9660::tell(void*, unsigned long long*)
                0x00000000c00188be                ISO9660::stat(void*, unsigned long long*)
                0x00000000c0018910                ISO9660::stat(char const*, unsigned long long*, bool*)
                0x00000000c0018a48                ISO9660::close(void*)
                0x00000000c0018a78                ISO9660::openDir(char const*, void**)
                0x00000000c0018b4a                ISO9660::readDir(void*, unsigned long, void*, int*)
                0x00000000c0018c67                readSectorFromCDROM(unsigned int, unsigned char*, char)
                0x00000000c0018ce2                ISO9660::tryMount(LogicalDisk*, int)
                0x00000000c0018d54                ISO9660::ISO9660()
                0x00000000c0018d54                ISO9660::ISO9660()
 .text          0x00000000c0018d7c      0x26c hal/sound/sndcard.32
                0x00000000c0018d7c                SoundCard::beginPlayback()
                0x00000000c0018d8a                SoundCard::stopPlayback()
                0x00000000c0018d98                SoundCard::SoundCard(char const*)
                0x00000000c0018d98                SoundCard::SoundCard(char const*)
                0x00000000c0018e36                SoundCard::~SoundCard()
                0x00000000c0018e36                SoundCard::~SoundCard()
                0x00000000c0018e5a                SoundCard::~SoundCard()
                0x00000000c0018e84                SoundCard::configureRates(int, int, int)
                0x00000000c0018eb4                SoundCard::getSamples16(int, short*)
                0x00000000c0018f10                SoundCard::getSamples32(int, int*)
                0x00000000c0018f96                SoundCard::addChannel(SoundPort*)
                0x00000000c0018fd4                SoundCard::removeChannel(int)
 .text          0x00000000c0018fe8      0x377 hal/sound/sndport.32
                0x00000000c0018fe8                SoundPort::SoundPort(int, int, int, int)
                0x00000000c0018fe8                SoundPort::SoundPort(int, int, int, int)
                0x00000000c0019074                SoundPort::~SoundPort()
                0x00000000c0019074                SoundPort::~SoundPort()
                0x00000000c00190a8                SoundPort::unpause()
                0x00000000c00190b4                SoundPort::pause()
                0x00000000c00190c0                SoundPort::getBufferUsed()
                0x00000000c00190c8                SoundPort::getBufferSize()
                0x00000000c00190d0                SoundPort::buffer16(short*, int)
                0x00000000c001915c                SoundPort::buffer32(int*, int)
                0x00000000c00191e4                SoundPort::unbufferAndAdd16(int, short*, SoundCard*)
                0x00000000c00192a8                SoundPort::unbufferAndAdd32(int, int*, SoundCard*)
 .text          0x00000000c001935f        0x0 hw/bus/isa.32
 *fill*         0x00000000c001935f        0x1 
 .text          0x00000000c0019360      0xb49 hw/bus/pci.32
                0x00000000c0019360                PCI::open(int, int, void*)
                0x00000000c001937e                PCI::close(int, int, void*)
                0x00000000c0019382                PCI::PCI()
                0x00000000c0019382                PCI::PCI()
                0x00000000c001941c                PCI::readBAR8(unsigned int, int)
                0x00000000c0019438                PCI::readBAR16(unsigned int, int)
                0x00000000c0019456                PCI::readBAR32(unsigned int, int)
                0x00000000c0019472                PCI::writeBAR8(unsigned int, unsigned char, int)
                0x00000000c0019492                PCI::writeBAR16(unsigned int, unsigned short, int)
                0x00000000c00194b4                PCI::writeBAR32(unsigned int, unsigned int, int)
                0x00000000c00194d4                PCI::legacyMechanism(unsigned char, unsigned char, unsigned char, unsigned char)
                0x00000000c0019542                PCI::pciReadWord(unsigned char, unsigned char, unsigned char, unsigned char)
                0x00000000c00195ea                PCI::getVendorID(unsigned char, unsigned char, unsigned char)
                0x00000000c001960e                PCI::getHeaderType(unsigned char, unsigned char, unsigned char)
                0x00000000c0019636                PCI::getClassCode(unsigned char, unsigned char, unsigned char)
                0x00000000c0019680                PCI::getProgIF(unsigned char, unsigned char, unsigned char)
                0x00000000c00196a8                PCI::getRevisionID(unsigned char, unsigned char, unsigned char)
                0x00000000c00196cc                PCI::getInterruptNumber(unsigned char, unsigned char, unsigned char)
                0x00000000c00196f0                PCI::getSecondaryBus(unsigned char, unsigned char, unsigned char)
                0x00000000c0019718                PCI::getBARAddress(unsigned char, unsigned char, unsigned char, unsigned char)
                0x00000000c001977c                PCI::pciWriteWord(unsigned char, unsigned char, unsigned char, unsigned char, unsigned short)
                0x00000000c0019864                PCI::pciDetailsToFilepath(PCIDeviceInfo, char*)
                0x00000000c0019ade                PCI::checkBus(unsigned char)
                0x00000000c0019b04                PCI::foundDevice(PCIDeviceInfo)
                0x00000000c0019c76                PCI::getDeviceData(unsigned char, unsigned char, unsigned char)
                0x00000000c0019dea                PCI::checkDevice(unsigned char, unsigned char)
                0x00000000c0019e56                PCI::detect()
 *fill*         0x00000000c0019ea9        0x1 
 .text          0x00000000c0019eaa      0xb5a hw/diskctrl/ide.32
                0x00000000c0019eaa                IDE::close(int, int, void*)
                0x00000000c0019eae                IDE::IDE()
                0x00000000c0019eae                IDE::IDE()
                0x00000000c0019ee2                IDE::prepareInterrupt(unsigned char)
                0x00000000c0019ef4                selectDrive(unsigned char, unsigned char)
                0x00000000c0019ef6                IDE::getBase(unsigned char)
                0x00000000c0019f08                IDE::write(unsigned char, unsigned char, unsigned char)
                0x00000000c0019fc8                IDE::read(unsigned char, unsigned char)
                0x00000000c001a076                IDE::waitInterrupt(unsigned char)
                0x00000000c001a0de                ideChannel0IRQHandler(regs*, void*)
                0x00000000c001a0fa                ideChannel1IRQHandler(regs*, void*)
                0x00000000c001a116                IDE::enableIRQs(unsigned char, bool)
                0x00000000c001a15c                IDE::open(int, int, void*)
                0x00000000c001a56a                IDE::readBuffer(unsigned char, unsigned char, unsigned int, unsigned int)
                0x00000000c001a636                IDE::detect()
                0x00000000c001a8f6                IDE::printError(unsigned char, unsigned char, unsigned char)
                0x00000000c001a9a6                IDE::polling(unsigned char, unsigned int)
 .text          0x00000000c001aa04      0x32a hw/diskctrl/satabus.32
                0x00000000c001aa04                SATABus::close(int, int, void*)
                0x00000000c001aa08                SATABus::detect()
                0x00000000c001aa0a                SATABus::SATABus()
                0x00000000c001aa0a                SATABus::SATABus()
                0x00000000c001aa90                SATABus::findCmdslot(SATABus::tagHBA_PORT volatile*)
                0x00000000c001aac2                SATABus::checkType(SATABus::tagHBA_PORT volatile*)
                0x00000000c001ab0a                SATABus::startCmd(SATABus::tagHBA_PORT volatile*)
                0x00000000c001ab2a                SATABus::stopCmd(SATABus::tagHBA_PORT volatile*)
                0x00000000c001ab54                SATABus::portRebase(SATABus::tagHBA_PORT volatile*, int)
                0x00000000c001ac64                SATABus::probePort(SATABus::tagHBA_MEM volatile*)
                0x00000000c001ad0e                SATABus::open(int, int, void*)
 .text          0x00000000c001ad2e      0x921 hw/diskphys/ata.32
                0x00000000c001ad2e                ATA::close(int, int, void*)
                0x00000000c001ad52                ATA::powerSaving(PowerSavingLevel)
                0x00000000c001ad54                ATA::ATA()
                0x00000000c001ad54                ATA::ATA()
                0x00000000c001ad82                ATA::flush(bool)
                0x00000000c001adcc                ATA::readyForCommand()
                0x00000000c001ae18                ATA::access(unsigned long long, int, void*, bool)
                0x00000000c001b194                ATA::detectCHS()
                0x00000000c001b1be                ATA::open(int, int, void*)
                0x00000000c001b28a                combineCharAndColour(char, unsigned char)
                0x00000000c001b29b                combineColours(unsigned char, unsigned char)
                0x00000000c001b2a8                ATA::read(unsigned long long, int, void*)
                0x00000000c001b47e                ATA::write(unsigned long long, int, void*)
 *fill*         0x00000000c001b64f        0x1 
 .text          0x00000000c001b650      0x60e hw/diskphys/atapi.32
                0x00000000c001b650                ATAPI::write(unsigned long long, int, void*)
                0x00000000c001b656                ATAPI::close(int, int, void*)
                0x00000000c001b67a                ATAPI::ATAPI()
                0x00000000c001b67a                ATAPI::ATAPI()
                0x00000000c001b6a8                ATAPI::readyForCommand()
                0x00000000c001b6fa                ATAPI::sendPacket(unsigned char*, int, bool, unsigned short*, int)
                0x00000000c001b9ba                ATAPI::diskRemoved()
                0x00000000c001b9f4                ATAPI::eject()
                0x00000000c001ba3c                ATAPI::diskInserted()
                0x00000000c001ba48                ATAPI::detectMedia()
                0x00000000c001bb04                ATAPI::open(int, int, void*)
                0x00000000c001bbe4                ATAPI::read(unsigned long long, int, void*)
 .text          0x00000000c001bc5e      0x7ff hw/diskphys/sata.32
                0x00000000c001bc5e                SATA::close(int, int, void*)
                0x00000000c001bc82                SATA::powerSaving(PowerSavingLevel)
                0x00000000c001bc84                SATA::open(int, int, void*)
                0x00000000c001bd2e                SATA::SATA()
                0x00000000c001bd2e                SATA::SATA()
                0x00000000c001bd5c                SATA::access(unsigned long long, int, void*, bool)
                0x00000000c001bfa8                SATA::read(unsigned long long, int, void*)
                0x00000000c001c1f8                SATA::write(unsigned long long, int, void*)
 *fill*         0x00000000c001c45d        0x1 
 .text          0x00000000c001c45e      0x5c6 hw/diskphys/satapi.32
                0x00000000c001c45e                SATAPI::write(unsigned long long, int, void*)
                0x00000000c001c464                SATAPI::close(int, int, void*)
                0x00000000c001c488                SATAPI::SATAPI()
                0x00000000c001c488                SATAPI::SATAPI()
                0x00000000c001c4b6                SATAPI::diskRemoved()
                0x00000000c001c4b8                SATAPI::diskInserted()
                0x00000000c001c4d4                SATAPI::sendPacket(unsigned char*, int, unsigned long long, unsigned short*, int)
                0x00000000c001c7a8                SATAPI::eject()
                0x00000000c001c7e4                SATAPI::detectMedia()
                0x00000000c001c83a                SATAPI::open(int, int, void*)
                0x00000000c001c93a                SATAPI::read(unsigned long long, int, void*)
 .text          0x00000000c001ca24      0x455 hw/intctrl/apic.32
                0x00000000c001ca24                IOAPIC::close(int, int, void*)
                0x00000000c001ca2a                apicGetBase()
                0x00000000c001ca6c                IOAPIC::IOAPIC()
                0x00000000c001ca6c                IOAPIC::IOAPIC()
                0x00000000c001ca94                apicOpen()
                0x00000000c001cbfa                IOAPIC::handlesGSIWithNumber(unsigned int)
                0x00000000c001cc2c                IOAPIC::read(int)
                0x00000000c001cc54                IOAPIC::open(int, int, void*)
                0x00000000c001cd48                IOAPIC::write(int, int)
                0x00000000c001cd74                IOAPIC::redirect(unsigned char, unsigned long long, unsigned char, bool, bool)
 *fill*         0x00000000c001ce79        0x3 
 .text          0x00000000c001ce7c       0xf0 hw/timer/apictimer.32
                0x00000000c001ce7c                APICTimer::close(int, int, void*)
                0x00000000c001ce84                apicTimerHandler(regs*, void*)
                0x00000000c001ceac                APICTimer::open(int, int, void*)
                0x00000000c001cf1c                APICTimer::write(int)
                0x00000000c001cf44                APICTimer::APICTimer()
                0x00000000c001cf44                APICTimer::APICTimer()
 .text          0x00000000c001cf6c      0x1aa hw/timer/pit.32
                0x00000000c001cf6c                PIT::write(int)
                0x00000000c001cff0                pitHandler(regs*, void*)
                0x00000000c001d014                PIT::open(int, int, void*)
                0x00000000c001d064                PIT::close(int, int, void*)
                0x00000000c001d094                PIT::PIT()
                0x00000000c001d094                PIT::PIT()
 *fill*         0x00000000c001d116        0xa 
 .text          0x00000000c001d120       0x83 arch/i386/avx.32
                0x00000000c001d120                avxDetect
                0x00000000c001d14a                avxSave
                0x00000000c001d15b                avxLoad
                0x00000000c001d16c                avxInit
                0x00000000c001d18e                avxClose
                0x00000000c001d18f                wouldSheSayYes
 *fill*         0x00000000c001d1a3        0xd 
 .text          0x00000000c001d1b0      0x231 arch/i386/interrupt.32
                0x00000000c001d1b0                isr0
                0x00000000c001d1c0                isr1
                0x00000000c001d1ca                isr2
                0x00000000c001d1d4                isr3
                0x00000000c001d1de                isr4
                0x00000000c001d1e8                isr5
                0x00000000c001d1f2                isr6
                0x00000000c001d1fc                isr7
                0x00000000c001d206                isr8
                0x00000000c001d20e                isr9
                0x00000000c001d218                isr10
                0x00000000c001d220                isr11
                0x00000000c001d228                isr12
                0x00000000c001d230                isr13
                0x00000000c001d238                isr14
                0x00000000c001d240                isr15
                0x00000000c001d24a                isr16
                0x00000000c001d254                isr17
                0x00000000c001d25e                isr18
                0x00000000c001d268                irq3
                0x00000000c001d272                irq4
                0x00000000c001d27c                irq5
                0x00000000c001d286                irq6
                0x00000000c001d290                irq7
                0x00000000c001d29a                irq8
                0x00000000c001d2a4                irq9
                0x00000000c001d2ae                irq10
                0x00000000c001d2b8                irq11
                0x00000000c001d2c2                irq12
                0x00000000c001d2cc                irq13
                0x00000000c001d2d6                irq14
                0x00000000c001d2e0                irq15
                0x00000000c001d2ea                irq1
                0x00000000c001d2f1                irq2
                0x00000000c001d2f8                isr96
                0x00000000c001d2ff                irq0
                0x00000000c001d304                int_common_stub
                0x00000000c001d336                syscall_common_stub
                0x00000000c001d391                irq16
                0x00000000c001d39b                irq17
                0x00000000c001d3a5                irq18
                0x00000000c001d3af                irq19
                0x00000000c001d3b9                irq20
                0x00000000c001d3c3                irq21
                0x00000000c001d3cd                irq22
                0x00000000c001d3d7                irq23
 *fill*         0x00000000c001d3e1        0xf 
 .text          0x00000000c001d3f0       0x10 arch/i386/rdrand.32
                0x00000000c001d3f0                i386GetRDRAND
 .text          0x00000000c001d400       0x39 arch/i386/sse.32
                0x00000000c001d400                absolutelyNoChanceInHell
                0x00000000c001d400                sseDetect
                0x00000000c001d418                sseSave
                0x00000000c001d420                sseLoad
                0x00000000c001d428                sseInit
                0x00000000c001d438                sseClose
 *fill*         0x00000000c001d439        0x7 
 .text          0x00000000c001d440       0x49 arch/i386/x87.32
                0x00000000c001d446                x87Detect
                0x00000000c001d461                x87Save
                0x00000000c001d468                x87Load
                0x00000000c001d46f                x87Init
                0x00000000c001d488                x87Close
 *fill*         0x00000000c001d489        0x3 
 .text          0x00000000c001d48c       0x25 /cygdrive/d/Users/Alex/Desktop/Toolchain/Output/bin/../lib/gcc/i386-banana/8.1.0/crtend.o
 .text          0x00000000c001d4b1        0x0 crtn.32
 *fill*         0x00000000c001d4b1        0x3 
 .text          0x00000000c001d4b4      0x14b /cygdrive/d/Users/Alex/Desktop/Toolchain/Output/bin/../lib/gcc/i386-banana/8.1.0/libkgcc.a(_divdi3.o)
                0x00000000c001d4b4                __divdi3
 *fill*         0x00000000c001d5ff        0x1 
 .text          0x00000000c001d600      0x17e /cygdrive/d/Users/Alex/Desktop/Toolchain/Output/bin/../lib/gcc/i386-banana/8.1.0/libkgcc.a(_moddi3.o)
                0x00000000c001d600                __moddi3
 *fill*         0x00000000c001d77e        0x2 
 .text          0x00000000c001d780       0xff /cygdrive/d/Users/Alex/Desktop/Toolchain/Output/bin/../lib/gcc/i386-banana/8.1.0/libkgcc.a(_udivdi3.o)
                0x00000000c001d780                __udivdi3
 *fill*         0x00000000c001d87f        0x1 
 .text          0x00000000c001d880      0x11a /cygdrive/d/Users/Alex/Desktop/Toolchain/Output/bin/../lib/gcc/i386-banana/8.1.0/libkgcc.a(_umoddi3.o)
                0x00000000c001d880                __umoddi3
 *(.gnu.linkonce.t*)

.iplt           0x00000000c001d9a0        0x0
 .iplt          0x00000000c001d9a0        0x0 D:/Users/Alex/Desktop/Banana/kernel/boot.32

.init           0x00000000c001d99a        0xf
 .init          0x00000000c001d99a        0x3 crti.32
                0x00000000c001d99a                _init
 .init          0x00000000c001d99d        0x5 /cygdrive/d/Users/Alex/Desktop/Toolchain/Output/bin/../lib/gcc/i386-banana/8.1.0/crtbegin.o
 .init          0x00000000c001d9a2        0x5 /cygdrive/d/Users/Alex/Desktop/Toolchain/Output/bin/../lib/gcc/i386-banana/8.1.0/crtend.o
 .init          0x00000000c001d9a7        0x2 crtn.32

.fini           0x00000000c001d9a9        0xa
 .fini          0x00000000c001d9a9        0x3 crti.32
                0x00000000c001d9a9                _fini
 .fini          0x00000000c001d9ac        0x5 /cygdrive/d/Users/Alex/Desktop/Toolchain/Output/bin/../lib/gcc/i386-banana/8.1.0/crtbegin.o
 .fini          0x00000000c001d9b1        0x2 crtn.32

.text._ZN8ComputerD2Ev
                0x00000000c001d9b4       0x23
 .text._ZN8ComputerD2Ev
                0x00000000c001d9b4       0x23 core/computer.32
                0x00000000c001d9b4                Computer::~Computer()
                0x00000000c001d9b4                Computer::~Computer()

.text._ZN8ComputerD0Ev
                0x00000000c001d9d8       0x2a
 .text._ZN8ComputerD0Ev
                0x00000000c001d9d8       0x2a core/computer.32
                0x00000000c001d9d8                Computer::~Computer()

.text._Z10idleCommonv
                0x00000000c001da02       0x21
 .text._Z10idleCommonv
                0x00000000c001da02       0x21 core/idle.32
                0x00000000c001da02                idleCommon()

.text._ZN10LinkedListI8UnixFileED2Ev
                0x00000000c001da24        0x2
 .text._ZN10LinkedListI8UnixFileED2Ev
                0x00000000c001da24        0x2 core/unixfile.32
                0x00000000c001da24                LinkedList<UnixFile>::~LinkedList()
                0x00000000c001da24                LinkedList<UnixFile>::~LinkedList()

.text._ZN10LinkedListI8UnixFileEC2Ev
                0x00000000c001da26       0x42
 .text._ZN10LinkedListI8UnixFileEC2Ev
                0x00000000c001da26       0x42 core/unixfile.32
                0x00000000c001da26                LinkedList<UnixFile>::LinkedList()
                0x00000000c001da26                LinkedList<UnixFile>::LinkedList()
