Archive member included to satisfy reference by file (symbol)

/cygdrive/d/Users/Alex/Desktop/Toolchain/Output/bin/../lib/gcc/i386-banana/8.1.0/libkgcc.a(_divdi3.o)
                              fs/fat/ff.32 (__divdi3)
/cygdrive/d/Users/Alex/Desktop/Toolchain/Output/bin/../lib/gcc/i386-banana/8.1.0/libkgcc.a(_moddi3.o)
                              compat/resolve.32 (__moddi3)
/cygdrive/d/Users/Alex/Desktop/Toolchain/Output/bin/../lib/gcc/i386-banana/8.1.0/libkgcc.a(_udivdi3.o)
                              fs/fat/ff.32 (__udivdi3)
/cygdrive/d/Users/Alex/Desktop/Toolchain/Output/bin/../lib/gcc/i386-banana/8.1.0/libkgcc.a(_umoddi3.o)
                              compat/resolve.32 (__umoddi3)

Discarded input sections

 .comment       0x0000000000000000       0x12 /cygdrive/d/Users/Alex/Desktop/Toolchain/Output/bin/../lib/gcc/i386-banana/8.1.0/crtbegin.o
 .comment       0x0000000000000000       0x12 acpica/utclib.32
 .comment       0x0000000000000000       0x12 core/malloc.32
 .comment       0x0000000000000000       0x12 libk/string.32
 .comment       0x0000000000000000       0x12 fs/fat/diskio.32
 .comment       0x0000000000000000       0x12 fs/fat/ff.32
 .comment       0x0000000000000000       0x12 fs/fat/ffsystem.32
 .comment       0x0000000000000000       0x12 fs/fat/ffunicode.32
 .comment       0x0000000000000000       0x12 compat/inlines.32
 .comment       0x0000000000000000       0x12 compat/resolve.32
 .group         0x0000000000000000       0x14 core/computer.32
 .group         0x0000000000000000        0xc core/computer.32
 .comment       0x0000000000000000       0x12 core/computer.32
 .comment       0x0000000000000000       0x12 core/gdt.32
 .group         0x0000000000000000        0xc core/idle.32
 .comment       0x0000000000000000       0x12 core/idle.32
 .comment       0x0000000000000000       0x12 core/idt.32
 .comment       0x0000000000000000       0x12 core/kheap.32
 .comment       0x0000000000000000       0x12 core/main.32
 .comment       0x0000000000000000       0x12 core/physmgr.32
 .group         0x0000000000000000        0xc core/pipe.32
 .comment       0x0000000000000000       0x12 core/pipe.32
 .group         0x0000000000000000        0xc core/terminal.32
 .comment       0x0000000000000000       0x12 core/terminal.32
 .comment       0x0000000000000000       0x12 core/tss.32
 .group         0x0000000000000000        0x8 core/unixfile.32
 .group         0x0000000000000000        0x8 core/unixfile.32
 .group         0x0000000000000000        0xc core/unixfile.32
 .group         0x0000000000000000        0x8 core/unixfile.32
 .group         0x0000000000000000        0xc core/unixfile.32
 .group         0x0000000000000000        0x8 core/unixfile.32
 .group         0x0000000000000000        0xc core/unixfile.32
 .group         0x0000000000000000        0xc core/unixfile.32
 .comment       0x0000000000000000       0x12 core/unixfile.32
 .comment       0x0000000000000000       0x12 core/virtmgr.32
 .comment       0x0000000000000000       0x12 coreobjs/c++.32
 .comment       0x0000000000000000       0x12 dbg/kconsole.32
 .group         0x0000000000000000        0xc fs/vfs.32
 .group         0x0000000000000000        0xc fs/vfs.32
 .group         0x0000000000000000        0xc fs/vfs.32
 .comment       0x0000000000000000       0x12 fs/vfs.32
 .group         0x0000000000000000        0xc hal/bus.32
 .comment       0x0000000000000000       0x12 hal/bus.32
 .group         0x0000000000000000        0xc hal/buzzer.32
 .comment       0x0000000000000000       0x12 hal/buzzer.32
 .group         0x0000000000000000        0xc hal/clock.32
 .comment       0x0000000000000000       0x12 hal/clock.32
 .group         0x0000000000000000       0x14 hal/device.32
 .group         0x0000000000000000        0xc hal/device.32
 .group         0x0000000000000000        0x8 hal/device.32
 .group         0x0000000000000000        0xc hal/device.32
 .group         0x0000000000000000        0xc hal/device.32
 .comment       0x0000000000000000       0x12 hal/device.32
 .group         0x0000000000000000        0xc hal/diskctrl.32
 .comment       0x0000000000000000       0x12 hal/diskctrl.32
 .group         0x0000000000000000        0xc hal/diskphys.32
 .comment       0x0000000000000000       0x12 hal/diskphys.32
 .group         0x0000000000000000        0xc hal/fpu.32
 .comment       0x0000000000000000       0x12 hal/fpu.32
 .group         0x0000000000000000        0xc hal/intctrl.32
 .comment       0x0000000000000000       0x12 hal/intctrl.32
 .group         0x0000000000000000        0xc hal/keybrd.32
 .comment       0x0000000000000000       0x12 hal/keybrd.32
 .group         0x0000000000000000        0xc hal/logidisk.32
 .comment       0x0000000000000000       0x12 hal/logidisk.32
 .group         0x0000000000000000        0xc hal/mouse.32
 .comment       0x0000000000000000       0x12 hal/mouse.32
 .comment       0x0000000000000000       0x12 hal/partition.32
 .group         0x0000000000000000        0xc hal/serial.32
[...]
Memory Configuration

Name             Origin             Length             Attributes
*default*        0x0000000000000000 0xffffffffffffffff

Linker script and memory map

LOAD D:/Users/Alex/Desktop/Banana/kernel/boot.32
LOAD crti.32
LOAD /cygdrive/d/Users/Alex/Desktop/Toolchain/Output/bin/../lib/gcc/i386-banana/8.1.0/crtbegin.o
LOAD D:/Users/Alex/Desktop/Banana/kernel/morenasm.32
LOAD acpica/utclib.32
LOAD core/malloc.32
LOAD libk/string.32
LOAD fs/fat/diskio.32
LOAD fs/fat/ff.32
LOAD fs/fat/ffsystem.32
LOAD fs/fat/ffunicode.32
LOAD compat/inlines.32
LOAD compat/resolve.32
LOAD core/computer.32
LOAD core/gdt.32
LOAD core/idle.32
LOAD core/idt.32
LOAD core/kheap.32
LOAD core/main.32
LOAD core/physmgr.32
LOAD core/pipe.32
LOAD core/terminal.32
LOAD core/tss.32
LOAD core/unixfile.32
LOAD core/virtmgr.32
LOAD coreobjs/c++.32
LOAD dbg/kconsole.32
LOAD fs/vfs.32
LOAD hal/bus.32
LOAD hal/buzzer.32
LOAD hal/clock.32
LOAD hal/device.32
LOAD hal/diskctrl.32
LOAD hal/diskphys.32
LOAD hal/fpu.32
LOAD hal/intctrl.32
LOAD hal/keybrd.32
LOAD hal/logidisk.32
LOAD hal/mouse.32
LOAD hal/partition.32
LOAD hal/serial.32
LOAD hal/timer.32
LOAD hal/vcache.32
LOAD hal/video.32
LOAD hw/acpi.32
LOAD hw/cpu.32
LOAD hw/ports.32
LOAD hw/smp.32
LOAD krnl/env.32
LOAD krnl/panic.32
LOAD krnl/powctrl.32
LOAD krnl/rand.32
LOAD net/ethernet.32
LOAD reg/registry.32
LOAD sys/sc_eject.32
LOAD sys/sc_exit.32
LOAD sys/sc_getcwd.32
LOAD sys/sc_getpid.32
LOAD sys/sc_getramdata.32
LOAD sys/sc_getvgaptr.32
LOAD sys/sc_loaddll.32
LOAD sys/sc_read.32
LOAD sys/sc_sbrk.32
LOAD sys/sc_setcwd.32
LOAD sys/sc_settime.32
LOAD sys/sc_timezone.32
LOAD sys/sc_write.32
LOAD sys/sc_wsbe.32
LOAD sys/sc_yield.32
LOAD sys/syscalls.32
LOAD thr/elf.32
LOAD thr/prcssthr.32
LOAD vm86/vm8086.32
LOAD vm86/x87em.32
LOAD fs/fat/vfslink.32
LOAD fs/iso9660/vfslink.32
LOAD hal/sound/sndcard.32
LOAD hal/sound/sndport.32
LOAD hw/bus/isa.32
LOAD hw/bus/pci.32
LOAD hw/diskctrl/ide.32
LOAD hw/diskctrl/satabus.32
LOAD hw/diskphys/ata.32
LOAD hw/diskphys/atapi.32
LOAD hw/diskphys/sata.32
LOAD hw/diskphys/satapi.32
LOAD hw/fpu/avx.32
LOAD hw/fpu/mmx.32
LOAD hw/fpu/sse.32
LOAD hw/fpu/x87.32
LOAD hw/intctrl/apic.32
LOAD hw/intctrl/pic.32
LOAD hw/timer/apictimer.32
LOAD hw/timer/pit.32
LOAD hw/fpu/x86/avx.32
LOAD hw/fpu/x86/sse.32
LOAD hw/fpu/x86/x87.32
LOAD /cygdrive/d/Users/Alex/Desktop/Toolchain/Output/bin/../lib/gcc/i386-banana/8.1.0/crtend.o
LOAD crtn.32
LOAD /cygdrive/d/Users/Alex/Desktop/Toolchain/Output/bin/../lib/gcc/i386-banana/8.1.0/libkgcc.a
LOAD D:/Users/Alex/Desktop/Banana/kernel/libsoftfp.a
LOAD D:/Users/Alex/Desktop/Banana/kernel/libk/libm32.a
                0x00000000c0000000                . = 0xc0000000

.text           0x00000000c0000000    0x2322a
 *(.text)
 .text          0x00000000c0000000       0x41 D:/Users/Alex/Desktop/Banana/kernel/boot.32
                0x00000000c0000020                callGlobalConstructors
 .text          0x00000000c0000041        0x0 crti.32
 *fill*         0x00000000c0000041        0x3 
 .text          0x00000000c0000044      0x101 /cygdrive/d/Users/Alex/Desktop/Toolchain/Output/bin/../lib/gcc/i386-banana/8.1.0/crtbegin.o
 *fill*         0x00000000c0000145        0xb 
 .text          0x00000000c0000150      0x440 D:/Users/Alex/Desktop/Banana/kernel/morenasm.32
                0x00000000c0000150                manualPCIProbe
                0x00000000c000019b                prepareTramp
                0x00000000c00001b4                doTPAUSE
                0x00000000c00001be                hasLegacyFPU
                0x00000000c00001e3                is486
                0x00000000c0000219                getRDRAND
                0x00000000c0000229                detectCPUID
                0x00000000c000023f                goToVM86
                0x00000000c000026f                goToUsermode
                0x00000000c0000299                switchToThreadASMFirstTime
                0x00000000c00002a7                switchToThreadASM
                0x00000000c0000337                asmQuickAcquireLock
                0x00000000c0000355                asmQuickReleaseLock
                0x00000000c0000361                asmAcquireLock
                0x00000000c0000382                asmReleaseLock
                0x00000000c0000395                loadGDT
                0x00000000c00003b5                isr0
                0x00000000c00003c5                isr1
                0x00000000c00003cf                isr2
                0x00000000c00003d9                isr3
                0x00000000c00003e3                isr4
                0x00000000c00003ed                isr5
                0x00000000c00003f7                isr6
                0x00000000c0000401                isr7
                0x00000000c000040b                isr8
                0x00000000c0000413                isr9
                0x00000000c000041d                isr10
                0x00000000c0000425                isr11
                0x00000000c000042d                isr12
                0x00000000c0000435                isr13
                0x00000000c000043d                isr14
                0x00000000c0000445                isr15
                0x00000000c000044f                isr16
                0x00000000c0000459                isr17
                0x00000000c0000463                isr18
                0x00000000c000046d                irq3
                0x00000000c0000477                irq4
                0x00000000c0000481                irq5
                0x00000000c000048b                irq6
                0x00000000c0000495                irq7
                0x00000000c000049f                irq8
                0x00000000c00004a9                irq9
                0x00000000c00004b3                irq10
                0x00000000c00004bd                irq11
                0x00000000c00004c7                irq12
                0x00000000c00004d1                irq13
                0x00000000c00004db                irq14
                0x00000000c00004e5                irq15
                0x00000000c00004ef                irq1
                0x00000000c00004f6                irq2
                0x00000000c00004fd                isr96
                0x00000000c0000504                irq0
                0x00000000c0000509                int_common_stub
                0x00000000c0000509                syscall_common_stub
                0x00000000c000053b                irq16
                0x00000000c0000545                irq17
                0x00000000c000054f                irq18
                0x00000000c0000559                irq19
                0x00000000c0000563                irq20
                0x00000000c000056d                irq21
                0x00000000c0000577                irq22
                0x00000000c0000581                irq23
                0x00000000c000058b                memcpy
 .text          0x00000000c0000590      0x5dd acpica/utclib.32
                0x00000000c0000590                memcmp
                0x00000000c00005cc                memmove
                0x00000000c0000694                memset
                0x00000000c00006b0                strlen
                0x00000000c00006c8                strpbrk
                0x00000000c0000704                strtok
                0x00000000c0000750                strcpy
                0x00000000c0000774                strncpy
                0x00000000c00007dc                strcmp
                0x00000000c000081c                strchr
                0x00000000c0000840                strncmp
                0x00000000c0000890                strcat
                0x00000000c00008c0                strncat
                0x00000000c00008fc                strstr
                0x00000000c0000944                toupper
                0x00000000c0000958                tolower
                0x00000000c000096c                simple_strtoul
 .text          0x00000000c0000b6d      0xfad core/malloc.32
                0x00000000c0000cd8                dlfree
                0x00000000c0001033                dlmalloc
                0x00000000c0001570                dlrealloc
                0x00000000c0001713                dlmemalign
                0x00000000c0001836                dlcalloc
                0x00000000c00018d0                dlcfree
                0x00000000c00018d5                dlindependent_calloc
                0x00000000c00018fa                dlindependent_comalloc
                0x00000000c0001911                dlvalloc
                0x00000000c000193c                dlpvalloc
                0x00000000c0001972                dlmalloc_trim
                0x00000000c000197f                dlmalloc_usable_size
                0x00000000c00019b0                dlmallinfo
                0x00000000c0001a7f                dlmalloc_stats
                0x00000000c0001a90                dlmallopt
 .text          0x00000000c0001b1a        0x0 libk/string.32
 .text          0x00000000c0001b1a       0x51 fs/fat/diskio.32
                0x00000000c0001b1a                disk_status
                0x00000000c0001b1d                disk_initialize
                0x00000000c0001b20                disk_read
                0x00000000c0001b36                disk_write
                0x00000000c0001b4c                disk_ioctl
 .text          0x00000000c0001b6b     0x6a69 fs/fat/ff.32
                0x00000000c0004e39                f_mount
                0x00000000c0004e9b                f_open
                0x00000000c00052d7                f_read
                0x00000000c0005557                f_write
                0x00000000c0005811                f_sync
                0x00000000c00059ed                f_close
                0x00000000c0005a1c                f_lseek
                0x00000000c0005ed3                f_opendir
                0x00000000c0005fd5                f_closedir
                0x00000000c0005ff7                f_readdir
                0x00000000c0006092                f_stat
                0x00000000c0006121                f_getfree
                0x00000000c00062ec                f_truncate
                0x00000000c00063e4                f_unlink
                0x00000000c0006567                f_mkdir
                0x00000000c0006793                f_rename
                0x00000000c0006a86                f_chmod
                0x00000000c0006b64                f_utime
                0x00000000c0006c42                f_getlabel
                0x00000000c0006e30                f_setlabel
                0x00000000c000709d                f_expand
                0x00000000c00072d3                f_forward
                0x00000000c00074b1                f_mkfs
 .text          0x00000000c00085d4       0x2f fs/fat/ffsystem.32
                0x00000000c00085d4                ff_memalloc
                0x00000000c00085ec                ff_memfree
 *fill*         0x00000000c0008603        0x1 
 .text          0x00000000c0008604      0x274 fs/fat/ffunicode.32
                0x00000000c0008604                ff_uni2oem
                0x00000000c000869c                ff_oem2uni
                0x00000000c0008710                ff_wtoupper
 .text          0x00000000c0008878       0xa7 compat/inlines.32
                0x00000000c0008878                CPU::current()
                0x00000000c0008884                operator new(unsigned long)
                0x00000000c0008889                operator delete(void*)
                0x00000000c000888e                disableIRQs()
                0x00000000c0008896                enableIRQs()
                0x00000000c00088a5                lockScheduler()
                0x00000000c00088ad                unlockScheduler()
                0x00000000c00088bc                lockStuff()
                0x00000000c00088ca                unlockStuff()
                0x00000000c0008904                Virt::getAKernelVAS()
                0x00000000c000890a                __not_memcpy
 *fill*         0x00000000c000891f        0x1 
 .text          0x00000000c0008920      0x118 compat/resolve.32
                0x00000000c0008920                Krnl::resolveCompatibilitySymbol(char*)
 .text          0x00000000c0008a38      0xb95 core/computer.32
                0x00000000c0008a38                Computer::close(int, int, void*)
                0x00000000c0008a7c                Krnl::firstTask()
                0x00000000c0008bd0                Computer::Computer()
                0x00000000c0008bd0                Computer::Computer()
                0x00000000c0008d2c                Computer::setBootMessage(char const*)
                0x00000000c0008d2e                Computer::detectFeatures()
                0x00000000c0008f38                Computer::displayFeatures()
                0x00000000c000927e                Computer::rdmsr(unsigned int)
                0x00000000c00092aa                Computer::wrmsr(unsigned int, unsigned long long)
                0x00000000c00092e2                Computer::shutdown()
                0x00000000c00092fa                Computer::restart()
                0x00000000c0009312                Computer::sleep()
                0x00000000c0009326                Computer::nmiEnabled()
                0x00000000c0009332                Computer::readCMOS(unsigned char)
                0x00000000c000934c                Computer::enableNMI(bool)
                0x00000000c0009364                Computer::open(int, int, void*)
                0x00000000c0009510                Computer::disableNMI()
                0x00000000c000951e                Computer::writeCMOS(unsigned char, unsigned char)
                0x00000000c000953c                Computer::handleNMI()
                0x00000000c00095a2                Computer::setDiskActivityLight(int, bool)
 *fill*         0x00000000c00095cd        0x1 
 .text          0x00000000c00095ce      0x211 core/gdt.32
                0x00000000c00095ce                GDTEntry::setBase(unsigned int)
                0x00000000c00095ea                GDTEntry::setLimit(unsigned int)
                0x00000000c0009608                GDT::GDT()
                0x00000000c0009608                GDT::GDT()
                0x00000000c000961e                GDT::addEntry(GDTEntry)
                0x00000000c0009640                GDT::getNumberOfEntries()
                0x00000000c0009648                GDT::flush()
                0x00000000c000966a                GDT::setup()
 .text          0x00000000c00097df       0x6b core/idle.32
                0x00000000c00097df                idleFunction(void*)
 *fill*         0x00000000c000984a        0x2 
 .text          0x00000000c000984c      0x464 core/idt.32
                0x00000000c000984c                IDTEntry::IDTEntry(bool)
                0x00000000c000984c                IDTEntry::IDTEntry(bool)
                0x00000000c00098be                IDTEntry::setOffset(unsigned int)
                0x00000000c00098d4                IDT::IDT()
                0x00000000c00098d4                IDT::IDT()
                0x00000000c00098d6                IDT::getPointerToInvalidOpcodeEntryForF00F()
                0x00000000c00098de                IDT::addEntry(IDTEntry, int)
                0x00000000c00098f8                IDT::addEntry(int, void (*)(), bool)
                0x00000000c0009930                IDT::flush()
                0x00000000c000994a                IDT::setup()
 .text          0x00000000c0009cb0      0x191 core/kheap.32
                0x00000000c0009cb0                sbrk
                0x00000000c0009d53                mmap
                0x00000000c0009d69                munmap
                0x00000000c0009d7f                liballoc_lock()
                0x00000000c0009d8c                liballoc_unlock()
                0x00000000c0009da0                liballoc_alloc(int)
                0x00000000c0009db8                liballoc_free(void*, int)
                0x00000000c0009dd3                realloc
                0x00000000c0009de7                malloc
                0x00000000c0009df7                free
                0x00000000c0009e07                rfree
                0x00000000c0009e17                calloc
 .text          0x00000000c0009e41      0x437 core/main.32
                0x00000000c0009e41                Krnl::setBootMessage(char const*)
                0x00000000c0009ead                kernel_main
 .text          0x00000000c000a278      0x668 core/physmgr.32
                0x00000000c000a278                Phys::allocateDMA(unsigned long)
                0x00000000c000a387                Phys::freeDMA(unsigned long, unsigned long)
                0x00000000c000a3cd                Phys::setPageState(unsigned long, bool)
                0x00000000c000a3ff                Phys::getPageState(unsigned long)
                0x00000000c000a41b                Phys::freePage(unsigned long)
                0x00000000c000a49e                Phys::allocatePage()
                0x00000000c000a589                Phys::allocateContiguousPages(int)
                0x00000000c000a5e5                Phys::allowSegmentToBeUsed(unsigned long, unsigned long)
                0x00000000c000a61d                Phys::physicalMemorySetup(unsigned int)
 .text          0x00000000c000a8e0      0x273 core/pipe.32
                0x00000000c000a8e0                Pipe::isAtty()
                0x00000000c000a8e4                Pipe::~Pipe()
                0x00000000c000a8e4                Pipe::~Pipe()
                0x00000000c000a908                Pipe::~Pipe()
                0x00000000c000a930                Pipe::read(unsigned long long, void*, int*)
                0x00000000c000aa2c                Pipe::write(unsigned long long, void*, int*)
                0x00000000c000aaec                Pipe::Pipe(int)
                0x00000000c000aaec                Pipe::Pipe(int)
 *fill*         0x00000000c000ab53        0x1 
 .text          0x00000000c000ab54      0xb8f core/terminal.32
                0x00000000c000ab54                VgaText::isAtty()
                0x00000000c000ab58                VgaText::~VgaText()
                0x00000000c000ab58                VgaText::~VgaText()
                0x00000000c000ab7c                VgaText::~VgaText()
                0x00000000c000aba6                VgaText::read(unsigned long long, void*, int*)
                0x00000000c000abc6                setTerminalScrollLock(bool)
                0x00000000c000abc7                addToTerminalCycle(VgaText*)
                0x00000000c000abe8                installVgaTextImplementation()
                0x00000000c000abfd                scrollTerminalScrollLock(int)
                0x00000000c000abfe                VgaText::updateTitle()
                0x00000000c000ac3c                VgaText::load()
                0x00000000c000ac8a                VgaText::updateCursor()
                0x00000000c000aca0                VgaText::doANSI_SGR(int)
                0x00000000c000ad14                VgaText::setDefaultBgColour(VgaColour)
                0x00000000c000ad24                VgaText::setDefaultFgColour(VgaColour)
                0x00000000c000ad34                VgaText::setDefaultColours(VgaColour, VgaColour)
                0x00000000c000ad54                VgaText::setTitleTextColour(VgaColour)
                0x00000000c000ad64                VgaText::setTitleColour(VgaColour)
                0x00000000c000ad74                VgaText::setTitle(char*)
                0x00000000c000ad9a                VgaText::combineColours(unsigned char, unsigned char)
                0x00000000c000adac                VgaText::scrollScreen()
                0x00000000c000ae40                VgaText::combineCharAndColour(char, unsigned char)
                0x00000000c000ae52                VgaText::writeCharacter(char, VgaColour, VgaColour, int, int)
                0x00000000c000aeae                VgaText::getCursorX()
                0x00000000c000aeb6                VgaText::getCursorY()
                0x00000000c000aebe                VgaText::setCursor(int, int)
                0x00000000c000aed5                setActiveTerminal(VgaText*)
                0x00000000c000af37                doTerminalCycle()
                0x00000000c000af52                VgaText::setCursorX(int)
                0x00000000c000af6a                VgaText::setCursorY(int)
                0x00000000c000af82                VgaText::incrementCursor(bool)
                0x00000000c000afd6                VgaText::decrementCursor(bool)
                0x00000000c000aff8                VgaText::putchar(char, VgaColour, VgaColour)
                0x00000000c000b0d0                VgaText::doUpdate()
                0x00000000c000b0de                VgaText::puts(char const*, VgaColour, VgaColour)
                0x00000000c000b256                VgaText::clearScreen()
                0x00000000c000b2b0                VgaText::putchar(char)
                0x00000000c000b39c                VgaText::putx(unsigned int)
                0x00000000c000b3e2                VgaText::puts(char const*)
                0x00000000c000b408                VgaText::VgaText(char const*)
                0x00000000c000b408                VgaText::VgaText(char const*)
                0x00000000c000b584                VgaText::receiveKey(unsigned char)
                0x00000000c000b66a                VgaText::write(unsigned long long, void*, int*)
                0x00000000c000b6be                newTerminal(char*)
 *fill*         0x00000000c000b6e3        0x1 
 .text          0x00000000c000b6e4      0x1a1 core/tss.32
                0x00000000c000b6e4                TSS::TSS()
                0x00000000c000b6e4                TSS::TSS()
                0x00000000c000b6f4                TSS::setESP(unsigned long)
                0x00000000c000b708                TSS::flush()
                0x00000000c000b728                TSS::setup(unsigned long, unsigned long)
 *fill*         0x00000000c000b885        0x1 
 .text          0x00000000c000b886      0x4c2 core/unixfile.32
                0x00000000c000b886                ReservedFilename::read(unsigned long long, void*, int*)
                0x00000000c000b8dc                ReservedFilename::isAtty()
                0x00000000c000b8f8                ReservedFilename::write(unsigned long long, void*, int*)
                0x00000000c000b956                UnixFile::getFileDescriptor()
                0x00000000c000b95e                UnixFile::UnixFile(int)
                0x00000000c000b95e                UnixFile::UnixFile(int)
                0x00000000c000bb0e                ReservedFilename::ReservedFilename(int)
                0x00000000c000bb0e                ReservedFilename::ReservedFilename(int)
                0x00000000c000bb40                UnixFile::~UnixFile()
                0x00000000c000bb40                UnixFile::~UnixFile()
                0x00000000c000bbd8                UnixFile::~UnixFile()
                0x00000000c000bc00                ReservedFilename::~ReservedFilename()
                0x00000000c000bc00                ReservedFilename::~ReservedFilename()
                0x00000000c000bc24                ReservedFilename::~ReservedFilename()
                0x00000000c000bc4b                getFromFileDescriptor(int)
 .text          0x00000000c000bd48     0x129a core/virtmgr.32
                0x00000000c000bd48                Virt::setPageState(unsigned long, Virt::VirtPageState)
                0x00000000c000bd7d                Virt::getPageState(unsigned long)
                0x00000000c000bda1                Virt::allocateKernelVirtualPages(int)
                0x00000000c000beb2                Virt::freeSwapfilePage(unsigned long)
                0x00000000c000bed0                Virt::swapIDToSector(unsigned long)
                0x00000000c000bee2                Virt::allocateSwapfilePage()
                0x00000000c000bf60                Virt::virtualMemorySetup()
                0x00000000c000bfab                Virt::setupPageSwapping(int)
                0x00000000c000c01c                VAS::VAS(VAS*)
                0x00000000c000c01c                VAS::VAS(VAS*)
                0x00000000c000c04a                VAS::getForeignPageTableEntry(bool, unsigned long)
                0x00000000c000c076                VAS::getPageTableEntry(unsigned long)
                0x00000000c000c095                Virt::freeKernelVirtualPages(unsigned long)
                0x00000000c000c1b8                VAS::freeAllocatedPages(unsigned long)
                0x00000000c000c1dc                VAS::virtualToPhysical(unsigned long)
                0x00000000c000c1f4                VAS::reflagRange(unsigned long, int, int, int)
                0x00000000c000c234                VAS::setToWriteCombining(unsigned long, int)
                0x00000000c000c266                VAS::mapOtherVASIn(bool, VAS*)
                0x00000000c000c290                VAS::~VAS()
                0x00000000c000c290                VAS::~VAS()
                0x00000000c000c40c                VAS::mapPage(unsigned long, unsigned long, int)
                0x00000000c000c50e                VAS::allocatePages(int, int)
                0x00000000c000c6e6                VAS::setCPUSpecific(unsigned long)
                0x00000000c000c702                VAS::mapRange(unsigned long, unsigned long, int, int)
                0x00000000c000c7c8                VAS::mapForeignPage(bool, VAS*, unsigned long, unsigned long, int)
                0x00000000c000c8b6                VAS::VAS(bool)
                0x00000000c000c8b6                VAS::VAS(bool)
                0x00000000c000cb36                VAS::VAS()
                0x00000000c000cb36                VAS::VAS()
                0x00000000c000cbf4                VAS::evict(unsigned long)
                0x00000000c000ccc4                VAS::tryLoadBackOffDisk(unsigned long)
                0x00000000c000cdd8                VAS::scanForEviction()
                0x00000000c000ceb6                mapVASFirstTime
 .text          0x00000000c000cfe2       0x95 coreobjs/c++.32
                0x00000000c000cfe2                __cxa_atexit
                0x00000000c000cfe5                __cxa_finalize
                0x00000000c000cfe6                __stack_chk_fail
                0x00000000c000d052                __cxa_pure_virtual
                0x00000000c000d063                operator new[](unsigned long)
                0x00000000c000d068                operator delete(void*, unsigned long)
                0x00000000c000d06d                operator delete[](void*)
                0x00000000c000d072                operator delete[](void*, unsigned long)
 .text          0x00000000c000d077      0x1fc dbg/kconsole.32
                0x00000000c000d077                Dbg::stringifyxWithBase(unsigned int, char*, int)
                0x00000000c000d0d0                Dbg::logc(char)
                0x00000000c000d0f0                Dbg::logs(char*)
                0x00000000c000d10d                Dbg::logWriteInt(unsigned int)
                0x00000000c000d12a                Dbg::logWriteIntBase(unsigned int, int)
                0x00000000c000d149                Dbg::kprintf(char const*, ...)
 *fill*         0x00000000c000d273        0x1 
 .text          0x00000000c000d274      0xcac fs/vfs.32
                0x00000000c000d274                File::read(unsigned long long, void*, int*)
                0x00000000c000d2cc                File::write(unsigned long long, void*, int*)
                0x00000000c000d324                Directory::read(unsigned long long, void*, int*)
                0x00000000c000d37c                Directory::write(unsigned long long, void*, int*)
                0x00000000c000d3aa                File::isAtty()
                0x00000000c000d3ae                Directory::isAtty()
                0x00000000c000d3b2                Filesystem::getlabel(LogicalDisk*, int, char*, unsigned int*)
                0x00000000c000d3b8                Filesystem::setlabel(LogicalDisk*, int, char*)
                0x00000000c000d3be                Filesystem::allocateSwapfile(char const*, int)
                0x00000000c000d3c4                File::~File()
                0x00000000c000d3c4                File::~File()
                0x00000000c000d3e8                File::~File()
                0x00000000c000d412                Directory::~Directory()
                0x00000000c000d412                Directory::~Directory()
                0x00000000c000d436                Directory::~Directory()
                0x00000000c000d460                Filesystem::Filesystem()
                0x00000000c000d460                Filesystem::Filesystem()
                0x00000000c000d484                Filesystem::~Filesystem()
                0x00000000c000d484                Filesystem::~Filesystem()
                0x00000000c000d492                Filesystem::~Filesystem()
                0x00000000c000d4b6                Fs::getcwd(Process*, char*, int)
                0x00000000c000d4e0                Fs::initVFS()
                0x00000000c000d50a                Fs::standardiseFiles(char*, char const*, char const*)
                0x00000000c000d6b4                File::File(char const*, Process*)
                0x00000000c000d6b4                File::File(char const*, Process*)
                0x00000000c000d78e                File::open(FileOpenMode)
                0x00000000c000d7ec                File::close()
                0x00000000c000d84c                File::seek(unsigned long long)
                0x00000000c000d8a2                File::tell(unsigned long long*)
                0x00000000c000d8f2                File::rewind()
                0x00000000c000d906                File::unlink()
                0x00000000c000d952                File::rename(char const*)
                0x00000000c000d9a0                File::chfatattr(unsigned char, unsigned char)
                0x00000000c000d9fc                File::exists()
                0x00000000c000da3a                File::stat(unsigned long long*, bool*)
                0x00000000c000da9b                Fs::setcwd(Process*, char*)
                0x00000000c000dc14                Directory::Directory(char const*, Process*)
                0x00000000c000dc14                Directory::Directory(char const*, Process*)
                0x00000000c000dcee                Directory::open()
                0x00000000c000dd4a                Directory::close()
                0x00000000c000ddaa                Directory::unlink()
                0x00000000c000ddf6                Directory::rename(char const*)
                0x00000000c000de44                Directory::exists()
                0x00000000c000de82                Directory::read(dirent*)
                0x00000000c000dece                Directory::create()
                0x00000000c000df1a                Filesystem::chfatattr(char const*, unsigned char, unsigned char)
 .text          0x00000000c000df20       0x86 hal/bus.32
                0x00000000c000df20                Bus::Bus(char const*)
                0x00000000c000df20                Bus::Bus(char const*)
                0x00000000c000df58                Bus::~Bus()
                0x00000000c000df58                Bus::~Bus()
                0x00000000c000df7c                Bus::~Bus()
 *fill*         0x00000000c000dfa6        0x2 
 .text          0x00000000c000dfa8      0x153 hal/buzzer.32
                0x00000000c000dfa8                Buzzer::Buzzer(char const*)
                0x00000000c000dfa8                Buzzer::Buzzer(char const*)
                0x00000000c000dfec                Buzzer::~Buzzer()
                0x00000000c000dfec                Buzzer::~Buzzer()
                0x00000000c000e010                Buzzer::~Buzzer()
                0x00000000c000e03a                Buzzer::stop()
                0x00000000c000e04d                beepThread(void*)
                0x00000000c000e08e                Buzzer::beep(int, int, bool)
 *fill*         0x00000000c000e0fb        0x1 
 .text          0x00000000c000e0fc      0x467 hal/clock.32
                0x00000000c000e0fc                User::loadClockSettings(int)
                0x00000000c000e14e                Clock::Clock(char const*)
                0x00000000c000e14e                Clock::Clock(char const*)
                0x00000000c000e184                Clock::~Clock()
                0x00000000c000e184                Clock::~Clock()
                0x00000000c000e1a8                Clock::~Clock()
                0x00000000c000e1d2                Clock::timeInSecondsLocal()
                0x00000000c000e21a                Clock::setTimeInSecondsLocal(unsigned long long)
                0x00000000c000e273                datetimeToSeconds(datetime_t)
                0x00000000c000e39a                Clock::setTimeInDatetimeLocal(datetime_t)
                0x00000000c000e3fa                secondsToDatetime(unsigned long long)
                0x00000000c000e53e                Clock::timeInDatetimeLocal()
 *fill*         0x00000000c000e563        0x1 
 .text          0x00000000c000e564      0x504 hal/device.32
                0x00000000c000e564                Device::hibernate()
                0x00000000c000e566                Device::wake()
                0x00000000c000e568                Device::detect()
                0x00000000c000e56a                Device::disableLegacy()
                0x00000000c000e56c                Device::powerSaving(PowerSavingLevel)
                0x00000000c000e56e                DriverlessDevice::close(int, int, void*)
                0x00000000c000e572                DriverlessDevice::detect()
                0x00000000c000e574                DriverlessDevice::open(int, int, void*)
                0x00000000c000e588                Device::~Device()
                0x00000000c000e588                Device::~Device()
                0x00000000c000e596                Device::~Device()
                0x00000000c000e5be                Device::findAndLoadDriver()
                0x00000000c000e5cc                Device::preOpenPCI(PCIDeviceInfo)
                0x00000000c000e5f2                Device::preOpenACPI(void*, char*, char*)
                0x00000000c000e632                Device::addIRQHandler(int, void (*)(regs*, void*), bool, void*)
                0x00000000c000e670                Device::getParent()
                0x00000000c000e67c                Device::removeIRQHandler(int, void (*)(regs*, void*), bool)
                0x00000000c000e6ba                Device::addChild(Device*)
                0x00000000c000e6fe                Device::removeAllChildren()
                0x00000000c000e744                Device::hibernateAll()
                0x00000000c000e774                Device::wakeAll()
                0x00000000c000e7a4                Device::detectAll()
                0x00000000c000e7d4                Device::disableLegacyAll()
                0x00000000c000e804                Device::loadDriversForAll()
                0x00000000c000e844                Device::closeAll()
                0x00000000c000e87a                Device::powerSavingAll(PowerSavingLevel)
                0x00000000c000e8b0                Device::setName(char const*)
                0x00000000c000e8be                Device::Device(char const*)
                0x00000000c000e8be                Device::Device(char const*)
                0x00000000c000e9ba                Device::getName()
                0x00000000c000e9c4                DriverlessDevice::DriverlessDevice(char const*)
                0x00000000c000e9c4                DriverlessDevice::DriverlessDevice(char const*)
                0x00000000c000e9fa                Device::addToLinkedList(LinkedList<Device>&, DeviceType)
                0x00000000c000ea3e                getDevicesOfType(DeviceType)
 .text          0x00000000c000ea68       0x86 hal/diskctrl.32
                0x00000000c000ea68                HardDiskController::HardDiskController(char const*)
                0x00000000c000ea68                HardDiskController::HardDiskController(char const*)
                0x00000000c000eaa0                HardDiskController::~HardDiskController()
                0x00000000c000eaa0                HardDiskController::~HardDiskController()
                0x00000000c000eac4                HardDiskController::~HardDiskController()
 .text          0x00000000c000eaee       0xe2 hal/diskphys.32
                0x00000000c000eaee                PhysicalDisk::eject()
                0x00000000c000eaf2                PhysicalDisk::PhysicalDisk(char const*, int)
                0x00000000c000eaf2                PhysicalDisk::PhysicalDisk(char const*, int)
                0x00000000c000eb5a                PhysicalDisk::startCache()
                0x00000000c000eb82                PhysicalDisk::~PhysicalDisk()
                0x00000000c000eb82                PhysicalDisk::~PhysicalDisk()
                0x00000000c000eba6                PhysicalDisk::~PhysicalDisk()
 .text          0x00000000c000ebd0      0x15f hal/fpu.32
                0x00000000c000ebd0                FPU::FPU(char const*)
                0x00000000c000ebd0                FPU::FPU(char const*)
                0x00000000c000ec08                FPU::~FPU()
                0x00000000c000ec08                FPU::~FPU()
                0x00000000c000ec2c                FPU::~FPU()
                0x00000000c000ec56                setupFPU()
 *fill*         0x00000000c000ed2f        0x1 
 .text          0x00000000c000ed30     0x12cf hal/intctrl.32
                0x00000000c000ed30                InterruptController::uninstallISRHandler(int, void (*)(regs*, void*))
                0x00000000c000ed68                InterruptController::installISRHandler(int, void (*)(regs*, void*), void*)
                0x00000000c000edba                doubleFault(regs*, void*)
                0x00000000c000edd4                InterruptController::installIRQHandler(int, void (*)(regs*, void*), bool, void*)
                0x00000000c000ee70                InterruptController::clearAllHandlers(int, bool)
                0x00000000c000ef18                InterruptController::uninstallIRQHandler(int, void (*)(regs*, void*), bool)
                0x00000000c000ef9f                nmiHandler(regs*, void*)
                0x00000000c000efad                int_handler
                0x00000000c000f04e                InterruptController::InterruptController(char const*)
                0x00000000c000f04e                InterruptController::InterruptController(char const*)
                0x00000000c000f0f4                InterruptController::~InterruptController()
                0x00000000c000f0f4                InterruptController::~InterruptController()
                0x00000000c000f118                InterruptController::~InterruptController()
                0x00000000c000f142                displayDebugInfo(regs*)
                0x00000000c000f5d1                x87EmulHandler(regs*, void*)
                0x00000000c000f71a                gpFault(regs*, void*)
                0x00000000c000f753                pgFault(regs*, void*)
                0x00000000c000f7a2                otherISRHandler(regs*, void*)
                0x00000000c000f7c1                opcodeFault(regs*, void*)
                0x00000000c000fb9b                displayProgramFault(char const*)
                0x00000000c000fbc3                setupInterruptController()
                0x00000000c000ffb2                InterruptController::convertLegacyIRQNumber(int)
 *fill*         0x00000000c000ffff        0x1 
 .text          0x00000000c0010000      0x778 hal/keybrd.32
                0x00000000c0010000                startGUI(void*)
                0x00000000c001006c                startGUIVESA(void*)
                0x00000000c00100d8                sendKeyToTerminal(unsigned char)
                0x00000000c0010196                sendKeyboardToken(KeyboardToken)
                0x00000000c00105c8                clearInternalKeybuffer(VgaText*)
                0x00000000c00105fd                readKeyboard(VgaText*, char*, unsigned long)
                0x00000000c00106ee                Keyboard::Keyboard(char const*)
                0x00000000c00106ee                Keyboard::Keyboard(char const*)
                0x00000000c001072a                Keyboard::~Keyboard()
                0x00000000c001072a                Keyboard::~Keyboard()
                0x00000000c001074e                Keyboard::~Keyboard()
 .text          0x00000000c0010778      0x42a hal/logidisk.32
                0x00000000c0010778                LogicalDisk::close(int, int, void*)
                0x00000000c001077c                LogicalDisk::~LogicalDisk()
                0x00000000c001077c                LogicalDisk::~LogicalDisk()
                0x00000000c00107a0                LogicalDisk::~LogicalDisk()
                0x00000000c00107ca                LogicalDisk::open(int, int, void*)
                0x00000000c00107de                LogicalDisk::absoluteToRelative(unsigned long long)
                0x00000000c0010816                LogicalDisk::relativeToAbsolute(unsigned long long)
                0x00000000c001085c                LogicalDisk::LogicalDisk(char const*, PhysicalDisk*, unsigned long long, unsigned long long)
                0x00000000c001085c                LogicalDisk::LogicalDisk(char const*, PhysicalDisk*, unsigned long long, unsigned long long)
                0x00000000c0010912                LogicalDisk::assignDriveLetter()
                0x00000000c00109c8                LogicalDisk::mount()
                0x00000000c0010a50                LogicalDisk::unmount()
                0x00000000c0010a60                LogicalDisk::eject()
                0x00000000c0010a74                LogicalDisk::unassignDriveLetter()
                0x00000000c0010aca                LogicalDisk::read(unsigned long long, int, void*)
                0x00000000c0010b36                LogicalDisk::write(unsigned long long, int, void*)
 *fill*         0x00000000c0010ba2        0x2 
 .text          0x00000000c0010ba4       0x86 hal/mouse.32
                0x00000000c0010ba4                Mouse::Mouse(char const*)
                0x00000000c0010ba4                Mouse::Mouse(char const*)
                0x00000000c0010bdc                Mouse::~Mouse()
                0x00000000c0010bdc                Mouse::~Mouse()
                0x00000000c0010c00                Mouse::~Mouse()
 .text          0x00000000c0010c2a      0x339 hal/partition.32
                0x00000000c0010c2a                makePartition(PhysicalDisk*, unsigned long long, unsigned long long)
                0x00000000c0010cd2                createPartitionsForDisk(PhysicalDisk*)
 *fill*         0x00000000c0010f63        0x1 
 .text          0x00000000c0010f64       0x86 hal/serial.32
                0x00000000c0010f64                Serial::Serial(char const*)
                0x00000000c0010f64                Serial::Serial(char const*)
                0x00000000c0010f9c                Serial::~Serial()
                0x00000000c0010f9c                Serial::~Serial()
                0x00000000c0010fc0                Serial::~Serial()
 *fill*         0x00000000c0010fea        0x2 
 .text          0x00000000c0010fec      0x2f2 hal/timer.32
                0x00000000c0010fec                Timer::Timer(char const*)
                0x00000000c0010fec                Timer::Timer(char const*)
                0x00000000c0011024                Timer::~Timer()
                0x00000000c0011024                Timer::~Timer()
                0x00000000c0011048                Timer::~Timer()
                0x00000000c0011072                Timer::read()
                0x00000000c001107d                timerHandler(unsigned int)
                0x00000000c00111e4                setupTimer(int)
 *fill*         0x00000000c00112de        0x2 
 .text          0x00000000c00112e0      0x43e hal/vcache.32
                0x00000000c00112e0                VCache::VCache(PhysicalDisk*)
                0x00000000c00112e0                VCache::VCache(PhysicalDisk*)
                0x00000000c0011448                VCache::invalidateReadBuffer()
                0x00000000c0011458                VCache::writeWriteBuffer()
                0x00000000c00114a4                VCache::~VCache()
                0x00000000c00114a4                VCache::~VCache()
                0x00000000c00114f8                VCache::~VCache()
                0x00000000c0011520                VCache::write(unsigned long long, int, void*)
                0x00000000c001161a                VCache::read(unsigned long long, int, void*)
 .text          0x00000000c001171e      0x4b3 hal/video.32
                0x00000000c001171e                Video::putrect(int, int, int, int, unsigned int)
                0x00000000c001176a                Video::bitblit(int, int, int, int, int, int, int, unsigned int*)
                0x00000000c00117da                Video::blit(unsigned int*, int, int, int, int)
                0x00000000c0011858                Video::clearScreen(unsigned int)
                0x00000000c001188c                Video::putpixel(int, int, unsigned int)
                0x00000000c001189a                Video::Video(char const*)
                0x00000000c001189a                Video::Video(char const*)
                0x00000000c00118d0                Video::~Video()
                0x00000000c00118d0                Video::~Video()
                0x00000000c00118f4                Video::~Video()
                0x00000000c001191e                Video::isMonochrome()
                0x00000000c001192a                Video::getWidth()
                0x00000000c0011936                Video::getHeight()
                0x00000000c0011942                Video::drawCursor(int, int, unsigned char*, int)
                0x00000000c00119fe                Video::tgaParse(unsigned char*, int, int*, int*)
                0x00000000c0011b66                Video::putTGA(int, int, unsigned char*, int)
 *fill*         0x00000000c0011bd1        0x3 
 .text          0x00000000c0011bd4     0x1707 hw/acpi.32
                0x00000000c0011bd4                ACPI::close(int, int, void*)
                0x00000000c0011c88                findRSDP()
                0x00000000c0011d5c                loadACPITables(unsigned char*)
                0x00000000c0011fc0                findRSDT(unsigned char*)
                0x00000000c0012180                findDataTable(unsigned char*, char*)
                0x00000000c00121f8                scanMADT()
                0x00000000c00126d4                ACPI::ACPI()
                0x00000000c00126d4                ACPI::ACPI()
                0x00000000c0012738                ACPI::getPCIIRQAssignment(unsigned char, unsigned short, unsigned char)
                0x00000000c0012820                ACPI::registerPCIIRQAssignment(void*, unsigned short, unsigned char, unsigned char)
                0x00000000c00128e8                ACPI::setScreenBrightnessLevel(void*, int)
                0x00000000c00128f0                ACPI::detectPCI()
                0x00000000c0012dd4                ACPI::writeSimpleBootFlag(SimpleBootFlagTable*)
                0x00000000c0012e1c                ACPI::sleep()
                0x00000000c0012e58                ACPI::open(int, int, void*)
 *fill*         0x00000000c00132db        0x1 
 .text          0x00000000c00132dc     0x1861 hw/cpu.32
                0x00000000c00132dc                CPU::close(int, int, void*)
                0x00000000c00132e0                CPU::lookupAMDName(unsigned char, unsigned char)
                0x00000000c0013474                CPU::lookupIntelName(unsigned char, unsigned char)
                0x00000000c0013722                CPU::AMD_K6_write_msr(unsigned int, unsigned int, unsigned int, CPU::REGS*)
                0x00000000c001373e                CPU::AMD_K6_read_msr(unsigned int, CPU::REGS*)
                0x00000000c0013756                CPU::AMD_K6_writeback(int, int, int)
                0x00000000c00137ca                CPU::cpuid(int, unsigned long*, unsigned long*, unsigned long*, unsigned long*)
                0x00000000c001384e                CPU::cpuidCheckEDX(unsigned int)
                0x00000000c001387c                CPU::cpuidCheckECX(unsigned int)
                0x00000000c00138aa                CPU::cpuidCheckExtendedEBX(unsigned int)
                0x00000000c00138d8                CPU::cpuidCheckExtendedECX(unsigned int)
                0x00000000c0013906                CPU::CPU()
                0x00000000c0013906                CPU::CPU()
                0x00000000c0013994                CPU::displayFeatures()
                0x00000000c0013c34                CPU::detectFeatures()
                0x00000000c001465e                CPU::setupSMEP()
                0x00000000c001466a                CPU::setupUMIP()
                0x00000000c0014674                CPU::setupTSC()
                0x00000000c001467e                CPU::setupLargePages()
                0x00000000c0014688                CPU::setupPAT()
                0x00000000c00146c4                CPU::setupMTRR()
                0x00000000c00146c6                CPU::setupGlobalPages()
                0x00000000c00146d0                CPU::allowUsermodeDataAccess()
                0x00000000c00146e2                CPU::prohibitUsermodeDataAccess()
                0x00000000c00146f4                CPU::setupSMAP()
                0x00000000c0014702                CPU::setupFeatures()
                0x00000000c00147ce                CPU::open(int, int, void*)
                0x00000000c0014942                CPU::decodeAddress(regs*, int*, bool*, unsigned char*)
 .text          0x00000000c0014b3d        0x0 hw/ports.32
 .text          0x00000000c0014b3d      0x16a hw/smp.32
                0x00000000c0014b3d                Krnl::smpEntry()
                0x00000000c0014b3f                Krnl::startCPU(int)
                0x00000000c0014c88                Krnl::startCPUs()
 *fill*         0x00000000c0014ca7        0x1 
 .text          0x00000000c0014ca8      0x581 krnl/env.32
                0x00000000c0014ca8                EnvVarContainer::getEnv(char const*)
                0x00000000c0014ce6                EnvVarContainer::setEnv(char const*, char const*)
                0x00000000c0014da8                EnvVarContainer::deleteEnv(char const*)
                0x00000000c0014daa                EnvVarContainer::loadFrom(char const*, char const*)
                0x00000000c0014f90                EnvVarContainer::__loadSystem()
                0x00000000c0014faa                EnvVarContainer::__loadUser()
                0x00000000c0014fac                EnvVarContainer::EnvVarContainer(Process*)
                0x00000000c0014fac                EnvVarContainer::EnvVarContainer(Process*)
                0x00000000c0014fce                EnvVarContainer::~EnvVarContainer()
                0x00000000c0014fce                EnvVarContainer::~EnvVarContainer()
                0x00000000c0014ffe                Krnl::getEnv(Process*, char const*)
                0x00000000c0015063                Krnl::setEnvSystem(char const*, char const*)
                0x00000000c001507d                Krnl::setEnvUser(char const*, char const*)
                0x00000000c001509c                Krnl::setEnvProcess(Process*, char const*, char const*)
                0x00000000c00150af                Krnl::deleteEnvSystem(char const*)
                0x00000000c00150b0                Krnl::deleteEnvUser(char const*)
                0x00000000c00150b1                Krnl::deleteEnvProcess(Process*, char const*)
                0x00000000c00150b2                Krnl::newProcessEnv(Process*)
                0x00000000c00150d4                Krnl::copyProcessEnv(Process*, Process*)
                0x00000000c0015120                Krnl::loadSystemEnv()
                0x00000000c001514e                Krnl::loadUserEnv()
                0x00000000c0015174                Krnl::flushEnv()
                0x00000000c0015175                Krnl::getProcessTotalEnvCount(Process*)
                0x00000000c0015195                Krnl::getProcessEnvPair(Process*, int)
 .text          0x00000000c0015229      0x258 krnl/panic.32
                0x00000000c0015229                Krnl::panic(char const*)
 .text          0x00000000c0015481      0x194 krnl/powctrl.32
                0x00000000c0015481                Krnl::powerThread(void*)
                0x00000000c0015501                Krnl::changePowerSettings(Krnl::PowerSettings)
                0x00000000c0015517                Krnl::userIOReceived()
                0x00000000c0015522                Krnl::handlePowerButton()
                0x00000000c0015557                Krnl::handleSleepButton()
                0x00000000c001558c                Krnl::setupPowerManager()
 .text          0x00000000c0015615      0x13a krnl/rand.32
                0x00000000c0015615                Krnl::initRNG()
                0x00000000c00156ee                Krnl::rand()
 *fill*         0x00000000c001574f        0x1 
 .text          0x00000000c0015750      0x5a0 net/ethernet.32
                0x00000000c0015750                Net::switchEndian16(unsigned short)
                0x00000000c0015774                Net::switchEndian32(unsigned int)
                0x00000000c00157a4                Net::crc32Calc(unsigned char*, int)
                0x00000000c0015848                Net::wrapEthernetFrame(Net::UnwrappedEthernetFrame, unsigned char*)
                0x00000000c0015a64                Net::unwrapEthernetFrame(unsigned char*, int)
 .text          0x00000000c0015cf0      0x50e reg/registry.32
                0x00000000c0015cf0                Reg::findLineFromLoadedData(char*, char*, char*)
                0x00000000c0015e48                Reg::getLineFromRegistry(char*, char*, char*, char*)
                0x00000000c0015f9d                Reg::getLine(char*, char*, char*)
                0x00000000c0015fd4                Reg::readInt(char*, char*, int*)
                0x00000000c00160bf                Reg::readString(char*, char*, char*, int)
                0x00000000c0016140                Reg::readBool(char*, char*, bool*)
                0x00000000c0016165                Reg::readBoolWithDefault(char*, char*, bool)
                0x00000000c0016191                Reg::readIntWithDefault(char*, char*, int)
                0x00000000c00161bd                Reg::readStringWithDefault(char*, char*, char*, int, char*)
 .text          0x00000000c00161fe       0x36 sys/sc_eject.32
                0x00000000c00161fe                Sys::eject(regs*)
 .text          0x00000000c0016234       0x18 sys/sc_exit.32
                0x00000000c0016234                Sys::exit(regs*)
 .text          0x00000000c001624c       0x1f sys/sc_getcwd.32
                0x00000000c001624c                Sys::getCwd(regs*)
 .text          0x00000000c001626b        0xc sys/sc_getpid.32
                0x00000000c001626b                Sys::getPID(regs*)
 .text          0x00000000c0016277       0x1a sys/sc_getramdata.32
                0x00000000c0016277                Sys::getRAMData(regs*)
 .text          0x00000000c0016291       0x84 sys/sc_getvgaptr.32
                0x00000000c0016291                Sys::getVGAPtr(regs*)
 .text          0x00000000c0016315       0xa8 sys/sc_loaddll.32
                0x00000000c0016315                Sys::loadDLL(regs*)
 .text          0x00000000c00163bd       0x68 sys/sc_read.32
                0x00000000c00163bd                Sys::read(regs*)
 .text          0x00000000c0016425       0x55 sys/sc_sbrk.32
                0x00000000c0016425                Sys::sbrk(regs*)
 .text          0x00000000c001647a       0x1c sys/sc_setcwd.32
                0x00000000c001647a                Sys::setCwd(regs*)
 .text          0x00000000c0016496       0x95 sys/sc_settime.32
                0x00000000c0016496                Sys::setTime(regs*)
 .text          0x00000000c001652b       0x4a sys/sc_timezone.32
                0x00000000c001652b                Sys::timezone(regs*)
 .text          0x00000000c0016575       0x68 sys/sc_write.32
                0x00000000c0016575                Sys::write(regs*)
 .text          0x00000000c00165dd       0x62 sys/sc_wsbe.32
                0x00000000c00165dd                Sys::wsbe(regs*)
 .text          0x00000000c001663f       0x38 sys/sc_yield.32
                0x00000000c001663f                Sys::yield(regs*)
 .text          0x00000000c0016677      0xf8e sys/syscalls.32
                0x00000000c0016677                sysCallSeekDir(regs*)
                0x00000000c001667c                sysCallTellDir(regs*)
                0x00000000c0016681                sysCallVerify(regs*)
                0x00000000c001668b                sysCallGetArgc(regs*)
                0x00000000c001669b                sysFormatDisk(regs*)
                0x00000000c0016705                sysSetDiskVolumeLabel(regs*)
                0x00000000c001674f                sysGetDiskVolumeLabel(regs*)
                0x00000000c00167a4                sysShutdown(regs*)
                0x00000000c0016802                sysCallRealpath(regs*)
                0x00000000c0016845                sysCallReadDir(regs*)
                0x00000000c00168c4                sysCallIsATTY(regs*)
                0x00000000c001691e                sysCallSeek(regs*)
                0x00000000c0016975                sysCallTell(regs*)
                0x00000000c00169e1                sysCallSize(regs*)
                0x00000000c0016a53                sysCallSizeFromFilename(regs*)
                0x00000000c0016b02                sysCallClose(regs*)
                0x00000000c0016b62                sysCallOpenDir(regs*)
                0x00000000c0016bd7                sysCallCloseDir(regs*)
                0x00000000c0016c2b                sysCallMakeDir(regs*)
                0x00000000c0016c9b                sysCallWait(regs*)
                0x00000000c0016cb5                sysCallNotImpl(regs*)
                0x00000000c0016cd0                sysPanic(regs*)
                0x00000000c0016cea                sysCallRmdir(regs*)
                0x00000000c0016d4e                sysCallUnlink(regs*)
                0x00000000c0016db2                sysCallGetArgv(regs*)
                0x00000000c0016dfe                sysCallTTYName(regs*)
                0x00000000c0016e81                sysCallUSleep(regs*)
                0x00000000c0016eaa                sysCallSpawn(regs*)
                0x00000000c0016f12                sysCallGetEnv(regs*)
                0x00000000c0016fbf                sysAppSettings(regs*)
                0x00000000c00170d3                sysSetFatAttrib(regs*)
                0x00000000c0017145                sysPipe(regs*)
                0x00000000c001718a                sysGetUnixTime(regs*)
                0x00000000c001719e                string_ends_with(char const*, char const*)
                0x00000000c00171e6                sysCallOpen(regs*)
                0x00000000c00173ce                Sys::loadSyscalls()
                0x00000000c00175c3                Sys::systemCall(regs*, void*)
 .text          0x00000000c0017605     0x1203 thr/elf.32
                0x00000000c0017605                Thr::allocateMemoryForTask(Process*, File*, unsigned long, unsigned long, unsigned long)
                0x00000000c00178af                Thr::loadProgramIntoMemory(Process*, char const*)
                0x00000000c0017ac5                Thr::runtimeReferenceHelper()
                0x00000000c0017ad8                Thr::getAddressOfKernelSymbol(char const*)
                0x00000000c0017b27                Thr::loadKernelSymbolTable(char const*)
                0x00000000c0017de5                Thr::loadDriverIntoMemory(char const*, unsigned long, bool)
                0x00000000c001851b                Thr::getDriverBaseFromAddress(unsigned long)
                0x00000000c001854d                Thr::getDriverNameFromAddress(unsigned long)
                0x00000000c0018584                Thr::getDriverOffsetFromAddress(unsigned long)
                0x00000000c001859e                Thr::loadDLL(char const*, bool)
                0x00000000c00187cf                Thr::executeDLL(unsigned long, void*)
 .text          0x00000000c0018808     0x12a9 thr/prcssthr.32
                0x00000000c0018808                userModeEntryPoint(void*)
                0x00000000c0018830                changeTSS
                0x00000000c0018860                switchToThread(ThreadControlBlock*)
                0x00000000c0018914                Process::addArgs(char**)
                0x00000000c0018974                Process::Process(char const*, Process*, char**)
                0x00000000c0018974                Process::Process(char const*, Process*, char**)
                0x00000000c0018b60                Process::Process(bool, char const*, Process*, char**)
                0x00000000c0018b60                Process::Process(bool, char const*, Process*, char**)
                0x00000000c0018d18                taskStartupFunction
                0x00000000c0018d24                Semaphore::Semaphore(int)
                0x00000000c0018d24                Semaphore::Semaphore(int)
                0x00000000c0018d54                Mutex::Mutex()
                0x00000000c0018d54                Mutex::Mutex()
                0x00000000c0018d68                Process::createThread(void (*)(void*), void*, int)
                0x00000000c0018e60                Process::createUserThread()
                0x00000000c0018e7c                setupMultitasking(void (*)())
                0x00000000c0018f84                schedule()
                0x00000000c0019010                Semaphore::tryAcquire()
                0x00000000c00190dc                Semaphore::assertLocked(char const*)
                0x00000000c0019154                blockTaskWithSchedulerLockAlreadyHeld(TaskState)
                0x00000000c001917c                blockTask(TaskState)
                0x00000000c00191ac                waitTask(int, int*, int)
                0x00000000c00191f0                milliTenthSleepUntil(unsigned int)
                0x00000000c001927c                milliTenthSleep(unsigned int)
                0x00000000c001928c                sleep(unsigned int)
                0x00000000c00192a8                Semaphore::acquire()
                0x00000000c0019364                taskReturned
                0x00000000c00193a0                Thr::processFromPID(int)
                0x00000000c0019440                unblockTask(ThreadControlBlock*)
                0x00000000c00194e4                cleanupTerminatedTask(ThreadControlBlock*)
                0x00000000c00197ac                cleanerTaskFunction(void*)
                0x00000000c001989c                terminateTask(int)
                0x00000000c0019968                Thr::terminateFromIRQ(int)
                0x00000000c0019974                Semaphore::release()
 .text          0x00000000c0019ab1      0xb93 vm86/vm8086.32
                0x00000000c0019ab1                Vm::inbv(unsigned short)
                0x00000000c0019ac4                Vm::outbv(unsigned short, unsigned char)
                0x00000000c0019afa                Vm::realToLinear(unsigned short, unsigned short)
                0x00000000c0019b0a                Vm::getSegment(unsigned int)
                0x00000000c0019b12                Vm::getOffset(unsigned int)
                0x00000000c0019b17                Vm::mainloop2()
                0x00000000c0019b51                Vm::mainVm8086Loop(void*)
                0x00000000c0019b61                Vm::mainloop3(unsigned long)
                0x00000000c0019b87                Vm::initialise8086()
                0x00000000c0019bca                Vm::finish8086()
                0x00000000c0019c2b                Vm::getOutput8086(unsigned char*)
                0x00000000c0019c50                Vm::start8086FromBuffer(unsigned char*, int, unsigned short, unsigned short, unsigned short, unsigned short)
                0x00000000c0019d09                Vm::start8086(char const*, unsigned short, unsigned short, unsigned short, unsigned short)
                0x00000000c0019e71                Vm::doISR(regs*, int, unsigned char*, unsigned short, unsigned short)
                0x00000000c0019efb                Vm::readByteFromReal(unsigned short, unsigned short)
                0x00000000c0019f0c                Vm::readWordFromReal(unsigned short, unsigned short)
                0x00000000c0019f1e                Vm::readDwordFromReal(unsigned short, unsigned short)
                0x00000000c0019f2f                Vm::writeByteFromReal(unsigned short, unsigned short, unsigned char)
                0x00000000c0019f44                Vm::writeWordFromReal(unsigned short, unsigned short, unsigned short)
                0x00000000c0019f5a                Vm::writeDwordFromReal(unsigned short, unsigned short, unsigned int)
                0x00000000c0019f6f                Vm::faultHandler(regs*)
 .text          0x00000000c001a644      0xfcd vm86/x87em.32
                0x00000000c001a644                Vm::fpuInternalTo32(unsigned long long)
                0x00000000c001a6a2                Vm::fpuInternalTo64(unsigned long long)
                0x00000000c001a6ab                Vm::fpu32ToInternal(unsigned int)
                0x00000000c001a6f0                Vm::fpu64ToInternal(unsigned long long)
                0x00000000c001a6f9                Vm::fpuFloatToLong(unsigned long long)
                0x00000000c001a758                Vm::fpuULongToFloat(unsigned long long)
                0x00000000c001a794                Vm::fpuLongToFloat(long long)
                0x00000000c001a7f3                Vm::fpuGet0()
                0x00000000c001a7f8                Vm::fpuGet1()
                0x00000000c001a800                Vm::fpuGetPi()
                0x00000000c001a808                Vm::fpuGetLog2E()
                0x00000000c001a820                Vm::fpuGetLogE2()
                0x00000000c001a838                Vm::fpuGetLog210()
                0x00000000c001a850                Vm::fpuGetLog102()
                0x00000000c001a868                Vm::fpuIsSecondLarger(unsigned long long, unsigned long long)
                0x00000000c001a87c                Vm::fpuAreEqual(unsigned long long, unsigned long long)
                0x00000000c001a892                Vm::fpuUnorderedCompare(unsigned long long, unsigned long long)
                0x00000000c001a8e8                Vm::fpuAdd(unsigned long long, unsigned long long)
                0x00000000c001a8f9                Vm::fpuAbs(unsigned long long)
                0x00000000c001a902                Vm::fpuChs(unsigned long long)
                0x00000000c001a912                Vm::fpuSub(unsigned long long, unsigned long long)
                0x00000000c001a921                Vm::fpuMultiply(unsigned long long, unsigned long long)
                0x00000000c001a940                Vm::fpuDivide(unsigned long long, unsigned long long)
                0x00000000c001a95c                Vm::fpuSquare(unsigned long long)
                0x00000000c001a972                Vm::fpuGetReg(int)
                0x00000000c001a9b5                Vm::fpuSetReg(int, unsigned long long)
                0x00000000c001aa01                Vm::fpuPush(unsigned long long)
                0x00000000c001aa5f                Vm::fpuPop()
                0x00000000c001aab2                Vm::x87Handler(regs*)
 *fill*         0x00000000c001b611        0x3 
 .text          0x00000000c001b614     0x13b7 fs/fat/vfslink.32
                0x00000000c001b614                FAT::getName()
                0x00000000c001b61c                FAT::tell(void*, unsigned long long*)
                0x00000000c001b658                FAT::stat(void*, unsigned long long*)
                0x00000000c001b694                FAT::~FAT()
                0x00000000c001b694                FAT::~FAT()
                0x00000000c001b6b8                FAT::~FAT()
                0x00000000c001b6e0                FAT::getlabel(LogicalDisk*, int, char*, unsigned int*)
                0x00000000c001b784                FAT::setlabel(LogicalDisk*, int, char*)
                0x00000000c001b848                FAT::format(LogicalDisk*, int, char const*, int)
                0x00000000c001ba1c                FAT::tryMount(LogicalDisk*, int)
                0x00000000c001bc34                FAT::allocateSwapfile(char const*, int)
                0x00000000c001bdf0                FAT::readDir(void*, unsigned long, void*, int*)
                0x00000000c001bf5c                FAT::read(void*, unsigned long, void*, int*)
                0x00000000c001bfbc                FAT::write(void*, unsigned long, void*, int*)
                0x00000000c001c01c                FAT::close(void*)
                0x00000000c001c070                FAT::closeDir(void*)
                0x00000000c001c0c4                FAT::seek(void*, unsigned long long)
                0x00000000c001c120                fatWrapperReadDisk
                0x00000000c001c168                fatWrapperWriteDisk
                0x00000000c001c1b0                fatWrapperIoctl
                0x00000000c001c2c0                FAT::FAT()
                0x00000000c001c2c0                FAT::FAT()
                0x00000000c001c314                FAT::fixFilepath(char*)
                0x00000000c001c350                FAT::open(char const*, void**, FileOpenMode)
                0x00000000c001c484                FAT::openDir(char const*, void**)
                0x00000000c001c534                FAT::stat(char const*, unsigned long long*, bool*)
                0x00000000c001c628                FAT::unlink(char const*)
                0x00000000c001c6a8                FAT::chfatattr(char const*, unsigned char, unsigned char)
                0x00000000c001c810                FAT::rename(char const*, char const*)
                0x00000000c001c8dc                FAT::mkdir(char const*)
                0x00000000c001c95c                FAT::exists(char const*)
 *fill*         0x00000000c001c9cb        0x1 
 .text          0x00000000c001c9cc      0xba7 fs/iso9660/vfslink.32
                0x00000000c001c9cc                ISO9660::format(LogicalDisk*, int, char const*, int)
                0x00000000c001c9d2                ISO9660::seek(void*, unsigned long long)
                0x00000000c001ca02                ISO9660::tell(void*, unsigned long long*)
                0x00000000c001ca26                ISO9660::getName()
                0x00000000c001ca2c                ISO9660::stat(void*, unsigned long long*)
                0x00000000c001ca50                ISO9660::chfatattr(char const*, unsigned char, unsigned char)
                0x00000000c001ca56                ISO9660::unlink(char const*)
                0x00000000c001ca5c                ISO9660::write(void*, unsigned long, void*, int*)
                0x00000000c001ca62                ISO9660::rename(char const*, char const*)
                0x00000000c001ca68                ISO9660::mkdir(char const*)
                0x00000000c001ca6e                ISO9660::close(void*)
                0x00000000c001ca90                ISO9660::closeDir(void*)
                0x00000000c001cab2                ISO9660::~ISO9660()
                0x00000000c001cab2                ISO9660::~ISO9660()
                0x00000000c001cad6                ISO9660::~ISO9660()
                0x00000000c001cafd                __memmem(unsigned char*, int, unsigned char*, int)
                0x00000000c001cb3f                readSectorFromCDROM(unsigned int, unsigned char*, char)
                0x00000000c001cbba                ISO9660::tryMount(LogicalDisk*, int)
                0x00000000c001cc1a                ISO9660::read(void*, unsigned long, void*, int*)
                0x00000000c001ce1e                ISO9660::readDir(void*, unsigned long, void*, int*)
                0x00000000c001d098                readRoot(unsigned int*, unsigned int*, char)
                0x00000000c001d0ec                readRecursively(char*, unsigned int, unsigned int, unsigned int*, unsigned int*, char, int*)
                0x00000000c001d2c2                getFileData(char*, unsigned int*, unsigned int*, char, int*)
                0x00000000c001d350                ISO9660::open(char const*, void**, FileOpenMode)
                0x00000000c001d3fe                ISO9660::exists(char const*)
                0x00000000c001d422                ISO9660::stat(char const*, unsigned long long*, bool*)
                0x00000000c001d4b6                ISO9660::openDir(char const*, void**)
                0x00000000c001d550                ISO9660::ISO9660()
                0x00000000c001d550                ISO9660::ISO9660()
 *fill*         0x00000000c001d573        0x1 
 .text          0x00000000c001d574      0x298 hal/sound/sndcard.32
                0x00000000c001d574                SoundCard::beginPlayback()
                0x00000000c001d582                SoundCard::stopPlayback()
                0x00000000c001d590                SoundCard::SoundCard(char const*)
                0x00000000c001d590                SoundCard::SoundCard(char const*)
                0x00000000c001d62e                SoundCard::~SoundCard()
                0x00000000c001d62e                SoundCard::~SoundCard()
                0x00000000c001d652                SoundCard::~SoundCard()
                0x00000000c001d67c                SoundCard::configureRates(int, int, int)
                0x00000000c001d6ac                SoundCard::getSamples16(int, short*)
                0x00000000c001d716                SoundCard::getSamples32(int, int*)
                0x00000000c001d79c                SoundCard::addChannel(SoundPort*)
                0x00000000c001d7f8                SoundCard::removeChannel(int)
 .text          0x00000000c001d80c      0x3fb hal/sound/sndport.32
                0x00000000c001d80c                SoundPort::SoundPort(int, int, int, int)
                0x00000000c001d80c                SoundPort::SoundPort(int, int, int, int)
                0x00000000c001d898                SoundPort::~SoundPort()
                0x00000000c001d898                SoundPort::~SoundPort()
                0x00000000c001d8cc                SoundPort::unpause()
                0x00000000c001d8d8                SoundPort::pause()
                0x00000000c001d8e4                SoundPort::getBufferUsed()
                0x00000000c001d8ec                SoundPort::getBufferSize()
                0x00000000c001d8f4                SoundPort::buffer16(short*, int)
                0x00000000c001d9a8                SoundPort::buffer32(int*, int)
                0x00000000c001da54                SoundPort::unbufferAndAdd16(int, short*, SoundCard*)
                0x00000000c001db50                SoundPort::unbufferAndAdd32(int, int*, SoundCard*)
 .text          0x00000000c001dc07        0x0 hw/bus/isa.32
 *fill*         0x00000000c001dc07        0x1 
 .text          0x00000000c001dc08     0x1187 hw/bus/pci.32
                0x00000000c001dc08                PCI::open(int, int, void*)
                0x00000000c001dc26                PCI::close(int, int, void*)
                0x00000000c001dc2a                PCI::PCI()
                0x00000000c001dc2a                PCI::PCI()
                0x00000000c001dcc0                PCI::readBAR8(unsigned int, int)
                0x00000000c001dcdc                PCI::readBAR16(unsigned int, int)
                0x00000000c001dcfa                PCI::readBAR32(unsigned int, int)
                0x00000000c001dd16                PCI::writeBAR8(unsigned int, unsigned char, int)
                0x00000000c001dd36                PCI::writeBAR16(unsigned int, unsigned short, int)
                0x00000000c001dd58                PCI::writeBAR32(unsigned int, unsigned int, int)
                0x00000000c001dd78                PCI::legacyMechanism(unsigned char, unsigned char, unsigned char, unsigned char)
                0x00000000c001dde6                PCI::pciReadWord(unsigned char, unsigned char, unsigned char, unsigned char)
                0x00000000c001de8e                PCI::getVendorID(unsigned char, unsigned char, unsigned char)
                0x00000000c001deb2                PCI::getHeaderType(unsigned char, unsigned char, unsigned char)
                0x00000000c001deda                PCI::getClassCode(unsigned char, unsigned char, unsigned char)
                0x00000000c001df24                PCI::getProgIF(unsigned char, unsigned char, unsigned char)
                0x00000000c001df4c                PCI::getRevisionID(unsigned char, unsigned char, unsigned char)
                0x00000000c001df70                PCI::getInterruptNumber(unsigned char, unsigned char, unsigned char)
                0x00000000c001df94                PCI::getSecondaryBus(unsigned char, unsigned char, unsigned char)
                0x00000000c001dfbc                PCI::getBARAddress(unsigned char, unsigned char, unsigned char, unsigned char)
                0x00000000c001e020                PCI::pciWriteWord(unsigned char, unsigned char, unsigned char, unsigned char, unsigned short)
                0x00000000c001e108                PCI::pciDetailsToFilepath(PCIDeviceInfo, char*)
                0x00000000c001e4fa                PCI::checkBus(unsigned char)
                0x00000000c001e51e                PCI::foundDevice(PCIDeviceInfo)
                0x00000000c001e95e                PCI::getDeviceData(unsigned char, unsigned char, unsigned char)
                0x00000000c001ecd0                PCI::checkDevice(unsigned char, unsigned char)
                0x00000000c001ed3c                PCI::detect()
 *fill*         0x00000000c001ed8f        0x1 
 .text          0x00000000c001ed90      0xb66 hw/diskctrl/ide.32
                0x00000000c001ed90                IDE::close(int, int, void*)
                0x00000000c001ed94                IDE::IDE()
                0x00000000c001ed94                IDE::IDE()
                0x00000000c001edc8                IDE::prepareInterrupt(unsigned char)
                0x00000000c001edda                selectDrive(unsigned char, unsigned char)
                0x00000000c001eddc                IDE::getBase(unsigned char)
                0x00000000c001edee                IDE::write(unsigned char, unsigned char, unsigned char)
                0x00000000c001eeae                IDE::read(unsigned char, unsigned char)
                0x00000000c001ef5c                IDE::waitInterrupt(unsigned char)
                0x00000000c001efbe                ideChannel0IRQHandler(regs*, void*)
                0x00000000c001efda                ideChannel1IRQHandler(regs*, void*)
                0x00000000c001eff6                IDE::enableIRQs(unsigned char, bool)
                0x00000000c001f03c                IDE::open(int, int, void*)
                0x00000000c001f466                IDE::readBuffer(unsigned char, unsigned char, unsigned int, unsigned int)
                0x00000000c001f532                IDE::detect()
                0x00000000c001f7f2                IDE::printError(unsigned char, unsigned char, unsigned char)
                0x00000000c001f8a2                IDE::polling(unsigned char, unsigned int)
 .text          0x00000000c001f8f6      0x46c hw/diskctrl/satabus.32
                0x00000000c001f8f6                SATABus::close(int, int, void*)
                0x00000000c001f8fa                SATABus::detect()
                0x00000000c001f8fc                SATABus::SATABus()
                0x00000000c001f8fc                SATABus::SATABus()
                0x00000000c001f982                SATABus::findCmdslot(SATABus::tagHBA_PORT volatile*)
                0x00000000c001f9b4                SATABus::checkType(SATABus::tagHBA_PORT volatile*)
                0x00000000c001f9fc                SATABus::startCmd(SATABus::tagHBA_PORT volatile*)
                0x00000000c001fa1c                SATABus::stopCmd(SATABus::tagHBA_PORT volatile*)
                0x00000000c001fa46                SATABus::portRebase(SATABus::tagHBA_PORT volatile*, int)
                0x00000000c001fb4c                SATABus::probePort(SATABus::tagHBA_MEM volatile*)
                0x00000000c001fd2e                SATABus::open(int, int, void*)
 .text          0x00000000c001fd62      0x684 hw/diskphys/ata.32
                0x00000000c001fd62                ATA::close(int, int, void*)
                0x00000000c001fd86                ATA::powerSaving(PowerSavingLevel)
                0x00000000c001fd88                ATA::ATA()
                0x00000000c001fd88                ATA::ATA()
                0x00000000c001fdb6                ATA::flush(bool)
                0x00000000c001fe00                ATA::readyForCommand()
                0x00000000c001fe4c                ATA::access(unsigned long long, int, void*, bool)
                0x00000000c0020242                ATA::read(unsigned long long, int, void*)
                0x00000000c002028e                ATA::write(unsigned long long, int, void*)
                0x00000000c00202f0                ATA::detectCHS()
                0x00000000c002031a                ATA::open(int, int, void*)
 .text          0x00000000c00203e6      0x645 hw/diskphys/atapi.32
                0x00000000c00203e6                ATAPI::write(unsigned long long, int, void*)
                0x00000000c00203ec                ATAPI::close(int, int, void*)
                0x00000000c0020410                ATAPI::ATAPI()
                0x00000000c0020410                ATAPI::ATAPI()
                0x00000000c002043e                ATAPI::readyForCommand()
                0x00000000c0020490                ATAPI::sendPacket(unsigned char*, int, bool, unsigned short*, int)
                0x00000000c0020750                ATAPI::diskRemoved()
                0x00000000c00207ac                ATAPI::eject()
                0x00000000c00207f4                ATAPI::diskInserted()
                0x00000000c0020810                ATAPI::detectMedia()
                0x00000000c00208cc                ATAPI::open(int, int, void*)
                0x00000000c00209ac                ATAPI::read(unsigned long long, int, void*)
 *fill*         0x00000000c0020a2b        0x1 
 .text          0x00000000c0020a2c      0xa68 hw/diskphys/sata.32
                0x00000000c0020a2c                SATA::close(int, int, void*)
                0x00000000c0020a50                SATA::powerSaving(PowerSavingLevel)
                0x00000000c0020a52                SATA::open(int, int, void*)
                0x00000000c0020c48                SATA::SATA()
                0x00000000c0020c48                SATA::SATA()
                0x00000000c0020c76                SATA::access(unsigned long long, int, void*, bool)
                0x00000000c002126e                SATA::read(unsigned long long, int, void*)
                0x00000000c002136e                SATA::write(unsigned long long, int, void*)
 .text          0x00000000c0021494      0x642 hw/diskphys/satapi.32
                0x00000000c0021494                SATAPI::write(unsigned long long, int, void*)
                0x00000000c002149a                SATAPI::close(int, int, void*)
                0x00000000c00214be                SATAPI::SATAPI()
                0x00000000c00214be                SATAPI::SATAPI()
                0x00000000c00214ec                SATAPI::diskRemoved()
                0x00000000c00214ee                SATAPI::diskInserted()
                0x00000000c002150a                SATAPI::sendPacket(unsigned char*, int, unsigned long long, unsigned short*, int)
                0x00000000c0021798                SATAPI::eject()
                0x00000000c00217d4                SATAPI::detectMedia()
                0x00000000c00218fe                SATAPI::open(int, int, void*)
                0x00000000c00219fe                SATAPI::read(unsigned long long, int, void*)
 *fill*         0x00000000c0021ad6        0x2 
 .text          0x00000000c0021ad8       0x94 hw/fpu/avx.32
                0x00000000c0021ad8                AVX::open(int, int, void*)
                0x00000000c0021aec                AVX::close(int, int, void*)
                0x00000000c0021b00                AVX::available()
                0x00000000c0021b14                AVX::save(void*)
                0x00000000c0021b2c                AVX::load(void*)
                0x00000000c0021b44                AVX::AVX()
                0x00000000c0021b44                AVX::AVX()
 .text          0x00000000c0021b6c       0x94 hw/fpu/mmx.32
                0x00000000c0021b6c                MMX::available()
                0x00000000c0021b80                MMX::open(int, int, void*)
                0x00000000c0021b94                MMX::close(int, int, void*)
                0x00000000c0021ba8                MMX::save(void*)
                0x00000000c0021bc0                MMX::load(void*)
                0x00000000c0021bd8                MMX::MMX()
                0x00000000c0021bd8                MMX::MMX()
 .text          0x00000000c0021c00       0x9c hw/fpu/sse.32
                0x00000000c0021c00                SSE::open(int, int, void*)
                0x00000000c0021c14                SSE::close(int, int, void*)
                0x00000000c0021c28                SSE::available()
                0x00000000c0021c44                SSE::save(void*)
                0x00000000c0021c5c                SSE::load(void*)
                0x00000000c0021c74                SSE::SSE()
                0x00000000c0021c74                SSE::SSE()
 .text          0x00000000c0021c9c       0x8e hw/fpu/x87.32
                0x00000000c0021c9c                x87::open(int, int, void*)
                0x00000000c0021cae                x87::close(int, int, void*)
                0x00000000c0021cc0                x87::available()
                0x00000000c0021cd2                x87::save(void*)
                0x00000000c0021cea                x87::load(void*)
                0x00000000c0021d02                x87::x87()
                0x00000000c0021d02                x87::x87()
 .text          0x00000000c0021d2a      0x71e hw/intctrl/apic.32
                0x00000000c0021d2a                APIC::disable()
                0x00000000c0021d2c                APIC::close(int, int, void*)
                0x00000000c0021d4e                IOAPIC::close(int, int, void*)
                0x00000000c0021d54                APIC::io_wait()
                0x00000000c0021d5a                APIC::getBase()
                0x00000000c0021d9c                APIC::eoi(unsigned char)
                0x00000000c0021dca                APIC::open(int, int, void*)
                0x00000000c0021f18                IOAPIC::IOAPIC()
                0x00000000c0021f18                IOAPIC::IOAPIC()
                0x00000000c0021f40                APIC::APIC()
                0x00000000c0021f40                APIC::APIC()
                0x00000000c002201c                IOAPIC::handlesGSIWithNumber(unsigned int)
                0x00000000c002204e                IOAPIC::read(int)
                0x00000000c0022076                IOAPIC::open(int, int, void*)
                0x00000000c002216c                IOAPIC::write(int, int)
                0x00000000c0022198                IOAPIC::redirect(unsigned char, unsigned long long, unsigned char, bool, bool)
                0x00000000c0022292                APIC::installIRQHandler(int, void (*)(regs*, void*), bool, void*)
 .text          0x00000000c0022448      0x3d3 hw/intctrl/pic.32
                0x00000000c0022448                PIC::disable()
                0x00000000c0022476                PIC::close(int, int, void*)
                0x00000000c0022498                PIC::PIC()
                0x00000000c0022498                PIC::PIC()
                0x00000000c002256e                PIC::ioWait()
                0x00000000c0022574                PIC::getIRQReg(int)
                0x00000000c00225de                PIC::eoi(unsigned char)
                0x00000000c0022670                PIC::remap()
                0x00000000c00227dc                PIC::open(int, int, void*)
 *fill*         0x00000000c002281b        0x1 
 .text          0x00000000c002281c      0x240 hw/timer/apictimer.32
                0x00000000c002281c                APICTimer::close(int, int, void*)
                0x00000000c0022824                apicTimerHandler(regs*, void*)
                0x00000000c002284c                APICTimer::write(int)
                0x00000000c0022934                APICTimer::open(int, int, void*)
                0x00000000c0022a34                APICTimer::APICTimer()
                0x00000000c0022a34                APICTimer::APICTimer()
 .text          0x00000000c0022a5c      0x1a3 hw/timer/pit.32
                0x00000000c0022a5c                PIT::write(int)
                0x00000000c0022adc                pitHandler(regs*, void*)
                0x00000000c0022b00                PIT::open(int, int, void*)
                0x00000000c0022b50                PIT::close(int, int, void*)
                0x00000000c0022b80                PIT::PIT()
                0x00000000c0022b80                PIT::PIT()
 *fill*         0x00000000c0022bff        0x1 
 .text          0x00000000c0022c00       0x83 hw/fpu/x86/avx.32
                0x00000000c0022c00                avxDetect
                0x00000000c0022c2a                avxSave
                0x00000000c0022c3b                avxLoad
                0x00000000c0022c4c                avxInit
                0x00000000c0022c6e                avxClose
                0x00000000c0022c6f                wouldSheSayYes
 *fill*         0x00000000c0022c83        0xd 
 .text          0x00000000c0022c90       0x39 hw/fpu/x86/sse.32
                0x00000000c0022c90                absolutelyNoChanceInHell
                0x00000000c0022c90                sseDetect
                0x00000000c0022ca8                sseSave
                0x00000000c0022cb0                sseLoad
                0x00000000c0022cb8                sseInit
                0x00000000c0022cc8                sseClose
 *fill*         0x00000000c0022cc9        0x7 
 .text          0x00000000c0022cd0       0x49 hw/fpu/x86/x87.32
                0x00000000c0022cd6                x87Detect
                0x00000000c0022cf1                x87Save
                0x00000000c0022cf8                x87Load
                0x00000000c0022cff                x87Init
                0x00000000c0022d18                x87Close
 *fill*         0x00000000c0022d19        0x3 
 .text          0x00000000c0022d1c       0x25 /cygdrive/d/Users/Alex/Desktop/Toolchain/Output/bin/../lib/gcc/i386-banana/8.1.0/crtend.o
 .text          0x00000000c0022d41        0x0 crtn.32
 *fill*         0x00000000c0022d41        0x3 
 .text          0x00000000c0022d44      0x14b /cygdrive/d/Users/Alex/Desktop/Toolchain/Output/bin/../lib/gcc/i386-banana/8.1.0/libkgcc.a(_divdi3.o)
                0x00000000c0022d44                __divdi3
 *fill*         0x00000000c0022e8f        0x1 
 .text          0x00000000c0022e90      0x17e /cygdrive/d/Users/Alex/Desktop/Toolchain/Output/bin/../lib/gcc/i386-banana/8.1.0/libkgcc.a(_moddi3.o)
                0x00000000c0022e90                __moddi3
 *fill*         0x00000000c002300e        0x2 
 .text          0x00000000c0023010       0xff /cygdrive/d/Users/Alex/Desktop/Toolchain/Output/bin/../lib/gcc/i386-banana/8.1.0/libkgcc.a(_udivdi3.o)
                0x00000000c0023010                __udivdi3
 *fill*         0x00000000c002310f        0x1 
 .text          0x00000000c0023110      0x11a /cygdrive/d/Users/Alex/Desktop/Toolchain/Output/bin/../lib/gcc/i386-banana/8.1.0/libkgcc.a(_umoddi3.o)
                0x00000000c0023110                __umoddi3
 *(.gnu.linkonce.t*)

.iplt           0x00000000c0023230        0x0
 .iplt          0x00000000c0023230        0x0 D:/Users/Alex/Desktop/Banana/kernel/boot.32

.init           0x00000000c002322a        0xf
 .init          0x00000000c002322a        0x3 crti.32
                0x00000000c002322a                _init
 .init          0x00000000c002322d        0x5 /cygdrive/d/Users/Alex/Desktop/Toolchain/Output/bin/../lib/gcc/i386-banana/8.1.0/crtbegin.o
 .init          0x00000000c0023232        0x5 /cygdrive/d/Users/Alex/Desktop/Toolchain/Output/bin/../lib/gcc/i386-banana/8.1.0/crtend.o
 .init          0x00000000c0023237        0x2 crtn.32

.fini           0x00000000c0023239        0xa
 .fini          0x00000000c0023239        0x3 crti.32
                0x00000000c0023239                _fini
 .fini          0x00000000c002323c        0x5 /cygdrive/d/Users/Alex/Desktop/Toolchain/Output/bin/../lib/gcc/i386-banana/8.1.0/crtbegin.o
 .fini          0x00000000c0023241        0x2 crtn.32

.text._ZN8ComputerD2Ev
                0x00000000c0023244       0x23
 .text._ZN8ComputerD2Ev
                0x00000000c0023244       0x23 core/computer.32
                0x00000000c0023244                Computer::~Computer()
                0x00000000c0023244                Computer::~Computer()

.text._ZN8ComputerD0Ev
                0x00000000c0023268       0x2a
 .text._ZN8ComputerD0Ev
                0x00000000c0023268       0x2a core/computer.32
                0x00000000c0023268                Computer::~Computer()

.text._Z10idleCommonv
                0x00000000c0023292       0x21
 .text._Z10idleCommonv
                0x00000000c0023292       0x21 core/idle.32
                0x00000000c0023292                idleCommon()

.text._ZN10LinkedListI8UnixFileED2Ev
                0x00000000c00232b4        0x2
 .text._ZN10LinkedListI8UnixFileED2Ev
                0x00000000c00232b4        0x2 core/unixfile.32