Archive member included to satisfy reference by file (symbol)

/cygdrive/d/Users/Alex/Desktop/Toolchain/Output/bin/../lib/gcc/i386-banana/8.1.0/libkgcc.a(_divdi3.o)
                              fs/fat/ff.32 (__divdi3)
/cygdrive/d/Users/Alex/Desktop/Toolchain/Output/bin/../lib/gcc/i386-banana/8.1.0/libkgcc.a(_moddi3.o)
                              compat/resolve.32 (__moddi3)
/cygdrive/d/Users/Alex/Desktop/Toolchain/Output/bin/../lib/gcc/i386-banana/8.1.0/libkgcc.a(_udivdi3.o)
                              fs/fat/ff.32 (__udivdi3)
/cygdrive/d/Users/Alex/Desktop/Toolchain/Output/bin/../lib/gcc/i386-banana/8.1.0/libkgcc.a(_umoddi3.o)
                              compat/resolve.32 (__umoddi3)
D:/Users/Alex/Desktop/Banana/kernel/libsoftfp.a(sfieeelib.o)
                              hal/sound/sndhw.32 (__addsf3)
D:/Users/Alex/Desktop/Banana/kernel/libsoftfp.a(dfieeelib.o)
                              hal/libresample/src_linear.32 (__adddf3)
D:/Users/Alex/Desktop/Banana/kernel/libsoftfp.a(sfdfcvt.o)
                              hal/libresample/samplerate.32 (__truncdfsf2)
D:/Users/Alex/Desktop/Banana/kernel/libk/libm32.a(s_fabs.c.o)
                              hal/libresample/samplerate.32 (fabs)
D:/Users/Alex/Desktop/Banana/kernel/libk/libm32.a(s_lrint.S.o)
                              hal/libresample/samplerate.32 (lrint)
D:/Users/Alex/Desktop/Banana/kernel/libk/libm32.a(s_lrintf.S.o)
                              hal/sound/sndhw.32 (lrintf)

Discarded input sections

 .comment       0x0000000000000000       0x12 /cygdrive/d/Users/Alex/Desktop/Toolchain/Output/bin/../lib/gcc/i386-banana/8.1.0/crtbegin.o
 .comment       0x0000000000000000       0x12 acpica/utclib.32
 .comment       0x0000000000000000       0x12 core/malloc.32
 .comment       0x0000000000000000       0x12 libk/string.32
 .comment       0x0000000000000000       0x12 fs/fat/diskio.32
 .comment       0x0000000000000000       0x12 fs/fat/ff.32
 .comment       0x0000000000000000       0x12 fs/fat/ffsystem.32
 .comment       0x0000000000000000       0x12 fs/fat/ffunicode.32
 .comment       0x0000000000000000       0x12 hal/libresample/samplerate.32
 .comment       0x0000000000000000       0x12 hal/libresample/src_linear.32
 .comment       0x0000000000000000       0x12 hal/libresample/src_sinc.32
 .comment       0x0000000000000000       0x12 hal/libresample/src_zoh.32
 .comment       0x0000000000000000       0x12 compat/inlines.32
 .comment       0x0000000000000000       0x12 compat/resolve.32
 .group         0x0000000000000000       0x14 core/computer.32
 .group         0x0000000000000000        0xc core/computer.32
 .comment       0x0000000000000000       0x12 core/computer.32
 .comment       0x0000000000000000       0x12 core/gdt.32
 .group         0x0000000000000000        0xc core/idle.32
 .comment       0x0000000000000000       0x12 core/idle.32
 .comment       0x0000000000000000       0x12 core/idt.32
 .comment       0x0000000000000000       0x12 core/kheap.32
 .comment       0x0000000000000000       0x12 core/main.32
 .comment       0x0000000000000000       0x12 core/physmgr.32
 .group         0x0000000000000000        0xc core/pipe.32
 .comment       0x0000000000000000       0x12 core/pipe.32
 .group         0x0000000000000000        0xc core/terminal.32
 .comment       0x0000000000000000       0x12 core/terminal.32
 .comment       0x0000000000000000       0x12 core/tss.32
 .group         0x0000000000000000        0x8 core/unixfile.32
 .group         0x0000000000000000        0xc core/unixfile.32
 .group         0x0000000000000000        0xc core/unixfile.32
 .group         0x0000000000000000        0x8 core/unixfile.32
 .group         0x0000000000000000        0xc core/unixfile.32
 .group         0x0000000000000000        0x8 core/unixfile.32
 .group         0x0000000000000000        0xc core/unixfile.32
 .group         0x0000000000000000        0xc core/unixfile.32
 .comment       0x0000000000000000       0x12 core/unixfile.32
 .comment       0x0000000000000000       0x12 core/virtmgr.32
 .comment       0x0000000000000000       0x12 coreobjs/c++.32
 .comment       0x0000000000000000       0x12 dbg/kconsole.32
 .group         0x0000000000000000        0xc fs/vfs.32
 .group         0x0000000000000000        0xc fs/vfs.32
 .group         0x0000000000000000        0xc fs/vfs.32
 .comment       0x0000000000000000       0x12 fs/vfs.32
 .group         0x0000000000000000        0xc hal/bus.32
 .comment       0x0000000000000000       0x12 hal/bus.32
 .group         0x0000000000000000        0xc hal/buzzer.32
 .comment       0x0000000000000000       0x12 hal/buzzer.32
 .group         0x0000000000000000        0xc hal/clock.32
 .comment       0x0000000000000000       0x12 hal/clock.32
 .group         0x0000000000000000       0x14 hal/device.32
 .group         0x0000000000000000        0xc hal/device.32
 .group         0x0000000000000000        0xc hal/device.32
 .group         0x0000000000000000        0xc hal/device.32
[...]
Memory Configuration

Name             Origin             Length             Attributes
*default*        0x0000000000000000 0xffffffffffffffff

Linker script and memory map

LOAD D:/Users/Alex/Desktop/Banana/kernel/boot.32
LOAD crti.32
LOAD /cygdrive/d/Users/Alex/Desktop/Toolchain/Output/bin/../lib/gcc/i386-banana/8.1.0/crtbegin.o
LOAD D:/Users/Alex/Desktop/Banana/kernel/morenasm.32
LOAD acpica/utclib.32
LOAD core/malloc.32
LOAD libk/string.32
LOAD fs/fat/diskio.32
LOAD fs/fat/ff.32
LOAD fs/fat/ffsystem.32
LOAD fs/fat/ffunicode.32
LOAD hal/libresample/samplerate.32
LOAD hal/libresample/src_linear.32
LOAD hal/libresample/src_sinc.32
LOAD hal/libresample/src_zoh.32
LOAD compat/inlines.32
LOAD compat/resolve.32
LOAD core/computer.32
LOAD core/gdt.32
LOAD core/idle.32
LOAD core/idt.32
LOAD core/kheap.32
LOAD core/main.32
LOAD core/physmgr.32
LOAD core/pipe.32
LOAD core/terminal.32
LOAD core/tss.32
LOAD core/unixfile.32
LOAD core/virtmgr.32
LOAD coreobjs/c++.32
LOAD dbg/kconsole.32
LOAD fs/vfs.32
LOAD hal/bus.32
LOAD hal/buzzer.32
LOAD hal/clock.32
LOAD hal/device.32
LOAD hal/diskctrl.32
LOAD hal/diskphys.32
LOAD hal/fpu.32
LOAD hal/intctrl.32
LOAD hal/keybrd.32
LOAD hal/logidisk.32
LOAD hal/mouse.32
LOAD hal/partition.32
LOAD hal/serial.32
LOAD hal/timer.32
LOAD hal/vcache.32
LOAD hal/video.32
LOAD hw/acpi.32
LOAD hw/cpu.32
LOAD hw/ports.32
LOAD hw/smp.32
LOAD krnl/env.32
LOAD krnl/panic.32
LOAD net/ethernet.32
LOAD reg/registry.32
LOAD sys/sc_eject.32
LOAD sys/sc_exit.32
LOAD sys/sc_getcwd.32
LOAD sys/sc_getpid.32
LOAD sys/sc_getramdata.32
LOAD sys/sc_loaddll.32
LOAD sys/sc_read.32
LOAD sys/sc_sbrk.32
LOAD sys/sc_setcwd.32
LOAD sys/sc_settime.32
LOAD sys/sc_timezone.32
LOAD sys/sc_write.32
LOAD sys/sc_wsbe.32
LOAD sys/sc_yield.32
LOAD sys/syscalls.32
LOAD thr/elf.32
LOAD thr/prcssthr.32
LOAD vm86/vm8086.32
LOAD vm86/x87em.32
LOAD fs/fat/vfslink.32
LOAD fs/iso9660/vfslink.32
LOAD hal/sound/sndchannel.32
LOAD hal/sound/sndhw.32
LOAD hw/bus/isa.32
LOAD hw/bus/pci.32
LOAD hw/diskctrl/ide.32
LOAD hw/diskctrl/satabus.32
LOAD hw/diskphys/ata.32
LOAD hw/diskphys/atapi.32
LOAD hw/diskphys/sata.32
LOAD hw/diskphys/satapi.32
LOAD hw/fpu/avx.32
LOAD hw/fpu/mmx.32
LOAD hw/fpu/sse.32
LOAD hw/fpu/x87.32
LOAD hw/intctrl/apic.32
LOAD hw/intctrl/pic.32
LOAD hw/timer/apictimer.32
LOAD hw/timer/pit.32
LOAD hw/fpu/x86/avx.32
LOAD hw/fpu/x86/sse.32
LOAD hw/fpu/x86/x87.32
LOAD /cygdrive/d/Users/Alex/Desktop/Toolchain/Output/bin/../lib/gcc/i386-banana/8.1.0/crtend.o
LOAD crtn.32
LOAD /cygdrive/d/Users/Alex/Desktop/Toolchain/Output/bin/../lib/gcc/i386-banana/8.1.0/libkgcc.a
LOAD D:/Users/Alex/Desktop/Banana/kernel/libsoftfp.a
LOAD D:/Users/Alex/Desktop/Banana/kernel/libk/libm32.a
                0x00000000c0000000                . = 0xc0000000

.text           0x00000000c0000000    0x28658
 *(.text)
 .text          0x00000000c0000000       0x41 D:/Users/Alex/Desktop/Banana/kernel/boot.32
                0x00000000c0000020                callGlobalConstructors
 .text          0x00000000c0000041        0x0 crti.32
 *fill*         0x00000000c0000041        0x3 
 .text          0x00000000c0000044      0x101 /cygdrive/d/Users/Alex/Desktop/Toolchain/Output/bin/../lib/gcc/i386-banana/8.1.0/crtbegin.o
 *fill*         0x00000000c0000145        0xb 
 .text          0x00000000c0000150      0x4ed D:/Users/Alex/Desktop/Banana/kernel/morenasm.32
                0x00000000c0000150                manualPCIProbe
                0x00000000c000019b                prepareTramp
                0x00000000c00001b4                voodooXADD
                0x00000000c000027f                doTPAUSE
                0x00000000c0000289                hasLegacyFPU
                0x00000000c00002ae                is486
                0x00000000c00002e4                detectCPUID
                0x00000000c00002fa                goToVM86
                0x00000000c000032a                goToUsermode
                0x00000000c0000354                switchToThreadASMFirstTime
                0x00000000c0000362                switchToThreadASM
                0x00000000c00003ea                asmQuickAcquireLock
                0x00000000c0000408                asmQuickReleaseLock
                0x00000000c0000414                asmAcquireLock
                0x00000000c0000435                asmReleaseLock
                0x00000000c0000448                loadGDT
                0x00000000c0000468                isr0
                0x00000000c0000478                isr1
                0x00000000c0000482                isr2
                0x00000000c000048c                isr3
                0x00000000c0000496                isr4
                0x00000000c00004a0                isr5
                0x00000000c00004aa                isr6
                0x00000000c00004b4                isr7
                0x00000000c00004be                isr8
                0x00000000c00004c6                isr9
                0x00000000c00004d0                isr10
                0x00000000c00004d8                isr11
                0x00000000c00004e0                isr12
                0x00000000c00004e8                isr13
                0x00000000c00004f0                isr14
                0x00000000c00004f8                isr15
                0x00000000c0000502                isr16
                0x00000000c000050c                isr17
                0x00000000c0000516                isr18
                0x00000000c0000520                irq3
                0x00000000c000052a                irq4
                0x00000000c0000534                irq5
                0x00000000c000053e                irq6
                0x00000000c0000548                irq7
                0x00000000c0000552                irq8
                0x00000000c000055c                irq9
                0x00000000c0000566                irq10
                0x00000000c0000570                irq11
                0x00000000c000057a                irq12
                0x00000000c0000584                irq13
                0x00000000c000058e                irq14
                0x00000000c0000598                irq15
                0x00000000c00005a2                irq1
                0x00000000c00005a9                irq2
                0x00000000c00005b0                isr96
                0x00000000c00005b7                irq0
                0x00000000c00005bc                int_common_stub
                0x00000000c00005bc                syscall_common_stub
                0x00000000c00005ed                irq16
                0x00000000c00005f7                irq17
                0x00000000c0000601                irq18
                0x00000000c000060b                irq19
                0x00000000c0000615                irq20
                0x00000000c000061f                irq21
                0x00000000c0000629                irq22
                0x00000000c0000633                irq23
 *fill*         0x00000000c000063d        0x3 
 .text          0x00000000c0000640      0x611 acpica/utclib.32
                0x00000000c0000640                memcmp
                0x00000000c000067c                memmove
                0x00000000c0000744                memcpy
                0x00000000c0000778                memset
                0x00000000c0000794                strlen
                0x00000000c00007ac                strpbrk
                0x00000000c00007e8                strtok
                0x00000000c0000834                strcpy
                0x00000000c0000858                strncpy
                0x00000000c00008c0                strcmp
                0x00000000c0000900                strchr
                0x00000000c0000924                strncmp
                0x00000000c0000974                strcat
                0x00000000c00009a4                strncat
                0x00000000c00009e0                strstr
                0x00000000c0000a28                toupper
                0x00000000c0000a3c                tolower
                0x00000000c0000a50                simple_strtoul
 .text          0x00000000c0000c51      0xfbf core/malloc.32
                0x00000000c0000dbc                dlfree
                0x00000000c0001117                dlmalloc
                0x00000000c0001654                dlrealloc
                0x00000000c0001809                dlmemalign
                0x00000000c000192c                dlcalloc
                0x00000000c00019c6                dlcfree
                0x00000000c00019cb                dlindependent_calloc
                0x00000000c00019f0                dlindependent_comalloc
                0x00000000c0001a07                dlvalloc
                0x00000000c0001a32                dlpvalloc
                0x00000000c0001a68                dlmalloc_trim
                0x00000000c0001a75                dlmalloc_usable_size
                0x00000000c0001aa6                dlmallinfo
                0x00000000c0001b75                dlmalloc_stats
                0x00000000c0001b86                dlmallopt
 .text          0x00000000c0001c10        0x0 libk/string.32
 .text          0x00000000c0001c10       0x51 fs/fat/diskio.32
                0x00000000c0001c10                disk_status
                0x00000000c0001c13                disk_initialize
                0x00000000c0001c16                disk_read
                0x00000000c0001c2c                disk_write
                0x00000000c0001c42                disk_ioctl
 .text          0x00000000c0001c61     0x6833 fs/fat/ff.32
                0x00000000c0004f2f                f_mount
                0x00000000c0004f91                f_open
                0x00000000c00053cd                f_read
                0x00000000c000564d                f_write
                0x00000000c0005907                f_sync
                0x00000000c0005ae3                f_close
                0x00000000c0005b12                f_lseek
                0x00000000c0005fc9                f_opendir
                0x00000000c00060cb                f_closedir
                0x00000000c00060ed                f_readdir
                0x00000000c0006188                f_stat
                0x00000000c0006217                f_getfree
                0x00000000c00063e2                f_truncate
                0x00000000c00064da                f_unlink
                0x00000000c000665d                f_mkdir
                0x00000000c0006889                f_rename
                0x00000000c0006b7c                f_chmod
                0x00000000c0006c5a                f_utime
                0x00000000c0006d38                f_getlabel
                0x00000000c0006f26                f_setlabel
                0x00000000c0007193                f_forward
                0x00000000c0007371                f_mkfs
 .text          0x00000000c0008494       0x2d fs/fat/ffsystem.32
                0x00000000c0008494                ff_memalloc
                0x00000000c00084aa                ff_memfree
 .text          0x00000000c00084c1      0x253 fs/fat/ffunicode.32
                0x00000000c00084c1                ff_uni2oem
                0x00000000c0008551                ff_oem2uni
                0x00000000c00085bd                ff_wtoupper
 .text          0x00000000c0008714      0x8fb hal/libresample/samplerate.32
                0x00000000c0008758                src_delete
                0x00000000c0008794                src_process
                0x00000000c000894a                src_callback_read
                0x00000000c0008ac7                src_set_ratio
                0x00000000c0008b31                src_get_channels
                0x00000000c0008b53                src_reset
                0x00000000c0008b9f                src_new
                0x00000000c0008c2d                src_callback_new
                0x00000000c0008c8f                src_get_name
                0x00000000c0008cc6                src_get_description
                0x00000000c0008cfd                src_get_version
                0x00000000c0008d03                src_is_valid_ratio
                0x00000000c0008d57                src_error
                0x00000000c0008d65                src_strerror
                0x00000000c0008d78                src_simple
                0x00000000c0008dcb                src_short_to_float_array
                0x00000000c0008e30                src_float_to_short_array
                0x00000000c0008eef                src_int_to_float_array
                0x00000000c0008f52                src_float_to_int_array
 .text          0x00000000c000900f      0x8cb hal/libresample/src_linear.32
                0x00000000c0009835                linear_get_name
                0x00000000c0009844                linear_get_description
                0x00000000c0009853                linear_set_converter
 .text          0x00000000c00098da     0x447c hal/libresample/src_sinc.32
                0x00000000c000dc6d                sinc_get_name
                0x00000000c000dc80                sinc_get_description
                0x00000000c000dc93                sinc_set_converter
 .text          0x00000000c000dd56      0x77c hal/libresample/src_zoh.32
                0x00000000c000e42d                zoh_get_name
                0x00000000c000e43c                zoh_get_description
                0x00000000c000e44b                zoh_set_converter
 .text          0x00000000c000e4d2       0x23 compat/inlines.32
                0x00000000c000e4d2                CPU::current()
                0x00000000c000e4df                operator new(unsigned long)
 .text          0x00000000c000e4f5      0x111 compat/resolve.32
                0x00000000c000e4f5                Krnl::resolveCompatibilitySymbol(char*)
 .text          0x00000000c000e606      0xa17 core/computer.32
                0x00000000c000e606                Computer::close(int, int, void*)
                0x00000000c000e64a                Krnl::firstTask()
                0x00000000c000e73a                Computer::Computer()
                0x00000000c000e73a                Computer::Computer()
                0x00000000c000e896                Computer::setBootMessage(char const*)
                0x00000000c000e898                Computer::detectFeatures()
                0x00000000c000eaa2                Computer::displayFeatures()
                0x00000000c000ede8                Computer::rdmsr(unsigned int)
                0x00000000c000ee14                Computer::wrmsr(unsigned int, unsigned long long)
                0x00000000c000ee4c                Computer::nmiEnabled()
                0x00000000c000ee58                Computer::readCMOS(unsigned char)
                0x00000000c000ee72                Computer::enableNMI(bool)
                0x00000000c000ee8a                Computer::open(int, int, void*)
                0x00000000c000ef60                Computer::disableNMI()
                0x00000000c000ef6e                Computer::writeCMOS(unsigned char, unsigned char)
                0x00000000c000ef8c                Computer::handleNMI()
                0x00000000c000eff2                Computer::setDiskActivityLight(int, bool)
 *fill*         0x00000000c000f01d        0x1 
 .text          0x00000000c000f01e      0x1b7 core/gdt.32
                0x00000000c000f01e                GDTEntry::setBase(unsigned int)
                0x00000000c000f03a                GDTEntry::setLimit(unsigned int)
                0x00000000c000f058                GDT::GDT()
                0x00000000c000f058                GDT::GDT()
                0x00000000c000f06e                GDT::addEntry(GDTEntry)
                0x00000000c000f0aa                GDT::getNumberOfEntries()
                0x00000000c000f0b2                GDT::flush()
                0x00000000c000f0d4                GDT::setup()
 .text          0x00000000c000f1d5       0x62 core/idle.32
                0x00000000c000f1d5                idleFunction(void*)
 *fill*         0x00000000c000f237        0x1 
 .text          0x00000000c000f238      0x45f core/idt.32
                0x00000000c000f238                IDTEntry::IDTEntry(bool)
                0x00000000c000f238                IDTEntry::IDTEntry(bool)
                0x00000000c000f2a6                IDTEntry::setOffset(unsigned int)
                0x00000000c000f2ba                IDT::IDT()
                0x00000000c000f2ba                IDT::IDT()
                0x00000000c000f2bc                IDT::getPointerToInvalidOpcodeEntryForF00F()
                0x00000000c000f2c4                IDT::addEntry(IDTEntry, int)
                0x00000000c000f2de                IDT::addEntry(int, void (*)(), bool)
                0x00000000c000f316                IDT::flush()
                0x00000000c000f330                IDT::setup()
 .text          0x00000000c000f697      0x206 core/kheap.32
                0x00000000c000f697                sbrk
                0x00000000c000f7a5                mmap
                0x00000000c000f7bb                munmap
                0x00000000c000f7d1                liballoc_lock()
                0x00000000c000f7e2                liballoc_unlock()
                0x00000000c000f7f3                liballoc_alloc(int)
                0x00000000c000f811                liballoc_free(void*, int)
                0x00000000c000f82f                realloc
                0x00000000c000f843                malloc
                0x00000000c000f853                free
                0x00000000c000f863                rfree
                0x00000000c000f873                calloc
 .text          0x00000000c000f89d      0x485 core/main.32
                0x00000000c000f89d                hwTextMode_loadInData(VgaText*)
                0x00000000c000f8e8                hwTextMode_loadInTitle(VgaText*, char*)
                0x00000000c000f966                hwTextMode_showCursor(VgaText*, bool)
                0x00000000c000f9c4                hwTextMode_update(VgaText*)
                0x00000000c000f9c5                hwTextMode_updateCursor(VgaText*)
                0x00000000c000fa16                hwTextMode_disableBlink(VgaText*, bool)
                0x00000000c000fa5c                hwTextMode_scrollScreen(VgaText*)
                0x00000000c000fb09                hwTextMode_writeCharacter(VgaText*, char, VgaColour, VgaColour, int, int)
                0x00000000c000fb8b                setupTextMode()
                0x00000000c000fbfb                kernel_main
 .text          0x00000000c000fd22      0x5cb core/physmgr.32
                0x00000000c000fd22                Phys::allocateDMA(unsigned long)
                0x00000000c000fdc5                Phys::freeDMA(unsigned long, unsigned long)
                0x00000000c000fe0d                Phys::setPageState(unsigned long, bool)
                0x00000000c000fe3f                Phys::getPageState(unsigned long)
                0x00000000c000fe5b                Phys::freePage(unsigned long)
                0x00000000c000fee5                Phys::allocatePage()
                0x00000000c001002b                Phys::allocateContiguousPages(int)
                0x00000000c0010085                Phys::allowSegmentToBeUsed(unsigned long, unsigned long)
                0x00000000c00100bd                Phys::physicalMemorySetup(unsigned int)
 *fill*         0x00000000c00102ed        0x1 
 .text          0x00000000c00102ee      0x273 core/pipe.32
                0x00000000c00102ee                Pipe::isAtty()
                0x00000000c00102f2                Pipe::~Pipe()
                0x00000000c00102f2                Pipe::~Pipe()
                0x00000000c0010316                Pipe::~Pipe()
                0x00000000c001033e                Pipe::read(unsigned long long, void*, int*)
                0x00000000c0010432                Pipe::write(unsigned long long, void*, int*)
                0x00000000c00104fa                Pipe::Pipe(int)
                0x00000000c00104fa                Pipe::Pipe(int)
 *fill*         0x00000000c0010561        0x1 
 .text          0x00000000c0010562      0xf73 core/terminal.32
                0x00000000c0010562                VgaText::isAtty()
                0x00000000c0010566                VgaText::~VgaText()
                0x00000000c0010566                VgaText::~VgaText()
                0x00000000c001058a                VgaText::~VgaText()
                0x00000000c00105b4                VgaText::read(unsigned long long, void*, int*)
                0x00000000c00105d4                setTerminalScrollLock(bool)
                0x00000000c00105d5                addToTerminalCycle(VgaText*)
                0x00000000c0010602                installVgaTextImplementation()
                0x00000000c0010617                scrollTerminalScrollLock(int)
                0x00000000c0010618                VgaText::load()
                0x00000000c001066c                VgaText::updateCursor()
                0x00000000c0010686                VgaText::showCursor(bool)
                0x00000000c0010696                VgaText::disableBlink(bool)
                0x00000000c00106d0                VgaText::doANSI_SGR(int)
                0x00000000c001075c                VgaText::setDefaultBgColour(VgaColour)
                0x00000000c0010772                VgaText::setDefaultFgColour(VgaColour)
                0x00000000c0010788                VgaText::setDefaultColours(VgaColour, VgaColour)
                0x00000000c00107a8                VgaText::combineColours(unsigned char, unsigned char)
                0x00000000c00107ba                VgaText::scrollScreen()
                0x00000000c001084e                VgaText::combineCharAndColour(char, unsigned char)
                0x00000000c0010860                VgaText::writeCharacter(char, VgaColour, VgaColour, int, int)
                0x00000000c00108c0                VgaText::getCursorX()
                0x00000000c00108cc                VgaText::getCursorY()
                0x00000000c00108d8                VgaText::setCursor(int, int)
                0x00000000c00108f6                VgaText::setCursorX(int)
                0x00000000c0010912                VgaText::setCursorY(int)
                0x00000000c001092e                VgaText::incrementCursor(bool)
                0x00000000c0010996                VgaText::updateRAMUsageDisplay(int)
                0x00000000c00109fa                VgaText::updateDiskUsage()
                0x00000000c0010b64                VgaText::updateTitle()
                0x00000000c0010baa                VgaText::setTitleTextColour(VgaColour)
                0x00000000c0010bba                VgaText::setTitleColour(VgaColour)
                0x00000000c0010bca                VgaText::setTitle(char*)
                0x00000000c0010bf0                VgaText::decrementCursor(bool)
                0x00000000c0010c18                VgaText::putchar(char, VgaColour, VgaColour)
                0x00000000c0010d14                VgaText::isShowingCursor()
                0x00000000c0010d20                VgaText::isBlinkDisabled()
                0x00000000c0010d2e                VgaText::setCursorHeight(int)
                0x00000000c0010d4c                VgaText::getCursorHeight()
                0x00000000c0010d57                setActiveTerminal(VgaText*)
                0x00000000c0010e09                doTerminalCycle()
                0x00000000c0010e26                VgaText::doUpdate()
                0x00000000c0010e38                VgaText::puts(char const*, VgaColour, VgaColour)
                0x00000000c0010ff8                VgaText::clearScreen()
                0x00000000c001105c                VgaText::putchar(char)
                0x00000000c0011176                VgaText::puts(char const*)
                0x00000000c001119c                VgaText::putx(unsigned int)
                0x00000000c00111e2                VgaText::VgaText(char const*)
                0x00000000c00111e2                VgaText::VgaText(char const*)
                0x00000000c0011374                VgaText::receiveKey(unsigned char)
                0x00000000c001145c                VgaText::write(unsigned long long, void*, int*)
                0x00000000c00114b0                newTerminal(char*)
 *fill*         0x00000000c00114d5        0x1 
 .text          0x00000000c00114d6      0x1b3 core/tss.32
                0x00000000c00114d6                TSS::TSS()
                0x00000000c00114d6                TSS::TSS()
                0x00000000c00114e4                TSS::setESP(unsigned long)
                0x00000000c00114f6                TSS::flush()
                0x00000000c0011516                TSS::setup(unsigned long, unsigned long)
 *fill*         0x00000000c0011689        0x1 
 .text          0x00000000c001168a      0x4c2 core/unixfile.32
                0x00000000c001168a                ReservedFilename::read(unsigned long long, void*, int*)
                0x00000000c00116e0                ReservedFilename::isAtty()
                0x00000000c00116fc                ReservedFilename::write(unsigned long long, void*, int*)
                0x00000000c001175a                UnixFile::getFileDescriptor()
                0x00000000c0011762                UnixFile::UnixFile(int)
                0x00000000c0011762                UnixFile::UnixFile(int)
                0x00000000c0011912                ReservedFilename::ReservedFilename(int)
                0x00000000c0011912                ReservedFilename::ReservedFilename(int)
                0x00000000c0011944                UnixFile::~UnixFile()
                0x00000000c0011944                UnixFile::~UnixFile()
                0x00000000c00119dc                UnixFile::~UnixFile()
                0x00000000c0011a04                ReservedFilename::~ReservedFilename()
                0x00000000c0011a04                ReservedFilename::~ReservedFilename()
                0x00000000c0011a28                ReservedFilename::~ReservedFilename()
                0x00000000c0011a4f                getFromFileDescriptor(int)
 .text          0x00000000c0011b4c     0x12ac core/virtmgr.32
                0x00000000c0011b4c                Virt::setPageState(unsigned long, Virt::VirtPageState)
                0x00000000c0011b81                Virt::getPageState(unsigned long)
                0x00000000c0011ba5                Virt::allocateKernelVirtualPages(int)
                0x00000000c0011cb6                Virt::freeSwapfilePage(unsigned long)
                0x00000000c0011cd4                Virt::swapIDToSector(unsigned long)
                0x00000000c0011ce6                Virt::allocateSwapfilePage()
                0x00000000c0011d64                Virt::virtualMemorySetup()
                0x00000000c0011de3                Virt::swappingSetup()
                0x00000000c0011e40                Virt::getAKernelVAS()
                0x00000000c0011e46                Virt::setupPageSwapping(int)
                0x00000000c0011f76                VAS::VAS()
                0x00000000c0011f76                VAS::VAS()
                0x00000000c0011fa6                VAS::VAS(VAS*)
                0x00000000c0011fa6                VAS::VAS(VAS*)
                0x00000000c0011fca                VAS::getForeignPageTableEntry(bool, unsigned long)
                0x00000000c0011ff6                VAS::getPageTableEntry(unsigned long)
                0x00000000c0012015                Virt::freeKernelVirtualPages(unsigned long)
                0x00000000c0012138                VAS::freeAllocatedPages(unsigned long)
                0x00000000c001215c                VAS::virtualToPhysical(unsigned long)
                0x00000000c0012174                VAS::reflagRange(unsigned long, int, int, int)
                0x00000000c00121b4                VAS::setToWriteCombining(unsigned long, int)
                0x00000000c00121e6                VAS::mapOtherVASIn(bool, VAS*)
                0x00000000c0012210                VAS::~VAS()
                0x00000000c0012210                VAS::~VAS()
                0x00000000c001237c                VAS::mapPage(unsigned long, unsigned long, int)
                0x00000000c001247c                VAS::allocatePages(int, int)
                0x00000000c0012654                VAS::setCPUSpecific(unsigned long)
                0x00000000c0012670                VAS::mapRange(unsigned long, unsigned long, int, int)
                0x00000000c0012736                VAS::mapForeignPage(bool, VAS*, unsigned long, unsigned long, int)
                0x00000000c0012824                VAS::VAS(bool)
                0x00000000c0012824                VAS::VAS(bool)
                0x00000000c0012a80                VAS::evict(unsigned long)
                0x00000000c0012b3e                VAS::scanForEviction(int, int)
                0x00000000c0012bec                VAS::tryLoadBackOffDisk(unsigned long)
                0x00000000c0012d3c                mapVASFirstTime
 .text          0x00000000c0012df8       0x95 coreobjs/c++.32
                0x00000000c0012df8                __cxa_atexit
                0x00000000c0012dfb                __cxa_finalize
                0x00000000c0012dfc                __stack_chk_fail
                0x00000000c0012e68                __cxa_pure_virtual
                0x00000000c0012e79                operator new[](unsigned long)
                0x00000000c0012e7e                operator delete(void*, unsigned long)
                0x00000000c0012e83                operator delete[](void*)
                0x00000000c0012e88                operator delete[](void*, unsigned long)
 .text          0x00000000c0012e8d      0x1ef dbg/kconsole.32
                0x00000000c0012e8d                Dbg::stringifyxWithBase(unsigned int, char*, int)
                0x00000000c0012eee                Dbg::logc(char)
                0x00000000c0012f05                Dbg::logs(char*)
                0x00000000c0012f22                Dbg::logWriteInt(unsigned int)
                0x00000000c0012f3f                Dbg::logWriteIntBase(unsigned int, int)
                0x00000000c0012f5e                Dbg::kprintf(char const*, ...)
 .text          0x00000000c001307c      0xb7c fs/vfs.32
                0x00000000c001307c                File::read(unsigned long long, void*, int*)
                0x00000000c00130d4                File::write(unsigned long long, void*, int*)
                0x00000000c001312c                Directory::read(unsigned long long, void*, int*)
                0x00000000c0013184                Directory::write(unsigned long long, void*, int*)
                0x00000000c00131b2                File::isAtty()
                0x00000000c00131b6                Directory::isAtty()
                0x00000000c00131ba                Filesystem::getlabel(LogicalDisk*, int, char*, unsigned int*)
                0x00000000c00131c0                Filesystem::setlabel(LogicalDisk*, int, char*)
                0x00000000c00131c6                File::~File()
                0x00000000c00131c6                File::~File()
                0x00000000c00131ea                File::~File()
                0x00000000c0013214                Directory::~Directory()
                0x00000000c0013214                Directory::~Directory()
                0x00000000c0013238                Directory::~Directory()
                0x00000000c0013262                Filesystem::Filesystem()
                0x00000000c0013262                Filesystem::Filesystem()
                0x00000000c0013286                Filesystem::~Filesystem()
                0x00000000c0013286                Filesystem::~Filesystem()
                0x00000000c0013294                Filesystem::~Filesystem()
                0x00000000c00132b8                Fs::getcwd(Process*, char*, int)
                0x00000000c00132e2                Fs::initVFS()
                0x00000000c001330c                Fs::standardiseFiles(char*, char const*, char const*)
                0x00000000c00134b6                File::File(char const*, Process*)
                0x00000000c00134b6                File::File(char const*, Process*)
                0x00000000c001351a                File::open(FileOpenMode)
                0x00000000c0013578                File::close()
                0x00000000c00135d8                File::seek(unsigned long long)
                0x00000000c001362e                File::tell(unsigned long long*)
                0x00000000c001367e                File::rewind()
                0x00000000c0013692                File::unlink()
                0x00000000c00136de                File::rename(char const*)
                0x00000000c001372c                File::chfatattr(unsigned char, unsigned char)
                0x00000000c0013788                File::exists()
                0x00000000c00137c6                File::stat(unsigned long long*, bool*)
                0x00000000c0013827                Fs::setcwd(Process*, char*)
                0x00000000c0013962                Directory::Directory(char const*, Process*)
                0x00000000c0013962                Directory::Directory(char const*, Process*)
                0x00000000c00139c6                Directory::open()
                0x00000000c0013a22                Directory::close()
                0x00000000c0013a82                Directory::unlink()
                0x00000000c0013ace                Directory::rename(char const*)
                0x00000000c0013b1c                Directory::exists()
                0x00000000c0013b5a                Directory::read(dirent*)
                0x00000000c0013ba6                Directory::create()
                0x00000000c0013bf2                Filesystem::chfatattr(char const*, unsigned char, unsigned char)
 .text          0x00000000c0013bf8       0x84 hal/bus.32
                0x00000000c0013bf8                Bus::Bus(char const*)
                0x00000000c0013bf8                Bus::Bus(char const*)
                0x00000000c0013c2e                Bus::~Bus()
                0x00000000c0013c2e                Bus::~Bus()
                0x00000000c0013c52                Bus::~Bus()
 .text          0x00000000c0013c7c      0x14e hal/buzzer.32
                0x00000000c0013c7c                Buzzer::Buzzer(char const*)
                0x00000000c0013c7c                Buzzer::Buzzer(char const*)
                0x00000000c0013cc0                Buzzer::~Buzzer()
                0x00000000c0013cc0                Buzzer::~Buzzer()
                0x00000000c0013ce4                Buzzer::~Buzzer()
                0x00000000c0013d0e                Buzzer::stop()
                0x00000000c0013d21                beepThread(void*)
                0x00000000c0013d5c                Buzzer::beep(int, int, bool)
 .text          0x00000000c0013dca      0x467 hal/clock.32
                0x00000000c0013dca                User::loadClockSettings(int)
                0x00000000c0013e1c                Clock::Clock(char const*)
                0x00000000c0013e1c                Clock::Clock(char const*)
                0x00000000c0013e52                Clock::~Clock()
                0x00000000c0013e52                Clock::~Clock()
                0x00000000c0013e76                Clock::~Clock()
                0x00000000c0013ea0                Clock::timeInSecondsLocal()
                0x00000000c0013ee8                Clock::setTimeInSecondsLocal(unsigned long long)
                0x00000000c0013f41                datetimeToSeconds(datetime_t)
                0x00000000c0014068                Clock::setTimeInDatetimeLocal(datetime_t)
                0x00000000c00140c8                secondsToDatetime(unsigned long long)
                0x00000000c001420c                Clock::timeInDatetimeLocal()
 *fill*         0x00000000c0014231        0x1 
 .text          0x00000000c0014232      0x4de hal/device.32
                0x00000000c0014232                Device::hibernate()
                0x00000000c0014234                Device::wake()
                0x00000000c0014236                Device::detect()
                0x00000000c0014238                Device::disableLegacy()
                0x00000000c001423a                Device::powerSaving(PowerSavingLevel)
                0x00000000c001423c                DriverlessDevice::close(int, int, void*)
                0x00000000c0014240                DriverlessDevice::detect()
                0x00000000c0014242                DriverlessDevice::open(int, int, void*)
                0x00000000c0014256                Device::~Device()
                0x00000000c0014256                Device::~Device()
                0x00000000c0014264                Device::~Device()
                0x00000000c001428c                Device::findAndLoadDriver()
                0x00000000c001428e                Device::preOpenPCI(PCIDeviceInfo)
                0x00000000c00142b4                Device::preOpenACPI(void*, char*, char*)
                0x00000000c0014308                Device::addIRQHandler(int, void (*)(regs*, void*), bool, void*)
                0x00000000c0014346                Device::removeIRQHandler(int, void (*)(regs*, void*), bool)
                0x00000000c0014384                Device::addChild(Device*)
                0x00000000c00143c8                Device::removeAllChildren()
                0x00000000c001440e                Device::hibernateAll()
                0x00000000c001443e                Device::wakeAll()
                0x00000000c001446e                Device::detectAll()
                0x00000000c001449e                Device::disableLegacyAll()
                0x00000000c00144ce                Device::loadDriversForAll()
                0x00000000c00144fa                Device::closeAll()
                0x00000000c0014530                Device::powerSavingAll(PowerSavingLevel)
                0x00000000c0014566                Device::setName(char const*)
                0x00000000c0014574                Device::Device(char const*)
                0x00000000c0014574                Device::Device(char const*)
                0x00000000c0014670                Device::getName()
                0x00000000c001467a                DriverlessDevice::DriverlessDevice(char const*)
                0x00000000c001467a                DriverlessDevice::DriverlessDevice(char const*)
                0x00000000c00146a2                Device::addToLinkedList(LinkedList<Device>&, DeviceType)
                0x00000000c00146e6                getDevicesOfType(DeviceType)
 .text          0x00000000c0014710       0x84 hal/diskctrl.32
                0x00000000c0014710                HardDiskController::HardDiskController(char const*)
                0x00000000c0014710                HardDiskController::HardDiskController(char const*)
                0x00000000c0014746                HardDiskController::~HardDiskController()
                0x00000000c0014746                HardDiskController::~HardDiskController()
                0x00000000c001476a                HardDiskController::~HardDiskController()
 .text          0x00000000c0014794       0xf2 hal/diskphys.32
                0x00000000c0014794                PhysicalDisk::eject()
                0x00000000c00147a8                PhysicalDisk::PhysicalDisk(char const*, int)
                0x00000000c00147a8                PhysicalDisk::PhysicalDisk(char const*, int)
                0x00000000c0014810                PhysicalDisk::startCache()
                0x00000000c0014838                PhysicalDisk::~PhysicalDisk()
                0x00000000c0014838                PhysicalDisk::~PhysicalDisk()
                0x00000000c001485c                PhysicalDisk::~PhysicalDisk()
 .text          0x00000000c0014886      0x13b hal/fpu.32
                0x00000000c0014886                FPU::FPU(char const*)
                0x00000000c0014886                FPU::FPU(char const*)
                0x00000000c00148bc                FPU::~FPU()
                0x00000000c00148bc                FPU::~FPU()
                0x00000000c00148e0                FPU::~FPU()
                0x00000000c001490a                setupFPU()
 *fill*         0x00000000c00149c1        0x1 
 .text          0x00000000c00149c2     0x13a7 hal/intctrl.32
                0x00000000c00149c2                InterruptController::uninstallISRHandler(int, void (*)(regs*, void*))
                0x00000000c00149fa                InterruptController::installISRHandler(int, void (*)(regs*, void*), void*)
                0x00000000c0014a4c                doubleFault(regs*, void*)
                0x00000000c0014a66                InterruptController::installIRQHandler(int, void (*)(regs*, void*), bool, void*)
                0x00000000c0014b02                InterruptController::clearAllHandlers(int, bool)
                0x00000000c0014baa                InterruptController::uninstallIRQHandler(int, void (*)(regs*, void*), bool)
                0x00000000c0014c31                nmiHandler(regs*, void*)
                0x00000000c0014c3f                int_handler
                0x00000000c0014ce0                InterruptController::InterruptController(char const*)
                0x00000000c0014ce0                InterruptController::InterruptController(char const*)
                0x00000000c0014d86                InterruptController::~InterruptController()
                0x00000000c0014d86                InterruptController::~InterruptController()
                0x00000000c0014daa                InterruptController::~InterruptController()
                0x00000000c0014dd4                displayDebugInfo(regs*)
                0x00000000c0015263                x87EmulHandler(regs*, void*)
                0x00000000c0015292                gpFault(regs*, void*)
                0x00000000c00152cb                pgFault(regs*, void*)
                0x00000000c0015307                otherISRHandler(regs*, void*)
                0x00000000c0015326                opcodeFault(regs*, void*)
                0x00000000c001592c                displayProgramFault(char const*)
                0x00000000c0015954                setupInterruptController()
                0x00000000c0015d1c                InterruptController::convertLegacyIRQNumber(int)
 *fill*         0x00000000c0015d69        0x1 
 .text          0x00000000c0015d6a      0x6c8 hal/keybrd.32
                0x00000000c0015d6a                startGUI(void*)
                0x00000000c0015dc6                startGUIVESA(void*)
                0x00000000c0015e22                sendKeyToTerminal(unsigned char)
                0x00000000c0015e8e                sendKeyboardToken(KeyboardToken)
                0x00000000c00162cb                clearInternalKeybuffer(VgaText*)
                0x00000000c0016300                readKeyboard(VgaText*, char*, unsigned long)
                0x00000000c00163a8                Keyboard::Keyboard(char const*)
                0x00000000c00163a8                Keyboard::Keyboard(char const*)
                0x00000000c00163e4                Keyboard::~Keyboard()
                0x00000000c00163e4                Keyboard::~Keyboard()
                0x00000000c0016408                Keyboard::~Keyboard()
 .text          0x00000000c0016432      0x414 hal/logidisk.32
                0x00000000c0016432                LogicalDisk::close(int, int, void*)
                0x00000000c0016436                LogicalDisk::~LogicalDisk()
                0x00000000c0016436                LogicalDisk::~LogicalDisk()
                0x00000000c001645a                LogicalDisk::~LogicalDisk()
                0x00000000c0016484                LogicalDisk::open(int, int, void*)
                0x00000000c0016498                LogicalDisk::absoluteToRelative(unsigned long long)
                0x00000000c00164d0                LogicalDisk::relativeToAbsolute(unsigned long long)
                0x00000000c0016516                LogicalDisk::LogicalDisk(char const*, PhysicalDisk*, unsigned long long, unsigned long long)
                0x00000000c0016516                LogicalDisk::LogicalDisk(char const*, PhysicalDisk*, unsigned long long, unsigned long long)
                0x00000000c00165cc                LogicalDisk::assignDriveLetter()
                0x00000000c0016682                LogicalDisk::mount()
                0x00000000c00166f4                LogicalDisk::unmount()
                0x00000000c0016704                LogicalDisk::eject()
                0x00000000c0016718                LogicalDisk::unassignDriveLetter()
                0x00000000c001676e                LogicalDisk::read(unsigned long long, int, void*)
                0x00000000c00167da                LogicalDisk::write(unsigned long long, int, void*)
 .text          0x00000000c0016846       0x84 hal/mouse.32
                0x00000000c0016846                Mouse::Mouse(char const*)
                0x00000000c0016846                Mouse::Mouse(char const*)
                0x00000000c001687c                Mouse::~Mouse()
                0x00000000c001687c                Mouse::~Mouse()
                0x00000000c00168a0                Mouse::~Mouse()
 .text          0x00000000c00168ca      0x34d hal/partition.32
                0x00000000c00168ca                makePartition(PhysicalDisk*, unsigned long long, unsigned long long)
                0x00000000c0016986                createPartitionsForDisk(PhysicalDisk*)
 *fill*         0x00000000c0016c17        0x1 
 .text          0x00000000c0016c18       0x84 hal/serial.32
                0x00000000c0016c18                Serial::Serial(char const*)
                0x00000000c0016c18                Serial::Serial(char const*)
                0x00000000c0016c4e                Serial::~Serial()
                0x00000000c0016c4e                Serial::~Serial()
                0x00000000c0016c72                Serial::~Serial()
 .text          0x00000000c0016c9c      0x2b8 hal/timer.32
                0x00000000c0016c9c                Timer::Timer(char const*)
                0x00000000c0016c9c                Timer::Timer(char const*)
                0x00000000c0016cd2                Timer::~Timer()
                0x00000000c0016cd2                Timer::~Timer()
                0x00000000c0016cf6                Timer::~Timer()
                0x00000000c0016d20                Timer::read()
                0x00000000c0016d2b                timerHandler(unsigned long long)
                0x00000000c0016e62                setupTimer(int)
 .text          0x00000000c0016f54      0x425 hal/vcache.32
                0x00000000c0016f54                VCache::VCache(PhysicalDisk*)
                0x00000000c0016f54                VCache::VCache(PhysicalDisk*)
                0x00000000c00170bc                VCache::invalidateReadBuffer()
                0x00000000c00170cc                VCache::writeWriteBuffer()
                0x00000000c0017108                VCache::~VCache()
                0x00000000c0017108                VCache::~VCache()
                0x00000000c001715c                VCache::~VCache()
                0x00000000c0017184                VCache::write(unsigned long long, int, void*)
                0x00000000c001727a                VCache::read(unsigned long long, int, void*)
 *fill*         0x00000000c0017379        0x1 
 .text          0x00000000c001737a      0x4cd hal/video.32
                0x00000000c001737a                Video::putrect(int, int, int, int, unsigned int)
                0x00000000c00173c6                Video::bitblit(int, int, int, int, int, int, int, unsigned int*)
                0x00000000c0017436                Video::blit(unsigned int*, int, int, int, int)
                0x00000000c00174b4                Video::clearScreen(unsigned int)
                0x00000000c00174e8                Video::putpixel(int, int, unsigned int)
                0x00000000c00174f6                Video::Video(char const*)
                0x00000000c00174f6                Video::Video(char const*)
                0x00000000c001752c                Video::~Video()
                0x00000000c001752c                Video::~Video()
                0x00000000c0017550                Video::~Video()
                0x00000000c001757a                Video::isMonochrome()
                0x00000000c0017586                Video::getWidth()
                0x00000000c0017592                Video::getHeight()
                0x00000000c001759e                Video::drawCursor(int, int, unsigned char*, int)
                0x00000000c001765a                Video::tgaParse(unsigned char*, int, int*, int*)
                0x00000000c00177dc                Video::putTGA(int, int, unsigned char*, int)
 *fill*         0x00000000c0017847        0x1 
 .text          0x00000000c0017848      0xf64 hw/acpi.32
                0x00000000c0017848                ACPI::close(int, int, void*)
                0x00000000c00178fd                findRSDP()
                0x00000000c0017987                loadACPITables(unsigned char*)
                0x00000000c0017bae                findRSDT(unsigned char*)
                0x00000000c0017ccc                findDataTable(unsigned char*, char*)
                0x00000000c0017d68                scanMADT()
                0x00000000c00181ee                ACPI::ACPI()
                0x00000000c00181ee                ACPI::ACPI()
                0x00000000c0018258                ACPI::getPCIIRQAssignment(unsigned char, unsigned short, unsigned char)
                0x00000000c001833a                ACPI::registerPCIIRQAssignment(void*, unsigned short, unsigned char, unsigned char)
                0x00000000c0018400                ACPI::setScreenBrightnessLevel(void*, int)
                0x00000000c0018406                ACPI::writeSimpleBootFlag(SimpleBootFlagTable*)
                0x00000000c001844e                ACPI::open(int, int, void*)
                0x00000000c0018794                ACPI::sleep()
 .text          0x00000000c00187ac     0x1715 hw/cpu.32
                0x00000000c00187ac                CPU::close(int, int, void*)
                0x00000000c00187b0                CPU::lookupAMDName(unsigned char, unsigned char)
                0x00000000c0018944                CPU::lookupIntelName(unsigned char, unsigned char)
                0x00000000c0018bf2                CPU::AMD_K6_write_msr(unsigned int, unsigned int, unsigned int, CPU::REGS*)
                0x00000000c0018c0e                CPU::AMD_K6_read_msr(unsigned int, CPU::REGS*)
                0x00000000c0018c26                CPU::AMD_K6_writeback(int, int, int)
                0x00000000c0018c9a                CPU::cpuid(int, unsigned long*, unsigned long*, unsigned long*, unsigned long*)
                0x00000000c0018d1e                CPU::cpuidCheckEDX(unsigned int)
                0x00000000c0018d4c                CPU::cpuidCheckECX(unsigned int)
                0x00000000c0018d7a                CPU::cpuidCheckExtendedEBX(unsigned int)
                0x00000000c0018da8                CPU::cpuidCheckExtendedECX(unsigned int)
                0x00000000c0018dd6                CPU::CPU()
                0x00000000c0018dd6                CPU::CPU()
                0x00000000c0018e64                CPU::displayFeatures()
                0x00000000c00190e0                CPU::detectFeatures()
                0x00000000c0019ad0                CPU::setupSMEP()
                0x00000000c0019adc                CPU::setupUMIP()
                0x00000000c0019ae6                CPU::setupTSC()
                0x00000000c0019af0                CPU::setupLargePages()
                0x00000000c0019afa                CPU::setupPAT()
                0x00000000c0019b36                CPU::setupMTRR()
                0x00000000c0019b38                CPU::setupGlobalPages()
                0x00000000c0019b42                CPU::allowUsermodeDataAccess()
                0x00000000c0019b54                CPU::prohibitUsermodeDataAccess()
                0x00000000c0019b66                CPU::setupSMAP()
                0x00000000c0019b74                CPU::setupFeatures()
                0x00000000c0019bf4                CPU::open(int, int, void*)
                0x00000000c0019cc6                CPU::decodeAddress(regs*, int*, bool*, unsigned char*)
 .text          0x00000000c0019ec1        0x0 hw/ports.32
 .text          0x00000000c0019ec1      0x16a hw/smp.32
                0x00000000c0019ec1                Krnl::smpEntry()
                0x00000000c0019ec3                Krnl::startCPU(int)
                0x00000000c001a00c                Krnl::startCPUs()
 *fill*         0x00000000c001a02b        0x1 
 .text          0x00000000c001a02c      0x5d3 krnl/env.32
                0x00000000c001a02c                EnvVarContainer::getEnv(char const*)
                0x00000000c001a06a                EnvVarContainer::setEnv(char const*, char const*)
                0x00000000c001a136                EnvVarContainer::deleteEnv(char const*)
                0x00000000c001a138                EnvVarContainer::loadFrom(char const*, char const*)
                0x00000000c001a32e                EnvVarContainer::__loadSystem()
                0x00000000c001a348                EnvVarContainer::__loadUser()
                0x00000000c001a34a                EnvVarContainer::EnvVarContainer(Process*)
                0x00000000c001a34a                EnvVarContainer::EnvVarContainer(Process*)
                0x00000000c001a36c                EnvVarContainer::~EnvVarContainer()
                0x00000000c001a36c                EnvVarContainer::~EnvVarContainer()
                0x00000000c001a39c                Krnl::getEnv(Process*, char const*)
                0x00000000c001a401                Krnl::setEnvSystem(char const*, char const*)
                0x00000000c001a41b                Krnl::setEnvUser(char const*, char const*)
                0x00000000c001a43a                Krnl::setEnvProcess(Process*, char const*, char const*)
                0x00000000c001a44d                Krnl::deleteEnvSystem(char const*)
                0x00000000c001a44e                Krnl::deleteEnvUser(char const*)
                0x00000000c001a44f                Krnl::deleteEnvProcess(Process*, char const*)
                0x00000000c001a450                Krnl::newProcessEnv(Process*)
                0x00000000c001a472                Krnl::copyProcessEnv(Process*, Process*)
                0x00000000c001a4c6                Krnl::loadSystemEnv()
                0x00000000c001a4f4                Krnl::loadUserEnv()
                0x00000000c001a51a                Krnl::flushEnv()
                0x00000000c001a51b                Krnl::getProcessTotalEnvCount(Process*)
                0x00000000c001a53b                Krnl::getProcessEnvPair(Process*, int)
 .text          0x00000000c001a5ff      0x396 krnl/panic.32
                0x00000000c001a5ff                Krnl::panic(char const*)
 .text          0x00000000c001a995      0x3b6 net/ethernet.32
                0x00000000c001a995                Net::switchEndian16(unsigned short)
                0x00000000c001a9b6                Net::switchEndian32(unsigned int)
                0x00000000c001a9e5                Net::crc32Calc(unsigned char*, int)
                0x00000000c001aa76                Net::wrapEthernetFrame(Net::UnwrappedEthernetFrame, unsigned char*)
                0x00000000c001abb2                Net::unwrapEthernetFrame(unsigned char*, int)
 .text          0x00000000c001ad4b      0x513 reg/registry.32
                0x00000000c001ad4b                Reg::findLineFromLoadedData(char*, char*, char*)
                0x00000000c001aea3                Reg::getLineFromRegistry(char*, char*, char*, char*)
                0x00000000c001aff8                Reg::getLine(char*, char*, char*)
                0x00000000c001b02f                Reg::readInt(char*, char*, int*)
                0x00000000c001b11a                Reg::readString(char*, char*, char*, int)
                0x00000000c001b19b                Reg::readBool(char*, char*, bool*)
                0x00000000c001b1c0                Reg::readBoolWithDefault(char*, char*, bool)
                0x00000000c001b1ec                Reg::readIntWithDefault(char*, char*, int)
                0x00000000c001b218                Reg::readStringWithDefault(char*, char*, char*, int, char*)
 .text          0x00000000c001b25e       0x36 sys/sc_eject.32
                0x00000000c001b25e                Sys::eject(regs*)
 .text          0x00000000c001b294       0x18 sys/sc_exit.32
                0x00000000c001b294                Sys::exit(regs*)
 .text          0x00000000c001b2ac       0x1f sys/sc_getcwd.32
                0x00000000c001b2ac                Sys::getCwd(regs*)
 .text          0x00000000c001b2cb        0xc sys/sc_getpid.32
                0x00000000c001b2cb                Sys::getPID(regs*)
 .text          0x00000000c001b2d7       0x17 sys/sc_getramdata.32
                0x00000000c001b2d7                Sys::getRAMData(regs*)
 .text          0x00000000c001b2ee       0xa8 sys/sc_loaddll.32
                0x00000000c001b2ee                Sys::loadDLL(regs*)
 .text          0x00000000c001b396       0x68 sys/sc_read.32
                0x00000000c001b396                Sys::read(regs*)
 .text          0x00000000c001b3fe       0x55 sys/sc_sbrk.32
                0x00000000c001b3fe                Sys::sbrk(regs*)
 .text          0x00000000c001b453       0x1c sys/sc_setcwd.32
                0x00000000c001b453                Sys::setCwd(regs*)
 .text          0x00000000c001b46f      0x128 sys/sc_settime.32
                0x00000000c001b46f                Sys::setTime(regs*)
 .text          0x00000000c001b597       0x4a sys/sc_timezone.32
                0x00000000c001b597                Sys::timezone(regs*)
 .text          0x00000000c001b5e1       0x68 sys/sc_write.32
                0x00000000c001b5e1                Sys::write(regs*)
 .text          0x00000000c001b649       0x62 sys/sc_wsbe.32
                0x00000000c001b649                Sys::wsbe(regs*)
 .text          0x00000000c001b6ab       0x3b sys/sc_yield.32
                0x00000000c001b6ab                Sys::yield(regs*)
 .text          0x00000000c001b6e6     0x10e5 sys/syscalls.32
                0x00000000c001b6e6                sysCallSeekDir(regs*)
                0x00000000c001b6eb                sysCallTellDir(regs*)
                0x00000000c001b6f0                sysCallVerify(regs*)
                0x00000000c001b6fa                sysFormatDisk(regs*)
                0x00000000c001b764                sysSetDiskVolumeLabel(regs*)
                0x00000000c001b7aa                sysGetDiskVolumeLabel(regs*)
                0x00000000c001b7fb                sysShutdown(regs*)
                0x00000000c001b859                sysCallRealpath(regs*)
                0x00000000c001b89c                sysCallGetArgc(regs*)
                0x00000000c001b8ca                sysCallReadDir(regs*)
                0x00000000c001b958                sysCallIsATTY(regs*)
                0x00000000c001b9b2                sysCallSeek(regs*)
                0x00000000c001ba1b                sysCallTell(regs*)
                0x00000000c001ba98                sysCallSize(regs*)
                0x00000000c001bb1b                sysCallSizeFromFilename(regs*)
                0x00000000c001bbdb                sysCallClose(regs*)
                0x00000000c001bc63                sysCallOpenDir(regs*)
                0x00000000c001bcd8                sysCallCloseDir(regs*)
                0x00000000c001bd3e                sysCallMakeDir(regs*)
                0x00000000c001bdae                sysCallWait(regs*)
                0x00000000c001bdc8                sysCallNotImpl(regs*)
                0x00000000c001bde3                sysPanic(regs*)
                0x00000000c001be09                sysCallRmdir(regs*)
                0x00000000c001be6d                sysCallUnlink(regs*)
                0x00000000c001bed1                sysCallGetArgv(regs*)
                0x00000000c001bf1d                sysCallTTYName(regs*)
                0x00000000c001bfa0                sysCallUSleep(regs*)
                0x00000000c001bfc7                sysCallSpawn(regs*)
                0x00000000c001c01f                sysCallGetEnv(regs*)
                0x00000000c001c157                sysAppSettings(regs*)
                0x00000000c001c276                sysSetFatAttrib(regs*)
                0x00000000c001c2e8                sysPipe(regs*)
                0x00000000c001c32d                sysGetUnixTime(regs*)
                0x00000000c001c341                string_ends_with(char const*, char const*)
                0x00000000c001c389                sysCallOpen(regs*)
                0x00000000c001c59e                Sys::loadSyscalls()
                0x00000000c001c789                Sys::systemCall(regs*, void*)
 .text          0x00000000c001c7cb     0x11d7 thr/elf.32
                0x00000000c001c7cb                Thr::allocateMemoryForTask(Process*, File*, unsigned long, unsigned long, unsigned long)
                0x00000000c001ca5d                Thr::loadProgramIntoMemory(Process*, char const*)
                0x00000000c001cc73                Thr::runtimeReferenceHelper()
                0x00000000c001cc86                Thr::getAddressOfKernelSymbol(char const*)
                0x00000000c001ccd5                Thr::loadKernelSymbolTable(char const*)
                0x00000000c001cf93                Thr::loadDriverIntoMemory(char const*, unsigned long, bool)
                0x00000000c001d6af                Thr::getDriverBaseFromAddress(unsigned long)
                0x00000000c001d6e1                Thr::getDriverNameFromAddress(unsigned long)
                0x00000000c001d718                Thr::getDriverOffsetFromAddress(unsigned long)
                0x00000000c001d732                Thr::loadDLL(char const*, bool)
                0x00000000c001d969                Thr::executeDLL(unsigned long, void*)
 .text          0x00000000c001d9a2     0x1056 thr/prcssthr.32
                0x00000000c001d9a2                changeTSS
                0x00000000c001d9d2                Process::addArgs(char**)
                0x00000000c001da2c                Process::Process(char const*, Process*, char**)
                0x00000000c001da2c                Process::Process(char const*, Process*, char**)
                0x00000000c001dc10                Process::Process(bool, char const*, Process*, char**)
                0x00000000c001dc10                Process::Process(bool, char const*, Process*, char**)
                0x00000000c001ddbf                disableIRQs()
                0x00000000c001ddc7                getIRQNestingLevel()
                0x00000000c001ddcd                enableIRQs()
                0x00000000c001dddc                lockScheduler()
                0x00000000c001ddde                unlockScheduler()
                0x00000000c001dde0                userModeEntryPoint(void*)
                0x00000000c001de03                lockStuff()
                0x00000000c001de0f                taskStartupFunction
                0x00000000c001de18                updateTimeUsed()
                0x00000000c001de7d                switchToThread(ThreadControlBlock*)
                0x00000000c001dece                Semaphore::Semaphore(int)
                0x00000000c001dece                Semaphore::Semaphore(int)
                0x00000000c001defc                Mutex::Mutex()
                0x00000000c001defc                Mutex::Mutex()
                0x00000000c001df0e                Process::createThread(void (*)(void*), void*, int)
                0x00000000c001dff2                Process::createUserThread()
                0x00000000c001e00e                setupMultitasking(void (*)())
                0x00000000c001e118                schedule()
                0x00000000c001e19d                unlockStuff()
                0x00000000c001e1d2                Semaphore::tryAcquire()
                0x00000000c001e200                Semaphore::assertLocked(char const*)
                0x00000000c001e230                blockTaskWithSchedulerLockAlreadyHeld(TaskState)
                0x00000000c001e272                blockTask(TaskState)
                0x00000000c001e293                waitTask(int, int*, int)
                0x00000000c001e2d5                nanoSleepUntil(unsigned long long)
                0x00000000c001e32c                nanoSleep(unsigned long long)
                0x00000000c001e341                sleep(unsigned long long)
                0x00000000c001e35e                Semaphore::acquire()
                0x00000000c001e3c6                taskReturned
                0x00000000c001e3f4                unblockTask(ThreadControlBlock*)
                0x00000000c001e4a3                cleanupTerminatedTask(ThreadControlBlock*)
                0x00000000c001e76c                cleanerTaskFunction(void*)
                0x00000000c001e81f                terminateTask(int)
                0x00000000c001e8ff                Thr::terminateFromIRQ(int)
                0x00000000c001e90c                Semaphore::release()
 .text          0x00000000c001e9f8      0xc26 vm86/vm8086.32
                0x00000000c001e9f8                Vm::inbv(unsigned short)
                0x00000000c001ea0b                Vm::outbv(unsigned short, unsigned char)
                0x00000000c001ea5e                Vm::realToLinear(unsigned short, unsigned short)
                0x00000000c001ea6e                Vm::getSegment(unsigned int)
                0x00000000c001ea76                Vm::getOffset(unsigned int)
                0x00000000c001ea7b                Vm::mainloop2()
                0x00000000c001eab6                Vm::mainVm8086Loop(void*)
                0x00000000c001eac3                Vm::mainloop3(unsigned long)
                0x00000000c001eaed                Vm::initialise8086()
                0x00000000c001eb30                Vm::finish8086()
                0x00000000c001eb75                Vm::getOutput8086(unsigned char*)
                0x00000000c001eb9f                Vm::start8086(char const*, unsigned short, unsigned short, unsigned short, unsigned short)
                0x00000000c001ecef                Vm::doISR(regs*, int, unsigned char*, unsigned short, unsigned short)
                0x00000000c001ed79                Vm::readByteFromReal(unsigned short, unsigned short)
                0x00000000c001ed8a                Vm::readWordFromReal(unsigned short, unsigned short)
                0x00000000c001ed9c                Vm::readDwordFromReal(unsigned short, unsigned short)
                0x00000000c001edad                Vm::writeByteFromReal(unsigned short, unsigned short, unsigned char)
                0x00000000c001edc2                Vm::writeWordFromReal(unsigned short, unsigned short, unsigned short)
                0x00000000c001edd8                Vm::writeDwordFromReal(unsigned short, unsigned short, unsigned int)
                0x00000000c001eded                Vm::faultHandler(regs*)
 .text          0x00000000c001f61e      0xefd vm86/x87em.32
                0x00000000c001f61e                Vm::fpuInternalTo32(unsigned long long)
                0x00000000c001f679                Vm::fpuInternalTo64(unsigned long long)
                0x00000000c001f682                Vm::fpu32ToInternal(unsigned int)
                0x00000000c001f6c7                Vm::fpu64ToInternal(unsigned long long)
                0x00000000c001f6d0                Vm::fpuFloatToLong(unsigned long long)
                0x00000000c001f72b                Vm::fpuULongToFloat(unsigned long long)
                0x00000000c001f761                Vm::fpuLongToFloat(long long)
                0x00000000c001f7b7                Vm::fpuGet0()
                0x00000000c001f7bc                Vm::fpuGet1()
                0x00000000c001f7c4                Vm::fpuGetPi()
                0x00000000c001f7cc                Vm::fpuGetLog2E()
                0x00000000c001f7e4                Vm::fpuGetLogE2()
                0x00000000c001f7fc                Vm::fpuGetLog210()
                0x00000000c001f814                Vm::fpuGetLog102()
                0x00000000c001f82c                Vm::fpuIsSecondLarger(unsigned long long, unsigned long long)
                0x00000000c001f840                Vm::fpuAreEqual(unsigned long long, unsigned long long)
                0x00000000c001f856                Vm::fpuUnorderedCompare(unsigned long long, unsigned long long)
                0x00000000c001f8a9                Vm::fpuAdd(unsigned long long, unsigned long long)
                0x00000000c001f8ba                Vm::fpuAbs(unsigned long long)
                0x00000000c001f8c3                Vm::fpuChs(unsigned long long)
                0x00000000c001f8d3                Vm::fpuSub(unsigned long long, unsigned long long)
                0x00000000c001f8e2                Vm::fpuMultiply(unsigned long long, unsigned long long)
                0x00000000c001f901                Vm::fpuDivide(unsigned long long, unsigned long long)
                0x00000000c001f91d                Vm::fpuSquare(unsigned long long)
                0x00000000c001f933                Vm::fpuGetReg(int)
                0x00000000c001f976                Vm::fpuSetReg(int, unsigned long long)
                0x00000000c001f9c1                Vm::fpuPush(unsigned long long)
                0x00000000c001fa1e                Vm::fpuPop()
                0x00000000c001fa70                Vm::x87Handler(regs*)
 *fill*         0x00000000c002051b        0x1 
 .text          0x00000000c002051c     0x10ed fs/fat/vfslink.32
                0x00000000c002051c                FAT::getName()
                0x00000000c0020522                FAT::tell(void*, unsigned long long*)
                0x00000000c0020556                FAT::stat(void*, unsigned long long*)
                0x00000000c002058a                FAT::~FAT()
                0x00000000c002058a                FAT::~FAT()
                0x00000000c00205ae                FAT::~FAT()
                0x00000000c00205d6                FAT::getlabel(LogicalDisk*, int, char*, unsigned int*)
                0x00000000c0020674                FAT::setlabel(LogicalDisk*, int, char*)
                0x00000000c002072e                FAT::format(LogicalDisk*, int, char const*, int)
                0x00000000c0020912                FAT::tryMount(LogicalDisk*, int)
                0x00000000c0020b18                FAT::readDir(void*, unsigned long, void*, int*)
                0x00000000c0020c1e                FAT::read(void*, unsigned long, void*, int*)
                0x00000000c0020c78                FAT::write(void*, unsigned long, void*, int*)
                0x00000000c0020cd2                FAT::close(void*)
                0x00000000c0020d1e                FAT::closeDir(void*)
                0x00000000c0020d6a                FAT::seek(void*, unsigned long long)
                0x00000000c0020dbe                fatWrapperReadDisk
                0x00000000c0020e05                fatWrapperWriteDisk
                0x00000000c0020e4c                fatWrapperIoctl
                0x00000000c0020f50                FAT::FAT()
                0x00000000c0020f50                FAT::FAT()
                0x00000000c0020fa2                FAT::fixFilepath(char*)
                0x00000000c0020fda                FAT::open(char const*, void**, FileOpenMode)
                0x00000000c0021102                FAT::openDir(char const*, void**)
                0x00000000c00211a8                FAT::stat(char const*, unsigned long long*, bool*)
                0x00000000c0021292                FAT::unlink(char const*)
                0x00000000c002130c                FAT::chfatattr(char const*, unsigned char, unsigned char)
                0x00000000c0021460                FAT::rename(char const*, char const*)
                0x00000000c0021524                FAT::mkdir(char const*)
                0x00000000c002159e                FAT::exists(char const*)
 *fill*         0x00000000c0021609        0x1 
 .text          0x00000000c002160a      0xbc1 fs/iso9660/vfslink.32
                0x00000000c002160a                ISO9660::format(LogicalDisk*, int, char const*, int)
                0x00000000c0021610                ISO9660::seek(void*, unsigned long long)
                0x00000000c0021640                ISO9660::tell(void*, unsigned long long*)
                0x00000000c0021664                ISO9660::getName()
                0x00000000c002166a                ISO9660::stat(void*, unsigned long long*)
                0x00000000c002168e                ISO9660::chfatattr(char const*, unsigned char, unsigned char)
                0x00000000c0021694                ISO9660::unlink(char const*)
                0x00000000c002169a                ISO9660::write(void*, unsigned long, void*, int*)
                0x00000000c00216a0                ISO9660::rename(char const*, char const*)
                0x00000000c00216a6                ISO9660::mkdir(char const*)
                0x00000000c00216ac                ISO9660::close(void*)
                0x00000000c00216ce                ISO9660::closeDir(void*)
                0x00000000c00216f0                ISO9660::~ISO9660()
                0x00000000c00216f0                ISO9660::~ISO9660()
                0x00000000c0021714                ISO9660::~ISO9660()
                0x00000000c002173b                __memmem(unsigned char*, int, unsigned char*, int)
                0x00000000c002177d                readSectorFromCDROM(unsigned int, unsigned char*, char)
                0x00000000c00217e4                ISO9660::tryMount(LogicalDisk*, int)
                0x00000000c0021834                ISO9660::read(void*, unsigned long, void*, int*)
                0x00000000c0021a34                ISO9660::readDir(void*, unsigned long, void*, int*)
                0x00000000c0021cc1                readRoot(unsigned int*, unsigned int*, char)
                0x00000000c0021d16                readRecursively(char*, unsigned int, unsigned int, unsigned int*, unsigned int*, char, int*)
                0x00000000c0021ee9                getFileData(char*, unsigned int*, unsigned int*, char, int*)
                0x00000000c0021f78                ISO9660::open(char const*, void**, FileOpenMode)
                0x00000000c0022038                ISO9660::exists(char const*)
                0x00000000c002205c                ISO9660::stat(char const*, unsigned long long*, bool*)
                0x00000000c00220f0                ISO9660::openDir(char const*, void**)
                0x00000000c00221a8                ISO9660::ISO9660()
                0x00000000c00221a8                ISO9660::ISO9660()
 *fill*         0x00000000c00221cb        0x1 
 .text          0x00000000c00221cc      0x326 hal/sound/sndchannel.32
                0x00000000c00221cc                SoundChannel::~SoundChannel()
                0x00000000c00221cc                SoundChannel::~SoundChannel()
                0x00000000c00221e8                SoundChannel::setSpeed(float)
                0x00000000c00221f4                SoundChannel::getSpeed()
                0x00000000c00221fc                SoundChannel::setVolume(int)
                0x00000000c0022218                SoundChannel::getVolume()
                0x00000000c0022220                SoundChannel::pause()
                0x00000000c002222a                SoundChannel::SoundChannel(int, int, int, int)
                0x00000000c002222a                SoundChannel::SoundChannel(int, int, int, int)
                0x00000000c0022380                SoundChannel::play()
                0x00000000c002238a                SoundChannel::paused()
                0x00000000c0022392                SoundChannel::getSampleRate()
                0x00000000c002239a                SoundChannel::getBits()
                0x00000000c00223a2                SoundChannel::getBufferUsed()
                0x00000000c00223aa                SoundChannel::getBufferSize()
                0x00000000c00223b2                SoundChannel::unbuffer(float*, int, int)
                0x00000000c0022452                SoundChannel::buffer8(unsigned char*, int)
 .text          0x00000000c00224f2      0x3d5 hal/sound/sndhw.32
                0x00000000c00224f2                SoundDevice::SoundDevice(char const*)
                0x00000000c00224f2                SoundDevice::SoundDevice(char const*)
                0x00000000c002255e                SoundDevice::~SoundDevice()
                0x00000000c002255e                SoundDevice::~SoundDevice()
                0x00000000c00225d8                SoundDevice::~SoundDevice()
                0x00000000c0022602                SoundDevice::getFreeChannelNum()
                0x00000000c002261c                SoundDevice::addChannel(SoundChannel*)
                0x00000000c002268c                SoundDevice::removeChannel(int)
                0x00000000c00226be                SoundDevice::floatTo8(float*, unsigned char*, int)
                0x00000000c00227a6                SoundDevice::getAudio(int, float*, float*)
 .text          0x00000000c00228c7        0x0 hw/bus/isa.32
 *fill*         0x00000000c00228c7        0x1 
 .text          0x00000000c00228c8      0x6c3 hw/bus/pci.32
                0x00000000c00228c8                PCI::open(int, int, void*)
                0x00000000c00228dc                PCI::close(int, int, void*)
                0x00000000c00228e0                PCI::PCI()
                0x00000000c00228e0                PCI::PCI()
                0x00000000c0022960                PCI::pciReadWord(unsigned char, unsigned char, unsigned char, unsigned char)
                0x00000000c00229a8                PCI::getVendorID(unsigned char, unsigned char, unsigned char)
                0x00000000c00229ca                PCI::getHeaderType(unsigned char, unsigned char, unsigned char)
                0x00000000c00229ee                PCI::getClassCode(unsigned char, unsigned char, unsigned char)
                0x00000000c0022a32                PCI::getProgIF(unsigned char, unsigned char, unsigned char)
                0x00000000c0022a56                PCI::getRevisionID(unsigned char, unsigned char, unsigned char)
                0x00000000c0022a78                PCI::getInterruptNumber(unsigned char, unsigned char, unsigned char)
                0x00000000c0022a9a                PCI::getSecondaryBus(unsigned char, unsigned char, unsigned char)
                0x00000000c0022abe                PCI::getBARAddress(unsigned char, unsigned char, unsigned char, unsigned char)
                0x00000000c0022b1e                PCI::pciWriteWord(unsigned char, unsigned char, unsigned char, unsigned char, unsigned short)
                0x00000000c0022b8a                PCI::checkBus(unsigned char)
                0x00000000c0022bae                PCI::foundDevice(PCIDeviceInfo)
                0x00000000c0022d20                PCI::getDeviceData(unsigned char, unsigned char, unsigned char)
                0x00000000c0022ecc                PCI::checkDevice(unsigned char, unsigned char)
                0x00000000c0022f38                PCI::detect()
 *fill*         0x00000000c0022f8b        0x1 
 .text          0x00000000c0022f8c      0xc70 hw/diskctrl/ide.32
                0x00000000c0022f8c                IDE::close(int, int, void*)
                0x00000000c0022f90                IDE::IDE()
                0x00000000c0022f90                IDE::IDE()
                0x00000000c0022fc4                IDE::prepareInterrupt(unsigned char)
                0x00000000c0022fd6                selectDrive(unsigned char, unsigned char)
                0x00000000c0022fd8                IDE::getBase(unsigned char)
                0x00000000c0022fea                IDE::write(unsigned char, unsigned char, unsigned char)
                0x00000000c00230aa                IDE::read(unsigned char, unsigned char)
                0x00000000c0023158                IDE::waitInterrupt(unsigned char)
                0x00000000c00231be                ideChannel0IRQHandler(regs*, void*)
                0x00000000c00231da                ideChannel1IRQHandler(regs*, void*)
                0x00000000c00231f6                IDE::enableIRQs(unsigned char, bool)
                0x00000000c002323c                IDE::open(int, int, void*)
                0x00000000c002364c                IDE::readBuffer(unsigned char, unsigned char, unsigned int, unsigned int)
                0x00000000c0023718                IDE::detect()
                0x00000000c0023a00                IDE::printError(unsigned char, unsigned char, unsigned char)
                0x00000000c0023b96                IDE::polling(unsigned char, unsigned int)
 .text          0x00000000c0023bfc      0x390 hw/diskctrl/satabus.32
                0x00000000c0023bfc                SATABus::close(int, int, void*)
                0x00000000c0023c00                SATABus::detect()
                0x00000000c0023c02                SATABus::SATABus()
                0x00000000c0023c02                SATABus::SATABus()
                0x00000000c0023cae                SATABus::findCmdslot(SATABus::tagHBA_PORT volatile*)
                0x00000000c0023cf6                SATABus::checkType(SATABus::tagHBA_PORT volatile*)
                0x00000000c0023d3e                SATABus::startCmd(SATABus::tagHBA_PORT volatile*)
                0x00000000c0023d5e                SATABus::stopCmd(SATABus::tagHBA_PORT volatile*)
                0x00000000c0023d88                SATABus::portRebase(SATABus::tagHBA_PORT volatile*, int)
                0x00000000c0023e8e                SATABus::probePort(SATABus::tagHBA_MEM volatile*)
                0x00000000c0023f6c                SATABus::open(int, int, void*)
 .text          0x00000000c0023f8c      0x63c hw/diskphys/ata.32
                0x00000000c0023f8c                ATA::close(int, int, void*)
                0x00000000c0023fb0                ATA::powerSaving(PowerSavingLevel)
                0x00000000c0023fb2                ATA::ATA()
                0x00000000c0023fb2                ATA::ATA()
                0x00000000c0023fe0                ATA::flush(bool)
                0x00000000c002402a                ATA::readyForCommand()
                0x00000000c002407a                ATA::access(unsigned long long, int, void*, bool)
                0x00000000c0024402                ATA::read(unsigned long long, int, void*)
                0x00000000c002446a                ATA::write(unsigned long long, int, void*)
                0x00000000c00244d2                ATA::detectCHS()
                0x00000000c00244fc                ATA::open(int, int, void*)
 .text          0x00000000c00245c8      0x5bd hw/diskphys/atapi.32
                0x00000000c00245c8                ATAPI::write(unsigned long long, int, void*)
                0x00000000c00245ce                ATAPI::close(int, int, void*)
                0x00000000c00245f2                ATAPI::ATAPI()
                0x00000000c00245f2                ATAPI::ATAPI()
                0x00000000c0024620                ATAPI::readyForCommand()
                0x00000000c0024670                ATAPI::sendPacket(unsigned char*, int, bool, unsigned short*, int)
                0x00000000c0024930                ATAPI::diskRemoved()
                0x00000000c002494c                ATAPI::eject()
                0x00000000c0024994                ATAPI::diskInserted()
                0x00000000c00249c2                ATAPI::detectMedia()
                0x00000000c0024a7e                ATAPI::open(int, int, void*)
                0x00000000c0024b06                ATAPI::read(unsigned long long, int, void*)
 *fill*         0x00000000c0024b85        0x1 
 .text          0x00000000c0024b86      0x455 hw/diskphys/sata.32
                0x00000000c0024b86                SATA::close(int, int, void*)
                0x00000000c0024baa                SATA::powerSaving(PowerSavingLevel)
                0x00000000c0024bac                SATA::open(int, int, void*)
                0x00000000c0024c5a                SATA::SATA()
                0x00000000c0024c5a                SATA::SATA()
                0x00000000c0024c88                SATA::access(unsigned long long, int, void*, bool)
                0x00000000c0024eee                SATA::read(unsigned long long, int, void*)
                0x00000000c0024f56                SATA::write(unsigned long long, int, void*)
 *fill*         0x00000000c0024fdb        0x1 
 .text          0x00000000c0024fdc      0x500 hw/diskphys/satapi.32
                0x00000000c0024fdc                SATAPI::write(unsigned long long, int, void*)
                0x00000000c0024fe2                SATAPI::close(int, int, void*)
                0x00000000c0025006                SATAPI::SATAPI()
                0x00000000c0025006                SATAPI::SATAPI()
                0x00000000c0025034                SATAPI::diskRemoved()
                0x00000000c0025050                SATAPI::diskInserted()
                0x00000000c002507e                SATAPI::sendPacket(unsigned char*, int, unsigned long long, unsigned short*, int)
                0x00000000c0025282                SATAPI::eject()
                0x00000000c00252ca                SATAPI::detectMedia()
                0x00000000c002538c                SATAPI::open(int, int, void*)
                0x00000000c002543a                SATAPI::read(unsigned long long, int, void*)
 .text          0x00000000c00254dc       0x8e hw/fpu/avx.32
                0x00000000c00254dc                AVX::open(int, int, void*)
                0x00000000c00254ee                AVX::close(int, int, void*)
                0x00000000c0025500                AVX::available()
                0x00000000c0025512                AVX::save(void*)
                0x00000000c002552a                AVX::load(void*)
                0x00000000c0025542                AVX::AVX()
                0x00000000c0025542                AVX::AVX()
 .text          0x00000000c002556a       0x90 hw/fpu/mmx.32
                0x00000000c002556a                MMX::available()
                0x00000000c002557e                MMX::open(int, int, void*)
                0x00000000c0025590                MMX::close(int, int, void*)
                0x00000000c00255a2                MMX::save(void*)
                0x00000000c00255ba                MMX::load(void*)
                0x00000000c00255d2                MMX::MMX()
                0x00000000c00255d2                MMX::MMX()
 .text          0x00000000c00255fa       0x96 hw/fpu/sse.32
                0x00000000c00255fa                SSE::open(int, int, void*)
                0x00000000c002560c                SSE::close(int, int, void*)
                0x00000000c002561e                SSE::available()
                0x00000000c0025638                SSE::save(void*)
                0x00000000c0025650                SSE::load(void*)
                0x00000000c0025668                SSE::SSE()
                0x00000000c0025668                SSE::SSE()
 .text          0x00000000c0025690       0x8e hw/fpu/x87.32
                0x00000000c0025690                x87::open(int, int, void*)
                0x00000000c00256a2                x87::close(int, int, void*)
                0x00000000c00256b4                x87::available()
                0x00000000c00256c6                x87::save(void*)
                0x00000000c00256de                x87::load(void*)
                0x00000000c00256f6                x87::x87()
                0x00000000c00256f6                x87::x87()
 .text          0x00000000c002571e      0x71e hw/intctrl/apic.32
                0x00000000c002571e                APIC::disable()
                0x00000000c0025720                APIC::close(int, int, void*)
                0x00000000c0025742                IOAPIC::close(int, int, void*)
                0x00000000c0025748                APIC::io_wait()
                0x00000000c002574e                APIC::getBase()
                0x00000000c0025790                APIC::eoi(unsigned char)
                0x00000000c00257be                APIC::open(int, int, void*)
                0x00000000c002590c                IOAPIC::IOAPIC()
                0x00000000c002590c                IOAPIC::IOAPIC()
                0x00000000c0025934                APIC::APIC()
                0x00000000c0025934                APIC::APIC()
                0x00000000c0025a10                IOAPIC::handlesGSIWithNumber(unsigned int)
                0x00000000c0025a42                IOAPIC::read(int)
                0x00000000c0025a6a                IOAPIC::open(int, int, void*)
                0x00000000c0025b60                IOAPIC::write(int, int)
                0x00000000c0025b8c                IOAPIC::redirect(unsigned char, unsigned long long, unsigned char, bool, bool)
                0x00000000c0025c86                APIC::installIRQHandler(int, void (*)(regs*, void*), bool, void*)
 .text          0x00000000c0025e3c      0x3d3 hw/intctrl/pic.32
                0x00000000c0025e3c                PIC::disable()
                0x00000000c0025e6a                PIC::close(int, int, void*)
                0x00000000c0025e8c                PIC::PIC()
                0x00000000c0025e8c                PIC::PIC()
                0x00000000c0025f62                PIC::ioWait()
                0x00000000c0025f68                PIC::getIRQReg(int)
                0x00000000c0025fd2                PIC::eoi(unsigned char)
                0x00000000c0026064                PIC::remap()
                0x00000000c00261d0                PIC::open(int, int, void*)
 *fill*         0x00000000c002620f        0x1 
 .text          0x00000000c0026210      0x25e hw/timer/apictimer.32
                0x00000000c0026210                APICTimer::close(int, int, void*)
                0x00000000c0026216                apicTimerHandler(regs*, void*)
                0x00000000c0026244                APICTimer::write(int)
                0x00000000c0026348                APICTimer::open(int, int, void*)
                0x00000000c0026446                APICTimer::APICTimer()
                0x00000000c0026446                APICTimer::APICTimer()
 .text          0x00000000c002646e      0x1a7 hw/timer/pit.32
                0x00000000c002646e                PIT::write(int)
                0x00000000c00264ec                pitHandler(regs*, void*)
                0x00000000c0026518                PIT::open(int, int, void*)
                0x00000000c0026566                PIT::close(int, int, void*)
                0x00000000c0026596                PIT::PIT()
                0x00000000c0026596                PIT::PIT()
 *fill*         0x00000000c0026615        0xb 
 .text          0x00000000c0026620       0x1e hw/fpu/x86/avx.32
                0x00000000c0026620                avxDetect
                0x00000000c0026626                avxSave
                0x00000000c0026627                avxLoad
                0x00000000c0026628                avxInit
                0x00000000c0026629                avxClose
                0x00000000c002662a                wouldSheSayYes
 *fill*         0x00000000c002663e        0x2 
 .text          0x00000000c0026640       0x35 hw/fpu/x86/sse.32
                0x00000000c0026640                absolutelyNoChanceInHell
                0x00000000c0026640                sseDetect
                0x00000000c0026658                sseSave
                0x00000000c002665e                sseLoad
                0x00000000c0026664                sseInit
                0x00000000c0026674                sseClose
 *fill*         0x00000000c0026675        0xb 
 .text          0x00000000c0026680       0x47 hw/fpu/x86/x87.32
                0x00000000c0026686                x87Detect
                0x00000000c00266a1                x87Save
                0x00000000c00266a7                x87Load
                0x00000000c00266ac                x87Init
                0x00000000c00266c6                x87Close
 *fill*         0x00000000c00266c7        0x1 
 .text          0x00000000c00266c8       0x25 /cygdrive/d/Users/Alex/Desktop/Toolchain/Output/bin/../lib/gcc/i386-banana/8.1.0/crtend.o
 .text          0x00000000c00266ed        0x0 crtn.32
 *fill*         0x00000000c00266ed        0x3 
 .text          0x00000000c00266f0      0x14b /cygdrive/d/Users/Alex/Desktop/Toolchain/Output/bin/../lib/gcc/i386-banana/8.1.0/libkgcc.a(_divdi3.o)
                0x00000000c00266f0                __divdi3
 *fill*         0x00000000c002683b        0x1 
 .text          0x00000000c002683c      0x17e /cygdrive/d/Users/Alex/Desktop/Toolchain/Output/bin/../lib/gcc/i386-banana/8.1.0/libkgcc.a(_moddi3.o)
                0x00000000c002683c                __moddi3
 *fill*         0x00000000c00269ba        0x2 
 .text          0x00000000c00269bc       0xff /cygdrive/d/Users/Alex/Desktop/Toolchain/Output/bin/../lib/gcc/i386-banana/8.1.0/libkgcc.a(_udivdi3.o)
                0x00000000c00269bc                __udivdi3
 *fill*         0x00000000c0026abb        0x1 
 .text          0x00000000c0026abc      0x11a /cygdrive/d/Users/Alex/Desktop/Toolchain/Output/bin/../lib/gcc/i386-banana/8.1.0/libkgcc.a(_umoddi3.o)
                0x00000000c0026abc                __umoddi3
 .text          0x00000000c0026bd6      0x96d D:/Users/Alex/Desktop/Banana/kernel/libsoftfp.a(sfieeelib.o)
                0x00000000c0026bd6                __addsf3
                0x00000000c0026ed8                __subsf3
                0x00000000c0026eec                __negsf2
                0x00000000c0026ef9                __mulsf3
                0x00000000c00270bc                __divsf3
                0x00000000c00272e7                __floatsisf
                0x00000000c002735b                __floatunsisf
                0x00000000c002739d                __fixsfsi
                0x00000000c00273ff                __fixunssfsi
                0x00000000c0027430                __cmpsf2
                0x00000000c00274c5                __eqsf2