Archive member included to satisfy reference by file (symbol)

/cygdrive/d/Users/Alex/Desktop/Toolchain/Output/bin/../lib/gcc/i386-banana/8.1.0/libkgcc.a(_divdi3.o)
                              krnl/resolve.32 (__divdi3)
/cygdrive/d/Users/Alex/Desktop/Toolchain/Output/bin/../lib/gcc/i386-banana/8.1.0/libkgcc.a(_moddi3.o)
                              krnl/resolve.32 (__moddi3)
/cygdrive/d/Users/Alex/Desktop/Toolchain/Output/bin/../lib/gcc/i386-banana/8.1.0/libkgcc.a(_udivdi3.o)
                              hal/clock.32 (__udivdi3)
/cygdrive/d/Users/Alex/Desktop/Toolchain/Output/bin/../lib/gcc/i386-banana/8.1.0/libkgcc.a(_umoddi3.o)
                              core/pipe.32 (__umoddi3)

Allocating common symbols
Common symbol       size              file

current_iphdr_src   0x4               net/core/ipv4/ip.32
netif_list          0x4               net/core/netif.32
tcp_active_pcbs     0x4               net/core/tcp.32
udp_pcbs            0x4               net/core/udp.32
current_netif       0x4               net/core/ipv4/ip.32
tcp_ticks           0x4               net/core/tcp.32
tcp_listen_pcbs     0x4               net/core/tcp.32
current_iphdr_dest  0x4               net/core/ipv4/ip.32
tcp_tmp_pcb         0x4               net/core/tcp.32
tcp_input_pcb       0x4               net/core/tcp_in.32
dcache              0x40              fs/iso9660/iso9660.32
current_header      0x4               net/core/ipv4/ip.32
tcp_bound_pcbs      0x4               net/core/tcp.32
cdDriveLetter       0x1               fs/iso9660/iso9660.32
tcp_tw_pcbs         0x4               net/core/tcp.32
lwip_stats          0x150             net/core/stats.32
netif_default       0x4               net/core/netif.32
ram_heap            0x64d             net/core/mem.32
icache              0x40              fs/iso9660/iso9660.32

Discarded input sections

 .comment       0x0000000000000000       0x12 /cygdrive/d/Users/Alex/Desktop/Toolchain/Output/bin/../lib/gcc/i386-banana/8.1.0/crtbegin.o
 .comment       0x0000000000000000       0x12 acpica/utclib.32
 .comment       0x0000000000000000       0x12 arch/cc.32
 .comment       0x0000000000000000       0x12 arch/sys_arch.32
 .comment       0x0000000000000000       0x12 core/malloc.32
 .comment       0x0000000000000000       0x12 libk/ctype.32
 .comment       0x0000000000000000       0x12 libk/string.32
 .comment       0x0000000000000000       0x12 fs/fat/diskio.32
 .comment       0x0000000000000000       0x12 fs/fat/ff.32
 .comment       0x0000000000000000       0x12 fs/fat/ffsystem.32
 .comment       0x0000000000000000       0x12 fs/fat/ffunicode.32
 .comment       0x0000000000000000       0x12 fs/iso9660/iso9660.32
 .comment       0x0000000000000000       0x12 net/core/def.32
 .comment       0x0000000000000000       0x12 net/core/dhcp.32
 .comment       0x0000000000000000       0x12 net/core/dns.32
 .comment       0x0000000000000000       0x12 net/core/init.32
 .comment       0x0000000000000000       0x12 net/core/mem.32
 .comment       0x0000000000000000       0x12 net/core/memp.32
 .comment       0x0000000000000000       0x12 net/core/netif.32
 .comment       0x0000000000000000       0x12 net/core/pbuf.32
 .comment       0x0000000000000000       0x12 net/core/raw.32
 .comment       0x0000000000000000       0x12 net/core/stats.32
 .comment       0x0000000000000000       0x12 net/core/sys.32
 .comment       0x0000000000000000       0x12 net/core/tcp.32
 .comment       0x0000000000000000       0x12 net/core/tcp_in.32
 .comment       0x0000000000000000       0x12 net/core/tcp_out.32
 .comment       0x0000000000000000       0x12 net/core/timers.32
 .comment       0x0000000000000000       0x12 net/core/udp.32
 .comment       0x0000000000000000       0x12 net/netif/etharp.32
 .comment       0x0000000000000000       0x12 net/netif/ethernetif.32
 .comment       0x0000000000000000       0x12 net/netif/slipif.32
 .comment       0x0000000000000000       0x12 net/core/ipv4/autoip.32
 .comment       0x0000000000000000       0x12 net/core/ipv4/icmp.32
 .comment       0x0000000000000000       0x12 net/core/ipv4/igmp.32
 .comment       0x0000000000000000       0x12 net/core/ipv4/inet.32
 .comment       0x0000000000000000       0x12 net/core/ipv4/inet_chksum.32
 .comment       0x0000000000000000       0x12 net/core/ipv4/ip.32
 .comment       0x0000000000000000       0x12 net/core/ipv4/ip_addr.32
 .comment       0x0000000000000000       0x12 net/core/ipv4/ip_frag.32
 .comment       0x0000000000000000       0x12 net/core/snmp/asn1_dec.32
 .comment       0x0000000000000000       0x12 net/core/snmp/asn1_enc.32
 .comment       0x0000000000000000       0x12 net/core/snmp/mib2.32
 .comment       0x0000000000000000       0x12 net/core/snmp/mib_structs.32
 .comment       0x0000000000000000       0x12 net/core/snmp/msg_in.32
 .comment       0x0000000000000000       0x12 net/core/snmp/msg_out.32
 .comment       0x0000000000000000       0x12 net/netif/ppp/auth.32
[...]
Memory Configuration

Name             Origin             Length             Attributes
*default*        0x0000000000000000 0xffffffffffffffff

Linker script and memory map

LOAD D:/Users/Alex/Desktop/Banana/kernel/boot.32
LOAD crti.32
LOAD /cygdrive/d/Users/Alex/Desktop/Toolchain/Output/bin/../lib/gcc/i386-banana/8.1.0/crtbegin.o
LOAD D:/Users/Alex/Desktop/Banana/kernel/morenasm.32
LOAD acpica/utclib.32
LOAD arch/cc.32
LOAD arch/sys_arch.32
LOAD core/malloc.32
LOAD libk/ctype.32
LOAD libk/string.32
LOAD fs/fat/diskio.32
LOAD fs/fat/ff.32
LOAD fs/fat/ffsystem.32
LOAD fs/fat/ffunicode.32
LOAD fs/iso9660/iso9660.32
LOAD net/core/def.32
LOAD net/core/dhcp.32
LOAD net/core/dns.32
LOAD net/core/init.32
LOAD net/core/mem.32
LOAD net/core/memp.32
LOAD net/core/netif.32
LOAD net/core/pbuf.32
LOAD net/core/raw.32
LOAD net/core/stats.32
LOAD net/core/sys.32
LOAD net/core/tcp.32
LOAD net/core/tcp_in.32
LOAD net/core/tcp_out.32
LOAD net/core/timers.32
LOAD net/core/udp.32
LOAD net/netif/etharp.32
LOAD net/netif/ethernetif.32
LOAD net/netif/slipif.32
LOAD net/core/ipv4/autoip.32
LOAD net/core/ipv4/icmp.32
LOAD net/core/ipv4/igmp.32
LOAD net/core/ipv4/inet.32
LOAD net/core/ipv4/inet_chksum.32
LOAD net/core/ipv4/ip.32
LOAD net/core/ipv4/ip_addr.32
LOAD net/core/ipv4/ip_frag.32
LOAD net/core/snmp/asn1_dec.32
LOAD net/core/snmp/asn1_enc.32
LOAD net/core/snmp/mib2.32
LOAD net/core/snmp/mib_structs.32
LOAD net/core/snmp/msg_in.32
LOAD net/core/snmp/msg_out.32
LOAD net/netif/ppp/auth.32
LOAD net/netif/ppp/chap.32
LOAD net/netif/ppp/chpms.32
LOAD net/netif/ppp/fsm.32
LOAD net/netif/ppp/ipcp.32
LOAD net/netif/ppp/lcp.32
LOAD net/netif/ppp/magic.32
LOAD net/netif/ppp/md5.32
LOAD net/netif/ppp/pap.32
LOAD net/netif/ppp/ppp.32
LOAD net/netif/ppp/ppp_oe.32
LOAD net/netif/ppp/randm.32
LOAD net/netif/ppp/vj.32
LOAD core/computer.32
LOAD core/gdt.32
LOAD core/idle.32
LOAD core/idt.32
LOAD core/kheap.32
LOAD core/main.32
LOAD core/physmgr.32
LOAD core/pipe.32
LOAD core/terminal.32
LOAD core/tss.32
LOAD core/unixfile.32
LOAD core/virtmgr.32
LOAD coreobjs/c++.32
LOAD dbg/kconsole.32
LOAD dbg/usban.32
LOAD fs/symlink.32
LOAD fs/vfs.32
LOAD hal/bus.32
LOAD hal/buzzer.32
LOAD hal/clock.32
LOAD hal/device.32
LOAD hal/diskctrl.32
LOAD hal/diskphys.32
LOAD hal/fpu.32
LOAD hal/intctrl.32
LOAD hal/keybrd.32
LOAD hal/logidisk.32
LOAD hal/mouse.32
LOAD hal/nic.32
LOAD hal/partition.32
LOAD hal/serial.32
LOAD hal/timer.32
LOAD hal/vcache.32
LOAD hal/video.32
LOAD hw/acpi.32
LOAD hw/cpu.32
LOAD krnl/atexit.32
LOAD krnl/bootmsg.32
LOAD krnl/cdefs.32
LOAD krnl/compat.32
LOAD krnl/crc32.32
LOAD krnl/env.32
LOAD krnl/inlines.32
LOAD krnl/mutex.32
LOAD krnl/panic.32
LOAD krnl/powctrl.32
LOAD krnl/random.32
LOAD krnl/resolve.32
LOAD krnl/semaphore.32
LOAD krnl/signal.32
LOAD krnl/syscalls.32
LOAD net/ethernet.32
LOAD net/netosl.32
LOAD reg/cm.32
LOAD reg/registry.32
LOAD sys/eject.32
LOAD sys/exit.32
LOAD sys/getcwd.32
LOAD sys/getpid.32
LOAD sys/getramdata.32
LOAD sys/getvgaptr.32
LOAD sys/kill.32
LOAD sys/loaddll.32
LOAD sys/read.32
LOAD sys/registersignal.32
LOAD sys/registry.32
LOAD sys/sbrk.32
LOAD sys/setcwd.32
LOAD sys/settime.32
LOAD sys/symlink.32
LOAD sys/timezone.32
LOAD sys/truncate.32
LOAD sys/write.32
LOAD sys/wsbe.32
LOAD sys/yield.32
LOAD thr/elf.32
LOAD thr/prcssthr.32
LOAD vm86/vm8086.32
LOAD arch/i386/hal.32
LOAD arch/i386/pic.32
LOAD arch/i386/rtc.32
LOAD arch/i386/vga.32
LOAD fs/fat/vfslink.32
LOAD fs/iso9660/helper.32
LOAD fs/iso9660/vfslink.32
LOAD hal/sound/sndcard.32
LOAD hal/sound/sndport.32
LOAD hw/bus/isa.32
LOAD hw/bus/pci.32
LOAD hw/diskctrl/ide.32
LOAD hw/diskctrl/satabus.32
LOAD hw/diskphys/ata.32
LOAD hw/diskphys/atapi.32
LOAD hw/diskphys/sata.32
LOAD hw/diskphys/satapi.32
LOAD hw/intctrl/apic.32
LOAD hw/timer/apictimer.32
LOAD hw/timer/pit.32
LOAD arch/i386/avx.32
LOAD arch/i386/interrupt.32
LOAD arch/i386/rdrand.32
LOAD arch/i386/sse.32
LOAD arch/i386/x87.32
LOAD /cygdrive/d/Users/Alex/Desktop/Toolchain/Output/bin/../lib/gcc/i386-banana/8.1.0/crtend.o
LOAD crtn.32
LOAD /cygdrive/d/Users/Alex/Desktop/Toolchain/Output/bin/../lib/gcc/i386-banana/8.1.0/libkgcc.a
LOAD D:/Users/Alex/Desktop/Banana/kernel/libsoftfp.a
LOAD D:/Users/Alex/Desktop/Banana/kernel/libk/libm32.a
                0x00000000c0000000                . = 0xc0000000

.text           0x00000000c0000000    0x2e79a
 *(.text)
 .text          0x00000000c0000000       0x20 D:/Users/Alex/Desktop/Banana/kernel/boot.32
 .text          0x00000000c0000020        0x0 crti.32
 .text          0x00000000c0000020      0x101 /cygdrive/d/Users/Alex/Desktop/Toolchain/Output/bin/../lib/gcc/i386-banana/8.1.0/crtbegin.o
 *fill*         0x00000000c0000121        0xf 
 .text          0x00000000c0000130      0x24f D:/Users/Alex/Desktop/Banana/kernel/morenasm.32
                0x00000000c0000130                manualPCIProbe
                0x00000000c000017b                prepareTramp
                0x00000000c0000194                doTPAUSE
                0x00000000c000019e                hasLegacyFPU
                0x00000000c00001c3                is486
                0x00000000c00001f9                detectCPUID
                0x00000000c000020f                goToVM86
                0x00000000c000023f                goToUsermode
                0x00000000c0000269                switchToThreadASMFirstTime
                0x00000000c0000277                switchToThreadASM
                0x00000000c00002fc                asmQuickAcquireLock
                0x00000000c000031a                asmQuickReleaseLock
                0x00000000c0000326                asmAcquireLock
                0x00000000c0000347                asmReleaseLock
                0x00000000c000035a                loadGDT
                0x00000000c000037a                memcpy
 *fill*         0x00000000c000037f        0x1 
 .text          0x00000000c0000380      0x868 acpica/utclib.32
                0x00000000c0000380                memcmp
                0x00000000c00003d0                memmove
                0x00000000c00004f0                memset
                0x00000000c0000570                strlen
                0x00000000c00005a0                strpbrk
                0x00000000c00005f0                strtok
                0x00000000c0000640                strcpy
                0x00000000c0000680                strncpy
                0x00000000c0000750                strcmp
                0x00000000c00007a0                strchr
                0x00000000c00007e0                strncmp
                0x00000000c0000840                strcat
                0x00000000c0000870                strncat
                0x00000000c00008d0                strstr
                0x00000000c0000930                toupper
                0x00000000c0000950                tolower
                0x00000000c0000970                simple_strtoul
 .text          0x00000000c0000be8       0x53 arch/cc.32
                0x00000000c0000be8                LWIP_PLATFORM_HTONS
                0x00000000c0000c0c                LWIP_PLATFORM_HTONL
 *fill*         0x00000000c0000c3b        0x1 
 .text          0x00000000c0000c3c       0xa6 arch/sys_arch.32
                0x00000000c0000c3c                lwip_socket_init
                0x00000000c0000c40                tcpip_callback_with_block
                0x00000000c0000c44                sys_sem_new
                0x00000000c0000c6c                sys_sem_free
                0x00000000c0000c84                sys_sem_signal
                0x00000000c0000c9c                sys_arch_sem_wait
                0x00000000c0000cb8                sys_mbox_new
                0x00000000c0000cbc                sys_mbox_free
                0x00000000c0000cc0                sys_mbox_post
                0x00000000c0000cc4                sys_arch_mbox_fetch
                0x00000000c0000ccc                sys_arch_mbox_tryfetch
                0x00000000c0000cd4                sys_mbox_trypost
                0x00000000c0000cd8                sys_thread_new
                0x00000000c0000ce0                sys_init
 .text          0x00000000c0000ce2      0xfaa core/malloc.32
                0x00000000c0000e4d                dlfree
                0x00000000c00011a5                dlmalloc
                0x00000000c00016e2                dlrealloc
                0x00000000c0001885                dlmemalign
                0x00000000c00019a8                dlcalloc
                0x00000000c0001a42                dlcfree
                0x00000000c0001a47                dlindependent_calloc
                0x00000000c0001a6c                dlindependent_comalloc
                0x00000000c0001a83                dlvalloc
                0x00000000c0001aae                dlpvalloc
                0x00000000c0001ae4                dlmalloc_trim
                0x00000000c0001af1                dlmalloc_usable_size
                0x00000000c0001b22                dlmallinfo
                0x00000000c0001bf1                dlmalloc_stats
                0x00000000c0001c02                dlmallopt
 .text          0x00000000c0001c8c      0x1f2 libk/ctype.32
                0x00000000c0001c8c                isblank
                0x00000000c0001cac                iscntrl
                0x00000000c0001ccc                isdigit
                0x00000000c0001ce8                islower
                0x00000000c0001d04                isspace
                0x00000000c0001d2c                isupper
                0x00000000c0001d48                isalpha
                0x00000000c0001d78                isalnum
                0x00000000c0001da8                ispunct
                0x00000000c0001de8                isgraph
                0x00000000c0001e18                isprint
                0x00000000c0001e40                isxdigit
 .text          0x00000000c0001e7e        0x0 libk/string.32
 .text          0x00000000c0001e7e       0x51 fs/fat/diskio.32
                0x00000000c0001e7e                disk_status
                0x00000000c0001e81                disk_initialize
                0x00000000c0001e84                disk_read
                0x00000000c0001e9a                disk_write
                0x00000000c0001eb0                disk_ioctl
 .text          0x00000000c0001ecf     0x3e46 fs/fat/ff.32
                0x00000000c0003cf0                f_mount
                0x00000000c0003d52                f_open
                0x00000000c0004015                f_read
                0x00000000c0004214                f_write
                0x00000000c000445c                f_sync
                0x00000000c0004521                f_close
                0x00000000c0004550                f_lseek
                0x00000000c0004701                f_opendir
                0x00000000c00047cc                f_closedir
                0x00000000c00047ee                f_readdir
                0x00000000c0004880                f_stat
                0x00000000c00048ff                f_getfree
                0x00000000c0004a08                f_truncate
                0x00000000c0004af2                f_unlink
                0x00000000c0004c14                f_mkdir
                0x00000000c0004daf                f_rename
                0x00000000c0004f67                f_chmod
                0x00000000c0005017                f_utime
                0x00000000c00050c7                f_getlabel
                0x00000000c0005218                f_setlabel
                0x00000000c00053a8                f_expand
                0x00000000c0005515                f_mkfs
 *fill*         0x00000000c0005d15        0x3 
 .text          0x00000000c0005d18       0x2f fs/fat/ffsystem.32
                0x00000000c0005d18                ff_memalloc
                0x00000000c0005d30                ff_memfree
 *fill*         0x00000000c0005d47        0x1 
 .text          0x00000000c0005d48      0x2dc fs/fat/ffunicode.32
                0x00000000c0005d48                ff_uni2oem
                0x00000000c0005de8                ff_oem2uni
                0x00000000c0005e60                ff_wtoupper
 .text          0x00000000c0006024      0xd32 fs/iso9660/iso9660.32
                0x00000000c000626f                isoReadDiscSector
                0x00000000c000630a                strnicmp
                0x00000000c00065b9                stricmp
                0x00000000c0006605                iso_open
                0x00000000c000668f                iso_close
                0x00000000c00066ad                iso_read
                0x00000000c00067c3                iso_seek
                0x00000000c0006847                iso_tell
                0x00000000c0006878                iso_total
                0x00000000c00068a3                fn_postprocess
                0x00000000c00068ca                iso_readdir
                0x00000000c0006b21                iso_reset
                0x00000000c0006b3e                init_percd
                0x00000000c0006c38                iso_ioctl
                0x00000000c0006c50                fs_iso9660_init
                0x00000000c0006ce6                fs_iso9660_shutdown
 .text          0x00000000c0006d56        0x0 net/core/def.32
 .text          0x00000000c0006d56        0x0 net/core/dhcp.32
 .text          0x00000000c0006d56        0x0 net/core/dns.32
 *fill*         0x00000000c0006d56        0x2 
 .text          0x00000000c0006d58       0x2b net/core/init.32
                0x00000000c0006d58                lwip_init
 *fill*         0x00000000c0006d83        0x1 
 .text          0x00000000c0006d84      0x9f0 net/core/mem.32
                0x00000000c0006f18                mem_init
                0x00000000c0006fc0                mem_free
                0x00000000c00070e4                mem_trim
                0x00000000c00073f4                mem_malloc
                0x00000000c0007710                mem_calloc
 .text          0x00000000c0007774      0x2e8 net/core/memp.32
                0x00000000c0007774                memp_init
                0x00000000c00078b8                memp_malloc
                0x00000000c00079e4                memp_free
 .text          0x00000000c0007a5c      0x4ba net/core/netif.32
                0x00000000c0007a5c                netif_init
                0x00000000c0007a60                netif_find
                0x00000000c0007af8                netif_set_ipaddr
                0x00000000c0007bf0                netif_set_gw
                0x00000000c0007c14                netif_set_netmask
                0x00000000c0007c38                netif_set_addr
                0x00000000c0007c7c                netif_add
                0x00000000c0007d48                netif_set_default
                0x00000000c0007d54                netif_set_up
                0x00000000c0007db8                netif_set_down
                0x00000000c0007de0                netif_remove
                0x00000000c0007e8c                netif_set_link_up
                0x00000000c0007ef0                netif_set_link_down
 *fill*         0x00000000c0007f16        0x2 
 .text          0x00000000c0007f18     0x16ac net/core/pbuf.32
                0x00000000c0007fe0                pbuf_alloced_custom
                0x00000000c0008104                pbuf_header
                0x00000000c00082a0                pbuf_free
                0x00000000c0008478                pbuf_alloc
                0x00000000c0008870                pbuf_realloc
                0x00000000c0008a74                pbuf_clen
                0x00000000c0008aa8                pbuf_ref
                0x00000000c0008ad8                pbuf_cat
                0x00000000c0008bb8                pbuf_chain
                0x00000000c0008be4                pbuf_dechain
                0x00000000c0008cd8                pbuf_copy
                0x00000000c0008f40                pbuf_copy_partial
                0x00000000c00090e4                pbuf_take
                0x00000000c0009264                pbuf_coalesce
                0x00000000c00092f8                pbuf_get_at
                0x00000000c0009390                pbuf_memcmp
                0x00000000c000949c                pbuf_memfind
                0x00000000c0009550                pbuf_strstr
 .text          0x00000000c00095c4      0x3e4 net/core/raw.32
                0x00000000c00095c4                raw_input
                0x00000000c00096d0                raw_bind
                0x00000000c00096f4                raw_connect
                0x00000000c0009718                raw_recv
                0x00000000c0009730                raw_sendto
                0x00000000c000989c                raw_send
                0x00000000c00098c0                raw_remove
                0x00000000c0009940                raw_new
 .text          0x00000000c00099a8        0x2 net/core/stats.32
                0x00000000c00099a8                stats_init
 *fill*         0x00000000c00099aa        0x2 
 .text          0x00000000c00099ac       0x55 net/core/sys.32
                0x00000000c00099ac                sys_msleep
 *fill*         0x00000000c0009a01        0x3 
 .text          0x00000000c0009a04     0x1dec net/core/tcp.32
                0x00000000c0009a14                tcp_listen_with_backlog
                0x00000000c0009bc4                tcp_update_rcv_ann_wnd
                0x00000000c0009ca0                tcp_recved
                0x00000000c0009de8                tcp_bind
                0x00000000c0009f18                tcp_seg_free
                0x00000000c0009f5c                tcp_segs_free
                0x00000000c0009f94                tcp_setprio
                0x00000000c0009fb0                tcp_seg_copy
                0x00000000c000a004                tcp_arg
                0x00000000c000a014                tcp_recv
                0x00000000c000a024                tcp_sent
                0x00000000c000a034                tcp_err
                0x00000000c000a044                tcp_accept
                0x00000000c000a054                tcp_poll
                0x00000000c000a07c                tcp_pcb_purge
                0x00000000c000a160                tcp_slowtmr
                0x00000000c000a8e4                tcp_pcb_remove
                0x00000000c000ad8c                tcp_close
                0x00000000c000adc8                tcp_recv_null
                0x00000000c000ae2c                tcp_fasttmr
                0x00000000c000af50                tcp_tmr
                0x00000000c000af80                tcp_shutdown
                0x00000000c000b02c                tcp_abandon
                0x00000000c000b1c0                tcp_abort
                0x00000000c000b32c                tcp_next_iss
                0x00000000c000b344                tcp_alloc
                0x00000000c000b4f0                tcp_new
                0x00000000c000b504                tcp_eff_send_mss
                0x00000000c000b574                tcp_connect
                0x00000000c000b7e4                tcp_debug_state_str
 .text          0x00000000c000b7f0     0x3131 net/core/tcp_in.32
                0x00000000c000de50                tcp_input
 *fill*         0x00000000c000e921        0x3 
 .text          0x00000000c000e924     0x1f81 net/core/tcp_out.32
                0x00000000c000ee94                tcp_write
                0x00000000c000f734                tcp_enqueue_flags
                0x00000000c000fa20                tcp_send_fin
                0x00000000c000fac0                tcp_send_empty_ack
                0x00000000c000fdd0                tcp_output
                0x00000000c001025c                tcp_rst
                0x00000000c00103d0                tcp_rexmit_rto
                0x00000000c0010460                tcp_rexmit
                0x00000000c0010528                tcp_rexmit_fast
                0x00000000c001060c                tcp_keepalive
                0x00000000c00106d4                tcp_zero_window_probe
 *fill*         0x00000000c00108a5        0x3 
 .text          0x00000000c00108a8      0x44d net/core/timers.32
                0x00000000c00108a8                sys_timeout
                0x00000000c0010a60                tcp_timer_needed
                0x00000000c0010af4                sys_timeouts_init
                0x00000000c0010b2c                sys_untimeout
                0x00000000c0010bf8                sys_timeouts_mbox_fetch
 *fill*         0x00000000c0010cf5        0x3 
 .text          0x00000000c0010cf8      0xae8 net/core/udp.32
                0x00000000c0010cf8                udp_input
                0x00000000c001116c                udp_bind
                0x00000000c00112ec                udp_sendto_if
                0x00000000c001156c                udp_sendto
                0x00000000c00115d0                udp_send
                0x00000000c00115fc                udp_connect
                0x00000000c00116dc                udp_disconnect
                0x00000000c0011708                udp_recv
                0x00000000c0011720                udp_remove
                0x00000000c00117a0                udp_new
 .text          0x00000000c00117e0     0x1204 net/netif/etharp.32
                0x00000000c0011838                etharp_tmr
                0x00000000c0011e08                etharp_find_addr
                0x00000000c0012368                etharp_request
                0x00000000c00123a4                etharp_query
                0x00000000c00126e0                etharp_output
                0x00000000c00128a0                ethernet_input
 .text          0x00000000c00129e4        0x0 net/netif/ethernetif.32
 .text          0x00000000c00129e4        0x0 net/netif/slipif.32
 .text          0x00000000c00129e4        0x0 net/core/ipv4/autoip.32
 .text          0x00000000c00129e4      0x5dd net/core/ipv4/icmp.32
                0x00000000c00129e4                icmp_input
                0x00000000c0012f7c                icmp_dest_unreach
                0x00000000c0012fa0                icmp_time_exceeded
 .text          0x00000000c0012fc1        0x0 net/core/ipv4/igmp.32
 .text          0x00000000c0012fc1        0x0 net/core/ipv4/inet.32
 *fill*         0x00000000c0012fc1        0x3 
 .text          0x00000000c0012fc4      0x582 net/core/ipv4/inet_chksum.32
                0x00000000c00130bc                inet_chksum_pseudo
                0x00000000c001324c                inet_chksum_pseudo_partial
                0x00000000c001343c                inet_chksum
                0x00000000c0013464                inet_chksum_pbuf
 *fill*         0x00000000c0013546        0x2 
 .text          0x00000000c0013548      0x84c net/core/ipv4/ip.32
                0x00000000c0013548                ip_route
                0x00000000c00135dc                ip_input
                0x00000000c0013a20                ip_output_if
                0x00000000c0013cf0                ip_output
 .text          0x00000000c0013d94      0x5ac net/core/ipv4/ip_addr.32
                0x00000000c0013d94                ip4_addr_isbroadcast
                0x00000000c0013e1c                ip4_addr_netmask_valid
                0x00000000c0013e80                ipaddr_aton
                0x00000000c00141b0                ipaddr_addr
                0x00000000c00141e0                ipaddr_ntoa_r
                0x00000000c001432c                ipaddr_ntoa
 .text          0x00000000c0014340     0x1161 net/core/ipv4/ip_frag.32
                0x00000000c00145a4                ip_reass_tmr
                0x00000000c0014c34                ip_reass
                0x00000000c00150f4                ip_frag
 .text          0x00000000c00154a1        0x0 net/core/snmp/asn1_dec.32
 .text          0x00000000c00154a1        0x0 net/core/snmp/asn1_enc.32
 .text          0x00000000c00154a1        0x0 net/core/snmp/mib2.32
 .text          0x00000000c00154a1        0x0 net/core/snmp/mib_structs.32
 .text          0x00000000c00154a1        0x0 net/core/snmp/msg_in.32
 .text          0x00000000c00154a1        0x0 net/core/snmp/msg_out.32
 .text          0x00000000c00154a1        0x0 net/netif/ppp/auth.32
 .text          0x00000000c00154a1        0x0 net/netif/ppp/chap.32
 .text          0x00000000c00154a1        0x0 net/netif/ppp/chpms.32
 .text          0x00000000c00154a1        0x0 net/netif/ppp/fsm.32
 .text          0x00000000c00154a1        0x0 net/netif/ppp/ipcp.32
 .text          0x00000000c00154a1        0x0 net/netif/ppp/lcp.32
 .text          0x00000000c00154a1        0x0 net/netif/ppp/magic.32
 .text          0x00000000c00154a1        0x0 net/netif/ppp/md5.32
 .text          0x00000000c00154a1        0x0 net/netif/ppp/pap.32
 .text          0x00000000c00154a1        0x0 net/netif/ppp/ppp.32
 .text          0x00000000c00154a1        0x0 net/netif/ppp/ppp_oe.32
 .text          0x00000000c00154a1        0x0 net/netif/ppp/randm.32
 .text          0x00000000c00154a1        0x0 net/netif/ppp/vj.32
 *fill*         0x00000000c00154a1        0x1 
 .text          0x00000000c00154a2      0x6c7 core/computer.32
                0x00000000c00154a2                Computer::close(int, int, void*)
                0x00000000c00154f0                Krnl::firstTask()
                0x00000000c001562e                Computer::Computer()
                0x00000000c001562e                Computer::Computer()
                0x00000000c00156de                Computer::setBootMessage(char const*)
                0x00000000c00156e0                Computer::detectFeatures()
                0x00000000c0015906                Computer::displayFeatures()
                0x00000000c0015908                Computer::rdmsr(unsigned int)
                0x00000000c0015934                Computer::wrmsr(unsigned int, unsigned long long)
                0x00000000c0015970                Computer::shutdown()
                0x00000000c0015988                Computer::restart()
                0x00000000c00159a0                Computer::sleep()
                0x00000000c00159b4                Computer::nmiEnabled()
                0x00000000c00159c0                Computer::readCMOS(unsigned char)
                0x00000000c00159de                Computer::enableNMI(bool)
                0x00000000c00159f6                Computer::open(int, int, void*)
                0x00000000c0015aca                Computer::disableNMI()
                0x00000000c0015ada                Computer::writeCMOS(unsigned char, unsigned char)
                0x00000000c0015afe                Computer::handleNMI()
 *fill*         0x00000000c0015b69        0x1 
 .text          0x00000000c0015b6a      0x1db core/gdt.32
                0x00000000c0015b6a                GDTEntry::setBase(unsigned int)
                0x00000000c0015b86                GDTEntry::setLimit(unsigned int)
                0x00000000c0015ba4                GDT::GDT()
                0x00000000c0015ba4                GDT::GDT()
                0x00000000c0015bba                GDT::addEntry(GDTEntry)
                0x00000000c0015bdc                GDT::getNumberOfEntries()
                0x00000000c0015be4                GDT::flush()
                0x00000000c0015c06                GDT::setup()
 .text          0x00000000c0015d45       0x1d core/idle.32
                0x00000000c0015d45                idleFunction(void*)
 *fill*         0x00000000c0015d62        0x2 
 .text          0x00000000c0015d64      0x46c core/idt.32
                0x00000000c0015d64                IDTEntry::IDTEntry(bool)
                0x00000000c0015d64                IDTEntry::IDTEntry(bool)
                0x00000000c0015dde                IDTEntry::setOffset(unsigned int)
                0x00000000c0015df4                IDT::IDT()
                0x00000000c0015df4                IDT::IDT()
                0x00000000c0015df6                IDT::getPointerToInvalidOpcodeEntryForF00F()
                0x00000000c0015dfe                IDT::addEntry(IDTEntry, int)
                0x00000000c0015e18                IDT::addEntry(int, void (*)(), bool)
                0x00000000c0015e50                IDT::flush()
                0x00000000c0015e6a                IDT::setup()
 .text          0x00000000c00161d0      0x188 core/kheap.32
                0x00000000c00161d0                sbrk
                0x00000000c0016267                mmap
                0x00000000c001627d                munmap
                0x00000000c0016293                liballoc_lock()
                0x00000000c00162a1                liballoc_unlock()
                0x00000000c00162b7                liballoc_alloc(int)
                0x00000000c00162cf                liballoc_free(void*, int)
                0x00000000c00162ea                realloc
                0x00000000c00162fe                malloc
                0x00000000c001630e                free
                0x00000000c001631e                rfree
                0x00000000c001632e                calloc
 .text          0x00000000c0016358       0xc7 core/main.32
                0x00000000c0016358                KeEntryPoint
 .text          0x00000000c001641f      0x644 core/physmgr.32
                0x00000000c001641f                Phys::allocateDMA(unsigned long)
                0x00000000c0016507                Phys::freeDMA(unsigned long, unsigned long)
                0x00000000c0016542                Phys::setPageState(unsigned long, bool)
                0x00000000c0016582                Phys::getPageState(unsigned long)
                0x00000000c001659e                Phys::freePage(unsigned long)
                0x00000000c0016607                Phys::allocatePage()
                0x00000000c00166d6                Phys::allocateContiguousPages(int)
                0x00000000c001673d                Phys::allowSegmentToBeUsed(unsigned long, unsigned long)
                0x00000000c0016775                Phys::physicalMemorySetup(unsigned int)
 *fill*         0x00000000c0016a63        0x1 
 .text          0x00000000c0016a64      0x273 core/pipe.32
                0x00000000c0016a64                Pipe::isAtty()
                0x00000000c0016a68                Pipe::~Pipe()
                0x00000000c0016a68                Pipe::~Pipe()
                0x00000000c0016a8c                Pipe::~Pipe()
                0x00000000c0016ab4                Pipe::write(unsigned long long, void*, int*)
                0x00000000c0016b74                Pipe::read(unsigned long long, void*, int*)
                0x00000000c0016c70                Pipe::Pipe(int)
                0x00000000c0016c70                Pipe::Pipe(int)
 *fill*         0x00000000c0016cd7        0x1 
 .text          0x00000000c0016cd8      0xab3 core/terminal.32
                0x00000000c0016cd8                VgaText::isAtty()
                0x00000000c0016cdc                VgaText::~VgaText()
                0x00000000c0016cdc                VgaText::~VgaText()
                0x00000000c0016d00                VgaText::~VgaText()
                0x00000000c0016d2a                VgaText::read(unsigned long long, void*, int*)
                0x00000000c0016d4a                setTerminalScrollLock(bool)
                0x00000000c0016d4b                doTerminalCycle()
                0x00000000c0016d4c                addToTerminalCycle(VgaText*)
                0x00000000c0016d4d                scrollTerminalScrollLock(int)
                0x00000000c0016d4e                VgaText::updateTitle()
                0x00000000c0016d50                VgaText::load()
                0x00000000c0016d52                VgaText::updateCursor()
                0x00000000c0016d68                VgaText::doANSI_SGR(int)
                0x00000000c0016ddc                VgaText::setDefaultBgColour(VgaColour)
                0x00000000c0016dec                VgaText::setDefaultFgColour(VgaColour)
                0x00000000c0016dfc                VgaText::setDefaultColours(VgaColour, VgaColour)
                0x00000000c0016e1c                VgaText::setTitleTextColour(VgaColour)
                0x00000000c0016e28                VgaText::setTitleColour(VgaColour)
                0x00000000c0016e34                VgaText::setTitle(char*)
                0x00000000c0016e36                VgaText::combineColours(unsigned char, unsigned char)
                0x00000000c0016e48                VgaText::scrollScreen()
                0x00000000c0016eda                VgaText::combineCharAndColour(char, unsigned char)
                0x00000000c0016eea                VgaText::writeCharacter(char, VgaColour, VgaColour, int, int)
                0x00000000c0016f7a                VgaText::getCursorX()
                0x00000000c0016f82                VgaText::getCursorY()
                0x00000000c0016f8a                VgaText::setCursor(int, int)
                0x00000000c0016fa1                setActiveTerminal(VgaText*)
                0x00000000c0016fec                VgaText::clearScreen()
                0x00000000c001703a                VgaText::setCursorX(int)
                0x00000000c0017052                VgaText::setCursorY(int)
                0x00000000c001706a                VgaText::incrementCursor(bool)
                0x00000000c00170be                VgaText::decrementCursor(bool)
                0x00000000c00170e0                VgaText::putchar(char, VgaColour, VgaColour)
                0x00000000c00171b0                VgaText::putchar(char)
                0x00000000c00172a8                VgaText::putx(unsigned int)
                0x00000000c00172ee                VgaText::puts(char const*)
                0x00000000c0017314                VgaText::write(unsigned long long, void*, int*)
                0x00000000c0017360                VgaText::puts(char const*, VgaColour, VgaColour)
                0x00000000c00174ae                VgaText::VgaText(char const*)
                0x00000000c00174ae                VgaText::VgaText(char const*)
                0x00000000c00175fe                VgaText::receiveKey(unsigned char)
                0x00000000c001778a                VgaText::doUpdate()
 *fill*         0x00000000c001778b        0x1 
 .text          0x00000000c001778c      0x1a1 core/tss.32
                0x00000000c001778c                TSS::TSS()
                0x00000000c001778c                TSS::TSS()
                0x00000000c001779c                TSS::setESP(unsigned long)
                0x00000000c00177b0                TSS::flush()
                0x00000000c00177d0                TSS::setup(unsigned long, unsigned long)
 *fill*         0x00000000c001792d        0x1 
 .text          0x00000000c001792e      0x4ca core/unixfile.32
                0x00000000c001792e                ReservedFilename::read(unsigned long long, void*, int*)
                0x00000000c0017984                ReservedFilename::isAtty()
                0x00000000c00179a0                ReservedFilename::write(unsigned long long, void*, int*)
                0x00000000c00179fe                UnixFile::getFileDescriptor()
                0x00000000c0017a06                UnixFile::UnixFile(int)
                0x00000000c0017a06                UnixFile::UnixFile(int)
                0x00000000c0017bba                ReservedFilename::ReservedFilename(int)
                0x00000000c0017bba                ReservedFilename::ReservedFilename(int)
                0x00000000c0017bec                UnixFile::~UnixFile()
                0x00000000c0017bec                UnixFile::~UnixFile()
                0x00000000c0017c88                UnixFile::~UnixFile()
                0x00000000c0017cb0                ReservedFilename::~ReservedFilename()
                0x00000000c0017cb0                ReservedFilename::~ReservedFilename()
                0x00000000c0017cd4                ReservedFilename::~ReservedFilename()
                0x00000000c0017cfb                KeGetFileFromDescriptor(int)
 .text          0x00000000c0017df8     0x1218 core/virtmgr.32
                0x00000000c0017df8                Virt::setPageState(unsigned long, Virt::VirtPageState)
                0x00000000c0017e32                Virt::getPageState(unsigned long)
                0x00000000c0017e55                Virt::allocateKernelVirtualPages(int)
                0x00000000c0017f7a                Virt::freeSwapfilePage(unsigned long)
                0x00000000c0017f9d                Virt::swapIDToSector(unsigned long)
                0x00000000c0017fb3                Virt::allocateSwapfilePage()
                0x00000000c0018033                Virt::virtualMemorySetup()
                0x00000000c0018084                Virt::setupPageSwapping(int)
                0x00000000c00180f6                VAS::setCPUSpecific(unsigned long)
                0x00000000c00180f8                VAS::VAS(VAS*)
                0x00000000c00180f8                VAS::VAS(VAS*)
                0x00000000c0018126                VAS::getForeignPageTableEntry(bool, unsigned long)
                0x00000000c0018154                VAS::getPageTableEntry(unsigned long)
                0x00000000c0018173                Virt::freeKernelVirtualPages(unsigned long)
                0x00000000c00182b0                VAS::freeAllocatedPages(unsigned long)
                0x00000000c00182d4                VAS::virtualToPhysical(unsigned long)
                0x00000000c00182ee                VAS::reflagRange(unsigned long, int, unsigned long, unsigned long)
                0x00000000c0018330                VAS::VAS()
                0x00000000c0018330                VAS::VAS()
                0x00000000c001839a                VAS::setToWriteCombining(unsigned long, int)
                0x00000000c00183ce                VAS::mapOtherVASIn(bool, VAS*)
                0x00000000c00183fa                VAS::~VAS()
                0x00000000c00183fa                VAS::~VAS()
                0x00000000c0018568                VAS::mapPage(unsigned long, unsigned long, int)
                0x00000000c001866c                VAS::allocatePages(int, int)
                0x00000000c0018762                VAS::mapRange(unsigned long, unsigned long, int, int)
                0x00000000c00187ba                VAS::mapForeignPage(bool, VAS*, unsigned long, unsigned long, int)
                0x00000000c00188b0                VAS::VAS(bool)
                0x00000000c00188b0                VAS::VAS(bool)
                0x00000000c0018afa                VAS::evict(unsigned long)
                0x00000000c0018bd8                VAS::tryLoadBackOffDisk(unsigned long)
                0x00000000c0018d72                VAS::allocateSharedMemoryWithKernel(unsigned long, unsigned long*)
                0x00000000c0018de6                VAS::freeSharedMemoryWithKernel(unsigned long, unsigned long)
                0x00000000c0018e12                VAS::scanForEviction()
                0x00000000c0018f15                mapVASFirstTime
 .text          0x00000000c0019010       0x5f coreobjs/c++.32
                0x00000000c0019010                __cxa_atexit
                0x00000000c0019013                __cxa_finalize
                0x00000000c0019014                __stack_chk_fail
                0x00000000c001904a                __cxa_pure_virtual
                0x00000000c001905b                operator new[](unsigned long)
                0x00000000c0019060                operator delete(void*, unsigned long)
                0x00000000c0019065                operator delete[](void*)
                0x00000000c001906a                operator delete[](void*, unsigned long)
 .text          0x00000000c001906f      0x254 dbg/kconsole.32
                0x00000000c001906f                Dbg::stringifyxWithBase(unsigned int, char*, int)
                0x00000000c001910f                Dbg::logc(char)
                0x00000000c001912f                Dbg::logs(char*)
                0x00000000c001914e                Dbg::logWriteInt(unsigned int)
                0x00000000c001916c                Dbg::logWriteIntBase(unsigned int, int)
                0x00000000c001918d                Dbg::kprintf(char const*, ...)
 *fill*         0x00000000c00192c3        0x1 
 .text          0x00000000c00192c4      0x2d4 dbg/usban.32
                0x00000000c00192c4                KiUbsanPrintDetails(char const*, void*)
                0x00000000c0019330                __ubsan_handle_type_mismatch_v1
                0x00000000c001940c                __ubsan_handle_pointer_overflow
                0x00000000c0019438                __ubsan_handle_out_of_bounds
                0x00000000c0019464                __ubsan_handle_add_overflow
                0x00000000c0019490                __ubsan_handle_load_invalid_value
                0x00000000c00194bc                __ubsan_handle_divrem_overflow
                0x00000000c00194e8                __ubsan_handle_mul_overflow
                0x00000000c0019514                __ubsan_handle_sub_overflow
                0x00000000c0019540                __ubsan_handle_shift_out_of_bounds
                0x00000000c001956c                __ubsan_handle_negate_overflow
 .text          0x00000000c0019598      0x86d fs/symlink.32
                0x00000000c00196e7                KiDeinitialiseSymlinks(void*)
                0x00000000c001977a                KeRegisterSymlink(char const*, unsigned long long)
                0x00000000c001980c                KeInitialiseSymlinks()
                0x00000000c0019980                KiIsSymlinkRegistered(char const*)
                0x00000000c0019b04                KeDereferenceSymlink(char const*, char*)
                0x00000000c0019cab                KeCreateSymlink(char const*, char const*)
 *fill*         0x00000000c0019e05        0x1 
 .text          0x00000000c0019e06      0xd68 fs/vfs.32
                0x00000000c0019e06                File::read(unsigned long long, void*, int*)
                0x00000000c0019e5e                File::write(unsigned long long, void*, int*)
                0x00000000c0019eb6                Directory::read(unsigned long long, void*, int*)
                0x00000000c0019f0e                Directory::write(unsigned long long, void*, int*)
                0x00000000c0019f3c                File::isAtty()
                0x00000000c0019f40                Directory::isAtty()
                0x00000000c0019f44                Filesystem::getlabel(LogicalDisk*, int, char*, unsigned int*)
                0x00000000c0019f4a                Filesystem::setlabel(LogicalDisk*, int, char*)
                0x00000000c0019f50                Filesystem::allocateSwapfile(char const*, int)
                0x00000000c0019f56                File::~File()
                0x00000000c0019f56                File::~File()
                0x00000000c0019f7a                File::~File()
                0x00000000c0019fa4                Directory::~Directory()
                0x00000000c0019fa4                Directory::~Directory()
                0x00000000c0019fc8                Directory::~Directory()
                0x00000000c0019ff2                Filesystem::Filesystem()
                0x00000000c0019ff2                Filesystem::Filesystem()
                0x00000000c001a016                Filesystem::~Filesystem()
                0x00000000c001a016                Filesystem::~Filesystem()
                0x00000000c001a024                Filesystem::~Filesystem()
                0x00000000c001a048                Fs::getcwd(Process*, char*, int)
                0x00000000c001a072                Fs::initVFS()
                0x00000000c001a09c                Fs::standardiseFiles(char*, char const*, char const*, bool)
                0x00000000c001a2b6                File::File(char const*, Process*, bool)
                0x00000000c001a2b6                File::File(char const*, Process*, bool)
                0x00000000c001a394                File::File(char const*, Process*)
                0x00000000c001a394                File::File(char const*, Process*)
                0x00000000c001a3b2                File::open(FileOpenMode)
                0x00000000c001a410                File::close()
                0x00000000c001a470                File::seek(unsigned long long)
                0x00000000c001a4c6                File::truncate(unsigned long long)
                0x00000000c001a51c                File::tell(unsigned long long*)
                0x00000000c001a56c                File::rewind()
                0x00000000c001a580                File::unlink()
                0x00000000c001a5cc                File::rename(char const*)
                0x00000000c001a61a                File::chfatattr(unsigned char, unsigned char)
                0x00000000c001a676                File::exists()
                0x00000000c001a6b4                File::stat(unsigned long long*, bool*)
                0x00000000c001a715                Fs::setcwd(Process*, char*)
                0x00000000c001a874                Directory::Directory(char const*, Process*)
                0x00000000c001a874                Directory::Directory(char const*, Process*)
                0x00000000c001a93c                Directory::open()
                0x00000000c001a998                Directory::close()
                0x00000000c001a9f8                Directory::unlink()
                0x00000000c001aa44                Directory::rename(char const*)
                0x00000000c001aa92                Directory::exists()
                0x00000000c001aad0                Directory::read(dirent*)
                0x00000000c001ab1c                Directory::create()
                0x00000000c001ab68                Filesystem::chfatattr(char const*, unsigned char, unsigned char)
 *fill*         0x00000000c001ab6e        0x2 
 .text          0x00000000c001ab70       0x86 hal/bus.32
                0x00000000c001ab70                Bus::Bus(char const*)
                0x00000000c001ab70                Bus::Bus(char const*)
                0x00000000c001aba8                Bus::~Bus()
                0x00000000c001aba8                Bus::~Bus()
                0x00000000c001abcc                Bus::~Bus()
 .text          0x00000000c001abf6       0x96 hal/buzzer.32
                0x00000000c001abf6                beepThread(void*)
                0x00000000c001ac33                Krnl::beep(int, int, bool)
 .text          0x00000000c001ac8c      0x45f hal/clock.32
                0x00000000c001ac8c                User::loadClockSettings(int)
                0x00000000c001acde                Clock::Clock(char const*)
                0x00000000c001acde                Clock::Clock(char const*)
                0x00000000c001ad14                Clock::~Clock()
                0x00000000c001ad14                Clock::~Clock()
                0x00000000c001ad38                Clock::~Clock()
                0x00000000c001ad62                Clock::timeInSecondsLocal()
                0x00000000c001adaa                Clock::setTimeInSecondsLocal(unsigned long long)
                0x00000000c001ae03                datetimeToSeconds(datetime_t)
                0x00000000c001af22                Clock::setTimeInDatetimeLocal(datetime_t)
                0x00000000c001af82                secondsToDatetime(unsigned long long)
                0x00000000c001b0c6                Clock::timeInDatetimeLocal()
 *fill*         0x00000000c001b0eb        0x1 
 .text          0x00000000c001b0ec      0x47a hal/device.32
                0x00000000c001b0ec                Device::hibernate()
                0x00000000c001b0ee                Device::wake()
                0x00000000c001b0f0                Device::detect()
                0x00000000c001b0f2                Device::disableLegacy()
                0x00000000c001b0f4                Device::powerSaving(PowerSavingLevel)
                0x00000000c001b0f6                DriverlessDevice::close(int, int, void*)
                0x00000000c001b0fa                DriverlessDevice::detect()
                0x00000000c001b0fc                DriverlessDevice::open(int, int, void*)
                0x00000000c001b110                Device::~Device()
                0x00000000c001b110                Device::~Device()
                0x00000000c001b11e                Device::~Device()
                0x00000000c001b146                Device::findAndLoadDriver()
                0x00000000c001b154                Device::preOpenPCI(PCIDeviceInfo)
                0x00000000c001b17a                Device::preOpenACPI(void*, char*, char*)
                0x00000000c001b1ba                Device::addIRQHandler(int, void (*)(regs*, void*), bool, void*)
                0x00000000c001b1e4                Device::getParent()
                0x00000000c001b1f0                Device::removeIRQHandler(int, void (*)(regs*, void*), bool)
                0x00000000c001b20e                Device::addChild(Device*)
                0x00000000c001b252                Device::removeAllChildren()
                0x00000000c001b298                Device::hibernateAll()
                0x00000000c001b2c8                Device::wakeAll()
                0x00000000c001b2f8                Device::detectAll()
                0x00000000c001b328                Device::disableLegacyAll()
                0x00000000c001b32a                Device::loadDriversForAll()
                0x00000000c001b32c                Device::powerSavingAll(PowerSavingLevel)
                0x00000000c001b362                Device::setName(char const*)
                0x00000000c001b370                Device::Device(char const*)
                0x00000000c001b370                Device::Device(char const*)
                0x00000000c001b46c                Device::getName()
                0x00000000c001b476                Device::closeAll()
                0x00000000c001b4c2                DriverlessDevice::DriverlessDevice(char const*)
                0x00000000c001b4c2                DriverlessDevice::DriverlessDevice(char const*)
                0x00000000c001b4f8                Device::addToLinkedList(LinkedList<Device>&, DeviceType)
                0x00000000c001b53c                getDevicesOfType(DeviceType)
 *fill*         0x00000000c001b566        0x2 
 .text          0x00000000c001b568       0x86 hal/diskctrl.32
                0x00000000c001b568                HardDiskController::HardDiskController(char const*)
                0x00000000c001b568                HardDiskController::HardDiskController(char const*)
                0x00000000c001b5a0                HardDiskController::~HardDiskController()
                0x00000000c001b5a0                HardDiskController::~HardDiskController()
                0x00000000c001b5c4                HardDiskController::~HardDiskController()
 .text          0x00000000c001b5ee       0xe2 hal/diskphys.32
                0x00000000c001b5ee                PhysicalDisk::eject()
                0x00000000c001b5f2                PhysicalDisk::PhysicalDisk(char const*, int)
                0x00000000c001b5f2                PhysicalDisk::PhysicalDisk(char const*, int)
                0x00000000c001b65a                PhysicalDisk::startCache()
                0x00000000c001b682                PhysicalDisk::~PhysicalDisk()
                0x00000000c001b682                PhysicalDisk::~PhysicalDisk()
                0x00000000c001b6a6                PhysicalDisk::~PhysicalDisk()
 .text          0x00000000c001b6d0        0x0 hal/fpu.32
 .text          0x00000000c001b6d0      0x359 hal/intctrl.32
                0x00000000c001b6d0                int_handler
                0x00000000c001b75a                installISRHandler(int, void (*)(regs*, void*), void*)
                0x00000000c001b7a4                installIRQHandler(int, void (*)(regs*, void*), bool, void*)
                0x00000000c001b8d8                uninstallISRHandler(int, void (*)(regs*, void*))
                0x00000000c001b90c                uninstallIRQHandler(int, void (*)(regs*, void*), bool)
                0x00000000c001b98a                setupINTS()
                0x00000000c001b9e7                convertLegacyIRQNumber(int)
 *fill*         0x00000000c001ba29        0x1 
 .text          0x00000000c001ba2a      0x8b6 hal/keybrd.32
                0x00000000c001ba2a                startGUI(void*)
                0x00000000c001ba94                startGUIVESA(void*)
                0x00000000c001bafe                sendKeyToTerminal(unsigned char)
                0x00000000c001bbd9                sendKeyboardToken(KeyboardToken)
                0x00000000c001c0c3                clearInternalKeybuffer(VgaText*)
                0x00000000c001c0f8                readKeyboard(VgaText*, char*, unsigned long)
                0x00000000c001c256                Keyboard::Keyboard(char const*)
                0x00000000c001c256                Keyboard::Keyboard(char const*)
                0x00000000c001c292                Keyboard::~Keyboard()
                0x00000000c001c292                Keyboard::~Keyboard()
                0x00000000c001c2b6                Keyboard::~Keyboard()
 .text          0x00000000c001c2e0      0x3f8 hal/logidisk.32
                0x00000000c001c2e0                LogicalDisk::close(int, int, void*)
                0x00000000c001c2e4                LogicalDisk::~LogicalDisk()
                0x00000000c001c2e4                LogicalDisk::~LogicalDisk()
                0x00000000c001c308                LogicalDisk::~LogicalDisk()
                0x00000000c001c332                LogicalDisk::open(int, int, void*)
                0x00000000c001c346                LogicalDisk::absoluteToRelative(unsigned long long)
                0x00000000c001c37e                LogicalDisk::relativeToAbsolute(unsigned long long)
                0x00000000c001c3c4                LogicalDisk::LogicalDisk(char const*, PhysicalDisk*, unsigned long long, unsigned long long)
                0x00000000c001c3c4                LogicalDisk::LogicalDisk(char const*, PhysicalDisk*, unsigned long long, unsigned long long)
                0x00000000c001c484                LogicalDisk::assignDriveLetter()
                0x00000000c001c53e                LogicalDisk::mount()
                0x00000000c001c586                LogicalDisk::unmount()
                0x00000000c001c596                LogicalDisk::eject()
                0x00000000c001c5aa                LogicalDisk::unassignDriveLetter()
                0x00000000c001c600                LogicalDisk::read(unsigned long long, int, void*)
                0x00000000c001c66c                LogicalDisk::write(unsigned long long, int, void*)
 .text          0x00000000c001c6d8       0x86 hal/mouse.32
                0x00000000c001c6d8                Mouse::Mouse(char const*)
                0x00000000c001c6d8                Mouse::Mouse(char const*)
                0x00000000c001c710                Mouse::~Mouse()
                0x00000000c001c710                Mouse::~Mouse()
                0x00000000c001c734                Mouse::~Mouse()
 .text          0x00000000c001c75e       0x90 hal/nic.32
                0x00000000c001c75e                NIC::getMAC()
                0x00000000c001c764                NIC::write(int, unsigned char*, int*)
                0x00000000c001c76a                NIC::NIC(char const*)
                0x00000000c001c76a                NIC::NIC(char const*)
                0x00000000c001c7a0                NIC::~NIC()
                0x00000000c001c7a0                NIC::~NIC()
                0x00000000c001c7c4                NIC::~NIC()
 .text          0x00000000c001c7ee      0x33b hal/partition.32
                0x00000000c001c7ee                makePartition(PhysicalDisk*, unsigned long long, unsigned long long)
                0x00000000c001c896                createPartitionsForDisk(PhysicalDisk*)
 *fill*         0x00000000c001cb29        0x3 
 .text          0x00000000c001cb2c       0x86 hal/serial.32
                0x00000000c001cb2c                Serial::Serial(char const*)
                0x00000000c001cb2c                Serial::Serial(char const*)
                0x00000000c001cb64                Serial::~Serial()
                0x00000000c001cb64                Serial::~Serial()
                0x00000000c001cb88                Serial::~Serial()
 *fill*         0x00000000c001cbb2        0x2 
 .text          0x00000000c001cbb4      0x230 hal/timer.32
                0x00000000c001cbb4                Timer::Timer(char const*)
                0x00000000c001cbb4                Timer::Timer(char const*)
                0x00000000c001cbec                Timer::~Timer()
                0x00000000c001cbec                Timer::~Timer()
                0x00000000c001cc10                Timer::~Timer()
                0x00000000c001cc3a                Timer::read()
                0x00000000c001cc45                setupTimer(int)
                0x00000000c001cc80                timerHandler(unsigned int)
 .text          0x00000000c001cde4      0x444 hal/vcache.32
                0x00000000c001cde4                VCache::VCache(PhysicalDisk*)
                0x00000000c001cde4                VCache::VCache(PhysicalDisk*)
                0x00000000c001cf54                VCache::invalidateReadBuffer()
                0x00000000c001cf64                VCache::writeWriteBuffer()
                0x00000000c001cfb0                VCache::~VCache()
                0x00000000c001cfb0                VCache::~VCache()
                0x00000000c001d008                VCache::~VCache()
                0x00000000c001d030                VCache::write(unsigned long long, int, void*)
                0x00000000c001d124                VCache::read(unsigned long long, int, void*)
 .text          0x00000000c001d228      0x70e hal/video.32
                0x00000000c001d228                Video::putrect(int, int, int, int, unsigned int)
                0x00000000c001d274                Video::bitblit(int, int, int, int, int, int, int, unsigned int*)
                0x00000000c001d2e4                Video::blit(unsigned int*, int, int, int, int)
                0x00000000c001d362                Video::clearScreen(unsigned int)
                0x00000000c001d396                Video::putpixel(int, int, unsigned int)
                0x00000000c001d3a4                Video::readPixelApprox(int, int)
                0x00000000c001d3b8                Video::Video(char const*)
                0x00000000c001d3b8                Video::Video(char const*)
                0x00000000c001d3ee                Video::~Video()
                0x00000000c001d3ee                Video::~Video()
                0x00000000c001d412                Video::~Video()
                0x00000000c001d43c                Video::isMonochrome()
                0x00000000c001d448                Video::getWidth()
                0x00000000c001d454                Video::getHeight()
                0x00000000c001d460                Video::drawCursor(int, int, unsigned int*, int)
                0x00000000c001d51c                Video::tgaParse(unsigned char*, int, int*, int*)
                0x00000000c001d8c6                Video::putTGA(int, int, unsigned char*, int)
 *fill*         0x00000000c001d936        0x2 
 .text          0x00000000c001d938     0x1413 hw/acpi.32
                0x00000000c001d938                ACPI::close(int, int, void*)
                0x00000000c001da74                findRSDP()
                0x00000000c001db0c                loadACPITables(unsigned char*)
                0x00000000c001dd78                findRSDT(unsigned char*)
                0x00000000c001ded0                findDataTable(unsigned char*, char*)
                0x00000000c001df50                scanMADT()
                0x00000000c001e408                ACPI::ACPI()
                0x00000000c001e408                ACPI::ACPI()
                0x00000000c001e45c                ACPI::getPCIIRQAssignment(unsigned char, unsigned short, unsigned char)
                0x00000000c001e558                ACPI::registerPCIIRQAssignment(void*, unsigned short, unsigned char, unsigned char)
                0x00000000c001e624                ACPI::setScreenBrightnessLevel(void*, int)
                0x00000000c001e62c                ACPI::detectPCI()
                0x00000000c001e84c                ACPI::writeSimpleBootFlag(SimpleBootFlagTable*)
                0x00000000c001e894                ACPI::sleep()
                0x00000000c001e8b0                ACPI::open(int, int, void*)
 *fill*         0x00000000c001ed4b        0x1 
 .text          0x00000000c001ed4c      0xbc5 hw/cpu.32
                0x00000000c001ed4c                CPU::close(int, int, void*)
                0x00000000c001ed50                CPU::AMD_K6_write_msr(unsigned int, unsigned int, unsigned int, CPU::REGS*)
                0x00000000c001ed6c                CPU::AMD_K6_read_msr(unsigned int, CPU::REGS*)
                0x00000000c001ed84                CPU::AMD_K6_writeback(int, int, int)
                0x00000000c001edf8                CPU::cpuid(int, unsigned long*, unsigned long*, unsigned long*, unsigned long*)
                0x00000000c001ee7c                CPU::cpuidCheckEDX(unsigned int)
                0x00000000c001eeaa                CPU::cpuidCheckECX(unsigned int)
                0x00000000c001eed8                CPU::cpuidCheckExtendedEBX(unsigned int)
                0x00000000c001ef06                CPU::cpuidCheckExtendedECX(unsigned int)
                0x00000000c001ef34                CPU::CPU()
                0x00000000c001ef34                CPU::CPU()
                0x00000000c001efc2                CPU::displayFeatures()
                0x00000000c001efc4                CPU::detectFeatures()
                0x00000000c001f698                CPU::setupSMEP()
                0x00000000c001f6a4                CPU::setupUMIP()
                0x00000000c001f6ae                CPU::setupTSC()
                0x00000000c001f6b8                CPU::setupLargePages()
                0x00000000c001f6c2                CPU::setupPAT()
                0x00000000c001f6fe                CPU::setupMTRR()
                0x00000000c001f700                CPU::setupGlobalPages()
                0x00000000c001f70a                CPU::allowUsermodeDataAccess()
                0x00000000c001f71c                CPU::prohibitUsermodeDataAccess()
                0x00000000c001f72e                CPU::setupSMAP()
                0x00000000c001f73c                CPU::setupFeatures()
                0x00000000c001f808                CPU::open(int, int, void*)
 .text          0x00000000c001f911       0xb6 krnl/atexit.32
                0x00000000c001f911                KeInitialiseAtexit()
                0x00000000c001f930                KeRegisterAtexit(void (*)(void*), void*)
                0x00000000c001f964                KeExecuteAtexit()
 .text          0x00000000c001f9c7       0xdf krnl/bootmsg.32
                0x00000000c001f9c7                KeDisplaySplashScreen()
                0x00000000c001fa43                KeSetBootMessage(char const*)
 *fill*         0x00000000c001faa6        0x2 
 .text          0x00000000c001faa8       0x48 krnl/cdefs.32
                0x00000000c001faa8                CUnlockScheduler
                0x00000000c001fac4                CLockScheduler
                0x00000000c001fad4                CPrintf
 .text          0x00000000c001faf0       0x1d krnl/compat.32
                0x00000000c001faf0                Krnl::handlePowerButton()
                0x00000000c001fb00                Krnl::handleSleepButton()
 .text          0x00000000c001fb0d       0x2b krnl/crc32.32
                0x00000000c001fb0d                KeCalculateCRC32(unsigned char*, int)
 .text          0x00000000c001fb38      0x5bf krnl/env.32
                0x00000000c001fb38                EnvVarContainer::getEnv(char const*)
                0x00000000c001fb76                EnvVarContainer::setEnv(char const*, char const*)
                0x00000000c001fc38                EnvVarContainer::deleteEnv(char const*)
                0x00000000c001fc3a                EnvVarContainer::loadFrom(char const*, char const*)
                0x00000000c001fe5e                EnvVarContainer::__loadSystem()
                0x00000000c001fe78                EnvVarContainer::__loadUser()
                0x00000000c001fe7a                EnvVarContainer::EnvVarContainer(Process*)
                0x00000000c001fe7a                EnvVarContainer::EnvVarContainer(Process*)
                0x00000000c001fe9c                EnvVarContainer::~EnvVarContainer()
                0x00000000c001fe9c                EnvVarContainer::~EnvVarContainer()
                0x00000000c001fecc                KeGetEnv(Process*, char const*)
                0x00000000c001ff31                KeSetEnvSystem(char const*, char const*)
                0x00000000c001ff4b                KeSetEnvUser(char const*, char const*)
                0x00000000c001ff6a                KeSetEnvProcess(Process*, char const*, char const*)
                0x00000000c001ff7d                KeDeleteEnvSystem(char const*)
                0x00000000c001ff7e                KeDeleteEnvUser(char const*)
                0x00000000c001ff7f                KeDeleteEnvProcess(Process*, char const*)
                0x00000000c001ff80                KeNewProcessEnv(Process*)
                0x00000000c001ffa2                KeCopyProcessEnv(Process*, Process*)
                0x00000000c001ffee                KeLoadSystemEnv()
                0x00000000c002001c                KeLoadUserEnv()
                0x00000000c0020042                KeFlushEnv()
                0x00000000c0020043                KeGetProcessTotalEnvCount(Process*)
                0x00000000c0020063                KeGetProcessEnvPair(Process*, int)
 .text          0x00000000c00200f7       0x94 krnl/inlines.32
                0x00000000c00200f7                CPU::current()
                0x00000000c0020103                operator new(unsigned long)
                0x00000000c0020108                operator delete(void*)
                0x00000000c002010d                disableIRQs()
                0x00000000c002010f                enableIRQs()
                0x00000000c0020111                lockScheduler()
                0x00000000c0020119                unlockScheduler()
                0x00000000c0020128                lockStuff()
                0x00000000c0020136                unlockStuff()
                0x00000000c0020170                Virt::getAKernelVAS()
                0x00000000c0020176                __not_memcpy
 *fill*         0x00000000c002018b        0x1 
 .text          0x00000000c002018c       0x1a krnl/mutex.32
                0x00000000c002018c                Mutex::Mutex()
                0x00000000c002018c                Mutex::Mutex()
 .text          0x00000000c00201a6        0xc krnl/panic.32
                0x00000000c00201a6                KePanic(char const*)
 .text          0x00000000c00201b2      0x142 krnl/powctrl.32
                0x00000000c00201b2                KePowerThread(void*)
                0x00000000c00201e0                KeChangePowerSettings(PowerSettings)
                0x00000000c00201f6                KeUserIOReceived()
                0x00000000c0020201                KeHandlePowerButton()
                0x00000000c0020236                KeHandleSleepButton()
                0x00000000c002026b                KeSetupPowerManager()
 .text          0x00000000c00202f4       0x9d krnl/random.32
                0x00000000c00202f4                KeRand()
                0x00000000c0020336                KeSeedRand(unsigned int)
                0x00000000c002035f                KeInitRand()
 *fill*         0x00000000c0020391        0x3 
 .text          0x00000000c0020394      0x1bc krnl/resolve.32
                0x00000000c0020394                KeResolveCompatibilitySymbol(char*)
 .text          0x00000000c0020550      0x415 krnl/semaphore.32
                0x00000000c0020550                Semaphore::Semaphore(int)
                0x00000000c0020550                Semaphore::Semaphore(int)
                0x00000000c0020580                Semaphore::tryAcquire()
                0x00000000c002065c                Semaphore::assertLocked(char const*)
                0x00000000c00206ec                Semaphore::acquire(int)
                0x00000000c0020894                Semaphore::acquire()
                0x00000000c00208b0                Semaphore::release()
 .text          0x00000000c0020965      0x322 krnl/signal.32
                0x00000000c0020965                KiSigKill(int)
                0x00000000c0020979                KiDefaultSignalHandlerIgnore(int)
                0x00000000c002097a                KiDefaultSignalHandlerPause(int)
                0x00000000c00209a6                KiDefaultSignalHandlerResume(int)
                0x00000000c00209d2                KeDeinitSignals(SigHandlerBlock*)
                0x00000000c00209d7                KeInitSignals()
                0x00000000c0020a29                KeRegisterSignalHandler(SigHandlerBlock*, int, void (*)(int), unsigned int, int)
                0x00000000c0020a5f                KeRaiseSignal(SigHandlerBlock*, int)
                0x00000000c0020adc                KeCheckSignal(SigHandlerBlock*, int*)
                0x00000000c0020bd3                KiCheckSignalZ
                0x00000000c0020c15                KeCompleteSignal(SigHandlerBlock*, int)
                0x00000000c0020c50                KiFinishSignalZ
 .text          0x00000000c0020c87      0xe10 krnl/syscalls.32
                0x00000000c0020c87                SysSeekDir(regs*)
                0x00000000c0020c8c                SysTellDir(regs*)
                0x00000000c0020c91                SysVerify(regs*)
                0x00000000c0020c9b                SysGetArgc(regs*)
                0x00000000c0020caf                SysTTYName(regs*)
                0x00000000c0020cb7                SysFormatDisk(regs*)
                0x00000000c0020d2e                SysSetDiskVolumeLabel(regs*)
                0x00000000c0020d82                SysGetDiskVolumeLabel(regs*)
                0x00000000c0020ddb                SysShutdown(regs*)
                0x00000000c0020e39                SysRealpath(regs*)
                0x00000000c0020e7d                SysReadDir(regs*)
                0x00000000c0020efd                SysIsATTY(regs*)
                0x00000000c0020f57                SysSeek(regs*)
                0x00000000c0020fae                SysTell(regs*)
                0x00000000c002101b                SysSize(regs*)
                0x00000000c002108e                SysSizeFromFilename(regs*)
                0x00000000c00211bf                SysSizeFromFilenameNoSymlink(regs*)
                0x00000000c00212f0                SysClose(regs*)
                0x00000000c0021350                SysOpenDir(regs*)
                0x00000000c00213cd                SysMakeDir(regs*)
                0x00000000c002143b                SysCloseDir(regs*)
                0x00000000c002148f                SysWait(regs*)
                0x00000000c00214b0                SysNotImpl(regs*)
                0x00000000c00214cb                SysPanic(regs*)
                0x00000000c00214e6                SysRmdir(regs*)
                0x00000000c002154b                SysUnlink(regs*)
                0x00000000c00215b0                SysGetArgv(regs*)
                0x00000000c00215fd                SysUSleep(regs*)
                0x00000000c0021626                SysSpawn(regs*)
                0x00000000c0021699                SysGetEnv(regs*)
                0x00000000c002174a                SysSetFatAttrib(regs*)
                0x00000000c00217bd                SysPipe(regs*)
                0x00000000c0021802                SysGetUnixTime(regs*)
                0x00000000c0021816                string_ends_with(char const*, char const*)
                0x00000000c002185e                SysOpen(regs*)
                0x00000000c0021a55                KeSystemCall(regs*, void*)
 *fill*         0x00000000c0021a97        0x1 
 .text          0x00000000c0021a98      0x159 net/ethernet.32
                0x00000000c0021a98                KeSwitchEndian16(unsigned short)
                0x00000000c0021abc                KeSwitchEndian32(unsigned int)
                0x00000000c0021aec                EthernetCRC32(unsigned char*, int)
                0x00000000c0021b90                EthernetReceivedPacket(EthernetUnwrappedFrame*, unsigned short)
 *fill*         0x00000000c0021bf1        0x3 
 .text          0x00000000c0021bf4       0xbf net/netosl.32
                0x00000000c0021bf4                KeNetCreateSemaphore
                0x00000000c0021c38                KeNetFreeSemaphore
                0x00000000c0021c54                KeNetSignalSemaphore
                0x00000000c0021c70                KeNetWaitSemaphore
                0x00000000c0021c90                KeNetCreateThread
 .text          0x00000000c0021cb3      0xd56 reg/cm.32
                0x00000000c0021cb3                CmOpen(char const*)
                0x00000000c0021dd1                CmClose(Reghive_Tag*)
                0x00000000c0021de7                CmReadExtent(Reghive_Tag*, int, unsigned char*)
                0x00000000c0021e23                CmGetString(Reghive_Tag*, int, char*)
                0x00000000c0021e9a                CmEnterDirectory(Reghive_Tag*, int)
                0x00000000c0021ed9                CmGetNext(Reghive_Tag*, int)
                0x00000000c0021f0b                CmWriteExtent(Reghive_Tag*, int, unsigned char*)
                0x00000000c0021f47                CmFreeExtent(Reghive_Tag*, int)
                0x00000000c0021f6f                CmUpdateHeader(Reghive_Tag*)
                0x00000000c0021f90                CmExpand(Reghive_Tag*, int)
                0x00000000c002200b                CmFindUnusedExtent(Reghive_Tag*)
                0x00000000c0022091                CmCreateExtent(Reghive_Tag*, int, int, unsigned char*)
                0x00000000c0022185                CmSetString(Reghive_Tag*, int, char const*)
                0x00000000c00222c1                CmGetMatch(char*, char*, bool, bool*)
                0x00000000c0022322                CmAddShift(unsigned int*, int*, unsigned char, int)
                0x00000000c0022352                CmGetShift(unsigned int*, int*, int, bool*)
                0x00000000c0022389                CmGetInteger(Reghive_Tag*, int, unsigned long long*)
                0x00000000c00223b3                CmSetInteger(Reghive_Tag*, int, unsigned long long)
                0x00000000c00223f3                CmConvertFromInternalFilename(unsigned char const*, char*)
                0x00000000c0022497                CmGetNameAndTypeFromExtent(Reghive_Tag*, int, char*)
                0x00000000c00224c5                CmConvertToInternalFilename(char const*, unsigned char*)
                0x00000000c0022663                CmCreateString(Reghive_Tag*, int, char const*)
                0x00000000c00226b0                CmFindInDirectory(Reghive_Tag*, int, char const*)
                0x00000000c002272a                CmCreateInteger(Reghive_Tag*, int, char const*, unsigned long long, int)
                0x00000000c002277d                CmCreateDirectory(Reghive_Tag*, int, char const*)
                0x00000000c0022841                zStrtok(char*, char const*)
                0x00000000c00228b3                CmFindObjectFromPath(Reghive_Tag*, char const*)
                0x00000000c0022934                CmDisplayTree(Reghive_Tag*, int, int)
                0x00000000c00229d7                CmSplitFinalSlashInPlace(char*)
 .text          0x00000000c0022a09      0x52a reg/registry.32
                0x00000000c0022a09                Reg::findLineFromLoadedData(char*, char*, char*)
                0x00000000c0022b7a                Reg::getLineFromRegistry(char*, char*, char*, char*)
                0x00000000c0022ccf                Reg::getLine(char*, char*, char*)
                0x00000000c0022d06                Reg::readInt(char*, char*, int*)
                0x00000000c0022df4                Reg::readString(char*, char*, char*, int)
                0x00000000c0022e75                Reg::readBool(char*, char*, bool*)
                0x00000000c0022e9a                Reg::readBoolWithDefault(char*, char*, bool)
                0x00000000c0022ec6                Reg::readIntWithDefault(char*, char*, int)
                0x00000000c0022ef2                Reg::readStringWithDefault(char*, char*, char*, int, char*)
 .text          0x00000000c0022f33       0x36 sys/eject.32
                0x00000000c0022f33                SysEject(regs*)
 .text          0x00000000c0022f69       0x18 sys/exit.32
                0x00000000c0022f69                SysExit(regs*)
 .text          0x00000000c0022f81       0x1f sys/getcwd.32
                0x00000000c0022f81                SysGetCwd(regs*)
 .text          0x00000000c0022fa0        0xc sys/getpid.32
                0x00000000c0022fa0                SysGetPID(regs*)
 .text          0x00000000c0022fac       0x1a sys/getramdata.32
                0x00000000c0022fac                SysGetRAMData(regs*)
 .text          0x00000000c0022fc6       0x82 sys/getvgaptr.32
                0x00000000c0022fc6                SysGetVGAPtr(regs*)
 .text          0x00000000c0023048       0xb9 sys/kill.32
                0x00000000c0023048                SysKill(regs*)
 .text          0x00000000c0023101       0xa8 sys/loaddll.32
                0x00000000c0023101                SysLoadDLL(regs*)
 .text          0x00000000c00231a9       0x68 sys/read.32
                0x00000000c00231a9                SysRead(regs*)
 .text          0x00000000c0023211       0x29 sys/registersignal.32
                0x00000000c0023211                SysRegisterSignal(regs*)
 .text          0x00000000c002323a      0x19c sys/registry.32
                0x00000000c002323a                SysRegistryGetTypeFromPath(regs*)
                0x00000000c00232b1                SysRegistryReadExtent(regs*)
                0x00000000c00232f9                SysRegistryPathToExtentLookup(regs*)
                0x00000000c0023321                SysRegistryEnterDirectory(regs*)
                0x00000000c0023349                SysRegistryGetNext(regs*)
                0x00000000c0023371                SysRegistryGetNameAndTypeFromExtent(regs*)
                0x00000000c00233ab                SysRegistryOpen(regs*)
                0x00000000c00233bf                SysRegistryClose(regs*)
 .text          0x00000000c00233d6       0x55 sys/sbrk.32
                0x00000000c00233d6                SysSbrk(regs*)
 .text          0x00000000c002342b       0x1c sys/setcwd.32
                0x00000000c002342b                SysSetCwd(regs*)
 .text          0x00000000c0023447       0x96 sys/settime.32
                0x00000000c0023447                SysSetTime(regs*)
 .text          0x00000000c00234dd       0x73 sys/symlink.32
                0x00000000c00234dd                SysSymlink(regs*)
 .text          0x00000000c0023550       0x4a sys/timezone.32
                0x00000000c0023550                SysTimezone(regs*)
 .text          0x00000000c002359a       0xfc sys/truncate.32
                0x00000000c002359a                SysTruncate(regs*)
 .text          0x00000000c0023696       0x68 sys/write.32
                0x00000000c0023696                SysWrite(regs*)
 .text          0x00000000c00236fe       0x62 sys/wsbe.32
                0x00000000c00236fe                SysWsbe(regs*)
 .text          0x00000000c0023760       0x25 sys/yield.32
                0x00000000c0023760                SysYield(regs*)
 .text          0x00000000c0023785     0x1207 thr/elf.32
                0x00000000c0023785                Thr::allocateMemoryForTask(Process*, File*, unsigned long, unsigned long, unsigned long)
                0x00000000c0023a13                Thr::loadProgramIntoMemory(Process*, char const*)
                0x00000000c0023c25                Thr::runtimeReferenceHelper()
                0x00000000c0023c38                Thr::getAddressOfKernelSymbol(char const*)
                0x00000000c0023c87                Thr::loadKernelSymbolTable(char const*)
                0x00000000c0023f45                Thr::loadDriverIntoMemory(char const*, unsigned long, bool)
                0x00000000c002467e                Thr::getDriverBaseFromAddress(unsigned long)
                0x00000000c00246b0                Thr::getDriverNameFromAddress(unsigned long)
                0x00000000c00246e7                Thr::getDriverOffsetFromAddress(unsigned long)
                0x00000000c0024701                Thr::loadDLL(char const*, bool)
                0x00000000c0024953                Thr::executeDLL(unsigned long, void*)
 .text          0x00000000c002498c     0x1131 thr/prcssthr.32
                0x00000000c002498c                userModeEntryPoint(void*)
                0x00000000c00249b4                changeTSS
                0x00000000c00249e4                switchToThread(ThreadControlBlock*)
                0x00000000c0024a94                Process::addArgs(char**)
                0x00000000c0024b00                Process::Process(char const*, Process*, char**)
                0x00000000c0024b00                Process::Process(char const*, Process*, char**)
                0x00000000c0024d0c                Process::Process(bool, char const*, Process*, char**)
                0x00000000c0024d0c                Process::Process(bool, char const*, Process*, char**)
                0x00000000c0024ee0                taskStartupFunction
                0x00000000c0024eec                KeDisablePreemption()
                0x00000000c0024f14                KeRestorePreemption()
                0x00000000c0024f34                Process::createThread(void (*)(void*), void*, int)
                0x00000000c0025040                Process::createUserThread()
                0x00000000c0025060                setupMultitasking(void (*)())
                0x00000000c0025184                schedule()
                0x00000000c0025218                blockTaskWithSchedulerLockAlreadyHeld(TaskState)
                0x00000000c0025240                blockTask(TaskState)
                0x00000000c0025278                waitTask(int, int*, int)
                0x00000000c00252bc                milliTenthSleepUntil(unsigned int)
                0x00000000c002535c                milliTenthSleep(unsigned int)
                0x00000000c0025370                sleep(unsigned int)
                0x00000000c002538c                taskReturned
                0x00000000c00253d0                Thr::processFromPID(int)
                0x00000000c002547c                unblockTask(ThreadControlBlock*)
                0x00000000c0025528                cleanupTerminatedTask(ThreadControlBlock*)
                0x00000000c00257fc                cleanerTaskFunction(void*)
                0x00000000c0025904                terminateTask(int)
                0x00000000c00259f0                Thr::terminateFromIRQ(int)
 .text          0x00000000c0025abd      0xc27 vm86/vm8086.32
                0x00000000c0025abd                Vm::inbv(unsigned short)
                0x00000000c0025ad0                Vm::outbv(unsigned short, unsigned char)
                0x00000000c0025b06                Vm::realToLinear(unsigned short, unsigned short)
                0x00000000c0025b16                Vm::getSegment(unsigned int)
                0x00000000c0025b1e                Vm::getOffset(unsigned int)
                0x00000000c0025b23                Vm::mainloop2()
                0x00000000c0025b5d                Vm::mainVm8086Loop(void*)
                0x00000000c0025b6d                Vm::mainloop3(unsigned long)
                0x00000000c0025b93                Vm::initialise8086()
                0x00000000c0025bd6                Vm::finish8086()
                0x00000000c0025c37                Vm::getOutput8086(unsigned char*)
                0x00000000c0025c5c                Vm::start8086FromBuffer(unsigned char*, int, unsigned short, unsigned short, unsigned short, unsigned short)
                0x00000000c0025d15                Vm::start8086(char const*, unsigned short, unsigned short, unsigned short, unsigned short)
                0x00000000c0025eb3                Vm::doISR(regs*, int, unsigned char*, unsigned short, unsigned short)
                0x00000000c0025f4c                Vm::readByteFromReal(unsigned short, unsigned short)
                0x00000000c0025f5d                Vm::readWordFromReal(unsigned short, unsigned short)
                0x00000000c0025f6f                Vm::readDwordFromReal(unsigned short, unsigned short)
                0x00000000c0025f80                Vm::writeByteFromReal(unsigned short, unsigned short, unsigned char)
                0x00000000c0025f95                Vm::writeWordFromReal(unsigned short, unsigned short, unsigned short)
                0x00000000c0025fab                Vm::writeDwordFromReal(unsigned short, unsigned short, unsigned int)
                0x00000000c0025fc0                Vm::faultHandler(regs*)
 .text          0x00000000c00266e4      0xaf0 arch/i386/hal.32
                0x00000000c00266e4                noCopro(unsigned long)
                0x00000000c00266e5                nmiHandler(regs*, void*)
                0x00000000c00266fe                doubleFault(regs*, void*)
                0x00000000c0026717                displayDebugInfo(regs*)
                0x00000000c0026a9c                HalSystemIdle()
                0x00000000c0026b18                displayProgramFault(char const*)
                0x00000000c0026b64                gpFault(regs*, void*)
                0x00000000c0026bcb                pgFault(regs*, void*)
                0x00000000c0026c54                otherISRHandler(regs*, void*)
                0x00000000c0026c88                opcodeFault(regs*, void*)
                0x00000000c0026d0b                i386SaveCoprocessor(void*)
                0x00000000c0026d1f                i386LoadCoprocessor(void*)
                0x00000000c0026d33                x87EmulHandler(regs*, void*)
                0x00000000c0026dd0                HalInitialiseCoprocessor()
                0x00000000c0026e7e                HalPanic(char const*)
                0x00000000c0026f92                HalQueryPerformanceCounter()
                0x00000000c0026fad                HalInitialise()
                0x00000000c0027163                HalMakeBeep(int)
                0x00000000c002719d                HalGetRand()
                0x00000000c00271a0                HalEndOfInterrupt(int)
                0x00000000c00271d1                HalRestart()
                0x00000000c00271d2                HalShutdown()
                0x00000000c00271d3                HalSleep()
 .text          0x00000000c00271d4      0x2dc arch/i386/pic.32
                0x00000000c00271d4                picIoWait()
                0x00000000c00271dc                picDisable()
                0x00000000c0027210                picGetIRQReg(int)
                0x00000000c002728c                picOpen()
                0x00000000c0027410                picEOI(int)
 .text          0x00000000c00274b0      0x674 arch/i386/rtc.32
                0x00000000c00274b0                RTC::open(int, int, void*)
                0x00000000c00274b4                RTC::close(int, int, void*)
                0x00000000c00274b8                RTC::timeInSecondsUTC()
                0x00000000c00274ca                RTC::timeInDatetimeUTC()
                0x00000000c00274f0                RTC::setTimeInSecondsUTC(unsigned long long)
                0x00000000c002752e                RTC::~RTC()
                0x00000000c002752e                RTC::~RTC()
                0x00000000c0027552                RTC::~RTC()
                0x00000000c002757c                RTC::get_update_in_progress_flag()
                0x00000000c0027596                RTC::completeRTCRefresh()
                0x00000000c0027876                RTC::setTimeInDatetimeUTC(datetime_t)
                0x00000000c0027a24                rtcIRQHandler(regs*, void*)
                0x00000000c0027a6a                RTC::RTC()
                0x00000000c0027a6a                RTC::RTC()
 .text          0x00000000c0027b24      0x1f4 arch/i386/vga.32
                0x00000000c0027b24                HalConsoleScroll(int, int)
                0x00000000c0027c2c                HalConsoleWriteCharacter(char, int, int, int, int)
                0x00000000c0027c90                HalConsoleCursorUpdate(int, int)
 .text          0x00000000c0027d18     0x14cf fs/fat/vfslink.32
                0x00000000c0027d18                FAT::getName()
                0x00000000c0027d20                FAT::tell(void*, unsigned long long*)
                0x00000000c0027d5c                FAT::stat(void*, unsigned long long*)
                0x00000000c0027d98                FAT::~FAT()
                0x00000000c0027d98                FAT::~FAT()
                0x00000000c0027dbc                FAT::~FAT()
                0x00000000c0027de4                FAT::getlabel(LogicalDisk*, int, char*, unsigned int*)
                0x00000000c0027e88                FAT::setlabel(LogicalDisk*, int, char*)
                0x00000000c0027f4c                FAT::format(LogicalDisk*, int, char const*, int)
                0x00000000c0028130                FAT::tryMount(LogicalDisk*, int)
                0x00000000c002834c                FAT::allocateSwapfile(char const*, int)
                0x00000000c002850c                FAT::readDir(void*, unsigned long, void*, int*)
                0x00000000c002867c                FAT::read(void*, unsigned long, void*, int*)
                0x00000000c00286dc                FAT::write(void*, unsigned long, void*, int*)
                0x00000000c002873c                FAT::close(void*)
                0x00000000c0028790                FAT::closeDir(void*)
                0x00000000c00287e4                FAT::truncate(void*, unsigned long long)
                0x00000000c0028850                FAT::seek(void*, unsigned long long)
                0x00000000c00288a8                fatWrapperReadDisk
                0x00000000c00288e8                fatWrapperWriteDisk
                0x00000000c0028928                fatWrapperIoctl
                0x00000000c0028a44                FAT::FAT()
                0x00000000c0028a44                FAT::FAT()
                0x00000000c0028a9c                FAT::fixFilepath(char*)
                0x00000000c0028adc                FAT::open(char const*, void**, FileOpenMode)
                0x00000000c0028c50                FAT::openDir(char const*, void**)
                0x00000000c0028d00                FAT::stat(char const*, unsigned long long*, bool*)
                0x00000000c0028df8                FAT::unlink(char const*)
                0x00000000c0028e78                FAT::chfatattr(char const*, unsigned char, unsigned char)
                0x00000000c002902c                FAT::rename(char const*, char const*)
                0x00000000c00290f8                FAT::mkdir(char const*)
                0x00000000c0029178                FAT::exists(char const*)
 *fill*         0x00000000c00291e7        0x1 
 .text          0x00000000c00291e8       0x94 fs/iso9660/helper.32
                0x00000000c00291e8                isoReadDiscSectorHelper
                0x00000000c0029244                iso_kprintf
                0x00000000c0029260                iso_kprintfd
 .text          0x00000000c002927c      0x71c fs/iso9660/vfslink.32
                0x00000000c002927c                ISO9660::format(LogicalDisk*, int, char const*, int)
                0x00000000c0029282                ISO9660::truncate(void*, unsigned long long)
                0x00000000c0029288                ISO9660::getName()
                0x00000000c002928e                ISO9660::closeDir(void*)
                0x00000000c0029298                ISO9660::chfatattr(char const*, unsigned char, unsigned char)
                0x00000000c002929e                ISO9660::unlink(char const*)
                0x00000000c00292a4                ISO9660::write(void*, unsigned long, void*, int*)
                0x00000000c00292aa                ISO9660::rename(char const*, char const*)
                0x00000000c00292b0                ISO9660::mkdir(char const*)
                0x00000000c00292b6                ISO9660::~ISO9660()
                0x00000000c00292b6                ISO9660::~ISO9660()
                0x00000000c00292da                ISO9660::~ISO9660()
                0x00000000c0029302                ISO9660::exists(char const*)
                0x00000000c0029316                ISO9660::open(char const*, void**, FileOpenMode)
                0x00000000c00293fc                ISO9660::read(void*, unsigned long, void*, int*)
                0x00000000c0029444                ISO9660::seek(void*, unsigned long long)
                0x00000000c0029486                ISO9660::tell(void*, unsigned long long*)
                0x00000000c00294c4                ISO9660::stat(void*, unsigned long long*)
                0x00000000c0029516                ISO9660::stat(char const*, unsigned long long*, bool*)
                0x00000000c0029658                ISO9660::close(void*)
                0x00000000c0029688                ISO9660::openDir(char const*, void**)
                0x00000000c0029762                ISO9660::readDir(void*, unsigned long, void*, int*)
                0x00000000c002987f                readSectorFromCDROM(unsigned int, unsigned char*, char)
                0x00000000c00298fe                ISO9660::tryMount(LogicalDisk*, int)
                0x00000000c0029970                ISO9660::ISO9660()
                0x00000000c0029970                ISO9660::ISO9660()
 .text          0x00000000c0029998      0x26c hal/sound/sndcard.32
                0x00000000c0029998                SoundCard::beginPlayback()
                0x00000000c00299a6                SoundCard::stopPlayback()