Archive member included to satisfy reference by file (symbol)

/cygdrive/d/Users/Alex/Desktop/Toolchain/Output/bin/../lib/gcc/i386-banana/8.1.0/libgcc.a(_divdi3.o)
                              fs/fat/ff.32 (__divdi3)
/cygdrive/d/Users/Alex/Desktop/Toolchain/Output/bin/../lib/gcc/i386-banana/8.1.0/libgcc.a(_moddi3.o)
                              acpica/osl.32 (__moddi3)
/cygdrive/d/Users/Alex/Desktop/Toolchain/Output/bin/../lib/gcc/i386-banana/8.1.0/libgcc.a(_udivdi3.o)
                              acpica/utmath.32 (__udivdi3)
/cygdrive/d/Users/Alex/Desktop/Toolchain/Output/bin/../lib/gcc/i386-banana/8.1.0/libgcc.a(_umoddi3.o)
                              acpica/utmath.32 (__umoddi3)
D:/Users/Alex/Desktop/Banana/kernel/libk/libm32.a(s_fabs.c.o)
                              hal/libresample/samplerate.32 (fabs)
D:/Users/Alex/Desktop/Banana/kernel/libk/libm32.a(s_lrint.S.o)
                              hal/libresample/samplerate.32 (lrint)
D:/Users/Alex/Desktop/Banana/kernel/libk/libm32.a(s_lrintf.S.o)
                              hal/sound/sndhw.32 (lrintf)

Allocating common symbols
Common symbol       size              file

AcpiGbl_StateCache  0x4               acpica/utglobal.32
AcpiGbl_OwnerIdMask
                    0x200             acpica/utglobal.32
AcpiGbl_StepToNextCall
                    0x1               acpica/utglobal.32
AcpiGbl_RootTableList
                    0x10              acpica/utglobal.32
AcpiGbl_FadtGpeDevice
                    0x4               acpica/utglobal.32
AcpiGbl_GpeXruptListHead
                    0x4               acpica/utglobal.32
AcpiGbl_GlobalLockHandle
                    0x2               acpica/utglobal.32
AcpiGbl_RootNodeStruct
                    0x1c              acpica/utglobal.32
AcpiGbl_FACS        0x4               acpica/utglobal.32
AcpiGbl_AllGpesInitialized
                    0x1               acpica/utglobal.32
AcpiGbl_GlobalLockMutex
                    0x4               acpica/utglobal.32
AcpiGbl_IntegerByteWidth
                    0x1               acpica/utglobal.32
AcpiGbl_Pm1EnableRegisterSave
                    0x2               acpica/utglobal.32
AcpiGbl_NsLookupCount
                    0x4               acpica/utglobal.32
AcpiCurrentGpeCount
                    0x4               acpica/utglobal.32
AcpiGbl_IntegerBitWidth
                    0x1               acpica/utglobal.32
AcpiGbl_NamespaceCache
                    0x4               acpica/utglobal.32
AcpiGbl_TableHandler
                    0x4               acpica/utglobal.32
AcpiGbl_HardwareLock
                    0x4               acpica/utglobal.32
AcpiGbl_FixedEventHandlers
                    0x28              acpica/utglobal.32
AcpiSciCount        0x4               acpica/utglobal.32
AcpiGbl_DSDT        0x4               acpica/utglobal.32
AcpiGbl_GlobalNotify
                    0x10              acpica/utglobal.32
AcpiGbl_GlobalLockSemaphore
                    0x4               acpica/utglobal.32
AcpiGbl_SystemAwakeAndRunning
                    0x1               acpica/utglobal.32
AcpiGbl_InterfaceHandler
                    0x4               acpica/utglobal.32
AcpiGbl_EventsInitialized
                    0x1               acpica/utglobal.32
AcpiGbl_SupportedInterfaces
                    0x4               acpica/utglobal.32
AcpiGbl_GpeLock     0x4               acpica/utglobal.32
AcpiGbl_SleepTypeB  0x1               acpica/utglobal.32
AcpiGbl_InitHandler
                    0x4               acpica/utglobal.32
AcpiGbl_GlobalLockAcquired
                    0x1               acpica/utglobal.32
AcpiGbl_XPm1bEnable
                    0xc               acpica/utglobal.32
AcpiGbl_OriginalDsdtHeader
                    0x24              acpica/utglobal.32
AcpiGbl_ReferenceCountLock
                    0x4               acpica/utglobal.32
AcpiGpeCount        0x4               acpica/utglobal.32
AcpiGbl_TableHandlerContext
                    0x4               acpica/utglobal.32
AcpiGbl_XPm1aStatus
                    0xc               acpica/utglobal.32
AcpiGbl_OriginalMode
                    0x4               acpica/utglobal.32
AcpiGbl_CmSingleStep
                    0x1               acpica/utglobal.32
AcpiGbl_GlobalEventHandlerContext
                    0x4               acpica/utglobal.32
AcpiGbl_PsFindCount
                    0x4               acpica/utglobal.32
AcpiFixedEventCount
                    0x14              acpica/utglobal.32
AcpiGbl_AcpiHardwarePresent
                    0x1               acpica/utglobal.32
AcpiGbl_MutexInfo   0x60              acpica/utglobal.32
AcpiGbl_RootNode    0x4               acpica/utglobal.32
AcpiGbl_AddressRangeList
                    0x8               acpica/utglobal.32
AcpiGbl_FADT        0x114             acpica/utglobal.32
AcpiGbl_IntegerNybbleWidth
                    0x1               acpica/utglobal.32
AcpiGbl_XPm1aEnable
                    0xc               acpica/utglobal.32
AcpiGbl_OperandCache
[...]
Memory Configuration

Name             Origin             Length             Attributes
*default*        0x0000000000000000 0xffffffffffffffff

Linker script and memory map

LOAD D:/Users/Alex/Desktop/Banana/kernel/boot.32
LOAD crti.32
LOAD /cygdrive/d/Users/Alex/Desktop/Toolchain/Output/bin/../lib/gcc/i386-banana/8.1.0/crtbegin.o
LOAD D:/Users/Alex/Desktop/Banana/kernel/morenasm.32
LOAD acpica/dsargs.32
LOAD acpica/dscontrol.32
LOAD acpica/dsdebug.32
LOAD acpica/dsfield.32
LOAD acpica/dsinit.32
LOAD acpica/dsmethod.32
LOAD acpica/dsmthdat.32
LOAD acpica/dsobject.32
LOAD acpica/dsopcode.32
LOAD acpica/dspkginit.32
LOAD acpica/dsutils.32
LOAD acpica/dswexec.32
LOAD acpica/dswload.32
LOAD acpica/dswload2.32
LOAD acpica/dswscope.32
LOAD acpica/dswstate.32
LOAD acpica/evevent.32
LOAD acpica/evglock.32
LOAD acpica/evgpe.32
LOAD acpica/evgpeblk.32
LOAD acpica/evgpeinit.32
LOAD acpica/evgpeutil.32
LOAD acpica/evhandler.32
LOAD acpica/evmisc.32
LOAD acpica/evregion.32
LOAD acpica/evrgnini.32
LOAD acpica/evsci.32
LOAD acpica/evxface.32
LOAD acpica/evxfevnt.32
LOAD acpica/evxfgpe.32
LOAD acpica/evxfregn.32
LOAD acpica/exconcat.32
LOAD acpica/exconfig.32
LOAD acpica/exconvrt.32
LOAD acpica/excreate.32
LOAD acpica/exdebug.32
LOAD acpica/exdump.32
LOAD acpica/exfield.32
LOAD acpica/exfldio.32
LOAD acpica/exmisc.32
LOAD acpica/exmutex.32
LOAD acpica/exnames.32
LOAD acpica/exoparg1.32
LOAD acpica/exoparg2.32
LOAD acpica/exoparg3.32
LOAD acpica/exoparg6.32
LOAD acpica/exprep.32
LOAD acpica/exregion.32
LOAD acpica/exresnte.32
LOAD acpica/exresolv.32
LOAD acpica/exresop.32
LOAD acpica/exserial.32
LOAD acpica/exstore.32
LOAD acpica/exstoren.32
LOAD acpica/exstorob.32
LOAD acpica/exsystem.32
LOAD acpica/extrace.32
LOAD acpica/exutils.32
LOAD acpica/hwacpi.32
LOAD acpica/hwesleep.32
LOAD acpica/hwgpe.32
LOAD acpica/hwpci.32
LOAD acpica/hwregs.32
LOAD acpica/hwsleep.32
LOAD acpica/hwtimer.32
LOAD acpica/hwvalid.32
LOAD acpica/hwxface.32
LOAD acpica/hwxfsleep.32
LOAD acpica/nsaccess.32
LOAD acpica/nsalloc.32
LOAD acpica/nsarguments.32
LOAD acpica/nsconvert.32
LOAD acpica/nsdump.32
LOAD acpica/nsdumpdv.32
LOAD acpica/nseval.32
LOAD acpica/nsinit.32
LOAD acpica/nsload.32
LOAD acpica/nsnames.32
LOAD acpica/nsobject.32
LOAD acpica/nsparse.32
LOAD acpica/nspredef.32
LOAD acpica/nsprepkg.32
LOAD acpica/nsrepair.32
LOAD acpica/nsrepair2.32
LOAD acpica/nssearch.32
LOAD acpica/nsutils.32
LOAD acpica/nswalk.32
LOAD acpica/nsxfeval.32
LOAD acpica/nsxfname.32
LOAD acpica/nsxfobj.32
LOAD acpica/psargs.32
LOAD acpica/psloop.32
LOAD acpica/psobject.32
LOAD acpica/psopcode.32
LOAD acpica/psopinfo.32
LOAD acpica/psparse.32
LOAD acpica/psscope.32
LOAD acpica/pstree.32
LOAD acpica/psutils.32
LOAD acpica/pswalk.32
LOAD acpica/psxface.32
LOAD acpica/rsaddr.32
LOAD acpica/rscalc.32
LOAD acpica/rscreate.32
LOAD acpica/rsdump.32
LOAD acpica/rsdumpinfo.32
LOAD acpica/rsinfo.32
LOAD acpica/rsio.32
LOAD acpica/rsirq.32
LOAD acpica/rslist.32
LOAD acpica/rsmemory.32
LOAD acpica/rsmisc.32
LOAD acpica/rsserial.32
LOAD acpica/rsutils.32
LOAD acpica/rsxface.32
LOAD acpica/tbdata.32
LOAD acpica/tbfadt.32
LOAD acpica/tbfind.32
LOAD acpica/tbinstal.32
LOAD acpica/tbprint.32
LOAD acpica/tbutils.32
LOAD acpica/tbxface.32
LOAD acpica/tbxfload.32
LOAD acpica/tbxfroot.32
LOAD acpica/utaddress.32
LOAD acpica/utalloc.32
LOAD acpica/utascii.32
LOAD acpica/utbuffer.32
LOAD acpica/utcache.32
LOAD acpica/utclib.32
LOAD acpica/utcopy.32
LOAD acpica/utdebug.32
LOAD acpica/utdecode.32
LOAD acpica/utdelete.32
LOAD acpica/uterror.32
LOAD acpica/uteval.32
LOAD acpica/utexcep.32
LOAD acpica/utglobal.32
LOAD acpica/uthex.32
LOAD acpica/utids.32
LOAD acpica/utinit.32
LOAD acpica/utlock.32
LOAD acpica/utmath.32
LOAD acpica/utmisc.32
LOAD acpica/utmutex.32
LOAD acpica/utnonansi.32
LOAD acpica/utobject.32
LOAD acpica/utosi.32
LOAD acpica/utownerid.32
LOAD acpica/utpredef.32
LOAD acpica/utprint.32
LOAD acpica/utresdecode.32
LOAD acpica/utresrc.32
LOAD acpica/utstate.32
LOAD acpica/utstring.32
LOAD acpica/utstrsuppt.32
LOAD acpica/utstrtoul64.32
LOAD acpica/uttrack.32
LOAD acpica/utuuid.32
LOAD acpica/utxface.32
LOAD acpica/utxferror.32
LOAD acpica/utxfinit.32
LOAD acpica/utxfmutex.32
LOAD core/malloc.32
LOAD libk/string.32
LOAD fs/fat/diskio.32
LOAD fs/fat/ff.32
LOAD fs/fat/ffsystem.32
LOAD fs/fat/ffunicode.32
LOAD hal/libresample/samplerate.32
LOAD hal/libresample/src_linear.32
LOAD hal/libresample/src_sinc.32
LOAD hal/libresample/src_zoh.32
LOAD acpica/osl.32
LOAD core/computer.32
LOAD core/elf.32
LOAD core/gdt.32
LOAD core/idle.32
LOAD core/idt.32
LOAD core/kconsole.32
LOAD core/kheap.32
LOAD core/main.32
LOAD core/physmgr.32
LOAD core/pipe.32
LOAD core/prcssthr.32
LOAD core/syscalls.32
LOAD core/terminal.32
LOAD core/tss.32
LOAD core/unixfile.32
LOAD core/virtmgr.32
LOAD coreobjs/c++.32
LOAD debugger/debug.32
LOAD fs/vfs.32
LOAD hal/bus.32
LOAD hal/buzzer.32
LOAD hal/clock.32
LOAD hal/device.32
LOAD hal/diskctrl.32
LOAD hal/diskphys.32
LOAD hal/fpu.32
LOAD hal/intctrl.32
LOAD hal/keybrd.32
LOAD hal/logidisk.32
LOAD hal/partition.32
LOAD hal/timer.32
LOAD hal/vcache.32
LOAD hw/acpi.32
LOAD hw/cpu.32
LOAD hw/ports.32
LOAD registry/registry.32
LOAD syscalls/sc_exit.32
LOAD syscalls/sc_sbrk.32
LOAD syscalls/sc_yield.32
LOAD vm86/vm8086.32
LOAD fs/fat/vfslink.32
LOAD fs/iso9660/vfslink.32
LOAD hal/sound/sndchannel.32
LOAD hal/sound/sndhw.32
LOAD hw/audio/sb16.32
LOAD hw/bus/isa.32
LOAD hw/bus/pci.32
LOAD hw/bus/ps2.32
LOAD hw/bus/ps2port.32
LOAD hw/buzzer/pcspk.32
LOAD hw/clock/rtc.32
LOAD hw/diskctrl/ide.32
LOAD hw/diskphys/ata.32
LOAD hw/diskphys/atapi.32
LOAD hw/dma/isadma.32
LOAD hw/fpu/avx.32
LOAD hw/fpu/mmx.32
LOAD hw/fpu/sse.32
LOAD hw/fpu/x87.32
LOAD hw/intctrl/apic.32
LOAD hw/intctrl/pic.32
LOAD hw/keybrd/ps2key.32
LOAD hw/timer/apictimer.32
LOAD hw/timer/pit.32
LOAD hw/fpu/x86/avx.32
LOAD hw/fpu/x86/sse.32
LOAD hw/fpu/x86/x87.32
LOAD /cygdrive/d/Users/Alex/Desktop/Toolchain/Output/bin/../lib/gcc/i386-banana/8.1.0/crtend.o
LOAD crtn.32
LOAD /cygdrive/d/Users/Alex/Desktop/Toolchain/Output/bin/../lib/gcc/i386-banana/8.1.0/libgcc.a
LOAD D:/Users/Alex/Desktop/Banana/kernel/libk/libm32.a
                0x00000000c0000000                . = 0xc0000000

.text           0x00000000c0000000    0x54648
 *(.text)
 .text          0x00000000c0000000       0x39 D:/Users/Alex/Desktop/Banana/kernel/boot.32
                0x00000000c000001e                callGlobalConstructors
 .text          0x00000000c0000039        0x0 crti.32
 *fill*         0x00000000c0000039        0x3 
 .text          0x00000000c000003c      0x101 /cygdrive/d/Users/Alex/Desktop/Toolchain/Output/bin/../lib/gcc/i386-banana/8.1.0/crtbegin.o
 *fill*         0x00000000c000013d        0x3 
 .text          0x00000000c0000140      0x443 D:/Users/Alex/Desktop/Banana/kernel/morenasm.32
                0x00000000c0000140                doTPAUSE
                0x00000000c000014a                hasLegacyFPU
                0x00000000c000016f                is486
                0x00000000c00001d2                goToVM86
                0x00000000c0000203                goToUsermode
                0x00000000c000022e                switchToThreadASMFirstTime
                0x00000000c000023c                switchToThreadASM
                0x00000000c00002d4                detectCPUID
                0x00000000c00002ea                asmQuickAcquireLock
                0x00000000c0000308                asmQuickReleaseLock
                0x00000000c0000314                asmAcquireLock
                0x00000000c0000335                asmReleaseLock
                0x00000000c0000348                loadGDT
                0x00000000c0000368                isr0
                0x00000000c0000378                isr1
                0x00000000c0000382                isr2
                0x00000000c000038c                isr3
                0x00000000c0000396                isr4
                0x00000000c00003a0                isr5
                0x00000000c00003aa                isr6
                0x00000000c00003b4                isr7
                0x00000000c00003be                isr8
                0x00000000c00003c6                isr9
                0x00000000c00003d0                isr10
                0x00000000c00003d8                isr11
                0x00000000c00003e0                isr12
                0x00000000c00003e8                isr13
                0x00000000c00003f0                isr14
                0x00000000c00003f8                isr15
                0x00000000c0000402                isr16
                0x00000000c000040c                isr17
                0x00000000c0000416                isr18
                0x00000000c0000420                isr96
                0x00000000c000042a                irq0
                0x00000000c0000434                irq1
                0x00000000c000043e                irq2
                0x00000000c0000448                irq3
                0x00000000c0000452                irq4
                0x00000000c000045c                irq5
                0x00000000c0000466                irq6
                0x00000000c0000470                irq7
                0x00000000c000047a                irq8
                0x00000000c0000484                irq9
                0x00000000c000048e                irq10
                0x00000000c0000498                irq11
                0x00000000c00004a2                irq12
                0x00000000c00004ac                irq13
                0x00000000c00004b6                irq14
                0x00000000c00004c0                irq15
                0x00000000c00004ca                irq16
                0x00000000c00004d4                irq17
                0x00000000c00004de                irq18
                0x00000000c00004e8                irq19
                0x00000000c00004f2                irq20
                0x00000000c00004fc                irq21
                0x00000000c0000506                irq22
                0x00000000c0000510                irq23
                0x00000000c000051a                int_common_stub
                0x00000000c000054a                syscall_common_stub
 .text          0x00000000c0000583      0x434 acpica/dsargs.32
                0x00000000c000073e                AcpiDsGetBufferFieldArguments
                0x00000000c00007a5                AcpiDsGetBankFieldArguments
                0x00000000c000080c                AcpiDsGetBufferArguments
                0x00000000c0000885                AcpiDsGetPackageArguments
                0x00000000c00008fe                AcpiDsGetRegionArguments
 .text          0x00000000c00009b7      0x4c9 acpica/dscontrol.32
                0x00000000c00009b9                AcpiDsExecBeginControlOp
                0x00000000c0000af5                AcpiDsExecEndControlOp
 .text          0x00000000c0000e80        0x2 acpica/dsdebug.32
                0x00000000c0000e80                AcpiDsDumpMethodStack
 .text          0x00000000c0000e82      0xae5 acpica/dsfield.32
                0x00000000c0000e82                AcpiDsCreateBufferField
                0x00000000c00013e1                AcpiDsCreateField
                0x00000000c0001506                AcpiDsInitFieldObjects
                0x00000000c00016c7                AcpiDsCreateBankField
                0x00000000c0001823                AcpiDsCreateIndexField
 .text          0x00000000c0001967      0x25b acpica/dsinit.32
                0x00000000c0001afd                AcpiDsInitializeObjects
 .text          0x00000000c0001bc2      0xa8f acpica/dsmethod.32
                0x00000000c0001c0e                AcpiDsAutoSerializeMethod
                0x00000000c0001d34                AcpiDsMethodError
                0x00000000c0001eb3                AcpiDsBeginMethodExecution
                0x00000000c000216c                AcpiDsRestartControlMethod
                0x00000000c000221b                AcpiDsTerminateControlMethod
                0x00000000c000241c                AcpiDsCallControlMethod
 .text          0x00000000c0002651      0x7e9 acpica/dsmthdat.32
                0x00000000c0002651                AcpiDsMethodDataInit
                0x00000000c0002856                AcpiDsMethodDataDeleteAll
                0x00000000c000292e                AcpiDsMethodDataGetNode
                0x00000000c0002a82                AcpiDsMethodDataInitArgs
                0x00000000c0002b07                AcpiDsMethodDataGetValue
                0x00000000c0002cba                AcpiDsStoreObjectToLocal
 .text          0x00000000c0002e3a      0x7d5 acpica/dsobject.32
                0x00000000c0002e3a                AcpiDsBuildInternalBufferObj
                0x00000000c0002fc2                AcpiDsInitObjectFromOp
                0x00000000c000339c                AcpiDsBuildInternalObject
                0x00000000c0003567                AcpiDsCreateNode
 .text          0x00000000c000360f      0xb96 acpica/dsopcode.32
                0x00000000c000360f                AcpiDsInitializeRegion
                0x00000000c0003966                AcpiDsEvalBufferFieldOperands
                0x00000000c0003af5                AcpiDsEvalRegionOperands
                0x00000000c0003cc6                AcpiDsEvalTableRegionOperands
                0x00000000c0003eaa                AcpiDsEvalDataObjectOperands
                0x00000000c0004088                AcpiDsEvalBankFieldOperands
 .text          0x00000000c00041a5      0x62a acpica/dspkginit.32
                0x00000000c00043a3                AcpiDsInitPackageElement
                0x00000000c000441b                AcpiDsBuildInternalPackageObj
 .text          0x00000000c00047cf      0xa2a acpica/dsutils.32
                0x00000000c00047d1                AcpiDsClearImplicitReturn
                0x00000000c0004816                AcpiDsDoImplicitReturn
                0x00000000c0004890                AcpiDsIsResultUsed
                0x00000000c0004a3d                AcpiDsDeleteResultIfNotUsed
                0x00000000c0004abd                AcpiDsResolveOperands
                0x00000000c0004b23                AcpiDsClearOperands
                0x00000000c0004b7f                AcpiDsCreateOperand
                0x00000000c0004f2c                AcpiDsCreateOperands
                0x00000000c0005040                AcpiDsEvaluateNamePath
 .text          0x00000000c00051f9      0xb82 acpica/dswexec.32
                0x00000000c0005201                AcpiDsGetPredicateValue
                0x00000000c0005448                AcpiDsExecBeginOp
                0x00000000c0005681                AcpiDsExecEndOp
 .text          0x00000000c0005d7b      0x795 acpica/dswload.32
                0x00000000c0005d7b                AcpiDsLoad1BeginOp
                0x00000000c0006133                AcpiDsLoad1EndOp
                0x00000000c0006430                AcpiDsInitCallbacks
 .text          0x00000000c0006510      0x9c9 acpica/dswload2.32
                0x00000000c0006510                AcpiDsLoad2BeginOp
                0x00000000c00069de                AcpiDsLoad2EndOp
 .text          0x00000000c0006ed9      0x17c acpica/dswscope.32
                0x00000000c0006ed9                AcpiDsScopeStackClear
                0x00000000c0006f1e                AcpiDsScopeStackPush
                0x00000000c0006ff4                AcpiDsScopeStackPop
 .text          0x00000000c0007055      0x9c3 acpica/dswstate.32
                0x00000000c00070ee                AcpiDsResultPush
                0x00000000c00072de                AcpiDsResultPop
                0x00000000c0007427                AcpiDsObjStackPush
                0x00000000c00074b0                AcpiDsObjStackPop
                0x00000000c000753d                AcpiDsObjStackPopAndDelete
                0x00000000c00075cb                AcpiDsGetCurrentWalkState
                0x00000000c00075e0                AcpiDsPushWalkState
                0x00000000c00075fa                AcpiDsPopWalkState
                0x00000000c0007624                AcpiDsCreateWalkState
                0x00000000c00076cc                AcpiDsInitAmlWalk
                0x00000000c00078d8                AcpiDsDeleteWalkState
 .text          0x00000000c0007a18      0x335 acpica/evevent.32
                0x00000000c0007a18                AcpiEvInstallXruptHandlers
                0x00000000c0007b27                AcpiEvInitializeEvents
                0x00000000c0007c56                AcpiEvFixedEventDetect
 .text          0x00000000c0007d4d      0x2f5 acpica/evglock.32
                0x00000000c0007dd1                AcpiEvInitGlobalLockHandler
                0x00000000c0007e62                AcpiEvRemoveGlobalLockHandler
                0x00000000c0007e9b                AcpiEvAcquireGlobalLock
                0x00000000c0007fb8                AcpiEvReleaseGlobalLock
 .text          0x00000000c0008042      0xa44 acpica/evgpe.32
                0x00000000c0008042                AcpiEvUpdateGpeEnableMask
                0x00000000c00080bd                AcpiEvEnableGpe
                0x00000000c00080dd                AcpiEvMaskGpe
                0x00000000c00081c3                AcpiEvAddGpeReference
                0x00000000c0008267                AcpiEvRemoveGpeReference
                0x00000000c00082ef                AcpiEvLowGetGpeInfo
                0x00000000c0008359                AcpiEvGetGpeEventInfo
                0x00000000c00083ef                AcpiEvFinishGpe
                0x00000000c00085cd                AcpiEvGpeDispatch
                0x00000000c0008758                AcpiEvDetectGpe
                0x00000000c000890d                AcpiEvGpeDetect
 .text          0x00000000c0008a86      0x7e2 acpica/evgpeblk.32
                0x00000000c0008b67                AcpiEvDeleteGpeBlock
                0x00000000c0008f38                AcpiEvCreateGpeBlock
                0x00000000c00090db                AcpiEvInitializeGpeBlock
 .text          0x00000000c0009268      0x4d9 acpica/evgpeinit.32
                0x00000000c0009268                AcpiEvMatchGpeMethod
                0x00000000c0009426                AcpiEvGpeInitialize
                0x00000000c000962a                AcpiEvUpdateGpes
 .text          0x00000000c0009741      0x46f acpica/evgpeutil.32
                0x00000000c0009741                AcpiEvWalkGpeList
                0x00000000c00097f3                AcpiEvGetGpeDevice
                0x00000000c000985e                AcpiEvGetGpeXruptBlock
                0x00000000c00099aa                AcpiEvDeleteGpeXrupt
                0x00000000c0009a86                AcpiEvDeleteGpeHandlers
 .text          0x00000000c0009bb0      0x527 acpica/evhandler.32
                0x00000000c0009bb0                AcpiEvHasDefaultHandler
                0x00000000c0009c1a                AcpiEvFindRegionHandler
                0x00000000c0009d6f                AcpiEvInstallSpaceHandler
                0x00000000c000a041                AcpiEvInstallRegionHandlers
 .text          0x00000000c000a0d7      0x364 acpica/evmisc.32
                0x00000000c000a18d                AcpiEvIsNotifyObject
                0x00000000c000a1ac                AcpiEvQueueNotifyRequest
                0x00000000c000a2d9                AcpiEvTerminate
 .text          0x00000000c000a43b      0xab8 acpica/evregion.32
                0x00000000c000a43b                AcpiEvAddressSpaceDispatch
                0x00000000c000a780                AcpiEvAttachRegion
                0x00000000c000a7d9                AcpiEvExecuteRegMethod
                0x00000000c000a9eb                AcpiEvDetachRegion
                0x00000000c000ade9                AcpiEvExecuteRegMethods
                0x00000000c000ae62                AcpiEvInitializeOpRegions
 .text          0x00000000c000aef3      0x5b5 acpica/evrgnini.32
                0x00000000c000aef3                AcpiEvSystemMemoryRegionSetup
                0x00000000c000afb2                AcpiEvIoSpaceRegionSetup
                0x00000000c000afd5                AcpiEvIsPciRootBridge
                0x00000000c000b0b3                AcpiEvPciConfigRegionSetup
                0x00000000c000b35f                AcpiEvPciBarRegionSetup
                0x00000000c000b365                AcpiEvCmosRegionSetup
                0x00000000c000b36b                AcpiEvDefaultRegionSetup
                0x00000000c000b38e                AcpiEvInitializeRegion
 .text          0x00000000c000b4a8      0x1c4 acpica/evsci.32
                0x00000000c000b4a8                AcpiEvSciDispatch
                0x00000000c000b576                AcpiEvGpeXruptHandler
                0x00000000c000b5a4                AcpiEvInstallSciHandler
                0x00000000c000b5dc                AcpiEvRemoveAllSciHandlers
 .text          0x00000000c000b66c      0xe26 acpica/evxface.32
                0x00000000c000b66c                AcpiInstallNotifyHandler
                0x00000000c000b910                AcpiRemoveNotifyHandler
                0x00000000c000bb6b                AcpiInstallExceptionHandler
                0x00000000c000bbbd                AcpiInstallSciHandler
                0x00000000c000bcc4                AcpiRemoveSciHandler
                0x00000000c000bdbe                AcpiInstallGlobalEventHandler
                0x00000000c000be27                AcpiInstallFixedEventHandler
                0x00000000c000bf16                AcpiRemoveFixedEventHandler
                0x00000000c000c1e5                AcpiInstallGpeHandler
                0x00000000c000c215                AcpiInstallGpeRawHandler
                0x00000000c000c245                AcpiRemoveGpeHandler
                0x00000000c000c3f1                AcpiAcquireGlobalLock
                0x00000000c000c455                AcpiReleaseGlobalLock
 .text          0x00000000c000c492      0x3c7 acpica/evxfevnt.32
                0x00000000c000c492                AcpiEnable
                0x00000000c000c508                AcpiDisable
                0x00000000c000c56d                AcpiEnableEvent
                0x00000000c000c648                AcpiDisableEvent
                0x00000000c000c722                AcpiClearEvent
                0x00000000c000c77b                AcpiGetEventStatus
 .text          0x00000000c000c859      0xb0e acpica/evxfgpe.32
                0x00000000c000c859                AcpiUpdateAllGpes
                0x00000000c000c8ec                AcpiEnableGpe
                0x00000000c000c975                AcpiDisableGpe
                0x00000000c000c9e3                AcpiSetGpe
                0x00000000c000ca9f                AcpiMaskGpe
                0x00000000c000cb1d                AcpiMarkGpeForWake
                0x00000000c000cb93                AcpiSetupGpeForWake
                0x00000000c000cd3f                AcpiSetGpeWakeMask
                0x00000000c000ce62                AcpiClearGpe
                0x00000000c000ceda                AcpiGetGpeStatus
                0x00000000c000cf56                AcpiDispatchGpe
                0x00000000c000cf72                AcpiFinishGpe
                0x00000000c000cfe2                AcpiDisableAllGpes
                0x00000000c000d021                AcpiEnableAllRuntimeGpes
                0x00000000c000d060                AcpiEnableAllWakeupGpes
                0x00000000c000d09f                AcpiInstallGpeBlock
                0x00000000c000d211                AcpiRemoveGpeBlock
                0x00000000c000d2ec                AcpiGetGpeDevice
 .text          0x00000000c000d367      0x23b acpica/evxfregn.32
                0x00000000c000d367                AcpiInstallAddressSpaceHandler
                0x00000000c000d420                AcpiRemoveAddressSpaceHandler
 .text          0x00000000c000d5a2      0x582 acpica/exconcat.32
                0x00000000c000d649                AcpiExDoConcatenate
                0x00000000c000d9fe                AcpiExConcatTemplate
 .text          0x00000000c000db24      0x6c1 acpica/exconfig.32
                0x00000000c000dbfe                AcpiExUnloadTable
                0x00000000c000dcc1                AcpiExLoadTableOp
                0x00000000c000df19                AcpiExLoadOp
 .text          0x00000000c000e1e5      0x822 acpica/exconvrt.32
                0x00000000c000e1e5                AcpiExConvertToInteger
                0x00000000c000e364                AcpiExConvertToBuffer
                0x00000000c000e612                AcpiExConvertToString
                0x00000000c000e8a5                AcpiExConvertToTargetType
 .text          0x00000000c000ea07      0x5a7 acpica/excreate.32
                0x00000000c000ea07                AcpiExCreateAlias
                0x00000000c000ea9a                AcpiExCreateEvent
                0x00000000c000eb27                AcpiExCreateMutex
                0x00000000c000ebe3                AcpiExCreateRegion
                0x00000000c000ed66                AcpiExCreateProcessor
                0x00000000c000ee1d                AcpiExCreatePowerResource
                0x00000000c000eebd                AcpiExCreateMethod
 .text          0x00000000c000efae      0x599 acpica/exdebug.32
                0x00000000c000efae                AcpiExDoDebugObject
 .text          0x00000000c000f547        0x0 acpica/exdump.32
 .text          0x00000000c000f547      0x53d acpica/exfield.32
                0x00000000c000f547                AcpiExGetProtocolBufferLength
                0x00000000c000f59f                AcpiExReadDataFromField
                0x00000000c000f7f7                AcpiExWriteDataToField
 .text          0x00000000c000fa84     0x107c acpica/exfldio.32
                0x00000000c000fce6                AcpiExAccessRegion
                0x00000000c000fe96                AcpiExInsertIntoField
                0x00000000c0010507                AcpiExWriteWithUpdateRule
                0x00000000c0010761                AcpiExExtractFromField
 .text          0x00000000c0010b00      0x714 acpica/exmisc.32
                0x00000000c0010b00                AcpiExGetObjectReference
                0x00000000c0010c0e                AcpiExDoMathOp
                0x00000000c0010e25                AcpiExDoLogicalNumericOp
                0x00000000c0010f30                AcpiExDoLogicalOp
 .text          0x00000000c0011214      0x63b acpica/exmutex.32
                0x00000000c0011214                AcpiExUnlinkMutex
                0x00000000c00112cf                AcpiExAcquireMutexObject
                0x00000000c00113b5                AcpiExAcquireMutex
                0x00000000c001150f                AcpiExReleaseMutexObject
                0x00000000c00115bd                AcpiExReleaseMutex
                0x00000000c00117a7                AcpiExReleaseAllMutexes
 .text          0x00000000c001184f      0x4eb acpica/exnames.32
                0x00000000c0011a63                AcpiExGetNameString
 .text          0x00000000c0011d3a     0x12d3 acpica/exoparg1.32
                0x00000000c0011d3a                AcpiExOpcode_0A_0T_1R
                0x00000000c0011dfe                AcpiExOpcode_1A_0T_0R
                0x00000000c0011f16                AcpiExOpcode_1A_1T_0R
                0x00000000c0011f9a                AcpiExOpcode_1A_1T_1R
                0x00000000c0012823                AcpiExOpcode_1A_0T_1R
 .text          0x00000000c001300d      0x9a1 acpica/exoparg2.32
                0x00000000c001300d                AcpiExOpcode_2A_0T_0R
                0x00000000c00130f1                AcpiExOpcode_2A_2T_1R
                0x00000000c001328b                AcpiExOpcode_2A_1T_1R
                0x00000000c00137aa                AcpiExOpcode_2A_0T_1R
 .text          0x00000000c00139ae      0x383 acpica/exoparg3.32
                0x00000000c00139ae                AcpiExOpcode_3A_0T_0R
                0x00000000c0013abf                AcpiExOpcode_3A_1T_1R
 .text          0x00000000c0013d31      0x3ba acpica/exoparg6.32
                0x00000000c0013e5e                AcpiExOpcode_6A_0T_1R
 .text          0x00000000c00140eb      0x5c2 acpica/exprep.32
                0x00000000c00141ba                AcpiExPrepCommonFieldObject
                0x00000000c001426a                AcpiExPrepFieldValue
 .text          0x00000000c00146ad      0x54d acpica/exregion.32
                0x00000000c00146ad                AcpiExSystemMemorySpaceHandler
                0x00000000c0014a0a                AcpiExSystemIoSpaceHandler
                0x00000000c0014a9b                AcpiExPciConfigSpaceHandler
                0x00000000c0014b43                AcpiExCmosSpaceHandler
                0x00000000c0014b65                AcpiExPciBarSpaceHandler
                0x00000000c0014b87                AcpiExDataTableSpaceHandler
 .text          0x00000000c0014bfa      0x3a4 acpica/exresnte.32
                0x00000000c0014bfa                AcpiExResolveNodeToValue
 .text          0x00000000c0014f9e      0x698 acpica/exresolv.32
                0x00000000c001520c                AcpiExResolveToValue
                0x00000000c00152da                AcpiExResolveMultiple
 .text          0x00000000c0015636      0x85e acpica/exresop.32
                0x00000000c00156c7                AcpiExResolveOperands
 .text          0x00000000c0015e94      0x3f7 acpica/exserial.32
                0x00000000c0015e94                AcpiExReadGpio
                0x00000000c0015ee3                AcpiExWriteGpio
                0x00000000c0015f4f                AcpiExReadSerialBus
                0x00000000c00160c5                AcpiExWriteSerialBus
 .text          0x00000000c001628b      0x612 acpica/exstore.32
                0x00000000c00164d8                AcpiExStoreObjectToNode
                0x00000000c00166f6                AcpiExStore
 .text          0x00000000c001689d      0x2d6 acpica/exstoren.32
                0x00000000c001689d                AcpiExResolveObject
                0x00000000c00169cd                AcpiExStoreObjectToObject
 .text          0x00000000c0016b73      0x233 acpica/exstorob.32
                0x00000000c0016b73                AcpiExStoreBufferToBuffer
                0x00000000c0016c82                AcpiExStoreStringToString
 .text          0x00000000c0016da6      0x238 acpica/exsystem.32
                0x00000000c0016da6                AcpiExSystemWaitSemaphore
                0x00000000c0016e0a                AcpiExSystemWaitMutex
                0x00000000c0016e6e                AcpiExSystemDoStall
                0x00000000c0016ebf                AcpiExSystemDoSleep
                0x00000000c0016f1c                AcpiExSystemSignalEvent
                0x00000000c0016f4f                AcpiExSystemWaitEvent
                0x00000000c0016f8e                AcpiExSystemResetEvent
 .text          0x00000000c0016fde      0x1f6 acpica/extrace.32
                0x00000000c0017046                AcpiExTracePoint
                0x00000000c0017055                AcpiExStartTraceMethod
                0x00000000c0017116                AcpiExStopTraceMethod
                0x00000000c00171a6                AcpiExStartTraceOpcode
                0x00000000c00171bd                AcpiExStopTraceOpcode
 .text          0x00000000c00171d4      0x56c acpica/exutils.32
                0x00000000c00171d4                AcpiExEnterInterpreter
                0x00000000c0017241                AcpiExExitInterpreter
                0x00000000c00172ae                AcpiExTruncateFor32bitTable
                0x00000000c0017316                AcpiExAcquireGlobalLock
                0x00000000c001736e                AcpiExReleaseGlobalLock
                0x00000000c0017452                AcpiExEisaIdToString
                0x00000000c0017588                AcpiExIntegerToString
                0x00000000c0017614                AcpiExPciClsToString
                0x00000000c0017713                AcpiIsValidSpaceId
 .text          0x00000000c0017740      0x1bb acpica/hwacpi.32
                0x00000000c0017740                AcpiHwGetMode
                0x00000000c001779f                AcpiHwSetMode
 .text          0x00000000c00178fb      0x2a5 acpica/hwesleep.32
                0x00000000c00178fb                AcpiHwExecuteSleepMethod
                0x00000000c0017973                AcpiHwExtendedSleep
                0x00000000c0017ac2                AcpiHwExtendedWakePrep
                0x00000000c0017b2d                AcpiHwExtendedWake
 .text          0x00000000c0017ba0      0x5bd acpica/hwgpe.32
                0x00000000c0017ba0                AcpiHwGetGpeRegisterBit
                0x00000000c0017bc8                AcpiHwLowSetGpe
                0x00000000c0017d10                AcpiHwClearGpe
                0x00000000c0017d63                AcpiHwGetGpeStatus
                0x00000000c0017f29                AcpiHwDisableGpeBlock
                0x00000000c0017f8d                AcpiHwEnableRuntimeGpeBlock
                0x00000000c0018091                AcpiHwClearGpeBlock
                0x00000000c00180fa                AcpiHwDisableAllGpes
                0x00000000c001811b                AcpiHwEnableAllRuntimeGpes
                0x00000000c001813c                AcpiHwEnableAllWakeupGpes
 .text          0x00000000c001815d      0x390 acpica/hwpci.32
                0x00000000c0018489                AcpiHwDerivePciId
 .text          0x00000000c00184ed      0xcef acpica/hwregs.32
                0x00000000c001871b                AcpiHwValidateRegister
                0x00000000c0018871                AcpiHwRead
                0x00000000c0018a9c                AcpiHwWrite
                0x00000000c0018c8a                AcpiHwGetBitRegisterInfo
                0x00000000c0018cc6                AcpiHwWritePm1Control
                0x00000000c0018def                AcpiHwRegisterRead
                0x00000000c0018fc2                AcpiHwRegisterWrite
                0x00000000c0019169                AcpiHwClearAcpiStatus
 .text          0x00000000c00191dc      0x417 acpica/hwsleep.32
                0x00000000c00191dc                AcpiHwLegacySleep
                0x00000000c0019437                AcpiHwLegacyWakePrep
                0x00000000c001952e                AcpiHwLegacyWake
 .text          0x00000000c00195f3      0x1a6 acpica/hwtimer.32
                0x00000000c00195f3                AcpiGetTimerResolution
                0x00000000c0019628                AcpiGetTimer
                0x00000000c0019697                AcpiGetTimerDuration
 .text          0x00000000c0019799      0x3a0 acpica/hwvalid.32
                0x00000000c0019927                AcpiHwReadPort
                0x00000000c0019a3f                AcpiHwWritePort
 .text          0x00000000c0019b39      0x4d3 acpica/hwxface.32
                0x00000000c0019b39                AcpiReset
                0x00000000c0019bd1                AcpiRead
                0x00000000c0019bf3                AcpiWrite
                0x00000000c0019c29                AcpiReadBitRegister
                0x00000000c0019caf                AcpiWriteBitRegister
                0x00000000c0019de6                AcpiGetSleepTypeData
 .text          0x00000000c001a00c      0x3c1 acpica/hwxfsleep.32
                0x00000000c001a07e                AcpiSetFirmwareWakingVector
                0x00000000c001a0d3                AcpiEnterSleepStateS4bios
                0x00000000c001a21b                AcpiEnterSleepStatePrep
                0x00000000c001a30a                AcpiEnterSleepState
                0x00000000c001a379                AcpiLeaveSleepStatePrep
                0x00000000c001a3a3                AcpiLeaveSleepState
 .text          0x00000000c001a3cd      0x892 acpica/nsaccess.32
                0x00000000c001a3cd                AcpiNsRootInitialize
                0x00000000c001a792                AcpiNsLookup
 .text          0x00000000c001ac5f      0x4d4 acpica/nsalloc.32
                0x00000000c001ac5f                AcpiNsCreateNode
                0x00000000c001aca0                AcpiNsDeleteNode
                0x00000000c001ad4c                AcpiNsRemoveNode
                0x00000000c001adc5                AcpiNsInstallNode
                0x00000000c001ae92                AcpiNsDeleteChildren
                0x00000000c001af12                AcpiNsDeleteNamespaceSubtree
                0x00000000c001afe1                AcpiNsDeleteNamespaceByOwner
 .text          0x00000000c001b133      0x416 acpica/nsarguments.32
                0x00000000c001b133                AcpiNsCheckArgumentTypes
                0x00000000c001b250                AcpiNsCheckAcpiCompliance
                0x00000000c001b3bd                AcpiNsCheckArgumentCount
 .text          0x00000000c001b549      0x66f acpica/nsconvert.32
                0x00000000c001b549                AcpiNsConvertToInteger
                0x00000000c001b66e                AcpiNsConvertToString
                0x00000000c001b789                AcpiNsConvertToBuffer
                0x00000000c001b90d                AcpiNsConvertToUnicode
                0x00000000c001b9ea                AcpiNsConvertToResource
                0x00000000c001baa5                AcpiNsConvertToReference
 .text          0x00000000c001bbb8        0x0 acpica/nsdump.32
 .text          0x00000000c001bbb8        0x0 acpica/nsdumpdv.32
 .text          0x00000000c001bbb8      0x3d1 acpica/nseval.32
                0x00000000c001bbb8                AcpiNsEvaluate
 .text          0x00000000c001bf89      0x73d acpica/nsinit.32
                0x00000000c001c1cd                AcpiNsInitializeObjects
                0x00000000c001c232                AcpiNsInitializeDevices
                0x00000000c001c422                AcpiNsInitOnePackage
 .text          0x00000000c001c6c6       0xeb acpica/nsload.32
                0x00000000c001c6c6                AcpiNsLoadTable
 .text          0x00000000c001c7b1      0x644 acpica/nsnames.32
                0x00000000c001c7b1                AcpiNsHandleToName
                0x00000000c001c82f                AcpiNsBuildNormalizedPath
                0x00000000c001c9c7                AcpiNsGetPathnameLength
                0x00000000c001ca23                AcpiNsHandleToPathname
                0x00000000c001cac2                AcpiNsGetNormalizedPathname
                0x00000000c001cb53                AcpiNsGetExternalPathname
                0x00000000c001cc8a                AcpiNsBuildPrefixedPathname
 .text          0x00000000c001cdf5      0x4c5 acpica/nsobject.32
                0x00000000c001cdf5                AcpiNsDetachObject
                0x00000000c001cef5                AcpiNsAttachObject
                0x00000000c001d087                AcpiNsGetAttachedObject
                0x00000000c001d0f4                AcpiNsGetSecondaryObject
                0x00000000c001d12a                AcpiNsAttachData
                0x00000000c001d1dd                AcpiNsDetachData
                0x00000000c001d265                AcpiNsGetAttachedData
 .text          0x00000000c001d2ba      0x3ba acpica/nsparse.32
                0x00000000c001d2ba                AcpiNsExecuteTable
                0x00000000c001d494                AcpiNsOneCompleteParse
                0x00000000c001d652                AcpiNsParseTable
 .text          0x00000000c001d674      0x440 acpica/nspredef.32
                0x00000000c001d74b                AcpiNsCheckObjectType
                0x00000000c001d980                AcpiNsCheckReturnValue
 .text          0x00000000c001dab4      0xb09 acpica/nsprepkg.32
                0x00000000c001e09d                AcpiNsCheckPackage
 .text          0x00000000c001e5bd      0x4ed acpica/nsrepair.32
                0x00000000c001e629                AcpiNsRepairNullElement
                0x00000000c001e6eb                AcpiNsRemoveNullElements
                0x00000000c001e79b                AcpiNsWrapWithPackage
                0x00000000c001e7f0                AcpiNsSimpleRepair
 .text          0x00000000c001eaaa      0xb1d acpica/nsrepair2.32
                0x00000000c001eefd                AcpiNsComplexRepairs
 .text          0x00000000c001f5c7      0x2b8 acpica/nssearch.32
                0x00000000c001f5c7                AcpiNsSearchOneScope
                0x00000000c001f6a6                AcpiNsSearchAndEnter
 .text          0x00000000c001f87f      0x903 acpica/nsutils.32
                0x00000000c001f87f                AcpiNsPrintNodePathname
                0x00000000c001f908                AcpiNsGetType
                0x00000000c001f941                AcpiNsLocal
                0x00000000c001f991                AcpiNsGetInternalNameLength
                0x00000000c001fa86                AcpiNsBuildInternalName
                0x00000000c001fc74                AcpiNsInternalizeName
                0x00000000c001fd18                AcpiNsExternalizeName
                0x00000000c001ffa8                AcpiNsValidateHandle
                0x00000000c001ffd2                AcpiNsTerminate
                0x00000000c0020024                AcpiNsOpensScope
                0x00000000c0020065                AcpiNsGetNodeUnlocked
                0x00000000c0020130                AcpiNsGetNode
 .text          0x00000000c0020182      0x2a4 acpica/nswalk.32
                0x00000000c0020182                AcpiNsGetNextNode
                0x00000000c0020199                AcpiNsGetNextNodeTyped
                0x00000000c00201f6                AcpiNsWalkNamespace
 .text          0x00000000c0020426      0xa38 acpica/nsxfeval.32
                0x00000000c00206d2                AcpiEvaluateObject
                0x00000000c00209c8                AcpiEvaluateObjectTyped
                0x00000000c0020b63                AcpiWalkNamespace
                0x00000000c0020c37                AcpiGetDevices
                0x00000000c0020cb6                AcpiAttachData
                0x00000000c0020d47                AcpiDetachData
                0x00000000c0020dcd                AcpiGetData
 .text          0x00000000c0020e5e      0x8e9 acpica/nsxfname.32
                0x00000000c0020e5e                AcpiGetHandle
                0x00000000c0020f28                AcpiGetName
                0x00000000c0021021                AcpiGetObjectInfo
                0x00000000c00214c7                AcpiInstallMethod
 .text          0x00000000c0021747      0x227 acpica/nsxfobj.32
                0x00000000c0021747                AcpiGetType
                0x00000000c00217e8                AcpiGetParent
                0x00000000c0021888                AcpiGetNextObject
 .text          0x00000000c002196e      0xce2 acpica/psargs.32
                0x00000000c00219f8                AcpiPsGetNextPackageEnd
                0x00000000c0021a24                AcpiPsGetNextNamestring
                0x00000000c0021abc                AcpiPsGetNextNamepath
                0x00000000c0021d38                AcpiPsGetNextSimpleArg
                0x00000000c00222da                AcpiPsGetNextArg
 .text          0x00000000c0022650      0x9bb acpica/psloop.32
                0x00000000c00228a5                AcpiPsParseLoop
 .text          0x00000000c002300b      0xc22 acpica/psobject.32
                0x00000000c0023168                AcpiPsBuildNamedOp
                0x00000000c0023354                AcpiPsCreateOp
                0x00000000c00235ee                AcpiPsCompleteOp
                0x00000000c0023a6d                AcpiPsCompleteFinalOp
 .text          0x00000000c0023c2d        0x0 acpica/psopcode.32
 .text          0x00000000c0023c2d       0x92 acpica/psopinfo.32
                0x00000000c0023c2d                AcpiPsGetOpcodeInfo
                0x00000000c0023c95                AcpiPsGetOpcodeName
                0x00000000c0023ca9                AcpiPsGetArgumentCount
 .text          0x00000000c0023cbf      0xa01 acpica/psparse.32
                0x00000000c0023cbf                AcpiPsGetOpcodeSize
                0x00000000c0023cd5                AcpiPsPeekOpcode
                0x00000000c0023d20                AcpiPsCompleteThisOp
                0x00000000c0024091                AcpiPsNextParseState
                0x00000000c002420e                AcpiPsParseAml
 .text          0x00000000c00246c0      0x221 acpica/psscope.32
                0x00000000c00246c0                AcpiPsGetParentScope
                0x00000000c00246cb                AcpiPsHasCompletedScope
                0x00000000c00246fe                AcpiPsInitScope
                0x00000000c0024771                AcpiPsPushScope
                0x00000000c0024804                AcpiPsPopScope
                0x00000000c002489c                AcpiPsCleanupScope
 .text          0x00000000c00248e1      0x25a acpica/pstree.32
                0x00000000c00248e1                AcpiPsGetArg
                0x00000000c0024963                AcpiPsAppendArg
                0x00000000c0024a50                AcpiPsGetDepthNext
 .text          0x00000000c0024b3b      0x1db acpica/psutils.32
                0x00000000c0024b3b                AcpiPsInitOp
                0x00000000c0024b5e                AcpiPsAllocOp
                0x00000000c0024c3b                AcpiPsCreateScopeOp
                0x00000000c0024c74                AcpiPsFreeOp
                0x00000000c0024cb7                AcpiPsIsLeadingChar
                0x00000000c0024cdc                AcpiPsGetName
                0x00000000c0024cf9                AcpiPsSetName
 .text          0x00000000c0024d16       0xac acpica/pswalk.32
                0x00000000c0024d16                AcpiPsDeleteParseTree
 .text          0x00000000c0024dc2      0x507 acpica/psxface.32
                0x00000000c0024dc2                AcpiDebugTrace
                0x00000000c0024e24                AcpiPsExecuteTable
                0x00000000c002502a                AcpiPsExecuteMethod
 .text          0x00000000c00252c9      0x10b acpica/rsaddr.32
                0x00000000c00252c9                AcpiRsGetAddressCommon
                0x00000000c002535c                AcpiRsSetAddressCommon
 .text          0x00000000c00253d4      0x8c2 acpica/rscalc.32
                0x00000000c0025451                AcpiRsGetAmlLength
                0x00000000c0025749                AcpiRsGetListLength
                0x00000000c0025b4a                AcpiRsGetPciRoutingTableLength
 .text          0x00000000c0025c96      0x605 acpica/rscreate.32
                0x00000000c0025c96                AcpiBufferToResource
                0x00000000c0025d6d                AcpiRsCreateResourceList
                0x00000000c0025e20                AcpiRsCreatePciRoutingTable
                0x00000000c0026201                AcpiRsCreateAmlResources
 .text          0x00000000c002629b        0x0 acpica/rsdump.32
 .text          0x00000000c002629b        0x0 acpica/rsdumpinfo.32
 .text          0x00000000c002629b        0x0 acpica/rsinfo.32
 .text          0x00000000c002629b        0x0 acpica/rsio.32
 .text          0x00000000c002629b        0x0 acpica/rsirq.32
 .text          0x00000000c002629b      0x2d8 acpica/rslist.32
                0x00000000c002629b                AcpiRsConvertAmlToResources
                0x00000000c00263ca                AcpiRsConvertResourcesToAml
 .text          0x00000000c0026573        0x0 acpica/rsmemory.32
 .text          0x00000000c0026573      0xf32 acpica/rsmisc.32
                0x00000000c0026573                AcpiRsConvertAmlToResource
                0x00000000c0026de8                AcpiRsConvertResourceToAml
 .text          0x00000000c00274a5        0x0 acpica/rsserial.32
 .text          0x00000000c00274a5      0x6d4 acpica/rsutils.32
                0x00000000c00274a5                AcpiRsDecodeBitmask
                0x00000000c00274fb                AcpiRsEncodeBitmask
                0x00000000c0027555                AcpiRsMoveData
                0x00000000c0027644                AcpiRsSetResourceLength
                0x00000000c00276a2                AcpiRsSetResourceHeader
                0x00000000c0027729                AcpiRsGetResourceSource
                0x00000000c0027820                AcpiRsSetResourceSource
                0x00000000c0027894                AcpiRsGetPrtMethodData
                0x00000000c00278f0                AcpiRsGetCrsMethodData
                0x00000000c002794c                AcpiRsGetPrsMethodData
                0x00000000c00279a8                AcpiRsGetAeiMethodData
                0x00000000c0027a04                AcpiRsGetMethodData
                0x00000000c0027a5f                AcpiRsSetSrsMethodData
 .text          0x00000000c0027b79      0x74f acpica/rsxface.32
                0x00000000c0027cd5                AcpiGetIrqRoutingTable
                0x00000000c0027d21                AcpiGetCurrentResources
                0x00000000c0027d6d                AcpiGetPossibleResources
                0x00000000c0027db9                AcpiSetCurrentResources
                0x00000000c0027e28                AcpiGetEventResources
                0x00000000c0027e74                AcpiResourceToAddress64
                0x00000000c00280ca                AcpiWalkResourceBuffer
                0x00000000c00281a0                AcpiWalkResources
                0x00000000c0028268                AcpiGetVendorResource
 .text          0x00000000c00282c8      0xe54 acpica/tbdata.32
                0x00000000c00282c8                AcpiTbInitTableDescriptor
                0x00000000c0028336                AcpiTbAcquireTable
                0x00000000c00283cb                AcpiTbReleaseTable
                0x00000000c00284ba                AcpiTbAcquireTempTable
                0x00000000c0028599                AcpiTbValidateTable
                0x00000000c00285f2                AcpiTbInvalidateTable
                0x00000000c0028639                AcpiTbReleaseTempTable
                0x00000000c0028650                AcpiTbValidateTempTable
                0x00000000c0028739                AcpiTbVerifyTempTable
                0x00000000c002891d                AcpiTbResizeRootTableList
                0x00000000c0028ad7                AcpiTbGetNextTableDescriptor
                0x00000000c0028b5a                AcpiTbTerminate
                0x00000000c0028bf9                AcpiTbDeleteNamespaceByOwner
                0x00000000c0028cba                AcpiTbAllocateOwnerId
                0x00000000c0028d24                AcpiTbReleaseOwnerId
                0x00000000c0028d92                AcpiTbGetOwnerId
                0x00000000c0028dfb                AcpiTbIsTableLoaded
                0x00000000c0028e5f                AcpiTbSetTableLoadedFlag
                0x00000000c0028f2f                AcpiTbNotifyTable
                0x00000000c0028f5c                AcpiTbLoadTable
                0x00000000c0028ff5                AcpiTbInstallAndLoadTable
                0x00000000c002907b                AcpiTbUnloadTable
 .text          0x00000000c002911c      0x94e acpica/tbfadt.32
                0x00000000c0029893                AcpiTbCreateLocalFadt
                0x00000000c0029938                AcpiTbParseFadt
 .text          0x00000000c0029a6a      0x298 acpica/tbfind.32
                0x00000000c0029a6a                AcpiTbFindTable
 .text          0x00000000c0029d02      0x4de acpica/tbinstal.32
                0x00000000c0029d02                AcpiTbUninstallTable
                0x00000000c0029d71                AcpiTbOverrideTable
                0x00000000c0029f20                AcpiTbInstallTableWithOverride
                0x00000000c002a013                AcpiTbInstallStandardTable
 .text          0x00000000c002a1e0      0x2ea acpica/tbprint.32
                0x00000000c002a289                AcpiTbPrintTableHeader
                0x00000000c002a406                AcpiTbChecksum
                0x00000000c002a441                AcpiTbVerifyChecksum
 .text          0x00000000c002a4ca      0x665 acpica/tbutils.32
                0x00000000c002a4ca                AcpiTbInitializeFacs
                0x00000000c002a56c                AcpiTbCheckDsdtHeader
                0x00000000c002a5f5                AcpiTbCopyDsdt
                0x00000000c002a76d                AcpiTbParseRootTable
                0x00000000c002aa3a                AcpiTbGetTable
                0x00000000c002aac4                AcpiTbPutTable
 .text          0x00000000c002ab2f      0x685 acpica/tbxface.32
                0x00000000c002ab2f                AcpiAllocateRootTable
                0x00000000c002ab4b                AcpiInitializeTables
                0x00000000c002ac23                AcpiReallocateRootTable
                0x00000000c002ad7e                AcpiGetTableHeader
                0x00000000c002af13                AcpiGetTable
                0x00000000c002afe2                AcpiPutTable
                0x00000000c002b06a                AcpiGetTableByIndex
                0x00000000c002b0ef                AcpiInstallTableHandler
                0x00000000c002b158                AcpiRemoveTableHandler
 .text          0x00000000c002b1b4      0x56f acpica/tbxfload.32
                0x00000000c002b1b4                AcpiTbLoadNamespace
                0x00000000c002b477                AcpiLoadTables
                0x00000000c002b507                AcpiInstallTable
                0x00000000c002b565                AcpiLoadTable
                0x00000000c002b5ce                AcpiUnloadParentTable
                0x00000000c002b6f7                AcpiUnloadTable
 .text          0x00000000c002b723      0x310 acpica/tbxfroot.32
                0x00000000c002b723                AcpiTbGetRsdpLength
                0x00000000c002b765                AcpiTbValidateRsdp
                0x00000000c002b7d6                AcpiTbScanMemoryForRsdp
                0x00000000c002b829                AcpiFindRootPointer
 .text          0x00000000c002ba33      0x37f acpica/utaddress.32
                0x00000000c002ba33                AcpiUtAddAddressRange
                0x00000000c002baf1                AcpiUtRemoveAddressRange
                0x00000000c002bb8d                AcpiUtCheckAddressRange
                0x00000000c002bd4d                AcpiUtDeleteAddressLists
 .text          0x00000000c002bdb2      0x2ae acpica/utalloc.32
                0x00000000c002bdb2                AcpiOsAllocateZeroed
                0x00000000c002bdec                AcpiUtCreateCaches
                0x00000000c002bebe                AcpiUtDeleteCaches
                0x00000000c002bf51                AcpiUtValidateBuffer
                0x00000000c002bf9b                AcpiUtInitializeBuffer
 .text          0x00000000c002c060       0xfc acpica/utascii.32
                0x00000000c002c060                AcpiUtValidNameChar
                0x00000000c002c0a3                AcpiUtValidNameseg
                0x00000000c002c0e8                AcpiUtCheckAndRepairAscii
 .text          0x00000000c002c15c      0x2f6 acpica/utbuffer.32
                0x00000000c002c15c                AcpiUtDumpBuffer
                0x00000000c002c41b                AcpiUtDebugDumpBuffer
 .text          0x00000000c002c452      0x317 acpica/utcache.32
                0x00000000c002c452                AcpiOsCreateCache
                0x00000000c002c4eb                AcpiOsPurgeCache
                0x00000000c002c576                AcpiOsDeleteCache
                0x00000000c002c5b1                AcpiOsReleaseObject
                0x00000000c002c674                AcpiOsAcquireObject
 .text          0x00000000c002c769      0x7bd acpica/utclib.32
                0x00000000c002c769                memcmp
                0x00000000c002c7cd                memmove
                0x00000000c002c852                memcpy
                0x00000000c002c8dc                memset
                0x00000000c002c90c                strlen
                0x00000000c002c933                strpbrk
                0x00000000c002c97d                strtok
                0x00000000c002ca16                strcpy
                0x00000000c002ca50                strncpy
                0x00000000c002cab2                strcmp
                0x00000000c002caf6                strchr
                0x00000000c002cb1f                strncmp
                0x00000000c002cb7f                strcat
                0x00000000c002cbc9                strncat
                0x00000000c002cc33                strstr
                0x00000000c002cc90                toupper
                0x00000000c002ccb2                tolower
                0x00000000c002ccd4                simple_strtoul
 .text          0x00000000c002cf26      0xc0c acpica/utcopy.32
                0x00000000c002d2e8                AcpiUtCopyIobjectToEobject
                0x00000000c002d547                AcpiUtCopyEobjectToIobject
                0x00000000c002da89                AcpiUtCopyIobjectToIobject
 .text          0x00000000c002db32        0x0 acpica/utdebug.32
 .text          0x00000000c002db32      0x1c7 acpica/utdecode.32
                0x00000000c002db32                AcpiUtGetRegionName
                0x00000000c002db80                AcpiUtGetEventName
                0x00000000c002db99                AcpiUtGetTypeName
                0x00000000c002dbb2                AcpiUtGetObjectTypeName
                0x00000000c002dbef                AcpiUtGetNodeName
                0x00000000c002dc51                AcpiUtGetDescriptorName
                0x00000000c002dc81                AcpiUtGetReferenceName
                0x00000000c002dcd3                AcpiUtGetMutexName
                0x00000000c002dcec                AcpiUtValidObjectType
 .text          0x00000000c002dcf9      0x900 acpica/utdelete.32
                0x00000000c002dcf9                AcpiUtRemoveReference
                0x00000000c002e29b                AcpiUtUpdateObjectReference
                0x00000000c002e585                AcpiUtAddReference
                0x00000000c002e5b7                AcpiUtDeleteInternalObjectList
 .text          0x00000000c002e5f9      0x2bc acpica/uterror.32
                0x00000000c002e5f9                AcpiUtPredefinedWarning
                0x00000000c002e660                AcpiUtPredefinedInfo
                0x00000000c002e6c7                AcpiUtPredefinedBiosError
                0x00000000c002e72e                AcpiUtPrefixedNamespaceError
                0x00000000c002e80e                AcpiUtMethodError
 .text          0x00000000c002e8b5      0x36f acpica/uteval.32
                0x00000000c002e8b5                AcpiUtEvaluateObject
                0x00000000c002eab1                AcpiUtEvaluateNumericObject
                0x00000000c002eb07                AcpiUtExecute_STA
                0x00000000c002eb76                AcpiUtExecutePowerMethods
 .text          0x00000000c002ec24      0x13b acpica/utexcep.32
                0x00000000c002ec24                AcpiUtValidateException
                0x00000000c002ed19                AcpiFormatException
 .text          0x00000000c002ed5f        0x0 acpica/utglobal.32
 .text          0x00000000c002ed5f       0xe5 acpica/uthex.32
                0x00000000c002ed5f                AcpiUtHexToAsciiChar
                0x00000000c002edb1                AcpiUtAsciiCharToHex
                0x00000000c002edd7                AcpiUtAsciiToHexByte
 .text          0x00000000c002ee44      0x577 acpica/utids.32
                0x00000000c002ee44                AcpiUtExecute_HID
                0x00000000c002ef35                AcpiUtExecute_UID
                0x00000000c002f026                AcpiUtExecute_CID
                0x00000000c002f262                AcpiUtExecute_CLS
 .text          0x00000000c002f3bb      0x368 acpica/utinit.32
                0x00000000c002f455                AcpiUtInitGlobals
                0x00000000c002f6c7                AcpiUtSubsystemShutdown
 .text          0x00000000c002f723      0x1e7 acpica/utlock.32
                0x00000000c002f723                AcpiUtCreateRwLock
                0x00000000c002f779                AcpiUtDeleteRwLock
                0x00000000c002f7c6                AcpiUtAcquireReadLock
                0x00000000c002f84b                AcpiUtReleaseReadLock
                0x00000000c002f8c6                AcpiUtAcquireWriteLock
                0x00000000c002f8ee                AcpiUtReleaseWriteLock
 .text          0x00000000c002f90a      0x236 acpica/utmath.32
                0x00000000c002f90a                AcpiUtShortMultiply
                0x00000000c002f958                AcpiUtShortShiftLeft
                0x00000000c002f9a4                AcpiUtShortShiftRight
                0x00000000c002f9f0                AcpiUtShortDivide
                0x00000000c002fa8d                AcpiUtDivide
 .text          0x00000000c002fb40      0x310 acpica/utmisc.32
                0x00000000c002fb40                AcpiUtIsPciRootBridge
                0x00000000c002fb7d                AcpiUtDwordByteSwap
                0x00000000c002fbb0                AcpiUtSetIntegerWidth
                0x00000000c002fbf1                AcpiUtCreateUpdateStateAndPush
                0x00000000c002fc4e                AcpiUtWalkPackageTree
 .text          0x00000000c002fe50      0x3a7 acpica/utmutex.32
                0x00000000c002fec1                AcpiUtMutexInitialize
                0x00000000c002fffe                AcpiUtMutexTerminate
                0x00000000c003007e                AcpiUtAcquireMutex
                0x00000000c0030148                AcpiUtReleaseMutex
 .text          0x00000000c00301f7       0xe6 acpica/utnonansi.32
                0x00000000c00301f7                AcpiUtStrlwr
                0x00000000c003023d                AcpiUtStrupr
                0x00000000c0030283                AcpiUtStricmp
 .text          0x00000000c00302dd      0x689 acpica/utobject.32
                0x00000000c00302dd                AcpiUtValidInternalObject
                0x00000000c00302fd                AcpiUtAllocateObjectDescDbg
                0x00000000c003034b                AcpiUtDeleteObjectDesc
                0x00000000c00303a3                AcpiUtCreateInternalObjectDbg
                0x00000000c003045d                AcpiUtCreatePackageObject
                0x00000000c00304db                AcpiUtCreateIntegerObject
                0x00000000c0030530                AcpiUtCreateBufferObject
                0x00000000c00305e6                AcpiUtCreateStringObject
                0x00000000c0030915                AcpiUtGetObjectSize
 .text          0x00000000c0030966      0x545 acpica/utosi.32
                0x00000000c0030966                AcpiUtInitializeInterfaces
                0x00000000c00309f7                AcpiUtInterfaceTerminate
                0x00000000c0030ad6                AcpiUtInstallInterface
                0x00000000c0030b79                AcpiUtRemoveInterface
                0x00000000c0030c5f                AcpiUtUpdateInterfaces
                0x00000000c0030cf0                AcpiUtGetInterface
                0x00000000c0030d39                AcpiUtOsiImplementation
 .text          0x00000000c0030eab      0x26c acpica/utownerid.32
                0x00000000c0030eab                AcpiUtAllocateOwnerId
                0x00000000c0031028                AcpiUtReleaseOwnerId
 .text          0x00000000c0031117      0x10d acpica/utpredef.32
                0x00000000c0031117                AcpiUtGetNextPredefinedMethod
                0x00000000c0031140                AcpiUtMatchPredefinedMethod
                0x00000000c0031197                AcpiUtGetExpectedReturnTypes
 .text          0x00000000c0031224      0xbba acpica/utprint.32
                0x00000000c0031366                AcpiUtScanNumber
                0x00000000c00313f4                AcpiUtPrintNumber
                0x00000000c00317ac                vsnprintf
                0x00000000c0031d80                snprintf
                0x00000000c0031db0                sprintf
 .text          0x00000000c0031dde        0x0 acpica/utresdecode.32
 .text          0x00000000c0031dde      0x404 acpica/utresrc.32
                0x00000000c0031dde                AcpiUtGetResourceType
                0x00000000c0031df9                AcpiUtGetResourceLength
                0x00000000c0031e31                AcpiUtValidateResource
                0x00000000c0031fec                AcpiUtGetResourceHeaderLength
                0x00000000c0031ffc                AcpiUtGetDescriptorLength
                0x00000000c003201f                AcpiUtWalkAmlResources
                0x00000000c0032191                AcpiUtGetResourceEndTag
 .text          0x00000000c00321e2      0x1ef acpica/utstate.32
                0x00000000c00321e2                AcpiUtPushGenericState
                0x00000000c00321fa                AcpiUtPopGenericState
                0x00000000c0032222                AcpiUtCreateGenericState
                0x00000000c0032251                AcpiUtCreateThreadState
                0x00000000c00322d8                AcpiUtCreateUpdateState
                0x00000000c0032322                AcpiUtCreatePkgState
                0x00000000c0032378                AcpiUtCreateControlState
                0x00000000c00323ac                AcpiUtDeleteGenericState
 .text          0x00000000c00323d1      0x28e acpica/utstring.32
                0x00000000c00323d1                AcpiUtPrintString
                0x00000000c00325b1                AcpiUtRepairName
 .text          0x00000000c003265f      0x470 acpica/utstrsuppt.32
                0x00000000c003265f                AcpiUtRemoveLeadingZeros
                0x00000000c0032685                AcpiUtRemoveWhitespace
                0x00000000c00326b8                AcpiUtRemoveHexPrefix
                0x00000000c00326f8                AcpiUtDetectHexPrefix
                0x00000000c003272a                AcpiUtDetectOctalPrefix
                0x00000000c0032932                AcpiUtConvertOctalString
                0x00000000c00329b9                AcpiUtConvertDecimalString
                0x00000000c0032a46                AcpiUtConvertHexString
 .text          0x00000000c0032acf      0x262 acpica/utstrtoul64.32
                0x00000000c0032acf                AcpiUtStrtoul64
                0x00000000c0032bf8                AcpiUtImplicitStrtoul64
                0x00000000c0032c7c                AcpiUtExplicitStrtoul64
 .text          0x00000000c0032d31        0x0 acpica/uttrack.32
 .text          0x00000000c0032d31        0x0 acpica/utuuid.32
 .text          0x00000000c0032d31      0x6c7 acpica/utxface.32
                0x00000000c0032d31                AcpiTerminate
                0x00000000c0032d4f                AcpiSubsystemStatus
                0x00000000c0032d65                AcpiGetSystemInfo
                0x00000000c0032e2a                AcpiGetStatistics
                0x00000000c0032e84                AcpiInstallInitializationHandler
                0x00000000c0032eaf                AcpiPurgeCachedObjects
                0x00000000c0032eff                AcpiInstallInterface
                0x00000000c0032fcd                AcpiRemoveInterface
                0x00000000c0033048                AcpiInstallInterfaceHandler
                0x00000000c00330b2                AcpiUpdateInterfaces
                0x00000000c0033116                AcpiCheckAddressRange
                0x00000000c0033195                AcpiDecodePldBuffer
 .text          0x00000000c00333f8      0x26a acpica/utxferror.32
                0x00000000c00333f8                AcpiError
                0x00000000c0033446                AcpiException
                0x00000000c00334bd                AcpiWarning
                0x00000000c003350b                AcpiInfo
                0x00000000c003354f                AcpiBiosError
                0x00000000c003359d                AcpiBiosException
                0x00000000c0033614                AcpiBiosWarning
 .text          0x00000000c0033662      0x239 acpica/utxfinit.32
                0x00000000c0033662                AcpiInitializeSubsystem
                0x00000000c0033773                AcpiEnableSubsystem
                0x00000000c0033847                AcpiInitializeObjects
 .text          0x00000000c003389b      0x14f acpica/utxfmutex.32
                0x00000000c0033944                AcpiAcquireMutex
                0x00000000c00339a0                AcpiReleaseMutex
 .text          0x00000000c00339ea      0xfbf core/malloc.32
                0x00000000c0033b55                dlfree
                0x00000000c0033eb0                dlmalloc
                0x00000000c00343ed                dlrealloc
                0x00000000c00345a2                dlmemalign
                0x00000000c00346c5                dlcalloc
                0x00000000c003475f                dlcfree
                0x00000000c0034764                dlindependent_calloc
                0x00000000c0034789                dlindependent_comalloc
                0x00000000c00347a0                dlvalloc
                0x00000000c00347cb                dlpvalloc
                0x00000000c0034801                dlmalloc_trim
                0x00000000c003480e                dlmalloc_usable_size
                0x00000000c003483f                dlmallinfo
                0x00000000c003490e                dlmalloc_stats
                0x00000000c003491f                dlmallopt
 .text          0x00000000c00349a9        0x0 libk/string.32
 .text          0x00000000c00349a9       0x51 fs/fat/diskio.32
                0x00000000c00349a9                disk_status
                0x00000000c00349ac                disk_initialize
                0x00000000c00349af                disk_read
                0x00000000c00349c5                disk_write
                0x00000000c00349db                disk_ioctl
 .text          0x00000000c00349fa     0x6833 fs/fat/ff.32
                0x00000000c0037cc8                f_mount
                0x00000000c0037d2a                f_open
                0x00000000c0038166                f_read
                0x00000000c00383e6                f_write
                0x00000000c00386a0                f_sync
                0x00000000c003887c                f_close
                0x00000000c00388ab                f_lseek
                0x00000000c0038d62                f_opendir
                0x00000000c0038e64                f_closedir
                0x00000000c0038e86                f_readdir
                0x00000000c0038f21                f_stat
                0x00000000c0038fb0                f_getfree
                0x00000000c003917b                f_truncate
                0x00000000c0039273                f_unlink
                0x00000000c00393f6                f_mkdir
                0x00000000c0039622                f_rename
                0x00000000c0039915                f_chmod
                0x00000000c00399f3                f_utime
                0x00000000c0039ad1                f_getlabel
                0x00000000c0039cbf                f_setlabel
                0x00000000c0039f2c                f_forward
                0x00000000c003a10a                f_mkfs
 .text          0x00000000c003b22d       0x2d fs/fat/ffsystem.32
                0x00000000c003b22d                ff_memalloc
                0x00000000c003b243                ff_memfree
 .text          0x00000000c003b25a      0x253 fs/fat/ffunicode.32
                0x00000000c003b25a                ff_uni2oem
                0x00000000c003b2ea                ff_oem2uni
                0x00000000c003b356                ff_wtoupper
 .text          0x00000000c003b4ad      0x70e hal/libresample/samplerate.32
                0x00000000c003b535                src_delete
                0x00000000c003b571                src_process
                0x00000000c003b699                src_callback_read
                0x00000000c003b7fa                src_set_ratio
                0x00000000c003b851                src_get_channels
                0x00000000c003b873                src_reset
                0x00000000c003b8b7                src_new
                0x00000000c003b945                src_callback_new
                0x00000000c003b9a7                src_get_name
                0x00000000c003b9de                src_get_description
                0x00000000c003ba15                src_get_version
                0x00000000c003ba1b                src_is_valid_ratio
                0x00000000c003ba35                src_error
                0x00000000c003ba43                src_strerror
                0x00000000c003ba56                src_simple
                0x00000000c003baa9                src_short_to_float_array
                0x00000000c003bacf                src_float_to_short_array
                0x00000000c003bb33                src_int_to_float_array
                0x00000000c003bb59                src_float_to_int_array
 .text          0x00000000c003bbbb      0x3fd hal/libresample/src_linear.32
                0x00000000c003bf13                linear_get_name
                0x00000000c003bf22                linear_get_description
                0x00000000c003bf31                linear_set_converter
 .text          0x00000000c003bfb8     0x1b46 hal/libresample/src_sinc.32
                0x00000000c003d90e                sinc_get_name
                0x00000000c003d921                sinc_get_description
                0x00000000c003d934                sinc_set_converter
 .text          0x00000000c003dafe      0x3d3 hal/libresample/src_zoh.32
                0x00000000c003de2c                zoh_get_name
                0x00000000c003de3b                zoh_get_description
                0x00000000c003de4a                zoh_set_converter
 .text          0x00000000c003ded1     0x10a0 acpica/osl.32
                0x00000000c003ded1                Subhandler
                0x00000000c003df0d                isblank
                0x00000000c003df25                iscntrl
                0x00000000c003df3d                isdigit
                0x00000000c003df55                islower
                0x00000000c003df6d                isspace
                0x00000000c003df8e                isupper
                0x00000000c003dfa6                isalpha
                0x00000000c003dfd0                isalnum
                0x00000000c003dffa                ispunct
                0x00000000c003e034                isgraph
                0x00000000c003e05e                isprint
                0x00000000c003e07f                isxdigit
                0x00000000c003e0b5                AcpiOsInitialize
                0x00000000c003e0bb                AcpiOsTerminate
                0x00000000c003e0c1                AcpiOsGetRootPointer
                0x00000000c003e0f0                AcpiOsPredefinedOverride
                0x00000000c003e114                AcpiOsTableOverride
                0x00000000c003e124                AcpiOsPhysicalTableOverride
                0x00000000c003e13b                AcpiOsReadPort
                0x00000000c003e1e3                AcpiOsWritePort
                0x00000000c003e27f                AcpiOsGetTimer
                0x00000000c003e29f                AcpiOsWaitEventsComplete
                0x00000000c003e2b7                AcpiOsReadPciConfiguration
                0x00000000c003e38b                AcpiOsWritePciConfiguration
                0x00000000c003e480                AcpiOsSignal
                0x00000000c003e4b6                AcpiOsReadMemory
                0x00000000c003e582                AcpiOsEnterSleep
                0x00000000c003e595                AcpiOsWriteMemory
                0x00000000c003e649                AcpiOsMapMemory
                0x00000000c003e742                AcpiOsUnmapMemory
                0x00000000c003e744                AcpiOsGetPhysicalAddress
                0x00000000c003e774                AcpiOsAllocate
                0x00000000c003e792                AcpiOsFree
                0x00000000c003e7a9                AcpiOsReadable
                0x00000000c003e7c2                AcpiOsWritable
                0x00000000c003e7db                AcpiOsGetThreadId
                0x00000000c003e7e6                AcpiOsExecute
                0x00000000c003e802                AcpiOsSleep
                0x00000000c003e848                AcpiOsStall
                0x00000000c003e8a2                AcpiOsCreateSemaphore
                0x00000000c003e8e9                AcpiOsDeleteSemaphore
                0x00000000c003e906                AcpiOsWaitSemaphore
                0x00000000c003e9da                AcpiOsSignalSemaphore
                0x00000000c003ea03                AcpiOsCreateLock
                0x00000000c003ea30                AcpiOsDeleteLock
                0x00000000c003ea32                AcpiOsAcquireLock
                0x00000000c003ea48                AcpiOsReleaseLock
                0x00000000c003ea63                AcpiOsInstallInterruptHandler
                0x00000000c003eac2                AcpiOsRemoveInterruptHandler
                0x00000000c003eade                __i__int_str
                0x00000000c003ee9b                __i_displayCharacter
                0x00000000c003eefa                __i_displayString
                0x00000000c003ef48                __i_internal_printf
                0x00000000c003ef4e                AcpiOsVprintf
                0x00000000c003ef50                AcpiOsPrintf
 *fill*         0x00000000c003ef71        0x1 
 .text          0x00000000c003ef72      0x71d core/computer.32
                0x00000000c003ef72                Computer::close(int, int, void*)
                0x00000000c003efb6                Computer::Computer()
                0x00000000c003efb6                Computer::Computer()
                0x00000000c003f112                Computer::setBootMessage(char const*)
                0x00000000c003f114                Computer::start()
                0x00000000c003f27f                firstTask()
                0x00000000c003f28e                Computer::detectFeatures()
                0x00000000c003f468                Computer::displayFeatures()
                0x00000000c003f46a                Computer::rdmsr(unsigned int)
                0x00000000c003f496                Computer::wrmsr(unsigned int, unsigned long long)
                0x00000000c003f4ce                Computer::nmiEnabled()
                0x00000000c003f4da                Computer::readCMOS(unsigned char)
                0x00000000c003f4f4                Computer::enableNMI(bool)
                0x00000000c003f50c                Computer::open(int, int, void*)
                0x00000000c003f5d2                Computer::disableNMI()
                0x00000000c003f5e0                Computer::writeCMOS(unsigned char, unsigned char)
                0x00000000c003f5fe                Computer::handleNMI()
                0x00000000c003f664                Computer::setDiskActivityLight(int, bool)
 .text          0x00000000c003f68f      0xe65 core/elf.32
                0x00000000c003f68f                allocateMemoryForTask(Process*, File*, unsigned long, unsigned long, unsigned long)
                0x00000000c003f90c                loadProgramIntoMemory(Process*, char const*)
                0x00000000c003fb30                runtimeReferenceHelper()
                0x00000000c003fb43                getAddressOfKernelSymbol(char const*)
                0x00000000c003fb92                loadKernelSymbolTable(char const*)
                0x00000000c003fe5a                loadDriverIntoMemory(char const*, unsigned long)
                0x00000000c004041d                loadDLL(char const*)
                0x00000000c00404e6                executeDLL(unsigned long, void*)
 .text          0x00000000c00404f4      0x19d core/gdt.32
                0x00000000c00404f4                GDTEntry::setBase(unsigned int)
                0x00000000c0040510                GDTEntry::setLimit(unsigned int)
                0x00000000c004052e                GDT::GDT()
                0x00000000c004052e                GDT::GDT()
                0x00000000c0040544                GDT::addEntry(GDTEntry)
                0x00000000c0040566                GDT::getNumberOfEntries()
                0x00000000c004056e                GDT::flush()
                0x00000000c0040590                GDT::setup()
 .text          0x00000000c0040691       0x61 core/idle.32
                0x00000000c0040691                idleFunction(void*)
 .text          0x00000000c00406f2      0x3dd core/idt.32
                0x00000000c00406f2                IDTEntry::IDTEntry(bool)
                0x00000000c00406f2                IDTEntry::IDTEntry(bool)
                0x00000000c0040760                IDTEntry::setOffset(unsigned int)
                0x00000000c0040774                IDT::IDT()
                0x00000000c0040774                IDT::IDT()
                0x00000000c0040776                IDT::getPointerToInvalidOpcodeEntryForF00F()
                0x00000000c004077e                IDT::addEntry(IDTEntry, int)
                0x00000000c0040798                IDT::addEntry(int, void (*)(), bool)
                0x00000000c00407d0                IDT::flush()
                0x00000000c00407ea                IDT::setup()
 .text          0x00000000c0040acf      0x539 core/kconsole.32
                0x00000000c0040acf                stringifyxWithBase(unsigned int, char*, int)
                0x00000000c0040b30                logc(char)
                0x00000000c0040b47                logs(char*)
                0x00000000c0040b64                logWriteInt(unsigned int)
                0x00000000c0040b81                logWriteIntBase(unsigned int, int)
                0x00000000c0040ba0                kprintf(char const*, ...)
                0x00000000c0040cbe                panic(char const*)
 .text          0x00000000c0041008      0x1d6 core/kheap.32
                0x00000000c0041008                sbrk
                0x00000000c00410e9                mmap
                0x00000000c00410ff                munmap
                0x00000000c0041115                liballoc_lock()
                0x00000000c0041126                liballoc_unlock()
                0x00000000c0041137                liballoc_alloc(int)
                0x00000000c0041152                liballoc_free(void*, int)
                0x00000000c0041170                realloc
                0x00000000c0041184                malloc
                0x00000000c0041194                free
                0x00000000c00411a4                rfree
                0x00000000c00411b4                calloc
 .text          0x00000000c00411de      0x38d core/main.32
                0x00000000c00411de                hwTextMode_loadInData(VgaText*)
                0x00000000c0041223                hwTextMode_loadInTitle(VgaText*, char*)
                0x00000000c0041265                hwTextMode_showCursor(VgaText*, bool)
                0x00000000c00412b9                hwTextMode_update(VgaText*)
                0x00000000c00412ba                hwTextMode_updateCursor(VgaText*)
                0x00000000c0041302                hwTextMode_disableBlink(VgaText*, bool)
                0x00000000c004133e                hwTextMode_scrollScreen(VgaText*)
                0x00000000c00413c4                hwTextMode_writeCharacter(VgaText*, char, VgaColour, VgaColour, int, int)
                0x00000000c0041422                setupTextMode()
                0x00000000c0041473                kernel_main
 .text          0x00000000c004156b      0x46c core/physmgr.32
                0x00000000c004156b                PhysMem::allocateDMA(unsigned long)
                0x00000000c004160e                PhysMem::freeDMA(unsigned long, unsigned long)
                0x00000000c0041656                PhysMem::setPageState(unsigned long, bool)
                0x00000000c0041688                PhysMem::getPageState(unsigned long)
                0x00000000c00416a4                PhysMem::freePage(unsigned long)
                0x00000000c004172e                PhysMem::allocatePage()
                0x00000000c00417ea                PhysMem::allowSegmentToBeUsed(unsigned long, unsigned long)
                0x00000000c0041822                PhysMem::physicalMemorySetup(unsigned int)
 *fill*         0x00000000c00419d7        0x1 
 .text          0x00000000c00419d8      0x273 core/pipe.32
                0x00000000c00419d8                Pipe::isAtty()
                0x00000000c00419dc                Pipe::~Pipe()
                0x00000000c00419dc                Pipe::~Pipe()
                0x00000000c0041a00                Pipe::~Pipe()
                0x00000000c0041a28                Pipe::read(unsigned long long, void*, int*)
                0x00000000c0041b1c                Pipe::write(unsigned long long, void*, int*)
                0x00000000c0041be4                Pipe::Pipe(int)
                0x00000000c0041be4                Pipe::Pipe(int)
 *fill*         0x00000000c0041c4b        0x1 
 .text          0x00000000c0041c4c     0x114c core/prcssthr.32
                0x00000000c0041c4c                changeTSS
                0x00000000c0041c7a                Process::addArgs(char**)
                0x00000000c0041cd4                Process::Process(char const*, Process*, char**)
                0x00000000c0041cd4                Process::Process(char const*, Process*, char**)
                0x00000000c0041e8c                Process::Process(bool, char const*, Process*, char**)
                0x00000000c0041e8c                Process::Process(bool, char const*, Process*, char**)
                0x00000000c004200f                disableIRQs()
                0x00000000c0042017                getIRQNestingLevel()
                0x00000000c004201d                enableIRQs()
                0x00000000c004202c                lockScheduler()
                0x00000000c004202e                unlockScheduler()
                0x00000000c0042030                userModeEntryPoint(void*)
                0x00000000c0042053                lockStuff()
                0x00000000c004205f                taskStartupFunction
                0x00000000c0042068                updateTimeUsed()
                0x00000000c00420c6                switchToThread(ThreadControlBlock*)
                0x00000000c0042116                Semaphore::Semaphore(int)
                0x00000000c0042116                Semaphore::Semaphore(int)
                0x00000000c0042144                Mutex::Mutex()
                0x00000000c0042144                Mutex::Mutex()
                0x00000000c0042156                Process::createThread(void (*)(void*), void*, int)
                0x00000000c004223a                Process::createUserThread()
                0x00000000c0042256                setupMultitasking(void (*)())
                0x00000000c0042360                schedule()
                0x00000000c00423e5                unlockStuff()
                0x00000000c004241a                forkProcess(regs*)
                0x00000000c0042588                Semaphore::tryAcquire()
                0x00000000c00425b6                Semaphore::assertLocked(char const*)
                0x00000000c00425e9                blockTaskWithSchedulerLockAlreadyHeld(TaskState)
                0x00000000c004262b                blockTask(TaskState)
                0x00000000c004264c                waitTask(int, int*, int)
                0x00000000c004268e                nanoSleepUntil(unsigned long long)
                0x00000000c00426e5                nanoSleep(unsigned long long)
                0x00000000c00426fa                sleep(unsigned long long)
                0x00000000c0042718                Semaphore::acquire()
                0x00000000c0042780                execveProcess(char const*, char* const*, char* const*)
                0x00000000c004280e                taskReturned
                0x00000000c0042848                unblockTask(ThreadControlBlock*)
                0x00000000c00428f7                cleanupTerminatedTask(ThreadControlBlock*)
                0x00000000c0042b94                cleanerTaskFunction(void*)
                0x00000000c0042c24                terminateTask(int)
                0x00000000c0042cac                Semaphore::release()
 .text          0x00000000c0042d98      0xe66 core/syscalls.32
                0x00000000c0042d98                sysCallGetPID(regs*)
                0x00000000c0042da4                sysCallSeekDir(regs*)
                0x00000000c0042da9                sysCallTellDir(regs*)
                0x00000000c0042dae                sysCallVerify(regs*)
                0x00000000c0042db8                sysCallGetArgc(regs*)
                0x00000000c0042dc8                sysFormatDisk(regs*)
                0x00000000c0042e32                sysSetDiskVolumeLabel(regs*)
                0x00000000c0042e78                sysGetDiskVolumeLabel(regs*)
                0x00000000c0042ec9                sysShutdown(regs*)
                0x00000000c0042f11                sysCallWrite(regs*)
                0x00000000c0042f7f                sysCallRead(regs*)
                0x00000000c0042fed                sysCallReadDir(regs*)
                0x00000000c004305c                sysCallIsATTY(regs*)
                0x00000000c00430af                sysCallGetCwd(regs*)
                0x00000000c00430ce                sysCallSetCwd(regs*)
                0x00000000c00430ea                sysCallRealpath(regs*)
                0x00000000c004312d                sysCallOpen(regs*)
                0x00000000c004321d                sysCallSeek(regs*)
                0x00000000c004326e                sysCallTell(regs*)
                0x00000000c00432ba                sysCallSizeFromFilename(regs*)
                0x00000000c0043333                sysCallSize(regs*)
                0x00000000c0043385                sysCallClose(regs*)
                0x00000000c00433d3                sysCallOpenDir(regs*)
                0x00000000c0043440                sysCallMakeDir(regs*)
                0x00000000c0043499                sysCallCloseDir(regs*)
                0x00000000c00434e7                sysCallWait(regs*)
                0x00000000c0043501                sysCallFork(regs*)
                0x00000000c004351d                sysCallExecve(regs*)
                0x00000000c0043572                sysCallRmdir(regs*)
                0x00000000c00435c4                sysCallUnlink(regs*)
                0x00000000c0043616                sysCallGetArgv(regs*)
                0x00000000c0043662                sysCallTTYName(regs*)
                0x00000000c00436de                sysCallGetEnv(regs*)
                0x00000000c0043730                sysCallUSleep(regs*)
                0x00000000c0043757                sysCallSpawn(regs*)
                0x00000000c00437c7                sysAppSettings(regs*)
                0x00000000c00438e6                sysSetFatAttrib(regs*)
                0x00000000c0043946                sysPanic(regs*)
                0x00000000c004396c                sysPipe(regs*)
                0x00000000c00439b1                sysGetUnixTime(regs*)
                0x00000000c00439c5                string_ends_with(char const*, char const*)
                0x00000000c0043a0d                setupSystemCalls()
                0x00000000c0043bbc                systemCall(regs*, void*)
 .text          0x00000000c0043bfe      0xf65 core/terminal.32
                0x00000000c0043bfe                VgaText::isAtty()
                0x00000000c0043c02                VgaText::~VgaText()
                0x00000000c0043c02                VgaText::~VgaText()
                0x00000000c0043c26                VgaText::~VgaText()
                0x00000000c0043c50                VgaText::read(unsigned long long, void*, int*)
                0x00000000c0043c70                setTerminalScrollLock(bool)
                0x00000000c0043c71                addToTerminalCycle(VgaText*)
                0x00000000c0043c9e                installVgaTextImplementation()
                0x00000000c0043cb3                scrollTerminalScrollLock(int)
                0x00000000c0043cb4                VgaText::load()
                0x00000000c0043d08                VgaText::updateCursor()
                0x00000000c0043d22                VgaText::showCursor(bool)
                0x00000000c0043d32                VgaText::disableBlink(bool)
                0x00000000c0043d6c                VgaText::doANSI_SGR(int)
                0x00000000c0043df8                VgaText::setDefaultBgColour(VgaColour)
                0x00000000c0043e0e                VgaText::setDefaultFgColour(VgaColour)
                0x00000000c0043e24                VgaText::setDefaultColours(VgaColour, VgaColour)
                0x00000000c0043e44                VgaText::combineColours(unsigned char, unsigned char)
                0x00000000c0043e56                VgaText::scrollScreen()
                0x00000000c0043eea                VgaText::combineCharAndColour(char, unsigned char)
                0x00000000c0043efc                VgaText::writeCharacter(char, VgaColour, VgaColour, int, int)
                0x00000000c0043f5c                VgaText::getCursorX()
                0x00000000c0043f68                VgaText::getCursorY()
                0x00000000c0043f74                VgaText::setCursor(int, int)
                0x00000000c0043f92                VgaText::setCursorX(int)
                0x00000000c0043fae                VgaText::setCursorY(int)
                0x00000000c0043fca                VgaText::incrementCursor(bool)
                0x00000000c0044032                VgaText::updateRAMUsageDisplay(int)
                0x00000000c004408c                VgaText::updateDiskUsage()
                0x00000000c00441f2                VgaText::updateTitle()
                0x00000000c0044238                VgaText::setTitleTextColour(VgaColour)
                0x00000000c0044248                VgaText::setTitleColour(VgaColour)
                0x00000000c0044258                VgaText::setTitle(char*)