Archive member included to satisfy reference by file (symbol)

/cygdrive/d/Users/Alex/Desktop/Toolchain/Output/bin/../lib/gcc/i386-banana/8.1.0/libkgcc.a(_divdi3.o)
                              fs/fat/ff.32 (__divdi3)
/cygdrive/d/Users/Alex/Desktop/Toolchain/Output/bin/../lib/gcc/i386-banana/8.1.0/libkgcc.a(_moddi3.o)
                              compat/resolve.32 (__moddi3)
/cygdrive/d/Users/Alex/Desktop/Toolchain/Output/bin/../lib/gcc/i386-banana/8.1.0/libkgcc.a(_udivdi3.o)
                              fs/fat/ff.32 (__udivdi3)
/cygdrive/d/Users/Alex/Desktop/Toolchain/Output/bin/../lib/gcc/i386-banana/8.1.0/libkgcc.a(_umoddi3.o)
                              compat/resolve.32 (__umoddi3)

Discarded input sections

 .comment       0x0000000000000000       0x12 /cygdrive/d/Users/Alex/Desktop/Toolchain/Output/bin/../lib/gcc/i386-banana/8.1.0/crtbegin.o
 .comment       0x0000000000000000       0x12 acpica/utclib.32
 .comment       0x0000000000000000       0x12 core/malloc.32
 .comment       0x0000000000000000       0x12 libk/string.32
 .comment       0x0000000000000000       0x12 fs/fat/diskio.32
 .comment       0x0000000000000000       0x12 fs/fat/ff.32
 .comment       0x0000000000000000       0x12 fs/fat/ffsystem.32
 .comment       0x0000000000000000       0x12 fs/fat/ffunicode.32
 .comment       0x0000000000000000       0x12 compat/inlines.32
 .comment       0x0000000000000000       0x12 compat/resolve.32
 .group         0x0000000000000000       0x14 core/computer.32
 .group         0x0000000000000000        0xc core/computer.32
 .comment       0x0000000000000000       0x12 core/computer.32
 .comment       0x0000000000000000       0x12 core/gdt.32
 .group         0x0000000000000000        0xc core/idle.32
 .comment       0x0000000000000000       0x12 core/idle.32
 .comment       0x0000000000000000       0x12 core/idt.32
 .comment       0x0000000000000000       0x12 core/kheap.32
 .comment       0x0000000000000000       0x12 core/main.32
 .comment       0x0000000000000000       0x12 core/physmgr.32
 .group         0x0000000000000000        0xc core/pipe.32
 .comment       0x0000000000000000       0x12 core/pipe.32
 .group         0x0000000000000000        0xc core/terminal.32
 .comment       0x0000000000000000       0x12 core/terminal.32
 .comment       0x0000000000000000       0x12 core/tss.32
 .group         0x0000000000000000        0x8 core/unixfile.32
 .group         0x0000000000000000        0x8 core/unixfile.32
 .group         0x0000000000000000        0xc core/unixfile.32
 .group         0x0000000000000000        0x8 core/unixfile.32
 .group         0x0000000000000000        0xc core/unixfile.32
 .group         0x0000000000000000        0x8 core/unixfile.32
 .group         0x0000000000000000        0xc core/unixfile.32
 .group         0x0000000000000000        0xc core/unixfile.32
 .comment       0x0000000000000000       0x12 core/unixfile.32
 .comment       0x0000000000000000       0x12 core/virtmgr.32
 .comment       0x0000000000000000       0x12 coreobjs/c++.32
 .comment       0x0000000000000000       0x12 dbg/kconsole.32
 .group         0x0000000000000000        0xc fs/vfs.32
 .group         0x0000000000000000        0xc fs/vfs.32
 .group         0x0000000000000000        0xc fs/vfs.32
 .comment       0x0000000000000000       0x12 fs/vfs.32
 .group         0x0000000000000000        0xc hal/bus.32
 .comment       0x0000000000000000       0x12 hal/bus.32
 .group         0x0000000000000000        0xc hal/buzzer.32
 .comment       0x0000000000000000       0x12 hal/buzzer.32
 .group         0x0000000000000000        0xc hal/clock.32
 .comment       0x0000000000000000       0x12 hal/clock.32
 .group         0x0000000000000000       0x14 hal/device.32
 .group         0x0000000000000000        0xc hal/device.32
 .group         0x0000000000000000        0x8 hal/device.32
 .group         0x0000000000000000        0xc hal/device.32
 .group         0x0000000000000000        0xc hal/device.32
 .comment       0x0000000000000000       0x12 hal/device.32
 .group         0x0000000000000000        0xc hal/diskctrl.32
 .comment       0x0000000000000000       0x12 hal/diskctrl.32
 .group         0x0000000000000000        0xc hal/diskphys.32
 .comment       0x0000000000000000       0x12 hal/diskphys.32
 .group         0x0000000000000000        0xc hal/fpu.32
 .comment       0x0000000000000000       0x12 hal/fpu.32
 .group         0x0000000000000000        0xc hal/intctrl.32
 .comment       0x0000000000000000       0x12 hal/intctrl.32
 .group         0x0000000000000000        0xc hal/keybrd.32
 .comment       0x0000000000000000       0x12 hal/keybrd.32
 .group         0x0000000000000000        0xc hal/logidisk.32
 .comment       0x0000000000000000       0x12 hal/logidisk.32
 .group         0x0000000000000000        0xc hal/mouse.32
 .comment       0x0000000000000000       0x12 hal/mouse.32
 .comment       0x0000000000000000       0x12 hal/partition.32
 .group         0x0000000000000000        0xc hal/serial.32
[...]
Memory Configuration

Name             Origin             Length             Attributes
*default*        0x0000000000000000 0xffffffffffffffff

Linker script and memory map

LOAD D:/Users/Alex/Desktop/Banana/kernel/boot.32
LOAD crti.32
LOAD /cygdrive/d/Users/Alex/Desktop/Toolchain/Output/bin/../lib/gcc/i386-banana/8.1.0/crtbegin.o
LOAD D:/Users/Alex/Desktop/Banana/kernel/morenasm.32
LOAD acpica/utclib.32
LOAD core/malloc.32
LOAD libk/string.32
LOAD fs/fat/diskio.32
LOAD fs/fat/ff.32
LOAD fs/fat/ffsystem.32
LOAD fs/fat/ffunicode.32
LOAD compat/inlines.32
LOAD compat/resolve.32
LOAD core/computer.32
LOAD core/gdt.32
LOAD core/idle.32
LOAD core/idt.32
LOAD core/kheap.32
LOAD core/main.32
LOAD core/physmgr.32
LOAD core/pipe.32
LOAD core/terminal.32
LOAD core/tss.32
LOAD core/unixfile.32
LOAD core/virtmgr.32
LOAD coreobjs/c++.32
LOAD dbg/kconsole.32
LOAD fs/vfs.32
LOAD hal/bus.32
LOAD hal/buzzer.32
LOAD hal/clock.32
LOAD hal/device.32
LOAD hal/diskctrl.32
LOAD hal/diskphys.32
LOAD hal/fpu.32
LOAD hal/intctrl.32
LOAD hal/keybrd.32
LOAD hal/logidisk.32
LOAD hal/mouse.32
LOAD hal/partition.32
LOAD hal/serial.32
LOAD hal/timer.32
LOAD hal/vcache.32
LOAD hal/video.32
LOAD hw/acpi.32
LOAD hw/cpu.32
LOAD hw/ports.32
LOAD hw/smp.32
LOAD krnl/env.32
LOAD krnl/panic.32
LOAD krnl/powctrl.32
LOAD net/ethernet.32
LOAD reg/registry.32
LOAD sys/sc_eject.32
LOAD sys/sc_exit.32
LOAD sys/sc_getcwd.32
LOAD sys/sc_getpid.32
LOAD sys/sc_getramdata.32
LOAD sys/sc_getvgaptr.32
LOAD sys/sc_loaddll.32
LOAD sys/sc_read.32
LOAD sys/sc_sbrk.32
LOAD sys/sc_setcwd.32
LOAD sys/sc_settime.32
LOAD sys/sc_timezone.32
LOAD sys/sc_write.32
LOAD sys/sc_wsbe.32
LOAD sys/sc_yield.32
LOAD sys/syscalls.32
LOAD thr/elf.32
LOAD thr/prcssthr.32
LOAD vm86/vm8086.32
LOAD vm86/x87em.32
LOAD fs/fat/vfslink.32
LOAD fs/iso9660/vfslink.32
LOAD hal/sound/sndcard.32
LOAD hal/sound/sndport.32
LOAD hw/bus/isa.32
LOAD hw/bus/pci.32
LOAD hw/diskctrl/ide.32
LOAD hw/diskctrl/satabus.32
LOAD hw/diskphys/ata.32
LOAD hw/diskphys/atapi.32
LOAD hw/diskphys/sata.32
LOAD hw/diskphys/satapi.32
LOAD hw/fpu/avx.32
LOAD hw/fpu/mmx.32
LOAD hw/fpu/sse.32
LOAD hw/fpu/x87.32
LOAD hw/intctrl/apic.32
LOAD hw/intctrl/pic.32
LOAD hw/timer/apictimer.32
LOAD hw/timer/pit.32
LOAD hw/fpu/x86/avx.32
LOAD hw/fpu/x86/sse.32
LOAD hw/fpu/x86/x87.32
LOAD /cygdrive/d/Users/Alex/Desktop/Toolchain/Output/bin/../lib/gcc/i386-banana/8.1.0/crtend.o
LOAD crtn.32
LOAD /cygdrive/d/Users/Alex/Desktop/Toolchain/Output/bin/../lib/gcc/i386-banana/8.1.0/libkgcc.a
LOAD D:/Users/Alex/Desktop/Banana/kernel/libsoftfp.a
LOAD D:/Users/Alex/Desktop/Banana/kernel/libk/libm32.a
                0x00000000c0000000                . = 0xc0000000

.text           0x00000000c0000000    0x228be
 *(.text)
 .text          0x00000000c0000000       0x41 D:/Users/Alex/Desktop/Banana/kernel/boot.32
                0x00000000c0000020                callGlobalConstructors
 .text          0x00000000c0000041        0x0 crti.32
 *fill*         0x00000000c0000041        0x3 
 .text          0x00000000c0000044      0x101 /cygdrive/d/Users/Alex/Desktop/Toolchain/Output/bin/../lib/gcc/i386-banana/8.1.0/crtbegin.o
 *fill*         0x00000000c0000145        0xb 
 .text          0x00000000c0000150      0x430 D:/Users/Alex/Desktop/Banana/kernel/morenasm.32
                0x00000000c0000150                manualPCIProbe
                0x00000000c000019b                prepareTramp
                0x00000000c00001b4                doTPAUSE
                0x00000000c00001be                hasLegacyFPU
                0x00000000c00001e3                is486
                0x00000000c0000219                detectCPUID
                0x00000000c000022f                goToVM86
                0x00000000c000025f                goToUsermode
                0x00000000c0000289                switchToThreadASMFirstTime
                0x00000000c0000297                switchToThreadASM
                0x00000000c0000327                asmQuickAcquireLock
                0x00000000c0000345                asmQuickReleaseLock
                0x00000000c0000351                asmAcquireLock
                0x00000000c0000372                asmReleaseLock
                0x00000000c0000385                loadGDT
                0x00000000c00003a5                isr0
                0x00000000c00003b5                isr1
                0x00000000c00003bf                isr2
                0x00000000c00003c9                isr3
                0x00000000c00003d3                isr4
                0x00000000c00003dd                isr5
                0x00000000c00003e7                isr6
                0x00000000c00003f1                isr7
                0x00000000c00003fb                isr8
                0x00000000c0000403                isr9
                0x00000000c000040d                isr10
                0x00000000c0000415                isr11
                0x00000000c000041d                isr12
                0x00000000c0000425                isr13
                0x00000000c000042d                isr14
                0x00000000c0000435                isr15
                0x00000000c000043f                isr16
                0x00000000c0000449                isr17
                0x00000000c0000453                isr18
                0x00000000c000045d                irq3
                0x00000000c0000467                irq4
                0x00000000c0000471                irq5
                0x00000000c000047b                irq6
                0x00000000c0000485                irq7
                0x00000000c000048f                irq8
                0x00000000c0000499                irq9
                0x00000000c00004a3                irq10
                0x00000000c00004ad                irq11
                0x00000000c00004b7                irq12
                0x00000000c00004c1                irq13
                0x00000000c00004cb                irq14
                0x00000000c00004d5                irq15
                0x00000000c00004df                irq1
                0x00000000c00004e6                irq2
                0x00000000c00004ed                isr96
                0x00000000c00004f4                irq0
                0x00000000c00004f9                int_common_stub
                0x00000000c00004f9                syscall_common_stub
                0x00000000c000052b                irq16
                0x00000000c0000535                irq17
                0x00000000c000053f                irq18
                0x00000000c0000549                irq19
                0x00000000c0000553                irq20
                0x00000000c000055d                irq21
                0x00000000c0000567                irq22
                0x00000000c0000571                irq23
                0x00000000c000057b                memcpy
 .text          0x00000000c0000580      0x5dd acpica/utclib.32
                0x00000000c0000580                memcmp
                0x00000000c00005bc                memmove
                0x00000000c0000684                memset
                0x00000000c00006a0                strlen
                0x00000000c00006b8                strpbrk
                0x00000000c00006f4                strtok
                0x00000000c0000740                strcpy
                0x00000000c0000764                strncpy
                0x00000000c00007cc                strcmp
                0x00000000c000080c                strchr
                0x00000000c0000830                strncmp
                0x00000000c0000880                strcat
                0x00000000c00008b0                strncat
                0x00000000c00008ec                strstr
                0x00000000c0000934                toupper
                0x00000000c0000948                tolower
                0x00000000c000095c                simple_strtoul
 .text          0x00000000c0000b5d      0xfad core/malloc.32
                0x00000000c0000cc8                dlfree
                0x00000000c0001023                dlmalloc
                0x00000000c0001560                dlrealloc
                0x00000000c0001703                dlmemalign
                0x00000000c0001826                dlcalloc
                0x00000000c00018c0                dlcfree
                0x00000000c00018c5                dlindependent_calloc
                0x00000000c00018ea                dlindependent_comalloc
                0x00000000c0001901                dlvalloc
                0x00000000c000192c                dlpvalloc
                0x00000000c0001962                dlmalloc_trim
                0x00000000c000196f                dlmalloc_usable_size
                0x00000000c00019a0                dlmallinfo
                0x00000000c0001a6f                dlmalloc_stats
                0x00000000c0001a80                dlmallopt
 .text          0x00000000c0001b0a        0x0 libk/string.32
 .text          0x00000000c0001b0a       0x51 fs/fat/diskio.32
                0x00000000c0001b0a                disk_status
                0x00000000c0001b0d                disk_initialize
                0x00000000c0001b10                disk_read
                0x00000000c0001b26                disk_write
                0x00000000c0001b3c                disk_ioctl
 .text          0x00000000c0001b5b     0x6a69 fs/fat/ff.32
                0x00000000c0004e29                f_mount
                0x00000000c0004e8b                f_open
                0x00000000c00052c7                f_read
                0x00000000c0005547                f_write
                0x00000000c0005801                f_sync
                0x00000000c00059dd                f_close
                0x00000000c0005a0c                f_lseek
                0x00000000c0005ec3                f_opendir
                0x00000000c0005fc5                f_closedir
                0x00000000c0005fe7                f_readdir
                0x00000000c0006082                f_stat
                0x00000000c0006111                f_getfree
                0x00000000c00062dc                f_truncate
                0x00000000c00063d4                f_unlink
                0x00000000c0006557                f_mkdir
                0x00000000c0006783                f_rename
                0x00000000c0006a76                f_chmod
                0x00000000c0006b54                f_utime
                0x00000000c0006c32                f_getlabel
                0x00000000c0006e20                f_setlabel
                0x00000000c000708d                f_expand
                0x00000000c00072c3                f_forward
                0x00000000c00074a1                f_mkfs
 .text          0x00000000c00085c4       0x2f fs/fat/ffsystem.32
                0x00000000c00085c4                ff_memalloc
                0x00000000c00085dc                ff_memfree
 *fill*         0x00000000c00085f3        0x1 
 .text          0x00000000c00085f4      0x274 fs/fat/ffunicode.32
                0x00000000c00085f4                ff_uni2oem
                0x00000000c000868c                ff_oem2uni
                0x00000000c0008700                ff_wtoupper
 .text          0x00000000c0008868       0xa7 compat/inlines.32
                0x00000000c0008868                CPU::current()
                0x00000000c0008874                operator new(unsigned long)
                0x00000000c0008879                operator delete(void*)
                0x00000000c000887e                disableIRQs()
                0x00000000c0008886                enableIRQs()
                0x00000000c0008895                lockScheduler()
                0x00000000c000889d                unlockScheduler()
                0x00000000c00088ac                lockStuff()
                0x00000000c00088ba                unlockStuff()
                0x00000000c00088f4                Virt::getAKernelVAS()
                0x00000000c00088fa                __not_memcpy
 *fill*         0x00000000c000890f        0x1 
 .text          0x00000000c0008910      0x118 compat/resolve.32
                0x00000000c0008910                Krnl::resolveCompatibilitySymbol(char*)
 .text          0x00000000c0008a28      0x841 core/computer.32
                0x00000000c0008a28                Computer::close(int, int, void*)
                0x00000000c0008a6c                Krnl::firstTask()
                0x00000000c0008bc0                Computer::Computer()
                0x00000000c0008bc0                Computer::Computer()
                0x00000000c0008d1c                Computer::setBootMessage(char const*)
                0x00000000c0008d1e                Computer::detectFeatures()
                0x00000000c0008f28                Computer::displayFeatures()
                0x00000000c0008f2a                Computer::rdmsr(unsigned int)
                0x00000000c0008f56                Computer::wrmsr(unsigned int, unsigned long long)
                0x00000000c0008f8e                Computer::shutdown()
                0x00000000c0008fa6                Computer::restart()
                0x00000000c0008fbe                Computer::sleep()
                0x00000000c0008fd2                Computer::nmiEnabled()
                0x00000000c0008fde                Computer::readCMOS(unsigned char)
                0x00000000c0008ff8                Computer::enableNMI(bool)
                0x00000000c0009010                Computer::open(int, int, void*)
                0x00000000c00091ac                Computer::disableNMI()
                0x00000000c00091ba                Computer::writeCMOS(unsigned char, unsigned char)
                0x00000000c00091d8                Computer::handleNMI()
                0x00000000c000923e                Computer::setDiskActivityLight(int, bool)
 *fill*         0x00000000c0009269        0x1 
 .text          0x00000000c000926a      0x19d core/gdt.32
                0x00000000c000926a                GDTEntry::setBase(unsigned int)
                0x00000000c0009286                GDTEntry::setLimit(unsigned int)
                0x00000000c00092a4                GDT::GDT()
                0x00000000c00092a4                GDT::GDT()
                0x00000000c00092ba                GDT::addEntry(GDTEntry)
                0x00000000c00092dc                GDT::getNumberOfEntries()
                0x00000000c00092e4                GDT::flush()
                0x00000000c0009306                GDT::setup()
 .text          0x00000000c0009407       0x6b core/idle.32
                0x00000000c0009407                idleFunction(void*)
 *fill*         0x00000000c0009472        0x2 
 .text          0x00000000c0009474      0x464 core/idt.32
                0x00000000c0009474                IDTEntry::IDTEntry(bool)
                0x00000000c0009474                IDTEntry::IDTEntry(bool)
                0x00000000c00094e6                IDTEntry::setOffset(unsigned int)
                0x00000000c00094fc                IDT::IDT()
                0x00000000c00094fc                IDT::IDT()
                0x00000000c00094fe                IDT::getPointerToInvalidOpcodeEntryForF00F()
                0x00000000c0009506                IDT::addEntry(IDTEntry, int)
                0x00000000c0009520                IDT::addEntry(int, void (*)(), bool)
                0x00000000c0009558                IDT::flush()
                0x00000000c0009572                IDT::setup()
 .text          0x00000000c00098d8      0x191 core/kheap.32
                0x00000000c00098d8                sbrk
                0x00000000c000997b                mmap
                0x00000000c0009991                munmap
                0x00000000c00099a7                liballoc_lock()
                0x00000000c00099b4                liballoc_unlock()
                0x00000000c00099c8                liballoc_alloc(int)
                0x00000000c00099e0                liballoc_free(void*, int)
                0x00000000c00099fb                realloc
                0x00000000c0009a0f                malloc
                0x00000000c0009a1f                free
                0x00000000c0009a2f                rfree
                0x00000000c0009a3f                calloc
 .text          0x00000000c0009a69      0x437 core/main.32
                0x00000000c0009a69                Krnl::setBootMessage(char const*)
                0x00000000c0009ad5                kernel_main
 .text          0x00000000c0009ea0      0x673 core/physmgr.32
                0x00000000c0009ea0                Phys::allocateDMA(unsigned long)
                0x00000000c0009faf                Phys::freeDMA(unsigned long, unsigned long)
                0x00000000c0009ff5                Phys::setPageState(unsigned long, bool)
                0x00000000c000a027                Phys::getPageState(unsigned long)
                0x00000000c000a043                Phys::freePage(unsigned long)
                0x00000000c000a0c6                Phys::allocatePage()
                0x00000000c000a1b1                Phys::allocateContiguousPages(int)
                0x00000000c000a20d                Phys::allowSegmentToBeUsed(unsigned long, unsigned long)
                0x00000000c000a245                Phys::physicalMemorySetup(unsigned int)
 *fill*         0x00000000c000a513        0x1 
 .text          0x00000000c000a514      0x273 core/pipe.32
                0x00000000c000a514                Pipe::isAtty()
                0x00000000c000a518                Pipe::~Pipe()
                0x00000000c000a518                Pipe::~Pipe()
                0x00000000c000a53c                Pipe::~Pipe()
                0x00000000c000a564                Pipe::read(unsigned long long, void*, int*)
                0x00000000c000a660                Pipe::write(unsigned long long, void*, int*)
                0x00000000c000a720                Pipe::Pipe(int)
                0x00000000c000a720                Pipe::Pipe(int)
 *fill*         0x00000000c000a787        0x1 
 .text          0x00000000c000a788      0xb93 core/terminal.32
                0x00000000c000a788                VgaText::isAtty()
                0x00000000c000a78c                VgaText::~VgaText()
                0x00000000c000a78c                VgaText::~VgaText()
                0x00000000c000a7b0                VgaText::~VgaText()
                0x00000000c000a7da                VgaText::read(unsigned long long, void*, int*)
                0x00000000c000a7fa                setTerminalScrollLock(bool)
                0x00000000c000a7fb                addToTerminalCycle(VgaText*)
                0x00000000c000a81c                installVgaTextImplementation()
                0x00000000c000a831                scrollTerminalScrollLock(int)
                0x00000000c000a832                VgaText::updateTitle()
                0x00000000c000a870                VgaText::load()
                0x00000000c000a8be                VgaText::updateCursor()
                0x00000000c000a8d4                VgaText::doANSI_SGR(int)
                0x00000000c000a948                VgaText::setDefaultBgColour(VgaColour)
                0x00000000c000a958                VgaText::setDefaultFgColour(VgaColour)
                0x00000000c000a968                VgaText::setDefaultColours(VgaColour, VgaColour)
                0x00000000c000a988                VgaText::setTitleTextColour(VgaColour)
                0x00000000c000a998                VgaText::setTitleColour(VgaColour)
                0x00000000c000a9a8                VgaText::setTitle(char*)
                0x00000000c000a9ce                VgaText::combineColours(unsigned char, unsigned char)
                0x00000000c000a9e0                VgaText::scrollScreen()
                0x00000000c000aa74                VgaText::combineCharAndColour(char, unsigned char)
                0x00000000c000aa86                VgaText::writeCharacter(char, VgaColour, VgaColour, int, int)
                0x00000000c000aae2                VgaText::getCursorX()
                0x00000000c000aaea                VgaText::getCursorY()
                0x00000000c000aaf2                VgaText::setCursor(int, int)
                0x00000000c000ab09                setActiveTerminal(VgaText*)
                0x00000000c000ab6b                doTerminalCycle()
                0x00000000c000ab86                VgaText::setCursorX(int)
                0x00000000c000ab9e                VgaText::setCursorY(int)
                0x00000000c000abb6                VgaText::incrementCursor(bool)
                0x00000000c000ac0a                VgaText::decrementCursor(bool)
                0x00000000c000ac2c                VgaText::putchar(char, VgaColour, VgaColour)
                0x00000000c000ad04                VgaText::doUpdate()
                0x00000000c000ad12                VgaText::puts(char const*, VgaColour, VgaColour)
                0x00000000c000ae8a                VgaText::clearScreen()
                0x00000000c000aee4                VgaText::putchar(char)
                0x00000000c000afd0                VgaText::putx(unsigned int)
                0x00000000c000b016                VgaText::puts(char const*)
                0x00000000c000b03c                VgaText::VgaText(char const*)
                0x00000000c000b03c                VgaText::VgaText(char const*)
                0x00000000c000b1ba                VgaText::receiveKey(unsigned char)
                0x00000000c000b2a2                VgaText::write(unsigned long long, void*, int*)
                0x00000000c000b2f6                newTerminal(char*)
 *fill*         0x00000000c000b31b        0x1 
 .text          0x00000000c000b31c      0x1a1 core/tss.32
                0x00000000c000b31c                TSS::TSS()
                0x00000000c000b31c                TSS::TSS()
                0x00000000c000b32c                TSS::setESP(unsigned long)
                0x00000000c000b340                TSS::flush()
                0x00000000c000b360                TSS::setup(unsigned long, unsigned long)
 *fill*         0x00000000c000b4bd        0x1 
 .text          0x00000000c000b4be      0x4c2 core/unixfile.32
                0x00000000c000b4be                ReservedFilename::read(unsigned long long, void*, int*)
                0x00000000c000b514                ReservedFilename::isAtty()
                0x00000000c000b530                ReservedFilename::write(unsigned long long, void*, int*)
                0x00000000c000b58e                UnixFile::getFileDescriptor()
                0x00000000c000b596                UnixFile::UnixFile(int)
                0x00000000c000b596                UnixFile::UnixFile(int)
                0x00000000c000b746                ReservedFilename::ReservedFilename(int)
                0x00000000c000b746                ReservedFilename::ReservedFilename(int)
                0x00000000c000b778                UnixFile::~UnixFile()
                0x00000000c000b778                UnixFile::~UnixFile()
                0x00000000c000b810                UnixFile::~UnixFile()
                0x00000000c000b838                ReservedFilename::~ReservedFilename()
                0x00000000c000b838                ReservedFilename::~ReservedFilename()
                0x00000000c000b85c                ReservedFilename::~ReservedFilename()
                0x00000000c000b883                getFromFileDescriptor(int)
 .text          0x00000000c000b980     0x1218 core/virtmgr.32
                0x00000000c000b980                Virt::setPageState(unsigned long, Virt::VirtPageState)
                0x00000000c000b9b5                Virt::getPageState(unsigned long)
                0x00000000c000b9d9                Virt::allocateKernelVirtualPages(int)
                0x00000000c000baea                Virt::freeSwapfilePage(unsigned long)
                0x00000000c000bb08                Virt::swapIDToSector(unsigned long)
                0x00000000c000bb1a                Virt::allocateSwapfilePage()
                0x00000000c000bb98                Virt::virtualMemorySetup()
                0x00000000c000bbe3                Virt::setupPageSwapping(int)
                0x00000000c000bc54                VAS::VAS()
                0x00000000c000bc54                VAS::VAS()
                0x00000000c000bc90                VAS::VAS(VAS*)
                0x00000000c000bc90                VAS::VAS(VAS*)
                0x00000000c000bcbe                VAS::getForeignPageTableEntry(bool, unsigned long)
                0x00000000c000bcea                VAS::getPageTableEntry(unsigned long)
                0x00000000c000bd09                Virt::freeKernelVirtualPages(unsigned long)
                0x00000000c000be2c                VAS::freeAllocatedPages(unsigned long)
                0x00000000c000be50                VAS::virtualToPhysical(unsigned long)
                0x00000000c000be68                VAS::reflagRange(unsigned long, int, int, int)
                0x00000000c000bea8                VAS::setToWriteCombining(unsigned long, int)
                0x00000000c000beda                VAS::mapOtherVASIn(bool, VAS*)
                0x00000000c000bf04                VAS::~VAS()
                0x00000000c000bf04                VAS::~VAS()
                0x00000000c000c080                VAS::mapPage(unsigned long, unsigned long, int)
                0x00000000c000c182                VAS::allocatePages(int, int)
                0x00000000c000c35a                VAS::setCPUSpecific(unsigned long)
                0x00000000c000c376                VAS::mapRange(unsigned long, unsigned long, int, int)
                0x00000000c000c43c                VAS::mapForeignPage(bool, VAS*, unsigned long, unsigned long, int)
                0x00000000c000c52a                VAS::VAS(bool)
                0x00000000c000c52a                VAS::VAS(bool)
                0x00000000c000c7aa                VAS::evict(unsigned long)
                0x00000000c000c87a                VAS::tryLoadBackOffDisk(unsigned long)
                0x00000000c000c98e                VAS::scanForEviction()
                0x00000000c000ca6c                mapVASFirstTime
 .text          0x00000000c000cb98       0x95 coreobjs/c++.32
                0x00000000c000cb98                __cxa_atexit
                0x00000000c000cb9b                __cxa_finalize
                0x00000000c000cb9c                __stack_chk_fail
                0x00000000c000cc08                __cxa_pure_virtual
                0x00000000c000cc19                operator new[](unsigned long)
                0x00000000c000cc1e                operator delete(void*, unsigned long)
                0x00000000c000cc23                operator delete[](void*)
                0x00000000c000cc28                operator delete[](void*, unsigned long)
 .text          0x00000000c000cc2d      0x1fc dbg/kconsole.32
                0x00000000c000cc2d                Dbg::stringifyxWithBase(unsigned int, char*, int)
                0x00000000c000cc86                Dbg::logc(char)
                0x00000000c000cca6                Dbg::logs(char*)
                0x00000000c000ccc3                Dbg::logWriteInt(unsigned int)
                0x00000000c000cce0                Dbg::logWriteIntBase(unsigned int, int)
                0x00000000c000ccff                Dbg::kprintf(char const*, ...)
 *fill*         0x00000000c000ce29        0x1 
 .text          0x00000000c000ce2a      0xbe0 fs/vfs.32
                0x00000000c000ce2a                File::read(unsigned long long, void*, int*)
                0x00000000c000ce82                File::write(unsigned long long, void*, int*)
                0x00000000c000ceda                Directory::read(unsigned long long, void*, int*)
                0x00000000c000cf32                Directory::write(unsigned long long, void*, int*)
                0x00000000c000cf60                File::isAtty()
                0x00000000c000cf64                Directory::isAtty()
                0x00000000c000cf68                Filesystem::getlabel(LogicalDisk*, int, char*, unsigned int*)
                0x00000000c000cf6e                Filesystem::setlabel(LogicalDisk*, int, char*)
                0x00000000c000cf74                Filesystem::allocateSwapfile(char const*, int)
                0x00000000c000cf7a                File::~File()
                0x00000000c000cf7a                File::~File()
                0x00000000c000cf9e                File::~File()
                0x00000000c000cfc8                Directory::~Directory()
                0x00000000c000cfc8                Directory::~Directory()
                0x00000000c000cfec                Directory::~Directory()
                0x00000000c000d016                Filesystem::Filesystem()
                0x00000000c000d016                Filesystem::Filesystem()
                0x00000000c000d03a                Filesystem::~Filesystem()
                0x00000000c000d03a                Filesystem::~Filesystem()
                0x00000000c000d048                Filesystem::~Filesystem()
                0x00000000c000d06c                Fs::getcwd(Process*, char*, int)
                0x00000000c000d096                Fs::initVFS()
                0x00000000c000d0c0                Fs::standardiseFiles(char*, char const*, char const*)
                0x00000000c000d26a                File::File(char const*, Process*)
                0x00000000c000d26a                File::File(char const*, Process*)
                0x00000000c000d32c                File::open(FileOpenMode)
                0x00000000c000d38a                File::close()
                0x00000000c000d3ea                File::seek(unsigned long long)
                0x00000000c000d440                File::tell(unsigned long long*)
                0x00000000c000d490                File::rewind()
                0x00000000c000d4a4                File::unlink()
                0x00000000c000d4f0                File::rename(char const*)
                0x00000000c000d53e                File::chfatattr(unsigned char, unsigned char)
                0x00000000c000d59a                File::exists()
                0x00000000c000d5d8                File::stat(unsigned long long*, bool*)
                0x00000000c000d639                Fs::setcwd(Process*, char*)
                0x00000000c000d774                Directory::Directory(char const*, Process*)
                0x00000000c000d774                Directory::Directory(char const*, Process*)
                0x00000000c000d7d8                Directory::open()
                0x00000000c000d834                Directory::close()
                0x00000000c000d894                Directory::unlink()
                0x00000000c000d8e0                Directory::rename(char const*)
                0x00000000c000d92e                Directory::exists()
                0x00000000c000d96c                Directory::read(dirent*)
                0x00000000c000d9b8                Directory::create()
                0x00000000c000da04                Filesystem::chfatattr(char const*, unsigned char, unsigned char)
 *fill*         0x00000000c000da0a        0x2 
 .text          0x00000000c000da0c       0x86 hal/bus.32
                0x00000000c000da0c                Bus::Bus(char const*)
                0x00000000c000da0c                Bus::Bus(char const*)
                0x00000000c000da44                Bus::~Bus()
                0x00000000c000da44                Bus::~Bus()
                0x00000000c000da68                Bus::~Bus()
 *fill*         0x00000000c000da92        0x2 
 .text          0x00000000c000da94      0x153 hal/buzzer.32
                0x00000000c000da94                Buzzer::Buzzer(char const*)
                0x00000000c000da94                Buzzer::Buzzer(char const*)
                0x00000000c000dad8                Buzzer::~Buzzer()
                0x00000000c000dad8                Buzzer::~Buzzer()
                0x00000000c000dafc                Buzzer::~Buzzer()
                0x00000000c000db26                Buzzer::stop()
                0x00000000c000db39                beepThread(void*)
                0x00000000c000db7a                Buzzer::beep(int, int, bool)
 *fill*         0x00000000c000dbe7        0x1 
 .text          0x00000000c000dbe8      0x467 hal/clock.32
                0x00000000c000dbe8                User::loadClockSettings(int)
                0x00000000c000dc3a                Clock::Clock(char const*)
                0x00000000c000dc3a                Clock::Clock(char const*)
                0x00000000c000dc70                Clock::~Clock()
                0x00000000c000dc70                Clock::~Clock()
                0x00000000c000dc94                Clock::~Clock()
                0x00000000c000dcbe                Clock::timeInSecondsLocal()
                0x00000000c000dd06                Clock::setTimeInSecondsLocal(unsigned long long)
                0x00000000c000dd5f                datetimeToSeconds(datetime_t)
                0x00000000c000de86                Clock::setTimeInDatetimeLocal(datetime_t)
                0x00000000c000dee6                secondsToDatetime(unsigned long long)
                0x00000000c000e02a                Clock::timeInDatetimeLocal()
 *fill*         0x00000000c000e04f        0x1 
 .text          0x00000000c000e050      0x504 hal/device.32
                0x00000000c000e050                Device::hibernate()
                0x00000000c000e052                Device::wake()
                0x00000000c000e054                Device::detect()
                0x00000000c000e056                Device::disableLegacy()
                0x00000000c000e058                Device::powerSaving(PowerSavingLevel)
                0x00000000c000e05a                DriverlessDevice::close(int, int, void*)
                0x00000000c000e05e                DriverlessDevice::detect()
                0x00000000c000e060                DriverlessDevice::open(int, int, void*)
                0x00000000c000e074                Device::~Device()
                0x00000000c000e074                Device::~Device()
                0x00000000c000e082                Device::~Device()
                0x00000000c000e0aa                Device::findAndLoadDriver()
                0x00000000c000e0b8                Device::preOpenPCI(PCIDeviceInfo)
                0x00000000c000e0de                Device::preOpenACPI(void*, char*, char*)
                0x00000000c000e11e                Device::addIRQHandler(int, void (*)(regs*, void*), bool, void*)
                0x00000000c000e15c                Device::getParent()
                0x00000000c000e168                Device::removeIRQHandler(int, void (*)(regs*, void*), bool)
                0x00000000c000e1a6                Device::addChild(Device*)
                0x00000000c000e1ea                Device::removeAllChildren()
                0x00000000c000e230                Device::hibernateAll()
                0x00000000c000e260                Device::wakeAll()
                0x00000000c000e290                Device::detectAll()
                0x00000000c000e2c0                Device::disableLegacyAll()
                0x00000000c000e2f0                Device::loadDriversForAll()
                0x00000000c000e330                Device::closeAll()
                0x00000000c000e366                Device::powerSavingAll(PowerSavingLevel)
                0x00000000c000e39c                Device::setName(char const*)
                0x00000000c000e3aa                Device::Device(char const*)
                0x00000000c000e3aa                Device::Device(char const*)
                0x00000000c000e4a6                Device::getName()
                0x00000000c000e4b0                DriverlessDevice::DriverlessDevice(char const*)
                0x00000000c000e4b0                DriverlessDevice::DriverlessDevice(char const*)
                0x00000000c000e4e6                Device::addToLinkedList(LinkedList<Device>&, DeviceType)
                0x00000000c000e52a                getDevicesOfType(DeviceType)
 .text          0x00000000c000e554       0x86 hal/diskctrl.32
                0x00000000c000e554                HardDiskController::HardDiskController(char const*)
                0x00000000c000e554                HardDiskController::HardDiskController(char const*)
                0x00000000c000e58c                HardDiskController::~HardDiskController()
                0x00000000c000e58c                HardDiskController::~HardDiskController()
                0x00000000c000e5b0                HardDiskController::~HardDiskController()
 .text          0x00000000c000e5da       0xe2 hal/diskphys.32
                0x00000000c000e5da                PhysicalDisk::eject()
                0x00000000c000e5de                PhysicalDisk::PhysicalDisk(char const*, int)
                0x00000000c000e5de                PhysicalDisk::PhysicalDisk(char const*, int)
                0x00000000c000e646                PhysicalDisk::startCache()
                0x00000000c000e66e                PhysicalDisk::~PhysicalDisk()
                0x00000000c000e66e                PhysicalDisk::~PhysicalDisk()
                0x00000000c000e692                PhysicalDisk::~PhysicalDisk()
 .text          0x00000000c000e6bc      0x147 hal/fpu.32
                0x00000000c000e6bc                FPU::FPU(char const*)
                0x00000000c000e6bc                FPU::FPU(char const*)
                0x00000000c000e6f4                FPU::~FPU()
                0x00000000c000e6f4                FPU::~FPU()
                0x00000000c000e718                FPU::~FPU()
                0x00000000c000e742                setupFPU()
 *fill*         0x00000000c000e803        0x1 
 .text          0x00000000c000e804     0x11e1 hal/intctrl.32
                0x00000000c000e804                InterruptController::uninstallISRHandler(int, void (*)(regs*, void*))
                0x00000000c000e83c                InterruptController::installISRHandler(int, void (*)(regs*, void*), void*)
                0x00000000c000e88e                doubleFault(regs*, void*)
                0x00000000c000e8a8                InterruptController::installIRQHandler(int, void (*)(regs*, void*), bool, void*)
                0x00000000c000e944                InterruptController::clearAllHandlers(int, bool)
                0x00000000c000e9ec                InterruptController::uninstallIRQHandler(int, void (*)(regs*, void*), bool)
                0x00000000c000ea73                nmiHandler(regs*, void*)
                0x00000000c000ea81                int_handler
                0x00000000c000eb22                InterruptController::InterruptController(char const*)
                0x00000000c000eb22                InterruptController::InterruptController(char const*)
                0x00000000c000ebc8                InterruptController::~InterruptController()
                0x00000000c000ebc8                InterruptController::~InterruptController()
                0x00000000c000ebec                InterruptController::~InterruptController()
                0x00000000c000ec16                displayDebugInfo(regs*)
                0x00000000c000f0a5                x87EmulHandler(regs*, void*)
                0x00000000c000f118                gpFault(regs*, void*)
                0x00000000c000f151                pgFault(regs*, void*)
                0x00000000c000f1a0                otherISRHandler(regs*, void*)
                0x00000000c000f1bf                opcodeFault(regs*, void*)
                0x00000000c000f582                displayProgramFault(char const*)
                0x00000000c000f5aa                setupInterruptController()
                0x00000000c000f998                InterruptController::convertLegacyIRQNumber(int)
 *fill*         0x00000000c000f9e5        0x1 
 .text          0x00000000c000f9e6      0x788 hal/keybrd.32
                0x00000000c000f9e6                startGUI(void*)
                0x00000000c000fa52                startGUIVESA(void*)
                0x00000000c000fabe                sendKeyToTerminal(unsigned char)
                0x00000000c000fb7c                sendKeyboardToken(KeyboardToken)
                0x00000000c000ffbe                clearInternalKeybuffer(VgaText*)
                0x00000000c000fff3                readKeyboard(VgaText*, char*, unsigned long)
                0x00000000c00100e4                Keyboard::Keyboard(char const*)
                0x00000000c00100e4                Keyboard::Keyboard(char const*)
                0x00000000c0010120                Keyboard::~Keyboard()
                0x00000000c0010120                Keyboard::~Keyboard()
                0x00000000c0010144                Keyboard::~Keyboard()
 .text          0x00000000c001016e      0x3ea hal/logidisk.32
                0x00000000c001016e                LogicalDisk::close(int, int, void*)
                0x00000000c0010172                LogicalDisk::~LogicalDisk()
                0x00000000c0010172                LogicalDisk::~LogicalDisk()
                0x00000000c0010196                LogicalDisk::~LogicalDisk()
                0x00000000c00101c0                LogicalDisk::open(int, int, void*)
                0x00000000c00101d4                LogicalDisk::absoluteToRelative(unsigned long long)
                0x00000000c001020c                LogicalDisk::relativeToAbsolute(unsigned long long)
                0x00000000c0010252                LogicalDisk::LogicalDisk(char const*, PhysicalDisk*, unsigned long long, unsigned long long)
                0x00000000c0010252                LogicalDisk::LogicalDisk(char const*, PhysicalDisk*, unsigned long long, unsigned long long)
                0x00000000c0010308                LogicalDisk::assignDriveLetter()
                0x00000000c00103be                LogicalDisk::mount()
                0x00000000c0010406                LogicalDisk::unmount()
                0x00000000c0010416                LogicalDisk::eject()
                0x00000000c001042a                LogicalDisk::unassignDriveLetter()
                0x00000000c0010480                LogicalDisk::read(unsigned long long, int, void*)
                0x00000000c00104ec                LogicalDisk::write(unsigned long long, int, void*)
 .text          0x00000000c0010558       0x86 hal/mouse.32
                0x00000000c0010558                Mouse::Mouse(char const*)
                0x00000000c0010558                Mouse::Mouse(char const*)
                0x00000000c0010590                Mouse::~Mouse()
                0x00000000c0010590                Mouse::~Mouse()
                0x00000000c00105b4                Mouse::~Mouse()
 .text          0x00000000c00105de      0x339 hal/partition.32
                0x00000000c00105de                makePartition(PhysicalDisk*, unsigned long long, unsigned long long)
                0x00000000c0010686                createPartitionsForDisk(PhysicalDisk*)
 *fill*         0x00000000c0010917        0x1 
 .text          0x00000000c0010918       0x86 hal/serial.32
                0x00000000c0010918                Serial::Serial(char const*)
                0x00000000c0010918                Serial::Serial(char const*)
                0x00000000c0010950                Serial::~Serial()
                0x00000000c0010950                Serial::~Serial()
                0x00000000c0010974                Serial::~Serial()
 *fill*         0x00000000c001099e        0x2 
 .text          0x00000000c00109a0      0x2f2 hal/timer.32
                0x00000000c00109a0                Timer::Timer(char const*)
                0x00000000c00109a0                Timer::Timer(char const*)
                0x00000000c00109d8                Timer::~Timer()
                0x00000000c00109d8                Timer::~Timer()
                0x00000000c00109fc                Timer::~Timer()
                0x00000000c0010a26                Timer::read()
                0x00000000c0010a31                timerHandler(unsigned int)
                0x00000000c0010b98                setupTimer(int)
 *fill*         0x00000000c0010c92        0x2 
 .text          0x00000000c0010c94      0x42e hal/vcache.32
                0x00000000c0010c94                VCache::VCache(PhysicalDisk*)
                0x00000000c0010c94                VCache::VCache(PhysicalDisk*)
                0x00000000c0010dfc                VCache::invalidateReadBuffer()
                0x00000000c0010e0c                VCache::writeWriteBuffer()
                0x00000000c0010e48                VCache::~VCache()
                0x00000000c0010e48                VCache::~VCache()
                0x00000000c0010e9c                VCache::~VCache()
                0x00000000c0010ec4                VCache::write(unsigned long long, int, void*)
                0x00000000c0010fbe                VCache::read(unsigned long long, int, void*)
 .text          0x00000000c00110c2      0x4b3 hal/video.32
                0x00000000c00110c2                Video::putrect(int, int, int, int, unsigned int)
                0x00000000c001110e                Video::bitblit(int, int, int, int, int, int, int, unsigned int*)
                0x00000000c001117e                Video::blit(unsigned int*, int, int, int, int)
                0x00000000c00111fc                Video::clearScreen(unsigned int)
                0x00000000c0011230                Video::putpixel(int, int, unsigned int)
                0x00000000c001123e                Video::Video(char const*)
                0x00000000c001123e                Video::Video(char const*)
                0x00000000c0011274                Video::~Video()
                0x00000000c0011274                Video::~Video()
                0x00000000c0011298                Video::~Video()
                0x00000000c00112c2                Video::isMonochrome()
                0x00000000c00112ce                Video::getWidth()
                0x00000000c00112da                Video::getHeight()
                0x00000000c00112e6                Video::drawCursor(int, int, unsigned char*, int)
                0x00000000c00113a2                Video::tgaParse(unsigned char*, int, int*, int*)
                0x00000000c001150a                Video::putTGA(int, int, unsigned char*, int)
 *fill*         0x00000000c0011575        0x3 
 .text          0x00000000c0011578     0x1707 hw/acpi.32
                0x00000000c0011578                ACPI::close(int, int, void*)
                0x00000000c001162c                findRSDP()
                0x00000000c0011700                loadACPITables(unsigned char*)
                0x00000000c0011964                findRSDT(unsigned char*)
                0x00000000c0011b24                findDataTable(unsigned char*, char*)
                0x00000000c0011b9c                scanMADT()
                0x00000000c0012078                ACPI::ACPI()
                0x00000000c0012078                ACPI::ACPI()
                0x00000000c00120dc                ACPI::getPCIIRQAssignment(unsigned char, unsigned short, unsigned char)
                0x00000000c00121c4                ACPI::registerPCIIRQAssignment(void*, unsigned short, unsigned char, unsigned char)
                0x00000000c001228c                ACPI::setScreenBrightnessLevel(void*, int)
                0x00000000c0012294                ACPI::detectPCI()
                0x00000000c0012778                ACPI::writeSimpleBootFlag(SimpleBootFlagTable*)
                0x00000000c00127c0                ACPI::sleep()
                0x00000000c00127fc                ACPI::open(int, int, void*)
 *fill*         0x00000000c0012c7f        0x1 
 .text          0x00000000c0012c80     0x1583 hw/cpu.32
                0x00000000c0012c80                CPU::close(int, int, void*)
                0x00000000c0012c84                CPU::lookupAMDName(unsigned char, unsigned char)
                0x00000000c0012e18                CPU::lookupIntelName(unsigned char, unsigned char)
                0x00000000c00130c6                CPU::AMD_K6_write_msr(unsigned int, unsigned int, unsigned int, CPU::REGS*)
                0x00000000c00130e2                CPU::AMD_K6_read_msr(unsigned int, CPU::REGS*)
                0x00000000c00130fa                CPU::AMD_K6_writeback(int, int, int)
                0x00000000c001316e                CPU::cpuid(int, unsigned long*, unsigned long*, unsigned long*, unsigned long*)
                0x00000000c00131f2                CPU::cpuidCheckEDX(unsigned int)
                0x00000000c0013220                CPU::cpuidCheckECX(unsigned int)
                0x00000000c001324e                CPU::cpuidCheckExtendedEBX(unsigned int)
                0x00000000c001327c                CPU::cpuidCheckExtendedECX(unsigned int)
                0x00000000c00132aa                CPU::CPU()
                0x00000000c00132aa                CPU::CPU()
                0x00000000c0013338                CPU::displayFeatures()
                0x00000000c001333a                CPU::detectFeatures()
                0x00000000c0013d2c                CPU::setupSMEP()
                0x00000000c0013d38                CPU::setupUMIP()
                0x00000000c0013d42                CPU::setupTSC()
                0x00000000c0013d4c                CPU::setupLargePages()
                0x00000000c0013d56                CPU::setupPAT()
                0x00000000c0013d92                CPU::setupMTRR()
                0x00000000c0013d94                CPU::setupGlobalPages()
                0x00000000c0013d9e                CPU::allowUsermodeDataAccess()
                0x00000000c0013db0                CPU::prohibitUsermodeDataAccess()
                0x00000000c0013dc2                CPU::setupSMAP()
                0x00000000c0013dd0                CPU::setupFeatures()
                0x00000000c0013e9c                CPU::open(int, int, void*)
                0x00000000c0014008                CPU::decodeAddress(regs*, int*, bool*, unsigned char*)
 .text          0x00000000c0014203        0x0 hw/ports.32
 .text          0x00000000c0014203      0x16a hw/smp.32
                0x00000000c0014203                Krnl::smpEntry()
                0x00000000c0014205                Krnl::startCPU(int)
                0x00000000c001434e                Krnl::startCPUs()
 *fill*         0x00000000c001436d        0x1 
 .text          0x00000000c001436e      0x581 krnl/env.32
                0x00000000c001436e                EnvVarContainer::getEnv(char const*)
                0x00000000c00143ac                EnvVarContainer::setEnv(char const*, char const*)
                0x00000000c001446e                EnvVarContainer::deleteEnv(char const*)
                0x00000000c0014470                EnvVarContainer::loadFrom(char const*, char const*)
                0x00000000c0014656                EnvVarContainer::__loadSystem()
                0x00000000c0014670                EnvVarContainer::__loadUser()
                0x00000000c0014672                EnvVarContainer::EnvVarContainer(Process*)
                0x00000000c0014672                EnvVarContainer::EnvVarContainer(Process*)
                0x00000000c0014694                EnvVarContainer::~EnvVarContainer()
                0x00000000c0014694                EnvVarContainer::~EnvVarContainer()
                0x00000000c00146c4                Krnl::getEnv(Process*, char const*)
                0x00000000c0014729                Krnl::setEnvSystem(char const*, char const*)
                0x00000000c0014743                Krnl::setEnvUser(char const*, char const*)
                0x00000000c0014762                Krnl::setEnvProcess(Process*, char const*, char const*)
                0x00000000c0014775                Krnl::deleteEnvSystem(char const*)
                0x00000000c0014776                Krnl::deleteEnvUser(char const*)
                0x00000000c0014777                Krnl::deleteEnvProcess(Process*, char const*)
                0x00000000c0014778                Krnl::newProcessEnv(Process*)
                0x00000000c001479a                Krnl::copyProcessEnv(Process*, Process*)
                0x00000000c00147e6                Krnl::loadSystemEnv()
                0x00000000c0014814                Krnl::loadUserEnv()
                0x00000000c001483a                Krnl::flushEnv()
                0x00000000c001483b                Krnl::getProcessTotalEnvCount(Process*)
                0x00000000c001485b                Krnl::getProcessEnvPair(Process*, int)
 .text          0x00000000c00148ef      0x39c krnl/panic.32
                0x00000000c00148ef                Krnl::panic(char const*)
 .text          0x00000000c0014c8b      0x194 krnl/powctrl.32
                0x00000000c0014c8b                Krnl::powerThread(void*)
                0x00000000c0014d0b                Krnl::changePowerSettings(Krnl::PowerSettings)
                0x00000000c0014d21                Krnl::userIOReceived()
                0x00000000c0014d2c                Krnl::handlePowerButton()
                0x00000000c0014d61                Krnl::handleSleepButton()
                0x00000000c0014d96                Krnl::setupPowerManager()
 *fill*         0x00000000c0014e1f        0x1 
 .text          0x00000000c0014e20      0x5a0 net/ethernet.32
                0x00000000c0014e20                Net::switchEndian16(unsigned short)
                0x00000000c0014e44                Net::switchEndian32(unsigned int)
                0x00000000c0014e74                Net::crc32Calc(unsigned char*, int)
                0x00000000c0014f18                Net::wrapEthernetFrame(Net::UnwrappedEthernetFrame, unsigned char*)
                0x00000000c0015134                Net::unwrapEthernetFrame(unsigned char*, int)
 .text          0x00000000c00153c0      0x50e reg/registry.32
                0x00000000c00153c0                Reg::findLineFromLoadedData(char*, char*, char*)
                0x00000000c0015518                Reg::getLineFromRegistry(char*, char*, char*, char*)
                0x00000000c001566d                Reg::getLine(char*, char*, char*)
                0x00000000c00156a4                Reg::readInt(char*, char*, int*)
                0x00000000c001578f                Reg::readString(char*, char*, char*, int)
                0x00000000c0015810                Reg::readBool(char*, char*, bool*)
                0x00000000c0015835                Reg::readBoolWithDefault(char*, char*, bool)
                0x00000000c0015861                Reg::readIntWithDefault(char*, char*, int)
                0x00000000c001588d                Reg::readStringWithDefault(char*, char*, char*, int, char*)
 .text          0x00000000c00158ce       0x36 sys/sc_eject.32
                0x00000000c00158ce                Sys::eject(regs*)
 .text          0x00000000c0015904       0x18 sys/sc_exit.32
                0x00000000c0015904                Sys::exit(regs*)
 .text          0x00000000c001591c       0x1f sys/sc_getcwd.32
                0x00000000c001591c                Sys::getCwd(regs*)
 .text          0x00000000c001593b        0xc sys/sc_getpid.32
                0x00000000c001593b                Sys::getPID(regs*)
 .text          0x00000000c0015947       0x1a sys/sc_getramdata.32
                0x00000000c0015947                Sys::getRAMData(regs*)
 .text          0x00000000c0015961       0x84 sys/sc_getvgaptr.32
                0x00000000c0015961                Sys::getVGAPtr(regs*)
 .text          0x00000000c00159e5       0xa8 sys/sc_loaddll.32
                0x00000000c00159e5                Sys::loadDLL(regs*)
 .text          0x00000000c0015a8d       0x68 sys/sc_read.32
                0x00000000c0015a8d                Sys::read(regs*)
 .text          0x00000000c0015af5       0x55 sys/sc_sbrk.32
                0x00000000c0015af5                Sys::sbrk(regs*)
 .text          0x00000000c0015b4a       0x1c sys/sc_setcwd.32
                0x00000000c0015b4a                Sys::setCwd(regs*)
 .text          0x00000000c0015b66       0x95 sys/sc_settime.32
                0x00000000c0015b66                Sys::setTime(regs*)
 .text          0x00000000c0015bfb       0x4a sys/sc_timezone.32
                0x00000000c0015bfb                Sys::timezone(regs*)
 .text          0x00000000c0015c45       0x68 sys/sc_write.32
                0x00000000c0015c45                Sys::write(regs*)
 .text          0x00000000c0015cad       0x62 sys/sc_wsbe.32
                0x00000000c0015cad                Sys::wsbe(regs*)
 .text          0x00000000c0015d0f       0x38 sys/sc_yield.32
                0x00000000c0015d0f                Sys::yield(regs*)
 .text          0x00000000c0015d47      0xf8e sys/syscalls.32
                0x00000000c0015d47                sysCallSeekDir(regs*)
                0x00000000c0015d4c                sysCallTellDir(regs*)
                0x00000000c0015d51                sysCallVerify(regs*)
                0x00000000c0015d5b                sysCallGetArgc(regs*)
                0x00000000c0015d6b                sysFormatDisk(regs*)
                0x00000000c0015dd5                sysSetDiskVolumeLabel(regs*)
                0x00000000c0015e1f                sysGetDiskVolumeLabel(regs*)
                0x00000000c0015e74                sysShutdown(regs*)
                0x00000000c0015ed2                sysCallRealpath(regs*)
                0x00000000c0015f15                sysCallReadDir(regs*)
                0x00000000c0015f94                sysCallIsATTY(regs*)
                0x00000000c0015fee                sysCallSeek(regs*)
                0x00000000c0016045                sysCallTell(regs*)
                0x00000000c00160b1                sysCallSize(regs*)
                0x00000000c0016123                sysCallSizeFromFilename(regs*)
                0x00000000c00161d2                sysCallClose(regs*)
                0x00000000c0016232                sysCallOpenDir(regs*)
                0x00000000c00162a7                sysCallCloseDir(regs*)
                0x00000000c00162fb                sysCallMakeDir(regs*)
                0x00000000c001636b                sysCallWait(regs*)
                0x00000000c0016385                sysCallNotImpl(regs*)
                0x00000000c00163a0                sysPanic(regs*)
                0x00000000c00163ba                sysCallRmdir(regs*)
                0x00000000c001641e                sysCallUnlink(regs*)
                0x00000000c0016482                sysCallGetArgv(regs*)
                0x00000000c00164ce                sysCallTTYName(regs*)
                0x00000000c0016551                sysCallUSleep(regs*)
                0x00000000c001657a                sysCallSpawn(regs*)
                0x00000000c00165e2                sysCallGetEnv(regs*)
                0x00000000c001668f                sysAppSettings(regs*)
                0x00000000c00167a3                sysSetFatAttrib(regs*)
                0x00000000c0016815                sysPipe(regs*)
                0x00000000c001685a                sysGetUnixTime(regs*)
                0x00000000c001686e                string_ends_with(char const*, char const*)
                0x00000000c00168b6                sysCallOpen(regs*)
                0x00000000c0016a9e                Sys::loadSyscalls()
                0x00000000c0016c93                Sys::systemCall(regs*, void*)
 .text          0x00000000c0016cd5     0x1203 thr/elf.32
                0x00000000c0016cd5                Thr::allocateMemoryForTask(Process*, File*, unsigned long, unsigned long, unsigned long)
                0x00000000c0016f7f                Thr::loadProgramIntoMemory(Process*, char const*)
                0x00000000c0017195                Thr::runtimeReferenceHelper()
                0x00000000c00171a8                Thr::getAddressOfKernelSymbol(char const*)
                0x00000000c00171f7                Thr::loadKernelSymbolTable(char const*)
                0x00000000c00174b5                Thr::loadDriverIntoMemory(char const*, unsigned long, bool)
                0x00000000c0017beb                Thr::getDriverBaseFromAddress(unsigned long)
                0x00000000c0017c1d                Thr::getDriverNameFromAddress(unsigned long)
                0x00000000c0017c54                Thr::getDriverOffsetFromAddress(unsigned long)
                0x00000000c0017c6e                Thr::loadDLL(char const*, bool)
                0x00000000c0017e9f                Thr::executeDLL(unsigned long, void*)
 .text          0x00000000c0017ed8     0x12a9 thr/prcssthr.32
                0x00000000c0017ed8                userModeEntryPoint(void*)
                0x00000000c0017f00                changeTSS
                0x00000000c0017f30                switchToThread(ThreadControlBlock*)
                0x00000000c0017fe4                Process::addArgs(char**)
                0x00000000c0018044                Process::Process(char const*, Process*, char**)
                0x00000000c0018044                Process::Process(char const*, Process*, char**)
                0x00000000c0018230                Process::Process(bool, char const*, Process*, char**)
                0x00000000c0018230                Process::Process(bool, char const*, Process*, char**)
                0x00000000c00183e8                taskStartupFunction
                0x00000000c00183f4                Semaphore::Semaphore(int)
                0x00000000c00183f4                Semaphore::Semaphore(int)
                0x00000000c0018424                Mutex::Mutex()
                0x00000000c0018424                Mutex::Mutex()
                0x00000000c0018438                Process::createThread(void (*)(void*), void*, int)
                0x00000000c0018530                Process::createUserThread()
                0x00000000c001854c                setupMultitasking(void (*)())
                0x00000000c0018654                schedule()
                0x00000000c00186e0                Semaphore::tryAcquire()
                0x00000000c00187ac                Semaphore::assertLocked(char const*)
                0x00000000c0018824                blockTaskWithSchedulerLockAlreadyHeld(TaskState)
                0x00000000c001884c                blockTask(TaskState)
                0x00000000c001887c                waitTask(int, int*, int)
                0x00000000c00188c0                milliTenthSleepUntil(unsigned int)
                0x00000000c001894c                milliTenthSleep(unsigned int)
                0x00000000c001895c                sleep(unsigned int)
                0x00000000c0018978                Semaphore::acquire()
                0x00000000c0018a34                taskReturned
                0x00000000c0018a70                Thr::processFromPID(int)
                0x00000000c0018b10                unblockTask(ThreadControlBlock*)
                0x00000000c0018bb4                cleanupTerminatedTask(ThreadControlBlock*)
                0x00000000c0018e7c                cleanerTaskFunction(void*)
                0x00000000c0018f6c                terminateTask(int)
                0x00000000c0019038                Thr::terminateFromIRQ(int)
                0x00000000c0019044                Semaphore::release()
 .text          0x00000000c0019181      0xada vm86/vm8086.32
                0x00000000c0019181                Vm::inbv(unsigned short)
                0x00000000c0019194                Vm::outbv(unsigned short, unsigned char)
                0x00000000c00191ca                Vm::realToLinear(unsigned short, unsigned short)
                0x00000000c00191da                Vm::getSegment(unsigned int)
                0x00000000c00191e2                Vm::getOffset(unsigned int)
                0x00000000c00191e7                Vm::mainloop2()
                0x00000000c0019221                Vm::mainVm8086Loop(void*)
                0x00000000c0019231                Vm::mainloop3(unsigned long)
                0x00000000c0019257                Vm::initialise8086()
                0x00000000c001929a                Vm::finish8086()
                0x00000000c00192fb                Vm::getOutput8086(unsigned char*)
                0x00000000c0019320                Vm::start8086(char const*, unsigned short, unsigned short, unsigned short, unsigned short)
                0x00000000c0019488                Vm::doISR(regs*, int, unsigned char*, unsigned short, unsigned short)
                0x00000000c0019512                Vm::readByteFromReal(unsigned short, unsigned short)
                0x00000000c0019523                Vm::readWordFromReal(unsigned short, unsigned short)
                0x00000000c0019535                Vm::readDwordFromReal(unsigned short, unsigned short)
                0x00000000c0019546                Vm::writeByteFromReal(unsigned short, unsigned short, unsigned char)
                0x00000000c001955b                Vm::writeWordFromReal(unsigned short, unsigned short, unsigned short)
                0x00000000c0019571                Vm::writeDwordFromReal(unsigned short, unsigned short, unsigned int)
                0x00000000c0019586                Vm::faultHandler(regs*)
 *fill*         0x00000000c0019c5b        0x1 
 .text          0x00000000c0019c5c      0xfcd vm86/x87em.32
                0x00000000c0019c5c                Vm::fpuInternalTo32(unsigned long long)
                0x00000000c0019cba                Vm::fpuInternalTo64(unsigned long long)
                0x00000000c0019cc3                Vm::fpu32ToInternal(unsigned int)
                0x00000000c0019d08                Vm::fpu64ToInternal(unsigned long long)
                0x00000000c0019d11                Vm::fpuFloatToLong(unsigned long long)
                0x00000000c0019d70                Vm::fpuULongToFloat(unsigned long long)
                0x00000000c0019dac                Vm::fpuLongToFloat(long long)
                0x00000000c0019e0b                Vm::fpuGet0()
                0x00000000c0019e10                Vm::fpuGet1()
                0x00000000c0019e18                Vm::fpuGetPi()
                0x00000000c0019e20                Vm::fpuGetLog2E()
                0x00000000c0019e38                Vm::fpuGetLogE2()
                0x00000000c0019e50                Vm::fpuGetLog210()
                0x00000000c0019e68                Vm::fpuGetLog102()
                0x00000000c0019e80                Vm::fpuIsSecondLarger(unsigned long long, unsigned long long)
                0x00000000c0019e94                Vm::fpuAreEqual(unsigned long long, unsigned long long)
                0x00000000c0019eaa                Vm::fpuUnorderedCompare(unsigned long long, unsigned long long)
                0x00000000c0019f00                Vm::fpuAdd(unsigned long long, unsigned long long)
                0x00000000c0019f11                Vm::fpuAbs(unsigned long long)
                0x00000000c0019f1a                Vm::fpuChs(unsigned long long)
                0x00000000c0019f2a                Vm::fpuSub(unsigned long long, unsigned long long)
                0x00000000c0019f39                Vm::fpuMultiply(unsigned long long, unsigned long long)
                0x00000000c0019f58                Vm::fpuDivide(unsigned long long, unsigned long long)
                0x00000000c0019f74                Vm::fpuSquare(unsigned long long)
                0x00000000c0019f8a                Vm::fpuGetReg(int)
                0x00000000c0019fcd                Vm::fpuSetReg(int, unsigned long long)
                0x00000000c001a019                Vm::fpuPush(unsigned long long)
                0x00000000c001a077                Vm::fpuPop()
                0x00000000c001a0ca                Vm::x87Handler(regs*)
 *fill*         0x00000000c001ac29        0x3 
 .text          0x00000000c001ac2c     0x13b7 fs/fat/vfslink.32
                0x00000000c001ac2c                FAT::getName()
                0x00000000c001ac34                FAT::tell(void*, unsigned long long*)
                0x00000000c001ac70                FAT::stat(void*, unsigned long long*)
                0x00000000c001acac                FAT::~FAT()
                0x00000000c001acac                FAT::~FAT()
                0x00000000c001acd0                FAT::~FAT()
                0x00000000c001acf8                FAT::getlabel(LogicalDisk*, int, char*, unsigned int*)
                0x00000000c001ad9c                FAT::setlabel(LogicalDisk*, int, char*)
                0x00000000c001ae60                FAT::format(LogicalDisk*, int, char const*, int)
                0x00000000c001b034                FAT::tryMount(LogicalDisk*, int)
                0x00000000c001b24c                FAT::allocateSwapfile(char const*, int)
                0x00000000c001b408                FAT::readDir(void*, unsigned long, void*, int*)
                0x00000000c001b574                FAT::read(void*, unsigned long, void*, int*)
                0x00000000c001b5d4                FAT::write(void*, unsigned long, void*, int*)
                0x00000000c001b634                FAT::close(void*)
                0x00000000c001b688                FAT::closeDir(void*)
                0x00000000c001b6dc                FAT::seek(void*, unsigned long long)
                0x00000000c001b738                fatWrapperReadDisk
                0x00000000c001b780                fatWrapperWriteDisk
                0x00000000c001b7c8                fatWrapperIoctl
                0x00000000c001b8d8                FAT::FAT()
                0x00000000c001b8d8                FAT::FAT()
                0x00000000c001b92c                FAT::fixFilepath(char*)
                0x00000000c001b968                FAT::open(char const*, void**, FileOpenMode)
                0x00000000c001ba9c                FAT::openDir(char const*, void**)
                0x00000000c001bb4c                FAT::stat(char const*, unsigned long long*, bool*)
                0x00000000c001bc40                FAT::unlink(char const*)
                0x00000000c001bcc0                FAT::chfatattr(char const*, unsigned char, unsigned char)
                0x00000000c001be28                FAT::rename(char const*, char const*)
                0x00000000c001bef4                FAT::mkdir(char const*)
                0x00000000c001bf74                FAT::exists(char const*)
 *fill*         0x00000000c001bfe3        0x1 
 .text          0x00000000c001bfe4      0xb75 fs/iso9660/vfslink.32
                0x00000000c001bfe4                ISO9660::format(LogicalDisk*, int, char const*, int)
                0x00000000c001bfea                ISO9660::seek(void*, unsigned long long)
                0x00000000c001c01a                ISO9660::tell(void*, unsigned long long*)
                0x00000000c001c03e                ISO9660::getName()
                0x00000000c001c044                ISO9660::stat(void*, unsigned long long*)
                0x00000000c001c068                ISO9660::chfatattr(char const*, unsigned char, unsigned char)
                0x00000000c001c06e                ISO9660::unlink(char const*)
                0x00000000c001c074                ISO9660::write(void*, unsigned long, void*, int*)
                0x00000000c001c07a                ISO9660::rename(char const*, char const*)
                0x00000000c001c080                ISO9660::mkdir(char const*)
                0x00000000c001c086                ISO9660::close(void*)
                0x00000000c001c0a8                ISO9660::closeDir(void*)
                0x00000000c001c0ca                ISO9660::~ISO9660()
                0x00000000c001c0ca                ISO9660::~ISO9660()
                0x00000000c001c0ee                ISO9660::~ISO9660()
                0x00000000c001c115                __memmem(unsigned char*, int, unsigned char*, int)
                0x00000000c001c157                readSectorFromCDROM(unsigned int, unsigned char*, char)
                0x00000000c001c1b2                ISO9660::tryMount(LogicalDisk*, int)
                0x00000000c001c202                ISO9660::read(void*, unsigned long, void*, int*)
                0x00000000c001c406                ISO9660::readDir(void*, unsigned long, void*, int*)
                0x00000000c001c680                readRoot(unsigned int*, unsigned int*, char)
                0x00000000c001c6d4                readRecursively(char*, unsigned int, unsigned int, unsigned int*, unsigned int*, char, int*)
                0x00000000c001c8a7                getFileData(char*, unsigned int*, unsigned int*, char, int*)
                0x00000000c001c936                ISO9660::open(char const*, void**, FileOpenMode)
                0x00000000c001c9e4                ISO9660::exists(char const*)
                0x00000000c001ca08                ISO9660::stat(char const*, unsigned long long*, bool*)
                0x00000000c001ca9c                ISO9660::openDir(char const*, void**)
                0x00000000c001cb36                ISO9660::ISO9660()
                0x00000000c001cb36                ISO9660::ISO9660()
 *fill*         0x00000000c001cb59        0x1 
 .text          0x00000000c001cb5a      0x298 hal/sound/sndcard.32
                0x00000000c001cb5a                SoundCard::beginPlayback()
                0x00000000c001cb68                SoundCard::stopPlayback()
                0x00000000c001cb76                SoundCard::SoundCard(char const*)
                0x00000000c001cb76                SoundCard::SoundCard(char const*)
                0x00000000c001cc14                SoundCard::~SoundCard()
                0x00000000c001cc14                SoundCard::~SoundCard()
                0x00000000c001cc38                SoundCard::~SoundCard()
                0x00000000c001cc62                SoundCard::configureRates(int, int, int)
                0x00000000c001cc92                SoundCard::getSamples16(int, short*)
                0x00000000c001ccfc                SoundCard::getSamples32(int, int*)
                0x00000000c001cd82                SoundCard::addChannel(SoundPort*)
                0x00000000c001cdde                SoundCard::removeChannel(int)
 *fill*         0x00000000c001cdf2        0x2 
 .text          0x00000000c001cdf4      0x3fb hal/sound/sndport.32
                0x00000000c001cdf4                SoundPort::SoundPort(int, int, int, int)
                0x00000000c001cdf4                SoundPort::SoundPort(int, int, int, int)
                0x00000000c001ce80                SoundPort::~SoundPort()
                0x00000000c001ce80                SoundPort::~SoundPort()
                0x00000000c001ceb4                SoundPort::unpause()
                0x00000000c001cec0                SoundPort::pause()
                0x00000000c001cecc                SoundPort::getBufferUsed()
                0x00000000c001ced4                SoundPort::getBufferSize()
                0x00000000c001cedc                SoundPort::buffer16(short*, int)
                0x00000000c001cf90                SoundPort::buffer32(int*, int)
                0x00000000c001d03c                SoundPort::unbufferAndAdd16(int, short*, SoundCard*)
                0x00000000c001d138                SoundPort::unbufferAndAdd32(int, int*, SoundCard*)
 .text          0x00000000c001d1ef        0x0 hw/bus/isa.32
 *fill*         0x00000000c001d1ef        0x1 
 .text          0x00000000c001d1f0     0x1187 hw/bus/pci.32
                0x00000000c001d1f0                PCI::open(int, int, void*)
                0x00000000c001d20e                PCI::close(int, int, void*)
                0x00000000c001d212                PCI::PCI()
                0x00000000c001d212                PCI::PCI()
                0x00000000c001d2a8                PCI::readBAR8(unsigned int, int)
                0x00000000c001d2c4                PCI::readBAR16(unsigned int, int)
                0x00000000c001d2e2                PCI::readBAR32(unsigned int, int)
                0x00000000c001d2fe                PCI::writeBAR8(unsigned int, unsigned char, int)
                0x00000000c001d31e                PCI::writeBAR16(unsigned int, unsigned short, int)
                0x00000000c001d340                PCI::writeBAR32(unsigned int, unsigned int, int)
                0x00000000c001d360                PCI::legacyMechanism(unsigned char, unsigned char, unsigned char, unsigned char)
                0x00000000c001d3ce                PCI::pciReadWord(unsigned char, unsigned char, unsigned char, unsigned char)
                0x00000000c001d476                PCI::getVendorID(unsigned char, unsigned char, unsigned char)
                0x00000000c001d49a                PCI::getHeaderType(unsigned char, unsigned char, unsigned char)
                0x00000000c001d4c2                PCI::getClassCode(unsigned char, unsigned char, unsigned char)
                0x00000000c001d50c                PCI::getProgIF(unsigned char, unsigned char, unsigned char)
                0x00000000c001d534                PCI::getRevisionID(unsigned char, unsigned char, unsigned char)
                0x00000000c001d558                PCI::getInterruptNumber(unsigned char, unsigned char, unsigned char)
                0x00000000c001d57c                PCI::getSecondaryBus(unsigned char, unsigned char, unsigned char)
                0x00000000c001d5a4                PCI::getBARAddress(unsigned char, unsigned char, unsigned char, unsigned char)
                0x00000000c001d608                PCI::pciWriteWord(unsigned char, unsigned char, unsigned char, unsigned char, unsigned short)
                0x00000000c001d6f0                PCI::pciDetailsToFilepath(PCIDeviceInfo, char*)
                0x00000000c001dae2                PCI::checkBus(unsigned char)
                0x00000000c001db06                PCI::foundDevice(PCIDeviceInfo)
                0x00000000c001df46                PCI::getDeviceData(unsigned char, unsigned char, unsigned char)
                0x00000000c001e2b8                PCI::checkDevice(unsigned char, unsigned char)
                0x00000000c001e324                PCI::detect()
 *fill*         0x00000000c001e377        0x1 
 .text          0x00000000c001e378      0xb4a hw/diskctrl/ide.32
                0x00000000c001e378                IDE::close(int, int, void*)
                0x00000000c001e37c                IDE::IDE()
                0x00000000c001e37c                IDE::IDE()
                0x00000000c001e3b0                IDE::prepareInterrupt(unsigned char)
                0x00000000c001e3c2                selectDrive(unsigned char, unsigned char)
                0x00000000c001e3c4                IDE::getBase(unsigned char)
                0x00000000c001e3d6                IDE::write(unsigned char, unsigned char, unsigned char)
                0x00000000c001e496                IDE::read(unsigned char, unsigned char)
                0x00000000c001e544                IDE::waitInterrupt(unsigned char)
                0x00000000c001e5a6                ideChannel0IRQHandler(regs*, void*)
                0x00000000c001e5c2                ideChannel1IRQHandler(regs*, void*)
                0x00000000c001e5de                IDE::enableIRQs(unsigned char, bool)
                0x00000000c001e624                IDE::open(int, int, void*)
                0x00000000c001ea32                IDE::readBuffer(unsigned char, unsigned char, unsigned int, unsigned int)
                0x00000000c001eafe                IDE::detect()
                0x00000000c001edbe                IDE::printError(unsigned char, unsigned char, unsigned char)
                0x00000000c001ee6e                IDE::polling(unsigned char, unsigned int)
 .text          0x00000000c001eec2      0x5ba hw/diskctrl/satabus.32
                0x00000000c001eec2                SATABus::close(int, int, void*)
                0x00000000c001eec6                SATABus::detect()
                0x00000000c001eec8                SATABus::SATABus()
                0x00000000c001eec8                SATABus::SATABus()
                0x00000000c001ef4e                SATABus::findCmdslot(SATABus::tagHBA_PORT volatile*)
                0x00000000c001f0e2                SATABus::checkType(SATABus::tagHBA_PORT volatile*)
                0x00000000c001f12a                SATABus::startCmd(SATABus::tagHBA_PORT volatile*)
                0x00000000c001f14a                SATABus::stopCmd(SATABus::tagHBA_PORT volatile*)
                0x00000000c001f174                SATABus::portRebase(SATABus::tagHBA_PORT volatile*, int)
                0x00000000c001f27a                SATABus::probePort(SATABus::tagHBA_MEM volatile*)
                0x00000000c001f45c                SATABus::open(int, int, void*)
 .text          0x00000000c001f47c      0x684 hw/diskphys/ata.32
                0x00000000c001f47c                ATA::close(int, int, void*)
                0x00000000c001f4a0                ATA::powerSaving(PowerSavingLevel)
                0x00000000c001f4a2                ATA::ATA()
                0x00000000c001f4a2                ATA::ATA()
                0x00000000c001f4d0                ATA::flush(bool)
                0x00000000c001f51a                ATA::readyForCommand()
                0x00000000c001f566                ATA::access(unsigned long long, int, void*, bool)
                0x00000000c001f95c                ATA::read(unsigned long long, int, void*)
                0x00000000c001f9a8                ATA::write(unsigned long long, int, void*)
                0x00000000c001fa0a                ATA::detectCHS()
                0x00000000c001fa34                ATA::open(int, int, void*)
 .text          0x00000000c001fb00      0x5bf hw/diskphys/atapi.32
                0x00000000c001fb00                ATAPI::write(unsigned long long, int, void*)
                0x00000000c001fb06                ATAPI::close(int, int, void*)
                0x00000000c001fb2a                ATAPI::ATAPI()
                0x00000000c001fb2a                ATAPI::ATAPI()
                0x00000000c001fb58                ATAPI::readyForCommand()
                0x00000000c001fbaa                ATAPI::sendPacket(unsigned char*, int, bool, unsigned short*, int)
                0x00000000c001fe6a                ATAPI::diskRemoved()
                0x00000000c001fe86                ATAPI::eject()
                0x00000000c001fece                ATAPI::diskInserted()
                0x00000000c001fefc                ATAPI::detectMedia()
                0x00000000c001ffb8                ATAPI::open(int, int, void*)
                0x00000000c0020040                ATAPI::read(unsigned long long, int, void*)
 *fill*         0x00000000c00200bf        0x1 
 .text          0x00000000c00200c0      0xa68 hw/diskphys/sata.32
                0x00000000c00200c0                SATA::close(int, int, void*)
                0x00000000c00200e4                SATA::powerSaving(PowerSavingLevel)
                0x00000000c00200e6                SATA::open(int, int, void*)
                0x00000000c00202dc                SATA::SATA()
                0x00000000c00202dc                SATA::SATA()
                0x00000000c002030a                SATA::access(unsigned long long, int, void*, bool)
                0x00000000c0020902                SATA::read(unsigned long long, int, void*)
                0x00000000c0020a02                SATA::write(unsigned long long, int, void*)
 .text          0x00000000c0020b28      0x69f hw/diskphys/satapi.32
                0x00000000c0020b28                SATAPI::write(unsigned long long, int, void*)
                0x00000000c0020b2e                SATAPI::close(int, int, void*)
                0x00000000c0020b52                SATAPI::SATAPI()
                0x00000000c0020b52                SATAPI::SATAPI()
                0x00000000c0020b80                SATAPI::diskRemoved()
                0x00000000c0020bc2                SATAPI::diskInserted()
                0x00000000c0020bde                SATAPI::sendPacket(unsigned char*, int, unsigned long long, unsigned short*, int)
                0x00000000c0020e72                SATAPI::eject()
                0x00000000c0020eca                SATAPI::detectMedia()
                0x00000000c002100a                SATAPI::open(int, int, void*)
                0x00000000c00210fa                SATAPI::read(unsigned long long, int, void*)
 *fill*         0x00000000c00211c7        0x1 
 .text          0x00000000c00211c8       0x94 hw/fpu/avx.32
                0x00000000c00211c8                AVX::open(int, int, void*)
                0x00000000c00211dc                AVX::close(int, int, void*)
                0x00000000c00211f0                AVX::available()
                0x00000000c0021204                AVX::save(void*)
                0x00000000c002121c                AVX::load(void*)
                0x00000000c0021234                AVX::AVX()
                0x00000000c0021234                AVX::AVX()
 .text          0x00000000c002125c       0x94 hw/fpu/mmx.32
                0x00000000c002125c                MMX::available()
                0x00000000c0021270                MMX::open(int, int, void*)
                0x00000000c0021284                MMX::close(int, int, void*)
                0x00000000c0021298                MMX::save(void*)
                0x00000000c00212b0                MMX::load(void*)
                0x00000000c00212c8                MMX::MMX()
                0x00000000c00212c8                MMX::MMX()
 .text          0x00000000c00212f0       0x9c hw/fpu/sse.32
                0x00000000c00212f0                SSE::open(int, int, void*)
                0x00000000c0021304                SSE::close(int, int, void*)
                0x00000000c0021318                SSE::available()
                0x00000000c0021334                SSE::save(void*)
                0x00000000c002134c                SSE::load(void*)
                0x00000000c0021364                SSE::SSE()
                0x00000000c0021364                SSE::SSE()
 .text          0x00000000c002138c       0x94 hw/fpu/x87.32
                0x00000000c002138c                x87::open(int, int, void*)
                0x00000000c00213a0                x87::close(int, int, void*)
                0x00000000c00213b4                x87::available()
                0x00000000c00213c8                x87::save(void*)
                0x00000000c00213e0                x87::load(void*)
                0x00000000c00213f8                x87::x87()
                0x00000000c00213f8                x87::x87()
 .text          0x00000000c0021420      0x71e hw/intctrl/apic.32
                0x00000000c0021420                APIC::disable()
                0x00000000c0021422                APIC::close(int, int, void*)
                0x00000000c0021444                IOAPIC::close(int, int, void*)
                0x00000000c002144a                APIC::io_wait()
                0x00000000c0021450                APIC::getBase()
                0x00000000c0021492                APIC::eoi(unsigned char)
                0x00000000c00214c0                APIC::open(int, int, void*)
                0x00000000c002160e                IOAPIC::IOAPIC()
                0x00000000c002160e                IOAPIC::IOAPIC()
                0x00000000c0021636                APIC::APIC()
                0x00000000c0021636                APIC::APIC()
                0x00000000c0021712                IOAPIC::handlesGSIWithNumber(unsigned int)
                0x00000000c0021744                IOAPIC::read(int)
                0x00000000c002176c                IOAPIC::open(int, int, void*)
                0x00000000c0021862                IOAPIC::write(int, int)
                0x00000000c002188e                IOAPIC::redirect(unsigned char, unsigned long long, unsigned char, bool, bool)
                0x00000000c0021988                APIC::installIRQHandler(int, void (*)(regs*, void*), bool, void*)
 .text          0x00000000c0021b3e      0x3d3 hw/intctrl/pic.32
                0x00000000c0021b3e                PIC::disable()
                0x00000000c0021b6c                PIC::close(int, int, void*)
                0x00000000c0021b8e                PIC::PIC()
                0x00000000c0021b8e                PIC::PIC()
                0x00000000c0021c64                PIC::ioWait()
                0x00000000c0021c6a                PIC::getIRQReg(int)
                0x00000000c0021cd4                PIC::eoi(unsigned char)
                0x00000000c0021d66                PIC::remap()
                0x00000000c0021ed2                PIC::open(int, int, void*)
 *fill*         0x00000000c0021f11        0x3 
 .text          0x00000000c0021f14      0x240 hw/timer/apictimer.32
                0x00000000c0021f14                APICTimer::close(int, int, void*)
                0x00000000c0021f1c                apicTimerHandler(regs*, void*)
                0x00000000c0021f44                APICTimer::write(int)
                0x00000000c002202c                APICTimer::open(int, int, void*)
                0x00000000c002212c                APICTimer::APICTimer()
                0x00000000c002212c                APICTimer::APICTimer()
 .text          0x00000000c0022154      0x1a3 hw/timer/pit.32
                0x00000000c0022154                PIT::write(int)
                0x00000000c00221d4                pitHandler(regs*, void*)
                0x00000000c00221f8                PIT::open(int, int, void*)
                0x00000000c0022248                PIT::close(int, int, void*)
                0x00000000c0022278                PIT::PIT()
                0x00000000c0022278                PIT::PIT()
 *fill*         0x00000000c00222f7        0x9 
 .text          0x00000000c0022300       0x1e hw/fpu/x86/avx.32
                0x00000000c0022300                avxDetect
                0x00000000c0022306                avxSave
                0x00000000c0022307                avxLoad
                0x00000000c0022308                avxInit
                0x00000000c0022309                avxClose
                0x00000000c002230a                wouldSheSayYes
 *fill*         0x00000000c002231e        0x2 
 .text          0x00000000c0022320       0x35 hw/fpu/x86/sse.32
                0x00000000c0022320                absolutelyNoChanceInHell
                0x00000000c0022320                sseDetect
                0x00000000c0022338                sseSave
                0x00000000c002233e                sseLoad
                0x00000000c0022344                sseInit
                0x00000000c0022354                sseClose
 *fill*         0x00000000c0022355        0xb 
 .text          0x00000000c0022360       0x4d hw/fpu/x86/x87.32
                0x00000000c0022366                x87Detect
                0x00000000c0022381                x87Save
                0x00000000c002238a                x87Load
                0x00000000c0022392                x87Init
                0x00000000c00223ac                x87Close
 *fill*         0x00000000c00223ad        0x3 
 .text          0x00000000c00223b0       0x25 /cygdrive/d/Users/Alex/Desktop/Toolchain/Output/bin/../lib/gcc/i386-banana/8.1.0/crtend.o
 .text          0x00000000c00223d5        0x0 crtn.32
 *fill*         0x00000000c00223d5        0x3 
 .text          0x00000000c00223d8      0x14b /cygdrive/d/Users/Alex/Desktop/Toolchain/Output/bin/../lib/gcc/i386-banana/8.1.0/libkgcc.a(_divdi3.o)
                0x00000000c00223d8                __divdi3
 *fill*         0x00000000c0022523        0x1 
 .text          0x00000000c0022524      0x17e /cygdrive/d/Users/Alex/Desktop/Toolchain/Output/bin/../lib/gcc/i386-banana/8.1.0/libkgcc.a(_moddi3.o)
                0x00000000c0022524                __moddi3
 *fill*         0x00000000c00226a2        0x2 
 .text          0x00000000c00226a4       0xff /cygdrive/d/Users/Alex/Desktop/Toolchain/Output/bin/../lib/gcc/i386-banana/8.1.0/libkgcc.a(_udivdi3.o)
                0x00000000c00226a4                __udivdi3
 *fill*         0x00000000c00227a3        0x1 
 .text          0x00000000c00227a4      0x11a /cygdrive/d/Users/Alex/Desktop/Toolchain/Output/bin/../lib/gcc/i386-banana/8.1.0/libkgcc.a(_umoddi3.o)
                0x00000000c00227a4                __umoddi3
 *(.gnu.linkonce.t*)

.iplt           0x00000000c00228c0        0x0
 .iplt          0x00000000c00228c0        0x0 D:/Users/Alex/Desktop/Banana/kernel/boot.32

.init           0x00000000c00228be        0xf
 .init          0x00000000c00228be        0x3 crti.32
                0x00000000c00228be                _init
 .init          0x00000000c00228c1        0x5 /cygdrive/d/Users/Alex/Desktop/Toolchain/Output/bin/../lib/gcc/i386-banana/8.1.0/crtbegin.o
 .init          0x00000000c00228c6        0x5 /cygdrive/d/Users/Alex/Desktop/Toolchain/Output/bin/../lib/gcc/i386-banana/8.1.0/crtend.o
 .init          0x00000000c00228cb        0x2 crtn.32

.fini           0x00000000c00228cd        0xa
 .fini          0x00000000c00228cd        0x3 crti.32
                0x00000000c00228cd                _fini
 .fini          0x00000000c00228d0        0x5 /cygdrive/d/Users/Alex/Desktop/Toolchain/Output/bin/../lib/gcc/i386-banana/8.1.0/crtbegin.o
 .fini          0x00000000c00228d5        0x2 crtn.32

.text._ZN8ComputerD2Ev
                0x00000000c00228d8       0x23
 .text._ZN8ComputerD2Ev
                0x00000000c00228d8       0x23 core/computer.32
                0x00000000c00228d8                Computer::~Computer()
                0x00000000c00228d8                Computer::~Computer()

.text._ZN8ComputerD0Ev
                0x00000000c00228fc       0x2a
 .text._ZN8ComputerD0Ev
                0x00000000c00228fc       0x2a core/computer.32
                0x00000000c00228fc                Computer::~Computer()

.text._Z10idleCommonv
                0x00000000c0022926       0x21
 .text._Z10idleCommonv
                0x00000000c0022926       0x21 core/idle.32
                0x00000000c0022926                idleCommon()

.text._ZN10LinkedListI8UnixFileED2Ev
                0x00000000c0022948        0x2
 .text._ZN10LinkedListI8UnixFileED2Ev
                0x00000000c0022948        0x2 core/unixfile.32
                0x00000000c0022948                LinkedList<UnixFile>::~LinkedList()
                0x00000000c0022948                LinkedList<UnixFile>::~LinkedList()

.text._ZN10LinkedListI8UnixFileEC2Ev
                0x00000000c002294a       0x42
 .text._ZN10LinkedListI8UnixFileEC2Ev