Archive member included to satisfy reference by file (symbol)

/cygdrive/c/Users/Alex/Toolchain/Output/bin/../lib/gcc/i386-banana/8.1.0/libkgcc.a(_divdi3.o)
                              krnl/resolve.32 (__divdi3)
/cygdrive/c/Users/Alex/Toolchain/Output/bin/../lib/gcc/i386-banana/8.1.0/libkgcc.a(_moddi3.o)
                              krnl/resolve.32 (__moddi3)
/cygdrive/c/Users/Alex/Toolchain/Output/bin/../lib/gcc/i386-banana/8.1.0/libkgcc.a(_udivdi3.o)
                              hal/clock.32 (__udivdi3)
/cygdrive/c/Users/Alex/Toolchain/Output/bin/../lib/gcc/i386-banana/8.1.0/libkgcc.a(_umoddi3.o)
                              hal/clock.32 (__umoddi3)

Allocating common symbols
Common symbol       size              file

dcache              0x40              fs/iso9660/iso9660.32
cdDriveLetter       0x1               fs/iso9660/iso9660.32
icache              0x40              fs/iso9660/iso9660.32

Discarded input sections

 .comment       0x0000000000000000       0x12 /cygdrive/c/Users/Alex/Toolchain/Output/bin/../lib/gcc/i386-banana/8.1.0/crtbegin.o
 .comment       0x0000000000000000       0x12 acpica/utclib.32
 .comment       0x0000000000000000       0x12 krnl/malloc.32
 .comment       0x0000000000000000       0x12 libk/ctype.32
 .comment       0x0000000000000000       0x12 libk/string.32
 .comment       0x0000000000000000       0x12 arch/i386/cc.32
 .comment       0x0000000000000000       0x12 fs/fat/diskio.32
 .comment       0x0000000000000000       0x12 fs/fat/ff.32
 .comment       0x0000000000000000       0x12 fs/fat/ffsystem.32
 .comment       0x0000000000000000       0x12 fs/fat/ffunicode.32
 .comment       0x0000000000000000       0x12 fs/iso9660/iso9660.32
 .comment       0x0000000000000000       0x12 dbg/kconsole.32
 .comment       0x0000000000000000       0x12 dbg/usban.32
 .comment       0x0000000000000000       0x12 fs/symlink.32
 .group         0x0000000000000000        0xc fs/vfs.32
 .group         0x0000000000000000        0xc fs/vfs.32
 .group         0x0000000000000000        0xc fs/vfs.32
 .comment       0x0000000000000000       0x12 fs/vfs.32
 .group         0x0000000000000000        0xc hal/bus.32
 .comment       0x0000000000000000       0x12 hal/bus.32
 .comment       0x0000000000000000       0x12 hal/buzzer.32
 .group         0x0000000000000000        0xc hal/clock.32
 .comment       0x0000000000000000       0x12 hal/clock.32
 .group         0x0000000000000000       0x14 hal/device.32
 .group         0x0000000000000000        0xc hal/device.32
 .group         0x0000000000000000        0x8 hal/device.32
 .group         0x0000000000000000        0xc hal/device.32
 .group         0x0000000000000000        0xc hal/device.32
 .comment       0x0000000000000000       0x12 hal/device.32
 .group         0x0000000000000000        0xc hal/diskctrl.32
 .comment       0x0000000000000000       0x12 hal/diskctrl.32
 .group         0x0000000000000000        0xc hal/diskphys.32
 .comment       0x0000000000000000       0x12 hal/diskphys.32
 .comment       0x0000000000000000       0x12 hal/fpu.32
 .comment       0x0000000000000000       0x12 hal/intctrl.32
 .group         0x0000000000000000        0xc hal/keybrd.32
 .comment       0x0000000000000000       0x12 hal/keybrd.32
 .group         0x0000000000000000        0xc hal/logidisk.32
 .comment       0x0000000000000000       0x12 hal/logidisk.32
 .group         0x0000000000000000        0xc hal/mouse.32
 .comment       0x0000000000000000       0x12 hal/mouse.32
 .group         0x0000000000000000        0xc hal/nic.32
 .comment       0x0000000000000000       0x12 hal/nic.32
 .comment       0x0000000000000000       0x12 hal/partition.32
 .group         0x0000000000000000        0xc hal/serial.32
 .comment       0x0000000000000000       0x12 hal/serial.32
 .group         0x0000000000000000        0x8 hal/timer.32
 .group         0x0000000000000000        0x8 hal/timer.32
 .group         0x0000000000000000        0xc hal/timer.32
 .group         0x0000000000000000        0xc hal/timer.32
 .group         0x0000000000000000        0xc hal/timer.32
 .comment       0x0000000000000000       0x12 hal/timer.32
 .group         0x0000000000000000        0xc hal/vcache.32
 .comment       0x0000000000000000       0x12 hal/vcache.32
 .group         0x0000000000000000        0xc hal/video.32
 .comment       0x0000000000000000       0x12 hal/video.32
 .group         0x0000000000000000       0x14 hw/acpi.32
 .group         0x0000000000000000        0x8 hw/acpi.32
 .group         0x0000000000000000        0x8 hw/acpi.32
 .group         0x0000000000000000        0x8 hw/acpi.32
 .group         0x0000000000000000        0xc hw/acpi.32
 .group         0x0000000000000000        0xc hw/acpi.32
 .comment       0x0000000000000000       0x12 hw/acpi.32
 .comment       0x0000000000000000       0x12 krnl/atexit.32
 .comment       0x0000000000000000       0x12 krnl/bootmsg.32
 .comment       0x0000000000000000       0x12 krnl/c++.32
[...]
Memory Configuration

Name             Origin             Length             Attributes
*default*        0x0000000000000000 0xffffffffffffffff

Linker script and memory map

LOAD C:/Users/Alex/Desktop/Banana/kernel/boot.32
LOAD crti.32
LOAD /cygdrive/c/Users/Alex/Toolchain/Output/bin/../lib/gcc/i386-banana/8.1.0/crtbegin.o
LOAD C:/Users/Alex/Desktop/Banana/kernel/morenasm.32
LOAD acpica/utclib.32
LOAD krnl/malloc.32
LOAD libk/ctype.32
LOAD libk/string.32
LOAD arch/i386/cc.32
LOAD fs/fat/diskio.32
LOAD fs/fat/ff.32
LOAD fs/fat/ffsystem.32
LOAD fs/fat/ffunicode.32
LOAD fs/iso9660/iso9660.32
LOAD dbg/kconsole.32
LOAD dbg/usban.32
LOAD fs/symlink.32
LOAD fs/vfs.32
LOAD hal/bus.32
LOAD hal/buzzer.32
LOAD hal/clock.32
LOAD hal/device.32
LOAD hal/diskctrl.32
LOAD hal/diskphys.32
LOAD hal/fpu.32
LOAD hal/intctrl.32
LOAD hal/keybrd.32
LOAD hal/logidisk.32
LOAD hal/mouse.32
LOAD hal/nic.32
LOAD hal/partition.32
LOAD hal/serial.32
LOAD hal/timer.32
LOAD hal/vcache.32
LOAD hal/video.32
LOAD hw/acpi.32
LOAD krnl/atexit.32
LOAD krnl/bootmsg.32
LOAD krnl/c++.32
LOAD krnl/cdefs.32
LOAD krnl/cm.32
LOAD krnl/compat.32
LOAD krnl/computer.32
LOAD krnl/crc32.32
LOAD krnl/env.32
LOAD krnl/fault.32
LOAD krnl/gdt.32
LOAD krnl/idle.32
LOAD krnl/idt.32
LOAD krnl/inlines.32
LOAD krnl/kheap.32
LOAD krnl/mailbox.32
LOAD krnl/main.32
LOAD krnl/mutex.32
LOAD krnl/panic.32
LOAD krnl/physmgr.32
LOAD krnl/pipe.32
LOAD krnl/powctrl.32
LOAD krnl/random.32
LOAD krnl/resolve.32
LOAD krnl/semaphore.32
LOAD krnl/signal.32
LOAD krnl/syscalls.32
LOAD krnl/terminal.32
LOAD krnl/tss.32
LOAD krnl/unixfile.32
LOAD krnl/virtmgr.32
LOAD sys/eject.32
LOAD sys/exit.32
LOAD sys/getcwd.32
LOAD sys/getpid.32
LOAD sys/getramdata.32
LOAD sys/getvgaptr.32
LOAD sys/kill.32
LOAD sys/loaddll.32
LOAD sys/read.32
LOAD sys/registersignal.32
LOAD sys/registry.32
LOAD sys/sbrk.32
LOAD sys/setcwd.32
LOAD sys/settime.32
LOAD sys/symlink.32
LOAD sys/timezone.32
LOAD sys/truncate.32
LOAD sys/write.32
LOAD sys/wsbe.32
LOAD sys/yield.32
LOAD thr/elf.32
LOAD thr/exec.32
LOAD thr/prcssthr.32
LOAD vm86/vm8086.32
LOAD arch/i386/hal.32
LOAD arch/i386/intctrl.32
LOAD arch/i386/pic.32
LOAD arch/i386/rtc.32
LOAD arch/i386/vga.32
LOAD fs/fat/vfslink.32
LOAD fs/iso9660/helper.32
LOAD fs/iso9660/vfslink.32
LOAD hal/sound/sndcard.32
LOAD hal/sound/sndport.32
LOAD hw/bus/isa.32
LOAD hw/bus/pci.32
LOAD hw/diskctrl/ide.32
LOAD hw/diskctrl/satabus.32
LOAD hw/diskphys/ata.32
LOAD hw/diskphys/atapi.32
LOAD hw/diskphys/sata.32
LOAD hw/diskphys/satapi.32
LOAD hw/intctrl/apic.32
LOAD hw/timer/apictimer.32
LOAD hw/timer/pit.32
LOAD arch/i386/avx.32
LOAD arch/i386/interrupt.32
LOAD arch/i386/rdrand.32
LOAD arch/i386/sse.32
LOAD arch/i386/x87.32
LOAD /cygdrive/c/Users/Alex/Toolchain/Output/bin/../lib/gcc/i386-banana/8.1.0/crtend.o
LOAD crtn.32
LOAD /cygdrive/c/Users/Alex/Toolchain/Output/bin/../lib/gcc/i386-banana/8.1.0/libkgcc.a
LOAD C:/Users/Alex/Desktop/Banana/kernel/libsoftfp.a
LOAD C:/Users/Alex/Desktop/Banana/kernel/libk/libm32.a
                0x00000000c0000000                . = 0xc0000000

.text           0x00000000c0000000    0x1fcae
 *(.text)
 .text          0x00000000c0000000       0x20 C:/Users/Alex/Desktop/Banana/kernel/boot.32
 .text          0x00000000c0000020        0x0 crti.32
 .text          0x00000000c0000020      0x101 /cygdrive/c/Users/Alex/Toolchain/Output/bin/../lib/gcc/i386-banana/8.1.0/crtbegin.o
 *fill*         0x00000000c0000121        0xf 
 .text          0x00000000c0000130      0x24f C:/Users/Alex/Desktop/Banana/kernel/morenasm.32
                0x00000000c0000130                manualPCIProbe
                0x00000000c000017b                prepareTramp
                0x00000000c0000194                doTPAUSE
                0x00000000c000019e                hasLegacyFPU
                0x00000000c00001c3                is486
                0x00000000c00001f9                detectCPUID
                0x00000000c000020f                goToVM86
                0x00000000c000023f                goToUsermode
                0x00000000c0000269                switchToThreadASMFirstTime
                0x00000000c0000277                switchToThreadASM
                0x00000000c00002fc                asmQuickAcquireLock
                0x00000000c000031a                asmQuickReleaseLock
                0x00000000c0000326                asmAcquireLock
                0x00000000c0000347                asmReleaseLock
                0x00000000c000035a                loadGDT
                0x00000000c000037a                memcpy
 *fill*         0x00000000c000037f        0x1 
 .text          0x00000000c0000380      0x868 acpica/utclib.32
                0x00000000c0000380                memcmp
                0x00000000c00003d0                memmove
                0x00000000c00004f0                memset
                0x00000000c0000570                strlen
                0x00000000c00005a0                strpbrk
                0x00000000c00005f0                strtok
                0x00000000c0000640                strcpy
                0x00000000c0000680                strncpy
                0x00000000c0000750                strcmp
                0x00000000c00007a0                strchr
                0x00000000c00007e0                strncmp
                0x00000000c0000840                strcat
                0x00000000c0000870                strncat
                0x00000000c00008d0                strstr
                0x00000000c0000930                toupper
                0x00000000c0000950                tolower
                0x00000000c0000970                simple_strtoul
 .text          0x00000000c0000be8     0x1140 krnl/malloc.32
                0x00000000c0000d53                dlfree
                0x00000000c000121a                dlmalloc
                0x00000000c0001757                dlrealloc
                0x00000000c0001934                dlmemalign
                0x00000000c0001a57                dlcalloc
                0x00000000c0001ae8                dlcfree
                0x00000000c0001aed                dlindependent_calloc
                0x00000000c0001b12                dlindependent_comalloc
                0x00000000c0001b29                dlvalloc
                0x00000000c0001b54                dlpvalloc
                0x00000000c0001b8a                dlmalloc_trim
                0x00000000c0001b97                dlmalloc_usable_size
                0x00000000c0001bc8                dlmallinfo
                0x00000000c0001c97                dlmalloc_stats
                0x00000000c0001ca8                dlmallopt
 .text          0x00000000c0001d28      0x1f2 libk/ctype.32
                0x00000000c0001d28                isblank
                0x00000000c0001d48                iscntrl
                0x00000000c0001d68                isdigit
                0x00000000c0001d84                islower
                0x00000000c0001da0                isspace
                0x00000000c0001dc8                isupper
                0x00000000c0001de4                isalpha
                0x00000000c0001e14                isalnum
                0x00000000c0001e44                ispunct
                0x00000000c0001e84                isgraph
                0x00000000c0001eb4                isprint
                0x00000000c0001edc                isxdigit
 .text          0x00000000c0001f1a        0x0 libk/string.32
 *fill*         0x00000000c0001f1a        0x2 
 .text          0x00000000c0001f1c       0x53 arch/i386/cc.32
                0x00000000c0001f1c                LWIP_PLATFORM_HTONS
                0x00000000c0001f40                LWIP_PLATFORM_HTONL
 .text          0x00000000c0001f6f       0x51 fs/fat/diskio.32
                0x00000000c0001f6f                disk_status
                0x00000000c0001f72                disk_initialize
                0x00000000c0001f75                disk_read
                0x00000000c0001f8b                disk_write
                0x00000000c0001fa1                disk_ioctl
 .text          0x00000000c0001fc0     0x3e46 fs/fat/ff.32
                0x00000000c0003de1                f_mount
                0x00000000c0003e43                f_open
                0x00000000c0004106                f_read
                0x00000000c0004305                f_write
                0x00000000c000454d                f_sync
                0x00000000c0004612                f_close
                0x00000000c0004641                f_lseek
                0x00000000c00047f2                f_opendir
                0x00000000c00048bd                f_closedir
                0x00000000c00048df                f_readdir
                0x00000000c0004971                f_stat
                0x00000000c00049f0                f_getfree
                0x00000000c0004af9                f_truncate
                0x00000000c0004be3                f_unlink
                0x00000000c0004d05                f_mkdir
                0x00000000c0004ea0                f_rename
                0x00000000c0005058                f_chmod
                0x00000000c0005108                f_utime
                0x00000000c00051b8                f_getlabel
                0x00000000c0005309                f_setlabel
                0x00000000c0005499                f_expand
                0x00000000c0005606                f_mkfs
 *fill*         0x00000000c0005e06        0x2 
 .text          0x00000000c0005e08       0x2f fs/fat/ffsystem.32
                0x00000000c0005e08                ff_memalloc
                0x00000000c0005e20                ff_memfree
 *fill*         0x00000000c0005e37        0x1 
 .text          0x00000000c0005e38      0x2dc fs/fat/ffunicode.32
                0x00000000c0005e38                ff_uni2oem
                0x00000000c0005ed8                ff_oem2uni
                0x00000000c0005f50                ff_wtoupper
 .text          0x00000000c0006114      0xd32 fs/iso9660/iso9660.32
                0x00000000c000635f                isoReadDiscSector
                0x00000000c00063fa                strnicmp
                0x00000000c00066a9                stricmp
                0x00000000c00066f5                iso_open
                0x00000000c000677f                iso_close
                0x00000000c000679d                iso_read
                0x00000000c00068b3                iso_seek
                0x00000000c0006937                iso_tell
                0x00000000c0006968                iso_total
                0x00000000c0006993                fn_postprocess
                0x00000000c00069ba                iso_readdir
                0x00000000c0006c11                iso_reset
                0x00000000c0006c2e                init_percd
                0x00000000c0006d28                iso_ioctl
                0x00000000c0006d40                fs_iso9660_init
                0x00000000c0006dd6                fs_iso9660_shutdown
 .text          0x00000000c0006e46      0x254 dbg/kconsole.32
                0x00000000c0006e46                Dbg::stringifyxWithBase(unsigned int, char*, int)
                0x00000000c0006ee6                Dbg::logc(char)
                0x00000000c0006f06                Dbg::logs(char*)
                0x00000000c0006f25                Dbg::logWriteInt(unsigned int)
                0x00000000c0006f43                Dbg::logWriteIntBase(unsigned int, int)
                0x00000000c0006f64                Dbg::kprintf(char const*, ...)
 *fill*         0x00000000c000709a        0x2 
 .text          0x00000000c000709c      0x2d4 dbg/usban.32
                0x00000000c000709c                KiUbsanPrintDetails(char const*, void*)
                0x00000000c0007108                __ubsan_handle_type_mismatch_v1
                0x00000000c00071e4                __ubsan_handle_pointer_overflow
                0x00000000c0007210                __ubsan_handle_out_of_bounds
                0x00000000c000723c                __ubsan_handle_add_overflow
                0x00000000c0007268                __ubsan_handle_load_invalid_value
                0x00000000c0007294                __ubsan_handle_divrem_overflow
                0x00000000c00072c0                __ubsan_handle_mul_overflow
                0x00000000c00072ec                __ubsan_handle_sub_overflow
                0x00000000c0007318                __ubsan_handle_shift_out_of_bounds
                0x00000000c0007344                __ubsan_handle_negate_overflow
 .text          0x00000000c0007370      0x814 fs/symlink.32
                0x00000000c00074bf                KiDeinitialiseSymlinks(void*)
                0x00000000c0007552                KeRegisterSymlink(char const*, unsigned long long)
                0x00000000c00075d5                KeInitialiseSymlinks()
                0x00000000c0007737                KiIsSymlinkRegistered(char const*)
                0x00000000c00078a1                KeDereferenceSymlink(char const*, char*)
                0x00000000c0007a48                KeCreateSymlink(char const*, char const*)
 .text          0x00000000c0007b84      0xd68 fs/vfs.32
                0x00000000c0007b84                File::read(unsigned long long, void*, int*)
                0x00000000c0007bdc                File::write(unsigned long long, void*, int*)
                0x00000000c0007c34                Directory::read(unsigned long long, void*, int*)
                0x00000000c0007c8c                Directory::write(unsigned long long, void*, int*)
                0x00000000c0007cba                File::isAtty()
                0x00000000c0007cbe                Directory::isAtty()
                0x00000000c0007cc2                Filesystem::getlabel(LogicalDisk*, int, char*, unsigned int*)
                0x00000000c0007cc8                Filesystem::setlabel(LogicalDisk*, int, char*)
                0x00000000c0007cce                Filesystem::allocateSwapfile(char const*, int)
                0x00000000c0007cd4                File::~File()
                0x00000000c0007cd4                File::~File()
                0x00000000c0007cf8                File::~File()
                0x00000000c0007d22                Directory::~Directory()
                0x00000000c0007d22                Directory::~Directory()
                0x00000000c0007d46                Directory::~Directory()
                0x00000000c0007d70                Filesystem::Filesystem()
                0x00000000c0007d70                Filesystem::Filesystem()
                0x00000000c0007d94                Filesystem::~Filesystem()
                0x00000000c0007d94                Filesystem::~Filesystem()
                0x00000000c0007da2                Filesystem::~Filesystem()
                0x00000000c0007dc6                Fs::getcwd(Process*, char*, int)
                0x00000000c0007df0                Fs::initVFS()
                0x00000000c0007e1a                Fs::standardiseFiles(char*, char const*, char const*, bool)
                0x00000000c0008034                File::File(char const*, Process*, bool)
                0x00000000c0008034                File::File(char const*, Process*, bool)
                0x00000000c0008112                File::File(char const*, Process*)
                0x00000000c0008112                File::File(char const*, Process*)
                0x00000000c0008130                File::open(FileOpenMode)
                0x00000000c000818e                File::close()
                0x00000000c00081ee                File::seek(unsigned long long)
                0x00000000c0008244                File::truncate(unsigned long long)
                0x00000000c000829a                File::tell(unsigned long long*)
                0x00000000c00082ea                File::rewind()
                0x00000000c00082fe                File::unlink()
                0x00000000c000834a                File::rename(char const*)
                0x00000000c0008398                File::chfatattr(unsigned char, unsigned char)
                0x00000000c00083f4                File::exists()
                0x00000000c0008432                File::stat(unsigned long long*, bool*)
                0x00000000c0008493                Fs::setcwd(Process*, char*)
                0x00000000c00085f2                Directory::Directory(char const*, Process*)
                0x00000000c00085f2                Directory::Directory(char const*, Process*)
                0x00000000c00086ba                Directory::open()
                0x00000000c0008716                Directory::close()
                0x00000000c0008776                Directory::unlink()
                0x00000000c00087c2                Directory::rename(char const*)
                0x00000000c0008810                Directory::exists()
                0x00000000c000884e                Directory::read(dirent*)
                0x00000000c000889a                Directory::create()
                0x00000000c00088e6                Filesystem::chfatattr(char const*, unsigned char, unsigned char)
 .text          0x00000000c00088ec       0x86 hal/bus.32
                0x00000000c00088ec                Bus::Bus(char const*)
                0x00000000c00088ec                Bus::Bus(char const*)
                0x00000000c0008924                Bus::~Bus()
                0x00000000c0008924                Bus::~Bus()
                0x00000000c0008948                Bus::~Bus()
 .text          0x00000000c0008972       0x96 hal/buzzer.32
                0x00000000c0008972                KeBeepThread(void*)
                0x00000000c00089af                KeBeep(int, int, bool)
 .text          0x00000000c0008a08      0x513 hal/clock.32
                0x00000000c0008a08                KeLoadClockSettings()
                0x00000000c0008b0e                Clock::Clock(char const*)
                0x00000000c0008b0e                Clock::Clock(char const*)
                0x00000000c0008b44                Clock::~Clock()
                0x00000000c0008b44                Clock::~Clock()
                0x00000000c0008b68                Clock::~Clock()
                0x00000000c0008b92                Clock::timeInSecondsLocal()
                0x00000000c0008bda                Clock::setTimeInSecondsLocal(unsigned long long)
                0x00000000c0008c33                KeDatetimeToSeconds(datetime_t)
                0x00000000c0008d52                Clock::setTimeInDatetimeLocal(datetime_t)
                0x00000000c0008db2                KeSecondsToDatetime(unsigned long long)
                0x00000000c0008ef6                Clock::timeInDatetimeLocal()
 *fill*         0x00000000c0008f1b        0x1 
 .text          0x00000000c0008f1c      0x47a hal/device.32
                0x00000000c0008f1c                Device::hibernate()
                0x00000000c0008f1e                Device::wake()
                0x00000000c0008f20                Device::detect()
                0x00000000c0008f22                Device::disableLegacy()
                0x00000000c0008f24                Device::powerSaving(PowerSavingLevel)
                0x00000000c0008f26                DriverlessDevice::close(int, int, void*)
                0x00000000c0008f2a                DriverlessDevice::detect()
                0x00000000c0008f2c                DriverlessDevice::open(int, int, void*)
                0x00000000c0008f40                Device::~Device()
                0x00000000c0008f40                Device::~Device()
                0x00000000c0008f4e                Device::~Device()
                0x00000000c0008f76                Device::findAndLoadDriver()
                0x00000000c0008f84                Device::preOpenPCI(PCIDeviceInfo)
                0x00000000c0008faa                Device::preOpenACPI(void*, char*, char*)
                0x00000000c0008fea                Device::addIRQHandler(int, void (*)(regs*, void*), bool, void*)
                0x00000000c0009014                Device::getParent()
                0x00000000c0009020                Device::removeIRQHandler(int, void (*)(regs*, void*), bool)
                0x00000000c000903e                Device::addChild(Device*)
                0x00000000c0009082                Device::removeAllChildren()
                0x00000000c00090c8                Device::hibernateAll()
                0x00000000c00090f8                Device::wakeAll()
                0x00000000c0009128                Device::detectAll()
                0x00000000c0009158                Device::disableLegacyAll()
                0x00000000c000915a                Device::loadDriversForAll()
                0x00000000c000915c                Device::powerSavingAll(PowerSavingLevel)
                0x00000000c0009192                Device::setName(char const*)
                0x00000000c00091a0                Device::Device(char const*)
                0x00000000c00091a0                Device::Device(char const*)
                0x00000000c000929c                Device::getName()
                0x00000000c00092a6                Device::closeAll()
                0x00000000c00092f2                DriverlessDevice::DriverlessDevice(char const*)
                0x00000000c00092f2                DriverlessDevice::DriverlessDevice(char const*)
                0x00000000c0009328                Device::addToLinkedList(LinkedList<Device>&, DeviceType)
                0x00000000c000936c                getDevicesOfType(DeviceType)
 *fill*         0x00000000c0009396        0x2 
 .text          0x00000000c0009398       0x86 hal/diskctrl.32
                0x00000000c0009398                HardDiskController::HardDiskController(char const*)
                0x00000000c0009398                HardDiskController::HardDiskController(char const*)
                0x00000000c00093d0                HardDiskController::~HardDiskController()
                0x00000000c00093d0                HardDiskController::~HardDiskController()
                0x00000000c00093f4                HardDiskController::~HardDiskController()
 .text          0x00000000c000941e       0xe2 hal/diskphys.32
                0x00000000c000941e                PhysicalDisk::eject()
                0x00000000c0009422                PhysicalDisk::PhysicalDisk(char const*, int)
                0x00000000c0009422                PhysicalDisk::PhysicalDisk(char const*, int)
                0x00000000c000948a                PhysicalDisk::startCache()
                0x00000000c00094b2                PhysicalDisk::~PhysicalDisk()
                0x00000000c00094b2                PhysicalDisk::~PhysicalDisk()
                0x00000000c00094d6                PhysicalDisk::~PhysicalDisk()
 .text          0x00000000c0009500        0x0 hal/fpu.32
 .text          0x00000000c0009500        0x0 hal/intctrl.32
 .text          0x00000000c0009500      0x8bc hal/keybrd.32
                0x00000000c0009500                startGUI(void*)
                0x00000000c000956a                startGUIVESA(void*)
                0x00000000c00095d4                sendKeyToTerminal(unsigned char)
                0x00000000c00096af                sendKeyboardToken(KeyboardToken)
                0x00000000c0009b6b                clearInternalKeybuffer(VgaText*)
                0x00000000c0009ba0                readKeyboard(VgaText*, char*, unsigned long)
                0x00000000c0009d32                Keyboard::Keyboard(char const*)
                0x00000000c0009d32                Keyboard::Keyboard(char const*)
                0x00000000c0009d6e                Keyboard::~Keyboard()
                0x00000000c0009d6e                Keyboard::~Keyboard()
                0x00000000c0009d92                Keyboard::~Keyboard()
 .text          0x00000000c0009dbc      0x3f8 hal/logidisk.32
                0x00000000c0009dbc                LogicalDisk::close(int, int, void*)
                0x00000000c0009dc0                LogicalDisk::~LogicalDisk()
                0x00000000c0009dc0                LogicalDisk::~LogicalDisk()
                0x00000000c0009de4                LogicalDisk::~LogicalDisk()
                0x00000000c0009e0e                LogicalDisk::open(int, int, void*)
                0x00000000c0009e22                LogicalDisk::absoluteToRelative(unsigned long long)
                0x00000000c0009e5a                LogicalDisk::relativeToAbsolute(unsigned long long)
                0x00000000c0009ea0                LogicalDisk::LogicalDisk(char const*, PhysicalDisk*, unsigned long long, unsigned long long)
                0x00000000c0009ea0                LogicalDisk::LogicalDisk(char const*, PhysicalDisk*, unsigned long long, unsigned long long)
                0x00000000c0009f60                LogicalDisk::assignDriveLetter()
                0x00000000c000a01a                LogicalDisk::mount()
                0x00000000c000a062                LogicalDisk::unmount()
                0x00000000c000a072                LogicalDisk::eject()
                0x00000000c000a086                LogicalDisk::unassignDriveLetter()
                0x00000000c000a0dc                LogicalDisk::read(unsigned long long, int, void*)
                0x00000000c000a148                LogicalDisk::write(unsigned long long, int, void*)
 .text          0x00000000c000a1b4       0x86 hal/mouse.32
                0x00000000c000a1b4                Mouse::Mouse(char const*)
                0x00000000c000a1b4                Mouse::Mouse(char const*)
                0x00000000c000a1ec                Mouse::~Mouse()
                0x00000000c000a1ec                Mouse::~Mouse()
                0x00000000c000a210                Mouse::~Mouse()
 .text          0x00000000c000a23a       0x90 hal/nic.32
                0x00000000c000a23a                NIC::getMAC()
                0x00000000c000a240                NIC::write(int, unsigned char*, int*)
                0x00000000c000a246                NIC::NIC(char const*)
                0x00000000c000a246                NIC::NIC(char const*)
                0x00000000c000a27c                NIC::~NIC()
                0x00000000c000a27c                NIC::~NIC()
                0x00000000c000a2a0                NIC::~NIC()
 .text          0x00000000c000a2ca      0x33b hal/partition.32
                0x00000000c000a2ca                makePartition(PhysicalDisk*, unsigned long long, unsigned long long)
                0x00000000c000a372                createPartitionsForDisk(PhysicalDisk*)
 *fill*         0x00000000c000a605        0x3 
 .text          0x00000000c000a608       0x86 hal/serial.32
                0x00000000c000a608                Serial::Serial(char const*)
                0x00000000c000a608                Serial::Serial(char const*)
                0x00000000c000a640                Serial::~Serial()
                0x00000000c000a640                Serial::~Serial()
                0x00000000c000a664                Serial::~Serial()
 *fill*         0x00000000c000a68e        0x2 
 .text          0x00000000c000a690      0x230 hal/timer.32
                0x00000000c000a690                Timer::Timer(char const*)
                0x00000000c000a690                Timer::Timer(char const*)
                0x00000000c000a6c8                Timer::~Timer()
                0x00000000c000a6c8                Timer::~Timer()
                0x00000000c000a6ec                Timer::~Timer()
                0x00000000c000a716                Timer::read()
                0x00000000c000a721                setupTimer(int)
                0x00000000c000a75c                timerHandler(unsigned int)
 .text          0x00000000c000a8c0      0x444 hal/vcache.32
                0x00000000c000a8c0                VCache::VCache(PhysicalDisk*)
                0x00000000c000a8c0                VCache::VCache(PhysicalDisk*)
                0x00000000c000aa30                VCache::invalidateReadBuffer()
                0x00000000c000aa40                VCache::writeWriteBuffer()
                0x00000000c000aa8c                VCache::~VCache()
                0x00000000c000aa8c                VCache::~VCache()
                0x00000000c000aae4                VCache::~VCache()
                0x00000000c000ab0c                VCache::write(unsigned long long, int, void*)
                0x00000000c000ac00                VCache::read(unsigned long long, int, void*)
 .text          0x00000000c000ad04      0x70e hal/video.32
                0x00000000c000ad04                Video::putrect(int, int, int, int, unsigned int)
                0x00000000c000ad50                Video::bitblit(int, int, int, int, int, int, int, unsigned int*)
                0x00000000c000adc0                Video::blit(unsigned int*, int, int, int, int)
                0x00000000c000ae3e                Video::clearScreen(unsigned int)
                0x00000000c000ae72                Video::putpixel(int, int, unsigned int)
                0x00000000c000ae80                Video::readPixelApprox(int, int)
                0x00000000c000ae94                Video::Video(char const*)
                0x00000000c000ae94                Video::Video(char const*)
                0x00000000c000aeca                Video::~Video()
                0x00000000c000aeca                Video::~Video()
                0x00000000c000aeee                Video::~Video()
                0x00000000c000af18                Video::isMonochrome()
                0x00000000c000af24                Video::getWidth()
                0x00000000c000af30                Video::getHeight()
                0x00000000c000af3c                Video::drawCursor(int, int, unsigned int*, int)
                0x00000000c000aff8                Video::tgaParse(unsigned char*, int, int*, int*)
                0x00000000c000b3a2                Video::putTGA(int, int, unsigned char*, int)
 *fill*         0x00000000c000b412        0x2 
 .text          0x00000000c000b414     0x114f hw/acpi.32
                0x00000000c000b414                ACPI::close(int, int, void*)
                0x00000000c000b41c                loadACPITables(unsigned char*)
                0x00000000c000b67c                findRSDT(unsigned char*)
                0x00000000c000b7c8                findDataTable(unsigned char*, char*)
                0x00000000c000b83c                scanMADT()
                0x00000000c000bc94                ACPI::ACPI()
                0x00000000c000bc94                ACPI::ACPI()
                0x00000000c000bce8                ACPI::getPCIIRQAssignment(unsigned char, unsigned short, unsigned char)
                0x00000000c000bde4                ACPI::registerPCIIRQAssignment(void*, unsigned short, unsigned char, unsigned char)
                0x00000000c000beb0                ACPI::setScreenBrightnessLevel(void*, int)
                0x00000000c000beb8                ACPI::detectPCI()
                0x00000000c000c0c4                ACPI::writeSimpleBootFlag(SimpleBootFlagTable*)
                0x00000000c000c0dc                ACPI::open(int, int, void*)
 .text          0x00000000c000c563       0xb6 krnl/atexit.32
                0x00000000c000c563                KeInitialiseAtexit()
                0x00000000c000c582                KeRegisterAtexit(void (*)(void*), void*)
                0x00000000c000c5b6                KeExecuteAtexit()
 .text          0x00000000c000c619       0x9f krnl/bootmsg.32
                0x00000000c000c619                KeDisplaySplashScreen()
                0x00000000c000c648                KeSetBootMessage(char const*)
 .text          0x00000000c000c6b8       0x5f krnl/c++.32
                0x00000000c000c6b8                __cxa_atexit
                0x00000000c000c6bb                __cxa_finalize
                0x00000000c000c6bc                __stack_chk_fail
                0x00000000c000c6f2                __cxa_pure_virtual
                0x00000000c000c703                operator new[](unsigned long)
                0x00000000c000c708                operator delete(void*, unsigned long)
                0x00000000c000c70d                operator delete[](void*)
                0x00000000c000c712                operator delete[](void*, unsigned long)
 *fill*         0x00000000c000c717        0x1 
 .text          0x00000000c000c718       0x48 krnl/cdefs.32
                0x00000000c000c718                CUnlockScheduler
                0x00000000c000c734                CLockScheduler
                0x00000000c000c744                CPrintf
 .text          0x00000000c000c760      0xd56 krnl/cm.32
                0x00000000c000c760                CmOpen(char const*)
                0x00000000c000c87e                CmClose(Reghive_Tag*)
                0x00000000c000c894                CmReadExtent(Reghive_Tag*, int, unsigned char*)
                0x00000000c000c8d0                CmGetString(Reghive_Tag*, int, char*)
                0x00000000c000c947                CmEnterDirectory(Reghive_Tag*, int)
                0x00000000c000c986                CmGetNext(Reghive_Tag*, int)
                0x00000000c000c9b8                CmWriteExtent(Reghive_Tag*, int, unsigned char*)
                0x00000000c000c9f4                CmFreeExtent(Reghive_Tag*, int)
                0x00000000c000ca1c                CmUpdateHeader(Reghive_Tag*)
                0x00000000c000ca3d                CmExpand(Reghive_Tag*, int)
                0x00000000c000cab8                CmFindUnusedExtent(Reghive_Tag*)
                0x00000000c000cb3e                CmCreateExtent(Reghive_Tag*, int, int, unsigned char*)
                0x00000000c000cc32                CmSetString(Reghive_Tag*, int, char const*)
                0x00000000c000cd6e                CmGetMatch(char*, char*, bool, bool*)
                0x00000000c000cdcf                CmAddShift(unsigned int*, int*, unsigned char, int)
                0x00000000c000cdff                CmGetShift(unsigned int*, int*, int, bool*)
                0x00000000c000ce36                CmGetInteger(Reghive_Tag*, int, unsigned long long*)
                0x00000000c000ce60                CmSetInteger(Reghive_Tag*, int, unsigned long long)
                0x00000000c000cea0                CmConvertFromInternalFilename(unsigned char const*, char*)
                0x00000000c000cf44                CmGetNameAndTypeFromExtent(Reghive_Tag*, int, char*)
                0x00000000c000cf72                CmConvertToInternalFilename(char const*, unsigned char*)
                0x00000000c000d110                CmCreateString(Reghive_Tag*, int, char const*)
                0x00000000c000d15d                CmFindInDirectory(Reghive_Tag*, int, char const*)
                0x00000000c000d1d7                CmCreateInteger(Reghive_Tag*, int, char const*, unsigned long long, int)
                0x00000000c000d22a                CmCreateDirectory(Reghive_Tag*, int, char const*)
                0x00000000c000d2ee                zStrtok(char*, char const*)
                0x00000000c000d360                CmFindObjectFromPath(Reghive_Tag*, char const*)
                0x00000000c000d3e1                CmDisplayTree(Reghive_Tag*, int, int)
                0x00000000c000d484                CmSplitFinalSlashInPlace(char*)
 *fill*         0x00000000c000d4b6        0x2 
 .text          0x00000000c000d4b8       0x1d krnl/compat.32
                0x00000000c000d4b8                Krnl::handlePowerButton()
                0x00000000c000d4c8                Krnl::handleSleepButton()
 *fill*         0x00000000c000d4d5        0x1 
 .text          0x00000000c000d4d6      0x2c3 krnl/computer.32
                0x00000000c000d4d6                Computer::close(int, int, void*)
                0x00000000c000d4dc                Computer::open(int, int, void*)
                0x00000000c000d5c2                KeFirstTask()
                0x00000000c000d6e4                Computer::Computer()
                0x00000000c000d6e4                Computer::Computer()
                0x00000000c000d728                KePrepareShutdown()
                0x00000000c000d748                KeShutdown()
                0x00000000c000d76c                KeSleep()
                0x00000000c000d778                KeRestart()
 .text          0x00000000c000d799       0x2b krnl/crc32.32
                0x00000000c000d799                KeCalculateCRC32(unsigned char*, int)
 .text          0x00000000c000d7c4      0x5bf krnl/env.32
                0x00000000c000d7c4                EnvVarContainer::getEnv(char const*)
                0x00000000c000d802                EnvVarContainer::setEnv(char const*, char const*)
                0x00000000c000d8c4                EnvVarContainer::deleteEnv(char const*)
                0x00000000c000d8c6                EnvVarContainer::loadFrom(char const*, char const*)
                0x00000000c000daea                EnvVarContainer::__loadSystem()
                0x00000000c000db04                EnvVarContainer::__loadUser()
                0x00000000c000db06                EnvVarContainer::EnvVarContainer(Process*)
                0x00000000c000db06                EnvVarContainer::EnvVarContainer(Process*)
                0x00000000c000db28                EnvVarContainer::~EnvVarContainer()
                0x00000000c000db28                EnvVarContainer::~EnvVarContainer()
                0x00000000c000db58                KeGetEnv(Process*, char const*)
                0x00000000c000dbbd                KeSetEnvSystem(char const*, char const*)
                0x00000000c000dbd7                KeSetEnvUser(char const*, char const*)
                0x00000000c000dbf6                KeSetEnvProcess(Process*, char const*, char const*)
                0x00000000c000dc09                KeDeleteEnvSystem(char const*)
                0x00000000c000dc0a                KeDeleteEnvUser(char const*)
                0x00000000c000dc0b                KeDeleteEnvProcess(Process*, char const*)
                0x00000000c000dc0c                KeNewProcessEnv(Process*)
                0x00000000c000dc2e                KeCopyProcessEnv(Process*, Process*)
                0x00000000c000dc7a                KeLoadSystemEnv()
                0x00000000c000dca8                KeLoadUserEnv()
                0x00000000c000dcce                KeFlushEnv()
                0x00000000c000dccf                KeGetProcessTotalEnvCount(Process*)
                0x00000000c000dcef                KeGetProcessEnvPair(Process*, int)
 *fill*         0x00000000c000dd83        0x1 
 .text          0x00000000c000dd84      0x351 krnl/fault.32
                0x00000000c000dd84                KeSetupInterrupts()
                0x00000000c000ddfc                int_handler
                0x00000000c000df2c                KeDisplayProgramFault(char const*)
                0x00000000c000df7c                KeGeneralProtectionFault(void*, void*)
                0x00000000c000dfd0                KePageFault(void*, void*)
                0x00000000c000e024                KeNonMaskableInterrupt(void*, void*)
                0x00000000c000e034                KeOtherFault(void*, void*)
                0x00000000c000e068                KeOpcodeFault(void*, void*)
                0x00000000c000e0bc                KeDoubleFault(void*, void*)
 *fill*         0x00000000c000e0d5        0x1 
 .text          0x00000000c000e0d6      0x1db krnl/gdt.32
                0x00000000c000e0d6                GDTEntry::setBase(unsigned int)
                0x00000000c000e0f2                GDTEntry::setLimit(unsigned int)
                0x00000000c000e110                GDT::GDT()
                0x00000000c000e110                GDT::GDT()
                0x00000000c000e126                GDT::addEntry(GDTEntry)
                0x00000000c000e148                GDT::getNumberOfEntries()
                0x00000000c000e150                GDT::flush()
                0x00000000c000e172                GDT::setup()
 .text          0x00000000c000e2b1       0x1d krnl/idle.32
                0x00000000c000e2b1                idleFunction(void*)
 *fill*         0x00000000c000e2ce        0x2 
 .text          0x00000000c000e2d0      0x46c krnl/idt.32
                0x00000000c000e2d0                IDTEntry::IDTEntry(bool)
                0x00000000c000e2d0                IDTEntry::IDTEntry(bool)
                0x00000000c000e34a                IDTEntry::setOffset(unsigned int)
                0x00000000c000e360                IDT::IDT()
                0x00000000c000e360                IDT::IDT()
                0x00000000c000e362                IDT::getPointerToInvalidOpcodeEntryForF00F()
                0x00000000c000e36a                IDT::addEntry(IDTEntry, int)
                0x00000000c000e384                IDT::addEntry(int, void (*)(), bool)
                0x00000000c000e3bc                IDT::flush()
                0x00000000c000e3d6                IDT::setup()
 .text          0x00000000c000e73c       0x94 krnl/inlines.32
                0x00000000c000e73c                CPU::current()
                0x00000000c000e748                operator new(unsigned long)
                0x00000000c000e74d                operator delete(void*)
                0x00000000c000e752                disableIRQs()
                0x00000000c000e754                enableIRQs()
                0x00000000c000e756                lockScheduler()
                0x00000000c000e75e                unlockScheduler()
                0x00000000c000e76d                lockStuff()
                0x00000000c000e77b                unlockStuff()
                0x00000000c000e7b5                Virt::getAKernelVAS()
                0x00000000c000e7bb                __not_memcpy
 .text          0x00000000c000e7d0      0x205 krnl/kheap.32
                0x00000000c000e7d0                sbrk
                0x00000000c000e867                sbrk_thunk
                0x00000000c000e89d                mmap
                0x00000000c000e8fb                munmap
                0x00000000c000e910                liballoc_lock()
                0x00000000c000e91e                liballoc_unlock()
                0x00000000c000e934                liballoc_alloc(int)
                0x00000000c000e94c                liballoc_free(void*, int)
                0x00000000c000e967                realloc
                0x00000000c000e97b                malloc
                0x00000000c000e98b                free
                0x00000000c000e99b                rfree
                0x00000000c000e9ab                calloc
 *fill*         0x00000000c000e9d5        0x3 
 .text          0x00000000c000e9d8      0x1e3 krnl/mailbox.32
                0x00000000c000e9d8                KeMailboxTryPost(Mailbox*, void*)
                0x00000000c000ea3c                KeMailboxTryGet(Mailbox*, void**)
                0x00000000c000eaa0                KeMailboxCreate()
                0x00000000c000ead4                KeMailboxPost(Mailbox*, void*)
                0x00000000c000eb3c                KeMailboxGet(Mailbox*, void**)
                0x00000000c000eba4                KeMailboxDestroy(Mailbox*)
 .text          0x00000000c000ebbb       0xfd krnl/main.32
                0x00000000c000ebbb                KeEntryPoint
 .text          0x00000000c000ecb8       0x1a krnl/mutex.32
                0x00000000c000ecb8                Mutex::Mutex()
                0x00000000c000ecb8                Mutex::Mutex()
 .text          0x00000000c000ecd2        0xc krnl/panic.32
                0x00000000c000ecd2                KePanic(char const*)
 .text          0x00000000c000ecde      0x644 krnl/physmgr.32
                0x00000000c000ecde                Phys::allocateDMA(unsigned long)
                0x00000000c000edc6                Phys::freeDMA(unsigned long, unsigned long)
                0x00000000c000ee01                Phys::setPageState(unsigned long, bool)
                0x00000000c000ee41                Phys::getPageState(unsigned long)
                0x00000000c000ee5d                Phys::freePage(unsigned long)
                0x00000000c000eec6                Phys::allocatePage()
                0x00000000c000ef95                Phys::allocateContiguousPages(int)
                0x00000000c000effc                Phys::allowSegmentToBeUsed(unsigned long, unsigned long)
                0x00000000c000f034                Phys::physicalMemorySetup(unsigned int)
 .text          0x00000000c000f322      0x273 krnl/pipe.32
                0x00000000c000f322                Pipe::isAtty()
                0x00000000c000f326                Pipe::~Pipe()
                0x00000000c000f326                Pipe::~Pipe()
                0x00000000c000f34a                Pipe::~Pipe()
                0x00000000c000f372                Pipe::write(unsigned long long, void*, int*)
                0x00000000c000f432                Pipe::read(unsigned long long, void*, int*)
                0x00000000c000f52e                Pipe::Pipe(int)
                0x00000000c000f52e                Pipe::Pipe(int)
 .text          0x00000000c000f595      0x108 krnl/powctrl.32
                0x00000000c000f595                KePowerThread(void*)
                0x00000000c000f5c3                KeChangePowerSettings(PowerSettings)
                0x00000000c000f5d9                KeUserIOReceived()
                0x00000000c000f5e4                KeHandlePowerButton()
                0x00000000c000f5fc                KeHandleSleepButton()
                0x00000000c000f614                KeSetupPowerManager()
 .text          0x00000000c000f69d       0x9d krnl/random.32
                0x00000000c000f69d                KeRand()
                0x00000000c000f6df                KeSeedRand(unsigned int)
                0x00000000c000f708                KeInitRand()
 *fill*         0x00000000c000f73a        0x2 
 .text          0x00000000c000f73c      0x1bc krnl/resolve.32
                0x00000000c000f73c                KeResolveCompatibilitySymbol(char*)
 .text          0x00000000c000f8f8      0x415 krnl/semaphore.32
                0x00000000c000f8f8                Semaphore::Semaphore(int)
                0x00000000c000f8f8                Semaphore::Semaphore(int)
                0x00000000c000f928                Semaphore::tryAcquire()
                0x00000000c000fa04                Semaphore::assertLocked(char const*)
                0x00000000c000fa94                Semaphore::acquire(int)
                0x00000000c000fc3c                Semaphore::acquire()
                0x00000000c000fc58                Semaphore::release()
 .text          0x00000000c000fd0d      0x322 krnl/signal.32
                0x00000000c000fd0d                KiSigKill(int)
                0x00000000c000fd21                KiDefaultSignalHandlerIgnore(int)
                0x00000000c000fd22                KiDefaultSignalHandlerPause(int)
                0x00000000c000fd4e                KiDefaultSignalHandlerResume(int)
                0x00000000c000fd7a                KeDeinitSignals(SigHandlerBlock*)
                0x00000000c000fd7f                KeInitSignals()
                0x00000000c000fdd1                KeRegisterSignalHandler(SigHandlerBlock*, int, void (*)(int), unsigned int, int)
                0x00000000c000fe07                KeRaiseSignal(SigHandlerBlock*, int)
                0x00000000c000fe84                KeCheckSignal(SigHandlerBlock*, int*)
                0x00000000c000ff7b                KiCheckSignalZ
                0x00000000c000ffbd                KeCompleteSignal(SigHandlerBlock*, int)
                0x00000000c000fff8                KiFinishSignalZ
 .text          0x00000000c001002f      0xe1d krnl/syscalls.32
                0x00000000c001002f                SysSeekDir(regs*)
                0x00000000c0010034                SysTellDir(regs*)
                0x00000000c0010039                SysVerify(regs*)
                0x00000000c0010043                SysGetArgc(regs*)
                0x00000000c0010057                SysTTYName(regs*)
                0x00000000c001005f                SysFormatDisk(regs*)
                0x00000000c00100d6                SysSetDiskVolumeLabel(regs*)
                0x00000000c001012a                SysGetDiskVolumeLabel(regs*)
                0x00000000c0010183                SysShutdown(regs*)
                0x00000000c00101e1                SysRealpath(regs*)
                0x00000000c0010225                SysReadDir(regs*)
                0x00000000c00102a5                SysIsATTY(regs*)
                0x00000000c00102ff                SysSeek(regs*)
                0x00000000c0010356                SysTell(regs*)
                0x00000000c00103c3                SysSize(regs*)
                0x00000000c0010436                SysSizeFromFilename(regs*)
                0x00000000c0010567                SysSizeFromFilenameNoSymlink(regs*)
                0x00000000c0010698                SysClose(regs*)
                0x00000000c00106f8                SysOpenDir(regs*)
                0x00000000c0010775                SysMakeDir(regs*)
                0x00000000c00107e3                SysCloseDir(regs*)
                0x00000000c0010837                SysWait(regs*)
                0x00000000c0010858                SysNotImpl(regs*)
                0x00000000c0010873                SysPanic(regs*)
                0x00000000c001088e                SysRmdir(regs*)
                0x00000000c00108f3                SysUnlink(regs*)
                0x00000000c0010958                SysGetArgv(regs*)
                0x00000000c00109a5                SysUSleep(regs*)
                0x00000000c00109ce                SysSpawn(regs*)
                0x00000000c0010a41                SysGetEnv(regs*)
                0x00000000c0010af2                SysSetFatAttrib(regs*)
                0x00000000c0010b65                SysPipe(regs*)
                0x00000000c0010baa                SysGetUnixTime(regs*)
                0x00000000c0010bbe                string_ends_with(char const*, char const*)
                0x00000000c0010c06                SysOpen(regs*)
                0x00000000c0010dfd                KeSystemCall(regs*, void*)
 .text          0x00000000c0010e4c      0xab3 krnl/terminal.32
                0x00000000c0010e4c                VgaText::isAtty()
                0x00000000c0010e50                VgaText::~VgaText()
                0x00000000c0010e50                VgaText::~VgaText()
                0x00000000c0010e74                VgaText::~VgaText()
                0x00000000c0010e9e                VgaText::read(unsigned long long, void*, int*)
                0x00000000c0010ebe                setTerminalScrollLock(bool)
                0x00000000c0010ebf                doTerminalCycle()
                0x00000000c0010ec0                addToTerminalCycle(VgaText*)
                0x00000000c0010ec1                scrollTerminalScrollLock(int)
                0x00000000c0010ec2                VgaText::updateTitle()
                0x00000000c0010ec4                VgaText::load()
                0x00000000c0010ec6                VgaText::updateCursor()
                0x00000000c0010edc                VgaText::doANSI_SGR(int)
                0x00000000c0010f50                VgaText::setDefaultBgColour(VgaColour)
                0x00000000c0010f60                VgaText::setDefaultFgColour(VgaColour)
                0x00000000c0010f70                VgaText::setDefaultColours(VgaColour, VgaColour)
                0x00000000c0010f90                VgaText::setTitleTextColour(VgaColour)
                0x00000000c0010f9c                VgaText::setTitleColour(VgaColour)
                0x00000000c0010fa8                VgaText::setTitle(char*)
                0x00000000c0010faa                VgaText::combineColours(unsigned char, unsigned char)
                0x00000000c0010fbc                VgaText::scrollScreen()
                0x00000000c001104e                VgaText::combineCharAndColour(char, unsigned char)
                0x00000000c001105e                VgaText::writeCharacter(char, VgaColour, VgaColour, int, int)
                0x00000000c00110ee                VgaText::getCursorX()
                0x00000000c00110f6                VgaText::getCursorY()
                0x00000000c00110fe                VgaText::setCursor(int, int)
                0x00000000c0011115                setActiveTerminal(VgaText*)
                0x00000000c0011160                VgaText::clearScreen()
                0x00000000c00111ae                VgaText::setCursorX(int)
                0x00000000c00111c6                VgaText::setCursorY(int)
                0x00000000c00111de                VgaText::incrementCursor(bool)
                0x00000000c0011232                VgaText::decrementCursor(bool)
                0x00000000c0011254                VgaText::putchar(char, VgaColour, VgaColour)
                0x00000000c0011324                VgaText::putchar(char)
                0x00000000c001141c                VgaText::putx(unsigned int)
                0x00000000c0011462                VgaText::puts(char const*)
                0x00000000c0011488                VgaText::write(unsigned long long, void*, int*)
                0x00000000c00114d4                VgaText::puts(char const*, VgaColour, VgaColour)
                0x00000000c0011622                VgaText::VgaText(char const*)
                0x00000000c0011622                VgaText::VgaText(char const*)
                0x00000000c0011772                VgaText::receiveKey(unsigned char)
                0x00000000c00118fe                VgaText::doUpdate()
 *fill*         0x00000000c00118ff        0x1 
 .text          0x00000000c0011900      0x224 krnl/tss.32
                0x00000000c0011900                TSS::TSS()
                0x00000000c0011900                TSS::TSS()
                0x00000000c0011910                TSS::setESP(unsigned long)
                0x00000000c0011924                TSS::flush()
                0x00000000c0011944                TSS::setup(unsigned long, unsigned long)
 .text          0x00000000c0011b24      0x4ca krnl/unixfile.32
                0x00000000c0011b24                ReservedFilename::read(unsigned long long, void*, int*)
                0x00000000c0011b7a                ReservedFilename::isAtty()
                0x00000000c0011b96                ReservedFilename::write(unsigned long long, void*, int*)
                0x00000000c0011bf4                UnixFile::getFileDescriptor()
                0x00000000c0011bfc                UnixFile::UnixFile(int)
                0x00000000c0011bfc                UnixFile::UnixFile(int)
                0x00000000c0011db0                ReservedFilename::ReservedFilename(int)
                0x00000000c0011db0                ReservedFilename::ReservedFilename(int)
                0x00000000c0011de2                UnixFile::~UnixFile()
                0x00000000c0011de2                UnixFile::~UnixFile()
                0x00000000c0011e7e                UnixFile::~UnixFile()
                0x00000000c0011ea6                ReservedFilename::~ReservedFilename()
                0x00000000c0011ea6                ReservedFilename::~ReservedFilename()
                0x00000000c0011eca                ReservedFilename::~ReservedFilename()
                0x00000000c0011ef1                KeGetFileFromDescriptor(int)
 .text          0x00000000c0011fee     0x118a krnl/virtmgr.32
                0x00000000c0011fee                Virt::setPageState(unsigned long, Virt::VirtPageState)
                0x00000000c0012028                Virt::getPageState(unsigned long)
                0x00000000c001204b                Virt::allocateKernelVirtualPages(int)
                0x00000000c0012170                Virt::freeSwapfilePage(unsigned long)
                0x00000000c0012193                Virt::swapIDToSector(unsigned long)
                0x00000000c00121a9                Virt::allocateSwapfilePage()
                0x00000000c0012229                Virt::virtualMemorySetup()
                0x00000000c001227a                Virt::setupPageSwapping(int)
                0x00000000c00122ec                VAS::setCPUSpecific(unsigned long)
                0x00000000c00122ee                VAS::VAS(VAS*)
                0x00000000c00122ee                VAS::VAS(VAS*)
                0x00000000c0012306                VAS::getForeignPageTableEntry(bool, unsigned long)
                0x00000000c0012334                VAS::getPageTableEntry(unsigned long)
                0x00000000c0012353                Virt::freeKernelVirtualPages(unsigned long)
                0x00000000c0012490                VAS::freeAllocatedPages(unsigned long)
                0x00000000c00124b4                VAS::virtualToPhysical(unsigned long)
                0x00000000c00124ce                VAS::reflagRange(unsigned long, int, unsigned long, unsigned long)
                0x00000000c0012510                VAS::VAS()
                0x00000000c0012510                VAS::VAS()
                0x00000000c001257a                VAS::setToWriteCombining(unsigned long, int)
                0x00000000c001259a                VAS::mapOtherVASIn(bool, VAS*)
                0x00000000c00125c6                VAS::~VAS()
                0x00000000c00125c6                VAS::~VAS()
                0x00000000c0012734                VAS::mapPage(unsigned long, unsigned long, int)
                0x00000000c0012838                VAS::allocatePages(int, int)
                0x00000000c001291e                VAS::mapRange(unsigned long, unsigned long, int, int)
                0x00000000c0012976                VAS::mapForeignPage(bool, VAS*, unsigned long, unsigned long, int)
                0x00000000c0012a6c                VAS::VAS(bool)
                0x00000000c0012a6c                VAS::VAS(bool)
                0x00000000c0012c54                VAS::evict(unsigned long)
                0x00000000c0012d32                VAS::tryLoadBackOffDisk(unsigned long)
                0x00000000c0012eda                VAS::allocateSharedMemoryWithKernel(unsigned long, unsigned long*)
                0x00000000c0012f4e                VAS::freeSharedMemoryWithKernel(unsigned long, unsigned long)
                0x00000000c0012f7a                VAS::scanForEviction()
                0x00000000c001307d                mapVASFirstTime
 .text          0x00000000c0013178       0x36 sys/eject.32
                0x00000000c0013178                SysEject(regs*)
 .text          0x00000000c00131ae       0x18 sys/exit.32
                0x00000000c00131ae                SysExit(regs*)
 .text          0x00000000c00131c6       0x1f sys/getcwd.32
                0x00000000c00131c6                SysGetCwd(regs*)
 .text          0x00000000c00131e5        0xc sys/getpid.32
                0x00000000c00131e5                SysGetPID(regs*)
 .text          0x00000000c00131f1       0x1a sys/getramdata.32
                0x00000000c00131f1                SysGetRAMData(regs*)
 .text          0x00000000c001320b       0x82 sys/getvgaptr.32
                0x00000000c001320b                SysGetVGAPtr(regs*)
 *fill*         0x00000000c001328d        0x3 
 .text          0x00000000c0013290       0xb9 sys/kill.32
                0x00000000c0013290                SysKill(regs*)
 .text          0x00000000c0013349       0xa8 sys/loaddll.32
                0x00000000c0013349                SysLoadDLL(regs*)
 .text          0x00000000c00133f1       0x68 sys/read.32
                0x00000000c00133f1                SysRead(regs*)
 .text          0x00000000c0013459       0x29 sys/registersignal.32
                0x00000000c0013459                SysRegisterSignal(regs*)
 .text          0x00000000c0013482      0x1cc sys/registry.32
                0x00000000c0013482                SysRegistryGetTypeFromPath(regs*)
                0x00000000c00134c6                SysRegistryReadExtent(regs*)
                0x00000000c001350e                SysRegistryPathToExtentLookup(regs*)
                0x00000000c0013525                SysRegistryEnterDirectory(regs*)
                0x00000000c001353c                SysRegistryGetNext(regs*)
                0x00000000c0013553                SysRegistryGetNameAndTypeFromExtent(regs*)
                0x00000000c001358d                SysRegistryOpen(regs*)
                0x00000000c00135a1                SysRegistryClose(regs*)
                0x00000000c00135b8                SysRegistryEasyReadString(regs*)
                0x00000000c0013604                SysRegistryEasyReadInteger(regs*)
 .text          0x00000000c001364e       0x55 sys/sbrk.32
                0x00000000c001364e                SysSbrk(regs*)
 .text          0x00000000c00136a3       0x1c sys/setcwd.32
                0x00000000c00136a3                SysSetCwd(regs*)
 .text          0x00000000c00136bf       0x96 sys/settime.32
                0x00000000c00136bf                SysSetTime(regs*)
 .text          0x00000000c0013755       0x73 sys/symlink.32
                0x00000000c0013755                SysSymlink(regs*)
 .text          0x00000000c00137c8       0x3f sys/timezone.32
                0x00000000c00137c8                SysTimezone(regs*)
 .text          0x00000000c0013807       0xfc sys/truncate.32
                0x00000000c0013807                SysTruncate(regs*)
 .text          0x00000000c0013903       0x68 sys/write.32
                0x00000000c0013903                SysWrite(regs*)
 .text          0x00000000c001396b       0x9d sys/wsbe.32
                0x00000000c001396b                SysWsbe(regs*)
 .text          0x00000000c0013a08       0x25 sys/yield.32
                0x00000000c0013a08                SysYield(regs*)
 .text          0x00000000c0013a2d     0x1207 thr/elf.32
                0x00000000c0013a2d                Thr::allocateMemoryForTask(Process*, File*, unsigned long, unsigned long, unsigned long)
                0x00000000c0013cbb                Thr::loadProgramIntoMemory(Process*, char const*)
                0x00000000c0013ecd                Thr::runtimeReferenceHelper()
                0x00000000c0013ee0                Thr::getAddressOfKernelSymbol(char const*)
                0x00000000c0013f2f                Thr::loadKernelSymbolTable(char const*)
                0x00000000c00141ed                Thr::loadDriverIntoMemory(char const*, unsigned long, bool)
                0x00000000c0014926                Thr::getDriverBaseFromAddress(unsigned long)
                0x00000000c0014958                Thr::getDriverNameFromAddress(unsigned long)
                0x00000000c001498f                Thr::getDriverOffsetFromAddress(unsigned long)
                0x00000000c00149a9                Thr::loadDLL(char const*, bool)
                0x00000000c0014bfb                Thr::executeDLL(unsigned long, void*)
 .text          0x00000000c0014c34       0x5a thr/exec.32
                0x00000000c0014c34                KeProcessExec(Process*, char const*)
 *fill*         0x00000000c0014c8e        0x2 
 .text          0x00000000c0014c90     0x1131 thr/prcssthr.32
                0x00000000c0014c90                userModeEntryPoint(void*)
                0x00000000c0014cb8                changeTSS
                0x00000000c0014ce8                switchToThread(ThreadControlBlock*)
                0x00000000c0014d98                Process::addArgs(char**)
                0x00000000c0014e04                Process::Process(char const*, Process*, char**)
                0x00000000c0014e04                Process::Process(char const*, Process*, char**)
                0x00000000c0015010                Process::Process(bool, char const*, Process*, char**)
                0x00000000c0015010                Process::Process(bool, char const*, Process*, char**)
                0x00000000c00151e4                taskStartupFunction
                0x00000000c00151f0                KeDisablePreemption()
                0x00000000c0015218                KeRestorePreemption()
                0x00000000c0015238                Process::createThread(void (*)(void*), void*, int)
                0x00000000c0015344                Process::createUserThread()
                0x00000000c0015364                setupMultitasking(void (*)())
                0x00000000c0015488                schedule()
                0x00000000c001551c                blockTaskWithSchedulerLockAlreadyHeld(TaskState)
                0x00000000c0015544                blockTask(TaskState)
                0x00000000c001557c                waitTask(int, int*, int)
                0x00000000c00155c0                milliTenthSleepUntil(unsigned int)
                0x00000000c0015660                milliTenthSleep(unsigned int)
                0x00000000c0015674                sleep(unsigned int)
                0x00000000c0015690                taskReturned
                0x00000000c00156d4                Thr::processFromPID(int)
                0x00000000c0015780                unblockTask(ThreadControlBlock*)
                0x00000000c001582c                cleanupTerminatedTask(ThreadControlBlock*)
                0x00000000c0015b00                cleanerTaskFunction(void*)
                0x00000000c0015c08                terminateTask(int)
                0x00000000c0015cf4                Thr::terminateFromIRQ(int)
 .text          0x00000000c0015dc1      0xd00 vm86/vm8086.32
                0x00000000c0015dc1                Vm::inbv(unsigned short)
                0x00000000c0015dd4                Vm::outbv(unsigned short, unsigned char)
                0x00000000c0015e0a                Vm::realToLinear(unsigned short, unsigned short)
                0x00000000c0015e1a                Vm::getSegment(unsigned int)
                0x00000000c0015e22                Vm::getOffset(unsigned int)
                0x00000000c0015e27                Vm::mainloop2()
                0x00000000c0015e61                Vm::mainVm8086Loop(void*)
                0x00000000c0015e71                Vm::mainloop3(unsigned long)
                0x00000000c0015e97                Vm::initialise8086()
                0x00000000c0015eda                Vm::resetConventionalMemory8086()
                0x00000000c0015edb                Vm::finish8086()
                0x00000000c0015f3c                Vm::getOutput8086(unsigned char*)
                0x00000000c0015f61                Vm::start8086FromBuffer(unsigned char*, int, unsigned short, unsigned short, unsigned short, unsigned short)
                0x00000000c0016088                Vm::start8086(char const*, unsigned short, unsigned short, unsigned short, unsigned short)
                0x00000000c0016290                Vm::doISR(regs*, int, unsigned char*, unsigned short, unsigned short)
                0x00000000c0016329                Vm::readByteFromReal(unsigned short, unsigned short)
                0x00000000c001633a                Vm::readWordFromReal(unsigned short, unsigned short)
                0x00000000c001634c                Vm::readDwordFromReal(unsigned short, unsigned short)
                0x00000000c001635d                Vm::writeByteFromReal(unsigned short, unsigned short, unsigned char)
                0x00000000c0016372                Vm::writeWordFromReal(unsigned short, unsigned short, unsigned short)
                0x00000000c0016388                Vm::writeDwordFromReal(unsigned short, unsigned short, unsigned int)
                0x00000000c001639d                Vm::faultHandler(regs*)
 *fill*         0x00000000c0016ac1        0x1 
 .text          0x00000000c0016ac2     0x1e87 arch/i386/hal.32
                0x00000000c0016ac2                noCopro(unsigned long)
                0x00000000c0016ac4                CPU::close(int, int, void*)
                0x00000000c0016ac7                x86ReadCMOS(unsigned char)
                0x00000000c0016b1b                x86WriteCMOS(unsigned char, unsigned char)
                0x00000000c0016b7b                AMD_K6_write_msr(unsigned int, unsigned int, unsigned int, REGS*)
                0x00000000c0016b9a                AMD_K6_read_msr(unsigned int, REGS*)
                0x00000000c0016bb7                AMD_K6_writeback(int, int, int)
                0x00000000c0016c77                cpuid(int, unsigned long*, unsigned long*, unsigned long*, unsigned long*)
                0x00000000c0016d15                cpuidCheckEDX(unsigned int)
                0x00000000c0016d42                cpuidCheckECX(unsigned int)
                0x00000000c0016d70                cpuidCheckExtendedEBX(unsigned int)
                0x00000000c0016d9e                cpuidCheckExtendedECX(unsigned int)
                0x00000000c0016dcc                HalDetectFeatures()
                0x00000000c0017bb4                HalEnableNMI()
                0x00000000c0017bc7                HalDisableNMI()
                0x00000000c0017bda                HalGetNMIState()
                0x00000000c0017be0                x86rdmsr(unsigned int)
                0x00000000c0017c1e                x86wrmsr(unsigned int, unsigned long long)
                0x00000000c0017c63                HalHandleGeneralProtectionFault(void*, void*)
                0x00000000c0017c79                HalFindRSDP()
                0x00000000c0017d0e                HalHandlePageFault(void*, void*)
                0x00000000c0017d3d                HalHandleOpcodeFault(void*, void*)
                0x00000000c0017d7f                HalDisplayDebugInfo(void*)
                0x00000000c001810d                HalReceivedNMI()
                0x00000000c00181a8                HalSystemIdle()
                0x00000000c0018207                i386SaveCoprocessor(void*)
                0x00000000c001821b                i386LoadCoprocessor(void*)
                0x00000000c001822f                x87EmulHandler(regs*, void*)
                0x00000000c00182cc                HalInitialiseCoprocessor()
                0x00000000c0018350                HalPanic(char const*)
                0x00000000c0018464                HalQueryPerformanceCounter()
                0x00000000c0018474                HalInitialise()
                0x00000000c0018606                HalMakeBeep(int)
                0x00000000c0018640                HalGetRand()
                0x00000000c0018643                HalEndOfInterrupt(int)
                0x00000000c001866e                HalRestart()
                0x00000000c001866f                HalShutdown()
                0x00000000c0018670                HalSleep()
                0x00000000c0018672                CPU::CPU()
                0x00000000c0018672                CPU::CPU()
                0x00000000c00186f6                CPU::setupSMEP()
                0x00000000c0018702                CPU::setupUMIP()
                0x00000000c001870c                CPU::setupTSC()
                0x00000000c0018716                CPU::setupLargePages()
                0x00000000c0018720                CPU::setupPAT()
                0x00000000c0018752                CPU::setupMTRR()
                0x00000000c0018754                CPU::setupGlobalPages()
                0x00000000c001875e                CPU::allowUsermodeDataAccess()
                0x00000000c001876c                CPU::prohibitUsermodeDataAccess()
                0x00000000c001877a                CPU::setupSMAP()
                0x00000000c0018788                CPU::setupFeatures()
                0x00000000c0018854                CPU::open(int, int, void*)
 .text          0x00000000c0018949      0x261 arch/i386/intctrl.32
                0x00000000c0018949                convertLegacyIRQNumber(int)
                0x00000000c0018985                HalInstallISRHandler(int, void (*)(regs*, void*), void*)
                0x00000000c00189cf                HalInstallIRQHandler(int, void (*)(regs*, void*), bool, void*)
                0x00000000c0018afd                HalUninstallISRHandler(int, void (*)(regs*, void*))
                0x00000000c0018b31                HalUninstallIRQHandler(int, void (*)(regs*, void*), bool)
 *fill*         0x00000000c0018baa        0x2 
 .text          0x00000000c0018bac      0x2dc arch/i386/pic.32
                0x00000000c0018bac                picIoWait()
                0x00000000c0018bb4                picDisable()
                0x00000000c0018be8                picGetIRQReg(int)
                0x00000000c0018c64                picOpen()
                0x00000000c0018de8                picEOI(int)
 .text          0x00000000c0018e88      0x5f8 arch/i386/rtc.32
                0x00000000c0018e88                RTC::open(int, int, void*)
                0x00000000c0018e8c                RTC::close(int, int, void*)
                0x00000000c0018e90                RTC::timeInSecondsUTC()
                0x00000000c0018ea2                RTC::timeInDatetimeUTC()
                0x00000000c0018ec8                RTC::setTimeInSecondsUTC(unsigned long long)
                0x00000000c0018f06                RTC::~RTC()
                0x00000000c0018f06                RTC::~RTC()
                0x00000000c0018f2a                RTC::~RTC()
                0x00000000c0018f54                RTC::get_update_in_progress_flag()
                0x00000000c0018f68                RTC::completeRTCRefresh()
                0x00000000c001921c                RTC::setTimeInDatetimeUTC(datetime_t)
                0x00000000c0019392                rtcIRQHandler(regs*, void*)
                0x00000000c00193d2                RTC::RTC()
                0x00000000c00193d2                RTC::RTC()
 .text          0x00000000c0019480      0x1f4 arch/i386/vga.32
                0x00000000c0019480                HalConsoleScroll(int, int)
                0x00000000c0019588                HalConsoleWriteCharacter(char, int, int, int, int)
                0x00000000c00195ec                HalConsoleCursorUpdate(int, int)
 .text          0x00000000c0019674     0x14cf fs/fat/vfslink.32
                0x00000000c0019674                FAT::getName()
                0x00000000c001967c                FAT::tell(void*, unsigned long long*)
                0x00000000c00196b8                FAT::stat(void*, unsigned long long*)
                0x00000000c00196f4                FAT::~FAT()
                0x00000000c00196f4                FAT::~FAT()
                0x00000000c0019718                FAT::~FAT()
                0x00000000c0019740                FAT::getlabel(LogicalDisk*, int, char*, unsigned int*)
                0x00000000c00197e4                FAT::setlabel(LogicalDisk*, int, char*)
                0x00000000c00198a8                FAT::format(LogicalDisk*, int, char const*, int)
                0x00000000c0019a8c                FAT::tryMount(LogicalDisk*, int)
                0x00000000c0019ca8                FAT::allocateSwapfile(char const*, int)
                0x00000000c0019e68                FAT::readDir(void*, unsigned long, void*, int*)
                0x00000000c0019fd8                FAT::read(void*, unsigned long, void*, int*)
                0x00000000c001a038                FAT::write(void*, unsigned long, void*, int*)
                0x00000000c001a098                FAT::close(void*)
                0x00000000c001a0ec                FAT::closeDir(void*)
                0x00000000c001a140                FAT::truncate(void*, unsigned long long)
                0x00000000c001a1ac                FAT::seek(void*, unsigned long long)
                0x00000000c001a204                fatWrapperReadDisk
                0x00000000c001a244                fatWrapperWriteDisk
                0x00000000c001a284                fatWrapperIoctl
                0x00000000c001a3a0                FAT::FAT()
                0x00000000c001a3a0                FAT::FAT()
                0x00000000c001a3f8                FAT::fixFilepath(char*)
                0x00000000c001a438                FAT::open(char const*, void**, FileOpenMode)
                0x00000000c001a5ac                FAT::openDir(char const*, void**)
                0x00000000c001a65c                FAT::stat(char const*, unsigned long long*, bool*)
                0x00000000c001a754                FAT::unlink(char const*)
                0x00000000c001a7d4                FAT::chfatattr(char const*, unsigned char, unsigned char)
                0x00000000c001a988                FAT::rename(char const*, char const*)
                0x00000000c001aa54                FAT::mkdir(char const*)
                0x00000000c001aad4                FAT::exists(char const*)
 *fill*         0x00000000c001ab43        0x1 
 .text          0x00000000c001ab44       0x94 fs/iso9660/helper.32
                0x00000000c001ab44                isoReadDiscSectorHelper
                0x00000000c001aba0                iso_kprintf
                0x00000000c001abbc                iso_kprintfd
 .text          0x00000000c001abd8      0x71c fs/iso9660/vfslink.32
                0x00000000c001abd8                ISO9660::format(LogicalDisk*, int, char const*, int)
                0x00000000c001abde                ISO9660::truncate(void*, unsigned long long)
                0x00000000c001abe4                ISO9660::getName()
                0x00000000c001abea                ISO9660::closeDir(void*)
                0x00000000c001abf4                ISO9660::chfatattr(char const*, unsigned char, unsigned char)
                0x00000000c001abfa                ISO9660::unlink(char const*)
                0x00000000c001ac00                ISO9660::write(void*, unsigned long, void*, int*)
                0x00000000c001ac06                ISO9660::rename(char const*, char const*)
                0x00000000c001ac0c                ISO9660::mkdir(char const*)
                0x00000000c001ac12                ISO9660::~ISO9660()
                0x00000000c001ac12                ISO9660::~ISO9660()
                0x00000000c001ac36                ISO9660::~ISO9660()
                0x00000000c001ac5e                ISO9660::exists(char const*)
                0x00000000c001ac72                ISO9660::open(char const*, void**, FileOpenMode)
                0x00000000c001ad58                ISO9660::read(void*, unsigned long, void*, int*)
                0x00000000c001ada0                ISO9660::seek(void*, unsigned long long)
                0x00000000c001ade2                ISO9660::tell(void*, unsigned long long*)
                0x00000000c001ae20                ISO9660::stat(void*, unsigned long long*)
                0x00000000c001ae72                ISO9660::stat(char const*, unsigned long long*, bool*)
                0x00000000c001afb4                ISO9660::close(void*)
                0x00000000c001afe4                ISO9660::openDir(char const*, void**)
                0x00000000c001b0be                ISO9660::readDir(void*, unsigned long, void*, int*)
                0x00000000c001b1db                readSectorFromCDROM(unsigned int, unsigned char*, char)
                0x00000000c001b25a                ISO9660::tryMount(LogicalDisk*, int)
                0x00000000c001b2cc                ISO9660::ISO9660()
                0x00000000c001b2cc                ISO9660::ISO9660()
 .text          0x00000000c001b2f4      0x26c hal/sound/sndcard.32
                0x00000000c001b2f4                SoundCard::beginPlayback()
                0x00000000c001b302                SoundCard::stopPlayback()
                0x00000000c001b310                SoundCard::SoundCard(char const*)
                0x00000000c001b310                SoundCard::SoundCard(char const*)
                0x00000000c001b3ae                SoundCard::~SoundCard()
                0x00000000c001b3ae                SoundCard::~SoundCard()
                0x00000000c001b3d2                SoundCard::~SoundCard()
                0x00000000c001b3fc                SoundCard::configureRates(int, int, int)
                0x00000000c001b42c                SoundCard::getSamples16(int, short*)
                0x00000000c001b488                SoundCard::getSamples32(int, int*)
                0x00000000c001b50e                SoundCard::addChannel(SoundPort*)
                0x00000000c001b54c                SoundCard::removeChannel(int)
 .text          0x00000000c001b560      0x38a hal/sound/sndport.32
                0x00000000c001b560                SoundPort::SoundPort(int, int, int, int)
                0x00000000c001b560                SoundPort::SoundPort(int, int, int, int)
                0x00000000c001b5ec                SoundPort::~SoundPort()
                0x00000000c001b5ec                SoundPort::~SoundPort()
                0x00000000c001b620                SoundPort::unpause()
                0x00000000c001b62c                SoundPort::pause()
                0x00000000c001b638                SoundPort::getBufferUsed()
                0x00000000c001b640                SoundPort::getBufferSize()
                0x00000000c001b648                SoundPort::buffer16(short*, int)
                0x00000000c001b6d4                SoundPort::buffer32(int*, int)
                0x00000000c001b760                SoundPort::unbufferAndAdd16(int, short*, SoundCard*)
                0x00000000c001b82c                SoundPort::unbufferAndAdd32(int, int*, SoundCard*)
 .text          0x00000000c001b8ea        0x0 hw/bus/isa.32
 .text          0x00000000c001b8ea      0xc23 hw/bus/pci.32
                0x00000000c001b8ea                PCI::open(int, int, void*)
                0x00000000c001b908                PCI::close(int, int, void*)
                0x00000000c001b90c                PCI::PCI()
                0x00000000c001b90c                PCI::PCI()
                0x00000000c001b9a4                PCI::readBAR8(unsigned int, int)
                0x00000000c001b9c0                PCI::readBAR16(unsigned int, int)
                0x00000000c001b9de                PCI::readBAR32(unsigned int, int)
                0x00000000c001b9fa                PCI::writeBAR8(unsigned int, unsigned char, int)
                0x00000000c001ba1a                PCI::writeBAR16(unsigned int, unsigned short, int)
                0x00000000c001ba3c                PCI::writeBAR32(unsigned int, unsigned int, int)
                0x00000000c001ba5c                PCI::legacyMechanism(unsigned char, unsigned char, unsigned char, unsigned char)
                0x00000000c001bad2                PCI::pciReadWord(unsigned char, unsigned char, unsigned char, unsigned char)
                0x00000000c001bb7c                PCI::getVendorID(unsigned char, unsigned char, unsigned char)
                0x00000000c001bba0                PCI::getHeaderType(unsigned char, unsigned char, unsigned char)
                0x00000000c001bbc8                PCI::getClassCode(unsigned char, unsigned char, unsigned char)
                0x00000000c001bc12                PCI::getProgIF(unsigned char, unsigned char, unsigned char)
                0x00000000c001bc3a                PCI::getRevisionID(unsigned char, unsigned char, unsigned char)
                0x00000000c001bc5e                PCI::getInterruptNumber(unsigned char, unsigned char, unsigned char)
                0x00000000c001bc82                PCI::getSecondaryBus(unsigned char, unsigned char, unsigned char)
                0x00000000c001bcaa                PCI::getBARAddress(unsigned char, unsigned char, unsigned char, unsigned char)
                0x00000000c001bd0e                PCI::pciWriteWord(unsigned char, unsigned char, unsigned char, unsigned char, unsigned short)
                0x00000000c001bdf6                PCI::pciDetailsToFilepath(PCIDeviceInfo, char*)
                0x00000000c001c0bc                PCI::checkBus(unsigned char)
                0x00000000c001c0e0                PCI::foundDevice(PCIDeviceInfo)
                0x00000000c001c2c6                PCI::getDeviceData(unsigned char, unsigned char, unsigned char)
                0x00000000c001c442                PCI::checkDevice(unsigned char, unsigned char)
                0x00000000c001c4b4                PCI::detect()
 *fill*         0x00000000c001c50d        0x1 
 .text          0x00000000c001c50e      0xdbc hw/diskctrl/ide.32
                0x00000000c001c50e                IDE::close(int, int, void*)
                0x00000000c001c512                IDE::IDE()
                0x00000000c001c512                IDE::IDE()
                0x00000000c001c546                IDE::prepareInterrupt(unsigned char)
                0x00000000c001c558                selectDrive(unsigned char, unsigned char)
                0x00000000c001c55a                IDE::getBase(unsigned char)
                0x00000000c001c56c                IDE::write(unsigned char, unsigned char, unsigned char)
                0x00000000c001c62c                IDE::read(unsigned char, unsigned char)
                0x00000000c001c6da                IDE::waitInterrupt(unsigned char)
                0x00000000c001c73c                ideChannel0IRQHandler(regs*, void*)
                0x00000000c001c758                ideChannel1IRQHandler(regs*, void*)
                0x00000000c001c774                IDE::enableIRQs(unsigned char, bool)
                0x00000000c001c7be                IDE::open(int, int, void*)
                0x00000000c001ccaa                IDE::readBuffer(unsigned char, unsigned char, unsigned int, unsigned int)
                0x00000000c001cd7a                IDE::detect()
                0x00000000c001d1bc                IDE::printError(unsigned char, unsigned char, unsigned char)
                0x00000000c001d276                IDE::polling(unsigned char, unsigned int)
 .text          0x00000000c001d2ca      0x33d hw/diskctrl/satabus.32
                0x00000000c001d2ca                SATABus::close(int, int, void*)
                0x00000000c001d2ce                SATABus::detect()
                0x00000000c001d2d0                SATABus::SATABus()
                0x00000000c001d2d0                SATABus::SATABus()
                0x00000000c001d356                SATABus::findCmdslot(SATABus::tagHBA_PORT volatile*)
                0x00000000c001d388                SATABus::checkType(SATABus::tagHBA_PORT volatile*)
                0x00000000c001d3d0                SATABus::startCmd(SATABus::tagHBA_PORT volatile*)
                0x00000000c001d3f0                SATABus::stopCmd(SATABus::tagHBA_PORT volatile*)
                0x00000000c001d41a                SATABus::portRebase(SATABus::tagHBA_PORT volatile*, int)
                0x00000000c001d52a                SATABus::probePort(SATABus::tagHBA_MEM volatile*)
                0x00000000c001d5d4                SATABus::open(int, int, void*)
 *fill*         0x00000000c001d607        0x1 
 .text          0x00000000c001d608      0x678 hw/diskphys/ata.32
                0x00000000c001d608                ATA::close(int, int, void*)
                0x00000000c001d62c                ATA::powerSaving(PowerSavingLevel)
                0x00000000c001d62e                ATA::ATA()
                0x00000000c001d62e                ATA::ATA()
                0x00000000c001d65c                ATA::flush(bool)
                0x00000000c001d6aa                ATA::readyForCommand()
                0x00000000c001d6f6                ATA::access(unsigned long long, int, void*, bool)
                0x00000000c001dad4                ATA::read(unsigned long long, int, void*)
                0x00000000c001db20                ATA::write(unsigned long long, int, void*)
                0x00000000c001db6c                ATA::detectCHS()
                0x00000000c001db96                ATA::open(int, int, void*)
                0x00000000c001dc62                combineCharAndColour(char, unsigned char)
                0x00000000c001dc73                combineColours(unsigned char, unsigned char)
 .text          0x00000000c001dc80      0x618 hw/diskphys/atapi.32
                0x00000000c001dc80                ATAPI::write(unsigned long long, int, void*)
                0x00000000c001dc86                ATAPI::close(int, int, void*)
                0x00000000c001dcaa                ATAPI::ATAPI()
                0x00000000c001dcaa                ATAPI::ATAPI()
                0x00000000c001dcd8                ATAPI::readyForCommand()
                0x00000000c001dd2a                ATAPI::sendPacket(unsigned char*, int, bool, unsigned short*, int)
                0x00000000c001dff2                ATAPI::diskRemoved()
                0x00000000c001e02c                ATAPI::eject()
                0x00000000c001e074                ATAPI::diskInserted()
                0x00000000c001e080                ATAPI::detectMedia()
                0x00000000c001e13e                ATAPI::open(int, int, void*)
                0x00000000c001e21e                ATAPI::read(unsigned long long, int, void*)
 .text          0x00000000c001e298      0x44c hw/diskphys/sata.32
                0x00000000c001e298                SATA::close(int, int, void*)
                0x00000000c001e2bc                SATA::powerSaving(PowerSavingLevel)
                0x00000000c001e2be                SATA::open(int, int, void*)
                0x00000000c001e376                SATA::SATA()
                0x00000000c001e376                SATA::SATA()
                0x00000000c001e3a4                SATA::access(unsigned long long, int, void*, bool)
                0x00000000c001e62c                SATA::read(unsigned long long, int, void*)
                0x00000000c001e678                SATA::write(unsigned long long, int, void*)
 .text          0x00000000c001e6e4      0x5d0 hw/diskphys/satapi.32
                0x00000000c001e6e4                SATAPI::write(unsigned long long, int, void*)
                0x00000000c001e6ea                SATAPI::close(int, int, void*)
                0x00000000c001e70e                SATAPI::SATAPI()
                0x00000000c001e70e                SATAPI::SATAPI()
                0x00000000c001e73c                SATAPI::diskRemoved()
                0x00000000c001e73e                SATAPI::diskInserted()
                0x00000000c001e75a                SATAPI::sendPacket(unsigned char*, int, unsigned long long, unsigned short*, int)
                0x00000000c001ea38                SATAPI::eject()
                0x00000000c001ea74                SATAPI::detectMedia()
                0x00000000c001eaca                SATAPI::open(int, int, void*)
                0x00000000c001ebca                SATAPI::read(unsigned long long, int, void*)
 .text          0x00000000c001ecb4      0x443 hw/intctrl/apic.32
                0x00000000c001ecb4                IOAPIC::close(int, int, void*)
                0x00000000c001ecba                apicGetBase()
                0x00000000c001ecd8                IOAPIC::IOAPIC()
                0x00000000c001ecd8                IOAPIC::IOAPIC()
                0x00000000c001ed00                apicOpen()
                0x00000000c001ee8c                IOAPIC::handlesGSIWithNumber(unsigned int)
                0x00000000c001eebe                IOAPIC::read(int)
                0x00000000c001eee6                IOAPIC::open(int, int, void*)
                0x00000000c001efcc                IOAPIC::write(int, int)
                0x00000000c001eff8                IOAPIC::redirect(unsigned char, unsigned long long, unsigned char, bool, bool)
 *fill*         0x00000000c001f0f7        0x1 
 .text          0x00000000c001f0f8       0xf0 hw/timer/apictimer.32
                0x00000000c001f0f8                APICTimer::close(int, int, void*)
                0x00000000c001f100                apicTimerHandler(regs*, void*)
                0x00000000c001f128                APICTimer::open(int, int, void*)
                0x00000000c001f198                APICTimer::write(int)
                0x00000000c001f1c0                APICTimer::APICTimer()
                0x00000000c001f1c0                APICTimer::APICTimer()
 .text          0x00000000c001f1e8      0x1ad hw/timer/pit.32
                0x00000000c001f1e8                PIT::write(int)
                0x00000000c001f26c                pitHandler(regs*, void*)
                0x00000000c001f294                PIT::open(int, int, void*)
                0x00000000c001f2e4                PIT::close(int, int, void*)
                0x00000000c001f314                PIT::PIT()
                0x00000000c001f314                PIT::PIT()
 *fill*         0x00000000c001f395        0xb 
 .text          0x00000000c001f3a0       0x6f arch/i386/avx.32
                0x00000000c001f3a0                avxDetect
                0x00000000c001f3ca                avxSave
                0x00000000c001f3db                avxLoad
                0x00000000c001f3ec                avxInit
                0x00000000c001f40e                avxClose
 *fill*         0x00000000c001f40f        0x1 
 .text          0x00000000c001f410      0x2ec arch/i386/interrupt.32
                0x00000000c001f410                isr0
                0x00000000c001f420                isr1
                0x00000000c001f42a                isr2
                0x00000000c001f434                isr3
                0x00000000c001f43e                isr4
                0x00000000c001f448                isr5
                0x00000000c001f452                isr6
                0x00000000c001f45c                isr7
                0x00000000c001f466                isr8
                0x00000000c001f46e                isr9
                0x00000000c001f478                isr10
                0x00000000c001f480                isr11
                0x00000000c001f488                isr12
                0x00000000c001f490                isr13
                0x00000000c001f4aa                isr14
                0x00000000c001f4b2                isr15
                0x00000000c001f4bc                isr16
                0x00000000c001f4c6                isr17
                0x00000000c001f4d0                isr18
                0x00000000c001f4da                irq3
                0x00000000c001f4e4                irq4
                0x00000000c001f4ee                irq5
                0x00000000c001f4f8                irq6
                0x00000000c001f502                irq7
                0x00000000c001f50c                irq8
                0x00000000c001f516                irq9
                0x00000000c001f520                irq10