Archive member included to satisfy reference by file (symbol)

/cygdrive/d/Users/Alex/Desktop/Toolchain/Output/bin/../lib/gcc/i386-banana/8.1.0/libkgcc.a(_divdi3.o)
                              fs/fat/ff.32 (__divdi3)
/cygdrive/d/Users/Alex/Desktop/Toolchain/Output/bin/../lib/gcc/i386-banana/8.1.0/libkgcc.a(_moddi3.o)
                              compat/resolve.32 (__moddi3)
/cygdrive/d/Users/Alex/Desktop/Toolchain/Output/bin/../lib/gcc/i386-banana/8.1.0/libkgcc.a(_udivdi3.o)
                              fs/fat/ff.32 (__udivdi3)
/cygdrive/d/Users/Alex/Desktop/Toolchain/Output/bin/../lib/gcc/i386-banana/8.1.0/libkgcc.a(_umoddi3.o)
                              compat/resolve.32 (__umoddi3)

Discarded input sections

 .comment       0x0000000000000000       0x12 /cygdrive/d/Users/Alex/Desktop/Toolchain/Output/bin/../lib/gcc/i386-banana/8.1.0/crtbegin.o
 .comment       0x0000000000000000       0x12 acpica/utclib.32
 .comment       0x0000000000000000       0x12 core/malloc.32
 .comment       0x0000000000000000       0x12 libk/string.32
 .comment       0x0000000000000000       0x12 fs/fat/diskio.32
 .comment       0x0000000000000000       0x12 fs/fat/ff.32
 .comment       0x0000000000000000       0x12 fs/fat/ffsystem.32
 .comment       0x0000000000000000       0x12 fs/fat/ffunicode.32
 .comment       0x0000000000000000       0x12 compat/inlines.32
 .comment       0x0000000000000000       0x12 compat/resolve.32
 .group         0x0000000000000000       0x14 core/computer.32
 .group         0x0000000000000000        0xc core/computer.32
 .comment       0x0000000000000000       0x12 core/computer.32
 .comment       0x0000000000000000       0x12 core/gdt.32
 .group         0x0000000000000000        0xc core/idle.32
 .comment       0x0000000000000000       0x12 core/idle.32
 .comment       0x0000000000000000       0x12 core/idt.32
 .comment       0x0000000000000000       0x12 core/kheap.32
 .comment       0x0000000000000000       0x12 core/main.32
 .comment       0x0000000000000000       0x12 core/physmgr.32
 .group         0x0000000000000000        0xc core/pipe.32
 .comment       0x0000000000000000       0x12 core/pipe.32
 .group         0x0000000000000000        0xc core/terminal.32
 .comment       0x0000000000000000       0x12 core/terminal.32
 .comment       0x0000000000000000       0x12 core/tss.32
 .group         0x0000000000000000        0x8 core/unixfile.32
 .group         0x0000000000000000        0x8 core/unixfile.32
 .group         0x0000000000000000        0xc core/unixfile.32
 .group         0x0000000000000000        0x8 core/unixfile.32
 .group         0x0000000000000000        0xc core/unixfile.32
 .group         0x0000000000000000        0x8 core/unixfile.32
 .group         0x0000000000000000        0xc core/unixfile.32
 .group         0x0000000000000000        0xc core/unixfile.32
 .comment       0x0000000000000000       0x12 core/unixfile.32
 .comment       0x0000000000000000       0x12 core/virtmgr.32
 .comment       0x0000000000000000       0x12 coreobjs/c++.32
 .comment       0x0000000000000000       0x12 dbg/kconsole.32
 .group         0x0000000000000000        0xc fs/vfs.32
 .group         0x0000000000000000        0xc fs/vfs.32
 .group         0x0000000000000000        0xc fs/vfs.32
 .comment       0x0000000000000000       0x12 fs/vfs.32
 .group         0x0000000000000000        0xc hal/bus.32
 .comment       0x0000000000000000       0x12 hal/bus.32
 .group         0x0000000000000000        0xc hal/buzzer.32
 .comment       0x0000000000000000       0x12 hal/buzzer.32
 .group         0x0000000000000000        0xc hal/clock.32
 .comment       0x0000000000000000       0x12 hal/clock.32
 .group         0x0000000000000000       0x14 hal/device.32
 .group         0x0000000000000000        0xc hal/device.32
 .group         0x0000000000000000        0x8 hal/device.32
 .group         0x0000000000000000        0xc hal/device.32
 .group         0x0000000000000000        0xc hal/device.32
 .comment       0x0000000000000000       0x12 hal/device.32
 .group         0x0000000000000000        0xc hal/diskctrl.32
 .comment       0x0000000000000000       0x12 hal/diskctrl.32
 .group         0x0000000000000000        0xc hal/diskphys.32
 .comment       0x0000000000000000       0x12 hal/diskphys.32
 .group         0x0000000000000000        0xc hal/fpu.32
 .comment       0x0000000000000000       0x12 hal/fpu.32
 .group         0x0000000000000000        0xc hal/intctrl.32
 .comment       0x0000000000000000       0x12 hal/intctrl.32
 .group         0x0000000000000000        0xc hal/keybrd.32
 .comment       0x0000000000000000       0x12 hal/keybrd.32
 .group         0x0000000000000000        0xc hal/logidisk.32
 .comment       0x0000000000000000       0x12 hal/logidisk.32
 .group         0x0000000000000000        0xc hal/mouse.32
 .comment       0x0000000000000000       0x12 hal/mouse.32
 .comment       0x0000000000000000       0x12 hal/partition.32
 .group         0x0000000000000000        0xc hal/serial.32
[...]
Memory Configuration

Name             Origin             Length             Attributes
*default*        0x0000000000000000 0xffffffffffffffff

Linker script and memory map

LOAD D:/Users/Alex/Desktop/Banana/kernel/boot.32
LOAD crti.32
LOAD /cygdrive/d/Users/Alex/Desktop/Toolchain/Output/bin/../lib/gcc/i386-banana/8.1.0/crtbegin.o
LOAD D:/Users/Alex/Desktop/Banana/kernel/morenasm.32
LOAD acpica/utclib.32
LOAD core/malloc.32
LOAD libk/string.32
LOAD fs/fat/diskio.32
LOAD fs/fat/ff.32
LOAD fs/fat/ffsystem.32
LOAD fs/fat/ffunicode.32
LOAD compat/inlines.32
LOAD compat/resolve.32
LOAD core/computer.32
LOAD core/gdt.32
LOAD core/idle.32
LOAD core/idt.32
LOAD core/kheap.32
LOAD core/main.32
LOAD core/physmgr.32
LOAD core/pipe.32
LOAD core/terminal.32
LOAD core/tss.32
LOAD core/unixfile.32
LOAD core/virtmgr.32
LOAD coreobjs/c++.32
LOAD dbg/kconsole.32
LOAD fs/vfs.32
LOAD hal/bus.32
LOAD hal/buzzer.32
LOAD hal/clock.32
LOAD hal/device.32
LOAD hal/diskctrl.32
LOAD hal/diskphys.32
LOAD hal/fpu.32
LOAD hal/intctrl.32
LOAD hal/keybrd.32
LOAD hal/logidisk.32
LOAD hal/mouse.32
LOAD hal/partition.32
LOAD hal/serial.32
LOAD hal/timer.32
LOAD hal/vcache.32
LOAD hal/video.32
LOAD hw/acpi.32
LOAD hw/cpu.32
LOAD hw/ports.32
LOAD hw/smp.32
LOAD krnl/env.32
LOAD krnl/panic.32
LOAD krnl/powctrl.32
LOAD net/ethernet.32
LOAD reg/registry.32
LOAD sys/sc_eject.32
LOAD sys/sc_exit.32
LOAD sys/sc_getcwd.32
LOAD sys/sc_getpid.32
LOAD sys/sc_getramdata.32
LOAD sys/sc_getvgaptr.32
LOAD sys/sc_loaddll.32
LOAD sys/sc_read.32
LOAD sys/sc_sbrk.32
LOAD sys/sc_setcwd.32
LOAD sys/sc_settime.32
LOAD sys/sc_timezone.32
LOAD sys/sc_write.32
LOAD sys/sc_wsbe.32
LOAD sys/sc_yield.32
LOAD sys/syscalls.32
LOAD thr/elf.32
LOAD thr/prcssthr.32
LOAD vm86/vm8086.32
LOAD vm86/x87em.32
LOAD fs/fat/vfslink.32
LOAD fs/iso9660/vfslink.32
LOAD hal/sound/sndcard.32
LOAD hal/sound/sndport.32
LOAD hw/bus/isa.32
LOAD hw/bus/pci.32
LOAD hw/diskctrl/ide.32
LOAD hw/diskctrl/satabus.32
LOAD hw/diskphys/ata.32
LOAD hw/diskphys/atapi.32
LOAD hw/diskphys/sata.32
LOAD hw/diskphys/satapi.32
LOAD hw/fpu/avx.32
LOAD hw/fpu/mmx.32
LOAD hw/fpu/sse.32
LOAD hw/fpu/x87.32
LOAD hw/intctrl/apic.32
LOAD hw/intctrl/pic.32
LOAD hw/timer/apictimer.32
LOAD hw/timer/pit.32
LOAD hw/fpu/x86/avx.32
LOAD hw/fpu/x86/sse.32
LOAD hw/fpu/x86/x87.32
LOAD /cygdrive/d/Users/Alex/Desktop/Toolchain/Output/bin/../lib/gcc/i386-banana/8.1.0/crtend.o
LOAD crtn.32
LOAD /cygdrive/d/Users/Alex/Desktop/Toolchain/Output/bin/../lib/gcc/i386-banana/8.1.0/libkgcc.a
LOAD D:/Users/Alex/Desktop/Banana/kernel/libsoftfp.a
LOAD D:/Users/Alex/Desktop/Banana/kernel/libk/libm32.a
                0x00000000c0000000                . = 0xc0000000

.text           0x00000000c0000000    0x229fe
 *(.text)
 .text          0x00000000c0000000       0x41 D:/Users/Alex/Desktop/Banana/kernel/boot.32
                0x00000000c0000020                callGlobalConstructors
 .text          0x00000000c0000041        0x0 crti.32
 *fill*         0x00000000c0000041        0x3 
 .text          0x00000000c0000044      0x101 /cygdrive/d/Users/Alex/Desktop/Toolchain/Output/bin/../lib/gcc/i386-banana/8.1.0/crtbegin.o
 *fill*         0x00000000c0000145        0xb 
 .text          0x00000000c0000150      0x430 D:/Users/Alex/Desktop/Banana/kernel/morenasm.32
                0x00000000c0000150                manualPCIProbe
                0x00000000c000019b                prepareTramp
                0x00000000c00001b4                doTPAUSE
                0x00000000c00001be                hasLegacyFPU
                0x00000000c00001e3                is486
                0x00000000c0000219                detectCPUID
                0x00000000c000022f                goToVM86
                0x00000000c000025f                goToUsermode
                0x00000000c0000289                switchToThreadASMFirstTime
                0x00000000c0000297                switchToThreadASM
                0x00000000c0000327                asmQuickAcquireLock
                0x00000000c0000345                asmQuickReleaseLock
                0x00000000c0000351                asmAcquireLock
                0x00000000c0000372                asmReleaseLock
                0x00000000c0000385                loadGDT
                0x00000000c00003a5                isr0
                0x00000000c00003b5                isr1
                0x00000000c00003bf                isr2
                0x00000000c00003c9                isr3
                0x00000000c00003d3                isr4
                0x00000000c00003dd                isr5
                0x00000000c00003e7                isr6
                0x00000000c00003f1                isr7
                0x00000000c00003fb                isr8
                0x00000000c0000403                isr9
                0x00000000c000040d                isr10
                0x00000000c0000415                isr11
                0x00000000c000041d                isr12
                0x00000000c0000425                isr13
                0x00000000c000042d                isr14
                0x00000000c0000435                isr15
                0x00000000c000043f                isr16
                0x00000000c0000449                isr17
                0x00000000c0000453                isr18
                0x00000000c000045d                irq3
                0x00000000c0000467                irq4
                0x00000000c0000471                irq5
                0x00000000c000047b                irq6
                0x00000000c0000485                irq7
                0x00000000c000048f                irq8
                0x00000000c0000499                irq9
                0x00000000c00004a3                irq10
                0x00000000c00004ad                irq11
                0x00000000c00004b7                irq12
                0x00000000c00004c1                irq13
                0x00000000c00004cb                irq14
                0x00000000c00004d5                irq15
                0x00000000c00004df                irq1
                0x00000000c00004e6                irq2
                0x00000000c00004ed                isr96
                0x00000000c00004f4                irq0
                0x00000000c00004f9                int_common_stub
                0x00000000c00004f9                syscall_common_stub
                0x00000000c000052b                irq16
                0x00000000c0000535                irq17
                0x00000000c000053f                irq18
                0x00000000c0000549                irq19
                0x00000000c0000553                irq20
                0x00000000c000055d                irq21
                0x00000000c0000567                irq22
                0x00000000c0000571                irq23
                0x00000000c000057b                memcpy
 .text          0x00000000c0000580      0x5dd acpica/utclib.32
                0x00000000c0000580                memcmp
                0x00000000c00005bc                memmove
                0x00000000c0000684                memset
                0x00000000c00006a0                strlen
                0x00000000c00006b8                strpbrk
                0x00000000c00006f4                strtok
                0x00000000c0000740                strcpy
                0x00000000c0000764                strncpy
                0x00000000c00007cc                strcmp
                0x00000000c000080c                strchr
                0x00000000c0000830                strncmp
                0x00000000c0000880                strcat
                0x00000000c00008b0                strncat
                0x00000000c00008ec                strstr
                0x00000000c0000934                toupper
                0x00000000c0000948                tolower
                0x00000000c000095c                simple_strtoul
 .text          0x00000000c0000b5d      0xfad core/malloc.32
                0x00000000c0000cc8                dlfree
                0x00000000c0001023                dlmalloc
                0x00000000c0001560                dlrealloc
                0x00000000c0001703                dlmemalign
                0x00000000c0001826                dlcalloc
                0x00000000c00018c0                dlcfree
                0x00000000c00018c5                dlindependent_calloc
                0x00000000c00018ea                dlindependent_comalloc
                0x00000000c0001901                dlvalloc
                0x00000000c000192c                dlpvalloc
                0x00000000c0001962                dlmalloc_trim
                0x00000000c000196f                dlmalloc_usable_size
                0x00000000c00019a0                dlmallinfo
                0x00000000c0001a6f                dlmalloc_stats
                0x00000000c0001a80                dlmallopt
 .text          0x00000000c0001b0a        0x0 libk/string.32
 .text          0x00000000c0001b0a       0x51 fs/fat/diskio.32
                0x00000000c0001b0a                disk_status
                0x00000000c0001b0d                disk_initialize
                0x00000000c0001b10                disk_read
                0x00000000c0001b26                disk_write
                0x00000000c0001b3c                disk_ioctl
 .text          0x00000000c0001b5b     0x6a69 fs/fat/ff.32
                0x00000000c0004e29                f_mount
                0x00000000c0004e8b                f_open
                0x00000000c00052c7                f_read
                0x00000000c0005547                f_write
                0x00000000c0005801                f_sync
                0x00000000c00059dd                f_close
                0x00000000c0005a0c                f_lseek
                0x00000000c0005ec3                f_opendir
                0x00000000c0005fc5                f_closedir
                0x00000000c0005fe7                f_readdir
                0x00000000c0006082                f_stat
                0x00000000c0006111                f_getfree
                0x00000000c00062dc                f_truncate
                0x00000000c00063d4                f_unlink
                0x00000000c0006557                f_mkdir
                0x00000000c0006783                f_rename
                0x00000000c0006a76                f_chmod
                0x00000000c0006b54                f_utime
                0x00000000c0006c32                f_getlabel
                0x00000000c0006e20                f_setlabel
                0x00000000c000708d                f_expand
                0x00000000c00072c3                f_forward
                0x00000000c00074a1                f_mkfs
 .text          0x00000000c00085c4       0x2f fs/fat/ffsystem.32
                0x00000000c00085c4                ff_memalloc
                0x00000000c00085dc                ff_memfree
 *fill*         0x00000000c00085f3        0x1 
 .text          0x00000000c00085f4      0x274 fs/fat/ffunicode.32
                0x00000000c00085f4                ff_uni2oem
                0x00000000c000868c                ff_oem2uni
                0x00000000c0008700                ff_wtoupper
 .text          0x00000000c0008868       0xa7 compat/inlines.32
                0x00000000c0008868                CPU::current()
                0x00000000c0008874                operator new(unsigned long)
                0x00000000c0008879                operator delete(void*)
                0x00000000c000887e                disableIRQs()
                0x00000000c0008886                enableIRQs()
                0x00000000c0008895                lockScheduler()
                0x00000000c000889d                unlockScheduler()
                0x00000000c00088ac                lockStuff()
                0x00000000c00088ba                unlockStuff()
                0x00000000c00088f4                Virt::getAKernelVAS()
                0x00000000c00088fa                __not_memcpy
 *fill*         0x00000000c000890f        0x1 
 .text          0x00000000c0008910      0x118 compat/resolve.32
                0x00000000c0008910                Krnl::resolveCompatibilitySymbol(char*)
 .text          0x00000000c0008a28      0x841 core/computer.32
                0x00000000c0008a28                Computer::close(int, int, void*)
                0x00000000c0008a6c                Krnl::firstTask()
                0x00000000c0008bc0                Computer::Computer()
                0x00000000c0008bc0                Computer::Computer()
                0x00000000c0008d1c                Computer::setBootMessage(char const*)
                0x00000000c0008d1e                Computer::detectFeatures()
                0x00000000c0008f28                Computer::displayFeatures()
                0x00000000c0008f2a                Computer::rdmsr(unsigned int)
                0x00000000c0008f56                Computer::wrmsr(unsigned int, unsigned long long)
                0x00000000c0008f8e                Computer::shutdown()
                0x00000000c0008fa6                Computer::restart()
                0x00000000c0008fbe                Computer::sleep()
                0x00000000c0008fd2                Computer::nmiEnabled()
                0x00000000c0008fde                Computer::readCMOS(unsigned char)
                0x00000000c0008ff8                Computer::enableNMI(bool)
                0x00000000c0009010                Computer::open(int, int, void*)
                0x00000000c00091ac                Computer::disableNMI()
                0x00000000c00091ba                Computer::writeCMOS(unsigned char, unsigned char)
                0x00000000c00091d8                Computer::handleNMI()
                0x00000000c000923e                Computer::setDiskActivityLight(int, bool)
 *fill*         0x00000000c0009269        0x1 
 .text          0x00000000c000926a      0x19d core/gdt.32
                0x00000000c000926a                GDTEntry::setBase(unsigned int)
                0x00000000c0009286                GDTEntry::setLimit(unsigned int)
                0x00000000c00092a4                GDT::GDT()
                0x00000000c00092a4                GDT::GDT()
                0x00000000c00092ba                GDT::addEntry(GDTEntry)
                0x00000000c00092dc                GDT::getNumberOfEntries()
                0x00000000c00092e4                GDT::flush()
                0x00000000c0009306                GDT::setup()
 .text          0x00000000c0009407       0x6b core/idle.32
                0x00000000c0009407                idleFunction(void*)
 *fill*         0x00000000c0009472        0x2 
 .text          0x00000000c0009474      0x464 core/idt.32
                0x00000000c0009474                IDTEntry::IDTEntry(bool)
                0x00000000c0009474                IDTEntry::IDTEntry(bool)
                0x00000000c00094e6                IDTEntry::setOffset(unsigned int)
                0x00000000c00094fc                IDT::IDT()
                0x00000000c00094fc                IDT::IDT()
                0x00000000c00094fe                IDT::getPointerToInvalidOpcodeEntryForF00F()
                0x00000000c0009506                IDT::addEntry(IDTEntry, int)
                0x00000000c0009520                IDT::addEntry(int, void (*)(), bool)
                0x00000000c0009558                IDT::flush()
                0x00000000c0009572                IDT::setup()
 .text          0x00000000c00098d8      0x191 core/kheap.32
                0x00000000c00098d8                sbrk
                0x00000000c000997b                mmap
                0x00000000c0009991                munmap
                0x00000000c00099a7                liballoc_lock()
                0x00000000c00099b4                liballoc_unlock()
                0x00000000c00099c8                liballoc_alloc(int)
                0x00000000c00099e0                liballoc_free(void*, int)
                0x00000000c00099fb                realloc
                0x00000000c0009a0f                malloc
                0x00000000c0009a1f                free
                0x00000000c0009a2f                rfree
                0x00000000c0009a3f                calloc
 .text          0x00000000c0009a69      0x437 core/main.32
                0x00000000c0009a69                Krnl::setBootMessage(char const*)
                0x00000000c0009ad5                kernel_main
 .text          0x00000000c0009ea0      0x673 core/physmgr.32
                0x00000000c0009ea0                Phys::allocateDMA(unsigned long)
                0x00000000c0009faf                Phys::freeDMA(unsigned long, unsigned long)
                0x00000000c0009ff5                Phys::setPageState(unsigned long, bool)
                0x00000000c000a027                Phys::getPageState(unsigned long)
                0x00000000c000a043                Phys::freePage(unsigned long)
                0x00000000c000a0c6                Phys::allocatePage()
                0x00000000c000a1b1                Phys::allocateContiguousPages(int)
                0x00000000c000a20d                Phys::allowSegmentToBeUsed(unsigned long, unsigned long)
                0x00000000c000a245                Phys::physicalMemorySetup(unsigned int)
 *fill*         0x00000000c000a513        0x1 
 .text          0x00000000c000a514      0x273 core/pipe.32
                0x00000000c000a514                Pipe::isAtty()
                0x00000000c000a518                Pipe::~Pipe()
                0x00000000c000a518                Pipe::~Pipe()
                0x00000000c000a53c                Pipe::~Pipe()
                0x00000000c000a564                Pipe::read(unsigned long long, void*, int*)
                0x00000000c000a660                Pipe::write(unsigned long long, void*, int*)
                0x00000000c000a720                Pipe::Pipe(int)
                0x00000000c000a720                Pipe::Pipe(int)
 *fill*         0x00000000c000a787        0x1 
 .text          0x00000000c000a788      0xb8f core/terminal.32
                0x00000000c000a788                VgaText::isAtty()
                0x00000000c000a78c                VgaText::~VgaText()
                0x00000000c000a78c                VgaText::~VgaText()
                0x00000000c000a7b0                VgaText::~VgaText()
                0x00000000c000a7da                VgaText::read(unsigned long long, void*, int*)
                0x00000000c000a7fa                setTerminalScrollLock(bool)
                0x00000000c000a7fb                addToTerminalCycle(VgaText*)
                0x00000000c000a81c                installVgaTextImplementation()
                0x00000000c000a831                scrollTerminalScrollLock(int)
                0x00000000c000a832                VgaText::updateTitle()
                0x00000000c000a870                VgaText::load()
                0x00000000c000a8be                VgaText::updateCursor()
                0x00000000c000a8d4                VgaText::doANSI_SGR(int)
                0x00000000c000a948                VgaText::setDefaultBgColour(VgaColour)
                0x00000000c000a958                VgaText::setDefaultFgColour(VgaColour)
                0x00000000c000a968                VgaText::setDefaultColours(VgaColour, VgaColour)
                0x00000000c000a988                VgaText::setTitleTextColour(VgaColour)
                0x00000000c000a998                VgaText::setTitleColour(VgaColour)
                0x00000000c000a9a8                VgaText::setTitle(char*)
                0x00000000c000a9ce                VgaText::combineColours(unsigned char, unsigned char)
                0x00000000c000a9e0                VgaText::scrollScreen()
                0x00000000c000aa74                VgaText::combineCharAndColour(char, unsigned char)
                0x00000000c000aa86                VgaText::writeCharacter(char, VgaColour, VgaColour, int, int)
                0x00000000c000aae2                VgaText::getCursorX()
                0x00000000c000aaea                VgaText::getCursorY()
                0x00000000c000aaf2                VgaText::setCursor(int, int)
                0x00000000c000ab09                setActiveTerminal(VgaText*)
                0x00000000c000ab6b                doTerminalCycle()
                0x00000000c000ab86                VgaText::setCursorX(int)
                0x00000000c000ab9e                VgaText::setCursorY(int)
                0x00000000c000abb6                VgaText::incrementCursor(bool)
                0x00000000c000ac0a                VgaText::decrementCursor(bool)
                0x00000000c000ac2c                VgaText::putchar(char, VgaColour, VgaColour)
                0x00000000c000ad04                VgaText::doUpdate()
                0x00000000c000ad12                VgaText::puts(char const*, VgaColour, VgaColour)
                0x00000000c000ae8a                VgaText::clearScreen()
                0x00000000c000aee4                VgaText::putchar(char)
                0x00000000c000afd0                VgaText::putx(unsigned int)
                0x00000000c000b016                VgaText::puts(char const*)
                0x00000000c000b03c                VgaText::VgaText(char const*)
                0x00000000c000b03c                VgaText::VgaText(char const*)
                0x00000000c000b1b8                VgaText::receiveKey(unsigned char)
                0x00000000c000b29e                VgaText::write(unsigned long long, void*, int*)
                0x00000000c000b2f2                newTerminal(char*)
 *fill*         0x00000000c000b317        0x1 
 .text          0x00000000c000b318      0x1a1 core/tss.32
                0x00000000c000b318                TSS::TSS()
                0x00000000c000b318                TSS::TSS()
                0x00000000c000b328                TSS::setESP(unsigned long)
                0x00000000c000b33c                TSS::flush()
                0x00000000c000b35c                TSS::setup(unsigned long, unsigned long)
 *fill*         0x00000000c000b4b9        0x1 
 .text          0x00000000c000b4ba      0x4c2 core/unixfile.32
                0x00000000c000b4ba                ReservedFilename::read(unsigned long long, void*, int*)
                0x00000000c000b510                ReservedFilename::isAtty()
                0x00000000c000b52c                ReservedFilename::write(unsigned long long, void*, int*)
                0x00000000c000b58a                UnixFile::getFileDescriptor()
                0x00000000c000b592                UnixFile::UnixFile(int)
                0x00000000c000b592                UnixFile::UnixFile(int)
                0x00000000c000b742                ReservedFilename::ReservedFilename(int)
                0x00000000c000b742                ReservedFilename::ReservedFilename(int)
                0x00000000c000b774                UnixFile::~UnixFile()
                0x00000000c000b774                UnixFile::~UnixFile()
                0x00000000c000b80c                UnixFile::~UnixFile()
                0x00000000c000b834                ReservedFilename::~ReservedFilename()
                0x00000000c000b834                ReservedFilename::~ReservedFilename()
                0x00000000c000b858                ReservedFilename::~ReservedFilename()
                0x00000000c000b87f                getFromFileDescriptor(int)
 .text          0x00000000c000b97c     0x1218 core/virtmgr.32
                0x00000000c000b97c                Virt::setPageState(unsigned long, Virt::VirtPageState)
                0x00000000c000b9b1                Virt::getPageState(unsigned long)
                0x00000000c000b9d5                Virt::allocateKernelVirtualPages(int)
                0x00000000c000bae6                Virt::freeSwapfilePage(unsigned long)
                0x00000000c000bb04                Virt::swapIDToSector(unsigned long)
                0x00000000c000bb16                Virt::allocateSwapfilePage()
                0x00000000c000bb94                Virt::virtualMemorySetup()
                0x00000000c000bbdf                Virt::setupPageSwapping(int)
                0x00000000c000bc50                VAS::VAS()
                0x00000000c000bc50                VAS::VAS()
                0x00000000c000bc8c                VAS::VAS(VAS*)
                0x00000000c000bc8c                VAS::VAS(VAS*)
                0x00000000c000bcba                VAS::getForeignPageTableEntry(bool, unsigned long)
                0x00000000c000bce6                VAS::getPageTableEntry(unsigned long)
                0x00000000c000bd05                Virt::freeKernelVirtualPages(unsigned long)
                0x00000000c000be28                VAS::freeAllocatedPages(unsigned long)
                0x00000000c000be4c                VAS::virtualToPhysical(unsigned long)
                0x00000000c000be64                VAS::reflagRange(unsigned long, int, int, int)
                0x00000000c000bea4                VAS::setToWriteCombining(unsigned long, int)
                0x00000000c000bed6                VAS::mapOtherVASIn(bool, VAS*)
                0x00000000c000bf00                VAS::~VAS()
                0x00000000c000bf00                VAS::~VAS()
                0x00000000c000c07c                VAS::mapPage(unsigned long, unsigned long, int)
                0x00000000c000c17e                VAS::allocatePages(int, int)
                0x00000000c000c356                VAS::setCPUSpecific(unsigned long)
                0x00000000c000c372                VAS::mapRange(unsigned long, unsigned long, int, int)
                0x00000000c000c438                VAS::mapForeignPage(bool, VAS*, unsigned long, unsigned long, int)
                0x00000000c000c526                VAS::VAS(bool)
                0x00000000c000c526                VAS::VAS(bool)
                0x00000000c000c7a6                VAS::evict(unsigned long)
                0x00000000c000c876                VAS::tryLoadBackOffDisk(unsigned long)
                0x00000000c000c98a                VAS::scanForEviction()
                0x00000000c000ca68                mapVASFirstTime
 .text          0x00000000c000cb94       0x95 coreobjs/c++.32
                0x00000000c000cb94                __cxa_atexit
                0x00000000c000cb97                __cxa_finalize
                0x00000000c000cb98                __stack_chk_fail
                0x00000000c000cc04                __cxa_pure_virtual
                0x00000000c000cc15                operator new[](unsigned long)
                0x00000000c000cc1a                operator delete(void*, unsigned long)
                0x00000000c000cc1f                operator delete[](void*)
                0x00000000c000cc24                operator delete[](void*, unsigned long)
 .text          0x00000000c000cc29      0x1fc dbg/kconsole.32
                0x00000000c000cc29                Dbg::stringifyxWithBase(unsigned int, char*, int)
                0x00000000c000cc82                Dbg::logc(char)
                0x00000000c000cca2                Dbg::logs(char*)
                0x00000000c000ccbf                Dbg::logWriteInt(unsigned int)
                0x00000000c000ccdc                Dbg::logWriteIntBase(unsigned int, int)
                0x00000000c000ccfb                Dbg::kprintf(char const*, ...)
 *fill*         0x00000000c000ce25        0x1 
 .text          0x00000000c000ce26      0xc78 fs/vfs.32
                0x00000000c000ce26                File::read(unsigned long long, void*, int*)
                0x00000000c000ce7e                File::write(unsigned long long, void*, int*)
                0x00000000c000ced6                Directory::read(unsigned long long, void*, int*)
                0x00000000c000cf2e                Directory::write(unsigned long long, void*, int*)
                0x00000000c000cf5c                File::isAtty()
                0x00000000c000cf60                Directory::isAtty()
                0x00000000c000cf64                Filesystem::getlabel(LogicalDisk*, int, char*, unsigned int*)
                0x00000000c000cf6a                Filesystem::setlabel(LogicalDisk*, int, char*)
                0x00000000c000cf70                Filesystem::allocateSwapfile(char const*, int)
                0x00000000c000cf76                File::~File()
                0x00000000c000cf76                File::~File()
                0x00000000c000cf9a                File::~File()
                0x00000000c000cfc4                Directory::~Directory()
                0x00000000c000cfc4                Directory::~Directory()
                0x00000000c000cfe8                Directory::~Directory()
                0x00000000c000d012                Filesystem::Filesystem()
                0x00000000c000d012                Filesystem::Filesystem()
                0x00000000c000d036                Filesystem::~Filesystem()
                0x00000000c000d036                Filesystem::~Filesystem()
                0x00000000c000d044                Filesystem::~Filesystem()
                0x00000000c000d068                Fs::getcwd(Process*, char*, int)
                0x00000000c000d092                Fs::initVFS()
                0x00000000c000d0bc                Fs::standardiseFiles(char*, char const*, char const*)
                0x00000000c000d266                File::File(char const*, Process*)
                0x00000000c000d266                File::File(char const*, Process*)
                0x00000000c000d328                File::open(FileOpenMode)
                0x00000000c000d386                File::close()
                0x00000000c000d3e6                File::seek(unsigned long long)
                0x00000000c000d43c                File::tell(unsigned long long*)
                0x00000000c000d48c                File::rewind()
                0x00000000c000d4a0                File::unlink()
                0x00000000c000d4ec                File::rename(char const*)
                0x00000000c000d53a                File::chfatattr(unsigned char, unsigned char)
                0x00000000c000d596                File::exists()
                0x00000000c000d5d4                File::stat(unsigned long long*, bool*)
                0x00000000c000d635                Fs::setcwd(Process*, char*)
                0x00000000c000d7aa                Directory::Directory(char const*, Process*)
                0x00000000c000d7aa                Directory::Directory(char const*, Process*)
                0x00000000c000d86c                Directory::open()
                0x00000000c000d8c8                Directory::close()
                0x00000000c000d928                Directory::unlink()
                0x00000000c000d974                Directory::rename(char const*)
                0x00000000c000d9c2                Directory::exists()
                0x00000000c000da00                Directory::read(dirent*)
                0x00000000c000da4c                Directory::create()
                0x00000000c000da98                Filesystem::chfatattr(char const*, unsigned char, unsigned char)
 *fill*         0x00000000c000da9e        0x2 
 .text          0x00000000c000daa0       0x86 hal/bus.32
                0x00000000c000daa0                Bus::Bus(char const*)
                0x00000000c000daa0                Bus::Bus(char const*)
                0x00000000c000dad8                Bus::~Bus()
                0x00000000c000dad8                Bus::~Bus()
                0x00000000c000dafc                Bus::~Bus()
 *fill*         0x00000000c000db26        0x2 
 .text          0x00000000c000db28      0x153 hal/buzzer.32
                0x00000000c000db28                Buzzer::Buzzer(char const*)
                0x00000000c000db28                Buzzer::Buzzer(char const*)
                0x00000000c000db6c                Buzzer::~Buzzer()
                0x00000000c000db6c                Buzzer::~Buzzer()
                0x00000000c000db90                Buzzer::~Buzzer()
                0x00000000c000dbba                Buzzer::stop()
                0x00000000c000dbcd                beepThread(void*)
                0x00000000c000dc0e                Buzzer::beep(int, int, bool)
 *fill*         0x00000000c000dc7b        0x1 
 .text          0x00000000c000dc7c      0x467 hal/clock.32
                0x00000000c000dc7c                User::loadClockSettings(int)
                0x00000000c000dcce                Clock::Clock(char const*)
                0x00000000c000dcce                Clock::Clock(char const*)
                0x00000000c000dd04                Clock::~Clock()
                0x00000000c000dd04                Clock::~Clock()
                0x00000000c000dd28                Clock::~Clock()
                0x00000000c000dd52                Clock::timeInSecondsLocal()
                0x00000000c000dd9a                Clock::setTimeInSecondsLocal(unsigned long long)
                0x00000000c000ddf3                datetimeToSeconds(datetime_t)
                0x00000000c000df1a                Clock::setTimeInDatetimeLocal(datetime_t)
                0x00000000c000df7a                secondsToDatetime(unsigned long long)
                0x00000000c000e0be                Clock::timeInDatetimeLocal()
 *fill*         0x00000000c000e0e3        0x1 
 .text          0x00000000c000e0e4      0x504 hal/device.32
                0x00000000c000e0e4                Device::hibernate()
                0x00000000c000e0e6                Device::wake()
                0x00000000c000e0e8                Device::detect()
                0x00000000c000e0ea                Device::disableLegacy()
                0x00000000c000e0ec                Device::powerSaving(PowerSavingLevel)
                0x00000000c000e0ee                DriverlessDevice::close(int, int, void*)
                0x00000000c000e0f2                DriverlessDevice::detect()
                0x00000000c000e0f4                DriverlessDevice::open(int, int, void*)
                0x00000000c000e108                Device::~Device()
                0x00000000c000e108                Device::~Device()
                0x00000000c000e116                Device::~Device()
                0x00000000c000e13e                Device::findAndLoadDriver()
                0x00000000c000e14c                Device::preOpenPCI(PCIDeviceInfo)
                0x00000000c000e172                Device::preOpenACPI(void*, char*, char*)
                0x00000000c000e1b2                Device::addIRQHandler(int, void (*)(regs*, void*), bool, void*)
                0x00000000c000e1f0                Device::getParent()
                0x00000000c000e1fc                Device::removeIRQHandler(int, void (*)(regs*, void*), bool)
                0x00000000c000e23a                Device::addChild(Device*)
                0x00000000c000e27e                Device::removeAllChildren()
                0x00000000c000e2c4                Device::hibernateAll()
                0x00000000c000e2f4                Device::wakeAll()
                0x00000000c000e324                Device::detectAll()
                0x00000000c000e354                Device::disableLegacyAll()
                0x00000000c000e384                Device::loadDriversForAll()
                0x00000000c000e3c4                Device::closeAll()
                0x00000000c000e3fa                Device::powerSavingAll(PowerSavingLevel)
                0x00000000c000e430                Device::setName(char const*)
                0x00000000c000e43e                Device::Device(char const*)
                0x00000000c000e43e                Device::Device(char const*)
                0x00000000c000e53a                Device::getName()
                0x00000000c000e544                DriverlessDevice::DriverlessDevice(char const*)
                0x00000000c000e544                DriverlessDevice::DriverlessDevice(char const*)
                0x00000000c000e57a                Device::addToLinkedList(LinkedList<Device>&, DeviceType)
                0x00000000c000e5be                getDevicesOfType(DeviceType)
 .text          0x00000000c000e5e8       0x86 hal/diskctrl.32
                0x00000000c000e5e8                HardDiskController::HardDiskController(char const*)
                0x00000000c000e5e8                HardDiskController::HardDiskController(char const*)
                0x00000000c000e620                HardDiskController::~HardDiskController()
                0x00000000c000e620                HardDiskController::~HardDiskController()
                0x00000000c000e644                HardDiskController::~HardDiskController()
 .text          0x00000000c000e66e       0xe2 hal/diskphys.32
                0x00000000c000e66e                PhysicalDisk::eject()
                0x00000000c000e672                PhysicalDisk::PhysicalDisk(char const*, int)
                0x00000000c000e672                PhysicalDisk::PhysicalDisk(char const*, int)
                0x00000000c000e6da                PhysicalDisk::startCache()
                0x00000000c000e702                PhysicalDisk::~PhysicalDisk()
                0x00000000c000e702                PhysicalDisk::~PhysicalDisk()
                0x00000000c000e726                PhysicalDisk::~PhysicalDisk()
 .text          0x00000000c000e750      0x147 hal/fpu.32
                0x00000000c000e750                FPU::FPU(char const*)
                0x00000000c000e750                FPU::FPU(char const*)
                0x00000000c000e788                FPU::~FPU()
                0x00000000c000e788                FPU::~FPU()
                0x00000000c000e7ac                FPU::~FPU()
                0x00000000c000e7d6                setupFPU()
 *fill*         0x00000000c000e897        0x1 
 .text          0x00000000c000e898     0x11e1 hal/intctrl.32
                0x00000000c000e898                InterruptController::uninstallISRHandler(int, void (*)(regs*, void*))
                0x00000000c000e8d0                InterruptController::installISRHandler(int, void (*)(regs*, void*), void*)
                0x00000000c000e922                doubleFault(regs*, void*)
                0x00000000c000e93c                InterruptController::installIRQHandler(int, void (*)(regs*, void*), bool, void*)
                0x00000000c000e9d8                InterruptController::clearAllHandlers(int, bool)
                0x00000000c000ea80                InterruptController::uninstallIRQHandler(int, void (*)(regs*, void*), bool)
                0x00000000c000eb07                nmiHandler(regs*, void*)
                0x00000000c000eb15                int_handler
                0x00000000c000ebb6                InterruptController::InterruptController(char const*)
                0x00000000c000ebb6                InterruptController::InterruptController(char const*)
                0x00000000c000ec5c                InterruptController::~InterruptController()
                0x00000000c000ec5c                InterruptController::~InterruptController()
                0x00000000c000ec80                InterruptController::~InterruptController()
                0x00000000c000ecaa                displayDebugInfo(regs*)
                0x00000000c000f139                x87EmulHandler(regs*, void*)
                0x00000000c000f1ac                gpFault(regs*, void*)
                0x00000000c000f1e5                pgFault(regs*, void*)
                0x00000000c000f234                otherISRHandler(regs*, void*)
                0x00000000c000f253                opcodeFault(regs*, void*)
                0x00000000c000f616                displayProgramFault(char const*)
                0x00000000c000f63e                setupInterruptController()
                0x00000000c000fa2c                InterruptController::convertLegacyIRQNumber(int)
 *fill*         0x00000000c000fa79        0x1 
 .text          0x00000000c000fa7a      0x788 hal/keybrd.32
                0x00000000c000fa7a                startGUI(void*)
                0x00000000c000fae6                startGUIVESA(void*)
                0x00000000c000fb52                sendKeyToTerminal(unsigned char)
                0x00000000c000fc10                sendKeyboardToken(KeyboardToken)
                0x00000000c0010052                clearInternalKeybuffer(VgaText*)
                0x00000000c0010087                readKeyboard(VgaText*, char*, unsigned long)
                0x00000000c0010178                Keyboard::Keyboard(char const*)
                0x00000000c0010178                Keyboard::Keyboard(char const*)
                0x00000000c00101b4                Keyboard::~Keyboard()
                0x00000000c00101b4                Keyboard::~Keyboard()
                0x00000000c00101d8                Keyboard::~Keyboard()
 .text          0x00000000c0010202      0x42a hal/logidisk.32
                0x00000000c0010202                LogicalDisk::close(int, int, void*)
                0x00000000c0010206                LogicalDisk::~LogicalDisk()
                0x00000000c0010206                LogicalDisk::~LogicalDisk()
                0x00000000c001022a                LogicalDisk::~LogicalDisk()
                0x00000000c0010254                LogicalDisk::open(int, int, void*)
                0x00000000c0010268                LogicalDisk::absoluteToRelative(unsigned long long)
                0x00000000c00102a0                LogicalDisk::relativeToAbsolute(unsigned long long)
                0x00000000c00102e6                LogicalDisk::LogicalDisk(char const*, PhysicalDisk*, unsigned long long, unsigned long long)
                0x00000000c00102e6                LogicalDisk::LogicalDisk(char const*, PhysicalDisk*, unsigned long long, unsigned long long)
                0x00000000c001039c                LogicalDisk::assignDriveLetter()
                0x00000000c0010452                LogicalDisk::mount()
                0x00000000c00104da                LogicalDisk::unmount()
                0x00000000c00104ea                LogicalDisk::eject()
                0x00000000c00104fe                LogicalDisk::unassignDriveLetter()
                0x00000000c0010554                LogicalDisk::read(unsigned long long, int, void*)
                0x00000000c00105c0                LogicalDisk::write(unsigned long long, int, void*)
 .text          0x00000000c001062c       0x86 hal/mouse.32
                0x00000000c001062c                Mouse::Mouse(char const*)
                0x00000000c001062c                Mouse::Mouse(char const*)
                0x00000000c0010664                Mouse::~Mouse()
                0x00000000c0010664                Mouse::~Mouse()
                0x00000000c0010688                Mouse::~Mouse()
 .text          0x00000000c00106b2      0x339 hal/partition.32
                0x00000000c00106b2                makePartition(PhysicalDisk*, unsigned long long, unsigned long long)
                0x00000000c001075a                createPartitionsForDisk(PhysicalDisk*)
 *fill*         0x00000000c00109eb        0x1 
 .text          0x00000000c00109ec       0x86 hal/serial.32
                0x00000000c00109ec                Serial::Serial(char const*)
                0x00000000c00109ec                Serial::Serial(char const*)
                0x00000000c0010a24                Serial::~Serial()
                0x00000000c0010a24                Serial::~Serial()
                0x00000000c0010a48                Serial::~Serial()
 *fill*         0x00000000c0010a72        0x2 
 .text          0x00000000c0010a74      0x2f2 hal/timer.32
                0x00000000c0010a74                Timer::Timer(char const*)
                0x00000000c0010a74                Timer::Timer(char const*)
                0x00000000c0010aac                Timer::~Timer()
                0x00000000c0010aac                Timer::~Timer()
                0x00000000c0010ad0                Timer::~Timer()
                0x00000000c0010afa                Timer::read()
                0x00000000c0010b05                timerHandler(unsigned int)
                0x00000000c0010c6c                setupTimer(int)
 *fill*         0x00000000c0010d66        0x2 
 .text          0x00000000c0010d68      0x42e hal/vcache.32
                0x00000000c0010d68                VCache::VCache(PhysicalDisk*)
                0x00000000c0010d68                VCache::VCache(PhysicalDisk*)
                0x00000000c0010ed0                VCache::invalidateReadBuffer()
                0x00000000c0010ee0                VCache::writeWriteBuffer()
                0x00000000c0010f1c                VCache::~VCache()
                0x00000000c0010f1c                VCache::~VCache()
                0x00000000c0010f70                VCache::~VCache()
                0x00000000c0010f98                VCache::write(unsigned long long, int, void*)
                0x00000000c0011092                VCache::read(unsigned long long, int, void*)
 .text          0x00000000c0011196      0x4b3 hal/video.32
                0x00000000c0011196                Video::putrect(int, int, int, int, unsigned int)
                0x00000000c00111e2                Video::bitblit(int, int, int, int, int, int, int, unsigned int*)
                0x00000000c0011252                Video::blit(unsigned int*, int, int, int, int)
                0x00000000c00112d0                Video::clearScreen(unsigned int)
                0x00000000c0011304                Video::putpixel(int, int, unsigned int)
                0x00000000c0011312                Video::Video(char const*)
                0x00000000c0011312                Video::Video(char const*)
                0x00000000c0011348                Video::~Video()
                0x00000000c0011348                Video::~Video()
                0x00000000c001136c                Video::~Video()
                0x00000000c0011396                Video::isMonochrome()
                0x00000000c00113a2                Video::getWidth()
                0x00000000c00113ae                Video::getHeight()
                0x00000000c00113ba                Video::drawCursor(int, int, unsigned char*, int)
                0x00000000c0011476                Video::tgaParse(unsigned char*, int, int*, int*)
                0x00000000c00115de                Video::putTGA(int, int, unsigned char*, int)
 *fill*         0x00000000c0011649        0x3 
 .text          0x00000000c001164c     0x1707 hw/acpi.32
                0x00000000c001164c                ACPI::close(int, int, void*)
                0x00000000c0011700                findRSDP()
                0x00000000c00117d4                loadACPITables(unsigned char*)
                0x00000000c0011a38                findRSDT(unsigned char*)
                0x00000000c0011bf8                findDataTable(unsigned char*, char*)
                0x00000000c0011c70                scanMADT()
                0x00000000c001214c                ACPI::ACPI()
                0x00000000c001214c                ACPI::ACPI()
                0x00000000c00121b0                ACPI::getPCIIRQAssignment(unsigned char, unsigned short, unsigned char)
                0x00000000c0012298                ACPI::registerPCIIRQAssignment(void*, unsigned short, unsigned char, unsigned char)
                0x00000000c0012360                ACPI::setScreenBrightnessLevel(void*, int)
                0x00000000c0012368                ACPI::detectPCI()
                0x00000000c001284c                ACPI::writeSimpleBootFlag(SimpleBootFlagTable*)
                0x00000000c0012894                ACPI::sleep()
                0x00000000c00128d0                ACPI::open(int, int, void*)
 *fill*         0x00000000c0012d53        0x1 
 .text          0x00000000c0012d54     0x1583 hw/cpu.32
                0x00000000c0012d54                CPU::close(int, int, void*)
                0x00000000c0012d58                CPU::lookupAMDName(unsigned char, unsigned char)
                0x00000000c0012eec                CPU::lookupIntelName(unsigned char, unsigned char)
                0x00000000c001319a                CPU::AMD_K6_write_msr(unsigned int, unsigned int, unsigned int, CPU::REGS*)
                0x00000000c00131b6                CPU::AMD_K6_read_msr(unsigned int, CPU::REGS*)
                0x00000000c00131ce                CPU::AMD_K6_writeback(int, int, int)
                0x00000000c0013242                CPU::cpuid(int, unsigned long*, unsigned long*, unsigned long*, unsigned long*)
                0x00000000c00132c6                CPU::cpuidCheckEDX(unsigned int)
                0x00000000c00132f4                CPU::cpuidCheckECX(unsigned int)
                0x00000000c0013322                CPU::cpuidCheckExtendedEBX(unsigned int)
                0x00000000c0013350                CPU::cpuidCheckExtendedECX(unsigned int)
                0x00000000c001337e                CPU::CPU()
                0x00000000c001337e                CPU::CPU()
                0x00000000c001340c                CPU::displayFeatures()
                0x00000000c001340e                CPU::detectFeatures()
                0x00000000c0013e00                CPU::setupSMEP()
                0x00000000c0013e0c                CPU::setupUMIP()
                0x00000000c0013e16                CPU::setupTSC()
                0x00000000c0013e20                CPU::setupLargePages()
                0x00000000c0013e2a                CPU::setupPAT()
                0x00000000c0013e66                CPU::setupMTRR()
                0x00000000c0013e68                CPU::setupGlobalPages()
                0x00000000c0013e72                CPU::allowUsermodeDataAccess()
                0x00000000c0013e84                CPU::prohibitUsermodeDataAccess()
                0x00000000c0013e96                CPU::setupSMAP()
                0x00000000c0013ea4                CPU::setupFeatures()
                0x00000000c0013f70                CPU::open(int, int, void*)
                0x00000000c00140dc                CPU::decodeAddress(regs*, int*, bool*, unsigned char*)
 .text          0x00000000c00142d7        0x0 hw/ports.32
 .text          0x00000000c00142d7      0x16a hw/smp.32
                0x00000000c00142d7                Krnl::smpEntry()
                0x00000000c00142d9                Krnl::startCPU(int)
                0x00000000c0014422                Krnl::startCPUs()
 *fill*         0x00000000c0014441        0x1 
 .text          0x00000000c0014442      0x581 krnl/env.32
                0x00000000c0014442                EnvVarContainer::getEnv(char const*)
                0x00000000c0014480                EnvVarContainer::setEnv(char const*, char const*)
                0x00000000c0014542                EnvVarContainer::deleteEnv(char const*)
                0x00000000c0014544                EnvVarContainer::loadFrom(char const*, char const*)
                0x00000000c001472a                EnvVarContainer::__loadSystem()
                0x00000000c0014744                EnvVarContainer::__loadUser()
                0x00000000c0014746                EnvVarContainer::EnvVarContainer(Process*)
                0x00000000c0014746                EnvVarContainer::EnvVarContainer(Process*)
                0x00000000c0014768                EnvVarContainer::~EnvVarContainer()
                0x00000000c0014768                EnvVarContainer::~EnvVarContainer()
                0x00000000c0014798                Krnl::getEnv(Process*, char const*)
                0x00000000c00147fd                Krnl::setEnvSystem(char const*, char const*)
                0x00000000c0014817                Krnl::setEnvUser(char const*, char const*)
                0x00000000c0014836                Krnl::setEnvProcess(Process*, char const*, char const*)
                0x00000000c0014849                Krnl::deleteEnvSystem(char const*)
                0x00000000c001484a                Krnl::deleteEnvUser(char const*)
                0x00000000c001484b                Krnl::deleteEnvProcess(Process*, char const*)
                0x00000000c001484c                Krnl::newProcessEnv(Process*)
                0x00000000c001486e                Krnl::copyProcessEnv(Process*, Process*)
                0x00000000c00148ba                Krnl::loadSystemEnv()
                0x00000000c00148e8                Krnl::loadUserEnv()
                0x00000000c001490e                Krnl::flushEnv()
                0x00000000c001490f                Krnl::getProcessTotalEnvCount(Process*)
                0x00000000c001492f                Krnl::getProcessEnvPair(Process*, int)
 .text          0x00000000c00149c3      0x39c krnl/panic.32
                0x00000000c00149c3                Krnl::panic(char const*)
 .text          0x00000000c0014d5f      0x194 krnl/powctrl.32
                0x00000000c0014d5f                Krnl::powerThread(void*)
                0x00000000c0014ddf                Krnl::changePowerSettings(Krnl::PowerSettings)
                0x00000000c0014df5                Krnl::userIOReceived()
                0x00000000c0014e00                Krnl::handlePowerButton()
                0x00000000c0014e35                Krnl::handleSleepButton()
                0x00000000c0014e6a                Krnl::setupPowerManager()
 *fill*         0x00000000c0014ef3        0x1 
 .text          0x00000000c0014ef4      0x5a0 net/ethernet.32
                0x00000000c0014ef4                Net::switchEndian16(unsigned short)
                0x00000000c0014f18                Net::switchEndian32(unsigned int)
                0x00000000c0014f48                Net::crc32Calc(unsigned char*, int)
                0x00000000c0014fec                Net::wrapEthernetFrame(Net::UnwrappedEthernetFrame, unsigned char*)
                0x00000000c0015208                Net::unwrapEthernetFrame(unsigned char*, int)
 .text          0x00000000c0015494      0x50e reg/registry.32
                0x00000000c0015494                Reg::findLineFromLoadedData(char*, char*, char*)
                0x00000000c00155ec                Reg::getLineFromRegistry(char*, char*, char*, char*)
                0x00000000c0015741                Reg::getLine(char*, char*, char*)
                0x00000000c0015778                Reg::readInt(char*, char*, int*)
                0x00000000c0015863                Reg::readString(char*, char*, char*, int)
                0x00000000c00158e4                Reg::readBool(char*, char*, bool*)
                0x00000000c0015909                Reg::readBoolWithDefault(char*, char*, bool)
                0x00000000c0015935                Reg::readIntWithDefault(char*, char*, int)
                0x00000000c0015961                Reg::readStringWithDefault(char*, char*, char*, int, char*)
 .text          0x00000000c00159a2       0x36 sys/sc_eject.32
                0x00000000c00159a2                Sys::eject(regs*)
 .text          0x00000000c00159d8       0x18 sys/sc_exit.32
                0x00000000c00159d8                Sys::exit(regs*)
 .text          0x00000000c00159f0       0x1f sys/sc_getcwd.32
                0x00000000c00159f0                Sys::getCwd(regs*)
 .text          0x00000000c0015a0f        0xc sys/sc_getpid.32
                0x00000000c0015a0f                Sys::getPID(regs*)
 .text          0x00000000c0015a1b       0x1a sys/sc_getramdata.32
                0x00000000c0015a1b                Sys::getRAMData(regs*)
 .text          0x00000000c0015a35       0x84 sys/sc_getvgaptr.32
                0x00000000c0015a35                Sys::getVGAPtr(regs*)
 .text          0x00000000c0015ab9       0xa8 sys/sc_loaddll.32
                0x00000000c0015ab9                Sys::loadDLL(regs*)
 .text          0x00000000c0015b61       0x68 sys/sc_read.32
                0x00000000c0015b61                Sys::read(regs*)
 .text          0x00000000c0015bc9       0x55 sys/sc_sbrk.32
                0x00000000c0015bc9                Sys::sbrk(regs*)
 .text          0x00000000c0015c1e       0x1c sys/sc_setcwd.32
                0x00000000c0015c1e                Sys::setCwd(regs*)
 .text          0x00000000c0015c3a       0x95 sys/sc_settime.32
                0x00000000c0015c3a                Sys::setTime(regs*)
 .text          0x00000000c0015ccf       0x4a sys/sc_timezone.32
                0x00000000c0015ccf                Sys::timezone(regs*)
 .text          0x00000000c0015d19       0x68 sys/sc_write.32
                0x00000000c0015d19                Sys::write(regs*)
 .text          0x00000000c0015d81       0x62 sys/sc_wsbe.32
                0x00000000c0015d81                Sys::wsbe(regs*)
 .text          0x00000000c0015de3       0x38 sys/sc_yield.32
                0x00000000c0015de3                Sys::yield(regs*)
 .text          0x00000000c0015e1b      0xf8e sys/syscalls.32
                0x00000000c0015e1b                sysCallSeekDir(regs*)
                0x00000000c0015e20                sysCallTellDir(regs*)
                0x00000000c0015e25                sysCallVerify(regs*)
                0x00000000c0015e2f                sysCallGetArgc(regs*)
                0x00000000c0015e3f                sysFormatDisk(regs*)
                0x00000000c0015ea9                sysSetDiskVolumeLabel(regs*)
                0x00000000c0015ef3                sysGetDiskVolumeLabel(regs*)
                0x00000000c0015f48                sysShutdown(regs*)
                0x00000000c0015fa6                sysCallRealpath(regs*)
                0x00000000c0015fe9                sysCallReadDir(regs*)
                0x00000000c0016068                sysCallIsATTY(regs*)
                0x00000000c00160c2                sysCallSeek(regs*)
                0x00000000c0016119                sysCallTell(regs*)
                0x00000000c0016185                sysCallSize(regs*)
                0x00000000c00161f7                sysCallSizeFromFilename(regs*)
                0x00000000c00162a6                sysCallClose(regs*)
                0x00000000c0016306                sysCallOpenDir(regs*)
                0x00000000c001637b                sysCallCloseDir(regs*)
                0x00000000c00163cf                sysCallMakeDir(regs*)
                0x00000000c001643f                sysCallWait(regs*)
                0x00000000c0016459                sysCallNotImpl(regs*)
                0x00000000c0016474                sysPanic(regs*)
                0x00000000c001648e                sysCallRmdir(regs*)
                0x00000000c00164f2                sysCallUnlink(regs*)
                0x00000000c0016556                sysCallGetArgv(regs*)
                0x00000000c00165a2                sysCallTTYName(regs*)
                0x00000000c0016625                sysCallUSleep(regs*)
                0x00000000c001664e                sysCallSpawn(regs*)
                0x00000000c00166b6                sysCallGetEnv(regs*)
                0x00000000c0016763                sysAppSettings(regs*)
                0x00000000c0016877                sysSetFatAttrib(regs*)
                0x00000000c00168e9                sysPipe(regs*)
                0x00000000c001692e                sysGetUnixTime(regs*)
                0x00000000c0016942                string_ends_with(char const*, char const*)
                0x00000000c001698a                sysCallOpen(regs*)
                0x00000000c0016b72                Sys::loadSyscalls()
                0x00000000c0016d67                Sys::systemCall(regs*, void*)
 .text          0x00000000c0016da9     0x1203 thr/elf.32
                0x00000000c0016da9                Thr::allocateMemoryForTask(Process*, File*, unsigned long, unsigned long, unsigned long)
                0x00000000c0017053                Thr::loadProgramIntoMemory(Process*, char const*)
                0x00000000c0017269                Thr::runtimeReferenceHelper()
                0x00000000c001727c                Thr::getAddressOfKernelSymbol(char const*)
                0x00000000c00172cb                Thr::loadKernelSymbolTable(char const*)
                0x00000000c0017589                Thr::loadDriverIntoMemory(char const*, unsigned long, bool)
                0x00000000c0017cbf                Thr::getDriverBaseFromAddress(unsigned long)
                0x00000000c0017cf1                Thr::getDriverNameFromAddress(unsigned long)
                0x00000000c0017d28                Thr::getDriverOffsetFromAddress(unsigned long)
                0x00000000c0017d42                Thr::loadDLL(char const*, bool)
                0x00000000c0017f73                Thr::executeDLL(unsigned long, void*)
 .text          0x00000000c0017fac     0x12a9 thr/prcssthr.32
                0x00000000c0017fac                userModeEntryPoint(void*)
                0x00000000c0017fd4                changeTSS
                0x00000000c0018004                switchToThread(ThreadControlBlock*)
                0x00000000c00180b8                Process::addArgs(char**)
                0x00000000c0018118                Process::Process(char const*, Process*, char**)
                0x00000000c0018118                Process::Process(char const*, Process*, char**)
                0x00000000c0018304                Process::Process(bool, char const*, Process*, char**)
                0x00000000c0018304                Process::Process(bool, char const*, Process*, char**)
                0x00000000c00184bc                taskStartupFunction
                0x00000000c00184c8                Semaphore::Semaphore(int)
                0x00000000c00184c8                Semaphore::Semaphore(int)
                0x00000000c00184f8                Mutex::Mutex()
                0x00000000c00184f8                Mutex::Mutex()
                0x00000000c001850c                Process::createThread(void (*)(void*), void*, int)
                0x00000000c0018604                Process::createUserThread()
                0x00000000c0018620                setupMultitasking(void (*)())
                0x00000000c0018728                schedule()
                0x00000000c00187b4                Semaphore::tryAcquire()
                0x00000000c0018880                Semaphore::assertLocked(char const*)
                0x00000000c00188f8                blockTaskWithSchedulerLockAlreadyHeld(TaskState)
                0x00000000c0018920                blockTask(TaskState)
                0x00000000c0018950                waitTask(int, int*, int)
                0x00000000c0018994                milliTenthSleepUntil(unsigned int)
                0x00000000c0018a20                milliTenthSleep(unsigned int)
                0x00000000c0018a30                sleep(unsigned int)
                0x00000000c0018a4c                Semaphore::acquire()
                0x00000000c0018b08                taskReturned
                0x00000000c0018b44                Thr::processFromPID(int)
                0x00000000c0018be4                unblockTask(ThreadControlBlock*)
                0x00000000c0018c88                cleanupTerminatedTask(ThreadControlBlock*)
                0x00000000c0018f50                cleanerTaskFunction(void*)
                0x00000000c0019040                terminateTask(int)
                0x00000000c001910c                Thr::terminateFromIRQ(int)
                0x00000000c0019118                Semaphore::release()
 .text          0x00000000c0019255      0xada vm86/vm8086.32
                0x00000000c0019255                Vm::inbv(unsigned short)
                0x00000000c0019268                Vm::outbv(unsigned short, unsigned char)
                0x00000000c001929e                Vm::realToLinear(unsigned short, unsigned short)
                0x00000000c00192ae                Vm::getSegment(unsigned int)
                0x00000000c00192b6                Vm::getOffset(unsigned int)
                0x00000000c00192bb                Vm::mainloop2()
                0x00000000c00192f5                Vm::mainVm8086Loop(void*)
                0x00000000c0019305                Vm::mainloop3(unsigned long)
                0x00000000c001932b                Vm::initialise8086()
                0x00000000c001936e                Vm::finish8086()
                0x00000000c00193cf                Vm::getOutput8086(unsigned char*)
                0x00000000c00193f4                Vm::start8086(char const*, unsigned short, unsigned short, unsigned short, unsigned short)
                0x00000000c001955c                Vm::doISR(regs*, int, unsigned char*, unsigned short, unsigned short)
                0x00000000c00195e6                Vm::readByteFromReal(unsigned short, unsigned short)
                0x00000000c00195f7                Vm::readWordFromReal(unsigned short, unsigned short)
                0x00000000c0019609                Vm::readDwordFromReal(unsigned short, unsigned short)
                0x00000000c001961a                Vm::writeByteFromReal(unsigned short, unsigned short, unsigned char)
                0x00000000c001962f                Vm::writeWordFromReal(unsigned short, unsigned short, unsigned short)
                0x00000000c0019645                Vm::writeDwordFromReal(unsigned short, unsigned short, unsigned int)
                0x00000000c001965a                Vm::faultHandler(regs*)
 *fill*         0x00000000c0019d2f        0x1 
 .text          0x00000000c0019d30      0xfcd vm86/x87em.32
                0x00000000c0019d30                Vm::fpuInternalTo32(unsigned long long)
                0x00000000c0019d8e                Vm::fpuInternalTo64(unsigned long long)
                0x00000000c0019d97                Vm::fpu32ToInternal(unsigned int)
                0x00000000c0019ddc                Vm::fpu64ToInternal(unsigned long long)
                0x00000000c0019de5                Vm::fpuFloatToLong(unsigned long long)
                0x00000000c0019e44                Vm::fpuULongToFloat(unsigned long long)
                0x00000000c0019e80                Vm::fpuLongToFloat(long long)
                0x00000000c0019edf                Vm::fpuGet0()
                0x00000000c0019ee4                Vm::fpuGet1()
                0x00000000c0019eec                Vm::fpuGetPi()
                0x00000000c0019ef4                Vm::fpuGetLog2E()
                0x00000000c0019f0c                Vm::fpuGetLogE2()
                0x00000000c0019f24                Vm::fpuGetLog210()
                0x00000000c0019f3c                Vm::fpuGetLog102()
                0x00000000c0019f54                Vm::fpuIsSecondLarger(unsigned long long, unsigned long long)
                0x00000000c0019f68                Vm::fpuAreEqual(unsigned long long, unsigned long long)
                0x00000000c0019f7e                Vm::fpuUnorderedCompare(unsigned long long, unsigned long long)
                0x00000000c0019fd4                Vm::fpuAdd(unsigned long long, unsigned long long)
                0x00000000c0019fe5                Vm::fpuAbs(unsigned long long)
                0x00000000c0019fee                Vm::fpuChs(unsigned long long)
                0x00000000c0019ffe                Vm::fpuSub(unsigned long long, unsigned long long)
                0x00000000c001a00d                Vm::fpuMultiply(unsigned long long, unsigned long long)
                0x00000000c001a02c                Vm::fpuDivide(unsigned long long, unsigned long long)
                0x00000000c001a048                Vm::fpuSquare(unsigned long long)
                0x00000000c001a05e                Vm::fpuGetReg(int)
                0x00000000c001a0a1                Vm::fpuSetReg(int, unsigned long long)
                0x00000000c001a0ed                Vm::fpuPush(unsigned long long)
                0x00000000c001a14b                Vm::fpuPop()
                0x00000000c001a19e                Vm::x87Handler(regs*)
 *fill*         0x00000000c001acfd        0x3 
 .text          0x00000000c001ad00     0x13b7 fs/fat/vfslink.32
                0x00000000c001ad00                FAT::getName()
                0x00000000c001ad08                FAT::tell(void*, unsigned long long*)
                0x00000000c001ad44                FAT::stat(void*, unsigned long long*)
                0x00000000c001ad80                FAT::~FAT()
                0x00000000c001ad80                FAT::~FAT()
                0x00000000c001ada4                FAT::~FAT()
                0x00000000c001adcc                FAT::getlabel(LogicalDisk*, int, char*, unsigned int*)
                0x00000000c001ae70                FAT::setlabel(LogicalDisk*, int, char*)
                0x00000000c001af34                FAT::format(LogicalDisk*, int, char const*, int)
                0x00000000c001b108                FAT::tryMount(LogicalDisk*, int)
                0x00000000c001b320                FAT::allocateSwapfile(char const*, int)
                0x00000000c001b4dc                FAT::readDir(void*, unsigned long, void*, int*)
                0x00000000c001b648                FAT::read(void*, unsigned long, void*, int*)
                0x00000000c001b6a8                FAT::write(void*, unsigned long, void*, int*)
                0x00000000c001b708                FAT::close(void*)
                0x00000000c001b75c                FAT::closeDir(void*)
                0x00000000c001b7b0                FAT::seek(void*, unsigned long long)
                0x00000000c001b80c                fatWrapperReadDisk
                0x00000000c001b854                fatWrapperWriteDisk
                0x00000000c001b89c                fatWrapperIoctl
                0x00000000c001b9ac                FAT::FAT()
                0x00000000c001b9ac                FAT::FAT()
                0x00000000c001ba00                FAT::fixFilepath(char*)
                0x00000000c001ba3c                FAT::open(char const*, void**, FileOpenMode)
                0x00000000c001bb70                FAT::openDir(char const*, void**)
                0x00000000c001bc20                FAT::stat(char const*, unsigned long long*, bool*)
                0x00000000c001bd14                FAT::unlink(char const*)
                0x00000000c001bd94                FAT::chfatattr(char const*, unsigned char, unsigned char)
                0x00000000c001befc                FAT::rename(char const*, char const*)
                0x00000000c001bfc8                FAT::mkdir(char const*)
                0x00000000c001c048                FAT::exists(char const*)
 *fill*         0x00000000c001c0b7        0x1 
 .text          0x00000000c001c0b8      0xb7f fs/iso9660/vfslink.32
                0x00000000c001c0b8                ISO9660::format(LogicalDisk*, int, char const*, int)
                0x00000000c001c0be                ISO9660::seek(void*, unsigned long long)
                0x00000000c001c0ee                ISO9660::tell(void*, unsigned long long*)
                0x00000000c001c112                ISO9660::getName()
                0x00000000c001c118                ISO9660::stat(void*, unsigned long long*)
                0x00000000c001c13c                ISO9660::chfatattr(char const*, unsigned char, unsigned char)
                0x00000000c001c142                ISO9660::unlink(char const*)
                0x00000000c001c148                ISO9660::write(void*, unsigned long, void*, int*)
                0x00000000c001c14e                ISO9660::rename(char const*, char const*)
                0x00000000c001c154                ISO9660::mkdir(char const*)
                0x00000000c001c15a                ISO9660::close(void*)
                0x00000000c001c17c                ISO9660::closeDir(void*)
                0x00000000c001c19e                ISO9660::~ISO9660()
                0x00000000c001c19e                ISO9660::~ISO9660()
                0x00000000c001c1c2                ISO9660::~ISO9660()
                0x00000000c001c1e9                __memmem(unsigned char*, int, unsigned char*, int)
                0x00000000c001c22b                readSectorFromCDROM(unsigned int, unsigned char*, char)
                0x00000000c001c286                ISO9660::tryMount(LogicalDisk*, int)
                0x00000000c001c2e0                ISO9660::read(void*, unsigned long, void*, int*)
                0x00000000c001c4e4                ISO9660::readDir(void*, unsigned long, void*, int*)
                0x00000000c001c75e                readRoot(unsigned int*, unsigned int*, char)
                0x00000000c001c7b2                readRecursively(char*, unsigned int, unsigned int, unsigned int*, unsigned int*, char, int*)
                0x00000000c001c985                getFileData(char*, unsigned int*, unsigned int*, char, int*)
                0x00000000c001ca14                ISO9660::open(char const*, void**, FileOpenMode)
                0x00000000c001cac2                ISO9660::exists(char const*)
                0x00000000c001cae6                ISO9660::stat(char const*, unsigned long long*, bool*)
                0x00000000c001cb7a                ISO9660::openDir(char const*, void**)
                0x00000000c001cc14                ISO9660::ISO9660()
                0x00000000c001cc14                ISO9660::ISO9660()
 *fill*         0x00000000c001cc37        0x1 
 .text          0x00000000c001cc38      0x298 hal/sound/sndcard.32
                0x00000000c001cc38                SoundCard::beginPlayback()
                0x00000000c001cc46                SoundCard::stopPlayback()
                0x00000000c001cc54                SoundCard::SoundCard(char const*)
                0x00000000c001cc54                SoundCard::SoundCard(char const*)
                0x00000000c001ccf2                SoundCard::~SoundCard()
                0x00000000c001ccf2                SoundCard::~SoundCard()
                0x00000000c001cd16                SoundCard::~SoundCard()
                0x00000000c001cd40                SoundCard::configureRates(int, int, int)
                0x00000000c001cd70                SoundCard::getSamples16(int, short*)
                0x00000000c001cdda                SoundCard::getSamples32(int, int*)
                0x00000000c001ce60                SoundCard::addChannel(SoundPort*)
                0x00000000c001cebc                SoundCard::removeChannel(int)
 .text          0x00000000c001ced0      0x3fb hal/sound/sndport.32
                0x00000000c001ced0                SoundPort::SoundPort(int, int, int, int)
                0x00000000c001ced0                SoundPort::SoundPort(int, int, int, int)
                0x00000000c001cf5c                SoundPort::~SoundPort()
                0x00000000c001cf5c                SoundPort::~SoundPort()
                0x00000000c001cf90                SoundPort::unpause()
                0x00000000c001cf9c                SoundPort::pause()
                0x00000000c001cfa8                SoundPort::getBufferUsed()
                0x00000000c001cfb0                SoundPort::getBufferSize()
                0x00000000c001cfb8                SoundPort::buffer16(short*, int)
                0x00000000c001d06c                SoundPort::buffer32(int*, int)
                0x00000000c001d118                SoundPort::unbufferAndAdd16(int, short*, SoundCard*)
                0x00000000c001d214                SoundPort::unbufferAndAdd32(int, int*, SoundCard*)
 .text          0x00000000c001d2cb        0x0 hw/bus/isa.32
 *fill*         0x00000000c001d2cb        0x1 
 .text          0x00000000c001d2cc     0x1187 hw/bus/pci.32
                0x00000000c001d2cc                PCI::open(int, int, void*)
                0x00000000c001d2ea                PCI::close(int, int, void*)
                0x00000000c001d2ee                PCI::PCI()
                0x00000000c001d2ee                PCI::PCI()
                0x00000000c001d384                PCI::readBAR8(unsigned int, int)
                0x00000000c001d3a0                PCI::readBAR16(unsigned int, int)
                0x00000000c001d3be                PCI::readBAR32(unsigned int, int)
                0x00000000c001d3da                PCI::writeBAR8(unsigned int, unsigned char, int)
                0x00000000c001d3fa                PCI::writeBAR16(unsigned int, unsigned short, int)
                0x00000000c001d41c                PCI::writeBAR32(unsigned int, unsigned int, int)
                0x00000000c001d43c                PCI::legacyMechanism(unsigned char, unsigned char, unsigned char, unsigned char)
                0x00000000c001d4aa                PCI::pciReadWord(unsigned char, unsigned char, unsigned char, unsigned char)
                0x00000000c001d552                PCI::getVendorID(unsigned char, unsigned char, unsigned char)
                0x00000000c001d576                PCI::getHeaderType(unsigned char, unsigned char, unsigned char)
                0x00000000c001d59e                PCI::getClassCode(unsigned char, unsigned char, unsigned char)
                0x00000000c001d5e8                PCI::getProgIF(unsigned char, unsigned char, unsigned char)
                0x00000000c001d610                PCI::getRevisionID(unsigned char, unsigned char, unsigned char)
                0x00000000c001d634                PCI::getInterruptNumber(unsigned char, unsigned char, unsigned char)
                0x00000000c001d658                PCI::getSecondaryBus(unsigned char, unsigned char, unsigned char)
                0x00000000c001d680                PCI::getBARAddress(unsigned char, unsigned char, unsigned char, unsigned char)
                0x00000000c001d6e4                PCI::pciWriteWord(unsigned char, unsigned char, unsigned char, unsigned char, unsigned short)
                0x00000000c001d7cc                PCI::pciDetailsToFilepath(PCIDeviceInfo, char*)
                0x00000000c001dbbe                PCI::checkBus(unsigned char)
                0x00000000c001dbe2                PCI::foundDevice(PCIDeviceInfo)
                0x00000000c001e022                PCI::getDeviceData(unsigned char, unsigned char, unsigned char)
                0x00000000c001e394                PCI::checkDevice(unsigned char, unsigned char)
                0x00000000c001e400                PCI::detect()
 *fill*         0x00000000c001e453        0x1 
 .text          0x00000000c001e454      0xb4a hw/diskctrl/ide.32
                0x00000000c001e454                IDE::close(int, int, void*)
                0x00000000c001e458                IDE::IDE()
                0x00000000c001e458                IDE::IDE()
                0x00000000c001e48c                IDE::prepareInterrupt(unsigned char)
                0x00000000c001e49e                selectDrive(unsigned char, unsigned char)
                0x00000000c001e4a0                IDE::getBase(unsigned char)
                0x00000000c001e4b2                IDE::write(unsigned char, unsigned char, unsigned char)
                0x00000000c001e572                IDE::read(unsigned char, unsigned char)
                0x00000000c001e620                IDE::waitInterrupt(unsigned char)
                0x00000000c001e682                ideChannel0IRQHandler(regs*, void*)
                0x00000000c001e69e                ideChannel1IRQHandler(regs*, void*)
                0x00000000c001e6ba                IDE::enableIRQs(unsigned char, bool)
                0x00000000c001e700                IDE::open(int, int, void*)
                0x00000000c001eb0e                IDE::readBuffer(unsigned char, unsigned char, unsigned int, unsigned int)
                0x00000000c001ebda                IDE::detect()
                0x00000000c001ee9a                IDE::printError(unsigned char, unsigned char, unsigned char)
                0x00000000c001ef4a                IDE::polling(unsigned char, unsigned int)
 .text          0x00000000c001ef9e      0x5aa hw/diskctrl/satabus.32
                0x00000000c001ef9e                SATABus::close(int, int, void*)
                0x00000000c001efa2                SATABus::detect()
                0x00000000c001efa4                SATABus::SATABus()
                0x00000000c001efa4                SATABus::SATABus()
                0x00000000c001f02a                SATABus::findCmdslot(SATABus::tagHBA_PORT volatile*)
                0x00000000c001f1ae                SATABus::checkType(SATABus::tagHBA_PORT volatile*)
                0x00000000c001f1f6                SATABus::startCmd(SATABus::tagHBA_PORT volatile*)
                0x00000000c001f216                SATABus::stopCmd(SATABus::tagHBA_PORT volatile*)
                0x00000000c001f240                SATABus::portRebase(SATABus::tagHBA_PORT volatile*, int)
                0x00000000c001f346                SATABus::probePort(SATABus::tagHBA_MEM volatile*)
                0x00000000c001f528                SATABus::open(int, int, void*)
 .text          0x00000000c001f548      0x684 hw/diskphys/ata.32
                0x00000000c001f548                ATA::close(int, int, void*)
                0x00000000c001f56c                ATA::powerSaving(PowerSavingLevel)
                0x00000000c001f56e                ATA::ATA()
                0x00000000c001f56e                ATA::ATA()
                0x00000000c001f59c                ATA::flush(bool)
                0x00000000c001f5e6                ATA::readyForCommand()
                0x00000000c001f632                ATA::access(unsigned long long, int, void*, bool)
                0x00000000c001fa28                ATA::read(unsigned long long, int, void*)
                0x00000000c001fa74                ATA::write(unsigned long long, int, void*)
                0x00000000c001fad6                ATA::detectCHS()
                0x00000000c001fb00                ATA::open(int, int, void*)
 .text          0x00000000c001fbcc      0x62b hw/diskphys/atapi.32
                0x00000000c001fbcc                ATAPI::write(unsigned long long, int, void*)
                0x00000000c001fbd2                ATAPI::close(int, int, void*)
                0x00000000c001fbf6                ATAPI::ATAPI()
                0x00000000c001fbf6                ATAPI::ATAPI()
                0x00000000c001fc24                ATAPI::readyForCommand()
                0x00000000c001fc76                ATAPI::sendPacket(unsigned char*, int, bool, unsigned short*, int)
                0x00000000c001ff36                ATAPI::diskRemoved()
                0x00000000c001ff78                ATAPI::eject()
                0x00000000c001ffc0                ATAPI::diskInserted()
                0x00000000c001ffdc                ATAPI::detectMedia()
                0x00000000c0020098                ATAPI::open(int, int, void*)
                0x00000000c0020178                ATAPI::read(unsigned long long, int, void*)
 *fill*         0x00000000c00201f7        0x1 
 .text          0x00000000c00201f8      0xa68 hw/diskphys/sata.32
                0x00000000c00201f8                SATA::close(int, int, void*)
                0x00000000c002021c                SATA::powerSaving(PowerSavingLevel)
                0x00000000c002021e                SATA::open(int, int, void*)
                0x00000000c0020414                SATA::SATA()
                0x00000000c0020414                SATA::SATA()
                0x00000000c0020442                SATA::access(unsigned long long, int, void*, bool)
                0x00000000c0020a3a                SATA::read(unsigned long long, int, void*)
                0x00000000c0020b3a                SATA::write(unsigned long long, int, void*)
 .text          0x00000000c0020c60      0x6af hw/diskphys/satapi.32
                0x00000000c0020c60                SATAPI::write(unsigned long long, int, void*)
                0x00000000c0020c66                SATAPI::close(int, int, void*)
                0x00000000c0020c8a                SATAPI::SATAPI()
                0x00000000c0020c8a                SATAPI::SATAPI()
                0x00000000c0020cb8                SATAPI::diskRemoved()
                0x00000000c0020cfa                SATAPI::diskInserted()
                0x00000000c0020d16                SATAPI::sendPacket(unsigned char*, int, unsigned long long, unsigned short*, int)
                0x00000000c0020faa                SATAPI::eject()
                0x00000000c0021002                SATAPI::detectMedia()
                0x00000000c0021142                SATAPI::open(int, int, void*)
                0x00000000c0021242                SATAPI::read(unsigned long long, int, void*)
 *fill*         0x00000000c002130f        0x1 
 .text          0x00000000c0021310       0x94 hw/fpu/avx.32
                0x00000000c0021310                AVX::open(int, int, void*)
                0x00000000c0021324                AVX::close(int, int, void*)
                0x00000000c0021338                AVX::available()
                0x00000000c002134c                AVX::save(void*)
                0x00000000c0021364                AVX::load(void*)
                0x00000000c002137c                AVX::AVX()
                0x00000000c002137c                AVX::AVX()
 .text          0x00000000c00213a4       0x94 hw/fpu/mmx.32
                0x00000000c00213a4                MMX::available()
                0x00000000c00213b8                MMX::open(int, int, void*)
                0x00000000c00213cc                MMX::close(int, int, void*)
                0x00000000c00213e0                MMX::save(void*)
                0x00000000c00213f8                MMX::load(void*)
                0x00000000c0021410                MMX::MMX()
                0x00000000c0021410                MMX::MMX()
 .text          0x00000000c0021438       0x9c hw/fpu/sse.32
                0x00000000c0021438                SSE::open(int, int, void*)
                0x00000000c002144c                SSE::close(int, int, void*)
                0x00000000c0021460                SSE::available()
                0x00000000c002147c                SSE::save(void*)
                0x00000000c0021494                SSE::load(void*)
                0x00000000c00214ac                SSE::SSE()
                0x00000000c00214ac                SSE::SSE()
 .text          0x00000000c00214d4       0x94 hw/fpu/x87.32
                0x00000000c00214d4                x87::open(int, int, void*)
                0x00000000c00214e8                x87::close(int, int, void*)
                0x00000000c00214fc                x87::available()
                0x00000000c0021510                x87::save(void*)
                0x00000000c0021528                x87::load(void*)
                0x00000000c0021540                x87::x87()
                0x00000000c0021540                x87::x87()
 .text          0x00000000c0021568      0x71e hw/intctrl/apic.32
                0x00000000c0021568                APIC::disable()
                0x00000000c002156a                APIC::close(int, int, void*)
                0x00000000c002158c                IOAPIC::close(int, int, void*)
                0x00000000c0021592                APIC::io_wait()
                0x00000000c0021598                APIC::getBase()
                0x00000000c00215da                APIC::eoi(unsigned char)
                0x00000000c0021608                APIC::open(int, int, void*)
                0x00000000c0021756                IOAPIC::IOAPIC()
                0x00000000c0021756                IOAPIC::IOAPIC()
                0x00000000c002177e                APIC::APIC()
                0x00000000c002177e                APIC::APIC()
                0x00000000c002185a                IOAPIC::handlesGSIWithNumber(unsigned int)
                0x00000000c002188c                IOAPIC::read(int)
                0x00000000c00218b4                IOAPIC::open(int, int, void*)
                0x00000000c00219aa                IOAPIC::write(int, int)
                0x00000000c00219d6                IOAPIC::redirect(unsigned char, unsigned long long, unsigned char, bool, bool)
                0x00000000c0021ad0                APIC::installIRQHandler(int, void (*)(regs*, void*), bool, void*)
 .text          0x00000000c0021c86      0x3d3 hw/intctrl/pic.32
                0x00000000c0021c86                PIC::disable()
                0x00000000c0021cb4                PIC::close(int, int, void*)
                0x00000000c0021cd6                PIC::PIC()
                0x00000000c0021cd6                PIC::PIC()
                0x00000000c0021dac                PIC::ioWait()
                0x00000000c0021db2                PIC::getIRQReg(int)
                0x00000000c0021e1c                PIC::eoi(unsigned char)
                0x00000000c0021eae                PIC::remap()
                0x00000000c002201a                PIC::open(int, int, void*)
 *fill*         0x00000000c0022059        0x3 
 .text          0x00000000c002205c      0x240 hw/timer/apictimer.32
                0x00000000c002205c                APICTimer::close(int, int, void*)
                0x00000000c0022064                apicTimerHandler(regs*, void*)
                0x00000000c002208c                APICTimer::write(int)
                0x00000000c0022174                APICTimer::open(int, int, void*)
                0x00000000c0022274                APICTimer::APICTimer()
                0x00000000c0022274                APICTimer::APICTimer()
 .text          0x00000000c002229c      0x1a3 hw/timer/pit.32
                0x00000000c002229c                PIT::write(int)
                0x00000000c002231c                pitHandler(regs*, void*)
                0x00000000c0022340                PIT::open(int, int, void*)
                0x00000000c0022390                PIT::close(int, int, void*)
                0x00000000c00223c0                PIT::PIT()
                0x00000000c00223c0                PIT::PIT()
 *fill*         0x00000000c002243f        0x1 
 .text          0x00000000c0022440       0x1e hw/fpu/x86/avx.32
                0x00000000c0022440                avxDetect
                0x00000000c0022446                avxSave
                0x00000000c0022447                avxLoad
                0x00000000c0022448                avxInit
                0x00000000c0022449                avxClose
                0x00000000c002244a                wouldSheSayYes
 *fill*         0x00000000c002245e        0x2 
 .text          0x00000000c0022460       0x35 hw/fpu/x86/sse.32
                0x00000000c0022460                absolutelyNoChanceInHell
                0x00000000c0022460                sseDetect
                0x00000000c0022478                sseSave
                0x00000000c002247e                sseLoad
                0x00000000c0022484                sseInit
                0x00000000c0022494                sseClose
 *fill*         0x00000000c0022495        0xb 
 .text          0x00000000c00224a0       0x4d hw/fpu/x86/x87.32
                0x00000000c00224a6                x87Detect
                0x00000000c00224c1                x87Save
                0x00000000c00224ca                x87Load
                0x00000000c00224d2                x87Init
                0x00000000c00224ec                x87Close
 *fill*         0x00000000c00224ed        0x3 
 .text          0x00000000c00224f0       0x25 /cygdrive/d/Users/Alex/Desktop/Toolchain/Output/bin/../lib/gcc/i386-banana/8.1.0/crtend.o
 .text          0x00000000c0022515        0x0 crtn.32
 *fill*         0x00000000c0022515        0x3 
 .text          0x00000000c0022518      0x14b /cygdrive/d/Users/Alex/Desktop/Toolchain/Output/bin/../lib/gcc/i386-banana/8.1.0/libkgcc.a(_divdi3.o)
                0x00000000c0022518                __divdi3
 *fill*         0x00000000c0022663        0x1 
 .text          0x00000000c0022664      0x17e /cygdrive/d/Users/Alex/Desktop/Toolchain/Output/bin/../lib/gcc/i386-banana/8.1.0/libkgcc.a(_moddi3.o)
                0x00000000c0022664                __moddi3
 *fill*         0x00000000c00227e2        0x2 
 .text          0x00000000c00227e4       0xff /cygdrive/d/Users/Alex/Desktop/Toolchain/Output/bin/../lib/gcc/i386-banana/8.1.0/libkgcc.a(_udivdi3.o)
                0x00000000c00227e4                __udivdi3
 *fill*         0x00000000c00228e3        0x1 
 .text          0x00000000c00228e4      0x11a /cygdrive/d/Users/Alex/Desktop/Toolchain/Output/bin/../lib/gcc/i386-banana/8.1.0/libkgcc.a(_umoddi3.o)
                0x00000000c00228e4                __umoddi3
 *(.gnu.linkonce.t*)

.iplt           0x00000000c0022a00        0x0
 .iplt          0x00000000c0022a00        0x0 D:/Users/Alex/Desktop/Banana/kernel/boot.32

.init           0x00000000c00229fe        0xf
 .init          0x00000000c00229fe        0x3 crti.32
                0x00000000c00229fe                _init
 .init          0x00000000c0022a01        0x5 /cygdrive/d/Users/Alex/Desktop/Toolchain/Output/bin/../lib/gcc/i386-banana/8.1.0/crtbegin.o
 .init          0x00000000c0022a06        0x5 /cygdrive/d/Users/Alex/Desktop/Toolchain/Output/bin/../lib/gcc/i386-banana/8.1.0/crtend.o
 .init          0x00000000c0022a0b        0x2 crtn.32

.fini           0x00000000c0022a0d        0xa
 .fini          0x00000000c0022a0d        0x3 crti.32
                0x00000000c0022a0d                _fini
 .fini          0x00000000c0022a10        0x5 /cygdrive/d/Users/Alex/Desktop/Toolchain/Output/bin/../lib/gcc/i386-banana/8.1.0/crtbegin.o
 .fini          0x00000000c0022a15        0x2 crtn.32

.text._ZN8ComputerD2Ev
                0x00000000c0022a18       0x23
 .text._ZN8ComputerD2Ev
                0x00000000c0022a18       0x23 core/computer.32
                0x00000000c0022a18                Computer::~Computer()
                0x00000000c0022a18                Computer::~Computer()

.text._ZN8ComputerD0Ev
                0x00000000c0022a3c       0x2a
 .text._ZN8ComputerD0Ev
                0x00000000c0022a3c       0x2a core/computer.32
                0x00000000c0022a3c                Computer::~Computer()

.text._Z10idleCommonv
                0x00000000c0022a66       0x21
 .text._Z10idleCommonv
                0x00000000c0022a66       0x21 core/idle.32
                0x00000000c0022a66                idleCommon()

.text._ZN10LinkedListI8UnixFileED2Ev
                0x00000000c0022a88        0x2
 .text._ZN10LinkedListI8UnixFileED2Ev
                0x00000000c0022a88        0x2 core/unixfile.32
                0x00000000c0022a88                LinkedList<UnixFile>::~LinkedList()
                0x00000000c0022a88                LinkedList<UnixFile>::~LinkedList()

.text._ZN10LinkedListI8UnixFileEC2Ev
                0x00000000c0022a8a       0x42
 .text._ZN10LinkedListI8UnixFileEC2Ev
                0x00000000c0022a8a       0x42 core/unixfile.32