Archive member included to satisfy reference by file (symbol)

/cygdrive/d/Users/Alex/Desktop/Toolchain/Output/bin/../lib/gcc/i386-banana/8.1.0/libkgcc.a(_divdi3.o)
                              fs/fat/ff.32 (__divdi3)
/cygdrive/d/Users/Alex/Desktop/Toolchain/Output/bin/../lib/gcc/i386-banana/8.1.0/libkgcc.a(_moddi3.o)
                              thr/elf.32 (__moddi3)
/cygdrive/d/Users/Alex/Desktop/Toolchain/Output/bin/../lib/gcc/i386-banana/8.1.0/libkgcc.a(_udivdi3.o)
                              fs/fat/ff.32 (__udivdi3)
/cygdrive/d/Users/Alex/Desktop/Toolchain/Output/bin/../lib/gcc/i386-banana/8.1.0/libkgcc.a(_umoddi3.o)
                              core/pipe.32 (__umoddi3)
D:/Users/Alex/Desktop/Banana/kernel/libsoftfp.a(sfieeelib.o)
                              hal/sound/sndhw.32 (__addsf3)
D:/Users/Alex/Desktop/Banana/kernel/libsoftfp.a(dfieeelib.o)
                              hal/libresample/src_linear.32 (__adddf3)
D:/Users/Alex/Desktop/Banana/kernel/libsoftfp.a(sfdfcvt.o)
                              hal/libresample/samplerate.32 (__truncdfsf2)
D:/Users/Alex/Desktop/Banana/kernel/libk/libm32.a(s_fabs.c.o)
                              hal/libresample/samplerate.32 (fabs)
D:/Users/Alex/Desktop/Banana/kernel/libk/libm32.a(s_lrint.S.o)
                              hal/libresample/samplerate.32 (lrint)
D:/Users/Alex/Desktop/Banana/kernel/libk/libm32.a(s_lrintf.S.o)
                              hal/sound/sndhw.32 (lrintf)

Discarded input sections

 .comment       0x0000000000000000       0x12 /cygdrive/d/Users/Alex/Desktop/Toolchain/Output/bin/../lib/gcc/i386-banana/8.1.0/crtbegin.o
 .comment       0x0000000000000000       0x12 acpica/utclib.32
 .comment       0x0000000000000000       0x12 core/malloc.32
 .comment       0x0000000000000000       0x12 libk/string.32
 .comment       0x0000000000000000       0x12 fs/fat/diskio.32
 .comment       0x0000000000000000       0x12 fs/fat/ff.32
 .comment       0x0000000000000000       0x12 fs/fat/ffsystem.32
 .comment       0x0000000000000000       0x12 fs/fat/ffunicode.32
 .comment       0x0000000000000000       0x12 hal/libresample/samplerate.32
 .comment       0x0000000000000000       0x12 hal/libresample/src_linear.32
 .comment       0x0000000000000000       0x12 hal/libresample/src_sinc.32
 .comment       0x0000000000000000       0x12 hal/libresample/src_zoh.32
 .group         0x0000000000000000       0x14 core/computer.32
 .group         0x0000000000000000        0xc core/computer.32
 .comment       0x0000000000000000       0x12 core/computer.32
 .comment       0x0000000000000000       0x12 core/gdt.32
 .group         0x0000000000000000        0xc core/idle.32
 .comment       0x0000000000000000       0x12 core/idle.32
 .comment       0x0000000000000000       0x12 core/idt.32
 .group         0x0000000000000000        0x8 core/kheap.32
 .group         0x0000000000000000        0x8 core/kheap.32
 .comment       0x0000000000000000       0x12 core/kheap.32
 .comment       0x0000000000000000       0x12 core/main.32
 .comment       0x0000000000000000       0x12 core/physmgr.32
 .group         0x0000000000000000        0xc core/pipe.32
 .comment       0x0000000000000000       0x12 core/pipe.32
 .group         0x0000000000000000        0xc core/terminal.32
 .comment       0x0000000000000000       0x12 core/terminal.32
 .group         0x0000000000000000        0x8 core/tss.32
 .text._ZN3CPU7readCR3Ev
                0x0000000000000000       0x12 core/tss.32
 .comment       0x0000000000000000       0x12 core/tss.32
 .group         0x0000000000000000        0x8 core/unixfile.32
 .group         0x0000000000000000        0xc core/unixfile.32
 .group         0x0000000000000000        0xc core/unixfile.32
 .group         0x0000000000000000        0x8 core/unixfile.32
 .group         0x0000000000000000        0xc core/unixfile.32
 .group         0x0000000000000000        0x8 core/unixfile.32
 .group         0x0000000000000000        0xc core/unixfile.32
 .group         0x0000000000000000        0xc core/unixfile.32
 .comment       0x0000000000000000       0x12 core/unixfile.32
 .group         0x0000000000000000        0x8 core/virtmgr.32
 .group         0x0000000000000000        0x8 core/virtmgr.32
 .text._ZN3CPU7readCR3Ev
                0x0000000000000000       0x12 core/virtmgr.32
 .text._ZN3CPU8writeCR3Em
                0x0000000000000000        0x9 core/virtmgr.32
 .comment       0x0000000000000000       0x12 core/virtmgr.32
 .comment       0x0000000000000000       0x12 coreobjs/c++.32
 .comment       0x0000000000000000       0x12 dbg/kconsole.32
 .group         0x0000000000000000        0xc fs/vfs.32
 .group         0x0000000000000000        0xc fs/vfs.32
 .group         0x0000000000000000        0xc fs/vfs.32
 .comment       0x0000000000000000       0x12 fs/vfs.32
 .group         0x0000000000000000        0xc hal/bus.32
 .comment       0x0000000000000000       0x12 hal/bus.32
 .group         0x0000000000000000        0xc hal/buzzer.32
[...]
Memory Configuration

Name             Origin             Length             Attributes
*default*        0x0000000000000000 0xffffffffffffffff

Linker script and memory map

LOAD D:/Users/Alex/Desktop/Banana/kernel/boot.32
LOAD crti.32
LOAD /cygdrive/d/Users/Alex/Desktop/Toolchain/Output/bin/../lib/gcc/i386-banana/8.1.0/crtbegin.o
LOAD D:/Users/Alex/Desktop/Banana/kernel/morenasm.32
LOAD acpica/utclib.32
LOAD core/malloc.32
LOAD libk/string.32
LOAD fs/fat/diskio.32
LOAD fs/fat/ff.32
LOAD fs/fat/ffsystem.32
LOAD fs/fat/ffunicode.32
LOAD hal/libresample/samplerate.32
LOAD hal/libresample/src_linear.32
LOAD hal/libresample/src_sinc.32
LOAD hal/libresample/src_zoh.32
LOAD core/computer.32
LOAD core/gdt.32
LOAD core/idle.32
LOAD core/idt.32
LOAD core/kheap.32
LOAD core/main.32
LOAD core/physmgr.32
LOAD core/pipe.32
LOAD core/terminal.32
LOAD core/tss.32
LOAD core/unixfile.32
LOAD core/virtmgr.32
LOAD coreobjs/c++.32
LOAD dbg/kconsole.32
LOAD fs/vfs.32
LOAD hal/bus.32
LOAD hal/buzzer.32
LOAD hal/clock.32
LOAD hal/device.32
LOAD hal/diskctrl.32
LOAD hal/diskphys.32
LOAD hal/fpu.32
LOAD hal/intctrl.32
LOAD hal/keybrd.32
LOAD hal/logidisk.32
LOAD hal/mouse.32
LOAD hal/partition.32
LOAD hal/timer.32
LOAD hal/vcache.32
LOAD hal/video.32
LOAD hw/acpi.32
LOAD hw/cpu.32
LOAD hw/ports.32
LOAD hw/x87em.32
LOAD krnl/panic.32
LOAD reg/registry.32
LOAD sys/sc_exit.32
LOAD sys/sc_loaddll.32
LOAD sys/sc_read.32
LOAD sys/sc_sbrk.32
LOAD sys/sc_write.32
LOAD sys/sc_yield.32
LOAD sys/syscalls.32
LOAD thr/elf.32
LOAD thr/prcssthr.32
LOAD vm86/vm8086.32
LOAD fs/fat/vfslink.32
LOAD fs/iso9660/vfslink.32
LOAD hal/sound/sndchannel.32
LOAD hal/sound/sndhw.32
LOAD hw/bus/isa.32
LOAD hw/bus/pci.32
LOAD hw/diskctrl/ide.32
LOAD hw/diskphys/ata.32
LOAD hw/diskphys/atapi.32
LOAD hw/fpu/avx.32
LOAD hw/fpu/mmx.32
LOAD hw/fpu/sse.32
LOAD hw/fpu/x87.32
LOAD hw/intctrl/apic.32
LOAD hw/intctrl/pic.32
LOAD hw/timer/apictimer.32
LOAD hw/timer/pit.32
LOAD hw/fpu/x86/avx.32
LOAD hw/fpu/x86/sse.32
LOAD hw/fpu/x86/x87.32
LOAD /cygdrive/d/Users/Alex/Desktop/Toolchain/Output/bin/../lib/gcc/i386-banana/8.1.0/crtend.o
LOAD crtn.32
LOAD /cygdrive/d/Users/Alex/Desktop/Toolchain/Output/bin/../lib/gcc/i386-banana/8.1.0/libkgcc.a
LOAD D:/Users/Alex/Desktop/Banana/kernel/libsoftfp.a
LOAD D:/Users/Alex/Desktop/Banana/kernel/libk/libm32.a
                0x00000000c0000000                . = 0xc0000000

.text           0x00000000c0000000    0x25018
 *(.text)
 .text          0x00000000c0000000       0x41 D:/Users/Alex/Desktop/Banana/kernel/boot.32
                0x00000000c0000020                callGlobalConstructors
 .text          0x00000000c0000041        0x0 crti.32
 *fill*         0x00000000c0000041        0x3 
 .text          0x00000000c0000044      0x101 /cygdrive/d/Users/Alex/Desktop/Toolchain/Output/bin/../lib/gcc/i386-banana/8.1.0/crtbegin.o
 *fill*         0x00000000c0000145        0xb 
 .text          0x00000000c0000150      0x503 D:/Users/Alex/Desktop/Banana/kernel/morenasm.32
                0x00000000c0000150                prepareTramp
                0x00000000c0000169                voodooXADD
                0x00000000c0000234                doTPAUSE
                0x00000000c000023e                hasLegacyFPU
                0x00000000c0000263                is486
                0x00000000c0000299                goToVM86
                0x00000000c00002ca                goToUsermode
                0x00000000c00002f5                switchToThreadASMFirstTime
                0x00000000c0000303                switchToThreadASM
                0x00000000c00003a3                detectCPUID
                0x00000000c00003b9                asmQuickAcquireLock
                0x00000000c00003d7                asmQuickReleaseLock
                0x00000000c00003e3                asmAcquireLock
                0x00000000c0000404                asmReleaseLock
                0x00000000c0000417                loadGDT
                0x00000000c0000437                isr0
                0x00000000c0000447                isr1
                0x00000000c0000451                isr2
                0x00000000c000045b                isr3
                0x00000000c0000465                isr4
                0x00000000c000046f                isr5
                0x00000000c0000479                isr6
                0x00000000c0000483                isr7
                0x00000000c000048d                isr8
                0x00000000c0000495                isr9
                0x00000000c000049f                isr10
                0x00000000c00004a7                isr11
                0x00000000c00004af                isr12
                0x00000000c00004b7                isr13
                0x00000000c00004bf                isr14
                0x00000000c00004c7                isr15
                0x00000000c00004d1                isr16
                0x00000000c00004db                isr17
                0x00000000c00004e5                isr18
                0x00000000c00004ef                isr96
                0x00000000c00004f9                irq0
                0x00000000c0000503                irq1
                0x00000000c000050d                irq2
                0x00000000c0000517                irq3
                0x00000000c0000521                irq4
                0x00000000c000052b                irq5
                0x00000000c0000535                irq6
                0x00000000c000053f                irq7
                0x00000000c0000549                irq8
                0x00000000c0000553                irq9
                0x00000000c000055d                irq10
                0x00000000c0000567                irq11
                0x00000000c0000571                irq12
                0x00000000c000057b                irq13
                0x00000000c0000585                irq14
                0x00000000c000058f                irq15
                0x00000000c0000599                irq16
                0x00000000c00005a3                irq17
                0x00000000c00005ad                irq18
                0x00000000c00005b7                irq19
                0x00000000c00005c1                irq20
                0x00000000c00005cb                irq21
                0x00000000c00005d5                irq22
                0x00000000c00005df                irq23
                0x00000000c00005e9                int_common_stub
                0x00000000c0000619                syscall_common_stub
 .text          0x00000000c0000653      0x40f acpica/utclib.32
                0x00000000c0000653                memcmp
                0x00000000c000067e                memmove
                0x00000000c00006b6                memcpy
                0x00000000c00006ec                memset
                0x00000000c0000709                strlen
                0x00000000c0000719                strpbrk
                0x00000000c000073c                strtok
                0x00000000c000078b                strcpy
                0x00000000c00007ab                strncpy
                0x00000000c00007dc                strcmp
                0x00000000c00007fd                strchr
                0x00000000c0000813                strncmp
                0x00000000c0000842                strcat
                0x00000000c0000869                strncat
                0x00000000c00008a3                strstr
                0x00000000c00008e0                toupper
                0x00000000c00008f4                tolower
                0x00000000c0000908                simple_strtoul
 .text          0x00000000c0000a62      0xfbf core/malloc.32
                0x00000000c0000bcd                dlfree
                0x00000000c0000f28                dlmalloc
                0x00000000c0001465                dlrealloc
                0x00000000c000161a                dlmemalign
                0x00000000c000173d                dlcalloc
                0x00000000c00017d7                dlcfree
                0x00000000c00017dc                dlindependent_calloc
                0x00000000c0001801                dlindependent_comalloc
                0x00000000c0001818                dlvalloc
                0x00000000c0001843                dlpvalloc
                0x00000000c0001879                dlmalloc_trim
                0x00000000c0001886                dlmalloc_usable_size
                0x00000000c00018b7                dlmallinfo
                0x00000000c0001986                dlmalloc_stats
                0x00000000c0001997                dlmallopt
 .text          0x00000000c0001a21        0x0 libk/string.32
 .text          0x00000000c0001a21       0x51 fs/fat/diskio.32
                0x00000000c0001a21                disk_status
                0x00000000c0001a24                disk_initialize
                0x00000000c0001a27                disk_read
                0x00000000c0001a3d                disk_write
                0x00000000c0001a53                disk_ioctl
 .text          0x00000000c0001a72     0x6833 fs/fat/ff.32
                0x00000000c0004d40                f_mount
                0x00000000c0004da2                f_open
                0x00000000c00051de                f_read
                0x00000000c000545e                f_write
                0x00000000c0005718                f_sync
                0x00000000c00058f4                f_close
                0x00000000c0005923                f_lseek
                0x00000000c0005dda                f_opendir
                0x00000000c0005edc                f_closedir
                0x00000000c0005efe                f_readdir
                0x00000000c0005f99                f_stat
                0x00000000c0006028                f_getfree
                0x00000000c00061f3                f_truncate
                0x00000000c00062eb                f_unlink
                0x00000000c000646e                f_mkdir
                0x00000000c000669a                f_rename
                0x00000000c000698d                f_chmod
                0x00000000c0006a6b                f_utime
                0x00000000c0006b49                f_getlabel
                0x00000000c0006d37                f_setlabel
                0x00000000c0006fa4                f_forward
                0x00000000c0007182                f_mkfs
 .text          0x00000000c00082a5       0x2d fs/fat/ffsystem.32
                0x00000000c00082a5                ff_memalloc
                0x00000000c00082bb                ff_memfree
 .text          0x00000000c00082d2      0x253 fs/fat/ffunicode.32
                0x00000000c00082d2                ff_uni2oem
                0x00000000c0008362                ff_oem2uni
                0x00000000c00083ce                ff_wtoupper
 .text          0x00000000c0008525      0x8a1 hal/libresample/samplerate.32
                0x00000000c00085cc                src_delete
                0x00000000c0008608                src_process
                0x00000000c000877c                src_callback_read
                0x00000000c00088d7                src_set_ratio
                0x00000000c0008920                src_get_channels
                0x00000000c0008942                src_reset
                0x00000000c000898e                src_new
                0x00000000c0008a1c                src_callback_new
                0x00000000c0008a7e                src_get_name
                0x00000000c0008ab5                src_get_description
                0x00000000c0008aec                src_get_version
                0x00000000c0008af2                src_is_valid_ratio
                0x00000000c0008b0e                src_error
                0x00000000c0008b1c                src_strerror
                0x00000000c0008b2f                src_simple
                0x00000000c0008b82                src_short_to_float_array
                0x00000000c0008be7                src_float_to_short_array
                0x00000000c0008ca6                src_int_to_float_array
                0x00000000c0008d09                src_float_to_int_array
 .text          0x00000000c0008dc6      0x8f0 hal/libresample/src_linear.32
                0x00000000c0009611                linear_get_name
                0x00000000c0009620                linear_get_description
                0x00000000c000962f                linear_set_converter
 .text          0x00000000c00096b6     0x40fd hal/libresample/src_sinc.32
                0x00000000c000d6ca                sinc_get_name
                0x00000000c000d6dd                sinc_get_description
                0x00000000c000d6f0                sinc_set_converter
 .text          0x00000000c000d7b3      0x7a6 hal/libresample/src_zoh.32
                0x00000000c000deb4                zoh_get_name
                0x00000000c000dec3                zoh_get_description
                0x00000000c000ded2                zoh_set_converter
 *fill*         0x00000000c000df59        0x1 
 .text          0x00000000c000df5a      0x9e1 core/computer.32
                0x00000000c000df5a                Computer::close(int, int, void*)
                0x00000000c000df9e                Computer::Computer()
                0x00000000c000df9e                Computer::Computer()
                0x00000000c000e0fa                Computer::setBootMessage(char const*)
                0x00000000c000e0fc                Computer::start()
                0x00000000c000e1d8                firstTask()
                0x00000000c000e1e6                Computer::detectFeatures()
                0x00000000c000e3c0                Computer::displayFeatures()
                0x00000000c000e706                Computer::rdmsr(unsigned int)
                0x00000000c000e732                Computer::wrmsr(unsigned int, unsigned long long)
                0x00000000c000e76a                Computer::nmiEnabled()
                0x00000000c000e776                Computer::readCMOS(unsigned char)
                0x00000000c000e790                Computer::enableNMI(bool)
                0x00000000c000e7a8                Computer::open(int, int, void*)
                0x00000000c000e87e                Computer::disableNMI()
                0x00000000c000e88c                Computer::writeCMOS(unsigned char, unsigned char)
                0x00000000c000e8aa                Computer::handleNMI()
                0x00000000c000e910                Computer::setDiskActivityLight(int, bool)
 *fill*         0x00000000c000e93b        0x1 
 .text          0x00000000c000e93c      0x1b7 core/gdt.32
                0x00000000c000e93c                GDTEntry::setBase(unsigned int)
                0x00000000c000e958                GDTEntry::setLimit(unsigned int)
                0x00000000c000e976                GDT::GDT()
                0x00000000c000e976                GDT::GDT()
                0x00000000c000e98c                GDT::addEntry(GDTEntry)
                0x00000000c000e9c8                GDT::getNumberOfEntries()
                0x00000000c000e9d0                GDT::flush()
                0x00000000c000e9f2                GDT::setup()
 .text          0x00000000c000eaf3       0x61 core/idle.32
                0x00000000c000eaf3                idleFunction(void*)
 .text          0x00000000c000eb54      0x45f core/idt.32
                0x00000000c000eb54                IDTEntry::IDTEntry(bool)
                0x00000000c000eb54                IDTEntry::IDTEntry(bool)
                0x00000000c000ebc2                IDTEntry::setOffset(unsigned int)
                0x00000000c000ebd6                IDT::IDT()
                0x00000000c000ebd6                IDT::IDT()
                0x00000000c000ebd8                IDT::getPointerToInvalidOpcodeEntryForF00F()
                0x00000000c000ebe0                IDT::addEntry(IDTEntry, int)
                0x00000000c000ebfa                IDT::addEntry(int, void (*)(), bool)
                0x00000000c000ec32                IDT::flush()
                0x00000000c000ec4c                IDT::setup()
 .text          0x00000000c000efb3      0x20d core/kheap.32
                0x00000000c000efb3                sbrk
                0x00000000c000f0cb                mmap
                0x00000000c000f0e1                munmap
                0x00000000c000f0f7                liballoc_lock()
                0x00000000c000f108                liballoc_unlock()
                0x00000000c000f119                liballoc_alloc(int)
                0x00000000c000f134                liballoc_free(void*, int)
                0x00000000c000f152                realloc
                0x00000000c000f166                malloc
                0x00000000c000f176                free
                0x00000000c000f186                rfree
                0x00000000c000f196                calloc
 .text          0x00000000c000f1c0      0x38d core/main.32
                0x00000000c000f1c0                hwTextMode_loadInData(VgaText*)
                0x00000000c000f205                hwTextMode_loadInTitle(VgaText*, char*)
                0x00000000c000f247                hwTextMode_showCursor(VgaText*, bool)
                0x00000000c000f29b                hwTextMode_update(VgaText*)
                0x00000000c000f29c                hwTextMode_updateCursor(VgaText*)
                0x00000000c000f2e4                hwTextMode_disableBlink(VgaText*, bool)
                0x00000000c000f320                hwTextMode_scrollScreen(VgaText*)
                0x00000000c000f3a6                hwTextMode_writeCharacter(VgaText*, char, VgaColour, VgaColour, int, int)
                0x00000000c000f404                setupTextMode()
                0x00000000c000f455                kernel_main
 .text          0x00000000c000f54d      0x4f3 core/physmgr.32
                0x00000000c000f54d                Phys::allocateDMA(unsigned long)
                0x00000000c000f5f0                Phys::freeDMA(unsigned long, unsigned long)
                0x00000000c000f638                Phys::setPageState(unsigned long, bool)
                0x00000000c000f66a                Phys::getPageState(unsigned long)
                0x00000000c000f686                Phys::freePage(unsigned long)
                0x00000000c000f710                Phys::allocatePage()
                0x00000000c000f7d8                Phys::allowSegmentToBeUsed(unsigned long, unsigned long)
                0x00000000c000f810                Phys::physicalMemorySetup(unsigned int)
 .text          0x00000000c000fa40      0x273 core/pipe.32
                0x00000000c000fa40                Pipe::isAtty()
                0x00000000c000fa44                Pipe::~Pipe()
                0x00000000c000fa44                Pipe::~Pipe()
                0x00000000c000fa68                Pipe::~Pipe()
                0x00000000c000fa90                Pipe::read(unsigned long long, void*, int*)
                0x00000000c000fb84                Pipe::write(unsigned long long, void*, int*)
                0x00000000c000fc4c                Pipe::Pipe(int)
                0x00000000c000fc4c                Pipe::Pipe(int)
 *fill*         0x00000000c000fcb3        0x1 
 .text          0x00000000c000fcb4      0xf65 core/terminal.32
                0x00000000c000fcb4                VgaText::isAtty()
                0x00000000c000fcb8                VgaText::~VgaText()
                0x00000000c000fcb8                VgaText::~VgaText()
                0x00000000c000fcdc                VgaText::~VgaText()
                0x00000000c000fd06                VgaText::read(unsigned long long, void*, int*)
                0x00000000c000fd26                setTerminalScrollLock(bool)
                0x00000000c000fd27                addToTerminalCycle(VgaText*)
                0x00000000c000fd54                installVgaTextImplementation()
                0x00000000c000fd69                scrollTerminalScrollLock(int)
                0x00000000c000fd6a                VgaText::load()
                0x00000000c000fdbe                VgaText::updateCursor()
                0x00000000c000fdd8                VgaText::showCursor(bool)
                0x00000000c000fde8                VgaText::disableBlink(bool)
                0x00000000c000fe22                VgaText::doANSI_SGR(int)
                0x00000000c000feae                VgaText::setDefaultBgColour(VgaColour)
                0x00000000c000fec4                VgaText::setDefaultFgColour(VgaColour)
                0x00000000c000feda                VgaText::setDefaultColours(VgaColour, VgaColour)
                0x00000000c000fefa                VgaText::combineColours(unsigned char, unsigned char)
                0x00000000c000ff0c                VgaText::scrollScreen()
                0x00000000c000ffa0                VgaText::combineCharAndColour(char, unsigned char)
                0x00000000c000ffb2                VgaText::writeCharacter(char, VgaColour, VgaColour, int, int)
                0x00000000c0010012                VgaText::getCursorX()
                0x00000000c001001e                VgaText::getCursorY()
                0x00000000c001002a                VgaText::setCursor(int, int)
                0x00000000c0010048                VgaText::setCursorX(int)
                0x00000000c0010064                VgaText::setCursorY(int)
                0x00000000c0010080                VgaText::incrementCursor(bool)
                0x00000000c00100e8                VgaText::updateRAMUsageDisplay(int)
                0x00000000c0010142                VgaText::updateDiskUsage()
                0x00000000c00102a8                VgaText::updateTitle()
                0x00000000c00102ee                VgaText::setTitleTextColour(VgaColour)
                0x00000000c00102fe                VgaText::setTitleColour(VgaColour)
                0x00000000c001030e                VgaText::setTitle(char*)
                0x00000000c0010334                VgaText::decrementCursor(bool)
                0x00000000c001035c                VgaText::putchar(char, VgaColour, VgaColour)
                0x00000000c0010458                VgaText::isShowingCursor()
                0x00000000c0010464                VgaText::isBlinkDisabled()
                0x00000000c0010472                VgaText::setCursorHeight(int)
                0x00000000c0010490                VgaText::getCursorHeight()
                0x00000000c001049b                setActiveTerminal(VgaText*)
                0x00000000c001054d                doTerminalCycle()
                0x00000000c001056a                VgaText::doUpdate()
                0x00000000c001057c                VgaText::puts(char const*, VgaColour, VgaColour)
                0x00000000c001073c                VgaText::clearScreen()
                0x00000000c00107a0                VgaText::putchar(char)
                0x00000000c00108ba                VgaText::puts(char const*)
                0x00000000c00108e0                VgaText::putx(unsigned int)
                0x00000000c0010926                VgaText::VgaText(char const*)
                0x00000000c0010926                VgaText::VgaText(char const*)
                0x00000000c0010ab8                VgaText::receiveKey(unsigned char)
                0x00000000c0010ba0                VgaText::write(unsigned long long, void*, int*)
                0x00000000c0010bf4                newTerminal(char*)
 *fill*         0x00000000c0010c19        0x1 
 .text          0x00000000c0010c1a      0x18f core/tss.32
                0x00000000c0010c1a                TSS::TSS()
                0x00000000c0010c1a                TSS::TSS()
                0x00000000c0010c28                TSS::setESP(unsigned long)
                0x00000000c0010c3a                TSS::flush()
                0x00000000c0010c5a                TSS::setup(unsigned long, unsigned long)
 *fill*         0x00000000c0010da9        0x1 
 .text          0x00000000c0010daa      0x482 core/unixfile.32
                0x00000000c0010daa                ReservedFilename::read(unsigned long long, void*, int*)
                0x00000000c0010e00                ReservedFilename::isAtty()
                0x00000000c0010e1c                ReservedFilename::write(unsigned long long, void*, int*)
                0x00000000c0010e7a                UnixFile::getFileDescriptor()
                0x00000000c0010e82                UnixFile::UnixFile(int)
                0x00000000c0010e82                UnixFile::UnixFile(int)
                0x00000000c0010ff2                ReservedFilename::ReservedFilename(int)
                0x00000000c0010ff2                ReservedFilename::ReservedFilename(int)
                0x00000000c0011024                UnixFile::~UnixFile()
                0x00000000c0011024                UnixFile::~UnixFile()
                0x00000000c00110bc                UnixFile::~UnixFile()
                0x00000000c00110e4                ReservedFilename::~ReservedFilename()
                0x00000000c00110e4                ReservedFilename::~ReservedFilename()
                0x00000000c0011108                ReservedFilename::~ReservedFilename()
                0x00000000c001112f                getFromFileDescriptor(int)
 .text          0x00000000c001122c      0xec7 core/virtmgr.32
                0x00000000c001122c                Virt::setPageState(unsigned long, Virt::VirtPageState)
                0x00000000c0011261                Virt::getPageState(unsigned long)
                0x00000000c0011285                Virt::allocateKernelVirtualPages(int)
                0x00000000c0011396                Virt::virtualMemorySetup()
                0x00000000c0011415                Virt::getAKernelVAS()
                0x00000000c001141b                Virt::setupPageSwapping(int)
                0x00000000c0011540                VAS::VAS()
                0x00000000c0011540                VAS::VAS()
                0x00000000c0011570                VAS::VAS(VAS*)
                0x00000000c0011570                VAS::VAS(VAS*)
                0x00000000c0011594                VAS::getForeignPageTableEntry(bool, unsigned long)
                0x00000000c00115c0                VAS::getPageTableEntry(unsigned long)
                0x00000000c00115df                Virt::freeKernelVirtualPages(unsigned long)
                0x00000000c0011702                VAS::freeAllocatedPages(unsigned long)
                0x00000000c0011726                VAS::virtualToPhysical(unsigned long)
                0x00000000c001173e                VAS::reflagRange(unsigned long, int, int, int)
                0x00000000c001177e                VAS::setToWriteCombining(unsigned long, int)
                0x00000000c00117b6                VAS::mapOtherVASIn(bool, VAS*)
                0x00000000c00117ec                VAS::~VAS()
                0x00000000c00117ec                VAS::~VAS()
                0x00000000c0011958                VAS::mapPage(unsigned long, unsigned long, int)
                0x00000000c0011a58                VAS::allocatePages(int, int)
                0x00000000c0011c28                VAS::setCPUSpecific(unsigned long)
                0x00000000c0011c44                VAS::mapRange(unsigned long, unsigned long, int, int)
                0x00000000c0011d0e                VAS::mapForeignPage(bool, VAS*, unsigned long, unsigned long, int)
                0x00000000c0011dfc                VAS::VAS(bool)
                0x00000000c0011dfc                VAS::VAS(bool)
                0x00000000c001202c                mapVASFirstTime
 .text          0x00000000c00120f3       0x93 coreobjs/c++.32
                0x00000000c00120f3                __cxa_atexit
                0x00000000c00120f6                __cxa_finalize
                0x00000000c00120f7                __stack_chk_fail
                0x00000000c0012157                __cxa_pure_virtual
                0x00000000c0012168                operator new(unsigned long)
                0x00000000c001216d                operator new[](unsigned long)
                0x00000000c0012172                operator delete(void*)
                0x00000000c0012177                operator delete(void*, unsigned long)
                0x00000000c001217c                operator delete[](void*)
                0x00000000c0012181                operator delete[](void*, unsigned long)
 .text          0x00000000c0012186      0x1ef dbg/kconsole.32
                0x00000000c0012186                Dbg::stringifyxWithBase(unsigned int, char*, int)
                0x00000000c00121e7                Dbg::logc(char)
                0x00000000c00121fe                Dbg::logs(char*)
                0x00000000c001221b                Dbg::logWriteInt(unsigned int)
                0x00000000c0012238                Dbg::logWriteIntBase(unsigned int, int)
                0x00000000c0012257                Dbg::kprintf(char const*, ...)
 *fill*         0x00000000c0012375        0x1 
 .text          0x00000000c0012376      0xb68 fs/vfs.32
                0x00000000c0012376                File::read(unsigned long long, void*, int*)
                0x00000000c00123ce                File::write(unsigned long long, void*, int*)
                0x00000000c0012426                Directory::read(unsigned long long, void*, int*)
                0x00000000c001247e                Directory::write(unsigned long long, void*, int*)
                0x00000000c00124ac                File::isAtty()
                0x00000000c00124b0                Directory::isAtty()
                0x00000000c00124b4                Filesystem::getlabel(LogicalDisk*, int, char*, unsigned int*)
                0x00000000c00124ba                Filesystem::setlabel(LogicalDisk*, int, char*)
                0x00000000c00124c0                File::~File()
                0x00000000c00124c0                File::~File()
                0x00000000c00124e4                File::~File()
                0x00000000c001250e                Directory::~Directory()
                0x00000000c001250e                Directory::~Directory()
                0x00000000c0012532                Directory::~Directory()
                0x00000000c001255c                Filesystem::Filesystem()
                0x00000000c001255c                Filesystem::Filesystem()
                0x00000000c0012580                Filesystem::~Filesystem()
                0x00000000c0012580                Filesystem::~Filesystem()
                0x00000000c001258e                Filesystem::~Filesystem()
                0x00000000c00125b2                initVFS()
                0x00000000c00125dc                standardiseFiles(char*, char const*, char const*)
                0x00000000c0012786                File::File(char const*, Process*)
                0x00000000c0012786                File::File(char const*, Process*)
                0x00000000c00127ea                File::open(FileOpenMode)
                0x00000000c0012848                File::close()
                0x00000000c00128a8                File::seek(unsigned long long)
                0x00000000c00128fe                File::tell(unsigned long long*)
                0x00000000c001294e                File::rewind()
                0x00000000c0012962                File::unlink()
                0x00000000c00129ae                File::rename(char const*)
                0x00000000c00129fc                File::chfatattr(unsigned char, unsigned char)
                0x00000000c0012a58                File::exists()
                0x00000000c0012a96                File::stat(unsigned long long*, bool*)
                0x00000000c0012af7                getcwd(Process*, char*, int)
                0x00000000c0012b21                setcwd(Process*, char*)
                0x00000000c0012c48                Directory::Directory(char const*, Process*)
                0x00000000c0012c48                Directory::Directory(char const*, Process*)
                0x00000000c0012cac                Directory::open()
                0x00000000c0012d08                Directory::close()
                0x00000000c0012d68                Directory::unlink()
                0x00000000c0012db4                Directory::rename(char const*)
                0x00000000c0012e02                Directory::exists()
                0x00000000c0012e40                Directory::read(dirent*)
                0x00000000c0012e8c                Directory::create()
                0x00000000c0012ed8                Filesystem::chfatattr(char const*, unsigned char, unsigned char)
 .text          0x00000000c0012ede       0x84 hal/bus.32
                0x00000000c0012ede                Bus::Bus(char const*)
                0x00000000c0012ede                Bus::Bus(char const*)
                0x00000000c0012f14                Bus::~Bus()
                0x00000000c0012f14                Bus::~Bus()
                0x00000000c0012f38                Bus::~Bus()
 .text          0x00000000c0012f62      0x14e hal/buzzer.32
                0x00000000c0012f62                Buzzer::Buzzer(char const*)
                0x00000000c0012f62                Buzzer::Buzzer(char const*)
                0x00000000c0012fa6                Buzzer::~Buzzer()
                0x00000000c0012fa6                Buzzer::~Buzzer()
                0x00000000c0012fca                Buzzer::~Buzzer()
                0x00000000c0012ff4                Buzzer::stop()
                0x00000000c0013007                beepThread(void*)
                0x00000000c0013042                Buzzer::beep(int, int, bool)
 .text          0x00000000c00130b0      0x42f hal/clock.32
                0x00000000c00130b0                loadClockSettings()
                0x00000000c00130ca                Clock::Clock(char const*)
                0x00000000c00130ca                Clock::Clock(char const*)
                0x00000000c0013100                Clock::~Clock()
                0x00000000c0013100                Clock::~Clock()
                0x00000000c0013124                Clock::~Clock()
                0x00000000c001314e                Clock::timeInSecondsLocal()
                0x00000000c0013196                Clock::setTimeInSecondsLocal(unsigned long long)
                0x00000000c00131ef                datetimeToSeconds(datetime_t)
                0x00000000c0013316                Clock::setTimeInDatetimeLocal(datetime_t)
                0x00000000c0013376                secondsToDatetime(unsigned long long)
                0x00000000c00134ba                Clock::timeInDatetimeLocal()
 *fill*         0x00000000c00134df        0x1 
 .text          0x00000000c00134e0      0x504 hal/device.32
                0x00000000c00134e0                Device::hibernate()
                0x00000000c00134e2                Device::wake()
                0x00000000c00134e4                Device::detect()
                0x00000000c00134e6                Device::disableLegacy()
                0x00000000c00134e8                Device::powerSaving(PowerSavingLevel)
                0x00000000c00134ea                DriverlessDevice::close(int, int, void*)
                0x00000000c00134ee                DriverlessDevice::detect()
                0x00000000c00134f0                DriverlessDevice::open(int, int, void*)
                0x00000000c0013504                Device::~Device()
                0x00000000c0013504                Device::~Device()
                0x00000000c0013512                Device::~Device()
                0x00000000c001353a                Device::findAndLoadDriver()
                0x00000000c001353c                Device::preOpenPCI(PCIDeviceInfo)
                0x00000000c0013562                Device::preOpenACPI(void*, char*, char*)
                0x00000000c00135b6                Device::addIRQHandler(int, void (*)(regs*, void*), bool, void*)
                0x00000000c0013614                Device::removeIRQHandler(int, void (*)(regs*, void*), bool)
                0x00000000c0013662                Device::addChild(Device*)
                0x00000000c00136a6                Device::removeAllChildren()
                0x00000000c00136ec                Device::hibernateAll()
                0x00000000c001371c                Device::wakeAll()
                0x00000000c001374c                Device::detectAll()
                0x00000000c001377c                Device::disableLegacyAll()
                0x00000000c00137ac                Device::loadDriversForAll()
                0x00000000c00137d8                Device::closeAll()
                0x00000000c001380e                Device::powerSavingAll(PowerSavingLevel)
                0x00000000c0013844                Device::setName(char const*)
                0x00000000c0013852                Device::Device(char const*)
                0x00000000c0013852                Device::Device(char const*)
                0x00000000c0013944                Device::getName()
                0x00000000c001394e                DriverlessDevice::DriverlessDevice(char const*)
                0x00000000c001394e                DriverlessDevice::DriverlessDevice(char const*)
                0x00000000c0013976                Device::addToLinkedList(LinkedList<Device>&, DeviceType)
                0x00000000c00139ba                getDevicesOfType(DeviceType)
 .text          0x00000000c00139e4       0x84 hal/diskctrl.32
                0x00000000c00139e4                HardDiskController::HardDiskController(char const*)
                0x00000000c00139e4                HardDiskController::HardDiskController(char const*)
                0x00000000c0013a1a                HardDiskController::~HardDiskController()
                0x00000000c0013a1a                HardDiskController::~HardDiskController()
                0x00000000c0013a3e                HardDiskController::~HardDiskController()
 .text          0x00000000c0013a68       0xde hal/diskphys.32
                0x00000000c0013a68                PhysicalDisk::PhysicalDisk(char const*, int)
                0x00000000c0013a68                PhysicalDisk::PhysicalDisk(char const*, int)
                0x00000000c0013ad0                PhysicalDisk::startCache()
                0x00000000c0013af8                PhysicalDisk::~PhysicalDisk()
                0x00000000c0013af8                PhysicalDisk::~PhysicalDisk()
                0x00000000c0013b1c                PhysicalDisk::~PhysicalDisk()
 .text          0x00000000c0013b46      0x14c hal/fpu.32
                0x00000000c0013b46                FPU::FPU(char const*)
                0x00000000c0013b46                FPU::FPU(char const*)
                0x00000000c0013b7c                FPU::~FPU()
                0x00000000c0013b7c                FPU::~FPU()
                0x00000000c0013ba0                FPU::~FPU()
                0x00000000c0013bca                setupFPU()
 .text          0x00000000c0013c92     0x12c1 hal/intctrl.32
                0x00000000c0013c92                InterruptController::uninstallISRHandler(int, void (*)(regs*, void*))
                0x00000000c0013cca                InterruptController::installISRHandler(int, void (*)(regs*, void*), void*)
                0x00000000c0013d1c                doubleFault(regs*, void*)
                0x00000000c0013d36                InterruptController::installIRQHandler(int, void (*)(regs*, void*), bool, void*)
                0x00000000c0013dd2                InterruptController::clearAllHandlers(int, bool)
                0x00000000c0013e7a                InterruptController::uninstallIRQHandler(int, void (*)(regs*, void*), bool)
                0x00000000c0013f01                nmiHandler(regs*, void*)
                0x00000000c0013f0f                int_handler
                0x00000000c0013faa                InterruptController::InterruptController(char const*)
                0x00000000c0013faa                InterruptController::InterruptController(char const*)
                0x00000000c0014050                InterruptController::~InterruptController()
                0x00000000c0014050                InterruptController::~InterruptController()
                0x00000000c0014074                InterruptController::~InterruptController()
                0x00000000c001409e                displayDebugInfo(regs*)
                0x00000000c00144b5                x87EmulHandler(regs*, void*)
                0x00000000c00144fd                gpFault(regs*, void*)
                0x00000000c0014536                pgFault(regs*, void*)
                0x00000000c001454d                otherISRHandler(regs*, void*)
                0x00000000c001456c                opcodeFault(regs*, void*)
                0x00000000c0014b25                displayProgramFault(char const*)
                0x00000000c0014b4d                setupInterruptController()
                0x00000000c0014f06                InterruptController::convertLegacyIRQNumber(int)
 *fill*         0x00000000c0014f53        0x1 
 .text          0x00000000c0014f54      0x620 hal/keybrd.32
                0x00000000c0014f54                startGUI(void*)
                0x00000000c0014fc6                sendKeyToTerminal(unsigned char)
                0x00000000c0015032                sendKeyboardToken(KeyboardToken)
                0x00000000c001540d                clearInternalKeybuffer(VgaText*)
                0x00000000c0015442                readKeyboard(VgaText*, char*, unsigned long)
                0x00000000c00154ea                Keyboard::Keyboard(char const*)
                0x00000000c00154ea                Keyboard::Keyboard(char const*)
                0x00000000c0015526                Keyboard::~Keyboard()
                0x00000000c0015526                Keyboard::~Keyboard()
                0x00000000c001554a                Keyboard::~Keyboard()
 .text          0x00000000c0015574      0x400 hal/logidisk.32
                0x00000000c0015574                LogicalDisk::close(int, int, void*)
                0x00000000c0015578                LogicalDisk::~LogicalDisk()
                0x00000000c0015578                LogicalDisk::~LogicalDisk()
                0x00000000c001559c                LogicalDisk::~LogicalDisk()
                0x00000000c00155c6                LogicalDisk::open(int, int, void*)
                0x00000000c00155da                LogicalDisk::absoluteToRelative(unsigned long long)
                0x00000000c0015612                LogicalDisk::relativeToAbsolute(unsigned long long)
                0x00000000c0015658                LogicalDisk::LogicalDisk(char const*, PhysicalDisk*, unsigned long long, unsigned long long)
                0x00000000c0015658                LogicalDisk::LogicalDisk(char const*, PhysicalDisk*, unsigned long long, unsigned long long)
                0x00000000c001570e                LogicalDisk::assignDriveLetter()
                0x00000000c00157c4                LogicalDisk::mount()
                0x00000000c0015836                LogicalDisk::unmount()
                0x00000000c0015846                LogicalDisk::unassignDriveLetter()
                0x00000000c001589c                LogicalDisk::read(unsigned long long, int, void*)
                0x00000000c0015908                LogicalDisk::write(unsigned long long, int, void*)
 .text          0x00000000c0015974       0x84 hal/mouse.32
                0x00000000c0015974                Mouse::Mouse(char const*)
                0x00000000c0015974                Mouse::Mouse(char const*)
                0x00000000c00159aa                Mouse::~Mouse()
                0x00000000c00159aa                Mouse::~Mouse()
                0x00000000c00159ce                Mouse::~Mouse()
 .text          0x00000000c00159f8      0x339 hal/partition.32
                0x00000000c00159f8                makePartition(PhysicalDisk*, unsigned long long, unsigned long long)
                0x00000000c0015aa0                createPartitionsForDisk(PhysicalDisk*)
 *fill*         0x00000000c0015d31        0x1 
 .text          0x00000000c0015d32      0x2e7 hal/timer.32
                0x00000000c0015d32                Timer::Timer(char const*)
                0x00000000c0015d32                Timer::Timer(char const*)
                0x00000000c0015d68                Timer::~Timer()
                0x00000000c0015d68                Timer::~Timer()
                0x00000000c0015d8c                Timer::~Timer()
                0x00000000c0015db6                Timer::read()
                0x00000000c0015dc1                timerHandler(unsigned long long)
                0x00000000c0015ef8                setupTimer(int)
 *fill*         0x00000000c0016019        0x1 
 .text          0x00000000c001601a      0x2d1 hal/vcache.32
                0x00000000c001601a                VCache::VCache(PhysicalDisk*)
                0x00000000c001601a                VCache::VCache(PhysicalDisk*)
                0x00000000c001610a                VCache::writeWriteBuffer()
                0x00000000c0016146                VCache::~VCache()
                0x00000000c0016146                VCache::~VCache()
                0x00000000c0016186                VCache::~VCache()
                0x00000000c00161ae                VCache::write(unsigned long long, int, void*)
                0x00000000c0016292                VCache::read(unsigned long long, int, void*)
 *fill*         0x00000000c00162eb        0x1 
 .text          0x00000000c00162ec      0x26d hal/video.32
                0x00000000c00162ec                Video::putrect(int, int, int, int, unsigned int)
                0x00000000c0016336                Video::blit(unsigned int*, int, int, int, int)
                0x00000000c00163b4                Video::clearScreen(unsigned int)
                0x00000000c00163e8                Video::putpixel(int, int, unsigned int)
                0x00000000c00163f6                Video::Video(char const*)
                0x00000000c00163f6                Video::Video(char const*)
                0x00000000c001642c                Video::~Video()
                0x00000000c001642c                Video::~Video()
                0x00000000c0016450                Video::~Video()
                0x00000000c001647a                Video::isMonochrome()
                0x00000000c0016486                Video::getWidth()
                0x00000000c0016492                Video::getHeight()
                0x00000000c001649e                Video::drawCursor(int, int, unsigned char*, int)
 *fill*         0x00000000c0016559        0x1 
 .text          0x00000000c001655a      0xd04 hw/acpi.32
                0x00000000c001655a                ACPI::close(int, int, void*)
                0x00000000c001660f                findRSDP()
                0x00000000c0016699                loadACPITables(unsigned char*)
                0x00000000c00168c0                findRSDT(unsigned char*)
                0x00000000c00169de                findDataTable(unsigned char*, char*)
                0x00000000c0016a7a                scanMADT()
                0x00000000c0016e0e                ACPI::ACPI()
                0x00000000c0016e0e                ACPI::ACPI()
                0x00000000c0016e6e                ACPI::getPCIIRQAssignment(unsigned char, unsigned short, unsigned char)
                0x00000000c0016f50                ACPI::registerPCIIRQAssignment(void*, unsigned short, unsigned char, unsigned char)
                0x00000000c0017056                ACPI::setScreenBrightnessLevel(void*, int)
                0x00000000c001705c                ACPI::writeSimpleBootFlag(SimpleBootFlagTable*)
                0x00000000c00170a4                ACPI::open(int, int, void*)
                0x00000000c0017246                ACPI::sleep()
 .text          0x00000000c001725e     0x17a9 hw/cpu.32
                0x00000000c001725e                CPU::close(int, int, void*)
                0x00000000c0017261                lookupAMDCPUName(unsigned char, unsigned char)
                0x00000000c00173f5                lookupIntelCPUName(unsigned char, unsigned char)
                0x00000000c00176a3                AMD_K6_write_msr(unsigned int, unsigned int, unsigned int, REGS*)
                0x00000000c00176bf                AMD_K6_read_msr(unsigned int, REGS*)
                0x00000000c00176d7                AMD_K6_writeback(int, int, int)
                0x00000000c001774a                cpuid(int, unsigned long*, unsigned long*, unsigned long*, unsigned long*)
                0x00000000c00177cd                cpuidCheckEDX(unsigned int)
                0x00000000c00177fa                cpuidCheckECX(unsigned int)
                0x00000000c0017827                cpuidCheckExtendedEBX(unsigned int)
                0x00000000c0017854                cpuidCheckExtendedECX(unsigned int)
                0x00000000c0017881                getCPUNumber()
                0x00000000c0017884                thisCPU()
                0x00000000c0017898                CPU::CPU()
                0x00000000c0017898                CPU::CPU()
                0x00000000c0017926                CPU::displayFeatures()
                0x00000000c0017ba2                CPU::detectFeatures()
                0x00000000c0018594                CPU::setupSMEP()
                0x00000000c00185ae                CPU::setupUMIP()
                0x00000000c00185c6                CPU::setupTSC()
                0x00000000c00185de                CPU::setupLargePages()
                0x00000000c00185f6                CPU::setupPAT()
                0x00000000c0018632                CPU::setupMTRR()
                0x00000000c0018634                CPU::setupGlobalPages()
                0x00000000c001864a                CPU::allowUsermodeDataAccess()
                0x00000000c001865c                CPU::prohibitUsermodeDataAccess()
                0x00000000c001866e                CPU::setupSMAP()
                0x00000000c0018694                CPU::setupFeatures()
                0x00000000c0018736                CPU::open(int, int, void*)
                0x00000000c001880c                CPU::decodeAddress(regs*, int*, bool*, unsigned char*)
 .text          0x00000000c0018a07        0x0 hw/ports.32
 .text          0x00000000c0018a07      0xefd hw/x87em.32
                0x00000000c0018a07                fpuInternalTo32(unsigned long long)
                0x00000000c0018a62                fpuInternalTo64(unsigned long long)
                0x00000000c0018a6b                fpu32ToInternal(unsigned int)
                0x00000000c0018ab0                fpu64ToInternal(unsigned long long)
                0x00000000c0018ab9                fpuFloatToLong(unsigned long long)
                0x00000000c0018b14                fpuULongToFloat(unsigned long long)
                0x00000000c0018b4a                fpuLongToFloat(long long)
                0x00000000c0018ba0                fpuGet0()
                0x00000000c0018ba5                fpuGet1()
                0x00000000c0018bad                fpuGetPi()
                0x00000000c0018bb5                fpuGetLog2E()
                0x00000000c0018bcd                fpuGetLogE2()
                0x00000000c0018be5                fpuGetLog210()
                0x00000000c0018bfd                fpuGetLog102()
                0x00000000c0018c15                fpuIsSecondLarger(unsigned long long, unsigned long long)
                0x00000000c0018c29                fpuAreEqual(unsigned long long, unsigned long long)
                0x00000000c0018c3f                fpuUnorderedCompare(unsigned long long, unsigned long long)
                0x00000000c0018c92                fpuAdd(unsigned long long, unsigned long long)
                0x00000000c0018ca3                fpuAbs(unsigned long long)
                0x00000000c0018cac                fpuChs(unsigned long long)
                0x00000000c0018cbc                fpuSub(unsigned long long, unsigned long long)
                0x00000000c0018ccb                fpuMultiply(unsigned long long, unsigned long long)
                0x00000000c0018cea                fpuDivide(unsigned long long, unsigned long long)
                0x00000000c0018d06                fpuSquare(unsigned long long)
                0x00000000c0018d1c                fpuGetReg(int)
                0x00000000c0018d5f                fpuSetReg(int, unsigned long long)
                0x00000000c0018daa                fpuPush(unsigned long long)
                0x00000000c0018e07                fpuPop()
                0x00000000c0018e59                x87Handler(regs*)
 .text          0x00000000c0019904      0x338 krnl/panic.32
                0x00000000c0019904                Krnl::panic(char const*)
 .text          0x00000000c0019c3c      0x503 reg/registry.32
                0x00000000c0019c3c                Reg::findLineFromLoadedData(char*, char*, char*)
                0x00000000c0019d94                Reg::getLineFromRegistry(char*, char*, char*, char*)
                0x00000000c0019ef3                Reg::getLine(char*, char*, char*)
                0x00000000c0019f2a                Reg::readInt(char*, char*, int*)
                0x00000000c001a015                Reg::readString(char*, char*, char*, int)
                0x00000000c001a096                Reg::readBool(char*, char*, bool*)
                0x00000000c001a0bb                Reg::readBoolWithDefault(char*, char*, bool)
                0x00000000c001a0e7                Reg::readIntWithDefault(char*, char*, int)
                0x00000000c001a113                Reg::readStringWithDefault(char*, char*, char*, int, char*)
 .text          0x00000000c001a13f       0x18 sys/sc_exit.32
                0x00000000c001a13f                Sys::exit(regs*)
 .text          0x00000000c001a157       0x95 sys/sc_loaddll.32
                0x00000000c001a157                Sys::loadDLL(regs*)
 .text          0x00000000c001a1ec       0x68 sys/sc_read.32
                0x00000000c001a1ec                Sys::read(regs*)
 .text          0x00000000c001a254       0x55 sys/sc_sbrk.32
                0x00000000c001a254                Sys::sbrk(regs*)
 .text          0x00000000c001a2a9       0x68 sys/sc_write.32
                0x00000000c001a2a9                Sys::write(regs*)
 .text          0x00000000c001a311       0x1a sys/sc_yield.32
                0x00000000c001a311                Sys::yield(regs*)
 .text          0x00000000c001a32b      0xf85 sys/syscalls.32
                0x00000000c001a32b                sysCallGetPID(regs*)
                0x00000000c001a337                sysCallSeekDir(regs*)
                0x00000000c001a33c                sysCallTellDir(regs*)
                0x00000000c001a341                sysCallVerify(regs*)
                0x00000000c001a34b                sysCallFork(regs*)
                0x00000000c001a356                sysCallExecve(regs*)
                0x00000000c001a361                sysCallGetArgc(regs*)
                0x00000000c001a371                sysFormatDisk(regs*)
                0x00000000c001a3db                sysSetDiskVolumeLabel(regs*)
                0x00000000c001a421                sysGetDiskVolumeLabel(regs*)
                0x00000000c001a472                sysShutdown(regs*)
                0x00000000c001a4d0                sysCallGetCwd(regs*)
                0x00000000c001a4ef                sysCallSetCwd(regs*)
                0x00000000c001a50b                sysCallRealpath(regs*)
                0x00000000c001a54e                sysCallReadDir(regs*)
                0x00000000c001a5dc                sysCallIsATTY(regs*)
                0x00000000c001a636                sysCallSeek(regs*)
                0x00000000c001a69f                sysCallTell(regs*)
                0x00000000c001a71c                sysCallSizeFromFilename(regs*)
                0x00000000c001a7cd                sysCallSize(regs*)
                0x00000000c001a850                sysCallClose(regs*)
                0x00000000c001a8d8                sysCallOpenDir(regs*)
                0x00000000c001a945                sysCallMakeDir(regs*)
                0x00000000c001a99e                sysCallCloseDir(regs*)
                0x00000000c001aa04                sysCallWait(regs*)
                0x00000000c001aa1e                sysCallRmdir(regs*)
                0x00000000c001aa70                sysCallUnlink(regs*)
                0x00000000c001aac2                sysCallGetArgv(regs*)
                0x00000000c001ab0e                sysCallTTYName(regs*)
                0x00000000c001ab91                sysCallGetEnv(regs*)
                0x00000000c001abe3                sysCallUSleep(regs*)
                0x00000000c001ac0a                sysCallSpawn(regs*)
                0x00000000c001ac62                sysAppSettings(regs*)
                0x00000000c001ad81                sysSetFatAttrib(regs*)
                0x00000000c001ade1                sysPanic(regs*)
                0x00000000c001ae07                sysPipe(regs*)
                0x00000000c001ae4c                sysGetUnixTime(regs*)
                0x00000000c001ae60                string_ends_with(char const*, char const*)
                0x00000000c001aea8                sysCallOpen(regs*)
                0x00000000c001b0b5                setupSystemCalls()
                0x00000000c001b26e                systemCall(regs*, void*)
 .text          0x00000000c001b2b0     0x11c7 thr/elf.32
                0x00000000c001b2b0                Thr::allocateMemoryForTask(Process*, File*, unsigned long, unsigned long, unsigned long)
                0x00000000c001b52d                Thr::loadProgramIntoMemory(Process*, char const*)
                0x00000000c001b743                Thr::runtimeReferenceHelper()
                0x00000000c001b756                Thr::getAddressOfKernelSymbol(char const*)
                0x00000000c001b7a5                Thr::loadKernelSymbolTable(char const*)
                0x00000000c001ba66                Thr::loadDriverIntoMemory(char const*, unsigned long, bool)
                0x00000000c001c204                Thr::getDriverBaseFromAddress(unsigned long)
                0x00000000c001c236                Thr::getDriverNameFromAddress(unsigned long)
                0x00000000c001c26d                Thr::getDriverOffsetFromAddress(unsigned long)
                0x00000000c001c287                Thr::loadDLL(char const*, bool)
                0x00000000c001c44d                Thr::executeDLL(unsigned long, void*)
 *fill*         0x00000000c001c477        0x1 
 .text          0x00000000c001c478      0xfce thr/prcssthr.32
                0x00000000c001c478                changeTSS
                0x00000000c001c4a6                Process::addArgs(char**)
                0x00000000c001c500                Process::Process(char const*, Process*, char**)
                0x00000000c001c500                Process::Process(char const*, Process*, char**)
                0x00000000c001c6b8                Process::Process(bool, char const*, Process*, char**)
                0x00000000c001c6b8                Process::Process(bool, char const*, Process*, char**)
                0x00000000c001c83b                disableIRQs()
                0x00000000c001c843                getIRQNestingLevel()
                0x00000000c001c849                enableIRQs()
                0x00000000c001c858                lockScheduler()
                0x00000000c001c85a                unlockScheduler()
                0x00000000c001c85c                userModeEntryPoint(void*)
                0x00000000c001c87f                lockStuff()
                0x00000000c001c88b                taskStartupFunction
                0x00000000c001c894                updateTimeUsed()
                0x00000000c001c8f2                switchToThread(ThreadControlBlock*)
                0x00000000c001c942                Semaphore::Semaphore(int)
                0x00000000c001c942                Semaphore::Semaphore(int)
                0x00000000c001c970                Mutex::Mutex()
                0x00000000c001c970                Mutex::Mutex()
                0x00000000c001c982                Process::createThread(void (*)(void*), void*, int)
                0x00000000c001ca66                Process::createUserThread()
                0x00000000c001ca82                setupMultitasking(void (*)())
                0x00000000c001cb8c                schedule()
                0x00000000c001cc11                unlockStuff()
                0x00000000c001cc46                Semaphore::tryAcquire()
                0x00000000c001cc74                Semaphore::assertLocked(char const*)
                0x00000000c001cca4                blockTaskWithSchedulerLockAlreadyHeld(TaskState)
                0x00000000c001cce6                blockTask(TaskState)
                0x00000000c001cd07                waitTask(int, int*, int)
                0x00000000c001cd49                nanoSleepUntil(unsigned long long)
                0x00000000c001cda0                nanoSleep(unsigned long long)
                0x00000000c001cdb5                sleep(unsigned long long)
                0x00000000c001cdd2                Semaphore::acquire()
                0x00000000c001ce3a                taskReturned
                0x00000000c001ce68                unblockTask(ThreadControlBlock*)
                0x00000000c001cf17                cleanupTerminatedTask(ThreadControlBlock*)
                0x00000000c001d1bb                cleanerTaskFunction(void*)
                0x00000000c001d26e                terminateTask(int)
                0x00000000c001d34e                Thr::terminateFromIRQ(int)
                0x00000000c001d35a                Semaphore::release()
 .text          0x00000000c001d446      0x8bf vm86/vm8086.32
                0x00000000c001d446                Vm::vm8086EntryPoint(void*)
                0x00000000c001d471                Vm::inbv(unsigned short)
                0x00000000c001d477                Vm::outbv(unsigned short, unsigned char)
                0x00000000c001d481                Vm::realToLinear(unsigned short, unsigned short)
                0x00000000c001d491                Vm::getSegment(unsigned int)
                0x00000000c001d499                Vm::getOffset(unsigned int)
                0x00000000c001d49e                Vm::loadFileAsThread(Process*, char const*, unsigned short, unsigned short, unsigned short, unsigned short)
                0x00000000c001d5cd                Vm::doISR(regs*, int, unsigned char*, unsigned short, unsigned short)
                0x00000000c001d657                Vm::readByteFromReal(unsigned short, unsigned short)
                0x00000000c001d668                Vm::readWordFromReal(unsigned short, unsigned short)
                0x00000000c001d67a                Vm::readDwordFromReal(unsigned short, unsigned short)
                0x00000000c001d68b                Vm::writeByteFromReal(unsigned short, unsigned short, unsigned char)
                0x00000000c001d6a0                Vm::writeWordFromReal(unsigned short, unsigned short, unsigned short)
                0x00000000c001d6b6                Vm::writeDwordFromReal(unsigned short, unsigned short, unsigned int)
                0x00000000c001d6cb                Vm::faultHandler(regs*)
 *fill*         0x00000000c001dd05        0x1 
 .text          0x00000000c001dd06     0x10ed fs/fat/vfslink.32
                0x00000000c001dd06                FAT::getName()
                0x00000000c001dd0c                FAT::tell(void*, unsigned long long*)
                0x00000000c001dd40                FAT::stat(void*, unsigned long long*)
                0x00000000c001dd74                FAT::~FAT()
                0x00000000c001dd74                FAT::~FAT()
                0x00000000c001dd98                FAT::~FAT()
                0x00000000c001ddc0                FAT::getlabel(LogicalDisk*, int, char*, unsigned int*)
                0x00000000c001de5e                FAT::setlabel(LogicalDisk*, int, char*)
                0x00000000c001df18                FAT::format(LogicalDisk*, int, char const*, int)
                0x00000000c001e0fc                FAT::tryMount(LogicalDisk*, int)
                0x00000000c001e302                FAT::readDir(void*, unsigned long, void*, int*)
                0x00000000c001e408                FAT::read(void*, unsigned long, void*, int*)
                0x00000000c001e462                FAT::write(void*, unsigned long, void*, int*)
                0x00000000c001e4bc                FAT::close(void*)
                0x00000000c001e508                FAT::closeDir(void*)
                0x00000000c001e554                FAT::seek(void*, unsigned long long)
                0x00000000c001e5a8                fatWrapperReadDisk
                0x00000000c001e5ef                fatWrapperWriteDisk
                0x00000000c001e636                fatWrapperIoctl
                0x00000000c001e73a                FAT::FAT()
                0x00000000c001e73a                FAT::FAT()
                0x00000000c001e78c                FAT::fixFilepath(char*)
                0x00000000c001e7c4                FAT::open(char const*, void**, FileOpenMode)
                0x00000000c001e8ec                FAT::openDir(char const*, void**)
                0x00000000c001e992                FAT::stat(char const*, unsigned long long*, bool*)
                0x00000000c001ea7c                FAT::unlink(char const*)
                0x00000000c001eaf6                FAT::chfatattr(char const*, unsigned char, unsigned char)
                0x00000000c001ec4a                FAT::rename(char const*, char const*)
                0x00000000c001ed0e                FAT::mkdir(char const*)
                0x00000000c001ed88                FAT::exists(char const*)
 *fill*         0x00000000c001edf3        0x1 
 .text          0x00000000c001edf4      0xbdf fs/iso9660/vfslink.32
                0x00000000c001edf4                ISO9660::format(LogicalDisk*, int, char const*, int)
                0x00000000c001edfa                ISO9660::seek(void*, unsigned long long)
                0x00000000c001ee2a                ISO9660::tell(void*, unsigned long long*)
                0x00000000c001ee4e                ISO9660::getName()
                0x00000000c001ee54                ISO9660::stat(void*, unsigned long long*)
                0x00000000c001ee78                ISO9660::chfatattr(char const*, unsigned char, unsigned char)
                0x00000000c001ee7e                ISO9660::unlink(char const*)
                0x00000000c001ee84                ISO9660::write(void*, unsigned long, void*, int*)
                0x00000000c001ee8a                ISO9660::rename(char const*, char const*)
                0x00000000c001ee90                ISO9660::mkdir(char const*)
                0x00000000c001ee96                ISO9660::close(void*)
                0x00000000c001eeb8                ISO9660::closeDir(void*)
                0x00000000c001eeda                ISO9660::~ISO9660()
                0x00000000c001eeda                ISO9660::~ISO9660()
                0x00000000c001eefe                ISO9660::~ISO9660()
                0x00000000c001ef25                __memmem(unsigned char*, int, unsigned char*, int)
                0x00000000c001ef67                readSectorFromCDROM(unsigned int, unsigned char*, char)
                0x00000000c001efce                ISO9660::tryMount(LogicalDisk*, int)
                0x00000000c001f01e                ISO9660::read(void*, unsigned long, void*, int*)
                0x00000000c001f262                ISO9660::readDir(void*, unsigned long, void*, int*)
                0x00000000c001f4ef                readRoot(unsigned int*, unsigned int*, char)
                0x00000000c001f544                readRecursively(char*, unsigned int, unsigned int, unsigned int*, unsigned int*, char, int*)
                0x00000000c001f717                getFileData(char*, unsigned int*, unsigned int*, char, int*)
                0x00000000c001f7a6                ISO9660::open(char const*, void**, FileOpenMode)
                0x00000000c001f840                ISO9660::exists(char const*)
                0x00000000c001f864                ISO9660::stat(char const*, unsigned long long*, bool*)
                0x00000000c001f8f8                ISO9660::openDir(char const*, void**)
                0x00000000c001f9b0                ISO9660::ISO9660()
                0x00000000c001f9b0                ISO9660::ISO9660()
 *fill*         0x00000000c001f9d3        0x1 
 .text          0x00000000c001f9d4      0x326 hal/sound/sndchannel.32
                0x00000000c001f9d4                SoundChannel::~SoundChannel()
                0x00000000c001f9d4                SoundChannel::~SoundChannel()
                0x00000000c001f9f0                SoundChannel::setSpeed(float)
                0x00000000c001f9fc                SoundChannel::getSpeed()
                0x00000000c001fa04                SoundChannel::setVolume(int)
                0x00000000c001fa20                SoundChannel::getVolume()
                0x00000000c001fa28                SoundChannel::pause()
                0x00000000c001fa32                SoundChannel::SoundChannel(int, int, int, int)
                0x00000000c001fa32                SoundChannel::SoundChannel(int, int, int, int)
                0x00000000c001fb88                SoundChannel::play()
                0x00000000c001fb92                SoundChannel::paused()
                0x00000000c001fb9a                SoundChannel::getSampleRate()
                0x00000000c001fba2                SoundChannel::getBits()
                0x00000000c001fbaa                SoundChannel::getBufferUsed()
                0x00000000c001fbb2                SoundChannel::getBufferSize()
                0x00000000c001fbba                SoundChannel::unbuffer(float*, int, int)
                0x00000000c001fc5a                SoundChannel::buffer8(unsigned char*, int)
 .text          0x00000000c001fcfa      0x3d5 hal/sound/sndhw.32
                0x00000000c001fcfa                SoundDevice::SoundDevice(char const*)
                0x00000000c001fcfa                SoundDevice::SoundDevice(char const*)
                0x00000000c001fd66                SoundDevice::~SoundDevice()
                0x00000000c001fd66                SoundDevice::~SoundDevice()
                0x00000000c001fde0                SoundDevice::~SoundDevice()
                0x00000000c001fe0a                SoundDevice::getFreeChannelNum()
                0x00000000c001fe24                SoundDevice::addChannel(SoundChannel*)
                0x00000000c001fe94                SoundDevice::removeChannel(int)
                0x00000000c001fec6                SoundDevice::floatTo8(float*, unsigned char*, int)
                0x00000000c001ffae                SoundDevice::getAudio(int, float*, float*)
 .text          0x00000000c00200cf        0x0 hw/bus/isa.32
 *fill*         0x00000000c00200cf        0x1 
 .text          0x00000000c00200d0      0x6c1 hw/bus/pci.32
                0x00000000c00200d0                PCI::open(int, int, void*)
                0x00000000c00200e4                PCI::close(int, int, void*)
                0x00000000c00200e8                PCI::PCI()
                0x00000000c00200e8                PCI::PCI()
                0x00000000c0020168                PCI::pciReadWord(unsigned char, unsigned char, unsigned char, unsigned char)
                0x00000000c00201b0                PCI::getVendorID(unsigned char, unsigned char, unsigned char)
                0x00000000c00201d2                PCI::getHeaderType(unsigned char, unsigned char, unsigned char)
                0x00000000c00201f6                PCI::getClassCode(unsigned char, unsigned char, unsigned char)
                0x00000000c002023a                PCI::getProgIF(unsigned char, unsigned char, unsigned char)
                0x00000000c002025e                PCI::getRevisionID(unsigned char, unsigned char, unsigned char)
                0x00000000c0020280                PCI::getInterruptNumber(unsigned char, unsigned char, unsigned char)
                0x00000000c00202a2                PCI::getSecondaryBus(unsigned char, unsigned char, unsigned char)
                0x00000000c00202c6                PCI::getBARAddress(unsigned char, unsigned char, unsigned char, unsigned char)
                0x00000000c0020326                PCI::pciWriteWord(unsigned char, unsigned char, unsigned char, unsigned char, unsigned short)
                0x00000000c0020392                PCI::checkBus(unsigned char)
                0x00000000c00203b6                PCI::foundDevice(PCIDeviceInfo)
                0x00000000c0020526                PCI::getDeviceData(unsigned char, unsigned char, unsigned char)
                0x00000000c00206d2                PCI::checkDevice(unsigned char, unsigned char)
                0x00000000c002073e                PCI::detect()
 *fill*         0x00000000c0020791        0x1 
 .text          0x00000000c0020792      0xc70 hw/diskctrl/ide.32
                0x00000000c0020792                IDE::close(int, int, void*)
                0x00000000c0020796                IDE::IDE()
                0x00000000c0020796                IDE::IDE()
                0x00000000c00207ca                IDE::prepareInterrupt(unsigned char)
                0x00000000c00207dc                selectDrive(unsigned char, unsigned char)
                0x00000000c00207de                IDE::getBase(unsigned char)
                0x00000000c00207f0                IDE::write(unsigned char, unsigned char, unsigned char)
                0x00000000c00208b0                IDE::read(unsigned char, unsigned char)
                0x00000000c002095e                IDE::waitInterrupt(unsigned char)
                0x00000000c00209c4                ideChannel0IRQHandler(regs*, void*)
                0x00000000c00209e0                ideChannel1IRQHandler(regs*, void*)
                0x00000000c00209fc                IDE::enableIRQs(unsigned char, bool)
                0x00000000c0020a42                IDE::open(int, int, void*)
                0x00000000c0020e52                IDE::readBuffer(unsigned char, unsigned char, unsigned int, unsigned int)
                0x00000000c0020f1e                IDE::detect()
                0x00000000c0021206                IDE::printError(unsigned char, unsigned char, unsigned char)
                0x00000000c002139c                IDE::polling(unsigned char, unsigned int)
 .text          0x00000000c0021402      0x62b hw/diskphys/ata.32
                0x00000000c0021402                ATA::close(int, int, void*)
                0x00000000c0021426                ATA::powerSaving(PowerSavingLevel)
                0x00000000c0021428                ATA::ATA()
                0x00000000c0021428                ATA::ATA()
                0x00000000c0021456                ATA::flush(bool)
                0x00000000c00214a0                ATA::readyForCommand()
                0x00000000c00214f0                ATA::access(unsigned long long, int, void*, bool)
                0x00000000c002186e                ATA::read(unsigned long long, int, void*)
                0x00000000c00218d6                ATA::write(unsigned long long, int, void*)
                0x00000000c002193e                ATA::detectCHS()
                0x00000000c0021968                ATA::open(int, int, void*)
 *fill*         0x00000000c0021a2d        0x1 
 .text          0x00000000c0021a2e      0x5b3 hw/diskphys/atapi.32
                0x00000000c0021a2e                ATAPI::write(unsigned long long, int, void*)
                0x00000000c0021a34                ATAPI::close(int, int, void*)
                0x00000000c0021a58                ATAPI::ATAPI()
                0x00000000c0021a58                ATAPI::ATAPI()
                0x00000000c0021a86                ATAPI::readyForCommand()
                0x00000000c0021ad6                ATAPI::sendPacket(unsigned char*, int, bool, unsigned short*, int)
                0x00000000c0021d96                ATAPI::diskRemoved()
                0x00000000c0021db2                ATAPI::eject()
                0x00000000c0021df8                ATAPI::diskInserted()
                0x00000000c0021e26                ATAPI::detectMedia()
                0x00000000c0021ee2                ATAPI::open(int, int, void*)
                0x00000000c0021f62                ATAPI::read(unsigned long long, int, void*)
 *fill*         0x00000000c0021fe1        0x1 
 .text          0x00000000c0021fe2       0x8e hw/fpu/avx.32
                0x00000000c0021fe2                AVX::open(int, int, void*)
                0x00000000c0021ff4                AVX::close(int, int, void*)
                0x00000000c0022006                AVX::available()
                0x00000000c0022018                AVX::save(void*)
                0x00000000c0022030                AVX::load(void*)
                0x00000000c0022048                AVX::AVX()
                0x00000000c0022048                AVX::AVX()
 .text          0x00000000c0022070       0x90 hw/fpu/mmx.32
                0x00000000c0022070                MMX::available()
                0x00000000c0022084                MMX::open(int, int, void*)
                0x00000000c0022096                MMX::close(int, int, void*)
                0x00000000c00220a8                MMX::save(void*)
                0x00000000c00220c0                MMX::load(void*)
                0x00000000c00220d8                MMX::MMX()
                0x00000000c00220d8                MMX::MMX()
 .text          0x00000000c0022100       0x96 hw/fpu/sse.32
                0x00000000c0022100                SSE::open(int, int, void*)
                0x00000000c0022112                SSE::close(int, int, void*)
                0x00000000c0022124                SSE::available()
                0x00000000c002213e                SSE::save(void*)
                0x00000000c0022156                SSE::load(void*)
                0x00000000c002216e                SSE::SSE()
                0x00000000c002216e                SSE::SSE()
 .text          0x00000000c0022196       0x8e hw/fpu/x87.32
                0x00000000c0022196                x87::open(int, int, void*)
                0x00000000c00221a8                x87::close(int, int, void*)
                0x00000000c00221ba                x87::available()
                0x00000000c00221cc                x87::save(void*)
                0x00000000c00221e4                x87::load(void*)
                0x00000000c00221fc                x87::x87()
                0x00000000c00221fc                x87::x87()
 .text          0x00000000c0022224      0x5f3 hw/intctrl/apic.32
                0x00000000c0022224                APIC::disable()
                0x00000000c0022226                APIC::close(int, int, void*)
                0x00000000c0022248                IOAPIC::close(int, int, void*)
                0x00000000c002224e                APIC::io_wait()
                0x00000000c0022254                APIC::getBase()
                0x00000000c0022296                APIC::eoi(unsigned char)
                0x00000000c00222c4                APIC::open(int, int, void*)
                0x00000000c002237e                IOAPIC::IOAPIC()
                0x00000000c002237e                IOAPIC::IOAPIC()
                0x00000000c00223a6                APIC::APIC()
                0x00000000c00223a6                APIC::APIC()
                0x00000000c0022476                IOAPIC::handlesGSIWithNumber(unsigned int)
                0x00000000c00224a8                IOAPIC::read(int)
                0x00000000c00224d0                IOAPIC::open(int, int, void*)
                0x00000000c00225c6                IOAPIC::write(int, int)
                0x00000000c00225f2                IOAPIC::redirect(unsigned char, unsigned long long, unsigned char)
                0x00000000c00226ac                APIC::installIRQHandler(int, void (*)(regs*, void*), bool, void*)
 *fill*         0x00000000c0022817        0x1 
 .text          0x00000000c0022818      0x3d3 hw/intctrl/pic.32
                0x00000000c0022818                PIC::disable()
                0x00000000c0022846                PIC::close(int, int, void*)
                0x00000000c0022868                PIC::PIC()
                0x00000000c0022868                PIC::PIC()
                0x00000000c002293e                PIC::ioWait()
                0x00000000c0022944                PIC::getIRQReg(int)
                0x00000000c00229ae                PIC::eoi(unsigned char)
                0x00000000c0022a40                PIC::remap()
                0x00000000c0022bac                PIC::open(int, int, void*)
 *fill*         0x00000000c0022beb        0x1 
 .text          0x00000000c0022bec      0x252 hw/timer/apictimer.32
                0x00000000c0022bec                APICTimer::close(int, int, void*)
                0x00000000c0022bf2                apicTimerHandler(regs*, void*)
                0x00000000c0022c20                APICTimer::write(int)
                0x00000000c0022d1e                APICTimer::open(int, int, void*)
                0x00000000c0022e16                APICTimer::APICTimer()
                0x00000000c0022e16                APICTimer::APICTimer()
 .text          0x00000000c0022e3e      0x1a7 hw/timer/pit.32
                0x00000000c0022e3e                PIT::write(int)
                0x00000000c0022ebc                pitHandler(regs*, void*)
                0x00000000c0022ee8                PIT::open(int, int, void*)
                0x00000000c0022f36                PIT::close(int, int, void*)
                0x00000000c0022f66                PIT::PIT()
                0x00000000c0022f66                PIT::PIT()
 *fill*         0x00000000c0022fe5        0xb 
 .text          0x00000000c0022ff0        0xa hw/fpu/x86/avx.32
                0x00000000c0022ff0                avxDetect
                0x00000000c0022ff6                avxSave
                0x00000000c0022ff7                avxLoad
                0x00000000c0022ff8                avxInit
                0x00000000c0022ff9                avxClose
 *fill*         0x00000000c0022ffa        0x6 
 .text          0x00000000c0023000       0x38 hw/fpu/x86/sse.32
                0x00000000c0023000                sseDetect
                0x00000000c002301b                sseSave
                0x00000000c0023021                sseLoad
                0x00000000c0023027                sseInit
                0x00000000c0023037                sseClose
 *fill*         0x00000000c0023038        0x8 
 .text          0x00000000c0023040       0x47 hw/fpu/x86/x87.32
                0x00000000c0023046                x87Detect
                0x00000000c0023061                x87Save
                0x00000000c0023067                x87Load
                0x00000000c002306c                x87Init
                0x00000000c0023086                x87Close
 *fill*         0x00000000c0023087        0x1 
 .text          0x00000000c0023088       0x25 /cygdrive/d/Users/Alex/Desktop/Toolchain/Output/bin/../lib/gcc/i386-banana/8.1.0/crtend.o
 .text          0x00000000c00230ad        0x0 crtn.32
 *fill*         0x00000000c00230ad        0x3 
 .text          0x00000000c00230b0      0x14b /cygdrive/d/Users/Alex/Desktop/Toolchain/Output/bin/../lib/gcc/i386-banana/8.1.0/libkgcc.a(_divdi3.o)
                0x00000000c00230b0                __divdi3
 *fill*         0x00000000c00231fb        0x1 
 .text          0x00000000c00231fc      0x17e /cygdrive/d/Users/Alex/Desktop/Toolchain/Output/bin/../lib/gcc/i386-banana/8.1.0/libkgcc.a(_moddi3.o)
                0x00000000c00231fc                __moddi3
 *fill*         0x00000000c002337a        0x2 
 .text          0x00000000c002337c       0xff /cygdrive/d/Users/Alex/Desktop/Toolchain/Output/bin/../lib/gcc/i386-banana/8.1.0/libkgcc.a(_udivdi3.o)
                0x00000000c002337c                __udivdi3
 *fill*         0x00000000c002347b        0x1 
 .text          0x00000000c002347c      0x11a /cygdrive/d/Users/Alex/Desktop/Toolchain/Output/bin/../lib/gcc/i386-banana/8.1.0/libkgcc.a(_umoddi3.o)
                0x00000000c002347c                __umoddi3
 .text          0x00000000c0023596      0x96d D:/Users/Alex/Desktop/Banana/kernel/libsoftfp.a(sfieeelib.o)
                0x00000000c0023596                __addsf3
                0x00000000c0023898                __subsf3
                0x00000000c00238ac                __negsf2
                0x00000000c00238b9                __mulsf3
                0x00000000c0023a7c                __divsf3
                0x00000000c0023ca7                __floatsisf
                0x00000000c0023d1b                __floatunsisf
                0x00000000c0023d5d                __fixsfsi
                0x00000000c0023dbf                __fixunssfsi
                0x00000000c0023df0                __cmpsf2
                0x00000000c0023e85                __eqsf2
                0x00000000c0023ec0                __nesf2
                0x00000000c0023ec2                __gtsf2
                0x00000000c0023efd                __gesf2
                0x00000000c0023eff                __ltsf2
                0x00000000c0023f01                __lesf2
 .text          0x00000000c0023f03      0xf50 D:/Users/Alex/Desktop/Banana/kernel/libsoftfp.a(dfieeelib.o)
                0x00000000c0023f03                __adddf3
                0x00000000c0024554                __subdf3
                0x00000000c002456f                __negdf2
                0x00000000c0024580                __muldf3
                0x00000000c0024864                __divdf3
                0x00000000c0024be3                __floatsidf
                0x00000000c0024c3e                __floatunsidf
                0x00000000c0024c7c                __fixdfsi
                0x00000000c0024ce9                __fixunsdfsi
                0x00000000c0024d25                __cmpdf2
                0x00000000c0024e13                __eqdf2
                0x00000000c0024e2f                __nedf2
                0x00000000c0024e31                __gtdf2
                0x00000000c0024e4d                __gedf2
                0x00000000c0024e4f                __ltdf2
                0x00000000c0024e51                __ledf2
 .text          0x00000000c0024e53      0x18d D:/Users/Alex/Desktop/Banana/kernel/libsoftfp.a(sfdfcvt.o)
                0x00000000c0024e53                __truncdfsf2
                0x00000000c0024f77                __extendsfdf2
 .text          0x00000000c0024fe0       0x1e D:/Users/Alex/Desktop/Banana/kernel/libk/libm32.a(s_fabs.c.o)
                0x00000000c0024fe0                fabs
 *fill*         0x00000000c0024ffe        0x2 
 .text          0x00000000c0025000        0xc D:/Users/Alex/Desktop/Banana/kernel/libk/libm32.a(s_lrint.S.o)
                0x00000000c0025000                lrint
 .text          0x00000000c002500c        0xc D:/Users/Alex/Desktop/Banana/kernel/libk/libm32.a(s_lrintf.S.o)
                0x00000000c002500c                lrintf
 *(.gnu.linkonce.t*)

.iplt           0x00000000c0025018        0x0
 .iplt          0x00000000c0025018        0x0 D:/Users/Alex/Desktop/Banana/kernel/boot.32

.init           0x00000000c0025018        0xf
 .init          0x00000000c0025018        0x3 crti.32
                0x00000000c0025018                _init
 .init          0x00000000c002501b        0x5 /cygdrive/d/Users/Alex/Desktop/Toolchain/Output/bin/../lib/gcc/i386-banana/8.1.0/crtbegin.o
 .init          0x00000000c0025020        0x5 /cygdrive/d/Users/Alex/Desktop/Toolchain/Output/bin/../lib/gcc/i386-banana/8.1.0/crtend.o
 .init          0x00000000c0025025        0x2 crtn.32

.fini           0x00000000c0025027        0xa
 .fini          0x00000000c0025027        0x3 crti.32
                0x00000000c0025027                _fini
 .fini          0x00000000c002502a        0x5 /cygdrive/d/Users/Alex/Desktop/Toolchain/Output/bin/../lib/gcc/i386-banana/8.1.0/crtbegin.o
 .fini          0x00000000c002502f        0x2 crtn.32

.text._ZN8ComputerD2Ev
                0x00000000c0025032       0x23
 .text._ZN8ComputerD2Ev
                0x00000000c0025032       0x23 core/computer.32
                0x00000000c0025032                Computer::~Computer()
                0x00000000c0025032                Computer::~Computer()

.text._ZN8ComputerD0Ev
                0x00000000c0025056       0x2a
 .text._ZN8ComputerD0Ev
                0x00000000c0025056       0x2a core/computer.32
                0x00000000c0025056                Computer::~Computer()

.text._Z10idleCommonv
                0x00000000c0025080       0x15
 .text._Z10idleCommonv
                0x00000000c0025080       0x15 core/idle.32
                0x00000000c0025080                idleCommon()

.text._ZN3CPU7readCR3Ev
                0x00000000c0025095       0x12
 .text._ZN3CPU7readCR3Ev
                0x00000000c0025095       0x12 core/kheap.32
                0x00000000c0025095                CPU::readCR3()

.text._ZN3CPU8writeCR3Em
                0x00000000c00250a7        0x9
 .text._ZN3CPU8writeCR3Em
                0x00000000c00250a7        0x9 core/kheap.32
                0x00000000c00250a7                CPU::writeCR3(unsigned long)

.text._ZN10LinkedListI8UnixFileED2Ev
                0x00000000c00250b0        0x2
 .text._ZN10LinkedListI8UnixFileED2Ev
                0x00000000c00250b0        0x2 core/unixfile.32
                0x00000000c00250b0                LinkedList<UnixFile>::~LinkedList()
                0x00000000c00250b0                LinkedList<UnixFile>::~LinkedList()

.text._ZN10LinkedListI8UnixFileEC2Ev
                0x00000000c00250b2       0x58
 .text._ZN10LinkedListI8UnixFileEC2Ev
                0x00000000c00250b2       0x58 core/unixfile.32
                0x00000000c00250b2                LinkedList<UnixFile>::LinkedList()
                0x00000000c00250b2                LinkedList<UnixFile>::LinkedList()

.text._ZN10LinkedListI8UnixFileE10addElementEPS0_
                0x00000000c002510a       0xd3
 .text._ZN10LinkedListI8UnixFileE10addElementEPS0_
                0x00000000c002510a       0xd3 core/unixfile.32
                0x00000000c002510a                LinkedList<UnixFile>::addElement(UnixFile*)

.text._ZN10LinkedListI8UnixFileE15getFirstElementEv
                0x00000000c00251de        0x7
 .text._ZN10LinkedListI8UnixFileE15getFirstElementEv
                0x00000000c00251de        0x7 core/unixfile.32
                0x00000000c00251de                LinkedList<UnixFile>::getFirstElement()

.text._ZN10LinkedListI8UnixFileE11removeFirstEv
                0x00000000c00251e6       0xa1
 .text._ZN10LinkedListI8UnixFileE11removeFirstEv
                0x00000000c00251e6       0xa1 core/unixfile.32
                0x00000000c00251e6                LinkedList<UnixFile>::removeFirst()

.text._ZN10LinkedListI8UnixFileE7getNextEPS0_
                0x00000000c0025288        0x8
 .text._ZN10LinkedListI8UnixFileE7getNextEPS0_
                0x00000000c0025288        0x8 core/unixfile.32
                0x00000000c0025288                LinkedList<UnixFile>::getNext(UnixFile*)

.text._ZN16DriverlessDeviceD2Ev
                0x00000000c0025290       0x1a
 .text._ZN16DriverlessDeviceD2Ev
                0x00000000c0025290       0x1a hal/device.32
                0x00000000c0025290                DriverlessDevice::~DriverlessDevice()
                0x00000000c0025290                DriverlessDevice::~DriverlessDevice()

.text._ZN16DriverlessDeviceD0Ev
                0x00000000c00252aa       0x2a
 .text._ZN16DriverlessDeviceD0Ev
                0x00000000c00252aa       0x2a hal/device.32
                0x00000000c00252aa                DriverlessDevice::~DriverlessDevice()

.text._ZN10LinkedListI6DeviceE10addElementEPS0_
                0x00000000c00252d4       0xdc
 .text._ZN10LinkedListI6DeviceE10addElementEPS0_
                0x00000000c00252d4       0xdc hal/device.32
                0x00000000c00252d4                LinkedList<Device>::addElement(Device*)

.text._ZN10LinkedListI6DeviceEC2Ev
                0x00000000c00253b0       0x58
 .text._ZN10LinkedListI6DeviceEC2Ev
                0x00000000c00253b0       0x58 hal/device.32
                0x00000000c00253b0                LinkedList<Device>::LinkedList()
                0x00000000c00253b0                LinkedList<Device>::LinkedList()

.text._ZN3CPU7readCR0Ev
                0x00000000c0025408       0x12
 .text._ZN3CPU7readCR0Ev
                0x00000000c0025408       0x12 hal/fpu.32
                0x00000000c0025408                CPU::readCR0()

.text._ZN3CPU8writeCR0Em
                0x00000000c002541a        0x9
 .text._ZN3CPU8writeCR0Em
                0x00000000c002541a        0x9 hal/fpu.32
                0x00000000c002541a                CPU::writeCR0(unsigned long)

.text._ZN3CPU7readDR0Ev
                0x00000000c0025423       0x12
 .text._ZN3CPU7readDR0Ev
                0x00000000c0025423       0x12 hal/intctrl.32
                0x00000000c0025423                CPU::readDR0()

.text._ZN3CPU7readDR1Ev
                0x00000000c0025435       0x12
 .text._ZN3CPU7readDR1Ev
                0x00000000c0025435       0x12 hal/intctrl.32
                0x00000000c0025435                CPU::readDR1()

.text._ZN3CPU7readDR2Ev
                0x00000000c0025447       0x12
 .text._ZN3CPU7readDR2Ev
                0x00000000c0025447       0x12 hal/intctrl.32
                0x00000000c0025447                CPU::readDR2()

.text._ZN3CPU7readDR3Ev
                0x00000000c0025459       0x12
 .text._ZN3CPU7readDR3Ev
                0x00000000c0025459       0x12 hal/intctrl.32
                0x00000000c0025459                CPU::readDR3()

.text._ZN3CPU7readDR6Ev
                0x00000000c002546b       0x12
 .text._ZN3CPU7readDR6Ev
                0x00000000c002546b       0x12 hal/intctrl.32
                0x00000000c002546b                CPU::readDR6()

.text._ZN3CPU7readDR7Ev
                0x00000000c002547d       0x12
 .text._ZN3CPU7readDR7Ev
                0x00000000c002547d       0x12 hal/intctrl.32
                0x00000000c002547d                CPU::readDR7()

.text._ZN10LinkedListIV18ThreadControlBlockE15getFirstElementEv
                0x00000000c0025490        0x7