Archive member included to satisfy reference by file (symbol)

/cygdrive/d/Users/Alex/Desktop/Toolchain/Output/bin/../lib/gcc/i386-banana/8.1.0/libkgcc.a(_divdi3.o)
                              fs/fat/ff.32 (__divdi3)
/cygdrive/d/Users/Alex/Desktop/Toolchain/Output/bin/../lib/gcc/i386-banana/8.1.0/libkgcc.a(_moddi3.o)
                              compat/resolve.32 (__moddi3)
/cygdrive/d/Users/Alex/Desktop/Toolchain/Output/bin/../lib/gcc/i386-banana/8.1.0/libkgcc.a(_udivdi3.o)
                              fs/fat/ff.32 (__udivdi3)
/cygdrive/d/Users/Alex/Desktop/Toolchain/Output/bin/../lib/gcc/i386-banana/8.1.0/libkgcc.a(_umoddi3.o)
                              compat/resolve.32 (__umoddi3)

Discarded input sections

 .comment       0x0000000000000000       0x12 /cygdrive/d/Users/Alex/Desktop/Toolchain/Output/bin/../lib/gcc/i386-banana/8.1.0/crtbegin.o
 .comment       0x0000000000000000       0x12 acpica/utclib.32
 .comment       0x0000000000000000       0x12 core/malloc.32
 .comment       0x0000000000000000       0x12 libk/string.32
 .comment       0x0000000000000000       0x12 fs/fat/diskio.32
 .comment       0x0000000000000000       0x12 fs/fat/ff.32
 .comment       0x0000000000000000       0x12 fs/fat/ffsystem.32
 .comment       0x0000000000000000       0x12 fs/fat/ffunicode.32
 .comment       0x0000000000000000       0x12 compat/inlines.32
 .comment       0x0000000000000000       0x12 compat/resolve.32
 .group         0x0000000000000000       0x14 core/computer.32
 .group         0x0000000000000000        0xc core/computer.32
 .comment       0x0000000000000000       0x12 core/computer.32
 .comment       0x0000000000000000       0x12 core/gdt.32
 .group         0x0000000000000000        0xc core/idle.32
 .comment       0x0000000000000000       0x12 core/idle.32
 .comment       0x0000000000000000       0x12 core/idt.32
 .comment       0x0000000000000000       0x12 core/kheap.32
 .comment       0x0000000000000000       0x12 core/main.32
 .comment       0x0000000000000000       0x12 core/physmgr.32
 .group         0x0000000000000000        0xc core/pipe.32
 .comment       0x0000000000000000       0x12 core/pipe.32
 .group         0x0000000000000000        0xc core/terminal.32
 .comment       0x0000000000000000       0x12 core/terminal.32
 .comment       0x0000000000000000       0x12 core/tss.32
 .group         0x0000000000000000        0x8 core/unixfile.32
 .group         0x0000000000000000        0x8 core/unixfile.32
 .group         0x0000000000000000        0xc core/unixfile.32
 .group         0x0000000000000000        0x8 core/unixfile.32
 .group         0x0000000000000000        0xc core/unixfile.32
 .group         0x0000000000000000        0x8 core/unixfile.32
 .group         0x0000000000000000        0xc core/unixfile.32
 .group         0x0000000000000000        0xc core/unixfile.32
 .comment       0x0000000000000000       0x12 core/unixfile.32
 .comment       0x0000000000000000       0x12 core/virtmgr.32
 .comment       0x0000000000000000       0x12 coreobjs/c++.32
 .comment       0x0000000000000000       0x12 dbg/kconsole.32
 .group         0x0000000000000000        0xc fs/vfs.32
 .group         0x0000000000000000        0xc fs/vfs.32
 .group         0x0000000000000000        0xc fs/vfs.32
 .comment       0x0000000000000000       0x12 fs/vfs.32
 .group         0x0000000000000000        0xc hal/bus.32
 .comment       0x0000000000000000       0x12 hal/bus.32
 .group         0x0000000000000000        0xc hal/buzzer.32
 .comment       0x0000000000000000       0x12 hal/buzzer.32
 .group         0x0000000000000000        0xc hal/clock.32
 .comment       0x0000000000000000       0x12 hal/clock.32
 .group         0x0000000000000000       0x14 hal/device.32
 .group         0x0000000000000000        0xc hal/device.32
 .group         0x0000000000000000        0x8 hal/device.32
 .group         0x0000000000000000        0xc hal/device.32
 .group         0x0000000000000000        0xc hal/device.32
 .comment       0x0000000000000000       0x12 hal/device.32
 .group         0x0000000000000000        0xc hal/diskctrl.32
 .comment       0x0000000000000000       0x12 hal/diskctrl.32
 .group         0x0000000000000000        0xc hal/diskphys.32
 .comment       0x0000000000000000       0x12 hal/diskphys.32
 .group         0x0000000000000000        0xc hal/fpu.32
 .comment       0x0000000000000000       0x12 hal/fpu.32
 .group         0x0000000000000000        0xc hal/intctrl.32
 .comment       0x0000000000000000       0x12 hal/intctrl.32
 .group         0x0000000000000000        0xc hal/keybrd.32
 .comment       0x0000000000000000       0x12 hal/keybrd.32
 .group         0x0000000000000000        0xc hal/logidisk.32
 .comment       0x0000000000000000       0x12 hal/logidisk.32
 .group         0x0000000000000000        0xc hal/mouse.32
 .comment       0x0000000000000000       0x12 hal/mouse.32
 .comment       0x0000000000000000       0x12 hal/partition.32
 .group         0x0000000000000000        0xc hal/serial.32
[...]
Memory Configuration

Name             Origin             Length             Attributes
*default*        0x0000000000000000 0xffffffffffffffff

Linker script and memory map

LOAD D:/Users/Alex/Desktop/Banana/kernel/boot.32
LOAD crti.32
LOAD /cygdrive/d/Users/Alex/Desktop/Toolchain/Output/bin/../lib/gcc/i386-banana/8.1.0/crtbegin.o
LOAD D:/Users/Alex/Desktop/Banana/kernel/morenasm.32
LOAD acpica/utclib.32
LOAD core/malloc.32
LOAD libk/string.32
LOAD fs/fat/diskio.32
LOAD fs/fat/ff.32
LOAD fs/fat/ffsystem.32
LOAD fs/fat/ffunicode.32
LOAD compat/inlines.32
LOAD compat/resolve.32
LOAD core/computer.32
LOAD core/gdt.32
LOAD core/idle.32
LOAD core/idt.32
LOAD core/kheap.32
LOAD core/main.32
LOAD core/physmgr.32
LOAD core/pipe.32
LOAD core/terminal.32
LOAD core/tss.32
LOAD core/unixfile.32
LOAD core/virtmgr.32
LOAD coreobjs/c++.32
LOAD dbg/kconsole.32
LOAD fs/vfs.32
LOAD hal/bus.32
LOAD hal/buzzer.32
LOAD hal/clock.32
LOAD hal/device.32
LOAD hal/diskctrl.32
LOAD hal/diskphys.32
LOAD hal/fpu.32
LOAD hal/intctrl.32
LOAD hal/keybrd.32
LOAD hal/logidisk.32
LOAD hal/mouse.32
LOAD hal/partition.32
LOAD hal/serial.32
LOAD hal/timer.32
LOAD hal/vcache.32
LOAD hal/video.32
LOAD hw/acpi.32
LOAD hw/cpu.32
LOAD hw/ports.32
LOAD hw/smp.32
LOAD krnl/env.32
LOAD krnl/panic.32
LOAD krnl/powctrl.32
LOAD net/ethernet.32
LOAD reg/registry.32
LOAD sys/sc_eject.32
LOAD sys/sc_exit.32
LOAD sys/sc_getcwd.32
LOAD sys/sc_getpid.32
LOAD sys/sc_getramdata.32
LOAD sys/sc_getvgaptr.32
LOAD sys/sc_loaddll.32
LOAD sys/sc_read.32
LOAD sys/sc_sbrk.32
LOAD sys/sc_setcwd.32
LOAD sys/sc_settime.32
LOAD sys/sc_timezone.32
LOAD sys/sc_write.32
LOAD sys/sc_wsbe.32
LOAD sys/sc_yield.32
LOAD sys/syscalls.32
LOAD thr/elf.32
LOAD thr/prcssthr.32
LOAD vm86/vm8086.32
LOAD vm86/x87em.32
LOAD fs/fat/vfslink.32
LOAD fs/iso9660/vfslink.32
LOAD hal/sound/sndcard.32
LOAD hal/sound/sndport.32
LOAD hw/bus/isa.32
LOAD hw/bus/pci.32
LOAD hw/diskctrl/ide.32
LOAD hw/diskctrl/satabus.32
LOAD hw/diskphys/ata.32
LOAD hw/diskphys/atapi.32
LOAD hw/diskphys/sata.32
LOAD hw/diskphys/satapi.32
LOAD hw/fpu/avx.32
LOAD hw/fpu/mmx.32
LOAD hw/fpu/sse.32
LOAD hw/fpu/x87.32
LOAD hw/intctrl/apic.32
LOAD hw/intctrl/pic.32
LOAD hw/timer/apictimer.32
LOAD hw/timer/pit.32
LOAD hw/fpu/x86/avx.32
LOAD hw/fpu/x86/sse.32
LOAD hw/fpu/x86/x87.32
LOAD /cygdrive/d/Users/Alex/Desktop/Toolchain/Output/bin/../lib/gcc/i386-banana/8.1.0/crtend.o
LOAD crtn.32
LOAD /cygdrive/d/Users/Alex/Desktop/Toolchain/Output/bin/../lib/gcc/i386-banana/8.1.0/libkgcc.a
LOAD D:/Users/Alex/Desktop/Banana/kernel/libsoftfp.a
LOAD D:/Users/Alex/Desktop/Banana/kernel/libk/libm32.a
                0x00000000c0000000                . = 0xc0000000

.text           0x00000000c0000000    0x2303a
 *(.text)
 .text          0x00000000c0000000       0x41 D:/Users/Alex/Desktop/Banana/kernel/boot.32
                0x00000000c0000020                callGlobalConstructors
 .text          0x00000000c0000041        0x0 crti.32
 *fill*         0x00000000c0000041        0x3 
 .text          0x00000000c0000044      0x101 /cygdrive/d/Users/Alex/Desktop/Toolchain/Output/bin/../lib/gcc/i386-banana/8.1.0/crtbegin.o
 *fill*         0x00000000c0000145        0xb 
 .text          0x00000000c0000150      0x430 D:/Users/Alex/Desktop/Banana/kernel/morenasm.32
                0x00000000c0000150                manualPCIProbe
                0x00000000c000019b                prepareTramp
                0x00000000c00001b4                doTPAUSE
                0x00000000c00001be                hasLegacyFPU
                0x00000000c00001e3                is486
                0x00000000c0000219                detectCPUID
                0x00000000c000022f                goToVM86
                0x00000000c000025f                goToUsermode
                0x00000000c0000289                switchToThreadASMFirstTime
                0x00000000c0000297                switchToThreadASM
                0x00000000c0000327                asmQuickAcquireLock
                0x00000000c0000345                asmQuickReleaseLock
                0x00000000c0000351                asmAcquireLock
                0x00000000c0000372                asmReleaseLock
                0x00000000c0000385                loadGDT
                0x00000000c00003a5                isr0
                0x00000000c00003b5                isr1
                0x00000000c00003bf                isr2
                0x00000000c00003c9                isr3
                0x00000000c00003d3                isr4
                0x00000000c00003dd                isr5
                0x00000000c00003e7                isr6
                0x00000000c00003f1                isr7
                0x00000000c00003fb                isr8
                0x00000000c0000403                isr9
                0x00000000c000040d                isr10
                0x00000000c0000415                isr11
                0x00000000c000041d                isr12
                0x00000000c0000425                isr13
                0x00000000c000042d                isr14
                0x00000000c0000435                isr15
                0x00000000c000043f                isr16
                0x00000000c0000449                isr17
                0x00000000c0000453                isr18
                0x00000000c000045d                irq3
                0x00000000c0000467                irq4
                0x00000000c0000471                irq5
                0x00000000c000047b                irq6
                0x00000000c0000485                irq7
                0x00000000c000048f                irq8
                0x00000000c0000499                irq9
                0x00000000c00004a3                irq10
                0x00000000c00004ad                irq11
                0x00000000c00004b7                irq12
                0x00000000c00004c1                irq13
                0x00000000c00004cb                irq14
                0x00000000c00004d5                irq15
                0x00000000c00004df                irq1
                0x00000000c00004e6                irq2
                0x00000000c00004ed                isr96
                0x00000000c00004f4                irq0
                0x00000000c00004f9                int_common_stub
                0x00000000c00004f9                syscall_common_stub
                0x00000000c000052b                irq16
                0x00000000c0000535                irq17
                0x00000000c000053f                irq18
                0x00000000c0000549                irq19
                0x00000000c0000553                irq20
                0x00000000c000055d                irq21
                0x00000000c0000567                irq22
                0x00000000c0000571                irq23
                0x00000000c000057b                memcpy
 .text          0x00000000c0000580      0x5dd acpica/utclib.32
                0x00000000c0000580                memcmp
                0x00000000c00005bc                memmove
                0x00000000c0000684                memset
                0x00000000c00006a0                strlen
                0x00000000c00006b8                strpbrk
                0x00000000c00006f4                strtok
                0x00000000c0000740                strcpy
                0x00000000c0000764                strncpy
                0x00000000c00007cc                strcmp
                0x00000000c000080c                strchr
                0x00000000c0000830                strncmp
                0x00000000c0000880                strcat
                0x00000000c00008b0                strncat
                0x00000000c00008ec                strstr
                0x00000000c0000934                toupper
                0x00000000c0000948                tolower
                0x00000000c000095c                simple_strtoul
 .text          0x00000000c0000b5d      0xfad core/malloc.32
                0x00000000c0000cc8                dlfree
                0x00000000c0001023                dlmalloc
                0x00000000c0001560                dlrealloc
                0x00000000c0001703                dlmemalign
                0x00000000c0001826                dlcalloc
                0x00000000c00018c0                dlcfree
                0x00000000c00018c5                dlindependent_calloc
                0x00000000c00018ea                dlindependent_comalloc
                0x00000000c0001901                dlvalloc
                0x00000000c000192c                dlpvalloc
                0x00000000c0001962                dlmalloc_trim
                0x00000000c000196f                dlmalloc_usable_size
                0x00000000c00019a0                dlmallinfo
                0x00000000c0001a6f                dlmalloc_stats
                0x00000000c0001a80                dlmallopt
 .text          0x00000000c0001b0a        0x0 libk/string.32
 .text          0x00000000c0001b0a       0x51 fs/fat/diskio.32
                0x00000000c0001b0a                disk_status
                0x00000000c0001b0d                disk_initialize
                0x00000000c0001b10                disk_read
                0x00000000c0001b26                disk_write
                0x00000000c0001b3c                disk_ioctl
 .text          0x00000000c0001b5b     0x6a69 fs/fat/ff.32
                0x00000000c0004e29                f_mount
                0x00000000c0004e8b                f_open
                0x00000000c00052c7                f_read
                0x00000000c0005547                f_write
                0x00000000c0005801                f_sync
                0x00000000c00059dd                f_close
                0x00000000c0005a0c                f_lseek
                0x00000000c0005ec3                f_opendir
                0x00000000c0005fc5                f_closedir
                0x00000000c0005fe7                f_readdir
                0x00000000c0006082                f_stat
                0x00000000c0006111                f_getfree
                0x00000000c00062dc                f_truncate
                0x00000000c00063d4                f_unlink
                0x00000000c0006557                f_mkdir
                0x00000000c0006783                f_rename
                0x00000000c0006a76                f_chmod
                0x00000000c0006b54                f_utime
                0x00000000c0006c32                f_getlabel
                0x00000000c0006e20                f_setlabel
                0x00000000c000708d                f_expand
                0x00000000c00072c3                f_forward
                0x00000000c00074a1                f_mkfs
 .text          0x00000000c00085c4       0x2f fs/fat/ffsystem.32
                0x00000000c00085c4                ff_memalloc
                0x00000000c00085dc                ff_memfree
 *fill*         0x00000000c00085f3        0x1 
 .text          0x00000000c00085f4      0x274 fs/fat/ffunicode.32
                0x00000000c00085f4                ff_uni2oem
                0x00000000c000868c                ff_oem2uni
                0x00000000c0008700                ff_wtoupper
 .text          0x00000000c0008868       0xa7 compat/inlines.32
                0x00000000c0008868                CPU::current()
                0x00000000c0008874                operator new(unsigned long)
                0x00000000c0008879                operator delete(void*)
                0x00000000c000887e                disableIRQs()
                0x00000000c0008886                enableIRQs()
                0x00000000c0008895                lockScheduler()
                0x00000000c000889d                unlockScheduler()
                0x00000000c00088ac                lockStuff()
                0x00000000c00088ba                unlockStuff()
                0x00000000c00088f4                Virt::getAKernelVAS()
                0x00000000c00088fa                __not_memcpy
 *fill*         0x00000000c000890f        0x1 
 .text          0x00000000c0008910      0x118 compat/resolve.32
                0x00000000c0008910                Krnl::resolveCompatibilitySymbol(char*)
 .text          0x00000000c0008a28      0xb8d core/computer.32
                0x00000000c0008a28                Computer::close(int, int, void*)
                0x00000000c0008a6c                Krnl::firstTask()
                0x00000000c0008bc0                Computer::Computer()
                0x00000000c0008bc0                Computer::Computer()
                0x00000000c0008d1c                Computer::setBootMessage(char const*)
                0x00000000c0008d1e                Computer::detectFeatures()
                0x00000000c0008f28                Computer::displayFeatures()
                0x00000000c000926e                Computer::rdmsr(unsigned int)
                0x00000000c000929a                Computer::wrmsr(unsigned int, unsigned long long)
                0x00000000c00092d2                Computer::shutdown()
                0x00000000c00092ea                Computer::restart()
                0x00000000c0009302                Computer::sleep()
                0x00000000c0009316                Computer::nmiEnabled()
                0x00000000c0009322                Computer::readCMOS(unsigned char)
                0x00000000c000933c                Computer::enableNMI(bool)
                0x00000000c0009354                Computer::open(int, int, void*)
                0x00000000c00094f8                Computer::disableNMI()
                0x00000000c0009506                Computer::writeCMOS(unsigned char, unsigned char)
                0x00000000c0009524                Computer::handleNMI()
                0x00000000c000958a                Computer::setDiskActivityLight(int, bool)
 *fill*         0x00000000c00095b5        0x1 
 .text          0x00000000c00095b6      0x19d core/gdt.32
                0x00000000c00095b6                GDTEntry::setBase(unsigned int)
                0x00000000c00095d2                GDTEntry::setLimit(unsigned int)
                0x00000000c00095f0                GDT::GDT()
                0x00000000c00095f0                GDT::GDT()
                0x00000000c0009606                GDT::addEntry(GDTEntry)
                0x00000000c0009628                GDT::getNumberOfEntries()
                0x00000000c0009630                GDT::flush()
                0x00000000c0009652                GDT::setup()
 .text          0x00000000c0009753       0x6b core/idle.32
                0x00000000c0009753                idleFunction(void*)
 *fill*         0x00000000c00097be        0x2 
 .text          0x00000000c00097c0      0x464 core/idt.32
                0x00000000c00097c0                IDTEntry::IDTEntry(bool)
                0x00000000c00097c0                IDTEntry::IDTEntry(bool)
                0x00000000c0009832                IDTEntry::setOffset(unsigned int)
                0x00000000c0009848                IDT::IDT()
                0x00000000c0009848                IDT::IDT()
                0x00000000c000984a                IDT::getPointerToInvalidOpcodeEntryForF00F()
                0x00000000c0009852                IDT::addEntry(IDTEntry, int)
                0x00000000c000986c                IDT::addEntry(int, void (*)(), bool)
                0x00000000c00098a4                IDT::flush()
                0x00000000c00098be                IDT::setup()
 .text          0x00000000c0009c24      0x191 core/kheap.32
                0x00000000c0009c24                sbrk
                0x00000000c0009cc7                mmap
                0x00000000c0009cdd                munmap
                0x00000000c0009cf3                liballoc_lock()
                0x00000000c0009d00                liballoc_unlock()
                0x00000000c0009d14                liballoc_alloc(int)
                0x00000000c0009d2c                liballoc_free(void*, int)
                0x00000000c0009d47                realloc
                0x00000000c0009d5b                malloc
                0x00000000c0009d6b                free
                0x00000000c0009d7b                rfree
                0x00000000c0009d8b                calloc
 .text          0x00000000c0009db5      0x437 core/main.32
                0x00000000c0009db5                Krnl::setBootMessage(char const*)
                0x00000000c0009e21                kernel_main
 .text          0x00000000c000a1ec      0x673 core/physmgr.32
                0x00000000c000a1ec                Phys::allocateDMA(unsigned long)
                0x00000000c000a2fb                Phys::freeDMA(unsigned long, unsigned long)
                0x00000000c000a341                Phys::setPageState(unsigned long, bool)
                0x00000000c000a373                Phys::getPageState(unsigned long)
                0x00000000c000a38f                Phys::freePage(unsigned long)
                0x00000000c000a412                Phys::allocatePage()
                0x00000000c000a4fd                Phys::allocateContiguousPages(int)
                0x00000000c000a559                Phys::allowSegmentToBeUsed(unsigned long, unsigned long)
                0x00000000c000a591                Phys::physicalMemorySetup(unsigned int)
 *fill*         0x00000000c000a85f        0x1 
 .text          0x00000000c000a860      0x273 core/pipe.32
                0x00000000c000a860                Pipe::isAtty()
                0x00000000c000a864                Pipe::~Pipe()
                0x00000000c000a864                Pipe::~Pipe()
                0x00000000c000a888                Pipe::~Pipe()
                0x00000000c000a8b0                Pipe::read(unsigned long long, void*, int*)
                0x00000000c000a9ac                Pipe::write(unsigned long long, void*, int*)
                0x00000000c000aa6c                Pipe::Pipe(int)
                0x00000000c000aa6c                Pipe::Pipe(int)
 *fill*         0x00000000c000aad3        0x1 
 .text          0x00000000c000aad4      0xb8f core/terminal.32
                0x00000000c000aad4                VgaText::isAtty()
                0x00000000c000aad8                VgaText::~VgaText()
                0x00000000c000aad8                VgaText::~VgaText()
                0x00000000c000aafc                VgaText::~VgaText()
                0x00000000c000ab26                VgaText::read(unsigned long long, void*, int*)
                0x00000000c000ab46                setTerminalScrollLock(bool)
                0x00000000c000ab47                addToTerminalCycle(VgaText*)
                0x00000000c000ab68                installVgaTextImplementation()
                0x00000000c000ab7d                scrollTerminalScrollLock(int)
                0x00000000c000ab7e                VgaText::updateTitle()
                0x00000000c000abbc                VgaText::load()
                0x00000000c000ac0a                VgaText::updateCursor()
                0x00000000c000ac20                VgaText::doANSI_SGR(int)
                0x00000000c000ac94                VgaText::setDefaultBgColour(VgaColour)
                0x00000000c000aca4                VgaText::setDefaultFgColour(VgaColour)
                0x00000000c000acb4                VgaText::setDefaultColours(VgaColour, VgaColour)
                0x00000000c000acd4                VgaText::setTitleTextColour(VgaColour)
                0x00000000c000ace4                VgaText::setTitleColour(VgaColour)
                0x00000000c000acf4                VgaText::setTitle(char*)
                0x00000000c000ad1a                VgaText::combineColours(unsigned char, unsigned char)
                0x00000000c000ad2c                VgaText::scrollScreen()
                0x00000000c000adc0                VgaText::combineCharAndColour(char, unsigned char)
                0x00000000c000add2                VgaText::writeCharacter(char, VgaColour, VgaColour, int, int)
                0x00000000c000ae2e                VgaText::getCursorX()
                0x00000000c000ae36                VgaText::getCursorY()
                0x00000000c000ae3e                VgaText::setCursor(int, int)
                0x00000000c000ae55                setActiveTerminal(VgaText*)
                0x00000000c000aeb7                doTerminalCycle()
                0x00000000c000aed2                VgaText::setCursorX(int)
                0x00000000c000aeea                VgaText::setCursorY(int)
                0x00000000c000af02                VgaText::incrementCursor(bool)
                0x00000000c000af56                VgaText::decrementCursor(bool)
                0x00000000c000af78                VgaText::putchar(char, VgaColour, VgaColour)
                0x00000000c000b050                VgaText::doUpdate()
                0x00000000c000b05e                VgaText::puts(char const*, VgaColour, VgaColour)
                0x00000000c000b1d6                VgaText::clearScreen()
                0x00000000c000b230                VgaText::putchar(char)
                0x00000000c000b31c                VgaText::putx(unsigned int)
                0x00000000c000b362                VgaText::puts(char const*)
                0x00000000c000b388                VgaText::VgaText(char const*)
                0x00000000c000b388                VgaText::VgaText(char const*)
                0x00000000c000b504                VgaText::receiveKey(unsigned char)
                0x00000000c000b5ea                VgaText::write(unsigned long long, void*, int*)
                0x00000000c000b63e                newTerminal(char*)
 *fill*         0x00000000c000b663        0x1 
 .text          0x00000000c000b664      0x1a1 core/tss.32
                0x00000000c000b664                TSS::TSS()
                0x00000000c000b664                TSS::TSS()
                0x00000000c000b674                TSS::setESP(unsigned long)
                0x00000000c000b688                TSS::flush()
                0x00000000c000b6a8                TSS::setup(unsigned long, unsigned long)
 *fill*         0x00000000c000b805        0x1 
 .text          0x00000000c000b806      0x4c2 core/unixfile.32
                0x00000000c000b806                ReservedFilename::read(unsigned long long, void*, int*)
                0x00000000c000b85c                ReservedFilename::isAtty()
                0x00000000c000b878                ReservedFilename::write(unsigned long long, void*, int*)
                0x00000000c000b8d6                UnixFile::getFileDescriptor()
                0x00000000c000b8de                UnixFile::UnixFile(int)
                0x00000000c000b8de                UnixFile::UnixFile(int)
                0x00000000c000ba8e                ReservedFilename::ReservedFilename(int)
                0x00000000c000ba8e                ReservedFilename::ReservedFilename(int)
                0x00000000c000bac0                UnixFile::~UnixFile()
                0x00000000c000bac0                UnixFile::~UnixFile()
                0x00000000c000bb58                UnixFile::~UnixFile()
                0x00000000c000bb80                ReservedFilename::~ReservedFilename()
                0x00000000c000bb80                ReservedFilename::~ReservedFilename()
                0x00000000c000bba4                ReservedFilename::~ReservedFilename()
                0x00000000c000bbcb                getFromFileDescriptor(int)
 .text          0x00000000c000bcc8     0x1218 core/virtmgr.32
                0x00000000c000bcc8                Virt::setPageState(unsigned long, Virt::VirtPageState)
                0x00000000c000bcfd                Virt::getPageState(unsigned long)
                0x00000000c000bd21                Virt::allocateKernelVirtualPages(int)
                0x00000000c000be32                Virt::freeSwapfilePage(unsigned long)
                0x00000000c000be50                Virt::swapIDToSector(unsigned long)
                0x00000000c000be62                Virt::allocateSwapfilePage()
                0x00000000c000bee0                Virt::virtualMemorySetup()
                0x00000000c000bf2b                Virt::setupPageSwapping(int)
                0x00000000c000bf9c                VAS::VAS()
                0x00000000c000bf9c                VAS::VAS()
                0x00000000c000bfd8                VAS::VAS(VAS*)
                0x00000000c000bfd8                VAS::VAS(VAS*)
                0x00000000c000c006                VAS::getForeignPageTableEntry(bool, unsigned long)
                0x00000000c000c032                VAS::getPageTableEntry(unsigned long)
                0x00000000c000c051                Virt::freeKernelVirtualPages(unsigned long)
                0x00000000c000c174                VAS::freeAllocatedPages(unsigned long)
                0x00000000c000c198                VAS::virtualToPhysical(unsigned long)
                0x00000000c000c1b0                VAS::reflagRange(unsigned long, int, int, int)
                0x00000000c000c1f0                VAS::setToWriteCombining(unsigned long, int)
                0x00000000c000c222                VAS::mapOtherVASIn(bool, VAS*)
                0x00000000c000c24c                VAS::~VAS()
                0x00000000c000c24c                VAS::~VAS()
                0x00000000c000c3c8                VAS::mapPage(unsigned long, unsigned long, int)
                0x00000000c000c4ca                VAS::allocatePages(int, int)
                0x00000000c000c6a2                VAS::setCPUSpecific(unsigned long)
                0x00000000c000c6be                VAS::mapRange(unsigned long, unsigned long, int, int)
                0x00000000c000c784                VAS::mapForeignPage(bool, VAS*, unsigned long, unsigned long, int)
                0x00000000c000c872                VAS::VAS(bool)
                0x00000000c000c872                VAS::VAS(bool)
                0x00000000c000caf2                VAS::evict(unsigned long)
                0x00000000c000cbc2                VAS::tryLoadBackOffDisk(unsigned long)
                0x00000000c000ccd6                VAS::scanForEviction()
                0x00000000c000cdb4                mapVASFirstTime
 .text          0x00000000c000cee0       0x95 coreobjs/c++.32
                0x00000000c000cee0                __cxa_atexit
                0x00000000c000cee3                __cxa_finalize
                0x00000000c000cee4                __stack_chk_fail
                0x00000000c000cf50                __cxa_pure_virtual
                0x00000000c000cf61                operator new[](unsigned long)
                0x00000000c000cf66                operator delete(void*, unsigned long)
                0x00000000c000cf6b                operator delete[](void*)
                0x00000000c000cf70                operator delete[](void*, unsigned long)
 .text          0x00000000c000cf75      0x1fc dbg/kconsole.32
                0x00000000c000cf75                Dbg::stringifyxWithBase(unsigned int, char*, int)
                0x00000000c000cfce                Dbg::logc(char)
                0x00000000c000cfee                Dbg::logs(char*)
                0x00000000c000d00b                Dbg::logWriteInt(unsigned int)
                0x00000000c000d028                Dbg::logWriteIntBase(unsigned int, int)
                0x00000000c000d047                Dbg::kprintf(char const*, ...)
 *fill*         0x00000000c000d171        0x1 
 .text          0x00000000c000d172      0xcac fs/vfs.32
                0x00000000c000d172                File::read(unsigned long long, void*, int*)
                0x00000000c000d1ca                File::write(unsigned long long, void*, int*)
                0x00000000c000d222                Directory::read(unsigned long long, void*, int*)
                0x00000000c000d27a                Directory::write(unsigned long long, void*, int*)
                0x00000000c000d2a8                File::isAtty()
                0x00000000c000d2ac                Directory::isAtty()
                0x00000000c000d2b0                Filesystem::getlabel(LogicalDisk*, int, char*, unsigned int*)
                0x00000000c000d2b6                Filesystem::setlabel(LogicalDisk*, int, char*)
                0x00000000c000d2bc                Filesystem::allocateSwapfile(char const*, int)
                0x00000000c000d2c2                File::~File()
                0x00000000c000d2c2                File::~File()
                0x00000000c000d2e6                File::~File()
                0x00000000c000d310                Directory::~Directory()
                0x00000000c000d310                Directory::~Directory()
                0x00000000c000d334                Directory::~Directory()
                0x00000000c000d35e                Filesystem::Filesystem()
                0x00000000c000d35e                Filesystem::Filesystem()
                0x00000000c000d382                Filesystem::~Filesystem()
                0x00000000c000d382                Filesystem::~Filesystem()
                0x00000000c000d390                Filesystem::~Filesystem()
                0x00000000c000d3b4                Fs::getcwd(Process*, char*, int)
                0x00000000c000d3de                Fs::initVFS()
                0x00000000c000d408                Fs::standardiseFiles(char*, char const*, char const*)
                0x00000000c000d5b2                File::File(char const*, Process*)
                0x00000000c000d5b2                File::File(char const*, Process*)
                0x00000000c000d68c                File::open(FileOpenMode)
                0x00000000c000d6ea                File::close()
                0x00000000c000d74a                File::seek(unsigned long long)
                0x00000000c000d7a0                File::tell(unsigned long long*)
                0x00000000c000d7f0                File::rewind()
                0x00000000c000d804                File::unlink()
                0x00000000c000d850                File::rename(char const*)
                0x00000000c000d89e                File::chfatattr(unsigned char, unsigned char)
                0x00000000c000d8fa                File::exists()
                0x00000000c000d938                File::stat(unsigned long long*, bool*)
                0x00000000c000d999                Fs::setcwd(Process*, char*)
                0x00000000c000db12                Directory::Directory(char const*, Process*)
                0x00000000c000db12                Directory::Directory(char const*, Process*)
                0x00000000c000dbec                Directory::open()
                0x00000000c000dc48                Directory::close()
                0x00000000c000dca8                Directory::unlink()
                0x00000000c000dcf4                Directory::rename(char const*)
                0x00000000c000dd42                Directory::exists()
                0x00000000c000dd80                Directory::read(dirent*)
                0x00000000c000ddcc                Directory::create()
                0x00000000c000de18                Filesystem::chfatattr(char const*, unsigned char, unsigned char)
 *fill*         0x00000000c000de1e        0x2 
 .text          0x00000000c000de20       0x86 hal/bus.32
                0x00000000c000de20                Bus::Bus(char const*)
                0x00000000c000de20                Bus::Bus(char const*)
                0x00000000c000de58                Bus::~Bus()
                0x00000000c000de58                Bus::~Bus()
                0x00000000c000de7c                Bus::~Bus()
 *fill*         0x00000000c000dea6        0x2 
 .text          0x00000000c000dea8      0x153 hal/buzzer.32
                0x00000000c000dea8                Buzzer::Buzzer(char const*)
                0x00000000c000dea8                Buzzer::Buzzer(char const*)
                0x00000000c000deec                Buzzer::~Buzzer()
                0x00000000c000deec                Buzzer::~Buzzer()
                0x00000000c000df10                Buzzer::~Buzzer()
                0x00000000c000df3a                Buzzer::stop()
                0x00000000c000df4d                beepThread(void*)
                0x00000000c000df8e                Buzzer::beep(int, int, bool)
 *fill*         0x00000000c000dffb        0x1 
 .text          0x00000000c000dffc      0x467 hal/clock.32
                0x00000000c000dffc                User::loadClockSettings(int)
                0x00000000c000e04e                Clock::Clock(char const*)
                0x00000000c000e04e                Clock::Clock(char const*)
                0x00000000c000e084                Clock::~Clock()
                0x00000000c000e084                Clock::~Clock()
                0x00000000c000e0a8                Clock::~Clock()
                0x00000000c000e0d2                Clock::timeInSecondsLocal()
                0x00000000c000e11a                Clock::setTimeInSecondsLocal(unsigned long long)
                0x00000000c000e173                datetimeToSeconds(datetime_t)
                0x00000000c000e29a                Clock::setTimeInDatetimeLocal(datetime_t)
                0x00000000c000e2fa                secondsToDatetime(unsigned long long)
                0x00000000c000e43e                Clock::timeInDatetimeLocal()
 *fill*         0x00000000c000e463        0x1 
 .text          0x00000000c000e464      0x504 hal/device.32
                0x00000000c000e464                Device::hibernate()
                0x00000000c000e466                Device::wake()
                0x00000000c000e468                Device::detect()
                0x00000000c000e46a                Device::disableLegacy()
                0x00000000c000e46c                Device::powerSaving(PowerSavingLevel)
                0x00000000c000e46e                DriverlessDevice::close(int, int, void*)
                0x00000000c000e472                DriverlessDevice::detect()
                0x00000000c000e474                DriverlessDevice::open(int, int, void*)
                0x00000000c000e488                Device::~Device()
                0x00000000c000e488                Device::~Device()
                0x00000000c000e496                Device::~Device()
                0x00000000c000e4be                Device::findAndLoadDriver()
                0x00000000c000e4cc                Device::preOpenPCI(PCIDeviceInfo)
                0x00000000c000e4f2                Device::preOpenACPI(void*, char*, char*)
                0x00000000c000e532                Device::addIRQHandler(int, void (*)(regs*, void*), bool, void*)
                0x00000000c000e570                Device::getParent()
                0x00000000c000e57c                Device::removeIRQHandler(int, void (*)(regs*, void*), bool)
                0x00000000c000e5ba                Device::addChild(Device*)
                0x00000000c000e5fe                Device::removeAllChildren()
                0x00000000c000e644                Device::hibernateAll()
                0x00000000c000e674                Device::wakeAll()
                0x00000000c000e6a4                Device::detectAll()
                0x00000000c000e6d4                Device::disableLegacyAll()
                0x00000000c000e704                Device::loadDriversForAll()
                0x00000000c000e744                Device::closeAll()
                0x00000000c000e77a                Device::powerSavingAll(PowerSavingLevel)
                0x00000000c000e7b0                Device::setName(char const*)
                0x00000000c000e7be                Device::Device(char const*)
                0x00000000c000e7be                Device::Device(char const*)
                0x00000000c000e8ba                Device::getName()
                0x00000000c000e8c4                DriverlessDevice::DriverlessDevice(char const*)
                0x00000000c000e8c4                DriverlessDevice::DriverlessDevice(char const*)
                0x00000000c000e8fa                Device::addToLinkedList(LinkedList<Device>&, DeviceType)
                0x00000000c000e93e                getDevicesOfType(DeviceType)
 .text          0x00000000c000e968       0x86 hal/diskctrl.32
                0x00000000c000e968                HardDiskController::HardDiskController(char const*)
                0x00000000c000e968                HardDiskController::HardDiskController(char const*)
                0x00000000c000e9a0                HardDiskController::~HardDiskController()
                0x00000000c000e9a0                HardDiskController::~HardDiskController()
                0x00000000c000e9c4                HardDiskController::~HardDiskController()
 .text          0x00000000c000e9ee       0xe2 hal/diskphys.32
                0x00000000c000e9ee                PhysicalDisk::eject()
                0x00000000c000e9f2                PhysicalDisk::PhysicalDisk(char const*, int)
                0x00000000c000e9f2                PhysicalDisk::PhysicalDisk(char const*, int)
                0x00000000c000ea5a                PhysicalDisk::startCache()
                0x00000000c000ea82                PhysicalDisk::~PhysicalDisk()
                0x00000000c000ea82                PhysicalDisk::~PhysicalDisk()
                0x00000000c000eaa6                PhysicalDisk::~PhysicalDisk()
 .text          0x00000000c000ead0      0x15f hal/fpu.32
                0x00000000c000ead0                FPU::FPU(char const*)
                0x00000000c000ead0                FPU::FPU(char const*)
                0x00000000c000eb08                FPU::~FPU()
                0x00000000c000eb08                FPU::~FPU()
                0x00000000c000eb2c                FPU::~FPU()
                0x00000000c000eb56                setupFPU()
 *fill*         0x00000000c000ec2f        0x1 
 .text          0x00000000c000ec30     0x12bf hal/intctrl.32
                0x00000000c000ec30                InterruptController::uninstallISRHandler(int, void (*)(regs*, void*))
                0x00000000c000ec68                InterruptController::installISRHandler(int, void (*)(regs*, void*), void*)
                0x00000000c000ecba                doubleFault(regs*, void*)
                0x00000000c000ecd4                InterruptController::installIRQHandler(int, void (*)(regs*, void*), bool, void*)
                0x00000000c000ed70                InterruptController::clearAllHandlers(int, bool)
                0x00000000c000ee18                InterruptController::uninstallIRQHandler(int, void (*)(regs*, void*), bool)
                0x00000000c000ee9f                nmiHandler(regs*, void*)
                0x00000000c000eead                int_handler
                0x00000000c000ef4e                InterruptController::InterruptController(char const*)
                0x00000000c000ef4e                InterruptController::InterruptController(char const*)
                0x00000000c000eff4                InterruptController::~InterruptController()
                0x00000000c000eff4                InterruptController::~InterruptController()
                0x00000000c000f018                InterruptController::~InterruptController()
                0x00000000c000f042                displayDebugInfo(regs*)
                0x00000000c000f4d1                x87EmulHandler(regs*, void*)
                0x00000000c000f60a                gpFault(regs*, void*)
                0x00000000c000f643                pgFault(regs*, void*)
                0x00000000c000f692                otherISRHandler(regs*, void*)
                0x00000000c000f6b1                opcodeFault(regs*, void*)
                0x00000000c000fa8b                displayProgramFault(char const*)
                0x00000000c000fab3                setupInterruptController()
                0x00000000c000fea2                InterruptController::convertLegacyIRQNumber(int)
 *fill*         0x00000000c000feef        0x1 
 .text          0x00000000c000fef0      0x788 hal/keybrd.32
                0x00000000c000fef0                startGUI(void*)
                0x00000000c000ff5c                startGUIVESA(void*)
                0x00000000c000ffc8                sendKeyToTerminal(unsigned char)
                0x00000000c0010086                sendKeyboardToken(KeyboardToken)
                0x00000000c00104c8                clearInternalKeybuffer(VgaText*)
                0x00000000c00104fd                readKeyboard(VgaText*, char*, unsigned long)
                0x00000000c00105ee                Keyboard::Keyboard(char const*)
                0x00000000c00105ee                Keyboard::Keyboard(char const*)
                0x00000000c001062a                Keyboard::~Keyboard()
                0x00000000c001062a                Keyboard::~Keyboard()
                0x00000000c001064e                Keyboard::~Keyboard()
 .text          0x00000000c0010678      0x42a hal/logidisk.32
                0x00000000c0010678                LogicalDisk::close(int, int, void*)
                0x00000000c001067c                LogicalDisk::~LogicalDisk()
                0x00000000c001067c                LogicalDisk::~LogicalDisk()
                0x00000000c00106a0                LogicalDisk::~LogicalDisk()
                0x00000000c00106ca                LogicalDisk::open(int, int, void*)
                0x00000000c00106de                LogicalDisk::absoluteToRelative(unsigned long long)
                0x00000000c0010716                LogicalDisk::relativeToAbsolute(unsigned long long)
                0x00000000c001075c                LogicalDisk::LogicalDisk(char const*, PhysicalDisk*, unsigned long long, unsigned long long)
                0x00000000c001075c                LogicalDisk::LogicalDisk(char const*, PhysicalDisk*, unsigned long long, unsigned long long)
                0x00000000c0010812                LogicalDisk::assignDriveLetter()
                0x00000000c00108c8                LogicalDisk::mount()
                0x00000000c0010950                LogicalDisk::unmount()
                0x00000000c0010960                LogicalDisk::eject()
                0x00000000c0010974                LogicalDisk::unassignDriveLetter()
                0x00000000c00109ca                LogicalDisk::read(unsigned long long, int, void*)
                0x00000000c0010a36                LogicalDisk::write(unsigned long long, int, void*)
 *fill*         0x00000000c0010aa2        0x2 
 .text          0x00000000c0010aa4       0x86 hal/mouse.32
                0x00000000c0010aa4                Mouse::Mouse(char const*)
                0x00000000c0010aa4                Mouse::Mouse(char const*)
                0x00000000c0010adc                Mouse::~Mouse()
                0x00000000c0010adc                Mouse::~Mouse()
                0x00000000c0010b00                Mouse::~Mouse()
 .text          0x00000000c0010b2a      0x339 hal/partition.32
                0x00000000c0010b2a                makePartition(PhysicalDisk*, unsigned long long, unsigned long long)
                0x00000000c0010bd2                createPartitionsForDisk(PhysicalDisk*)
 *fill*         0x00000000c0010e63        0x1 
 .text          0x00000000c0010e64       0x86 hal/serial.32
                0x00000000c0010e64                Serial::Serial(char const*)
                0x00000000c0010e64                Serial::Serial(char const*)
                0x00000000c0010e9c                Serial::~Serial()
                0x00000000c0010e9c                Serial::~Serial()
                0x00000000c0010ec0                Serial::~Serial()
 *fill*         0x00000000c0010eea        0x2 
 .text          0x00000000c0010eec      0x2f2 hal/timer.32
                0x00000000c0010eec                Timer::Timer(char const*)
                0x00000000c0010eec                Timer::Timer(char const*)
                0x00000000c0010f24                Timer::~Timer()
                0x00000000c0010f24                Timer::~Timer()
                0x00000000c0010f48                Timer::~Timer()
                0x00000000c0010f72                Timer::read()
                0x00000000c0010f7d                timerHandler(unsigned int)
                0x00000000c00110e4                setupTimer(int)
 *fill*         0x00000000c00111de        0x2 
 .text          0x00000000c00111e0      0x43e hal/vcache.32
                0x00000000c00111e0                VCache::VCache(PhysicalDisk*)
                0x00000000c00111e0                VCache::VCache(PhysicalDisk*)
                0x00000000c0011348                VCache::invalidateReadBuffer()
                0x00000000c0011358                VCache::writeWriteBuffer()
                0x00000000c00113a4                VCache::~VCache()
                0x00000000c00113a4                VCache::~VCache()
                0x00000000c00113f8                VCache::~VCache()
                0x00000000c0011420                VCache::write(unsigned long long, int, void*)
                0x00000000c001151a                VCache::read(unsigned long long, int, void*)
 .text          0x00000000c001161e      0x4b3 hal/video.32
                0x00000000c001161e                Video::putrect(int, int, int, int, unsigned int)
                0x00000000c001166a                Video::bitblit(int, int, int, int, int, int, int, unsigned int*)
                0x00000000c00116da                Video::blit(unsigned int*, int, int, int, int)
                0x00000000c0011758                Video::clearScreen(unsigned int)
                0x00000000c001178c                Video::putpixel(int, int, unsigned int)
                0x00000000c001179a                Video::Video(char const*)
                0x00000000c001179a                Video::Video(char const*)
                0x00000000c00117d0                Video::~Video()
                0x00000000c00117d0                Video::~Video()
                0x00000000c00117f4                Video::~Video()
                0x00000000c001181e                Video::isMonochrome()
                0x00000000c001182a                Video::getWidth()
                0x00000000c0011836                Video::getHeight()
                0x00000000c0011842                Video::drawCursor(int, int, unsigned char*, int)
                0x00000000c00118fe                Video::tgaParse(unsigned char*, int, int*, int*)
                0x00000000c0011a66                Video::putTGA(int, int, unsigned char*, int)
 *fill*         0x00000000c0011ad1        0x3 
 .text          0x00000000c0011ad4     0x1707 hw/acpi.32
                0x00000000c0011ad4                ACPI::close(int, int, void*)
                0x00000000c0011b88                findRSDP()
                0x00000000c0011c5c                loadACPITables(unsigned char*)
                0x00000000c0011ec0                findRSDT(unsigned char*)
                0x00000000c0012080                findDataTable(unsigned char*, char*)
                0x00000000c00120f8                scanMADT()
                0x00000000c00125d4                ACPI::ACPI()
                0x00000000c00125d4                ACPI::ACPI()
                0x00000000c0012638                ACPI::getPCIIRQAssignment(unsigned char, unsigned short, unsigned char)
                0x00000000c0012720                ACPI::registerPCIIRQAssignment(void*, unsigned short, unsigned char, unsigned char)
                0x00000000c00127e8                ACPI::setScreenBrightnessLevel(void*, int)
                0x00000000c00127f0                ACPI::detectPCI()
                0x00000000c0012cd4                ACPI::writeSimpleBootFlag(SimpleBootFlagTable*)
                0x00000000c0012d1c                ACPI::sleep()
                0x00000000c0012d58                ACPI::open(int, int, void*)
 *fill*         0x00000000c00131db        0x1 
 .text          0x00000000c00131dc     0x1861 hw/cpu.32
                0x00000000c00131dc                CPU::close(int, int, void*)
                0x00000000c00131e0                CPU::lookupAMDName(unsigned char, unsigned char)
                0x00000000c0013374                CPU::lookupIntelName(unsigned char, unsigned char)
                0x00000000c0013622                CPU::AMD_K6_write_msr(unsigned int, unsigned int, unsigned int, CPU::REGS*)
                0x00000000c001363e                CPU::AMD_K6_read_msr(unsigned int, CPU::REGS*)
                0x00000000c0013656                CPU::AMD_K6_writeback(int, int, int)
                0x00000000c00136ca                CPU::cpuid(int, unsigned long*, unsigned long*, unsigned long*, unsigned long*)
                0x00000000c001374e                CPU::cpuidCheckEDX(unsigned int)
                0x00000000c001377c                CPU::cpuidCheckECX(unsigned int)
                0x00000000c00137aa                CPU::cpuidCheckExtendedEBX(unsigned int)
                0x00000000c00137d8                CPU::cpuidCheckExtendedECX(unsigned int)
                0x00000000c0013806                CPU::CPU()
                0x00000000c0013806                CPU::CPU()
                0x00000000c0013894                CPU::displayFeatures()
                0x00000000c0013b34                CPU::detectFeatures()
                0x00000000c001455e                CPU::setupSMEP()
                0x00000000c001456a                CPU::setupUMIP()
                0x00000000c0014574                CPU::setupTSC()
                0x00000000c001457e                CPU::setupLargePages()
                0x00000000c0014588                CPU::setupPAT()
                0x00000000c00145c4                CPU::setupMTRR()
                0x00000000c00145c6                CPU::setupGlobalPages()
                0x00000000c00145d0                CPU::allowUsermodeDataAccess()
                0x00000000c00145e2                CPU::prohibitUsermodeDataAccess()
                0x00000000c00145f4                CPU::setupSMAP()
                0x00000000c0014602                CPU::setupFeatures()
                0x00000000c00146ce                CPU::open(int, int, void*)
                0x00000000c0014842                CPU::decodeAddress(regs*, int*, bool*, unsigned char*)
 .text          0x00000000c0014a3d        0x0 hw/ports.32
 .text          0x00000000c0014a3d      0x16a hw/smp.32
                0x00000000c0014a3d                Krnl::smpEntry()
                0x00000000c0014a3f                Krnl::startCPU(int)
                0x00000000c0014b88                Krnl::startCPUs()
 *fill*         0x00000000c0014ba7        0x1 
 .text          0x00000000c0014ba8      0x581 krnl/env.32
                0x00000000c0014ba8                EnvVarContainer::getEnv(char const*)
                0x00000000c0014be6                EnvVarContainer::setEnv(char const*, char const*)
                0x00000000c0014ca8                EnvVarContainer::deleteEnv(char const*)
                0x00000000c0014caa                EnvVarContainer::loadFrom(char const*, char const*)
                0x00000000c0014e90                EnvVarContainer::__loadSystem()
                0x00000000c0014eaa                EnvVarContainer::__loadUser()
                0x00000000c0014eac                EnvVarContainer::EnvVarContainer(Process*)
                0x00000000c0014eac                EnvVarContainer::EnvVarContainer(Process*)
                0x00000000c0014ece                EnvVarContainer::~EnvVarContainer()
                0x00000000c0014ece                EnvVarContainer::~EnvVarContainer()
                0x00000000c0014efe                Krnl::getEnv(Process*, char const*)
                0x00000000c0014f63                Krnl::setEnvSystem(char const*, char const*)
                0x00000000c0014f7d                Krnl::setEnvUser(char const*, char const*)
                0x00000000c0014f9c                Krnl::setEnvProcess(Process*, char const*, char const*)
                0x00000000c0014faf                Krnl::deleteEnvSystem(char const*)
                0x00000000c0014fb0                Krnl::deleteEnvUser(char const*)
                0x00000000c0014fb1                Krnl::deleteEnvProcess(Process*, char const*)
                0x00000000c0014fb2                Krnl::newProcessEnv(Process*)
                0x00000000c0014fd4                Krnl::copyProcessEnv(Process*, Process*)
                0x00000000c0015020                Krnl::loadSystemEnv()
                0x00000000c001504e                Krnl::loadUserEnv()
                0x00000000c0015074                Krnl::flushEnv()
                0x00000000c0015075                Krnl::getProcessTotalEnvCount(Process*)
                0x00000000c0015095                Krnl::getProcessEnvPair(Process*, int)
 .text          0x00000000c0015129      0x243 krnl/panic.32
                0x00000000c0015129                Krnl::panic(char const*)
 .text          0x00000000c001536c      0x194 krnl/powctrl.32
                0x00000000c001536c                Krnl::powerThread(void*)
                0x00000000c00153ec                Krnl::changePowerSettings(Krnl::PowerSettings)
                0x00000000c0015402                Krnl::userIOReceived()
                0x00000000c001540d                Krnl::handlePowerButton()
                0x00000000c0015442                Krnl::handleSleepButton()
                0x00000000c0015477                Krnl::setupPowerManager()
 .text          0x00000000c0015500      0x5a0 net/ethernet.32
                0x00000000c0015500                Net::switchEndian16(unsigned short)
                0x00000000c0015524                Net::switchEndian32(unsigned int)
                0x00000000c0015554                Net::crc32Calc(unsigned char*, int)
                0x00000000c00155f8                Net::wrapEthernetFrame(Net::UnwrappedEthernetFrame, unsigned char*)
                0x00000000c0015814                Net::unwrapEthernetFrame(unsigned char*, int)
 .text          0x00000000c0015aa0      0x50e reg/registry.32
                0x00000000c0015aa0                Reg::findLineFromLoadedData(char*, char*, char*)
                0x00000000c0015bf8                Reg::getLineFromRegistry(char*, char*, char*, char*)
                0x00000000c0015d4d                Reg::getLine(char*, char*, char*)
                0x00000000c0015d84                Reg::readInt(char*, char*, int*)
                0x00000000c0015e6f                Reg::readString(char*, char*, char*, int)
                0x00000000c0015ef0                Reg::readBool(char*, char*, bool*)
                0x00000000c0015f15                Reg::readBoolWithDefault(char*, char*, bool)
                0x00000000c0015f41                Reg::readIntWithDefault(char*, char*, int)
                0x00000000c0015f6d                Reg::readStringWithDefault(char*, char*, char*, int, char*)
 .text          0x00000000c0015fae       0x36 sys/sc_eject.32
                0x00000000c0015fae                Sys::eject(regs*)
 .text          0x00000000c0015fe4       0x18 sys/sc_exit.32
                0x00000000c0015fe4                Sys::exit(regs*)
 .text          0x00000000c0015ffc       0x1f sys/sc_getcwd.32
                0x00000000c0015ffc                Sys::getCwd(regs*)
 .text          0x00000000c001601b        0xc sys/sc_getpid.32
                0x00000000c001601b                Sys::getPID(regs*)
 .text          0x00000000c0016027       0x1a sys/sc_getramdata.32
                0x00000000c0016027                Sys::getRAMData(regs*)
 .text          0x00000000c0016041       0x84 sys/sc_getvgaptr.32
                0x00000000c0016041                Sys::getVGAPtr(regs*)
 .text          0x00000000c00160c5       0xa8 sys/sc_loaddll.32
                0x00000000c00160c5                Sys::loadDLL(regs*)
 .text          0x00000000c001616d       0x68 sys/sc_read.32
                0x00000000c001616d                Sys::read(regs*)
 .text          0x00000000c00161d5       0x55 sys/sc_sbrk.32
                0x00000000c00161d5                Sys::sbrk(regs*)
 .text          0x00000000c001622a       0x1c sys/sc_setcwd.32
                0x00000000c001622a                Sys::setCwd(regs*)
 .text          0x00000000c0016246       0x95 sys/sc_settime.32
                0x00000000c0016246                Sys::setTime(regs*)
 .text          0x00000000c00162db       0x4a sys/sc_timezone.32
                0x00000000c00162db                Sys::timezone(regs*)
 .text          0x00000000c0016325       0x68 sys/sc_write.32
                0x00000000c0016325                Sys::write(regs*)
 .text          0x00000000c001638d       0x62 sys/sc_wsbe.32
                0x00000000c001638d                Sys::wsbe(regs*)
 .text          0x00000000c00163ef       0x38 sys/sc_yield.32
                0x00000000c00163ef                Sys::yield(regs*)
 .text          0x00000000c0016427      0xf8e sys/syscalls.32
                0x00000000c0016427                sysCallSeekDir(regs*)
                0x00000000c001642c                sysCallTellDir(regs*)
                0x00000000c0016431                sysCallVerify(regs*)
                0x00000000c001643b                sysCallGetArgc(regs*)
                0x00000000c001644b                sysFormatDisk(regs*)
                0x00000000c00164b5                sysSetDiskVolumeLabel(regs*)
                0x00000000c00164ff                sysGetDiskVolumeLabel(regs*)
                0x00000000c0016554                sysShutdown(regs*)
                0x00000000c00165b2                sysCallRealpath(regs*)
                0x00000000c00165f5                sysCallReadDir(regs*)
                0x00000000c0016674                sysCallIsATTY(regs*)
                0x00000000c00166ce                sysCallSeek(regs*)
                0x00000000c0016725                sysCallTell(regs*)
                0x00000000c0016791                sysCallSize(regs*)
                0x00000000c0016803                sysCallSizeFromFilename(regs*)
                0x00000000c00168b2                sysCallClose(regs*)
                0x00000000c0016912                sysCallOpenDir(regs*)
                0x00000000c0016987                sysCallCloseDir(regs*)
                0x00000000c00169db                sysCallMakeDir(regs*)
                0x00000000c0016a4b                sysCallWait(regs*)
                0x00000000c0016a65                sysCallNotImpl(regs*)
                0x00000000c0016a80                sysPanic(regs*)
                0x00000000c0016a9a                sysCallRmdir(regs*)
                0x00000000c0016afe                sysCallUnlink(regs*)
                0x00000000c0016b62                sysCallGetArgv(regs*)
                0x00000000c0016bae                sysCallTTYName(regs*)
                0x00000000c0016c31                sysCallUSleep(regs*)
                0x00000000c0016c5a                sysCallSpawn(regs*)
                0x00000000c0016cc2                sysCallGetEnv(regs*)
                0x00000000c0016d6f                sysAppSettings(regs*)
                0x00000000c0016e83                sysSetFatAttrib(regs*)
                0x00000000c0016ef5                sysPipe(regs*)
                0x00000000c0016f3a                sysGetUnixTime(regs*)
                0x00000000c0016f4e                string_ends_with(char const*, char const*)
                0x00000000c0016f96                sysCallOpen(regs*)
                0x00000000c001717e                Sys::loadSyscalls()
                0x00000000c0017373                Sys::systemCall(regs*, void*)
 .text          0x00000000c00173b5     0x1203 thr/elf.32
                0x00000000c00173b5                Thr::allocateMemoryForTask(Process*, File*, unsigned long, unsigned long, unsigned long)
                0x00000000c001765f                Thr::loadProgramIntoMemory(Process*, char const*)
                0x00000000c0017875                Thr::runtimeReferenceHelper()
                0x00000000c0017888                Thr::getAddressOfKernelSymbol(char const*)
                0x00000000c00178d7                Thr::loadKernelSymbolTable(char const*)
                0x00000000c0017b95                Thr::loadDriverIntoMemory(char const*, unsigned long, bool)
                0x00000000c00182cb                Thr::getDriverBaseFromAddress(unsigned long)
                0x00000000c00182fd                Thr::getDriverNameFromAddress(unsigned long)
                0x00000000c0018334                Thr::getDriverOffsetFromAddress(unsigned long)
                0x00000000c001834e                Thr::loadDLL(char const*, bool)
                0x00000000c001857f                Thr::executeDLL(unsigned long, void*)
 .text          0x00000000c00185b8     0x12a9 thr/prcssthr.32
                0x00000000c00185b8                userModeEntryPoint(void*)
                0x00000000c00185e0                changeTSS
                0x00000000c0018610                switchToThread(ThreadControlBlock*)
                0x00000000c00186c4                Process::addArgs(char**)
                0x00000000c0018724                Process::Process(char const*, Process*, char**)
                0x00000000c0018724                Process::Process(char const*, Process*, char**)
                0x00000000c0018910                Process::Process(bool, char const*, Process*, char**)
                0x00000000c0018910                Process::Process(bool, char const*, Process*, char**)
                0x00000000c0018ac8                taskStartupFunction
                0x00000000c0018ad4                Semaphore::Semaphore(int)
                0x00000000c0018ad4                Semaphore::Semaphore(int)
                0x00000000c0018b04                Mutex::Mutex()
                0x00000000c0018b04                Mutex::Mutex()
                0x00000000c0018b18                Process::createThread(void (*)(void*), void*, int)
                0x00000000c0018c10                Process::createUserThread()
                0x00000000c0018c2c                setupMultitasking(void (*)())
                0x00000000c0018d34                schedule()
                0x00000000c0018dc0                Semaphore::tryAcquire()
                0x00000000c0018e8c                Semaphore::assertLocked(char const*)
                0x00000000c0018f04                blockTaskWithSchedulerLockAlreadyHeld(TaskState)
                0x00000000c0018f2c                blockTask(TaskState)
                0x00000000c0018f5c                waitTask(int, int*, int)
                0x00000000c0018fa0                milliTenthSleepUntil(unsigned int)
                0x00000000c001902c                milliTenthSleep(unsigned int)
                0x00000000c001903c                sleep(unsigned int)
                0x00000000c0019058                Semaphore::acquire()
                0x00000000c0019114                taskReturned
                0x00000000c0019150                Thr::processFromPID(int)
                0x00000000c00191f0                unblockTask(ThreadControlBlock*)
                0x00000000c0019294                cleanupTerminatedTask(ThreadControlBlock*)
                0x00000000c001955c                cleanerTaskFunction(void*)
                0x00000000c001964c                terminateTask(int)
                0x00000000c0019718                Thr::terminateFromIRQ(int)
                0x00000000c0019724                Semaphore::release()
 .text          0x00000000c0019861      0xb93 vm86/vm8086.32
                0x00000000c0019861                Vm::inbv(unsigned short)
                0x00000000c0019874                Vm::outbv(unsigned short, unsigned char)
                0x00000000c00198aa                Vm::realToLinear(unsigned short, unsigned short)
                0x00000000c00198ba                Vm::getSegment(unsigned int)
                0x00000000c00198c2                Vm::getOffset(unsigned int)
                0x00000000c00198c7                Vm::mainloop2()
                0x00000000c0019901                Vm::mainVm8086Loop(void*)
                0x00000000c0019911                Vm::mainloop3(unsigned long)
                0x00000000c0019937                Vm::initialise8086()
                0x00000000c001997a                Vm::finish8086()
                0x00000000c00199db                Vm::getOutput8086(unsigned char*)
                0x00000000c0019a00                Vm::start8086FromBuffer(unsigned char*, int, unsigned short, unsigned short, unsigned short, unsigned short)
                0x00000000c0019ab9                Vm::start8086(char const*, unsigned short, unsigned short, unsigned short, unsigned short)
                0x00000000c0019c21                Vm::doISR(regs*, int, unsigned char*, unsigned short, unsigned short)
                0x00000000c0019cab                Vm::readByteFromReal(unsigned short, unsigned short)
                0x00000000c0019cbc                Vm::readWordFromReal(unsigned short, unsigned short)
                0x00000000c0019cce                Vm::readDwordFromReal(unsigned short, unsigned short)
                0x00000000c0019cdf                Vm::writeByteFromReal(unsigned short, unsigned short, unsigned char)
                0x00000000c0019cf4                Vm::writeWordFromReal(unsigned short, unsigned short, unsigned short)
                0x00000000c0019d0a                Vm::writeDwordFromReal(unsigned short, unsigned short, unsigned int)
                0x00000000c0019d1f                Vm::faultHandler(regs*)
 .text          0x00000000c001a3f4      0xfcd vm86/x87em.32
                0x00000000c001a3f4                Vm::fpuInternalTo32(unsigned long long)
                0x00000000c001a452                Vm::fpuInternalTo64(unsigned long long)
                0x00000000c001a45b                Vm::fpu32ToInternal(unsigned int)
                0x00000000c001a4a0                Vm::fpu64ToInternal(unsigned long long)
                0x00000000c001a4a9                Vm::fpuFloatToLong(unsigned long long)
                0x00000000c001a508                Vm::fpuULongToFloat(unsigned long long)
                0x00000000c001a544                Vm::fpuLongToFloat(long long)
                0x00000000c001a5a3                Vm::fpuGet0()
                0x00000000c001a5a8                Vm::fpuGet1()
                0x00000000c001a5b0                Vm::fpuGetPi()
                0x00000000c001a5b8                Vm::fpuGetLog2E()
                0x00000000c001a5d0                Vm::fpuGetLogE2()
                0x00000000c001a5e8                Vm::fpuGetLog210()
                0x00000000c001a600                Vm::fpuGetLog102()
                0x00000000c001a618                Vm::fpuIsSecondLarger(unsigned long long, unsigned long long)
                0x00000000c001a62c                Vm::fpuAreEqual(unsigned long long, unsigned long long)
                0x00000000c001a642                Vm::fpuUnorderedCompare(unsigned long long, unsigned long long)
                0x00000000c001a698                Vm::fpuAdd(unsigned long long, unsigned long long)
                0x00000000c001a6a9                Vm::fpuAbs(unsigned long long)
                0x00000000c001a6b2                Vm::fpuChs(unsigned long long)
                0x00000000c001a6c2                Vm::fpuSub(unsigned long long, unsigned long long)
                0x00000000c001a6d1                Vm::fpuMultiply(unsigned long long, unsigned long long)
                0x00000000c001a6f0                Vm::fpuDivide(unsigned long long, unsigned long long)
                0x00000000c001a70c                Vm::fpuSquare(unsigned long long)
                0x00000000c001a722                Vm::fpuGetReg(int)
                0x00000000c001a765                Vm::fpuSetReg(int, unsigned long long)
                0x00000000c001a7b1                Vm::fpuPush(unsigned long long)
                0x00000000c001a80f                Vm::fpuPop()
                0x00000000c001a862                Vm::x87Handler(regs*)
 *fill*         0x00000000c001b3c1        0x3 
 .text          0x00000000c001b3c4     0x13b7 fs/fat/vfslink.32
                0x00000000c001b3c4                FAT::getName()
                0x00000000c001b3cc                FAT::tell(void*, unsigned long long*)
                0x00000000c001b408                FAT::stat(void*, unsigned long long*)
                0x00000000c001b444                FAT::~FAT()
                0x00000000c001b444                FAT::~FAT()
                0x00000000c001b468                FAT::~FAT()
                0x00000000c001b490                FAT::getlabel(LogicalDisk*, int, char*, unsigned int*)
                0x00000000c001b534                FAT::setlabel(LogicalDisk*, int, char*)
                0x00000000c001b5f8                FAT::format(LogicalDisk*, int, char const*, int)
                0x00000000c001b7cc                FAT::tryMount(LogicalDisk*, int)
                0x00000000c001b9e4                FAT::allocateSwapfile(char const*, int)
                0x00000000c001bba0                FAT::readDir(void*, unsigned long, void*, int*)
                0x00000000c001bd0c                FAT::read(void*, unsigned long, void*, int*)
                0x00000000c001bd6c                FAT::write(void*, unsigned long, void*, int*)
                0x00000000c001bdcc                FAT::close(void*)
                0x00000000c001be20                FAT::closeDir(void*)
                0x00000000c001be74                FAT::seek(void*, unsigned long long)
                0x00000000c001bed0                fatWrapperReadDisk
                0x00000000c001bf18                fatWrapperWriteDisk
                0x00000000c001bf60                fatWrapperIoctl
                0x00000000c001c070                FAT::FAT()
                0x00000000c001c070                FAT::FAT()
                0x00000000c001c0c4                FAT::fixFilepath(char*)
                0x00000000c001c100                FAT::open(char const*, void**, FileOpenMode)
                0x00000000c001c234                FAT::openDir(char const*, void**)
                0x00000000c001c2e4                FAT::stat(char const*, unsigned long long*, bool*)
                0x00000000c001c3d8                FAT::unlink(char const*)
                0x00000000c001c458                FAT::chfatattr(char const*, unsigned char, unsigned char)
                0x00000000c001c5c0                FAT::rename(char const*, char const*)
                0x00000000c001c68c                FAT::mkdir(char const*)
                0x00000000c001c70c                FAT::exists(char const*)
 *fill*         0x00000000c001c77b        0x1 
 .text          0x00000000c001c77c      0xba7 fs/iso9660/vfslink.32
                0x00000000c001c77c                ISO9660::format(LogicalDisk*, int, char const*, int)
                0x00000000c001c782                ISO9660::seek(void*, unsigned long long)
                0x00000000c001c7b2                ISO9660::tell(void*, unsigned long long*)
                0x00000000c001c7d6                ISO9660::getName()
                0x00000000c001c7dc                ISO9660::stat(void*, unsigned long long*)
                0x00000000c001c800                ISO9660::chfatattr(char const*, unsigned char, unsigned char)
                0x00000000c001c806                ISO9660::unlink(char const*)
                0x00000000c001c80c                ISO9660::write(void*, unsigned long, void*, int*)
                0x00000000c001c812                ISO9660::rename(char const*, char const*)
                0x00000000c001c818                ISO9660::mkdir(char const*)
                0x00000000c001c81e                ISO9660::close(void*)
                0x00000000c001c840                ISO9660::closeDir(void*)
                0x00000000c001c862                ISO9660::~ISO9660()
                0x00000000c001c862                ISO9660::~ISO9660()
                0x00000000c001c886                ISO9660::~ISO9660()
                0x00000000c001c8ad                __memmem(unsigned char*, int, unsigned char*, int)
                0x00000000c001c8ef                readSectorFromCDROM(unsigned int, unsigned char*, char)
                0x00000000c001c96a                ISO9660::tryMount(LogicalDisk*, int)
                0x00000000c001c9ca                ISO9660::read(void*, unsigned long, void*, int*)
                0x00000000c001cbce                ISO9660::readDir(void*, unsigned long, void*, int*)
                0x00000000c001ce48                readRoot(unsigned int*, unsigned int*, char)
                0x00000000c001ce9c                readRecursively(char*, unsigned int, unsigned int, unsigned int*, unsigned int*, char, int*)
                0x00000000c001d072                getFileData(char*, unsigned int*, unsigned int*, char, int*)
                0x00000000c001d100                ISO9660::open(char const*, void**, FileOpenMode)
                0x00000000c001d1ae                ISO9660::exists(char const*)
                0x00000000c001d1d2                ISO9660::stat(char const*, unsigned long long*, bool*)
                0x00000000c001d266                ISO9660::openDir(char const*, void**)
                0x00000000c001d300                ISO9660::ISO9660()
                0x00000000c001d300                ISO9660::ISO9660()
 *fill*         0x00000000c001d323        0x1 
 .text          0x00000000c001d324      0x298 hal/sound/sndcard.32
                0x00000000c001d324                SoundCard::beginPlayback()
                0x00000000c001d332                SoundCard::stopPlayback()
                0x00000000c001d340                SoundCard::SoundCard(char const*)
                0x00000000c001d340                SoundCard::SoundCard(char const*)
                0x00000000c001d3de                SoundCard::~SoundCard()
                0x00000000c001d3de                SoundCard::~SoundCard()
                0x00000000c001d402                SoundCard::~SoundCard()
                0x00000000c001d42c                SoundCard::configureRates(int, int, int)
                0x00000000c001d45c                SoundCard::getSamples16(int, short*)
                0x00000000c001d4c6                SoundCard::getSamples32(int, int*)
                0x00000000c001d54c                SoundCard::addChannel(SoundPort*)
                0x00000000c001d5a8                SoundCard::removeChannel(int)
 .text          0x00000000c001d5bc      0x3fb hal/sound/sndport.32
                0x00000000c001d5bc                SoundPort::SoundPort(int, int, int, int)
                0x00000000c001d5bc                SoundPort::SoundPort(int, int, int, int)
                0x00000000c001d648                SoundPort::~SoundPort()
                0x00000000c001d648                SoundPort::~SoundPort()
                0x00000000c001d67c                SoundPort::unpause()
                0x00000000c001d688                SoundPort::pause()
                0x00000000c001d694                SoundPort::getBufferUsed()
                0x00000000c001d69c                SoundPort::getBufferSize()
                0x00000000c001d6a4                SoundPort::buffer16(short*, int)
                0x00000000c001d758                SoundPort::buffer32(int*, int)
                0x00000000c001d804                SoundPort::unbufferAndAdd16(int, short*, SoundCard*)
                0x00000000c001d900                SoundPort::unbufferAndAdd32(int, int*, SoundCard*)
 .text          0x00000000c001d9b7        0x0 hw/bus/isa.32
 *fill*         0x00000000c001d9b7        0x1 
 .text          0x00000000c001d9b8     0x1187 hw/bus/pci.32
                0x00000000c001d9b8                PCI::open(int, int, void*)
                0x00000000c001d9d6                PCI::close(int, int, void*)
                0x00000000c001d9da                PCI::PCI()
                0x00000000c001d9da                PCI::PCI()
                0x00000000c001da70                PCI::readBAR8(unsigned int, int)
                0x00000000c001da8c                PCI::readBAR16(unsigned int, int)
                0x00000000c001daaa                PCI::readBAR32(unsigned int, int)
                0x00000000c001dac6                PCI::writeBAR8(unsigned int, unsigned char, int)
                0x00000000c001dae6                PCI::writeBAR16(unsigned int, unsigned short, int)
                0x00000000c001db08                PCI::writeBAR32(unsigned int, unsigned int, int)
                0x00000000c001db28                PCI::legacyMechanism(unsigned char, unsigned char, unsigned char, unsigned char)
                0x00000000c001db96                PCI::pciReadWord(unsigned char, unsigned char, unsigned char, unsigned char)
                0x00000000c001dc3e                PCI::getVendorID(unsigned char, unsigned char, unsigned char)
                0x00000000c001dc62                PCI::getHeaderType(unsigned char, unsigned char, unsigned char)
                0x00000000c001dc8a                PCI::getClassCode(unsigned char, unsigned char, unsigned char)
                0x00000000c001dcd4                PCI::getProgIF(unsigned char, unsigned char, unsigned char)
                0x00000000c001dcfc                PCI::getRevisionID(unsigned char, unsigned char, unsigned char)
                0x00000000c001dd20                PCI::getInterruptNumber(unsigned char, unsigned char, unsigned char)
                0x00000000c001dd44                PCI::getSecondaryBus(unsigned char, unsigned char, unsigned char)
                0x00000000c001dd6c                PCI::getBARAddress(unsigned char, unsigned char, unsigned char, unsigned char)
                0x00000000c001ddd0                PCI::pciWriteWord(unsigned char, unsigned char, unsigned char, unsigned char, unsigned short)
                0x00000000c001deb8                PCI::pciDetailsToFilepath(PCIDeviceInfo, char*)
                0x00000000c001e2aa                PCI::checkBus(unsigned char)
                0x00000000c001e2ce                PCI::foundDevice(PCIDeviceInfo)
                0x00000000c001e70e                PCI::getDeviceData(unsigned char, unsigned char, unsigned char)
                0x00000000c001ea80                PCI::checkDevice(unsigned char, unsigned char)
                0x00000000c001eaec                PCI::detect()
 *fill*         0x00000000c001eb3f        0x1 
 .text          0x00000000c001eb40      0xb4a hw/diskctrl/ide.32
                0x00000000c001eb40                IDE::close(int, int, void*)
                0x00000000c001eb44                IDE::IDE()
                0x00000000c001eb44                IDE::IDE()
                0x00000000c001eb78                IDE::prepareInterrupt(unsigned char)
                0x00000000c001eb8a                selectDrive(unsigned char, unsigned char)
                0x00000000c001eb8c                IDE::getBase(unsigned char)
                0x00000000c001eb9e                IDE::write(unsigned char, unsigned char, unsigned char)
                0x00000000c001ec5e                IDE::read(unsigned char, unsigned char)
                0x00000000c001ed0c                IDE::waitInterrupt(unsigned char)
                0x00000000c001ed6e                ideChannel0IRQHandler(regs*, void*)
                0x00000000c001ed8a                ideChannel1IRQHandler(regs*, void*)
                0x00000000c001eda6                IDE::enableIRQs(unsigned char, bool)
                0x00000000c001edec                IDE::open(int, int, void*)
                0x00000000c001f1fa                IDE::readBuffer(unsigned char, unsigned char, unsigned int, unsigned int)
                0x00000000c001f2c6                IDE::detect()
                0x00000000c001f586                IDE::printError(unsigned char, unsigned char, unsigned char)
                0x00000000c001f636                IDE::polling(unsigned char, unsigned int)
 .text          0x00000000c001f68a      0x458 hw/diskctrl/satabus.32
                0x00000000c001f68a                SATABus::close(int, int, void*)
                0x00000000c001f68e                SATABus::detect()
                0x00000000c001f690                SATABus::SATABus()
                0x00000000c001f690                SATABus::SATABus()
                0x00000000c001f716                SATABus::findCmdslot(SATABus::tagHBA_PORT volatile*)
                0x00000000c001f748                SATABus::checkType(SATABus::tagHBA_PORT volatile*)
                0x00000000c001f790                SATABus::startCmd(SATABus::tagHBA_PORT volatile*)
                0x00000000c001f7b0                SATABus::stopCmd(SATABus::tagHBA_PORT volatile*)
                0x00000000c001f7da                SATABus::portRebase(SATABus::tagHBA_PORT volatile*, int)
                0x00000000c001f8e0                SATABus::probePort(SATABus::tagHBA_MEM volatile*)
                0x00000000c001fac2                SATABus::open(int, int, void*)
 .text          0x00000000c001fae2      0x684 hw/diskphys/ata.32
                0x00000000c001fae2                ATA::close(int, int, void*)
                0x00000000c001fb06                ATA::powerSaving(PowerSavingLevel)
                0x00000000c001fb08                ATA::ATA()
                0x00000000c001fb08                ATA::ATA()
                0x00000000c001fb36                ATA::flush(bool)
                0x00000000c001fb80                ATA::readyForCommand()
                0x00000000c001fbcc                ATA::access(unsigned long long, int, void*, bool)
                0x00000000c001ffc2                ATA::read(unsigned long long, int, void*)
                0x00000000c002000e                ATA::write(unsigned long long, int, void*)
                0x00000000c0020070                ATA::detectCHS()
                0x00000000c002009a                ATA::open(int, int, void*)
 .text          0x00000000c0020166      0x645 hw/diskphys/atapi.32
                0x00000000c0020166                ATAPI::write(unsigned long long, int, void*)
                0x00000000c002016c                ATAPI::close(int, int, void*)
                0x00000000c0020190                ATAPI::ATAPI()
                0x00000000c0020190                ATAPI::ATAPI()
                0x00000000c00201be                ATAPI::readyForCommand()
                0x00000000c0020210                ATAPI::sendPacket(unsigned char*, int, bool, unsigned short*, int)
                0x00000000c00204d0                ATAPI::diskRemoved()
                0x00000000c002052c                ATAPI::eject()
                0x00000000c0020574                ATAPI::diskInserted()
                0x00000000c0020590                ATAPI::detectMedia()
                0x00000000c002064c                ATAPI::open(int, int, void*)
                0x00000000c002072c                ATAPI::read(unsigned long long, int, void*)
 *fill*         0x00000000c00207ab        0x1 
 .text          0x00000000c00207ac      0xa68 hw/diskphys/sata.32
                0x00000000c00207ac                SATA::close(int, int, void*)
                0x00000000c00207d0                SATA::powerSaving(PowerSavingLevel)
                0x00000000c00207d2                SATA::open(int, int, void*)
                0x00000000c00209c8                SATA::SATA()
                0x00000000c00209c8                SATA::SATA()
                0x00000000c00209f6                SATA::access(unsigned long long, int, void*, bool)
                0x00000000c0020fee                SATA::read(unsigned long long, int, void*)
                0x00000000c00210ee                SATA::write(unsigned long long, int, void*)
 .text          0x00000000c0021214      0x6d4 hw/diskphys/satapi.32
                0x00000000c0021214                SATAPI::write(unsigned long long, int, void*)
                0x00000000c002121a                SATAPI::close(int, int, void*)
                0x00000000c002123e                SATAPI::SATAPI()
                0x00000000c002123e                SATAPI::SATAPI()
                0x00000000c002126c                SATAPI::diskRemoved()
                0x00000000c00212c8                SATAPI::diskInserted()
                0x00000000c00212e4                SATAPI::sendPacket(unsigned char*, int, unsigned long long, unsigned short*, int)
                0x00000000c0021578                SATAPI::eject()
                0x00000000c00215d0                SATAPI::detectMedia()
                0x00000000c0021710                SATAPI::open(int, int, void*)
                0x00000000c0021810                SATAPI::read(unsigned long long, int, void*)
 .text          0x00000000c00218e8       0x94 hw/fpu/avx.32
                0x00000000c00218e8                AVX::open(int, int, void*)
                0x00000000c00218fc                AVX::close(int, int, void*)
                0x00000000c0021910                AVX::available()
                0x00000000c0021924                AVX::save(void*)
                0x00000000c002193c                AVX::load(void*)
                0x00000000c0021954                AVX::AVX()
                0x00000000c0021954                AVX::AVX()
 .text          0x00000000c002197c       0x94 hw/fpu/mmx.32
                0x00000000c002197c                MMX::available()
                0x00000000c0021990                MMX::open(int, int, void*)
                0x00000000c00219a4                MMX::close(int, int, void*)
                0x00000000c00219b8                MMX::save(void*)
                0x00000000c00219d0                MMX::load(void*)
                0x00000000c00219e8                MMX::MMX()
                0x00000000c00219e8                MMX::MMX()
 .text          0x00000000c0021a10       0x9c hw/fpu/sse.32
                0x00000000c0021a10                SSE::open(int, int, void*)
                0x00000000c0021a24                SSE::close(int, int, void*)
                0x00000000c0021a38                SSE::available()
                0x00000000c0021a54                SSE::save(void*)
                0x00000000c0021a6c                SSE::load(void*)
                0x00000000c0021a84                SSE::SSE()
                0x00000000c0021a84                SSE::SSE()
 .text          0x00000000c0021aac       0x8e hw/fpu/x87.32
                0x00000000c0021aac                x87::open(int, int, void*)
                0x00000000c0021abe                x87::close(int, int, void*)
                0x00000000c0021ad0                x87::available()
                0x00000000c0021ae2                x87::save(void*)
                0x00000000c0021afa                x87::load(void*)
                0x00000000c0021b12                x87::x87()
                0x00000000c0021b12                x87::x87()
 .text          0x00000000c0021b3a      0x71e hw/intctrl/apic.32
                0x00000000c0021b3a                APIC::disable()
                0x00000000c0021b3c                APIC::close(int, int, void*)
                0x00000000c0021b5e                IOAPIC::close(int, int, void*)
                0x00000000c0021b64                APIC::io_wait()
                0x00000000c0021b6a                APIC::getBase()
                0x00000000c0021bac                APIC::eoi(unsigned char)
                0x00000000c0021bda                APIC::open(int, int, void*)
                0x00000000c0021d28                IOAPIC::IOAPIC()
                0x00000000c0021d28                IOAPIC::IOAPIC()
                0x00000000c0021d50                APIC::APIC()
                0x00000000c0021d50                APIC::APIC()
                0x00000000c0021e2c                IOAPIC::handlesGSIWithNumber(unsigned int)
                0x00000000c0021e5e                IOAPIC::read(int)
                0x00000000c0021e86                IOAPIC::open(int, int, void*)
                0x00000000c0021f7c                IOAPIC::write(int, int)
                0x00000000c0021fa8                IOAPIC::redirect(unsigned char, unsigned long long, unsigned char, bool, bool)
                0x00000000c00220a2                APIC::installIRQHandler(int, void (*)(regs*, void*), bool, void*)
 .text          0x00000000c0022258      0x3d3 hw/intctrl/pic.32
                0x00000000c0022258                PIC::disable()
                0x00000000c0022286                PIC::close(int, int, void*)
                0x00000000c00222a8                PIC::PIC()
                0x00000000c00222a8                PIC::PIC()
                0x00000000c002237e                PIC::ioWait()
                0x00000000c0022384                PIC::getIRQReg(int)
                0x00000000c00223ee                PIC::eoi(unsigned char)
                0x00000000c0022480                PIC::remap()
                0x00000000c00225ec                PIC::open(int, int, void*)
 *fill*         0x00000000c002262b        0x1 
 .text          0x00000000c002262c      0x240 hw/timer/apictimer.32
                0x00000000c002262c                APICTimer::close(int, int, void*)
                0x00000000c0022634                apicTimerHandler(regs*, void*)
                0x00000000c002265c                APICTimer::write(int)
                0x00000000c0022744                APICTimer::open(int, int, void*)
                0x00000000c0022844                APICTimer::APICTimer()
                0x00000000c0022844                APICTimer::APICTimer()
 .text          0x00000000c002286c      0x1a3 hw/timer/pit.32
                0x00000000c002286c                PIT::write(int)
                0x00000000c00228ec                pitHandler(regs*, void*)
                0x00000000c0022910                PIT::open(int, int, void*)
                0x00000000c0022960                PIT::close(int, int, void*)
                0x00000000c0022990                PIT::PIT()
                0x00000000c0022990                PIT::PIT()
 *fill*         0x00000000c0022a0f        0x1 
 .text          0x00000000c0022a10       0x83 hw/fpu/x86/avx.32
                0x00000000c0022a10                avxDetect
                0x00000000c0022a3a                avxSave
                0x00000000c0022a4b                avxLoad
                0x00000000c0022a5c                avxInit
                0x00000000c0022a7e                avxClose
                0x00000000c0022a7f                wouldSheSayYes
 *fill*         0x00000000c0022a93        0xd 
 .text          0x00000000c0022aa0       0x39 hw/fpu/x86/sse.32
                0x00000000c0022aa0                absolutelyNoChanceInHell
                0x00000000c0022aa0                sseDetect
                0x00000000c0022ab8                sseSave
                0x00000000c0022ac0                sseLoad
                0x00000000c0022ac8                sseInit
                0x00000000c0022ad8                sseClose
 *fill*         0x00000000c0022ad9        0x7 
 .text          0x00000000c0022ae0       0x49 hw/fpu/x86/x87.32
                0x00000000c0022ae6                x87Detect
                0x00000000c0022b01                x87Save
                0x00000000c0022b08                x87Load
                0x00000000c0022b0f                x87Init
                0x00000000c0022b28                x87Close
 *fill*         0x00000000c0022b29        0x3 
 .text          0x00000000c0022b2c       0x25 /cygdrive/d/Users/Alex/Desktop/Toolchain/Output/bin/../lib/gcc/i386-banana/8.1.0/crtend.o
 .text          0x00000000c0022b51        0x0 crtn.32
 *fill*         0x00000000c0022b51        0x3 
 .text          0x00000000c0022b54      0x14b /cygdrive/d/Users/Alex/Desktop/Toolchain/Output/bin/../lib/gcc/i386-banana/8.1.0/libkgcc.a(_divdi3.o)
                0x00000000c0022b54                __divdi3
 *fill*         0x00000000c0022c9f        0x1 
 .text          0x00000000c0022ca0      0x17e /cygdrive/d/Users/Alex/Desktop/Toolchain/Output/bin/../lib/gcc/i386-banana/8.1.0/libkgcc.a(_moddi3.o)
                0x00000000c0022ca0                __moddi3
 *fill*         0x00000000c0022e1e        0x2 
 .text          0x00000000c0022e20       0xff /cygdrive/d/Users/Alex/Desktop/Toolchain/Output/bin/../lib/gcc/i386-banana/8.1.0/libkgcc.a(_udivdi3.o)
                0x00000000c0022e20                __udivdi3
 *fill*         0x00000000c0022f1f        0x1 
 .text          0x00000000c0022f20      0x11a /cygdrive/d/Users/Alex/Desktop/Toolchain/Output/bin/../lib/gcc/i386-banana/8.1.0/libkgcc.a(_umoddi3.o)
                0x00000000c0022f20                __umoddi3
 *(.gnu.linkonce.t*)

.iplt           0x00000000c0023040        0x0
 .iplt          0x00000000c0023040        0x0 D:/Users/Alex/Desktop/Banana/kernel/boot.32

.init           0x00000000c002303a        0xf
 .init          0x00000000c002303a        0x3 crti.32
                0x00000000c002303a                _init
 .init          0x00000000c002303d        0x5 /cygdrive/d/Users/Alex/Desktop/Toolchain/Output/bin/../lib/gcc/i386-banana/8.1.0/crtbegin.o
 .init          0x00000000c0023042        0x5 /cygdrive/d/Users/Alex/Desktop/Toolchain/Output/bin/../lib/gcc/i386-banana/8.1.0/crtend.o
 .init          0x00000000c0023047        0x2 crtn.32

.fini           0x00000000c0023049        0xa
 .fini          0x00000000c0023049        0x3 crti.32
                0x00000000c0023049                _fini
 .fini          0x00000000c002304c        0x5 /cygdrive/d/Users/Alex/Desktop/Toolchain/Output/bin/../lib/gcc/i386-banana/8.1.0/crtbegin.o
 .fini          0x00000000c0023051        0x2 crtn.32

.text._ZN8ComputerD2Ev
                0x00000000c0023054       0x23
 .text._ZN8ComputerD2Ev
                0x00000000c0023054       0x23 core/computer.32
                0x00000000c0023054                Computer::~Computer()
                0x00000000c0023054                Computer::~Computer()

.text._ZN8ComputerD0Ev
                0x00000000c0023078       0x2a
 .text._ZN8ComputerD0Ev
                0x00000000c0023078       0x2a core/computer.32
                0x00000000c0023078                Computer::~Computer()

.text._Z10idleCommonv
                0x00000000c00230a2       0x21
 .text._Z10idleCommonv
                0x00000000c00230a2       0x21 core/idle.32
                0x00000000c00230a2                idleCommon()

.text._ZN10LinkedListI8UnixFileED2Ev
                0x00000000c00230c4        0x2
 .text._ZN10LinkedListI8UnixFileED2Ev
                0x00000000c00230c4        0x2 core/unixfile.32
                0x00000000c00230c4                LinkedList<UnixFile>::~LinkedList()
                0x00000000c00230c4                LinkedList<UnixFile>::~LinkedList()

.text._ZN10LinkedListI8UnixFileEC2Ev
                0x00000000c00230c6       0x42
 .text._ZN10LinkedListI8UnixFileEC2Ev