Archive member included to satisfy reference by file (symbol)

/cygdrive/d/Users/Alex/Desktop/Toolchain/Output/bin/../lib/gcc/i386-banana/8.1.0/libkgcc.a(_divdi3.o)
                              fs/fat/ff.32 (__divdi3)
/cygdrive/d/Users/Alex/Desktop/Toolchain/Output/bin/../lib/gcc/i386-banana/8.1.0/libkgcc.a(_moddi3.o)
                              thr/elf.32 (__moddi3)
/cygdrive/d/Users/Alex/Desktop/Toolchain/Output/bin/../lib/gcc/i386-banana/8.1.0/libkgcc.a(_udivdi3.o)
                              fs/fat/ff.32 (__udivdi3)
/cygdrive/d/Users/Alex/Desktop/Toolchain/Output/bin/../lib/gcc/i386-banana/8.1.0/libkgcc.a(_umoddi3.o)
                              core/pipe.32 (__umoddi3)
D:/Users/Alex/Desktop/Banana/kernel/libsoftfp.a(sfieeelib.o)
                              hal/sound/sndhw.32 (__addsf3)
D:/Users/Alex/Desktop/Banana/kernel/libsoftfp.a(dfieeelib.o)
                              hal/libresample/src_linear.32 (__adddf3)
D:/Users/Alex/Desktop/Banana/kernel/libsoftfp.a(sfdfcvt.o)
                              hal/libresample/samplerate.32 (__truncdfsf2)
D:/Users/Alex/Desktop/Banana/kernel/libk/libm32.a(s_fabs.c.o)
                              hal/libresample/samplerate.32 (fabs)
D:/Users/Alex/Desktop/Banana/kernel/libk/libm32.a(s_lrint.S.o)
                              hal/libresample/samplerate.32 (lrint)
D:/Users/Alex/Desktop/Banana/kernel/libk/libm32.a(s_lrintf.S.o)
                              hal/sound/sndhw.32 (lrintf)

Discarded input sections

 .comment       0x0000000000000000       0x12 /cygdrive/d/Users/Alex/Desktop/Toolchain/Output/bin/../lib/gcc/i386-banana/8.1.0/crtbegin.o
 .comment       0x0000000000000000       0x12 acpica/utclib.32
 .comment       0x0000000000000000       0x12 core/malloc.32
 .comment       0x0000000000000000       0x12 libk/string.32
 .comment       0x0000000000000000       0x12 fs/fat/diskio.32
 .comment       0x0000000000000000       0x12 fs/fat/ff.32
 .comment       0x0000000000000000       0x12 fs/fat/ffsystem.32
 .comment       0x0000000000000000       0x12 fs/fat/ffunicode.32
 .comment       0x0000000000000000       0x12 hal/libresample/samplerate.32
 .comment       0x0000000000000000       0x12 hal/libresample/src_linear.32
 .comment       0x0000000000000000       0x12 hal/libresample/src_sinc.32
 .comment       0x0000000000000000       0x12 hal/libresample/src_zoh.32
 .group         0x0000000000000000       0x14 core/computer.32
 .group         0x0000000000000000        0xc core/computer.32
 .comment       0x0000000000000000       0x12 core/computer.32
 .comment       0x0000000000000000       0x12 core/gdt.32
 .group         0x0000000000000000        0xc core/idle.32
 .comment       0x0000000000000000       0x12 core/idle.32
 .comment       0x0000000000000000       0x12 core/idt.32
 .group         0x0000000000000000        0x8 core/kheap.32
 .group         0x0000000000000000        0x8 core/kheap.32
 .comment       0x0000000000000000       0x12 core/kheap.32
 .comment       0x0000000000000000       0x12 core/main.32
 .comment       0x0000000000000000       0x12 core/physmgr.32
 .group         0x0000000000000000        0xc core/pipe.32
 .comment       0x0000000000000000       0x12 core/pipe.32
 .group         0x0000000000000000        0xc core/terminal.32
 .comment       0x0000000000000000       0x12 core/terminal.32
 .group         0x0000000000000000        0x8 core/tss.32
 .text._ZN3CPU7readCR3Ev
                0x0000000000000000       0x12 core/tss.32
 .comment       0x0000000000000000       0x12 core/tss.32
 .group         0x0000000000000000        0x8 core/unixfile.32
 .group         0x0000000000000000        0xc core/unixfile.32
 .group         0x0000000000000000        0xc core/unixfile.32
 .group         0x0000000000000000        0x8 core/unixfile.32
 .group         0x0000000000000000        0xc core/unixfile.32
 .group         0x0000000000000000        0x8 core/unixfile.32
 .group         0x0000000000000000        0xc core/unixfile.32
 .group         0x0000000000000000        0xc core/unixfile.32
 .comment       0x0000000000000000       0x12 core/unixfile.32
 .group         0x0000000000000000        0x8 core/virtmgr.32
 .group         0x0000000000000000        0x8 core/virtmgr.32
 .text._ZN3CPU7readCR3Ev
                0x0000000000000000       0x12 core/virtmgr.32
 .text._ZN3CPU8writeCR3Em
                0x0000000000000000        0x9 core/virtmgr.32
 .comment       0x0000000000000000       0x12 core/virtmgr.32
 .comment       0x0000000000000000       0x12 coreobjs/c++.32
 .comment       0x0000000000000000       0x12 dbg/kconsole.32
 .group         0x0000000000000000        0xc fs/vfs.32
 .group         0x0000000000000000        0xc fs/vfs.32
 .group         0x0000000000000000        0xc fs/vfs.32
 .comment       0x0000000000000000       0x12 fs/vfs.32
 .group         0x0000000000000000        0xc hal/bus.32
 .comment       0x0000000000000000       0x12 hal/bus.32
 .group         0x0000000000000000        0xc hal/buzzer.32
[...]
Memory Configuration

Name             Origin             Length             Attributes
*default*        0x0000000000000000 0xffffffffffffffff

Linker script and memory map

LOAD D:/Users/Alex/Desktop/Banana/kernel/boot.32
LOAD crti.32
LOAD /cygdrive/d/Users/Alex/Desktop/Toolchain/Output/bin/../lib/gcc/i386-banana/8.1.0/crtbegin.o
LOAD D:/Users/Alex/Desktop/Banana/kernel/morenasm.32
LOAD acpica/utclib.32
LOAD core/malloc.32
LOAD libk/string.32
LOAD fs/fat/diskio.32
LOAD fs/fat/ff.32
LOAD fs/fat/ffsystem.32
LOAD fs/fat/ffunicode.32
LOAD hal/libresample/samplerate.32
LOAD hal/libresample/src_linear.32
LOAD hal/libresample/src_sinc.32
LOAD hal/libresample/src_zoh.32
LOAD core/computer.32
LOAD core/gdt.32
LOAD core/idle.32
LOAD core/idt.32
LOAD core/kheap.32
LOAD core/main.32
LOAD core/physmgr.32
LOAD core/pipe.32
LOAD core/terminal.32
LOAD core/tss.32
LOAD core/unixfile.32
LOAD core/virtmgr.32
LOAD coreobjs/c++.32
LOAD dbg/kconsole.32
LOAD fs/vfs.32
LOAD hal/bus.32
LOAD hal/buzzer.32
LOAD hal/clock.32
LOAD hal/device.32
LOAD hal/diskctrl.32
LOAD hal/diskphys.32
LOAD hal/fpu.32
LOAD hal/intctrl.32
LOAD hal/keybrd.32
LOAD hal/logidisk.32
LOAD hal/mouse.32
LOAD hal/partition.32
LOAD hal/timer.32
LOAD hal/vcache.32
LOAD hal/video.32
LOAD hw/acpi.32
LOAD hw/cpu.32
LOAD hw/ports.32
LOAD krnl/panic.32
LOAD reg/registry.32
LOAD sys/sc_exit.32
LOAD sys/sc_loaddll.32
LOAD sys/sc_read.32
LOAD sys/sc_sbrk.32
LOAD sys/sc_write.32
LOAD sys/sc_yield.32
LOAD sys/syscalls.32
LOAD thr/elf.32
LOAD thr/prcssthr.32
LOAD vm86/vm8086.32
LOAD vm86/x87em.32
LOAD fs/fat/vfslink.32
LOAD fs/iso9660/vfslink.32
LOAD hal/sound/sndchannel.32
LOAD hal/sound/sndhw.32
LOAD hw/bus/isa.32
LOAD hw/bus/pci.32
LOAD hw/diskctrl/ide.32
LOAD hw/diskphys/ata.32
LOAD hw/diskphys/atapi.32
LOAD hw/fpu/avx.32
LOAD hw/fpu/mmx.32
LOAD hw/fpu/sse.32
LOAD hw/fpu/x87.32
LOAD hw/intctrl/apic.32
LOAD hw/intctrl/pic.32
LOAD hw/timer/apictimer.32
LOAD hw/timer/pit.32
LOAD hw/fpu/x86/avx.32
LOAD hw/fpu/x86/sse.32
LOAD hw/fpu/x86/x87.32
LOAD /cygdrive/d/Users/Alex/Desktop/Toolchain/Output/bin/../lib/gcc/i386-banana/8.1.0/crtend.o
LOAD crtn.32
LOAD /cygdrive/d/Users/Alex/Desktop/Toolchain/Output/bin/../lib/gcc/i386-banana/8.1.0/libkgcc.a
LOAD D:/Users/Alex/Desktop/Banana/kernel/libsoftfp.a
LOAD D:/Users/Alex/Desktop/Banana/kernel/libk/libm32.a
                0x00000000c0000000                . = 0xc0000000

.text           0x00000000c0000000    0x25098
 *(.text)
 .text          0x00000000c0000000       0x41 D:/Users/Alex/Desktop/Banana/kernel/boot.32
                0x00000000c0000020                callGlobalConstructors
 .text          0x00000000c0000041        0x0 crti.32
 *fill*         0x00000000c0000041        0x3 
 .text          0x00000000c0000044      0x101 /cygdrive/d/Users/Alex/Desktop/Toolchain/Output/bin/../lib/gcc/i386-banana/8.1.0/crtbegin.o
 *fill*         0x00000000c0000145        0xb 
 .text          0x00000000c0000150      0x4dc D:/Users/Alex/Desktop/Banana/kernel/morenasm.32
                0x00000000c0000150                prepareTramp
                0x00000000c0000169                voodooXADD
                0x00000000c0000234                doTPAUSE
                0x00000000c000023e                hasLegacyFPU
                0x00000000c0000263                is486
                0x00000000c0000299                goToVM86
                0x00000000c00002ca                goToUsermode
                0x00000000c00002f5                switchToThreadASMFirstTime
                0x00000000c0000303                switchToThreadASM
                0x00000000c00003a3                detectCPUID
                0x00000000c00003b9                asmQuickAcquireLock
                0x00000000c00003d7                asmQuickReleaseLock
                0x00000000c00003e3                asmAcquireLock
                0x00000000c0000404                asmReleaseLock
                0x00000000c0000417                loadGDT
                0x00000000c0000437                isr0
                0x00000000c0000447                isr1
                0x00000000c0000451                isr2
                0x00000000c000045b                isr3
                0x00000000c0000465                isr4
                0x00000000c000046f                isr5
                0x00000000c0000479                isr6
                0x00000000c0000483                isr7
                0x00000000c000048d                isr8
                0x00000000c0000495                isr9
                0x00000000c000049f                isr10
                0x00000000c00004a7                isr11
                0x00000000c00004af                isr12
                0x00000000c00004b7                isr13
                0x00000000c00004bf                isr14
                0x00000000c00004c7                isr15
                0x00000000c00004d1                isr16
                0x00000000c00004db                isr17
                0x00000000c00004e5                isr18
                0x00000000c00004ef                isr96
                0x00000000c00004f9                irq0
                0x00000000c0000503                irq1
                0x00000000c000050d                irq2
                0x00000000c0000517                irq3
                0x00000000c0000521                irq4
                0x00000000c000052b                irq5
                0x00000000c0000535                irq6
                0x00000000c000053f                irq7
                0x00000000c0000549                irq8
                0x00000000c0000553                irq9
                0x00000000c000055d                irq10
                0x00000000c0000567                irq11
                0x00000000c0000571                irq12
                0x00000000c000057b                irq13
                0x00000000c0000585                irq14
                0x00000000c000058f                irq15
                0x00000000c0000599                irq16
                0x00000000c00005a3                irq17
                0x00000000c00005ad                irq18
                0x00000000c00005b7                irq19
                0x00000000c00005c1                irq20
                0x00000000c00005cb                irq21
                0x00000000c00005d5                irq22
                0x00000000c00005df                irq23
                0x00000000c00005e9                int_common_stub
                0x00000000c000060a                syscall_common_stub
 .text          0x00000000c000062c      0x40f acpica/utclib.32
                0x00000000c000062c                memcmp
                0x00000000c0000657                memmove
                0x00000000c000068f                memcpy
                0x00000000c00006c5                memset
                0x00000000c00006e2                strlen
                0x00000000c00006f2                strpbrk
                0x00000000c0000715                strtok
                0x00000000c0000764                strcpy
                0x00000000c0000784                strncpy
                0x00000000c00007b5                strcmp
                0x00000000c00007d6                strchr
                0x00000000c00007ec                strncmp
                0x00000000c000081b                strcat
                0x00000000c0000842                strncat
                0x00000000c000087c                strstr
                0x00000000c00008b9                toupper
                0x00000000c00008cd                tolower
                0x00000000c00008e1                simple_strtoul
 .text          0x00000000c0000a3b      0xfbf core/malloc.32
                0x00000000c0000ba6                dlfree
                0x00000000c0000f01                dlmalloc
                0x00000000c000143e                dlrealloc
                0x00000000c00015f3                dlmemalign
                0x00000000c0001716                dlcalloc
                0x00000000c00017b0                dlcfree
                0x00000000c00017b5                dlindependent_calloc
                0x00000000c00017da                dlindependent_comalloc
                0x00000000c00017f1                dlvalloc
                0x00000000c000181c                dlpvalloc
                0x00000000c0001852                dlmalloc_trim
                0x00000000c000185f                dlmalloc_usable_size
                0x00000000c0001890                dlmallinfo
                0x00000000c000195f                dlmalloc_stats
                0x00000000c0001970                dlmallopt
 .text          0x00000000c00019fa        0x0 libk/string.32
 .text          0x00000000c00019fa       0x51 fs/fat/diskio.32
                0x00000000c00019fa                disk_status
                0x00000000c00019fd                disk_initialize
                0x00000000c0001a00                disk_read
                0x00000000c0001a16                disk_write
                0x00000000c0001a2c                disk_ioctl
 .text          0x00000000c0001a4b     0x6833 fs/fat/ff.32
                0x00000000c0004d19                f_mount
                0x00000000c0004d7b                f_open
                0x00000000c00051b7                f_read
                0x00000000c0005437                f_write
                0x00000000c00056f1                f_sync
                0x00000000c00058cd                f_close
                0x00000000c00058fc                f_lseek
                0x00000000c0005db3                f_opendir
                0x00000000c0005eb5                f_closedir
                0x00000000c0005ed7                f_readdir
                0x00000000c0005f72                f_stat
                0x00000000c0006001                f_getfree
                0x00000000c00061cc                f_truncate
                0x00000000c00062c4                f_unlink
                0x00000000c0006447                f_mkdir
                0x00000000c0006673                f_rename
                0x00000000c0006966                f_chmod
                0x00000000c0006a44                f_utime
                0x00000000c0006b22                f_getlabel
                0x00000000c0006d10                f_setlabel
                0x00000000c0006f7d                f_forward
                0x00000000c000715b                f_mkfs
 .text          0x00000000c000827e       0x2d fs/fat/ffsystem.32
                0x00000000c000827e                ff_memalloc
                0x00000000c0008294                ff_memfree
 .text          0x00000000c00082ab      0x253 fs/fat/ffunicode.32
                0x00000000c00082ab                ff_uni2oem
                0x00000000c000833b                ff_oem2uni
                0x00000000c00083a7                ff_wtoupper
 .text          0x00000000c00084fe      0x8a1 hal/libresample/samplerate.32
                0x00000000c00085a5                src_delete
                0x00000000c00085e1                src_process
                0x00000000c0008755                src_callback_read
                0x00000000c00088b0                src_set_ratio
                0x00000000c00088f9                src_get_channels
                0x00000000c000891b                src_reset
                0x00000000c0008967                src_new
                0x00000000c00089f5                src_callback_new
                0x00000000c0008a57                src_get_name
                0x00000000c0008a8e                src_get_description
                0x00000000c0008ac5                src_get_version
                0x00000000c0008acb                src_is_valid_ratio
                0x00000000c0008ae7                src_error
                0x00000000c0008af5                src_strerror
                0x00000000c0008b08                src_simple
                0x00000000c0008b5b                src_short_to_float_array
                0x00000000c0008bc0                src_float_to_short_array
                0x00000000c0008c7f                src_int_to_float_array
                0x00000000c0008ce2                src_float_to_int_array
 .text          0x00000000c0008d9f      0x8f0 hal/libresample/src_linear.32
                0x00000000c00095ea                linear_get_name
                0x00000000c00095f9                linear_get_description
                0x00000000c0009608                linear_set_converter
 .text          0x00000000c000968f     0x40fd hal/libresample/src_sinc.32
                0x00000000c000d6a3                sinc_get_name
                0x00000000c000d6b6                sinc_get_description
                0x00000000c000d6c9                sinc_set_converter
 .text          0x00000000c000d78c      0x7a6 hal/libresample/src_zoh.32
                0x00000000c000de8d                zoh_get_name
                0x00000000c000de9c                zoh_get_description
                0x00000000c000deab                zoh_set_converter
 .text          0x00000000c000df32      0x9e1 core/computer.32
                0x00000000c000df32                Computer::close(int, int, void*)
                0x00000000c000df76                Computer::Computer()
                0x00000000c000df76                Computer::Computer()
                0x00000000c000e0d2                Computer::setBootMessage(char const*)
                0x00000000c000e0d4                Computer::start()
                0x00000000c000e1b0                firstTask()
                0x00000000c000e1be                Computer::detectFeatures()
                0x00000000c000e398                Computer::displayFeatures()
                0x00000000c000e6de                Computer::rdmsr(unsigned int)
                0x00000000c000e70a                Computer::wrmsr(unsigned int, unsigned long long)
                0x00000000c000e742                Computer::nmiEnabled()
                0x00000000c000e74e                Computer::readCMOS(unsigned char)
                0x00000000c000e768                Computer::enableNMI(bool)
                0x00000000c000e780                Computer::open(int, int, void*)
                0x00000000c000e856                Computer::disableNMI()
                0x00000000c000e864                Computer::writeCMOS(unsigned char, unsigned char)
                0x00000000c000e882                Computer::handleNMI()
                0x00000000c000e8e8                Computer::setDiskActivityLight(int, bool)
 *fill*         0x00000000c000e913        0x1 
 .text          0x00000000c000e914      0x1b7 core/gdt.32
                0x00000000c000e914                GDTEntry::setBase(unsigned int)
                0x00000000c000e930                GDTEntry::setLimit(unsigned int)
                0x00000000c000e94e                GDT::GDT()
                0x00000000c000e94e                GDT::GDT()
                0x00000000c000e964                GDT::addEntry(GDTEntry)
                0x00000000c000e9a0                GDT::getNumberOfEntries()
                0x00000000c000e9a8                GDT::flush()
                0x00000000c000e9ca                GDT::setup()
 .text          0x00000000c000eacb       0x61 core/idle.32
                0x00000000c000eacb                idleFunction(void*)
 .text          0x00000000c000eb2c      0x45f core/idt.32
                0x00000000c000eb2c                IDTEntry::IDTEntry(bool)
                0x00000000c000eb2c                IDTEntry::IDTEntry(bool)
                0x00000000c000eb9a                IDTEntry::setOffset(unsigned int)
                0x00000000c000ebae                IDT::IDT()
                0x00000000c000ebae                IDT::IDT()
                0x00000000c000ebb0                IDT::getPointerToInvalidOpcodeEntryForF00F()
                0x00000000c000ebb8                IDT::addEntry(IDTEntry, int)
                0x00000000c000ebd2                IDT::addEntry(int, void (*)(), bool)
                0x00000000c000ec0a                IDT::flush()
                0x00000000c000ec24                IDT::setup()
 .text          0x00000000c000ef8b      0x20d core/kheap.32
                0x00000000c000ef8b                sbrk
                0x00000000c000f0a3                mmap
                0x00000000c000f0b9                munmap
                0x00000000c000f0cf                liballoc_lock()
                0x00000000c000f0e0                liballoc_unlock()
                0x00000000c000f0f1                liballoc_alloc(int)
                0x00000000c000f10c                liballoc_free(void*, int)
                0x00000000c000f12a                realloc
                0x00000000c000f13e                malloc
                0x00000000c000f14e                free
                0x00000000c000f15e                rfree
                0x00000000c000f16e                calloc
 .text          0x00000000c000f198      0x38d core/main.32
                0x00000000c000f198                hwTextMode_loadInData(VgaText*)
                0x00000000c000f1dd                hwTextMode_loadInTitle(VgaText*, char*)
                0x00000000c000f21f                hwTextMode_showCursor(VgaText*, bool)
                0x00000000c000f273                hwTextMode_update(VgaText*)
                0x00000000c000f274                hwTextMode_updateCursor(VgaText*)
                0x00000000c000f2bc                hwTextMode_disableBlink(VgaText*, bool)
                0x00000000c000f2f8                hwTextMode_scrollScreen(VgaText*)
                0x00000000c000f37e                hwTextMode_writeCharacter(VgaText*, char, VgaColour, VgaColour, int, int)
                0x00000000c000f3dc                setupTextMode()
                0x00000000c000f42d                kernel_main
 .text          0x00000000c000f525      0x4f3 core/physmgr.32
                0x00000000c000f525                Phys::allocateDMA(unsigned long)
                0x00000000c000f5c8                Phys::freeDMA(unsigned long, unsigned long)
                0x00000000c000f610                Phys::setPageState(unsigned long, bool)
                0x00000000c000f642                Phys::getPageState(unsigned long)
                0x00000000c000f65e                Phys::freePage(unsigned long)
                0x00000000c000f6e8                Phys::allocatePage()
                0x00000000c000f7b0                Phys::allowSegmentToBeUsed(unsigned long, unsigned long)
                0x00000000c000f7e8                Phys::physicalMemorySetup(unsigned int)
 .text          0x00000000c000fa18      0x273 core/pipe.32
                0x00000000c000fa18                Pipe::isAtty()
                0x00000000c000fa1c                Pipe::~Pipe()
                0x00000000c000fa1c                Pipe::~Pipe()
                0x00000000c000fa40                Pipe::~Pipe()
                0x00000000c000fa68                Pipe::read(unsigned long long, void*, int*)
                0x00000000c000fb5c                Pipe::write(unsigned long long, void*, int*)
                0x00000000c000fc24                Pipe::Pipe(int)
                0x00000000c000fc24                Pipe::Pipe(int)
 *fill*         0x00000000c000fc8b        0x1 
 .text          0x00000000c000fc8c      0xf65 core/terminal.32
                0x00000000c000fc8c                VgaText::isAtty()
                0x00000000c000fc90                VgaText::~VgaText()
                0x00000000c000fc90                VgaText::~VgaText()
                0x00000000c000fcb4                VgaText::~VgaText()
                0x00000000c000fcde                VgaText::read(unsigned long long, void*, int*)
                0x00000000c000fcfe                setTerminalScrollLock(bool)
                0x00000000c000fcff                addToTerminalCycle(VgaText*)
                0x00000000c000fd2c                installVgaTextImplementation()
                0x00000000c000fd41                scrollTerminalScrollLock(int)
                0x00000000c000fd42                VgaText::load()
                0x00000000c000fd96                VgaText::updateCursor()
                0x00000000c000fdb0                VgaText::showCursor(bool)
                0x00000000c000fdc0                VgaText::disableBlink(bool)
                0x00000000c000fdfa                VgaText::doANSI_SGR(int)
                0x00000000c000fe86                VgaText::setDefaultBgColour(VgaColour)
                0x00000000c000fe9c                VgaText::setDefaultFgColour(VgaColour)
                0x00000000c000feb2                VgaText::setDefaultColours(VgaColour, VgaColour)
                0x00000000c000fed2                VgaText::combineColours(unsigned char, unsigned char)
                0x00000000c000fee4                VgaText::scrollScreen()
                0x00000000c000ff78                VgaText::combineCharAndColour(char, unsigned char)
                0x00000000c000ff8a                VgaText::writeCharacter(char, VgaColour, VgaColour, int, int)
                0x00000000c000ffea                VgaText::getCursorX()
                0x00000000c000fff6                VgaText::getCursorY()
                0x00000000c0010002                VgaText::setCursor(int, int)
                0x00000000c0010020                VgaText::setCursorX(int)
                0x00000000c001003c                VgaText::setCursorY(int)
                0x00000000c0010058                VgaText::incrementCursor(bool)
                0x00000000c00100c0                VgaText::updateRAMUsageDisplay(int)
                0x00000000c001011a                VgaText::updateDiskUsage()
                0x00000000c0010280                VgaText::updateTitle()
                0x00000000c00102c6                VgaText::setTitleTextColour(VgaColour)
                0x00000000c00102d6                VgaText::setTitleColour(VgaColour)
                0x00000000c00102e6                VgaText::setTitle(char*)
                0x00000000c001030c                VgaText::decrementCursor(bool)
                0x00000000c0010334                VgaText::putchar(char, VgaColour, VgaColour)
                0x00000000c0010430                VgaText::isShowingCursor()
                0x00000000c001043c                VgaText::isBlinkDisabled()
                0x00000000c001044a                VgaText::setCursorHeight(int)
                0x00000000c0010468                VgaText::getCursorHeight()
                0x00000000c0010473                setActiveTerminal(VgaText*)
                0x00000000c0010525                doTerminalCycle()
                0x00000000c0010542                VgaText::doUpdate()
                0x00000000c0010554                VgaText::puts(char const*, VgaColour, VgaColour)
                0x00000000c0010714                VgaText::clearScreen()
                0x00000000c0010778                VgaText::putchar(char)
                0x00000000c0010892                VgaText::puts(char const*)
                0x00000000c00108b8                VgaText::putx(unsigned int)
                0x00000000c00108fe                VgaText::VgaText(char const*)
                0x00000000c00108fe                VgaText::VgaText(char const*)
                0x00000000c0010a90                VgaText::receiveKey(unsigned char)
                0x00000000c0010b78                VgaText::write(unsigned long long, void*, int*)
                0x00000000c0010bcc                newTerminal(char*)
 *fill*         0x00000000c0010bf1        0x1 
 .text          0x00000000c0010bf2      0x1a7 core/tss.32
                0x00000000c0010bf2                TSS::TSS()
                0x00000000c0010bf2                TSS::TSS()
                0x00000000c0010c00                TSS::setESP(unsigned long)
                0x00000000c0010c12                TSS::flush()
                0x00000000c0010c32                TSS::setup(unsigned long, unsigned long)
 *fill*         0x00000000c0010d99        0x1 
 .text          0x00000000c0010d9a      0x482 core/unixfile.32
                0x00000000c0010d9a                ReservedFilename::read(unsigned long long, void*, int*)
                0x00000000c0010df0                ReservedFilename::isAtty()
                0x00000000c0010e0c                ReservedFilename::write(unsigned long long, void*, int*)
                0x00000000c0010e6a                UnixFile::getFileDescriptor()
                0x00000000c0010e72                UnixFile::UnixFile(int)
                0x00000000c0010e72                UnixFile::UnixFile(int)
                0x00000000c0010fe2                ReservedFilename::ReservedFilename(int)
                0x00000000c0010fe2                ReservedFilename::ReservedFilename(int)
                0x00000000c0011014                UnixFile::~UnixFile()
                0x00000000c0011014                UnixFile::~UnixFile()
                0x00000000c00110ac                UnixFile::~UnixFile()
                0x00000000c00110d4                ReservedFilename::~ReservedFilename()
                0x00000000c00110d4                ReservedFilename::~ReservedFilename()
                0x00000000c00110f8                ReservedFilename::~ReservedFilename()
                0x00000000c001111f                getFromFileDescriptor(int)
 .text          0x00000000c001121c      0xec7 core/virtmgr.32
                0x00000000c001121c                Virt::setPageState(unsigned long, Virt::VirtPageState)
                0x00000000c0011251                Virt::getPageState(unsigned long)
                0x00000000c0011275                Virt::allocateKernelVirtualPages(int)
                0x00000000c0011386                Virt::virtualMemorySetup()
                0x00000000c0011405                Virt::getAKernelVAS()
                0x00000000c001140b                Virt::setupPageSwapping(int)
                0x00000000c0011530                VAS::VAS()
                0x00000000c0011530                VAS::VAS()
                0x00000000c0011560                VAS::VAS(VAS*)
                0x00000000c0011560                VAS::VAS(VAS*)
                0x00000000c0011584                VAS::getForeignPageTableEntry(bool, unsigned long)
                0x00000000c00115b0                VAS::getPageTableEntry(unsigned long)
                0x00000000c00115cf                Virt::freeKernelVirtualPages(unsigned long)
                0x00000000c00116f2                VAS::freeAllocatedPages(unsigned long)
                0x00000000c0011716                VAS::virtualToPhysical(unsigned long)
                0x00000000c001172e                VAS::reflagRange(unsigned long, int, int, int)
                0x00000000c001176e                VAS::setToWriteCombining(unsigned long, int)
                0x00000000c00117a6                VAS::mapOtherVASIn(bool, VAS*)
                0x00000000c00117dc                VAS::~VAS()
                0x00000000c00117dc                VAS::~VAS()
                0x00000000c0011948                VAS::mapPage(unsigned long, unsigned long, int)
                0x00000000c0011a48                VAS::allocatePages(int, int)
                0x00000000c0011c18                VAS::setCPUSpecific(unsigned long)
                0x00000000c0011c34                VAS::mapRange(unsigned long, unsigned long, int, int)
                0x00000000c0011cfe                VAS::mapForeignPage(bool, VAS*, unsigned long, unsigned long, int)
                0x00000000c0011dec                VAS::VAS(bool)
                0x00000000c0011dec                VAS::VAS(bool)
                0x00000000c001201c                mapVASFirstTime
 .text          0x00000000c00120e3       0x93 coreobjs/c++.32
                0x00000000c00120e3                __cxa_atexit
                0x00000000c00120e6                __cxa_finalize
                0x00000000c00120e7                __stack_chk_fail
                0x00000000c0012147                __cxa_pure_virtual
                0x00000000c0012158                operator new(unsigned long)
                0x00000000c001215d                operator new[](unsigned long)
                0x00000000c0012162                operator delete(void*)
                0x00000000c0012167                operator delete(void*, unsigned long)
                0x00000000c001216c                operator delete[](void*)
                0x00000000c0012171                operator delete[](void*, unsigned long)
 .text          0x00000000c0012176      0x1ef dbg/kconsole.32
                0x00000000c0012176                Dbg::stringifyxWithBase(unsigned int, char*, int)
                0x00000000c00121d7                Dbg::logc(char)
                0x00000000c00121ee                Dbg::logs(char*)
                0x00000000c001220b                Dbg::logWriteInt(unsigned int)
                0x00000000c0012228                Dbg::logWriteIntBase(unsigned int, int)
                0x00000000c0012247                Dbg::kprintf(char const*, ...)
 *fill*         0x00000000c0012365        0x1 
 .text          0x00000000c0012366      0xb68 fs/vfs.32
                0x00000000c0012366                File::read(unsigned long long, void*, int*)
                0x00000000c00123be                File::write(unsigned long long, void*, int*)
                0x00000000c0012416                Directory::read(unsigned long long, void*, int*)
                0x00000000c001246e                Directory::write(unsigned long long, void*, int*)
                0x00000000c001249c                File::isAtty()
                0x00000000c00124a0                Directory::isAtty()
                0x00000000c00124a4                Filesystem::getlabel(LogicalDisk*, int, char*, unsigned int*)
                0x00000000c00124aa                Filesystem::setlabel(LogicalDisk*, int, char*)
                0x00000000c00124b0                File::~File()
                0x00000000c00124b0                File::~File()
                0x00000000c00124d4                File::~File()
                0x00000000c00124fe                Directory::~Directory()
                0x00000000c00124fe                Directory::~Directory()
                0x00000000c0012522                Directory::~Directory()
                0x00000000c001254c                Filesystem::Filesystem()
                0x00000000c001254c                Filesystem::Filesystem()
                0x00000000c0012570                Filesystem::~Filesystem()
                0x00000000c0012570                Filesystem::~Filesystem()
                0x00000000c001257e                Filesystem::~Filesystem()
                0x00000000c00125a2                initVFS()
                0x00000000c00125cc                standardiseFiles(char*, char const*, char const*)
                0x00000000c0012776                File::File(char const*, Process*)
                0x00000000c0012776                File::File(char const*, Process*)
                0x00000000c00127da                File::open(FileOpenMode)
                0x00000000c0012838                File::close()
                0x00000000c0012898                File::seek(unsigned long long)
                0x00000000c00128ee                File::tell(unsigned long long*)
                0x00000000c001293e                File::rewind()
                0x00000000c0012952                File::unlink()
                0x00000000c001299e                File::rename(char const*)
                0x00000000c00129ec                File::chfatattr(unsigned char, unsigned char)
                0x00000000c0012a48                File::exists()
                0x00000000c0012a86                File::stat(unsigned long long*, bool*)
                0x00000000c0012ae7                getcwd(Process*, char*, int)
                0x00000000c0012b11                setcwd(Process*, char*)
                0x00000000c0012c38                Directory::Directory(char const*, Process*)
                0x00000000c0012c38                Directory::Directory(char const*, Process*)
                0x00000000c0012c9c                Directory::open()
                0x00000000c0012cf8                Directory::close()
                0x00000000c0012d58                Directory::unlink()
                0x00000000c0012da4                Directory::rename(char const*)
                0x00000000c0012df2                Directory::exists()
                0x00000000c0012e30                Directory::read(dirent*)
                0x00000000c0012e7c                Directory::create()
                0x00000000c0012ec8                Filesystem::chfatattr(char const*, unsigned char, unsigned char)
 .text          0x00000000c0012ece       0x84 hal/bus.32
                0x00000000c0012ece                Bus::Bus(char const*)
                0x00000000c0012ece                Bus::Bus(char const*)
                0x00000000c0012f04                Bus::~Bus()
                0x00000000c0012f04                Bus::~Bus()
                0x00000000c0012f28                Bus::~Bus()
 .text          0x00000000c0012f52      0x14e hal/buzzer.32
                0x00000000c0012f52                Buzzer::Buzzer(char const*)
                0x00000000c0012f52                Buzzer::Buzzer(char const*)
                0x00000000c0012f96                Buzzer::~Buzzer()
                0x00000000c0012f96                Buzzer::~Buzzer()
                0x00000000c0012fba                Buzzer::~Buzzer()
                0x00000000c0012fe4                Buzzer::stop()
                0x00000000c0012ff7                beepThread(void*)
                0x00000000c0013032                Buzzer::beep(int, int, bool)
 .text          0x00000000c00130a0      0x42f hal/clock.32
                0x00000000c00130a0                loadClockSettings()
                0x00000000c00130ba                Clock::Clock(char const*)
                0x00000000c00130ba                Clock::Clock(char const*)
                0x00000000c00130f0                Clock::~Clock()
                0x00000000c00130f0                Clock::~Clock()
                0x00000000c0013114                Clock::~Clock()
                0x00000000c001313e                Clock::timeInSecondsLocal()
                0x00000000c0013186                Clock::setTimeInSecondsLocal(unsigned long long)
                0x00000000c00131df                datetimeToSeconds(datetime_t)
                0x00000000c0013306                Clock::setTimeInDatetimeLocal(datetime_t)
                0x00000000c0013366                secondsToDatetime(unsigned long long)
                0x00000000c00134aa                Clock::timeInDatetimeLocal()
 *fill*         0x00000000c00134cf        0x1 
 .text          0x00000000c00134d0      0x504 hal/device.32
                0x00000000c00134d0                Device::hibernate()
                0x00000000c00134d2                Device::wake()
                0x00000000c00134d4                Device::detect()
                0x00000000c00134d6                Device::disableLegacy()
                0x00000000c00134d8                Device::powerSaving(PowerSavingLevel)
                0x00000000c00134da                DriverlessDevice::close(int, int, void*)
                0x00000000c00134de                DriverlessDevice::detect()
                0x00000000c00134e0                DriverlessDevice::open(int, int, void*)
                0x00000000c00134f4                Device::~Device()
                0x00000000c00134f4                Device::~Device()
                0x00000000c0013502                Device::~Device()
                0x00000000c001352a                Device::findAndLoadDriver()
                0x00000000c001352c                Device::preOpenPCI(PCIDeviceInfo)
                0x00000000c0013552                Device::preOpenACPI(void*, char*, char*)
                0x00000000c00135a6                Device::addIRQHandler(int, void (*)(regs*, void*), bool, void*)
                0x00000000c0013604                Device::removeIRQHandler(int, void (*)(regs*, void*), bool)
                0x00000000c0013652                Device::addChild(Device*)
                0x00000000c0013696                Device::removeAllChildren()
                0x00000000c00136dc                Device::hibernateAll()
                0x00000000c001370c                Device::wakeAll()
                0x00000000c001373c                Device::detectAll()
                0x00000000c001376c                Device::disableLegacyAll()
                0x00000000c001379c                Device::loadDriversForAll()
                0x00000000c00137c8                Device::closeAll()
                0x00000000c00137fe                Device::powerSavingAll(PowerSavingLevel)
                0x00000000c0013834                Device::setName(char const*)
                0x00000000c0013842                Device::Device(char const*)
                0x00000000c0013842                Device::Device(char const*)
                0x00000000c0013934                Device::getName()
                0x00000000c001393e                DriverlessDevice::DriverlessDevice(char const*)
                0x00000000c001393e                DriverlessDevice::DriverlessDevice(char const*)
                0x00000000c0013966                Device::addToLinkedList(LinkedList<Device>&, DeviceType)
                0x00000000c00139aa                getDevicesOfType(DeviceType)
 .text          0x00000000c00139d4       0x84 hal/diskctrl.32
                0x00000000c00139d4                HardDiskController::HardDiskController(char const*)
                0x00000000c00139d4                HardDiskController::HardDiskController(char const*)
                0x00000000c0013a0a                HardDiskController::~HardDiskController()
                0x00000000c0013a0a                HardDiskController::~HardDiskController()
                0x00000000c0013a2e                HardDiskController::~HardDiskController()
 .text          0x00000000c0013a58       0xde hal/diskphys.32
                0x00000000c0013a58                PhysicalDisk::PhysicalDisk(char const*, int)
                0x00000000c0013a58                PhysicalDisk::PhysicalDisk(char const*, int)
                0x00000000c0013ac0                PhysicalDisk::startCache()
                0x00000000c0013ae8                PhysicalDisk::~PhysicalDisk()
                0x00000000c0013ae8                PhysicalDisk::~PhysicalDisk()
                0x00000000c0013b0c                PhysicalDisk::~PhysicalDisk()
 .text          0x00000000c0013b36      0x14c hal/fpu.32
                0x00000000c0013b36                FPU::FPU(char const*)
                0x00000000c0013b36                FPU::FPU(char const*)
                0x00000000c0013b6c                FPU::~FPU()
                0x00000000c0013b6c                FPU::~FPU()
                0x00000000c0013b90                FPU::~FPU()
                0x00000000c0013bba                setupFPU()
 .text          0x00000000c0013c82     0x12a7 hal/intctrl.32
                0x00000000c0013c82                InterruptController::uninstallISRHandler(int, void (*)(regs*, void*))
                0x00000000c0013cba                InterruptController::installISRHandler(int, void (*)(regs*, void*), void*)
                0x00000000c0013d0c                doubleFault(regs*, void*)
                0x00000000c0013d26                InterruptController::installIRQHandler(int, void (*)(regs*, void*), bool, void*)
                0x00000000c0013dc2                InterruptController::clearAllHandlers(int, bool)
                0x00000000c0013e6a                InterruptController::uninstallIRQHandler(int, void (*)(regs*, void*), bool)
                0x00000000c0013ef1                nmiHandler(regs*, void*)
                0x00000000c0013eff                int_handler
                0x00000000c0013f9a                InterruptController::InterruptController(char const*)
                0x00000000c0013f9a                InterruptController::InterruptController(char const*)
                0x00000000c0014040                InterruptController::~InterruptController()
                0x00000000c0014040                InterruptController::~InterruptController()
                0x00000000c0014064                InterruptController::~InterruptController()
                0x00000000c001408e                displayDebugInfo(regs*)
                0x00000000c00144a5                x87EmulHandler(regs*, void*)
                0x00000000c00144d4                gpFault(regs*, void*)
                0x00000000c001450d                pgFault(regs*, void*)
                0x00000000c0014524                otherISRHandler(regs*, void*)
                0x00000000c0014543                opcodeFault(regs*, void*)
                0x00000000c0014afc                displayProgramFault(char const*)
                0x00000000c0014b24                setupInterruptController()
                0x00000000c0014edc                InterruptController::convertLegacyIRQNumber(int)
 *fill*         0x00000000c0014f29        0x1 
 .text          0x00000000c0014f2a      0x620 hal/keybrd.32
                0x00000000c0014f2a                startGUI(void*)
                0x00000000c0014f9c                sendKeyToTerminal(unsigned char)
                0x00000000c0015008                sendKeyboardToken(KeyboardToken)
                0x00000000c00153e3                clearInternalKeybuffer(VgaText*)
                0x00000000c0015418                readKeyboard(VgaText*, char*, unsigned long)
                0x00000000c00154c0                Keyboard::Keyboard(char const*)
                0x00000000c00154c0                Keyboard::Keyboard(char const*)
                0x00000000c00154fc                Keyboard::~Keyboard()
                0x00000000c00154fc                Keyboard::~Keyboard()
                0x00000000c0015520                Keyboard::~Keyboard()
 .text          0x00000000c001554a      0x400 hal/logidisk.32
                0x00000000c001554a                LogicalDisk::close(int, int, void*)
                0x00000000c001554e                LogicalDisk::~LogicalDisk()
                0x00000000c001554e                LogicalDisk::~LogicalDisk()
                0x00000000c0015572                LogicalDisk::~LogicalDisk()
                0x00000000c001559c                LogicalDisk::open(int, int, void*)
                0x00000000c00155b0                LogicalDisk::absoluteToRelative(unsigned long long)
                0x00000000c00155e8                LogicalDisk::relativeToAbsolute(unsigned long long)
                0x00000000c001562e                LogicalDisk::LogicalDisk(char const*, PhysicalDisk*, unsigned long long, unsigned long long)
                0x00000000c001562e                LogicalDisk::LogicalDisk(char const*, PhysicalDisk*, unsigned long long, unsigned long long)
                0x00000000c00156e4                LogicalDisk::assignDriveLetter()
                0x00000000c001579a                LogicalDisk::mount()
                0x00000000c001580c                LogicalDisk::unmount()
                0x00000000c001581c                LogicalDisk::unassignDriveLetter()
                0x00000000c0015872                LogicalDisk::read(unsigned long long, int, void*)
                0x00000000c00158de                LogicalDisk::write(unsigned long long, int, void*)
 .text          0x00000000c001594a       0x84 hal/mouse.32
                0x00000000c001594a                Mouse::Mouse(char const*)
                0x00000000c001594a                Mouse::Mouse(char const*)
                0x00000000c0015980                Mouse::~Mouse()
                0x00000000c0015980                Mouse::~Mouse()
                0x00000000c00159a4                Mouse::~Mouse()
 .text          0x00000000c00159ce      0x339 hal/partition.32
                0x00000000c00159ce                makePartition(PhysicalDisk*, unsigned long long, unsigned long long)
                0x00000000c0015a76                createPartitionsForDisk(PhysicalDisk*)
 *fill*         0x00000000c0015d07        0x1 
 .text          0x00000000c0015d08      0x2e7 hal/timer.32
                0x00000000c0015d08                Timer::Timer(char const*)
                0x00000000c0015d08                Timer::Timer(char const*)
                0x00000000c0015d3e                Timer::~Timer()
                0x00000000c0015d3e                Timer::~Timer()
                0x00000000c0015d62                Timer::~Timer()
                0x00000000c0015d8c                Timer::read()
                0x00000000c0015d97                timerHandler(unsigned long long)
                0x00000000c0015ece                setupTimer(int)
 *fill*         0x00000000c0015fef        0x1 
 .text          0x00000000c0015ff0      0x2d1 hal/vcache.32
                0x00000000c0015ff0                VCache::VCache(PhysicalDisk*)
                0x00000000c0015ff0                VCache::VCache(PhysicalDisk*)
                0x00000000c00160e0                VCache::writeWriteBuffer()
                0x00000000c001611c                VCache::~VCache()
                0x00000000c001611c                VCache::~VCache()
                0x00000000c001615c                VCache::~VCache()
                0x00000000c0016184                VCache::write(unsigned long long, int, void*)
                0x00000000c0016268                VCache::read(unsigned long long, int, void*)
 *fill*         0x00000000c00162c1        0x1 
 .text          0x00000000c00162c2      0x26d hal/video.32
                0x00000000c00162c2                Video::putrect(int, int, int, int, unsigned int)
                0x00000000c001630c                Video::blit(unsigned int*, int, int, int, int)
                0x00000000c001638a                Video::clearScreen(unsigned int)
                0x00000000c00163be                Video::putpixel(int, int, unsigned int)
                0x00000000c00163cc                Video::Video(char const*)
                0x00000000c00163cc                Video::Video(char const*)
                0x00000000c0016402                Video::~Video()
                0x00000000c0016402                Video::~Video()
                0x00000000c0016426                Video::~Video()
                0x00000000c0016450                Video::isMonochrome()
                0x00000000c001645c                Video::getWidth()
                0x00000000c0016468                Video::getHeight()
                0x00000000c0016474                Video::drawCursor(int, int, unsigned char*, int)
 *fill*         0x00000000c001652f        0x1 
 .text          0x00000000c0016530      0xd44 hw/acpi.32
                0x00000000c0016530                ACPI::close(int, int, void*)
                0x00000000c00165e5                findRSDP()
                0x00000000c001666f                loadACPITables(unsigned char*)
                0x00000000c0016896                findRSDT(unsigned char*)
                0x00000000c00169b4                findDataTable(unsigned char*, char*)
                0x00000000c0016a50                scanMADT()
                0x00000000c0016e24                ACPI::ACPI()
                0x00000000c0016e24                ACPI::ACPI()
                0x00000000c0016e84                ACPI::getPCIIRQAssignment(unsigned char, unsigned short, unsigned char)
                0x00000000c0016f66                ACPI::registerPCIIRQAssignment(void*, unsigned short, unsigned char, unsigned char)
                0x00000000c001706c                ACPI::setScreenBrightnessLevel(void*, int)
                0x00000000c0017072                ACPI::writeSimpleBootFlag(SimpleBootFlagTable*)
                0x00000000c00170ba                ACPI::open(int, int, void*)
                0x00000000c001725c                ACPI::sleep()
 .text          0x00000000c0017274     0x17b1 hw/cpu.32
                0x00000000c0017274                CPU::close(int, int, void*)
                0x00000000c0017278                CPU::lookupAMDName(unsigned char, unsigned char)
                0x00000000c001740c                CPU::lookupIntelName(unsigned char, unsigned char)
                0x00000000c00176ba                CPU::AMD_K6_write_msr(unsigned int, unsigned int, unsigned int, CPU::REGS*)
                0x00000000c00176d6                CPU::AMD_K6_read_msr(unsigned int, CPU::REGS*)
                0x00000000c00176ee                CPU::AMD_K6_writeback(int, int, int)
                0x00000000c0017762                CPU::cpuid(int, unsigned long*, unsigned long*, unsigned long*, unsigned long*)
                0x00000000c00177e6                CPU::cpuidCheckEDX(unsigned int)
                0x00000000c0017814                CPU::cpuidCheckECX(unsigned int)
                0x00000000c0017842                CPU::cpuidCheckExtendedEBX(unsigned int)
                0x00000000c0017870                CPU::cpuidCheckExtendedECX(unsigned int)
                0x00000000c001789e                CPU::getNumber()
                0x00000000c00178a2                CPU::current()
                0x00000000c00178b6                CPU::CPU()
                0x00000000c00178b6                CPU::CPU()
                0x00000000c0017944                CPU::displayFeatures()
                0x00000000c0017bc0                CPU::detectFeatures()
                0x00000000c00185b2                CPU::setupSMEP()
                0x00000000c00185cc                CPU::setupUMIP()
                0x00000000c00185e4                CPU::setupTSC()
                0x00000000c00185fc                CPU::setupLargePages()
                0x00000000c0018614                CPU::setupPAT()
                0x00000000c0018650                CPU::setupMTRR()
                0x00000000c0018652                CPU::setupGlobalPages()
                0x00000000c0018668                CPU::allowUsermodeDataAccess()
                0x00000000c001867a                CPU::prohibitUsermodeDataAccess()
                0x00000000c001868c                CPU::setupSMAP()
                0x00000000c00186b2                CPU::setupFeatures()
                0x00000000c0018754                CPU::open(int, int, void*)
                0x00000000c001882a                CPU::decodeAddress(regs*, int*, bool*, unsigned char*)
 .text          0x00000000c0018a25        0x0 hw/ports.32
 .text          0x00000000c0018a25      0x338 krnl/panic.32
                0x00000000c0018a25                Krnl::panic(char const*)
 .text          0x00000000c0018d5d      0x503 reg/registry.32
                0x00000000c0018d5d                Reg::findLineFromLoadedData(char*, char*, char*)
                0x00000000c0018eb5                Reg::getLineFromRegistry(char*, char*, char*, char*)
                0x00000000c0019014                Reg::getLine(char*, char*, char*)
                0x00000000c001904b                Reg::readInt(char*, char*, int*)
                0x00000000c0019136                Reg::readString(char*, char*, char*, int)
                0x00000000c00191b7                Reg::readBool(char*, char*, bool*)
                0x00000000c00191dc                Reg::readBoolWithDefault(char*, char*, bool)
                0x00000000c0019208                Reg::readIntWithDefault(char*, char*, int)
                0x00000000c0019234                Reg::readStringWithDefault(char*, char*, char*, int, char*)
 .text          0x00000000c0019260       0x18 sys/sc_exit.32
                0x00000000c0019260                Sys::exit(regs*)
 .text          0x00000000c0019278       0x95 sys/sc_loaddll.32
                0x00000000c0019278                Sys::loadDLL(regs*)
 .text          0x00000000c001930d       0x68 sys/sc_read.32
                0x00000000c001930d                Sys::read(regs*)
 .text          0x00000000c0019375       0x55 sys/sc_sbrk.32
                0x00000000c0019375                Sys::sbrk(regs*)
 .text          0x00000000c00193ca       0x68 sys/sc_write.32
                0x00000000c00193ca                Sys::write(regs*)
 .text          0x00000000c0019432       0x1a sys/sc_yield.32
                0x00000000c0019432                Sys::yield(regs*)
 .text          0x00000000c001944c      0xf85 sys/syscalls.32
                0x00000000c001944c                sysCallGetPID(regs*)
                0x00000000c0019458                sysCallSeekDir(regs*)
                0x00000000c001945d                sysCallTellDir(regs*)
                0x00000000c0019462                sysCallVerify(regs*)
                0x00000000c001946c                sysCallFork(regs*)
                0x00000000c0019477                sysCallExecve(regs*)
                0x00000000c0019482                sysCallGetArgc(regs*)
                0x00000000c0019492                sysFormatDisk(regs*)
                0x00000000c00194fc                sysSetDiskVolumeLabel(regs*)
                0x00000000c0019542                sysGetDiskVolumeLabel(regs*)
                0x00000000c0019593                sysShutdown(regs*)
                0x00000000c00195f1                sysCallGetCwd(regs*)
                0x00000000c0019610                sysCallSetCwd(regs*)
                0x00000000c001962c                sysCallRealpath(regs*)
                0x00000000c001966f                sysCallReadDir(regs*)
                0x00000000c00196fd                sysCallIsATTY(regs*)
                0x00000000c0019757                sysCallSeek(regs*)
                0x00000000c00197c0                sysCallTell(regs*)
                0x00000000c001983d                sysCallSizeFromFilename(regs*)
                0x00000000c00198ee                sysCallSize(regs*)
                0x00000000c0019971                sysCallClose(regs*)
                0x00000000c00199f9                sysCallOpenDir(regs*)
                0x00000000c0019a66                sysCallMakeDir(regs*)
                0x00000000c0019abf                sysCallCloseDir(regs*)
                0x00000000c0019b25                sysCallWait(regs*)
                0x00000000c0019b3f                sysCallRmdir(regs*)
                0x00000000c0019b91                sysCallUnlink(regs*)
                0x00000000c0019be3                sysCallGetArgv(regs*)
                0x00000000c0019c2f                sysCallTTYName(regs*)
                0x00000000c0019cb2                sysCallGetEnv(regs*)
                0x00000000c0019d04                sysCallUSleep(regs*)
                0x00000000c0019d2b                sysCallSpawn(regs*)
                0x00000000c0019d83                sysAppSettings(regs*)
                0x00000000c0019ea2                sysSetFatAttrib(regs*)
                0x00000000c0019f02                sysPanic(regs*)
                0x00000000c0019f28                sysPipe(regs*)
                0x00000000c0019f6d                sysGetUnixTime(regs*)
                0x00000000c0019f81                string_ends_with(char const*, char const*)
                0x00000000c0019fc9                sysCallOpen(regs*)
                0x00000000c001a1d6                setupSystemCalls()
                0x00000000c001a38f                systemCall(regs*, void*)
 .text          0x00000000c001a3d1     0x11c7 thr/elf.32
                0x00000000c001a3d1                Thr::allocateMemoryForTask(Process*, File*, unsigned long, unsigned long, unsigned long)
                0x00000000c001a64e                Thr::loadProgramIntoMemory(Process*, char const*)
                0x00000000c001a864                Thr::runtimeReferenceHelper()
                0x00000000c001a877                Thr::getAddressOfKernelSymbol(char const*)
                0x00000000c001a8c6                Thr::loadKernelSymbolTable(char const*)
                0x00000000c001ab87                Thr::loadDriverIntoMemory(char const*, unsigned long, bool)
                0x00000000c001b325                Thr::getDriverBaseFromAddress(unsigned long)
                0x00000000c001b357                Thr::getDriverNameFromAddress(unsigned long)
                0x00000000c001b38e                Thr::getDriverOffsetFromAddress(unsigned long)
                0x00000000c001b3a8                Thr::loadDLL(char const*, bool)
                0x00000000c001b56e                Thr::executeDLL(unsigned long, void*)
 .text          0x00000000c001b598      0xfce thr/prcssthr.32
                0x00000000c001b598                changeTSS
                0x00000000c001b5c6                Process::addArgs(char**)
                0x00000000c001b620                Process::Process(char const*, Process*, char**)
                0x00000000c001b620                Process::Process(char const*, Process*, char**)
                0x00000000c001b7d8                Process::Process(bool, char const*, Process*, char**)
                0x00000000c001b7d8                Process::Process(bool, char const*, Process*, char**)
                0x00000000c001b95b                disableIRQs()
                0x00000000c001b963                getIRQNestingLevel()
                0x00000000c001b969                enableIRQs()
                0x00000000c001b978                lockScheduler()
                0x00000000c001b97a                unlockScheduler()
                0x00000000c001b97c                userModeEntryPoint(void*)
                0x00000000c001b99f                lockStuff()
                0x00000000c001b9ab                taskStartupFunction
                0x00000000c001b9b4                updateTimeUsed()
                0x00000000c001ba12                switchToThread(ThreadControlBlock*)
                0x00000000c001ba62                Semaphore::Semaphore(int)
                0x00000000c001ba62                Semaphore::Semaphore(int)
                0x00000000c001ba90                Mutex::Mutex()
                0x00000000c001ba90                Mutex::Mutex()
                0x00000000c001baa2                Process::createThread(void (*)(void*), void*, int)
                0x00000000c001bb86                Process::createUserThread()
                0x00000000c001bba2                setupMultitasking(void (*)())
                0x00000000c001bcac                schedule()
                0x00000000c001bd31                unlockStuff()
                0x00000000c001bd66                Semaphore::tryAcquire()
                0x00000000c001bd94                Semaphore::assertLocked(char const*)
                0x00000000c001bdc4                blockTaskWithSchedulerLockAlreadyHeld(TaskState)
                0x00000000c001be06                blockTask(TaskState)
                0x00000000c001be27                waitTask(int, int*, int)
                0x00000000c001be69                nanoSleepUntil(unsigned long long)
                0x00000000c001bec0                nanoSleep(unsigned long long)
                0x00000000c001bed5                sleep(unsigned long long)
                0x00000000c001bef2                Semaphore::acquire()
                0x00000000c001bf5a                taskReturned
                0x00000000c001bf88                unblockTask(ThreadControlBlock*)
                0x00000000c001c037                cleanupTerminatedTask(ThreadControlBlock*)
                0x00000000c001c2db                cleanerTaskFunction(void*)
                0x00000000c001c38e                terminateTask(int)
                0x00000000c001c46e                Thr::terminateFromIRQ(int)
                0x00000000c001c47a                Semaphore::release()
 .text          0x00000000c001c566      0x8bf vm86/vm8086.32
                0x00000000c001c566                Vm::vm8086EntryPoint(void*)
                0x00000000c001c591                Vm::inbv(unsigned short)
                0x00000000c001c597                Vm::outbv(unsigned short, unsigned char)
                0x00000000c001c5a1                Vm::realToLinear(unsigned short, unsigned short)
                0x00000000c001c5b1                Vm::getSegment(unsigned int)
                0x00000000c001c5b9                Vm::getOffset(unsigned int)
                0x00000000c001c5be                Vm::loadFileAsThread(Process*, char const*, unsigned short, unsigned short, unsigned short, unsigned short)
                0x00000000c001c6ed                Vm::doISR(regs*, int, unsigned char*, unsigned short, unsigned short)
                0x00000000c001c777                Vm::readByteFromReal(unsigned short, unsigned short)
                0x00000000c001c788                Vm::readWordFromReal(unsigned short, unsigned short)
                0x00000000c001c79a                Vm::readDwordFromReal(unsigned short, unsigned short)
                0x00000000c001c7ab                Vm::writeByteFromReal(unsigned short, unsigned short, unsigned char)
                0x00000000c001c7c0                Vm::writeWordFromReal(unsigned short, unsigned short, unsigned short)
                0x00000000c001c7d6                Vm::writeDwordFromReal(unsigned short, unsigned short, unsigned int)
                0x00000000c001c7eb                Vm::faultHandler(regs*)
 .text          0x00000000c001ce25      0xefd vm86/x87em.32
                0x00000000c001ce25                Vm::fpuInternalTo32(unsigned long long)
                0x00000000c001ce80                Vm::fpuInternalTo64(unsigned long long)
                0x00000000c001ce89                Vm::fpu32ToInternal(unsigned int)
                0x00000000c001cece                Vm::fpu64ToInternal(unsigned long long)
                0x00000000c001ced7                Vm::fpuFloatToLong(unsigned long long)
                0x00000000c001cf32                Vm::fpuULongToFloat(unsigned long long)
                0x00000000c001cf68                Vm::fpuLongToFloat(long long)
                0x00000000c001cfbe                Vm::fpuGet0()
                0x00000000c001cfc3                Vm::fpuGet1()
                0x00000000c001cfcb                Vm::fpuGetPi()
                0x00000000c001cfd3                Vm::fpuGetLog2E()
                0x00000000c001cfeb                Vm::fpuGetLogE2()
                0x00000000c001d003                Vm::fpuGetLog210()
                0x00000000c001d01b                Vm::fpuGetLog102()
                0x00000000c001d033                Vm::fpuIsSecondLarger(unsigned long long, unsigned long long)
                0x00000000c001d047                Vm::fpuAreEqual(unsigned long long, unsigned long long)
                0x00000000c001d05d                Vm::fpuUnorderedCompare(unsigned long long, unsigned long long)
                0x00000000c001d0b0                Vm::fpuAdd(unsigned long long, unsigned long long)
                0x00000000c001d0c1                Vm::fpuAbs(unsigned long long)
                0x00000000c001d0ca                Vm::fpuChs(unsigned long long)
                0x00000000c001d0da                Vm::fpuSub(unsigned long long, unsigned long long)
                0x00000000c001d0e9                Vm::fpuMultiply(unsigned long long, unsigned long long)
                0x00000000c001d108                Vm::fpuDivide(unsigned long long, unsigned long long)
                0x00000000c001d124                Vm::fpuSquare(unsigned long long)
                0x00000000c001d13a                Vm::fpuGetReg(int)
                0x00000000c001d17d                Vm::fpuSetReg(int, unsigned long long)
                0x00000000c001d1c8                Vm::fpuPush(unsigned long long)
                0x00000000c001d225                Vm::fpuPop()
                0x00000000c001d277                Vm::x87Handler(regs*)
 .text          0x00000000c001dd22     0x10ed fs/fat/vfslink.32
                0x00000000c001dd22                FAT::getName()
                0x00000000c001dd28                FAT::tell(void*, unsigned long long*)
                0x00000000c001dd5c                FAT::stat(void*, unsigned long long*)
                0x00000000c001dd90                FAT::~FAT()
                0x00000000c001dd90                FAT::~FAT()
                0x00000000c001ddb4                FAT::~FAT()
                0x00000000c001dddc                FAT::getlabel(LogicalDisk*, int, char*, unsigned int*)
                0x00000000c001de7a                FAT::setlabel(LogicalDisk*, int, char*)
                0x00000000c001df34                FAT::format(LogicalDisk*, int, char const*, int)
                0x00000000c001e118                FAT::tryMount(LogicalDisk*, int)
                0x00000000c001e31e                FAT::readDir(void*, unsigned long, void*, int*)
                0x00000000c001e424                FAT::read(void*, unsigned long, void*, int*)
                0x00000000c001e47e                FAT::write(void*, unsigned long, void*, int*)
                0x00000000c001e4d8                FAT::close(void*)
                0x00000000c001e524                FAT::closeDir(void*)
                0x00000000c001e570                FAT::seek(void*, unsigned long long)
                0x00000000c001e5c4                fatWrapperReadDisk
                0x00000000c001e60b                fatWrapperWriteDisk
                0x00000000c001e652                fatWrapperIoctl
                0x00000000c001e756                FAT::FAT()
                0x00000000c001e756                FAT::FAT()
                0x00000000c001e7a8                FAT::fixFilepath(char*)
                0x00000000c001e7e0                FAT::open(char const*, void**, FileOpenMode)
                0x00000000c001e908                FAT::openDir(char const*, void**)
                0x00000000c001e9ae                FAT::stat(char const*, unsigned long long*, bool*)
                0x00000000c001ea98                FAT::unlink(char const*)
                0x00000000c001eb12                FAT::chfatattr(char const*, unsigned char, unsigned char)
                0x00000000c001ec66                FAT::rename(char const*, char const*)
                0x00000000c001ed2a                FAT::mkdir(char const*)
                0x00000000c001eda4                FAT::exists(char const*)
 *fill*         0x00000000c001ee0f        0x1 
 .text          0x00000000c001ee10      0xbdf fs/iso9660/vfslink.32
                0x00000000c001ee10                ISO9660::format(LogicalDisk*, int, char const*, int)
                0x00000000c001ee16                ISO9660::seek(void*, unsigned long long)
                0x00000000c001ee46                ISO9660::tell(void*, unsigned long long*)
                0x00000000c001ee6a                ISO9660::getName()
                0x00000000c001ee70                ISO9660::stat(void*, unsigned long long*)
                0x00000000c001ee94                ISO9660::chfatattr(char const*, unsigned char, unsigned char)
                0x00000000c001ee9a                ISO9660::unlink(char const*)
                0x00000000c001eea0                ISO9660::write(void*, unsigned long, void*, int*)
                0x00000000c001eea6                ISO9660::rename(char const*, char const*)
                0x00000000c001eeac                ISO9660::mkdir(char const*)
                0x00000000c001eeb2                ISO9660::close(void*)
                0x00000000c001eed4                ISO9660::closeDir(void*)
                0x00000000c001eef6                ISO9660::~ISO9660()
                0x00000000c001eef6                ISO9660::~ISO9660()
                0x00000000c001ef1a                ISO9660::~ISO9660()
                0x00000000c001ef41                __memmem(unsigned char*, int, unsigned char*, int)
                0x00000000c001ef83                readSectorFromCDROM(unsigned int, unsigned char*, char)
                0x00000000c001efea                ISO9660::tryMount(LogicalDisk*, int)
                0x00000000c001f03a                ISO9660::read(void*, unsigned long, void*, int*)
                0x00000000c001f27e                ISO9660::readDir(void*, unsigned long, void*, int*)
                0x00000000c001f50b                readRoot(unsigned int*, unsigned int*, char)
                0x00000000c001f560                readRecursively(char*, unsigned int, unsigned int, unsigned int*, unsigned int*, char, int*)
                0x00000000c001f733                getFileData(char*, unsigned int*, unsigned int*, char, int*)
                0x00000000c001f7c2                ISO9660::open(char const*, void**, FileOpenMode)
                0x00000000c001f85c                ISO9660::exists(char const*)
                0x00000000c001f880                ISO9660::stat(char const*, unsigned long long*, bool*)
                0x00000000c001f914                ISO9660::openDir(char const*, void**)
                0x00000000c001f9cc                ISO9660::ISO9660()
                0x00000000c001f9cc                ISO9660::ISO9660()
 *fill*         0x00000000c001f9ef        0x1 
 .text          0x00000000c001f9f0      0x326 hal/sound/sndchannel.32
                0x00000000c001f9f0                SoundChannel::~SoundChannel()
                0x00000000c001f9f0                SoundChannel::~SoundChannel()
                0x00000000c001fa0c                SoundChannel::setSpeed(float)
                0x00000000c001fa18                SoundChannel::getSpeed()
                0x00000000c001fa20                SoundChannel::setVolume(int)
                0x00000000c001fa3c                SoundChannel::getVolume()
                0x00000000c001fa44                SoundChannel::pause()
                0x00000000c001fa4e                SoundChannel::SoundChannel(int, int, int, int)
                0x00000000c001fa4e                SoundChannel::SoundChannel(int, int, int, int)
                0x00000000c001fba4                SoundChannel::play()
                0x00000000c001fbae                SoundChannel::paused()
                0x00000000c001fbb6                SoundChannel::getSampleRate()
                0x00000000c001fbbe                SoundChannel::getBits()
                0x00000000c001fbc6                SoundChannel::getBufferUsed()
                0x00000000c001fbce                SoundChannel::getBufferSize()
                0x00000000c001fbd6                SoundChannel::unbuffer(float*, int, int)
                0x00000000c001fc76                SoundChannel::buffer8(unsigned char*, int)
 .text          0x00000000c001fd16      0x3d5 hal/sound/sndhw.32
                0x00000000c001fd16                SoundDevice::SoundDevice(char const*)
                0x00000000c001fd16                SoundDevice::SoundDevice(char const*)
                0x00000000c001fd82                SoundDevice::~SoundDevice()
                0x00000000c001fd82                SoundDevice::~SoundDevice()
                0x00000000c001fdfc                SoundDevice::~SoundDevice()
                0x00000000c001fe26                SoundDevice::getFreeChannelNum()
                0x00000000c001fe40                SoundDevice::addChannel(SoundChannel*)
                0x00000000c001feb0                SoundDevice::removeChannel(int)
                0x00000000c001fee2                SoundDevice::floatTo8(float*, unsigned char*, int)
                0x00000000c001ffca                SoundDevice::getAudio(int, float*, float*)
 .text          0x00000000c00200eb        0x0 hw/bus/isa.32
 *fill*         0x00000000c00200eb        0x1 
 .text          0x00000000c00200ec      0x6c1 hw/bus/pci.32
                0x00000000c00200ec                PCI::open(int, int, void*)
                0x00000000c0020100                PCI::close(int, int, void*)
                0x00000000c0020104                PCI::PCI()
                0x00000000c0020104                PCI::PCI()
                0x00000000c0020184                PCI::pciReadWord(unsigned char, unsigned char, unsigned char, unsigned char)
                0x00000000c00201cc                PCI::getVendorID(unsigned char, unsigned char, unsigned char)
                0x00000000c00201ee                PCI::getHeaderType(unsigned char, unsigned char, unsigned char)
                0x00000000c0020212                PCI::getClassCode(unsigned char, unsigned char, unsigned char)
                0x00000000c0020256                PCI::getProgIF(unsigned char, unsigned char, unsigned char)
                0x00000000c002027a                PCI::getRevisionID(unsigned char, unsigned char, unsigned char)
                0x00000000c002029c                PCI::getInterruptNumber(unsigned char, unsigned char, unsigned char)
                0x00000000c00202be                PCI::getSecondaryBus(unsigned char, unsigned char, unsigned char)
                0x00000000c00202e2                PCI::getBARAddress(unsigned char, unsigned char, unsigned char, unsigned char)
                0x00000000c0020342                PCI::pciWriteWord(unsigned char, unsigned char, unsigned char, unsigned char, unsigned short)
                0x00000000c00203ae                PCI::checkBus(unsigned char)
                0x00000000c00203d2                PCI::foundDevice(PCIDeviceInfo)
                0x00000000c0020542                PCI::getDeviceData(unsigned char, unsigned char, unsigned char)
                0x00000000c00206ee                PCI::checkDevice(unsigned char, unsigned char)
                0x00000000c002075a                PCI::detect()
 *fill*         0x00000000c00207ad        0x1 
 .text          0x00000000c00207ae      0xc70 hw/diskctrl/ide.32
                0x00000000c00207ae                IDE::close(int, int, void*)
                0x00000000c00207b2                IDE::IDE()
                0x00000000c00207b2                IDE::IDE()
                0x00000000c00207e6                IDE::prepareInterrupt(unsigned char)
                0x00000000c00207f8                selectDrive(unsigned char, unsigned char)
                0x00000000c00207fa                IDE::getBase(unsigned char)
                0x00000000c002080c                IDE::write(unsigned char, unsigned char, unsigned char)
                0x00000000c00208cc                IDE::read(unsigned char, unsigned char)
                0x00000000c002097a                IDE::waitInterrupt(unsigned char)
                0x00000000c00209e0                ideChannel0IRQHandler(regs*, void*)
                0x00000000c00209fc                ideChannel1IRQHandler(regs*, void*)
                0x00000000c0020a18                IDE::enableIRQs(unsigned char, bool)
                0x00000000c0020a5e                IDE::open(int, int, void*)
                0x00000000c0020e6e                IDE::readBuffer(unsigned char, unsigned char, unsigned int, unsigned int)
                0x00000000c0020f3a                IDE::detect()
                0x00000000c0021222                IDE::printError(unsigned char, unsigned char, unsigned char)
                0x00000000c00213b8                IDE::polling(unsigned char, unsigned int)
 .text          0x00000000c002141e      0x62b hw/diskphys/ata.32
                0x00000000c002141e                ATA::close(int, int, void*)
                0x00000000c0021442                ATA::powerSaving(PowerSavingLevel)
                0x00000000c0021444                ATA::ATA()
                0x00000000c0021444                ATA::ATA()
                0x00000000c0021472                ATA::flush(bool)
                0x00000000c00214bc                ATA::readyForCommand()
                0x00000000c002150c                ATA::access(unsigned long long, int, void*, bool)
                0x00000000c002188a                ATA::read(unsigned long long, int, void*)
                0x00000000c00218f2                ATA::write(unsigned long long, int, void*)
                0x00000000c002195a                ATA::detectCHS()
                0x00000000c0021984                ATA::open(int, int, void*)
 *fill*         0x00000000c0021a49        0x1 
 .text          0x00000000c0021a4a      0x5b3 hw/diskphys/atapi.32
                0x00000000c0021a4a                ATAPI::write(unsigned long long, int, void*)
                0x00000000c0021a50                ATAPI::close(int, int, void*)
                0x00000000c0021a74                ATAPI::ATAPI()
                0x00000000c0021a74                ATAPI::ATAPI()
                0x00000000c0021aa2                ATAPI::readyForCommand()
                0x00000000c0021af2                ATAPI::sendPacket(unsigned char*, int, bool, unsigned short*, int)
                0x00000000c0021db2                ATAPI::diskRemoved()
                0x00000000c0021dce                ATAPI::eject()
                0x00000000c0021e14                ATAPI::diskInserted()
                0x00000000c0021e42                ATAPI::detectMedia()
                0x00000000c0021efe                ATAPI::open(int, int, void*)
                0x00000000c0021f7e                ATAPI::read(unsigned long long, int, void*)
 *fill*         0x00000000c0021ffd        0x1 
 .text          0x00000000c0021ffe       0x8e hw/fpu/avx.32
                0x00000000c0021ffe                AVX::open(int, int, void*)
                0x00000000c0022010                AVX::close(int, int, void*)
                0x00000000c0022022                AVX::available()
                0x00000000c0022034                AVX::save(void*)
                0x00000000c002204c                AVX::load(void*)
                0x00000000c0022064                AVX::AVX()
                0x00000000c0022064                AVX::AVX()
 .text          0x00000000c002208c       0x90 hw/fpu/mmx.32
                0x00000000c002208c                MMX::available()
                0x00000000c00220a0                MMX::open(int, int, void*)
                0x00000000c00220b2                MMX::close(int, int, void*)
                0x00000000c00220c4                MMX::save(void*)
                0x00000000c00220dc                MMX::load(void*)
                0x00000000c00220f4                MMX::MMX()
                0x00000000c00220f4                MMX::MMX()
 .text          0x00000000c002211c       0x96 hw/fpu/sse.32
                0x00000000c002211c                SSE::open(int, int, void*)
                0x00000000c002212e                SSE::close(int, int, void*)
                0x00000000c0022140                SSE::available()
                0x00000000c002215a                SSE::save(void*)
                0x00000000c0022172                SSE::load(void*)
                0x00000000c002218a                SSE::SSE()
                0x00000000c002218a                SSE::SSE()
 .text          0x00000000c00221b2       0x8e hw/fpu/x87.32
                0x00000000c00221b2                x87::open(int, int, void*)
                0x00000000c00221c4                x87::close(int, int, void*)
                0x00000000c00221d6                x87::available()
                0x00000000c00221e8                x87::save(void*)
                0x00000000c0022200                x87::load(void*)
                0x00000000c0022218                x87::x87()
                0x00000000c0022218                x87::x87()
 .text          0x00000000c0022240      0x65a hw/intctrl/apic.32
                0x00000000c0022240                APIC::disable()
                0x00000000c0022242                APIC::close(int, int, void*)
                0x00000000c0022264                IOAPIC::close(int, int, void*)
                0x00000000c002226a                APIC::io_wait()
                0x00000000c0022270                APIC::getBase()
                0x00000000c00222b2                APIC::eoi(unsigned char)
                0x00000000c00222e0                APIC::open(int, int, void*)
                0x00000000c00223a2                IOAPIC::IOAPIC()
                0x00000000c00223a2                IOAPIC::IOAPIC()
                0x00000000c00223ca                APIC::APIC()
                0x00000000c00223ca                APIC::APIC()
                0x00000000c002249a                IOAPIC::handlesGSIWithNumber(unsigned int)
                0x00000000c00224cc                IOAPIC::read(int)
                0x00000000c00224f4                IOAPIC::open(int, int, void*)
                0x00000000c00225ea                IOAPIC::write(int, int)
                0x00000000c0022616                IOAPIC::redirect(unsigned char, unsigned long long, unsigned char, bool, bool)
                0x00000000c00226e4                APIC::installIRQHandler(int, void (*)(regs*, void*), bool, void*)
 .text          0x00000000c002289a      0x3d3 hw/intctrl/pic.32
                0x00000000c002289a                PIC::disable()
                0x00000000c00228c8                PIC::close(int, int, void*)
                0x00000000c00228ea                PIC::PIC()
                0x00000000c00228ea                PIC::PIC()
                0x00000000c00229c0                PIC::ioWait()
                0x00000000c00229c6                PIC::getIRQReg(int)
                0x00000000c0022a30                PIC::eoi(unsigned char)
                0x00000000c0022ac2                PIC::remap()
                0x00000000c0022c2e                PIC::open(int, int, void*)
 *fill*         0x00000000c0022c6d        0x1 
 .text          0x00000000c0022c6e      0x252 hw/timer/apictimer.32
                0x00000000c0022c6e                APICTimer::close(int, int, void*)
                0x00000000c0022c74                apicTimerHandler(regs*, void*)
                0x00000000c0022ca2                APICTimer::write(int)
                0x00000000c0022da0                APICTimer::open(int, int, void*)
                0x00000000c0022e98                APICTimer::APICTimer()
                0x00000000c0022e98                APICTimer::APICTimer()
 .text          0x00000000c0022ec0      0x1a7 hw/timer/pit.32
                0x00000000c0022ec0                PIT::write(int)
                0x00000000c0022f3e                pitHandler(regs*, void*)
                0x00000000c0022f6a                PIT::open(int, int, void*)
                0x00000000c0022fb8                PIT::close(int, int, void*)
                0x00000000c0022fe8                PIT::PIT()
                0x00000000c0022fe8                PIT::PIT()
 *fill*         0x00000000c0023067        0x9 
 .text          0x00000000c0023070        0xa hw/fpu/x86/avx.32
                0x00000000c0023070                avxDetect
                0x00000000c0023076                avxSave
                0x00000000c0023077                avxLoad
                0x00000000c0023078                avxInit
                0x00000000c0023079                avxClose
 *fill*         0x00000000c002307a        0x6 
 .text          0x00000000c0023080       0x38 hw/fpu/x86/sse.32
                0x00000000c0023080                sseDetect
                0x00000000c002309b                sseSave
                0x00000000c00230a1                sseLoad
                0x00000000c00230a7                sseInit
                0x00000000c00230b7                sseClose
 *fill*         0x00000000c00230b8        0x8 
 .text          0x00000000c00230c0       0x47 hw/fpu/x86/x87.32
                0x00000000c00230c6                x87Detect
                0x00000000c00230e1                x87Save
                0x00000000c00230e7                x87Load
                0x00000000c00230ec                x87Init
                0x00000000c0023106                x87Close
 *fill*         0x00000000c0023107        0x1 
 .text          0x00000000c0023108       0x25 /cygdrive/d/Users/Alex/Desktop/Toolchain/Output/bin/../lib/gcc/i386-banana/8.1.0/crtend.o
 .text          0x00000000c002312d        0x0 crtn.32
 *fill*         0x00000000c002312d        0x3 
 .text          0x00000000c0023130      0x14b /cygdrive/d/Users/Alex/Desktop/Toolchain/Output/bin/../lib/gcc/i386-banana/8.1.0/libkgcc.a(_divdi3.o)
                0x00000000c0023130                __divdi3
 *fill*         0x00000000c002327b        0x1 
 .text          0x00000000c002327c      0x17e /cygdrive/d/Users/Alex/Desktop/Toolchain/Output/bin/../lib/gcc/i386-banana/8.1.0/libkgcc.a(_moddi3.o)
                0x00000000c002327c                __moddi3
 *fill*         0x00000000c00233fa        0x2 
 .text          0x00000000c00233fc       0xff /cygdrive/d/Users/Alex/Desktop/Toolchain/Output/bin/../lib/gcc/i386-banana/8.1.0/libkgcc.a(_udivdi3.o)
                0x00000000c00233fc                __udivdi3
 *fill*         0x00000000c00234fb        0x1 
 .text          0x00000000c00234fc      0x11a /cygdrive/d/Users/Alex/Desktop/Toolchain/Output/bin/../lib/gcc/i386-banana/8.1.0/libkgcc.a(_umoddi3.o)
                0x00000000c00234fc                __umoddi3
 .text          0x00000000c0023616      0x96d D:/Users/Alex/Desktop/Banana/kernel/libsoftfp.a(sfieeelib.o)
                0x00000000c0023616                __addsf3
                0x00000000c0023918                __subsf3
                0x00000000c002392c                __negsf2
                0x00000000c0023939                __mulsf3
                0x00000000c0023afc                __divsf3
                0x00000000c0023d27                __floatsisf
                0x00000000c0023d9b                __floatunsisf
                0x00000000c0023ddd                __fixsfsi
                0x00000000c0023e3f                __fixunssfsi
                0x00000000c0023e70                __cmpsf2
                0x00000000c0023f05                __eqsf2
                0x00000000c0023f40                __nesf2
                0x00000000c0023f42                __gtsf2
                0x00000000c0023f7d                __gesf2
                0x00000000c0023f7f                __ltsf2
                0x00000000c0023f81                __lesf2
 .text          0x00000000c0023f83      0xf50 D:/Users/Alex/Desktop/Banana/kernel/libsoftfp.a(dfieeelib.o)
                0x00000000c0023f83                __adddf3
                0x00000000c00245d4                __subdf3
                0x00000000c00245ef                __negdf2
                0x00000000c0024600                __muldf3
                0x00000000c00248e4                __divdf3
                0x00000000c0024c63                __floatsidf
                0x00000000c0024cbe                __floatunsidf
                0x00000000c0024cfc                __fixdfsi
                0x00000000c0024d69                __fixunsdfsi
                0x00000000c0024da5                __cmpdf2
                0x00000000c0024e93                __eqdf2
                0x00000000c0024eaf                __nedf2
                0x00000000c0024eb1                __gtdf2
                0x00000000c0024ecd                __gedf2
                0x00000000c0024ecf                __ltdf2
                0x00000000c0024ed1                __ledf2
 .text          0x00000000c0024ed3      0x18d D:/Users/Alex/Desktop/Banana/kernel/libsoftfp.a(sfdfcvt.o)
                0x00000000c0024ed3                __truncdfsf2
                0x00000000c0024ff7                __extendsfdf2
 .text          0x00000000c0025060       0x1e D:/Users/Alex/Desktop/Banana/kernel/libk/libm32.a(s_fabs.c.o)
                0x00000000c0025060                fabs
 *fill*         0x00000000c002507e        0x2 
 .text          0x00000000c0025080        0xc D:/Users/Alex/Desktop/Banana/kernel/libk/libm32.a(s_lrint.S.o)
                0x00000000c0025080                lrint
 .text          0x00000000c002508c        0xc D:/Users/Alex/Desktop/Banana/kernel/libk/libm32.a(s_lrintf.S.o)
                0x00000000c002508c                lrintf
 *(.gnu.linkonce.t*)

.iplt           0x00000000c0025098        0x0
 .iplt          0x00000000c0025098        0x0 D:/Users/Alex/Desktop/Banana/kernel/boot.32

.init           0x00000000c0025098        0xf
 .init          0x00000000c0025098        0x3 crti.32
                0x00000000c0025098                _init
 .init          0x00000000c002509b        0x5 /cygdrive/d/Users/Alex/Desktop/Toolchain/Output/bin/../lib/gcc/i386-banana/8.1.0/crtbegin.o
 .init          0x00000000c00250a0        0x5 /cygdrive/d/Users/Alex/Desktop/Toolchain/Output/bin/../lib/gcc/i386-banana/8.1.0/crtend.o
 .init          0x00000000c00250a5        0x2 crtn.32

.fini           0x00000000c00250a7        0xa
 .fini          0x00000000c00250a7        0x3 crti.32
                0x00000000c00250a7                _fini
 .fini          0x00000000c00250aa        0x5 /cygdrive/d/Users/Alex/Desktop/Toolchain/Output/bin/../lib/gcc/i386-banana/8.1.0/crtbegin.o
 .fini          0x00000000c00250af        0x2 crtn.32

.text._ZN8ComputerD2Ev
                0x00000000c00250b2       0x23
 .text._ZN8ComputerD2Ev
                0x00000000c00250b2       0x23 core/computer.32
                0x00000000c00250b2                Computer::~Computer()
                0x00000000c00250b2                Computer::~Computer()

.text._ZN8ComputerD0Ev
                0x00000000c00250d6       0x2a
 .text._ZN8ComputerD0Ev
                0x00000000c00250d6       0x2a core/computer.32
                0x00000000c00250d6                Computer::~Computer()

.text._Z10idleCommonv
                0x00000000c0025100       0x15
 .text._Z10idleCommonv
                0x00000000c0025100       0x15 core/idle.32
                0x00000000c0025100                idleCommon()

.text._ZN3CPU7readCR3Ev
                0x00000000c0025115       0x12
 .text._ZN3CPU7readCR3Ev
                0x00000000c0025115       0x12 core/kheap.32
                0x00000000c0025115                CPU::readCR3()

.text._ZN3CPU8writeCR3Em
                0x00000000c0025127        0x9
 .text._ZN3CPU8writeCR3Em
                0x00000000c0025127        0x9 core/kheap.32
                0x00000000c0025127                CPU::writeCR3(unsigned long)

.text._ZN10LinkedListI8UnixFileED2Ev
                0x00000000c0025130        0x2
 .text._ZN10LinkedListI8UnixFileED2Ev
                0x00000000c0025130        0x2 core/unixfile.32
                0x00000000c0025130                LinkedList<UnixFile>::~LinkedList()
                0x00000000c0025130                LinkedList<UnixFile>::~LinkedList()

.text._ZN10LinkedListI8UnixFileEC2Ev
                0x00000000c0025132       0x58
 .text._ZN10LinkedListI8UnixFileEC2Ev
                0x00000000c0025132       0x58 core/unixfile.32
                0x00000000c0025132                LinkedList<UnixFile>::LinkedList()
                0x00000000c0025132                LinkedList<UnixFile>::LinkedList()

.text._ZN10LinkedListI8UnixFileE10addElementEPS0_
                0x00000000c002518a       0xd3
 .text._ZN10LinkedListI8UnixFileE10addElementEPS0_
                0x00000000c002518a       0xd3 core/unixfile.32
                0x00000000c002518a                LinkedList<UnixFile>::addElement(UnixFile*)

.text._ZN10LinkedListI8UnixFileE15getFirstElementEv
                0x00000000c002525e        0x7
 .text._ZN10LinkedListI8UnixFileE15getFirstElementEv
                0x00000000c002525e        0x7 core/unixfile.32
                0x00000000c002525e                LinkedList<UnixFile>::getFirstElement()

.text._ZN10LinkedListI8UnixFileE11removeFirstEv
                0x00000000c0025266       0xa1
 .text._ZN10LinkedListI8UnixFileE11removeFirstEv
                0x00000000c0025266       0xa1 core/unixfile.32
                0x00000000c0025266                LinkedList<UnixFile>::removeFirst()

.text._ZN10LinkedListI8UnixFileE7getNextEPS0_
                0x00000000c0025308        0x8
 .text._ZN10LinkedListI8UnixFileE7getNextEPS0_
                0x00000000c0025308        0x8 core/unixfile.32
                0x00000000c0025308                LinkedList<UnixFile>::getNext(UnixFile*)

.text._ZN16DriverlessDeviceD2Ev
                0x00000000c0025310       0x1a
 .text._ZN16DriverlessDeviceD2Ev
                0x00000000c0025310       0x1a hal/device.32
                0x00000000c0025310                DriverlessDevice::~DriverlessDevice()
                0x00000000c0025310                DriverlessDevice::~DriverlessDevice()

.text._ZN16DriverlessDeviceD0Ev
                0x00000000c002532a       0x2a
 .text._ZN16DriverlessDeviceD0Ev
                0x00000000c002532a       0x2a hal/device.32
                0x00000000c002532a                DriverlessDevice::~DriverlessDevice()

.text._ZN10LinkedListI6DeviceE10addElementEPS0_
                0x00000000c0025354       0xdc
 .text._ZN10LinkedListI6DeviceE10addElementEPS0_
                0x00000000c0025354       0xdc hal/device.32
                0x00000000c0025354                LinkedList<Device>::addElement(Device*)

.text._ZN10LinkedListI6DeviceEC2Ev
                0x00000000c0025430       0x58
 .text._ZN10LinkedListI6DeviceEC2Ev
                0x00000000c0025430       0x58 hal/device.32
                0x00000000c0025430                LinkedList<Device>::LinkedList()
                0x00000000c0025430                LinkedList<Device>::LinkedList()

.text._ZN3CPU7readCR0Ev
                0x00000000c0025488       0x12
 .text._ZN3CPU7readCR0Ev
                0x00000000c0025488       0x12 hal/fpu.32
                0x00000000c0025488                CPU::readCR0()

.text._ZN3CPU8writeCR0Em
                0x00000000c002549a        0x9
 .text._ZN3CPU8writeCR0Em
                0x00000000c002549a        0x9 hal/fpu.32
                0x00000000c002549a                CPU::writeCR0(unsigned long)

.text._ZN3CPU7readDR0Ev
                0x00000000c00254a3       0x12
 .text._ZN3CPU7readDR0Ev
                0x00000000c00254a3       0x12 hal/intctrl.32
                0x00000000c00254a3                CPU::readDR0()

.text._ZN3CPU7readDR1Ev
                0x00000000c00254b5       0x12
 .text._ZN3CPU7readDR1Ev
                0x00000000c00254b5       0x12 hal/intctrl.32
                0x00000000c00254b5                CPU::readDR1()

.text._ZN3CPU7readDR2Ev
                0x00000000c00254c7       0x12
 .text._ZN3CPU7readDR2Ev
                0x00000000c00254c7       0x12 hal/intctrl.32
                0x00000000c00254c7                CPU::readDR2()

.text._ZN3CPU7readDR3Ev
                0x00000000c00254d9       0x12
 .text._ZN3CPU7readDR3Ev
                0x00000000c00254d9       0x12 hal/intctrl.32
                0x00000000c00254d9                CPU::readDR3()

.text._ZN3CPU7readDR6Ev
                0x00000000c00254eb       0x12
 .text._ZN3CPU7readDR6Ev
                0x00000000c00254eb       0x12 hal/intctrl.32
                0x00000000c00254eb                CPU::readDR6()

.text._ZN3CPU7readDR7Ev
                0x00000000c00254fd       0x12
 .text._ZN3CPU7readDR7Ev
                0x00000000c00254fd       0x12 hal/intctrl.32
                0x00000000c00254fd                CPU::readDR7()

.text._ZN10LinkedListIV18ThreadControlBlockE15getFirstElementEv
                0x00000000c0025510        0x7