Archive member included to satisfy reference by file (symbol)

/cygdrive/d/Users/Alex/Desktop/Toolchain/Output/bin/../lib/gcc/i386-banana/8.1.0/libkgcc.a(_divdi3.o)
                              krnl/resolve.32 (__divdi3)
/cygdrive/d/Users/Alex/Desktop/Toolchain/Output/bin/../lib/gcc/i386-banana/8.1.0/libkgcc.a(_moddi3.o)
                              krnl/resolve.32 (__moddi3)
/cygdrive/d/Users/Alex/Desktop/Toolchain/Output/bin/../lib/gcc/i386-banana/8.1.0/libkgcc.a(_udivdi3.o)
                              hal/clock.32 (__udivdi3)
/cygdrive/d/Users/Alex/Desktop/Toolchain/Output/bin/../lib/gcc/i386-banana/8.1.0/libkgcc.a(_umoddi3.o)
                              core/pipe.32 (__umoddi3)

Allocating common symbols
Common symbol       size              file

dcache              0x40              fs/iso9660/iso9660.32
cdDriveLetter       0x1               fs/iso9660/iso9660.32
icache              0x40              fs/iso9660/iso9660.32

Discarded input sections

 .comment       0x0000000000000000       0x12 /cygdrive/d/Users/Alex/Desktop/Toolchain/Output/bin/../lib/gcc/i386-banana/8.1.0/crtbegin.o
 .comment       0x0000000000000000       0x12 acpica/utclib.32
 .comment       0x0000000000000000       0x12 core/malloc.32
 .comment       0x0000000000000000       0x12 libk/ctype.32
 .comment       0x0000000000000000       0x12 libk/string.32
 .comment       0x0000000000000000       0x12 fs/fat/diskio.32
 .comment       0x0000000000000000       0x12 fs/fat/ff.32
 .comment       0x0000000000000000       0x12 fs/fat/ffsystem.32
 .comment       0x0000000000000000       0x12 fs/fat/ffunicode.32
 .comment       0x0000000000000000       0x12 fs/iso9660/iso9660.32
 .group         0x0000000000000000       0x14 core/computer.32
 .group         0x0000000000000000        0xc core/computer.32
 .comment       0x0000000000000000       0x12 core/computer.32
 .comment       0x0000000000000000       0x12 core/gdt.32
 .group         0x0000000000000000        0xc core/idle.32
 .comment       0x0000000000000000       0x12 core/idle.32
 .comment       0x0000000000000000       0x12 core/idt.32
 .comment       0x0000000000000000       0x12 core/kheap.32
 .comment       0x0000000000000000       0x12 core/main.32
 .comment       0x0000000000000000       0x12 core/physmgr.32
 .group         0x0000000000000000        0xc core/pipe.32
 .comment       0x0000000000000000       0x12 core/pipe.32
 .group         0x0000000000000000        0xc core/terminal.32
 .comment       0x0000000000000000       0x12 core/terminal.32
 .comment       0x0000000000000000       0x12 core/tss.32
 .group         0x0000000000000000        0x8 core/unixfile.32
 .group         0x0000000000000000        0x8 core/unixfile.32
 .group         0x0000000000000000        0xc core/unixfile.32
 .group         0x0000000000000000        0x8 core/unixfile.32
 .group         0x0000000000000000        0xc core/unixfile.32
 .group         0x0000000000000000        0x8 core/unixfile.32
 .group         0x0000000000000000        0xc core/unixfile.32
 .group         0x0000000000000000        0xc core/unixfile.32
 .comment       0x0000000000000000       0x12 core/unixfile.32
 .comment       0x0000000000000000       0x12 core/virtmgr.32
 .comment       0x0000000000000000       0x12 coreobjs/c++.32
 .comment       0x0000000000000000       0x12 dbg/kconsole.32
 .group         0x0000000000000000        0xc fs/vfs.32
 .group         0x0000000000000000        0xc fs/vfs.32
 .group         0x0000000000000000        0xc fs/vfs.32
 .comment       0x0000000000000000       0x12 fs/vfs.32
 .group         0x0000000000000000        0xc hal/bus.32
 .comment       0x0000000000000000       0x12 hal/bus.32
 .comment       0x0000000000000000       0x12 hal/buzzer.32
 .group         0x0000000000000000        0xc hal/clock.32
 .comment       0x0000000000000000       0x12 hal/clock.32
 .group         0x0000000000000000       0x14 hal/device.32
 .group         0x0000000000000000        0xc hal/device.32
 .group         0x0000000000000000        0x8 hal/device.32
 .group         0x0000000000000000        0xc hal/device.32
 .group         0x0000000000000000        0xc hal/device.32
 .comment       0x0000000000000000       0x12 hal/device.32
 .group         0x0000000000000000        0xc hal/diskctrl.32
 .comment       0x0000000000000000       0x12 hal/diskctrl.32
 .group         0x0000000000000000        0xc hal/diskphys.32
 .comment       0x0000000000000000       0x12 hal/diskphys.32
 .comment       0x0000000000000000       0x12 hal/fpu.32
 .comment       0x0000000000000000       0x12 hal/intctrl.32
 .group         0x0000000000000000        0xc hal/keybrd.32
 .comment       0x0000000000000000       0x12 hal/keybrd.32
 .group         0x0000000000000000        0xc hal/logidisk.32
 .comment       0x0000000000000000       0x12 hal/logidisk.32
 .group         0x0000000000000000        0xc hal/mouse.32
 .comment       0x0000000000000000       0x12 hal/mouse.32
 .group         0x0000000000000000        0xc hal/nic.32
[...]
Memory Configuration

Name             Origin             Length             Attributes
*default*        0x0000000000000000 0xffffffffffffffff

Linker script and memory map

LOAD D:/Users/Alex/Desktop/Banana/kernel/boot.32
LOAD crti.32
LOAD /cygdrive/d/Users/Alex/Desktop/Toolchain/Output/bin/../lib/gcc/i386-banana/8.1.0/crtbegin.o
LOAD D:/Users/Alex/Desktop/Banana/kernel/morenasm.32
LOAD acpica/utclib.32
LOAD core/malloc.32
LOAD libk/ctype.32
LOAD libk/string.32
LOAD fs/fat/diskio.32
LOAD fs/fat/ff.32
LOAD fs/fat/ffsystem.32
LOAD fs/fat/ffunicode.32
LOAD fs/iso9660/iso9660.32
LOAD core/computer.32
LOAD core/gdt.32
LOAD core/idle.32
LOAD core/idt.32
LOAD core/kheap.32
LOAD core/main.32
LOAD core/physmgr.32
LOAD core/pipe.32
LOAD core/terminal.32
LOAD core/tss.32
LOAD core/unixfile.32
LOAD core/virtmgr.32
LOAD coreobjs/c++.32
LOAD dbg/kconsole.32
LOAD fs/vfs.32
LOAD hal/bus.32
LOAD hal/buzzer.32
LOAD hal/clock.32
LOAD hal/device.32
LOAD hal/diskctrl.32
LOAD hal/diskphys.32
LOAD hal/fpu.32
LOAD hal/intctrl.32
LOAD hal/keybrd.32
LOAD hal/logidisk.32
LOAD hal/mouse.32
LOAD hal/nic.32
LOAD hal/partition.32
LOAD hal/serial.32
LOAD hal/timer.32
LOAD hal/vcache.32
LOAD hal/video.32
LOAD hw/acpi.32
LOAD hw/cpu.32
LOAD krnl/bootmsg.32
LOAD krnl/env.32
LOAD krnl/inlines.32
LOAD krnl/panic.32
LOAD krnl/powctrl.32
LOAD krnl/random.32
LOAD krnl/resolve.32
LOAD krnl/signal.32
LOAD krnl/syscalls.32
LOAD net/ethernet.32
LOAD reg/cm.32
LOAD reg/registry.32
LOAD sys/eject.32
LOAD sys/exit.32
LOAD sys/getcwd.32
LOAD sys/getpid.32
LOAD sys/getramdata.32
LOAD sys/getvgaptr.32
LOAD sys/kill.32
LOAD sys/loaddll.32
LOAD sys/read.32
LOAD sys/registersignal.32
LOAD sys/registry.32
LOAD sys/sbrk.32
LOAD sys/setcwd.32
LOAD sys/settime.32
LOAD sys/timezone.32
LOAD sys/write.32
LOAD sys/wsbe.32
LOAD sys/yield.32
LOAD thr/elf.32
LOAD thr/prcssthr.32
LOAD vm86/vm8086.32
LOAD arch/i386/hal.32
LOAD arch/i386/pic.32
LOAD arch/i386/rtc.32
LOAD arch/i386/vga.32
LOAD fs/fat/vfslink.32
LOAD fs/iso9660/helper.32
LOAD fs/iso9660/vfslink.32
LOAD hal/sound/sndcard.32
LOAD hal/sound/sndport.32
LOAD hw/bus/isa.32
LOAD hw/bus/pci.32
LOAD hw/diskctrl/ide.32
LOAD hw/diskctrl/satabus.32
LOAD hw/diskphys/ata.32
LOAD hw/diskphys/atapi.32
LOAD hw/diskphys/sata.32
LOAD hw/diskphys/satapi.32
LOAD hw/intctrl/apic.32
LOAD hw/timer/apictimer.32
LOAD hw/timer/pit.32
LOAD arch/i386/avx.32
LOAD arch/i386/interrupt.32
LOAD arch/i386/rdrand.32
LOAD arch/i386/sse.32
LOAD arch/i386/x87.32
LOAD /cygdrive/d/Users/Alex/Desktop/Toolchain/Output/bin/../lib/gcc/i386-banana/8.1.0/crtend.o
LOAD crtn.32
LOAD /cygdrive/d/Users/Alex/Desktop/Toolchain/Output/bin/../lib/gcc/i386-banana/8.1.0/libkgcc.a
LOAD D:/Users/Alex/Desktop/Banana/kernel/libsoftfp.a
LOAD D:/Users/Alex/Desktop/Banana/kernel/libk/libm32.a
                0x00000000c0000000                . = 0xc0000000

.text           0x00000000c0000000    0x1e0ea
 *(.text)
 .text          0x00000000c0000000       0x20 D:/Users/Alex/Desktop/Banana/kernel/boot.32
 .text          0x00000000c0000020        0x0 crti.32
 .text          0x00000000c0000020      0x101 /cygdrive/d/Users/Alex/Desktop/Toolchain/Output/bin/../lib/gcc/i386-banana/8.1.0/crtbegin.o
 *fill*         0x00000000c0000121        0xf 
 .text          0x00000000c0000130      0x24f D:/Users/Alex/Desktop/Banana/kernel/morenasm.32
                0x00000000c0000130                manualPCIProbe
                0x00000000c000017b                prepareTramp
                0x00000000c0000194                doTPAUSE
                0x00000000c000019e                hasLegacyFPU
                0x00000000c00001c3                is486
                0x00000000c00001f9                detectCPUID
                0x00000000c000020f                goToVM86
                0x00000000c000023f                goToUsermode
                0x00000000c0000269                switchToThreadASMFirstTime
                0x00000000c0000277                switchToThreadASM
                0x00000000c00002fc                asmQuickAcquireLock
                0x00000000c000031a                asmQuickReleaseLock
                0x00000000c0000326                asmAcquireLock
                0x00000000c0000347                asmReleaseLock
                0x00000000c000035a                loadGDT
                0x00000000c000037a                memcpy
 *fill*         0x00000000c000037f        0x1 
 .text          0x00000000c0000380      0x7b7 acpica/utclib.32
                0x00000000c0000380                memcmp
                0x00000000c00003d0                memmove
                0x00000000c00004c0                memset
                0x00000000c0000530                strlen
                0x00000000c0000560                strpbrk
                0x00000000c00005a0                strtok
                0x00000000c00005f0                strcpy
                0x00000000c0000620                strncpy
                0x00000000c00006e0                strcmp
                0x00000000c0000730                strchr
                0x00000000c0000760                strncmp
                0x00000000c00007c0                strcat
                0x00000000c00007f0                strncat
                0x00000000c0000850                strstr
                0x00000000c00008b0                toupper
                0x00000000c00008d0                tolower
                0x00000000c00008f0                simple_strtoul
 .text          0x00000000c0000b37      0xfb0 core/malloc.32
                0x00000000c0000ca2                dlfree
                0x00000000c0001000                dlmalloc
                0x00000000c000153d                dlrealloc
                0x00000000c00016e0                dlmemalign
                0x00000000c0001803                dlcalloc
                0x00000000c000189d                dlcfree
                0x00000000c00018a2                dlindependent_calloc
                0x00000000c00018c7                dlindependent_comalloc
                0x00000000c00018de                dlvalloc
                0x00000000c0001909                dlpvalloc
                0x00000000c000193f                dlmalloc_trim
                0x00000000c000194c                dlmalloc_usable_size
                0x00000000c000197d                dlmallinfo
                0x00000000c0001a4c                dlmalloc_stats
                0x00000000c0001a5d                dlmallopt
 *fill*         0x00000000c0001ae7        0x1 
 .text          0x00000000c0001ae8      0x1f2 libk/ctype.32
                0x00000000c0001ae8                isblank
                0x00000000c0001b08                iscntrl
                0x00000000c0001b28                isdigit
                0x00000000c0001b44                islower
                0x00000000c0001b60                isspace
                0x00000000c0001b88                isupper
                0x00000000c0001ba4                isalpha
                0x00000000c0001bd4                isalnum
                0x00000000c0001c04                ispunct
                0x00000000c0001c44                isgraph
                0x00000000c0001c74                isprint
                0x00000000c0001c9c                isxdigit
 .text          0x00000000c0001cda        0x0 libk/string.32
 .text          0x00000000c0001cda       0x51 fs/fat/diskio.32
                0x00000000c0001cda                disk_status
                0x00000000c0001cdd                disk_initialize
                0x00000000c0001ce0                disk_read
                0x00000000c0001cf6                disk_write
                0x00000000c0001d0c                disk_ioctl
 .text          0x00000000c0001d2b     0x3d32 fs/fat/ff.32
                0x00000000c0003aaa                f_mount
                0x00000000c0003b0c                f_open
                0x00000000c0003dd7                f_read
                0x00000000c0003fd6                f_write
                0x00000000c000420a                f_sync
                0x00000000c00042bf                f_close
                0x00000000c00042ee                f_lseek
                0x00000000c0004495                f_opendir
                0x00000000c0004560                f_closedir
                0x00000000c0004582                f_readdir
                0x00000000c0004614                f_stat
                0x00000000c0004693                f_getfree
                0x00000000c0004795                f_truncate
                0x00000000c0004879                f_unlink
                0x00000000c0004999                f_mkdir
                0x00000000c0004b34                f_rename
                0x00000000c0004cea                f_chmod
                0x00000000c0004d93                f_utime
                0x00000000c0004e41                f_getlabel
                0x00000000c0004f98                f_setlabel
                0x00000000c0005128                f_expand
                0x00000000c0005288                f_mkfs
 *fill*         0x00000000c0005a5d        0x3 
 .text          0x00000000c0005a60       0x2f fs/fat/ffsystem.32
                0x00000000c0005a60                ff_memalloc
                0x00000000c0005a78                ff_memfree
 *fill*         0x00000000c0005a8f        0x1 
 .text          0x00000000c0005a90      0x2a4 fs/fat/ffunicode.32
                0x00000000c0005a90                ff_uni2oem
                0x00000000c0005b30                ff_oem2uni
                0x00000000c0005ba4                ff_wtoupper
 .text          0x00000000c0005d34      0xd20 fs/iso9660/iso9660.32
                0x00000000c0005f79                isoReadDiscSector
                0x00000000c0006014                strnicmp
                0x00000000c00062b8                stricmp
                0x00000000c0006304                iso_open
                0x00000000c000638e                iso_close
                0x00000000c00063ac                iso_read
                0x00000000c00064c2                iso_seek
                0x00000000c0006546                iso_tell
                0x00000000c0006577                iso_total
                0x00000000c00065a2                fn_postprocess
                0x00000000c00065c8                iso_readdir
                0x00000000c000681f                iso_reset
                0x00000000c000683c                init_percd
                0x00000000c0006936                iso_ioctl
                0x00000000c000694e                fs_iso9660_init
                0x00000000c00069e4                fs_iso9660_shutdown
 .text          0x00000000c0006a54      0x695 core/computer.32
                0x00000000c0006a54                Computer::close(int, int, void*)
                0x00000000c0006a99                Krnl::firstTask()
                0x00000000c0006bd4                Computer::Computer()
                0x00000000c0006bd4                Computer::Computer()
                0x00000000c0006c86                Computer::setBootMessage(char const*)
                0x00000000c0006c88                Computer::detectFeatures()
                0x00000000c0006eaa                Computer::displayFeatures()
                0x00000000c0006eac                Computer::rdmsr(unsigned int)
                0x00000000c0006ed8                Computer::wrmsr(unsigned int, unsigned long long)
                0x00000000c0006f10                Computer::shutdown()
                0x00000000c0006f28                Computer::restart()
                0x00000000c0006f40                Computer::sleep()
                0x00000000c0006f54                Computer::nmiEnabled()
                0x00000000c0006f60                Computer::readCMOS(unsigned char)
                0x00000000c0006f7c                Computer::enableNMI(bool)
                0x00000000c0006f94                Computer::open(int, int, void*)
                0x00000000c0007054                Computer::disableNMI()
                0x00000000c0007064                Computer::writeCMOS(unsigned char, unsigned char)
                0x00000000c0007084                Computer::handleNMI()
 *fill*         0x00000000c00070e9        0x1 
 .text          0x00000000c00070ea      0x1cf core/gdt.32
                0x00000000c00070ea                GDTEntry::setBase(unsigned int)
                0x00000000c0007106                GDTEntry::setLimit(unsigned int)
                0x00000000c0007124                GDT::GDT()
                0x00000000c0007124                GDT::GDT()
                0x00000000c000713a                GDT::addEntry(GDTEntry)
                0x00000000c000715c                GDT::getNumberOfEntries()
                0x00000000c0007164                GDT::flush()
                0x00000000c0007186                GDT::setup()
 .text          0x00000000c00072b9       0x1d core/idle.32
                0x00000000c00072b9                idleFunction(void*)
 *fill*         0x00000000c00072d6        0x2 
 .text          0x00000000c00072d8      0x464 core/idt.32
                0x00000000c00072d8                IDTEntry::IDTEntry(bool)
                0x00000000c00072d8                IDTEntry::IDTEntry(bool)
                0x00000000c000734a                IDTEntry::setOffset(unsigned int)
                0x00000000c0007360                IDT::IDT()
                0x00000000c0007360                IDT::IDT()
                0x00000000c0007362                IDT::getPointerToInvalidOpcodeEntryForF00F()
                0x00000000c000736a                IDT::addEntry(IDTEntry, int)
                0x00000000c0007384                IDT::addEntry(int, void (*)(), bool)
                0x00000000c00073bc                IDT::flush()
                0x00000000c00073d6                IDT::setup()
 .text          0x00000000c000773c      0x181 core/kheap.32
                0x00000000c000773c                sbrk
                0x00000000c00077cf                mmap
                0x00000000c00077e5                munmap
                0x00000000c00077fb                liballoc_lock()
                0x00000000c0007808                liballoc_unlock()
                0x00000000c000781c                liballoc_alloc(int)
                0x00000000c0007834                liballoc_free(void*, int)
                0x00000000c000784f                realloc
                0x00000000c0007863                malloc
                0x00000000c0007873                free
                0x00000000c0007883                rfree
                0x00000000c0007893                calloc
 .text          0x00000000c00078bd       0xc3 core/main.32
                0x00000000c00078bd                KeEntryPoint
 .text          0x00000000c0007980      0x608 core/physmgr.32
                0x00000000c0007980                Phys::allocateDMA(unsigned long)
                0x00000000c0007a5f                Phys::freeDMA(unsigned long, unsigned long)
                0x00000000c0007a98                Phys::setPageState(unsigned long, bool)
                0x00000000c0007ad1                Phys::getPageState(unsigned long)
                0x00000000c0007af2                Phys::freePage(unsigned long)
                0x00000000c0007b5a                Phys::allocatePage()
                0x00000000c0007c26                Phys::allocateContiguousPages(int)
                0x00000000c0007c87                Phys::allowSegmentToBeUsed(unsigned long, unsigned long)
                0x00000000c0007cbf                Phys::physicalMemorySetup(unsigned int)
 .text          0x00000000c0007f88      0x273 core/pipe.32
                0x00000000c0007f88                Pipe::isAtty()
                0x00000000c0007f8c                Pipe::~Pipe()
                0x00000000c0007f8c                Pipe::~Pipe()
                0x00000000c0007fb0                Pipe::~Pipe()
                0x00000000c0007fd8                Pipe::write(unsigned long long, void*, int*)
                0x00000000c0008098                Pipe::read(unsigned long long, void*, int*)
                0x00000000c0008194                Pipe::Pipe(int)
                0x00000000c0008194                Pipe::Pipe(int)
 *fill*         0x00000000c00081fb        0x1 
 .text          0x00000000c00081fc      0xaa4 core/terminal.32
                0x00000000c00081fc                VgaText::isAtty()
                0x00000000c0008200                VgaText::~VgaText()
                0x00000000c0008200                VgaText::~VgaText()
                0x00000000c0008224                VgaText::~VgaText()
                0x00000000c000824e                VgaText::read(unsigned long long, void*, int*)
                0x00000000c000826e                setTerminalScrollLock(bool)
                0x00000000c000826f                doTerminalCycle()
                0x00000000c0008270                addToTerminalCycle(VgaText*)
                0x00000000c0008271                scrollTerminalScrollLock(int)
                0x00000000c0008272                VgaText::updateTitle()
                0x00000000c0008274                VgaText::load()
                0x00000000c0008276                VgaText::updateCursor()
                0x00000000c000828c                VgaText::doANSI_SGR(int)
                0x00000000c0008300                VgaText::setDefaultBgColour(VgaColour)
                0x00000000c0008310                VgaText::setDefaultFgColour(VgaColour)
                0x00000000c0008320                VgaText::setDefaultColours(VgaColour, VgaColour)
                0x00000000c0008340                VgaText::setTitleTextColour(VgaColour)
                0x00000000c000834c                VgaText::setTitleColour(VgaColour)
                0x00000000c0008358                VgaText::setTitle(char*)
                0x00000000c000835a                VgaText::combineColours(unsigned char, unsigned char)
                0x00000000c000836c                VgaText::scrollScreen()
                0x00000000c00083fe                VgaText::combineCharAndColour(char, unsigned char)
                0x00000000c0008410                VgaText::writeCharacter(char, VgaColour, VgaColour, int, int)
                0x00000000c00084a0                VgaText::getCursorX()
                0x00000000c00084a8                VgaText::getCursorY()
                0x00000000c00084b0                VgaText::setCursor(int, int)
                0x00000000c00084c7                setActiveTerminal(VgaText*)
                0x00000000c0008512                VgaText::clearScreen()
                0x00000000c0008560                VgaText::setCursorX(int)
                0x00000000c0008578                VgaText::setCursorY(int)
                0x00000000c0008590                VgaText::incrementCursor(bool)
                0x00000000c00085e4                VgaText::decrementCursor(bool)
                0x00000000c0008606                VgaText::putchar(char, VgaColour, VgaColour)
                0x00000000c00086d4                VgaText::putchar(char)
                0x00000000c00087c0                VgaText::putx(unsigned int)
                0x00000000c0008806                VgaText::puts(char const*)
                0x00000000c000882c                VgaText::write(unsigned long long, void*, int*)
                0x00000000c0008878                VgaText::puts(char const*, VgaColour, VgaColour)
                0x00000000c00089ca                VgaText::VgaText(char const*)
                0x00000000c00089ca                VgaText::VgaText(char const*)
                0x00000000c0008b1a                VgaText::receiveKey(unsigned char)
                0x00000000c0008c7a                VgaText::doUpdate()
                0x00000000c0008c7b                newTerminal(char*)
 .text          0x00000000c0008ca0      0x1a1 core/tss.32
                0x00000000c0008ca0                TSS::TSS()
                0x00000000c0008ca0                TSS::TSS()
                0x00000000c0008cb0                TSS::setESP(unsigned long)
                0x00000000c0008cc4                TSS::flush()
                0x00000000c0008ce4                TSS::setup(unsigned long, unsigned long)
 *fill*         0x00000000c0008e41        0x1 
 .text          0x00000000c0008e42      0x4c2 core/unixfile.32
                0x00000000c0008e42                ReservedFilename::read(unsigned long long, void*, int*)
                0x00000000c0008e98                ReservedFilename::isAtty()
                0x00000000c0008eb4                ReservedFilename::write(unsigned long long, void*, int*)
                0x00000000c0008f12                UnixFile::getFileDescriptor()
                0x00000000c0008f1a                UnixFile::UnixFile(int)
                0x00000000c0008f1a                UnixFile::UnixFile(int)
                0x00000000c00090ca                ReservedFilename::ReservedFilename(int)
                0x00000000c00090ca                ReservedFilename::ReservedFilename(int)
                0x00000000c00090fc                UnixFile::~UnixFile()
                0x00000000c00090fc                UnixFile::~UnixFile()
                0x00000000c0009194                UnixFile::~UnixFile()
                0x00000000c00091bc                ReservedFilename::~ReservedFilename()
                0x00000000c00091bc                ReservedFilename::~ReservedFilename()
                0x00000000c00091e0                ReservedFilename::~ReservedFilename()
                0x00000000c0009207                getFromFileDescriptor(int)
 .text          0x00000000c0009304     0x1209 core/virtmgr.32
                0x00000000c0009304                Virt::setPageState(unsigned long, Virt::VirtPageState)
                0x00000000c000933b                Virt::getPageState(unsigned long)
                0x00000000c0009362                Virt::allocateKernelVirtualPages(int)
                0x00000000c0009473                Virt::freeSwapfilePage(unsigned long)
                0x00000000c0009497                Virt::swapIDToSector(unsigned long)
                0x00000000c00094ad                Virt::allocateSwapfilePage()
                0x00000000c000952b                Virt::virtualMemorySetup()
                0x00000000c0009576                Virt::setupPageSwapping(int)
                0x00000000c00095e8                VAS::VAS(VAS*)
                0x00000000c00095e8                VAS::VAS(VAS*)
                0x00000000c0009616                VAS::getForeignPageTableEntry(bool, unsigned long)
                0x00000000c0009642                VAS::getPageTableEntry(unsigned long)
                0x00000000c0009661                Virt::freeKernelVirtualPages(unsigned long)
                0x00000000c0009784                VAS::freeAllocatedPages(unsigned long)
                0x00000000c00097a8                VAS::virtualToPhysical(unsigned long)
                0x00000000c00097c2                VAS::reflagRange(unsigned long, int, int, int)
                0x00000000c0009806                VAS::VAS()
                0x00000000c0009806                VAS::VAS()
                0x00000000c0009870                VAS::setToWriteCombining(unsigned long, int)
                0x00000000c00098a4                VAS::mapOtherVASIn(bool, VAS*)
                0x00000000c00098ce                VAS::~VAS()
                0x00000000c00098ce                VAS::~VAS()
                0x00000000c0009a32                VAS::mapPage(unsigned long, unsigned long, int)
                0x00000000c0009b38                VAS::allocatePages(int, int)
                0x00000000c0009d12                VAS::setCPUSpecific(unsigned long)
                0x00000000c0009d30                VAS::mapRange(unsigned long, unsigned long, int, int)
                0x00000000c0009df6                VAS::mapForeignPage(bool, VAS*, unsigned long, unsigned long, int)
                0x00000000c0009ee8                VAS::VAS(bool)
                0x00000000c0009ee8                VAS::VAS(bool)
                0x00000000c000a168                VAS::evict(unsigned long)
                0x00000000c000a22e                VAS::tryLoadBackOffDisk(unsigned long)
                0x00000000c000a334                VAS::scanForEviction()
                0x00000000c000a417                mapVASFirstTime
 .text          0x00000000c000a50d       0x5f coreobjs/c++.32
                0x00000000c000a50d                __cxa_atexit
                0x00000000c000a510                __cxa_finalize
                0x00000000c000a511                __stack_chk_fail
                0x00000000c000a547                __cxa_pure_virtual
                0x00000000c000a558                operator new[](unsigned long)
                0x00000000c000a55d                operator delete(void*, unsigned long)
                0x00000000c000a562                operator delete[](void*)
                0x00000000c000a567                operator delete[](void*, unsigned long)
 .text          0x00000000c000a56c      0x21c dbg/kconsole.32
                0x00000000c000a56c                Dbg::stringifyxWithBase(unsigned int, char*, int)
                0x00000000c000a5d7                Dbg::logc(char)
                0x00000000c000a5f7                Dbg::logs(char*)
                0x00000000c000a614                Dbg::logWriteInt(unsigned int)
                0x00000000c000a632                Dbg::logWriteIntBase(unsigned int, int)
                0x00000000c000a653                Dbg::kprintf(char const*, ...)
 .text          0x00000000c000a788      0xc5c fs/vfs.32
                0x00000000c000a788                File::read(unsigned long long, void*, int*)
                0x00000000c000a7e0                File::write(unsigned long long, void*, int*)
                0x00000000c000a838                Directory::read(unsigned long long, void*, int*)
                0x00000000c000a890                Directory::write(unsigned long long, void*, int*)
                0x00000000c000a8be                File::isAtty()
                0x00000000c000a8c2                Directory::isAtty()
                0x00000000c000a8c6                Filesystem::getlabel(LogicalDisk*, int, char*, unsigned int*)
                0x00000000c000a8cc                Filesystem::setlabel(LogicalDisk*, int, char*)
                0x00000000c000a8d2                Filesystem::allocateSwapfile(char const*, int)
                0x00000000c000a8d8                File::~File()
                0x00000000c000a8d8                File::~File()
                0x00000000c000a8fc                File::~File()
                0x00000000c000a926                Directory::~Directory()
                0x00000000c000a926                Directory::~Directory()
                0x00000000c000a94a                Directory::~Directory()
                0x00000000c000a974                Filesystem::Filesystem()
                0x00000000c000a974                Filesystem::Filesystem()
                0x00000000c000a998                Filesystem::~Filesystem()
                0x00000000c000a998                Filesystem::~Filesystem()
                0x00000000c000a9a6                Filesystem::~Filesystem()
                0x00000000c000a9ca                Fs::getcwd(Process*, char*, int)
                0x00000000c000a9f4                Fs::initVFS()
                0x00000000c000aa1e                Fs::standardiseFiles(char*, char const*, char const*)
                0x00000000c000abc8                File::File(char const*, Process*)
                0x00000000c000abc8                File::File(char const*, Process*)
                0x00000000c000ac88                File::open(FileOpenMode)
                0x00000000c000ace6                File::close()
                0x00000000c000ad46                File::seek(unsigned long long)
                0x00000000c000ad9c                File::tell(unsigned long long*)
                0x00000000c000adec                File::rewind()
                0x00000000c000ae00                File::unlink()
                0x00000000c000ae4c                File::rename(char const*)
                0x00000000c000ae9a                File::chfatattr(unsigned char, unsigned char)
                0x00000000c000aef6                File::exists()
                0x00000000c000af34                File::stat(unsigned long long*, bool*)
                0x00000000c000af95                Fs::setcwd(Process*, char*)
                0x00000000c000b0f2                Directory::Directory(char const*, Process*)
                0x00000000c000b0f2                Directory::Directory(char const*, Process*)
                0x00000000c000b1b2                Directory::open()
                0x00000000c000b20e                Directory::close()
                0x00000000c000b26e                Directory::unlink()
                0x00000000c000b2ba                Directory::rename(char const*)
                0x00000000c000b308                Directory::exists()
                0x00000000c000b346                Directory::read(dirent*)
                0x00000000c000b392                Directory::create()
                0x00000000c000b3de                Filesystem::chfatattr(char const*, unsigned char, unsigned char)
 .text          0x00000000c000b3e4       0x86 hal/bus.32
                0x00000000c000b3e4                Bus::Bus(char const*)
                0x00000000c000b3e4                Bus::Bus(char const*)
                0x00000000c000b41c                Bus::~Bus()
                0x00000000c000b41c                Bus::~Bus()
                0x00000000c000b440                Bus::~Bus()
 .text          0x00000000c000b46a       0x96 hal/buzzer.32
                0x00000000c000b46a                beepThread(void*)
                0x00000000c000b4a7                Krnl::beep(int, int, bool)
 .text          0x00000000c000b500      0x46d hal/clock.32
                0x00000000c000b500                User::loadClockSettings(int)
                0x00000000c000b552                Clock::Clock(char const*)
                0x00000000c000b552                Clock::Clock(char const*)
                0x00000000c000b588                Clock::~Clock()
                0x00000000c000b588                Clock::~Clock()
                0x00000000c000b5ac                Clock::~Clock()
                0x00000000c000b5d6                Clock::timeInSecondsLocal()
                0x00000000c000b61e                Clock::setTimeInSecondsLocal(unsigned long long)
                0x00000000c000b677                datetimeToSeconds(datetime_t)
                0x00000000c000b7a4                Clock::setTimeInDatetimeLocal(datetime_t)
                0x00000000c000b804                secondsToDatetime(unsigned long long)
                0x00000000c000b948                Clock::timeInDatetimeLocal()
 *fill*         0x00000000c000b96d        0x1 
 .text          0x00000000c000b96e      0x460 hal/device.32
                0x00000000c000b96e                Device::hibernate()
                0x00000000c000b970                Device::wake()
                0x00000000c000b972                Device::detect()
                0x00000000c000b974                Device::disableLegacy()
                0x00000000c000b976                Device::powerSaving(PowerSavingLevel)
                0x00000000c000b978                DriverlessDevice::close(int, int, void*)
                0x00000000c000b97c                DriverlessDevice::detect()
                0x00000000c000b97e                DriverlessDevice::open(int, int, void*)
                0x00000000c000b992                Device::~Device()
                0x00000000c000b992                Device::~Device()
                0x00000000c000b9a0                Device::~Device()
                0x00000000c000b9c8                Device::findAndLoadDriver()
                0x00000000c000b9d6                Device::preOpenPCI(PCIDeviceInfo)
                0x00000000c000b9f8                Device::preOpenACPI(void*, char*, char*)
                0x00000000c000ba38                Device::addIRQHandler(int, void (*)(regs*, void*), bool, void*)
                0x00000000c000ba62                Device::getParent()
                0x00000000c000ba6e                Device::removeIRQHandler(int, void (*)(regs*, void*), bool)
                0x00000000c000ba8c                Device::addChild(Device*)
                0x00000000c000bad0                Device::removeAllChildren()
                0x00000000c000bb16                Device::hibernateAll()
                0x00000000c000bb46                Device::wakeAll()
                0x00000000c000bb76                Device::detectAll()
                0x00000000c000bba6                Device::disableLegacyAll()
                0x00000000c000bba8                Device::loadDriversForAll()
                0x00000000c000bbaa                Device::closeAll()
                0x00000000c000bbe0                Device::powerSavingAll(PowerSavingLevel)
                0x00000000c000bc16                Device::setName(char const*)
                0x00000000c000bc24                Device::Device(char const*)
                0x00000000c000bc24                Device::Device(char const*)
                0x00000000c000bd20                Device::getName()
                0x00000000c000bd2a                DriverlessDevice::DriverlessDevice(char const*)
                0x00000000c000bd2a                DriverlessDevice::DriverlessDevice(char const*)
                0x00000000c000bd60                Device::addToLinkedList(LinkedList<Device>&, DeviceType)
                0x00000000c000bda4                getDevicesOfType(DeviceType)
 *fill*         0x00000000c000bdce        0x2 
 .text          0x00000000c000bdd0       0x86 hal/diskctrl.32
                0x00000000c000bdd0                HardDiskController::HardDiskController(char const*)
                0x00000000c000bdd0                HardDiskController::HardDiskController(char const*)
                0x00000000c000be08                HardDiskController::~HardDiskController()
                0x00000000c000be08                HardDiskController::~HardDiskController()
                0x00000000c000be2c                HardDiskController::~HardDiskController()
 .text          0x00000000c000be56       0xe2 hal/diskphys.32
                0x00000000c000be56                PhysicalDisk::eject()
                0x00000000c000be5a                PhysicalDisk::PhysicalDisk(char const*, int)
                0x00000000c000be5a                PhysicalDisk::PhysicalDisk(char const*, int)
                0x00000000c000bec2                PhysicalDisk::startCache()
                0x00000000c000beea                PhysicalDisk::~PhysicalDisk()
                0x00000000c000beea                PhysicalDisk::~PhysicalDisk()
                0x00000000c000bf0e                PhysicalDisk::~PhysicalDisk()
 .text          0x00000000c000bf38        0x0 hal/fpu.32
 .text          0x00000000c000bf38      0x358 hal/intctrl.32
                0x00000000c000bf38                int_handler
                0x00000000c000bfbe                installISRHandler(int, void (*)(regs*, void*), void*)
                0x00000000c000c006                installIRQHandler(int, void (*)(regs*, void*), bool, void*)
                0x00000000c000c13b                uninstallISRHandler(int, void (*)(regs*, void*))
                0x00000000c000c16f                uninstallIRQHandler(int, void (*)(regs*, void*), bool)
                0x00000000c000c1ee                setupINTS()
                0x00000000c000c24b                convertLegacyIRQNumber(int)
 .text          0x00000000c000c290      0x7ec hal/keybrd.32
                0x00000000c000c290                startGUI(void*)
                0x00000000c000c2fc                startGUIVESA(void*)
                0x00000000c000c368                sendKeyToTerminal(unsigned char)
                0x00000000c000c437                sendKeyboardToken(KeyboardToken)
                0x00000000c000c877                clearInternalKeybuffer(VgaText*)
                0x00000000c000c8ac                readKeyboard(VgaText*, char*, unsigned long)
                0x00000000c000c9f2                Keyboard::Keyboard(char const*)
                0x00000000c000c9f2                Keyboard::Keyboard(char const*)
                0x00000000c000ca2e                Keyboard::~Keyboard()
                0x00000000c000ca2e                Keyboard::~Keyboard()
                0x00000000c000ca52                Keyboard::~Keyboard()
 .text          0x00000000c000ca7c      0x3f4 hal/logidisk.32
                0x00000000c000ca7c                LogicalDisk::close(int, int, void*)
                0x00000000c000ca80                LogicalDisk::~LogicalDisk()
                0x00000000c000ca80                LogicalDisk::~LogicalDisk()
                0x00000000c000caa4                LogicalDisk::~LogicalDisk()
                0x00000000c000cace                LogicalDisk::open(int, int, void*)
                0x00000000c000cae2                LogicalDisk::absoluteToRelative(unsigned long long)
                0x00000000c000cb1a                LogicalDisk::relativeToAbsolute(unsigned long long)
                0x00000000c000cb60                LogicalDisk::LogicalDisk(char const*, PhysicalDisk*, unsigned long long, unsigned long long)
                0x00000000c000cb60                LogicalDisk::LogicalDisk(char const*, PhysicalDisk*, unsigned long long, unsigned long long)
                0x00000000c000cc20                LogicalDisk::assignDriveLetter()
                0x00000000c000ccd6                LogicalDisk::mount()
                0x00000000c000cd1e                LogicalDisk::unmount()
                0x00000000c000cd2e                LogicalDisk::eject()
                0x00000000c000cd42                LogicalDisk::unassignDriveLetter()
                0x00000000c000cd98                LogicalDisk::read(unsigned long long, int, void*)
                0x00000000c000ce04                LogicalDisk::write(unsigned long long, int, void*)
 .text          0x00000000c000ce70       0x86 hal/mouse.32
                0x00000000c000ce70                Mouse::Mouse(char const*)
                0x00000000c000ce70                Mouse::Mouse(char const*)
                0x00000000c000cea8                Mouse::~Mouse()
                0x00000000c000cea8                Mouse::~Mouse()
                0x00000000c000cecc                Mouse::~Mouse()
 .text          0x00000000c000cef6       0x90 hal/nic.32
                0x00000000c000cef6                NIC::getMAC()
                0x00000000c000cefc                NIC::write(int, unsigned char*, int*)
                0x00000000c000cf02                NIC::NIC(char const*)
                0x00000000c000cf02                NIC::NIC(char const*)
                0x00000000c000cf38                NIC::~NIC()
                0x00000000c000cf38                NIC::~NIC()
                0x00000000c000cf5c                NIC::~NIC()
 .text          0x00000000c000cf86      0x339 hal/partition.32
                0x00000000c000cf86                makePartition(PhysicalDisk*, unsigned long long, unsigned long long)
                0x00000000c000d02e                createPartitionsForDisk(PhysicalDisk*)
 *fill*         0x00000000c000d2bf        0x1 
 .text          0x00000000c000d2c0       0x86 hal/serial.32
                0x00000000c000d2c0                Serial::Serial(char const*)
                0x00000000c000d2c0                Serial::Serial(char const*)
                0x00000000c000d2f8                Serial::~Serial()
                0x00000000c000d2f8                Serial::~Serial()
                0x00000000c000d31c                Serial::~Serial()
 *fill*         0x00000000c000d346        0x2 
 .text          0x00000000c000d348      0x234 hal/timer.32
                0x00000000c000d348                Timer::Timer(char const*)
                0x00000000c000d348                Timer::Timer(char const*)
                0x00000000c000d380                Timer::~Timer()
                0x00000000c000d380                Timer::~Timer()
                0x00000000c000d3a4                Timer::~Timer()
                0x00000000c000d3ce                Timer::read()
                0x00000000c000d3d9                setupTimer(int)
                0x00000000c000d414                timerHandler(unsigned int)
 .text          0x00000000c000d57c      0x440 hal/vcache.32
                0x00000000c000d57c                VCache::VCache(PhysicalDisk*)
                0x00000000c000d57c                VCache::VCache(PhysicalDisk*)
                0x00000000c000d6ec                VCache::invalidateReadBuffer()
                0x00000000c000d6fc                VCache::writeWriteBuffer()
                0x00000000c000d748                VCache::~VCache()
                0x00000000c000d748                VCache::~VCache()
                0x00000000c000d79c                VCache::~VCache()
                0x00000000c000d7c4                VCache::write(unsigned long long, int, void*)
                0x00000000c000d8b2                VCache::read(unsigned long long, int, void*)
 .text          0x00000000c000d9bc      0x4c7 hal/video.32
                0x00000000c000d9bc                Video::putrect(int, int, int, int, unsigned int)
                0x00000000c000da08                Video::bitblit(int, int, int, int, int, int, int, unsigned int*)
                0x00000000c000da78                Video::blit(unsigned int*, int, int, int, int)
                0x00000000c000daf6                Video::clearScreen(unsigned int)
                0x00000000c000db2a                Video::putpixel(int, int, unsigned int)
                0x00000000c000db38                Video::readPixelApprox(int, int)
                0x00000000c000db4c                Video::Video(char const*)
                0x00000000c000db4c                Video::Video(char const*)
                0x00000000c000db82                Video::~Video()
                0x00000000c000db82                Video::~Video()
                0x00000000c000dba6                Video::~Video()
                0x00000000c000dbd0                Video::isMonochrome()
                0x00000000c000dbdc                Video::getWidth()
                0x00000000c000dbe8                Video::getHeight()
                0x00000000c000dbf4                Video::drawCursor(int, int, unsigned int*, int)
                0x00000000c000dcb0                Video::tgaParse(unsigned char*, int, int*, int*)
                0x00000000c000de18                Video::putTGA(int, int, unsigned char*, int)
 *fill*         0x00000000c000de83        0x1 
 .text          0x00000000c000de84     0x1307 hw/acpi.32
                0x00000000c000de84                ACPI::close(int, int, void*)
                0x00000000c000df3c                findRSDP()
                0x00000000c000dfcc                loadACPITables(unsigned char*)
                0x00000000c000e230                findRSDT(unsigned char*)
                0x00000000c000e380                findDataTable(unsigned char*, char*)
                0x00000000c000e3f8                scanMADT()
                0x00000000c000e8cc                ACPI::ACPI()
                0x00000000c000e8cc                ACPI::ACPI()
                0x00000000c000e920                ACPI::getPCIIRQAssignment(unsigned char, unsigned short, unsigned char)
                0x00000000c000ea08                ACPI::registerPCIIRQAssignment(void*, unsigned short, unsigned char, unsigned char)
                0x00000000c000ead0                ACPI::setScreenBrightnessLevel(void*, int)
                0x00000000c000ead8                ACPI::detectPCI()
                0x00000000c000ece0                ACPI::writeSimpleBootFlag(SimpleBootFlagTable*)
                0x00000000c000ed34                ACPI::sleep()
                0x00000000c000ed50                ACPI::open(int, int, void*)
 *fill*         0x00000000c000f18b        0x1 
 .text          0x00000000c000f18c      0xb95 hw/cpu.32
                0x00000000c000f18c                CPU::close(int, int, void*)
                0x00000000c000f190                CPU::AMD_K6_write_msr(unsigned int, unsigned int, unsigned int, CPU::REGS*)
                0x00000000c000f1ac                CPU::AMD_K6_read_msr(unsigned int, CPU::REGS*)
                0x00000000c000f1c4                CPU::AMD_K6_writeback(int, int, int)
                0x00000000c000f238                CPU::cpuid(int, unsigned long*, unsigned long*, unsigned long*, unsigned long*)
                0x00000000c000f2bc                CPU::cpuidCheckEDX(unsigned int)
                0x00000000c000f2ea                CPU::cpuidCheckECX(unsigned int)
                0x00000000c000f318                CPU::cpuidCheckExtendedEBX(unsigned int)
                0x00000000c000f346                CPU::cpuidCheckExtendedECX(unsigned int)
                0x00000000c000f374                CPU::CPU()
                0x00000000c000f374                CPU::CPU()
                0x00000000c000f402                CPU::displayFeatures()
                0x00000000c000f404                CPU::detectFeatures()
                0x00000000c000fac8                CPU::setupSMEP()
                0x00000000c000fad4                CPU::setupUMIP()
                0x00000000c000fade                CPU::setupTSC()
                0x00000000c000fae8                CPU::setupLargePages()
                0x00000000c000faf2                CPU::setupPAT()
                0x00000000c000fb2e                CPU::setupMTRR()
                0x00000000c000fb30                CPU::setupGlobalPages()
                0x00000000c000fb3a                CPU::allowUsermodeDataAccess()
                0x00000000c000fb4c                CPU::prohibitUsermodeDataAccess()
                0x00000000c000fb5e                CPU::setupSMAP()
                0x00000000c000fb6c                CPU::setupFeatures()
                0x00000000c000fc38                CPU::open(int, int, void*)
 .text          0x00000000c000fd21       0xd1 krnl/bootmsg.32
                0x00000000c000fd21                KeDisplaySplashScreen()
                0x00000000c000fd8f                KeSetBootMessage(char const*)
 .text          0x00000000c000fdf2      0x581 krnl/env.32
                0x00000000c000fdf2                EnvVarContainer::getEnv(char const*)
                0x00000000c000fe30                EnvVarContainer::setEnv(char const*, char const*)
                0x00000000c000fef2                EnvVarContainer::deleteEnv(char const*)
                0x00000000c000fef4                EnvVarContainer::loadFrom(char const*, char const*)
                0x00000000c00100da                EnvVarContainer::__loadSystem()
                0x00000000c00100f4                EnvVarContainer::__loadUser()
                0x00000000c00100f6                EnvVarContainer::EnvVarContainer(Process*)
                0x00000000c00100f6                EnvVarContainer::EnvVarContainer(Process*)
                0x00000000c0010118                EnvVarContainer::~EnvVarContainer()
                0x00000000c0010118                EnvVarContainer::~EnvVarContainer()
                0x00000000c0010148                Krnl::getEnv(Process*, char const*)
                0x00000000c00101ad                Krnl::setEnvSystem(char const*, char const*)
                0x00000000c00101c7                Krnl::setEnvUser(char const*, char const*)
                0x00000000c00101e6                Krnl::setEnvProcess(Process*, char const*, char const*)
                0x00000000c00101f9                Krnl::deleteEnvSystem(char const*)
                0x00000000c00101fa                Krnl::deleteEnvUser(char const*)
                0x00000000c00101fb                Krnl::deleteEnvProcess(Process*, char const*)
                0x00000000c00101fc                Krnl::newProcessEnv(Process*)
                0x00000000c001021e                Krnl::copyProcessEnv(Process*, Process*)
                0x00000000c001026a                Krnl::loadSystemEnv()
                0x00000000c0010298                Krnl::loadUserEnv()
                0x00000000c00102be                Krnl::flushEnv()
                0x00000000c00102bf                Krnl::getProcessTotalEnvCount(Process*)
                0x00000000c00102df                Krnl::getProcessEnvPair(Process*, int)
 .text          0x00000000c0010373       0x94 krnl/inlines.32
                0x00000000c0010373                CPU::current()
                0x00000000c001037f                operator new(unsigned long)
                0x00000000c0010384                operator delete(void*)
                0x00000000c0010389                disableIRQs()
                0x00000000c001038b                enableIRQs()
                0x00000000c001038d                lockScheduler()
                0x00000000c0010395                unlockScheduler()
                0x00000000c00103a4                lockStuff()
                0x00000000c00103b2                unlockStuff()
                0x00000000c00103ec                Virt::getAKernelVAS()
                0x00000000c00103f2                __not_memcpy
 .text          0x00000000c0010407        0xc krnl/panic.32
                0x00000000c0010407                KePanic(char const*)
 .text          0x00000000c0010413      0x142 krnl/powctrl.32
                0x00000000c0010413                Krnl::powerThread(void*)
                0x00000000c0010441                Krnl::changePowerSettings(Krnl::PowerSettings)
                0x00000000c0010457                Krnl::userIOReceived()
                0x00000000c0010462                Krnl::handlePowerButton()
                0x00000000c0010497                Krnl::handleSleepButton()
                0x00000000c00104cc                Krnl::setupPowerManager()
 .text          0x00000000c0010555       0x9d krnl/random.32
                0x00000000c0010555                KeRand()
                0x00000000c0010597                KeSeedRand(unsigned int)
                0x00000000c00105c0                KeInitRand()
 *fill*         0x00000000c00105f2        0x2 
 .text          0x00000000c00105f4      0x190 krnl/resolve.32
                0x00000000c00105f4                KeResolveCompatibilitySymbol(char*)
 .text          0x00000000c0010784      0x313 krnl/signal.32
                0x00000000c0010784                KiSigKill(int)
                0x00000000c0010798                KiDefaultSignalHandlerIgnore(int)
                0x00000000c0010799                KiDefaultSignalHandlerPause(int)
                0x00000000c00107c5                KiDefaultSignalHandlerResume(int)
                0x00000000c00107f1                KeDeinitSignals(SigHandlerBlock*)
                0x00000000c00107f6                KeInitSignals()
                0x00000000c0010841                KeRegisterSignalHandler(SigHandlerBlock*, int, void (*)(int), unsigned int, int)
                0x00000000c0010877                KeRaiseSignal(SigHandlerBlock*, int)
                0x00000000c00108f4                KeCheckSignal(SigHandlerBlock*, int*)
                0x00000000c00109e3                KiCheckSignalZ
                0x00000000c0010a25                KeCompleteSignal(SigHandlerBlock*, int)
                0x00000000c0010a60                KiFinishSignalZ
 .text          0x00000000c0010a97      0xc2d krnl/syscalls.32
                0x00000000c0010a97                SysSeekDir(regs*)
                0x00000000c0010a9c                SysTellDir(regs*)
                0x00000000c0010aa1                SysVerify(regs*)
                0x00000000c0010aab                SysGetArgc(regs*)
                0x00000000c0010abf                SysTTYName(regs*)
                0x00000000c0010ac7                SysFormatDisk(regs*)
                0x00000000c0010b2a                SysSetDiskVolumeLabel(regs*)
                0x00000000c0010b76                SysGetDiskVolumeLabel(regs*)
                0x00000000c0010bcd                SysShutdown(regs*)
                0x00000000c0010c48                SysRealpath(regs*)
                0x00000000c0010c95                SysReadDir(regs*)
                0x00000000c0010d11                SysIsATTY(regs*)
                0x00000000c0010d69                SysSeek(regs*)
                0x00000000c0010dbb                SysTell(regs*)
                0x00000000c0010e26                SysSize(regs*)
                0x00000000c0010e97                SysSizeFromFilename(regs*)
                0x00000000c0010f46                SysClose(regs*)
                0x00000000c0010fa2                SysOpenDir(regs*)
                0x00000000c0011015                SysMakeDir(regs*)
                0x00000000c001107b                SysCloseDir(regs*)
                0x00000000c00110c6                SysWait(regs*)
                0x00000000c00110e7                SysNotImpl(regs*)
                0x00000000c00110fe                SysPanic(regs*)
                0x00000000c0011119                SysRmdir(regs*)
                0x00000000c0011180                SysUnlink(regs*)
                0x00000000c00111e7                SysGetArgv(regs*)
                0x00000000c0011233                SysUSleep(regs*)
                0x00000000c001125c                SysSpawn(regs*)
                0x00000000c00112c7                SysGetEnv(regs*)
                0x00000000c0011379                SysSetFatAttrib(regs*)
                0x00000000c00113f0                SysPipe(regs*)
                0x00000000c0011435                SysGetUnixTime(regs*)
                0x00000000c0011449                string_ends_with(char const*, char const*)
                0x00000000c0011493                SysOpen(regs*)
                0x00000000c0011682                KeSystemCall(regs*, void*)
 .text          0x00000000c00116c4      0x159 net/ethernet.32
                0x00000000c00116c4                KeSwitchEndian16(unsigned short)
                0x00000000c00116f0                KeSwitchEndian32(unsigned int)
                0x00000000c0011720                EthernetCRC32(unsigned char*, int)
                0x00000000c00117c4                EthernetReceivedPacket(EthernetUnwrappedFrame*, unsigned short)
 .text          0x00000000c001181d      0xd4d reg/cm.32
                0x00000000c001181d                CmOpen(char const*)
                0x00000000c001193b                CmClose(Reghive_Tag*)
                0x00000000c0011951                CmReadExtent(Reghive_Tag*, int, unsigned char*)
                0x00000000c001198d                CmGetString(Reghive_Tag*, int, char*)
                0x00000000c0011a04                CmEnterDirectory(Reghive_Tag*, int)
                0x00000000c0011a43                CmGetNext(Reghive_Tag*, int)
                0x00000000c0011a75                CmWriteExtent(Reghive_Tag*, int, unsigned char*)
                0x00000000c0011ab1                CmFreeExtent(Reghive_Tag*, int)
                0x00000000c0011ad9                CmUpdateHeader(Reghive_Tag*)
                0x00000000c0011afa                CmExpand(Reghive_Tag*, int)
                0x00000000c0011b75                CmFindUnusedExtent(Reghive_Tag*)
                0x00000000c0011bfb                CmCreateExtent(Reghive_Tag*, int, int, unsigned char*)
                0x00000000c0011cef                CmSetString(Reghive_Tag*, int, char const*)
                0x00000000c0011e2b                CmGetMatch(char*, char*, bool, bool*)
                0x00000000c0011e8c                CmAddShift(unsigned int*, int*, unsigned char, int)
                0x00000000c0011ebc                CmGetShift(unsigned int*, int*, int, bool*)
                0x00000000c0011ef3                CmGetInteger(Reghive_Tag*, int, unsigned long long*)
                0x00000000c0011f1d                CmSetInteger(Reghive_Tag*, int, unsigned long long)
                0x00000000c0011f5d                CmConvertFromInternalFilename(unsigned char const*, char*)
                0x00000000c0012001                CmGetNameAndTypeFromExtent(Reghive_Tag*, int, char*)
                0x00000000c001202f                CmConvertToInternalFilename(char const*, unsigned char*)
                0x00000000c00121cd                CmCreateString(Reghive_Tag*, int, char const*)
                0x00000000c001221a                CmFindInDirectory(Reghive_Tag*, int, char const*)
                0x00000000c0012294                CmCreateInteger(Reghive_Tag*, int, char const*, unsigned long long, int)
                0x00000000c00122e7                CmCreateDirectory(Reghive_Tag*, int, char const*)
                0x00000000c00123ab                zStrtok(char*, char const*)
                0x00000000c0012414                CmFindObjectFromPath(Reghive_Tag*, char const*)
                0x00000000c0012495                CmDisplayTree(Reghive_Tag*, int, int)
                0x00000000c0012538                CmSplitFinalSlashInPlace(char*)
 .text          0x00000000c001256a      0x51c reg/registry.32
                0x00000000c001256a                Reg::findLineFromLoadedData(char*, char*, char*)
                0x00000000c00126d1                Reg::getLineFromRegistry(char*, char*, char*, char*)
                0x00000000c0012826                Reg::getLine(char*, char*, char*)
                0x00000000c001285d                Reg::readInt(char*, char*, int*)
                0x00000000c0012947                Reg::readString(char*, char*, char*, int)
                0x00000000c00129c8                Reg::readBool(char*, char*, bool*)
                0x00000000c00129ed                Reg::readBoolWithDefault(char*, char*, bool)
                0x00000000c0012a19                Reg::readIntWithDefault(char*, char*, int)
                0x00000000c0012a45                Reg::readStringWithDefault(char*, char*, char*, int, char*)
 .text          0x00000000c0012a86       0x36 sys/eject.32
                0x00000000c0012a86                SysEject(regs*)
 .text          0x00000000c0012abc       0x18 sys/exit.32
                0x00000000c0012abc                SysExit(regs*)
 .text          0x00000000c0012ad4       0x1f sys/getcwd.32
                0x00000000c0012ad4                SysGetCwd(regs*)
 .text          0x00000000c0012af3        0xc sys/getpid.32
                0x00000000c0012af3                SysGetPID(regs*)
 .text          0x00000000c0012aff       0x1a sys/getramdata.32
                0x00000000c0012aff                SysGetRAMData(regs*)
 .text          0x00000000c0012b19       0x82 sys/getvgaptr.32
                0x00000000c0012b19                SysGetVGAPtr(regs*)
 *fill*         0x00000000c0012b9b        0x1 
 .text          0x00000000c0012b9c       0xb9 sys/kill.32
                0x00000000c0012b9c                SysKill(regs*)
 .text          0x00000000c0012c55       0xa8 sys/loaddll.32
                0x00000000c0012c55                SysLoadDLL(regs*)
 .text          0x00000000c0012cfd       0x68 sys/read.32
                0x00000000c0012cfd                SysRead(regs*)
 .text          0x00000000c0012d65       0x29 sys/registersignal.32
                0x00000000c0012d65                SysRegisterSignal(regs*)
 .text          0x00000000c0012d8e      0x19c sys/registry.32
                0x00000000c0012d8e                SysRegistryGetTypeFromPath(regs*)
                0x00000000c0012e05                SysRegistryReadExtent(regs*)
                0x00000000c0012e4d                SysRegistryPathToExtentLookup(regs*)
                0x00000000c0012e75                SysRegistryEnterDirectory(regs*)
                0x00000000c0012e9d                SysRegistryGetNext(regs*)
                0x00000000c0012ec5                SysRegistryGetNameAndTypeFromExtent(regs*)
                0x00000000c0012eff                SysRegistryOpen(regs*)
                0x00000000c0012f13                SysRegistryClose(regs*)
 .text          0x00000000c0012f2a       0x55 sys/sbrk.32
                0x00000000c0012f2a                SysSbrk(regs*)
 .text          0x00000000c0012f7f       0x1c sys/setcwd.32
                0x00000000c0012f7f                SysSetCwd(regs*)
 .text          0x00000000c0012f9b       0x95 sys/settime.32
                0x00000000c0012f9b                SysSetTime(regs*)
 .text          0x00000000c0013030       0x4a sys/timezone.32
                0x00000000c0013030                SysTimezone(regs*)
 .text          0x00000000c001307a       0x68 sys/write.32
                0x00000000c001307a                SysWrite(regs*)
 .text          0x00000000c00130e2       0x62 sys/wsbe.32
                0x00000000c00130e2                SysWsbe(regs*)
 .text          0x00000000c0013144       0x25 sys/yield.32
                0x00000000c0013144                SysYield(regs*)
 .text          0x00000000c0013169     0x11ed thr/elf.32
                0x00000000c0013169                Thr::allocateMemoryForTask(Process*, File*, unsigned long, unsigned long, unsigned long)
                0x00000000c00133ef                Thr::loadProgramIntoMemory(Process*, char const*)
                0x00000000c0013605                Thr::runtimeReferenceHelper()
                0x00000000c0013618                Thr::getAddressOfKernelSymbol(char const*)
                0x00000000c0013667                Thr::loadKernelSymbolTable(char const*)
                0x00000000c0013925                Thr::loadDriverIntoMemory(char const*, unsigned long, bool)
                0x00000000c0014065                Thr::getDriverBaseFromAddress(unsigned long)
                0x00000000c0014097                Thr::getDriverNameFromAddress(unsigned long)
                0x00000000c00140ce                Thr::getDriverOffsetFromAddress(unsigned long)
                0x00000000c00140e8                Thr::loadDLL(char const*, bool)
                0x00000000c001431d                Thr::executeDLL(unsigned long, void*)
 *fill*         0x00000000c0014356        0x2 
 .text          0x00000000c0014358     0x1381 thr/prcssthr.32
                0x00000000c0014358                userModeEntryPoint(void*)
                0x00000000c0014380                changeTSS
                0x00000000c00143b0                switchToThread(ThreadControlBlock*)
                0x00000000c0014468                Process::addArgs(char**)
                0x00000000c00144d0                Process::Process(char const*, Process*, char**)
                0x00000000c00144d0                Process::Process(char const*, Process*, char**)
                0x00000000c00146dc                Process::Process(bool, char const*, Process*, char**)
                0x00000000c00146dc                Process::Process(bool, char const*, Process*, char**)
                0x00000000c00148b4                taskStartupFunction
                0x00000000c00148c0                Semaphore::Semaphore(int)
                0x00000000c00148c0                Semaphore::Semaphore(int)
                0x00000000c00148f0                Mutex::Mutex()
                0x00000000c00148f0                Mutex::Mutex()
                0x00000000c0014904                Process::createThread(void (*)(void*), void*, int)
                0x00000000c0014a0c                Process::createUserThread()
                0x00000000c0014a2c                setupMultitasking(void (*)())
                0x00000000c0014b50                schedule()
                0x00000000c0014bdc                Semaphore::tryAcquire()
                0x00000000c0014c9c                Semaphore::assertLocked(char const*)
                0x00000000c0014d1c                blockTaskWithSchedulerLockAlreadyHeld(TaskState)
                0x00000000c0014d44                blockTask(TaskState)
                0x00000000c0014d78                waitTask(int, int*, int)
                0x00000000c0014dbc                milliTenthSleepUntil(unsigned int)
                0x00000000c0014e58                milliTenthSleep(unsigned int)
                0x00000000c0014e6c                sleep(unsigned int)
                0x00000000c0014e88                Semaphore::acquire()
                0x00000000c0014f48                taskReturned
                0x00000000c0014f88                Thr::processFromPID(int)
                0x00000000c0015030                unblockTask(ThreadControlBlock*)
                0x00000000c00150d4                cleanupTerminatedTask(ThreadControlBlock*)
                0x00000000c00153a0                cleanerTaskFunction(void*)
                0x00000000c00154a4                terminateTask(int)
                0x00000000c0015584                Thr::terminateFromIRQ(int)
                0x00000000c0015594                Semaphore::release()
 .text          0x00000000c00156d9      0xb93 vm86/vm8086.32
                0x00000000c00156d9                Vm::inbv(unsigned short)
                0x00000000c00156ec                Vm::outbv(unsigned short, unsigned char)
                0x00000000c0015722                Vm::realToLinear(unsigned short, unsigned short)
                0x00000000c0015732                Vm::getSegment(unsigned int)
                0x00000000c001573a                Vm::getOffset(unsigned int)
                0x00000000c001573f                Vm::mainloop2()
                0x00000000c0015779                Vm::mainVm8086Loop(void*)
                0x00000000c0015789                Vm::mainloop3(unsigned long)
                0x00000000c00157af                Vm::initialise8086()
                0x00000000c00157f2                Vm::finish8086()
                0x00000000c0015853                Vm::getOutput8086(unsigned char*)
                0x00000000c0015878                Vm::start8086FromBuffer(unsigned char*, int, unsigned short, unsigned short, unsigned short, unsigned short)
                0x00000000c0015931                Vm::start8086(char const*, unsigned short, unsigned short, unsigned short, unsigned short)
                0x00000000c0015a99                Vm::doISR(regs*, int, unsigned char*, unsigned short, unsigned short)
                0x00000000c0015b23                Vm::readByteFromReal(unsigned short, unsigned short)
                0x00000000c0015b34                Vm::readWordFromReal(unsigned short, unsigned short)
                0x00000000c0015b46                Vm::readDwordFromReal(unsigned short, unsigned short)
                0x00000000c0015b57                Vm::writeByteFromReal(unsigned short, unsigned short, unsigned char)
                0x00000000c0015b6c                Vm::writeWordFromReal(unsigned short, unsigned short, unsigned short)
                0x00000000c0015b82                Vm::writeDwordFromReal(unsigned short, unsigned short, unsigned int)
                0x00000000c0015b97                Vm::faultHandler(regs*)
 .text          0x00000000c001626c      0xa8e arch/i386/hal.32
                0x00000000c001626c                noCopro(unsigned long)
                0x00000000c001626d                nmiHandler(regs*, void*)
                0x00000000c0016286                doubleFault(regs*, void*)
                0x00000000c001629f                displayDebugInfo(regs*)
                0x00000000c00165fb                HalSystemIdle()
                0x00000000c0016671                displayProgramFault(char const*)
                0x00000000c00166bd                gpFault(regs*, void*)
                0x00000000c0016722                pgFault(regs*, void*)
                0x00000000c00167a8                otherISRHandler(regs*, void*)
                0x00000000c00167dc                opcodeFault(regs*, void*)
                0x00000000c001685c                i386SaveCoprocessor(void*)
                0x00000000c0016870                i386LoadCoprocessor(void*)
                0x00000000c0016884                x87EmulHandler(regs*, void*)
                0x00000000c0016921                HalInitialiseCoprocessor()
                0x00000000c00169cf                HalPanic(char const*)
                0x00000000c0016ac8                HalQueryPerformanceCounter()
                0x00000000c0016ae3                HalInitialise()
                0x00000000c0016c89                HalMakeBeep(int)
                0x00000000c0016cc3                HalGetRand()
                0x00000000c0016cc6                HalEndOfInterrupt(int)
                0x00000000c0016cf7                HalRestart()
                0x00000000c0016cf8                HalShutdown()
                0x00000000c0016cf9                HalSleep()
 *fill*         0x00000000c0016cfa        0x2 
 .text          0x00000000c0016cfc      0x2f4 arch/i386/pic.32
                0x00000000c0016cfc                picIoWait()
                0x00000000c0016d04                picDisable()
                0x00000000c0016d38                picGetIRQReg(int)
                0x00000000c0016dbc                picOpen()
                0x00000000c0016f4c                picEOI(int)
 .text          0x00000000c0016ff0      0x64b arch/i386/rtc.32
                0x00000000c0016ff0                RTC::open(int, int, void*)
                0x00000000c0016ff4                RTC::close(int, int, void*)
                0x00000000c0016ff8                RTC::timeInSecondsUTC()
                0x00000000c001700a                RTC::timeInDatetimeUTC()
                0x00000000c0017030                RTC::setTimeInSecondsUTC(unsigned long long)
                0x00000000c001706e                RTC::~RTC()
                0x00000000c001706e                RTC::~RTC()
                0x00000000c0017092                RTC::~RTC()
                0x00000000c00170bc                RTC::get_update_in_progress_flag()
                0x00000000c00170d4                RTC::completeRTCRefresh()
                0x00000000c001738a                RTC::setTimeInDatetimeUTC(datetime_t)
                0x00000000c001753d                rtcIRQHandler(regs*, void*)
                0x00000000c0017582                RTC::RTC()
                0x00000000c0017582                RTC::RTC()
 *fill*         0x00000000c001763b        0x1 
 .text          0x00000000c001763c      0x203 arch/i386/vga.32
                0x00000000c001763c                HalConsoleScroll(int, int)
                0x00000000c0017744                HalConsoleWriteCharacter(char, int, int, int, int)
                0x00000000c00177b0                HalConsoleCursorUpdate(int, int)
 *fill*         0x00000000c001783f        0x1 
 .text          0x00000000c0017840     0x13e7 fs/fat/vfslink.32
                0x00000000c0017840                FAT::getName()
                0x00000000c0017848                FAT::tell(void*, unsigned long long*)
                0x00000000c0017884                FAT::stat(void*, unsigned long long*)
                0x00000000c00178c0                FAT::~FAT()
                0x00000000c00178c0                FAT::~FAT()
                0x00000000c00178e4                FAT::~FAT()
                0x00000000c001790c                FAT::getlabel(LogicalDisk*, int, char*, unsigned int*)
                0x00000000c00179b0                FAT::setlabel(LogicalDisk*, int, char*)
                0x00000000c0017a74                FAT::format(LogicalDisk*, int, char const*, int)
                0x00000000c0017c48                FAT::tryMount(LogicalDisk*, int)
                0x00000000c0017e60                FAT::allocateSwapfile(char const*, int)
                0x00000000c0018020                FAT::readDir(void*, unsigned long, void*, int*)
                0x00000000c001818c                FAT::read(void*, unsigned long, void*, int*)
                0x00000000c00181ec                FAT::write(void*, unsigned long, void*, int*)
                0x00000000c001824c                FAT::close(void*)
                0x00000000c00182a0                FAT::closeDir(void*)
                0x00000000c00182f4                FAT::seek(void*, unsigned long long)
                0x00000000c001834c                fatWrapperReadDisk
                0x00000000c0018390                fatWrapperWriteDisk
                0x00000000c00183d4                fatWrapperIoctl
                0x00000000c00184f0                FAT::FAT()
                0x00000000c00184f0                FAT::FAT()
                0x00000000c0018544                FAT::fixFilepath(char*)
                0x00000000c0018580                FAT::open(char const*, void**, FileOpenMode)
                0x00000000c00186b8                FAT::openDir(char const*, void**)
                0x00000000c0018768                FAT::stat(char const*, unsigned long long*, bool*)
                0x00000000c0018860                FAT::unlink(char const*)
                0x00000000c00188e0                FAT::chfatattr(char const*, unsigned char, unsigned char)
                0x00000000c0018a6c                FAT::rename(char const*, char const*)
                0x00000000c0018b38                FAT::mkdir(char const*)
                0x00000000c0018bb8                FAT::exists(char const*)
 *fill*         0x00000000c0018c27        0x1 
 .text          0x00000000c0018c28       0x94 fs/iso9660/helper.32
                0x00000000c0018c28                isoReadDiscSectorHelper
                0x00000000c0018c84                iso_kprintf
                0x00000000c0018ca0                iso_kprintfd
 .text          0x00000000c0018cbc      0x6f8 fs/iso9660/vfslink.32
                0x00000000c0018cbc                ISO9660::format(LogicalDisk*, int, char const*, int)
                0x00000000c0018cc2                ISO9660::getName()
                0x00000000c0018cc8                ISO9660::closeDir(void*)
                0x00000000c0018cd2                ISO9660::chfatattr(char const*, unsigned char, unsigned char)
                0x00000000c0018cd8                ISO9660::unlink(char const*)
                0x00000000c0018cde                ISO9660::write(void*, unsigned long, void*, int*)
                0x00000000c0018ce4                ISO9660::rename(char const*, char const*)
                0x00000000c0018cea                ISO9660::mkdir(char const*)
                0x00000000c0018cf0                ISO9660::~ISO9660()
                0x00000000c0018cf0                ISO9660::~ISO9660()
                0x00000000c0018d14                ISO9660::~ISO9660()
                0x00000000c0018d3c                ISO9660::exists(char const*)
                0x00000000c0018d50                ISO9660::open(char const*, void**, FileOpenMode)
                0x00000000c0018e2e                ISO9660::read(void*, unsigned long, void*, int*)
                0x00000000c0018e76                ISO9660::seek(void*, unsigned long long)
                0x00000000c0018eb8                ISO9660::tell(void*, unsigned long long*)
                0x00000000c0018ef6                ISO9660::stat(void*, unsigned long long*)
                0x00000000c0018f48                ISO9660::stat(char const*, unsigned long long*, bool*)
                0x00000000c0019080                ISO9660::close(void*)
                0x00000000c00190b0                ISO9660::openDir(char const*, void**)
                0x00000000c0019182                ISO9660::readDir(void*, unsigned long, void*, int*)
                0x00000000c001929f                readSectorFromCDROM(unsigned int, unsigned char*, char)
                0x00000000c001931a                ISO9660::tryMount(LogicalDisk*, int)
                0x00000000c001938c                ISO9660::ISO9660()
                0x00000000c001938c                ISO9660::ISO9660()
 .text          0x00000000c00193b4      0x26c hal/sound/sndcard.32
                0x00000000c00193b4                SoundCard::beginPlayback()
                0x00000000c00193c2                SoundCard::stopPlayback()
                0x00000000c00193d0                SoundCard::SoundCard(char const*)
                0x00000000c00193d0                SoundCard::SoundCard(char const*)
                0x00000000c001946e                SoundCard::~SoundCard()
                0x00000000c001946e                SoundCard::~SoundCard()
                0x00000000c0019492                SoundCard::~SoundCard()
                0x00000000c00194bc                SoundCard::configureRates(int, int, int)
                0x00000000c00194ec                SoundCard::getSamples16(int, short*)
                0x00000000c0019548                SoundCard::getSamples32(int, int*)
                0x00000000c00195ce                SoundCard::addChannel(SoundPort*)
                0x00000000c001960c                SoundCard::removeChannel(int)
 .text          0x00000000c0019620      0x380 hal/sound/sndport.32
                0x00000000c0019620                SoundPort::SoundPort(int, int, int, int)
                0x00000000c0019620                SoundPort::SoundPort(int, int, int, int)
                0x00000000c00196ac                SoundPort::~SoundPort()
                0x00000000c00196ac                SoundPort::~SoundPort()
                0x00000000c00196e0                SoundPort::unpause()
                0x00000000c00196ec                SoundPort::pause()
                0x00000000c00196f8                SoundPort::getBufferUsed()
                0x00000000c0019700                SoundPort::getBufferSize()
                0x00000000c0019708                SoundPort::buffer16(short*, int)
                0x00000000c0019794                SoundPort::buffer32(int*, int)
                0x00000000c001981c                SoundPort::unbufferAndAdd16(int, short*, SoundCard*)
                0x00000000c00198e4                SoundPort::unbufferAndAdd32(int, int*, SoundCard*)
 .text          0x00000000c00199a0        0x0 hw/bus/isa.32
 .text          0x00000000c00199a0      0xb83 hw/bus/pci.32
                0x00000000c00199a0                PCI::open(int, int, void*)
                0x00000000c00199be                PCI::close(int, int, void*)
                0x00000000c00199c2                PCI::PCI()
                0x00000000c00199c2                PCI::PCI()
                0x00000000c0019a5c                PCI::readBAR8(unsigned int, int)
                0x00000000c0019a78                PCI::readBAR16(unsigned int, int)
                0x00000000c0019a96                PCI::readBAR32(unsigned int, int)
                0x00000000c0019ab2                PCI::writeBAR8(unsigned int, unsigned char, int)
                0x00000000c0019ad2                PCI::writeBAR16(unsigned int, unsigned short, int)
                0x00000000c0019af4                PCI::writeBAR32(unsigned int, unsigned int, int)
                0x00000000c0019b14                PCI::legacyMechanism(unsigned char, unsigned char, unsigned char, unsigned char)
                0x00000000c0019b82                PCI::pciReadWord(unsigned char, unsigned char, unsigned char, unsigned char)
                0x00000000c0019c2a                PCI::getVendorID(unsigned char, unsigned char, unsigned char)
                0x00000000c0019c4e                PCI::getHeaderType(unsigned char, unsigned char, unsigned char)
                0x00000000c0019c76                PCI::getClassCode(unsigned char, unsigned char, unsigned char)
                0x00000000c0019cc0                PCI::getProgIF(unsigned char, unsigned char, unsigned char)
                0x00000000c0019ce8                PCI::getRevisionID(unsigned char, unsigned char, unsigned char)
                0x00000000c0019d0c                PCI::getInterruptNumber(unsigned char, unsigned char, unsigned char)
                0x00000000c0019d30                PCI::getSecondaryBus(unsigned char, unsigned char, unsigned char)
                0x00000000c0019d58                PCI::getBARAddress(unsigned char, unsigned char, unsigned char, unsigned char)
                0x00000000c0019dbc                PCI::pciWriteWord(unsigned char, unsigned char, unsigned char, unsigned char, unsigned short)
                0x00000000c0019ea4                PCI::pciDetailsToFilepath(PCIDeviceInfo, char*)
                0x00000000c001a158                PCI::checkBus(unsigned char)
                0x00000000c001a17e                PCI::foundDevice(PCIDeviceInfo)
                0x00000000c001a2f0                PCI::getDeviceData(unsigned char, unsigned char, unsigned char)
                0x00000000c001a464                PCI::checkDevice(unsigned char, unsigned char)
                0x00000000c001a4d0                PCI::detect()
 *fill*         0x00000000c001a523        0x1 
 .text          0x00000000c001a524      0xb5e hw/diskctrl/ide.32
                0x00000000c001a524                IDE::close(int, int, void*)
                0x00000000c001a528                IDE::IDE()
                0x00000000c001a528                IDE::IDE()
                0x00000000c001a55c                IDE::prepareInterrupt(unsigned char)
                0x00000000c001a56e                selectDrive(unsigned char, unsigned char)
                0x00000000c001a570                IDE::getBase(unsigned char)
                0x00000000c001a582                IDE::write(unsigned char, unsigned char, unsigned char)
                0x00000000c001a642                IDE::read(unsigned char, unsigned char)
                0x00000000c001a6f0                IDE::waitInterrupt(unsigned char)
                0x00000000c001a758                ideChannel0IRQHandler(regs*, void*)
                0x00000000c001a774                ideChannel1IRQHandler(regs*, void*)
                0x00000000c001a790                IDE::enableIRQs(unsigned char, bool)
                0x00000000c001a7d6                IDE::open(int, int, void*)
                0x00000000c001abe6                IDE::readBuffer(unsigned char, unsigned char, unsigned int, unsigned int)
                0x00000000c001acb2                IDE::detect()
                0x00000000c001af74                IDE::printError(unsigned char, unsigned char, unsigned char)
                0x00000000c001b024                IDE::polling(unsigned char, unsigned int)
 .text          0x00000000c001b082      0x32a hw/diskctrl/satabus.32
                0x00000000c001b082                SATABus::close(int, int, void*)
                0x00000000c001b086                SATABus::detect()
                0x00000000c001b088                SATABus::SATABus()
                0x00000000c001b088                SATABus::SATABus()
                0x00000000c001b10e                SATABus::findCmdslot(SATABus::tagHBA_PORT volatile*)
                0x00000000c001b140                SATABus::checkType(SATABus::tagHBA_PORT volatile*)
                0x00000000c001b188                SATABus::startCmd(SATABus::tagHBA_PORT volatile*)
                0x00000000c001b1a8                SATABus::stopCmd(SATABus::tagHBA_PORT volatile*)
                0x00000000c001b1d2                SATABus::portRebase(SATABus::tagHBA_PORT volatile*, int)
                0x00000000c001b2e2                SATABus::probePort(SATABus::tagHBA_MEM volatile*)
                0x00000000c001b38c                SATABus::open(int, int, void*)
 .text          0x00000000c001b3ac      0x945 hw/diskphys/ata.32
                0x00000000c001b3ac                ATA::close(int, int, void*)
                0x00000000c001b3d0                ATA::powerSaving(PowerSavingLevel)
                0x00000000c001b3d2                ATA::ATA()
                0x00000000c001b3d2                ATA::ATA()
                0x00000000c001b400                ATA::flush(bool)
                0x00000000c001b44a                ATA::readyForCommand()
                0x00000000c001b496                ATA::access(unsigned long long, int, void*, bool)
                0x00000000c001b836                ATA::detectCHS()
                0x00000000c001b860                ATA::open(int, int, void*)
                0x00000000c001b92c                combineCharAndColour(char, unsigned char)
                0x00000000c001b93d                combineColours(unsigned char, unsigned char)
                0x00000000c001b94a                ATA::read(unsigned long long, int, void*)
                0x00000000c001bb20                ATA::write(unsigned long long, int, void*)
 *fill*         0x00000000c001bcf1        0x1 
 .text          0x00000000c001bcf2      0x60e hw/diskphys/atapi.32
                0x00000000c001bcf2                ATAPI::write(unsigned long long, int, void*)
                0x00000000c001bcf8                ATAPI::close(int, int, void*)
                0x00000000c001bd1c                ATAPI::ATAPI()
                0x00000000c001bd1c                ATAPI::ATAPI()
                0x00000000c001bd4a                ATAPI::readyForCommand()
                0x00000000c001bd9c                ATAPI::sendPacket(unsigned char*, int, bool, unsigned short*, int)
                0x00000000c001c05c                ATAPI::diskRemoved()
                0x00000000c001c096                ATAPI::eject()
                0x00000000c001c0de                ATAPI::diskInserted()
                0x00000000c001c0ea                ATAPI::detectMedia()
                0x00000000c001c1a6                ATAPI::open(int, int, void*)
                0x00000000c001c286                ATAPI::read(unsigned long long, int, void*)
 .text          0x00000000c001c300      0x7ff hw/diskphys/sata.32
                0x00000000c001c300                SATA::close(int, int, void*)
                0x00000000c001c324                SATA::powerSaving(PowerSavingLevel)
                0x00000000c001c326                SATA::open(int, int, void*)
                0x00000000c001c3d0                SATA::SATA()
                0x00000000c001c3d0                SATA::SATA()
                0x00000000c001c3fe                SATA::access(unsigned long long, int, void*, bool)
                0x00000000c001c64a                SATA::read(unsigned long long, int, void*)
                0x00000000c001c89a                SATA::write(unsigned long long, int, void*)
 *fill*         0x00000000c001caff        0x1 
 .text          0x00000000c001cb00      0x5c6 hw/diskphys/satapi.32
                0x00000000c001cb00                SATAPI::write(unsigned long long, int, void*)
                0x00000000c001cb06                SATAPI::close(int, int, void*)
                0x00000000c001cb2a                SATAPI::SATAPI()
                0x00000000c001cb2a                SATAPI::SATAPI()
                0x00000000c001cb58                SATAPI::diskRemoved()
                0x00000000c001cb5a                SATAPI::diskInserted()
                0x00000000c001cb76                SATAPI::sendPacket(unsigned char*, int, unsigned long long, unsigned short*, int)
                0x00000000c001ce4a                SATAPI::eject()
                0x00000000c001ce86                SATAPI::detectMedia()
                0x00000000c001cedc                SATAPI::open(int, int, void*)
                0x00000000c001cfdc                SATAPI::read(unsigned long long, int, void*)
 .text          0x00000000c001d0c6      0x455 hw/intctrl/apic.32
                0x00000000c001d0c6                IOAPIC::close(int, int, void*)
                0x00000000c001d0cc                apicGetBase()
                0x00000000c001d10e                IOAPIC::IOAPIC()
                0x00000000c001d10e                IOAPIC::IOAPIC()
                0x00000000c001d136                apicOpen()
                0x00000000c001d29c                IOAPIC::handlesGSIWithNumber(unsigned int)
                0x00000000c001d2ce                IOAPIC::read(int)
                0x00000000c001d2f6                IOAPIC::open(int, int, void*)
                0x00000000c001d3ea                IOAPIC::write(int, int)
                0x00000000c001d416                IOAPIC::redirect(unsigned char, unsigned long long, unsigned char, bool, bool)
 *fill*         0x00000000c001d51b        0x1 
 .text          0x00000000c001d51c       0xf0 hw/timer/apictimer.32
                0x00000000c001d51c                APICTimer::close(int, int, void*)
                0x00000000c001d524                apicTimerHandler(regs*, void*)
                0x00000000c001d54c                APICTimer::open(int, int, void*)
                0x00000000c001d5bc                APICTimer::write(int)
                0x00000000c001d5e4                APICTimer::APICTimer()
                0x00000000c001d5e4                APICTimer::APICTimer()
 .text          0x00000000c001d60c      0x1b2 hw/timer/pit.32
                0x00000000c001d60c                PIT::write(int)
                0x00000000c001d694                pitHandler(regs*, void*)
                0x00000000c001d6bc                PIT::open(int, int, void*)
                0x00000000c001d70c                PIT::close(int, int, void*)
                0x00000000c001d73c                PIT::PIT()
                0x00000000c001d73c                PIT::PIT()
 *fill*         0x00000000c001d7be        0x2 
 .text          0x00000000c001d7c0       0x83 arch/i386/avx.32
                0x00000000c001d7c0                avxDetect
                0x00000000c001d7ea                avxSave
                0x00000000c001d7fb                avxLoad
                0x00000000c001d80c                avxInit
                0x00000000c001d82e                avxClose
                0x00000000c001d82f                wouldSheSayYes
 *fill*         0x00000000c001d843        0xd 
 .text          0x00000000c001d850      0x2ec arch/i386/interrupt.32
                0x00000000c001d850                isr0
                0x00000000c001d860                isr1
                0x00000000c001d86a                isr2
                0x00000000c001d874                isr3
                0x00000000c001d87e                isr4
                0x00000000c001d888                isr5
                0x00000000c001d892                isr6
                0x00000000c001d89c                isr7
                0x00000000c001d8a6                isr8
                0x00000000c001d8ae                isr9
                0x00000000c001d8b8                isr10
                0x00000000c001d8c0                isr11
                0x00000000c001d8c8                isr12
                0x00000000c001d8d0                isr13
                0x00000000c001d8ea                isr14
                0x00000000c001d8f2                isr15
                0x00000000c001d8fc                isr16
                0x00000000c001d906                isr17
                0x00000000c001d910                isr18
                0x00000000c001d91a                irq3
                0x00000000c001d924                irq4
                0x00000000c001d92e                irq5
                0x00000000c001d938                irq6
                0x00000000c001d942                irq7
                0x00000000c001d94c                irq8
                0x00000000c001d956                irq9
                0x00000000c001d960                irq10
                0x00000000c001d96a                irq11
                0x00000000c001d974                irq12
                0x00000000c001d97e                irq13
                0x00000000c001d988                irq14
                0x00000000c001d992                irq15
                0x00000000c001d99c                irq1
                0x00000000c001d9a3                irq2
                0x00000000c001d9aa                isr96
                0x00000000c001d9b1                irq0
                0x00000000c001d9b6                int_common_stub
                0x00000000c001d9e8                syscall_common_stub
                0x00000000c001daec                irq16
                0x00000000c001daf6                irq17
                0x00000000c001db00                irq18
                0x00000000c001db0a                irq19
                0x00000000c001db14                irq20
                0x00000000c001db1e                irq21
                0x00000000c001db28                irq22
                0x00000000c001db32                irq23
 *fill*         0x00000000c001db3c        0x4 
 .text          0x00000000c001db40       0x10 arch/i386/rdrand.32
                0x00000000c001db40                i386GetRDRAND
 .text          0x00000000c001db50       0x39 arch/i386/sse.32
                0x00000000c001db50                absolutelyNoChanceInHell
                0x00000000c001db50                sseDetect
                0x00000000c001db68                sseSave
                0x00000000c001db70                sseLoad
                0x00000000c001db78                sseInit
                0x00000000c001db88                sseClose
 *fill*         0x00000000c001db89        0x7 
 .text          0x00000000c001db90       0x49 arch/i386/x87.32
                0x00000000c001db96                x87Detect
                0x00000000c001dbb1                x87Save
                0x00000000c001dbb8                x87Load
                0x00000000c001dbbf                x87Init
                0x00000000c001dbd8                x87Close
 *fill*         0x00000000c001dbd9        0x3 
 .text          0x00000000c001dbdc       0x25 /cygdrive/d/Users/Alex/Desktop/Toolchain/Output/bin/../lib/gcc/i386-banana/8.1.0/crtend.o
 .text          0x00000000c001dc01        0x0 crtn.32
 *fill*         0x00000000c001dc01        0x3 
 .text          0x00000000c001dc04      0x14b /cygdrive/d/Users/Alex/Desktop/Toolchain/Output/bin/../lib/gcc/i386-banana/8.1.0/libkgcc.a(_divdi3.o)
                0x00000000c001dc04                __divdi3
 *fill*         0x00000000c001dd4f        0x1 
 .text          0x00000000c001dd50      0x17e /cygdrive/d/Users/Alex/Desktop/Toolchain/Output/bin/../lib/gcc/i386-banana/8.1.0/libkgcc.a(_moddi3.o)
                0x00000000c001dd50                __moddi3
 *fill*         0x00000000c001dece        0x2 
 .text          0x00000000c001ded0       0xff /cygdrive/d/Users/Alex/Desktop/Toolchain/Output/bin/../lib/gcc/i386-banana/8.1.0/libkgcc.a(_udivdi3.o)
                0x00000000c001ded0                __udivdi3
 *fill*         0x00000000c001dfcf        0x1 
 .text          0x00000000c001dfd0      0x11a /cygdrive/d/Users/Alex/Desktop/Toolchain/Output/bin/../lib/gcc/i386-banana/8.1.0/libkgcc.a(_umoddi3.o)
                0x00000000c001dfd0                __umoddi3
 *(.gnu.linkonce.t*)

.iplt           0x00000000c001e0f0        0x0
 .iplt          0x00000000c001e0f0        0x0 D:/Users/Alex/Desktop/Banana/kernel/boot.32

.init           0x00000000c001e0ea        0xf
 .init          0x00000000c001e0ea        0x3 crti.32
                0x00000000c001e0ea                _init