Archive member included to satisfy reference by file (symbol)

/cygdrive/d/Users/Alex/Desktop/Toolchain/Output/bin/../lib/gcc/i386-banana/8.1.0/libkgcc.a(_divdi3.o)
                              fs/fat/ff.32 (__divdi3)
/cygdrive/d/Users/Alex/Desktop/Toolchain/Output/bin/../lib/gcc/i386-banana/8.1.0/libkgcc.a(_moddi3.o)
                              compat/resolve.32 (__moddi3)
/cygdrive/d/Users/Alex/Desktop/Toolchain/Output/bin/../lib/gcc/i386-banana/8.1.0/libkgcc.a(_udivdi3.o)
                              fs/fat/ff.32 (__udivdi3)
/cygdrive/d/Users/Alex/Desktop/Toolchain/Output/bin/../lib/gcc/i386-banana/8.1.0/libkgcc.a(_umoddi3.o)
                              compat/resolve.32 (__umoddi3)
D:/Users/Alex/Desktop/Banana/kernel/libsoftfp.a(sfieeelib.o)
                              hal/libresample/src_linear.32 (__subsf3)
D:/Users/Alex/Desktop/Banana/kernel/libsoftfp.a(dfieeelib.o)
                              hal/libresample/src_linear.32 (__adddf3)
D:/Users/Alex/Desktop/Banana/kernel/libsoftfp.a(sfdfcvt.o)
                              hal/libresample/samplerate.32 (__truncdfsf2)
D:/Users/Alex/Desktop/Banana/kernel/libk/libm32.a(s_fabs.c.o)
                              hal/libresample/samplerate.32 (fabs)
D:/Users/Alex/Desktop/Banana/kernel/libk/libm32.a(s_lrint.S.o)
                              hal/libresample/samplerate.32 (lrint)
D:/Users/Alex/Desktop/Banana/kernel/libk/libm32.a(s_lrintf.S.o)
                              hal/sound/sndhw.32 (lrintf)

Discarded input sections

 .comment       0x0000000000000000       0x12 /cygdrive/d/Users/Alex/Desktop/Toolchain/Output/bin/../lib/gcc/i386-banana/8.1.0/crtbegin.o
 .comment       0x0000000000000000       0x12 acpica/utclib.32
 .comment       0x0000000000000000       0x12 core/malloc.32
 .comment       0x0000000000000000       0x12 libk/string.32
 .comment       0x0000000000000000       0x12 fs/fat/diskio.32
 .comment       0x0000000000000000       0x12 fs/fat/ff.32
 .comment       0x0000000000000000       0x12 fs/fat/ffsystem.32
 .comment       0x0000000000000000       0x12 fs/fat/ffunicode.32
 .comment       0x0000000000000000       0x12 hal/libresample/samplerate.32
 .comment       0x0000000000000000       0x12 hal/libresample/src_linear.32
 .comment       0x0000000000000000       0x12 hal/libresample/src_sinc.32
 .comment       0x0000000000000000       0x12 hal/libresample/src_zoh.32
 .comment       0x0000000000000000       0x12 compat/inlines.32
 .comment       0x0000000000000000       0x12 compat/resolve.32
 .group         0x0000000000000000       0x14 core/computer.32
 .group         0x0000000000000000        0xc core/computer.32
 .comment       0x0000000000000000       0x12 core/computer.32
 .comment       0x0000000000000000       0x12 core/gdt.32
 .group         0x0000000000000000        0xc core/idle.32
 .comment       0x0000000000000000       0x12 core/idle.32
 .comment       0x0000000000000000       0x12 core/idt.32
 .comment       0x0000000000000000       0x12 core/kheap.32
 .comment       0x0000000000000000       0x12 core/main.32
 .comment       0x0000000000000000       0x12 core/physmgr.32
 .group         0x0000000000000000        0xc core/pipe.32
 .comment       0x0000000000000000       0x12 core/pipe.32
 .group         0x0000000000000000        0xc core/terminal.32
 .comment       0x0000000000000000       0x12 core/terminal.32
 .comment       0x0000000000000000       0x12 core/tss.32
 .group         0x0000000000000000        0x8 core/unixfile.32
 .group         0x0000000000000000        0xc core/unixfile.32
 .group         0x0000000000000000        0xc core/unixfile.32
 .group         0x0000000000000000        0x8 core/unixfile.32
 .group         0x0000000000000000        0xc core/unixfile.32
 .group         0x0000000000000000        0x8 core/unixfile.32
 .group         0x0000000000000000        0xc core/unixfile.32
 .group         0x0000000000000000        0xc core/unixfile.32
 .comment       0x0000000000000000       0x12 core/unixfile.32
 .comment       0x0000000000000000       0x12 core/virtmgr.32
 .comment       0x0000000000000000       0x12 coreobjs/c++.32
 .comment       0x0000000000000000       0x12 dbg/kconsole.32
 .group         0x0000000000000000        0xc fs/vfs.32
 .group         0x0000000000000000        0xc fs/vfs.32
 .group         0x0000000000000000        0xc fs/vfs.32
 .comment       0x0000000000000000       0x12 fs/vfs.32
 .group         0x0000000000000000        0xc hal/bus.32
 .comment       0x0000000000000000       0x12 hal/bus.32
 .group         0x0000000000000000        0xc hal/buzzer.32
 .comment       0x0000000000000000       0x12 hal/buzzer.32
 .group         0x0000000000000000        0xc hal/clock.32
 .comment       0x0000000000000000       0x12 hal/clock.32
 .group         0x0000000000000000       0x14 hal/device.32
 .group         0x0000000000000000        0xc hal/device.32
 .group         0x0000000000000000        0xc hal/device.32
 .group         0x0000000000000000        0xc hal/device.32
[...]
Memory Configuration

Name             Origin             Length             Attributes
*default*        0x0000000000000000 0xffffffffffffffff

Linker script and memory map

LOAD D:/Users/Alex/Desktop/Banana/kernel/boot.32
LOAD crti.32
LOAD /cygdrive/d/Users/Alex/Desktop/Toolchain/Output/bin/../lib/gcc/i386-banana/8.1.0/crtbegin.o
LOAD D:/Users/Alex/Desktop/Banana/kernel/morenasm.32
LOAD acpica/utclib.32
LOAD core/malloc.32
LOAD libk/string.32
LOAD fs/fat/diskio.32
LOAD fs/fat/ff.32
LOAD fs/fat/ffsystem.32
LOAD fs/fat/ffunicode.32
LOAD hal/libresample/samplerate.32
LOAD hal/libresample/src_linear.32
LOAD hal/libresample/src_sinc.32
LOAD hal/libresample/src_zoh.32
LOAD compat/inlines.32
LOAD compat/resolve.32
LOAD core/computer.32
LOAD core/gdt.32
LOAD core/idle.32
LOAD core/idt.32
LOAD core/kheap.32
LOAD core/main.32
LOAD core/physmgr.32
LOAD core/pipe.32
LOAD core/terminal.32
LOAD core/tss.32
LOAD core/unixfile.32
LOAD core/virtmgr.32
LOAD coreobjs/c++.32
LOAD dbg/kconsole.32
LOAD fs/vfs.32
LOAD hal/bus.32
LOAD hal/buzzer.32
LOAD hal/clock.32
LOAD hal/device.32
LOAD hal/diskctrl.32
LOAD hal/diskphys.32
LOAD hal/fpu.32
LOAD hal/intctrl.32
LOAD hal/keybrd.32
LOAD hal/logidisk.32
LOAD hal/mouse.32
LOAD hal/partition.32
LOAD hal/serial.32
LOAD hal/timer.32
LOAD hal/vcache.32
LOAD hal/video.32
LOAD hw/acpi.32
LOAD hw/cpu.32
LOAD hw/ports.32
LOAD hw/smp.32
LOAD krnl/env.32
LOAD krnl/panic.32
LOAD net/ethernet.32
LOAD reg/registry.32
LOAD sys/sc_eject.32
LOAD sys/sc_exit.32
LOAD sys/sc_getcwd.32
LOAD sys/sc_getpid.32
LOAD sys/sc_getramdata.32
LOAD sys/sc_getvgaptr.32
LOAD sys/sc_loaddll.32
LOAD sys/sc_read.32
LOAD sys/sc_sbrk.32
LOAD sys/sc_setcwd.32
LOAD sys/sc_settime.32
LOAD sys/sc_timezone.32
LOAD sys/sc_write.32
LOAD sys/sc_wsbe.32
LOAD sys/sc_yield.32
LOAD sys/syscalls.32
LOAD thr/elf.32
LOAD thr/prcssthr.32
LOAD vm86/vm8086.32
LOAD vm86/x87em.32
LOAD fs/fat/vfslink.32
LOAD fs/iso9660/vfslink.32
LOAD hal/sound/sndchannel.32
LOAD hal/sound/sndhw.32
LOAD hw/bus/isa.32
LOAD hw/bus/pci.32
LOAD hw/diskctrl/ide.32
LOAD hw/diskctrl/satabus.32
LOAD hw/diskphys/ata.32
LOAD hw/diskphys/atapi.32
LOAD hw/diskphys/sata.32
LOAD hw/diskphys/satapi.32
LOAD hw/fpu/avx.32
LOAD hw/fpu/mmx.32
LOAD hw/fpu/sse.32
LOAD hw/fpu/x87.32
LOAD hw/intctrl/apic.32
LOAD hw/intctrl/pic.32
LOAD hw/timer/apictimer.32
LOAD hw/timer/pit.32
LOAD hw/fpu/x86/avx.32
LOAD hw/fpu/x86/sse.32
LOAD hw/fpu/x86/x87.32
LOAD /cygdrive/d/Users/Alex/Desktop/Toolchain/Output/bin/../lib/gcc/i386-banana/8.1.0/crtend.o
LOAD crtn.32
LOAD /cygdrive/d/Users/Alex/Desktop/Toolchain/Output/bin/../lib/gcc/i386-banana/8.1.0/libkgcc.a
LOAD D:/Users/Alex/Desktop/Banana/kernel/libsoftfp.a
LOAD D:/Users/Alex/Desktop/Banana/kernel/libk/libm32.a
                0x00000000c0000000                . = 0xc0000000

.text           0x00000000c0000000    0x28e98
 *(.text)
 .text          0x00000000c0000000       0x41 D:/Users/Alex/Desktop/Banana/kernel/boot.32
                0x00000000c0000020                callGlobalConstructors
 .text          0x00000000c0000041        0x0 crti.32
 *fill*         0x00000000c0000041        0x3 
 .text          0x00000000c0000044      0x101 /cygdrive/d/Users/Alex/Desktop/Toolchain/Output/bin/../lib/gcc/i386-banana/8.1.0/crtbegin.o
 *fill*         0x00000000c0000145        0xb 
 .text          0x00000000c0000150      0x4fb D:/Users/Alex/Desktop/Banana/kernel/morenasm.32
                0x00000000c0000150                manualPCIProbe
                0x00000000c000019b                prepareTramp
                0x00000000c00001b4                voodooXADD
                0x00000000c000027f                doTPAUSE
                0x00000000c0000289                hasLegacyFPU
                0x00000000c00002ae                is486
                0x00000000c00002e4                detectCPUID
                0x00000000c00002fa                goToVM86
                0x00000000c000032a                goToUsermode
                0x00000000c0000354                switchToThreadASMFirstTime
                0x00000000c0000362                switchToThreadASM
                0x00000000c00003f2                asmQuickAcquireLock
                0x00000000c0000410                asmQuickReleaseLock
                0x00000000c000041c                asmAcquireLock
                0x00000000c000043d                asmReleaseLock
                0x00000000c0000450                loadGDT
                0x00000000c0000470                isr0
                0x00000000c0000480                isr1
                0x00000000c000048a                isr2
                0x00000000c0000494                isr3
                0x00000000c000049e                isr4
                0x00000000c00004a8                isr5
                0x00000000c00004b2                isr6
                0x00000000c00004bc                isr7
                0x00000000c00004c6                isr8
                0x00000000c00004ce                isr9
                0x00000000c00004d8                isr10
                0x00000000c00004e0                isr11
                0x00000000c00004e8                isr12
                0x00000000c00004f0                isr13
                0x00000000c00004f8                isr14
                0x00000000c0000500                isr15
                0x00000000c000050a                isr16
                0x00000000c0000514                isr17
                0x00000000c000051e                isr18
                0x00000000c0000528                irq3
                0x00000000c0000532                irq4
                0x00000000c000053c                irq5
                0x00000000c0000546                irq6
                0x00000000c0000550                irq7
                0x00000000c000055a                irq8
                0x00000000c0000564                irq9
                0x00000000c000056e                irq10
                0x00000000c0000578                irq11
                0x00000000c0000582                irq12
                0x00000000c000058c                irq13
                0x00000000c0000596                irq14
                0x00000000c00005a0                irq15
                0x00000000c00005aa                irq1
                0x00000000c00005b1                irq2
                0x00000000c00005b8                isr96
                0x00000000c00005bf                irq0
                0x00000000c00005c4                syscall_common_stub
                0x00000000c00005c4                int_common_stub
                0x00000000c00005f6                irq16
                0x00000000c0000600                irq17
                0x00000000c000060a                irq18
                0x00000000c0000614                irq19
                0x00000000c000061e                irq20
                0x00000000c0000628                irq21
                0x00000000c0000632                irq22
                0x00000000c000063c                irq23
                0x00000000c0000646                memcpy
 *fill*         0x00000000c000064b        0x1 
 .text          0x00000000c000064c      0x5dd acpica/utclib.32
                0x00000000c000064c                memcmp
                0x00000000c0000688                memmove
                0x00000000c0000750                memset
                0x00000000c000076c                strlen
                0x00000000c0000784                strpbrk
                0x00000000c00007c0                strtok
                0x00000000c000080c                strcpy
                0x00000000c0000830                strncpy
                0x00000000c0000898                strcmp
                0x00000000c00008d8                strchr
                0x00000000c00008fc                strncmp
                0x00000000c000094c                strcat
                0x00000000c000097c                strncat
                0x00000000c00009b8                strstr
                0x00000000c0000a00                toupper
                0x00000000c0000a14                tolower
                0x00000000c0000a28                simple_strtoul
 .text          0x00000000c0000c29      0xfad core/malloc.32
                0x00000000c0000d94                dlfree
                0x00000000c00010ef                dlmalloc
                0x00000000c000162c                dlrealloc
                0x00000000c00017cf                dlmemalign
                0x00000000c00018f2                dlcalloc
                0x00000000c000198c                dlcfree
                0x00000000c0001991                dlindependent_calloc
                0x00000000c00019b6                dlindependent_comalloc
                0x00000000c00019cd                dlvalloc
                0x00000000c00019f8                dlpvalloc
                0x00000000c0001a2e                dlmalloc_trim
                0x00000000c0001a3b                dlmalloc_usable_size
                0x00000000c0001a6c                dlmallinfo
                0x00000000c0001b3b                dlmalloc_stats
                0x00000000c0001b4c                dlmallopt
 .text          0x00000000c0001bd6        0x0 libk/string.32
 .text          0x00000000c0001bd6       0x51 fs/fat/diskio.32
                0x00000000c0001bd6                disk_status
                0x00000000c0001bd9                disk_initialize
                0x00000000c0001bdc                disk_read
                0x00000000c0001bf2                disk_write
                0x00000000c0001c08                disk_ioctl
 .text          0x00000000c0001c27     0x6833 fs/fat/ff.32
                0x00000000c0004ef5                f_mount
                0x00000000c0004f57                f_open
                0x00000000c0005393                f_read
                0x00000000c0005613                f_write
                0x00000000c00058cd                f_sync
                0x00000000c0005aa9                f_close
                0x00000000c0005ad8                f_lseek
                0x00000000c0005f8f                f_opendir
                0x00000000c0006091                f_closedir
                0x00000000c00060b3                f_readdir
                0x00000000c000614e                f_stat
                0x00000000c00061dd                f_getfree
                0x00000000c00063a8                f_truncate
                0x00000000c00064a0                f_unlink
                0x00000000c0006623                f_mkdir
                0x00000000c000684f                f_rename
                0x00000000c0006b42                f_chmod
                0x00000000c0006c20                f_utime
                0x00000000c0006cfe                f_getlabel
                0x00000000c0006eec                f_setlabel
                0x00000000c0007159                f_forward
                0x00000000c0007337                f_mkfs
 .text          0x00000000c000845a       0x2d fs/fat/ffsystem.32
                0x00000000c000845a                ff_memalloc
                0x00000000c0008470                ff_memfree
 .text          0x00000000c0008487      0x253 fs/fat/ffunicode.32
                0x00000000c0008487                ff_uni2oem
                0x00000000c0008517                ff_oem2uni
                0x00000000c0008583                ff_wtoupper
 .text          0x00000000c00086da      0x8fb hal/libresample/samplerate.32
                0x00000000c000871e                src_delete
                0x00000000c000875a                src_process
                0x00000000c0008910                src_callback_read
                0x00000000c0008a8d                src_set_ratio
                0x00000000c0008af7                src_get_channels
                0x00000000c0008b19                src_reset
                0x00000000c0008b65                src_new
                0x00000000c0008bf3                src_callback_new
                0x00000000c0008c55                src_get_name
                0x00000000c0008c8c                src_get_description
                0x00000000c0008cc3                src_get_version
                0x00000000c0008cc9                src_is_valid_ratio
                0x00000000c0008d1d                src_error
                0x00000000c0008d2b                src_strerror
                0x00000000c0008d3e                src_simple
                0x00000000c0008d91                src_short_to_float_array
                0x00000000c0008df6                src_float_to_short_array
                0x00000000c0008eb5                src_int_to_float_array
                0x00000000c0008f18                src_float_to_int_array
 .text          0x00000000c0008fd5      0x8cb hal/libresample/src_linear.32
                0x00000000c00097fb                linear_get_name
                0x00000000c000980a                linear_get_description
                0x00000000c0009819                linear_set_converter
 .text          0x00000000c00098a0     0x447c hal/libresample/src_sinc.32
                0x00000000c000dc33                sinc_get_name
                0x00000000c000dc46                sinc_get_description
                0x00000000c000dc59                sinc_set_converter
 .text          0x00000000c000dd1c      0x77c hal/libresample/src_zoh.32
                0x00000000c000e3f3                zoh_get_name
                0x00000000c000e402                zoh_get_description
                0x00000000c000e411                zoh_set_converter
 .text          0x00000000c000e498       0xa7 compat/inlines.32
                0x00000000c000e498                CPU::current()
                0x00000000c000e4a4                operator new(unsigned long)
                0x00000000c000e4a9                operator delete(void*)
                0x00000000c000e4ae                disableIRQs()
                0x00000000c000e4b6                enableIRQs()
                0x00000000c000e4c5                lockScheduler()
                0x00000000c000e4cd                unlockScheduler()
                0x00000000c000e4dc                lockStuff()
                0x00000000c000e4ea                unlockStuff()
                0x00000000c000e524                Virt::getAKernelVAS()
                0x00000000c000e52a                __not_memcpy
 .text          0x00000000c000e53f      0x111 compat/resolve.32
                0x00000000c000e53f                Krnl::resolveCompatibilitySymbol(char*)
 .text          0x00000000c000e650      0xa17 core/computer.32
                0x00000000c000e650                Computer::close(int, int, void*)
                0x00000000c000e694                Krnl::firstTask()
                0x00000000c000e784                Computer::Computer()
                0x00000000c000e784                Computer::Computer()
                0x00000000c000e8e0                Computer::setBootMessage(char const*)
                0x00000000c000e8e2                Computer::detectFeatures()
                0x00000000c000eaec                Computer::displayFeatures()
                0x00000000c000ee32                Computer::rdmsr(unsigned int)
                0x00000000c000ee5e                Computer::wrmsr(unsigned int, unsigned long long)
                0x00000000c000ee96                Computer::nmiEnabled()
                0x00000000c000eea2                Computer::readCMOS(unsigned char)
                0x00000000c000eebc                Computer::enableNMI(bool)
                0x00000000c000eed4                Computer::open(int, int, void*)
                0x00000000c000efaa                Computer::disableNMI()
                0x00000000c000efb8                Computer::writeCMOS(unsigned char, unsigned char)
                0x00000000c000efd6                Computer::handleNMI()
                0x00000000c000f03c                Computer::setDiskActivityLight(int, bool)
 *fill*         0x00000000c000f067        0x1 
 .text          0x00000000c000f068      0x1b7 core/gdt.32
                0x00000000c000f068                GDTEntry::setBase(unsigned int)
                0x00000000c000f084                GDTEntry::setLimit(unsigned int)
                0x00000000c000f0a2                GDT::GDT()
                0x00000000c000f0a2                GDT::GDT()
                0x00000000c000f0b8                GDT::addEntry(GDTEntry)
                0x00000000c000f0f4                GDT::getNumberOfEntries()
                0x00000000c000f0fc                GDT::flush()
                0x00000000c000f11e                GDT::setup()
 .text          0x00000000c000f21f       0x6b core/idle.32
                0x00000000c000f21f                idleFunction(void*)
 .text          0x00000000c000f28a      0x45e core/idt.32
                0x00000000c000f28a                IDTEntry::IDTEntry(bool)
                0x00000000c000f28a                IDTEntry::IDTEntry(bool)
                0x00000000c000f2f8                IDTEntry::setOffset(unsigned int)
                0x00000000c000f30c                IDT::IDT()
                0x00000000c000f30c                IDT::IDT()
                0x00000000c000f30e                IDT::getPointerToInvalidOpcodeEntryForF00F()
                0x00000000c000f316                IDT::addEntry(IDTEntry, int)
                0x00000000c000f330                IDT::addEntry(int, void (*)(), bool)
                0x00000000c000f368                IDT::flush()
                0x00000000c000f382                IDT::setup()
 .text          0x00000000c000f6e8      0x1fe core/kheap.32
                0x00000000c000f6e8                sbrk
                0x00000000c000f7f5                mmap
                0x00000000c000f80b                munmap
                0x00000000c000f821                liballoc_lock()
                0x00000000c000f82e                liballoc_unlock()
                0x00000000c000f842                liballoc_alloc(int)
                0x00000000c000f85d                liballoc_free(void*, int)
                0x00000000c000f878                realloc
                0x00000000c000f88c                malloc
                0x00000000c000f89c                free
                0x00000000c000f8ac                rfree
                0x00000000c000f8bc                calloc
 .text          0x00000000c000f8e6      0x110 core/main.32
                0x00000000c000f8e6                kernel_main
 .text          0x00000000c000f9f6      0x50d core/physmgr.32
                0x00000000c000f9f6                Phys::allocateDMA(unsigned long)
                0x00000000c000fa99                Phys::freeDMA(unsigned long, unsigned long)
                0x00000000c000fae1                Phys::setPageState(unsigned long, bool)
                0x00000000c000fb13                Phys::getPageState(unsigned long)
                0x00000000c000fb2f                Phys::freePage(unsigned long)
                0x00000000c000fb8a                Phys::allocatePage()
                0x00000000c000fc3f                Phys::allocateContiguousPages(int)
                0x00000000c000fc9b                Phys::allowSegmentToBeUsed(unsigned long, unsigned long)
                0x00000000c000fcd3                Phys::physicalMemorySetup(unsigned int)
 *fill*         0x00000000c000ff03        0x1 
 .text          0x00000000c000ff04      0x273 core/pipe.32
                0x00000000c000ff04                Pipe::isAtty()
                0x00000000c000ff08                Pipe::~Pipe()
                0x00000000c000ff08                Pipe::~Pipe()
                0x00000000c000ff2c                Pipe::~Pipe()
                0x00000000c000ff54                Pipe::read(unsigned long long, void*, int*)
                0x00000000c0010050                Pipe::write(unsigned long long, void*, int*)
                0x00000000c0010110                Pipe::Pipe(int)
                0x00000000c0010110                Pipe::Pipe(int)
 *fill*         0x00000000c0010177        0x1 
 .text          0x00000000c0010178      0xc7b core/terminal.32
                0x00000000c0010178                VgaText::isAtty()
                0x00000000c001017c                VgaText::~VgaText()
                0x00000000c001017c                VgaText::~VgaText()
                0x00000000c00101a0                VgaText::~VgaText()
                0x00000000c00101ca                VgaText::read(unsigned long long, void*, int*)
                0x00000000c00101ea                setTerminalScrollLock(bool)
                0x00000000c00101eb                addToTerminalCycle(VgaText*)
                0x00000000c001020c                installVgaTextImplementation()
                0x00000000c0010221                scrollTerminalScrollLock(int)
                0x00000000c0010222                VgaText::updateTitle()
                0x00000000c0010260                VgaText::load()
                0x00000000c00102ae                VgaText::updateCursor()
                0x00000000c00102c4                VgaText::showCursor(bool)
                0x00000000c00102d0                VgaText::disableBlink(bool)
                0x00000000c0010304                VgaText::doANSI_SGR(int)
                0x00000000c0010378                VgaText::setDefaultBgColour(VgaColour)
                0x00000000c0010388                VgaText::setDefaultFgColour(VgaColour)
                0x00000000c0010398                VgaText::setDefaultColours(VgaColour, VgaColour)
                0x00000000c00103b8                VgaText::setTitleTextColour(VgaColour)
                0x00000000c00103c8                VgaText::setTitleColour(VgaColour)
                0x00000000c00103d8                VgaText::setTitle(char*)
                0x00000000c00103fe                VgaText::combineColours(unsigned char, unsigned char)
                0x00000000c0010410                VgaText::scrollScreen()
                0x00000000c00104a4                VgaText::combineCharAndColour(char, unsigned char)
                0x00000000c00104b6                VgaText::writeCharacter(char, VgaColour, VgaColour, int, int)
                0x00000000c0010512                VgaText::getCursorX()
                0x00000000c001051a                VgaText::getCursorY()
                0x00000000c0010522                VgaText::setCursor(int, int)
                0x00000000c001053a                VgaText::setCursorX(int)
                0x00000000c0010552                VgaText::setCursorY(int)
                0x00000000c001056a                VgaText::incrementCursor(bool)
                0x00000000c00105be                VgaText::decrementCursor(bool)
                0x00000000c00105e0                VgaText::putchar(char, VgaColour, VgaColour)
                0x00000000c00106b8                VgaText::isShowingCursor()
                0x00000000c00106c0                VgaText::isBlinkDisabled()
                0x00000000c00106cc                VgaText::setCursorHeight(int)
                0x00000000c00106e4                VgaText::getCursorHeight()
                0x00000000c00106ec                setActiveTerminal(VgaText*)
                0x00000000c0010792                doTerminalCycle()
                0x00000000c00107ac                VgaText::doUpdate()
                0x00000000c00107ba                VgaText::puts(char const*, VgaColour, VgaColour)
                0x00000000c0010932                VgaText::clearScreen()
                0x00000000c001098c                VgaText::putchar(char)
                0x00000000c0010a78                VgaText::putx(unsigned int)
                0x00000000c0010abe                VgaText::puts(char const*)
                0x00000000c0010ae4                VgaText::VgaText(char const*)
                0x00000000c0010ae4                VgaText::VgaText(char const*)
                0x00000000c0010c92                VgaText::receiveKey(unsigned char)
                0x00000000c0010d7a                VgaText::write(unsigned long long, void*, int*)
                0x00000000c0010dce                newTerminal(char*)
 *fill*         0x00000000c0010df3        0x1 
 .text          0x00000000c0010df4      0x1b3 core/tss.32
                0x00000000c0010df4                TSS::TSS()
                0x00000000c0010df4                TSS::TSS()
                0x00000000c0010e02                TSS::setESP(unsigned long)
                0x00000000c0010e14                TSS::flush()
                0x00000000c0010e34                TSS::setup(unsigned long, unsigned long)
 *fill*         0x00000000c0010fa7        0x1 
 .text          0x00000000c0010fa8      0x4c2 core/unixfile.32
                0x00000000c0010fa8                ReservedFilename::read(unsigned long long, void*, int*)
                0x00000000c0010ffe                ReservedFilename::isAtty()
                0x00000000c001101a                ReservedFilename::write(unsigned long long, void*, int*)
                0x00000000c0011078                UnixFile::getFileDescriptor()
                0x00000000c0011080                UnixFile::UnixFile(int)
                0x00000000c0011080                UnixFile::UnixFile(int)
                0x00000000c0011230                ReservedFilename::ReservedFilename(int)
                0x00000000c0011230                ReservedFilename::ReservedFilename(int)
                0x00000000c0011262                UnixFile::~UnixFile()
                0x00000000c0011262                UnixFile::~UnixFile()
                0x00000000c00112fa                UnixFile::~UnixFile()
                0x00000000c0011322                ReservedFilename::~ReservedFilename()
                0x00000000c0011322                ReservedFilename::~ReservedFilename()
                0x00000000c0011346                ReservedFilename::~ReservedFilename()
                0x00000000c001136d                getFromFileDescriptor(int)
 .text          0x00000000c001146a     0x12f9 core/virtmgr.32
                0x00000000c001146a                Virt::setPageState(unsigned long, Virt::VirtPageState)
                0x00000000c001149f                Virt::getPageState(unsigned long)
                0x00000000c00114c3                Virt::allocateKernelVirtualPages(int)
                0x00000000c00115d4                Virt::freeSwapfilePage(unsigned long)
                0x00000000c00115f2                Virt::swapIDToSector(unsigned long)
                0x00000000c0011604                Virt::allocateSwapfilePage()
                0x00000000c0011682                Virt::virtualMemorySetup()
                0x00000000c0011701                Virt::setupPageSwapping(int)
                0x00000000c00118ce                VAS::VAS()
                0x00000000c00118ce                VAS::VAS()
                0x00000000c001190a                VAS::VAS(VAS*)
                0x00000000c001190a                VAS::VAS(VAS*)
                0x00000000c0011938                VAS::getForeignPageTableEntry(bool, unsigned long)
                0x00000000c0011964                VAS::getPageTableEntry(unsigned long)
                0x00000000c0011983                Virt::freeKernelVirtualPages(unsigned long)
                0x00000000c0011aa6                VAS::freeAllocatedPages(unsigned long)
                0x00000000c0011aca                VAS::virtualToPhysical(unsigned long)
                0x00000000c0011ae2                VAS::reflagRange(unsigned long, int, int, int)
                0x00000000c0011b22                VAS::setToWriteCombining(unsigned long, int)
                0x00000000c0011b54                VAS::mapOtherVASIn(bool, VAS*)
                0x00000000c0011b7e                VAS::~VAS()
                0x00000000c0011b7e                VAS::~VAS()
                0x00000000c0011cfa                VAS::mapPage(unsigned long, unsigned long, int)
                0x00000000c0011dfc                VAS::allocatePages(int, int)
                0x00000000c0011fd4                VAS::setCPUSpecific(unsigned long)
                0x00000000c0011ff0                VAS::mapRange(unsigned long, unsigned long, int, int)
                0x00000000c00120b6                VAS::mapForeignPage(bool, VAS*, unsigned long, unsigned long, int)
                0x00000000c00121a4                VAS::VAS(bool)
                0x00000000c00121a4                VAS::VAS(bool)
                0x00000000c0012424                VAS::evict(unsigned long)
                0x00000000c00124e6                VAS::tryLoadBackOffDisk(unsigned long)
                0x00000000c00125f6                VAS::scanForEviction()
                0x00000000c00126a7                mapVASFirstTime
 .text          0x00000000c0012763       0x95 coreobjs/c++.32
                0x00000000c0012763                __cxa_atexit
                0x00000000c0012766                __cxa_finalize
                0x00000000c0012767                __stack_chk_fail
                0x00000000c00127d3                __cxa_pure_virtual
                0x00000000c00127e4                operator new[](unsigned long)
                0x00000000c00127e9                operator delete(void*, unsigned long)
                0x00000000c00127ee                operator delete[](void*)
                0x00000000c00127f3                operator delete[](void*, unsigned long)
 .text          0x00000000c00127f8      0x1ef dbg/kconsole.32
                0x00000000c00127f8                Dbg::stringifyxWithBase(unsigned int, char*, int)
                0x00000000c0012859                Dbg::logc(char)
                0x00000000c0012870                Dbg::logs(char*)
                0x00000000c001288d                Dbg::logWriteInt(unsigned int)
                0x00000000c00128aa                Dbg::logWriteIntBase(unsigned int, int)
                0x00000000c00128c9                Dbg::kprintf(char const*, ...)
 *fill*         0x00000000c00129e7        0x1 
 .text          0x00000000c00129e8      0xb82 fs/vfs.32
                0x00000000c00129e8                File::read(unsigned long long, void*, int*)
                0x00000000c0012a40                File::write(unsigned long long, void*, int*)
                0x00000000c0012a98                Directory::read(unsigned long long, void*, int*)
                0x00000000c0012af0                Directory::write(unsigned long long, void*, int*)
                0x00000000c0012b1e                File::isAtty()
                0x00000000c0012b22                Directory::isAtty()
                0x00000000c0012b26                Filesystem::getlabel(LogicalDisk*, int, char*, unsigned int*)
                0x00000000c0012b2c                Filesystem::setlabel(LogicalDisk*, int, char*)
                0x00000000c0012b32                Filesystem::getFileFirstSector(char const*)
                0x00000000c0012b38                File::~File()
                0x00000000c0012b38                File::~File()
                0x00000000c0012b5c                File::~File()
                0x00000000c0012b86                Directory::~Directory()
                0x00000000c0012b86                Directory::~Directory()
                0x00000000c0012baa                Directory::~Directory()
                0x00000000c0012bd4                Filesystem::Filesystem()
                0x00000000c0012bd4                Filesystem::Filesystem()
                0x00000000c0012bf8                Filesystem::~Filesystem()
                0x00000000c0012bf8                Filesystem::~Filesystem()
                0x00000000c0012c06                Filesystem::~Filesystem()
                0x00000000c0012c2a                Fs::getcwd(Process*, char*, int)
                0x00000000c0012c54                Fs::initVFS()
                0x00000000c0012c7e                Fs::standardiseFiles(char*, char const*, char const*)
                0x00000000c0012e28                File::File(char const*, Process*)
                0x00000000c0012e28                File::File(char const*, Process*)
                0x00000000c0012e8c                File::open(FileOpenMode)
                0x00000000c0012eea                File::close()
                0x00000000c0012f4a                File::seek(unsigned long long)
                0x00000000c0012fa0                File::tell(unsigned long long*)
                0x00000000c0012ff0                File::rewind()
                0x00000000c0013004                File::unlink()
                0x00000000c0013050                File::rename(char const*)
                0x00000000c001309e                File::chfatattr(unsigned char, unsigned char)
                0x00000000c00130fa                File::exists()
                0x00000000c0013138                File::stat(unsigned long long*, bool*)
                0x00000000c0013199                Fs::setcwd(Process*, char*)
                0x00000000c00132d4                Directory::Directory(char const*, Process*)
                0x00000000c00132d4                Directory::Directory(char const*, Process*)
                0x00000000c0013338                Directory::open()
                0x00000000c0013394                Directory::close()
                0x00000000c00133f4                Directory::unlink()
                0x00000000c0013440                Directory::rename(char const*)
                0x00000000c001348e                Directory::exists()
                0x00000000c00134cc                Directory::read(dirent*)
                0x00000000c0013518                Directory::create()
                0x00000000c0013564                Filesystem::chfatattr(char const*, unsigned char, unsigned char)
 .text          0x00000000c001356a       0x84 hal/bus.32
                0x00000000c001356a                Bus::Bus(char const*)
                0x00000000c001356a                Bus::Bus(char const*)
                0x00000000c00135a0                Bus::~Bus()
                0x00000000c00135a0                Bus::~Bus()
                0x00000000c00135c4                Bus::~Bus()
 .text          0x00000000c00135ee      0x156 hal/buzzer.32
                0x00000000c00135ee                Buzzer::Buzzer(char const*)
                0x00000000c00135ee                Buzzer::Buzzer(char const*)
                0x00000000c0013632                Buzzer::~Buzzer()
                0x00000000c0013632                Buzzer::~Buzzer()
                0x00000000c0013656                Buzzer::~Buzzer()
                0x00000000c0013680                Buzzer::stop()
                0x00000000c0013693                beepThread(void*)
                0x00000000c00136d6                Buzzer::beep(int, int, bool)
 .text          0x00000000c0013744      0x467 hal/clock.32
                0x00000000c0013744                User::loadClockSettings(int)
                0x00000000c0013796                Clock::Clock(char const*)
                0x00000000c0013796                Clock::Clock(char const*)
                0x00000000c00137cc                Clock::~Clock()
                0x00000000c00137cc                Clock::~Clock()
                0x00000000c00137f0                Clock::~Clock()
                0x00000000c001381a                Clock::timeInSecondsLocal()
                0x00000000c0013862                Clock::setTimeInSecondsLocal(unsigned long long)
                0x00000000c00138bb                datetimeToSeconds(datetime_t)
                0x00000000c00139e2                Clock::setTimeInDatetimeLocal(datetime_t)
                0x00000000c0013a42                secondsToDatetime(unsigned long long)
                0x00000000c0013b86                Clock::timeInDatetimeLocal()
 *fill*         0x00000000c0013bab        0x1 
 .text          0x00000000c0013bac      0x504 hal/device.32
                0x00000000c0013bac                Device::hibernate()
                0x00000000c0013bae                Device::wake()
                0x00000000c0013bb0                Device::detect()
                0x00000000c0013bb2                Device::disableLegacy()
                0x00000000c0013bb4                Device::powerSaving(PowerSavingLevel)
                0x00000000c0013bb6                DriverlessDevice::close(int, int, void*)
                0x00000000c0013bba                DriverlessDevice::detect()
                0x00000000c0013bbc                DriverlessDevice::open(int, int, void*)
                0x00000000c0013bd0                Device::~Device()
                0x00000000c0013bd0                Device::~Device()
                0x00000000c0013bde                Device::~Device()
                0x00000000c0013c06                Device::findAndLoadDriver()
                0x00000000c0013c14                Device::preOpenPCI(PCIDeviceInfo)
                0x00000000c0013c3a                Device::preOpenACPI(void*, char*, char*)
                0x00000000c0013c7a                Device::addIRQHandler(int, void (*)(regs*, void*), bool, void*)
                0x00000000c0013cb8                Device::getParent()
                0x00000000c0013cc4                Device::removeIRQHandler(int, void (*)(regs*, void*), bool)
                0x00000000c0013d02                Device::addChild(Device*)
                0x00000000c0013d46                Device::removeAllChildren()
                0x00000000c0013d8c                Device::hibernateAll()
                0x00000000c0013dbc                Device::wakeAll()
                0x00000000c0013dec                Device::detectAll()
                0x00000000c0013e1c                Device::disableLegacyAll()
                0x00000000c0013e4c                Device::loadDriversForAll()
                0x00000000c0013e8c                Device::closeAll()
                0x00000000c0013ec2                Device::powerSavingAll(PowerSavingLevel)
                0x00000000c0013ef8                Device::setName(char const*)
                0x00000000c0013f06                Device::Device(char const*)
                0x00000000c0013f06                Device::Device(char const*)
                0x00000000c0014002                Device::getName()
                0x00000000c001400c                DriverlessDevice::DriverlessDevice(char const*)
                0x00000000c001400c                DriverlessDevice::DriverlessDevice(char const*)
                0x00000000c0014042                Device::addToLinkedList(LinkedList<Device>&, DeviceType)
                0x00000000c0014086                getDevicesOfType(DeviceType)
 .text          0x00000000c00140b0       0x84 hal/diskctrl.32
                0x00000000c00140b0                HardDiskController::HardDiskController(char const*)
                0x00000000c00140b0                HardDiskController::HardDiskController(char const*)
                0x00000000c00140e6                HardDiskController::~HardDiskController()
                0x00000000c00140e6                HardDiskController::~HardDiskController()
                0x00000000c001410a                HardDiskController::~HardDiskController()
 .text          0x00000000c0014134       0xf2 hal/diskphys.32
                0x00000000c0014134                PhysicalDisk::eject()
                0x00000000c0014148                PhysicalDisk::PhysicalDisk(char const*, int)
                0x00000000c0014148                PhysicalDisk::PhysicalDisk(char const*, int)
                0x00000000c00141b0                PhysicalDisk::startCache()
                0x00000000c00141d8                PhysicalDisk::~PhysicalDisk()
                0x00000000c00141d8                PhysicalDisk::~PhysicalDisk()
                0x00000000c00141fc                PhysicalDisk::~PhysicalDisk()
 .text          0x00000000c0014226      0x13b hal/fpu.32
                0x00000000c0014226                FPU::FPU(char const*)
                0x00000000c0014226                FPU::FPU(char const*)
                0x00000000c001425c                FPU::~FPU()
                0x00000000c001425c                FPU::~FPU()
                0x00000000c0014280                FPU::~FPU()
                0x00000000c00142aa                setupFPU()
 *fill*         0x00000000c0014361        0x1 
 .text          0x00000000c0014362     0x1413 hal/intctrl.32
                0x00000000c0014362                InterruptController::uninstallISRHandler(int, void (*)(regs*, void*))
                0x00000000c001439a                InterruptController::installISRHandler(int, void (*)(regs*, void*), void*)
                0x00000000c00143ec                doubleFault(regs*, void*)
                0x00000000c0014406                InterruptController::installIRQHandler(int, void (*)(regs*, void*), bool, void*)
                0x00000000c00144a2                InterruptController::clearAllHandlers(int, bool)
                0x00000000c001454a                InterruptController::uninstallIRQHandler(int, void (*)(regs*, void*), bool)
                0x00000000c00145d1                nmiHandler(regs*, void*)
                0x00000000c00145df                int_handler
                0x00000000c0014680                InterruptController::InterruptController(char const*)
                0x00000000c0014680                InterruptController::InterruptController(char const*)
                0x00000000c0014726                InterruptController::~InterruptController()
                0x00000000c0014726                InterruptController::~InterruptController()
                0x00000000c001474a                InterruptController::~InterruptController()
                0x00000000c0014774                displayDebugInfo(regs*)
                0x00000000c0014c03                x87EmulHandler(regs*, void*)
                0x00000000c0014c76                gpFault(regs*, void*)
                0x00000000c0014caf                pgFault(regs*, void*)
                0x00000000c0014cc6                otherISRHandler(regs*, void*)
                0x00000000c0014ce5                opcodeFault(regs*, void*)
                0x00000000c0015302                displayProgramFault(char const*)
                0x00000000c001532a                setupInterruptController()
                0x00000000c0015728                InterruptController::convertLegacyIRQNumber(int)
 *fill*         0x00000000c0015775        0x1 
 .text          0x00000000c0015776      0x794 hal/keybrd.32
                0x00000000c0015776                startGUI(void*)
                0x00000000c00157e2                startGUIVESA(void*)
                0x00000000c001584e                sendKeyToTerminal(unsigned char)
                0x00000000c001590c                sendKeyboardToken(KeyboardToken)
                0x00000000c0015d49                clearInternalKeybuffer(VgaText*)
                0x00000000c0015d7e                readKeyboard(VgaText*, char*, unsigned long)
                0x00000000c0015e80                Keyboard::Keyboard(char const*)
                0x00000000c0015e80                Keyboard::Keyboard(char const*)
                0x00000000c0015ebc                Keyboard::~Keyboard()
                0x00000000c0015ebc                Keyboard::~Keyboard()
                0x00000000c0015ee0                Keyboard::~Keyboard()
 .text          0x00000000c0015f0a      0x414 hal/logidisk.32
                0x00000000c0015f0a                LogicalDisk::close(int, int, void*)
                0x00000000c0015f0e                LogicalDisk::~LogicalDisk()
                0x00000000c0015f0e                LogicalDisk::~LogicalDisk()
                0x00000000c0015f32                LogicalDisk::~LogicalDisk()
                0x00000000c0015f5c                LogicalDisk::open(int, int, void*)
                0x00000000c0015f70                LogicalDisk::absoluteToRelative(unsigned long long)
                0x00000000c0015fa8                LogicalDisk::relativeToAbsolute(unsigned long long)
                0x00000000c0015fee                LogicalDisk::LogicalDisk(char const*, PhysicalDisk*, unsigned long long, unsigned long long)
                0x00000000c0015fee                LogicalDisk::LogicalDisk(char const*, PhysicalDisk*, unsigned long long, unsigned long long)
                0x00000000c00160a4                LogicalDisk::assignDriveLetter()
                0x00000000c001615a                LogicalDisk::mount()
                0x00000000c00161cc                LogicalDisk::unmount()
                0x00000000c00161dc                LogicalDisk::eject()
                0x00000000c00161f0                LogicalDisk::unassignDriveLetter()
                0x00000000c0016246                LogicalDisk::read(unsigned long long, int, void*)
                0x00000000c00162b2                LogicalDisk::write(unsigned long long, int, void*)
 .text          0x00000000c001631e       0x84 hal/mouse.32
                0x00000000c001631e                Mouse::Mouse(char const*)
                0x00000000c001631e                Mouse::Mouse(char const*)
                0x00000000c0016354                Mouse::~Mouse()
                0x00000000c0016354                Mouse::~Mouse()
                0x00000000c0016378                Mouse::~Mouse()
 .text          0x00000000c00163a2      0x359 hal/partition.32
                0x00000000c00163a2                makePartition(PhysicalDisk*, unsigned long long, unsigned long long)
                0x00000000c001646a                createPartitionsForDisk(PhysicalDisk*)
 *fill*         0x00000000c00166fb        0x1 
 .text          0x00000000c00166fc       0x84 hal/serial.32
                0x00000000c00166fc                Serial::Serial(char const*)
                0x00000000c00166fc                Serial::Serial(char const*)
                0x00000000c0016732                Serial::~Serial()
                0x00000000c0016732                Serial::~Serial()
                0x00000000c0016756                Serial::~Serial()
 .text          0x00000000c0016780      0x2f3 hal/timer.32
                0x00000000c0016780                Timer::Timer(char const*)
                0x00000000c0016780                Timer::Timer(char const*)
                0x00000000c00167b6                Timer::~Timer()
                0x00000000c00167b6                Timer::~Timer()
                0x00000000c00167da                Timer::~Timer()
                0x00000000c0016804                Timer::read()
                0x00000000c001680f                timerHandler(unsigned long long)
                0x00000000c0016981                setupTimer(int)
 *fill*         0x00000000c0016a73        0x1 
 .text          0x00000000c0016a74      0x409 hal/vcache.32
                0x00000000c0016a74                VCache::VCache(PhysicalDisk*)
                0x00000000c0016a74                VCache::VCache(PhysicalDisk*)
                0x00000000c0016bdc                VCache::invalidateReadBuffer()
                0x00000000c0016bec                VCache::writeWriteBuffer()
                0x00000000c0016c28                VCache::~VCache()
                0x00000000c0016c28                VCache::~VCache()
                0x00000000c0016c7c                VCache::~VCache()
                0x00000000c0016ca4                VCache::write(unsigned long long, int, void*)
                0x00000000c0016d8e                VCache::read(unsigned long long, int, void*)
 *fill*         0x00000000c0016e7d        0x1 
 .text          0x00000000c0016e7e      0x4cd hal/video.32
                0x00000000c0016e7e                Video::putrect(int, int, int, int, unsigned int)
                0x00000000c0016eca                Video::bitblit(int, int, int, int, int, int, int, unsigned int*)
                0x00000000c0016f3a                Video::blit(unsigned int*, int, int, int, int)
                0x00000000c0016fb8                Video::clearScreen(unsigned int)
                0x00000000c0016fec                Video::putpixel(int, int, unsigned int)
                0x00000000c0016ffa                Video::Video(char const*)
                0x00000000c0016ffa                Video::Video(char const*)
                0x00000000c0017030                Video::~Video()
                0x00000000c0017030                Video::~Video()
                0x00000000c0017054                Video::~Video()
                0x00000000c001707e                Video::isMonochrome()
                0x00000000c001708a                Video::getWidth()
                0x00000000c0017096                Video::getHeight()
                0x00000000c00170a2                Video::drawCursor(int, int, unsigned char*, int)
                0x00000000c001715e                Video::tgaParse(unsigned char*, int, int*, int*)
                0x00000000c00172e0                Video::putTGA(int, int, unsigned char*, int)
 *fill*         0x00000000c001734b        0x1 
 .text          0x00000000c001734c     0x1163 hw/acpi.32
                0x00000000c001734c                ACPI::close(int, int, void*)
                0x00000000c0017401                findRSDP()
                0x00000000c001749b                loadACPITables(unsigned char*)
                0x00000000c00176f2                findRSDT(unsigned char*)
                0x00000000c001783c                findDataTable(unsigned char*, char*)
                0x00000000c00178d8                scanMADT()
                0x00000000c0017d5e                ACPI::ACPI()
                0x00000000c0017d5e                ACPI::ACPI()
                0x00000000c0017db2                ACPI::getPCIIRQAssignment(unsigned char, unsigned short, unsigned char)
                0x00000000c0017e94                ACPI::registerPCIIRQAssignment(void*, unsigned short, unsigned char, unsigned char)
                0x00000000c0017f5a                ACPI::setScreenBrightnessLevel(void*, int)
                0x00000000c0017f60                ACPI::detectPCI()
                0x00000000c00180da                ACPI::writeSimpleBootFlag(SimpleBootFlagTable*)
                0x00000000c0018122                ACPI::sleep()
                0x00000000c001813a                ACPI::open(int, int, void*)
 *fill*         0x00000000c00184af        0x1 
 .text          0x00000000c00184b0     0x1717 hw/cpu.32
                0x00000000c00184b0                CPU::close(int, int, void*)
                0x00000000c00184b4                CPU::lookupAMDName(unsigned char, unsigned char)
                0x00000000c0018648                CPU::lookupIntelName(unsigned char, unsigned char)
                0x00000000c00188f6                CPU::AMD_K6_write_msr(unsigned int, unsigned int, unsigned int, CPU::REGS*)
                0x00000000c0018912                CPU::AMD_K6_read_msr(unsigned int, CPU::REGS*)
                0x00000000c001892a                CPU::AMD_K6_writeback(int, int, int)
                0x00000000c001899e                CPU::cpuid(int, unsigned long*, unsigned long*, unsigned long*, unsigned long*)
                0x00000000c0018a22                CPU::cpuidCheckEDX(unsigned int)
                0x00000000c0018a50                CPU::cpuidCheckECX(unsigned int)
                0x00000000c0018a7e                CPU::cpuidCheckExtendedEBX(unsigned int)
                0x00000000c0018aac                CPU::cpuidCheckExtendedECX(unsigned int)
                0x00000000c0018ada                CPU::CPU()
                0x00000000c0018ada                CPU::CPU()
                0x00000000c0018b68                CPU::displayFeatures()
                0x00000000c0018de4                CPU::detectFeatures()
                0x00000000c00197d6                CPU::setupSMEP()
                0x00000000c00197e2                CPU::setupUMIP()
                0x00000000c00197ec                CPU::setupTSC()
                0x00000000c00197f6                CPU::setupLargePages()
                0x00000000c0019800                CPU::setupPAT()
                0x00000000c001983c                CPU::setupMTRR()
                0x00000000c001983e                CPU::setupGlobalPages()
                0x00000000c0019848                CPU::allowUsermodeDataAccess()
                0x00000000c001985a                CPU::prohibitUsermodeDataAccess()
                0x00000000c001986c                CPU::setupSMAP()
                0x00000000c001987a                CPU::setupFeatures()
                0x00000000c00198fa                CPU::open(int, int, void*)
                0x00000000c00199cc                CPU::decodeAddress(regs*, int*, bool*, unsigned char*)
 .text          0x00000000c0019bc7        0x0 hw/ports.32
 .text          0x00000000c0019bc7      0x16a hw/smp.32
                0x00000000c0019bc7                Krnl::smpEntry()
                0x00000000c0019bc9                Krnl::startCPU(int)
                0x00000000c0019d12                Krnl::startCPUs()
 *fill*         0x00000000c0019d31        0x1 
 .text          0x00000000c0019d32      0x5cd krnl/env.32
                0x00000000c0019d32                EnvVarContainer::getEnv(char const*)
                0x00000000c0019d70                EnvVarContainer::setEnv(char const*, char const*)
                0x00000000c0019e32                EnvVarContainer::deleteEnv(char const*)
                0x00000000c0019e34                EnvVarContainer::loadFrom(char const*, char const*)
                0x00000000c001a036                EnvVarContainer::__loadSystem()
                0x00000000c001a050                EnvVarContainer::__loadUser()
                0x00000000c001a052                EnvVarContainer::EnvVarContainer(Process*)
                0x00000000c001a052                EnvVarContainer::EnvVarContainer(Process*)
                0x00000000c001a074                EnvVarContainer::~EnvVarContainer()
                0x00000000c001a074                EnvVarContainer::~EnvVarContainer()
                0x00000000c001a0a4                Krnl::getEnv(Process*, char const*)
                0x00000000c001a109                Krnl::setEnvSystem(char const*, char const*)
                0x00000000c001a123                Krnl::setEnvUser(char const*, char const*)
                0x00000000c001a142                Krnl::setEnvProcess(Process*, char const*, char const*)
                0x00000000c001a155                Krnl::deleteEnvSystem(char const*)
                0x00000000c001a156                Krnl::deleteEnvUser(char const*)
                0x00000000c001a157                Krnl::deleteEnvProcess(Process*, char const*)
                0x00000000c001a158                Krnl::newProcessEnv(Process*)
                0x00000000c001a17a                Krnl::copyProcessEnv(Process*, Process*)
                0x00000000c001a1c6                Krnl::loadSystemEnv()
                0x00000000c001a1f4                Krnl::loadUserEnv()
                0x00000000c001a21a                Krnl::flushEnv()
                0x00000000c001a21b                Krnl::getProcessTotalEnvCount(Process*)
                0x00000000c001a23b                Krnl::getProcessEnvPair(Process*, int)
 .text          0x00000000c001a2ff      0x396 krnl/panic.32
                0x00000000c001a2ff                Krnl::panic(char const*)
 .text          0x00000000c001a695      0x57f net/ethernet.32
                0x00000000c001a695                Net::switchEndian16(unsigned short)
                0x00000000c001a6b6                Net::switchEndian32(unsigned int)
                0x00000000c001a6e5                Net::crc32Calc(unsigned char*, int)
                0x00000000c001a776                Net::wrapEthernetFrame(Net::UnwrappedEthernetFrame, unsigned char*)
                0x00000000c001a989                Net::unwrapEthernetFrame(unsigned char*, int)
 .text          0x00000000c001ac14      0x50e reg/registry.32
                0x00000000c001ac14                Reg::findLineFromLoadedData(char*, char*, char*)
                0x00000000c001ad6c                Reg::getLineFromRegistry(char*, char*, char*, char*)
                0x00000000c001aec1                Reg::getLine(char*, char*, char*)
                0x00000000c001aef8                Reg::readInt(char*, char*, int*)
                0x00000000c001afe3                Reg::readString(char*, char*, char*, int)
                0x00000000c001b064                Reg::readBool(char*, char*, bool*)
                0x00000000c001b089                Reg::readBoolWithDefault(char*, char*, bool)
                0x00000000c001b0b5                Reg::readIntWithDefault(char*, char*, int)
                0x00000000c001b0e1                Reg::readStringWithDefault(char*, char*, char*, int, char*)
 .text          0x00000000c001b122       0x36 sys/sc_eject.32
                0x00000000c001b122                Sys::eject(regs*)
 .text          0x00000000c001b158       0x18 sys/sc_exit.32
                0x00000000c001b158                Sys::exit(regs*)
 .text          0x00000000c001b170       0x1f sys/sc_getcwd.32
                0x00000000c001b170                Sys::getCwd(regs*)
 .text          0x00000000c001b18f        0xc sys/sc_getpid.32
                0x00000000c001b18f                Sys::getPID(regs*)
 .text          0x00000000c001b19b       0x17 sys/sc_getramdata.32
                0x00000000c001b19b                Sys::getRAMData(regs*)
 .text          0x00000000c001b1b2       0x84 sys/sc_getvgaptr.32
                0x00000000c001b1b2                Sys::getVGAPtr(regs*)
 .text          0x00000000c001b236       0xa8 sys/sc_loaddll.32
                0x00000000c001b236                Sys::loadDLL(regs*)
 .text          0x00000000c001b2de       0x68 sys/sc_read.32
                0x00000000c001b2de                Sys::read(regs*)
 .text          0x00000000c001b346       0x55 sys/sc_sbrk.32
                0x00000000c001b346                Sys::sbrk(regs*)
 .text          0x00000000c001b39b       0x1c sys/sc_setcwd.32
                0x00000000c001b39b                Sys::setCwd(regs*)
 .text          0x00000000c001b3b7      0x128 sys/sc_settime.32
                0x00000000c001b3b7                Sys::setTime(regs*)
 .text          0x00000000c001b4df       0x4a sys/sc_timezone.32
                0x00000000c001b4df                Sys::timezone(regs*)
 .text          0x00000000c001b529       0x68 sys/sc_write.32
                0x00000000c001b529                Sys::write(regs*)
 .text          0x00000000c001b591       0x62 sys/sc_wsbe.32
                0x00000000c001b591                Sys::wsbe(regs*)
 .text          0x00000000c001b5f3       0x46 sys/sc_yield.32
                0x00000000c001b5f3                Sys::yield(regs*)
 .text          0x00000000c001b639     0x1101 sys/syscalls.32
                0x00000000c001b639                sysCallSeekDir(regs*)
                0x00000000c001b63e                sysCallTellDir(regs*)
                0x00000000c001b643                sysCallVerify(regs*)
                0x00000000c001b64d                sysFormatDisk(regs*)
                0x00000000c001b6b7                sysSetDiskVolumeLabel(regs*)
                0x00000000c001b6fd                sysGetDiskVolumeLabel(regs*)
                0x00000000c001b74e                sysShutdown(regs*)
                0x00000000c001b7ac                sysCallRealpath(regs*)
                0x00000000c001b7ef                sysCallGetArgc(regs*)
                0x00000000c001b81d                sysCallReadDir(regs*)
                0x00000000c001b8ab                sysCallIsATTY(regs*)
                0x00000000c001b905                sysCallSeek(regs*)
                0x00000000c001b96e                sysCallTell(regs*)
                0x00000000c001b9eb                sysCallSize(regs*)
                0x00000000c001ba6e                sysCallSizeFromFilename(regs*)
                0x00000000c001bb2e                sysCallClose(regs*)
                0x00000000c001bbb6                sysCallOpenDir(regs*)
                0x00000000c001bc2b                sysCallCloseDir(regs*)
                0x00000000c001bc91                sysCallMakeDir(regs*)
                0x00000000c001bd01                sysCallWait(regs*)
                0x00000000c001bd1b                sysCallNotImpl(regs*)
                0x00000000c001bd36                sysPanic(regs*)
                0x00000000c001bd5c                sysCallRmdir(regs*)
                0x00000000c001bdc0                sysCallUnlink(regs*)
                0x00000000c001be24                sysCallGetArgv(regs*)
                0x00000000c001be70                sysCallTTYName(regs*)
                0x00000000c001bef3                sysCallUSleep(regs*)
                0x00000000c001bf1a                sysCallSpawn(regs*)
                0x00000000c001bf8f                sysCallGetEnv(regs*)
                0x00000000c001c0c7                sysAppSettings(regs*)
                0x00000000c001c1db                sysSetFatAttrib(regs*)
                0x00000000c001c24d                sysPipe(regs*)
                0x00000000c001c292                sysGetUnixTime(regs*)
                0x00000000c001c2a6                string_ends_with(char const*, char const*)
                0x00000000c001c2ee                sysCallOpen(regs*)
                0x00000000c001c503                Sys::loadSyscalls()
                0x00000000c001c6f8                Sys::systemCall(regs*, void*)
 .text          0x00000000c001c73a     0x11fd thr/elf.32
                0x00000000c001c73a                Thr::allocateMemoryForTask(Process*, File*, unsigned long, unsigned long, unsigned long)
                0x00000000c001c9e4                Thr::loadProgramIntoMemory(Process*, char const*)
                0x00000000c001cbfa                Thr::runtimeReferenceHelper()
                0x00000000c001cc0d                Thr::getAddressOfKernelSymbol(char const*)
                0x00000000c001cc5c                Thr::loadKernelSymbolTable(char const*)
                0x00000000c001cf1a                Thr::loadDriverIntoMemory(char const*, unsigned long, bool)
                0x00000000c001d650                Thr::getDriverBaseFromAddress(unsigned long)
                0x00000000c001d682                Thr::getDriverNameFromAddress(unsigned long)
                0x00000000c001d6b9                Thr::getDriverOffsetFromAddress(unsigned long)
                0x00000000c001d6d3                Thr::loadDLL(char const*, bool)
                0x00000000c001d8fe                Thr::executeDLL(unsigned long, void*)
 *fill*         0x00000000c001d937        0x1 
 .text          0x00000000c001d938     0x1315 thr/prcssthr.32
                0x00000000c001d938                userModeEntryPoint(void*)
                0x00000000c001d95e                changeTSS
                0x00000000c001d98e                switchToThread(ThreadControlBlock*)
                0x00000000c001da38                Process::addArgs(char**)
                0x00000000c001da92                Process::Process(char const*, Process*, char**)
                0x00000000c001da92                Process::Process(char const*, Process*, char**)
                0x00000000c001dc76                Process::Process(bool, char const*, Process*, char**)
                0x00000000c001dc76                Process::Process(bool, char const*, Process*, char**)
                0x00000000c001de25                taskStartupFunction
                0x00000000c001de2e                Semaphore::Semaphore(int)
                0x00000000c001de2e                Semaphore::Semaphore(int)
                0x00000000c001de5c                Mutex::Mutex()
                0x00000000c001de5c                Mutex::Mutex()
                0x00000000c001de6e                Process::createThread(void (*)(void*), void*, int)
                0x00000000c001df74                Process::createUserThread()
                0x00000000c001df90                setupMultitasking(void (*)())
                0x00000000c001e0b2                schedule()
                0x00000000c001e138                Semaphore::tryAcquire()
                0x00000000c001e1f4                Semaphore::assertLocked(char const*)
                0x00000000c001e263                blockTaskWithSchedulerLockAlreadyHeld(TaskState)
                0x00000000c001e2b1                blockTask(TaskState)
                0x00000000c001e2de                waitTask(int, int*, int)
                0x00000000c001e320                nanoSleepUntil(unsigned long long)
                0x00000000c001e3b5                nanoSleep(unsigned long long)
                0x00000000c001e3cd                sleep(unsigned long long)
                0x00000000c001e3ea                Semaphore::acquire()
                0x00000000c001e48c                taskReturned
                0x00000000c001e4c7                Thr::processFromPID(int)
                0x00000000c001e576                unblockTask(ThreadControlBlock*)
                0x00000000c001e623                cleanupTerminatedTask(ThreadControlBlock*)
                0x00000000c001e8ec                cleanerTaskFunction(void*)
                0x00000000c001e9e5                terminateTask(int)
                0x00000000c001eb17                Thr::terminateFromIRQ(int)
                0x00000000c001eb24                Semaphore::release()
 .text          0x00000000c001ec4d      0xada vm86/vm8086.32
                0x00000000c001ec4d                Vm::inbv(unsigned short)
                0x00000000c001ec60                Vm::outbv(unsigned short, unsigned char)
                0x00000000c001ec96                Vm::realToLinear(unsigned short, unsigned short)
                0x00000000c001eca6                Vm::getSegment(unsigned int)
                0x00000000c001ecae                Vm::getOffset(unsigned int)
                0x00000000c001ecb3                Vm::mainloop2()
                0x00000000c001eced                Vm::mainVm8086Loop(void*)
                0x00000000c001ecfd                Vm::mainloop3(unsigned long)
                0x00000000c001ed23                Vm::initialise8086()
                0x00000000c001ed66                Vm::finish8086()
                0x00000000c001edc7                Vm::getOutput8086(unsigned char*)
                0x00000000c001edec                Vm::start8086(char const*, unsigned short, unsigned short, unsigned short, unsigned short)
                0x00000000c001ef54                Vm::doISR(regs*, int, unsigned char*, unsigned short, unsigned short)
                0x00000000c001efde                Vm::readByteFromReal(unsigned short, unsigned short)
                0x00000000c001efef                Vm::readWordFromReal(unsigned short, unsigned short)
                0x00000000c001f001                Vm::readDwordFromReal(unsigned short, unsigned short)
                0x00000000c001f012                Vm::writeByteFromReal(unsigned short, unsigned short, unsigned char)
                0x00000000c001f027                Vm::writeWordFromReal(unsigned short, unsigned short, unsigned short)
                0x00000000c001f03d                Vm::writeDwordFromReal(unsigned short, unsigned short, unsigned int)
                0x00000000c001f052                Vm::faultHandler(regs*)
 .text          0x00000000c001f727      0xefd vm86/x87em.32
                0x00000000c001f727                Vm::fpuInternalTo32(unsigned long long)
                0x00000000c001f782                Vm::fpuInternalTo64(unsigned long long)
                0x00000000c001f78b                Vm::fpu32ToInternal(unsigned int)
                0x00000000c001f7d0                Vm::fpu64ToInternal(unsigned long long)
                0x00000000c001f7d9                Vm::fpuFloatToLong(unsigned long long)
                0x00000000c001f834                Vm::fpuULongToFloat(unsigned long long)
                0x00000000c001f86a                Vm::fpuLongToFloat(long long)
                0x00000000c001f8c0                Vm::fpuGet0()
                0x00000000c001f8c5                Vm::fpuGet1()
                0x00000000c001f8cd                Vm::fpuGetPi()
                0x00000000c001f8d5                Vm::fpuGetLog2E()
                0x00000000c001f8ed                Vm::fpuGetLogE2()
                0x00000000c001f905                Vm::fpuGetLog210()
                0x00000000c001f91d                Vm::fpuGetLog102()
                0x00000000c001f935                Vm::fpuIsSecondLarger(unsigned long long, unsigned long long)
                0x00000000c001f949                Vm::fpuAreEqual(unsigned long long, unsigned long long)
                0x00000000c001f95f                Vm::fpuUnorderedCompare(unsigned long long, unsigned long long)
                0x00000000c001f9b2                Vm::fpuAdd(unsigned long long, unsigned long long)
                0x00000000c001f9c3                Vm::fpuAbs(unsigned long long)
                0x00000000c001f9cc                Vm::fpuChs(unsigned long long)
                0x00000000c001f9dc                Vm::fpuSub(unsigned long long, unsigned long long)
                0x00000000c001f9eb                Vm::fpuMultiply(unsigned long long, unsigned long long)
                0x00000000c001fa0a                Vm::fpuDivide(unsigned long long, unsigned long long)
                0x00000000c001fa26                Vm::fpuSquare(unsigned long long)
                0x00000000c001fa3c                Vm::fpuGetReg(int)
                0x00000000c001fa7f                Vm::fpuSetReg(int, unsigned long long)
                0x00000000c001faca                Vm::fpuPush(unsigned long long)
                0x00000000c001fb27                Vm::fpuPop()
                0x00000000c001fb79                Vm::x87Handler(regs*)
 .text          0x00000000c0020624     0x1203 fs/fat/vfslink.32
                0x00000000c0020624                FAT::getName()
                0x00000000c002062a                FAT::tell(void*, unsigned long long*)
                0x00000000c002065e                FAT::stat(void*, unsigned long long*)
                0x00000000c0020692                FAT::~FAT()
                0x00000000c0020692                FAT::~FAT()
                0x00000000c00206b6                FAT::~FAT()
                0x00000000c00206de                FAT::getlabel(LogicalDisk*, int, char*, unsigned int*)
                0x00000000c002077c                FAT::setlabel(LogicalDisk*, int, char*)
                0x00000000c0020836                FAT::format(LogicalDisk*, int, char const*, int)
                0x00000000c0020a1a                FAT::tryMount(LogicalDisk*, int)
                0x00000000c0020c20                FAT::getFileFirstSector(char const*)
                0x00000000c0020ce2                FAT::readDir(void*, unsigned long, void*, int*)
                0x00000000c0020e3c                FAT::read(void*, unsigned long, void*, int*)
                0x00000000c0020e96                FAT::write(void*, unsigned long, void*, int*)
                0x00000000c0020ef0                FAT::close(void*)
                0x00000000c0020f3c                FAT::closeDir(void*)
                0x00000000c0020f88                FAT::seek(void*, unsigned long long)
                0x00000000c0020fdc                fatWrapperReadDisk
                0x00000000c0021023                fatWrapperWriteDisk
                0x00000000c002106a                fatWrapperIoctl
                0x00000000c002116e                FAT::FAT()
                0x00000000c002116e                FAT::FAT()
                0x00000000c00211c0                FAT::fixFilepath(char*)
                0x00000000c00211f8                FAT::open(char const*, void**, FileOpenMode)
                0x00000000c0021320                FAT::openDir(char const*, void**)
                0x00000000c00213c6                FAT::stat(char const*, unsigned long long*, bool*)
                0x00000000c00214b0                FAT::unlink(char const*)
                0x00000000c002152a                FAT::chfatattr(char const*, unsigned char, unsigned char)
                0x00000000c002167e                FAT::rename(char const*, char const*)
                0x00000000c0021742                FAT::mkdir(char const*)
                0x00000000c00217bc                FAT::exists(char const*)
 *fill*         0x00000000c0021827        0x1 
 .text          0x00000000c0021828      0xba5 fs/iso9660/vfslink.32
                0x00000000c0021828                ISO9660::format(LogicalDisk*, int, char const*, int)
                0x00000000c002182e                ISO9660::seek(void*, unsigned long long)
                0x00000000c002185e                ISO9660::tell(void*, unsigned long long*)
                0x00000000c0021882                ISO9660::getName()
                0x00000000c0021888                ISO9660::stat(void*, unsigned long long*)
                0x00000000c00218ac                ISO9660::chfatattr(char const*, unsigned char, unsigned char)
                0x00000000c00218b2                ISO9660::unlink(char const*)
                0x00000000c00218b8                ISO9660::write(void*, unsigned long, void*, int*)
                0x00000000c00218be                ISO9660::rename(char const*, char const*)
                0x00000000c00218c4                ISO9660::mkdir(char const*)
                0x00000000c00218ca                ISO9660::close(void*)
                0x00000000c00218ec                ISO9660::closeDir(void*)
                0x00000000c002190e                ISO9660::~ISO9660()
                0x00000000c002190e                ISO9660::~ISO9660()
                0x00000000c0021932                ISO9660::~ISO9660()
                0x00000000c0021959                __memmem(unsigned char*, int, unsigned char*, int)
                0x00000000c002199b                readSectorFromCDROM(unsigned int, unsigned char*, char)
                0x00000000c00219f6                ISO9660::tryMount(LogicalDisk*, int)
                0x00000000c0021a46                ISO9660::read(void*, unsigned long, void*, int*)
                0x00000000c0021c4a                ISO9660::readDir(void*, unsigned long, void*, int*)
                0x00000000c0021ec4                readRoot(unsigned int*, unsigned int*, char)
                0x00000000c0021f18                readRecursively(char*, unsigned int, unsigned int, unsigned int*, unsigned int*, char, int*)
                0x00000000c00220eb                getFileData(char*, unsigned int*, unsigned int*, char, int*)
                0x00000000c002217a                ISO9660::open(char const*, void**, FileOpenMode)
                0x00000000c002223a                ISO9660::exists(char const*)
                0x00000000c002225e                ISO9660::stat(char const*, unsigned long long*, bool*)
                0x00000000c00222f2                ISO9660::openDir(char const*, void**)
                0x00000000c00223aa                ISO9660::ISO9660()
                0x00000000c00223aa                ISO9660::ISO9660()
 *fill*         0x00000000c00223cd        0x1 
 .text          0x00000000c00223ce      0x3a6 hal/sound/sndchannel.32
                0x00000000c00223ce                SoundChannel::SoundChannel(int, int, int, int)
                0x00000000c00223ce                SoundChannel::SoundChannel(int, int, int, int)
                0x00000000c0022508                SoundChannel::~SoundChannel()
                0x00000000c0022508                SoundChannel::~SoundChannel()
                0x00000000c0022524                SoundChannel::getSampleRate()
                0x00000000c002252c                SoundChannel::getBits()
                0x00000000c0022534                SoundChannel::getBufferUsed()
                0x00000000c002253c                SoundChannel::getBufferSize()
                0x00000000c0022544                SoundChannel::unbuffer(float*, int, int)
                0x00000000c00225d8                SoundChannel::buffer16(short*, int)
                0x00000000c00226d4                SoundChannel::buffer8(unsigned char*, int)
 .text          0x00000000c0022774      0x504 hal/sound/sndhw.32
                0x00000000c0022774                SoundDevice::SoundDevice(char const*)
                0x00000000c0022774                SoundDevice::SoundDevice(char const*)
                0x00000000c00227e0                SoundDevice::~SoundDevice()
                0x00000000c00227e0                SoundDevice::~SoundDevice()
                0x00000000c002285a                SoundDevice::~SoundDevice()
                0x00000000c0022884                SoundDevice::getFreeChannelNum()
                0x00000000c002289e                SoundDevice::addChannel(SoundChannel*)
                0x00000000c002290e                SoundDevice::removeChannel(int)
                0x00000000c0022940                SoundDevice::floatTo16(float*, short*, int)
                0x00000000c0022a2e                SoundDevice::floatTo8(float*, unsigned char*, int)
                0x00000000c0022b16                SoundDevice::getAudio(int, float*, float*)
 .text          0x00000000c0022c78        0x0 hw/bus/isa.32
 .text          0x00000000c0022c78      0xbbb hw/bus/pci.32
                0x00000000c0022c78                PCI::open(int, int, void*)
                0x00000000c0022c96                PCI::close(int, int, void*)
                0x00000000c0022c9a                PCI::PCI()
                0x00000000c0022c9a                PCI::PCI()
                0x00000000c0022d30                PCI::readBAR8(unsigned int, int)
                0x00000000c0022d4c                PCI::readBAR16(unsigned int, int)
                0x00000000c0022d6a                PCI::readBAR32(unsigned int, int)
                0x00000000c0022d86                PCI::writeBAR8(unsigned int, unsigned char, int)
                0x00000000c0022da6                PCI::writeBAR16(unsigned int, unsigned short, int)
                0x00000000c0022dea                PCI::writeBAR32(unsigned int, unsigned int, int)
                0x00000000c0022e0a                PCI::legacyMechanism(unsigned char, unsigned char, unsigned char, unsigned char)
                0x00000000c0022e78                PCI::pciReadWord(unsigned char, unsigned char, unsigned char, unsigned char)
                0x00000000c0022f20                PCI::getVendorID(unsigned char, unsigned char, unsigned char)
                0x00000000c0022f44                PCI::getHeaderType(unsigned char, unsigned char, unsigned char)
                0x00000000c0022f6c                PCI::getClassCode(unsigned char, unsigned char, unsigned char)
                0x00000000c0022fb6                PCI::getProgIF(unsigned char, unsigned char, unsigned char)
                0x00000000c0022fde                PCI::getRevisionID(unsigned char, unsigned char, unsigned char)
                0x00000000c0023002                PCI::getInterruptNumber(unsigned char, unsigned char, unsigned char)
                0x00000000c0023026                PCI::getSecondaryBus(unsigned char, unsigned char, unsigned char)
                0x00000000c002304e                PCI::getBARAddress(unsigned char, unsigned char, unsigned char, unsigned char)
                0x00000000c00230b2                PCI::pciWriteWord(unsigned char, unsigned char, unsigned char, unsigned char, unsigned short)
                0x00000000c002319a                PCI::pciDetailsToFilepath(PCIDeviceInfo, char*)
                0x00000000c0023426                PCI::checkBus(unsigned char)
                0x00000000c002344a                PCI::foundDevice(PCIDeviceInfo)
                0x00000000c00235bc                PCI::getDeviceData(unsigned char, unsigned char, unsigned char)
                0x00000000c0023774                PCI::checkDevice(unsigned char, unsigned char)
                0x00000000c00237e0                PCI::detect()
 *fill*         0x00000000c0023833        0x1 
 .text          0x00000000c0023834      0xc70 hw/diskctrl/ide.32
                0x00000000c0023834                IDE::close(int, int, void*)
                0x00000000c0023838                IDE::IDE()
                0x00000000c0023838                IDE::IDE()
                0x00000000c002386c                IDE::prepareInterrupt(unsigned char)
                0x00000000c002387e                selectDrive(unsigned char, unsigned char)
                0x00000000c0023880                IDE::getBase(unsigned char)
                0x00000000c0023892                IDE::write(unsigned char, unsigned char, unsigned char)
                0x00000000c0023952                IDE::read(unsigned char, unsigned char)
                0x00000000c0023a00                IDE::waitInterrupt(unsigned char)
                0x00000000c0023a66                ideChannel0IRQHandler(regs*, void*)
                0x00000000c0023a82                ideChannel1IRQHandler(regs*, void*)
                0x00000000c0023a9e                IDE::enableIRQs(unsigned char, bool)
                0x00000000c0023ae4                IDE::open(int, int, void*)
                0x00000000c0023ef4                IDE::readBuffer(unsigned char, unsigned char, unsigned int, unsigned int)
                0x00000000c0023fc0                IDE::detect()
                0x00000000c00242a8                IDE::printError(unsigned char, unsigned char, unsigned char)
                0x00000000c002443e                IDE::polling(unsigned char, unsigned int)
 .text          0x00000000c00244a4      0x390 hw/diskctrl/satabus.32
                0x00000000c00244a4                SATABus::close(int, int, void*)
                0x00000000c00244a8                SATABus::detect()
                0x00000000c00244aa                SATABus::SATABus()
                0x00000000c00244aa                SATABus::SATABus()
                0x00000000c0024556                SATABus::findCmdslot(SATABus::tagHBA_PORT volatile*)
                0x00000000c002459e                SATABus::checkType(SATABus::tagHBA_PORT volatile*)
                0x00000000c00245e6                SATABus::startCmd(SATABus::tagHBA_PORT volatile*)
                0x00000000c0024606                SATABus::stopCmd(SATABus::tagHBA_PORT volatile*)
                0x00000000c0024630                SATABus::portRebase(SATABus::tagHBA_PORT volatile*, int)
                0x00000000c0024736                SATABus::probePort(SATABus::tagHBA_MEM volatile*)
                0x00000000c0024814                SATABus::open(int, int, void*)
 .text          0x00000000c0024834      0x604 hw/diskphys/ata.32
                0x00000000c0024834                ATA::close(int, int, void*)
                0x00000000c0024858                ATA::powerSaving(PowerSavingLevel)
                0x00000000c002485a                ATA::ATA()
                0x00000000c002485a                ATA::ATA()
                0x00000000c0024888                ATA::flush(bool)
                0x00000000c00248d2                ATA::readyForCommand()
                0x00000000c0024922                ATA::access(unsigned long long, int, void*, bool)
                0x00000000c0024caa                ATA::read(unsigned long long, int, void*)
                0x00000000c0024cf6                ATA::write(unsigned long long, int, void*)
                0x00000000c0024d42                ATA::detectCHS()
                0x00000000c0024d6c                ATA::open(int, int, void*)
 .text          0x00000000c0024e38      0x5bd hw/diskphys/atapi.32
                0x00000000c0024e38                ATAPI::write(unsigned long long, int, void*)
                0x00000000c0024e3e                ATAPI::close(int, int, void*)
                0x00000000c0024e62                ATAPI::ATAPI()
                0x00000000c0024e62                ATAPI::ATAPI()
                0x00000000c0024e90                ATAPI::readyForCommand()
                0x00000000c0024ee0                ATAPI::sendPacket(unsigned char*, int, bool, unsigned short*, int)
                0x00000000c00251a0                ATAPI::diskRemoved()
                0x00000000c00251bc                ATAPI::eject()
                0x00000000c0025204                ATAPI::diskInserted()
                0x00000000c0025232                ATAPI::detectMedia()
                0x00000000c00252ee                ATAPI::open(int, int, void*)
                0x00000000c0025376                ATAPI::read(unsigned long long, int, void*)
 *fill*         0x00000000c00253f5        0x1 
 .text          0x00000000c00253f6      0x41c hw/diskphys/sata.32
                0x00000000c00253f6                SATA::close(int, int, void*)
                0x00000000c002541a                SATA::powerSaving(PowerSavingLevel)
                0x00000000c002541c                SATA::open(int, int, void*)
                0x00000000c00254c6                SATA::SATA()
                0x00000000c00254c6                SATA::SATA()
                0x00000000c00254f4                SATA::access(unsigned long long, int, void*, bool)
                0x00000000c002575a                SATA::read(unsigned long long, int, void*)
                0x00000000c00257a6                SATA::write(unsigned long long, int, void*)
 .text          0x00000000c0025812      0x4fe hw/diskphys/satapi.32
                0x00000000c0025812                SATAPI::write(unsigned long long, int, void*)
                0x00000000c0025818                SATAPI::close(int, int, void*)
                0x00000000c002583c                SATAPI::SATAPI()
                0x00000000c002583c                SATAPI::SATAPI()
                0x00000000c002586a                SATAPI::diskRemoved()
                0x00000000c0025886                SATAPI::diskInserted()
                0x00000000c00258b4                SATAPI::sendPacket(unsigned char*, int, unsigned long long, unsigned short*, int)
                0x00000000c0025abc                SATAPI::eject()
                0x00000000c0025b04                SATAPI::detectMedia()
                0x00000000c0025bc6                SATAPI::open(int, int, void*)
                0x00000000c0025c6e                SATAPI::read(unsigned long long, int, void*)
 .text          0x00000000c0025d10       0x8e hw/fpu/avx.32
                0x00000000c0025d10                AVX::open(int, int, void*)
                0x00000000c0025d22                AVX::close(int, int, void*)
                0x00000000c0025d34                AVX::available()
                0x00000000c0025d46                AVX::save(void*)
                0x00000000c0025d5e                AVX::load(void*)
                0x00000000c0025d76                AVX::AVX()
                0x00000000c0025d76                AVX::AVX()
 .text          0x00000000c0025d9e       0x90 hw/fpu/mmx.32
                0x00000000c0025d9e                MMX::available()
                0x00000000c0025db2                MMX::open(int, int, void*)
                0x00000000c0025dc4                MMX::close(int, int, void*)
                0x00000000c0025dd6                MMX::save(void*)
                0x00000000c0025dee                MMX::load(void*)
                0x00000000c0025e06                MMX::MMX()
                0x00000000c0025e06                MMX::MMX()
 .text          0x00000000c0025e2e       0x96 hw/fpu/sse.32
                0x00000000c0025e2e                SSE::open(int, int, void*)
                0x00000000c0025e40                SSE::close(int, int, void*)
                0x00000000c0025e52                SSE::available()
                0x00000000c0025e6c                SSE::save(void*)
                0x00000000c0025e84                SSE::load(void*)
                0x00000000c0025e9c                SSE::SSE()
                0x00000000c0025e9c                SSE::SSE()
 .text          0x00000000c0025ec4       0x8e hw/fpu/x87.32
                0x00000000c0025ec4                x87::open(int, int, void*)
                0x00000000c0025ed6                x87::close(int, int, void*)
                0x00000000c0025ee8                x87::available()
                0x00000000c0025efa                x87::save(void*)
                0x00000000c0025f12                x87::load(void*)
                0x00000000c0025f2a                x87::x87()
                0x00000000c0025f2a                x87::x87()
 .text          0x00000000c0025f52      0x71e hw/intctrl/apic.32
                0x00000000c0025f52                APIC::disable()
                0x00000000c0025f54                APIC::close(int, int, void*)
                0x00000000c0025f76                IOAPIC::close(int, int, void*)
                0x00000000c0025f7c                APIC::io_wait()
                0x00000000c0025f82                APIC::getBase()
                0x00000000c0025fc4                APIC::eoi(unsigned char)
                0x00000000c0025ff2                APIC::open(int, int, void*)
                0x00000000c0026140                IOAPIC::IOAPIC()
                0x00000000c0026140                IOAPIC::IOAPIC()
                0x00000000c0026168                APIC::APIC()
                0x00000000c0026168                APIC::APIC()
                0x00000000c0026244                IOAPIC::handlesGSIWithNumber(unsigned int)
                0x00000000c0026276                IOAPIC::read(int)
                0x00000000c002629e                IOAPIC::open(int, int, void*)
                0x00000000c0026394                IOAPIC::write(int, int)
                0x00000000c00263c0                IOAPIC::redirect(unsigned char, unsigned long long, unsigned char, bool, bool)
                0x00000000c00264ba                APIC::installIRQHandler(int, void (*)(regs*, void*), bool, void*)
 .text          0x00000000c0026670      0x3d3 hw/intctrl/pic.32
                0x00000000c0026670                PIC::disable()
                0x00000000c002669e                PIC::close(int, int, void*)
                0x00000000c00266c0                PIC::PIC()
                0x00000000c00266c0                PIC::PIC()
                0x00000000c0026796                PIC::ioWait()
                0x00000000c002679c                PIC::getIRQReg(int)
                0x00000000c0026806                PIC::eoi(unsigned char)
                0x00000000c0026898                PIC::remap()
                0x00000000c0026a04                PIC::open(int, int, void*)
 *fill*         0x00000000c0026a43        0x1 
 .text          0x00000000c0026a44      0x25e hw/timer/apictimer.32
                0x00000000c0026a44                APICTimer::close(int, int, void*)
                0x00000000c0026a4a                apicTimerHandler(regs*, void*)
                0x00000000c0026a78                APICTimer::write(int)
                0x00000000c0026b7c                APICTimer::open(int, int, void*)
                0x00000000c0026c7a                APICTimer::APICTimer()
                0x00000000c0026c7a                APICTimer::APICTimer()
 .text          0x00000000c0026ca2      0x1a7 hw/timer/pit.32
                0x00000000c0026ca2                PIT::write(int)
                0x00000000c0026d20                pitHandler(regs*, void*)
                0x00000000c0026d4c                PIT::open(int, int, void*)
                0x00000000c0026d9a                PIT::close(int, int, void*)
                0x00000000c0026dca                PIT::PIT()
                0x00000000c0026dca                PIT::PIT()
 *fill*         0x00000000c0026e49        0x7 
 .text          0x00000000c0026e50       0x1e hw/fpu/x86/avx.32
                0x00000000c0026e50                avxDetect
                0x00000000c0026e56                avxSave
                0x00000000c0026e57                avxLoad
                0x00000000c0026e58                avxInit
                0x00000000c0026e59                avxClose
                0x00000000c0026e5a                wouldSheSayYes
 *fill*         0x00000000c0026e6e        0x2 
 .text          0x00000000c0026e70       0x35 hw/fpu/x86/sse.32
                0x00000000c0026e70                absolutelyNoChanceInHell
                0x00000000c0026e70                sseDetect
                0x00000000c0026e88                sseSave
                0x00000000c0026e8e                sseLoad
                0x00000000c0026e94                sseInit
                0x00000000c0026ea4                sseClose
 *fill*         0x00000000c0026ea5        0xb 
 .text          0x00000000c0026eb0       0x4d hw/fpu/x86/x87.32
                0x00000000c0026eb6                x87Detect
                0x00000000c0026ed1                x87Save
                0x00000000c0026eda                x87Load
                0x00000000c0026ee2                x87Init
                0x00000000c0026efc                x87Close
 *fill*         0x00000000c0026efd        0x3 
 .text          0x00000000c0026f00       0x25 /cygdrive/d/Users/Alex/Desktop/Toolchain/Output/bin/../lib/gcc/i386-banana/8.1.0/crtend.o
 .text          0x00000000c0026f25        0x0 crtn.32
 *fill*         0x00000000c0026f25        0x3 
 .text          0x00000000c0026f28      0x14b /cygdrive/d/Users/Alex/Desktop/Toolchain/Output/bin/../lib/gcc/i386-banana/8.1.0/libkgcc.a(_divdi3.o)
                0x00000000c0026f28                __divdi3
 *fill*         0x00000000c0027073        0x1 
 .text          0x00000000c0027074      0x17e /cygdrive/d/Users/Alex/Desktop/Toolchain/Output/bin/../lib/gcc/i386-banana/8.1.0/libkgcc.a(_moddi3.o)
                0x00000000c0027074                __moddi3
 *fill*         0x00000000c00271f2        0x2 
 .text          0x00000000c00271f4       0xff /cygdrive/d/Users/Alex/Desktop/Toolchain/Output/bin/../lib/gcc/i386-banana/8.1.0/libkgcc.a(_udivdi3.o)
                0x00000000c00271f4                __udivdi3
 *fill*         0x00000000c00272f3        0x1 
 .text          0x00000000c00272f4      0x11a /cygdrive/d/Users/Alex/Desktop/Toolchain/Output/bin/../lib/gcc/i386-banana/8.1.0/libkgcc.a(_umoddi3.o)
                0x00000000c00272f4                __umoddi3
 .text          0x00000000c002740e      0x96d D:/Users/Alex/Desktop/Banana/kernel/libsoftfp.a(sfieeelib.o)
                0x00000000c002740e                __addsf3
                0x00000000c0027710                __subsf3
                0x00000000c0027724                __negsf2
                0x00000000c0027731                __mulsf3
                0x00000000c00278f4                __divsf3
                0x00000000c0027b1f                __floatsisf
                0x00000000c0027b93                __floatunsisf
                0x00000000c0027bd5                __fixsfsi
                0x00000000c0027c37                __fixunssfsi
                0x00000000c0027c68                __cmpsf2
                0x00000000c0027cfd                __eqsf2
                0x00000000c0027d38                __nesf2