Archive member included to satisfy reference by file (symbol)

/cygdrive/d/Users/Alex/Desktop/Toolchain/Output/bin/../lib/gcc/i386-banana/8.1.0/libkgcc.a(_divdi3.o)
                              krnl/resolve.32 (__divdi3)
/cygdrive/d/Users/Alex/Desktop/Toolchain/Output/bin/../lib/gcc/i386-banana/8.1.0/libkgcc.a(_moddi3.o)
                              krnl/resolve.32 (__moddi3)
/cygdrive/d/Users/Alex/Desktop/Toolchain/Output/bin/../lib/gcc/i386-banana/8.1.0/libkgcc.a(_udivdi3.o)
                              hal/clock.32 (__udivdi3)
/cygdrive/d/Users/Alex/Desktop/Toolchain/Output/bin/../lib/gcc/i386-banana/8.1.0/libkgcc.a(_umoddi3.o)
                              hal/clock.32 (__umoddi3)

Allocating common symbols
Common symbol       size              file

dcache              0x40              fs/iso9660/iso9660.32
cdDriveLetter       0x1               fs/iso9660/iso9660.32
icache              0x40              fs/iso9660/iso9660.32

Discarded input sections

 .comment       0x0000000000000000       0x12 /cygdrive/d/Users/Alex/Desktop/Toolchain/Output/bin/../lib/gcc/i386-banana/8.1.0/crtbegin.o
 .comment       0x0000000000000000       0x12 acpica/utclib.32
 .comment       0x0000000000000000       0x12 krnl/malloc.32
 .comment       0x0000000000000000       0x12 libk/ctype.32
 .comment       0x0000000000000000       0x12 libk/string.32
 .comment       0x0000000000000000       0x12 arch/i386/cc.32
 .comment       0x0000000000000000       0x12 fs/fat/diskio.32
 .comment       0x0000000000000000       0x12 fs/fat/ff.32
 .comment       0x0000000000000000       0x12 fs/fat/ffsystem.32
 .comment       0x0000000000000000       0x12 fs/fat/ffunicode.32
 .comment       0x0000000000000000       0x12 fs/iso9660/iso9660.32
 .comment       0x0000000000000000       0x12 dbg/kconsole.32
 .comment       0x0000000000000000       0x12 dbg/usban.32
 .comment       0x0000000000000000       0x12 fs/symlink.32
 .group         0x0000000000000000        0xc fs/vfs.32
 .group         0x0000000000000000        0xc fs/vfs.32
 .group         0x0000000000000000        0xc fs/vfs.32
 .comment       0x0000000000000000       0x12 fs/vfs.32
 .group         0x0000000000000000        0xc hal/bus.32
 .comment       0x0000000000000000       0x12 hal/bus.32
 .comment       0x0000000000000000       0x12 hal/buzzer.32
 .group         0x0000000000000000        0xc hal/clock.32
 .comment       0x0000000000000000       0x12 hal/clock.32
 .group         0x0000000000000000       0x14 hal/device.32
 .group         0x0000000000000000        0xc hal/device.32
 .group         0x0000000000000000        0x8 hal/device.32
 .group         0x0000000000000000        0xc hal/device.32
 .group         0x0000000000000000        0xc hal/device.32
 .comment       0x0000000000000000       0x12 hal/device.32
 .group         0x0000000000000000        0xc hal/diskctrl.32
 .comment       0x0000000000000000       0x12 hal/diskctrl.32
 .group         0x0000000000000000        0xc hal/diskphys.32
 .comment       0x0000000000000000       0x12 hal/diskphys.32
 .comment       0x0000000000000000       0x12 hal/fpu.32
 .comment       0x0000000000000000       0x12 hal/intctrl.32
 .group         0x0000000000000000        0xc hal/keybrd.32
 .comment       0x0000000000000000       0x12 hal/keybrd.32
 .group         0x0000000000000000        0xc hal/logidisk.32
 .comment       0x0000000000000000       0x12 hal/logidisk.32
 .group         0x0000000000000000        0xc hal/mouse.32
 .comment       0x0000000000000000       0x12 hal/mouse.32
 .group         0x0000000000000000        0xc hal/nic.32
 .comment       0x0000000000000000       0x12 hal/nic.32
 .comment       0x0000000000000000       0x12 hal/partition.32
 .group         0x0000000000000000        0xc hal/serial.32
 .comment       0x0000000000000000       0x12 hal/serial.32
 .group         0x0000000000000000        0x8 hal/timer.32
 .group         0x0000000000000000        0x8 hal/timer.32
 .group         0x0000000000000000        0xc hal/timer.32
 .group         0x0000000000000000        0xc hal/timer.32
 .group         0x0000000000000000        0xc hal/timer.32
 .comment       0x0000000000000000       0x12 hal/timer.32
 .group         0x0000000000000000        0xc hal/vcache.32
 .comment       0x0000000000000000       0x12 hal/vcache.32
 .group         0x0000000000000000        0xc hal/video.32
 .comment       0x0000000000000000       0x12 hal/video.32
 .group         0x0000000000000000       0x14 hw/acpi.32
 .group         0x0000000000000000        0x8 hw/acpi.32
 .group         0x0000000000000000        0x8 hw/acpi.32
 .group         0x0000000000000000        0x8 hw/acpi.32
 .group         0x0000000000000000        0xc hw/acpi.32
 .group         0x0000000000000000        0xc hw/acpi.32
 .comment       0x0000000000000000       0x12 hw/acpi.32
 .group         0x0000000000000000       0x14 hw/cpu.32
 .group         0x0000000000000000        0xc hw/cpu.32
 .comment       0x0000000000000000       0x12 hw/cpu.32
[...]
Memory Configuration

Name             Origin             Length             Attributes
*default*        0x0000000000000000 0xffffffffffffffff

Linker script and memory map

LOAD D:/Users/Alex/Desktop/Banana/kernel/boot.32
LOAD crti.32
LOAD /cygdrive/d/Users/Alex/Desktop/Toolchain/Output/bin/../lib/gcc/i386-banana/8.1.0/crtbegin.o
LOAD D:/Users/Alex/Desktop/Banana/kernel/morenasm.32
LOAD acpica/utclib.32
LOAD krnl/malloc.32
LOAD libk/ctype.32
LOAD libk/string.32
LOAD arch/i386/cc.32
LOAD fs/fat/diskio.32
LOAD fs/fat/ff.32
LOAD fs/fat/ffsystem.32
LOAD fs/fat/ffunicode.32
LOAD fs/iso9660/iso9660.32
LOAD dbg/kconsole.32
LOAD dbg/usban.32
LOAD fs/symlink.32
LOAD fs/vfs.32
LOAD hal/bus.32
LOAD hal/buzzer.32
LOAD hal/clock.32
LOAD hal/device.32
LOAD hal/diskctrl.32
LOAD hal/diskphys.32
LOAD hal/fpu.32
LOAD hal/intctrl.32
LOAD hal/keybrd.32
LOAD hal/logidisk.32
LOAD hal/mouse.32
LOAD hal/nic.32
LOAD hal/partition.32
LOAD hal/serial.32
LOAD hal/timer.32
LOAD hal/vcache.32
LOAD hal/video.32
LOAD hw/acpi.32
LOAD hw/cpu.32
LOAD krnl/atexit.32
LOAD krnl/bootmsg.32
LOAD krnl/c++.32
LOAD krnl/cdefs.32
LOAD krnl/compat.32
LOAD krnl/computer.32
LOAD krnl/crc32.32
LOAD krnl/env.32
LOAD krnl/gdt.32
LOAD krnl/idle.32
LOAD krnl/idt.32
LOAD krnl/inlines.32
LOAD krnl/kheap.32
LOAD krnl/mailbox.32
LOAD krnl/main.32
LOAD krnl/mutex.32
LOAD krnl/panic.32
LOAD krnl/physmgr.32
LOAD krnl/pipe.32
LOAD krnl/powctrl.32
LOAD krnl/random.32
LOAD krnl/resolve.32
LOAD krnl/semaphore.32
LOAD krnl/signal.32
LOAD krnl/syscalls.32
LOAD krnl/terminal.32
LOAD krnl/tss.32
LOAD krnl/unixfile.32
LOAD krnl/virtmgr.32
LOAD reg/cm.32
LOAD reg/registry.32
LOAD sys/eject.32
LOAD sys/exit.32
LOAD sys/getcwd.32
LOAD sys/getpid.32
LOAD sys/getramdata.32
LOAD sys/getvgaptr.32
LOAD sys/kill.32
LOAD sys/loaddll.32
LOAD sys/read.32
LOAD sys/registersignal.32
LOAD sys/registry.32
LOAD sys/sbrk.32
LOAD sys/setcwd.32
LOAD sys/settime.32
LOAD sys/symlink.32
LOAD sys/timezone.32
LOAD sys/truncate.32
LOAD sys/write.32
LOAD sys/wsbe.32
LOAD sys/yield.32
LOAD thr/elf.32
LOAD thr/exec.32
LOAD thr/prcssthr.32
LOAD vm86/vm8086.32
LOAD arch/i386/hal.32
LOAD arch/i386/pic.32
LOAD arch/i386/rtc.32
LOAD arch/i386/vga.32
LOAD fs/fat/vfslink.32
LOAD fs/iso9660/helper.32
LOAD fs/iso9660/vfslink.32
LOAD hal/sound/sndcard.32
LOAD hal/sound/sndport.32
LOAD hw/bus/isa.32
LOAD hw/bus/pci.32
LOAD hw/diskctrl/ide.32
LOAD hw/diskctrl/satabus.32
LOAD hw/diskphys/ata.32
LOAD hw/diskphys/atapi.32
LOAD hw/diskphys/sata.32
LOAD hw/diskphys/satapi.32
LOAD hw/intctrl/apic.32
LOAD hw/timer/apictimer.32
LOAD hw/timer/pit.32
LOAD arch/i386/avx.32
LOAD arch/i386/interrupt.32
LOAD arch/i386/rdrand.32
LOAD arch/i386/sse.32
LOAD arch/i386/x87.32
LOAD /cygdrive/d/Users/Alex/Desktop/Toolchain/Output/bin/../lib/gcc/i386-banana/8.1.0/crtend.o
LOAD crtn.32
LOAD /cygdrive/d/Users/Alex/Desktop/Toolchain/Output/bin/../lib/gcc/i386-banana/8.1.0/libkgcc.a
LOAD D:/Users/Alex/Desktop/Banana/kernel/libsoftfp.a
LOAD D:/Users/Alex/Desktop/Banana/kernel/libk/libm32.a
                0x00000000c0000000                . = 0xc0000000

.text           0x00000000c0000000    0x2062a
 *(.text)
 .text          0x00000000c0000000       0x20 D:/Users/Alex/Desktop/Banana/kernel/boot.32
 .text          0x00000000c0000020        0x0 crti.32
 .text          0x00000000c0000020      0x101 /cygdrive/d/Users/Alex/Desktop/Toolchain/Output/bin/../lib/gcc/i386-banana/8.1.0/crtbegin.o
 *fill*         0x00000000c0000121        0xf 
 .text          0x00000000c0000130      0x24f D:/Users/Alex/Desktop/Banana/kernel/morenasm.32
                0x00000000c0000130                manualPCIProbe
                0x00000000c000017b                prepareTramp
                0x00000000c0000194                doTPAUSE
                0x00000000c000019e                hasLegacyFPU
                0x00000000c00001c3                is486
                0x00000000c00001f9                detectCPUID
                0x00000000c000020f                goToVM86
                0x00000000c000023f                goToUsermode
                0x00000000c0000269                switchToThreadASMFirstTime
                0x00000000c0000277                switchToThreadASM
                0x00000000c00002fc                asmQuickAcquireLock
                0x00000000c000031a                asmQuickReleaseLock
                0x00000000c0000326                asmAcquireLock
                0x00000000c0000347                asmReleaseLock
                0x00000000c000035a                loadGDT
                0x00000000c000037a                memcpy
 *fill*         0x00000000c000037f        0x1 
 .text          0x00000000c0000380      0x868 acpica/utclib.32
                0x00000000c0000380                memcmp
                0x00000000c00003d0                memmove
                0x00000000c00004f0                memset
                0x00000000c0000570                strlen
                0x00000000c00005a0                strpbrk
                0x00000000c00005f0                strtok
                0x00000000c0000640                strcpy
                0x00000000c0000680                strncpy
                0x00000000c0000750                strcmp
                0x00000000c00007a0                strchr
                0x00000000c00007e0                strncmp
                0x00000000c0000840                strcat
                0x00000000c0000870                strncat
                0x00000000c00008d0                strstr
                0x00000000c0000930                toupper
                0x00000000c0000950                tolower
                0x00000000c0000970                simple_strtoul
 .text          0x00000000c0000be8     0x1140 krnl/malloc.32
                0x00000000c0000d53                dlfree
                0x00000000c000121a                dlmalloc
                0x00000000c0001757                dlrealloc
                0x00000000c0001934                dlmemalign
                0x00000000c0001a57                dlcalloc
                0x00000000c0001ae8                dlcfree
                0x00000000c0001aed                dlindependent_calloc
                0x00000000c0001b12                dlindependent_comalloc
                0x00000000c0001b29                dlvalloc
                0x00000000c0001b54                dlpvalloc
                0x00000000c0001b8a                dlmalloc_trim
                0x00000000c0001b97                dlmalloc_usable_size
                0x00000000c0001bc8                dlmallinfo
                0x00000000c0001c97                dlmalloc_stats
                0x00000000c0001ca8                dlmallopt
 .text          0x00000000c0001d28      0x1f2 libk/ctype.32
                0x00000000c0001d28                isblank
                0x00000000c0001d48                iscntrl
                0x00000000c0001d68                isdigit
                0x00000000c0001d84                islower
                0x00000000c0001da0                isspace
                0x00000000c0001dc8                isupper
                0x00000000c0001de4                isalpha
                0x00000000c0001e14                isalnum
                0x00000000c0001e44                ispunct
                0x00000000c0001e84                isgraph
                0x00000000c0001eb4                isprint
                0x00000000c0001edc                isxdigit
 .text          0x00000000c0001f1a        0x0 libk/string.32
 *fill*         0x00000000c0001f1a        0x2 
 .text          0x00000000c0001f1c       0x53 arch/i386/cc.32
                0x00000000c0001f1c                LWIP_PLATFORM_HTONS
                0x00000000c0001f40                LWIP_PLATFORM_HTONL
 .text          0x00000000c0001f6f       0x51 fs/fat/diskio.32
                0x00000000c0001f6f                disk_status
                0x00000000c0001f72                disk_initialize
                0x00000000c0001f75                disk_read
                0x00000000c0001f8b                disk_write
                0x00000000c0001fa1                disk_ioctl
 .text          0x00000000c0001fc0     0x3e46 fs/fat/ff.32
                0x00000000c0003de1                f_mount
                0x00000000c0003e43                f_open
                0x00000000c0004106                f_read
                0x00000000c0004305                f_write
                0x00000000c000454d                f_sync
                0x00000000c0004612                f_close
                0x00000000c0004641                f_lseek
                0x00000000c00047f2                f_opendir
                0x00000000c00048bd                f_closedir
                0x00000000c00048df                f_readdir
                0x00000000c0004971                f_stat
                0x00000000c00049f0                f_getfree
                0x00000000c0004af9                f_truncate
                0x00000000c0004be3                f_unlink
                0x00000000c0004d05                f_mkdir
                0x00000000c0004ea0                f_rename
                0x00000000c0005058                f_chmod
                0x00000000c0005108                f_utime
                0x00000000c00051b8                f_getlabel
                0x00000000c0005309                f_setlabel
                0x00000000c0005499                f_expand
                0x00000000c0005606                f_mkfs
 *fill*         0x00000000c0005e06        0x2 
 .text          0x00000000c0005e08       0x2f fs/fat/ffsystem.32
                0x00000000c0005e08                ff_memalloc
                0x00000000c0005e20                ff_memfree
 *fill*         0x00000000c0005e37        0x1 
 .text          0x00000000c0005e38      0x2dc fs/fat/ffunicode.32
                0x00000000c0005e38                ff_uni2oem
                0x00000000c0005ed8                ff_oem2uni
                0x00000000c0005f50                ff_wtoupper
 .text          0x00000000c0006114      0xd32 fs/iso9660/iso9660.32
                0x00000000c000635f                isoReadDiscSector
                0x00000000c00063fa                strnicmp
                0x00000000c00066a9                stricmp
                0x00000000c00066f5                iso_open
                0x00000000c000677f                iso_close
                0x00000000c000679d                iso_read
                0x00000000c00068b3                iso_seek
                0x00000000c0006937                iso_tell
                0x00000000c0006968                iso_total
                0x00000000c0006993                fn_postprocess
                0x00000000c00069ba                iso_readdir
                0x00000000c0006c11                iso_reset
                0x00000000c0006c2e                init_percd
                0x00000000c0006d28                iso_ioctl
                0x00000000c0006d40                fs_iso9660_init
                0x00000000c0006dd6                fs_iso9660_shutdown
 .text          0x00000000c0006e46      0x254 dbg/kconsole.32
                0x00000000c0006e46                Dbg::stringifyxWithBase(unsigned int, char*, int)
                0x00000000c0006ee6                Dbg::logc(char)
                0x00000000c0006f06                Dbg::logs(char*)
                0x00000000c0006f25                Dbg::logWriteInt(unsigned int)
                0x00000000c0006f43                Dbg::logWriteIntBase(unsigned int, int)
                0x00000000c0006f64                Dbg::kprintf(char const*, ...)
 *fill*         0x00000000c000709a        0x2 
 .text          0x00000000c000709c      0x2d4 dbg/usban.32
                0x00000000c000709c                KiUbsanPrintDetails(char const*, void*)
                0x00000000c0007108                __ubsan_handle_type_mismatch_v1
                0x00000000c00071e4                __ubsan_handle_pointer_overflow
                0x00000000c0007210                __ubsan_handle_out_of_bounds
                0x00000000c000723c                __ubsan_handle_add_overflow
                0x00000000c0007268                __ubsan_handle_load_invalid_value
                0x00000000c0007294                __ubsan_handle_divrem_overflow
                0x00000000c00072c0                __ubsan_handle_mul_overflow
                0x00000000c00072ec                __ubsan_handle_sub_overflow
                0x00000000c0007318                __ubsan_handle_shift_out_of_bounds
                0x00000000c0007344                __ubsan_handle_negate_overflow
 .text          0x00000000c0007370      0x814 fs/symlink.32
                0x00000000c00074bf                KiDeinitialiseSymlinks(void*)
                0x00000000c0007552                KeRegisterSymlink(char const*, unsigned long long)
                0x00000000c00075d5                KeInitialiseSymlinks()
                0x00000000c0007737                KiIsSymlinkRegistered(char const*)
                0x00000000c00078a1                KeDereferenceSymlink(char const*, char*)
                0x00000000c0007a48                KeCreateSymlink(char const*, char const*)
 .text          0x00000000c0007b84      0xd68 fs/vfs.32
                0x00000000c0007b84                File::read(unsigned long long, void*, int*)
                0x00000000c0007bdc                File::write(unsigned long long, void*, int*)
                0x00000000c0007c34                Directory::read(unsigned long long, void*, int*)
                0x00000000c0007c8c                Directory::write(unsigned long long, void*, int*)
                0x00000000c0007cba                File::isAtty()
                0x00000000c0007cbe                Directory::isAtty()
                0x00000000c0007cc2                Filesystem::getlabel(LogicalDisk*, int, char*, unsigned int*)
                0x00000000c0007cc8                Filesystem::setlabel(LogicalDisk*, int, char*)
                0x00000000c0007cce                Filesystem::allocateSwapfile(char const*, int)
                0x00000000c0007cd4                File::~File()
                0x00000000c0007cd4                File::~File()
                0x00000000c0007cf8                File::~File()
                0x00000000c0007d22                Directory::~Directory()
                0x00000000c0007d22                Directory::~Directory()
                0x00000000c0007d46                Directory::~Directory()
                0x00000000c0007d70                Filesystem::Filesystem()
                0x00000000c0007d70                Filesystem::Filesystem()
                0x00000000c0007d94                Filesystem::~Filesystem()
                0x00000000c0007d94                Filesystem::~Filesystem()
                0x00000000c0007da2                Filesystem::~Filesystem()
                0x00000000c0007dc6                Fs::getcwd(Process*, char*, int)
                0x00000000c0007df0                Fs::initVFS()
                0x00000000c0007e1a                Fs::standardiseFiles(char*, char const*, char const*, bool)
                0x00000000c0008034                File::File(char const*, Process*, bool)
                0x00000000c0008034                File::File(char const*, Process*, bool)
                0x00000000c0008112                File::File(char const*, Process*)
                0x00000000c0008112                File::File(char const*, Process*)
                0x00000000c0008130                File::open(FileOpenMode)
                0x00000000c000818e                File::close()
                0x00000000c00081ee                File::seek(unsigned long long)
                0x00000000c0008244                File::truncate(unsigned long long)
                0x00000000c000829a                File::tell(unsigned long long*)
                0x00000000c00082ea                File::rewind()
                0x00000000c00082fe                File::unlink()
                0x00000000c000834a                File::rename(char const*)
                0x00000000c0008398                File::chfatattr(unsigned char, unsigned char)
                0x00000000c00083f4                File::exists()
                0x00000000c0008432                File::stat(unsigned long long*, bool*)
                0x00000000c0008493                Fs::setcwd(Process*, char*)
                0x00000000c00085f2                Directory::Directory(char const*, Process*)
                0x00000000c00085f2                Directory::Directory(char const*, Process*)
                0x00000000c00086ba                Directory::open()
                0x00000000c0008716                Directory::close()
                0x00000000c0008776                Directory::unlink()
                0x00000000c00087c2                Directory::rename(char const*)
                0x00000000c0008810                Directory::exists()
                0x00000000c000884e                Directory::read(dirent*)
                0x00000000c000889a                Directory::create()
                0x00000000c00088e6                Filesystem::chfatattr(char const*, unsigned char, unsigned char)
 .text          0x00000000c00088ec       0x86 hal/bus.32
                0x00000000c00088ec                Bus::Bus(char const*)
                0x00000000c00088ec                Bus::Bus(char const*)
                0x00000000c0008924                Bus::~Bus()
                0x00000000c0008924                Bus::~Bus()
                0x00000000c0008948                Bus::~Bus()
 .text          0x00000000c0008972       0x96 hal/buzzer.32
                0x00000000c0008972                beepThread(void*)
                0x00000000c00089af                Krnl::beep(int, int, bool)
 .text          0x00000000c0008a08      0x513 hal/clock.32
                0x00000000c0008a08                User::loadClockSettings()
                0x00000000c0008b0e                Clock::Clock(char const*)
                0x00000000c0008b0e                Clock::Clock(char const*)
                0x00000000c0008b44                Clock::~Clock()
                0x00000000c0008b44                Clock::~Clock()
                0x00000000c0008b68                Clock::~Clock()
                0x00000000c0008b92                Clock::timeInSecondsLocal()
                0x00000000c0008bda                Clock::setTimeInSecondsLocal(unsigned long long)
                0x00000000c0008c33                datetimeToSeconds(datetime_t)
                0x00000000c0008d52                Clock::setTimeInDatetimeLocal(datetime_t)
                0x00000000c0008db2                secondsToDatetime(unsigned long long)
                0x00000000c0008ef6                Clock::timeInDatetimeLocal()
 *fill*         0x00000000c0008f1b        0x1 
 .text          0x00000000c0008f1c      0x47a hal/device.32
                0x00000000c0008f1c                Device::hibernate()
                0x00000000c0008f1e                Device::wake()
                0x00000000c0008f20                Device::detect()
                0x00000000c0008f22                Device::disableLegacy()
                0x00000000c0008f24                Device::powerSaving(PowerSavingLevel)
                0x00000000c0008f26                DriverlessDevice::close(int, int, void*)
                0x00000000c0008f2a                DriverlessDevice::detect()
                0x00000000c0008f2c                DriverlessDevice::open(int, int, void*)
                0x00000000c0008f40                Device::~Device()
                0x00000000c0008f40                Device::~Device()
                0x00000000c0008f4e                Device::~Device()
                0x00000000c0008f76                Device::findAndLoadDriver()
                0x00000000c0008f84                Device::preOpenPCI(PCIDeviceInfo)
                0x00000000c0008faa                Device::preOpenACPI(void*, char*, char*)
                0x00000000c0008fea                Device::addIRQHandler(int, void (*)(regs*, void*), bool, void*)
                0x00000000c0009014                Device::getParent()
                0x00000000c0009020                Device::removeIRQHandler(int, void (*)(regs*, void*), bool)
                0x00000000c000903e                Device::addChild(Device*)
                0x00000000c0009082                Device::removeAllChildren()
                0x00000000c00090c8                Device::hibernateAll()
                0x00000000c00090f8                Device::wakeAll()
                0x00000000c0009128                Device::detectAll()
                0x00000000c0009158                Device::disableLegacyAll()
                0x00000000c000915a                Device::loadDriversForAll()
                0x00000000c000915c                Device::powerSavingAll(PowerSavingLevel)
                0x00000000c0009192                Device::setName(char const*)
                0x00000000c00091a0                Device::Device(char const*)
                0x00000000c00091a0                Device::Device(char const*)
                0x00000000c000929c                Device::getName()
                0x00000000c00092a6                Device::closeAll()
                0x00000000c00092f2                DriverlessDevice::DriverlessDevice(char const*)
                0x00000000c00092f2                DriverlessDevice::DriverlessDevice(char const*)
                0x00000000c0009328                Device::addToLinkedList(LinkedList<Device>&, DeviceType)
                0x00000000c000936c                getDevicesOfType(DeviceType)
 *fill*         0x00000000c0009396        0x2 
 .text          0x00000000c0009398       0x86 hal/diskctrl.32
                0x00000000c0009398                HardDiskController::HardDiskController(char const*)
                0x00000000c0009398                HardDiskController::HardDiskController(char const*)
                0x00000000c00093d0                HardDiskController::~HardDiskController()
                0x00000000c00093d0                HardDiskController::~HardDiskController()
                0x00000000c00093f4                HardDiskController::~HardDiskController()
 .text          0x00000000c000941e       0xe2 hal/diskphys.32
                0x00000000c000941e                PhysicalDisk::eject()
                0x00000000c0009422                PhysicalDisk::PhysicalDisk(char const*, int)
                0x00000000c0009422                PhysicalDisk::PhysicalDisk(char const*, int)
                0x00000000c000948a                PhysicalDisk::startCache()
                0x00000000c00094b2                PhysicalDisk::~PhysicalDisk()
                0x00000000c00094b2                PhysicalDisk::~PhysicalDisk()
                0x00000000c00094d6                PhysicalDisk::~PhysicalDisk()
 .text          0x00000000c0009500        0x0 hal/fpu.32
 .text          0x00000000c0009500      0x359 hal/intctrl.32
                0x00000000c0009500                int_handler
                0x00000000c000958a                installISRHandler(int, void (*)(regs*, void*), void*)
                0x00000000c00095d4                installIRQHandler(int, void (*)(regs*, void*), bool, void*)
                0x00000000c0009708                uninstallISRHandler(int, void (*)(regs*, void*))
                0x00000000c000973c                uninstallIRQHandler(int, void (*)(regs*, void*), bool)
                0x00000000c00097ba                setupINTS()
                0x00000000c0009817                convertLegacyIRQNumber(int)
 *fill*         0x00000000c0009859        0x1 
 .text          0x00000000c000985a      0x8bc hal/keybrd.32
                0x00000000c000985a                startGUI(void*)
                0x00000000c00098c4                startGUIVESA(void*)
                0x00000000c000992e                sendKeyToTerminal(unsigned char)
                0x00000000c0009a09                sendKeyboardToken(KeyboardToken)
                0x00000000c0009ec5                clearInternalKeybuffer(VgaText*)
                0x00000000c0009efa                readKeyboard(VgaText*, char*, unsigned long)
                0x00000000c000a08c                Keyboard::Keyboard(char const*)
                0x00000000c000a08c                Keyboard::Keyboard(char const*)
                0x00000000c000a0c8                Keyboard::~Keyboard()
                0x00000000c000a0c8                Keyboard::~Keyboard()
                0x00000000c000a0ec                Keyboard::~Keyboard()
 .text          0x00000000c000a116      0x3f8 hal/logidisk.32
                0x00000000c000a116                LogicalDisk::close(int, int, void*)
                0x00000000c000a11a                LogicalDisk::~LogicalDisk()
                0x00000000c000a11a                LogicalDisk::~LogicalDisk()
                0x00000000c000a13e                LogicalDisk::~LogicalDisk()
                0x00000000c000a168                LogicalDisk::open(int, int, void*)
                0x00000000c000a17c                LogicalDisk::absoluteToRelative(unsigned long long)
                0x00000000c000a1b4                LogicalDisk::relativeToAbsolute(unsigned long long)
                0x00000000c000a1fa                LogicalDisk::LogicalDisk(char const*, PhysicalDisk*, unsigned long long, unsigned long long)
                0x00000000c000a1fa                LogicalDisk::LogicalDisk(char const*, PhysicalDisk*, unsigned long long, unsigned long long)
                0x00000000c000a2ba                LogicalDisk::assignDriveLetter()
                0x00000000c000a374                LogicalDisk::mount()
                0x00000000c000a3bc                LogicalDisk::unmount()
                0x00000000c000a3cc                LogicalDisk::eject()
                0x00000000c000a3e0                LogicalDisk::unassignDriveLetter()
                0x00000000c000a436                LogicalDisk::read(unsigned long long, int, void*)
                0x00000000c000a4a2                LogicalDisk::write(unsigned long long, int, void*)
 *fill*         0x00000000c000a50e        0x2 
 .text          0x00000000c000a510       0x86 hal/mouse.32
                0x00000000c000a510                Mouse::Mouse(char const*)
                0x00000000c000a510                Mouse::Mouse(char const*)
                0x00000000c000a548                Mouse::~Mouse()
                0x00000000c000a548                Mouse::~Mouse()
                0x00000000c000a56c                Mouse::~Mouse()
 .text          0x00000000c000a596       0x90 hal/nic.32
                0x00000000c000a596                NIC::getMAC()
                0x00000000c000a59c                NIC::write(int, unsigned char*, int*)
                0x00000000c000a5a2                NIC::NIC(char const*)
                0x00000000c000a5a2                NIC::NIC(char const*)
                0x00000000c000a5d8                NIC::~NIC()
                0x00000000c000a5d8                NIC::~NIC()
                0x00000000c000a5fc                NIC::~NIC()
 .text          0x00000000c000a626      0x33b hal/partition.32
                0x00000000c000a626                makePartition(PhysicalDisk*, unsigned long long, unsigned long long)
                0x00000000c000a6ce                createPartitionsForDisk(PhysicalDisk*)
 *fill*         0x00000000c000a961        0x3 
 .text          0x00000000c000a964       0x86 hal/serial.32
                0x00000000c000a964                Serial::Serial(char const*)
                0x00000000c000a964                Serial::Serial(char const*)
                0x00000000c000a99c                Serial::~Serial()
                0x00000000c000a99c                Serial::~Serial()
                0x00000000c000a9c0                Serial::~Serial()
 *fill*         0x00000000c000a9ea        0x2 
 .text          0x00000000c000a9ec      0x230 hal/timer.32
                0x00000000c000a9ec                Timer::Timer(char const*)
                0x00000000c000a9ec                Timer::Timer(char const*)
                0x00000000c000aa24                Timer::~Timer()
                0x00000000c000aa24                Timer::~Timer()
                0x00000000c000aa48                Timer::~Timer()
                0x00000000c000aa72                Timer::read()
                0x00000000c000aa7d                setupTimer(int)
                0x00000000c000aab8                timerHandler(unsigned int)
 .text          0x00000000c000ac1c      0x444 hal/vcache.32
                0x00000000c000ac1c                VCache::VCache(PhysicalDisk*)
                0x00000000c000ac1c                VCache::VCache(PhysicalDisk*)
                0x00000000c000ad8c                VCache::invalidateReadBuffer()
                0x00000000c000ad9c                VCache::writeWriteBuffer()
                0x00000000c000ade8                VCache::~VCache()
                0x00000000c000ade8                VCache::~VCache()
                0x00000000c000ae40                VCache::~VCache()
                0x00000000c000ae68                VCache::write(unsigned long long, int, void*)
                0x00000000c000af5c                VCache::read(unsigned long long, int, void*)
 .text          0x00000000c000b060      0x70e hal/video.32
                0x00000000c000b060                Video::putrect(int, int, int, int, unsigned int)
                0x00000000c000b0ac                Video::bitblit(int, int, int, int, int, int, int, unsigned int*)
                0x00000000c000b11c                Video::blit(unsigned int*, int, int, int, int)
                0x00000000c000b19a                Video::clearScreen(unsigned int)
                0x00000000c000b1ce                Video::putpixel(int, int, unsigned int)
                0x00000000c000b1dc                Video::readPixelApprox(int, int)
                0x00000000c000b1f0                Video::Video(char const*)
                0x00000000c000b1f0                Video::Video(char const*)
                0x00000000c000b226                Video::~Video()
                0x00000000c000b226                Video::~Video()
                0x00000000c000b24a                Video::~Video()
                0x00000000c000b274                Video::isMonochrome()
                0x00000000c000b280                Video::getWidth()
                0x00000000c000b28c                Video::getHeight()
                0x00000000c000b298                Video::drawCursor(int, int, unsigned int*, int)
                0x00000000c000b354                Video::tgaParse(unsigned char*, int, int*, int*)
                0x00000000c000b6fe                Video::putTGA(int, int, unsigned char*, int)
 *fill*         0x00000000c000b76e        0x2 
 .text          0x00000000c000b770     0x1413 hw/acpi.32
                0x00000000c000b770                ACPI::close(int, int, void*)
                0x00000000c000b8ac                findRSDP()
                0x00000000c000b944                loadACPITables(unsigned char*)
                0x00000000c000bbb0                findRSDT(unsigned char*)
                0x00000000c000bd08                findDataTable(unsigned char*, char*)
                0x00000000c000bd88                scanMADT()
                0x00000000c000c240                ACPI::ACPI()
                0x00000000c000c240                ACPI::ACPI()
                0x00000000c000c294                ACPI::getPCIIRQAssignment(unsigned char, unsigned short, unsigned char)
                0x00000000c000c390                ACPI::registerPCIIRQAssignment(void*, unsigned short, unsigned char, unsigned char)
                0x00000000c000c45c                ACPI::setScreenBrightnessLevel(void*, int)
                0x00000000c000c464                ACPI::detectPCI()
                0x00000000c000c684                ACPI::writeSimpleBootFlag(SimpleBootFlagTable*)
                0x00000000c000c6cc                ACPI::sleep()
                0x00000000c000c6e8                ACPI::open(int, int, void*)
 *fill*         0x00000000c000cb83        0x1 
 .text          0x00000000c000cb84      0xbc5 hw/cpu.32
                0x00000000c000cb84                CPU::close(int, int, void*)
                0x00000000c000cb88                CPU::AMD_K6_write_msr(unsigned int, unsigned int, unsigned int, CPU::REGS*)
                0x00000000c000cba4                CPU::AMD_K6_read_msr(unsigned int, CPU::REGS*)
                0x00000000c000cbbc                CPU::AMD_K6_writeback(int, int, int)
                0x00000000c000cc30                CPU::cpuid(int, unsigned long*, unsigned long*, unsigned long*, unsigned long*)
                0x00000000c000ccb4                CPU::cpuidCheckEDX(unsigned int)
                0x00000000c000cce2                CPU::cpuidCheckECX(unsigned int)
                0x00000000c000cd10                CPU::cpuidCheckExtendedEBX(unsigned int)
                0x00000000c000cd3e                CPU::cpuidCheckExtendedECX(unsigned int)
                0x00000000c000cd6c                CPU::CPU()
                0x00000000c000cd6c                CPU::CPU()
                0x00000000c000cdfa                CPU::displayFeatures()
                0x00000000c000cdfc                CPU::detectFeatures()
                0x00000000c000d4d0                CPU::setupSMEP()
                0x00000000c000d4dc                CPU::setupUMIP()
                0x00000000c000d4e6                CPU::setupTSC()
                0x00000000c000d4f0                CPU::setupLargePages()
                0x00000000c000d4fa                CPU::setupPAT()
                0x00000000c000d536                CPU::setupMTRR()
                0x00000000c000d538                CPU::setupGlobalPages()
                0x00000000c000d542                CPU::allowUsermodeDataAccess()
                0x00000000c000d554                CPU::prohibitUsermodeDataAccess()
                0x00000000c000d566                CPU::setupSMAP()
                0x00000000c000d574                CPU::setupFeatures()
                0x00000000c000d640                CPU::open(int, int, void*)
 .text          0x00000000c000d749       0xb6 krnl/atexit.32
                0x00000000c000d749                KeInitialiseAtexit()
                0x00000000c000d768                KeRegisterAtexit(void (*)(void*), void*)
                0x00000000c000d79c                KeExecuteAtexit()
 .text          0x00000000c000d7ff       0x92 krnl/bootmsg.32
                0x00000000c000d7ff                KeDisplaySplashScreen()
                0x00000000c000d82e                KeSetBootMessage(char const*)
 .text          0x00000000c000d891       0x5f krnl/c++.32
                0x00000000c000d891                __cxa_atexit
                0x00000000c000d894                __cxa_finalize
                0x00000000c000d895                __stack_chk_fail
                0x00000000c000d8cb                __cxa_pure_virtual
                0x00000000c000d8dc                operator new[](unsigned long)
                0x00000000c000d8e1                operator delete(void*, unsigned long)
                0x00000000c000d8e6                operator delete[](void*)
                0x00000000c000d8eb                operator delete[](void*, unsigned long)
 .text          0x00000000c000d8f0       0x48 krnl/cdefs.32
                0x00000000c000d8f0                CUnlockScheduler
                0x00000000c000d90c                CLockScheduler
                0x00000000c000d91c                CPrintf
 .text          0x00000000c000d938       0x1d krnl/compat.32
                0x00000000c000d938                Krnl::handlePowerButton()
                0x00000000c000d948                Krnl::handleSleepButton()
 *fill*         0x00000000c000d955        0x1 
 .text          0x00000000c000d956      0x6af krnl/computer.32
                0x00000000c000d956                Computer::close(int, int, void*)
                0x00000000c000d9a4                Krnl::firstTask()
                0x00000000c000daca                Computer::Computer()
                0x00000000c000daca                Computer::Computer()
                0x00000000c000db7a                Computer::setBootMessage(char const*)
                0x00000000c000db7c                Computer::detectFeatures()
                0x00000000c000dda2                Computer::displayFeatures()
                0x00000000c000dda4                Computer::rdmsr(unsigned int)
                0x00000000c000ddd0                Computer::wrmsr(unsigned int, unsigned long long)
                0x00000000c000de0c                Computer::shutdown()
                0x00000000c000de24                Computer::restart()
                0x00000000c000de3c                Computer::sleep()
                0x00000000c000de50                Computer::nmiEnabled()
                0x00000000c000de5c                Computer::readCMOS(unsigned char)
                0x00000000c000de7a                Computer::enableNMI(bool)
                0x00000000c000de92                Computer::open(int, int, void*)
                0x00000000c000df66                Computer::disableNMI()
                0x00000000c000df76                Computer::writeCMOS(unsigned char, unsigned char)
                0x00000000c000df9a                Computer::handleNMI()
 .text          0x00000000c000e005       0x2b krnl/crc32.32
                0x00000000c000e005                KeCalculateCRC32(unsigned char*, int)
 .text          0x00000000c000e030      0x5bf krnl/env.32
                0x00000000c000e030                EnvVarContainer::getEnv(char const*)
                0x00000000c000e06e                EnvVarContainer::setEnv(char const*, char const*)
                0x00000000c000e130                EnvVarContainer::deleteEnv(char const*)
                0x00000000c000e132                EnvVarContainer::loadFrom(char const*, char const*)
                0x00000000c000e356                EnvVarContainer::__loadSystem()
                0x00000000c000e370                EnvVarContainer::__loadUser()
                0x00000000c000e372                EnvVarContainer::EnvVarContainer(Process*)
                0x00000000c000e372                EnvVarContainer::EnvVarContainer(Process*)
                0x00000000c000e394                EnvVarContainer::~EnvVarContainer()
                0x00000000c000e394                EnvVarContainer::~EnvVarContainer()
                0x00000000c000e3c4                KeGetEnv(Process*, char const*)
                0x00000000c000e429                KeSetEnvSystem(char const*, char const*)
                0x00000000c000e443                KeSetEnvUser(char const*, char const*)
                0x00000000c000e462                KeSetEnvProcess(Process*, char const*, char const*)
                0x00000000c000e475                KeDeleteEnvSystem(char const*)
                0x00000000c000e476                KeDeleteEnvUser(char const*)
                0x00000000c000e477                KeDeleteEnvProcess(Process*, char const*)
                0x00000000c000e478                KeNewProcessEnv(Process*)
                0x00000000c000e49a                KeCopyProcessEnv(Process*, Process*)
                0x00000000c000e4e6                KeLoadSystemEnv()
                0x00000000c000e514                KeLoadUserEnv()
                0x00000000c000e53a                KeFlushEnv()
                0x00000000c000e53b                KeGetProcessTotalEnvCount(Process*)
                0x00000000c000e55b                KeGetProcessEnvPair(Process*, int)
 *fill*         0x00000000c000e5ef        0x1 
 .text          0x00000000c000e5f0      0x1db krnl/gdt.32
                0x00000000c000e5f0                GDTEntry::setBase(unsigned int)
                0x00000000c000e60c                GDTEntry::setLimit(unsigned int)
                0x00000000c000e62a                GDT::GDT()
                0x00000000c000e62a                GDT::GDT()
                0x00000000c000e640                GDT::addEntry(GDTEntry)
                0x00000000c000e662                GDT::getNumberOfEntries()
                0x00000000c000e66a                GDT::flush()
                0x00000000c000e68c                GDT::setup()
 .text          0x00000000c000e7cb       0x1d krnl/idle.32
                0x00000000c000e7cb                idleFunction(void*)
 .text          0x00000000c000e7e8      0x46c krnl/idt.32
                0x00000000c000e7e8                IDTEntry::IDTEntry(bool)
                0x00000000c000e7e8                IDTEntry::IDTEntry(bool)
                0x00000000c000e862                IDTEntry::setOffset(unsigned int)
                0x00000000c000e878                IDT::IDT()
                0x00000000c000e878                IDT::IDT()
                0x00000000c000e87a                IDT::getPointerToInvalidOpcodeEntryForF00F()
                0x00000000c000e882                IDT::addEntry(IDTEntry, int)
                0x00000000c000e89c                IDT::addEntry(int, void (*)(), bool)
                0x00000000c000e8d4                IDT::flush()
                0x00000000c000e8ee                IDT::setup()
 .text          0x00000000c000ec54       0x94 krnl/inlines.32
                0x00000000c000ec54                CPU::current()
                0x00000000c000ec60                operator new(unsigned long)
                0x00000000c000ec65                operator delete(void*)
                0x00000000c000ec6a                disableIRQs()
                0x00000000c000ec6c                enableIRQs()
                0x00000000c000ec6e                lockScheduler()
                0x00000000c000ec76                unlockScheduler()
                0x00000000c000ec85                lockStuff()
                0x00000000c000ec93                unlockStuff()
                0x00000000c000eccd                Virt::getAKernelVAS()
                0x00000000c000ecd3                __not_memcpy
 .text          0x00000000c000ece8      0x205 krnl/kheap.32
                0x00000000c000ece8                sbrk
                0x00000000c000ed7f                sbrk_thunk
                0x00000000c000edb5                mmap
                0x00000000c000ee13                munmap
                0x00000000c000ee28                liballoc_lock()
                0x00000000c000ee36                liballoc_unlock()
                0x00000000c000ee4c                liballoc_alloc(int)
                0x00000000c000ee64                liballoc_free(void*, int)
                0x00000000c000ee7f                realloc
                0x00000000c000ee93                malloc
                0x00000000c000eea3                free
                0x00000000c000eeb3                rfree
                0x00000000c000eec3                calloc
 *fill*         0x00000000c000eeed        0x3 
 .text          0x00000000c000eef0      0x1e3 krnl/mailbox.32
                0x00000000c000eef0                KeMailboxTryPost(Mailbox*, void*)
                0x00000000c000ef54                KeMailboxTryGet(Mailbox*, void**)
                0x00000000c000efb8                KeMailboxCreate()
                0x00000000c000efec                KeMailboxPost(Mailbox*, void*)
                0x00000000c000f054                KeMailboxGet(Mailbox*, void**)
                0x00000000c000f0bc                KeMailboxDestroy(Mailbox*)
 .text          0x00000000c000f0d3       0xc7 krnl/main.32
                0x00000000c000f0d3                KeEntryPoint
 *fill*         0x00000000c000f19a        0x2 
 .text          0x00000000c000f19c       0x1a krnl/mutex.32
                0x00000000c000f19c                Mutex::Mutex()
                0x00000000c000f19c                Mutex::Mutex()
 .text          0x00000000c000f1b6        0xc krnl/panic.32
                0x00000000c000f1b6                KePanic(char const*)
 .text          0x00000000c000f1c2      0x644 krnl/physmgr.32
                0x00000000c000f1c2                Phys::allocateDMA(unsigned long)
                0x00000000c000f2aa                Phys::freeDMA(unsigned long, unsigned long)
                0x00000000c000f2e5                Phys::setPageState(unsigned long, bool)
                0x00000000c000f325                Phys::getPageState(unsigned long)
                0x00000000c000f341                Phys::freePage(unsigned long)
                0x00000000c000f3aa                Phys::allocatePage()
                0x00000000c000f479                Phys::allocateContiguousPages(int)
                0x00000000c000f4e0                Phys::allowSegmentToBeUsed(unsigned long, unsigned long)
                0x00000000c000f518                Phys::physicalMemorySetup(unsigned int)
 .text          0x00000000c000f806      0x273 krnl/pipe.32
                0x00000000c000f806                Pipe::isAtty()
                0x00000000c000f80a                Pipe::~Pipe()
                0x00000000c000f80a                Pipe::~Pipe()
                0x00000000c000f82e                Pipe::~Pipe()
                0x00000000c000f856                Pipe::write(unsigned long long, void*, int*)
                0x00000000c000f916                Pipe::read(unsigned long long, void*, int*)
                0x00000000c000fa12                Pipe::Pipe(int)
                0x00000000c000fa12                Pipe::Pipe(int)
 .text          0x00000000c000fa79      0x142 krnl/powctrl.32
                0x00000000c000fa79                KePowerThread(void*)
                0x00000000c000faa7                KeChangePowerSettings(PowerSettings)
                0x00000000c000fabd                KeUserIOReceived()
                0x00000000c000fac8                KeHandlePowerButton()
                0x00000000c000fafd                KeHandleSleepButton()
                0x00000000c000fb32                KeSetupPowerManager()
 .text          0x00000000c000fbbb       0x9d krnl/random.32
                0x00000000c000fbbb                KeRand()
                0x00000000c000fbfd                KeSeedRand(unsigned int)
                0x00000000c000fc26                KeInitRand()
 .text          0x00000000c000fc58      0x1bc krnl/resolve.32
                0x00000000c000fc58                KeResolveCompatibilitySymbol(char*)
 .text          0x00000000c000fe14      0x415 krnl/semaphore.32
                0x00000000c000fe14                Semaphore::Semaphore(int)
                0x00000000c000fe14                Semaphore::Semaphore(int)
                0x00000000c000fe44                Semaphore::tryAcquire()
                0x00000000c000ff20                Semaphore::assertLocked(char const*)
                0x00000000c000ffb0                Semaphore::acquire(int)
                0x00000000c0010158                Semaphore::acquire()
                0x00000000c0010174                Semaphore::release()
 .text          0x00000000c0010229      0x322 krnl/signal.32
                0x00000000c0010229                KiSigKill(int)
                0x00000000c001023d                KiDefaultSignalHandlerIgnore(int)
                0x00000000c001023e                KiDefaultSignalHandlerPause(int)
                0x00000000c001026a                KiDefaultSignalHandlerResume(int)
                0x00000000c0010296                KeDeinitSignals(SigHandlerBlock*)
                0x00000000c001029b                KeInitSignals()
                0x00000000c00102ed                KeRegisterSignalHandler(SigHandlerBlock*, int, void (*)(int), unsigned int, int)
                0x00000000c0010323                KeRaiseSignal(SigHandlerBlock*, int)
                0x00000000c00103a0                KeCheckSignal(SigHandlerBlock*, int*)
                0x00000000c0010497                KiCheckSignalZ
                0x00000000c00104d9                KeCompleteSignal(SigHandlerBlock*, int)
                0x00000000c0010514                KiFinishSignalZ
 .text          0x00000000c001054b      0xe1d krnl/syscalls.32
                0x00000000c001054b                SysSeekDir(regs*)
                0x00000000c0010550                SysTellDir(regs*)
                0x00000000c0010555                SysVerify(regs*)
                0x00000000c001055f                SysGetArgc(regs*)
                0x00000000c0010573                SysTTYName(regs*)
                0x00000000c001057b                SysFormatDisk(regs*)
                0x00000000c00105f2                SysSetDiskVolumeLabel(regs*)
                0x00000000c0010646                SysGetDiskVolumeLabel(regs*)
                0x00000000c001069f                SysShutdown(regs*)
                0x00000000c00106fd                SysRealpath(regs*)
                0x00000000c0010741                SysReadDir(regs*)
                0x00000000c00107c1                SysIsATTY(regs*)
                0x00000000c001081b                SysSeek(regs*)
                0x00000000c0010872                SysTell(regs*)
                0x00000000c00108df                SysSize(regs*)
                0x00000000c0010952                SysSizeFromFilename(regs*)
                0x00000000c0010a83                SysSizeFromFilenameNoSymlink(regs*)
                0x00000000c0010bb4                SysClose(regs*)
                0x00000000c0010c14                SysOpenDir(regs*)
                0x00000000c0010c91                SysMakeDir(regs*)
                0x00000000c0010cff                SysCloseDir(regs*)
                0x00000000c0010d53                SysWait(regs*)
                0x00000000c0010d74                SysNotImpl(regs*)
                0x00000000c0010d8f                SysPanic(regs*)
                0x00000000c0010daa                SysRmdir(regs*)
                0x00000000c0010e0f                SysUnlink(regs*)
                0x00000000c0010e74                SysGetArgv(regs*)
                0x00000000c0010ec1                SysUSleep(regs*)
                0x00000000c0010eea                SysSpawn(regs*)
                0x00000000c0010f5d                SysGetEnv(regs*)
                0x00000000c001100e                SysSetFatAttrib(regs*)
                0x00000000c0011081                SysPipe(regs*)
                0x00000000c00110c6                SysGetUnixTime(regs*)
                0x00000000c00110da                string_ends_with(char const*, char const*)
                0x00000000c0011122                SysOpen(regs*)
                0x00000000c0011319                KeSystemCall(regs*, void*)
 .text          0x00000000c0011368      0xab3 krnl/terminal.32
                0x00000000c0011368                VgaText::isAtty()
                0x00000000c001136c                VgaText::~VgaText()
                0x00000000c001136c                VgaText::~VgaText()
                0x00000000c0011390                VgaText::~VgaText()
                0x00000000c00113ba                VgaText::read(unsigned long long, void*, int*)
                0x00000000c00113da                setTerminalScrollLock(bool)
                0x00000000c00113db                doTerminalCycle()
                0x00000000c00113dc                addToTerminalCycle(VgaText*)
                0x00000000c00113dd                scrollTerminalScrollLock(int)
                0x00000000c00113de                VgaText::updateTitle()
                0x00000000c00113e0                VgaText::load()
                0x00000000c00113e2                VgaText::updateCursor()
                0x00000000c00113f8                VgaText::doANSI_SGR(int)
                0x00000000c001146c                VgaText::setDefaultBgColour(VgaColour)
                0x00000000c001147c                VgaText::setDefaultFgColour(VgaColour)
                0x00000000c001148c                VgaText::setDefaultColours(VgaColour, VgaColour)
                0x00000000c00114ac                VgaText::setTitleTextColour(VgaColour)
                0x00000000c00114b8                VgaText::setTitleColour(VgaColour)
                0x00000000c00114c4                VgaText::setTitle(char*)
                0x00000000c00114c6                VgaText::combineColours(unsigned char, unsigned char)
                0x00000000c00114d8                VgaText::scrollScreen()
                0x00000000c001156a                VgaText::combineCharAndColour(char, unsigned char)
                0x00000000c001157a                VgaText::writeCharacter(char, VgaColour, VgaColour, int, int)
                0x00000000c001160a                VgaText::getCursorX()
                0x00000000c0011612                VgaText::getCursorY()
                0x00000000c001161a                VgaText::setCursor(int, int)
                0x00000000c0011631                setActiveTerminal(VgaText*)
                0x00000000c001167c                VgaText::clearScreen()
                0x00000000c00116ca                VgaText::setCursorX(int)
                0x00000000c00116e2                VgaText::setCursorY(int)
                0x00000000c00116fa                VgaText::incrementCursor(bool)
                0x00000000c001174e                VgaText::decrementCursor(bool)
                0x00000000c0011770                VgaText::putchar(char, VgaColour, VgaColour)
                0x00000000c0011840                VgaText::putchar(char)
                0x00000000c0011938                VgaText::putx(unsigned int)
                0x00000000c001197e                VgaText::puts(char const*)
                0x00000000c00119a4                VgaText::write(unsigned long long, void*, int*)
                0x00000000c00119f0                VgaText::puts(char const*, VgaColour, VgaColour)
                0x00000000c0011b3e                VgaText::VgaText(char const*)
                0x00000000c0011b3e                VgaText::VgaText(char const*)
                0x00000000c0011c8e                VgaText::receiveKey(unsigned char)
                0x00000000c0011e1a                VgaText::doUpdate()
 *fill*         0x00000000c0011e1b        0x1 
 .text          0x00000000c0011e1c      0x1a1 krnl/tss.32
                0x00000000c0011e1c                TSS::TSS()
                0x00000000c0011e1c                TSS::TSS()
                0x00000000c0011e2c                TSS::setESP(unsigned long)
                0x00000000c0011e40                TSS::flush()
                0x00000000c0011e60                TSS::setup(unsigned long, unsigned long)
 *fill*         0x00000000c0011fbd        0x1 
 .text          0x00000000c0011fbe      0x4ca krnl/unixfile.32
                0x00000000c0011fbe                ReservedFilename::read(unsigned long long, void*, int*)
                0x00000000c0012014                ReservedFilename::isAtty()
                0x00000000c0012030                ReservedFilename::write(unsigned long long, void*, int*)
                0x00000000c001208e                UnixFile::getFileDescriptor()
                0x00000000c0012096                UnixFile::UnixFile(int)
                0x00000000c0012096                UnixFile::UnixFile(int)
                0x00000000c001224a                ReservedFilename::ReservedFilename(int)
                0x00000000c001224a                ReservedFilename::ReservedFilename(int)
                0x00000000c001227c                UnixFile::~UnixFile()
                0x00000000c001227c                UnixFile::~UnixFile()
                0x00000000c0012318                UnixFile::~UnixFile()
                0x00000000c0012340                ReservedFilename::~ReservedFilename()
                0x00000000c0012340                ReservedFilename::~ReservedFilename()
                0x00000000c0012364                ReservedFilename::~ReservedFilename()
                0x00000000c001238b                KeGetFileFromDescriptor(int)
 .text          0x00000000c0012488     0x1210 krnl/virtmgr.32
                0x00000000c0012488                Virt::setPageState(unsigned long, Virt::VirtPageState)
                0x00000000c00124c2                Virt::getPageState(unsigned long)
                0x00000000c00124e5                Virt::allocateKernelVirtualPages(int)
                0x00000000c001260a                Virt::freeSwapfilePage(unsigned long)
                0x00000000c001262d                Virt::swapIDToSector(unsigned long)
                0x00000000c0012643                Virt::allocateSwapfilePage()
                0x00000000c00126c3                Virt::virtualMemorySetup()
                0x00000000c0012714                Virt::setupPageSwapping(int)
                0x00000000c0012786                VAS::setCPUSpecific(unsigned long)
                0x00000000c0012788                VAS::VAS(VAS*)
                0x00000000c0012788                VAS::VAS(VAS*)
                0x00000000c00127a0                VAS::getForeignPageTableEntry(bool, unsigned long)
                0x00000000c00127ce                VAS::getPageTableEntry(unsigned long)
                0x00000000c00127ed                Virt::freeKernelVirtualPages(unsigned long)
                0x00000000c001292a                VAS::freeAllocatedPages(unsigned long)
                0x00000000c001294e                VAS::virtualToPhysical(unsigned long)
                0x00000000c0012968                VAS::reflagRange(unsigned long, int, unsigned long, unsigned long)
                0x00000000c00129aa                VAS::VAS()
                0x00000000c00129aa                VAS::VAS()
                0x00000000c0012a14                VAS::setToWriteCombining(unsigned long, int)
                0x00000000c0012a48                VAS::mapOtherVASIn(bool, VAS*)
                0x00000000c0012a74                VAS::~VAS()
                0x00000000c0012a74                VAS::~VAS()
                0x00000000c0012be2                VAS::mapPage(unsigned long, unsigned long, int)
                0x00000000c0012ce6                VAS::allocatePages(int, int)
                0x00000000c0012ddc                VAS::mapRange(unsigned long, unsigned long, int, int)
                0x00000000c0012e34                VAS::mapForeignPage(bool, VAS*, unsigned long, unsigned long, int)
                0x00000000c0012f2a                VAS::VAS(bool)
                0x00000000c0012f2a                VAS::VAS(bool)
                0x00000000c0013174                VAS::evict(unsigned long)
                0x00000000c0013252                VAS::tryLoadBackOffDisk(unsigned long)
                0x00000000c00133fa                VAS::allocateSharedMemoryWithKernel(unsigned long, unsigned long*)
                0x00000000c001346e                VAS::freeSharedMemoryWithKernel(unsigned long, unsigned long)
                0x00000000c001349a                VAS::scanForEviction()
                0x00000000c001359d                mapVASFirstTime
 .text          0x00000000c0013698      0xd56 reg/cm.32
                0x00000000c0013698                CmOpen(char const*)
                0x00000000c00137b6                CmClose(Reghive_Tag*)
                0x00000000c00137cc                CmReadExtent(Reghive_Tag*, int, unsigned char*)
                0x00000000c0013808                CmGetString(Reghive_Tag*, int, char*)
                0x00000000c001387f                CmEnterDirectory(Reghive_Tag*, int)
                0x00000000c00138be                CmGetNext(Reghive_Tag*, int)
                0x00000000c00138f0                CmWriteExtent(Reghive_Tag*, int, unsigned char*)
                0x00000000c001392c                CmFreeExtent(Reghive_Tag*, int)
                0x00000000c0013954                CmUpdateHeader(Reghive_Tag*)
                0x00000000c0013975                CmExpand(Reghive_Tag*, int)
                0x00000000c00139f0                CmFindUnusedExtent(Reghive_Tag*)
                0x00000000c0013a76                CmCreateExtent(Reghive_Tag*, int, int, unsigned char*)
                0x00000000c0013b6a                CmSetString(Reghive_Tag*, int, char const*)
                0x00000000c0013ca6                CmGetMatch(char*, char*, bool, bool*)
                0x00000000c0013d07                CmAddShift(unsigned int*, int*, unsigned char, int)
                0x00000000c0013d37                CmGetShift(unsigned int*, int*, int, bool*)
                0x00000000c0013d6e                CmGetInteger(Reghive_Tag*, int, unsigned long long*)
                0x00000000c0013d98                CmSetInteger(Reghive_Tag*, int, unsigned long long)
                0x00000000c0013dd8                CmConvertFromInternalFilename(unsigned char const*, char*)
                0x00000000c0013e7c                CmGetNameAndTypeFromExtent(Reghive_Tag*, int, char*)
                0x00000000c0013eaa                CmConvertToInternalFilename(char const*, unsigned char*)
                0x00000000c0014048                CmCreateString(Reghive_Tag*, int, char const*)
                0x00000000c0014095                CmFindInDirectory(Reghive_Tag*, int, char const*)
                0x00000000c001410f                CmCreateInteger(Reghive_Tag*, int, char const*, unsigned long long, int)
                0x00000000c0014162                CmCreateDirectory(Reghive_Tag*, int, char const*)
                0x00000000c0014226                zStrtok(char*, char const*)
                0x00000000c0014298                CmFindObjectFromPath(Reghive_Tag*, char const*)
                0x00000000c0014319                CmDisplayTree(Reghive_Tag*, int, int)
                0x00000000c00143bc                CmSplitFinalSlashInPlace(char*)
 .text          0x00000000c00143ee      0x52a reg/registry.32
                0x00000000c00143ee                Reg::findLineFromLoadedData(char*, char*, char*)
                0x00000000c001455f                Reg::getLineFromRegistry(char*, char*, char*, char*)
                0x00000000c00146b4                Reg::getLine(char*, char*, char*)
                0x00000000c00146eb                Reg::readInt(char*, char*, int*)
                0x00000000c00147d9                Reg::readString(char*, char*, char*, int)
                0x00000000c001485a                Reg::readBool(char*, char*, bool*)
                0x00000000c001487f                Reg::readBoolWithDefault(char*, char*, bool)
                0x00000000c00148ab                Reg::readIntWithDefault(char*, char*, int)
                0x00000000c00148d7                Reg::readStringWithDefault(char*, char*, char*, int, char*)
 .text          0x00000000c0014918       0x36 sys/eject.32
                0x00000000c0014918                SysEject(regs*)
 .text          0x00000000c001494e       0x18 sys/exit.32
                0x00000000c001494e                SysExit(regs*)
 .text          0x00000000c0014966       0x1f sys/getcwd.32
                0x00000000c0014966                SysGetCwd(regs*)
 .text          0x00000000c0014985        0xc sys/getpid.32
                0x00000000c0014985                SysGetPID(regs*)
 .text          0x00000000c0014991       0x1a sys/getramdata.32
                0x00000000c0014991                SysGetRAMData(regs*)
 .text          0x00000000c00149ab       0x82 sys/getvgaptr.32
                0x00000000c00149ab                SysGetVGAPtr(regs*)
 *fill*         0x00000000c0014a2d        0x3 
 .text          0x00000000c0014a30       0xb9 sys/kill.32
                0x00000000c0014a30                SysKill(regs*)
 .text          0x00000000c0014ae9       0xa8 sys/loaddll.32
                0x00000000c0014ae9                SysLoadDLL(regs*)
 .text          0x00000000c0014b91       0x68 sys/read.32
                0x00000000c0014b91                SysRead(regs*)
 .text          0x00000000c0014bf9       0x29 sys/registersignal.32
                0x00000000c0014bf9                SysRegisterSignal(regs*)
 .text          0x00000000c0014c22      0x1cc sys/registry.32
                0x00000000c0014c22                SysRegistryGetTypeFromPath(regs*)
                0x00000000c0014c66                SysRegistryReadExtent(regs*)
                0x00000000c0014cae                SysRegistryPathToExtentLookup(regs*)
                0x00000000c0014cc5                SysRegistryEnterDirectory(regs*)
                0x00000000c0014cdc                SysRegistryGetNext(regs*)
                0x00000000c0014cf3                SysRegistryGetNameAndTypeFromExtent(regs*)
                0x00000000c0014d2d                SysRegistryOpen(regs*)
                0x00000000c0014d41                SysRegistryClose(regs*)
                0x00000000c0014d58                SysRegistryEasyReadString(regs*)
                0x00000000c0014da4                SysRegistryEasyReadInteger(regs*)
 .text          0x00000000c0014dee       0x55 sys/sbrk.32
                0x00000000c0014dee                SysSbrk(regs*)
 .text          0x00000000c0014e43       0x1c sys/setcwd.32
                0x00000000c0014e43                SysSetCwd(regs*)
 .text          0x00000000c0014e5f       0x96 sys/settime.32
                0x00000000c0014e5f                SysSetTime(regs*)
 .text          0x00000000c0014ef5       0x73 sys/symlink.32
                0x00000000c0014ef5                SysSymlink(regs*)
 .text          0x00000000c0014f68       0x3f sys/timezone.32
                0x00000000c0014f68                SysTimezone(regs*)
 .text          0x00000000c0014fa7       0xfc sys/truncate.32
                0x00000000c0014fa7                SysTruncate(regs*)
 .text          0x00000000c00150a3       0x68 sys/write.32
                0x00000000c00150a3                SysWrite(regs*)
 .text          0x00000000c001510b       0x9d sys/wsbe.32
                0x00000000c001510b                SysWsbe(regs*)
 .text          0x00000000c00151a8       0x25 sys/yield.32
                0x00000000c00151a8                SysYield(regs*)
 .text          0x00000000c00151cd     0x1207 thr/elf.32
                0x00000000c00151cd                Thr::allocateMemoryForTask(Process*, File*, unsigned long, unsigned long, unsigned long)
                0x00000000c001545b                Thr::loadProgramIntoMemory(Process*, char const*)
                0x00000000c001566d                Thr::runtimeReferenceHelper()
                0x00000000c0015680                Thr::getAddressOfKernelSymbol(char const*)
                0x00000000c00156cf                Thr::loadKernelSymbolTable(char const*)
                0x00000000c001598d                Thr::loadDriverIntoMemory(char const*, unsigned long, bool)
                0x00000000c00160c6                Thr::getDriverBaseFromAddress(unsigned long)
                0x00000000c00160f8                Thr::getDriverNameFromAddress(unsigned long)
                0x00000000c001612f                Thr::getDriverOffsetFromAddress(unsigned long)
                0x00000000c0016149                Thr::loadDLL(char const*, bool)
                0x00000000c001639b                Thr::executeDLL(unsigned long, void*)
 .text          0x00000000c00163d4       0x5a thr/exec.32
                0x00000000c00163d4                KeProcessExec(Process*, char const*)
 *fill*         0x00000000c001642e        0x2 
 .text          0x00000000c0016430     0x1131 thr/prcssthr.32
                0x00000000c0016430                userModeEntryPoint(void*)
                0x00000000c0016458                changeTSS
                0x00000000c0016488                switchToThread(ThreadControlBlock*)
                0x00000000c0016538                Process::addArgs(char**)
                0x00000000c00165a4                Process::Process(char const*, Process*, char**)
                0x00000000c00165a4                Process::Process(char const*, Process*, char**)
                0x00000000c00167b0                Process::Process(bool, char const*, Process*, char**)
                0x00000000c00167b0                Process::Process(bool, char const*, Process*, char**)
                0x00000000c0016984                taskStartupFunction
                0x00000000c0016990                KeDisablePreemption()
                0x00000000c00169b8                KeRestorePreemption()
                0x00000000c00169d8                Process::createThread(void (*)(void*), void*, int)
                0x00000000c0016ae4                Process::createUserThread()
                0x00000000c0016b04                setupMultitasking(void (*)())
                0x00000000c0016c28                schedule()
                0x00000000c0016cbc                blockTaskWithSchedulerLockAlreadyHeld(TaskState)
                0x00000000c0016ce4                blockTask(TaskState)
                0x00000000c0016d1c                waitTask(int, int*, int)
                0x00000000c0016d60                milliTenthSleepUntil(unsigned int)
                0x00000000c0016e00                milliTenthSleep(unsigned int)
                0x00000000c0016e14                sleep(unsigned int)
                0x00000000c0016e30                taskReturned
                0x00000000c0016e74                Thr::processFromPID(int)
                0x00000000c0016f20                unblockTask(ThreadControlBlock*)
                0x00000000c0016fcc                cleanupTerminatedTask(ThreadControlBlock*)
                0x00000000c00172a0                cleanerTaskFunction(void*)
                0x00000000c00173a8                terminateTask(int)
                0x00000000c0017494                Thr::terminateFromIRQ(int)
 .text          0x00000000c0017561      0xd00 vm86/vm8086.32
                0x00000000c0017561                Vm::inbv(unsigned short)
                0x00000000c0017574                Vm::outbv(unsigned short, unsigned char)
                0x00000000c00175aa                Vm::realToLinear(unsigned short, unsigned short)
                0x00000000c00175ba                Vm::getSegment(unsigned int)
                0x00000000c00175c2                Vm::getOffset(unsigned int)
                0x00000000c00175c7                Vm::mainloop2()
                0x00000000c0017601                Vm::mainVm8086Loop(void*)
                0x00000000c0017611                Vm::mainloop3(unsigned long)
                0x00000000c0017637                Vm::initialise8086()
                0x00000000c001767a                Vm::resetConventionalMemory8086()
                0x00000000c001767b                Vm::finish8086()
                0x00000000c00176dc                Vm::getOutput8086(unsigned char*)
                0x00000000c0017701                Vm::start8086FromBuffer(unsigned char*, int, unsigned short, unsigned short, unsigned short, unsigned short)
                0x00000000c0017828                Vm::start8086(char const*, unsigned short, unsigned short, unsigned short, unsigned short)
                0x00000000c0017a30                Vm::doISR(regs*, int, unsigned char*, unsigned short, unsigned short)
                0x00000000c0017ac9                Vm::readByteFromReal(unsigned short, unsigned short)
                0x00000000c0017ada                Vm::readWordFromReal(unsigned short, unsigned short)
                0x00000000c0017aec                Vm::readDwordFromReal(unsigned short, unsigned short)
                0x00000000c0017afd                Vm::writeByteFromReal(unsigned short, unsigned short, unsigned char)
                0x00000000c0017b12                Vm::writeWordFromReal(unsigned short, unsigned short, unsigned short)
                0x00000000c0017b28                Vm::writeDwordFromReal(unsigned short, unsigned short, unsigned int)
                0x00000000c0017b3d                Vm::faultHandler(regs*)
 .text          0x00000000c0018261      0xacb arch/i386/hal.32
                0x00000000c0018261                noCopro(unsigned long)
                0x00000000c0018262                nmiHandler(regs*, void*)
                0x00000000c001827b                doubleFault(regs*, void*)
                0x00000000c0018294                displayDebugInfo(regs*)
                0x00000000c0018619                HalSystemIdle()
                0x00000000c0018695                displayProgramFault(char const*)
                0x00000000c00186e1                gpFault(regs*, void*)
                0x00000000c0018748                pgFault(regs*, void*)
                0x00000000c00187d1                otherISRHandler(regs*, void*)
                0x00000000c0018805                opcodeFault(regs*, void*)
                0x00000000c0018888                i386SaveCoprocessor(void*)
                0x00000000c001889c                i386LoadCoprocessor(void*)
                0x00000000c00188b0                x87EmulHandler(regs*, void*)
                0x00000000c001894d                HalInitialiseCoprocessor()
                0x00000000c00189d6                HalPanic(char const*)
                0x00000000c0018aea                HalQueryPerformanceCounter()
                0x00000000c0018b05                HalInitialise()
                0x00000000c0018cbb                HalMakeBeep(int)
                0x00000000c0018cf5                HalGetRand()
                0x00000000c0018cf8                HalEndOfInterrupt(int)
                0x00000000c0018d29                HalRestart()
                0x00000000c0018d2a                HalShutdown()
                0x00000000c0018d2b                HalSleep()
 .text          0x00000000c0018d2c      0x2dc arch/i386/pic.32
                0x00000000c0018d2c                picIoWait()
                0x00000000c0018d34                picDisable()
                0x00000000c0018d68                picGetIRQReg(int)
                0x00000000c0018de4                picOpen()
                0x00000000c0018f68                picEOI(int)
 .text          0x00000000c0019008      0x674 arch/i386/rtc.32
                0x00000000c0019008                RTC::open(int, int, void*)
                0x00000000c001900c                RTC::close(int, int, void*)
                0x00000000c0019010                RTC::timeInSecondsUTC()
                0x00000000c0019022                RTC::timeInDatetimeUTC()
                0x00000000c0019048                RTC::setTimeInSecondsUTC(unsigned long long)
                0x00000000c0019086                RTC::~RTC()
                0x00000000c0019086                RTC::~RTC()
                0x00000000c00190aa                RTC::~RTC()
                0x00000000c00190d4                RTC::get_update_in_progress_flag()
                0x00000000c00190ee                RTC::completeRTCRefresh()
                0x00000000c00193ce                RTC::setTimeInDatetimeUTC(datetime_t)
                0x00000000c001957c                rtcIRQHandler(regs*, void*)
                0x00000000c00195c2                RTC::RTC()
                0x00000000c00195c2                RTC::RTC()
 .text          0x00000000c001967c      0x1f4 arch/i386/vga.32
                0x00000000c001967c                HalConsoleScroll(int, int)
                0x00000000c0019784                HalConsoleWriteCharacter(char, int, int, int, int)
                0x00000000c00197e8                HalConsoleCursorUpdate(int, int)
 .text          0x00000000c0019870     0x14cf fs/fat/vfslink.32
                0x00000000c0019870                FAT::getName()
                0x00000000c0019878                FAT::tell(void*, unsigned long long*)
                0x00000000c00198b4                FAT::stat(void*, unsigned long long*)
                0x00000000c00198f0                FAT::~FAT()
                0x00000000c00198f0                FAT::~FAT()
                0x00000000c0019914                FAT::~FAT()
                0x00000000c001993c                FAT::getlabel(LogicalDisk*, int, char*, unsigned int*)
                0x00000000c00199e0                FAT::setlabel(LogicalDisk*, int, char*)
                0x00000000c0019aa4                FAT::format(LogicalDisk*, int, char const*, int)
                0x00000000c0019c88                FAT::tryMount(LogicalDisk*, int)
                0x00000000c0019ea4                FAT::allocateSwapfile(char const*, int)
                0x00000000c001a064                FAT::readDir(void*, unsigned long, void*, int*)
                0x00000000c001a1d4                FAT::read(void*, unsigned long, void*, int*)
                0x00000000c001a234                FAT::write(void*, unsigned long, void*, int*)
                0x00000000c001a294                FAT::close(void*)
                0x00000000c001a2e8                FAT::closeDir(void*)
                0x00000000c001a33c                FAT::truncate(void*, unsigned long long)
                0x00000000c001a3a8                FAT::seek(void*, unsigned long long)
                0x00000000c001a400                fatWrapperReadDisk
                0x00000000c001a440                fatWrapperWriteDisk
                0x00000000c001a480                fatWrapperIoctl
                0x00000000c001a59c                FAT::FAT()
                0x00000000c001a59c                FAT::FAT()
                0x00000000c001a5f4                FAT::fixFilepath(char*)
                0x00000000c001a634                FAT::open(char const*, void**, FileOpenMode)
                0x00000000c001a7a8                FAT::openDir(char const*, void**)
                0x00000000c001a858                FAT::stat(char const*, unsigned long long*, bool*)
                0x00000000c001a950                FAT::unlink(char const*)
                0x00000000c001a9d0                FAT::chfatattr(char const*, unsigned char, unsigned char)
                0x00000000c001ab84                FAT::rename(char const*, char const*)
                0x00000000c001ac50                FAT::mkdir(char const*)
                0x00000000c001acd0                FAT::exists(char const*)
 *fill*         0x00000000c001ad3f        0x1 
 .text          0x00000000c001ad40       0x94 fs/iso9660/helper.32
                0x00000000c001ad40                isoReadDiscSectorHelper
                0x00000000c001ad9c                iso_kprintf
                0x00000000c001adb8                iso_kprintfd
 .text          0x00000000c001add4      0x71c fs/iso9660/vfslink.32
                0x00000000c001add4                ISO9660::format(LogicalDisk*, int, char const*, int)
                0x00000000c001adda                ISO9660::truncate(void*, unsigned long long)
                0x00000000c001ade0                ISO9660::getName()
                0x00000000c001ade6                ISO9660::closeDir(void*)
                0x00000000c001adf0                ISO9660::chfatattr(char const*, unsigned char, unsigned char)
                0x00000000c001adf6                ISO9660::unlink(char const*)
                0x00000000c001adfc                ISO9660::write(void*, unsigned long, void*, int*)
                0x00000000c001ae02                ISO9660::rename(char const*, char const*)
                0x00000000c001ae08                ISO9660::mkdir(char const*)
                0x00000000c001ae0e                ISO9660::~ISO9660()
                0x00000000c001ae0e                ISO9660::~ISO9660()
                0x00000000c001ae32                ISO9660::~ISO9660()
                0x00000000c001ae5a                ISO9660::exists(char const*)
                0x00000000c001ae6e                ISO9660::open(char const*, void**, FileOpenMode)
                0x00000000c001af54                ISO9660::read(void*, unsigned long, void*, int*)
                0x00000000c001af9c                ISO9660::seek(void*, unsigned long long)
                0x00000000c001afde                ISO9660::tell(void*, unsigned long long*)
                0x00000000c001b01c                ISO9660::stat(void*, unsigned long long*)
                0x00000000c001b06e                ISO9660::stat(char const*, unsigned long long*, bool*)
                0x00000000c001b1b0                ISO9660::close(void*)
                0x00000000c001b1e0                ISO9660::openDir(char const*, void**)
                0x00000000c001b2ba                ISO9660::readDir(void*, unsigned long, void*, int*)
                0x00000000c001b3d7                readSectorFromCDROM(unsigned int, unsigned char*, char)
                0x00000000c001b456                ISO9660::tryMount(LogicalDisk*, int)
                0x00000000c001b4c8                ISO9660::ISO9660()
                0x00000000c001b4c8                ISO9660::ISO9660()
 .text          0x00000000c001b4f0      0x26c hal/sound/sndcard.32
                0x00000000c001b4f0                SoundCard::beginPlayback()
                0x00000000c001b4fe                SoundCard::stopPlayback()
                0x00000000c001b50c                SoundCard::SoundCard(char const*)
                0x00000000c001b50c                SoundCard::SoundCard(char const*)
                0x00000000c001b5aa                SoundCard::~SoundCard()
                0x00000000c001b5aa                SoundCard::~SoundCard()
                0x00000000c001b5ce                SoundCard::~SoundCard()
                0x00000000c001b5f8                SoundCard::configureRates(int, int, int)
                0x00000000c001b628                SoundCard::getSamples16(int, short*)
                0x00000000c001b684                SoundCard::getSamples32(int, int*)
                0x00000000c001b70a                SoundCard::addChannel(SoundPort*)
                0x00000000c001b748                SoundCard::removeChannel(int)
 .text          0x00000000c001b75c      0x38a hal/sound/sndport.32
                0x00000000c001b75c                SoundPort::SoundPort(int, int, int, int)
                0x00000000c001b75c                SoundPort::SoundPort(int, int, int, int)
                0x00000000c001b7e8                SoundPort::~SoundPort()
                0x00000000c001b7e8                SoundPort::~SoundPort()
                0x00000000c001b81c                SoundPort::unpause()
                0x00000000c001b828                SoundPort::pause()
                0x00000000c001b834                SoundPort::getBufferUsed()
                0x00000000c001b83c                SoundPort::getBufferSize()
                0x00000000c001b844                SoundPort::buffer16(short*, int)
                0x00000000c001b8d0                SoundPort::buffer32(int*, int)
                0x00000000c001b95c                SoundPort::unbufferAndAdd16(int, short*, SoundCard*)
                0x00000000c001ba28                SoundPort::unbufferAndAdd32(int, int*, SoundCard*)
 .text          0x00000000c001bae6        0x0 hw/bus/isa.32
 .text          0x00000000c001bae6      0xc23 hw/bus/pci.32
                0x00000000c001bae6                PCI::open(int, int, void*)
                0x00000000c001bb04                PCI::close(int, int, void*)
                0x00000000c001bb08                PCI::PCI()
                0x00000000c001bb08                PCI::PCI()
                0x00000000c001bba0                PCI::readBAR8(unsigned int, int)
                0x00000000c001bbbc                PCI::readBAR16(unsigned int, int)
                0x00000000c001bbda                PCI::readBAR32(unsigned int, int)
                0x00000000c001bbf6                PCI::writeBAR8(unsigned int, unsigned char, int)
                0x00000000c001bc16                PCI::writeBAR16(unsigned int, unsigned short, int)
                0x00000000c001bc38                PCI::writeBAR32(unsigned int, unsigned int, int)
                0x00000000c001bc58                PCI::legacyMechanism(unsigned char, unsigned char, unsigned char, unsigned char)
                0x00000000c001bcce                PCI::pciReadWord(unsigned char, unsigned char, unsigned char, unsigned char)
                0x00000000c001bd78                PCI::getVendorID(unsigned char, unsigned char, unsigned char)
                0x00000000c001bd9c                PCI::getHeaderType(unsigned char, unsigned char, unsigned char)
                0x00000000c001bdc4                PCI::getClassCode(unsigned char, unsigned char, unsigned char)
                0x00000000c001be0e                PCI::getProgIF(unsigned char, unsigned char, unsigned char)
                0x00000000c001be36                PCI::getRevisionID(unsigned char, unsigned char, unsigned char)
                0x00000000c001be5a                PCI::getInterruptNumber(unsigned char, unsigned char, unsigned char)
                0x00000000c001be7e                PCI::getSecondaryBus(unsigned char, unsigned char, unsigned char)
                0x00000000c001bea6                PCI::getBARAddress(unsigned char, unsigned char, unsigned char, unsigned char)
                0x00000000c001bf0a                PCI::pciWriteWord(unsigned char, unsigned char, unsigned char, unsigned char, unsigned short)
                0x00000000c001bff2                PCI::pciDetailsToFilepath(PCIDeviceInfo, char*)
                0x00000000c001c2b8                PCI::checkBus(unsigned char)
                0x00000000c001c2dc                PCI::foundDevice(PCIDeviceInfo)
                0x00000000c001c4c2                PCI::getDeviceData(unsigned char, unsigned char, unsigned char)
                0x00000000c001c63e                PCI::checkDevice(unsigned char, unsigned char)
                0x00000000c001c6b0                PCI::detect()
 *fill*         0x00000000c001c709        0x1 
 .text          0x00000000c001c70a      0xe16 hw/diskctrl/ide.32
                0x00000000c001c70a                IDE::close(int, int, void*)
                0x00000000c001c70e                IDE::IDE()
                0x00000000c001c70e                IDE::IDE()
                0x00000000c001c742                IDE::prepareInterrupt(unsigned char)
                0x00000000c001c754                selectDrive(unsigned char, unsigned char)
                0x00000000c001c756                IDE::getBase(unsigned char)
                0x00000000c001c768                IDE::write(unsigned char, unsigned char, unsigned char)
                0x00000000c001c828                IDE::read(unsigned char, unsigned char)
                0x00000000c001c8d6                IDE::waitInterrupt(unsigned char)
                0x00000000c001c938                ideChannel0IRQHandler(regs*, void*)
                0x00000000c001c954                ideChannel1IRQHandler(regs*, void*)
                0x00000000c001c970                IDE::enableIRQs(unsigned char, bool)
                0x00000000c001c9ba                IDE::open(int, int, void*)
                0x00000000c001cf00                IDE::readBuffer(unsigned char, unsigned char, unsigned int, unsigned int)
                0x00000000c001cfd0                IDE::detect()
                0x00000000c001d412                IDE::printError(unsigned char, unsigned char, unsigned char)
                0x00000000c001d4cc                IDE::polling(unsigned char, unsigned int)
 .text          0x00000000c001d520      0x33d hw/diskctrl/satabus.32
                0x00000000c001d520                SATABus::close(int, int, void*)
                0x00000000c001d524                SATABus::detect()
                0x00000000c001d526                SATABus::SATABus()
                0x00000000c001d526                SATABus::SATABus()
                0x00000000c001d5ac                SATABus::findCmdslot(SATABus::tagHBA_PORT volatile*)
                0x00000000c001d5de                SATABus::checkType(SATABus::tagHBA_PORT volatile*)
                0x00000000c001d626                SATABus::startCmd(SATABus::tagHBA_PORT volatile*)
                0x00000000c001d646                SATABus::stopCmd(SATABus::tagHBA_PORT volatile*)
                0x00000000c001d670                SATABus::portRebase(SATABus::tagHBA_PORT volatile*, int)
                0x00000000c001d780                SATABus::probePort(SATABus::tagHBA_MEM volatile*)
                0x00000000c001d82a                SATABus::open(int, int, void*)
 *fill*         0x00000000c001d85d        0x1 
 .text          0x00000000c001d85e      0x987 hw/diskphys/ata.32
                0x00000000c001d85e                ATA::close(int, int, void*)
                0x00000000c001d882                ATA::powerSaving(PowerSavingLevel)
                0x00000000c001d884                ATA::ATA()
                0x00000000c001d884                ATA::ATA()
                0x00000000c001d8b2                ATA::flush(bool)
                0x00000000c001d900                ATA::readyForCommand()
                0x00000000c001d94c                ATA::access(unsigned long long, int, void*, bool)
                0x00000000c001dd2a                ATA::detectCHS()
                0x00000000c001dd54                ATA::open(int, int, void*)
                0x00000000c001de20                combineCharAndColour(char, unsigned char)
                0x00000000c001de31                combineColours(unsigned char, unsigned char)
                0x00000000c001de3e                ATA::read(unsigned long long, int, void*)
                0x00000000c001e014                ATA::write(unsigned long long, int, void*)
 *fill*         0x00000000c001e1e5        0x1 
 .text          0x00000000c001e1e6      0x618 hw/diskphys/atapi.32
                0x00000000c001e1e6                ATAPI::write(unsigned long long, int, void*)
                0x00000000c001e1ec                ATAPI::close(int, int, void*)
                0x00000000c001e210                ATAPI::ATAPI()
                0x00000000c001e210                ATAPI::ATAPI()
                0x00000000c001e23e                ATAPI::readyForCommand()
                0x00000000c001e290                ATAPI::sendPacket(unsigned char*, int, bool, unsigned short*, int)
                0x00000000c001e558                ATAPI::diskRemoved()
                0x00000000c001e592                ATAPI::eject()
                0x00000000c001e5da                ATAPI::diskInserted()
                0x00000000c001e5e6                ATAPI::detectMedia()
                0x00000000c001e6a4                ATAPI::open(int, int, void*)
                0x00000000c001e784                ATAPI::read(unsigned long long, int, void*)
 .text          0x00000000c001e7fe      0x849 hw/diskphys/sata.32
                0x00000000c001e7fe                SATA::close(int, int, void*)
                0x00000000c001e822                SATA::powerSaving(PowerSavingLevel)
                0x00000000c001e824                SATA::open(int, int, void*)
                0x00000000c001e8dc                SATA::SATA()
                0x00000000c001e8dc                SATA::SATA()
                0x00000000c001e90a                SATA::access(unsigned long long, int, void*, bool)
                0x00000000c001eb92                SATA::read(unsigned long long, int, void*)
                0x00000000c001ede2                SATA::write(unsigned long long, int, void*)
 *fill*         0x00000000c001f047        0x1 
 .text          0x00000000c001f048      0x5d0 hw/diskphys/satapi.32
                0x00000000c001f048                SATAPI::write(unsigned long long, int, void*)
                0x00000000c001f04e                SATAPI::close(int, int, void*)
                0x00000000c001f072                SATAPI::SATAPI()
                0x00000000c001f072                SATAPI::SATAPI()
                0x00000000c001f0a0                SATAPI::diskRemoved()
                0x00000000c001f0a2                SATAPI::diskInserted()
                0x00000000c001f0be                SATAPI::sendPacket(unsigned char*, int, unsigned long long, unsigned short*, int)
                0x00000000c001f39c                SATAPI::eject()
                0x00000000c001f3d8                SATAPI::detectMedia()
                0x00000000c001f42e                SATAPI::open(int, int, void*)
                0x00000000c001f52e                SATAPI::read(unsigned long long, int, void*)
 .text          0x00000000c001f618      0x45b hw/intctrl/apic.32
                0x00000000c001f618                IOAPIC::close(int, int, void*)
                0x00000000c001f61e                apicGetBase()
                0x00000000c001f664                IOAPIC::IOAPIC()
                0x00000000c001f664                IOAPIC::IOAPIC()
                0x00000000c001f68c                apicOpen()
                0x00000000c001f808                IOAPIC::handlesGSIWithNumber(unsigned int)
                0x00000000c001f83a                IOAPIC::read(int)
                0x00000000c001f862                IOAPIC::open(int, int, void*)
                0x00000000c001f948                IOAPIC::write(int, int)
                0x00000000c001f974                IOAPIC::redirect(unsigned char, unsigned long long, unsigned char, bool, bool)
 *fill*         0x00000000c001fa73        0x1 
 .text          0x00000000c001fa74       0xf0 hw/timer/apictimer.32
                0x00000000c001fa74                APICTimer::close(int, int, void*)
                0x00000000c001fa7c                apicTimerHandler(regs*, void*)
                0x00000000c001faa4                APICTimer::open(int, int, void*)
                0x00000000c001fb14                APICTimer::write(int)
                0x00000000c001fb3c                APICTimer::APICTimer()
                0x00000000c001fb3c                APICTimer::APICTimer()
 .text          0x00000000c001fb64      0x1ad hw/timer/pit.32
                0x00000000c001fb64                PIT::write(int)
                0x00000000c001fbe8                pitHandler(regs*, void*)
                0x00000000c001fc10                PIT::open(int, int, void*)
                0x00000000c001fc60                PIT::close(int, int, void*)
                0x00000000c001fc90                PIT::PIT()
                0x00000000c001fc90                PIT::PIT()
 *fill*         0x00000000c001fd11        0xf 
 .text          0x00000000c001fd20       0x6f arch/i386/avx.32
                0x00000000c001fd20                avxDetect
                0x00000000c001fd4a                avxSave
                0x00000000c001fd5b                avxLoad
                0x00000000c001fd6c                avxInit
                0x00000000c001fd8e                avxClose
 *fill*         0x00000000c001fd8f        0x1 
 .text          0x00000000c001fd90      0x2ec arch/i386/interrupt.32
                0x00000000c001fd90                isr0
                0x00000000c001fda0                isr1
                0x00000000c001fdaa                isr2
                0x00000000c001fdb4                isr3
                0x00000000c001fdbe                isr4
                0x00000000c001fdc8                isr5
                0x00000000c001fdd2                isr6
                0x00000000c001fddc                isr7
                0x00000000c001fde6                isr8