Archive member included to satisfy reference by file (symbol)

/cygdrive/d/Users/Alex/Desktop/Toolchain/Output/bin/../lib/gcc/i386-banana/8.1.0/libkgcc.a(_divdi3.o)
                              fs/fat/ff.32 (__divdi3)
/cygdrive/d/Users/Alex/Desktop/Toolchain/Output/bin/../lib/gcc/i386-banana/8.1.0/libkgcc.a(_moddi3.o)
                              compat/resolve.32 (__moddi3)
/cygdrive/d/Users/Alex/Desktop/Toolchain/Output/bin/../lib/gcc/i386-banana/8.1.0/libkgcc.a(_udivdi3.o)
                              fs/fat/ff.32 (__udivdi3)
/cygdrive/d/Users/Alex/Desktop/Toolchain/Output/bin/../lib/gcc/i386-banana/8.1.0/libkgcc.a(_umoddi3.o)
                              compat/resolve.32 (__umoddi3)

Discarded input sections

 .comment       0x0000000000000000       0x12 /cygdrive/d/Users/Alex/Desktop/Toolchain/Output/bin/../lib/gcc/i386-banana/8.1.0/crtbegin.o
 .comment       0x0000000000000000       0x12 acpica/utclib.32
 .comment       0x0000000000000000       0x12 core/malloc.32
 .comment       0x0000000000000000       0x12 libk/string.32
 .comment       0x0000000000000000       0x12 fs/fat/diskio.32
 .comment       0x0000000000000000       0x12 fs/fat/ff.32
 .comment       0x0000000000000000       0x12 fs/fat/ffsystem.32
 .comment       0x0000000000000000       0x12 fs/fat/ffunicode.32
 .comment       0x0000000000000000       0x12 compat/inlines.32
 .comment       0x0000000000000000       0x12 compat/resolve.32
 .group         0x0000000000000000       0x14 core/computer.32
 .group         0x0000000000000000        0xc core/computer.32
 .comment       0x0000000000000000       0x12 core/computer.32
 .comment       0x0000000000000000       0x12 core/gdt.32
 .group         0x0000000000000000        0xc core/idle.32
 .comment       0x0000000000000000       0x12 core/idle.32
 .comment       0x0000000000000000       0x12 core/idt.32
 .comment       0x0000000000000000       0x12 core/kheap.32
 .comment       0x0000000000000000       0x12 core/main.32
 .comment       0x0000000000000000       0x12 core/physmgr.32
 .group         0x0000000000000000        0xc core/pipe.32
 .comment       0x0000000000000000       0x12 core/pipe.32
 .group         0x0000000000000000        0xc core/terminal.32
 .comment       0x0000000000000000       0x12 core/terminal.32
 .comment       0x0000000000000000       0x12 core/tss.32
 .group         0x0000000000000000        0x8 core/unixfile.32
 .group         0x0000000000000000        0x8 core/unixfile.32
 .group         0x0000000000000000        0xc core/unixfile.32
 .group         0x0000000000000000        0x8 core/unixfile.32
 .group         0x0000000000000000        0xc core/unixfile.32
 .group         0x0000000000000000        0x8 core/unixfile.32
 .group         0x0000000000000000        0xc core/unixfile.32
 .group         0x0000000000000000        0xc core/unixfile.32
 .comment       0x0000000000000000       0x12 core/unixfile.32
 .comment       0x0000000000000000       0x12 core/virtmgr.32
 .comment       0x0000000000000000       0x12 coreobjs/c++.32
 .comment       0x0000000000000000       0x12 dbg/kconsole.32
 .group         0x0000000000000000        0xc fs/vfs.32
 .group         0x0000000000000000        0xc fs/vfs.32
 .group         0x0000000000000000        0xc fs/vfs.32
 .comment       0x0000000000000000       0x12 fs/vfs.32
 .group         0x0000000000000000        0xc hal/bus.32
 .comment       0x0000000000000000       0x12 hal/bus.32
 .group         0x0000000000000000        0xc hal/buzzer.32
 .comment       0x0000000000000000       0x12 hal/buzzer.32
 .group         0x0000000000000000        0xc hal/clock.32
 .comment       0x0000000000000000       0x12 hal/clock.32
 .group         0x0000000000000000       0x14 hal/device.32
 .group         0x0000000000000000        0xc hal/device.32
 .group         0x0000000000000000        0x8 hal/device.32
 .group         0x0000000000000000        0xc hal/device.32
 .group         0x0000000000000000        0xc hal/device.32
 .comment       0x0000000000000000       0x12 hal/device.32
 .group         0x0000000000000000        0xc hal/diskctrl.32
 .comment       0x0000000000000000       0x12 hal/diskctrl.32
 .group         0x0000000000000000        0xc hal/diskphys.32
 .comment       0x0000000000000000       0x12 hal/diskphys.32
 .group         0x0000000000000000        0xc hal/fpu.32
 .comment       0x0000000000000000       0x12 hal/fpu.32
 .group         0x0000000000000000        0xc hal/intctrl.32
 .comment       0x0000000000000000       0x12 hal/intctrl.32
 .group         0x0000000000000000        0xc hal/keybrd.32
 .comment       0x0000000000000000       0x12 hal/keybrd.32
 .group         0x0000000000000000        0xc hal/logidisk.32
 .comment       0x0000000000000000       0x12 hal/logidisk.32
 .group         0x0000000000000000        0xc hal/mouse.32
 .comment       0x0000000000000000       0x12 hal/mouse.32
 .comment       0x0000000000000000       0x12 hal/partition.32
 .group         0x0000000000000000        0xc hal/serial.32
[...]
Memory Configuration

Name             Origin             Length             Attributes
*default*        0x0000000000000000 0xffffffffffffffff

Linker script and memory map

LOAD D:/Users/Alex/Desktop/Banana/kernel/boot.32
LOAD crti.32
LOAD /cygdrive/d/Users/Alex/Desktop/Toolchain/Output/bin/../lib/gcc/i386-banana/8.1.0/crtbegin.o
LOAD D:/Users/Alex/Desktop/Banana/kernel/morenasm.32
LOAD acpica/utclib.32
LOAD core/malloc.32
LOAD libk/string.32
LOAD fs/fat/diskio.32
LOAD fs/fat/ff.32
LOAD fs/fat/ffsystem.32
LOAD fs/fat/ffunicode.32
LOAD compat/inlines.32
LOAD compat/resolve.32
LOAD core/computer.32
LOAD core/gdt.32
LOAD core/idle.32
LOAD core/idt.32
LOAD core/kheap.32
LOAD core/main.32
LOAD core/physmgr.32
LOAD core/pipe.32
LOAD core/terminal.32
LOAD core/tss.32
LOAD core/unixfile.32
LOAD core/virtmgr.32
LOAD coreobjs/c++.32
LOAD dbg/kconsole.32
LOAD fs/vfs.32
LOAD hal/bus.32
LOAD hal/buzzer.32
LOAD hal/clock.32
LOAD hal/device.32
LOAD hal/diskctrl.32
LOAD hal/diskphys.32
LOAD hal/fpu.32
LOAD hal/intctrl.32
LOAD hal/keybrd.32
LOAD hal/logidisk.32
LOAD hal/mouse.32
LOAD hal/partition.32
LOAD hal/serial.32
LOAD hal/timer.32
LOAD hal/vcache.32
LOAD hal/video.32
LOAD hw/acpi.32
LOAD hw/cpu.32
LOAD hw/ports.32
LOAD hw/smp.32
LOAD krnl/env.32
LOAD krnl/panic.32
LOAD net/ethernet.32
LOAD reg/registry.32
LOAD sys/sc_eject.32
LOAD sys/sc_exit.32
LOAD sys/sc_getcwd.32
LOAD sys/sc_getpid.32
LOAD sys/sc_getramdata.32
LOAD sys/sc_getvgaptr.32
LOAD sys/sc_loaddll.32
LOAD sys/sc_read.32
LOAD sys/sc_sbrk.32
LOAD sys/sc_setcwd.32
LOAD sys/sc_settime.32
LOAD sys/sc_timezone.32
LOAD sys/sc_write.32
LOAD sys/sc_wsbe.32
LOAD sys/sc_yield.32
LOAD sys/syscalls.32
LOAD thr/elf.32
LOAD thr/prcssthr.32
LOAD vm86/vm8086.32
LOAD vm86/x87em.32
LOAD fs/fat/vfslink.32
LOAD fs/iso9660/vfslink.32
LOAD hal/sound/sndcard.32
LOAD hal/sound/sndport.32
LOAD hw/bus/isa.32
LOAD hw/bus/pci.32
LOAD hw/diskctrl/ide.32
LOAD hw/diskctrl/satabus.32
LOAD hw/diskphys/ata.32
LOAD hw/diskphys/atapi.32
LOAD hw/diskphys/sata.32
LOAD hw/diskphys/satapi.32
LOAD hw/fpu/avx.32
LOAD hw/fpu/mmx.32
LOAD hw/fpu/sse.32
LOAD hw/fpu/x87.32
LOAD hw/intctrl/apic.32
LOAD hw/intctrl/pic.32
LOAD hw/timer/apictimer.32
LOAD hw/timer/pit.32
LOAD hw/fpu/x86/avx.32
LOAD hw/fpu/x86/sse.32
LOAD hw/fpu/x86/x87.32
LOAD /cygdrive/d/Users/Alex/Desktop/Toolchain/Output/bin/../lib/gcc/i386-banana/8.1.0/crtend.o
LOAD crtn.32
LOAD /cygdrive/d/Users/Alex/Desktop/Toolchain/Output/bin/../lib/gcc/i386-banana/8.1.0/libkgcc.a
LOAD D:/Users/Alex/Desktop/Banana/kernel/libsoftfp.a
LOAD D:/Users/Alex/Desktop/Banana/kernel/libk/libm32.a
                0x00000000c0000000                . = 0xc0000000

.text           0x00000000c0000000    0x2243e
 *(.text)
 .text          0x00000000c0000000       0x41 D:/Users/Alex/Desktop/Banana/kernel/boot.32
                0x00000000c0000020                callGlobalConstructors
 .text          0x00000000c0000041        0x0 crti.32
 *fill*         0x00000000c0000041        0x3 
 .text          0x00000000c0000044      0x101 /cygdrive/d/Users/Alex/Desktop/Toolchain/Output/bin/../lib/gcc/i386-banana/8.1.0/crtbegin.o
 *fill*         0x00000000c0000145        0xb 
 .text          0x00000000c0000150      0x430 D:/Users/Alex/Desktop/Banana/kernel/morenasm.32
                0x00000000c0000150                manualPCIProbe
                0x00000000c000019b                prepareTramp
                0x00000000c00001b4                doTPAUSE
                0x00000000c00001be                hasLegacyFPU
                0x00000000c00001e3                is486
                0x00000000c0000219                detectCPUID
                0x00000000c000022f                goToVM86
                0x00000000c000025f                goToUsermode
                0x00000000c0000289                switchToThreadASMFirstTime
                0x00000000c0000297                switchToThreadASM
                0x00000000c0000327                asmQuickAcquireLock
                0x00000000c0000345                asmQuickReleaseLock
                0x00000000c0000351                asmAcquireLock
                0x00000000c0000372                asmReleaseLock
                0x00000000c0000385                loadGDT
                0x00000000c00003a5                isr0
                0x00000000c00003b5                isr1
                0x00000000c00003bf                isr2
                0x00000000c00003c9                isr3
                0x00000000c00003d3                isr4
                0x00000000c00003dd                isr5
                0x00000000c00003e7                isr6
                0x00000000c00003f1                isr7
                0x00000000c00003fb                isr8
                0x00000000c0000403                isr9
                0x00000000c000040d                isr10
                0x00000000c0000415                isr11
                0x00000000c000041d                isr12
                0x00000000c0000425                isr13
                0x00000000c000042d                isr14
                0x00000000c0000435                isr15
                0x00000000c000043f                isr16
                0x00000000c0000449                isr17
                0x00000000c0000453                isr18
                0x00000000c000045d                irq3
                0x00000000c0000467                irq4
                0x00000000c0000471                irq5
                0x00000000c000047b                irq6
                0x00000000c0000485                irq7
                0x00000000c000048f                irq8
                0x00000000c0000499                irq9
                0x00000000c00004a3                irq10
                0x00000000c00004ad                irq11
                0x00000000c00004b7                irq12
                0x00000000c00004c1                irq13
                0x00000000c00004cb                irq14
                0x00000000c00004d5                irq15
                0x00000000c00004df                irq1
                0x00000000c00004e6                irq2
                0x00000000c00004ed                isr96
                0x00000000c00004f4                irq0
                0x00000000c00004f9                int_common_stub
                0x00000000c00004f9                syscall_common_stub
                0x00000000c000052b                irq16
                0x00000000c0000535                irq17
                0x00000000c000053f                irq18
                0x00000000c0000549                irq19
                0x00000000c0000553                irq20
                0x00000000c000055d                irq21
                0x00000000c0000567                irq22
                0x00000000c0000571                irq23
                0x00000000c000057b                memcpy
 .text          0x00000000c0000580      0x5dd acpica/utclib.32
                0x00000000c0000580                memcmp
                0x00000000c00005bc                memmove
                0x00000000c0000684                memset
                0x00000000c00006a0                strlen
                0x00000000c00006b8                strpbrk
                0x00000000c00006f4                strtok
                0x00000000c0000740                strcpy
                0x00000000c0000764                strncpy
                0x00000000c00007cc                strcmp
                0x00000000c000080c                strchr
                0x00000000c0000830                strncmp
                0x00000000c0000880                strcat
                0x00000000c00008b0                strncat
                0x00000000c00008ec                strstr
                0x00000000c0000934                toupper
                0x00000000c0000948                tolower
                0x00000000c000095c                simple_strtoul
 .text          0x00000000c0000b5d      0xfad core/malloc.32
                0x00000000c0000cc8                dlfree
                0x00000000c0001023                dlmalloc
                0x00000000c0001560                dlrealloc
                0x00000000c0001703                dlmemalign
                0x00000000c0001826                dlcalloc
                0x00000000c00018c0                dlcfree
                0x00000000c00018c5                dlindependent_calloc
                0x00000000c00018ea                dlindependent_comalloc
                0x00000000c0001901                dlvalloc
                0x00000000c000192c                dlpvalloc
                0x00000000c0001962                dlmalloc_trim
                0x00000000c000196f                dlmalloc_usable_size
                0x00000000c00019a0                dlmallinfo
                0x00000000c0001a6f                dlmalloc_stats
                0x00000000c0001a80                dlmallopt
 .text          0x00000000c0001b0a        0x0 libk/string.32
 .text          0x00000000c0001b0a       0x51 fs/fat/diskio.32
                0x00000000c0001b0a                disk_status
                0x00000000c0001b0d                disk_initialize
                0x00000000c0001b10                disk_read
                0x00000000c0001b26                disk_write
                0x00000000c0001b3c                disk_ioctl
 .text          0x00000000c0001b5b     0x6a69 fs/fat/ff.32
                0x00000000c0004e29                f_mount
                0x00000000c0004e8b                f_open
                0x00000000c00052c7                f_read
                0x00000000c0005547                f_write
                0x00000000c0005801                f_sync
                0x00000000c00059dd                f_close
                0x00000000c0005a0c                f_lseek
                0x00000000c0005ec3                f_opendir
                0x00000000c0005fc5                f_closedir
                0x00000000c0005fe7                f_readdir
                0x00000000c0006082                f_stat
                0x00000000c0006111                f_getfree
                0x00000000c00062dc                f_truncate
                0x00000000c00063d4                f_unlink
                0x00000000c0006557                f_mkdir
                0x00000000c0006783                f_rename
                0x00000000c0006a76                f_chmod
                0x00000000c0006b54                f_utime
                0x00000000c0006c32                f_getlabel
                0x00000000c0006e20                f_setlabel
                0x00000000c000708d                f_expand
                0x00000000c00072c3                f_forward
                0x00000000c00074a1                f_mkfs
 .text          0x00000000c00085c4       0x2f fs/fat/ffsystem.32
                0x00000000c00085c4                ff_memalloc
                0x00000000c00085dc                ff_memfree
 *fill*         0x00000000c00085f3        0x1 
 .text          0x00000000c00085f4      0x274 fs/fat/ffunicode.32
                0x00000000c00085f4                ff_uni2oem
                0x00000000c000868c                ff_oem2uni
                0x00000000c0008700                ff_wtoupper
 .text          0x00000000c0008868       0xa7 compat/inlines.32
                0x00000000c0008868                CPU::current()
                0x00000000c0008874                operator new(unsigned long)
                0x00000000c0008879                operator delete(void*)
                0x00000000c000887e                disableIRQs()
                0x00000000c0008886                enableIRQs()
                0x00000000c0008895                lockScheduler()
                0x00000000c000889d                unlockScheduler()
                0x00000000c00088ac                lockStuff()
                0x00000000c00088ba                unlockStuff()
                0x00000000c00088f4                Virt::getAKernelVAS()
                0x00000000c00088fa                __not_memcpy
 *fill*         0x00000000c000890f        0x1 
 .text          0x00000000c0008910      0x118 compat/resolve.32
                0x00000000c0008910                Krnl::resolveCompatibilitySymbol(char*)
 .text          0x00000000c0008a28      0x7f7 core/computer.32
                0x00000000c0008a28                Computer::close(int, int, void*)
                0x00000000c0008a6c                Krnl::firstTask()
                0x00000000c0008bba                Computer::Computer()
                0x00000000c0008bba                Computer::Computer()
                0x00000000c0008d16                Computer::setBootMessage(char const*)
                0x00000000c0008d18                Computer::detectFeatures()
                0x00000000c0008f22                Computer::displayFeatures()
                0x00000000c0008f24                Computer::rdmsr(unsigned int)
                0x00000000c0008f50                Computer::wrmsr(unsigned int, unsigned long long)
                0x00000000c0008f88                Computer::nmiEnabled()
                0x00000000c0008f94                Computer::readCMOS(unsigned char)
                0x00000000c0008fae                Computer::enableNMI(bool)
                0x00000000c0008fc6                Computer::open(int, int, void*)
                0x00000000c0009162                Computer::disableNMI()
                0x00000000c0009170                Computer::writeCMOS(unsigned char, unsigned char)
                0x00000000c000918e                Computer::handleNMI()
                0x00000000c00091f4                Computer::setDiskActivityLight(int, bool)
 *fill*         0x00000000c000921f        0x1 
 .text          0x00000000c0009220      0x19d core/gdt.32
                0x00000000c0009220                GDTEntry::setBase(unsigned int)
                0x00000000c000923c                GDTEntry::setLimit(unsigned int)
                0x00000000c000925a                GDT::GDT()
                0x00000000c000925a                GDT::GDT()
                0x00000000c0009270                GDT::addEntry(GDTEntry)
                0x00000000c0009292                GDT::getNumberOfEntries()
                0x00000000c000929a                GDT::flush()
                0x00000000c00092bc                GDT::setup()
 .text          0x00000000c00093bd       0x6b core/idle.32
                0x00000000c00093bd                idleFunction(void*)
 .text          0x00000000c0009428      0x464 core/idt.32
                0x00000000c0009428                IDTEntry::IDTEntry(bool)
                0x00000000c0009428                IDTEntry::IDTEntry(bool)
                0x00000000c000949a                IDTEntry::setOffset(unsigned int)
                0x00000000c00094b0                IDT::IDT()
                0x00000000c00094b0                IDT::IDT()
                0x00000000c00094b2                IDT::getPointerToInvalidOpcodeEntryForF00F()
                0x00000000c00094ba                IDT::addEntry(IDTEntry, int)
                0x00000000c00094d4                IDT::addEntry(int, void (*)(), bool)
                0x00000000c000950c                IDT::flush()
                0x00000000c0009526                IDT::setup()
 .text          0x00000000c000988c      0x191 core/kheap.32
                0x00000000c000988c                sbrk
                0x00000000c000992f                mmap
                0x00000000c0009945                munmap
                0x00000000c000995b                liballoc_lock()
                0x00000000c0009968                liballoc_unlock()
                0x00000000c000997c                liballoc_alloc(int)
                0x00000000c0009994                liballoc_free(void*, int)
                0x00000000c00099af                realloc
                0x00000000c00099c3                malloc
                0x00000000c00099d3                free
                0x00000000c00099e3                rfree
                0x00000000c00099f3                calloc
 .text          0x00000000c0009a1d      0x437 core/main.32
                0x00000000c0009a1d                Krnl::setBootMessage(char const*)
                0x00000000c0009a89                kernel_main
 .text          0x00000000c0009e54      0x673 core/physmgr.32
                0x00000000c0009e54                Phys::allocateDMA(unsigned long)
                0x00000000c0009f63                Phys::freeDMA(unsigned long, unsigned long)
                0x00000000c0009fa9                Phys::setPageState(unsigned long, bool)
                0x00000000c0009fdb                Phys::getPageState(unsigned long)
                0x00000000c0009ff7                Phys::freePage(unsigned long)
                0x00000000c000a07a                Phys::allocatePage()
                0x00000000c000a165                Phys::allocateContiguousPages(int)
                0x00000000c000a1c1                Phys::allowSegmentToBeUsed(unsigned long, unsigned long)
                0x00000000c000a1f9                Phys::physicalMemorySetup(unsigned int)
 *fill*         0x00000000c000a4c7        0x1 
 .text          0x00000000c000a4c8      0x273 core/pipe.32
                0x00000000c000a4c8                Pipe::isAtty()
                0x00000000c000a4cc                Pipe::~Pipe()
                0x00000000c000a4cc                Pipe::~Pipe()
                0x00000000c000a4f0                Pipe::~Pipe()
                0x00000000c000a518                Pipe::read(unsigned long long, void*, int*)
                0x00000000c000a614                Pipe::write(unsigned long long, void*, int*)
                0x00000000c000a6d4                Pipe::Pipe(int)
                0x00000000c000a6d4                Pipe::Pipe(int)
 *fill*         0x00000000c000a73b        0x1 
 .text          0x00000000c000a73c      0xb93 core/terminal.32
                0x00000000c000a73c                VgaText::isAtty()
                0x00000000c000a740                VgaText::~VgaText()
                0x00000000c000a740                VgaText::~VgaText()
                0x00000000c000a764                VgaText::~VgaText()
                0x00000000c000a78e                VgaText::read(unsigned long long, void*, int*)
                0x00000000c000a7ae                setTerminalScrollLock(bool)
                0x00000000c000a7af                addToTerminalCycle(VgaText*)
                0x00000000c000a7d0                installVgaTextImplementation()
                0x00000000c000a7e5                scrollTerminalScrollLock(int)
                0x00000000c000a7e6                VgaText::updateTitle()
                0x00000000c000a824                VgaText::load()
                0x00000000c000a872                VgaText::updateCursor()
                0x00000000c000a888                VgaText::doANSI_SGR(int)
                0x00000000c000a8fc                VgaText::setDefaultBgColour(VgaColour)
                0x00000000c000a90c                VgaText::setDefaultFgColour(VgaColour)
                0x00000000c000a91c                VgaText::setDefaultColours(VgaColour, VgaColour)
                0x00000000c000a93c                VgaText::setTitleTextColour(VgaColour)
                0x00000000c000a94c                VgaText::setTitleColour(VgaColour)
                0x00000000c000a95c                VgaText::setTitle(char*)
                0x00000000c000a982                VgaText::combineColours(unsigned char, unsigned char)
                0x00000000c000a994                VgaText::scrollScreen()
                0x00000000c000aa28                VgaText::combineCharAndColour(char, unsigned char)
                0x00000000c000aa3a                VgaText::writeCharacter(char, VgaColour, VgaColour, int, int)
                0x00000000c000aa96                VgaText::getCursorX()
                0x00000000c000aa9e                VgaText::getCursorY()
                0x00000000c000aaa6                VgaText::setCursor(int, int)
                0x00000000c000aabd                setActiveTerminal(VgaText*)
                0x00000000c000ab1f                doTerminalCycle()
                0x00000000c000ab3a                VgaText::setCursorX(int)
                0x00000000c000ab52                VgaText::setCursorY(int)
                0x00000000c000ab6a                VgaText::incrementCursor(bool)
                0x00000000c000abbe                VgaText::decrementCursor(bool)
                0x00000000c000abe0                VgaText::putchar(char, VgaColour, VgaColour)
                0x00000000c000acb8                VgaText::doUpdate()
                0x00000000c000acc6                VgaText::puts(char const*, VgaColour, VgaColour)
                0x00000000c000ae3e                VgaText::clearScreen()
                0x00000000c000ae98                VgaText::putchar(char)
                0x00000000c000af84                VgaText::putx(unsigned int)
                0x00000000c000afca                VgaText::puts(char const*)
                0x00000000c000aff0                VgaText::VgaText(char const*)
                0x00000000c000aff0                VgaText::VgaText(char const*)
                0x00000000c000b16e                VgaText::receiveKey(unsigned char)
                0x00000000c000b256                VgaText::write(unsigned long long, void*, int*)
                0x00000000c000b2aa                newTerminal(char*)
 *fill*         0x00000000c000b2cf        0x1 
 .text          0x00000000c000b2d0      0x1a1 core/tss.32
                0x00000000c000b2d0                TSS::TSS()
                0x00000000c000b2d0                TSS::TSS()
                0x00000000c000b2e0                TSS::setESP(unsigned long)
                0x00000000c000b2f4                TSS::flush()
                0x00000000c000b314                TSS::setup(unsigned long, unsigned long)
 *fill*         0x00000000c000b471        0x1 
 .text          0x00000000c000b472      0x4c2 core/unixfile.32
                0x00000000c000b472                ReservedFilename::read(unsigned long long, void*, int*)
                0x00000000c000b4c8                ReservedFilename::isAtty()
                0x00000000c000b4e4                ReservedFilename::write(unsigned long long, void*, int*)
                0x00000000c000b542                UnixFile::getFileDescriptor()
                0x00000000c000b54a                UnixFile::UnixFile(int)
                0x00000000c000b54a                UnixFile::UnixFile(int)
                0x00000000c000b6fa                ReservedFilename::ReservedFilename(int)
                0x00000000c000b6fa                ReservedFilename::ReservedFilename(int)
                0x00000000c000b72c                UnixFile::~UnixFile()
                0x00000000c000b72c                UnixFile::~UnixFile()
                0x00000000c000b7c4                UnixFile::~UnixFile()
                0x00000000c000b7ec                ReservedFilename::~ReservedFilename()
                0x00000000c000b7ec                ReservedFilename::~ReservedFilename()
                0x00000000c000b810                ReservedFilename::~ReservedFilename()
                0x00000000c000b837                getFromFileDescriptor(int)
 .text          0x00000000c000b934     0x1218 core/virtmgr.32
                0x00000000c000b934                Virt::setPageState(unsigned long, Virt::VirtPageState)
                0x00000000c000b969                Virt::getPageState(unsigned long)
                0x00000000c000b98d                Virt::allocateKernelVirtualPages(int)
                0x00000000c000ba9e                Virt::freeSwapfilePage(unsigned long)
                0x00000000c000babc                Virt::swapIDToSector(unsigned long)
                0x00000000c000bace                Virt::allocateSwapfilePage()
                0x00000000c000bb4c                Virt::virtualMemorySetup()
                0x00000000c000bb97                Virt::setupPageSwapping(int)
                0x00000000c000bc08                VAS::VAS()
                0x00000000c000bc08                VAS::VAS()
                0x00000000c000bc44                VAS::VAS(VAS*)
                0x00000000c000bc44                VAS::VAS(VAS*)
                0x00000000c000bc72                VAS::getForeignPageTableEntry(bool, unsigned long)
                0x00000000c000bc9e                VAS::getPageTableEntry(unsigned long)
                0x00000000c000bcbd                Virt::freeKernelVirtualPages(unsigned long)
                0x00000000c000bde0                VAS::freeAllocatedPages(unsigned long)
                0x00000000c000be04                VAS::virtualToPhysical(unsigned long)
                0x00000000c000be1c                VAS::reflagRange(unsigned long, int, int, int)
                0x00000000c000be5c                VAS::setToWriteCombining(unsigned long, int)
                0x00000000c000be8e                VAS::mapOtherVASIn(bool, VAS*)
                0x00000000c000beb8                VAS::~VAS()
                0x00000000c000beb8                VAS::~VAS()
                0x00000000c000c034                VAS::mapPage(unsigned long, unsigned long, int)
                0x00000000c000c136                VAS::allocatePages(int, int)
                0x00000000c000c30e                VAS::setCPUSpecific(unsigned long)
                0x00000000c000c32a                VAS::mapRange(unsigned long, unsigned long, int, int)
                0x00000000c000c3f0                VAS::mapForeignPage(bool, VAS*, unsigned long, unsigned long, int)
                0x00000000c000c4de                VAS::VAS(bool)
                0x00000000c000c4de                VAS::VAS(bool)
                0x00000000c000c75e                VAS::evict(unsigned long)
                0x00000000c000c82e                VAS::tryLoadBackOffDisk(unsigned long)
                0x00000000c000c942                VAS::scanForEviction()
                0x00000000c000ca20                mapVASFirstTime
 .text          0x00000000c000cb4c       0x95 coreobjs/c++.32
                0x00000000c000cb4c                __cxa_atexit
                0x00000000c000cb4f                __cxa_finalize
                0x00000000c000cb50                __stack_chk_fail
                0x00000000c000cbbc                __cxa_pure_virtual
                0x00000000c000cbcd                operator new[](unsigned long)
                0x00000000c000cbd2                operator delete(void*, unsigned long)
                0x00000000c000cbd7                operator delete[](void*)
                0x00000000c000cbdc                operator delete[](void*, unsigned long)
 .text          0x00000000c000cbe1      0x1fc dbg/kconsole.32
                0x00000000c000cbe1                Dbg::stringifyxWithBase(unsigned int, char*, int)
                0x00000000c000cc3a                Dbg::logc(char)
                0x00000000c000cc5a                Dbg::logs(char*)
                0x00000000c000cc77                Dbg::logWriteInt(unsigned int)
                0x00000000c000cc94                Dbg::logWriteIntBase(unsigned int, int)
                0x00000000c000ccb3                Dbg::kprintf(char const*, ...)
 *fill*         0x00000000c000cddd        0x1 
 .text          0x00000000c000cdde      0xb82 fs/vfs.32
                0x00000000c000cdde                File::read(unsigned long long, void*, int*)
                0x00000000c000ce36                File::write(unsigned long long, void*, int*)
                0x00000000c000ce8e                Directory::read(unsigned long long, void*, int*)
                0x00000000c000cee6                Directory::write(unsigned long long, void*, int*)
                0x00000000c000cf14                File::isAtty()
                0x00000000c000cf18                Directory::isAtty()
                0x00000000c000cf1c                Filesystem::getlabel(LogicalDisk*, int, char*, unsigned int*)
                0x00000000c000cf22                Filesystem::setlabel(LogicalDisk*, int, char*)
                0x00000000c000cf28                Filesystem::allocateSwapfile(char const*, int)
                0x00000000c000cf2e                File::~File()
                0x00000000c000cf2e                File::~File()
                0x00000000c000cf52                File::~File()
                0x00000000c000cf7c                Directory::~Directory()
                0x00000000c000cf7c                Directory::~Directory()
                0x00000000c000cfa0                Directory::~Directory()
                0x00000000c000cfca                Filesystem::Filesystem()
                0x00000000c000cfca                Filesystem::Filesystem()
                0x00000000c000cfee                Filesystem::~Filesystem()
                0x00000000c000cfee                Filesystem::~Filesystem()
                0x00000000c000cffc                Filesystem::~Filesystem()
                0x00000000c000d020                Fs::getcwd(Process*, char*, int)
                0x00000000c000d04a                Fs::initVFS()
                0x00000000c000d074                Fs::standardiseFiles(char*, char const*, char const*)
                0x00000000c000d21e                File::File(char const*, Process*)
                0x00000000c000d21e                File::File(char const*, Process*)
                0x00000000c000d282                File::open(FileOpenMode)
                0x00000000c000d2e0                File::close()
                0x00000000c000d340                File::seek(unsigned long long)
                0x00000000c000d396                File::tell(unsigned long long*)
                0x00000000c000d3e6                File::rewind()
                0x00000000c000d3fa                File::unlink()
                0x00000000c000d446                File::rename(char const*)
                0x00000000c000d494                File::chfatattr(unsigned char, unsigned char)
                0x00000000c000d4f0                File::exists()
                0x00000000c000d52e                File::stat(unsigned long long*, bool*)
                0x00000000c000d58f                Fs::setcwd(Process*, char*)
                0x00000000c000d6ca                Directory::Directory(char const*, Process*)
                0x00000000c000d6ca                Directory::Directory(char const*, Process*)
                0x00000000c000d72e                Directory::open()
                0x00000000c000d78a                Directory::close()
                0x00000000c000d7ea                Directory::unlink()
                0x00000000c000d836                Directory::rename(char const*)
                0x00000000c000d884                Directory::exists()
                0x00000000c000d8c2                Directory::read(dirent*)
                0x00000000c000d90e                Directory::create()
                0x00000000c000d95a                Filesystem::chfatattr(char const*, unsigned char, unsigned char)
 .text          0x00000000c000d960       0x86 hal/bus.32
                0x00000000c000d960                Bus::Bus(char const*)
                0x00000000c000d960                Bus::Bus(char const*)
                0x00000000c000d998                Bus::~Bus()
                0x00000000c000d998                Bus::~Bus()
                0x00000000c000d9bc                Bus::~Bus()
 *fill*         0x00000000c000d9e6        0x2 
 .text          0x00000000c000d9e8      0x153 hal/buzzer.32
                0x00000000c000d9e8                Buzzer::Buzzer(char const*)
                0x00000000c000d9e8                Buzzer::Buzzer(char const*)
                0x00000000c000da2c                Buzzer::~Buzzer()
                0x00000000c000da2c                Buzzer::~Buzzer()
                0x00000000c000da50                Buzzer::~Buzzer()
                0x00000000c000da7a                Buzzer::stop()
                0x00000000c000da8d                beepThread(void*)
                0x00000000c000dace                Buzzer::beep(int, int, bool)
 *fill*         0x00000000c000db3b        0x1 
 .text          0x00000000c000db3c      0x467 hal/clock.32
                0x00000000c000db3c                User::loadClockSettings(int)
                0x00000000c000db8e                Clock::Clock(char const*)
                0x00000000c000db8e                Clock::Clock(char const*)
                0x00000000c000dbc4                Clock::~Clock()
                0x00000000c000dbc4                Clock::~Clock()
                0x00000000c000dbe8                Clock::~Clock()
                0x00000000c000dc12                Clock::timeInSecondsLocal()
                0x00000000c000dc5a                Clock::setTimeInSecondsLocal(unsigned long long)
                0x00000000c000dcb3                datetimeToSeconds(datetime_t)
                0x00000000c000ddda                Clock::setTimeInDatetimeLocal(datetime_t)
                0x00000000c000de3a                secondsToDatetime(unsigned long long)
                0x00000000c000df7e                Clock::timeInDatetimeLocal()
 *fill*         0x00000000c000dfa3        0x1 
 .text          0x00000000c000dfa4      0x504 hal/device.32
                0x00000000c000dfa4                Device::hibernate()
                0x00000000c000dfa6                Device::wake()
                0x00000000c000dfa8                Device::detect()
                0x00000000c000dfaa                Device::disableLegacy()
                0x00000000c000dfac                Device::powerSaving(PowerSavingLevel)
                0x00000000c000dfae                DriverlessDevice::close(int, int, void*)
                0x00000000c000dfb2                DriverlessDevice::detect()
                0x00000000c000dfb4                DriverlessDevice::open(int, int, void*)
                0x00000000c000dfc8                Device::~Device()
                0x00000000c000dfc8                Device::~Device()
                0x00000000c000dfd6                Device::~Device()
                0x00000000c000dffe                Device::findAndLoadDriver()
                0x00000000c000e00c                Device::preOpenPCI(PCIDeviceInfo)
                0x00000000c000e032                Device::preOpenACPI(void*, char*, char*)
                0x00000000c000e072                Device::addIRQHandler(int, void (*)(regs*, void*), bool, void*)
                0x00000000c000e0b0                Device::getParent()
                0x00000000c000e0bc                Device::removeIRQHandler(int, void (*)(regs*, void*), bool)
                0x00000000c000e0fa                Device::addChild(Device*)
                0x00000000c000e13e                Device::removeAllChildren()
                0x00000000c000e184                Device::hibernateAll()
                0x00000000c000e1b4                Device::wakeAll()
                0x00000000c000e1e4                Device::detectAll()
                0x00000000c000e214                Device::disableLegacyAll()
                0x00000000c000e244                Device::loadDriversForAll()
                0x00000000c000e284                Device::closeAll()
                0x00000000c000e2ba                Device::powerSavingAll(PowerSavingLevel)
                0x00000000c000e2f0                Device::setName(char const*)
                0x00000000c000e2fe                Device::Device(char const*)
                0x00000000c000e2fe                Device::Device(char const*)
                0x00000000c000e3fa                Device::getName()
                0x00000000c000e404                DriverlessDevice::DriverlessDevice(char const*)
                0x00000000c000e404                DriverlessDevice::DriverlessDevice(char const*)
                0x00000000c000e43a                Device::addToLinkedList(LinkedList<Device>&, DeviceType)
                0x00000000c000e47e                getDevicesOfType(DeviceType)
 .text          0x00000000c000e4a8       0x86 hal/diskctrl.32
                0x00000000c000e4a8                HardDiskController::HardDiskController(char const*)
                0x00000000c000e4a8                HardDiskController::HardDiskController(char const*)
                0x00000000c000e4e0                HardDiskController::~HardDiskController()
                0x00000000c000e4e0                HardDiskController::~HardDiskController()
                0x00000000c000e504                HardDiskController::~HardDiskController()
 .text          0x00000000c000e52e       0xe2 hal/diskphys.32
                0x00000000c000e52e                PhysicalDisk::eject()
                0x00000000c000e532                PhysicalDisk::PhysicalDisk(char const*, int)
                0x00000000c000e532                PhysicalDisk::PhysicalDisk(char const*, int)
                0x00000000c000e59a                PhysicalDisk::startCache()
                0x00000000c000e5c2                PhysicalDisk::~PhysicalDisk()
                0x00000000c000e5c2                PhysicalDisk::~PhysicalDisk()
                0x00000000c000e5e6                PhysicalDisk::~PhysicalDisk()
 .text          0x00000000c000e610      0x147 hal/fpu.32
                0x00000000c000e610                FPU::FPU(char const*)
                0x00000000c000e610                FPU::FPU(char const*)
                0x00000000c000e648                FPU::~FPU()
                0x00000000c000e648                FPU::~FPU()
                0x00000000c000e66c                FPU::~FPU()
                0x00000000c000e696                setupFPU()
 *fill*         0x00000000c000e757        0x1 
 .text          0x00000000c000e758     0x11e1 hal/intctrl.32
                0x00000000c000e758                InterruptController::uninstallISRHandler(int, void (*)(regs*, void*))
                0x00000000c000e790                InterruptController::installISRHandler(int, void (*)(regs*, void*), void*)
                0x00000000c000e7e2                doubleFault(regs*, void*)
                0x00000000c000e7fc                InterruptController::installIRQHandler(int, void (*)(regs*, void*), bool, void*)
                0x00000000c000e898                InterruptController::clearAllHandlers(int, bool)
                0x00000000c000e940                InterruptController::uninstallIRQHandler(int, void (*)(regs*, void*), bool)
                0x00000000c000e9c7                nmiHandler(regs*, void*)
                0x00000000c000e9d5                int_handler
                0x00000000c000ea76                InterruptController::InterruptController(char const*)
                0x00000000c000ea76                InterruptController::InterruptController(char const*)
                0x00000000c000eb1c                InterruptController::~InterruptController()
                0x00000000c000eb1c                InterruptController::~InterruptController()
                0x00000000c000eb40                InterruptController::~InterruptController()
                0x00000000c000eb6a                displayDebugInfo(regs*)
                0x00000000c000eff9                x87EmulHandler(regs*, void*)
                0x00000000c000f06c                gpFault(regs*, void*)
                0x00000000c000f0a5                pgFault(regs*, void*)
                0x00000000c000f0f4                otherISRHandler(regs*, void*)
                0x00000000c000f113                opcodeFault(regs*, void*)
                0x00000000c000f4d6                displayProgramFault(char const*)
                0x00000000c000f4fe                setupInterruptController()
                0x00000000c000f8ec                InterruptController::convertLegacyIRQNumber(int)
 *fill*         0x00000000c000f939        0x1 
 .text          0x00000000c000f93a      0x784 hal/keybrd.32
                0x00000000c000f93a                startGUI(void*)
                0x00000000c000f9a6                startGUIVESA(void*)
                0x00000000c000fa12                sendKeyToTerminal(unsigned char)
                0x00000000c000fad0                sendKeyboardToken(KeyboardToken)
                0x00000000c000ff0d                clearInternalKeybuffer(VgaText*)
                0x00000000c000ff42                readKeyboard(VgaText*, char*, unsigned long)
                0x00000000c0010034                Keyboard::Keyboard(char const*)
                0x00000000c0010034                Keyboard::Keyboard(char const*)
                0x00000000c0010070                Keyboard::~Keyboard()
                0x00000000c0010070                Keyboard::~Keyboard()
                0x00000000c0010094                Keyboard::~Keyboard()
 .text          0x00000000c00100be      0x3ea hal/logidisk.32
                0x00000000c00100be                LogicalDisk::close(int, int, void*)
                0x00000000c00100c2                LogicalDisk::~LogicalDisk()
                0x00000000c00100c2                LogicalDisk::~LogicalDisk()
                0x00000000c00100e6                LogicalDisk::~LogicalDisk()
                0x00000000c0010110                LogicalDisk::open(int, int, void*)
                0x00000000c0010124                LogicalDisk::absoluteToRelative(unsigned long long)
                0x00000000c001015c                LogicalDisk::relativeToAbsolute(unsigned long long)
                0x00000000c00101a2                LogicalDisk::LogicalDisk(char const*, PhysicalDisk*, unsigned long long, unsigned long long)
                0x00000000c00101a2                LogicalDisk::LogicalDisk(char const*, PhysicalDisk*, unsigned long long, unsigned long long)
                0x00000000c0010258                LogicalDisk::assignDriveLetter()
                0x00000000c001030e                LogicalDisk::mount()
                0x00000000c0010356                LogicalDisk::unmount()
                0x00000000c0010366                LogicalDisk::eject()
                0x00000000c001037a                LogicalDisk::unassignDriveLetter()
                0x00000000c00103d0                LogicalDisk::read(unsigned long long, int, void*)
                0x00000000c001043c                LogicalDisk::write(unsigned long long, int, void*)
 .text          0x00000000c00104a8       0x86 hal/mouse.32
                0x00000000c00104a8                Mouse::Mouse(char const*)
                0x00000000c00104a8                Mouse::Mouse(char const*)
                0x00000000c00104e0                Mouse::~Mouse()
                0x00000000c00104e0                Mouse::~Mouse()
                0x00000000c0010504                Mouse::~Mouse()
 .text          0x00000000c001052e      0x339 hal/partition.32
                0x00000000c001052e                makePartition(PhysicalDisk*, unsigned long long, unsigned long long)
                0x00000000c00105d6                createPartitionsForDisk(PhysicalDisk*)
 *fill*         0x00000000c0010867        0x1 
 .text          0x00000000c0010868       0x86 hal/serial.32
                0x00000000c0010868                Serial::Serial(char const*)
                0x00000000c0010868                Serial::Serial(char const*)
                0x00000000c00108a0                Serial::~Serial()
                0x00000000c00108a0                Serial::~Serial()
                0x00000000c00108c4                Serial::~Serial()
 *fill*         0x00000000c00108ee        0x2 
 .text          0x00000000c00108f0      0x2f2 hal/timer.32
                0x00000000c00108f0                Timer::Timer(char const*)
                0x00000000c00108f0                Timer::Timer(char const*)
                0x00000000c0010928                Timer::~Timer()
                0x00000000c0010928                Timer::~Timer()
                0x00000000c001094c                Timer::~Timer()
                0x00000000c0010976                Timer::read()
                0x00000000c0010981                timerHandler(unsigned int)
                0x00000000c0010ae8                setupTimer(int)
 *fill*         0x00000000c0010be2        0x2 
 .text          0x00000000c0010be4      0x42e hal/vcache.32
                0x00000000c0010be4                VCache::VCache(PhysicalDisk*)
                0x00000000c0010be4                VCache::VCache(PhysicalDisk*)
                0x00000000c0010d4c                VCache::invalidateReadBuffer()
                0x00000000c0010d5c                VCache::writeWriteBuffer()
                0x00000000c0010d98                VCache::~VCache()
                0x00000000c0010d98                VCache::~VCache()
                0x00000000c0010dec                VCache::~VCache()
                0x00000000c0010e14                VCache::write(unsigned long long, int, void*)
                0x00000000c0010f0e                VCache::read(unsigned long long, int, void*)
 .text          0x00000000c0011012      0x4b3 hal/video.32
                0x00000000c0011012                Video::putrect(int, int, int, int, unsigned int)
                0x00000000c001105e                Video::bitblit(int, int, int, int, int, int, int, unsigned int*)
                0x00000000c00110ce                Video::blit(unsigned int*, int, int, int, int)
                0x00000000c001114c                Video::clearScreen(unsigned int)
                0x00000000c0011180                Video::putpixel(int, int, unsigned int)
                0x00000000c001118e                Video::Video(char const*)
                0x00000000c001118e                Video::Video(char const*)
                0x00000000c00111c4                Video::~Video()
                0x00000000c00111c4                Video::~Video()
                0x00000000c00111e8                Video::~Video()
                0x00000000c0011212                Video::isMonochrome()
                0x00000000c001121e                Video::getWidth()
                0x00000000c001122a                Video::getHeight()
                0x00000000c0011236                Video::drawCursor(int, int, unsigned char*, int)
                0x00000000c00112f2                Video::tgaParse(unsigned char*, int, int*, int*)
                0x00000000c001145a                Video::putTGA(int, int, unsigned char*, int)
 *fill*         0x00000000c00114c5        0x3 
 .text          0x00000000c00114c8     0x16e7 hw/acpi.32
                0x00000000c00114c8                ACPI::close(int, int, void*)
                0x00000000c001157c                findRSDP()
                0x00000000c0011650                loadACPITables(unsigned char*)
                0x00000000c00118b4                findRSDT(unsigned char*)
                0x00000000c0011a74                findDataTable(unsigned char*, char*)
                0x00000000c0011aec                scanMADT()
                0x00000000c0011fc8                ACPI::ACPI()
                0x00000000c0011fc8                ACPI::ACPI()
                0x00000000c001202c                ACPI::getPCIIRQAssignment(unsigned char, unsigned short, unsigned char)
                0x00000000c0012114                ACPI::registerPCIIRQAssignment(void*, unsigned short, unsigned char, unsigned char)
                0x00000000c00121dc                ACPI::setScreenBrightnessLevel(void*, int)
                0x00000000c00121e4                ACPI::detectPCI()
                0x00000000c00126c8                ACPI::writeSimpleBootFlag(SimpleBootFlagTable*)
                0x00000000c0012710                ACPI::sleep()
                0x00000000c001272c                ACPI::open(int, int, void*)
 *fill*         0x00000000c0012baf        0x1 
 .text          0x00000000c0012bb0     0x1583 hw/cpu.32
                0x00000000c0012bb0                CPU::close(int, int, void*)
                0x00000000c0012bb4                CPU::lookupAMDName(unsigned char, unsigned char)
                0x00000000c0012d48                CPU::lookupIntelName(unsigned char, unsigned char)
                0x00000000c0012ff6                CPU::AMD_K6_write_msr(unsigned int, unsigned int, unsigned int, CPU::REGS*)
                0x00000000c0013012                CPU::AMD_K6_read_msr(unsigned int, CPU::REGS*)
                0x00000000c001302a                CPU::AMD_K6_writeback(int, int, int)
                0x00000000c001309e                CPU::cpuid(int, unsigned long*, unsigned long*, unsigned long*, unsigned long*)
                0x00000000c0013122                CPU::cpuidCheckEDX(unsigned int)
                0x00000000c0013150                CPU::cpuidCheckECX(unsigned int)
                0x00000000c001317e                CPU::cpuidCheckExtendedEBX(unsigned int)
                0x00000000c00131ac                CPU::cpuidCheckExtendedECX(unsigned int)
                0x00000000c00131da                CPU::CPU()
                0x00000000c00131da                CPU::CPU()
                0x00000000c0013268                CPU::displayFeatures()
                0x00000000c001326a                CPU::detectFeatures()
                0x00000000c0013c5c                CPU::setupSMEP()
                0x00000000c0013c68                CPU::setupUMIP()
                0x00000000c0013c72                CPU::setupTSC()
                0x00000000c0013c7c                CPU::setupLargePages()
                0x00000000c0013c86                CPU::setupPAT()
                0x00000000c0013cc2                CPU::setupMTRR()
                0x00000000c0013cc4                CPU::setupGlobalPages()
                0x00000000c0013cce                CPU::allowUsermodeDataAccess()
                0x00000000c0013ce0                CPU::prohibitUsermodeDataAccess()
                0x00000000c0013cf2                CPU::setupSMAP()
                0x00000000c0013d00                CPU::setupFeatures()
                0x00000000c0013dcc                CPU::open(int, int, void*)
                0x00000000c0013f38                CPU::decodeAddress(regs*, int*, bool*, unsigned char*)
 .text          0x00000000c0014133        0x0 hw/ports.32
 .text          0x00000000c0014133      0x16a hw/smp.32
                0x00000000c0014133                Krnl::smpEntry()
                0x00000000c0014135                Krnl::startCPU(int)
                0x00000000c001427e                Krnl::startCPUs()
 *fill*         0x00000000c001429d        0x1 
 .text          0x00000000c001429e      0x581 krnl/env.32
                0x00000000c001429e                EnvVarContainer::getEnv(char const*)
                0x00000000c00142dc                EnvVarContainer::setEnv(char const*, char const*)
                0x00000000c001439e                EnvVarContainer::deleteEnv(char const*)
                0x00000000c00143a0                EnvVarContainer::loadFrom(char const*, char const*)
                0x00000000c0014586                EnvVarContainer::__loadSystem()
                0x00000000c00145a0                EnvVarContainer::__loadUser()
                0x00000000c00145a2                EnvVarContainer::EnvVarContainer(Process*)
                0x00000000c00145a2                EnvVarContainer::EnvVarContainer(Process*)
                0x00000000c00145c4                EnvVarContainer::~EnvVarContainer()
                0x00000000c00145c4                EnvVarContainer::~EnvVarContainer()
                0x00000000c00145f4                Krnl::getEnv(Process*, char const*)
                0x00000000c0014659                Krnl::setEnvSystem(char const*, char const*)
                0x00000000c0014673                Krnl::setEnvUser(char const*, char const*)
                0x00000000c0014692                Krnl::setEnvProcess(Process*, char const*, char const*)
                0x00000000c00146a5                Krnl::deleteEnvSystem(char const*)
                0x00000000c00146a6                Krnl::deleteEnvUser(char const*)
                0x00000000c00146a7                Krnl::deleteEnvProcess(Process*, char const*)
                0x00000000c00146a8                Krnl::newProcessEnv(Process*)
                0x00000000c00146ca                Krnl::copyProcessEnv(Process*, Process*)
                0x00000000c0014716                Krnl::loadSystemEnv()
                0x00000000c0014744                Krnl::loadUserEnv()
                0x00000000c001476a                Krnl::flushEnv()
                0x00000000c001476b                Krnl::getProcessTotalEnvCount(Process*)
                0x00000000c001478b                Krnl::getProcessEnvPair(Process*, int)
 .text          0x00000000c001481f      0x39c krnl/panic.32
                0x00000000c001481f                Krnl::panic(char const*)
 *fill*         0x00000000c0014bbb        0x1 
 .text          0x00000000c0014bbc      0x5a0 net/ethernet.32
                0x00000000c0014bbc                Net::switchEndian16(unsigned short)
                0x00000000c0014be0                Net::switchEndian32(unsigned int)
                0x00000000c0014c10                Net::crc32Calc(unsigned char*, int)
                0x00000000c0014cb4                Net::wrapEthernetFrame(Net::UnwrappedEthernetFrame, unsigned char*)
                0x00000000c0014ed0                Net::unwrapEthernetFrame(unsigned char*, int)
 .text          0x00000000c001515c      0x50e reg/registry.32
                0x00000000c001515c                Reg::findLineFromLoadedData(char*, char*, char*)
                0x00000000c00152b4                Reg::getLineFromRegistry(char*, char*, char*, char*)
                0x00000000c0015409                Reg::getLine(char*, char*, char*)
                0x00000000c0015440                Reg::readInt(char*, char*, int*)
                0x00000000c001552b                Reg::readString(char*, char*, char*, int)
                0x00000000c00155ac                Reg::readBool(char*, char*, bool*)
                0x00000000c00155d1                Reg::readBoolWithDefault(char*, char*, bool)
                0x00000000c00155fd                Reg::readIntWithDefault(char*, char*, int)
                0x00000000c0015629                Reg::readStringWithDefault(char*, char*, char*, int, char*)
 .text          0x00000000c001566a       0x36 sys/sc_eject.32
                0x00000000c001566a                Sys::eject(regs*)
 .text          0x00000000c00156a0       0x18 sys/sc_exit.32
                0x00000000c00156a0                Sys::exit(regs*)
 .text          0x00000000c00156b8       0x1f sys/sc_getcwd.32
                0x00000000c00156b8                Sys::getCwd(regs*)
 .text          0x00000000c00156d7        0xc sys/sc_getpid.32
                0x00000000c00156d7                Sys::getPID(regs*)
 .text          0x00000000c00156e3       0x1a sys/sc_getramdata.32
                0x00000000c00156e3                Sys::getRAMData(regs*)
 .text          0x00000000c00156fd       0x84 sys/sc_getvgaptr.32
                0x00000000c00156fd                Sys::getVGAPtr(regs*)
 .text          0x00000000c0015781       0xa8 sys/sc_loaddll.32
                0x00000000c0015781                Sys::loadDLL(regs*)
 .text          0x00000000c0015829       0x68 sys/sc_read.32
                0x00000000c0015829                Sys::read(regs*)
 .text          0x00000000c0015891       0x55 sys/sc_sbrk.32
                0x00000000c0015891                Sys::sbrk(regs*)
 .text          0x00000000c00158e6       0x1c sys/sc_setcwd.32
                0x00000000c00158e6                Sys::setCwd(regs*)
 .text          0x00000000c0015902       0x95 sys/sc_settime.32
                0x00000000c0015902                Sys::setTime(regs*)
 .text          0x00000000c0015997       0x4a sys/sc_timezone.32
                0x00000000c0015997                Sys::timezone(regs*)
 .text          0x00000000c00159e1       0x68 sys/sc_write.32
                0x00000000c00159e1                Sys::write(regs*)
 .text          0x00000000c0015a49       0x62 sys/sc_wsbe.32
                0x00000000c0015a49                Sys::wsbe(regs*)
 .text          0x00000000c0015aab       0x38 sys/sc_yield.32
                0x00000000c0015aab                Sys::yield(regs*)
 .text          0x00000000c0015ae3      0xf8e sys/syscalls.32
                0x00000000c0015ae3                sysCallSeekDir(regs*)
                0x00000000c0015ae8                sysCallTellDir(regs*)
                0x00000000c0015aed                sysCallVerify(regs*)
                0x00000000c0015af7                sysCallGetArgc(regs*)
                0x00000000c0015b07                sysFormatDisk(regs*)
                0x00000000c0015b71                sysSetDiskVolumeLabel(regs*)
                0x00000000c0015bbb                sysGetDiskVolumeLabel(regs*)
                0x00000000c0015c10                sysShutdown(regs*)
                0x00000000c0015c6e                sysCallRealpath(regs*)
                0x00000000c0015cb1                sysCallReadDir(regs*)
                0x00000000c0015d30                sysCallIsATTY(regs*)
                0x00000000c0015d8a                sysCallSeek(regs*)
                0x00000000c0015de1                sysCallTell(regs*)
                0x00000000c0015e4d                sysCallSize(regs*)
                0x00000000c0015ebf                sysCallSizeFromFilename(regs*)
                0x00000000c0015f6e                sysCallClose(regs*)
                0x00000000c0015fce                sysCallOpenDir(regs*)
                0x00000000c0016043                sysCallCloseDir(regs*)
                0x00000000c0016097                sysCallMakeDir(regs*)
                0x00000000c0016107                sysCallWait(regs*)
                0x00000000c0016121                sysCallNotImpl(regs*)
                0x00000000c001613c                sysPanic(regs*)
                0x00000000c0016156                sysCallRmdir(regs*)
                0x00000000c00161ba                sysCallUnlink(regs*)
                0x00000000c001621e                sysCallGetArgv(regs*)
                0x00000000c001626a                sysCallTTYName(regs*)
                0x00000000c00162ed                sysCallUSleep(regs*)
                0x00000000c0016316                sysCallSpawn(regs*)
                0x00000000c001637e                sysCallGetEnv(regs*)
                0x00000000c001642b                sysAppSettings(regs*)
                0x00000000c001653f                sysSetFatAttrib(regs*)
                0x00000000c00165b1                sysPipe(regs*)
                0x00000000c00165f6                sysGetUnixTime(regs*)
                0x00000000c001660a                string_ends_with(char const*, char const*)
                0x00000000c0016652                sysCallOpen(regs*)
                0x00000000c001683a                Sys::loadSyscalls()
                0x00000000c0016a2f                Sys::systemCall(regs*, void*)
 .text          0x00000000c0016a71     0x1203 thr/elf.32
                0x00000000c0016a71                Thr::allocateMemoryForTask(Process*, File*, unsigned long, unsigned long, unsigned long)
                0x00000000c0016d1b                Thr::loadProgramIntoMemory(Process*, char const*)
                0x00000000c0016f31                Thr::runtimeReferenceHelper()
                0x00000000c0016f44                Thr::getAddressOfKernelSymbol(char const*)
                0x00000000c0016f93                Thr::loadKernelSymbolTable(char const*)
                0x00000000c0017251                Thr::loadDriverIntoMemory(char const*, unsigned long, bool)
                0x00000000c0017987                Thr::getDriverBaseFromAddress(unsigned long)
                0x00000000c00179b9                Thr::getDriverNameFromAddress(unsigned long)
                0x00000000c00179f0                Thr::getDriverOffsetFromAddress(unsigned long)
                0x00000000c0017a0a                Thr::loadDLL(char const*, bool)
                0x00000000c0017c3b                Thr::executeDLL(unsigned long, void*)
 .text          0x00000000c0017c74     0x12a9 thr/prcssthr.32
                0x00000000c0017c74                userModeEntryPoint(void*)
                0x00000000c0017c9c                changeTSS
                0x00000000c0017ccc                switchToThread(ThreadControlBlock*)
                0x00000000c0017d80                Process::addArgs(char**)
                0x00000000c0017de0                Process::Process(char const*, Process*, char**)
                0x00000000c0017de0                Process::Process(char const*, Process*, char**)
                0x00000000c0017fcc                Process::Process(bool, char const*, Process*, char**)
                0x00000000c0017fcc                Process::Process(bool, char const*, Process*, char**)
                0x00000000c0018184                taskStartupFunction
                0x00000000c0018190                Semaphore::Semaphore(int)
                0x00000000c0018190                Semaphore::Semaphore(int)
                0x00000000c00181c0                Mutex::Mutex()
                0x00000000c00181c0                Mutex::Mutex()
                0x00000000c00181d4                Process::createThread(void (*)(void*), void*, int)
                0x00000000c00182cc                Process::createUserThread()
                0x00000000c00182e8                setupMultitasking(void (*)())
                0x00000000c00183f0                schedule()
                0x00000000c001847c                Semaphore::tryAcquire()
                0x00000000c0018548                Semaphore::assertLocked(char const*)
                0x00000000c00185c0                blockTaskWithSchedulerLockAlreadyHeld(TaskState)
                0x00000000c00185e8                blockTask(TaskState)
                0x00000000c0018618                waitTask(int, int*, int)
                0x00000000c001865c                milliTenthSleepUntil(unsigned int)
                0x00000000c00186e8                milliTenthSleep(unsigned int)
                0x00000000c00186f8                sleep(unsigned int)
                0x00000000c0018714                Semaphore::acquire()
                0x00000000c00187d0                taskReturned
                0x00000000c001880c                Thr::processFromPID(int)
                0x00000000c00188ac                unblockTask(ThreadControlBlock*)
                0x00000000c0018950                cleanupTerminatedTask(ThreadControlBlock*)
                0x00000000c0018c18                cleanerTaskFunction(void*)
                0x00000000c0018d08                terminateTask(int)
                0x00000000c0018dd4                Thr::terminateFromIRQ(int)
                0x00000000c0018de0                Semaphore::release()
 .text          0x00000000c0018f1d      0xada vm86/vm8086.32
                0x00000000c0018f1d                Vm::inbv(unsigned short)
                0x00000000c0018f30                Vm::outbv(unsigned short, unsigned char)
                0x00000000c0018f66                Vm::realToLinear(unsigned short, unsigned short)
                0x00000000c0018f76                Vm::getSegment(unsigned int)
                0x00000000c0018f7e                Vm::getOffset(unsigned int)
                0x00000000c0018f83                Vm::mainloop2()
                0x00000000c0018fbd                Vm::mainVm8086Loop(void*)
                0x00000000c0018fcd                Vm::mainloop3(unsigned long)
                0x00000000c0018ff3                Vm::initialise8086()
                0x00000000c0019036                Vm::finish8086()
                0x00000000c0019097                Vm::getOutput8086(unsigned char*)
                0x00000000c00190bc                Vm::start8086(char const*, unsigned short, unsigned short, unsigned short, unsigned short)
                0x00000000c0019224                Vm::doISR(regs*, int, unsigned char*, unsigned short, unsigned short)
                0x00000000c00192ae                Vm::readByteFromReal(unsigned short, unsigned short)
                0x00000000c00192bf                Vm::readWordFromReal(unsigned short, unsigned short)
                0x00000000c00192d1                Vm::readDwordFromReal(unsigned short, unsigned short)
                0x00000000c00192e2                Vm::writeByteFromReal(unsigned short, unsigned short, unsigned char)
                0x00000000c00192f7                Vm::writeWordFromReal(unsigned short, unsigned short, unsigned short)
                0x00000000c001930d                Vm::writeDwordFromReal(unsigned short, unsigned short, unsigned int)
                0x00000000c0019322                Vm::faultHandler(regs*)
 *fill*         0x00000000c00199f7        0x1 
 .text          0x00000000c00199f8      0xfcd vm86/x87em.32
                0x00000000c00199f8                Vm::fpuInternalTo32(unsigned long long)
                0x00000000c0019a56                Vm::fpuInternalTo64(unsigned long long)
                0x00000000c0019a5f                Vm::fpu32ToInternal(unsigned int)
                0x00000000c0019aa4                Vm::fpu64ToInternal(unsigned long long)
                0x00000000c0019aad                Vm::fpuFloatToLong(unsigned long long)
                0x00000000c0019b0c                Vm::fpuULongToFloat(unsigned long long)
                0x00000000c0019b48                Vm::fpuLongToFloat(long long)
                0x00000000c0019ba7                Vm::fpuGet0()
                0x00000000c0019bac                Vm::fpuGet1()
                0x00000000c0019bb4                Vm::fpuGetPi()
                0x00000000c0019bbc                Vm::fpuGetLog2E()
                0x00000000c0019bd4                Vm::fpuGetLogE2()
                0x00000000c0019bec                Vm::fpuGetLog210()
                0x00000000c0019c04                Vm::fpuGetLog102()
                0x00000000c0019c1c                Vm::fpuIsSecondLarger(unsigned long long, unsigned long long)
                0x00000000c0019c30                Vm::fpuAreEqual(unsigned long long, unsigned long long)
                0x00000000c0019c46                Vm::fpuUnorderedCompare(unsigned long long, unsigned long long)
                0x00000000c0019c9c                Vm::fpuAdd(unsigned long long, unsigned long long)
                0x00000000c0019cad                Vm::fpuAbs(unsigned long long)
                0x00000000c0019cb6                Vm::fpuChs(unsigned long long)
                0x00000000c0019cc6                Vm::fpuSub(unsigned long long, unsigned long long)
                0x00000000c0019cd5                Vm::fpuMultiply(unsigned long long, unsigned long long)
                0x00000000c0019cf4                Vm::fpuDivide(unsigned long long, unsigned long long)
                0x00000000c0019d10                Vm::fpuSquare(unsigned long long)
                0x00000000c0019d26                Vm::fpuGetReg(int)
                0x00000000c0019d69                Vm::fpuSetReg(int, unsigned long long)
                0x00000000c0019db5                Vm::fpuPush(unsigned long long)
                0x00000000c0019e13                Vm::fpuPop()
                0x00000000c0019e66                Vm::x87Handler(regs*)
 *fill*         0x00000000c001a9c5        0x3 
 .text          0x00000000c001a9c8     0x13b7 fs/fat/vfslink.32
                0x00000000c001a9c8                FAT::getName()
                0x00000000c001a9d0                FAT::tell(void*, unsigned long long*)
                0x00000000c001aa0c                FAT::stat(void*, unsigned long long*)
                0x00000000c001aa48                FAT::~FAT()
                0x00000000c001aa48                FAT::~FAT()
                0x00000000c001aa6c                FAT::~FAT()
                0x00000000c001aa94                FAT::getlabel(LogicalDisk*, int, char*, unsigned int*)
                0x00000000c001ab38                FAT::setlabel(LogicalDisk*, int, char*)
                0x00000000c001abfc                FAT::format(LogicalDisk*, int, char const*, int)
                0x00000000c001add0                FAT::tryMount(LogicalDisk*, int)
                0x00000000c001afe8                FAT::allocateSwapfile(char const*, int)
                0x00000000c001b1a4                FAT::readDir(void*, unsigned long, void*, int*)
                0x00000000c001b310                FAT::read(void*, unsigned long, void*, int*)
                0x00000000c001b370                FAT::write(void*, unsigned long, void*, int*)
                0x00000000c001b3d0                FAT::close(void*)
                0x00000000c001b424                FAT::closeDir(void*)
                0x00000000c001b478                FAT::seek(void*, unsigned long long)
                0x00000000c001b4d4                fatWrapperReadDisk
                0x00000000c001b51c                fatWrapperWriteDisk
                0x00000000c001b564                fatWrapperIoctl
                0x00000000c001b674                FAT::FAT()
                0x00000000c001b674                FAT::FAT()
                0x00000000c001b6c8                FAT::fixFilepath(char*)
                0x00000000c001b704                FAT::open(char const*, void**, FileOpenMode)
                0x00000000c001b838                FAT::openDir(char const*, void**)
                0x00000000c001b8e8                FAT::stat(char const*, unsigned long long*, bool*)
                0x00000000c001b9dc                FAT::unlink(char const*)
                0x00000000c001ba5c                FAT::chfatattr(char const*, unsigned char, unsigned char)
                0x00000000c001bbc4                FAT::rename(char const*, char const*)
                0x00000000c001bc90                FAT::mkdir(char const*)
                0x00000000c001bd10                FAT::exists(char const*)
 *fill*         0x00000000c001bd7f        0x1 
 .text          0x00000000c001bd80      0xb75 fs/iso9660/vfslink.32
                0x00000000c001bd80                ISO9660::format(LogicalDisk*, int, char const*, int)
                0x00000000c001bd86                ISO9660::seek(void*, unsigned long long)
                0x00000000c001bdb6                ISO9660::tell(void*, unsigned long long*)
                0x00000000c001bdda                ISO9660::getName()
                0x00000000c001bde0                ISO9660::stat(void*, unsigned long long*)
                0x00000000c001be04                ISO9660::chfatattr(char const*, unsigned char, unsigned char)
                0x00000000c001be0a                ISO9660::unlink(char const*)
                0x00000000c001be10                ISO9660::write(void*, unsigned long, void*, int*)
                0x00000000c001be16                ISO9660::rename(char const*, char const*)
                0x00000000c001be1c                ISO9660::mkdir(char const*)
                0x00000000c001be22                ISO9660::close(void*)
                0x00000000c001be44                ISO9660::closeDir(void*)
                0x00000000c001be66                ISO9660::~ISO9660()
                0x00000000c001be66                ISO9660::~ISO9660()
                0x00000000c001be8a                ISO9660::~ISO9660()
                0x00000000c001beb1                __memmem(unsigned char*, int, unsigned char*, int)
                0x00000000c001bef3                readSectorFromCDROM(unsigned int, unsigned char*, char)
                0x00000000c001bf4e                ISO9660::tryMount(LogicalDisk*, int)
                0x00000000c001bf9e                ISO9660::read(void*, unsigned long, void*, int*)
                0x00000000c001c1a2                ISO9660::readDir(void*, unsigned long, void*, int*)
                0x00000000c001c41c                readRoot(unsigned int*, unsigned int*, char)
                0x00000000c001c470                readRecursively(char*, unsigned int, unsigned int, unsigned int*, unsigned int*, char, int*)
                0x00000000c001c643                getFileData(char*, unsigned int*, unsigned int*, char, int*)
                0x00000000c001c6d2                ISO9660::open(char const*, void**, FileOpenMode)
                0x00000000c001c780                ISO9660::exists(char const*)
                0x00000000c001c7a4                ISO9660::stat(char const*, unsigned long long*, bool*)
                0x00000000c001c838                ISO9660::openDir(char const*, void**)
                0x00000000c001c8d2                ISO9660::ISO9660()
                0x00000000c001c8d2                ISO9660::ISO9660()
 *fill*         0x00000000c001c8f5        0x1 
 .text          0x00000000c001c8f6      0x298 hal/sound/sndcard.32
                0x00000000c001c8f6                SoundCard::beginPlayback()
                0x00000000c001c904                SoundCard::stopPlayback()
                0x00000000c001c912                SoundCard::SoundCard(char const*)
                0x00000000c001c912                SoundCard::SoundCard(char const*)
                0x00000000c001c9b0                SoundCard::~SoundCard()
                0x00000000c001c9b0                SoundCard::~SoundCard()
                0x00000000c001c9d4                SoundCard::~SoundCard()
                0x00000000c001c9fe                SoundCard::configureRates(int, int, int)
                0x00000000c001ca2e                SoundCard::getSamples16(int, short*)
                0x00000000c001ca98                SoundCard::getSamples32(int, int*)
                0x00000000c001cb1e                SoundCard::addChannel(SoundPort*)
                0x00000000c001cb7a                SoundCard::removeChannel(int)
 *fill*         0x00000000c001cb8e        0x2 
 .text          0x00000000c001cb90      0x3fb hal/sound/sndport.32
                0x00000000c001cb90                SoundPort::SoundPort(int, int, int, int)
                0x00000000c001cb90                SoundPort::SoundPort(int, int, int, int)
                0x00000000c001cc1c                SoundPort::~SoundPort()
                0x00000000c001cc1c                SoundPort::~SoundPort()
                0x00000000c001cc50                SoundPort::unpause()
                0x00000000c001cc5c                SoundPort::pause()
                0x00000000c001cc68                SoundPort::getBufferUsed()
                0x00000000c001cc70                SoundPort::getBufferSize()
                0x00000000c001cc78                SoundPort::buffer16(short*, int)
                0x00000000c001cd2c                SoundPort::buffer32(int*, int)
                0x00000000c001cdd8                SoundPort::unbufferAndAdd16(int, short*, SoundCard*)
                0x00000000c001ced4                SoundPort::unbufferAndAdd32(int, int*, SoundCard*)
 .text          0x00000000c001cf8b        0x0 hw/bus/isa.32
 *fill*         0x00000000c001cf8b        0x1 
 .text          0x00000000c001cf8c     0x19e9 hw/bus/pci.32
                0x00000000c001cf8c                PCI::open(int, int, void*)
                0x00000000c001cfaa                PCI::close(int, int, void*)
                0x00000000c001cfae                PCI::PCI()
                0x00000000c001cfae                PCI::PCI()
                0x00000000c001d044                PCI::readBAR8(unsigned int, int)
                0x00000000c001d060                PCI::readBAR16(unsigned int, int)
                0x00000000c001d07e                PCI::readBAR32(unsigned int, int)
                0x00000000c001d09a                PCI::writeBAR8(unsigned int, unsigned char, int)
                0x00000000c001d0ba                PCI::writeBAR16(unsigned int, unsigned short, int)
                0x00000000c001d0dc                PCI::writeBAR32(unsigned int, unsigned int, int)
                0x00000000c001d0fc                PCI::legacyMechanism(unsigned char, unsigned char, unsigned char, unsigned char)
                0x00000000c001d16a                PCI::pciReadWord(unsigned char, unsigned char, unsigned char, unsigned char)
                0x00000000c001d212                PCI::getVendorID(unsigned char, unsigned char, unsigned char)
                0x00000000c001d236                PCI::getHeaderType(unsigned char, unsigned char, unsigned char)
                0x00000000c001d25e                PCI::getClassCode(unsigned char, unsigned char, unsigned char)
                0x00000000c001d2a8                PCI::getProgIF(unsigned char, unsigned char, unsigned char)
                0x00000000c001d2d0                PCI::getRevisionID(unsigned char, unsigned char, unsigned char)
                0x00000000c001d2f4                PCI::getInterruptNumber(unsigned char, unsigned char, unsigned char)
                0x00000000c001d318                PCI::getSecondaryBus(unsigned char, unsigned char, unsigned char)
                0x00000000c001d340                PCI::getBARAddress(unsigned char, unsigned char, unsigned char, unsigned char)
                0x00000000c001d3a4                PCI::pciWriteWord(unsigned char, unsigned char, unsigned char, unsigned char, unsigned short)
                0x00000000c001d48c                PCI::pciDetailsToFilepath(PCIDeviceInfo, char*)
                0x00000000c001d87e                PCI::checkBus(unsigned char)
                0x00000000c001d980                PCI::foundDevice(PCIDeviceInfo)
                0x00000000c001dfa2                PCI::getDeviceData(unsigned char, unsigned char, unsigned char)
                0x00000000c001e534                PCI::checkDevice(unsigned char, unsigned char)
                0x00000000c001e7de                PCI::detect()
 *fill*         0x00000000c001e975        0x1 
 .text          0x00000000c001e976      0xb4a hw/diskctrl/ide.32
                0x00000000c001e976                IDE::close(int, int, void*)
                0x00000000c001e97a                IDE::IDE()
                0x00000000c001e97a                IDE::IDE()
                0x00000000c001e9ae                IDE::prepareInterrupt(unsigned char)
                0x00000000c001e9c0                selectDrive(unsigned char, unsigned char)
                0x00000000c001e9c2                IDE::getBase(unsigned char)
                0x00000000c001e9d4                IDE::write(unsigned char, unsigned char, unsigned char)
                0x00000000c001ea94                IDE::read(unsigned char, unsigned char)
                0x00000000c001eb42                IDE::waitInterrupt(unsigned char)
                0x00000000c001eba4                ideChannel0IRQHandler(regs*, void*)
                0x00000000c001ebc0                ideChannel1IRQHandler(regs*, void*)
                0x00000000c001ebdc                IDE::enableIRQs(unsigned char, bool)
                0x00000000c001ec22                IDE::open(int, int, void*)
                0x00000000c001f030                IDE::readBuffer(unsigned char, unsigned char, unsigned int, unsigned int)
                0x00000000c001f0fc                IDE::detect()
                0x00000000c001f3bc                IDE::printError(unsigned char, unsigned char, unsigned char)
                0x00000000c001f46c                IDE::polling(unsigned char, unsigned int)
 .text          0x00000000c001f4c0      0x336 hw/diskctrl/satabus.32
                0x00000000c001f4c0                SATABus::close(int, int, void*)
                0x00000000c001f4c4                SATABus::detect()
                0x00000000c001f4c6                SATABus::SATABus()
                0x00000000c001f4c6                SATABus::SATABus()
                0x00000000c001f54c                SATABus::findCmdslot(SATABus::tagHBA_PORT volatile*)
                0x00000000c001f594                SATABus::checkType(SATABus::tagHBA_PORT volatile*)
                0x00000000c001f5dc                SATABus::startCmd(SATABus::tagHBA_PORT volatile*)
                0x00000000c001f5fc                SATABus::stopCmd(SATABus::tagHBA_PORT volatile*)
                0x00000000c001f626                SATABus::portRebase(SATABus::tagHBA_PORT volatile*, int)
                0x00000000c001f72c                SATABus::probePort(SATABus::tagHBA_MEM volatile*)
                0x00000000c001f7d6                SATABus::open(int, int, void*)
 .text          0x00000000c001f7f6      0x684 hw/diskphys/ata.32
                0x00000000c001f7f6                ATA::close(int, int, void*)
                0x00000000c001f81a                ATA::powerSaving(PowerSavingLevel)
                0x00000000c001f81c                ATA::ATA()
                0x00000000c001f81c                ATA::ATA()
                0x00000000c001f84a                ATA::flush(bool)
                0x00000000c001f894                ATA::readyForCommand()
                0x00000000c001f8e0                ATA::access(unsigned long long, int, void*, bool)
                0x00000000c001fcd6                ATA::read(unsigned long long, int, void*)
                0x00000000c001fd22                ATA::write(unsigned long long, int, void*)
                0x00000000c001fd84                ATA::detectCHS()
                0x00000000c001fdae                ATA::open(int, int, void*)
 .text          0x00000000c001fe7a      0x5b9 hw/diskphys/atapi.32
                0x00000000c001fe7a                ATAPI::write(unsigned long long, int, void*)
                0x00000000c001fe80                ATAPI::close(int, int, void*)
                0x00000000c001fea4                ATAPI::ATAPI()
                0x00000000c001fea4                ATAPI::ATAPI()
                0x00000000c001fed2                ATAPI::readyForCommand()
                0x00000000c001ff1e                ATAPI::sendPacket(unsigned char*, int, bool, unsigned short*, int)
                0x00000000c00201de                ATAPI::diskRemoved()
                0x00000000c00201fa                ATAPI::eject()
                0x00000000c0020242                ATAPI::diskInserted()
                0x00000000c0020270                ATAPI::detectMedia()
                0x00000000c002032c                ATAPI::open(int, int, void*)
                0x00000000c00203b4                ATAPI::read(unsigned long long, int, void*)
 *fill*         0x00000000c0020433        0x1 
 .text          0x00000000c0020434      0x41c hw/diskphys/sata.32
                0x00000000c0020434                SATA::close(int, int, void*)
                0x00000000c0020458                SATA::powerSaving(PowerSavingLevel)
                0x00000000c002045a                SATA::open(int, int, void*)
                0x00000000c0020504                SATA::SATA()
                0x00000000c0020504                SATA::SATA()
                0x00000000c0020532                SATA::access(unsigned long long, int, void*, bool)
                0x00000000c0020798                SATA::read(unsigned long long, int, void*)
                0x00000000c00207e4                SATA::write(unsigned long long, int, void*)
 .text          0x00000000c0020850      0x4fe hw/diskphys/satapi.32
                0x00000000c0020850                SATAPI::write(unsigned long long, int, void*)
                0x00000000c0020856                SATAPI::close(int, int, void*)
                0x00000000c002087a                SATAPI::SATAPI()
                0x00000000c002087a                SATAPI::SATAPI()
                0x00000000c00208a8                SATAPI::diskRemoved()
                0x00000000c00208c4                SATAPI::diskInserted()
                0x00000000c00208f2                SATAPI::sendPacket(unsigned char*, int, unsigned long long, unsigned short*, int)
                0x00000000c0020afa                SATAPI::eject()
                0x00000000c0020b42                SATAPI::detectMedia()
                0x00000000c0020c04                SATAPI::open(int, int, void*)
                0x00000000c0020cac                SATAPI::read(unsigned long long, int, void*)
 *fill*         0x00000000c0020d4e        0x2 
 .text          0x00000000c0020d50       0x94 hw/fpu/avx.32
                0x00000000c0020d50                AVX::open(int, int, void*)
                0x00000000c0020d64                AVX::close(int, int, void*)
                0x00000000c0020d78                AVX::available()
                0x00000000c0020d8c                AVX::save(void*)
                0x00000000c0020da4                AVX::load(void*)
                0x00000000c0020dbc                AVX::AVX()
                0x00000000c0020dbc                AVX::AVX()
 .text          0x00000000c0020de4       0x94 hw/fpu/mmx.32
                0x00000000c0020de4                MMX::available()
                0x00000000c0020df8                MMX::open(int, int, void*)
                0x00000000c0020e0c                MMX::close(int, int, void*)
                0x00000000c0020e20                MMX::save(void*)
                0x00000000c0020e38                MMX::load(void*)
                0x00000000c0020e50                MMX::MMX()
                0x00000000c0020e50                MMX::MMX()
 .text          0x00000000c0020e78       0x9c hw/fpu/sse.32
                0x00000000c0020e78                SSE::open(int, int, void*)
                0x00000000c0020e8c                SSE::close(int, int, void*)
                0x00000000c0020ea0                SSE::available()
                0x00000000c0020ebc                SSE::save(void*)
                0x00000000c0020ed4                SSE::load(void*)
                0x00000000c0020eec                SSE::SSE()
                0x00000000c0020eec                SSE::SSE()
 .text          0x00000000c0020f14       0x94 hw/fpu/x87.32
                0x00000000c0020f14                x87::open(int, int, void*)
                0x00000000c0020f28                x87::close(int, int, void*)
                0x00000000c0020f3c                x87::available()
                0x00000000c0020f50                x87::save(void*)
                0x00000000c0020f68                x87::load(void*)
                0x00000000c0020f80                x87::x87()
                0x00000000c0020f80                x87::x87()
 .text          0x00000000c0020fa8      0x71e hw/intctrl/apic.32
                0x00000000c0020fa8                APIC::disable()
                0x00000000c0020faa                APIC::close(int, int, void*)
                0x00000000c0020fcc                IOAPIC::close(int, int, void*)
                0x00000000c0020fd2                APIC::io_wait()
                0x00000000c0020fd8                APIC::getBase()
                0x00000000c002101a                APIC::eoi(unsigned char)
                0x00000000c0021048                APIC::open(int, int, void*)
                0x00000000c0021196                IOAPIC::IOAPIC()
                0x00000000c0021196                IOAPIC::IOAPIC()
                0x00000000c00211be                APIC::APIC()
                0x00000000c00211be                APIC::APIC()
                0x00000000c002129a                IOAPIC::handlesGSIWithNumber(unsigned int)
                0x00000000c00212cc                IOAPIC::read(int)
                0x00000000c00212f4                IOAPIC::open(int, int, void*)
                0x00000000c00213ea                IOAPIC::write(int, int)
                0x00000000c0021416                IOAPIC::redirect(unsigned char, unsigned long long, unsigned char, bool, bool)
                0x00000000c0021510                APIC::installIRQHandler(int, void (*)(regs*, void*), bool, void*)
 .text          0x00000000c00216c6      0x3d3 hw/intctrl/pic.32
                0x00000000c00216c6                PIC::disable()
                0x00000000c00216f4                PIC::close(int, int, void*)
                0x00000000c0021716                PIC::PIC()
                0x00000000c0021716                PIC::PIC()
                0x00000000c00217ec                PIC::ioWait()
                0x00000000c00217f2                PIC::getIRQReg(int)
                0x00000000c002185c                PIC::eoi(unsigned char)
                0x00000000c00218ee                PIC::remap()
                0x00000000c0021a5a                PIC::open(int, int, void*)
 *fill*         0x00000000c0021a99        0x3 
 .text          0x00000000c0021a9c      0x240 hw/timer/apictimer.32
                0x00000000c0021a9c                APICTimer::close(int, int, void*)
                0x00000000c0021aa4                apicTimerHandler(regs*, void*)
                0x00000000c0021acc                APICTimer::write(int)
                0x00000000c0021bb4                APICTimer::open(int, int, void*)
                0x00000000c0021cb4                APICTimer::APICTimer()
                0x00000000c0021cb4                APICTimer::APICTimer()
 .text          0x00000000c0021cdc      0x1a3 hw/timer/pit.32
                0x00000000c0021cdc                PIT::write(int)
                0x00000000c0021d5c                pitHandler(regs*, void*)
                0x00000000c0021d80                PIT::open(int, int, void*)
                0x00000000c0021dd0                PIT::close(int, int, void*)
                0x00000000c0021e00                PIT::PIT()
                0x00000000c0021e00                PIT::PIT()
 *fill*         0x00000000c0021e7f        0x1 
 .text          0x00000000c0021e80       0x1e hw/fpu/x86/avx.32
                0x00000000c0021e80                avxDetect
                0x00000000c0021e86                avxSave
                0x00000000c0021e87                avxLoad
                0x00000000c0021e88                avxInit
                0x00000000c0021e89                avxClose
                0x00000000c0021e8a                wouldSheSayYes
 *fill*         0x00000000c0021e9e        0x2 
 .text          0x00000000c0021ea0       0x35 hw/fpu/x86/sse.32
                0x00000000c0021ea0                absolutelyNoChanceInHell
                0x00000000c0021ea0                sseDetect
                0x00000000c0021eb8                sseSave
                0x00000000c0021ebe                sseLoad
                0x00000000c0021ec4                sseInit
                0x00000000c0021ed4                sseClose
 *fill*         0x00000000c0021ed5        0xb 
 .text          0x00000000c0021ee0       0x4d hw/fpu/x86/x87.32
                0x00000000c0021ee6                x87Detect
                0x00000000c0021f01                x87Save
                0x00000000c0021f0a                x87Load
                0x00000000c0021f12                x87Init
                0x00000000c0021f2c                x87Close
 *fill*         0x00000000c0021f2d        0x3 
 .text          0x00000000c0021f30       0x25 /cygdrive/d/Users/Alex/Desktop/Toolchain/Output/bin/../lib/gcc/i386-banana/8.1.0/crtend.o
 .text          0x00000000c0021f55        0x0 crtn.32
 *fill*         0x00000000c0021f55        0x3 
 .text          0x00000000c0021f58      0x14b /cygdrive/d/Users/Alex/Desktop/Toolchain/Output/bin/../lib/gcc/i386-banana/8.1.0/libkgcc.a(_divdi3.o)
                0x00000000c0021f58                __divdi3
 *fill*         0x00000000c00220a3        0x1 
 .text          0x00000000c00220a4      0x17e /cygdrive/d/Users/Alex/Desktop/Toolchain/Output/bin/../lib/gcc/i386-banana/8.1.0/libkgcc.a(_moddi3.o)
                0x00000000c00220a4                __moddi3
 *fill*         0x00000000c0022222        0x2 
 .text          0x00000000c0022224       0xff /cygdrive/d/Users/Alex/Desktop/Toolchain/Output/bin/../lib/gcc/i386-banana/8.1.0/libkgcc.a(_udivdi3.o)
                0x00000000c0022224                __udivdi3
 *fill*         0x00000000c0022323        0x1 
 .text          0x00000000c0022324      0x11a /cygdrive/d/Users/Alex/Desktop/Toolchain/Output/bin/../lib/gcc/i386-banana/8.1.0/libkgcc.a(_umoddi3.o)
                0x00000000c0022324                __umoddi3
 *(.gnu.linkonce.t*)

.iplt           0x00000000c0022440        0x0
 .iplt          0x00000000c0022440        0x0 D:/Users/Alex/Desktop/Banana/kernel/boot.32

.init           0x00000000c002243e        0xf
 .init          0x00000000c002243e        0x3 crti.32
                0x00000000c002243e                _init
 .init          0x00000000c0022441        0x5 /cygdrive/d/Users/Alex/Desktop/Toolchain/Output/bin/../lib/gcc/i386-banana/8.1.0/crtbegin.o
 .init          0x00000000c0022446        0x5 /cygdrive/d/Users/Alex/Desktop/Toolchain/Output/bin/../lib/gcc/i386-banana/8.1.0/crtend.o
 .init          0x00000000c002244b        0x2 crtn.32

.fini           0x00000000c002244d        0xa
 .fini          0x00000000c002244d        0x3 crti.32
                0x00000000c002244d                _fini
 .fini          0x00000000c0022450        0x5 /cygdrive/d/Users/Alex/Desktop/Toolchain/Output/bin/../lib/gcc/i386-banana/8.1.0/crtbegin.o
 .fini          0x00000000c0022455        0x2 crtn.32

.text._ZN8ComputerD2Ev
                0x00000000c0022458       0x23
 .text._ZN8ComputerD2Ev
                0x00000000c0022458       0x23 core/computer.32
                0x00000000c0022458                Computer::~Computer()
                0x00000000c0022458                Computer::~Computer()

.text._ZN8ComputerD0Ev
                0x00000000c002247c       0x2a
 .text._ZN8ComputerD0Ev
                0x00000000c002247c       0x2a core/computer.32
                0x00000000c002247c                Computer::~Computer()

.text._Z10idleCommonv
                0x00000000c00224a6       0x21
 .text._Z10idleCommonv
                0x00000000c00224a6       0x21 core/idle.32
                0x00000000c00224a6                idleCommon()

.text._ZN10LinkedListI8UnixFileED2Ev
                0x00000000c00224c8        0x2
 .text._ZN10LinkedListI8UnixFileED2Ev
                0x00000000c00224c8        0x2 core/unixfile.32
                0x00000000c00224c8                LinkedList<UnixFile>::~LinkedList()
                0x00000000c00224c8                LinkedList<UnixFile>::~LinkedList()

.text._ZN10LinkedListI8UnixFileEC2Ev
                0x00000000c00224ca       0x42
 .text._ZN10LinkedListI8UnixFileEC2Ev
                0x00000000c00224ca       0x42 core/unixfile.32
                0x00000000c00224ca                LinkedList<UnixFile>::LinkedList()
                0x00000000c00224ca                LinkedList<UnixFile>::LinkedList()

.text._ZN10LinkedListI8UnixFileE10addElementEPS0_
                0x00000000c002250c       0xd3
 .text._ZN10LinkedListI8UnixFileE10addElementEPS0_
                0x00000000c002250c       0xd3 core/unixfile.32
                0x00000000c002250c                LinkedList<UnixFile>::addElement(UnixFile*)

.text._ZN10LinkedListI8UnixFileE15getFirstElementEv
                0x00000000c00225e0        0x7
 .text._ZN10LinkedListI8UnixFileE15getFirstElementEv
                0x00000000c00225e0        0x7 core/unixfile.32
                0x00000000c00225e0                LinkedList<UnixFile>::getFirstElement()

.text._ZN10LinkedListI8UnixFileE11removeFirstEv