Archive member included to satisfy reference by file (symbol)

/cygdrive/d/Users/Alex/Desktop/Toolchain/Output/bin/../lib/gcc/i386-banana/8.1.0/libkgcc.a(_divdi3.o)
                              fs/fat/ff.32 (__divdi3)
/cygdrive/d/Users/Alex/Desktop/Toolchain/Output/bin/../lib/gcc/i386-banana/8.1.0/libkgcc.a(_moddi3.o)
                              compat/resolve.32 (__moddi3)
/cygdrive/d/Users/Alex/Desktop/Toolchain/Output/bin/../lib/gcc/i386-banana/8.1.0/libkgcc.a(_udivdi3.o)
                              fs/fat/ff.32 (__udivdi3)
/cygdrive/d/Users/Alex/Desktop/Toolchain/Output/bin/../lib/gcc/i386-banana/8.1.0/libkgcc.a(_umoddi3.o)
                              compat/resolve.32 (__umoddi3)
D:/Users/Alex/Desktop/Banana/kernel/libsoftfp.a(sfieeelib.o)
                              hal/libresample/src_linear.32 (__subsf3)
D:/Users/Alex/Desktop/Banana/kernel/libsoftfp.a(dfieeelib.o)
                              hal/libresample/src_linear.32 (__adddf3)
D:/Users/Alex/Desktop/Banana/kernel/libsoftfp.a(sfdfcvt.o)
                              hal/libresample/samplerate.32 (__truncdfsf2)
D:/Users/Alex/Desktop/Banana/kernel/libk/libm32.a(s_fabs.c.o)
                              hal/libresample/samplerate.32 (fabs)
D:/Users/Alex/Desktop/Banana/kernel/libk/libm32.a(s_lrint.S.o)
                              hal/libresample/samplerate.32 (lrint)
D:/Users/Alex/Desktop/Banana/kernel/libk/libm32.a(s_lrintf.S.o)
                              hal/sound/sndhw.32 (lrintf)

Discarded input sections

 .comment       0x0000000000000000       0x12 /cygdrive/d/Users/Alex/Desktop/Toolchain/Output/bin/../lib/gcc/i386-banana/8.1.0/crtbegin.o
 .comment       0x0000000000000000       0x12 acpica/utclib.32
 .comment       0x0000000000000000       0x12 core/malloc.32
 .comment       0x0000000000000000       0x12 libk/string.32
 .comment       0x0000000000000000       0x12 fs/fat/diskio.32
 .comment       0x0000000000000000       0x12 fs/fat/ff.32
 .comment       0x0000000000000000       0x12 fs/fat/ffsystem.32
 .comment       0x0000000000000000       0x12 fs/fat/ffunicode.32
 .comment       0x0000000000000000       0x12 hal/libresample/samplerate.32
 .comment       0x0000000000000000       0x12 hal/libresample/src_linear.32
 .comment       0x0000000000000000       0x12 hal/libresample/src_sinc.32
 .comment       0x0000000000000000       0x12 hal/libresample/src_zoh.32
 .comment       0x0000000000000000       0x12 compat/inlines.32
 .comment       0x0000000000000000       0x12 compat/resolve.32
 .group         0x0000000000000000       0x14 core/computer.32
 .group         0x0000000000000000        0xc core/computer.32
 .comment       0x0000000000000000       0x12 core/computer.32
 .comment       0x0000000000000000       0x12 core/gdt.32
 .group         0x0000000000000000        0xc core/idle.32
 .comment       0x0000000000000000       0x12 core/idle.32
 .comment       0x0000000000000000       0x12 core/idt.32
 .comment       0x0000000000000000       0x12 core/kheap.32
 .comment       0x0000000000000000       0x12 core/main.32
 .comment       0x0000000000000000       0x12 core/physmgr.32
 .group         0x0000000000000000        0xc core/pipe.32
 .comment       0x0000000000000000       0x12 core/pipe.32
 .group         0x0000000000000000        0xc core/terminal.32
 .comment       0x0000000000000000       0x12 core/terminal.32
 .comment       0x0000000000000000       0x12 core/tss.32
 .group         0x0000000000000000        0x8 core/unixfile.32
 .group         0x0000000000000000        0x8 core/unixfile.32
 .group         0x0000000000000000        0xc core/unixfile.32
 .group         0x0000000000000000        0x8 core/unixfile.32
 .group         0x0000000000000000        0xc core/unixfile.32
 .group         0x0000000000000000        0x8 core/unixfile.32
 .group         0x0000000000000000        0xc core/unixfile.32
 .group         0x0000000000000000        0xc core/unixfile.32
 .comment       0x0000000000000000       0x12 core/unixfile.32
 .comment       0x0000000000000000       0x12 core/virtmgr.32
 .comment       0x0000000000000000       0x12 coreobjs/c++.32
 .comment       0x0000000000000000       0x12 dbg/kconsole.32
 .group         0x0000000000000000        0xc fs/vfs.32
 .group         0x0000000000000000        0xc fs/vfs.32
 .group         0x0000000000000000        0xc fs/vfs.32
 .comment       0x0000000000000000       0x12 fs/vfs.32
 .group         0x0000000000000000        0xc hal/bus.32
 .comment       0x0000000000000000       0x12 hal/bus.32
 .group         0x0000000000000000        0xc hal/buzzer.32
 .comment       0x0000000000000000       0x12 hal/buzzer.32
 .group         0x0000000000000000        0xc hal/clock.32
 .comment       0x0000000000000000       0x12 hal/clock.32
 .group         0x0000000000000000       0x14 hal/device.32
 .group         0x0000000000000000        0xc hal/device.32
 .group         0x0000000000000000        0x8 hal/device.32
 .group         0x0000000000000000        0xc hal/device.32
[...]
Memory Configuration

Name             Origin             Length             Attributes
*default*        0x0000000000000000 0xffffffffffffffff

Linker script and memory map

LOAD D:/Users/Alex/Desktop/Banana/kernel/boot.32
LOAD crti.32
LOAD /cygdrive/d/Users/Alex/Desktop/Toolchain/Output/bin/../lib/gcc/i386-banana/8.1.0/crtbegin.o
LOAD D:/Users/Alex/Desktop/Banana/kernel/morenasm.32
LOAD acpica/utclib.32
LOAD core/malloc.32
LOAD libk/string.32
LOAD fs/fat/diskio.32
LOAD fs/fat/ff.32
LOAD fs/fat/ffsystem.32
LOAD fs/fat/ffunicode.32
LOAD hal/libresample/samplerate.32
LOAD hal/libresample/src_linear.32
LOAD hal/libresample/src_sinc.32
LOAD hal/libresample/src_zoh.32
LOAD compat/inlines.32
LOAD compat/resolve.32
LOAD core/computer.32
LOAD core/gdt.32
LOAD core/idle.32
LOAD core/idt.32
LOAD core/kheap.32
LOAD core/main.32
LOAD core/physmgr.32
LOAD core/pipe.32
LOAD core/terminal.32
LOAD core/tss.32
LOAD core/unixfile.32
LOAD core/virtmgr.32
LOAD coreobjs/c++.32
LOAD dbg/kconsole.32
LOAD fs/vfs.32
LOAD hal/bus.32
LOAD hal/buzzer.32
LOAD hal/clock.32
LOAD hal/device.32
LOAD hal/diskctrl.32
LOAD hal/diskphys.32
LOAD hal/fpu.32
LOAD hal/intctrl.32
LOAD hal/keybrd.32
LOAD hal/logidisk.32
LOAD hal/mouse.32
LOAD hal/partition.32
LOAD hal/serial.32
LOAD hal/timer.32
LOAD hal/vcache.32
LOAD hal/video.32
LOAD hw/acpi.32
LOAD hw/cpu.32
LOAD hw/ports.32
LOAD hw/smp.32
LOAD krnl/env.32
LOAD krnl/panic.32
LOAD net/ethernet.32
LOAD reg/registry.32
LOAD sys/sc_eject.32
LOAD sys/sc_exit.32
LOAD sys/sc_getcwd.32
LOAD sys/sc_getpid.32
LOAD sys/sc_getramdata.32
LOAD sys/sc_getvgaptr.32
LOAD sys/sc_loaddll.32
LOAD sys/sc_read.32
LOAD sys/sc_sbrk.32
LOAD sys/sc_setcwd.32
LOAD sys/sc_settime.32
LOAD sys/sc_timezone.32
LOAD sys/sc_write.32
LOAD sys/sc_wsbe.32
LOAD sys/sc_yield.32
LOAD sys/syscalls.32
LOAD thr/elf.32
LOAD thr/prcssthr.32
LOAD vm86/vm8086.32
LOAD vm86/x87em.32
LOAD fs/fat/vfslink.32
LOAD fs/iso9660/vfslink.32
LOAD hal/sound/sndchannel.32
LOAD hal/sound/sndhw.32
LOAD hw/bus/isa.32
LOAD hw/bus/pci.32
LOAD hw/diskctrl/ide.32
LOAD hw/diskctrl/satabus.32
LOAD hw/diskphys/ata.32
LOAD hw/diskphys/atapi.32
LOAD hw/diskphys/sata.32
LOAD hw/diskphys/satapi.32
LOAD hw/fpu/avx.32
LOAD hw/fpu/mmx.32
LOAD hw/fpu/sse.32
LOAD hw/fpu/x87.32
LOAD hw/intctrl/apic.32
LOAD hw/intctrl/pic.32
LOAD hw/timer/apictimer.32
LOAD hw/timer/pit.32
LOAD hw/fpu/x86/avx.32
LOAD hw/fpu/x86/sse.32
LOAD hw/fpu/x86/x87.32
LOAD /cygdrive/d/Users/Alex/Desktop/Toolchain/Output/bin/../lib/gcc/i386-banana/8.1.0/crtend.o
LOAD crtn.32
LOAD /cygdrive/d/Users/Alex/Desktop/Toolchain/Output/bin/../lib/gcc/i386-banana/8.1.0/libkgcc.a
LOAD D:/Users/Alex/Desktop/Banana/kernel/libsoftfp.a
LOAD D:/Users/Alex/Desktop/Banana/kernel/libk/libm32.a
                0x00000000c0000000                . = 0xc0000000

.text           0x00000000c0000000    0x285b8
 *(.text)
 .text          0x00000000c0000000       0x41 D:/Users/Alex/Desktop/Banana/kernel/boot.32
                0x00000000c0000020                callGlobalConstructors
 .text          0x00000000c0000041        0x0 crti.32
 *fill*         0x00000000c0000041        0x3 
 .text          0x00000000c0000044      0x101 /cygdrive/d/Users/Alex/Desktop/Toolchain/Output/bin/../lib/gcc/i386-banana/8.1.0/crtbegin.o
 *fill*         0x00000000c0000145        0xb 
 .text          0x00000000c0000150      0x4fb D:/Users/Alex/Desktop/Banana/kernel/morenasm.32
                0x00000000c0000150                manualPCIProbe
                0x00000000c000019b                prepareTramp
                0x00000000c00001b4                voodooXADD
                0x00000000c000027f                doTPAUSE
                0x00000000c0000289                hasLegacyFPU
                0x00000000c00002ae                is486
                0x00000000c00002e4                detectCPUID
                0x00000000c00002fa                goToVM86
                0x00000000c000032a                goToUsermode
                0x00000000c0000354                switchToThreadASMFirstTime
                0x00000000c0000362                switchToThreadASM
                0x00000000c00003f2                asmQuickAcquireLock
                0x00000000c0000410                asmQuickReleaseLock
                0x00000000c000041c                asmAcquireLock
                0x00000000c000043d                asmReleaseLock
                0x00000000c0000450                loadGDT
                0x00000000c0000470                isr0
                0x00000000c0000480                isr1
                0x00000000c000048a                isr2
                0x00000000c0000494                isr3
                0x00000000c000049e                isr4
                0x00000000c00004a8                isr5
                0x00000000c00004b2                isr6
                0x00000000c00004bc                isr7
                0x00000000c00004c6                isr8
                0x00000000c00004ce                isr9
                0x00000000c00004d8                isr10
                0x00000000c00004e0                isr11
                0x00000000c00004e8                isr12
                0x00000000c00004f0                isr13
                0x00000000c00004f8                isr14
                0x00000000c0000500                isr15
                0x00000000c000050a                isr16
                0x00000000c0000514                isr17
                0x00000000c000051e                isr18
                0x00000000c0000528                irq3
                0x00000000c0000532                irq4
                0x00000000c000053c                irq5
                0x00000000c0000546                irq6
                0x00000000c0000550                irq7
                0x00000000c000055a                irq8
                0x00000000c0000564                irq9
                0x00000000c000056e                irq10
                0x00000000c0000578                irq11
                0x00000000c0000582                irq12
                0x00000000c000058c                irq13
                0x00000000c0000596                irq14
                0x00000000c00005a0                irq15
                0x00000000c00005aa                irq1
                0x00000000c00005b1                irq2
                0x00000000c00005b8                isr96
                0x00000000c00005bf                irq0
                0x00000000c00005c4                syscall_common_stub
                0x00000000c00005c4                int_common_stub
                0x00000000c00005f6                irq16
                0x00000000c0000600                irq17
                0x00000000c000060a                irq18
                0x00000000c0000614                irq19
                0x00000000c000061e                irq20
                0x00000000c0000628                irq21
                0x00000000c0000632                irq22
                0x00000000c000063c                irq23
                0x00000000c0000646                memcpy
 *fill*         0x00000000c000064b        0x1 
 .text          0x00000000c000064c      0x5dd acpica/utclib.32
                0x00000000c000064c                memcmp
                0x00000000c0000688                memmove
                0x00000000c0000750                memset
                0x00000000c000076c                strlen
                0x00000000c0000784                strpbrk
                0x00000000c00007c0                strtok
                0x00000000c000080c                strcpy
                0x00000000c0000830                strncpy
                0x00000000c0000898                strcmp
                0x00000000c00008d8                strchr
                0x00000000c00008fc                strncmp
                0x00000000c000094c                strcat
                0x00000000c000097c                strncat
                0x00000000c00009b8                strstr
                0x00000000c0000a00                toupper
                0x00000000c0000a14                tolower
                0x00000000c0000a28                simple_strtoul
 .text          0x00000000c0000c29      0xfad core/malloc.32
                0x00000000c0000d94                dlfree
                0x00000000c00010ef                dlmalloc
                0x00000000c000162c                dlrealloc
                0x00000000c00017cf                dlmemalign
                0x00000000c00018f2                dlcalloc
                0x00000000c000198c                dlcfree
                0x00000000c0001991                dlindependent_calloc
                0x00000000c00019b6                dlindependent_comalloc
                0x00000000c00019cd                dlvalloc
                0x00000000c00019f8                dlpvalloc
                0x00000000c0001a2e                dlmalloc_trim
                0x00000000c0001a3b                dlmalloc_usable_size
                0x00000000c0001a6c                dlmallinfo
                0x00000000c0001b3b                dlmalloc_stats
                0x00000000c0001b4c                dlmallopt
 .text          0x00000000c0001bd6        0x0 libk/string.32
 .text          0x00000000c0001bd6       0x51 fs/fat/diskio.32
                0x00000000c0001bd6                disk_status
                0x00000000c0001bd9                disk_initialize
                0x00000000c0001bdc                disk_read
                0x00000000c0001bf2                disk_write
                0x00000000c0001c08                disk_ioctl
 .text          0x00000000c0001c27     0x6833 fs/fat/ff.32
                0x00000000c0004ef5                f_mount
                0x00000000c0004f57                f_open
                0x00000000c0005393                f_read
                0x00000000c0005613                f_write
                0x00000000c00058cd                f_sync
                0x00000000c0005aa9                f_close
                0x00000000c0005ad8                f_lseek
                0x00000000c0005f8f                f_opendir
                0x00000000c0006091                f_closedir
                0x00000000c00060b3                f_readdir
                0x00000000c000614e                f_stat
                0x00000000c00061dd                f_getfree
                0x00000000c00063a8                f_truncate
                0x00000000c00064a0                f_unlink
                0x00000000c0006623                f_mkdir
                0x00000000c000684f                f_rename
                0x00000000c0006b42                f_chmod
                0x00000000c0006c20                f_utime
                0x00000000c0006cfe                f_getlabel
                0x00000000c0006eec                f_setlabel
                0x00000000c0007159                f_forward
                0x00000000c0007337                f_mkfs
 .text          0x00000000c000845a       0x2d fs/fat/ffsystem.32
                0x00000000c000845a                ff_memalloc
                0x00000000c0008470                ff_memfree
 .text          0x00000000c0008487      0x253 fs/fat/ffunicode.32
                0x00000000c0008487                ff_uni2oem
                0x00000000c0008517                ff_oem2uni
                0x00000000c0008583                ff_wtoupper
 .text          0x00000000c00086da      0x8fb hal/libresample/samplerate.32
                0x00000000c000871e                src_delete
                0x00000000c000875a                src_process
                0x00000000c0008910                src_callback_read
                0x00000000c0008a8d                src_set_ratio
                0x00000000c0008af7                src_get_channels
                0x00000000c0008b19                src_reset
                0x00000000c0008b65                src_new
                0x00000000c0008bf3                src_callback_new
                0x00000000c0008c55                src_get_name
                0x00000000c0008c8c                src_get_description
                0x00000000c0008cc3                src_get_version
                0x00000000c0008cc9                src_is_valid_ratio
                0x00000000c0008d1d                src_error
                0x00000000c0008d2b                src_strerror
                0x00000000c0008d3e                src_simple
                0x00000000c0008d91                src_short_to_float_array
                0x00000000c0008df6                src_float_to_short_array
                0x00000000c0008eb5                src_int_to_float_array
                0x00000000c0008f18                src_float_to_int_array
 .text          0x00000000c0008fd5      0x8cb hal/libresample/src_linear.32
                0x00000000c00097fb                linear_get_name
                0x00000000c000980a                linear_get_description
                0x00000000c0009819                linear_set_converter
 .text          0x00000000c00098a0     0x447c hal/libresample/src_sinc.32
                0x00000000c000dc33                sinc_get_name
                0x00000000c000dc46                sinc_get_description
                0x00000000c000dc59                sinc_set_converter
 .text          0x00000000c000dd1c      0x77c hal/libresample/src_zoh.32
                0x00000000c000e3f3                zoh_get_name
                0x00000000c000e402                zoh_get_description
                0x00000000c000e411                zoh_set_converter
 .text          0x00000000c000e498       0xa7 compat/inlines.32
                0x00000000c000e498                CPU::current()
                0x00000000c000e4a4                operator new(unsigned long)
                0x00000000c000e4a9                operator delete(void*)
                0x00000000c000e4ae                disableIRQs()
                0x00000000c000e4b6                enableIRQs()
                0x00000000c000e4c5                lockScheduler()
                0x00000000c000e4cd                unlockScheduler()
                0x00000000c000e4dc                lockStuff()
                0x00000000c000e4ea                unlockStuff()
                0x00000000c000e524                Virt::getAKernelVAS()
                0x00000000c000e52a                __not_memcpy
 .text          0x00000000c000e53f      0x111 compat/resolve.32
                0x00000000c000e53f                Krnl::resolveCompatibilitySymbol(char*)
 .text          0x00000000c000e650      0x741 core/computer.32
                0x00000000c000e650                Computer::close(int, int, void*)
                0x00000000c000e694                Krnl::firstTask()
                0x00000000c000e7d6                Computer::Computer()
                0x00000000c000e7d6                Computer::Computer()
                0x00000000c000e932                Computer::setBootMessage(char const*)
                0x00000000c000e934                Computer::detectFeatures()
                0x00000000c000eb3e                Computer::displayFeatures()
                0x00000000c000eb40                Computer::rdmsr(unsigned int)
                0x00000000c000eb6c                Computer::wrmsr(unsigned int, unsigned long long)
                0x00000000c000eba4                Computer::nmiEnabled()
                0x00000000c000ebb0                Computer::readCMOS(unsigned char)
                0x00000000c000ebca                Computer::enableNMI(bool)
                0x00000000c000ebe2                Computer::open(int, int, void*)
                0x00000000c000ecd4                Computer::disableNMI()
                0x00000000c000ece2                Computer::writeCMOS(unsigned char, unsigned char)
                0x00000000c000ed00                Computer::handleNMI()
                0x00000000c000ed66                Computer::setDiskActivityLight(int, bool)
 *fill*         0x00000000c000ed91        0x1 
 .text          0x00000000c000ed92      0x19d core/gdt.32
                0x00000000c000ed92                GDTEntry::setBase(unsigned int)
                0x00000000c000edae                GDTEntry::setLimit(unsigned int)
                0x00000000c000edcc                GDT::GDT()
                0x00000000c000edcc                GDT::GDT()
                0x00000000c000ede2                GDT::addEntry(GDTEntry)
                0x00000000c000ee04                GDT::getNumberOfEntries()
                0x00000000c000ee0c                GDT::flush()
                0x00000000c000ee2e                GDT::setup()
 .text          0x00000000c000ef2f       0x6b core/idle.32
                0x00000000c000ef2f                idleFunction(void*)
 .text          0x00000000c000ef9a      0x45e core/idt.32
                0x00000000c000ef9a                IDTEntry::IDTEntry(bool)
                0x00000000c000ef9a                IDTEntry::IDTEntry(bool)
                0x00000000c000f008                IDTEntry::setOffset(unsigned int)
                0x00000000c000f01c                IDT::IDT()
                0x00000000c000f01c                IDT::IDT()
                0x00000000c000f01e                IDT::getPointerToInvalidOpcodeEntryForF00F()
                0x00000000c000f026                IDT::addEntry(IDTEntry, int)
                0x00000000c000f040                IDT::addEntry(int, void (*)(), bool)
                0x00000000c000f078                IDT::flush()
                0x00000000c000f092                IDT::setup()
 .text          0x00000000c000f3f8      0x1fb core/kheap.32
                0x00000000c000f3f8                sbrk
                0x00000000c000f505                mmap
                0x00000000c000f51b                munmap
                0x00000000c000f531                liballoc_lock()
                0x00000000c000f53e                liballoc_unlock()
                0x00000000c000f552                liballoc_alloc(int)
                0x00000000c000f56a                liballoc_free(void*, int)
                0x00000000c000f585                realloc
                0x00000000c000f599                malloc
                0x00000000c000f5a9                free
                0x00000000c000f5b9                rfree
                0x00000000c000f5c9                calloc
 .text          0x00000000c000f5f3      0x1b6 core/main.32
                0x00000000c000f5f3                Krnl::setBootMessage(char const*)
                0x00000000c000f65f                kernel_main
 .text          0x00000000c000f7a9      0x5b5 core/physmgr.32
                0x00000000c000f7a9                Phys::allocateDMA(unsigned long)
                0x00000000c000f877                Phys::freeDMA(unsigned long, unsigned long)
                0x00000000c000f8d6                Phys::setPageState(unsigned long, bool)
                0x00000000c000f908                Phys::getPageState(unsigned long)
                0x00000000c000f924                Phys::freePage(unsigned long)
                0x00000000c000f995                Phys::allocatePage()
                0x00000000c000fa8d                Phys::allocateContiguousPages(int)
                0x00000000c000fae9                Phys::allowSegmentToBeUsed(unsigned long, unsigned long)
                0x00000000c000fb21                Phys::physicalMemorySetup(unsigned int)
 .text          0x00000000c000fd5e      0x273 core/pipe.32
                0x00000000c000fd5e                Pipe::isAtty()
                0x00000000c000fd62                Pipe::~Pipe()
                0x00000000c000fd62                Pipe::~Pipe()
                0x00000000c000fd86                Pipe::~Pipe()
                0x00000000c000fdae                Pipe::read(unsigned long long, void*, int*)
                0x00000000c000feaa                Pipe::write(unsigned long long, void*, int*)
                0x00000000c000ff6a                Pipe::Pipe(int)
                0x00000000c000ff6a                Pipe::Pipe(int)
 *fill*         0x00000000c000ffd1        0x1 
 .text          0x00000000c000ffd2      0xb93 core/terminal.32
                0x00000000c000ffd2                VgaText::isAtty()
                0x00000000c000ffd6                VgaText::~VgaText()
                0x00000000c000ffd6                VgaText::~VgaText()
                0x00000000c000fffa                VgaText::~VgaText()
                0x00000000c0010024                VgaText::read(unsigned long long, void*, int*)
                0x00000000c0010044                setTerminalScrollLock(bool)
                0x00000000c0010045                addToTerminalCycle(VgaText*)
                0x00000000c0010066                installVgaTextImplementation()
                0x00000000c001007b                scrollTerminalScrollLock(int)
                0x00000000c001007c                VgaText::updateTitle()
                0x00000000c00100ba                VgaText::load()
                0x00000000c0010108                VgaText::updateCursor()
                0x00000000c001011e                VgaText::doANSI_SGR(int)
                0x00000000c0010192                VgaText::setDefaultBgColour(VgaColour)
                0x00000000c00101a2                VgaText::setDefaultFgColour(VgaColour)
                0x00000000c00101b2                VgaText::setDefaultColours(VgaColour, VgaColour)
                0x00000000c00101d2                VgaText::setTitleTextColour(VgaColour)
                0x00000000c00101e2                VgaText::setTitleColour(VgaColour)
                0x00000000c00101f2                VgaText::setTitle(char*)
                0x00000000c0010218                VgaText::combineColours(unsigned char, unsigned char)
                0x00000000c001022a                VgaText::scrollScreen()
                0x00000000c00102be                VgaText::combineCharAndColour(char, unsigned char)
                0x00000000c00102d0                VgaText::writeCharacter(char, VgaColour, VgaColour, int, int)
                0x00000000c001032c                VgaText::getCursorX()
                0x00000000c0010334                VgaText::getCursorY()
                0x00000000c001033c                VgaText::setCursor(int, int)
                0x00000000c0010353                setActiveTerminal(VgaText*)
                0x00000000c00103b5                doTerminalCycle()
                0x00000000c00103d0                VgaText::setCursorX(int)
                0x00000000c00103e8                VgaText::setCursorY(int)
                0x00000000c0010400                VgaText::incrementCursor(bool)
                0x00000000c0010454                VgaText::decrementCursor(bool)
                0x00000000c0010476                VgaText::putchar(char, VgaColour, VgaColour)
                0x00000000c001054e                VgaText::doUpdate()
                0x00000000c001055c                VgaText::puts(char const*, VgaColour, VgaColour)
                0x00000000c00106d4                VgaText::clearScreen()
                0x00000000c001072e                VgaText::putchar(char)
                0x00000000c001081a                VgaText::putx(unsigned int)
                0x00000000c0010860                VgaText::puts(char const*)
                0x00000000c0010886                VgaText::VgaText(char const*)
                0x00000000c0010886                VgaText::VgaText(char const*)
                0x00000000c0010a04                VgaText::receiveKey(unsigned char)
                0x00000000c0010aec                VgaText::write(unsigned long long, void*, int*)
                0x00000000c0010b40                newTerminal(char*)
 *fill*         0x00000000c0010b65        0x1 
 .text          0x00000000c0010b66      0x19d core/tss.32
                0x00000000c0010b66                TSS::TSS()
                0x00000000c0010b66                TSS::TSS()
                0x00000000c0010b74                TSS::setESP(unsigned long)
                0x00000000c0010b86                TSS::flush()
                0x00000000c0010ba6                TSS::setup(unsigned long, unsigned long)
 *fill*         0x00000000c0010d03        0x1 
 .text          0x00000000c0010d04      0x4c2 core/unixfile.32
                0x00000000c0010d04                ReservedFilename::read(unsigned long long, void*, int*)
                0x00000000c0010d5a                ReservedFilename::isAtty()
                0x00000000c0010d76                ReservedFilename::write(unsigned long long, void*, int*)
                0x00000000c0010dd4                UnixFile::getFileDescriptor()
                0x00000000c0010ddc                UnixFile::UnixFile(int)
                0x00000000c0010ddc                UnixFile::UnixFile(int)
                0x00000000c0010f8c                ReservedFilename::ReservedFilename(int)
                0x00000000c0010f8c                ReservedFilename::ReservedFilename(int)
                0x00000000c0010fbe                UnixFile::~UnixFile()
                0x00000000c0010fbe                UnixFile::~UnixFile()
                0x00000000c0011056                UnixFile::~UnixFile()
                0x00000000c001107e                ReservedFilename::~ReservedFilename()
                0x00000000c001107e                ReservedFilename::~ReservedFilename()
                0x00000000c00110a2                ReservedFilename::~ReservedFilename()
                0x00000000c00110c9                getFromFileDescriptor(int)
 .text          0x00000000c00111c6     0x1515 core/virtmgr.32
                0x00000000c00111c6                Virt::setPageState(unsigned long, Virt::VirtPageState)
                0x00000000c00111fb                Virt::getPageState(unsigned long)
                0x00000000c001121f                Virt::allocateKernelVirtualPages(int)
                0x00000000c0011330                Virt::freeSwapfilePage(unsigned long)
                0x00000000c001134e                Virt::swapIDToSector(unsigned long)
                0x00000000c0011360                Virt::allocateSwapfilePage()
                0x00000000c00113de                Virt::virtualMemorySetup()
                0x00000000c0011429                Virt::setupPageSwapping(int)
                0x00000000c0011646                VAS::VAS()
                0x00000000c0011646                VAS::VAS()
                0x00000000c0011682                VAS::VAS(VAS*)
                0x00000000c0011682                VAS::VAS(VAS*)
                0x00000000c00116b0                VAS::getForeignPageTableEntry(bool, unsigned long)
                0x00000000c00116dc                VAS::getPageTableEntry(unsigned long)
                0x00000000c00116fb                Virt::freeKernelVirtualPages(unsigned long)
                0x00000000c001181e                VAS::freeAllocatedPages(unsigned long)
                0x00000000c0011842                VAS::virtualToPhysical(unsigned long)
                0x00000000c001185a                VAS::reflagRange(unsigned long, int, int, int)
                0x00000000c001189a                VAS::setToWriteCombining(unsigned long, int)
                0x00000000c00118cc                VAS::mapOtherVASIn(bool, VAS*)
                0x00000000c00118f6                VAS::~VAS()
                0x00000000c00118f6                VAS::~VAS()
                0x00000000c0011a72                VAS::mapPage(unsigned long, unsigned long, int)
                0x00000000c0011b74                VAS::allocatePages(int, int)
                0x00000000c0011d4c                VAS::setCPUSpecific(unsigned long)
                0x00000000c0011d68                VAS::mapRange(unsigned long, unsigned long, int, int)
                0x00000000c0011e2e                VAS::mapForeignPage(bool, VAS*, unsigned long, unsigned long, int)
                0x00000000c0011f1c                VAS::VAS(bool)
                0x00000000c0011f1c                VAS::VAS(bool)
                0x00000000c001219c                VAS::evict(unsigned long)
                0x00000000c0012340                VAS::tryLoadBackOffDisk(unsigned long)
                0x00000000c00124c8                VAS::scanForEviction()
                0x00000000c00125af                mapVASFirstTime
 .text          0x00000000c00126db       0x95 coreobjs/c++.32
                0x00000000c00126db                __cxa_atexit
                0x00000000c00126de                __cxa_finalize
                0x00000000c00126df                __stack_chk_fail
                0x00000000c001274b                __cxa_pure_virtual
                0x00000000c001275c                operator new[](unsigned long)
                0x00000000c0012761                operator delete(void*, unsigned long)
                0x00000000c0012766                operator delete[](void*)
                0x00000000c001276b                operator delete[](void*, unsigned long)
 .text          0x00000000c0012770      0x1e7 dbg/kconsole.32
                0x00000000c0012770                Dbg::stringifyxWithBase(unsigned int, char*, int)
                0x00000000c00127c9                Dbg::logc(char)
                0x00000000c00127e0                Dbg::logs(char*)
                0x00000000c00127fd                Dbg::logWriteInt(unsigned int)
                0x00000000c001281a                Dbg::logWriteIntBase(unsigned int, int)
                0x00000000c0012839                Dbg::kprintf(char const*, ...)
 *fill*         0x00000000c0012957        0x1 
 .text          0x00000000c0012958      0xb82 fs/vfs.32
                0x00000000c0012958                File::read(unsigned long long, void*, int*)
                0x00000000c00129b0                File::write(unsigned long long, void*, int*)
                0x00000000c0012a08                Directory::read(unsigned long long, void*, int*)
                0x00000000c0012a60                Directory::write(unsigned long long, void*, int*)
                0x00000000c0012a8e                File::isAtty()
                0x00000000c0012a92                Directory::isAtty()
                0x00000000c0012a96                Filesystem::getlabel(LogicalDisk*, int, char*, unsigned int*)
                0x00000000c0012a9c                Filesystem::setlabel(LogicalDisk*, int, char*)
                0x00000000c0012aa2                Filesystem::getFileFirstSector(char const*)
                0x00000000c0012aa8                File::~File()
                0x00000000c0012aa8                File::~File()
                0x00000000c0012acc                File::~File()
                0x00000000c0012af6                Directory::~Directory()
                0x00000000c0012af6                Directory::~Directory()
                0x00000000c0012b1a                Directory::~Directory()
                0x00000000c0012b44                Filesystem::Filesystem()
                0x00000000c0012b44                Filesystem::Filesystem()
                0x00000000c0012b68                Filesystem::~Filesystem()
                0x00000000c0012b68                Filesystem::~Filesystem()
                0x00000000c0012b76                Filesystem::~Filesystem()
                0x00000000c0012b9a                Fs::getcwd(Process*, char*, int)
                0x00000000c0012bc4                Fs::initVFS()
                0x00000000c0012bee                Fs::standardiseFiles(char*, char const*, char const*)
                0x00000000c0012d98                File::File(char const*, Process*)
                0x00000000c0012d98                File::File(char const*, Process*)
                0x00000000c0012dfc                File::open(FileOpenMode)
                0x00000000c0012e5a                File::close()
                0x00000000c0012eba                File::seek(unsigned long long)
                0x00000000c0012f10                File::tell(unsigned long long*)
                0x00000000c0012f60                File::rewind()
                0x00000000c0012f74                File::unlink()
                0x00000000c0012fc0                File::rename(char const*)
                0x00000000c001300e                File::chfatattr(unsigned char, unsigned char)
                0x00000000c001306a                File::exists()
                0x00000000c00130a8                File::stat(unsigned long long*, bool*)
                0x00000000c0013109                Fs::setcwd(Process*, char*)
                0x00000000c0013244                Directory::Directory(char const*, Process*)
                0x00000000c0013244                Directory::Directory(char const*, Process*)
                0x00000000c00132a8                Directory::open()
                0x00000000c0013304                Directory::close()
                0x00000000c0013364                Directory::unlink()
                0x00000000c00133b0                Directory::rename(char const*)
                0x00000000c00133fe                Directory::exists()
                0x00000000c001343c                Directory::read(dirent*)
                0x00000000c0013488                Directory::create()
                0x00000000c00134d4                Filesystem::chfatattr(char const*, unsigned char, unsigned char)
 .text          0x00000000c00134da       0x84 hal/bus.32
                0x00000000c00134da                Bus::Bus(char const*)
                0x00000000c00134da                Bus::Bus(char const*)
                0x00000000c0013510                Bus::~Bus()
                0x00000000c0013510                Bus::~Bus()
                0x00000000c0013534                Bus::~Bus()
 .text          0x00000000c001355e      0x156 hal/buzzer.32
                0x00000000c001355e                Buzzer::Buzzer(char const*)
                0x00000000c001355e                Buzzer::Buzzer(char const*)
                0x00000000c00135a2                Buzzer::~Buzzer()
                0x00000000c00135a2                Buzzer::~Buzzer()
                0x00000000c00135c6                Buzzer::~Buzzer()
                0x00000000c00135f0                Buzzer::stop()
                0x00000000c0013603                beepThread(void*)
                0x00000000c0013646                Buzzer::beep(int, int, bool)
 .text          0x00000000c00136b4      0x467 hal/clock.32
                0x00000000c00136b4                User::loadClockSettings(int)
                0x00000000c0013706                Clock::Clock(char const*)
                0x00000000c0013706                Clock::Clock(char const*)
                0x00000000c001373c                Clock::~Clock()
                0x00000000c001373c                Clock::~Clock()
                0x00000000c0013760                Clock::~Clock()
                0x00000000c001378a                Clock::timeInSecondsLocal()
                0x00000000c00137d2                Clock::setTimeInSecondsLocal(unsigned long long)
                0x00000000c001382b                datetimeToSeconds(datetime_t)
                0x00000000c0013952                Clock::setTimeInDatetimeLocal(datetime_t)
                0x00000000c00139b2                secondsToDatetime(unsigned long long)
                0x00000000c0013af6                Clock::timeInDatetimeLocal()
 *fill*         0x00000000c0013b1b        0x1 
 .text          0x00000000c0013b1c      0x504 hal/device.32
                0x00000000c0013b1c                Device::hibernate()
                0x00000000c0013b1e                Device::wake()
                0x00000000c0013b20                Device::detect()
                0x00000000c0013b22                Device::disableLegacy()
                0x00000000c0013b24                Device::powerSaving(PowerSavingLevel)
                0x00000000c0013b26                DriverlessDevice::close(int, int, void*)
                0x00000000c0013b2a                DriverlessDevice::detect()
                0x00000000c0013b2c                DriverlessDevice::open(int, int, void*)
                0x00000000c0013b40                Device::~Device()
                0x00000000c0013b40                Device::~Device()
                0x00000000c0013b4e                Device::~Device()
                0x00000000c0013b76                Device::findAndLoadDriver()
                0x00000000c0013b84                Device::preOpenPCI(PCIDeviceInfo)
                0x00000000c0013baa                Device::preOpenACPI(void*, char*, char*)
                0x00000000c0013bea                Device::addIRQHandler(int, void (*)(regs*, void*), bool, void*)
                0x00000000c0013c28                Device::getParent()
                0x00000000c0013c34                Device::removeIRQHandler(int, void (*)(regs*, void*), bool)
                0x00000000c0013c72                Device::addChild(Device*)
                0x00000000c0013cb6                Device::removeAllChildren()
                0x00000000c0013cfc                Device::hibernateAll()
                0x00000000c0013d2c                Device::wakeAll()
                0x00000000c0013d5c                Device::detectAll()
                0x00000000c0013d8c                Device::disableLegacyAll()
                0x00000000c0013dbc                Device::loadDriversForAll()
                0x00000000c0013dfc                Device::closeAll()
                0x00000000c0013e32                Device::powerSavingAll(PowerSavingLevel)
                0x00000000c0013e68                Device::setName(char const*)
                0x00000000c0013e76                Device::Device(char const*)
                0x00000000c0013e76                Device::Device(char const*)
                0x00000000c0013f72                Device::getName()
                0x00000000c0013f7c                DriverlessDevice::DriverlessDevice(char const*)
                0x00000000c0013f7c                DriverlessDevice::DriverlessDevice(char const*)
                0x00000000c0013fb2                Device::addToLinkedList(LinkedList<Device>&, DeviceType)
                0x00000000c0013ff6                getDevicesOfType(DeviceType)
 .text          0x00000000c0014020       0x84 hal/diskctrl.32
                0x00000000c0014020                HardDiskController::HardDiskController(char const*)
                0x00000000c0014020                HardDiskController::HardDiskController(char const*)
                0x00000000c0014056                HardDiskController::~HardDiskController()
                0x00000000c0014056                HardDiskController::~HardDiskController()
                0x00000000c001407a                HardDiskController::~HardDiskController()
 .text          0x00000000c00140a4       0xe2 hal/diskphys.32
                0x00000000c00140a4                PhysicalDisk::eject()
                0x00000000c00140a8                PhysicalDisk::PhysicalDisk(char const*, int)
                0x00000000c00140a8                PhysicalDisk::PhysicalDisk(char const*, int)
                0x00000000c0014110                PhysicalDisk::startCache()
                0x00000000c0014138                PhysicalDisk::~PhysicalDisk()
                0x00000000c0014138                PhysicalDisk::~PhysicalDisk()
                0x00000000c001415c                PhysicalDisk::~PhysicalDisk()
 .text          0x00000000c0014186      0x13b hal/fpu.32
                0x00000000c0014186                FPU::FPU(char const*)
                0x00000000c0014186                FPU::FPU(char const*)
                0x00000000c00141bc                FPU::~FPU()
                0x00000000c00141bc                FPU::~FPU()
                0x00000000c00141e0                FPU::~FPU()
                0x00000000c001420a                setupFPU()
 *fill*         0x00000000c00142c1        0x1 
 .text          0x00000000c00142c2     0x1435 hal/intctrl.32
                0x00000000c00142c2                InterruptController::uninstallISRHandler(int, void (*)(regs*, void*))
                0x00000000c00142fa                InterruptController::installISRHandler(int, void (*)(regs*, void*), void*)
                0x00000000c001434c                doubleFault(regs*, void*)
                0x00000000c0014366                InterruptController::installIRQHandler(int, void (*)(regs*, void*), bool, void*)
                0x00000000c0014402                InterruptController::clearAllHandlers(int, bool)
                0x00000000c00144aa                InterruptController::uninstallIRQHandler(int, void (*)(regs*, void*), bool)
                0x00000000c0014531                nmiHandler(regs*, void*)
                0x00000000c001453f                int_handler
                0x00000000c00145e0                InterruptController::InterruptController(char const*)
                0x00000000c00145e0                InterruptController::InterruptController(char const*)
                0x00000000c0014686                InterruptController::~InterruptController()
                0x00000000c0014686                InterruptController::~InterruptController()
                0x00000000c00146aa                InterruptController::~InterruptController()
                0x00000000c00146d4                displayDebugInfo(regs*)
                0x00000000c0014b63                x87EmulHandler(regs*, void*)
                0x00000000c0014bd6                gpFault(regs*, void*)
                0x00000000c0014c0f                pgFault(regs*, void*)
                0x00000000c0014c57                otherISRHandler(regs*, void*)
                0x00000000c0014c76                opcodeFault(regs*, void*)
                0x00000000c0015293                displayProgramFault(char const*)
                0x00000000c00152bb                setupInterruptController()
                0x00000000c00156aa                InterruptController::convertLegacyIRQNumber(int)
 *fill*         0x00000000c00156f7        0x1 
 .text          0x00000000c00156f8      0x784 hal/keybrd.32
                0x00000000c00156f8                startGUI(void*)
                0x00000000c0015764                startGUIVESA(void*)
                0x00000000c00157d0                sendKeyToTerminal(unsigned char)
                0x00000000c001588e                sendKeyboardToken(KeyboardToken)
                0x00000000c0015ccb                clearInternalKeybuffer(VgaText*)
                0x00000000c0015d00                readKeyboard(VgaText*, char*, unsigned long)
                0x00000000c0015df2                Keyboard::Keyboard(char const*)
                0x00000000c0015df2                Keyboard::Keyboard(char const*)
                0x00000000c0015e2e                Keyboard::~Keyboard()
                0x00000000c0015e2e                Keyboard::~Keyboard()
                0x00000000c0015e52                Keyboard::~Keyboard()
 .text          0x00000000c0015e7c      0x3ea hal/logidisk.32
                0x00000000c0015e7c                LogicalDisk::close(int, int, void*)
                0x00000000c0015e80                LogicalDisk::~LogicalDisk()
                0x00000000c0015e80                LogicalDisk::~LogicalDisk()
                0x00000000c0015ea4                LogicalDisk::~LogicalDisk()
                0x00000000c0015ece                LogicalDisk::open(int, int, void*)
                0x00000000c0015ee2                LogicalDisk::absoluteToRelative(unsigned long long)
                0x00000000c0015f1a                LogicalDisk::relativeToAbsolute(unsigned long long)
                0x00000000c0015f60                LogicalDisk::LogicalDisk(char const*, PhysicalDisk*, unsigned long long, unsigned long long)
                0x00000000c0015f60                LogicalDisk::LogicalDisk(char const*, PhysicalDisk*, unsigned long long, unsigned long long)
                0x00000000c0016016                LogicalDisk::assignDriveLetter()
                0x00000000c00160cc                LogicalDisk::mount()
                0x00000000c0016114                LogicalDisk::unmount()
                0x00000000c0016124                LogicalDisk::eject()
                0x00000000c0016138                LogicalDisk::unassignDriveLetter()
                0x00000000c001618e                LogicalDisk::read(unsigned long long, int, void*)
                0x00000000c00161fa                LogicalDisk::write(unsigned long long, int, void*)
 .text          0x00000000c0016266       0x84 hal/mouse.32
                0x00000000c0016266                Mouse::Mouse(char const*)
                0x00000000c0016266                Mouse::Mouse(char const*)
                0x00000000c001629c                Mouse::~Mouse()
                0x00000000c001629c                Mouse::~Mouse()
                0x00000000c00162c0                Mouse::~Mouse()
 .text          0x00000000c00162ea      0x339 hal/partition.32
                0x00000000c00162ea                makePartition(PhysicalDisk*, unsigned long long, unsigned long long)
                0x00000000c0016392                createPartitionsForDisk(PhysicalDisk*)
 *fill*         0x00000000c0016623        0x1 
 .text          0x00000000c0016624       0x84 hal/serial.32
                0x00000000c0016624                Serial::Serial(char const*)
                0x00000000c0016624                Serial::Serial(char const*)
                0x00000000c001665a                Serial::~Serial()
                0x00000000c001665a                Serial::~Serial()
                0x00000000c001667e                Serial::~Serial()
 .text          0x00000000c00166a8      0x2f3 hal/timer.32
                0x00000000c00166a8                Timer::Timer(char const*)
                0x00000000c00166a8                Timer::Timer(char const*)
                0x00000000c00166de                Timer::~Timer()
                0x00000000c00166de                Timer::~Timer()
                0x00000000c0016702                Timer::~Timer()
                0x00000000c001672c                Timer::read()
                0x00000000c0016737                timerHandler(unsigned long long)
                0x00000000c00168a9                setupTimer(int)
 *fill*         0x00000000c001699b        0x1 
 .text          0x00000000c001699c      0x41f hal/vcache.32
                0x00000000c001699c                VCache::VCache(PhysicalDisk*)
                0x00000000c001699c                VCache::VCache(PhysicalDisk*)
                0x00000000c0016b04                VCache::invalidateReadBuffer()
                0x00000000c0016b14                VCache::writeWriteBuffer()
                0x00000000c0016b50                VCache::~VCache()
                0x00000000c0016b50                VCache::~VCache()
                0x00000000c0016ba4                VCache::~VCache()
                0x00000000c0016bcc                VCache::write(unsigned long long, int, void*)
                0x00000000c0016ce2                VCache::read(unsigned long long, int, void*)
 *fill*         0x00000000c0016dbb        0x1 
 .text          0x00000000c0016dbc      0x4b3 hal/video.32
                0x00000000c0016dbc                Video::putrect(int, int, int, int, unsigned int)
                0x00000000c0016e08                Video::bitblit(int, int, int, int, int, int, int, unsigned int*)
                0x00000000c0016e78                Video::blit(unsigned int*, int, int, int, int)
                0x00000000c0016ef6                Video::clearScreen(unsigned int)
                0x00000000c0016f2a                Video::putpixel(int, int, unsigned int)
                0x00000000c0016f38                Video::Video(char const*)
                0x00000000c0016f38                Video::Video(char const*)
                0x00000000c0016f6e                Video::~Video()
                0x00000000c0016f6e                Video::~Video()
                0x00000000c0016f92                Video::~Video()
                0x00000000c0016fbc                Video::isMonochrome()
                0x00000000c0016fc8                Video::getWidth()
                0x00000000c0016fd4                Video::getHeight()
                0x00000000c0016fe0                Video::drawCursor(int, int, unsigned char*, int)
                0x00000000c001709c                Video::tgaParse(unsigned char*, int, int*, int*)
                0x00000000c0017204                Video::putTGA(int, int, unsigned char*, int)
 *fill*         0x00000000c001726f        0x1 
 .text          0x00000000c0017270     0x11c9 hw/acpi.32
                0x00000000c0017270                ACPI::close(int, int, void*)
                0x00000000c0017315                findRSDP()
                0x00000000c001739f                loadACPITables(unsigned char*)
                0x00000000c00175f6                findRSDT(unsigned char*)
                0x00000000c0017740                findDataTable(unsigned char*, char*)
                0x00000000c00177b2                scanMADT()
                0x00000000c0017c20                ACPI::ACPI()
                0x00000000c0017c20                ACPI::ACPI()
                0x00000000c0017c74                ACPI::getPCIIRQAssignment(unsigned char, unsigned short, unsigned char)
                0x00000000c0017d56                ACPI::registerPCIIRQAssignment(void*, unsigned short, unsigned char, unsigned char)
                0x00000000c0017e1c                ACPI::setScreenBrightnessLevel(void*, int)
                0x00000000c0017e22                ACPI::detectPCI()
                0x00000000c0018024                ACPI::writeSimpleBootFlag(SimpleBootFlagTable*)
                0x00000000c001806c                ACPI::sleep()
                0x00000000c0018084                ACPI::open(int, int, void*)
 *fill*         0x00000000c0018439        0x1 
 .text          0x00000000c001843a     0x1495 hw/cpu.32
                0x00000000c001843a                CPU::close(int, int, void*)
                0x00000000c001843e                CPU::lookupAMDName(unsigned char, unsigned char)
                0x00000000c00185d2                CPU::lookupIntelName(unsigned char, unsigned char)
                0x00000000c0018880                CPU::AMD_K6_write_msr(unsigned int, unsigned int, unsigned int, CPU::REGS*)
                0x00000000c001889c                CPU::AMD_K6_read_msr(unsigned int, CPU::REGS*)
                0x00000000c00188b4                CPU::AMD_K6_writeback(int, int, int)
                0x00000000c0018928                CPU::cpuid(int, unsigned long*, unsigned long*, unsigned long*, unsigned long*)
                0x00000000c00189ac                CPU::cpuidCheckEDX(unsigned int)
                0x00000000c00189da                CPU::cpuidCheckECX(unsigned int)
                0x00000000c0018a08                CPU::cpuidCheckExtendedEBX(unsigned int)
                0x00000000c0018a36                CPU::cpuidCheckExtendedECX(unsigned int)
                0x00000000c0018a64                CPU::CPU()
                0x00000000c0018a64                CPU::CPU()
                0x00000000c0018af2                CPU::displayFeatures()
                0x00000000c0018af4                CPU::detectFeatures()
                0x00000000c00194e6                CPU::setupSMEP()
                0x00000000c00194f2                CPU::setupUMIP()
                0x00000000c00194fc                CPU::setupTSC()
                0x00000000c0019506                CPU::setupLargePages()
                0x00000000c0019510                CPU::setupPAT()
                0x00000000c001954c                CPU::setupMTRR()
                0x00000000c001954e                CPU::setupGlobalPages()
                0x00000000c0019558                CPU::allowUsermodeDataAccess()
                0x00000000c001956a                CPU::prohibitUsermodeDataAccess()
                0x00000000c001957c                CPU::setupSMAP()
                0x00000000c001958a                CPU::setupFeatures()
                0x00000000c001960a                CPU::open(int, int, void*)
                0x00000000c00196d4                CPU::decodeAddress(regs*, int*, bool*, unsigned char*)
 .text          0x00000000c00198cf        0x0 hw/ports.32
 .text          0x00000000c00198cf      0x16a hw/smp.32
                0x00000000c00198cf                Krnl::smpEntry()
                0x00000000c00198d1                Krnl::startCPU(int)
                0x00000000c0019a1a                Krnl::startCPUs()
 *fill*         0x00000000c0019a39        0x1 
 .text          0x00000000c0019a3a      0x581 krnl/env.32
                0x00000000c0019a3a                EnvVarContainer::getEnv(char const*)
                0x00000000c0019a78                EnvVarContainer::setEnv(char const*, char const*)
                0x00000000c0019b3a                EnvVarContainer::deleteEnv(char const*)
                0x00000000c0019b3c                EnvVarContainer::loadFrom(char const*, char const*)
                0x00000000c0019d22                EnvVarContainer::__loadSystem()
                0x00000000c0019d3c                EnvVarContainer::__loadUser()
                0x00000000c0019d3e                EnvVarContainer::EnvVarContainer(Process*)
                0x00000000c0019d3e                EnvVarContainer::EnvVarContainer(Process*)
                0x00000000c0019d60                EnvVarContainer::~EnvVarContainer()
                0x00000000c0019d60                EnvVarContainer::~EnvVarContainer()
                0x00000000c0019d90                Krnl::getEnv(Process*, char const*)
                0x00000000c0019df5                Krnl::setEnvSystem(char const*, char const*)
                0x00000000c0019e0f                Krnl::setEnvUser(char const*, char const*)
                0x00000000c0019e2e                Krnl::setEnvProcess(Process*, char const*, char const*)
                0x00000000c0019e41                Krnl::deleteEnvSystem(char const*)
                0x00000000c0019e42                Krnl::deleteEnvUser(char const*)
                0x00000000c0019e43                Krnl::deleteEnvProcess(Process*, char const*)
                0x00000000c0019e44                Krnl::newProcessEnv(Process*)
                0x00000000c0019e66                Krnl::copyProcessEnv(Process*, Process*)
                0x00000000c0019eb2                Krnl::loadSystemEnv()
                0x00000000c0019ee0                Krnl::loadUserEnv()
                0x00000000c0019f06                Krnl::flushEnv()
                0x00000000c0019f07                Krnl::getProcessTotalEnvCount(Process*)
                0x00000000c0019f27                Krnl::getProcessEnvPair(Process*, int)
 .text          0x00000000c0019fbb      0x39c krnl/panic.32
                0x00000000c0019fbb                Krnl::panic(char const*)
 .text          0x00000000c001a357      0x57f net/ethernet.32
                0x00000000c001a357                Net::switchEndian16(unsigned short)
                0x00000000c001a378                Net::switchEndian32(unsigned int)
                0x00000000c001a3a7                Net::crc32Calc(unsigned char*, int)
                0x00000000c001a438                Net::wrapEthernetFrame(Net::UnwrappedEthernetFrame, unsigned char*)
                0x00000000c001a64b                Net::unwrapEthernetFrame(unsigned char*, int)
 .text          0x00000000c001a8d6      0x50e reg/registry.32
                0x00000000c001a8d6                Reg::findLineFromLoadedData(char*, char*, char*)
                0x00000000c001aa2e                Reg::getLineFromRegistry(char*, char*, char*, char*)
                0x00000000c001ab83                Reg::getLine(char*, char*, char*)
                0x00000000c001abba                Reg::readInt(char*, char*, int*)
                0x00000000c001aca5                Reg::readString(char*, char*, char*, int)
                0x00000000c001ad26                Reg::readBool(char*, char*, bool*)
                0x00000000c001ad4b                Reg::readBoolWithDefault(char*, char*, bool)
                0x00000000c001ad77                Reg::readIntWithDefault(char*, char*, int)
                0x00000000c001ada3                Reg::readStringWithDefault(char*, char*, char*, int, char*)
 .text          0x00000000c001ade4       0x36 sys/sc_eject.32
                0x00000000c001ade4                Sys::eject(regs*)
 .text          0x00000000c001ae1a       0x18 sys/sc_exit.32
                0x00000000c001ae1a                Sys::exit(regs*)
 .text          0x00000000c001ae32       0x1f sys/sc_getcwd.32
                0x00000000c001ae32                Sys::getCwd(regs*)
 .text          0x00000000c001ae51        0xc sys/sc_getpid.32
                0x00000000c001ae51                Sys::getPID(regs*)
 .text          0x00000000c001ae5d       0x1a sys/sc_getramdata.32
                0x00000000c001ae5d                Sys::getRAMData(regs*)
 .text          0x00000000c001ae77       0x84 sys/sc_getvgaptr.32
                0x00000000c001ae77                Sys::getVGAPtr(regs*)
 .text          0x00000000c001aefb       0xa8 sys/sc_loaddll.32
                0x00000000c001aefb                Sys::loadDLL(regs*)
 .text          0x00000000c001afa3       0x68 sys/sc_read.32
                0x00000000c001afa3                Sys::read(regs*)
 .text          0x00000000c001b00b       0x55 sys/sc_sbrk.32
                0x00000000c001b00b                Sys::sbrk(regs*)
 .text          0x00000000c001b060       0x1c sys/sc_setcwd.32
                0x00000000c001b060                Sys::setCwd(regs*)
 .text          0x00000000c001b07c       0x95 sys/sc_settime.32
                0x00000000c001b07c                Sys::setTime(regs*)
 .text          0x00000000c001b111       0x4a sys/sc_timezone.32
                0x00000000c001b111                Sys::timezone(regs*)
 .text          0x00000000c001b15b       0x68 sys/sc_write.32
                0x00000000c001b15b                Sys::write(regs*)
 .text          0x00000000c001b1c3       0x62 sys/sc_wsbe.32
                0x00000000c001b1c3                Sys::wsbe(regs*)
 .text          0x00000000c001b225       0x46 sys/sc_yield.32
                0x00000000c001b225                Sys::yield(regs*)
 .text          0x00000000c001b26b      0xf84 sys/syscalls.32
                0x00000000c001b26b                sysCallSeekDir(regs*)
                0x00000000c001b270                sysCallTellDir(regs*)
                0x00000000c001b275                sysCallVerify(regs*)
                0x00000000c001b27f                sysCallGetArgc(regs*)
                0x00000000c001b28f                sysFormatDisk(regs*)
                0x00000000c001b2f9                sysSetDiskVolumeLabel(regs*)
                0x00000000c001b33f                sysGetDiskVolumeLabel(regs*)
                0x00000000c001b390                sysShutdown(regs*)
                0x00000000c001b3ee                sysCallRealpath(regs*)
                0x00000000c001b431                sysCallReadDir(regs*)
                0x00000000c001b4b0                sysCallIsATTY(regs*)
                0x00000000c001b50a                sysCallSeek(regs*)
                0x00000000c001b561                sysCallTell(regs*)
                0x00000000c001b5cd                sysCallSize(regs*)
                0x00000000c001b63f                sysCallSizeFromFilename(regs*)
                0x00000000c001b6ee                sysCallClose(regs*)
                0x00000000c001b74e                sysCallOpenDir(regs*)
                0x00000000c001b7c3                sysCallCloseDir(regs*)
                0x00000000c001b817                sysCallMakeDir(regs*)
                0x00000000c001b887                sysCallWait(regs*)
                0x00000000c001b8a1                sysCallNotImpl(regs*)
                0x00000000c001b8bc                sysPanic(regs*)
                0x00000000c001b8d6                sysCallRmdir(regs*)
                0x00000000c001b93a                sysCallUnlink(regs*)
                0x00000000c001b99e                sysCallGetArgv(regs*)
                0x00000000c001b9ea                sysCallTTYName(regs*)
                0x00000000c001ba6d                sysCallUSleep(regs*)
                0x00000000c001ba94                sysCallSpawn(regs*)
                0x00000000c001bafc                sysCallGetEnv(regs*)
                0x00000000c001bba9                sysAppSettings(regs*)
                0x00000000c001bcbd                sysSetFatAttrib(regs*)
                0x00000000c001bd2f                sysPipe(regs*)
                0x00000000c001bd74                sysGetUnixTime(regs*)
                0x00000000c001bd88                string_ends_with(char const*, char const*)
                0x00000000c001bdd0                sysCallOpen(regs*)
                0x00000000c001bfb8                Sys::loadSyscalls()
                0x00000000c001c1ad                Sys::systemCall(regs*, void*)
 .text          0x00000000c001c1ef     0x1203 thr/elf.32
                0x00000000c001c1ef                Thr::allocateMemoryForTask(Process*, File*, unsigned long, unsigned long, unsigned long)
                0x00000000c001c499                Thr::loadProgramIntoMemory(Process*, char const*)
                0x00000000c001c6af                Thr::runtimeReferenceHelper()
                0x00000000c001c6c2                Thr::getAddressOfKernelSymbol(char const*)
                0x00000000c001c711                Thr::loadKernelSymbolTable(char const*)
                0x00000000c001c9cf                Thr::loadDriverIntoMemory(char const*, unsigned long, bool)
                0x00000000c001d105                Thr::getDriverBaseFromAddress(unsigned long)
                0x00000000c001d137                Thr::getDriverNameFromAddress(unsigned long)
                0x00000000c001d16e                Thr::getDriverOffsetFromAddress(unsigned long)
                0x00000000c001d188                Thr::loadDLL(char const*, bool)
                0x00000000c001d3b9                Thr::executeDLL(unsigned long, void*)
 .text          0x00000000c001d3f2     0x11ef thr/prcssthr.32
                0x00000000c001d3f2                userModeEntryPoint(void*)
                0x00000000c001d418                changeTSS
                0x00000000c001d448                switchToThread(ThreadControlBlock*)
                0x00000000c001d4f2                Process::addArgs(char**)
                0x00000000c001d54c                Process::Process(char const*, Process*, char**)
                0x00000000c001d54c                Process::Process(char const*, Process*, char**)
                0x00000000c001d730                Process::Process(bool, char const*, Process*, char**)
                0x00000000c001d730                Process::Process(bool, char const*, Process*, char**)
                0x00000000c001d8df                taskStartupFunction
                0x00000000c001d8e8                Semaphore::Semaphore(int)
                0x00000000c001d8e8                Semaphore::Semaphore(int)
                0x00000000c001d916                Mutex::Mutex()
                0x00000000c001d916                Mutex::Mutex()
                0x00000000c001d928                Process::createThread(void (*)(void*), void*, int)
                0x00000000c001da2e                Process::createUserThread()
                0x00000000c001da4a                setupMultitasking(void (*)())
                0x00000000c001db4d                schedule()
                0x00000000c001dbd2                Semaphore::tryAcquire()
                0x00000000c001dc8e                Semaphore::assertLocked(char const*)
                0x00000000c001dcfd                blockTaskWithSchedulerLockAlreadyHeld(TaskState)
                0x00000000c001dd23                blockTask(TaskState)
                0x00000000c001dd50                waitTask(int, int*, int)
                0x00000000c001dd92                nanoSleepUntil(unsigned long long)
                0x00000000c001de27                nanoSleep(unsigned long long)
                0x00000000c001de3f                sleep(unsigned long long)
                0x00000000c001de5c                Semaphore::acquire()
                0x00000000c001defe                taskReturned
                0x00000000c001df39                Thr::processFromPID(int)
                0x00000000c001dfd0                unblockTask(ThreadControlBlock*)
                0x00000000c001e065                cleanupTerminatedTask(ThreadControlBlock*)
                0x00000000c001e30c                cleanerTaskFunction(void*)
                0x00000000c001e3ed                terminateTask(int)
                0x00000000c001e4ac                Thr::terminateFromIRQ(int)
                0x00000000c001e4b8                Semaphore::release()
 .text          0x00000000c001e5e1      0xada vm86/vm8086.32
                0x00000000c001e5e1                Vm::inbv(unsigned short)
                0x00000000c001e5f4                Vm::outbv(unsigned short, unsigned char)
                0x00000000c001e62a                Vm::realToLinear(unsigned short, unsigned short)
                0x00000000c001e63a                Vm::getSegment(unsigned int)
                0x00000000c001e642                Vm::getOffset(unsigned int)
                0x00000000c001e647                Vm::mainloop2()
                0x00000000c001e681                Vm::mainVm8086Loop(void*)
                0x00000000c001e691                Vm::mainloop3(unsigned long)
                0x00000000c001e6b7                Vm::initialise8086()
                0x00000000c001e6fa                Vm::finish8086()
                0x00000000c001e75b                Vm::getOutput8086(unsigned char*)
                0x00000000c001e780                Vm::start8086(char const*, unsigned short, unsigned short, unsigned short, unsigned short)
                0x00000000c001e8e8                Vm::doISR(regs*, int, unsigned char*, unsigned short, unsigned short)
                0x00000000c001e972                Vm::readByteFromReal(unsigned short, unsigned short)
                0x00000000c001e983                Vm::readWordFromReal(unsigned short, unsigned short)
                0x00000000c001e995                Vm::readDwordFromReal(unsigned short, unsigned short)
                0x00000000c001e9a6                Vm::writeByteFromReal(unsigned short, unsigned short, unsigned char)
                0x00000000c001e9bb                Vm::writeWordFromReal(unsigned short, unsigned short, unsigned short)
                0x00000000c001e9d1                Vm::writeDwordFromReal(unsigned short, unsigned short, unsigned int)
                0x00000000c001e9e6                Vm::faultHandler(regs*)
 .text          0x00000000c001f0bb      0xefd vm86/x87em.32
                0x00000000c001f0bb                Vm::fpuInternalTo32(unsigned long long)
                0x00000000c001f116                Vm::fpuInternalTo64(unsigned long long)
                0x00000000c001f11f                Vm::fpu32ToInternal(unsigned int)
                0x00000000c001f164                Vm::fpu64ToInternal(unsigned long long)
                0x00000000c001f16d                Vm::fpuFloatToLong(unsigned long long)
                0x00000000c001f1c8                Vm::fpuULongToFloat(unsigned long long)
                0x00000000c001f1fe                Vm::fpuLongToFloat(long long)
                0x00000000c001f254                Vm::fpuGet0()
                0x00000000c001f259                Vm::fpuGet1()
                0x00000000c001f261                Vm::fpuGetPi()
                0x00000000c001f269                Vm::fpuGetLog2E()
                0x00000000c001f281                Vm::fpuGetLogE2()
                0x00000000c001f299                Vm::fpuGetLog210()
                0x00000000c001f2b1                Vm::fpuGetLog102()
                0x00000000c001f2c9                Vm::fpuIsSecondLarger(unsigned long long, unsigned long long)
                0x00000000c001f2dd                Vm::fpuAreEqual(unsigned long long, unsigned long long)
                0x00000000c001f2f3                Vm::fpuUnorderedCompare(unsigned long long, unsigned long long)
                0x00000000c001f346                Vm::fpuAdd(unsigned long long, unsigned long long)
                0x00000000c001f357                Vm::fpuAbs(unsigned long long)
                0x00000000c001f360                Vm::fpuChs(unsigned long long)
                0x00000000c001f370                Vm::fpuSub(unsigned long long, unsigned long long)
                0x00000000c001f37f                Vm::fpuMultiply(unsigned long long, unsigned long long)
                0x00000000c001f39e                Vm::fpuDivide(unsigned long long, unsigned long long)
                0x00000000c001f3ba                Vm::fpuSquare(unsigned long long)
                0x00000000c001f3d0                Vm::fpuGetReg(int)
                0x00000000c001f413                Vm::fpuSetReg(int, unsigned long long)
                0x00000000c001f45e                Vm::fpuPush(unsigned long long)
                0x00000000c001f4bb                Vm::fpuPop()
                0x00000000c001f50d                Vm::x87Handler(regs*)
 .text          0x00000000c001ffb8     0x11c1 fs/fat/vfslink.32
                0x00000000c001ffb8                FAT::getName()
                0x00000000c001ffbe                FAT::tell(void*, unsigned long long*)
                0x00000000c001fff2                FAT::stat(void*, unsigned long long*)
                0x00000000c0020026                FAT::~FAT()
                0x00000000c0020026                FAT::~FAT()
                0x00000000c002004a                FAT::~FAT()
                0x00000000c0020072                FAT::getlabel(LogicalDisk*, int, char*, unsigned int*)
                0x00000000c0020110                FAT::setlabel(LogicalDisk*, int, char*)
                0x00000000c00201ca                FAT::format(LogicalDisk*, int, char const*, int)
                0x00000000c0020388                FAT::tryMount(LogicalDisk*, int)
                0x00000000c002058e                FAT::getFileFirstSector(char const*)
                0x00000000c0020634                FAT::readDir(void*, unsigned long, void*, int*)
                0x00000000c002078e                FAT::read(void*, unsigned long, void*, int*)
                0x00000000c00207e8                FAT::write(void*, unsigned long, void*, int*)
                0x00000000c0020842                FAT::close(void*)
                0x00000000c002088e                FAT::closeDir(void*)
                0x00000000c00208da                FAT::seek(void*, unsigned long long)
                0x00000000c002092e                fatWrapperReadDisk
                0x00000000c0020975                fatWrapperWriteDisk
                0x00000000c00209bc                fatWrapperIoctl
                0x00000000c0020ac0                FAT::FAT()
                0x00000000c0020ac0                FAT::FAT()
                0x00000000c0020b12                FAT::fixFilepath(char*)
                0x00000000c0020b4a                FAT::open(char const*, void**, FileOpenMode)
                0x00000000c0020c72                FAT::openDir(char const*, void**)
                0x00000000c0020d18                FAT::stat(char const*, unsigned long long*, bool*)
                0x00000000c0020e02                FAT::unlink(char const*)
                0x00000000c0020e7c                FAT::chfatattr(char const*, unsigned char, unsigned char)
                0x00000000c0020fd0                FAT::rename(char const*, char const*)
                0x00000000c0021094                FAT::mkdir(char const*)
                0x00000000c002110e                FAT::exists(char const*)
 *fill*         0x00000000c0021179        0x1 
 .text          0x00000000c002117a      0xb75 fs/iso9660/vfslink.32
                0x00000000c002117a                ISO9660::format(LogicalDisk*, int, char const*, int)
                0x00000000c0021180                ISO9660::seek(void*, unsigned long long)
                0x00000000c00211b0                ISO9660::tell(void*, unsigned long long*)
                0x00000000c00211d4                ISO9660::getName()
                0x00000000c00211da                ISO9660::stat(void*, unsigned long long*)
                0x00000000c00211fe                ISO9660::chfatattr(char const*, unsigned char, unsigned char)
                0x00000000c0021204                ISO9660::unlink(char const*)
                0x00000000c002120a                ISO9660::write(void*, unsigned long, void*, int*)
                0x00000000c0021210                ISO9660::rename(char const*, char const*)
                0x00000000c0021216                ISO9660::mkdir(char const*)
                0x00000000c002121c                ISO9660::close(void*)
                0x00000000c002123e                ISO9660::closeDir(void*)
                0x00000000c0021260                ISO9660::~ISO9660()
                0x00000000c0021260                ISO9660::~ISO9660()
                0x00000000c0021284                ISO9660::~ISO9660()
                0x00000000c00212ab                __memmem(unsigned char*, int, unsigned char*, int)
                0x00000000c00212ed                readSectorFromCDROM(unsigned int, unsigned char*, char)
                0x00000000c0021348                ISO9660::tryMount(LogicalDisk*, int)
                0x00000000c0021398                ISO9660::read(void*, unsigned long, void*, int*)
                0x00000000c002159c                ISO9660::readDir(void*, unsigned long, void*, int*)
                0x00000000c0021816                readRoot(unsigned int*, unsigned int*, char)
                0x00000000c002186a                readRecursively(char*, unsigned int, unsigned int, unsigned int*, unsigned int*, char, int*)
                0x00000000c0021a3d                getFileData(char*, unsigned int*, unsigned int*, char, int*)
                0x00000000c0021acc                ISO9660::open(char const*, void**, FileOpenMode)
                0x00000000c0021b7a                ISO9660::exists(char const*)
                0x00000000c0021b9e                ISO9660::stat(char const*, unsigned long long*, bool*)
                0x00000000c0021c32                ISO9660::openDir(char const*, void**)
                0x00000000c0021ccc                ISO9660::ISO9660()
                0x00000000c0021ccc                ISO9660::ISO9660()
 *fill*         0x00000000c0021cef        0x1 
 .text          0x00000000c0021cf0      0x396 hal/sound/sndchannel.32
                0x00000000c0021cf0                SoundChannel::SoundChannel(int, int, int, int)
                0x00000000c0021cf0                SoundChannel::SoundChannel(int, int, int, int)
                0x00000000c0021e1a                SoundChannel::~SoundChannel()
                0x00000000c0021e1a                SoundChannel::~SoundChannel()
                0x00000000c0021e36                SoundChannel::getSampleRate()
                0x00000000c0021e3e                SoundChannel::getBits()
                0x00000000c0021e46                SoundChannel::getBufferUsed()
                0x00000000c0021e4e                SoundChannel::getBufferSize()
                0x00000000c0021e56                SoundChannel::unbuffer(float*, int, int)
                0x00000000c0021eea                SoundChannel::buffer16(short*, int)
                0x00000000c0021fe6                SoundChannel::buffer8(unsigned char*, int)
 .text          0x00000000c0022086      0x43e hal/sound/sndhw.32
                0x00000000c0022086                SoundDevice::SoundDevice(char const*)
                0x00000000c0022086                SoundDevice::SoundDevice(char const*)
                0x00000000c00220f2                SoundDevice::~SoundDevice()
                0x00000000c00220f2                SoundDevice::~SoundDevice()
                0x00000000c002216c                SoundDevice::~SoundDevice()
                0x00000000c0022196                SoundDevice::getFreeChannelNum()
                0x00000000c00221b0                SoundDevice::addChannel(SoundChannel*)
                0x00000000c0022220                SoundDevice::removeChannel(int)
                0x00000000c0022252                SoundDevice::floatTo16(float*, short*, int)
                0x00000000c0022340                SoundDevice::floatTo8(float*, unsigned char*, int)
                0x00000000c0022428                SoundDevice::getAudio(int, float*, float*)
 .text          0x00000000c00224c4        0x0 hw/bus/isa.32
 .text          0x00000000c00224c4      0xb87 hw/bus/pci.32
                0x00000000c00224c4                PCI::open(int, int, void*)
                0x00000000c00224e2                PCI::close(int, int, void*)
                0x00000000c00224e6                PCI::PCI()
                0x00000000c00224e6                PCI::PCI()
                0x00000000c002257c                PCI::readBAR8(unsigned int, int)
                0x00000000c0022598                PCI::readBAR16(unsigned int, int)
                0x00000000c00225b6                PCI::readBAR32(unsigned int, int)
                0x00000000c00225d2                PCI::writeBAR8(unsigned int, unsigned char, int)
                0x00000000c00225f2                PCI::writeBAR16(unsigned int, unsigned short, int)
                0x00000000c0022614                PCI::writeBAR32(unsigned int, unsigned int, int)
                0x00000000c0022634                PCI::legacyMechanism(unsigned char, unsigned char, unsigned char, unsigned char)
                0x00000000c00226a2                PCI::pciReadWord(unsigned char, unsigned char, unsigned char, unsigned char)
                0x00000000c002274a                PCI::getVendorID(unsigned char, unsigned char, unsigned char)
                0x00000000c002276e                PCI::getHeaderType(unsigned char, unsigned char, unsigned char)
                0x00000000c0022796                PCI::getClassCode(unsigned char, unsigned char, unsigned char)
                0x00000000c00227e0                PCI::getProgIF(unsigned char, unsigned char, unsigned char)
                0x00000000c0022808                PCI::getRevisionID(unsigned char, unsigned char, unsigned char)
                0x00000000c002282c                PCI::getInterruptNumber(unsigned char, unsigned char, unsigned char)
                0x00000000c0022850                PCI::getSecondaryBus(unsigned char, unsigned char, unsigned char)
                0x00000000c0022878                PCI::getBARAddress(unsigned char, unsigned char, unsigned char, unsigned char)
                0x00000000c00228dc                PCI::pciWriteWord(unsigned char, unsigned char, unsigned char, unsigned char, unsigned short)
                0x00000000c00229c4                PCI::pciDetailsToFilepath(PCIDeviceInfo, char*)
                0x00000000c0022c3e                PCI::checkBus(unsigned char)
                0x00000000c0022c62                PCI::foundDevice(PCIDeviceInfo)
                0x00000000c0022dd4                PCI::getDeviceData(unsigned char, unsigned char, unsigned char)
                0x00000000c0022f8c                PCI::checkDevice(unsigned char, unsigned char)
                0x00000000c0022ff8                PCI::detect()
 *fill*         0x00000000c002304b        0x1 
 .text          0x00000000c002304c      0xb54 hw/diskctrl/ide.32
                0x00000000c002304c                IDE::close(int, int, void*)
                0x00000000c0023050                IDE::IDE()
                0x00000000c0023050                IDE::IDE()
                0x00000000c0023084                IDE::prepareInterrupt(unsigned char)
                0x00000000c0023096                selectDrive(unsigned char, unsigned char)
                0x00000000c0023098                IDE::getBase(unsigned char)
                0x00000000c00230aa                IDE::write(unsigned char, unsigned char, unsigned char)
                0x00000000c002316a                IDE::read(unsigned char, unsigned char)
                0x00000000c0023218                IDE::waitInterrupt(unsigned char)
                0x00000000c002327e                ideChannel0IRQHandler(regs*, void*)
                0x00000000c002329a                ideChannel1IRQHandler(regs*, void*)
                0x00000000c00232b6                IDE::enableIRQs(unsigned char, bool)
                0x00000000c00232fc                IDE::open(int, int, void*)
                0x00000000c002370a                IDE::readBuffer(unsigned char, unsigned char, unsigned int, unsigned int)
                0x00000000c00237d6                IDE::detect()
                0x00000000c0023a9c                IDE::printError(unsigned char, unsigned char, unsigned char)
                0x00000000c0023b4c                IDE::polling(unsigned char, unsigned int)
 .text          0x00000000c0023ba0      0x336 hw/diskctrl/satabus.32
                0x00000000c0023ba0                SATABus::close(int, int, void*)
                0x00000000c0023ba4                SATABus::detect()
                0x00000000c0023ba6                SATABus::SATABus()
                0x00000000c0023ba6                SATABus::SATABus()
                0x00000000c0023c2c                SATABus::findCmdslot(SATABus::tagHBA_PORT volatile*)
                0x00000000c0023c74                SATABus::checkType(SATABus::tagHBA_PORT volatile*)
                0x00000000c0023cbc                SATABus::startCmd(SATABus::tagHBA_PORT volatile*)
                0x00000000c0023cdc                SATABus::stopCmd(SATABus::tagHBA_PORT volatile*)
                0x00000000c0023d06                SATABus::portRebase(SATABus::tagHBA_PORT volatile*, int)
                0x00000000c0023e0c                SATABus::probePort(SATABus::tagHBA_MEM volatile*)
                0x00000000c0023eb6                SATABus::open(int, int, void*)
 .text          0x00000000c0023ed6      0x688 hw/diskphys/ata.32
                0x00000000c0023ed6                ATA::close(int, int, void*)
                0x00000000c0023efa                ATA::powerSaving(PowerSavingLevel)
                0x00000000c0023efc                ATA::ATA()
                0x00000000c0023efc                ATA::ATA()
                0x00000000c0023f2a                ATA::flush(bool)
                0x00000000c0023f74                ATA::readyForCommand()
                0x00000000c0023fc4                ATA::access(unsigned long long, int, void*, bool)
                0x00000000c00243ba                ATA::read(unsigned long long, int, void*)
                0x00000000c0024406                ATA::write(unsigned long long, int, void*)
                0x00000000c0024468                ATA::detectCHS()
                0x00000000c0024492                ATA::open(int, int, void*)
 .text          0x00000000c002455e      0x5bd hw/diskphys/atapi.32
                0x00000000c002455e                ATAPI::write(unsigned long long, int, void*)
                0x00000000c0024564                ATAPI::close(int, int, void*)
                0x00000000c0024588                ATAPI::ATAPI()
                0x00000000c0024588                ATAPI::ATAPI()
                0x00000000c00245b6                ATAPI::readyForCommand()
                0x00000000c0024606                ATAPI::sendPacket(unsigned char*, int, bool, unsigned short*, int)
                0x00000000c00248c6                ATAPI::diskRemoved()
                0x00000000c00248e2                ATAPI::eject()
                0x00000000c002492a                ATAPI::diskInserted()
                0x00000000c0024958                ATAPI::detectMedia()
                0x00000000c0024a14                ATAPI::open(int, int, void*)
                0x00000000c0024a9c                ATAPI::read(unsigned long long, int, void*)
 *fill*         0x00000000c0024b1b        0x1 
 .text          0x00000000c0024b1c      0x41c hw/diskphys/sata.32
                0x00000000c0024b1c                SATA::close(int, int, void*)
                0x00000000c0024b40                SATA::powerSaving(PowerSavingLevel)
                0x00000000c0024b42                SATA::open(int, int, void*)
                0x00000000c0024bec                SATA::SATA()
                0x00000000c0024bec                SATA::SATA()
                0x00000000c0024c1a                SATA::access(unsigned long long, int, void*, bool)
                0x00000000c0024e80                SATA::read(unsigned long long, int, void*)
                0x00000000c0024ecc                SATA::write(unsigned long long, int, void*)
 .text          0x00000000c0024f38      0x4fe hw/diskphys/satapi.32
                0x00000000c0024f38                SATAPI::write(unsigned long long, int, void*)
                0x00000000c0024f3e                SATAPI::close(int, int, void*)
                0x00000000c0024f62                SATAPI::SATAPI()
                0x00000000c0024f62                SATAPI::SATAPI()
                0x00000000c0024f90                SATAPI::diskRemoved()
                0x00000000c0024fac                SATAPI::diskInserted()
                0x00000000c0024fda                SATAPI::sendPacket(unsigned char*, int, unsigned long long, unsigned short*, int)
                0x00000000c00251e2                SATAPI::eject()
                0x00000000c002522a                SATAPI::detectMedia()
                0x00000000c00252ec                SATAPI::open(int, int, void*)
                0x00000000c0025394                SATAPI::read(unsigned long long, int, void*)
 .text          0x00000000c0025436       0x8e hw/fpu/avx.32
                0x00000000c0025436                AVX::open(int, int, void*)
                0x00000000c0025448                AVX::close(int, int, void*)
                0x00000000c002545a                AVX::available()
                0x00000000c002546c                AVX::save(void*)
                0x00000000c0025484                AVX::load(void*)
                0x00000000c002549c                AVX::AVX()
                0x00000000c002549c                AVX::AVX()
 .text          0x00000000c00254c4       0x90 hw/fpu/mmx.32
                0x00000000c00254c4                MMX::available()
                0x00000000c00254d8                MMX::open(int, int, void*)
                0x00000000c00254ea                MMX::close(int, int, void*)
                0x00000000c00254fc                MMX::save(void*)
                0x00000000c0025514                MMX::load(void*)
                0x00000000c002552c                MMX::MMX()
                0x00000000c002552c                MMX::MMX()
 .text          0x00000000c0025554       0x96 hw/fpu/sse.32
                0x00000000c0025554                SSE::open(int, int, void*)
                0x00000000c0025566                SSE::close(int, int, void*)
                0x00000000c0025578                SSE::available()
                0x00000000c0025592                SSE::save(void*)
                0x00000000c00255aa                SSE::load(void*)
                0x00000000c00255c2                SSE::SSE()
                0x00000000c00255c2                SSE::SSE()
 .text          0x00000000c00255ea       0x8e hw/fpu/x87.32
                0x00000000c00255ea                x87::open(int, int, void*)
                0x00000000c00255fc                x87::close(int, int, void*)
                0x00000000c002560e                x87::available()
                0x00000000c0025620                x87::save(void*)
                0x00000000c0025638                x87::load(void*)
                0x00000000c0025650                x87::x87()
                0x00000000c0025650                x87::x87()
 .text          0x00000000c0025678      0x71e hw/intctrl/apic.32
                0x00000000c0025678                APIC::disable()
                0x00000000c002567a                APIC::close(int, int, void*)
                0x00000000c002569c                IOAPIC::close(int, int, void*)
                0x00000000c00256a2                APIC::io_wait()
                0x00000000c00256a8                APIC::getBase()
                0x00000000c00256ea                APIC::eoi(unsigned char)
                0x00000000c0025718                APIC::open(int, int, void*)
                0x00000000c0025866                IOAPIC::IOAPIC()
                0x00000000c0025866                IOAPIC::IOAPIC()
                0x00000000c002588e                APIC::APIC()
                0x00000000c002588e                APIC::APIC()
                0x00000000c002596a                IOAPIC::handlesGSIWithNumber(unsigned int)
                0x00000000c002599c                IOAPIC::read(int)
                0x00000000c00259c4                IOAPIC::open(int, int, void*)
                0x00000000c0025aba                IOAPIC::write(int, int)
                0x00000000c0025ae6                IOAPIC::redirect(unsigned char, unsigned long long, unsigned char, bool, bool)
                0x00000000c0025be0                APIC::installIRQHandler(int, void (*)(regs*, void*), bool, void*)
 .text          0x00000000c0025d96      0x3d3 hw/intctrl/pic.32
                0x00000000c0025d96                PIC::disable()
                0x00000000c0025dc4                PIC::close(int, int, void*)
                0x00000000c0025de6                PIC::PIC()
                0x00000000c0025de6                PIC::PIC()
                0x00000000c0025ebc                PIC::ioWait()
                0x00000000c0025ec2                PIC::getIRQReg(int)
                0x00000000c0025f2c                PIC::eoi(unsigned char)
                0x00000000c0025fbe                PIC::remap()
                0x00000000c002612a                PIC::open(int, int, void*)
 *fill*         0x00000000c0026169        0x1 
 .text          0x00000000c002616a      0x25e hw/timer/apictimer.32
                0x00000000c002616a                APICTimer::close(int, int, void*)
                0x00000000c0026170                apicTimerHandler(regs*, void*)
                0x00000000c002619e                APICTimer::write(int)
                0x00000000c00262a2                APICTimer::open(int, int, void*)
                0x00000000c00263a0                APICTimer::APICTimer()
                0x00000000c00263a0                APICTimer::APICTimer()
 .text          0x00000000c00263c8      0x1a7 hw/timer/pit.32
                0x00000000c00263c8                PIT::write(int)
                0x00000000c0026446                pitHandler(regs*, void*)
                0x00000000c0026472                PIT::open(int, int, void*)
                0x00000000c00264c0                PIT::close(int, int, void*)
                0x00000000c00264f0                PIT::PIT()
                0x00000000c00264f0                PIT::PIT()
 *fill*         0x00000000c002656f        0x1 
 .text          0x00000000c0026570       0x1e hw/fpu/x86/avx.32
                0x00000000c0026570                avxDetect
                0x00000000c0026576                avxSave
                0x00000000c0026577                avxLoad
                0x00000000c0026578                avxInit
                0x00000000c0026579                avxClose
                0x00000000c002657a                wouldSheSayYes
 *fill*         0x00000000c002658e        0x2 
 .text          0x00000000c0026590       0x35 hw/fpu/x86/sse.32
                0x00000000c0026590                absolutelyNoChanceInHell
                0x00000000c0026590                sseDetect
                0x00000000c00265a8                sseSave
                0x00000000c00265ae                sseLoad
                0x00000000c00265b4                sseInit
                0x00000000c00265c4                sseClose
 *fill*         0x00000000c00265c5        0xb 
 .text          0x00000000c00265d0       0x4d hw/fpu/x86/x87.32
                0x00000000c00265d6                x87Detect
                0x00000000c00265f1                x87Save
                0x00000000c00265fa                x87Load
                0x00000000c0026602                x87Init
                0x00000000c002661c                x87Close
 *fill*         0x00000000c002661d        0x3 
 .text          0x00000000c0026620       0x25 /cygdrive/d/Users/Alex/Desktop/Toolchain/Output/bin/../lib/gcc/i386-banana/8.1.0/crtend.o
 .text          0x00000000c0026645        0x0 crtn.32
 *fill*         0x00000000c0026645        0x3 
 .text          0x00000000c0026648      0x14b /cygdrive/d/Users/Alex/Desktop/Toolchain/Output/bin/../lib/gcc/i386-banana/8.1.0/libkgcc.a(_divdi3.o)
                0x00000000c0026648                __divdi3
 *fill*         0x00000000c0026793        0x1 
 .text          0x00000000c0026794      0x17e /cygdrive/d/Users/Alex/Desktop/Toolchain/Output/bin/../lib/gcc/i386-banana/8.1.0/libkgcc.a(_moddi3.o)
                0x00000000c0026794                __moddi3
 *fill*         0x00000000c0026912        0x2 
 .text          0x00000000c0026914       0xff /cygdrive/d/Users/Alex/Desktop/Toolchain/Output/bin/../lib/gcc/i386-banana/8.1.0/libkgcc.a(_udivdi3.o)
                0x00000000c0026914                __udivdi3
 *fill*         0x00000000c0026a13        0x1 
 .text          0x00000000c0026a14      0x11a /cygdrive/d/Users/Alex/Desktop/Toolchain/Output/bin/../lib/gcc/i386-banana/8.1.0/libkgcc.a(_umoddi3.o)
                0x00000000c0026a14                __umoddi3
 .text          0x00000000c0026b2e      0x96d D:/Users/Alex/Desktop/Banana/kernel/libsoftfp.a(sfieeelib.o)
                0x00000000c0026b2e                __addsf3
                0x00000000c0026e30                __subsf3
                0x00000000c0026e44                __negsf2
                0x00000000c0026e51                __mulsf3
                0x00000000c0027014                __divsf3
                0x00000000c002723f                __floatsisf
                0x00000000c00272b3                __floatunsisf
                0x00000000c00272f5                __fixsfsi
                0x00000000c0027357                __fixunssfsi
                0x00000000c0027388                __cmpsf2
                0x00000000c002741d                __eqsf2
                0x00000000c0027458                __nesf2
                0x00000000c002745a                __gtsf2
                0x00000000c0027495                __gesf2
                0x00000000c0027497                __ltsf2
                0x00000000c0027499                __lesf2
 .text          0x00000000c002749b      0xf50 D:/Users/Alex/Desktop/Banana/kernel/libsoftfp.a(dfieeelib.o)
                0x00000000c002749b                __adddf3
                0x00000000c0027aec                __subdf3