Archive member included to satisfy reference by file (symbol)

/cygdrive/d/Users/Alex/Desktop/Toolchain/Output/bin/../lib/gcc/i386-banana/8.1.0/libkgcc.a(_divdi3.o)
                              krnl/resolve.32 (__divdi3)
/cygdrive/d/Users/Alex/Desktop/Toolchain/Output/bin/../lib/gcc/i386-banana/8.1.0/libkgcc.a(_moddi3.o)
                              krnl/resolve.32 (__moddi3)
/cygdrive/d/Users/Alex/Desktop/Toolchain/Output/bin/../lib/gcc/i386-banana/8.1.0/libkgcc.a(_udivdi3.o)
                              hal/clock.32 (__udivdi3)
/cygdrive/d/Users/Alex/Desktop/Toolchain/Output/bin/../lib/gcc/i386-banana/8.1.0/libkgcc.a(_umoddi3.o)
                              core/pipe.32 (__umoddi3)

Allocating common symbols
Common symbol       size              file

dcache              0x40              fs/iso9660/iso9660.32
cdDriveLetter       0x1               fs/iso9660/iso9660.32
icache              0x40              fs/iso9660/iso9660.32

Discarded input sections

 .comment       0x0000000000000000       0x12 /cygdrive/d/Users/Alex/Desktop/Toolchain/Output/bin/../lib/gcc/i386-banana/8.1.0/crtbegin.o
 .comment       0x0000000000000000       0x12 acpica/utclib.32
 .comment       0x0000000000000000       0x12 core/malloc.32
 .comment       0x0000000000000000       0x12 libk/ctype.32
 .comment       0x0000000000000000       0x12 libk/string.32
 .comment       0x0000000000000000       0x12 fs/fat/diskio.32
 .comment       0x0000000000000000       0x12 fs/fat/ff.32
 .comment       0x0000000000000000       0x12 fs/fat/ffsystem.32
 .comment       0x0000000000000000       0x12 fs/fat/ffunicode.32
 .comment       0x0000000000000000       0x12 fs/iso9660/iso9660.32
 .group         0x0000000000000000       0x14 core/computer.32
 .group         0x0000000000000000        0xc core/computer.32
 .comment       0x0000000000000000       0x12 core/computer.32
 .comment       0x0000000000000000       0x12 core/gdt.32
 .group         0x0000000000000000        0xc core/idle.32
 .comment       0x0000000000000000       0x12 core/idle.32
 .comment       0x0000000000000000       0x12 core/idt.32
 .comment       0x0000000000000000       0x12 core/kheap.32
 .comment       0x0000000000000000       0x12 core/main.32
 .comment       0x0000000000000000       0x12 core/physmgr.32
 .group         0x0000000000000000        0xc core/pipe.32
 .comment       0x0000000000000000       0x12 core/pipe.32
 .group         0x0000000000000000        0xc core/terminal.32
 .comment       0x0000000000000000       0x12 core/terminal.32
 .comment       0x0000000000000000       0x12 core/tss.32
 .group         0x0000000000000000        0xc core/unixfile.32
 .group         0x0000000000000000        0xc core/unixfile.32
 .group         0x0000000000000000        0xc core/unixfile.32
 .group         0x0000000000000000        0xc core/unixfile.32
 .group         0x0000000000000000        0xc core/unixfile.32
 .group         0x0000000000000000        0xc core/unixfile.32
 .group         0x0000000000000000        0xc core/unixfile.32
 .group         0x0000000000000000        0xc core/unixfile.32
 .comment       0x0000000000000000       0x12 core/unixfile.32
 .comment       0x0000000000000000       0x12 core/virtmgr.32
 .comment       0x0000000000000000       0x12 coreobjs/c++.32
 .comment       0x0000000000000000       0x12 dbg/kconsole.32
 .comment       0x0000000000000000       0x12 dbg/usban.32
 .group         0x0000000000000000        0xc fs/vfs.32
 .group         0x0000000000000000        0xc fs/vfs.32
 .group         0x0000000000000000        0xc fs/vfs.32
 .comment       0x0000000000000000       0x12 fs/vfs.32
 .group         0x0000000000000000        0xc hal/bus.32
 .comment       0x0000000000000000       0x12 hal/bus.32
 .comment       0x0000000000000000       0x12 hal/buzzer.32
 .group         0x0000000000000000        0xc hal/clock.32
 .comment       0x0000000000000000       0x12 hal/clock.32
 .group         0x0000000000000000       0x14 hal/device.32
 .group         0x0000000000000000        0xc hal/device.32
 .group         0x0000000000000000        0xc hal/device.32
 .group         0x0000000000000000        0xc hal/device.32
 .group         0x0000000000000000        0xc hal/device.32
 .comment       0x0000000000000000       0x12 hal/device.32
 .group         0x0000000000000000        0xc hal/diskctrl.32
 .comment       0x0000000000000000       0x12 hal/diskctrl.32
 .group         0x0000000000000000        0xc hal/diskphys.32
 .comment       0x0000000000000000       0x12 hal/diskphys.32
 .comment       0x0000000000000000       0x12 hal/fpu.32
 .comment       0x0000000000000000       0x12 hal/intctrl.32
 .group         0x0000000000000000        0xc hal/keybrd.32
 .comment       0x0000000000000000       0x12 hal/keybrd.32
 .group         0x0000000000000000        0xc hal/logidisk.32
 .comment       0x0000000000000000       0x12 hal/logidisk.32
 .group         0x0000000000000000        0xc hal/mouse.32
[...]
Memory Configuration

Name             Origin             Length             Attributes
*default*        0x0000000000000000 0xffffffffffffffff

Linker script and memory map

LOAD D:/Users/Alex/Desktop/Banana/kernel/boot.32
LOAD crti.32
LOAD /cygdrive/d/Users/Alex/Desktop/Toolchain/Output/bin/../lib/gcc/i386-banana/8.1.0/crtbegin.o
LOAD D:/Users/Alex/Desktop/Banana/kernel/morenasm.32
LOAD acpica/utclib.32
LOAD core/malloc.32
LOAD libk/ctype.32
LOAD libk/string.32
LOAD fs/fat/diskio.32
LOAD fs/fat/ff.32
LOAD fs/fat/ffsystem.32
LOAD fs/fat/ffunicode.32
LOAD fs/iso9660/iso9660.32
LOAD core/computer.32
LOAD core/gdt.32
LOAD core/idle.32
LOAD core/idt.32
LOAD core/kheap.32
LOAD core/main.32
LOAD core/physmgr.32
LOAD core/pipe.32
LOAD core/terminal.32
LOAD core/tss.32
LOAD core/unixfile.32
LOAD core/virtmgr.32
LOAD coreobjs/c++.32
LOAD dbg/kconsole.32
LOAD dbg/usban.32
LOAD fs/vfs.32
LOAD hal/bus.32
LOAD hal/buzzer.32
LOAD hal/clock.32
LOAD hal/device.32
LOAD hal/diskctrl.32
LOAD hal/diskphys.32
LOAD hal/fpu.32
LOAD hal/intctrl.32
LOAD hal/keybrd.32
LOAD hal/logidisk.32
LOAD hal/mouse.32
LOAD hal/nic.32
LOAD hal/partition.32
LOAD hal/serial.32
LOAD hal/timer.32
LOAD hal/vcache.32
LOAD hal/video.32
LOAD hw/acpi.32
LOAD hw/cpu.32
LOAD krnl/bootmsg.32
LOAD krnl/env.32
LOAD krnl/inlines.32
LOAD krnl/panic.32
LOAD krnl/powctrl.32
LOAD krnl/random.32
LOAD krnl/resolve.32
LOAD krnl/signal.32
LOAD krnl/syscalls.32
LOAD net/ethernet.32
LOAD reg/cm.32
LOAD reg/registry.32
LOAD sys/eject.32
LOAD sys/exit.32
LOAD sys/getcwd.32
LOAD sys/getpid.32
LOAD sys/getramdata.32
LOAD sys/getvgaptr.32
LOAD sys/kill.32
LOAD sys/loaddll.32
LOAD sys/read.32
LOAD sys/registersignal.32
LOAD sys/registry.32
LOAD sys/sbrk.32
LOAD sys/setcwd.32
LOAD sys/settime.32
LOAD sys/timezone.32
LOAD sys/write.32
LOAD sys/wsbe.32
LOAD sys/yield.32
LOAD thr/elf.32
LOAD thr/prcssthr.32
LOAD vm86/vm8086.32
LOAD arch/i386/hal.32
LOAD arch/i386/pic.32
LOAD arch/i386/rtc.32
LOAD arch/i386/vga.32
LOAD fs/fat/vfslink.32
LOAD fs/iso9660/helper.32
LOAD fs/iso9660/vfslink.32
LOAD hal/sound/sndcard.32
LOAD hal/sound/sndport.32
LOAD hw/bus/isa.32
LOAD hw/bus/pci.32
LOAD hw/diskctrl/ide.32
LOAD hw/diskctrl/satabus.32
LOAD hw/diskphys/ata.32
LOAD hw/diskphys/atapi.32
LOAD hw/diskphys/sata.32
LOAD hw/diskphys/satapi.32
LOAD hw/intctrl/apic.32
LOAD hw/timer/apictimer.32
LOAD hw/timer/pit.32
LOAD arch/i386/avx.32
LOAD arch/i386/interrupt.32
LOAD arch/i386/rdrand.32
LOAD arch/i386/sse.32
LOAD arch/i386/x87.32
LOAD /cygdrive/d/Users/Alex/Desktop/Toolchain/Output/bin/../lib/gcc/i386-banana/8.1.0/crtend.o
LOAD crtn.32
LOAD /cygdrive/d/Users/Alex/Desktop/Toolchain/Output/bin/../lib/gcc/i386-banana/8.1.0/libkgcc.a
LOAD D:/Users/Alex/Desktop/Banana/kernel/libsoftfp.a
LOAD D:/Users/Alex/Desktop/Banana/kernel/libk/libm32.a
                0x00000000c0000000                . = 0xc0000000

.text           0x00000000c0000000    0x7090a
 *(.text)
 .text          0x00000000c0000000       0x20 D:/Users/Alex/Desktop/Banana/kernel/boot.32
 .text          0x00000000c0000020        0x0 crti.32
 .text          0x00000000c0000020      0x101 /cygdrive/d/Users/Alex/Desktop/Toolchain/Output/bin/../lib/gcc/i386-banana/8.1.0/crtbegin.o
 *fill*         0x00000000c0000121        0xf 
 .text          0x00000000c0000130      0x24f D:/Users/Alex/Desktop/Banana/kernel/morenasm.32
                0x00000000c0000130                manualPCIProbe
                0x00000000c000017b                prepareTramp
                0x00000000c0000194                doTPAUSE
                0x00000000c000019e                hasLegacyFPU
                0x00000000c00001c3                is486
                0x00000000c00001f9                detectCPUID
                0x00000000c000020f                goToVM86
                0x00000000c000023f                goToUsermode
                0x00000000c0000269                switchToThreadASMFirstTime
                0x00000000c0000277                switchToThreadASM
                0x00000000c00002fc                asmQuickAcquireLock
                0x00000000c000031a                asmQuickReleaseLock
                0x00000000c0000326                asmAcquireLock
                0x00000000c0000347                asmReleaseLock
                0x00000000c000035a                loadGDT
                0x00000000c000037a                memcpy
 *fill*         0x00000000c000037f        0x1 
 .text          0x00000000c0000380     0x1d37 acpica/utclib.32
                0x00000000c0000380                memcmp
                0x00000000c0000520                memmove
                0x00000000c00007a0                memset
                0x00000000c0000830                strlen
                0x00000000c00008d0                strpbrk
                0x00000000c0000a50                strtok
                0x00000000c0000b70                strcpy
                0x00000000c0000cb0                strncpy
                0x00000000c0000ff0                strcmp
                0x00000000c0001190                strchr
                0x00000000c0001240                strncmp
                0x00000000c0001430                strcat
                0x00000000c0001590                strncat
                0x00000000c0001770                strstr
                0x00000000c0001800                toupper
                0x00000000c0001890                tolower
                0x00000000c0001920                simple_strtoul
 .text          0x00000000c00020b7     0x4f41 core/malloc.32
                0x00000000c0002bae                dlfree
                0x00000000c0003b72                dlmalloc
                0x00000000c00056d7                dlrealloc
                0x00000000c0006202                dlmemalign
                0x00000000c00066d2                dlcalloc
                0x00000000c00069c0                dlcfree
                0x00000000c00069c5                dlindependent_calloc
                0x00000000c00069ea                dlindependent_comalloc
                0x00000000c0006a01                dlvalloc
                0x00000000c0006a2c                dlpvalloc
                0x00000000c0006a62                dlmalloc_trim
                0x00000000c0006a75                dlmalloc_usable_size
                0x00000000c0006b9d                dlmallinfo
                0x00000000c0006f58                dlmalloc_stats
                0x00000000c0006f6c                dlmallopt
 .text          0x00000000c0006ff8      0x1f2 libk/ctype.32
                0x00000000c0006ff8                isblank
                0x00000000c0007018                iscntrl
                0x00000000c0007038                isdigit
                0x00000000c0007054                islower
                0x00000000c0007070                isspace
                0x00000000c0007098                isupper
                0x00000000c00070b4                isalpha
                0x00000000c00070e4                isalnum
                0x00000000c0007114                ispunct
                0x00000000c0007154                isgraph
                0x00000000c0007184                isprint
                0x00000000c00071ac                isxdigit
 .text          0x00000000c00071ea        0x0 libk/string.32
 .text          0x00000000c00071ea      0x1c8 fs/fat/diskio.32
                0x00000000c00071ea                disk_status
                0x00000000c00071ed                disk_initialize
                0x00000000c00071f0                disk_read
                0x00000000c000728b                disk_write
                0x00000000c0007326                disk_ioctl
 .text          0x00000000c00073b2     0xc2a5 fs/fat/ff.32
                0x00000000c000dbe3                f_mount
                0x00000000c000dd5d                f_open
                0x00000000c000e4f6                f_read
                0x00000000c000ee43                f_write
                0x00000000c000f954                f_sync
                0x00000000c000fca6                f_close
                0x00000000c000fd0f                f_lseek
                0x00000000c0010515                f_opendir
                0x00000000c0010721                f_closedir
                0x00000000c001077d                f_readdir
                0x00000000c0010865                f_stat
                0x00000000c0010919                f_getfree
                0x00000000c0010cd6                f_truncate
                0x00000000c00110a3                f_unlink
                0x00000000c00111f0                f_mkdir
                0x00000000c0011623                f_rename
                0x00000000c0011946                f_chmod
                0x00000000c0011a9e                f_utime
                0x00000000c0011c3c                f_getlabel
                0x00000000c0011f6e                f_setlabel
                0x00000000c00122dd                f_expand
                0x00000000c0012745                f_mkfs
 *fill*         0x00000000c0013657        0x1 
 .text          0x00000000c0013658       0x2f fs/fat/ffsystem.32
                0x00000000c0013658                ff_memalloc
                0x00000000c0013670                ff_memfree
 *fill*         0x00000000c0013687        0x1 
 .text          0x00000000c0013688      0x4ea fs/fat/ffunicode.32
                0x00000000c0013688                ff_uni2oem
                0x00000000c0013790                ff_oem2uni
                0x00000000c001386c                ff_wtoupper
 .text          0x00000000c0013b72     0x4b94 fs/iso9660/iso9660.32
                0x00000000c00148a6                isoReadDiscSector
                0x00000000c0014aaf                strnicmp
                0x00000000c00151b6                stricmp
                0x00000000c0015286                iso_open
                0x00000000c0015605                iso_close
                0x00000000c0015693                iso_read
                0x00000000c0015e6b                iso_seek
                0x00000000c00164af                iso_tell
                0x00000000c0016650                iso_total
                0x00000000c00167ed                fn_postprocess
                0x00000000c0016877                iso_readdir
                0x00000000c0017fa4                iso_reset
                0x00000000c0017fc1                init_percd
                0x00000000c0018393                iso_ioctl
                0x00000000c00183ab                fs_iso9660_init
                0x00000000c00185de                fs_iso9660_shutdown
 *fill*         0x00000000c0018706        0x2 
 .text          0x00000000c0018708     0x1cd6 core/computer.32
                0x00000000c0018708                Computer::close(int, int, void*)
                0x00000000c00188c4                Krnl::firstTask()
                0x00000000c0018c10                Computer::Computer()
                0x00000000c0018c10                Computer::Computer()
                0x00000000c00190e0                Computer::setBootMessage(char const*)
                0x00000000c00190e4                Computer::detectFeatures()
                0x00000000c0019b28                Computer::displayFeatures()
                0x00000000c0019b2c                Computer::rdmsr(unsigned int)
                0x00000000c0019ba4                Computer::wrmsr(unsigned int, unsigned long long)
                0x00000000c0019c24                Computer::shutdown()
                0x00000000c0019cbc                Computer::restart()
                0x00000000c0019d54                Computer::sleep()
                0x00000000c0019dd4                Computer::nmiEnabled()
                0x00000000c0019e18                Computer::readCMOS(unsigned char)
                0x00000000c0019e78                Computer::enableNMI(bool)
                0x00000000c0019f14                Computer::open(int, int, void*)
                0x00000000c001a2c8                Computer::disableNMI()
                0x00000000c001a300                Computer::writeCMOS(unsigned char, unsigned char)
                0x00000000c001a368                Computer::handleNMI()
 .text          0x00000000c001a3de      0x50f core/gdt.32
                0x00000000c001a3de                GDTEntry::setBase(unsigned int)
                0x00000000c001a46e                GDTEntry::setLimit(unsigned int)
                0x00000000c001a4dc                GDT::GDT()
                0x00000000c001a4dc                GDT::GDT()
                0x00000000c001a562                GDT::addEntry(GDTEntry)
                0x00000000c001a63e                GDT::getNumberOfEntries()
                0x00000000c001a666                GDT::flush()
                0x00000000c001a6d4                GDT::setup()
 .text          0x00000000c001a8ed       0x38 core/idle.32
                0x00000000c001a8ed                idleFunction(void*)
 *fill*         0x00000000c001a925        0x3 
 .text          0x00000000c001a928      0xcf0 core/idt.32
                0x00000000c001a928                IDTEntry::IDTEntry(bool)
                0x00000000c001a928                IDTEntry::IDTEntry(bool)
                0x00000000c001ab94                IDTEntry::setOffset(unsigned int)
                0x00000000c001abf8                IDT::IDT()
                0x00000000c001abf8                IDT::IDT()
                0x00000000c001ac2a                IDT::getPointerToInvalidOpcodeEntryForF00F()
                0x00000000c001ac6a                IDT::addEntry(IDTEntry, int)
                0x00000000c001acd0                IDT::addEntry(int, void (*)(), bool)
                0x00000000c001ad2c                IDT::flush()
                0x00000000c001ad6a                IDT::setup()
 .text          0x00000000c001b618      0x2a5 core/kheap.32
                0x00000000c001b618                sbrk
                0x00000000c001b734                mmap
                0x00000000c001b74a                munmap
                0x00000000c001b760                liballoc_lock()
                0x00000000c001b79a                liballoc_unlock()
                0x00000000c001b7d8                liballoc_alloc(int)
                0x00000000c001b812                liballoc_free(void*, int)
                0x00000000c001b84f                realloc
                0x00000000c001b863                malloc
                0x00000000c001b873                free
                0x00000000c001b883                rfree
                0x00000000c001b893                calloc
 .text          0x00000000c001b8bd      0x134 core/main.32
                0x00000000c001b8bd                KeEntryPoint
 .text          0x00000000c001b9f1      0xd3a core/physmgr.32
                0x00000000c001b9f1                Phys::allocateDMA(unsigned long)
                0x00000000c001bcdf                Phys::freeDMA(unsigned long, unsigned long)
                0x00000000c001bd95                Phys::setPageState(unsigned long, bool)
                0x00000000c001bed2                Phys::getPageState(unsigned long)
                0x00000000c001bf31                Phys::freePage(unsigned long)
                0x00000000c001bfbf                Phys::allocatePage()
                0x00000000c001c187                Phys::allocateContiguousPages(int)
                0x00000000c001c276                Phys::allowSegmentToBeUsed(unsigned long, unsigned long)
                0x00000000c001c2b8                Phys::physicalMemorySetup(unsigned int)
 *fill*         0x00000000c001c72b        0x1 
 .text          0x00000000c001c72c      0xaa5 core/pipe.32
                0x00000000c001c72c                Pipe::isAtty()
                0x00000000c001c730                Pipe::~Pipe()
                0x00000000c001c730                Pipe::~Pipe()
                0x00000000c001c800                Pipe::~Pipe()
                0x00000000c001c828                Pipe::write(unsigned long long, void*, int*)
                0x00000000c001cb90                Pipe::read(unsigned long long, void*, int*)
                0x00000000c001cf6a                Pipe::Pipe(int)
                0x00000000c001cf6a                Pipe::Pipe(int)
 *fill*         0x00000000c001d1d1        0x1 
 .text          0x00000000c001d1d2     0x306f core/terminal.32
                0x00000000c001d1d2                VgaText::isAtty()
                0x00000000c001d1d6                VgaText::~VgaText()
                0x00000000c001d1d6                VgaText::~VgaText()
                0x00000000c001d2a6                VgaText::~VgaText()
                0x00000000c001d2d0                VgaText::read(unsigned long long, void*, int*)
                0x00000000c001d310                setTerminalScrollLock(bool)
                0x00000000c001d311                doTerminalCycle()
                0x00000000c001d312                addToTerminalCycle(VgaText*)
                0x00000000c001d313                scrollTerminalScrollLock(int)
                0x00000000c001d314                VgaText::updateTitle()
                0x00000000c001d316                VgaText::load()
                0x00000000c001d318                VgaText::updateCursor()
                0x00000000c001d364                VgaText::doANSI_SGR(int)
                0x00000000c001d7d8                VgaText::setDefaultBgColour(VgaColour)
                0x00000000c001d850                VgaText::setDefaultFgColour(VgaColour)
                0x00000000c001d8c8                VgaText::setDefaultColours(VgaColour, VgaColour)
                0x00000000c001d926                VgaText::setTitleTextColour(VgaColour)
                0x00000000c001d984                VgaText::setTitleColour(VgaColour)
                0x00000000c001d9e2                VgaText::setTitle(char*)
                0x00000000c001da06                VgaText::combineColours(unsigned char, unsigned char)
                0x00000000c001da1a                VgaText::scrollScreen()
                0x00000000c001dd90                VgaText::combineCharAndColour(char, unsigned char)
                0x00000000c001dda0                VgaText::writeCharacter(char, VgaColour, VgaColour, int, int)
                0x00000000c001dea4                VgaText::getCursorX()
                0x00000000c001dee6                VgaText::getCursorY()
                0x00000000c001df28                VgaText::setCursor(int, int)
                0x00000000c001dfc4                setActiveTerminal(VgaText*)
                0x00000000c001e058                VgaText::clearScreen()
                0x00000000c001e174                VgaText::setCursorX(int)
                0x00000000c001e1c0                VgaText::setCursorY(int)
                0x00000000c001e20c                VgaText::incrementCursor(bool)
                0x00000000c001e40e                VgaText::decrementCursor(bool)
                0x00000000c001e4da                VgaText::putchar(char, VgaColour, VgaColour)
                0x00000000c001e816                VgaText::putchar(char)
                0x00000000c001edf4                VgaText::putx(unsigned int)
                0x00000000c001eea2                VgaText::puts(char const*)
                0x00000000c001ef12                VgaText::write(unsigned long long, void*, int*)
                0x00000000c001f078                VgaText::puts(char const*, VgaColour, VgaColour)
                0x00000000c001f708                VgaText::VgaText(char const*)
                0x00000000c001f708                VgaText::VgaText(char const*)
                0x00000000c001fd96                VgaText::receiveKey(unsigned char)
                0x00000000c0020202                VgaText::doUpdate()
                0x00000000c0020203                newTerminal(char*)
 *fill*         0x00000000c0020241        0x3 
 .text          0x00000000c0020244      0xc60 core/tss.32
                0x00000000c0020244                TSS::TSS()
                0x00000000c0020244                TSS::TSS()
                0x00000000c00202cc                TSS::setESP(unsigned long)
                0x00000000c0020370                TSS::flush()
                0x00000000c00203b8                TSS::setup(unsigned long, unsigned long)
 .text          0x00000000c0020ea4     0x11bd core/unixfile.32
                0x00000000c0020ea4                ReservedFilename::read(unsigned long long, void*, int*)
                0x00000000c002116a                ReservedFilename::isAtty()
                0x00000000c0021268                ReservedFilename::write(unsigned long long, void*, int*)
                0x00000000c0021532                UnixFile::getFileDescriptor()
                0x00000000c0021574                UnixFile::UnixFile(int)
                0x00000000c0021574                UnixFile::UnixFile(int)
                0x00000000c0021a7c                ReservedFilename::ReservedFilename(int)
                0x00000000c0021a7c                ReservedFilename::ReservedFilename(int)
                0x00000000c0021bbc                UnixFile::~UnixFile()
                0x00000000c0021bbc                UnixFile::~UnixFile()
                0x00000000c0021d40                UnixFile::~UnixFile()
                0x00000000c0021d68                ReservedFilename::~ReservedFilename()
                0x00000000c0021d68                ReservedFilename::~ReservedFilename()
                0x00000000c0021e4c                ReservedFilename::~ReservedFilename()
                0x00000000c0021e73                getFromFileDescriptor(int)
 *fill*         0x00000000c0022061        0x1 
 .text          0x00000000c0022062     0x3e47 core/virtmgr.32
                0x00000000c0022062                Virt::setPageState(unsigned long, Virt::VirtPageState)
                0x00000000c0022149                Virt::getPageState(unsigned long)
                0x00000000c00221ef                Virt::allocateKernelVirtualPages(int)
                0x00000000c0022361                Virt::freeSwapfilePage(unsigned long)
                0x00000000c00223ec                Virt::swapIDToSector(unsigned long)
                0x00000000c0022402                Virt::allocateSwapfilePage()
                0x00000000c00225b9                Virt::virtualMemorySetup()
                0x00000000c002261c                Virt::setupPageSwapping(int)
                0x00000000c0022844                VAS::VAS(VAS*)
                0x00000000c0022844                VAS::VAS(VAS*)
                0x00000000c002291e                VAS::getForeignPageTableEntry(bool, unsigned long)
                0x00000000c002296e                VAS::getPageTableEntry(unsigned long)
                0x00000000c00229ad                Virt::freeKernelVirtualPages(unsigned long)
                0x00000000c0022bd4                VAS::freeAllocatedPages(unsigned long)
                0x00000000c0022c30                VAS::virtualToPhysical(unsigned long)
                0x00000000c0022c92                VAS::reflagRange(unsigned long, int, int, int)
                0x00000000c0022d78                VAS::VAS()
                0x00000000c0022d78                VAS::VAS()
                0x00000000c0022f64                VAS::setToWriteCombining(unsigned long, int)
                0x00000000c0023058                VAS::mapOtherVASIn(bool, VAS*)
                0x00000000c0023166                VAS::~VAS()
                0x00000000c0023166                VAS::~VAS()
                0x00000000c0023664                VAS::mapPage(unsigned long, unsigned long, int)
                0x00000000c002399c                VAS::allocatePages(int, int)
                0x00000000c0023e9c                VAS::setCPUSpecific(unsigned long)
                0x00000000c0023ed6                VAS::mapRange(unsigned long, unsigned long, int, int)
                0x00000000c00240f6                VAS::mapForeignPage(bool, VAS*, unsigned long, unsigned long, int)
                0x00000000c0024354                VAS::VAS(bool)
                0x00000000c0024354                VAS::VAS(bool)
                0x00000000c0024fca                VAS::evict(unsigned long)
                0x00000000c002533c                VAS::tryLoadBackOffDisk(unsigned long)
                0x00000000c0025728                VAS::scanForEviction()
                0x00000000c0025bd0                mapVASFirstTime
 .text          0x00000000c0025ea9       0x5f coreobjs/c++.32
                0x00000000c0025ea9                __cxa_atexit
                0x00000000c0025eac                __cxa_finalize
                0x00000000c0025ead                __stack_chk_fail
                0x00000000c0025ee3                __cxa_pure_virtual
                0x00000000c0025ef4                operator new[](unsigned long)
                0x00000000c0025ef9                operator delete(void*, unsigned long)
                0x00000000c0025efe                operator delete[](void*)
                0x00000000c0025f03                operator delete[](void*, unsigned long)
 .text          0x00000000c0025f08      0x623 dbg/kconsole.32
                0x00000000c0025f08                Dbg::stringifyxWithBase(unsigned int, char*, int)
                0x00000000c0026122                Dbg::logc(char)
                0x00000000c0026142                Dbg::logs(char*)
                0x00000000c00261d1                Dbg::logWriteInt(unsigned int)
                0x00000000c00261f1                Dbg::logWriteIntBase(unsigned int, int)
                0x00000000c0026214                Dbg::kprintf(char const*, ...)
 *fill*         0x00000000c002652b        0x1 
 .text          0x00000000c002652c      0x698 dbg/usban.32
                0x00000000c002652c                KiUbsanPrintDetails(char const*, void*)
                0x00000000c002665c                __ubsan_handle_type_mismatch_v1
                0x00000000c0026ac4                __ubsan_handle_pointer_overflow
                0x00000000c0026af0                __ubsan_handle_out_of_bounds
                0x00000000c0026b1c                __ubsan_handle_add_overflow
                0x00000000c0026b34                __ubsan_handle_load_invalid_value
                0x00000000c0026b4c                __ubsan_handle_divrem_overflow
                0x00000000c0026b64                __ubsan_handle_mul_overflow
                0x00000000c0026b7c                __ubsan_handle_sub_overflow
                0x00000000c0026b94                __ubsan_handle_shift_out_of_bounds
                0x00000000c0026bac                __ubsan_handle_negate_overflow
 .text          0x00000000c0026bc4     0x7506 fs/vfs.32
                0x00000000c0026bc4                File::isAtty()
                0x00000000c0026bc8                Directory::isAtty()
                0x00000000c0026bcc                Filesystem::getlabel(LogicalDisk*, int, char*, unsigned int*)
                0x00000000c0026bd2                Filesystem::setlabel(LogicalDisk*, int, char*)
                0x00000000c0026bd8                Filesystem::allocateSwapfile(char const*, int)
                0x00000000c0026bde                File::~File()
                0x00000000c0026bde                File::~File()
                0x00000000c0026cae                File::~File()
                0x00000000c0026cd8                Directory::~Directory()
                0x00000000c0026cd8                Directory::~Directory()
                0x00000000c0026da8                Directory::~Directory()
                0x00000000c0026dd2                Directory::write(unsigned long long, void*, int*)
                0x00000000c0026f82                File::read(unsigned long long, void*, int*)
                0x00000000c00273d8                File::write(unsigned long long, void*, int*)
                0x00000000c002782e                Directory::read(unsigned long long, void*, int*)
                0x00000000c0027c84                Filesystem::Filesystem()
                0x00000000c0027c84                Filesystem::Filesystem()
                0x00000000c0027d5c                Filesystem::~Filesystem()
                0x00000000c0027d5c                Filesystem::~Filesystem()
                0x00000000c0027dda                Filesystem::~Filesystem()
                0x00000000c0027e01                Fs::getcwd(Process*, char*, int)
                0x00000000c0027f3c                Fs::initVFS()
                0x00000000c0027f66                Fs::standardiseFiles(char*, char const*, char const*)
                0x00000000c0028dbc                File::File(char const*, Process*)
                0x00000000c0028dbc                File::File(char const*, Process*)
                0x00000000c002934a                File::open(FileOpenMode)
                0x00000000c00297ae                File::close()
                0x00000000c0029c00                File::seek(unsigned long long)
                0x00000000c002a036                File::tell(unsigned long long*)
                0x00000000c002a45a                File::rewind()
                0x00000000c002a48c                File::unlink()
                0x00000000c002a8a0                File::rename(char const*)
                0x00000000c002aca4                File::chfatattr(unsigned char, unsigned char)
                0x00000000c002b0c6                File::exists()
                0x00000000c002b45a                File::stat(unsigned long long*, bool*)
                0x00000000c002bad4                Fs::setcwd(Process*, char*)
                0x00000000c002c08c                Directory::Directory(char const*, Process*)
                0x00000000c002c08c                Directory::Directory(char const*, Process*)
                0x00000000c002c61a                Directory::open()
                0x00000000c002ca8e                Directory::close()
                0x00000000c002cee0                Directory::unlink()
                0x00000000c002d2f4                Directory::rename(char const*)
                0x00000000c002d6f8                Directory::exists()
                0x00000000c002da8c                Directory::read(dirent*)
                0x00000000c002dcb0                Directory::create()
                0x00000000c002e0c4                Filesystem::chfatattr(char const*, unsigned char, unsigned char)
 *fill*         0x00000000c002e0ca        0x2 
 .text          0x00000000c002e0cc      0x252 hal/bus.32
                0x00000000c002e0cc                Bus::Bus(char const*)
                0x00000000c002e0cc                Bus::Bus(char const*)
                0x00000000c002e210                Bus::~Bus()
                0x00000000c002e210                Bus::~Bus()
                0x00000000c002e2f4                Bus::~Bus()
 .text          0x00000000c002e31e       0xee hal/buzzer.32
                0x00000000c002e31e                beepThread(void*)
                0x00000000c002e38a                Krnl::beep(int, int, bool)
 .text          0x00000000c002e40c      0xad8 hal/clock.32
                0x00000000c002e40c                User::loadClockSettings(int)
                0x00000000c002e4f8                Clock::Clock(char const*)
                0x00000000c002e4f8                Clock::Clock(char const*)
                0x00000000c002e622                Clock::~Clock()
                0x00000000c002e622                Clock::~Clock()
                0x00000000c002e6f2                Clock::~Clock()
                0x00000000c002e71c                Clock::timeInSecondsLocal()
                0x00000000c002e86c                Clock::setTimeInSecondsLocal(unsigned long long)
                0x00000000c002e9b5                datetimeToSeconds(datetime_t)
                0x00000000c002ebae                Clock::setTimeInDatetimeLocal(datetime_t)
                0x00000000c002ed2e                secondsToDatetime(unsigned long long)
                0x00000000c002eea2                Clock::timeInDatetimeLocal()
 .text          0x00000000c002eee4     0x167b hal/device.32
                0x00000000c002eee4                Device::hibernate()
                0x00000000c002eee6                Device::wake()
                0x00000000c002eee8                Device::detect()
                0x00000000c002eeea                Device::disableLegacy()
                0x00000000c002eeec                Device::powerSaving(PowerSavingLevel)
                0x00000000c002eeee                DriverlessDevice::close(int, int, void*)
                0x00000000c002eef2                DriverlessDevice::detect()
                0x00000000c002eef4                DriverlessDevice::open(int, int, void*)
                0x00000000c002ef08                Device::~Device()
                0x00000000c002ef08                Device::~Device()
                0x00000000c002ef86                Device::~Device()
                0x00000000c002efb0                Device::findAndLoadDriver()
                0x00000000c002efbe                Device::preOpenPCI(PCIDeviceInfo)
                0x00000000c002f058                Device::preOpenACPI(void*, char*, char*)
                0x00000000c002f16a                Device::addIRQHandler(int, void (*)(regs*, void*), bool, void*)
                0x00000000c002f194                Device::getParent()
                0x00000000c002f1de                Device::removeIRQHandler(int, void (*)(regs*, void*), bool)
                0x00000000c002f1fc                Device::addChild(Device*)
                0x00000000c002f398                Device::removeAllChildren()
                0x00000000c002f55c                Device::hibernateAll()
                0x00000000c002f6b0                Device::wakeAll()
                0x00000000c002f804                Device::detectAll()
                0x00000000c002f958                Device::disableLegacyAll()
                0x00000000c002f95a                Device::loadDriversForAll()
                0x00000000c002f95c                Device::closeAll()
                0x00000000c002fab4                Device::powerSavingAll(PowerSavingLevel)
                0x00000000c002fc14                Device::setName(char const*)
                0x00000000c002fc66                Device::Device(char const*)
                0x00000000c002fc66                Device::Device(char const*)
                0x00000000c0030256                Device::getName()
                0x00000000c003029a                DriverlessDevice::DriverlessDevice(char const*)
                0x00000000c003029a                DriverlessDevice::DriverlessDevice(char const*)
                0x00000000c00303c4                Device::addToLinkedList(LinkedList<Device>&, DeviceType)
                0x00000000c00304ff                getDevicesOfType(DeviceType)
 *fill*         0x00000000c003055f        0x1 
 .text          0x00000000c0030560      0x252 hal/diskctrl.32
                0x00000000c0030560                HardDiskController::HardDiskController(char const*)
                0x00000000c0030560                HardDiskController::HardDiskController(char const*)
                0x00000000c00306a4                HardDiskController::~HardDiskController()
                0x00000000c00306a4                HardDiskController::~HardDiskController()
                0x00000000c0030788                HardDiskController::~HardDiskController()
 .text          0x00000000c00307b2      0x3f8 hal/diskphys.32
                0x00000000c00307b2                PhysicalDisk::eject()
                0x00000000c00307b6                PhysicalDisk::PhysicalDisk(char const*, int)
                0x00000000c00307b6                PhysicalDisk::PhysicalDisk(char const*, int)
                0x00000000c0030a36                PhysicalDisk::startCache()
                0x00000000c0030ab0                PhysicalDisk::~PhysicalDisk()
                0x00000000c0030ab0                PhysicalDisk::~PhysicalDisk()
                0x00000000c0030b80                PhysicalDisk::~PhysicalDisk()
 .text          0x00000000c0030baa        0x0 hal/fpu.32
 .text          0x00000000c0030baa     0x1907 hal/intctrl.32
                0x00000000c0030baa                int_handler
                0x00000000c0030fbe                installISRHandler(int, void (*)(regs*, void*), void*)
                0x00000000c003127b                installIRQHandler(int, void (*)(regs*, void*), bool, void*)
                0x00000000c0031a24                uninstallISRHandler(int, void (*)(regs*, void*))
                0x00000000c0031d23                uninstallIRQHandler(int, void (*)(regs*, void*), bool)
                0x00000000c0032155                setupINTS()
                0x00000000c003237e                convertLegacyIRQNumber(int)
 *fill*         0x00000000c00324b1        0x1 
 .text          0x00000000c00324b2     0x12a0 hal/keybrd.32
                0x00000000c00324b2                startGUI(void*)
                0x00000000c0032539                startGUIVESA(void*)
                0x00000000c00325c0                sendKeyToTerminal(unsigned char)
                0x00000000c003275b                sendKeyboardToken(KeyboardToken)
                0x00000000c0032f88                clearInternalKeybuffer(VgaText*)
                0x00000000c0033050                readKeyboard(VgaText*, char*, unsigned long)
                0x00000000c0033526                Keyboard::Keyboard(char const*)
                0x00000000c0033526                Keyboard::Keyboard(char const*)
                0x00000000c0033658                Keyboard::~Keyboard()
                0x00000000c0033658                Keyboard::~Keyboard()
                0x00000000c0033728                Keyboard::~Keyboard()
 .text          0x00000000c0033752      0xf99 hal/logidisk.32
                0x00000000c0033752                LogicalDisk::close(int, int, void*)
                0x00000000c0033756                LogicalDisk::~LogicalDisk()
                0x00000000c0033756                LogicalDisk::~LogicalDisk()
                0x00000000c0033826                LogicalDisk::~LogicalDisk()
                0x00000000c0033850                LogicalDisk::open(int, int, void*)
                0x00000000c0033864                LogicalDisk::absoluteToRelative(unsigned long long)
                0x00000000c003393a                LogicalDisk::relativeToAbsolute(unsigned long long)
                0x00000000c00339cc                LogicalDisk::LogicalDisk(char const*, PhysicalDisk*, unsigned long long, unsigned long long)
                0x00000000c00339cc                LogicalDisk::LogicalDisk(char const*, PhysicalDisk*, unsigned long long, unsigned long long)
                0x00000000c0033d80                LogicalDisk::assignDriveLetter()
                0x00000000c0033fe4                LogicalDisk::mount()
                0x00000000c003414a                LogicalDisk::unmount()
                0x00000000c0034198                LogicalDisk::eject()
                0x00000000c0034250                LogicalDisk::unassignDriveLetter()
                0x00000000c00343d8                LogicalDisk::read(unsigned long long, int, void*)
                0x00000000c0034562                LogicalDisk::write(unsigned long long, int, void*)
 *fill*         0x00000000c00346eb        0x1 
 .text          0x00000000c00346ec      0x252 hal/mouse.32
                0x00000000c00346ec                Mouse::Mouse(char const*)
                0x00000000c00346ec                Mouse::Mouse(char const*)
                0x00000000c0034830                Mouse::~Mouse()
                0x00000000c0034830                Mouse::~Mouse()
                0x00000000c0034914                Mouse::~Mouse()
 .text          0x00000000c003493e      0x230 hal/nic.32
                0x00000000c003493e                NIC::getMAC()
                0x00000000c0034944                NIC::write(int, unsigned char*, int*)
                0x00000000c003494a                NIC::NIC(char const*)
                0x00000000c003494a                NIC::NIC(char const*)
                0x00000000c0034a74                NIC::~NIC()
                0x00000000c0034a74                NIC::~NIC()
                0x00000000c0034b44                NIC::~NIC()
 .text          0x00000000c0034b6e      0xe6c hal/partition.32
                0x00000000c0034b6e                makePartition(PhysicalDisk*, unsigned long long, unsigned long long)
                0x00000000c0034cd8                createPartitionsForDisk(PhysicalDisk*)
 *fill*         0x00000000c00359da        0x2 
 .text          0x00000000c00359dc      0x252 hal/serial.32
                0x00000000c00359dc                Serial::Serial(char const*)
                0x00000000c00359dc                Serial::Serial(char const*)
                0x00000000c0035b20                Serial::~Serial()
                0x00000000c0035b20                Serial::~Serial()
                0x00000000c0035c04                Serial::~Serial()
 *fill*         0x00000000c0035c2e        0x2 
 .text          0x00000000c0035c30      0x7a4 hal/timer.32
                0x00000000c0035c30                Timer::Timer(char const*)
                0x00000000c0035c30                Timer::Timer(char const*)
                0x00000000c0035d74                Timer::~Timer()
                0x00000000c0035d74                Timer::~Timer()
                0x00000000c0035e58                Timer::~Timer()
                0x00000000c0035e82                Timer::read()
                0x00000000c0035ecf                setupTimer(int)
                0x00000000c0035fbd                timerHandler(unsigned int)
 .text          0x00000000c00363d4     0x1a4c hal/vcache.32
                0x00000000c00363d4                VCache::VCache(PhysicalDisk*)
                0x00000000c00363d4                VCache::VCache(PhysicalDisk*)
                0x00000000c0036d7a                VCache::invalidateReadBuffer()
                0x00000000c0036e16                VCache::writeWriteBuffer()
                0x00000000c0037018                VCache::~VCache()
                0x00000000c0037018                VCache::~VCache()
                0x00000000c00371f4                VCache::~VCache()
                0x00000000c003721c                VCache::write(unsigned long long, int, void*)
                0x00000000c00377ea                VCache::read(unsigned long long, int, void*)
 .text          0x00000000c0037e20     0x123e hal/video.32
                0x00000000c0037e20                Video::putpixel(int, int, unsigned int)
                0x00000000c0037e2e                Video::readPixelApprox(int, int)
                0x00000000c0037e42                Video::putrect(int, int, int, int, unsigned int)
                0x00000000c0037f6a                Video::bitblit(int, int, int, int, int, int, int, unsigned int*)
                0x00000000c003817a                Video::blit(unsigned int*, int, int, int, int)
                0x00000000c0038380                Video::clearScreen(unsigned int)
                0x00000000c00384b6                Video::Video(char const*)
                0x00000000c00384b6                Video::Video(char const*)
                0x00000000c00385e0                Video::~Video()
                0x00000000c00385e0                Video::~Video()
                0x00000000c00386b0                Video::~Video()
                0x00000000c00386da                Video::isMonochrome()
                0x00000000c0038724                Video::getWidth()
                0x00000000c003876e                Video::getHeight()
                0x00000000c00387b8                Video::drawCursor(int, int, unsigned int*, int)
                0x00000000c0038a66                Video::tgaParse(unsigned char*, int, int*, int*)
                0x00000000c0038eb0                Video::putTGA(int, int, unsigned char*, int)
 *fill*         0x00000000c003905e        0x2 
 .text          0x00000000c0039060     0x3d8f hw/acpi.32
                0x00000000c0039060                ACPI::close(int, int, void*)
                0x00000000c0039114                findRSDP()
                0x00000000c0039268                loadACPITables(unsigned char*)
                0x00000000c0039b30                findRSDT(unsigned char*)
                0x00000000c0039d18                findDataTable(unsigned char*, char*)
                0x00000000c0039f24                scanMADT()
                0x00000000c003b45c                ACPI::ACPI()
                0x00000000c003b45c                ACPI::ACPI()
                0x00000000c003b660                ACPI::getPCIIRQAssignment(unsigned char, unsigned short, unsigned char)
                0x00000000c003ba34                ACPI::registerPCIIRQAssignment(void*, unsigned short, unsigned char, unsigned char)
                0x00000000c003bf68                ACPI::setScreenBrightnessLevel(void*, int)
                0x00000000c003bf70                ACPI::detectPCI()
                0x00000000c003c4a8                ACPI::writeSimpleBootFlag(SimpleBootFlagTable*)
                0x00000000c003c57c                ACPI::sleep()
                0x00000000c003c598                ACPI::open(int, int, void*)
 *fill*         0x00000000c003cdef        0x1 
 .text          0x00000000c003cdf0     0x21ab hw/cpu.32
                0x00000000c003cdf0                CPU::close(int, int, void*)
                0x00000000c003cdf4                CPU::AMD_K6_write_msr(unsigned int, unsigned int, unsigned int, CPU::REGS*)
                0x00000000c003ce10                CPU::AMD_K6_read_msr(unsigned int, CPU::REGS*)
                0x00000000c003ce28                CPU::AMD_K6_writeback(int, int, int)
                0x00000000c003ce9c                CPU::cpuid(int, unsigned long*, unsigned long*, unsigned long*, unsigned long*)
                0x00000000c003d01a                CPU::cpuidCheckEDX(unsigned int)
                0x00000000c003d048                CPU::cpuidCheckECX(unsigned int)
                0x00000000c003d076                CPU::cpuidCheckExtendedEBX(unsigned int)
                0x00000000c003d0a4                CPU::cpuidCheckExtendedECX(unsigned int)
                0x00000000c003d0d2                CPU::CPU()
                0x00000000c003d0d2                CPU::CPU()
                0x00000000c003d420                CPU::displayFeatures()
                0x00000000c003d422                CPU::detectFeatures()
                0x00000000c003e784                CPU::setupSMEP()
                0x00000000c003e790                CPU::setupUMIP()
                0x00000000c003e79a                CPU::setupTSC()
                0x00000000c003e7a4                CPU::setupLargePages()
                0x00000000c003e7ae                CPU::setupPAT()
                0x00000000c003e85e                CPU::setupMTRR()
                0x00000000c003e860                CPU::setupGlobalPages()
                0x00000000c003e86a                CPU::allowUsermodeDataAccess()
                0x00000000c003e8ba                CPU::prohibitUsermodeDataAccess()
                0x00000000c003e90a                CPU::setupSMAP()
                0x00000000c003e944                CPU::setupFeatures()
                0x00000000c003ebdc                CPU::open(int, int, void*)
 .text          0x00000000c003ef9b      0x501 krnl/bootmsg.32
                0x00000000c003ef9b                KeDisplaySplashScreen()
                0x00000000c003f32e                KeSetBootMessage(char const*)
 .text          0x00000000c003f49c     0x175a krnl/env.32
                0x00000000c003f49c                EnvVarContainer::getEnv(char const*)
                0x00000000c003f5f4                EnvVarContainer::setEnv(char const*, char const*)
                0x00000000c003f7bc                EnvVarContainer::deleteEnv(char const*)
                0x00000000c003f7be                EnvVarContainer::loadFrom(char const*, char const*)
                0x00000000c003fde4                EnvVarContainer::__loadSystem()
                0x00000000c003fe1c                EnvVarContainer::__loadUser()
                0x00000000c003fe1e                EnvVarContainer::EnvVarContainer(Process*)
                0x00000000c003fe1e                EnvVarContainer::EnvVarContainer(Process*)
                0x00000000c003ff14                EnvVarContainer::~EnvVarContainer()
                0x00000000c003ff14                EnvVarContainer::~EnvVarContainer()
                0x00000000c0040016                Krnl::getEnv(Process*, char const*)
                0x00000000c00400f6                Krnl::setEnvSystem(char const*, char const*)
                0x00000000c004012d                Krnl::setEnvUser(char const*, char const*)
                0x00000000c0040167                Krnl::setEnvProcess(Process*, char const*, char const*)
                0x00000000c00401dc                Krnl::deleteEnvSystem(char const*)
                0x00000000c00401fc                Krnl::deleteEnvUser(char const*)
                0x00000000c004021c                Krnl::deleteEnvProcess(Process*, char const*)
                0x00000000c004027a                Krnl::newProcessEnv(Process*)
                0x00000000c00402b5                Krnl::copyProcessEnv(Process*, Process*)
                0x00000000c004044e                Krnl::loadSystemEnv()
                0x00000000c00404b4                Krnl::loadUserEnv()
                0x00000000c0040511                Krnl::flushEnv()
                0x00000000c0040512                Krnl::getProcessTotalEnvCount(Process*)
                0x00000000c0040687                Krnl::getProcessEnvPair(Process*, int)
 .text          0x00000000c0040bf6      0x193 krnl/inlines.32
                0x00000000c0040bf6                CPU::current()
                0x00000000c0040c42                operator new(unsigned long)
                0x00000000c0040c47                operator delete(void*)
                0x00000000c0040c4c                disableIRQs()
                0x00000000c0040c4e                enableIRQs()
                0x00000000c0040c50                lockScheduler()
                0x00000000c0040c7d                unlockScheduler()
                0x00000000c0040cae                lockStuff()
                0x00000000c0040cfe                unlockStuff()
                0x00000000c0040d6e                Virt::getAKernelVAS()
                0x00000000c0040d74                __not_memcpy
 .text          0x00000000c0040d89        0xc krnl/panic.32
                0x00000000c0040d89                KePanic(char const*)
 .text          0x00000000c0040d95      0x1fd krnl/powctrl.32
                0x00000000c0040d95                Krnl::powerThread(void*)
                0x00000000c0040dfa                Krnl::changePowerSettings(Krnl::PowerSettings)
                0x00000000c0040e10                Krnl::userIOReceived()
                0x00000000c0040e1b                Krnl::handlePowerButton()
                0x00000000c0040e86                Krnl::handleSleepButton()
                0x00000000c0040ef1                Krnl::setupPowerManager()
 .text          0x00000000c0040f92       0x9d krnl/random.32
                0x00000000c0040f92                KeRand()
                0x00000000c0040fd4                KeSeedRand(unsigned int)
                0x00000000c0040ffd                KeInitRand()
 *fill*         0x00000000c004102f        0x1 
 .text          0x00000000c0041030      0x1bc krnl/resolve.32
                0x00000000c0041030                KeResolveCompatibilitySymbol(char*)
 .text          0x00000000c00411ec      0xde7 krnl/signal.32
                0x00000000c00411ec                KiSigKill(int)
                0x00000000c0041200                KiDefaultSignalHandlerIgnore(int)
                0x00000000c0041201                KiDefaultSignalHandlerPause(int)
                0x00000000c004122d                KiDefaultSignalHandlerResume(int)
                0x00000000c0041259                KeDeinitSignals(SigHandlerBlock*)
                0x00000000c004125e                KeInitSignals()
                0x00000000c004134a                KeRegisterSignalHandler(SigHandlerBlock*, int, void (*)(int), unsigned int, int)
                0x00000000c00414c1                KeRaiseSignal(SigHandlerBlock*, int)
                0x00000000c004164e                KeCheckSignal(SigHandlerBlock*, int*)
                0x00000000c0041c4a                KiCheckSignalZ
                0x00000000c0041daa                KeCompleteSignal(SigHandlerBlock*, int)
                0x00000000c0041eab                KiFinishSignalZ
 .text          0x00000000c0041fd3     0x4829 krnl/syscalls.32
                0x00000000c0041fd3                SysSeekDir(regs*)
                0x00000000c0041fd8                SysTellDir(regs*)
                0x00000000c0041fdd                SysTTYName(regs*)
                0x00000000c0041fe5                SysNotImpl(regs*)
                0x00000000c0042000                SysVerify(regs*)
                0x00000000c0042047                SysGetArgc(regs*)
                0x00000000c00420cc                SysFormatDisk(regs*)
                0x00000000c0042400                SysSetDiskVolumeLabel(regs*)
                0x00000000c0042ace                SysGetDiskVolumeLabel(regs*)
                0x00000000c00431ee                SysShutdown(regs*)
                0x00000000c0043409                SysRealpath(regs*)
                0x00000000c00435a1                SysReadDir(regs*)
                0x00000000c00437d0                SysIsATTY(regs*)
                0x00000000c00439c9                SysSeek(regs*)
                0x00000000c0043b3f                SysTell(regs*)
                0x00000000c0043d3d                SysSize(regs*)
                0x00000000c0043f40                SysClose(regs*)
                0x00000000c004411f                SysCloseDir(regs*)
                0x00000000c004429a                SysWait(regs*)
                0x00000000c004432c                SysPanic(regs*)
                0x00000000c0044381                SysGetArgv(regs*)
                0x00000000c004463a                SysUSleep(regs*)
                0x00000000c00446d6                SysGetEnv(regs*)
                0x00000000c00448de                SysGetUnixTime(regs*)
                0x00000000c0044951                SysSizeFromFilename(regs*)
                0x00000000c0044c64                SysOpenDir(regs*)
                0x00000000c0044e8e                SysMakeDir(regs*)
                0x00000000c0045046                SysRmdir(regs*)
                0x00000000c0045201                SysUnlink(regs*)
                0x00000000c00453bc                SysSetFatAttrib(regs*)
                0x00000000c0045607                SysPipe(regs*)
                0x00000000c00457c4                SysSpawn(regs*)
                0x00000000c00459a5                string_ends_with(char const*, char const*)
                0x00000000c0045a2b                SysOpen(regs*)
                0x00000000c0046652                KeSystemCall(regs*, void*)
 .text          0x00000000c00467fc      0x2cd net/ethernet.32
                0x00000000c00467fc                KeSwitchEndian16(unsigned short)
                0x00000000c0046850                KeSwitchEndian32(unsigned int)
                0x00000000c0046884                EthernetCRC32(unsigned char*, int)
                0x00000000c00469d0                EthernetReceivedPacket(EthernetUnwrappedFrame*, unsigned short)
 .text          0x00000000c0046ac9     0x238f reg/cm.32
                0x00000000c0046ac9                CmOpen(char const*)
                0x00000000c0046e68                CmClose(Reghive_Tag*)
                0x00000000c0046ed9                CmReadExtent(Reghive_Tag*, int, unsigned char*)
                0x00000000c0046ff4                CmGetString(Reghive_Tag*, int, char*)
                0x00000000c0047189                CmEnterDirectory(Reghive_Tag*, int)
                0x00000000c00471c8                CmGetNext(Reghive_Tag*, int)
                0x00000000c00471fa                CmWriteExtent(Reghive_Tag*, int, unsigned char*)
                0x00000000c0047315                CmFreeExtent(Reghive_Tag*, int)
                0x00000000c004733d                CmUpdateHeader(Reghive_Tag*)
                0x00000000c00473ad                CmExpand(Reghive_Tag*, int)
                0x00000000c004752a                CmFindUnusedExtent(Reghive_Tag*)
                0x00000000c00476db                CmCreateExtent(Reghive_Tag*, int, int, unsigned char*)
                0x00000000c00477cf                CmSetString(Reghive_Tag*, int, char const*)
                0x00000000c0047c9b                CmGetMatch(char*, char*, bool, bool*)
                0x00000000c0047d8f                CmAddShift(unsigned int*, int*, unsigned char, int)
                0x00000000c0047e89                CmGetShift(unsigned int*, int*, int, bool*)
                0x00000000c0047fd5                CmGetInteger(Reghive_Tag*, int, unsigned long long*)
                0x00000000c0048021                CmSetInteger(Reghive_Tag*, int, unsigned long long)
                0x00000000c0048061                CmConvertFromInternalFilename(unsigned char const*, char*)
                0x00000000c004829a                CmGetNameAndTypeFromExtent(Reghive_Tag*, int, char*)
                0x00000000c00482c8                CmConvertToInternalFilename(char const*, unsigned char*)
                0x00000000c0048873                CmCreateString(Reghive_Tag*, int, char const*)
                0x00000000c00488c0                CmFindInDirectory(Reghive_Tag*, int, char const*)
                0x00000000c004893a                CmCreateInteger(Reghive_Tag*, int, char const*, unsigned long long, int)
                0x00000000c004898d                CmCreateDirectory(Reghive_Tag*, int, char const*)
                0x00000000c0048a51                zStrtok(char*, char const*)
                0x00000000c0048c32                CmFindObjectFromPath(Reghive_Tag*, char const*)
                0x00000000c0048cb3                CmDisplayTree(Reghive_Tag*, int, int)
                0x00000000c0048d8e                CmSplitFinalSlashInPlace(char*)
 .text          0x00000000c0048e58     0x1267 reg/registry.32
                0x00000000c0048e58                Reg::findLineFromLoadedData(char*, char*, char*)
                0x00000000c0049289                Reg::getLineFromRegistry(char*, char*, char*, char*)
                0x00000000c004962e                Reg::getLine(char*, char*, char*)
                0x00000000c0049665                Reg::readInt(char*, char*, int*)
                0x00000000c0049d25                Reg::readString(char*, char*, char*, int)
                0x00000000c0049fa9                Reg::readBool(char*, char*, bool*)
                0x00000000c0049ff4                Reg::readBoolWithDefault(char*, char*, bool)
                0x00000000c004a03b                Reg::readIntWithDefault(char*, char*, int)
                0x00000000c004a067                Reg::readStringWithDefault(char*, char*, char*, int, char*)
 .text          0x00000000c004a0bf      0x172 sys/eject.32
                0x00000000c004a0bf                SysEject(regs*)
 .text          0x00000000c004a231       0x4e sys/exit.32
                0x00000000c004a231                SysExit(regs*)
 .text          0x00000000c004a27f       0x9d sys/getcwd.32
                0x00000000c004a27f                SysGetCwd(regs*)
 .text          0x00000000c004a31c       0x57 sys/getpid.32
                0x00000000c004a31c                SysGetPID(regs*)
 .text          0x00000000c004a373       0x86 sys/getramdata.32
                0x00000000c004a373                SysGetRAMData(regs*)
 .text          0x00000000c004a3f9      0x23f sys/getvgaptr.32
                0x00000000c004a3f9                SysGetVGAPtr(regs*)
 .text          0x00000000c004a638      0x330 sys/kill.32
                0x00000000c004a638                SysKill(regs*)
 .text          0x00000000c004a968      0x21f sys/loaddll.32
                0x00000000c004a968                SysLoadDLL(regs*)
 .text          0x00000000c004ab87      0x1e6 sys/read.32
                0x00000000c004ab87                SysRead(regs*)
 .text          0x00000000c004ad6d       0xdc sys/registersignal.32
                0x00000000c004ad6d                SysRegisterSignal(regs*)
 .text          0x00000000c004ae49      0x4e1 sys/registry.32
                0x00000000c004ae49                SysRegistryGetTypeFromPath(regs*)
                0x00000000c004af40                SysRegistryReadExtent(regs*)
                0x00000000c004b03e                SysRegistryPathToExtentLookup(regs*)
                0x00000000c004b0cf                SysRegistryEnterDirectory(regs*)
                0x00000000c004b160                SysRegistryGetNext(regs*)
                0x00000000c004b1f1                SysRegistryGetNameAndTypeFromExtent(regs*)
                0x00000000c004b293                SysRegistryOpen(regs*)
                0x00000000c004b2dd                SysRegistryClose(regs*)
 .text          0x00000000c004b32a      0x18c sys/sbrk.32
                0x00000000c004b32a                SysSbrk(regs*)
 .text          0x00000000c004b4b6       0x80 sys/setcwd.32
                0x00000000c004b4b6                SysSetCwd(regs*)
 .text          0x00000000c004b536      0x206 sys/settime.32
                0x00000000c004b536                SysSetTime(regs*)
 .text          0x00000000c004b73c       0x99 sys/timezone.32
                0x00000000c004b73c                SysTimezone(regs*)
 .text          0x00000000c004b7d5      0x1e6 sys/write.32
                0x00000000c004b7d5                SysWrite(regs*)
 .text          0x00000000c004b9bb      0x166 sys/wsbe.32
                0x00000000c004b9bb                SysWsbe(regs*)
 .text          0x00000000c004bb21       0x5e sys/yield.32
                0x00000000c004bb21                SysYield(regs*)
 .text          0x00000000c004bb7f     0x425b thr/elf.32
                0x00000000c004bb7f                Thr::allocateMemoryForTask(Process*, File*, unsigned long, unsigned long, unsigned long)
                0x00000000c004c25d                Thr::loadProgramIntoMemory(Process*, char const*)
                0x00000000c004cac2                Thr::runtimeReferenceHelper()
                0x00000000c004cad5                Thr::getAddressOfKernelSymbol(char const*)
                0x00000000c004cd76                Thr::loadKernelSymbolTable(char const*)
                0x00000000c004d800                Thr::loadDriverIntoMemory(char const*, unsigned long, bool)
                0x00000000c004f40e                Thr::getDriverBaseFromAddress(unsigned long)
                0x00000000c004f619                Thr::getDriverNameFromAddress(unsigned long)
                0x00000000c004f81f                Thr::getDriverOffsetFromAddress(unsigned long)
                0x00000000c004f841                Thr::loadDLL(char const*, bool)
                0x00000000c004fda1                Thr::executeDLL(unsigned long, void*)
 *fill*         0x00000000c004fdda        0x2 
 .text          0x00000000c004fddc     0x4ced thr/prcssthr.32
                0x00000000c004fddc                userModeEntryPoint(void*)
                0x00000000c004fea4                changeTSS
                0x00000000c004ffe0                switchToThread(ThreadControlBlock*)
                0x00000000c00501cc                Process::addArgs(char**)
                0x00000000c00505d8                Process::Process(char const*, Process*, char**)
                0x00000000c00505d8                Process::Process(char const*, Process*, char**)
                0x00000000c0050e44                Process::Process(bool, char const*, Process*, char**)
                0x00000000c0050e44                Process::Process(bool, char const*, Process*, char**)
                0x00000000c0051638                taskStartupFunction
                0x00000000c0051680                Semaphore::Semaphore(int)
                0x00000000c0051680                Semaphore::Semaphore(int)
                0x00000000c00517e8                Mutex::Mutex()
                0x00000000c00517e8                Mutex::Mutex()
                0x00000000c0051878                Process::createThread(void (*)(void*), void*, int)
                0x00000000c0051f00                Process::createUserThread()
                0x00000000c0051f38                setupMultitasking(void (*)())
                0x00000000c0052154                schedule()
                0x00000000c0052260                Semaphore::tryAcquire()
                0x00000000c0052508                Semaphore::assertLocked(char const*)
                0x00000000c005267c                blockTaskWithSchedulerLockAlreadyHeld(TaskState)
                0x00000000c00526fc                blockTask(TaskState)
                0x00000000c00527a8                waitTask(int, int*, int)
                0x00000000c0052950                milliTenthSleepUntil(unsigned int)
                0x00000000c0052ac0                milliTenthSleep(unsigned int)
                0x00000000c0052ad4                sleep(unsigned int)
                0x00000000c0052af0                Semaphore::acquire()
                0x00000000c0052e80                taskReturned
                0x00000000c0052f08                Thr::processFromPID(int)
                0x00000000c005308c                unblockTask(ThreadControlBlock*)
                0x00000000c00531e0                cleanupTerminatedTask(ThreadControlBlock*)
                0x00000000c005421c                cleanerTaskFunction(void*)
                0x00000000c0054478                terminateTask(int)
                0x00000000c0054760                Thr::terminateFromIRQ(int)
                0x00000000c0054770                Semaphore::release()
 .text          0x00000000c0054ac9     0x2e23 vm86/vm8086.32
                0x00000000c0054ac9                Vm::inbv(unsigned short)
                0x00000000c0054adc                Vm::outbv(unsigned short, unsigned char)
                0x00000000c0054ba3                Vm::realToLinear(unsigned short, unsigned short)
                0x00000000c0054bb3                Vm::getSegment(unsigned int)
                0x00000000c0054bbb                Vm::getOffset(unsigned int)
                0x00000000c0054bc0                Vm::mainloop2()
                0x00000000c0054c4d                Vm::mainVm8086Loop(void*)
                0x00000000c0054c82                Vm::mainloop3(unsigned long)
                0x00000000c0054cce                Vm::initialise8086()
                0x00000000c0054d78                Vm::finish8086()
                0x00000000c0054e3d                Vm::getOutput8086(unsigned char*)
                0x00000000c0054e62                Vm::start8086FromBuffer(unsigned char*, int, unsigned short, unsigned short, unsigned short, unsigned short)
                0x00000000c0055023                Vm::start8086(char const*, unsigned short, unsigned short, unsigned short, unsigned short)
                0x00000000c00553fd                Vm::doISR(regs*, int, unsigned char*, unsigned short, unsigned short)
                0x00000000c00556e6                Vm::readByteFromReal(unsigned short, unsigned short)
                0x00000000c0055713                Vm::readWordFromReal(unsigned short, unsigned short)
                0x00000000c0055745                Vm::readDwordFromReal(unsigned short, unsigned short)
                0x00000000c0055776                Vm::writeByteFromReal(unsigned short, unsigned short, unsigned char)
                0x00000000c00557a7                Vm::writeWordFromReal(unsigned short, unsigned short, unsigned short)
                0x00000000c00557db                Vm::writeDwordFromReal(unsigned short, unsigned short, unsigned int)
                0x00000000c0055810                Vm::faultHandler(regs*)
 .text          0x00000000c00578ec     0x20ed arch/i386/hal.32
                0x00000000c00578ec                noCopro(unsigned long)
                0x00000000c00578ed                nmiHandler(regs*, void*)
                0x00000000c0057927                doubleFault(regs*, void*)
                0x00000000c0057940                displayDebugInfo(regs*)
                0x00000000c0058905                HalSystemIdle()
                0x00000000c0058a46                displayProgramFault(char const*)
                0x00000000c0058bc6                gpFault(regs*, void*)
                0x00000000c0058c2d                pgFault(regs*, void*)
                0x00000000c0058da2                otherISRHandler(regs*, void*)
                0x00000000c0058dd6                opcodeFault(regs*, void*)
                0x00000000c0058fad                i386SaveCoprocessor(void*)
                0x00000000c0058fc1                i386LoadCoprocessor(void*)
                0x00000000c0058fd5                x87EmulHandler(regs*, void*)
                0x00000000c005911a                HalInitialiseCoprocessor()
                0x00000000c0059223                HalPanic(char const*)
                0x00000000c00594a6                HalQueryPerformanceCounter()
                0x00000000c0059538                HalInitialise()
                0x00000000c005990a                HalMakeBeep(int)
                0x00000000c0059944                HalGetRand()
                0x00000000c0059947                HalEndOfInterrupt(int)
                0x00000000c00599d6                HalRestart()
                0x00000000c00599d7                HalShutdown()
                0x00000000c00599d8                HalSleep()
 *fill*         0x00000000c00599d9        0x3 
 .text          0x00000000c00599dc      0x30c arch/i386/pic.32
                0x00000000c00599dc                picIoWait()
                0x00000000c00599e4                picDisable()
                0x00000000c0059a18                picGetIRQReg(int)
                0x00000000c0059ac0                picOpen()
                0x00000000c0059c44                picEOI(int)
 .text          0x00000000c0059ce8      0xdd9 arch/i386/rtc.32
                0x00000000c0059ce8                RTC::open(int, int, void*)
                0x00000000c0059cec                RTC::close(int, int, void*)
                0x00000000c0059cf0                RTC::~RTC()
                0x00000000c0059cf0                RTC::~RTC()
                0x00000000c0059dc0                RTC::~RTC()
                0x00000000c0059dea                RTC::timeInSecondsUTC()
                0x00000000c0059e3a                RTC::timeInDatetimeUTC()
                0x00000000c0059ed0                RTC::setTimeInSecondsUTC(unsigned long long)
                0x00000000c0059f7e                RTC::get_update_in_progress_flag()
                0x00000000c0059fb6                RTC::completeRTCRefresh()
                0x00000000c005a484                RTC::setTimeInDatetimeUTC(datetime_t)
                0x00000000c005a760                rtcIRQHandler(regs*, void*)
                0x00000000c005a83e                RTC::RTC()
                0x00000000c005a83e                RTC::RTC()
 *fill*         0x00000000c005aac1        0x3 
 .text          0x00000000c005aac4      0x590 arch/i386/vga.32
                0x00000000c005aac4                HalConsoleScroll(int, int)
                0x00000000c005ae70                HalConsoleWriteCharacter(char, int, int, int, int)
                0x00000000c005afcc                HalConsoleCursorUpdate(int, int)
 .text          0x00000000c005b054     0x30f7 fs/fat/vfslink.32
                0x00000000c005b054                FAT::getName()
                0x00000000c005b05c                FAT::tell(void*, unsigned long long*)
                0x00000000c005b120                FAT::stat(void*, unsigned long long*)
                0x00000000c005b1e4                FAT::~FAT()
                0x00000000c005b1e4                FAT::~FAT()
                0x00000000c005b2c8                FAT::~FAT()
                0x00000000c005b2f0                FAT::getlabel(LogicalDisk*, int, char*, unsigned int*)
                0x00000000c005b674                FAT::setlabel(LogicalDisk*, int, char*)
                0x00000000c005ba14                FAT::format(LogicalDisk*, int, char const*, int)
                0x00000000c005bedc                FAT::tryMount(LogicalDisk*, int)
                0x00000000c005c3c4                FAT::allocateSwapfile(char const*, int)
                0x00000000c005c8e4                FAT::readDir(void*, unsigned long, void*, int*)
                0x00000000c005ca84                FAT::read(void*, unsigned long, void*, int*)
                0x00000000c005cb14                FAT::write(void*, unsigned long, void*, int*)
                0x00000000c005cba4                FAT::close(void*)
                0x00000000c005cbf8                FAT::closeDir(void*)
                0x00000000c005cc4c                FAT::seek(void*, unsigned long long)
                0x00000000c005cca4                fatWrapperReadDisk
                0x00000000c005cdac                fatWrapperWriteDisk
                0x00000000c005ceb4                fatWrapperIoctl
                0x00000000c005d434                FAT::FAT()
                0x00000000c005d434                FAT::FAT()
                0x00000000c005d5fc                FAT::fixFilepath(char*)
                0x00000000c005d790                FAT::open(char const*, void**, FileOpenMode)
                0x00000000c005d98c                FAT::openDir(char const*, void**)
                0x00000000c005dac8                FAT::stat(char const*, unsigned long long*, bool*)
                0x00000000c005dc44                FAT::unlink(char const*)
                0x00000000c005dcf4                FAT::chfatattr(char const*, unsigned char, unsigned char)
                0x00000000c005ded4                FAT::rename(char const*, char const*)
                0x00000000c005dffc                FAT::mkdir(char const*)
                0x00000000c005e0ac                FAT::exists(char const*)
 *fill*         0x00000000c005e14b        0x1 
 .text          0x00000000c005e14c      0x198 fs/iso9660/helper.32
                0x00000000c005e14c                isoReadDiscSectorHelper
                0x00000000c005e2ac                iso_kprintf
                0x00000000c005e2c8                iso_kprintfd
 .text          0x00000000c005e2e4     0x14a6 fs/iso9660/vfslink.32
                0x00000000c005e2e4                ISO9660::format(LogicalDisk*, int, char const*, int)
                0x00000000c005e2ea                ISO9660::getName()
                0x00000000c005e2f0                ISO9660::chfatattr(char const*, unsigned char, unsigned char)
                0x00000000c005e2f6                ISO9660::unlink(char const*)
                0x00000000c005e2fc                ISO9660::write(void*, unsigned long, void*, int*)
                0x00000000c005e302                ISO9660::rename(char const*, char const*)
                0x00000000c005e308                ISO9660::mkdir(char const*)
                0x00000000c005e30e                ISO9660::~ISO9660()
                0x00000000c005e30e                ISO9660::~ISO9660()
                0x00000000c005e3de                ISO9660::~ISO9660()
                0x00000000c005e406                ISO9660::exists(char const*)
                0x00000000c005e41a                ISO9660::seek(void*, unsigned long long)
                0x00000000c005e45c                ISO9660::close(void*)
                0x00000000c005e48c                ISO9660::closeDir(void*)
                0x00000000c005e518                ISO9660::read(void*, unsigned long, void*, int*)
                0x00000000c005e57a                ISO9660::tell(void*, unsigned long long*)
                0x00000000c005e5e2                ISO9660::stat(void*, unsigned long long*)
                0x00000000c005e64e                ISO9660::readDir(void*, unsigned long, void*, int*)
                0x00000000c005e8a2                ISO9660::open(char const*, void**, FileOpenMode)
                0x00000000c005ec6a                ISO9660::stat(char const*, unsigned long long*, bool*)
                0x00000000c005f0aa                ISO9660::openDir(char const*, void**)
                0x00000000c005f50e                readSectorFromCDROM(unsigned int, unsigned char*, char)
                0x00000000c005f62e                ISO9660::tryMount(LogicalDisk*, int)
                0x00000000c005f6b6                ISO9660::ISO9660()
                0x00000000c005f6b6                ISO9660::ISO9660()
 .text          0x00000000c005f78a      0xb96 hal/sound/sndcard.32
                0x00000000c005f78a                SoundCard::beginPlayback()
                0x00000000c005f798                SoundCard::stopPlayback()
                0x00000000c005f7a6                SoundCard::SoundCard(char const*)
                0x00000000c005f7a6                SoundCard::SoundCard(char const*)
                0x00000000c005fb2e                SoundCard::~SoundCard()
                0x00000000c005fb2e                SoundCard::~SoundCard()
                0x00000000c005fbfe                SoundCard::~SoundCard()
                0x00000000c005fc28                SoundCard::configureRates(int, int, int)
                0x00000000c005fd26                SoundCard::getSamples16(int, short*)
                0x00000000c005fece                SoundCard::getSamples32(int, int*)
                0x00000000c00601e6                SoundCard::addChannel(SoundPort*)
                0x00000000c00602b0                SoundCard::removeChannel(int)
 .text          0x00000000c0060320     0x1c81 hal/sound/sndport.32
                0x00000000c0060320                SoundPort::SoundPort(int, int, int, int)
                0x00000000c0060320                SoundPort::SoundPort(int, int, int, int)
                0x00000000c00606bc                SoundPort::~SoundPort()
                0x00000000c00606bc                SoundPort::~SoundPort()
                0x00000000c0060804                SoundPort::unpause()
                0x00000000c0060854                SoundPort::pause()
                0x00000000c00608a4                SoundPort::getBufferUsed()
                0x00000000c00608f0                SoundPort::getBufferSize()
                0x00000000c006093c                SoundPort::buffer16(short*, int)
                0x00000000c0060eac                SoundPort::buffer32(int*, int)
                0x00000000c006140c                SoundPort::unbufferAndAdd16(int, short*, SoundCard*)
                0x00000000c0061964                SoundPort::unbufferAndAdd32(int, int*, SoundCard*)
 .text          0x00000000c0061fa1        0x0 hw/bus/isa.32
 *fill*         0x00000000c0061fa1        0x1 
 .text          0x00000000c0061fa2     0x243f hw/bus/pci.32
                0x00000000c0061fa2                PCI::close(int, int, void*)
                0x00000000c0061fa6                PCI::open(int, int, void*)
                0x00000000c0062066                PCI::PCI()
                0x00000000c0062066                PCI::PCI()
                0x00000000c0062438                PCI::readBAR8(unsigned int, int)
                0x00000000c0062472                PCI::readBAR16(unsigned int, int)
                0x00000000c00624b2                PCI::readBAR32(unsigned int, int)
                0x00000000c00624f0                PCI::writeBAR8(unsigned int, unsigned char, int)
                0x00000000c0062534                PCI::writeBAR16(unsigned int, unsigned short, int)
                0x00000000c0062576                PCI::writeBAR32(unsigned int, unsigned int, int)
                0x00000000c00625ba                PCI::legacyMechanism(unsigned char, unsigned char, unsigned char, unsigned char)
                0x00000000c0062630                PCI::pciReadWord(unsigned char, unsigned char, unsigned char, unsigned char)
                0x00000000c0062768                PCI::getVendorID(unsigned char, unsigned char, unsigned char)
                0x00000000c00627be                PCI::getHeaderType(unsigned char, unsigned char, unsigned char)
                0x00000000c0062816                PCI::getClassCode(unsigned char, unsigned char, unsigned char)
                0x00000000c00628aa                PCI::getProgIF(unsigned char, unsigned char, unsigned char)
                0x00000000c0062902                PCI::getRevisionID(unsigned char, unsigned char, unsigned char)
                0x00000000c0062958                PCI::getInterruptNumber(unsigned char, unsigned char, unsigned char)
                0x00000000c00629ae                PCI::getSecondaryBus(unsigned char, unsigned char, unsigned char)
                0x00000000c0062a06                PCI::getBARAddress(unsigned char, unsigned char, unsigned char, unsigned char)
                0x00000000c0062ab8                PCI::pciWriteWord(unsigned char, unsigned char, unsigned char, unsigned char, unsigned short)
                0x00000000c0062c24                PCI::pciDetailsToFilepath(PCIDeviceInfo, char*)
                0x00000000c00636ca                PCI::checkBus(unsigned char)
                0x00000000c006370a                PCI::foundDevice(PCIDeviceInfo)
                0x00000000c0063ca8                PCI::getDeviceData(unsigned char, unsigned char, unsigned char)
                0x00000000c0064226                PCI::checkDevice(unsigned char, unsigned char)
                0x00000000c0064320                PCI::detect()
 *fill*         0x00000000c00643e1        0x1 
 .text          0x00000000c00643e2     0x33da hw/diskctrl/ide.32
                0x00000000c00643e2                IDE::close(int, int, void*)
                0x00000000c00643e6                IDE::IDE()
                0x00000000c00643e6                IDE::IDE()
                0x00000000c006450e                IDE::prepareInterrupt(unsigned char)
                0x00000000c006456f                selectDrive(unsigned char, unsigned char)
                0x00000000c0064570                IDE::getBase(unsigned char)
                0x00000000c00645d2                IDE::write(unsigned char, unsigned char, unsigned char)
                0x00000000c00648a8                IDE::read(unsigned char, unsigned char)
                0x00000000c0064b70                IDE::waitInterrupt(unsigned char)
                0x00000000c0064c95                ideChannel0IRQHandler(regs*, void*)
                0x00000000c0064d04                ideChannel1IRQHandler(regs*, void*)
                0x00000000c0064d74                IDE::enableIRQs(unsigned char, bool)
                0x00000000c0064e8a                IDE::open(int, int, void*)
                0x00000000c0066520                IDE::readBuffer(unsigned char, unsigned char, unsigned int, unsigned int)
                0x00000000c0066812                IDE::detect()
                0x00000000c0067606                IDE::printError(unsigned char, unsigned char, unsigned char)
                0x00000000c0067736                IDE::polling(unsigned char, unsigned int)
 .text          0x00000000c00677bc      0xf7b hw/diskctrl/satabus.32
                0x00000000c00677bc                SATABus::close(int, int, void*)
                0x00000000c00677c0                SATABus::detect()
                0x00000000c00677c2                SATABus::SATABus()
                0x00000000c00677c2                SATABus::SATABus()
                0x00000000c0067a38                SATABus::findCmdslot(SATABus::tagHBA_PORT volatile*)
                0x00000000c0067b2c                SATABus::checkType(SATABus::tagHBA_PORT volatile*)
                0x00000000c0067bc6                SATABus::startCmd(SATABus::tagHBA_PORT volatile*)
                0x00000000c0067c52                SATABus::stopCmd(SATABus::tagHBA_PORT volatile*)
                0x00000000c0067d00                SATABus::portRebase(SATABus::tagHBA_PORT volatile*, int)
                0x00000000c0068338                SATABus::probePort(SATABus::tagHBA_MEM volatile*)
                0x00000000c006868c                SATABus::open(int, int, void*)
 *fill*         0x00000000c0068737        0x1 
 .text          0x00000000c0068738     0x195e hw/diskphys/ata.32
                0x00000000c0068738                ATA::powerSaving(PowerSavingLevel)
                0x00000000c006873a                ATA::close(int, int, void*)
                0x00000000c00687de                ATA::ATA()
                0x00000000c00687de                ATA::ATA()
                0x00000000c00688b8                ATA::flush(bool)
                0x00000000c00689e6                ATA::readyForCommand()
                0x00000000c0068ade                ATA::access(unsigned long long, int, void*, bool)
                0x00000000c0069688                ATA::detectCHS()
                0x00000000c0069782                ATA::open(int, int, void*)
                0x00000000c0069c89                combineCharAndColour(char, unsigned char)
                0x00000000c0069c9a                combineColours(unsigned char, unsigned char)
                0x00000000c0069ca8                ATA::read(unsigned long long, int, void*)
                0x00000000c0069e9e                ATA::write(unsigned long long, int, void*)
 .text          0x00000000c006a096     0x1731 hw/diskphys/atapi.32
                0x00000000c006a096                ATAPI::write(unsigned long long, int, void*)
                0x00000000c006a09c                ATAPI::close(int, int, void*)
                0x00000000c006a140                ATAPI::ATAPI()
                0x00000000c006a140                ATAPI::ATAPI()
                0x00000000c006a21a                ATAPI::readyForCommand()
                0x00000000c006a318                ATAPI::sendPacket(unsigned char*, int, bool, unsigned short*, int)
                0x00000000c006adf4                ATAPI::diskRemoved()
                0x00000000c006af2a                ATAPI::eject()
                0x00000000c006afa6                ATAPI::diskInserted()
                0x00000000c006aff2                ATAPI::detectMedia()
                0x00000000c006b1e8                ATAPI::open(int, int, void*)
                0x00000000c006b68a                ATAPI::read(unsigned long long, int, void*)
 *fill*         0x00000000c006b7c7        0x1 
 .text          0x00000000c006b7c8     0x131b hw/diskphys/sata.32
                0x00000000c006b7c8                SATA::powerSaving(PowerSavingLevel)
                0x00000000c006b7ca                SATA::close(int, int, void*)
                0x00000000c006b86e                SATA::open(int, int, void*)
                0x00000000c006bac8                SATA::SATA()
                0x00000000c006bac8                SATA::SATA()
                0x00000000c006bba2                SATA::access(unsigned long long, int, void*, bool)
                0x00000000c006c5b2                SATA::read(unsigned long long, int, void*)
                0x00000000c006c82e                SATA::write(unsigned long long, int, void*)
 *fill*         0x00000000c006cae3        0x1 
 .text          0x00000000c006cae4     0x16c5 hw/diskphys/satapi.32
                0x00000000c006cae4                SATAPI::write(unsigned long long, int, void*)
                0x00000000c006caea                SATAPI::close(int, int, void*)
                0x00000000c006cb8e                SATAPI::SATAPI()
                0x00000000c006cb8e                SATAPI::SATAPI()
                0x00000000c006cc68                SATAPI::diskRemoved()
                0x00000000c006cc6a                SATAPI::diskInserted()
                0x00000000c006ccc2                SATAPI::sendPacket(unsigned char*, int, unsigned long long, unsigned short*, int)
                0x00000000c006d85e                SATAPI::eject()
                0x00000000c006d916                SATAPI::detectMedia()
                0x00000000c006dbb6                SATAPI::open(int, int, void*)
                0x00000000c006df1e                SATAPI::read(unsigned long long, int, void*)
 *fill*         0x00000000c006e1a9        0x1 
 .text          0x00000000c006e1aa     0x128b hw/intctrl/apic.32
                0x00000000c006e1aa                IOAPIC::close(int, int, void*)
                0x00000000c006e1b0                apicGetBase()
                0x00000000c006e25e                IOAPIC::IOAPIC()
                0x00000000c006e25e                IOAPIC::IOAPIC()
                0x00000000c006e332                apicOpen()
                0x00000000c006e92a                IOAPIC::handlesGSIWithNumber(unsigned int)
                0x00000000c006ea3c                IOAPIC::read(int)
                0x00000000c006eb10                IOAPIC::open(int, int, void*)
                0x00000000c006f13c                IOAPIC::write(int, int)
                0x00000000c006f218                IOAPIC::redirect(unsigned char, unsigned long long, unsigned char, bool, bool)
 *fill*         0x00000000c006f435        0x3 
 .text          0x00000000c006f438      0x45c hw/timer/apictimer.32
                0x00000000c006f438                APICTimer::close(int, int, void*)
                0x00000000c006f440                apicTimerHandler(regs*, void*)
                0x00000000c006f4ac                APICTimer::open(int, int, void*)
                0x00000000c006f734                APICTimer::write(int)
                0x00000000c006f7ac                APICTimer::APICTimer()
                0x00000000c006f7ac                APICTimer::APICTimer()
 .text          0x00000000c006f894      0x741 hw/timer/pit.32
                0x00000000c006f894                PIT::write(int)
                0x00000000c006f990                pitHandler(regs*, void*)
                0x00000000c006f9e0                PIT::open(int, int, void*)
                0x00000000c006fb58                PIT::close(int, int, void*)
                0x00000000c006fc24                PIT::PIT()
                0x00000000c006fc24                PIT::PIT()
 *fill*         0x00000000c006ffd5        0xb 
 .text          0x00000000c006ffe0       0x83 arch/i386/avx.32
                0x00000000c006ffe0                avxDetect
                0x00000000c007000a                avxSave
                0x00000000c007001b                avxLoad
                0x00000000c007002c                avxInit
                0x00000000c007004e                avxClose
                0x00000000c007004f                wouldSheSayYes
 *fill*         0x00000000c0070063        0xd 
 .text          0x00000000c0070070      0x2ec arch/i386/interrupt.32
                0x00000000c0070070                isr0
                0x00000000c0070080                isr1
                0x00000000c007008a                isr2
                0x00000000c0070094                isr3
                0x00000000c007009e                isr4
                0x00000000c00700a8                isr5
                0x00000000c00700b2                isr6
                0x00000000c00700bc                isr7
                0x00000000c00700c6                isr8
                0x00000000c00700ce                isr9
                0x00000000c00700d8                isr10
                0x00000000c00700e0                isr11
                0x00000000c00700e8                isr12
                0x00000000c00700f0                isr13
                0x00000000c007010a                isr14
                0x00000000c0070112                isr15
                0x00000000c007011c                isr16
                0x00000000c0070126                isr17
                0x00000000c0070130                isr18
                0x00000000c007013a                irq3
                0x00000000c0070144                irq4
                0x00000000c007014e                irq5
                0x00000000c0070158                irq6
                0x00000000c0070162                irq7
                0x00000000c007016c                irq8
                0x00000000c0070176                irq9
                0x00000000c0070180                irq10
                0x00000000c007018a                irq11
                0x00000000c0070194                irq12
                0x00000000c007019e                irq13
                0x00000000c00701a8                irq14
                0x00000000c00701b2                irq15
                0x00000000c00701bc                irq1
                0x00000000c00701c3                irq2
                0x00000000c00701ca                isr96
                0x00000000c00701d1                irq0
                0x00000000c00701d6                int_common_stub
                0x00000000c0070208                syscall_common_stub
                0x00000000c007030c                irq16
                0x00000000c0070316                irq17
                0x00000000c0070320                irq18
                0x00000000c007032a                irq19
                0x00000000c0070334                irq20
                0x00000000c007033e                irq21
                0x00000000c0070348                irq22
                0x00000000c0070352                irq23
 *fill*         0x00000000c007035c        0x4 
 .text          0x00000000c0070360       0x10 arch/i386/rdrand.32
                0x00000000c0070360                i386GetRDRAND
 .text          0x00000000c0070370       0x39 arch/i386/sse.32
                0x00000000c0070370                absolutelyNoChanceInHell
                0x00000000c0070370                sseDetect
                0x00000000c0070388                sseSave
                0x00000000c0070390                sseLoad
                0x00000000c0070398                sseInit
                0x00000000c00703a8                sseClose
 *fill*         0x00000000c00703a9        0x7 
 .text          0x00000000c00703b0       0x49 arch/i386/x87.32
                0x00000000c00703b6                x87Detect
                0x00000000c00703d1                x87Save
                0x00000000c00703d8                x87Load
                0x00000000c00703df                x87Init
                0x00000000c00703f8                x87Close
 *fill*         0x00000000c00703f9        0x3 
 .text          0x00000000c00703fc       0x25 /cygdrive/d/Users/Alex/Desktop/Toolchain/Output/bin/../lib/gcc/i386-banana/8.1.0/crtend.o
 .text          0x00000000c0070421        0x0 crtn.32
 *fill*         0x00000000c0070421        0x3 
 .text          0x00000000c0070424      0x14b /cygdrive/d/Users/Alex/Desktop/Toolchain/Output/bin/../lib/gcc/i386-banana/8.1.0/libkgcc.a(_divdi3.o)