Archive member included to satisfy reference by file (symbol)

/cygdrive/d/Users/Alex/Desktop/Toolchain/Output/bin/../lib/gcc/i386-banana/8.1.0/libkgcc.a(_divdi3.o)
                              fs/fat/ff.32 (__divdi3)
/cygdrive/d/Users/Alex/Desktop/Toolchain/Output/bin/../lib/gcc/i386-banana/8.1.0/libkgcc.a(_moddi3.o)
                              compat/resolve.32 (__moddi3)
/cygdrive/d/Users/Alex/Desktop/Toolchain/Output/bin/../lib/gcc/i386-banana/8.1.0/libkgcc.a(_udivdi3.o)
                              fs/fat/ff.32 (__udivdi3)
/cygdrive/d/Users/Alex/Desktop/Toolchain/Output/bin/../lib/gcc/i386-banana/8.1.0/libkgcc.a(_umoddi3.o)
                              compat/resolve.32 (__umoddi3)

Discarded input sections

 .comment       0x0000000000000000       0x12 /cygdrive/d/Users/Alex/Desktop/Toolchain/Output/bin/../lib/gcc/i386-banana/8.1.0/crtbegin.o
 .comment       0x0000000000000000       0x12 acpica/utclib.32
 .comment       0x0000000000000000       0x12 core/malloc.32
 .comment       0x0000000000000000       0x12 libk/string.32
 .comment       0x0000000000000000       0x12 fs/fat/diskio.32
 .comment       0x0000000000000000       0x12 fs/fat/ff.32
 .comment       0x0000000000000000       0x12 fs/fat/ffsystem.32
 .comment       0x0000000000000000       0x12 fs/fat/ffunicode.32
 .comment       0x0000000000000000       0x12 compat/inlines.32
 .comment       0x0000000000000000       0x12 compat/resolve.32
 .group         0x0000000000000000       0x14 core/computer.32
 .group         0x0000000000000000        0xc core/computer.32
 .comment       0x0000000000000000       0x12 core/computer.32
 .comment       0x0000000000000000       0x12 core/gdt.32
 .group         0x0000000000000000        0xc core/idle.32
 .comment       0x0000000000000000       0x12 core/idle.32
 .comment       0x0000000000000000       0x12 core/idt.32
 .comment       0x0000000000000000       0x12 core/kheap.32
 .comment       0x0000000000000000       0x12 core/main.32
 .comment       0x0000000000000000       0x12 core/physmgr.32
 .group         0x0000000000000000        0xc core/pipe.32
 .comment       0x0000000000000000       0x12 core/pipe.32
 .group         0x0000000000000000        0xc core/terminal.32
 .comment       0x0000000000000000       0x12 core/terminal.32
 .comment       0x0000000000000000       0x12 core/tss.32
 .group         0x0000000000000000        0x8 core/unixfile.32
 .group         0x0000000000000000        0x8 core/unixfile.32
 .group         0x0000000000000000        0xc core/unixfile.32
 .group         0x0000000000000000        0x8 core/unixfile.32
 .group         0x0000000000000000        0xc core/unixfile.32
 .group         0x0000000000000000        0x8 core/unixfile.32
 .group         0x0000000000000000        0xc core/unixfile.32
 .group         0x0000000000000000        0xc core/unixfile.32
 .comment       0x0000000000000000       0x12 core/unixfile.32
 .comment       0x0000000000000000       0x12 core/virtmgr.32
 .comment       0x0000000000000000       0x12 coreobjs/c++.32
 .comment       0x0000000000000000       0x12 dbg/kconsole.32
 .group         0x0000000000000000        0xc fs/vfs.32
 .group         0x0000000000000000        0xc fs/vfs.32
 .group         0x0000000000000000        0xc fs/vfs.32
 .comment       0x0000000000000000       0x12 fs/vfs.32
 .group         0x0000000000000000        0xc hal/bus.32
 .comment       0x0000000000000000       0x12 hal/bus.32
 .group         0x0000000000000000        0xc hal/buzzer.32
 .comment       0x0000000000000000       0x12 hal/buzzer.32
 .group         0x0000000000000000        0xc hal/clock.32
 .comment       0x0000000000000000       0x12 hal/clock.32
 .group         0x0000000000000000       0x14 hal/device.32
 .group         0x0000000000000000        0xc hal/device.32
 .group         0x0000000000000000        0x8 hal/device.32
 .group         0x0000000000000000        0xc hal/device.32
 .group         0x0000000000000000        0xc hal/device.32
 .comment       0x0000000000000000       0x12 hal/device.32
 .group         0x0000000000000000        0xc hal/diskctrl.32
 .comment       0x0000000000000000       0x12 hal/diskctrl.32
 .group         0x0000000000000000        0xc hal/diskphys.32
 .comment       0x0000000000000000       0x12 hal/diskphys.32
 .group         0x0000000000000000        0xc hal/fpu.32
 .comment       0x0000000000000000       0x12 hal/fpu.32
 .group         0x0000000000000000        0xc hal/intctrl.32
 .comment       0x0000000000000000       0x12 hal/intctrl.32
 .group         0x0000000000000000        0xc hal/keybrd.32
 .comment       0x0000000000000000       0x12 hal/keybrd.32
 .group         0x0000000000000000        0xc hal/logidisk.32
 .comment       0x0000000000000000       0x12 hal/logidisk.32
 .group         0x0000000000000000        0xc hal/mouse.32
 .comment       0x0000000000000000       0x12 hal/mouse.32
 .comment       0x0000000000000000       0x12 hal/partition.32
 .group         0x0000000000000000        0xc hal/serial.32
[...]
Memory Configuration

Name             Origin             Length             Attributes
*default*        0x0000000000000000 0xffffffffffffffff

Linker script and memory map

LOAD D:/Users/Alex/Desktop/Banana/kernel/boot.32
LOAD crti.32
LOAD /cygdrive/d/Users/Alex/Desktop/Toolchain/Output/bin/../lib/gcc/i386-banana/8.1.0/crtbegin.o
LOAD D:/Users/Alex/Desktop/Banana/kernel/morenasm.32
LOAD acpica/utclib.32
LOAD core/malloc.32
LOAD libk/string.32
LOAD fs/fat/diskio.32
LOAD fs/fat/ff.32
LOAD fs/fat/ffsystem.32
LOAD fs/fat/ffunicode.32
LOAD compat/inlines.32
LOAD compat/resolve.32
LOAD core/computer.32
LOAD core/gdt.32
LOAD core/idle.32
LOAD core/idt.32
LOAD core/kheap.32
LOAD core/main.32
LOAD core/physmgr.32
LOAD core/pipe.32
LOAD core/terminal.32
LOAD core/tss.32
LOAD core/unixfile.32
LOAD core/virtmgr.32
LOAD coreobjs/c++.32
LOAD dbg/kconsole.32
LOAD fs/vfs.32
LOAD hal/bus.32
LOAD hal/buzzer.32
LOAD hal/clock.32
LOAD hal/device.32
LOAD hal/diskctrl.32
LOAD hal/diskphys.32
LOAD hal/fpu.32
LOAD hal/intctrl.32
LOAD hal/keybrd.32
LOAD hal/logidisk.32
LOAD hal/mouse.32
LOAD hal/partition.32
LOAD hal/serial.32
LOAD hal/timer.32
LOAD hal/vcache.32
LOAD hal/video.32
LOAD hw/acpi.32
LOAD hw/cpu.32
LOAD hw/ports.32
LOAD hw/smp.32
LOAD krnl/env.32
LOAD krnl/panic.32
LOAD krnl/powctrl.32
LOAD krnl/rand.32
LOAD net/ethernet.32
LOAD reg/registry.32
LOAD sys/sc_eject.32
LOAD sys/sc_exit.32
LOAD sys/sc_getcwd.32
LOAD sys/sc_getpid.32
LOAD sys/sc_getramdata.32
LOAD sys/sc_getvgaptr.32
LOAD sys/sc_loaddll.32
LOAD sys/sc_read.32
LOAD sys/sc_sbrk.32
LOAD sys/sc_setcwd.32
LOAD sys/sc_settime.32
LOAD sys/sc_timezone.32
LOAD sys/sc_write.32
LOAD sys/sc_wsbe.32
LOAD sys/sc_yield.32
LOAD sys/syscalls.32
LOAD thr/elf.32
LOAD thr/prcssthr.32
LOAD vm86/vm8086.32
LOAD vm86/x87em.32
LOAD fs/fat/vfslink.32
LOAD fs/iso9660/vfslink.32
LOAD hal/sound/sndcard.32
LOAD hal/sound/sndport.32
LOAD hw/bus/isa.32
LOAD hw/bus/pci.32
LOAD hw/diskctrl/ide.32
LOAD hw/diskctrl/satabus.32
LOAD hw/diskphys/ata.32
LOAD hw/diskphys/atapi.32
LOAD hw/diskphys/sata.32
LOAD hw/diskphys/satapi.32
LOAD hw/fpu/avx.32
LOAD hw/fpu/mmx.32
LOAD hw/fpu/sse.32
LOAD hw/fpu/x87.32
LOAD hw/intctrl/apic.32
LOAD hw/intctrl/pic.32
LOAD hw/timer/apictimer.32
LOAD hw/timer/pit.32
LOAD hw/fpu/x86/avx.32
LOAD hw/fpu/x86/sse.32
LOAD hw/fpu/x86/x87.32
LOAD /cygdrive/d/Users/Alex/Desktop/Toolchain/Output/bin/../lib/gcc/i386-banana/8.1.0/crtend.o
LOAD crtn.32
LOAD /cygdrive/d/Users/Alex/Desktop/Toolchain/Output/bin/../lib/gcc/i386-banana/8.1.0/libkgcc.a
LOAD D:/Users/Alex/Desktop/Banana/kernel/libsoftfp.a
LOAD D:/Users/Alex/Desktop/Banana/kernel/libk/libm32.a
                0x00000000c0000000                . = 0xc0000000

.text           0x00000000c0000000    0x231ba
 *(.text)
 .text          0x00000000c0000000       0x41 D:/Users/Alex/Desktop/Banana/kernel/boot.32
                0x00000000c0000020                callGlobalConstructors
 .text          0x00000000c0000041        0x0 crti.32
 *fill*         0x00000000c0000041        0x3 
 .text          0x00000000c0000044      0x101 /cygdrive/d/Users/Alex/Desktop/Toolchain/Output/bin/../lib/gcc/i386-banana/8.1.0/crtbegin.o
 *fill*         0x00000000c0000145        0xb 
 .text          0x00000000c0000150      0x440 D:/Users/Alex/Desktop/Banana/kernel/morenasm.32
                0x00000000c0000150                manualPCIProbe
                0x00000000c000019b                prepareTramp
                0x00000000c00001b4                doTPAUSE
                0x00000000c00001be                hasLegacyFPU
                0x00000000c00001e3                is486
                0x00000000c0000219                getRDRAND
                0x00000000c0000229                detectCPUID
                0x00000000c000023f                goToVM86
                0x00000000c000026f                goToUsermode
                0x00000000c0000299                switchToThreadASMFirstTime
                0x00000000c00002a7                switchToThreadASM
                0x00000000c0000337                asmQuickAcquireLock
                0x00000000c0000355                asmQuickReleaseLock
                0x00000000c0000361                asmAcquireLock
                0x00000000c0000382                asmReleaseLock
                0x00000000c0000395                loadGDT
                0x00000000c00003b5                isr0
                0x00000000c00003c5                isr1
                0x00000000c00003cf                isr2
                0x00000000c00003d9                isr3
                0x00000000c00003e3                isr4
                0x00000000c00003ed                isr5
                0x00000000c00003f7                isr6
                0x00000000c0000401                isr7
                0x00000000c000040b                isr8
                0x00000000c0000413                isr9
                0x00000000c000041d                isr10
                0x00000000c0000425                isr11
                0x00000000c000042d                isr12
                0x00000000c0000435                isr13
                0x00000000c000043d                isr14
                0x00000000c0000445                isr15
                0x00000000c000044f                isr16
                0x00000000c0000459                isr17
                0x00000000c0000463                isr18
                0x00000000c000046d                irq3
                0x00000000c0000477                irq4
                0x00000000c0000481                irq5
                0x00000000c000048b                irq6
                0x00000000c0000495                irq7
                0x00000000c000049f                irq8
                0x00000000c00004a9                irq9
                0x00000000c00004b3                irq10
                0x00000000c00004bd                irq11
                0x00000000c00004c7                irq12
                0x00000000c00004d1                irq13
                0x00000000c00004db                irq14
                0x00000000c00004e5                irq15
                0x00000000c00004ef                irq1
                0x00000000c00004f6                irq2
                0x00000000c00004fd                isr96
                0x00000000c0000504                irq0
                0x00000000c0000509                int_common_stub
                0x00000000c0000509                syscall_common_stub
                0x00000000c000053b                irq16
                0x00000000c0000545                irq17
                0x00000000c000054f                irq18
                0x00000000c0000559                irq19
                0x00000000c0000563                irq20
                0x00000000c000056d                irq21
                0x00000000c0000577                irq22
                0x00000000c0000581                irq23
                0x00000000c000058b                memcpy
 .text          0x00000000c0000590      0x5dd acpica/utclib.32
                0x00000000c0000590                memcmp
                0x00000000c00005cc                memmove
                0x00000000c0000694                memset
                0x00000000c00006b0                strlen
                0x00000000c00006c8                strpbrk
                0x00000000c0000704                strtok
                0x00000000c0000750                strcpy
                0x00000000c0000774                strncpy
                0x00000000c00007dc                strcmp
                0x00000000c000081c                strchr
                0x00000000c0000840                strncmp
                0x00000000c0000890                strcat
                0x00000000c00008c0                strncat
                0x00000000c00008fc                strstr
                0x00000000c0000944                toupper
                0x00000000c0000958                tolower
                0x00000000c000096c                simple_strtoul
 .text          0x00000000c0000b6d      0xfad core/malloc.32
                0x00000000c0000cd8                dlfree
                0x00000000c0001033                dlmalloc
                0x00000000c0001570                dlrealloc
                0x00000000c0001713                dlmemalign
                0x00000000c0001836                dlcalloc
                0x00000000c00018d0                dlcfree
                0x00000000c00018d5                dlindependent_calloc
                0x00000000c00018fa                dlindependent_comalloc
                0x00000000c0001911                dlvalloc
                0x00000000c000193c                dlpvalloc
                0x00000000c0001972                dlmalloc_trim
                0x00000000c000197f                dlmalloc_usable_size
                0x00000000c00019b0                dlmallinfo
                0x00000000c0001a7f                dlmalloc_stats
                0x00000000c0001a90                dlmallopt
 .text          0x00000000c0001b1a        0x0 libk/string.32
 .text          0x00000000c0001b1a       0x51 fs/fat/diskio.32
                0x00000000c0001b1a                disk_status
                0x00000000c0001b1d                disk_initialize
                0x00000000c0001b20                disk_read
                0x00000000c0001b36                disk_write
                0x00000000c0001b4c                disk_ioctl
 .text          0x00000000c0001b6b     0x6a69 fs/fat/ff.32
                0x00000000c0004e39                f_mount
                0x00000000c0004e9b                f_open
                0x00000000c00052d7                f_read
                0x00000000c0005557                f_write
                0x00000000c0005811                f_sync
                0x00000000c00059ed                f_close
                0x00000000c0005a1c                f_lseek
                0x00000000c0005ed3                f_opendir
                0x00000000c0005fd5                f_closedir
                0x00000000c0005ff7                f_readdir
                0x00000000c0006092                f_stat
                0x00000000c0006121                f_getfree
                0x00000000c00062ec                f_truncate
                0x00000000c00063e4                f_unlink
                0x00000000c0006567                f_mkdir
                0x00000000c0006793                f_rename
                0x00000000c0006a86                f_chmod
                0x00000000c0006b64                f_utime
                0x00000000c0006c42                f_getlabel
                0x00000000c0006e30                f_setlabel
                0x00000000c000709d                f_expand
                0x00000000c00072d3                f_forward
                0x00000000c00074b1                f_mkfs
 .text          0x00000000c00085d4       0x2f fs/fat/ffsystem.32
                0x00000000c00085d4                ff_memalloc
                0x00000000c00085ec                ff_memfree
 *fill*         0x00000000c0008603        0x1 
 .text          0x00000000c0008604      0x274 fs/fat/ffunicode.32
                0x00000000c0008604                ff_uni2oem
                0x00000000c000869c                ff_oem2uni
                0x00000000c0008710                ff_wtoupper
 .text          0x00000000c0008878       0xa7 compat/inlines.32
                0x00000000c0008878                CPU::current()
                0x00000000c0008884                operator new(unsigned long)
                0x00000000c0008889                operator delete(void*)
                0x00000000c000888e                disableIRQs()
                0x00000000c0008896                enableIRQs()
                0x00000000c00088a5                lockScheduler()
                0x00000000c00088ad                unlockScheduler()
                0x00000000c00088bc                lockStuff()
                0x00000000c00088ca                unlockStuff()
                0x00000000c0008904                Virt::getAKernelVAS()
                0x00000000c000890a                __not_memcpy
 *fill*         0x00000000c000891f        0x1 
 .text          0x00000000c0008920      0x118 compat/resolve.32
                0x00000000c0008920                Krnl::resolveCompatibilitySymbol(char*)
 .text          0x00000000c0008a38      0xb95 core/computer.32
                0x00000000c0008a38                Computer::close(int, int, void*)
                0x00000000c0008a7c                Krnl::firstTask()
                0x00000000c0008bd0                Computer::Computer()
                0x00000000c0008bd0                Computer::Computer()
                0x00000000c0008d2c                Computer::setBootMessage(char const*)
                0x00000000c0008d2e                Computer::detectFeatures()
                0x00000000c0008f38                Computer::displayFeatures()
                0x00000000c000927e                Computer::rdmsr(unsigned int)
                0x00000000c00092aa                Computer::wrmsr(unsigned int, unsigned long long)
                0x00000000c00092e2                Computer::shutdown()
                0x00000000c00092fa                Computer::restart()
                0x00000000c0009312                Computer::sleep()
                0x00000000c0009326                Computer::nmiEnabled()
                0x00000000c0009332                Computer::readCMOS(unsigned char)
                0x00000000c000934c                Computer::enableNMI(bool)
                0x00000000c0009364                Computer::open(int, int, void*)
                0x00000000c0009510                Computer::disableNMI()
                0x00000000c000951e                Computer::writeCMOS(unsigned char, unsigned char)
                0x00000000c000953c                Computer::handleNMI()
                0x00000000c00095a2                Computer::setDiskActivityLight(int, bool)
 *fill*         0x00000000c00095cd        0x1 
 .text          0x00000000c00095ce      0x211 core/gdt.32
                0x00000000c00095ce                GDTEntry::setBase(unsigned int)
                0x00000000c00095ea                GDTEntry::setLimit(unsigned int)
                0x00000000c0009608                GDT::GDT()
                0x00000000c0009608                GDT::GDT()
                0x00000000c000961e                GDT::addEntry(GDTEntry)
                0x00000000c0009640                GDT::getNumberOfEntries()
                0x00000000c0009648                GDT::flush()
                0x00000000c000966a                GDT::setup()
 .text          0x00000000c00097df       0x6b core/idle.32
                0x00000000c00097df                idleFunction(void*)
 *fill*         0x00000000c000984a        0x2 
 .text          0x00000000c000984c      0x464 core/idt.32
                0x00000000c000984c                IDTEntry::IDTEntry(bool)
                0x00000000c000984c                IDTEntry::IDTEntry(bool)
                0x00000000c00098be                IDTEntry::setOffset(unsigned int)
                0x00000000c00098d4                IDT::IDT()
                0x00000000c00098d4                IDT::IDT()
                0x00000000c00098d6                IDT::getPointerToInvalidOpcodeEntryForF00F()
                0x00000000c00098de                IDT::addEntry(IDTEntry, int)
                0x00000000c00098f8                IDT::addEntry(int, void (*)(), bool)
                0x00000000c0009930                IDT::flush()
                0x00000000c000994a                IDT::setup()
 .text          0x00000000c0009cb0      0x191 core/kheap.32
                0x00000000c0009cb0                sbrk
                0x00000000c0009d53                mmap
                0x00000000c0009d69                munmap
                0x00000000c0009d7f                liballoc_lock()
                0x00000000c0009d8c                liballoc_unlock()
                0x00000000c0009da0                liballoc_alloc(int)
                0x00000000c0009db8                liballoc_free(void*, int)
                0x00000000c0009dd3                realloc
                0x00000000c0009de7                malloc
                0x00000000c0009df7                free
                0x00000000c0009e07                rfree
                0x00000000c0009e17                calloc
 .text          0x00000000c0009e41      0x437 core/main.32
                0x00000000c0009e41                Krnl::setBootMessage(char const*)
                0x00000000c0009ead                kernel_main
 .text          0x00000000c000a278      0x673 core/physmgr.32
                0x00000000c000a278                Phys::allocateDMA(unsigned long)
                0x00000000c000a387                Phys::freeDMA(unsigned long, unsigned long)
                0x00000000c000a3cd                Phys::setPageState(unsigned long, bool)
                0x00000000c000a3ff                Phys::getPageState(unsigned long)
                0x00000000c000a41b                Phys::freePage(unsigned long)
                0x00000000c000a49e                Phys::allocatePage()
                0x00000000c000a589                Phys::allocateContiguousPages(int)
                0x00000000c000a5e5                Phys::allowSegmentToBeUsed(unsigned long, unsigned long)
                0x00000000c000a61d                Phys::physicalMemorySetup(unsigned int)
 *fill*         0x00000000c000a8eb        0x1 
 .text          0x00000000c000a8ec      0x273 core/pipe.32
                0x00000000c000a8ec                Pipe::isAtty()
                0x00000000c000a8f0                Pipe::~Pipe()
                0x00000000c000a8f0                Pipe::~Pipe()
                0x00000000c000a914                Pipe::~Pipe()
                0x00000000c000a93c                Pipe::read(unsigned long long, void*, int*)
                0x00000000c000aa38                Pipe::write(unsigned long long, void*, int*)
                0x00000000c000aaf8                Pipe::Pipe(int)
                0x00000000c000aaf8                Pipe::Pipe(int)
 *fill*         0x00000000c000ab5f        0x1 
 .text          0x00000000c000ab60      0xb8f core/terminal.32
                0x00000000c000ab60                VgaText::isAtty()
                0x00000000c000ab64                VgaText::~VgaText()
                0x00000000c000ab64                VgaText::~VgaText()
                0x00000000c000ab88                VgaText::~VgaText()
                0x00000000c000abb2                VgaText::read(unsigned long long, void*, int*)
                0x00000000c000abd2                setTerminalScrollLock(bool)
                0x00000000c000abd3                addToTerminalCycle(VgaText*)
                0x00000000c000abf4                installVgaTextImplementation()
                0x00000000c000ac09                scrollTerminalScrollLock(int)
                0x00000000c000ac0a                VgaText::updateTitle()
                0x00000000c000ac48                VgaText::load()
                0x00000000c000ac96                VgaText::updateCursor()
                0x00000000c000acac                VgaText::doANSI_SGR(int)
                0x00000000c000ad20                VgaText::setDefaultBgColour(VgaColour)
                0x00000000c000ad30                VgaText::setDefaultFgColour(VgaColour)
                0x00000000c000ad40                VgaText::setDefaultColours(VgaColour, VgaColour)
                0x00000000c000ad60                VgaText::setTitleTextColour(VgaColour)
                0x00000000c000ad70                VgaText::setTitleColour(VgaColour)
                0x00000000c000ad80                VgaText::setTitle(char*)
                0x00000000c000ada6                VgaText::combineColours(unsigned char, unsigned char)
                0x00000000c000adb8                VgaText::scrollScreen()
                0x00000000c000ae4c                VgaText::combineCharAndColour(char, unsigned char)
                0x00000000c000ae5e                VgaText::writeCharacter(char, VgaColour, VgaColour, int, int)
                0x00000000c000aeba                VgaText::getCursorX()
                0x00000000c000aec2                VgaText::getCursorY()
                0x00000000c000aeca                VgaText::setCursor(int, int)
                0x00000000c000aee1                setActiveTerminal(VgaText*)
                0x00000000c000af43                doTerminalCycle()
                0x00000000c000af5e                VgaText::setCursorX(int)
                0x00000000c000af76                VgaText::setCursorY(int)
                0x00000000c000af8e                VgaText::incrementCursor(bool)
                0x00000000c000afe2                VgaText::decrementCursor(bool)
                0x00000000c000b004                VgaText::putchar(char, VgaColour, VgaColour)
                0x00000000c000b0dc                VgaText::doUpdate()
                0x00000000c000b0ea                VgaText::puts(char const*, VgaColour, VgaColour)
                0x00000000c000b262                VgaText::clearScreen()
                0x00000000c000b2bc                VgaText::putchar(char)
                0x00000000c000b3a8                VgaText::putx(unsigned int)
                0x00000000c000b3ee                VgaText::puts(char const*)
                0x00000000c000b414                VgaText::VgaText(char const*)
                0x00000000c000b414                VgaText::VgaText(char const*)
                0x00000000c000b590                VgaText::receiveKey(unsigned char)
                0x00000000c000b676                VgaText::write(unsigned long long, void*, int*)
                0x00000000c000b6ca                newTerminal(char*)
 *fill*         0x00000000c000b6ef        0x1 
 .text          0x00000000c000b6f0      0x1a1 core/tss.32
                0x00000000c000b6f0                TSS::TSS()
                0x00000000c000b6f0                TSS::TSS()
                0x00000000c000b700                TSS::setESP(unsigned long)
                0x00000000c000b714                TSS::flush()
                0x00000000c000b734                TSS::setup(unsigned long, unsigned long)
 *fill*         0x00000000c000b891        0x1 
 .text          0x00000000c000b892      0x4c2 core/unixfile.32
                0x00000000c000b892                ReservedFilename::read(unsigned long long, void*, int*)
                0x00000000c000b8e8                ReservedFilename::isAtty()
                0x00000000c000b904                ReservedFilename::write(unsigned long long, void*, int*)
                0x00000000c000b962                UnixFile::getFileDescriptor()
                0x00000000c000b96a                UnixFile::UnixFile(int)
                0x00000000c000b96a                UnixFile::UnixFile(int)
                0x00000000c000bb1a                ReservedFilename::ReservedFilename(int)
                0x00000000c000bb1a                ReservedFilename::ReservedFilename(int)
                0x00000000c000bb4c                UnixFile::~UnixFile()
                0x00000000c000bb4c                UnixFile::~UnixFile()
                0x00000000c000bbe4                UnixFile::~UnixFile()
                0x00000000c000bc0c                ReservedFilename::~ReservedFilename()
                0x00000000c000bc0c                ReservedFilename::~ReservedFilename()
                0x00000000c000bc30                ReservedFilename::~ReservedFilename()
                0x00000000c000bc57                getFromFileDescriptor(int)
 .text          0x00000000c000bd54     0x1218 core/virtmgr.32
                0x00000000c000bd54                Virt::setPageState(unsigned long, Virt::VirtPageState)
                0x00000000c000bd89                Virt::getPageState(unsigned long)
                0x00000000c000bdad                Virt::allocateKernelVirtualPages(int)
                0x00000000c000bebe                Virt::freeSwapfilePage(unsigned long)
                0x00000000c000bedc                Virt::swapIDToSector(unsigned long)
                0x00000000c000beee                Virt::allocateSwapfilePage()
                0x00000000c000bf6c                Virt::virtualMemorySetup()
                0x00000000c000bfb7                Virt::setupPageSwapping(int)
                0x00000000c000c028                VAS::VAS()
                0x00000000c000c028                VAS::VAS()
                0x00000000c000c064                VAS::VAS(VAS*)
                0x00000000c000c064                VAS::VAS(VAS*)
                0x00000000c000c092                VAS::getForeignPageTableEntry(bool, unsigned long)
                0x00000000c000c0be                VAS::getPageTableEntry(unsigned long)
                0x00000000c000c0dd                Virt::freeKernelVirtualPages(unsigned long)
                0x00000000c000c200                VAS::freeAllocatedPages(unsigned long)
                0x00000000c000c224                VAS::virtualToPhysical(unsigned long)
                0x00000000c000c23c                VAS::reflagRange(unsigned long, int, int, int)
                0x00000000c000c27c                VAS::setToWriteCombining(unsigned long, int)
                0x00000000c000c2ae                VAS::mapOtherVASIn(bool, VAS*)
                0x00000000c000c2d8                VAS::~VAS()
                0x00000000c000c2d8                VAS::~VAS()
                0x00000000c000c454                VAS::mapPage(unsigned long, unsigned long, int)
                0x00000000c000c556                VAS::allocatePages(int, int)
                0x00000000c000c72e                VAS::setCPUSpecific(unsigned long)
                0x00000000c000c74a                VAS::mapRange(unsigned long, unsigned long, int, int)
                0x00000000c000c810                VAS::mapForeignPage(bool, VAS*, unsigned long, unsigned long, int)
                0x00000000c000c8fe                VAS::VAS(bool)
                0x00000000c000c8fe                VAS::VAS(bool)
                0x00000000c000cb7e                VAS::evict(unsigned long)
                0x00000000c000cc4e                VAS::tryLoadBackOffDisk(unsigned long)
                0x00000000c000cd62                VAS::scanForEviction()
                0x00000000c000ce40                mapVASFirstTime
 .text          0x00000000c000cf6c       0x95 coreobjs/c++.32
                0x00000000c000cf6c                __cxa_atexit
                0x00000000c000cf6f                __cxa_finalize
                0x00000000c000cf70                __stack_chk_fail
                0x00000000c000cfdc                __cxa_pure_virtual
                0x00000000c000cfed                operator new[](unsigned long)
                0x00000000c000cff2                operator delete(void*, unsigned long)
                0x00000000c000cff7                operator delete[](void*)
                0x00000000c000cffc                operator delete[](void*, unsigned long)
 .text          0x00000000c000d001      0x1fc dbg/kconsole.32
                0x00000000c000d001                Dbg::stringifyxWithBase(unsigned int, char*, int)
                0x00000000c000d05a                Dbg::logc(char)
                0x00000000c000d07a                Dbg::logs(char*)
                0x00000000c000d097                Dbg::logWriteInt(unsigned int)
                0x00000000c000d0b4                Dbg::logWriteIntBase(unsigned int, int)
                0x00000000c000d0d3                Dbg::kprintf(char const*, ...)
 *fill*         0x00000000c000d1fd        0x1 
 .text          0x00000000c000d1fe      0xcac fs/vfs.32
                0x00000000c000d1fe                File::read(unsigned long long, void*, int*)
                0x00000000c000d256                File::write(unsigned long long, void*, int*)
                0x00000000c000d2ae                Directory::read(unsigned long long, void*, int*)
                0x00000000c000d306                Directory::write(unsigned long long, void*, int*)
                0x00000000c000d334                File::isAtty()
                0x00000000c000d338                Directory::isAtty()
                0x00000000c000d33c                Filesystem::getlabel(LogicalDisk*, int, char*, unsigned int*)
                0x00000000c000d342                Filesystem::setlabel(LogicalDisk*, int, char*)
                0x00000000c000d348                Filesystem::allocateSwapfile(char const*, int)
                0x00000000c000d34e                File::~File()
                0x00000000c000d34e                File::~File()
                0x00000000c000d372                File::~File()
                0x00000000c000d39c                Directory::~Directory()
                0x00000000c000d39c                Directory::~Directory()
                0x00000000c000d3c0                Directory::~Directory()
                0x00000000c000d3ea                Filesystem::Filesystem()
                0x00000000c000d3ea                Filesystem::Filesystem()
                0x00000000c000d40e                Filesystem::~Filesystem()
                0x00000000c000d40e                Filesystem::~Filesystem()
                0x00000000c000d41c                Filesystem::~Filesystem()
                0x00000000c000d440                Fs::getcwd(Process*, char*, int)
                0x00000000c000d46a                Fs::initVFS()
                0x00000000c000d494                Fs::standardiseFiles(char*, char const*, char const*)
                0x00000000c000d63e                File::File(char const*, Process*)
                0x00000000c000d63e                File::File(char const*, Process*)
                0x00000000c000d718                File::open(FileOpenMode)
                0x00000000c000d776                File::close()
                0x00000000c000d7d6                File::seek(unsigned long long)
                0x00000000c000d82c                File::tell(unsigned long long*)
                0x00000000c000d87c                File::rewind()
                0x00000000c000d890                File::unlink()
                0x00000000c000d8dc                File::rename(char const*)
                0x00000000c000d92a                File::chfatattr(unsigned char, unsigned char)
                0x00000000c000d986                File::exists()
                0x00000000c000d9c4                File::stat(unsigned long long*, bool*)
                0x00000000c000da25                Fs::setcwd(Process*, char*)
                0x00000000c000db9e                Directory::Directory(char const*, Process*)
                0x00000000c000db9e                Directory::Directory(char const*, Process*)
                0x00000000c000dc78                Directory::open()
                0x00000000c000dcd4                Directory::close()
                0x00000000c000dd34                Directory::unlink()
                0x00000000c000dd80                Directory::rename(char const*)
                0x00000000c000ddce                Directory::exists()
                0x00000000c000de0c                Directory::read(dirent*)
                0x00000000c000de58                Directory::create()
                0x00000000c000dea4                Filesystem::chfatattr(char const*, unsigned char, unsigned char)
 *fill*         0x00000000c000deaa        0x2 
 .text          0x00000000c000deac       0x86 hal/bus.32
                0x00000000c000deac                Bus::Bus(char const*)
                0x00000000c000deac                Bus::Bus(char const*)
                0x00000000c000dee4                Bus::~Bus()
                0x00000000c000dee4                Bus::~Bus()
                0x00000000c000df08                Bus::~Bus()
 *fill*         0x00000000c000df32        0x2 
 .text          0x00000000c000df34      0x153 hal/buzzer.32
                0x00000000c000df34                Buzzer::Buzzer(char const*)
                0x00000000c000df34                Buzzer::Buzzer(char const*)
                0x00000000c000df78                Buzzer::~Buzzer()
                0x00000000c000df78                Buzzer::~Buzzer()
                0x00000000c000df9c                Buzzer::~Buzzer()
                0x00000000c000dfc6                Buzzer::stop()
                0x00000000c000dfd9                beepThread(void*)
                0x00000000c000e01a                Buzzer::beep(int, int, bool)
 *fill*         0x00000000c000e087        0x1 
 .text          0x00000000c000e088      0x467 hal/clock.32
                0x00000000c000e088                User::loadClockSettings(int)
                0x00000000c000e0da                Clock::Clock(char const*)
                0x00000000c000e0da                Clock::Clock(char const*)
                0x00000000c000e110                Clock::~Clock()
                0x00000000c000e110                Clock::~Clock()
                0x00000000c000e134                Clock::~Clock()
                0x00000000c000e15e                Clock::timeInSecondsLocal()
                0x00000000c000e1a6                Clock::setTimeInSecondsLocal(unsigned long long)
                0x00000000c000e1ff                datetimeToSeconds(datetime_t)
                0x00000000c000e326                Clock::setTimeInDatetimeLocal(datetime_t)
                0x00000000c000e386                secondsToDatetime(unsigned long long)
                0x00000000c000e4ca                Clock::timeInDatetimeLocal()
 *fill*         0x00000000c000e4ef        0x1 
 .text          0x00000000c000e4f0      0x504 hal/device.32
                0x00000000c000e4f0                Device::hibernate()
                0x00000000c000e4f2                Device::wake()
                0x00000000c000e4f4                Device::detect()
                0x00000000c000e4f6                Device::disableLegacy()
                0x00000000c000e4f8                Device::powerSaving(PowerSavingLevel)
                0x00000000c000e4fa                DriverlessDevice::close(int, int, void*)
                0x00000000c000e4fe                DriverlessDevice::detect()
                0x00000000c000e500                DriverlessDevice::open(int, int, void*)
                0x00000000c000e514                Device::~Device()
                0x00000000c000e514                Device::~Device()
                0x00000000c000e522                Device::~Device()
                0x00000000c000e54a                Device::findAndLoadDriver()
                0x00000000c000e558                Device::preOpenPCI(PCIDeviceInfo)
                0x00000000c000e57e                Device::preOpenACPI(void*, char*, char*)
                0x00000000c000e5be                Device::addIRQHandler(int, void (*)(regs*, void*), bool, void*)
                0x00000000c000e5fc                Device::getParent()
                0x00000000c000e608                Device::removeIRQHandler(int, void (*)(regs*, void*), bool)
                0x00000000c000e646                Device::addChild(Device*)
                0x00000000c000e68a                Device::removeAllChildren()
                0x00000000c000e6d0                Device::hibernateAll()
                0x00000000c000e700                Device::wakeAll()
                0x00000000c000e730                Device::detectAll()
                0x00000000c000e760                Device::disableLegacyAll()
                0x00000000c000e790                Device::loadDriversForAll()
                0x00000000c000e7d0                Device::closeAll()
                0x00000000c000e806                Device::powerSavingAll(PowerSavingLevel)
                0x00000000c000e83c                Device::setName(char const*)
                0x00000000c000e84a                Device::Device(char const*)
                0x00000000c000e84a                Device::Device(char const*)
                0x00000000c000e946                Device::getName()
                0x00000000c000e950                DriverlessDevice::DriverlessDevice(char const*)
                0x00000000c000e950                DriverlessDevice::DriverlessDevice(char const*)
                0x00000000c000e986                Device::addToLinkedList(LinkedList<Device>&, DeviceType)
                0x00000000c000e9ca                getDevicesOfType(DeviceType)
 .text          0x00000000c000e9f4       0x86 hal/diskctrl.32
                0x00000000c000e9f4                HardDiskController::HardDiskController(char const*)
                0x00000000c000e9f4                HardDiskController::HardDiskController(char const*)
                0x00000000c000ea2c                HardDiskController::~HardDiskController()
                0x00000000c000ea2c                HardDiskController::~HardDiskController()
                0x00000000c000ea50                HardDiskController::~HardDiskController()
 .text          0x00000000c000ea7a       0xe2 hal/diskphys.32
                0x00000000c000ea7a                PhysicalDisk::eject()
                0x00000000c000ea7e                PhysicalDisk::PhysicalDisk(char const*, int)
                0x00000000c000ea7e                PhysicalDisk::PhysicalDisk(char const*, int)
                0x00000000c000eae6                PhysicalDisk::startCache()
                0x00000000c000eb0e                PhysicalDisk::~PhysicalDisk()
                0x00000000c000eb0e                PhysicalDisk::~PhysicalDisk()
                0x00000000c000eb32                PhysicalDisk::~PhysicalDisk()
 .text          0x00000000c000eb5c      0x15f hal/fpu.32
                0x00000000c000eb5c                FPU::FPU(char const*)
                0x00000000c000eb5c                FPU::FPU(char const*)
                0x00000000c000eb94                FPU::~FPU()
                0x00000000c000eb94                FPU::~FPU()
                0x00000000c000ebb8                FPU::~FPU()
                0x00000000c000ebe2                setupFPU()
 *fill*         0x00000000c000ecbb        0x1 
 .text          0x00000000c000ecbc     0x12cf hal/intctrl.32
                0x00000000c000ecbc                InterruptController::uninstallISRHandler(int, void (*)(regs*, void*))
                0x00000000c000ecf4                InterruptController::installISRHandler(int, void (*)(regs*, void*), void*)
                0x00000000c000ed46                doubleFault(regs*, void*)
                0x00000000c000ed60                InterruptController::installIRQHandler(int, void (*)(regs*, void*), bool, void*)
                0x00000000c000edfc                InterruptController::clearAllHandlers(int, bool)
                0x00000000c000eea4                InterruptController::uninstallIRQHandler(int, void (*)(regs*, void*), bool)
                0x00000000c000ef2b                nmiHandler(regs*, void*)
                0x00000000c000ef39                int_handler
                0x00000000c000efda                InterruptController::InterruptController(char const*)
                0x00000000c000efda                InterruptController::InterruptController(char const*)
                0x00000000c000f080                InterruptController::~InterruptController()
                0x00000000c000f080                InterruptController::~InterruptController()
                0x00000000c000f0a4                InterruptController::~InterruptController()
                0x00000000c000f0ce                displayDebugInfo(regs*)
                0x00000000c000f55d                x87EmulHandler(regs*, void*)
                0x00000000c000f6a6                gpFault(regs*, void*)
                0x00000000c000f6df                pgFault(regs*, void*)
                0x00000000c000f72e                otherISRHandler(regs*, void*)
                0x00000000c000f74d                opcodeFault(regs*, void*)
                0x00000000c000fb27                displayProgramFault(char const*)
                0x00000000c000fb4f                setupInterruptController()
                0x00000000c000ff3e                InterruptController::convertLegacyIRQNumber(int)
 *fill*         0x00000000c000ff8b        0x1 
 .text          0x00000000c000ff8c      0x778 hal/keybrd.32
                0x00000000c000ff8c                startGUI(void*)
                0x00000000c000fff8                startGUIVESA(void*)
                0x00000000c0010064                sendKeyToTerminal(unsigned char)
                0x00000000c0010122                sendKeyboardToken(KeyboardToken)
                0x00000000c0010554                clearInternalKeybuffer(VgaText*)
                0x00000000c0010589                readKeyboard(VgaText*, char*, unsigned long)
                0x00000000c001067a                Keyboard::Keyboard(char const*)
                0x00000000c001067a                Keyboard::Keyboard(char const*)
                0x00000000c00106b6                Keyboard::~Keyboard()
                0x00000000c00106b6                Keyboard::~Keyboard()
                0x00000000c00106da                Keyboard::~Keyboard()
 .text          0x00000000c0010704      0x42a hal/logidisk.32
                0x00000000c0010704                LogicalDisk::close(int, int, void*)
                0x00000000c0010708                LogicalDisk::~LogicalDisk()
                0x00000000c0010708                LogicalDisk::~LogicalDisk()
                0x00000000c001072c                LogicalDisk::~LogicalDisk()
                0x00000000c0010756                LogicalDisk::open(int, int, void*)
                0x00000000c001076a                LogicalDisk::absoluteToRelative(unsigned long long)
                0x00000000c00107a2                LogicalDisk::relativeToAbsolute(unsigned long long)
                0x00000000c00107e8                LogicalDisk::LogicalDisk(char const*, PhysicalDisk*, unsigned long long, unsigned long long)
                0x00000000c00107e8                LogicalDisk::LogicalDisk(char const*, PhysicalDisk*, unsigned long long, unsigned long long)
                0x00000000c001089e                LogicalDisk::assignDriveLetter()
                0x00000000c0010954                LogicalDisk::mount()
                0x00000000c00109dc                LogicalDisk::unmount()
                0x00000000c00109ec                LogicalDisk::eject()
                0x00000000c0010a00                LogicalDisk::unassignDriveLetter()
                0x00000000c0010a56                LogicalDisk::read(unsigned long long, int, void*)
                0x00000000c0010ac2                LogicalDisk::write(unsigned long long, int, void*)
 *fill*         0x00000000c0010b2e        0x2 
 .text          0x00000000c0010b30       0x86 hal/mouse.32
                0x00000000c0010b30                Mouse::Mouse(char const*)
                0x00000000c0010b30                Mouse::Mouse(char const*)
                0x00000000c0010b68                Mouse::~Mouse()
                0x00000000c0010b68                Mouse::~Mouse()
                0x00000000c0010b8c                Mouse::~Mouse()
 .text          0x00000000c0010bb6      0x339 hal/partition.32
                0x00000000c0010bb6                makePartition(PhysicalDisk*, unsigned long long, unsigned long long)
                0x00000000c0010c5e                createPartitionsForDisk(PhysicalDisk*)
 *fill*         0x00000000c0010eef        0x1 
 .text          0x00000000c0010ef0       0x86 hal/serial.32
                0x00000000c0010ef0                Serial::Serial(char const*)
                0x00000000c0010ef0                Serial::Serial(char const*)
                0x00000000c0010f28                Serial::~Serial()
                0x00000000c0010f28                Serial::~Serial()
                0x00000000c0010f4c                Serial::~Serial()
 *fill*         0x00000000c0010f76        0x2 
 .text          0x00000000c0010f78      0x2f2 hal/timer.32
                0x00000000c0010f78                Timer::Timer(char const*)
                0x00000000c0010f78                Timer::Timer(char const*)
                0x00000000c0010fb0                Timer::~Timer()
                0x00000000c0010fb0                Timer::~Timer()
                0x00000000c0010fd4                Timer::~Timer()
                0x00000000c0010ffe                Timer::read()
                0x00000000c0011009                timerHandler(unsigned int)
                0x00000000c0011170                setupTimer(int)
 *fill*         0x00000000c001126a        0x2 
 .text          0x00000000c001126c      0x43e hal/vcache.32
                0x00000000c001126c                VCache::VCache(PhysicalDisk*)
                0x00000000c001126c                VCache::VCache(PhysicalDisk*)
                0x00000000c00113d4                VCache::invalidateReadBuffer()
                0x00000000c00113e4                VCache::writeWriteBuffer()
                0x00000000c0011430                VCache::~VCache()
                0x00000000c0011430                VCache::~VCache()
                0x00000000c0011484                VCache::~VCache()
                0x00000000c00114ac                VCache::write(unsigned long long, int, void*)
                0x00000000c00115a6                VCache::read(unsigned long long, int, void*)
 .text          0x00000000c00116aa      0x4b3 hal/video.32
                0x00000000c00116aa                Video::putrect(int, int, int, int, unsigned int)
                0x00000000c00116f6                Video::bitblit(int, int, int, int, int, int, int, unsigned int*)
                0x00000000c0011766                Video::blit(unsigned int*, int, int, int, int)
                0x00000000c00117e4                Video::clearScreen(unsigned int)
                0x00000000c0011818                Video::putpixel(int, int, unsigned int)
                0x00000000c0011826                Video::Video(char const*)
                0x00000000c0011826                Video::Video(char const*)
                0x00000000c001185c                Video::~Video()
                0x00000000c001185c                Video::~Video()
                0x00000000c0011880                Video::~Video()
                0x00000000c00118aa                Video::isMonochrome()
                0x00000000c00118b6                Video::getWidth()
                0x00000000c00118c2                Video::getHeight()
                0x00000000c00118ce                Video::drawCursor(int, int, unsigned char*, int)
                0x00000000c001198a                Video::tgaParse(unsigned char*, int, int*, int*)
                0x00000000c0011af2                Video::putTGA(int, int, unsigned char*, int)
 *fill*         0x00000000c0011b5d        0x3 
 .text          0x00000000c0011b60     0x1707 hw/acpi.32
                0x00000000c0011b60                ACPI::close(int, int, void*)
                0x00000000c0011c14                findRSDP()
                0x00000000c0011ce8                loadACPITables(unsigned char*)
                0x00000000c0011f4c                findRSDT(unsigned char*)
                0x00000000c001210c                findDataTable(unsigned char*, char*)
                0x00000000c0012184                scanMADT()
                0x00000000c0012660                ACPI::ACPI()
                0x00000000c0012660                ACPI::ACPI()
                0x00000000c00126c4                ACPI::getPCIIRQAssignment(unsigned char, unsigned short, unsigned char)
                0x00000000c00127ac                ACPI::registerPCIIRQAssignment(void*, unsigned short, unsigned char, unsigned char)
                0x00000000c0012874                ACPI::setScreenBrightnessLevel(void*, int)
                0x00000000c001287c                ACPI::detectPCI()
                0x00000000c0012d60                ACPI::writeSimpleBootFlag(SimpleBootFlagTable*)
                0x00000000c0012da8                ACPI::sleep()
                0x00000000c0012de4                ACPI::open(int, int, void*)
 *fill*         0x00000000c0013267        0x1 
 .text          0x00000000c0013268     0x1861 hw/cpu.32
                0x00000000c0013268                CPU::close(int, int, void*)
                0x00000000c001326c                CPU::lookupAMDName(unsigned char, unsigned char)
                0x00000000c0013400                CPU::lookupIntelName(unsigned char, unsigned char)
                0x00000000c00136ae                CPU::AMD_K6_write_msr(unsigned int, unsigned int, unsigned int, CPU::REGS*)
                0x00000000c00136ca                CPU::AMD_K6_read_msr(unsigned int, CPU::REGS*)
                0x00000000c00136e2                CPU::AMD_K6_writeback(int, int, int)
                0x00000000c0013756                CPU::cpuid(int, unsigned long*, unsigned long*, unsigned long*, unsigned long*)
                0x00000000c00137da                CPU::cpuidCheckEDX(unsigned int)
                0x00000000c0013808                CPU::cpuidCheckECX(unsigned int)
                0x00000000c0013836                CPU::cpuidCheckExtendedEBX(unsigned int)
                0x00000000c0013864                CPU::cpuidCheckExtendedECX(unsigned int)
                0x00000000c0013892                CPU::CPU()
                0x00000000c0013892                CPU::CPU()
                0x00000000c0013920                CPU::displayFeatures()
                0x00000000c0013bc0                CPU::detectFeatures()
                0x00000000c00145ea                CPU::setupSMEP()
                0x00000000c00145f6                CPU::setupUMIP()
                0x00000000c0014600                CPU::setupTSC()
                0x00000000c001460a                CPU::setupLargePages()
                0x00000000c0014614                CPU::setupPAT()
                0x00000000c0014650                CPU::setupMTRR()
                0x00000000c0014652                CPU::setupGlobalPages()
                0x00000000c001465c                CPU::allowUsermodeDataAccess()
                0x00000000c001466e                CPU::prohibitUsermodeDataAccess()
                0x00000000c0014680                CPU::setupSMAP()
                0x00000000c001468e                CPU::setupFeatures()
                0x00000000c001475a                CPU::open(int, int, void*)
                0x00000000c00148ce                CPU::decodeAddress(regs*, int*, bool*, unsigned char*)
 .text          0x00000000c0014ac9        0x0 hw/ports.32
 .text          0x00000000c0014ac9      0x16a hw/smp.32
                0x00000000c0014ac9                Krnl::smpEntry()
                0x00000000c0014acb                Krnl::startCPU(int)
                0x00000000c0014c14                Krnl::startCPUs()
 *fill*         0x00000000c0014c33        0x1 
 .text          0x00000000c0014c34      0x581 krnl/env.32
                0x00000000c0014c34                EnvVarContainer::getEnv(char const*)
                0x00000000c0014c72                EnvVarContainer::setEnv(char const*, char const*)
                0x00000000c0014d34                EnvVarContainer::deleteEnv(char const*)
                0x00000000c0014d36                EnvVarContainer::loadFrom(char const*, char const*)
                0x00000000c0014f1c                EnvVarContainer::__loadSystem()
                0x00000000c0014f36                EnvVarContainer::__loadUser()
                0x00000000c0014f38                EnvVarContainer::EnvVarContainer(Process*)
                0x00000000c0014f38                EnvVarContainer::EnvVarContainer(Process*)
                0x00000000c0014f5a                EnvVarContainer::~EnvVarContainer()
                0x00000000c0014f5a                EnvVarContainer::~EnvVarContainer()
                0x00000000c0014f8a                Krnl::getEnv(Process*, char const*)
                0x00000000c0014fef                Krnl::setEnvSystem(char const*, char const*)
                0x00000000c0015009                Krnl::setEnvUser(char const*, char const*)
                0x00000000c0015028                Krnl::setEnvProcess(Process*, char const*, char const*)
                0x00000000c001503b                Krnl::deleteEnvSystem(char const*)
                0x00000000c001503c                Krnl::deleteEnvUser(char const*)
                0x00000000c001503d                Krnl::deleteEnvProcess(Process*, char const*)
                0x00000000c001503e                Krnl::newProcessEnv(Process*)
                0x00000000c0015060                Krnl::copyProcessEnv(Process*, Process*)
                0x00000000c00150ac                Krnl::loadSystemEnv()
                0x00000000c00150da                Krnl::loadUserEnv()
                0x00000000c0015100                Krnl::flushEnv()
                0x00000000c0015101                Krnl::getProcessTotalEnvCount(Process*)
                0x00000000c0015121                Krnl::getProcessEnvPair(Process*, int)
 .text          0x00000000c00151b5      0x25c krnl/panic.32
                0x00000000c00151b5                Krnl::panic(char const*)
 .text          0x00000000c0015411      0x194 krnl/powctrl.32
                0x00000000c0015411                Krnl::powerThread(void*)
                0x00000000c0015491                Krnl::changePowerSettings(Krnl::PowerSettings)
                0x00000000c00154a7                Krnl::userIOReceived()
                0x00000000c00154b2                Krnl::handlePowerButton()
                0x00000000c00154e7                Krnl::handleSleepButton()
                0x00000000c001551c                Krnl::setupPowerManager()
 .text          0x00000000c00155a5      0x13a krnl/rand.32
                0x00000000c00155a5                Krnl::initRNG()
                0x00000000c001567e                Krnl::rand()
 *fill*         0x00000000c00156df        0x1 
 .text          0x00000000c00156e0      0x5a0 net/ethernet.32
                0x00000000c00156e0                Net::switchEndian16(unsigned short)
                0x00000000c0015704                Net::switchEndian32(unsigned int)
                0x00000000c0015734                Net::crc32Calc(unsigned char*, int)
                0x00000000c00157d8                Net::wrapEthernetFrame(Net::UnwrappedEthernetFrame, unsigned char*)
                0x00000000c00159f4                Net::unwrapEthernetFrame(unsigned char*, int)
 .text          0x00000000c0015c80      0x50e reg/registry.32
                0x00000000c0015c80                Reg::findLineFromLoadedData(char*, char*, char*)
                0x00000000c0015dd8                Reg::getLineFromRegistry(char*, char*, char*, char*)
                0x00000000c0015f2d                Reg::getLine(char*, char*, char*)
                0x00000000c0015f64                Reg::readInt(char*, char*, int*)
                0x00000000c001604f                Reg::readString(char*, char*, char*, int)
                0x00000000c00160d0                Reg::readBool(char*, char*, bool*)
                0x00000000c00160f5                Reg::readBoolWithDefault(char*, char*, bool)
                0x00000000c0016121                Reg::readIntWithDefault(char*, char*, int)
                0x00000000c001614d                Reg::readStringWithDefault(char*, char*, char*, int, char*)
 .text          0x00000000c001618e       0x36 sys/sc_eject.32
                0x00000000c001618e                Sys::eject(regs*)
 .text          0x00000000c00161c4       0x18 sys/sc_exit.32
                0x00000000c00161c4                Sys::exit(regs*)
 .text          0x00000000c00161dc       0x1f sys/sc_getcwd.32
                0x00000000c00161dc                Sys::getCwd(regs*)
 .text          0x00000000c00161fb        0xc sys/sc_getpid.32
                0x00000000c00161fb                Sys::getPID(regs*)
 .text          0x00000000c0016207       0x1a sys/sc_getramdata.32
                0x00000000c0016207                Sys::getRAMData(regs*)
 .text          0x00000000c0016221       0x84 sys/sc_getvgaptr.32
                0x00000000c0016221                Sys::getVGAPtr(regs*)
 .text          0x00000000c00162a5       0xa8 sys/sc_loaddll.32
                0x00000000c00162a5                Sys::loadDLL(regs*)
 .text          0x00000000c001634d       0x68 sys/sc_read.32
                0x00000000c001634d                Sys::read(regs*)
 .text          0x00000000c00163b5       0x55 sys/sc_sbrk.32
                0x00000000c00163b5                Sys::sbrk(regs*)
 .text          0x00000000c001640a       0x1c sys/sc_setcwd.32
                0x00000000c001640a                Sys::setCwd(regs*)
 .text          0x00000000c0016426       0x95 sys/sc_settime.32
                0x00000000c0016426                Sys::setTime(regs*)
 .text          0x00000000c00164bb       0x4a sys/sc_timezone.32
                0x00000000c00164bb                Sys::timezone(regs*)
 .text          0x00000000c0016505       0x68 sys/sc_write.32
                0x00000000c0016505                Sys::write(regs*)
 .text          0x00000000c001656d       0x62 sys/sc_wsbe.32
                0x00000000c001656d                Sys::wsbe(regs*)
 .text          0x00000000c00165cf       0x38 sys/sc_yield.32
                0x00000000c00165cf                Sys::yield(regs*)
 .text          0x00000000c0016607      0xf8e sys/syscalls.32
                0x00000000c0016607                sysCallSeekDir(regs*)
                0x00000000c001660c                sysCallTellDir(regs*)
                0x00000000c0016611                sysCallVerify(regs*)
                0x00000000c001661b                sysCallGetArgc(regs*)
                0x00000000c001662b                sysFormatDisk(regs*)
                0x00000000c0016695                sysSetDiskVolumeLabel(regs*)
                0x00000000c00166df                sysGetDiskVolumeLabel(regs*)
                0x00000000c0016734                sysShutdown(regs*)
                0x00000000c0016792                sysCallRealpath(regs*)
                0x00000000c00167d5                sysCallReadDir(regs*)
                0x00000000c0016854                sysCallIsATTY(regs*)
                0x00000000c00168ae                sysCallSeek(regs*)
                0x00000000c0016905                sysCallTell(regs*)
                0x00000000c0016971                sysCallSize(regs*)
                0x00000000c00169e3                sysCallSizeFromFilename(regs*)
                0x00000000c0016a92                sysCallClose(regs*)
                0x00000000c0016af2                sysCallOpenDir(regs*)
                0x00000000c0016b67                sysCallCloseDir(regs*)
                0x00000000c0016bbb                sysCallMakeDir(regs*)
                0x00000000c0016c2b                sysCallWait(regs*)
                0x00000000c0016c45                sysCallNotImpl(regs*)
                0x00000000c0016c60                sysPanic(regs*)
                0x00000000c0016c7a                sysCallRmdir(regs*)
                0x00000000c0016cde                sysCallUnlink(regs*)
                0x00000000c0016d42                sysCallGetArgv(regs*)
                0x00000000c0016d8e                sysCallTTYName(regs*)
                0x00000000c0016e11                sysCallUSleep(regs*)
                0x00000000c0016e3a                sysCallSpawn(regs*)
                0x00000000c0016ea2                sysCallGetEnv(regs*)
                0x00000000c0016f4f                sysAppSettings(regs*)
                0x00000000c0017063                sysSetFatAttrib(regs*)
                0x00000000c00170d5                sysPipe(regs*)
                0x00000000c001711a                sysGetUnixTime(regs*)
                0x00000000c001712e                string_ends_with(char const*, char const*)
                0x00000000c0017176                sysCallOpen(regs*)
                0x00000000c001735e                Sys::loadSyscalls()
                0x00000000c0017553                Sys::systemCall(regs*, void*)
 .text          0x00000000c0017595     0x1203 thr/elf.32
                0x00000000c0017595                Thr::allocateMemoryForTask(Process*, File*, unsigned long, unsigned long, unsigned long)
                0x00000000c001783f                Thr::loadProgramIntoMemory(Process*, char const*)
                0x00000000c0017a55                Thr::runtimeReferenceHelper()
                0x00000000c0017a68                Thr::getAddressOfKernelSymbol(char const*)
                0x00000000c0017ab7                Thr::loadKernelSymbolTable(char const*)
                0x00000000c0017d75                Thr::loadDriverIntoMemory(char const*, unsigned long, bool)
                0x00000000c00184ab                Thr::getDriverBaseFromAddress(unsigned long)
                0x00000000c00184dd                Thr::getDriverNameFromAddress(unsigned long)
                0x00000000c0018514                Thr::getDriverOffsetFromAddress(unsigned long)
                0x00000000c001852e                Thr::loadDLL(char const*, bool)
                0x00000000c001875f                Thr::executeDLL(unsigned long, void*)
 .text          0x00000000c0018798     0x12a9 thr/prcssthr.32
                0x00000000c0018798                userModeEntryPoint(void*)
                0x00000000c00187c0                changeTSS
                0x00000000c00187f0                switchToThread(ThreadControlBlock*)
                0x00000000c00188a4                Process::addArgs(char**)
                0x00000000c0018904                Process::Process(char const*, Process*, char**)
                0x00000000c0018904                Process::Process(char const*, Process*, char**)
                0x00000000c0018af0                Process::Process(bool, char const*, Process*, char**)
                0x00000000c0018af0                Process::Process(bool, char const*, Process*, char**)
                0x00000000c0018ca8                taskStartupFunction
                0x00000000c0018cb4                Semaphore::Semaphore(int)
                0x00000000c0018cb4                Semaphore::Semaphore(int)
                0x00000000c0018ce4                Mutex::Mutex()
                0x00000000c0018ce4                Mutex::Mutex()
                0x00000000c0018cf8                Process::createThread(void (*)(void*), void*, int)
                0x00000000c0018df0                Process::createUserThread()
                0x00000000c0018e0c                setupMultitasking(void (*)())
                0x00000000c0018f14                schedule()
                0x00000000c0018fa0                Semaphore::tryAcquire()
                0x00000000c001906c                Semaphore::assertLocked(char const*)
                0x00000000c00190e4                blockTaskWithSchedulerLockAlreadyHeld(TaskState)
                0x00000000c001910c                blockTask(TaskState)
                0x00000000c001913c                waitTask(int, int*, int)
                0x00000000c0019180                milliTenthSleepUntil(unsigned int)
                0x00000000c001920c                milliTenthSleep(unsigned int)
                0x00000000c001921c                sleep(unsigned int)
                0x00000000c0019238                Semaphore::acquire()
                0x00000000c00192f4                taskReturned
                0x00000000c0019330                Thr::processFromPID(int)
                0x00000000c00193d0                unblockTask(ThreadControlBlock*)
                0x00000000c0019474                cleanupTerminatedTask(ThreadControlBlock*)
                0x00000000c001973c                cleanerTaskFunction(void*)
                0x00000000c001982c                terminateTask(int)
                0x00000000c00198f8                Thr::terminateFromIRQ(int)
                0x00000000c0019904                Semaphore::release()
 .text          0x00000000c0019a41      0xb93 vm86/vm8086.32
                0x00000000c0019a41                Vm::inbv(unsigned short)
                0x00000000c0019a54                Vm::outbv(unsigned short, unsigned char)
                0x00000000c0019a8a                Vm::realToLinear(unsigned short, unsigned short)
                0x00000000c0019a9a                Vm::getSegment(unsigned int)
                0x00000000c0019aa2                Vm::getOffset(unsigned int)
                0x00000000c0019aa7                Vm::mainloop2()
                0x00000000c0019ae1                Vm::mainVm8086Loop(void*)
                0x00000000c0019af1                Vm::mainloop3(unsigned long)
                0x00000000c0019b17                Vm::initialise8086()
                0x00000000c0019b5a                Vm::finish8086()
                0x00000000c0019bbb                Vm::getOutput8086(unsigned char*)
                0x00000000c0019be0                Vm::start8086FromBuffer(unsigned char*, int, unsigned short, unsigned short, unsigned short, unsigned short)
                0x00000000c0019c99                Vm::start8086(char const*, unsigned short, unsigned short, unsigned short, unsigned short)
                0x00000000c0019e01                Vm::doISR(regs*, int, unsigned char*, unsigned short, unsigned short)
                0x00000000c0019e8b                Vm::readByteFromReal(unsigned short, unsigned short)
                0x00000000c0019e9c                Vm::readWordFromReal(unsigned short, unsigned short)
                0x00000000c0019eae                Vm::readDwordFromReal(unsigned short, unsigned short)
                0x00000000c0019ebf                Vm::writeByteFromReal(unsigned short, unsigned short, unsigned char)
                0x00000000c0019ed4                Vm::writeWordFromReal(unsigned short, unsigned short, unsigned short)
                0x00000000c0019eea                Vm::writeDwordFromReal(unsigned short, unsigned short, unsigned int)
                0x00000000c0019eff                Vm::faultHandler(regs*)
 .text          0x00000000c001a5d4      0xfcd vm86/x87em.32
                0x00000000c001a5d4                Vm::fpuInternalTo32(unsigned long long)
                0x00000000c001a632                Vm::fpuInternalTo64(unsigned long long)
                0x00000000c001a63b                Vm::fpu32ToInternal(unsigned int)
                0x00000000c001a680                Vm::fpu64ToInternal(unsigned long long)
                0x00000000c001a689                Vm::fpuFloatToLong(unsigned long long)
                0x00000000c001a6e8                Vm::fpuULongToFloat(unsigned long long)
                0x00000000c001a724                Vm::fpuLongToFloat(long long)
                0x00000000c001a783                Vm::fpuGet0()
                0x00000000c001a788                Vm::fpuGet1()
                0x00000000c001a790                Vm::fpuGetPi()
                0x00000000c001a798                Vm::fpuGetLog2E()
                0x00000000c001a7b0                Vm::fpuGetLogE2()
                0x00000000c001a7c8                Vm::fpuGetLog210()
                0x00000000c001a7e0                Vm::fpuGetLog102()
                0x00000000c001a7f8                Vm::fpuIsSecondLarger(unsigned long long, unsigned long long)
                0x00000000c001a80c                Vm::fpuAreEqual(unsigned long long, unsigned long long)
                0x00000000c001a822                Vm::fpuUnorderedCompare(unsigned long long, unsigned long long)
                0x00000000c001a878                Vm::fpuAdd(unsigned long long, unsigned long long)
                0x00000000c001a889                Vm::fpuAbs(unsigned long long)
                0x00000000c001a892                Vm::fpuChs(unsigned long long)
                0x00000000c001a8a2                Vm::fpuSub(unsigned long long, unsigned long long)
                0x00000000c001a8b1                Vm::fpuMultiply(unsigned long long, unsigned long long)
                0x00000000c001a8d0                Vm::fpuDivide(unsigned long long, unsigned long long)
                0x00000000c001a8ec                Vm::fpuSquare(unsigned long long)
                0x00000000c001a902                Vm::fpuGetReg(int)
                0x00000000c001a945                Vm::fpuSetReg(int, unsigned long long)
                0x00000000c001a991                Vm::fpuPush(unsigned long long)
                0x00000000c001a9ef                Vm::fpuPop()
                0x00000000c001aa42                Vm::x87Handler(regs*)
 *fill*         0x00000000c001b5a1        0x3 
 .text          0x00000000c001b5a4     0x13b7 fs/fat/vfslink.32
                0x00000000c001b5a4                FAT::getName()
                0x00000000c001b5ac                FAT::tell(void*, unsigned long long*)
                0x00000000c001b5e8                FAT::stat(void*, unsigned long long*)
                0x00000000c001b624                FAT::~FAT()
                0x00000000c001b624                FAT::~FAT()
                0x00000000c001b648                FAT::~FAT()
                0x00000000c001b670                FAT::getlabel(LogicalDisk*, int, char*, unsigned int*)
                0x00000000c001b714                FAT::setlabel(LogicalDisk*, int, char*)
                0x00000000c001b7d8                FAT::format(LogicalDisk*, int, char const*, int)
                0x00000000c001b9ac                FAT::tryMount(LogicalDisk*, int)
                0x00000000c001bbc4                FAT::allocateSwapfile(char const*, int)
                0x00000000c001bd80                FAT::readDir(void*, unsigned long, void*, int*)
                0x00000000c001beec                FAT::read(void*, unsigned long, void*, int*)
                0x00000000c001bf4c                FAT::write(void*, unsigned long, void*, int*)
                0x00000000c001bfac                FAT::close(void*)
                0x00000000c001c000                FAT::closeDir(void*)
                0x00000000c001c054                FAT::seek(void*, unsigned long long)
                0x00000000c001c0b0                fatWrapperReadDisk
                0x00000000c001c0f8                fatWrapperWriteDisk
                0x00000000c001c140                fatWrapperIoctl
                0x00000000c001c250                FAT::FAT()
                0x00000000c001c250                FAT::FAT()
                0x00000000c001c2a4                FAT::fixFilepath(char*)
                0x00000000c001c2e0                FAT::open(char const*, void**, FileOpenMode)
                0x00000000c001c414                FAT::openDir(char const*, void**)
                0x00000000c001c4c4                FAT::stat(char const*, unsigned long long*, bool*)
                0x00000000c001c5b8                FAT::unlink(char const*)
                0x00000000c001c638                FAT::chfatattr(char const*, unsigned char, unsigned char)
                0x00000000c001c7a0                FAT::rename(char const*, char const*)
                0x00000000c001c86c                FAT::mkdir(char const*)
                0x00000000c001c8ec                FAT::exists(char const*)
 *fill*         0x00000000c001c95b        0x1 
 .text          0x00000000c001c95c      0xba7 fs/iso9660/vfslink.32
                0x00000000c001c95c                ISO9660::format(LogicalDisk*, int, char const*, int)
                0x00000000c001c962                ISO9660::seek(void*, unsigned long long)
                0x00000000c001c992                ISO9660::tell(void*, unsigned long long*)
                0x00000000c001c9b6                ISO9660::getName()
                0x00000000c001c9bc                ISO9660::stat(void*, unsigned long long*)
                0x00000000c001c9e0                ISO9660::chfatattr(char const*, unsigned char, unsigned char)
                0x00000000c001c9e6                ISO9660::unlink(char const*)
                0x00000000c001c9ec                ISO9660::write(void*, unsigned long, void*, int*)
                0x00000000c001c9f2                ISO9660::rename(char const*, char const*)
                0x00000000c001c9f8                ISO9660::mkdir(char const*)
                0x00000000c001c9fe                ISO9660::close(void*)
                0x00000000c001ca20                ISO9660::closeDir(void*)
                0x00000000c001ca42                ISO9660::~ISO9660()
                0x00000000c001ca42                ISO9660::~ISO9660()
                0x00000000c001ca66                ISO9660::~ISO9660()
                0x00000000c001ca8d                __memmem(unsigned char*, int, unsigned char*, int)
                0x00000000c001cacf                readSectorFromCDROM(unsigned int, unsigned char*, char)
                0x00000000c001cb4a                ISO9660::tryMount(LogicalDisk*, int)
                0x00000000c001cbaa                ISO9660::read(void*, unsigned long, void*, int*)
                0x00000000c001cdae                ISO9660::readDir(void*, unsigned long, void*, int*)
                0x00000000c001d028                readRoot(unsigned int*, unsigned int*, char)
                0x00000000c001d07c                readRecursively(char*, unsigned int, unsigned int, unsigned int*, unsigned int*, char, int*)
                0x00000000c001d252                getFileData(char*, unsigned int*, unsigned int*, char, int*)
                0x00000000c001d2e0                ISO9660::open(char const*, void**, FileOpenMode)
                0x00000000c001d38e                ISO9660::exists(char const*)
                0x00000000c001d3b2                ISO9660::stat(char const*, unsigned long long*, bool*)
                0x00000000c001d446                ISO9660::openDir(char const*, void**)
                0x00000000c001d4e0                ISO9660::ISO9660()
                0x00000000c001d4e0                ISO9660::ISO9660()
 *fill*         0x00000000c001d503        0x1 
 .text          0x00000000c001d504      0x298 hal/sound/sndcard.32
                0x00000000c001d504                SoundCard::beginPlayback()
                0x00000000c001d512                SoundCard::stopPlayback()
                0x00000000c001d520                SoundCard::SoundCard(char const*)
                0x00000000c001d520                SoundCard::SoundCard(char const*)
                0x00000000c001d5be                SoundCard::~SoundCard()
                0x00000000c001d5be                SoundCard::~SoundCard()
                0x00000000c001d5e2                SoundCard::~SoundCard()
                0x00000000c001d60c                SoundCard::configureRates(int, int, int)
                0x00000000c001d63c                SoundCard::getSamples16(int, short*)
                0x00000000c001d6a6                SoundCard::getSamples32(int, int*)
                0x00000000c001d72c                SoundCard::addChannel(SoundPort*)
                0x00000000c001d788                SoundCard::removeChannel(int)
 .text          0x00000000c001d79c      0x3fb hal/sound/sndport.32
                0x00000000c001d79c                SoundPort::SoundPort(int, int, int, int)
                0x00000000c001d79c                SoundPort::SoundPort(int, int, int, int)
                0x00000000c001d828                SoundPort::~SoundPort()
                0x00000000c001d828                SoundPort::~SoundPort()
                0x00000000c001d85c                SoundPort::unpause()
                0x00000000c001d868                SoundPort::pause()
                0x00000000c001d874                SoundPort::getBufferUsed()
                0x00000000c001d87c                SoundPort::getBufferSize()
                0x00000000c001d884                SoundPort::buffer16(short*, int)
                0x00000000c001d938                SoundPort::buffer32(int*, int)
                0x00000000c001d9e4                SoundPort::unbufferAndAdd16(int, short*, SoundCard*)
                0x00000000c001dae0                SoundPort::unbufferAndAdd32(int, int*, SoundCard*)
 .text          0x00000000c001db97        0x0 hw/bus/isa.32
 *fill*         0x00000000c001db97        0x1 
 .text          0x00000000c001db98     0x1187 hw/bus/pci.32
                0x00000000c001db98                PCI::open(int, int, void*)
                0x00000000c001dbb6                PCI::close(int, int, void*)
                0x00000000c001dbba                PCI::PCI()
                0x00000000c001dbba                PCI::PCI()
                0x00000000c001dc50                PCI::readBAR8(unsigned int, int)
                0x00000000c001dc6c                PCI::readBAR16(unsigned int, int)
                0x00000000c001dc8a                PCI::readBAR32(unsigned int, int)
                0x00000000c001dca6                PCI::writeBAR8(unsigned int, unsigned char, int)
                0x00000000c001dcc6                PCI::writeBAR16(unsigned int, unsigned short, int)
                0x00000000c001dce8                PCI::writeBAR32(unsigned int, unsigned int, int)
                0x00000000c001dd08                PCI::legacyMechanism(unsigned char, unsigned char, unsigned char, unsigned char)
                0x00000000c001dd76                PCI::pciReadWord(unsigned char, unsigned char, unsigned char, unsigned char)
                0x00000000c001de1e                PCI::getVendorID(unsigned char, unsigned char, unsigned char)
                0x00000000c001de42                PCI::getHeaderType(unsigned char, unsigned char, unsigned char)
                0x00000000c001de6a                PCI::getClassCode(unsigned char, unsigned char, unsigned char)
                0x00000000c001deb4                PCI::getProgIF(unsigned char, unsigned char, unsigned char)
                0x00000000c001dedc                PCI::getRevisionID(unsigned char, unsigned char, unsigned char)
                0x00000000c001df00                PCI::getInterruptNumber(unsigned char, unsigned char, unsigned char)
                0x00000000c001df24                PCI::getSecondaryBus(unsigned char, unsigned char, unsigned char)
                0x00000000c001df4c                PCI::getBARAddress(unsigned char, unsigned char, unsigned char, unsigned char)
                0x00000000c001dfb0                PCI::pciWriteWord(unsigned char, unsigned char, unsigned char, unsigned char, unsigned short)
                0x00000000c001e098                PCI::pciDetailsToFilepath(PCIDeviceInfo, char*)
                0x00000000c001e48a                PCI::checkBus(unsigned char)
                0x00000000c001e4ae                PCI::foundDevice(PCIDeviceInfo)
                0x00000000c001e8ee                PCI::getDeviceData(unsigned char, unsigned char, unsigned char)
                0x00000000c001ec60                PCI::checkDevice(unsigned char, unsigned char)
                0x00000000c001eccc                PCI::detect()
 *fill*         0x00000000c001ed1f        0x1 
 .text          0x00000000c001ed20      0xb66 hw/diskctrl/ide.32
                0x00000000c001ed20                IDE::close(int, int, void*)
                0x00000000c001ed24                IDE::IDE()
                0x00000000c001ed24                IDE::IDE()
                0x00000000c001ed58                IDE::prepareInterrupt(unsigned char)
                0x00000000c001ed6a                selectDrive(unsigned char, unsigned char)
                0x00000000c001ed6c                IDE::getBase(unsigned char)
                0x00000000c001ed7e                IDE::write(unsigned char, unsigned char, unsigned char)
                0x00000000c001ee3e                IDE::read(unsigned char, unsigned char)
                0x00000000c001eeec                IDE::waitInterrupt(unsigned char)
                0x00000000c001ef4e                ideChannel0IRQHandler(regs*, void*)
                0x00000000c001ef6a                ideChannel1IRQHandler(regs*, void*)
                0x00000000c001ef86                IDE::enableIRQs(unsigned char, bool)
                0x00000000c001efcc                IDE::open(int, int, void*)
                0x00000000c001f3f6                IDE::readBuffer(unsigned char, unsigned char, unsigned int, unsigned int)
                0x00000000c001f4c2                IDE::detect()
                0x00000000c001f782                IDE::printError(unsigned char, unsigned char, unsigned char)
                0x00000000c001f832                IDE::polling(unsigned char, unsigned int)
 .text          0x00000000c001f886      0x46c hw/diskctrl/satabus.32
                0x00000000c001f886                SATABus::close(int, int, void*)
                0x00000000c001f88a                SATABus::detect()
                0x00000000c001f88c                SATABus::SATABus()
                0x00000000c001f88c                SATABus::SATABus()
                0x00000000c001f912                SATABus::findCmdslot(SATABus::tagHBA_PORT volatile*)
                0x00000000c001f944                SATABus::checkType(SATABus::tagHBA_PORT volatile*)
                0x00000000c001f98c                SATABus::startCmd(SATABus::tagHBA_PORT volatile*)
                0x00000000c001f9ac                SATABus::stopCmd(SATABus::tagHBA_PORT volatile*)
                0x00000000c001f9d6                SATABus::portRebase(SATABus::tagHBA_PORT volatile*, int)
                0x00000000c001fadc                SATABus::probePort(SATABus::tagHBA_MEM volatile*)
                0x00000000c001fcbe                SATABus::open(int, int, void*)
 .text          0x00000000c001fcf2      0x684 hw/diskphys/ata.32
                0x00000000c001fcf2                ATA::close(int, int, void*)
                0x00000000c001fd16                ATA::powerSaving(PowerSavingLevel)
                0x00000000c001fd18                ATA::ATA()
                0x00000000c001fd18                ATA::ATA()
                0x00000000c001fd46                ATA::flush(bool)
                0x00000000c001fd90                ATA::readyForCommand()
                0x00000000c001fddc                ATA::access(unsigned long long, int, void*, bool)
                0x00000000c00201d2                ATA::read(unsigned long long, int, void*)
                0x00000000c002021e                ATA::write(unsigned long long, int, void*)
                0x00000000c0020280                ATA::detectCHS()
                0x00000000c00202aa                ATA::open(int, int, void*)
 .text          0x00000000c0020376      0x645 hw/diskphys/atapi.32
                0x00000000c0020376                ATAPI::write(unsigned long long, int, void*)
                0x00000000c002037c                ATAPI::close(int, int, void*)
                0x00000000c00203a0                ATAPI::ATAPI()
                0x00000000c00203a0                ATAPI::ATAPI()
                0x00000000c00203ce                ATAPI::readyForCommand()
                0x00000000c0020420                ATAPI::sendPacket(unsigned char*, int, bool, unsigned short*, int)
                0x00000000c00206e0                ATAPI::diskRemoved()
                0x00000000c002073c                ATAPI::eject()
                0x00000000c0020784                ATAPI::diskInserted()
                0x00000000c00207a0                ATAPI::detectMedia()
                0x00000000c002085c                ATAPI::open(int, int, void*)
                0x00000000c002093c                ATAPI::read(unsigned long long, int, void*)
 *fill*         0x00000000c00209bb        0x1 
 .text          0x00000000c00209bc      0xa68 hw/diskphys/sata.32
                0x00000000c00209bc                SATA::close(int, int, void*)
                0x00000000c00209e0                SATA::powerSaving(PowerSavingLevel)
                0x00000000c00209e2                SATA::open(int, int, void*)
                0x00000000c0020bd8                SATA::SATA()
                0x00000000c0020bd8                SATA::SATA()
                0x00000000c0020c06                SATA::access(unsigned long long, int, void*, bool)
                0x00000000c00211fe                SATA::read(unsigned long long, int, void*)
                0x00000000c00212fe                SATA::write(unsigned long long, int, void*)
 .text          0x00000000c0021424      0x642 hw/diskphys/satapi.32
                0x00000000c0021424                SATAPI::write(unsigned long long, int, void*)
                0x00000000c002142a                SATAPI::close(int, int, void*)
                0x00000000c002144e                SATAPI::SATAPI()
                0x00000000c002144e                SATAPI::SATAPI()
                0x00000000c002147c                SATAPI::diskRemoved()
                0x00000000c002147e                SATAPI::diskInserted()
                0x00000000c002149a                SATAPI::sendPacket(unsigned char*, int, unsigned long long, unsigned short*, int)
                0x00000000c0021728                SATAPI::eject()
                0x00000000c0021764                SATAPI::detectMedia()
                0x00000000c002188e                SATAPI::open(int, int, void*)
                0x00000000c002198e                SATAPI::read(unsigned long long, int, void*)
 *fill*         0x00000000c0021a66        0x2 
 .text          0x00000000c0021a68       0x94 hw/fpu/avx.32
                0x00000000c0021a68                AVX::open(int, int, void*)
                0x00000000c0021a7c                AVX::close(int, int, void*)
                0x00000000c0021a90                AVX::available()
                0x00000000c0021aa4                AVX::save(void*)
                0x00000000c0021abc                AVX::load(void*)
                0x00000000c0021ad4                AVX::AVX()
                0x00000000c0021ad4                AVX::AVX()
 .text          0x00000000c0021afc       0x94 hw/fpu/mmx.32
                0x00000000c0021afc                MMX::available()
                0x00000000c0021b10                MMX::open(int, int, void*)
                0x00000000c0021b24                MMX::close(int, int, void*)
                0x00000000c0021b38                MMX::save(void*)
                0x00000000c0021b50                MMX::load(void*)
                0x00000000c0021b68                MMX::MMX()
                0x00000000c0021b68                MMX::MMX()
 .text          0x00000000c0021b90       0x9c hw/fpu/sse.32
                0x00000000c0021b90                SSE::open(int, int, void*)
                0x00000000c0021ba4                SSE::close(int, int, void*)
                0x00000000c0021bb8                SSE::available()
                0x00000000c0021bd4                SSE::save(void*)
                0x00000000c0021bec                SSE::load(void*)
                0x00000000c0021c04                SSE::SSE()
                0x00000000c0021c04                SSE::SSE()
 .text          0x00000000c0021c2c       0x8e hw/fpu/x87.32
                0x00000000c0021c2c                x87::open(int, int, void*)
                0x00000000c0021c3e                x87::close(int, int, void*)
                0x00000000c0021c50                x87::available()
                0x00000000c0021c62                x87::save(void*)
                0x00000000c0021c7a                x87::load(void*)
                0x00000000c0021c92                x87::x87()
                0x00000000c0021c92                x87::x87()
 .text          0x00000000c0021cba      0x71e hw/intctrl/apic.32
                0x00000000c0021cba                APIC::disable()
                0x00000000c0021cbc                APIC::close(int, int, void*)
                0x00000000c0021cde                IOAPIC::close(int, int, void*)
                0x00000000c0021ce4                APIC::io_wait()
                0x00000000c0021cea                APIC::getBase()
                0x00000000c0021d2c                APIC::eoi(unsigned char)
                0x00000000c0021d5a                APIC::open(int, int, void*)
                0x00000000c0021ea8                IOAPIC::IOAPIC()
                0x00000000c0021ea8                IOAPIC::IOAPIC()
                0x00000000c0021ed0                APIC::APIC()
                0x00000000c0021ed0                APIC::APIC()
                0x00000000c0021fac                IOAPIC::handlesGSIWithNumber(unsigned int)
                0x00000000c0021fde                IOAPIC::read(int)
                0x00000000c0022006                IOAPIC::open(int, int, void*)
                0x00000000c00220fc                IOAPIC::write(int, int)
                0x00000000c0022128                IOAPIC::redirect(unsigned char, unsigned long long, unsigned char, bool, bool)
                0x00000000c0022222                APIC::installIRQHandler(int, void (*)(regs*, void*), bool, void*)
 .text          0x00000000c00223d8      0x3d3 hw/intctrl/pic.32
                0x00000000c00223d8                PIC::disable()
                0x00000000c0022406                PIC::close(int, int, void*)
                0x00000000c0022428                PIC::PIC()
                0x00000000c0022428                PIC::PIC()
                0x00000000c00224fe                PIC::ioWait()
                0x00000000c0022504                PIC::getIRQReg(int)
                0x00000000c002256e                PIC::eoi(unsigned char)
                0x00000000c0022600                PIC::remap()
                0x00000000c002276c                PIC::open(int, int, void*)
 *fill*         0x00000000c00227ab        0x1 
 .text          0x00000000c00227ac      0x240 hw/timer/apictimer.32
                0x00000000c00227ac                APICTimer::close(int, int, void*)
                0x00000000c00227b4                apicTimerHandler(regs*, void*)
                0x00000000c00227dc                APICTimer::write(int)
                0x00000000c00228c4                APICTimer::open(int, int, void*)
                0x00000000c00229c4                APICTimer::APICTimer()
                0x00000000c00229c4                APICTimer::APICTimer()
 .text          0x00000000c00229ec      0x1a3 hw/timer/pit.32
                0x00000000c00229ec                PIT::write(int)
                0x00000000c0022a6c                pitHandler(regs*, void*)
                0x00000000c0022a90                PIT::open(int, int, void*)
                0x00000000c0022ae0                PIT::close(int, int, void*)
                0x00000000c0022b10                PIT::PIT()
                0x00000000c0022b10                PIT::PIT()
 *fill*         0x00000000c0022b8f        0x1 
 .text          0x00000000c0022b90       0x83 hw/fpu/x86/avx.32
                0x00000000c0022b90                avxDetect
                0x00000000c0022bba                avxSave
                0x00000000c0022bcb                avxLoad
                0x00000000c0022bdc                avxInit
                0x00000000c0022bfe                avxClose
                0x00000000c0022bff                wouldSheSayYes
 *fill*         0x00000000c0022c13        0xd 
 .text          0x00000000c0022c20       0x39 hw/fpu/x86/sse.32
                0x00000000c0022c20                absolutelyNoChanceInHell
                0x00000000c0022c20                sseDetect
                0x00000000c0022c38                sseSave
                0x00000000c0022c40                sseLoad
                0x00000000c0022c48                sseInit
                0x00000000c0022c58                sseClose
 *fill*         0x00000000c0022c59        0x7 
 .text          0x00000000c0022c60       0x49 hw/fpu/x86/x87.32
                0x00000000c0022c66                x87Detect
                0x00000000c0022c81                x87Save
                0x00000000c0022c88                x87Load
                0x00000000c0022c8f                x87Init
                0x00000000c0022ca8                x87Close
 *fill*         0x00000000c0022ca9        0x3 
 .text          0x00000000c0022cac       0x25 /cygdrive/d/Users/Alex/Desktop/Toolchain/Output/bin/../lib/gcc/i386-banana/8.1.0/crtend.o
 .text          0x00000000c0022cd1        0x0 crtn.32
 *fill*         0x00000000c0022cd1        0x3 
 .text          0x00000000c0022cd4      0x14b /cygdrive/d/Users/Alex/Desktop/Toolchain/Output/bin/../lib/gcc/i386-banana/8.1.0/libkgcc.a(_divdi3.o)
                0x00000000c0022cd4                __divdi3
 *fill*         0x00000000c0022e1f        0x1 
 .text          0x00000000c0022e20      0x17e /cygdrive/d/Users/Alex/Desktop/Toolchain/Output/bin/../lib/gcc/i386-banana/8.1.0/libkgcc.a(_moddi3.o)
                0x00000000c0022e20                __moddi3
 *fill*         0x00000000c0022f9e        0x2 
 .text          0x00000000c0022fa0       0xff /cygdrive/d/Users/Alex/Desktop/Toolchain/Output/bin/../lib/gcc/i386-banana/8.1.0/libkgcc.a(_udivdi3.o)
                0x00000000c0022fa0                __udivdi3
 *fill*         0x00000000c002309f        0x1 
 .text          0x00000000c00230a0      0x11a /cygdrive/d/Users/Alex/Desktop/Toolchain/Output/bin/../lib/gcc/i386-banana/8.1.0/libkgcc.a(_umoddi3.o)
                0x00000000c00230a0                __umoddi3
 *(.gnu.linkonce.t*)

.iplt           0x00000000c00231c0        0x0
 .iplt          0x00000000c00231c0        0x0 D:/Users/Alex/Desktop/Banana/kernel/boot.32

.init           0x00000000c00231ba        0xf
 .init          0x00000000c00231ba        0x3 crti.32
                0x00000000c00231ba                _init
 .init          0x00000000c00231bd        0x5 /cygdrive/d/Users/Alex/Desktop/Toolchain/Output/bin/../lib/gcc/i386-banana/8.1.0/crtbegin.o
 .init          0x00000000c00231c2        0x5 /cygdrive/d/Users/Alex/Desktop/Toolchain/Output/bin/../lib/gcc/i386-banana/8.1.0/crtend.o
 .init          0x00000000c00231c7        0x2 crtn.32

.fini           0x00000000c00231c9        0xa
 .fini          0x00000000c00231c9        0x3 crti.32
                0x00000000c00231c9                _fini
 .fini          0x00000000c00231cc        0x5 /cygdrive/d/Users/Alex/Desktop/Toolchain/Output/bin/../lib/gcc/i386-banana/8.1.0/crtbegin.o
 .fini          0x00000000c00231d1        0x2 crtn.32

.text._ZN8ComputerD2Ev
                0x00000000c00231d4       0x23
 .text._ZN8ComputerD2Ev
                0x00000000c00231d4       0x23 core/computer.32
                0x00000000c00231d4                Computer::~Computer()
                0x00000000c00231d4                Computer::~Computer()

.text._ZN8ComputerD0Ev
                0x00000000c00231f8       0x2a
 .text._ZN8ComputerD0Ev
                0x00000000c00231f8       0x2a core/computer.32
                0x00000000c00231f8                Computer::~Computer()

.text._Z10idleCommonv
                0x00000000c0023222       0x21
 .text._Z10idleCommonv
                0x00000000c0023222       0x21 core/idle.32
                0x00000000c0023222                idleCommon()

.text._ZN10LinkedListI8UnixFileED2Ev
                0x00000000c0023244        0x2
 .text._ZN10LinkedListI8UnixFileED2Ev