Archive member included to satisfy reference by file (symbol)

/cygdrive/d/Users/Alex/Desktop/Toolchain/Output/bin/../lib/gcc/i386-banana/8.1.0/libkgcc.a(_divdi3.o)
                              fs/fat/ff.32 (__divdi3)
/cygdrive/d/Users/Alex/Desktop/Toolchain/Output/bin/../lib/gcc/i386-banana/8.1.0/libkgcc.a(_moddi3.o)
                              compat/resolve.32 (__moddi3)
/cygdrive/d/Users/Alex/Desktop/Toolchain/Output/bin/../lib/gcc/i386-banana/8.1.0/libkgcc.a(_udivdi3.o)
                              fs/fat/ff.32 (__udivdi3)
/cygdrive/d/Users/Alex/Desktop/Toolchain/Output/bin/../lib/gcc/i386-banana/8.1.0/libkgcc.a(_umoddi3.o)
                              compat/resolve.32 (__umoddi3)
D:/Users/Alex/Desktop/Banana/kernel/libsoftfp.a(sfieeelib.o)
                              hal/sound/sndhw.32 (__addsf3)
D:/Users/Alex/Desktop/Banana/kernel/libsoftfp.a(dfieeelib.o)
                              hal/libresample/src_linear.32 (__adddf3)
D:/Users/Alex/Desktop/Banana/kernel/libsoftfp.a(sfdfcvt.o)
                              hal/libresample/samplerate.32 (__truncdfsf2)
D:/Users/Alex/Desktop/Banana/kernel/libk/libm32.a(s_fabs.c.o)
                              hal/libresample/samplerate.32 (fabs)
D:/Users/Alex/Desktop/Banana/kernel/libk/libm32.a(s_lrint.S.o)
                              hal/libresample/samplerate.32 (lrint)
D:/Users/Alex/Desktop/Banana/kernel/libk/libm32.a(s_lrintf.S.o)
                              hal/sound/sndhw.32 (lrintf)

Discarded input sections

 .comment       0x0000000000000000       0x12 /cygdrive/d/Users/Alex/Desktop/Toolchain/Output/bin/../lib/gcc/i386-banana/8.1.0/crtbegin.o
 .comment       0x0000000000000000       0x12 acpica/utclib.32
 .comment       0x0000000000000000       0x12 core/malloc.32
 .comment       0x0000000000000000       0x12 libk/string.32
 .comment       0x0000000000000000       0x12 fs/fat/diskio.32
 .comment       0x0000000000000000       0x12 fs/fat/ff.32
 .comment       0x0000000000000000       0x12 fs/fat/ffsystem.32
 .comment       0x0000000000000000       0x12 fs/fat/ffunicode.32
 .comment       0x0000000000000000       0x12 hal/libresample/samplerate.32
 .comment       0x0000000000000000       0x12 hal/libresample/src_linear.32
 .comment       0x0000000000000000       0x12 hal/libresample/src_sinc.32
 .comment       0x0000000000000000       0x12 hal/libresample/src_zoh.32
 .comment       0x0000000000000000       0x12 compat/inlines.32
 .comment       0x0000000000000000       0x12 compat/resolve.32
 .group         0x0000000000000000       0x14 core/computer.32
 .group         0x0000000000000000        0xc core/computer.32
 .comment       0x0000000000000000       0x12 core/computer.32
 .comment       0x0000000000000000       0x12 core/gdt.32
 .group         0x0000000000000000        0xc core/idle.32
 .comment       0x0000000000000000       0x12 core/idle.32
 .comment       0x0000000000000000       0x12 core/idt.32
 .comment       0x0000000000000000       0x12 core/kheap.32
 .comment       0x0000000000000000       0x12 core/main.32
 .comment       0x0000000000000000       0x12 core/physmgr.32
 .group         0x0000000000000000        0xc core/pipe.32
 .comment       0x0000000000000000       0x12 core/pipe.32
 .group         0x0000000000000000        0xc core/terminal.32
 .comment       0x0000000000000000       0x12 core/terminal.32
 .comment       0x0000000000000000       0x12 core/tss.32
 .group         0x0000000000000000        0x8 core/unixfile.32
 .group         0x0000000000000000        0xc core/unixfile.32
 .group         0x0000000000000000        0xc core/unixfile.32
 .group         0x0000000000000000        0x8 core/unixfile.32
 .group         0x0000000000000000        0xc core/unixfile.32
 .group         0x0000000000000000        0x8 core/unixfile.32
 .group         0x0000000000000000        0xc core/unixfile.32
 .group         0x0000000000000000        0xc core/unixfile.32
 .comment       0x0000000000000000       0x12 core/unixfile.32
 .comment       0x0000000000000000       0x12 core/virtmgr.32
 .comment       0x0000000000000000       0x12 coreobjs/c++.32
 .comment       0x0000000000000000       0x12 dbg/kconsole.32
 .group         0x0000000000000000        0xc fs/vfs.32
 .group         0x0000000000000000        0xc fs/vfs.32
 .group         0x0000000000000000        0xc fs/vfs.32
 .comment       0x0000000000000000       0x12 fs/vfs.32
 .group         0x0000000000000000        0xc hal/bus.32
 .comment       0x0000000000000000       0x12 hal/bus.32
 .group         0x0000000000000000        0xc hal/buzzer.32
 .comment       0x0000000000000000       0x12 hal/buzzer.32
 .group         0x0000000000000000        0xc hal/clock.32
 .comment       0x0000000000000000       0x12 hal/clock.32
 .group         0x0000000000000000       0x14 hal/device.32
 .group         0x0000000000000000        0xc hal/device.32
 .group         0x0000000000000000        0xc hal/device.32
 .group         0x0000000000000000        0xc hal/device.32
[...]
Memory Configuration

Name             Origin             Length             Attributes
*default*        0x0000000000000000 0xffffffffffffffff

Linker script and memory map

LOAD D:/Users/Alex/Desktop/Banana/kernel/boot.32
LOAD crti.32
LOAD /cygdrive/d/Users/Alex/Desktop/Toolchain/Output/bin/../lib/gcc/i386-banana/8.1.0/crtbegin.o
LOAD D:/Users/Alex/Desktop/Banana/kernel/morenasm.32
LOAD acpica/utclib.32
LOAD core/malloc.32
LOAD libk/string.32
LOAD fs/fat/diskio.32
LOAD fs/fat/ff.32
LOAD fs/fat/ffsystem.32
LOAD fs/fat/ffunicode.32
LOAD hal/libresample/samplerate.32
LOAD hal/libresample/src_linear.32
LOAD hal/libresample/src_sinc.32
LOAD hal/libresample/src_zoh.32
LOAD compat/inlines.32
LOAD compat/resolve.32
LOAD core/computer.32
LOAD core/gdt.32
LOAD core/idle.32
LOAD core/idt.32
LOAD core/kheap.32
LOAD core/main.32
LOAD core/physmgr.32
LOAD core/pipe.32
LOAD core/terminal.32
LOAD core/tss.32
LOAD core/unixfile.32
LOAD core/virtmgr.32
LOAD coreobjs/c++.32
LOAD dbg/kconsole.32
LOAD fs/vfs.32
LOAD hal/bus.32
LOAD hal/buzzer.32
LOAD hal/clock.32
LOAD hal/device.32
LOAD hal/diskctrl.32
LOAD hal/diskphys.32
LOAD hal/fpu.32
LOAD hal/intctrl.32
LOAD hal/keybrd.32
LOAD hal/logidisk.32
LOAD hal/mouse.32
LOAD hal/partition.32
LOAD hal/serial.32
LOAD hal/timer.32
LOAD hal/vcache.32
LOAD hal/video.32
LOAD hw/acpi.32
LOAD hw/cpu.32
LOAD hw/ports.32
LOAD hw/smp.32
LOAD krnl/env.32
LOAD krnl/panic.32
LOAD net/ethernet.32
LOAD reg/registry.32
LOAD sys/sc_eject.32
LOAD sys/sc_exit.32
LOAD sys/sc_getcwd.32
LOAD sys/sc_getpid.32
LOAD sys/sc_getramdata.32
LOAD sys/sc_loaddll.32
LOAD sys/sc_read.32
LOAD sys/sc_sbrk.32
LOAD sys/sc_setcwd.32
LOAD sys/sc_settime.32
LOAD sys/sc_timezone.32
LOAD sys/sc_write.32
LOAD sys/sc_wsbe.32
LOAD sys/sc_yield.32
LOAD sys/syscalls.32
LOAD thr/elf.32
LOAD thr/prcssthr.32
LOAD vm86/vm8086.32
LOAD vm86/x87em.32
LOAD fs/fat/vfslink.32
LOAD fs/iso9660/vfslink.32
LOAD hal/sound/sndchannel.32
LOAD hal/sound/sndhw.32
LOAD hw/bus/isa.32
LOAD hw/bus/pci.32
LOAD hw/diskctrl/ide.32
LOAD hw/diskctrl/satabus.32
LOAD hw/diskphys/ata.32
LOAD hw/diskphys/atapi.32
LOAD hw/diskphys/sata.32
LOAD hw/diskphys/satapi.32
LOAD hw/fpu/avx.32
LOAD hw/fpu/mmx.32
LOAD hw/fpu/sse.32
LOAD hw/fpu/x87.32
LOAD hw/intctrl/apic.32
LOAD hw/intctrl/pic.32
LOAD hw/timer/apictimer.32
LOAD hw/timer/pit.32
LOAD hw/fpu/x86/avx.32
LOAD hw/fpu/x86/sse.32
LOAD hw/fpu/x86/x87.32
LOAD /cygdrive/d/Users/Alex/Desktop/Toolchain/Output/bin/../lib/gcc/i386-banana/8.1.0/crtend.o
LOAD crtn.32
LOAD /cygdrive/d/Users/Alex/Desktop/Toolchain/Output/bin/../lib/gcc/i386-banana/8.1.0/libkgcc.a
LOAD D:/Users/Alex/Desktop/Banana/kernel/libsoftfp.a
LOAD D:/Users/Alex/Desktop/Banana/kernel/libk/libm32.a
                0x00000000c0000000                . = 0xc0000000

.text           0x00000000c0000000    0x286c8
 *(.text)
 .text          0x00000000c0000000       0x41 D:/Users/Alex/Desktop/Banana/kernel/boot.32
                0x00000000c0000020                callGlobalConstructors
 .text          0x00000000c0000041        0x0 crti.32
 *fill*         0x00000000c0000041        0x3 
 .text          0x00000000c0000044      0x101 /cygdrive/d/Users/Alex/Desktop/Toolchain/Output/bin/../lib/gcc/i386-banana/8.1.0/crtbegin.o
 *fill*         0x00000000c0000145        0xb 
 .text          0x00000000c0000150      0x4ed D:/Users/Alex/Desktop/Banana/kernel/morenasm.32
                0x00000000c0000150                manualPCIProbe
                0x00000000c000019b                prepareTramp
                0x00000000c00001b4                voodooXADD
                0x00000000c000027f                doTPAUSE
                0x00000000c0000289                hasLegacyFPU
                0x00000000c00002ae                is486
                0x00000000c00002e4                detectCPUID
                0x00000000c00002fa                goToVM86
                0x00000000c000032a                goToUsermode
                0x00000000c0000354                switchToThreadASMFirstTime
                0x00000000c0000362                switchToThreadASM
                0x00000000c00003ea                asmQuickAcquireLock
                0x00000000c0000408                asmQuickReleaseLock
                0x00000000c0000414                asmAcquireLock
                0x00000000c0000435                asmReleaseLock
                0x00000000c0000448                loadGDT
                0x00000000c0000468                isr0
                0x00000000c0000478                isr1
                0x00000000c0000482                isr2
                0x00000000c000048c                isr3
                0x00000000c0000496                isr4
                0x00000000c00004a0                isr5
                0x00000000c00004aa                isr6
                0x00000000c00004b4                isr7
                0x00000000c00004be                isr8
                0x00000000c00004c6                isr9
                0x00000000c00004d0                isr10
                0x00000000c00004d8                isr11
                0x00000000c00004e0                isr12
                0x00000000c00004e8                isr13
                0x00000000c00004f0                isr14
                0x00000000c00004f8                isr15
                0x00000000c0000502                isr16
                0x00000000c000050c                isr17
                0x00000000c0000516                isr18
                0x00000000c0000520                irq3
                0x00000000c000052a                irq4
                0x00000000c0000534                irq5
                0x00000000c000053e                irq6
                0x00000000c0000548                irq7
                0x00000000c0000552                irq8
                0x00000000c000055c                irq9
                0x00000000c0000566                irq10
                0x00000000c0000570                irq11
                0x00000000c000057a                irq12
                0x00000000c0000584                irq13
                0x00000000c000058e                irq14
                0x00000000c0000598                irq15
                0x00000000c00005a2                irq1
                0x00000000c00005a9                irq2
                0x00000000c00005b0                isr96
                0x00000000c00005b7                irq0
                0x00000000c00005bc                int_common_stub
                0x00000000c00005bc                syscall_common_stub
                0x00000000c00005ed                irq16
                0x00000000c00005f7                irq17
                0x00000000c0000601                irq18
                0x00000000c000060b                irq19
                0x00000000c0000615                irq20
                0x00000000c000061f                irq21
                0x00000000c0000629                irq22
                0x00000000c0000633                irq23
 *fill*         0x00000000c000063d        0x3 
 .text          0x00000000c0000640      0x611 acpica/utclib.32
                0x00000000c0000640                memcmp
                0x00000000c000067c                memmove
                0x00000000c0000744                memcpy
                0x00000000c0000778                memset
                0x00000000c0000794                strlen
                0x00000000c00007ac                strpbrk
                0x00000000c00007e8                strtok
                0x00000000c0000834                strcpy
                0x00000000c0000858                strncpy
                0x00000000c00008c0                strcmp
                0x00000000c0000900                strchr
                0x00000000c0000924                strncmp
                0x00000000c0000974                strcat
                0x00000000c00009a4                strncat
                0x00000000c00009e0                strstr
                0x00000000c0000a28                toupper
                0x00000000c0000a3c                tolower
                0x00000000c0000a50                simple_strtoul
 .text          0x00000000c0000c51      0xfbf core/malloc.32
                0x00000000c0000dbc                dlfree
                0x00000000c0001117                dlmalloc
                0x00000000c0001654                dlrealloc
                0x00000000c0001809                dlmemalign
                0x00000000c000192c                dlcalloc
                0x00000000c00019c6                dlcfree
                0x00000000c00019cb                dlindependent_calloc
                0x00000000c00019f0                dlindependent_comalloc
                0x00000000c0001a07                dlvalloc
                0x00000000c0001a32                dlpvalloc
                0x00000000c0001a68                dlmalloc_trim
                0x00000000c0001a75                dlmalloc_usable_size
                0x00000000c0001aa6                dlmallinfo
                0x00000000c0001b75                dlmalloc_stats
                0x00000000c0001b86                dlmallopt
 .text          0x00000000c0001c10        0x0 libk/string.32
 .text          0x00000000c0001c10       0x51 fs/fat/diskio.32
                0x00000000c0001c10                disk_status
                0x00000000c0001c13                disk_initialize
                0x00000000c0001c16                disk_read
                0x00000000c0001c2c                disk_write
                0x00000000c0001c42                disk_ioctl
 .text          0x00000000c0001c61     0x6833 fs/fat/ff.32
                0x00000000c0004f2f                f_mount
                0x00000000c0004f91                f_open
                0x00000000c00053cd                f_read
                0x00000000c000564d                f_write
                0x00000000c0005907                f_sync
                0x00000000c0005ae3                f_close
                0x00000000c0005b12                f_lseek
                0x00000000c0005fc9                f_opendir
                0x00000000c00060cb                f_closedir
                0x00000000c00060ed                f_readdir
                0x00000000c0006188                f_stat
                0x00000000c0006217                f_getfree
                0x00000000c00063e2                f_truncate
                0x00000000c00064da                f_unlink
                0x00000000c000665d                f_mkdir
                0x00000000c0006889                f_rename
                0x00000000c0006b7c                f_chmod
                0x00000000c0006c5a                f_utime
                0x00000000c0006d38                f_getlabel
                0x00000000c0006f26                f_setlabel
                0x00000000c0007193                f_forward
                0x00000000c0007371                f_mkfs
 .text          0x00000000c0008494       0x2d fs/fat/ffsystem.32
                0x00000000c0008494                ff_memalloc
                0x00000000c00084aa                ff_memfree
 .text          0x00000000c00084c1      0x253 fs/fat/ffunicode.32
                0x00000000c00084c1                ff_uni2oem
                0x00000000c0008551                ff_oem2uni
                0x00000000c00085bd                ff_wtoupper
 .text          0x00000000c0008714      0x8fb hal/libresample/samplerate.32
                0x00000000c0008758                src_delete
                0x00000000c0008794                src_process
                0x00000000c000894a                src_callback_read
                0x00000000c0008ac7                src_set_ratio
                0x00000000c0008b31                src_get_channels
                0x00000000c0008b53                src_reset
                0x00000000c0008b9f                src_new
                0x00000000c0008c2d                src_callback_new
                0x00000000c0008c8f                src_get_name
                0x00000000c0008cc6                src_get_description
                0x00000000c0008cfd                src_get_version
                0x00000000c0008d03                src_is_valid_ratio
                0x00000000c0008d57                src_error
                0x00000000c0008d65                src_strerror
                0x00000000c0008d78                src_simple
                0x00000000c0008dcb                src_short_to_float_array
                0x00000000c0008e30                src_float_to_short_array
                0x00000000c0008eef                src_int_to_float_array
                0x00000000c0008f52                src_float_to_int_array
 .text          0x00000000c000900f      0x8cb hal/libresample/src_linear.32
                0x00000000c0009835                linear_get_name
                0x00000000c0009844                linear_get_description
                0x00000000c0009853                linear_set_converter
 .text          0x00000000c00098da     0x447c hal/libresample/src_sinc.32
                0x00000000c000dc6d                sinc_get_name
                0x00000000c000dc80                sinc_get_description
                0x00000000c000dc93                sinc_set_converter
 .text          0x00000000c000dd56      0x77c hal/libresample/src_zoh.32
                0x00000000c000e42d                zoh_get_name
                0x00000000c000e43c                zoh_get_description
                0x00000000c000e44b                zoh_set_converter
 .text          0x00000000c000e4d2       0x23 compat/inlines.32
                0x00000000c000e4d2                CPU::current()
                0x00000000c000e4df                operator new(unsigned long)
 .text          0x00000000c000e4f5      0x111 compat/resolve.32
                0x00000000c000e4f5                Krnl::resolveCompatibilitySymbol(char*)
 .text          0x00000000c000e606      0xa17 core/computer.32
                0x00000000c000e606                Computer::close(int, int, void*)
                0x00000000c000e64a                Krnl::firstTask()
                0x00000000c000e73a                Computer::Computer()
                0x00000000c000e73a                Computer::Computer()
                0x00000000c000e896                Computer::setBootMessage(char const*)
                0x00000000c000e898                Computer::detectFeatures()
                0x00000000c000eaa2                Computer::displayFeatures()
                0x00000000c000ede8                Computer::rdmsr(unsigned int)
                0x00000000c000ee14                Computer::wrmsr(unsigned int, unsigned long long)
                0x00000000c000ee4c                Computer::nmiEnabled()
                0x00000000c000ee58                Computer::readCMOS(unsigned char)
                0x00000000c000ee72                Computer::enableNMI(bool)
                0x00000000c000ee8a                Computer::open(int, int, void*)
                0x00000000c000ef60                Computer::disableNMI()
                0x00000000c000ef6e                Computer::writeCMOS(unsigned char, unsigned char)
                0x00000000c000ef8c                Computer::handleNMI()
                0x00000000c000eff2                Computer::setDiskActivityLight(int, bool)
 *fill*         0x00000000c000f01d        0x1 
 .text          0x00000000c000f01e      0x1b7 core/gdt.32
                0x00000000c000f01e                GDTEntry::setBase(unsigned int)
                0x00000000c000f03a                GDTEntry::setLimit(unsigned int)
                0x00000000c000f058                GDT::GDT()
                0x00000000c000f058                GDT::GDT()
                0x00000000c000f06e                GDT::addEntry(GDTEntry)
                0x00000000c000f0aa                GDT::getNumberOfEntries()
                0x00000000c000f0b2                GDT::flush()
                0x00000000c000f0d4                GDT::setup()
 .text          0x00000000c000f1d5       0x62 core/idle.32
                0x00000000c000f1d5                idleFunction(void*)
 *fill*         0x00000000c000f237        0x1 
 .text          0x00000000c000f238      0x45f core/idt.32
                0x00000000c000f238                IDTEntry::IDTEntry(bool)
                0x00000000c000f238                IDTEntry::IDTEntry(bool)
                0x00000000c000f2a6                IDTEntry::setOffset(unsigned int)
                0x00000000c000f2ba                IDT::IDT()
                0x00000000c000f2ba                IDT::IDT()
                0x00000000c000f2bc                IDT::getPointerToInvalidOpcodeEntryForF00F()
                0x00000000c000f2c4                IDT::addEntry(IDTEntry, int)
                0x00000000c000f2de                IDT::addEntry(int, void (*)(), bool)
                0x00000000c000f316                IDT::flush()
                0x00000000c000f330                IDT::setup()
 .text          0x00000000c000f697      0x203 core/kheap.32
                0x00000000c000f697                sbrk
                0x00000000c000f7a5                mmap
                0x00000000c000f7bb                munmap
                0x00000000c000f7d1                liballoc_lock()
                0x00000000c000f7e2                liballoc_unlock()
                0x00000000c000f7f3                liballoc_alloc(int)
                0x00000000c000f80e                liballoc_free(void*, int)
                0x00000000c000f82c                realloc
                0x00000000c000f840                malloc
                0x00000000c000f850                free
                0x00000000c000f860                rfree
                0x00000000c000f870                calloc
 .text          0x00000000c000f89a      0x485 core/main.32
                0x00000000c000f89a                hwTextMode_loadInData(VgaText*)
                0x00000000c000f8e5                hwTextMode_loadInTitle(VgaText*, char*)
                0x00000000c000f963                hwTextMode_showCursor(VgaText*, bool)
                0x00000000c000f9c1                hwTextMode_update(VgaText*)
                0x00000000c000f9c2                hwTextMode_updateCursor(VgaText*)
                0x00000000c000fa13                hwTextMode_disableBlink(VgaText*, bool)
                0x00000000c000fa59                hwTextMode_scrollScreen(VgaText*)
                0x00000000c000fb06                hwTextMode_writeCharacter(VgaText*, char, VgaColour, VgaColour, int, int)
                0x00000000c000fb88                setupTextMode()
                0x00000000c000fbf8                kernel_main
 .text          0x00000000c000fd1f      0x5cc core/physmgr.32
                0x00000000c000fd1f                Phys::allocateDMA(unsigned long)
                0x00000000c000fdc2                Phys::freeDMA(unsigned long, unsigned long)
                0x00000000c000fe0a                Phys::setPageState(unsigned long, bool)
                0x00000000c000fe3c                Phys::getPageState(unsigned long)
                0x00000000c000fe58                Phys::freePage(unsigned long)
                0x00000000c000fee2                Phys::allocatePage()
                0x00000000c0010029                Phys::allocateContiguousPages(int)
                0x00000000c0010083                Phys::allowSegmentToBeUsed(unsigned long, unsigned long)
                0x00000000c00100bb                Phys::physicalMemorySetup(unsigned int)
 *fill*         0x00000000c00102eb        0x1 
 .text          0x00000000c00102ec      0x273 core/pipe.32
                0x00000000c00102ec                Pipe::isAtty()
                0x00000000c00102f0                Pipe::~Pipe()
                0x00000000c00102f0                Pipe::~Pipe()
                0x00000000c0010314                Pipe::~Pipe()
                0x00000000c001033c                Pipe::read(unsigned long long, void*, int*)
                0x00000000c0010430                Pipe::write(unsigned long long, void*, int*)
                0x00000000c00104f8                Pipe::Pipe(int)
                0x00000000c00104f8                Pipe::Pipe(int)
 *fill*         0x00000000c001055f        0x1 
 .text          0x00000000c0010560      0xf73 core/terminal.32
                0x00000000c0010560                VgaText::isAtty()
                0x00000000c0010564                VgaText::~VgaText()
                0x00000000c0010564                VgaText::~VgaText()
                0x00000000c0010588                VgaText::~VgaText()
                0x00000000c00105b2                VgaText::read(unsigned long long, void*, int*)
                0x00000000c00105d2                setTerminalScrollLock(bool)
                0x00000000c00105d3                addToTerminalCycle(VgaText*)
                0x00000000c0010600                installVgaTextImplementation()
                0x00000000c0010615                scrollTerminalScrollLock(int)
                0x00000000c0010616                VgaText::load()
                0x00000000c001066a                VgaText::updateCursor()
                0x00000000c0010684                VgaText::showCursor(bool)
                0x00000000c0010694                VgaText::disableBlink(bool)
                0x00000000c00106ce                VgaText::doANSI_SGR(int)
                0x00000000c001075a                VgaText::setDefaultBgColour(VgaColour)
                0x00000000c0010770                VgaText::setDefaultFgColour(VgaColour)
                0x00000000c0010786                VgaText::setDefaultColours(VgaColour, VgaColour)
                0x00000000c00107a6                VgaText::combineColours(unsigned char, unsigned char)
                0x00000000c00107b8                VgaText::scrollScreen()
                0x00000000c001084c                VgaText::combineCharAndColour(char, unsigned char)
                0x00000000c001085e                VgaText::writeCharacter(char, VgaColour, VgaColour, int, int)
                0x00000000c00108be                VgaText::getCursorX()
                0x00000000c00108ca                VgaText::getCursorY()
                0x00000000c00108d6                VgaText::setCursor(int, int)
                0x00000000c00108f4                VgaText::setCursorX(int)
                0x00000000c0010910                VgaText::setCursorY(int)
                0x00000000c001092c                VgaText::incrementCursor(bool)
                0x00000000c0010994                VgaText::updateRAMUsageDisplay(int)
                0x00000000c00109f8                VgaText::updateDiskUsage()
                0x00000000c0010b62                VgaText::updateTitle()
                0x00000000c0010ba8                VgaText::setTitleTextColour(VgaColour)
                0x00000000c0010bb8                VgaText::setTitleColour(VgaColour)
                0x00000000c0010bc8                VgaText::setTitle(char*)
                0x00000000c0010bee                VgaText::decrementCursor(bool)
                0x00000000c0010c16                VgaText::putchar(char, VgaColour, VgaColour)
                0x00000000c0010d12                VgaText::isShowingCursor()
                0x00000000c0010d1e                VgaText::isBlinkDisabled()
                0x00000000c0010d2c                VgaText::setCursorHeight(int)
                0x00000000c0010d4a                VgaText::getCursorHeight()
                0x00000000c0010d55                setActiveTerminal(VgaText*)
                0x00000000c0010e07                doTerminalCycle()
                0x00000000c0010e24                VgaText::doUpdate()
                0x00000000c0010e36                VgaText::puts(char const*, VgaColour, VgaColour)
                0x00000000c0010ff6                VgaText::clearScreen()
                0x00000000c001105a                VgaText::putchar(char)
                0x00000000c0011174                VgaText::puts(char const*)
                0x00000000c001119a                VgaText::putx(unsigned int)
                0x00000000c00111e0                VgaText::VgaText(char const*)
                0x00000000c00111e0                VgaText::VgaText(char const*)
                0x00000000c0011372                VgaText::receiveKey(unsigned char)
                0x00000000c001145a                VgaText::write(unsigned long long, void*, int*)
                0x00000000c00114ae                newTerminal(char*)
 *fill*         0x00000000c00114d3        0x1 
 .text          0x00000000c00114d4      0x1b3 core/tss.32
                0x00000000c00114d4                TSS::TSS()
                0x00000000c00114d4                TSS::TSS()
                0x00000000c00114e2                TSS::setESP(unsigned long)
                0x00000000c00114f4                TSS::flush()
                0x00000000c0011514                TSS::setup(unsigned long, unsigned long)
 *fill*         0x00000000c0011687        0x1 
 .text          0x00000000c0011688      0x4c2 core/unixfile.32
                0x00000000c0011688                ReservedFilename::read(unsigned long long, void*, int*)
                0x00000000c00116de                ReservedFilename::isAtty()
                0x00000000c00116fa                ReservedFilename::write(unsigned long long, void*, int*)
                0x00000000c0011758                UnixFile::getFileDescriptor()
                0x00000000c0011760                UnixFile::UnixFile(int)
                0x00000000c0011760                UnixFile::UnixFile(int)
                0x00000000c0011910                ReservedFilename::ReservedFilename(int)
                0x00000000c0011910                ReservedFilename::ReservedFilename(int)
                0x00000000c0011942                UnixFile::~UnixFile()
                0x00000000c0011942                UnixFile::~UnixFile()
                0x00000000c00119da                UnixFile::~UnixFile()
                0x00000000c0011a02                ReservedFilename::~ReservedFilename()
                0x00000000c0011a02                ReservedFilename::~ReservedFilename()
                0x00000000c0011a26                ReservedFilename::~ReservedFilename()
                0x00000000c0011a4d                getFromFileDescriptor(int)
 .text          0x00000000c0011b4a     0x12c1 core/virtmgr.32
                0x00000000c0011b4a                Virt::setPageState(unsigned long, Virt::VirtPageState)
                0x00000000c0011b7f                Virt::getPageState(unsigned long)
                0x00000000c0011ba3                Virt::allocateKernelVirtualPages(int)
                0x00000000c0011cb4                Virt::freeSwapfilePage(unsigned long)
                0x00000000c0011cd2                Virt::swapIDToSector(unsigned long)
                0x00000000c0011ce4                Virt::allocateSwapfilePage()
                0x00000000c0011d62                Virt::virtualMemorySetup()
                0x00000000c0011de1                Virt::swappingSetup()
                0x00000000c0011e3e                Virt::getAKernelVAS()
                0x00000000c0011e44                Virt::setupPageSwapping(int)
                0x00000000c0011f74                VAS::VAS()
                0x00000000c0011f74                VAS::VAS()
                0x00000000c0011fa4                VAS::VAS(VAS*)
                0x00000000c0011fa4                VAS::VAS(VAS*)
                0x00000000c0011fc8                VAS::getForeignPageTableEntry(bool, unsigned long)
                0x00000000c0011ff4                VAS::getPageTableEntry(unsigned long)
                0x00000000c0012013                Virt::freeKernelVirtualPages(unsigned long)
                0x00000000c0012136                VAS::freeAllocatedPages(unsigned long)
                0x00000000c001215a                VAS::virtualToPhysical(unsigned long)
                0x00000000c0012172                VAS::reflagRange(unsigned long, int, int, int)
                0x00000000c00121b2                VAS::setToWriteCombining(unsigned long, int)
                0x00000000c00121e4                VAS::mapOtherVASIn(bool, VAS*)
                0x00000000c001220e                VAS::~VAS()
                0x00000000c001220e                VAS::~VAS()
                0x00000000c001237a                VAS::mapPage(unsigned long, unsigned long, int)
                0x00000000c001247a                VAS::allocatePages(int, int)
                0x00000000c0012652                VAS::setCPUSpecific(unsigned long)
                0x00000000c001266e                VAS::mapRange(unsigned long, unsigned long, int, int)
                0x00000000c0012734                VAS::mapForeignPage(bool, VAS*, unsigned long, unsigned long, int)
                0x00000000c0012822                VAS::VAS(bool)
                0x00000000c0012822                VAS::VAS(bool)
                0x00000000c0012a7e                VAS::evict(unsigned long)
                0x00000000c0012b16                VAS::tryLoadBackOffDisk(unsigned long)
                0x00000000c0012c4e                VAS::scanForEviction(int, int)
                0x00000000c0012d4f                mapVASFirstTime
 .text          0x00000000c0012e0b       0x95 coreobjs/c++.32
                0x00000000c0012e0b                __cxa_atexit
                0x00000000c0012e0e                __cxa_finalize
                0x00000000c0012e0f                __stack_chk_fail
                0x00000000c0012e7b                __cxa_pure_virtual
                0x00000000c0012e8c                operator new[](unsigned long)
                0x00000000c0012e91                operator delete(void*, unsigned long)
                0x00000000c0012e96                operator delete[](void*)
                0x00000000c0012e9b                operator delete[](void*, unsigned long)
 .text          0x00000000c0012ea0      0x1ef dbg/kconsole.32
                0x00000000c0012ea0                Dbg::stringifyxWithBase(unsigned int, char*, int)
                0x00000000c0012f01                Dbg::logc(char)
                0x00000000c0012f18                Dbg::logs(char*)
                0x00000000c0012f35                Dbg::logWriteInt(unsigned int)
                0x00000000c0012f52                Dbg::logWriteIntBase(unsigned int, int)
                0x00000000c0012f71                Dbg::kprintf(char const*, ...)
 *fill*         0x00000000c001308f        0x1 
 .text          0x00000000c0013090      0xb7c fs/vfs.32
                0x00000000c0013090                File::read(unsigned long long, void*, int*)
                0x00000000c00130e8                File::write(unsigned long long, void*, int*)
                0x00000000c0013140                Directory::read(unsigned long long, void*, int*)
                0x00000000c0013198                Directory::write(unsigned long long, void*, int*)
                0x00000000c00131c6                File::isAtty()
                0x00000000c00131ca                Directory::isAtty()
                0x00000000c00131ce                Filesystem::getlabel(LogicalDisk*, int, char*, unsigned int*)
                0x00000000c00131d4                Filesystem::setlabel(LogicalDisk*, int, char*)
                0x00000000c00131da                File::~File()
                0x00000000c00131da                File::~File()
                0x00000000c00131fe                File::~File()
                0x00000000c0013228                Directory::~Directory()
                0x00000000c0013228                Directory::~Directory()
                0x00000000c001324c                Directory::~Directory()
                0x00000000c0013276                Filesystem::Filesystem()
                0x00000000c0013276                Filesystem::Filesystem()
                0x00000000c001329a                Filesystem::~Filesystem()
                0x00000000c001329a                Filesystem::~Filesystem()
                0x00000000c00132a8                Filesystem::~Filesystem()
                0x00000000c00132cc                Fs::getcwd(Process*, char*, int)
                0x00000000c00132f6                Fs::initVFS()
                0x00000000c0013320                Fs::standardiseFiles(char*, char const*, char const*)
                0x00000000c00134ca                File::File(char const*, Process*)
                0x00000000c00134ca                File::File(char const*, Process*)
                0x00000000c001352e                File::open(FileOpenMode)
                0x00000000c001358c                File::close()
                0x00000000c00135ec                File::seek(unsigned long long)
                0x00000000c0013642                File::tell(unsigned long long*)
                0x00000000c0013692                File::rewind()
                0x00000000c00136a6                File::unlink()
                0x00000000c00136f2                File::rename(char const*)
                0x00000000c0013740                File::chfatattr(unsigned char, unsigned char)
                0x00000000c001379c                File::exists()
                0x00000000c00137da                File::stat(unsigned long long*, bool*)
                0x00000000c001383b                Fs::setcwd(Process*, char*)
                0x00000000c0013976                Directory::Directory(char const*, Process*)
                0x00000000c0013976                Directory::Directory(char const*, Process*)
                0x00000000c00139da                Directory::open()
                0x00000000c0013a36                Directory::close()
                0x00000000c0013a96                Directory::unlink()
                0x00000000c0013ae2                Directory::rename(char const*)
                0x00000000c0013b30                Directory::exists()
                0x00000000c0013b6e                Directory::read(dirent*)
                0x00000000c0013bba                Directory::create()
                0x00000000c0013c06                Filesystem::chfatattr(char const*, unsigned char, unsigned char)
 .text          0x00000000c0013c0c       0x84 hal/bus.32
                0x00000000c0013c0c                Bus::Bus(char const*)
                0x00000000c0013c0c                Bus::Bus(char const*)
                0x00000000c0013c42                Bus::~Bus()
                0x00000000c0013c42                Bus::~Bus()
                0x00000000c0013c66                Bus::~Bus()
 .text          0x00000000c0013c90      0x14e hal/buzzer.32
                0x00000000c0013c90                Buzzer::Buzzer(char const*)
                0x00000000c0013c90                Buzzer::Buzzer(char const*)
                0x00000000c0013cd4                Buzzer::~Buzzer()
                0x00000000c0013cd4                Buzzer::~Buzzer()
                0x00000000c0013cf8                Buzzer::~Buzzer()
                0x00000000c0013d22                Buzzer::stop()
                0x00000000c0013d35                beepThread(void*)
                0x00000000c0013d70                Buzzer::beep(int, int, bool)
 .text          0x00000000c0013dde      0x467 hal/clock.32
                0x00000000c0013dde                User::loadClockSettings(int)
                0x00000000c0013e30                Clock::Clock(char const*)
                0x00000000c0013e30                Clock::Clock(char const*)
                0x00000000c0013e66                Clock::~Clock()
                0x00000000c0013e66                Clock::~Clock()
                0x00000000c0013e8a                Clock::~Clock()
                0x00000000c0013eb4                Clock::timeInSecondsLocal()
                0x00000000c0013efc                Clock::setTimeInSecondsLocal(unsigned long long)
                0x00000000c0013f55                datetimeToSeconds(datetime_t)
                0x00000000c001407c                Clock::setTimeInDatetimeLocal(datetime_t)
                0x00000000c00140dc                secondsToDatetime(unsigned long long)
                0x00000000c0014220                Clock::timeInDatetimeLocal()
 *fill*         0x00000000c0014245        0x1 
 .text          0x00000000c0014246      0x4de hal/device.32
                0x00000000c0014246                Device::hibernate()
                0x00000000c0014248                Device::wake()
                0x00000000c001424a                Device::detect()
                0x00000000c001424c                Device::disableLegacy()
                0x00000000c001424e                Device::powerSaving(PowerSavingLevel)
                0x00000000c0014250                DriverlessDevice::close(int, int, void*)
                0x00000000c0014254                DriverlessDevice::detect()
                0x00000000c0014256                DriverlessDevice::open(int, int, void*)
                0x00000000c001426a                Device::~Device()
                0x00000000c001426a                Device::~Device()
                0x00000000c0014278                Device::~Device()
                0x00000000c00142a0                Device::findAndLoadDriver()
                0x00000000c00142a2                Device::preOpenPCI(PCIDeviceInfo)
                0x00000000c00142c8                Device::preOpenACPI(void*, char*, char*)
                0x00000000c001431c                Device::addIRQHandler(int, void (*)(regs*, void*), bool, void*)
                0x00000000c001435a                Device::removeIRQHandler(int, void (*)(regs*, void*), bool)
                0x00000000c0014398                Device::addChild(Device*)
                0x00000000c00143dc                Device::removeAllChildren()
                0x00000000c0014422                Device::hibernateAll()
                0x00000000c0014452                Device::wakeAll()
                0x00000000c0014482                Device::detectAll()
                0x00000000c00144b2                Device::disableLegacyAll()
                0x00000000c00144e2                Device::loadDriversForAll()
                0x00000000c001450e                Device::closeAll()
                0x00000000c0014544                Device::powerSavingAll(PowerSavingLevel)
                0x00000000c001457a                Device::setName(char const*)
                0x00000000c0014588                Device::Device(char const*)
                0x00000000c0014588                Device::Device(char const*)
                0x00000000c0014684                Device::getName()
                0x00000000c001468e                DriverlessDevice::DriverlessDevice(char const*)
                0x00000000c001468e                DriverlessDevice::DriverlessDevice(char const*)
                0x00000000c00146b6                Device::addToLinkedList(LinkedList<Device>&, DeviceType)
                0x00000000c00146fa                getDevicesOfType(DeviceType)
 .text          0x00000000c0014724       0x84 hal/diskctrl.32
                0x00000000c0014724                HardDiskController::HardDiskController(char const*)
                0x00000000c0014724                HardDiskController::HardDiskController(char const*)
                0x00000000c001475a                HardDiskController::~HardDiskController()
                0x00000000c001475a                HardDiskController::~HardDiskController()
                0x00000000c001477e                HardDiskController::~HardDiskController()
 .text          0x00000000c00147a8       0xf2 hal/diskphys.32
                0x00000000c00147a8                PhysicalDisk::eject()
                0x00000000c00147bc                PhysicalDisk::PhysicalDisk(char const*, int)
                0x00000000c00147bc                PhysicalDisk::PhysicalDisk(char const*, int)
                0x00000000c0014824                PhysicalDisk::startCache()
                0x00000000c001484c                PhysicalDisk::~PhysicalDisk()
                0x00000000c001484c                PhysicalDisk::~PhysicalDisk()
                0x00000000c0014870                PhysicalDisk::~PhysicalDisk()
 .text          0x00000000c001489a      0x13b hal/fpu.32
                0x00000000c001489a                FPU::FPU(char const*)
                0x00000000c001489a                FPU::FPU(char const*)
                0x00000000c00148d0                FPU::~FPU()
                0x00000000c00148d0                FPU::~FPU()
                0x00000000c00148f4                FPU::~FPU()
                0x00000000c001491e                setupFPU()
 *fill*         0x00000000c00149d5        0x1 
 .text          0x00000000c00149d6     0x13b7 hal/intctrl.32
                0x00000000c00149d6                InterruptController::uninstallISRHandler(int, void (*)(regs*, void*))
                0x00000000c0014a0e                InterruptController::installISRHandler(int, void (*)(regs*, void*), void*)
                0x00000000c0014a60                doubleFault(regs*, void*)
                0x00000000c0014a7a                InterruptController::installIRQHandler(int, void (*)(regs*, void*), bool, void*)
                0x00000000c0014b16                InterruptController::clearAllHandlers(int, bool)
                0x00000000c0014bbe                InterruptController::uninstallIRQHandler(int, void (*)(regs*, void*), bool)
                0x00000000c0014c45                nmiHandler(regs*, void*)
                0x00000000c0014c53                int_handler
                0x00000000c0014cf4                InterruptController::InterruptController(char const*)
                0x00000000c0014cf4                InterruptController::InterruptController(char const*)
                0x00000000c0014d9a                InterruptController::~InterruptController()
                0x00000000c0014d9a                InterruptController::~InterruptController()
                0x00000000c0014dbe                InterruptController::~InterruptController()
                0x00000000c0014de8                displayDebugInfo(regs*)
                0x00000000c0015277                x87EmulHandler(regs*, void*)
                0x00000000c00152a6                gpFault(regs*, void*)
                0x00000000c00152df                pgFault(regs*, void*)
                0x00000000c001532b                otherISRHandler(regs*, void*)
                0x00000000c001534a                opcodeFault(regs*, void*)
                0x00000000c0015950                displayProgramFault(char const*)
                0x00000000c0015978                setupInterruptController()
                0x00000000c0015d40                InterruptController::convertLegacyIRQNumber(int)
 *fill*         0x00000000c0015d8d        0x1 
 .text          0x00000000c0015d8e      0x6c8 hal/keybrd.32
                0x00000000c0015d8e                startGUI(void*)
                0x00000000c0015dea                startGUIVESA(void*)
                0x00000000c0015e46                sendKeyToTerminal(unsigned char)
                0x00000000c0015eb2                sendKeyboardToken(KeyboardToken)
                0x00000000c00162ef                clearInternalKeybuffer(VgaText*)
                0x00000000c0016324                readKeyboard(VgaText*, char*, unsigned long)
                0x00000000c00163cc                Keyboard::Keyboard(char const*)
                0x00000000c00163cc                Keyboard::Keyboard(char const*)
                0x00000000c0016408                Keyboard::~Keyboard()
                0x00000000c0016408                Keyboard::~Keyboard()
                0x00000000c001642c                Keyboard::~Keyboard()
 .text          0x00000000c0016456      0x414 hal/logidisk.32
                0x00000000c0016456                LogicalDisk::close(int, int, void*)
                0x00000000c001645a                LogicalDisk::~LogicalDisk()
                0x00000000c001645a                LogicalDisk::~LogicalDisk()
                0x00000000c001647e                LogicalDisk::~LogicalDisk()
                0x00000000c00164a8                LogicalDisk::open(int, int, void*)
                0x00000000c00164bc                LogicalDisk::absoluteToRelative(unsigned long long)
                0x00000000c00164f4                LogicalDisk::relativeToAbsolute(unsigned long long)
                0x00000000c001653a                LogicalDisk::LogicalDisk(char const*, PhysicalDisk*, unsigned long long, unsigned long long)
                0x00000000c001653a                LogicalDisk::LogicalDisk(char const*, PhysicalDisk*, unsigned long long, unsigned long long)
                0x00000000c00165f0                LogicalDisk::assignDriveLetter()
                0x00000000c00166a6                LogicalDisk::mount()
                0x00000000c0016718                LogicalDisk::unmount()
                0x00000000c0016728                LogicalDisk::eject()
                0x00000000c001673c                LogicalDisk::unassignDriveLetter()
                0x00000000c0016792                LogicalDisk::read(unsigned long long, int, void*)
                0x00000000c00167fe                LogicalDisk::write(unsigned long long, int, void*)
 .text          0x00000000c001686a       0x84 hal/mouse.32
                0x00000000c001686a                Mouse::Mouse(char const*)
                0x00000000c001686a                Mouse::Mouse(char const*)
                0x00000000c00168a0                Mouse::~Mouse()
                0x00000000c00168a0                Mouse::~Mouse()
                0x00000000c00168c4                Mouse::~Mouse()
 .text          0x00000000c00168ee      0x34d hal/partition.32
                0x00000000c00168ee                makePartition(PhysicalDisk*, unsigned long long, unsigned long long)
                0x00000000c00169aa                createPartitionsForDisk(PhysicalDisk*)
 *fill*         0x00000000c0016c3b        0x1 
 .text          0x00000000c0016c3c       0x84 hal/serial.32
                0x00000000c0016c3c                Serial::Serial(char const*)
                0x00000000c0016c3c                Serial::Serial(char const*)
                0x00000000c0016c72                Serial::~Serial()
                0x00000000c0016c72                Serial::~Serial()
                0x00000000c0016c96                Serial::~Serial()
 .text          0x00000000c0016cc0      0x2b8 hal/timer.32
                0x00000000c0016cc0                Timer::Timer(char const*)
                0x00000000c0016cc0                Timer::Timer(char const*)
                0x00000000c0016cf6                Timer::~Timer()
                0x00000000c0016cf6                Timer::~Timer()
                0x00000000c0016d1a                Timer::~Timer()
                0x00000000c0016d44                Timer::read()
                0x00000000c0016d4f                timerHandler(unsigned long long)
                0x00000000c0016e86                setupTimer(int)
 .text          0x00000000c0016f78      0x425 hal/vcache.32
                0x00000000c0016f78                VCache::VCache(PhysicalDisk*)
                0x00000000c0016f78                VCache::VCache(PhysicalDisk*)
                0x00000000c00170e0                VCache::invalidateReadBuffer()
                0x00000000c00170f0                VCache::writeWriteBuffer()
                0x00000000c001712c                VCache::~VCache()
                0x00000000c001712c                VCache::~VCache()
                0x00000000c0017180                VCache::~VCache()
                0x00000000c00171a8                VCache::write(unsigned long long, int, void*)
                0x00000000c001729e                VCache::read(unsigned long long, int, void*)
 *fill*         0x00000000c001739d        0x1 
 .text          0x00000000c001739e      0x4cd hal/video.32
                0x00000000c001739e                Video::putrect(int, int, int, int, unsigned int)
                0x00000000c00173ea                Video::bitblit(int, int, int, int, int, int, int, unsigned int*)
                0x00000000c001745a                Video::blit(unsigned int*, int, int, int, int)
                0x00000000c00174d8                Video::clearScreen(unsigned int)
                0x00000000c001750c                Video::putpixel(int, int, unsigned int)
                0x00000000c001751a                Video::Video(char const*)
                0x00000000c001751a                Video::Video(char const*)
                0x00000000c0017550                Video::~Video()
                0x00000000c0017550                Video::~Video()
                0x00000000c0017574                Video::~Video()
                0x00000000c001759e                Video::isMonochrome()
                0x00000000c00175aa                Video::getWidth()
                0x00000000c00175b6                Video::getHeight()
                0x00000000c00175c2                Video::drawCursor(int, int, unsigned char*, int)
                0x00000000c001767e                Video::tgaParse(unsigned char*, int, int*, int*)
                0x00000000c0017800                Video::putTGA(int, int, unsigned char*, int)
 *fill*         0x00000000c001786b        0x1 
 .text          0x00000000c001786c      0xf64 hw/acpi.32
                0x00000000c001786c                ACPI::close(int, int, void*)
                0x00000000c0017921                findRSDP()
                0x00000000c00179ab                loadACPITables(unsigned char*)
                0x00000000c0017bd2                findRSDT(unsigned char*)
                0x00000000c0017cf0                findDataTable(unsigned char*, char*)
                0x00000000c0017d8c                scanMADT()
                0x00000000c0018212                ACPI::ACPI()
                0x00000000c0018212                ACPI::ACPI()
                0x00000000c001827c                ACPI::getPCIIRQAssignment(unsigned char, unsigned short, unsigned char)
                0x00000000c001835e                ACPI::registerPCIIRQAssignment(void*, unsigned short, unsigned char, unsigned char)
                0x00000000c0018424                ACPI::setScreenBrightnessLevel(void*, int)
                0x00000000c001842a                ACPI::writeSimpleBootFlag(SimpleBootFlagTable*)
                0x00000000c0018472                ACPI::open(int, int, void*)
                0x00000000c00187b8                ACPI::sleep()
 .text          0x00000000c00187d0     0x1715 hw/cpu.32
                0x00000000c00187d0                CPU::close(int, int, void*)
                0x00000000c00187d4                CPU::lookupAMDName(unsigned char, unsigned char)
                0x00000000c0018968                CPU::lookupIntelName(unsigned char, unsigned char)
                0x00000000c0018c16                CPU::AMD_K6_write_msr(unsigned int, unsigned int, unsigned int, CPU::REGS*)
                0x00000000c0018c32                CPU::AMD_K6_read_msr(unsigned int, CPU::REGS*)
                0x00000000c0018c4a                CPU::AMD_K6_writeback(int, int, int)
                0x00000000c0018cbe                CPU::cpuid(int, unsigned long*, unsigned long*, unsigned long*, unsigned long*)
                0x00000000c0018d42                CPU::cpuidCheckEDX(unsigned int)
                0x00000000c0018d70                CPU::cpuidCheckECX(unsigned int)
                0x00000000c0018d9e                CPU::cpuidCheckExtendedEBX(unsigned int)
                0x00000000c0018dcc                CPU::cpuidCheckExtendedECX(unsigned int)
                0x00000000c0018dfa                CPU::CPU()
                0x00000000c0018dfa                CPU::CPU()
                0x00000000c0018e88                CPU::displayFeatures()
                0x00000000c0019104                CPU::detectFeatures()
                0x00000000c0019af4                CPU::setupSMEP()
                0x00000000c0019b00                CPU::setupUMIP()
                0x00000000c0019b0a                CPU::setupTSC()
                0x00000000c0019b14                CPU::setupLargePages()
                0x00000000c0019b1e                CPU::setupPAT()
                0x00000000c0019b5a                CPU::setupMTRR()
                0x00000000c0019b5c                CPU::setupGlobalPages()
                0x00000000c0019b66                CPU::allowUsermodeDataAccess()
                0x00000000c0019b78                CPU::prohibitUsermodeDataAccess()
                0x00000000c0019b8a                CPU::setupSMAP()
                0x00000000c0019b98                CPU::setupFeatures()
                0x00000000c0019c18                CPU::open(int, int, void*)
                0x00000000c0019cea                CPU::decodeAddress(regs*, int*, bool*, unsigned char*)
 .text          0x00000000c0019ee5        0x0 hw/ports.32
 .text          0x00000000c0019ee5      0x16a hw/smp.32
                0x00000000c0019ee5                Krnl::smpEntry()
                0x00000000c0019ee7                Krnl::startCPU(int)
                0x00000000c001a030                Krnl::startCPUs()
 *fill*         0x00000000c001a04f        0x1 
 .text          0x00000000c001a050      0x5d3 krnl/env.32
                0x00000000c001a050                EnvVarContainer::getEnv(char const*)
                0x00000000c001a08e                EnvVarContainer::setEnv(char const*, char const*)
                0x00000000c001a15a                EnvVarContainer::deleteEnv(char const*)
                0x00000000c001a15c                EnvVarContainer::loadFrom(char const*, char const*)
                0x00000000c001a352                EnvVarContainer::__loadSystem()
                0x00000000c001a36c                EnvVarContainer::__loadUser()
                0x00000000c001a36e                EnvVarContainer::EnvVarContainer(Process*)
                0x00000000c001a36e                EnvVarContainer::EnvVarContainer(Process*)
                0x00000000c001a390                EnvVarContainer::~EnvVarContainer()
                0x00000000c001a390                EnvVarContainer::~EnvVarContainer()
                0x00000000c001a3c0                Krnl::getEnv(Process*, char const*)
                0x00000000c001a425                Krnl::setEnvSystem(char const*, char const*)
                0x00000000c001a43f                Krnl::setEnvUser(char const*, char const*)
                0x00000000c001a45e                Krnl::setEnvProcess(Process*, char const*, char const*)
                0x00000000c001a471                Krnl::deleteEnvSystem(char const*)
                0x00000000c001a472                Krnl::deleteEnvUser(char const*)
                0x00000000c001a473                Krnl::deleteEnvProcess(Process*, char const*)
                0x00000000c001a474                Krnl::newProcessEnv(Process*)
                0x00000000c001a496                Krnl::copyProcessEnv(Process*, Process*)
                0x00000000c001a4ea                Krnl::loadSystemEnv()
                0x00000000c001a518                Krnl::loadUserEnv()
                0x00000000c001a53e                Krnl::flushEnv()
                0x00000000c001a53f                Krnl::getProcessTotalEnvCount(Process*)
                0x00000000c001a55f                Krnl::getProcessEnvPair(Process*, int)
 .text          0x00000000c001a623      0x396 krnl/panic.32
                0x00000000c001a623                Krnl::panic(char const*)
 .text          0x00000000c001a9b9      0x3b6 net/ethernet.32
                0x00000000c001a9b9                Net::switchEndian16(unsigned short)
                0x00000000c001a9da                Net::switchEndian32(unsigned int)
                0x00000000c001aa09                Net::crc32Calc(unsigned char*, int)
                0x00000000c001aa9a                Net::wrapEthernetFrame(Net::UnwrappedEthernetFrame, unsigned char*)
                0x00000000c001abd6                Net::unwrapEthernetFrame(unsigned char*, int)
 .text          0x00000000c001ad6f      0x513 reg/registry.32
                0x00000000c001ad6f                Reg::findLineFromLoadedData(char*, char*, char*)
                0x00000000c001aec7                Reg::getLineFromRegistry(char*, char*, char*, char*)
                0x00000000c001b01c                Reg::getLine(char*, char*, char*)
                0x00000000c001b053                Reg::readInt(char*, char*, int*)
                0x00000000c001b13e                Reg::readString(char*, char*, char*, int)
                0x00000000c001b1bf                Reg::readBool(char*, char*, bool*)
                0x00000000c001b1e4                Reg::readBoolWithDefault(char*, char*, bool)
                0x00000000c001b210                Reg::readIntWithDefault(char*, char*, int)
                0x00000000c001b23c                Reg::readStringWithDefault(char*, char*, char*, int, char*)
 .text          0x00000000c001b282       0x36 sys/sc_eject.32
                0x00000000c001b282                Sys::eject(regs*)
 .text          0x00000000c001b2b8       0x18 sys/sc_exit.32
                0x00000000c001b2b8                Sys::exit(regs*)
 .text          0x00000000c001b2d0       0x1f sys/sc_getcwd.32
                0x00000000c001b2d0                Sys::getCwd(regs*)
 .text          0x00000000c001b2ef        0xc sys/sc_getpid.32
                0x00000000c001b2ef                Sys::getPID(regs*)
 .text          0x00000000c001b2fb       0x17 sys/sc_getramdata.32
                0x00000000c001b2fb                Sys::getRAMData(regs*)
 .text          0x00000000c001b312       0xa8 sys/sc_loaddll.32
                0x00000000c001b312                Sys::loadDLL(regs*)
 .text          0x00000000c001b3ba       0x68 sys/sc_read.32
                0x00000000c001b3ba                Sys::read(regs*)
 .text          0x00000000c001b422       0x9f sys/sc_sbrk.32
                0x00000000c001b422                Sys::sbrk(regs*)
 .text          0x00000000c001b4c1       0x1c sys/sc_setcwd.32
                0x00000000c001b4c1                Sys::setCwd(regs*)
 .text          0x00000000c001b4dd      0x128 sys/sc_settime.32
                0x00000000c001b4dd                Sys::setTime(regs*)
 .text          0x00000000c001b605       0x4a sys/sc_timezone.32
                0x00000000c001b605                Sys::timezone(regs*)
 .text          0x00000000c001b64f       0x68 sys/sc_write.32
                0x00000000c001b64f                Sys::write(regs*)
 .text          0x00000000c001b6b7       0x62 sys/sc_wsbe.32
                0x00000000c001b6b7                Sys::wsbe(regs*)
 .text          0x00000000c001b719       0x3b sys/sc_yield.32
                0x00000000c001b719                Sys::yield(regs*)
 .text          0x00000000c001b754     0x10e5 sys/syscalls.32
                0x00000000c001b754                sysCallSeekDir(regs*)
                0x00000000c001b759                sysCallTellDir(regs*)
                0x00000000c001b75e                sysCallVerify(regs*)
                0x00000000c001b768                sysFormatDisk(regs*)
                0x00000000c001b7d2                sysSetDiskVolumeLabel(regs*)
                0x00000000c001b818                sysGetDiskVolumeLabel(regs*)
                0x00000000c001b869                sysShutdown(regs*)
                0x00000000c001b8c7                sysCallRealpath(regs*)
                0x00000000c001b90a                sysCallGetArgc(regs*)
                0x00000000c001b938                sysCallReadDir(regs*)
                0x00000000c001b9c6                sysCallIsATTY(regs*)
                0x00000000c001ba20                sysCallSeek(regs*)
                0x00000000c001ba89                sysCallTell(regs*)
                0x00000000c001bb06                sysCallSize(regs*)
                0x00000000c001bb89                sysCallSizeFromFilename(regs*)
                0x00000000c001bc49                sysCallClose(regs*)
                0x00000000c001bcd1                sysCallOpenDir(regs*)
                0x00000000c001bd46                sysCallCloseDir(regs*)
                0x00000000c001bdac                sysCallMakeDir(regs*)
                0x00000000c001be1c                sysCallWait(regs*)
                0x00000000c001be36                sysCallNotImpl(regs*)
                0x00000000c001be51                sysPanic(regs*)
                0x00000000c001be77                sysCallRmdir(regs*)
                0x00000000c001bedb                sysCallUnlink(regs*)
                0x00000000c001bf3f                sysCallGetArgv(regs*)
                0x00000000c001bf8b                sysCallTTYName(regs*)
                0x00000000c001c00e                sysCallUSleep(regs*)
                0x00000000c001c035                sysCallSpawn(regs*)
                0x00000000c001c08d                sysCallGetEnv(regs*)
                0x00000000c001c1c5                sysAppSettings(regs*)
                0x00000000c001c2e4                sysSetFatAttrib(regs*)
                0x00000000c001c356                sysPipe(regs*)
                0x00000000c001c39b                sysGetUnixTime(regs*)
                0x00000000c001c3af                string_ends_with(char const*, char const*)
                0x00000000c001c3f7                sysCallOpen(regs*)
                0x00000000c001c60c                Sys::loadSyscalls()
                0x00000000c001c7f7                Sys::systemCall(regs*, void*)
 .text          0x00000000c001c839     0x11d4 thr/elf.32
                0x00000000c001c839                Thr::allocateMemoryForTask(Process*, File*, unsigned long, unsigned long, unsigned long)
                0x00000000c001cacb                Thr::loadProgramIntoMemory(Process*, char const*)
                0x00000000c001cce1                Thr::runtimeReferenceHelper()
                0x00000000c001ccf4                Thr::getAddressOfKernelSymbol(char const*)
                0x00000000c001cd43                Thr::loadKernelSymbolTable(char const*)
                0x00000000c001d001                Thr::loadDriverIntoMemory(char const*, unsigned long, bool)
                0x00000000c001d71d                Thr::getDriverBaseFromAddress(unsigned long)
                0x00000000c001d74f                Thr::getDriverNameFromAddress(unsigned long)
                0x00000000c001d786                Thr::getDriverOffsetFromAddress(unsigned long)
                0x00000000c001d7a0                Thr::loadDLL(char const*, bool)
                0x00000000c001d9d4                Thr::executeDLL(unsigned long, void*)
 *fill*         0x00000000c001da0d        0x1 
 .text          0x00000000c001da0e     0x1056 thr/prcssthr.32
                0x00000000c001da0e                changeTSS
                0x00000000c001da3e                Process::addArgs(char**)
                0x00000000c001da98                Process::Process(char const*, Process*, char**)
                0x00000000c001da98                Process::Process(char const*, Process*, char**)
                0x00000000c001dc7c                Process::Process(bool, char const*, Process*, char**)
                0x00000000c001dc7c                Process::Process(bool, char const*, Process*, char**)
                0x00000000c001de2b                disableIRQs()
                0x00000000c001de33                getIRQNestingLevel()
                0x00000000c001de39                enableIRQs()
                0x00000000c001de48                lockScheduler()
                0x00000000c001de4a                unlockScheduler()
                0x00000000c001de4c                userModeEntryPoint(void*)
                0x00000000c001de6f                lockStuff()
                0x00000000c001de7b                taskStartupFunction
                0x00000000c001de84                updateTimeUsed()
                0x00000000c001dee9                switchToThread(ThreadControlBlock*)
                0x00000000c001df3a                Semaphore::Semaphore(int)
                0x00000000c001df3a                Semaphore::Semaphore(int)
                0x00000000c001df68                Mutex::Mutex()
                0x00000000c001df68                Mutex::Mutex()
                0x00000000c001df7a                Process::createThread(void (*)(void*), void*, int)
                0x00000000c001e05e                Process::createUserThread()
                0x00000000c001e07a                setupMultitasking(void (*)())
                0x00000000c001e184                schedule()
                0x00000000c001e209                unlockStuff()
                0x00000000c001e23e                Semaphore::tryAcquire()
                0x00000000c001e26c                Semaphore::assertLocked(char const*)
                0x00000000c001e29c                blockTaskWithSchedulerLockAlreadyHeld(TaskState)
                0x00000000c001e2de                blockTask(TaskState)
                0x00000000c001e2ff                waitTask(int, int*, int)
                0x00000000c001e341                nanoSleepUntil(unsigned long long)
                0x00000000c001e398                nanoSleep(unsigned long long)
                0x00000000c001e3ad                sleep(unsigned long long)
                0x00000000c001e3ca                Semaphore::acquire()
                0x00000000c001e432                taskReturned
                0x00000000c001e460                unblockTask(ThreadControlBlock*)
                0x00000000c001e50f                cleanupTerminatedTask(ThreadControlBlock*)
                0x00000000c001e7d8                cleanerTaskFunction(void*)
                0x00000000c001e88b                terminateTask(int)
                0x00000000c001e96b                Thr::terminateFromIRQ(int)
                0x00000000c001e978                Semaphore::release()
 .text          0x00000000c001ea64      0xc26 vm86/vm8086.32
                0x00000000c001ea64                Vm::inbv(unsigned short)
                0x00000000c001ea77                Vm::outbv(unsigned short, unsigned char)
                0x00000000c001eaca                Vm::realToLinear(unsigned short, unsigned short)
                0x00000000c001eada                Vm::getSegment(unsigned int)
                0x00000000c001eae2                Vm::getOffset(unsigned int)
                0x00000000c001eae7                Vm::mainloop2()
                0x00000000c001eb22                Vm::mainVm8086Loop(void*)
                0x00000000c001eb2f                Vm::mainloop3(unsigned long)
                0x00000000c001eb59                Vm::initialise8086()
                0x00000000c001eb9c                Vm::finish8086()
                0x00000000c001ebe1                Vm::getOutput8086(unsigned char*)
                0x00000000c001ec0b                Vm::start8086(char const*, unsigned short, unsigned short, unsigned short, unsigned short)
                0x00000000c001ed5b                Vm::doISR(regs*, int, unsigned char*, unsigned short, unsigned short)
                0x00000000c001ede5                Vm::readByteFromReal(unsigned short, unsigned short)
                0x00000000c001edf6                Vm::readWordFromReal(unsigned short, unsigned short)
                0x00000000c001ee08                Vm::readDwordFromReal(unsigned short, unsigned short)
                0x00000000c001ee19                Vm::writeByteFromReal(unsigned short, unsigned short, unsigned char)
                0x00000000c001ee2e                Vm::writeWordFromReal(unsigned short, unsigned short, unsigned short)
                0x00000000c001ee44                Vm::writeDwordFromReal(unsigned short, unsigned short, unsigned int)
                0x00000000c001ee59                Vm::faultHandler(regs*)
 .text          0x00000000c001f68a      0xefd vm86/x87em.32
                0x00000000c001f68a                Vm::fpuInternalTo32(unsigned long long)
                0x00000000c001f6e5                Vm::fpuInternalTo64(unsigned long long)
                0x00000000c001f6ee                Vm::fpu32ToInternal(unsigned int)
                0x00000000c001f733                Vm::fpu64ToInternal(unsigned long long)
                0x00000000c001f73c                Vm::fpuFloatToLong(unsigned long long)
                0x00000000c001f797                Vm::fpuULongToFloat(unsigned long long)
                0x00000000c001f7cd                Vm::fpuLongToFloat(long long)
                0x00000000c001f823                Vm::fpuGet0()
                0x00000000c001f828                Vm::fpuGet1()
                0x00000000c001f830                Vm::fpuGetPi()
                0x00000000c001f838                Vm::fpuGetLog2E()
                0x00000000c001f850                Vm::fpuGetLogE2()
                0x00000000c001f868                Vm::fpuGetLog210()
                0x00000000c001f880                Vm::fpuGetLog102()
                0x00000000c001f898                Vm::fpuIsSecondLarger(unsigned long long, unsigned long long)
                0x00000000c001f8ac                Vm::fpuAreEqual(unsigned long long, unsigned long long)
                0x00000000c001f8c2                Vm::fpuUnorderedCompare(unsigned long long, unsigned long long)
                0x00000000c001f915                Vm::fpuAdd(unsigned long long, unsigned long long)
                0x00000000c001f926                Vm::fpuAbs(unsigned long long)
                0x00000000c001f92f                Vm::fpuChs(unsigned long long)
                0x00000000c001f93f                Vm::fpuSub(unsigned long long, unsigned long long)
                0x00000000c001f94e                Vm::fpuMultiply(unsigned long long, unsigned long long)
                0x00000000c001f96d                Vm::fpuDivide(unsigned long long, unsigned long long)
                0x00000000c001f989                Vm::fpuSquare(unsigned long long)
                0x00000000c001f99f                Vm::fpuGetReg(int)
                0x00000000c001f9e2                Vm::fpuSetReg(int, unsigned long long)
                0x00000000c001fa2d                Vm::fpuPush(unsigned long long)
                0x00000000c001fa8a                Vm::fpuPop()
                0x00000000c001fadc                Vm::x87Handler(regs*)
 *fill*         0x00000000c0020587        0x1 
 .text          0x00000000c0020588     0x10ed fs/fat/vfslink.32
                0x00000000c0020588                FAT::getName()
                0x00000000c002058e                FAT::tell(void*, unsigned long long*)
                0x00000000c00205c2                FAT::stat(void*, unsigned long long*)
                0x00000000c00205f6                FAT::~FAT()
                0x00000000c00205f6                FAT::~FAT()
                0x00000000c002061a                FAT::~FAT()
                0x00000000c0020642                FAT::getlabel(LogicalDisk*, int, char*, unsigned int*)
                0x00000000c00206e0                FAT::setlabel(LogicalDisk*, int, char*)
                0x00000000c002079a                FAT::format(LogicalDisk*, int, char const*, int)
                0x00000000c002097e                FAT::tryMount(LogicalDisk*, int)
                0x00000000c0020b84                FAT::readDir(void*, unsigned long, void*, int*)
                0x00000000c0020c8a                FAT::read(void*, unsigned long, void*, int*)
                0x00000000c0020ce4                FAT::write(void*, unsigned long, void*, int*)
                0x00000000c0020d3e                FAT::close(void*)
                0x00000000c0020d8a                FAT::closeDir(void*)
                0x00000000c0020dd6                FAT::seek(void*, unsigned long long)
                0x00000000c0020e2a                fatWrapperReadDisk
                0x00000000c0020e71                fatWrapperWriteDisk
                0x00000000c0020eb8                fatWrapperIoctl
                0x00000000c0020fbc                FAT::FAT()
                0x00000000c0020fbc                FAT::FAT()
                0x00000000c002100e                FAT::fixFilepath(char*)
                0x00000000c0021046                FAT::open(char const*, void**, FileOpenMode)
                0x00000000c002116e                FAT::openDir(char const*, void**)
                0x00000000c0021214                FAT::stat(char const*, unsigned long long*, bool*)
                0x00000000c00212fe                FAT::unlink(char const*)
                0x00000000c0021378                FAT::chfatattr(char const*, unsigned char, unsigned char)
                0x00000000c00214cc                FAT::rename(char const*, char const*)
                0x00000000c0021590                FAT::mkdir(char const*)
                0x00000000c002160a                FAT::exists(char const*)
 *fill*         0x00000000c0021675        0x1 
 .text          0x00000000c0021676      0xbc1 fs/iso9660/vfslink.32
                0x00000000c0021676                ISO9660::format(LogicalDisk*, int, char const*, int)
                0x00000000c002167c                ISO9660::seek(void*, unsigned long long)
                0x00000000c00216ac                ISO9660::tell(void*, unsigned long long*)
                0x00000000c00216d0                ISO9660::getName()
                0x00000000c00216d6                ISO9660::stat(void*, unsigned long long*)
                0x00000000c00216fa                ISO9660::chfatattr(char const*, unsigned char, unsigned char)
                0x00000000c0021700                ISO9660::unlink(char const*)
                0x00000000c0021706                ISO9660::write(void*, unsigned long, void*, int*)
                0x00000000c002170c                ISO9660::rename(char const*, char const*)
                0x00000000c0021712                ISO9660::mkdir(char const*)
                0x00000000c0021718                ISO9660::close(void*)
                0x00000000c002173a                ISO9660::closeDir(void*)
                0x00000000c002175c                ISO9660::~ISO9660()
                0x00000000c002175c                ISO9660::~ISO9660()
                0x00000000c0021780                ISO9660::~ISO9660()
                0x00000000c00217a7                __memmem(unsigned char*, int, unsigned char*, int)
                0x00000000c00217e9                readSectorFromCDROM(unsigned int, unsigned char*, char)
                0x00000000c0021850                ISO9660::tryMount(LogicalDisk*, int)
                0x00000000c00218a0                ISO9660::read(void*, unsigned long, void*, int*)
                0x00000000c0021aa0                ISO9660::readDir(void*, unsigned long, void*, int*)
                0x00000000c0021d2d                readRoot(unsigned int*, unsigned int*, char)
                0x00000000c0021d82                readRecursively(char*, unsigned int, unsigned int, unsigned int*, unsigned int*, char, int*)
                0x00000000c0021f55                getFileData(char*, unsigned int*, unsigned int*, char, int*)
                0x00000000c0021fe4                ISO9660::open(char const*, void**, FileOpenMode)
                0x00000000c00220a4                ISO9660::exists(char const*)
                0x00000000c00220c8                ISO9660::stat(char const*, unsigned long long*, bool*)
                0x00000000c002215c                ISO9660::openDir(char const*, void**)
                0x00000000c0022214                ISO9660::ISO9660()
                0x00000000c0022214                ISO9660::ISO9660()
 *fill*         0x00000000c0022237        0x1 
 .text          0x00000000c0022238      0x326 hal/sound/sndchannel.32
                0x00000000c0022238                SoundChannel::~SoundChannel()
                0x00000000c0022238                SoundChannel::~SoundChannel()
                0x00000000c0022254                SoundChannel::setSpeed(float)
                0x00000000c0022260                SoundChannel::getSpeed()
                0x00000000c0022268                SoundChannel::setVolume(int)
                0x00000000c0022284                SoundChannel::getVolume()
                0x00000000c002228c                SoundChannel::pause()
                0x00000000c0022296                SoundChannel::SoundChannel(int, int, int, int)
                0x00000000c0022296                SoundChannel::SoundChannel(int, int, int, int)
                0x00000000c00223ec                SoundChannel::play()
                0x00000000c00223f6                SoundChannel::paused()
                0x00000000c00223fe                SoundChannel::getSampleRate()
                0x00000000c0022406                SoundChannel::getBits()
                0x00000000c002240e                SoundChannel::getBufferUsed()
                0x00000000c0022416                SoundChannel::getBufferSize()
                0x00000000c002241e                SoundChannel::unbuffer(float*, int, int)
                0x00000000c00224be                SoundChannel::buffer8(unsigned char*, int)
 .text          0x00000000c002255e      0x3d5 hal/sound/sndhw.32
                0x00000000c002255e                SoundDevice::SoundDevice(char const*)
                0x00000000c002255e                SoundDevice::SoundDevice(char const*)
                0x00000000c00225ca                SoundDevice::~SoundDevice()
                0x00000000c00225ca                SoundDevice::~SoundDevice()
                0x00000000c0022644                SoundDevice::~SoundDevice()
                0x00000000c002266e                SoundDevice::getFreeChannelNum()
                0x00000000c0022688                SoundDevice::addChannel(SoundChannel*)
                0x00000000c00226f8                SoundDevice::removeChannel(int)
                0x00000000c002272a                SoundDevice::floatTo8(float*, unsigned char*, int)
                0x00000000c0022812                SoundDevice::getAudio(int, float*, float*)
 .text          0x00000000c0022933        0x0 hw/bus/isa.32
 *fill*         0x00000000c0022933        0x1 
 .text          0x00000000c0022934      0x6c3 hw/bus/pci.32
                0x00000000c0022934                PCI::open(int, int, void*)
                0x00000000c0022948                PCI::close(int, int, void*)
                0x00000000c002294c                PCI::PCI()
                0x00000000c002294c                PCI::PCI()
                0x00000000c00229cc                PCI::pciReadWord(unsigned char, unsigned char, unsigned char, unsigned char)
                0x00000000c0022a14                PCI::getVendorID(unsigned char, unsigned char, unsigned char)
                0x00000000c0022a36                PCI::getHeaderType(unsigned char, unsigned char, unsigned char)
                0x00000000c0022a5a                PCI::getClassCode(unsigned char, unsigned char, unsigned char)
                0x00000000c0022a9e                PCI::getProgIF(unsigned char, unsigned char, unsigned char)
                0x00000000c0022ac2                PCI::getRevisionID(unsigned char, unsigned char, unsigned char)
                0x00000000c0022ae4                PCI::getInterruptNumber(unsigned char, unsigned char, unsigned char)
                0x00000000c0022b06                PCI::getSecondaryBus(unsigned char, unsigned char, unsigned char)
                0x00000000c0022b2a                PCI::getBARAddress(unsigned char, unsigned char, unsigned char, unsigned char)
                0x00000000c0022b8a                PCI::pciWriteWord(unsigned char, unsigned char, unsigned char, unsigned char, unsigned short)
                0x00000000c0022bf6                PCI::checkBus(unsigned char)
                0x00000000c0022c1a                PCI::foundDevice(PCIDeviceInfo)
                0x00000000c0022d8c                PCI::getDeviceData(unsigned char, unsigned char, unsigned char)
                0x00000000c0022f38                PCI::checkDevice(unsigned char, unsigned char)
                0x00000000c0022fa4                PCI::detect()
 *fill*         0x00000000c0022ff7        0x1 
 .text          0x00000000c0022ff8      0xc70 hw/diskctrl/ide.32
                0x00000000c0022ff8                IDE::close(int, int, void*)
                0x00000000c0022ffc                IDE::IDE()
                0x00000000c0022ffc                IDE::IDE()
                0x00000000c0023030                IDE::prepareInterrupt(unsigned char)
                0x00000000c0023042                selectDrive(unsigned char, unsigned char)
                0x00000000c0023044                IDE::getBase(unsigned char)
                0x00000000c0023056                IDE::write(unsigned char, unsigned char, unsigned char)
                0x00000000c0023116                IDE::read(unsigned char, unsigned char)
                0x00000000c00231c4                IDE::waitInterrupt(unsigned char)
                0x00000000c002322a                ideChannel0IRQHandler(regs*, void*)
                0x00000000c0023246                ideChannel1IRQHandler(regs*, void*)
                0x00000000c0023262                IDE::enableIRQs(unsigned char, bool)
                0x00000000c00232a8                IDE::open(int, int, void*)
                0x00000000c00236b8                IDE::readBuffer(unsigned char, unsigned char, unsigned int, unsigned int)
                0x00000000c0023784                IDE::detect()
                0x00000000c0023a6c                IDE::printError(unsigned char, unsigned char, unsigned char)
                0x00000000c0023c02                IDE::polling(unsigned char, unsigned int)
 .text          0x00000000c0023c68      0x390 hw/diskctrl/satabus.32
                0x00000000c0023c68                SATABus::close(int, int, void*)
                0x00000000c0023c6c                SATABus::detect()
                0x00000000c0023c6e                SATABus::SATABus()
                0x00000000c0023c6e                SATABus::SATABus()
                0x00000000c0023d1a                SATABus::findCmdslot(SATABus::tagHBA_PORT volatile*)
                0x00000000c0023d62                SATABus::checkType(SATABus::tagHBA_PORT volatile*)
                0x00000000c0023daa                SATABus::startCmd(SATABus::tagHBA_PORT volatile*)
                0x00000000c0023dca                SATABus::stopCmd(SATABus::tagHBA_PORT volatile*)
                0x00000000c0023df4                SATABus::portRebase(SATABus::tagHBA_PORT volatile*, int)
                0x00000000c0023efa                SATABus::probePort(SATABus::tagHBA_MEM volatile*)
                0x00000000c0023fd8                SATABus::open(int, int, void*)
 .text          0x00000000c0023ff8      0x63c hw/diskphys/ata.32
                0x00000000c0023ff8                ATA::close(int, int, void*)
                0x00000000c002401c                ATA::powerSaving(PowerSavingLevel)
                0x00000000c002401e                ATA::ATA()
                0x00000000c002401e                ATA::ATA()
                0x00000000c002404c                ATA::flush(bool)
                0x00000000c0024096                ATA::readyForCommand()
                0x00000000c00240e6                ATA::access(unsigned long long, int, void*, bool)
                0x00000000c002446e                ATA::read(unsigned long long, int, void*)
                0x00000000c00244d6                ATA::write(unsigned long long, int, void*)
                0x00000000c002453e                ATA::detectCHS()
                0x00000000c0024568                ATA::open(int, int, void*)
 .text          0x00000000c0024634      0x5bd hw/diskphys/atapi.32
                0x00000000c0024634                ATAPI::write(unsigned long long, int, void*)
                0x00000000c002463a                ATAPI::close(int, int, void*)
                0x00000000c002465e                ATAPI::ATAPI()
                0x00000000c002465e                ATAPI::ATAPI()
                0x00000000c002468c                ATAPI::readyForCommand()
                0x00000000c00246dc                ATAPI::sendPacket(unsigned char*, int, bool, unsigned short*, int)
                0x00000000c002499c                ATAPI::diskRemoved()
                0x00000000c00249b8                ATAPI::eject()
                0x00000000c0024a00                ATAPI::diskInserted()
                0x00000000c0024a2e                ATAPI::detectMedia()
                0x00000000c0024aea                ATAPI::open(int, int, void*)
                0x00000000c0024b72                ATAPI::read(unsigned long long, int, void*)
 *fill*         0x00000000c0024bf1        0x1 
 .text          0x00000000c0024bf2      0x455 hw/diskphys/sata.32
                0x00000000c0024bf2                SATA::close(int, int, void*)
                0x00000000c0024c16                SATA::powerSaving(PowerSavingLevel)
                0x00000000c0024c18                SATA::open(int, int, void*)
                0x00000000c0024cc6                SATA::SATA()
                0x00000000c0024cc6                SATA::SATA()
                0x00000000c0024cf4                SATA::access(unsigned long long, int, void*, bool)
                0x00000000c0024f5a                SATA::read(unsigned long long, int, void*)
                0x00000000c0024fc2                SATA::write(unsigned long long, int, void*)
 *fill*         0x00000000c0025047        0x1 
 .text          0x00000000c0025048      0x500 hw/diskphys/satapi.32
                0x00000000c0025048                SATAPI::write(unsigned long long, int, void*)
                0x00000000c002504e                SATAPI::close(int, int, void*)
                0x00000000c0025072                SATAPI::SATAPI()
                0x00000000c0025072                SATAPI::SATAPI()
                0x00000000c00250a0                SATAPI::diskRemoved()
                0x00000000c00250bc                SATAPI::diskInserted()
                0x00000000c00250ea                SATAPI::sendPacket(unsigned char*, int, unsigned long long, unsigned short*, int)
                0x00000000c00252ee                SATAPI::eject()
                0x00000000c0025336                SATAPI::detectMedia()
                0x00000000c00253f8                SATAPI::open(int, int, void*)
                0x00000000c00254a6                SATAPI::read(unsigned long long, int, void*)
 .text          0x00000000c0025548       0x8e hw/fpu/avx.32
                0x00000000c0025548                AVX::open(int, int, void*)
                0x00000000c002555a                AVX::close(int, int, void*)
                0x00000000c002556c                AVX::available()
                0x00000000c002557e                AVX::save(void*)
                0x00000000c0025596                AVX::load(void*)
                0x00000000c00255ae                AVX::AVX()
                0x00000000c00255ae                AVX::AVX()
 .text          0x00000000c00255d6       0x90 hw/fpu/mmx.32
                0x00000000c00255d6                MMX::available()
                0x00000000c00255ea                MMX::open(int, int, void*)
                0x00000000c00255fc                MMX::close(int, int, void*)
                0x00000000c002560e                MMX::save(void*)
                0x00000000c0025626                MMX::load(void*)
                0x00000000c002563e                MMX::MMX()
                0x00000000c002563e                MMX::MMX()
 .text          0x00000000c0025666       0x96 hw/fpu/sse.32
                0x00000000c0025666                SSE::open(int, int, void*)
                0x00000000c0025678                SSE::close(int, int, void*)
                0x00000000c002568a                SSE::available()
                0x00000000c00256a4                SSE::save(void*)
                0x00000000c00256bc                SSE::load(void*)
                0x00000000c00256d4                SSE::SSE()
                0x00000000c00256d4                SSE::SSE()
 .text          0x00000000c00256fc       0x8e hw/fpu/x87.32
                0x00000000c00256fc                x87::open(int, int, void*)
                0x00000000c002570e                x87::close(int, int, void*)
                0x00000000c0025720                x87::available()
                0x00000000c0025732                x87::save(void*)
                0x00000000c002574a                x87::load(void*)
                0x00000000c0025762                x87::x87()
                0x00000000c0025762                x87::x87()
 .text          0x00000000c002578a      0x71e hw/intctrl/apic.32
                0x00000000c002578a                APIC::disable()
                0x00000000c002578c                APIC::close(int, int, void*)
                0x00000000c00257ae                IOAPIC::close(int, int, void*)
                0x00000000c00257b4                APIC::io_wait()
                0x00000000c00257ba                APIC::getBase()
                0x00000000c00257fc                APIC::eoi(unsigned char)
                0x00000000c002582a                APIC::open(int, int, void*)
                0x00000000c0025978                IOAPIC::IOAPIC()
                0x00000000c0025978                IOAPIC::IOAPIC()
                0x00000000c00259a0                APIC::APIC()
                0x00000000c00259a0                APIC::APIC()
                0x00000000c0025a7c                IOAPIC::handlesGSIWithNumber(unsigned int)
                0x00000000c0025aae                IOAPIC::read(int)
                0x00000000c0025ad6                IOAPIC::open(int, int, void*)
                0x00000000c0025bcc                IOAPIC::write(int, int)
                0x00000000c0025bf8                IOAPIC::redirect(unsigned char, unsigned long long, unsigned char, bool, bool)
                0x00000000c0025cf2                APIC::installIRQHandler(int, void (*)(regs*, void*), bool, void*)
 .text          0x00000000c0025ea8      0x3d3 hw/intctrl/pic.32
                0x00000000c0025ea8                PIC::disable()
                0x00000000c0025ed6                PIC::close(int, int, void*)
                0x00000000c0025ef8                PIC::PIC()
                0x00000000c0025ef8                PIC::PIC()
                0x00000000c0025fce                PIC::ioWait()
                0x00000000c0025fd4                PIC::getIRQReg(int)
                0x00000000c002603e                PIC::eoi(unsigned char)
                0x00000000c00260d0                PIC::remap()
                0x00000000c002623c                PIC::open(int, int, void*)
 *fill*         0x00000000c002627b        0x1 
 .text          0x00000000c002627c      0x25e hw/timer/apictimer.32
                0x00000000c002627c                APICTimer::close(int, int, void*)
                0x00000000c0026282                apicTimerHandler(regs*, void*)
                0x00000000c00262b0                APICTimer::write(int)
                0x00000000c00263b4                APICTimer::open(int, int, void*)
                0x00000000c00264b2                APICTimer::APICTimer()
                0x00000000c00264b2                APICTimer::APICTimer()
 .text          0x00000000c00264da      0x1a7 hw/timer/pit.32
                0x00000000c00264da                PIT::write(int)
                0x00000000c0026558                pitHandler(regs*, void*)
                0x00000000c0026584                PIT::open(int, int, void*)
                0x00000000c00265d2                PIT::close(int, int, void*)
                0x00000000c0026602                PIT::PIT()
                0x00000000c0026602                PIT::PIT()
 *fill*         0x00000000c0026681        0xf 
 .text          0x00000000c0026690       0x1e hw/fpu/x86/avx.32
                0x00000000c0026690                avxDetect
                0x00000000c0026696                avxSave
                0x00000000c0026697                avxLoad
                0x00000000c0026698                avxInit
                0x00000000c0026699                avxClose
                0x00000000c002669a                wouldSheSayYes
 *fill*         0x00000000c00266ae        0x2 
 .text          0x00000000c00266b0       0x35 hw/fpu/x86/sse.32
                0x00000000c00266b0                absolutelyNoChanceInHell
                0x00000000c00266b0                sseDetect
                0x00000000c00266c8                sseSave
                0x00000000c00266ce                sseLoad
                0x00000000c00266d4                sseInit
                0x00000000c00266e4                sseClose
 *fill*         0x00000000c00266e5        0xb 
 .text          0x00000000c00266f0       0x47 hw/fpu/x86/x87.32
                0x00000000c00266f6                x87Detect
                0x00000000c0026711                x87Save
                0x00000000c0026717                x87Load
                0x00000000c002671c                x87Init
                0x00000000c0026736                x87Close
 *fill*         0x00000000c0026737        0x1 
 .text          0x00000000c0026738       0x25 /cygdrive/d/Users/Alex/Desktop/Toolchain/Output/bin/../lib/gcc/i386-banana/8.1.0/crtend.o
 .text          0x00000000c002675d        0x0 crtn.32
 *fill*         0x00000000c002675d        0x3 
 .text          0x00000000c0026760      0x14b /cygdrive/d/Users/Alex/Desktop/Toolchain/Output/bin/../lib/gcc/i386-banana/8.1.0/libkgcc.a(_divdi3.o)
                0x00000000c0026760                __divdi3
 *fill*         0x00000000c00268ab        0x1 
 .text          0x00000000c00268ac      0x17e /cygdrive/d/Users/Alex/Desktop/Toolchain/Output/bin/../lib/gcc/i386-banana/8.1.0/libkgcc.a(_moddi3.o)
                0x00000000c00268ac                __moddi3
 *fill*         0x00000000c0026a2a        0x2 
 .text          0x00000000c0026a2c       0xff /cygdrive/d/Users/Alex/Desktop/Toolchain/Output/bin/../lib/gcc/i386-banana/8.1.0/libkgcc.a(_udivdi3.o)
                0x00000000c0026a2c                __udivdi3
 *fill*         0x00000000c0026b2b        0x1 
 .text          0x00000000c0026b2c      0x11a /cygdrive/d/Users/Alex/Desktop/Toolchain/Output/bin/../lib/gcc/i386-banana/8.1.0/libkgcc.a(_umoddi3.o)
                0x00000000c0026b2c                __umoddi3
 .text          0x00000000c0026c46      0x96d D:/Users/Alex/Desktop/Banana/kernel/libsoftfp.a(sfieeelib.o)
                0x00000000c0026c46                __addsf3
                0x00000000c0026f48                __subsf3
                0x00000000c0026f5c                __negsf2
                0x00000000c0026f69                __mulsf3
                0x00000000c002712c                __divsf3
                0x00000000c0027357                __floatsisf
                0x00000000c00273cb                __floatunsisf
                0x00000000c002740d                __fixsfsi
                0x00000000c002746f                __fixunssfsi
                0x00000000c00274a0                __cmpsf2