Archive member included to satisfy reference by file (symbol)

/cygdrive/d/Users/Alex/Desktop/Toolchain/Output/bin/../lib/gcc/i386-banana/8.1.0/libkgcc.a(_divdi3.o)
                              fs/fat/ff.32 (__divdi3)
/cygdrive/d/Users/Alex/Desktop/Toolchain/Output/bin/../lib/gcc/i386-banana/8.1.0/libkgcc.a(_moddi3.o)
                              compat/resolve.32 (__moddi3)
/cygdrive/d/Users/Alex/Desktop/Toolchain/Output/bin/../lib/gcc/i386-banana/8.1.0/libkgcc.a(_udivdi3.o)
                              fs/fat/ff.32 (__udivdi3)
/cygdrive/d/Users/Alex/Desktop/Toolchain/Output/bin/../lib/gcc/i386-banana/8.1.0/libkgcc.a(_umoddi3.o)
                              compat/resolve.32 (__umoddi3)
D:/Users/Alex/Desktop/Banana/kernel/libsoftfp.a(sfieeelib.o)
                              hal/sound/sndhw.32 (__addsf3)
D:/Users/Alex/Desktop/Banana/kernel/libsoftfp.a(dfieeelib.o)
                              hal/libresample/src_linear.32 (__adddf3)
D:/Users/Alex/Desktop/Banana/kernel/libsoftfp.a(sfdfcvt.o)
                              hal/libresample/samplerate.32 (__truncdfsf2)
D:/Users/Alex/Desktop/Banana/kernel/libk/libm32.a(s_fabs.c.o)
                              hal/libresample/samplerate.32 (fabs)
D:/Users/Alex/Desktop/Banana/kernel/libk/libm32.a(s_lrint.S.o)
                              hal/libresample/samplerate.32 (lrint)
D:/Users/Alex/Desktop/Banana/kernel/libk/libm32.a(s_lrintf.S.o)
                              hal/sound/sndhw.32 (lrintf)

Discarded input sections

 .comment       0x0000000000000000       0x12 /cygdrive/d/Users/Alex/Desktop/Toolchain/Output/bin/../lib/gcc/i386-banana/8.1.0/crtbegin.o
 .comment       0x0000000000000000       0x12 acpica/utclib.32
 .comment       0x0000000000000000       0x12 core/malloc.32
 .comment       0x0000000000000000       0x12 libk/string.32
 .comment       0x0000000000000000       0x12 fs/fat/diskio.32
 .comment       0x0000000000000000       0x12 fs/fat/ff.32
 .comment       0x0000000000000000       0x12 fs/fat/ffsystem.32
 .comment       0x0000000000000000       0x12 fs/fat/ffunicode.32
 .comment       0x0000000000000000       0x12 hal/libresample/samplerate.32
 .comment       0x0000000000000000       0x12 hal/libresample/src_linear.32
 .comment       0x0000000000000000       0x12 hal/libresample/src_sinc.32
 .comment       0x0000000000000000       0x12 hal/libresample/src_zoh.32
 .comment       0x0000000000000000       0x12 compat/inlines.32
 .comment       0x0000000000000000       0x12 compat/resolve.32
 .group         0x0000000000000000       0x14 core/computer.32
 .group         0x0000000000000000        0xc core/computer.32
 .comment       0x0000000000000000       0x12 core/computer.32
 .comment       0x0000000000000000       0x12 core/gdt.32
 .group         0x0000000000000000        0xc core/idle.32
 .comment       0x0000000000000000       0x12 core/idle.32
 .comment       0x0000000000000000       0x12 core/idt.32
 .comment       0x0000000000000000       0x12 core/kheap.32
 .comment       0x0000000000000000       0x12 core/main.32
 .comment       0x0000000000000000       0x12 core/physmgr.32
 .group         0x0000000000000000        0xc core/pipe.32
 .comment       0x0000000000000000       0x12 core/pipe.32
 .group         0x0000000000000000        0xc core/terminal.32
 .comment       0x0000000000000000       0x12 core/terminal.32
 .comment       0x0000000000000000       0x12 core/tss.32
 .group         0x0000000000000000        0x8 core/unixfile.32
 .group         0x0000000000000000        0xc core/unixfile.32
 .group         0x0000000000000000        0xc core/unixfile.32
 .group         0x0000000000000000        0x8 core/unixfile.32
 .group         0x0000000000000000        0xc core/unixfile.32
 .group         0x0000000000000000        0x8 core/unixfile.32
 .group         0x0000000000000000        0xc core/unixfile.32
 .group         0x0000000000000000        0xc core/unixfile.32
 .comment       0x0000000000000000       0x12 core/unixfile.32
 .comment       0x0000000000000000       0x12 core/virtmgr.32
 .comment       0x0000000000000000       0x12 coreobjs/c++.32
 .comment       0x0000000000000000       0x12 dbg/kconsole.32
 .group         0x0000000000000000        0xc fs/vfs.32
 .group         0x0000000000000000        0xc fs/vfs.32
 .group         0x0000000000000000        0xc fs/vfs.32
 .comment       0x0000000000000000       0x12 fs/vfs.32
 .group         0x0000000000000000        0xc hal/bus.32
 .comment       0x0000000000000000       0x12 hal/bus.32
 .group         0x0000000000000000        0xc hal/buzzer.32
 .comment       0x0000000000000000       0x12 hal/buzzer.32
 .group         0x0000000000000000        0xc hal/clock.32
 .comment       0x0000000000000000       0x12 hal/clock.32
 .group         0x0000000000000000       0x14 hal/device.32
 .group         0x0000000000000000        0xc hal/device.32
 .group         0x0000000000000000        0xc hal/device.32
 .group         0x0000000000000000        0xc hal/device.32
[...]
Memory Configuration

Name             Origin             Length             Attributes
*default*        0x0000000000000000 0xffffffffffffffff

Linker script and memory map

LOAD D:/Users/Alex/Desktop/Banana/kernel/boot.32
LOAD crti.32
LOAD /cygdrive/d/Users/Alex/Desktop/Toolchain/Output/bin/../lib/gcc/i386-banana/8.1.0/crtbegin.o
LOAD D:/Users/Alex/Desktop/Banana/kernel/morenasm.32
LOAD acpica/utclib.32
LOAD core/malloc.32
LOAD libk/string.32
LOAD fs/fat/diskio.32
LOAD fs/fat/ff.32
LOAD fs/fat/ffsystem.32
LOAD fs/fat/ffunicode.32
LOAD hal/libresample/samplerate.32
LOAD hal/libresample/src_linear.32
LOAD hal/libresample/src_sinc.32
LOAD hal/libresample/src_zoh.32
LOAD compat/inlines.32
LOAD compat/resolve.32
LOAD core/computer.32
LOAD core/gdt.32
LOAD core/idle.32
LOAD core/idt.32
LOAD core/kheap.32
LOAD core/main.32
LOAD core/physmgr.32
LOAD core/pipe.32
LOAD core/terminal.32
LOAD core/tss.32
LOAD core/unixfile.32
LOAD core/virtmgr.32
LOAD coreobjs/c++.32
LOAD dbg/kconsole.32
LOAD fs/vfs.32
LOAD hal/bus.32
LOAD hal/buzzer.32
LOAD hal/clock.32
LOAD hal/device.32
LOAD hal/diskctrl.32
LOAD hal/diskphys.32
LOAD hal/fpu.32
LOAD hal/intctrl.32
LOAD hal/keybrd.32
LOAD hal/logidisk.32
LOAD hal/mouse.32
LOAD hal/partition.32
LOAD hal/serial.32
LOAD hal/timer.32
LOAD hal/vcache.32
LOAD hal/video.32
LOAD hw/acpi.32
LOAD hw/cpu.32
LOAD hw/ports.32
LOAD hw/smp.32
LOAD krnl/env.32
LOAD krnl/panic.32
LOAD net/ethernet.32
LOAD reg/registry.32
LOAD sys/sc_eject.32
LOAD sys/sc_exit.32
LOAD sys/sc_getcwd.32
LOAD sys/sc_getpid.32
LOAD sys/sc_getramdata.32
LOAD sys/sc_loaddll.32
LOAD sys/sc_read.32
LOAD sys/sc_sbrk.32
LOAD sys/sc_setcwd.32
LOAD sys/sc_settime.32
LOAD sys/sc_timezone.32
LOAD sys/sc_write.32
LOAD sys/sc_wsbe.32
LOAD sys/sc_yield.32
LOAD sys/syscalls.32
LOAD thr/elf.32
LOAD thr/prcssthr.32
LOAD vm86/vm8086.32
LOAD vm86/x87em.32
LOAD fs/fat/vfslink.32
LOAD fs/iso9660/vfslink.32
LOAD hal/sound/sndchannel.32
LOAD hal/sound/sndhw.32
LOAD hw/bus/isa.32
LOAD hw/bus/pci.32
LOAD hw/diskctrl/ide.32
LOAD hw/diskctrl/satabus.32
LOAD hw/diskphys/ata.32
LOAD hw/diskphys/atapi.32
LOAD hw/diskphys/sata.32
LOAD hw/diskphys/satapi.32
LOAD hw/fpu/avx.32
LOAD hw/fpu/mmx.32
LOAD hw/fpu/sse.32
LOAD hw/fpu/x87.32
LOAD hw/intctrl/apic.32
LOAD hw/intctrl/pic.32
LOAD hw/timer/apictimer.32
LOAD hw/timer/pit.32
LOAD hw/fpu/x86/avx.32
LOAD hw/fpu/x86/sse.32
LOAD hw/fpu/x86/x87.32
LOAD /cygdrive/d/Users/Alex/Desktop/Toolchain/Output/bin/../lib/gcc/i386-banana/8.1.0/crtend.o
LOAD crtn.32
LOAD /cygdrive/d/Users/Alex/Desktop/Toolchain/Output/bin/../lib/gcc/i386-banana/8.1.0/libkgcc.a
LOAD D:/Users/Alex/Desktop/Banana/kernel/libsoftfp.a
LOAD D:/Users/Alex/Desktop/Banana/kernel/libk/libm32.a
                0x00000000c0000000                . = 0xc0000000

.text           0x00000000c0000000    0x28688
 *(.text)
 .text          0x00000000c0000000       0x41 D:/Users/Alex/Desktop/Banana/kernel/boot.32
                0x00000000c0000020                callGlobalConstructors
 .text          0x00000000c0000041        0x0 crti.32
 *fill*         0x00000000c0000041        0x3 
 .text          0x00000000c0000044      0x101 /cygdrive/d/Users/Alex/Desktop/Toolchain/Output/bin/../lib/gcc/i386-banana/8.1.0/crtbegin.o
 *fill*         0x00000000c0000145        0xb 
 .text          0x00000000c0000150      0x4ed D:/Users/Alex/Desktop/Banana/kernel/morenasm.32
                0x00000000c0000150                manualPCIProbe
                0x00000000c000019b                prepareTramp
                0x00000000c00001b4                voodooXADD
                0x00000000c000027f                doTPAUSE
                0x00000000c0000289                hasLegacyFPU
                0x00000000c00002ae                is486
                0x00000000c00002e4                detectCPUID
                0x00000000c00002fa                goToVM86
                0x00000000c000032a                goToUsermode
                0x00000000c0000354                switchToThreadASMFirstTime
                0x00000000c0000362                switchToThreadASM
                0x00000000c00003ea                asmQuickAcquireLock
                0x00000000c0000408                asmQuickReleaseLock
                0x00000000c0000414                asmAcquireLock
                0x00000000c0000435                asmReleaseLock
                0x00000000c0000448                loadGDT
                0x00000000c0000468                isr0
                0x00000000c0000478                isr1
                0x00000000c0000482                isr2
                0x00000000c000048c                isr3
                0x00000000c0000496                isr4
                0x00000000c00004a0                isr5
                0x00000000c00004aa                isr6
                0x00000000c00004b4                isr7
                0x00000000c00004be                isr8
                0x00000000c00004c6                isr9
                0x00000000c00004d0                isr10
                0x00000000c00004d8                isr11
                0x00000000c00004e0                isr12
                0x00000000c00004e8                isr13
                0x00000000c00004f0                isr14
                0x00000000c00004f8                isr15
                0x00000000c0000502                isr16
                0x00000000c000050c                isr17
                0x00000000c0000516                isr18
                0x00000000c0000520                irq3
                0x00000000c000052a                irq4
                0x00000000c0000534                irq5
                0x00000000c000053e                irq6
                0x00000000c0000548                irq7
                0x00000000c0000552                irq8
                0x00000000c000055c                irq9
                0x00000000c0000566                irq10
                0x00000000c0000570                irq11
                0x00000000c000057a                irq12
                0x00000000c0000584                irq13
                0x00000000c000058e                irq14
                0x00000000c0000598                irq15
                0x00000000c00005a2                irq1
                0x00000000c00005a9                irq2
                0x00000000c00005b0                isr96
                0x00000000c00005b7                irq0
                0x00000000c00005bc                int_common_stub
                0x00000000c00005bc                syscall_common_stub
                0x00000000c00005ed                irq16
                0x00000000c00005f7                irq17
                0x00000000c0000601                irq18
                0x00000000c000060b                irq19
                0x00000000c0000615                irq20
                0x00000000c000061f                irq21
                0x00000000c0000629                irq22
                0x00000000c0000633                irq23
 *fill*         0x00000000c000063d        0x3 
 .text          0x00000000c0000640      0x611 acpica/utclib.32
                0x00000000c0000640                memcmp
                0x00000000c000067c                memmove
                0x00000000c0000744                memcpy
                0x00000000c0000778                memset
                0x00000000c0000794                strlen
                0x00000000c00007ac                strpbrk
                0x00000000c00007e8                strtok
                0x00000000c0000834                strcpy
                0x00000000c0000858                strncpy
                0x00000000c00008c0                strcmp
                0x00000000c0000900                strchr
                0x00000000c0000924                strncmp
                0x00000000c0000974                strcat
                0x00000000c00009a4                strncat
                0x00000000c00009e0                strstr
                0x00000000c0000a28                toupper
                0x00000000c0000a3c                tolower
                0x00000000c0000a50                simple_strtoul
 .text          0x00000000c0000c51      0xfbf core/malloc.32
                0x00000000c0000dbc                dlfree
                0x00000000c0001117                dlmalloc
                0x00000000c0001654                dlrealloc
                0x00000000c0001809                dlmemalign
                0x00000000c000192c                dlcalloc
                0x00000000c00019c6                dlcfree
                0x00000000c00019cb                dlindependent_calloc
                0x00000000c00019f0                dlindependent_comalloc
                0x00000000c0001a07                dlvalloc
                0x00000000c0001a32                dlpvalloc
                0x00000000c0001a68                dlmalloc_trim
                0x00000000c0001a75                dlmalloc_usable_size
                0x00000000c0001aa6                dlmallinfo
                0x00000000c0001b75                dlmalloc_stats
                0x00000000c0001b86                dlmallopt
 .text          0x00000000c0001c10        0x0 libk/string.32
 .text          0x00000000c0001c10       0x51 fs/fat/diskio.32
                0x00000000c0001c10                disk_status
                0x00000000c0001c13                disk_initialize
                0x00000000c0001c16                disk_read
                0x00000000c0001c2c                disk_write
                0x00000000c0001c42                disk_ioctl
 .text          0x00000000c0001c61     0x6833 fs/fat/ff.32
                0x00000000c0004f2f                f_mount
                0x00000000c0004f91                f_open
                0x00000000c00053cd                f_read
                0x00000000c000564d                f_write
                0x00000000c0005907                f_sync
                0x00000000c0005ae3                f_close
                0x00000000c0005b12                f_lseek
                0x00000000c0005fc9                f_opendir
                0x00000000c00060cb                f_closedir
                0x00000000c00060ed                f_readdir
                0x00000000c0006188                f_stat
                0x00000000c0006217                f_getfree
                0x00000000c00063e2                f_truncate
                0x00000000c00064da                f_unlink
                0x00000000c000665d                f_mkdir
                0x00000000c0006889                f_rename
                0x00000000c0006b7c                f_chmod
                0x00000000c0006c5a                f_utime
                0x00000000c0006d38                f_getlabel
                0x00000000c0006f26                f_setlabel
                0x00000000c0007193                f_forward
                0x00000000c0007371                f_mkfs
 .text          0x00000000c0008494       0x2d fs/fat/ffsystem.32
                0x00000000c0008494                ff_memalloc
                0x00000000c00084aa                ff_memfree
 .text          0x00000000c00084c1      0x253 fs/fat/ffunicode.32
                0x00000000c00084c1                ff_uni2oem
                0x00000000c0008551                ff_oem2uni
                0x00000000c00085bd                ff_wtoupper
 .text          0x00000000c0008714      0x8fb hal/libresample/samplerate.32
                0x00000000c0008758                src_delete
                0x00000000c0008794                src_process
                0x00000000c000894a                src_callback_read
                0x00000000c0008ac7                src_set_ratio
                0x00000000c0008b31                src_get_channels
                0x00000000c0008b53                src_reset
                0x00000000c0008b9f                src_new
                0x00000000c0008c2d                src_callback_new
                0x00000000c0008c8f                src_get_name
                0x00000000c0008cc6                src_get_description
                0x00000000c0008cfd                src_get_version
                0x00000000c0008d03                src_is_valid_ratio
                0x00000000c0008d57                src_error
                0x00000000c0008d65                src_strerror
                0x00000000c0008d78                src_simple
                0x00000000c0008dcb                src_short_to_float_array
                0x00000000c0008e30                src_float_to_short_array
                0x00000000c0008eef                src_int_to_float_array
                0x00000000c0008f52                src_float_to_int_array
 .text          0x00000000c000900f      0x8cb hal/libresample/src_linear.32
                0x00000000c0009835                linear_get_name
                0x00000000c0009844                linear_get_description
                0x00000000c0009853                linear_set_converter
 .text          0x00000000c00098da     0x447c hal/libresample/src_sinc.32
                0x00000000c000dc6d                sinc_get_name
                0x00000000c000dc80                sinc_get_description
                0x00000000c000dc93                sinc_set_converter
 .text          0x00000000c000dd56      0x77c hal/libresample/src_zoh.32
                0x00000000c000e42d                zoh_get_name
                0x00000000c000e43c                zoh_get_description
                0x00000000c000e44b                zoh_set_converter
 .text          0x00000000c000e4d2       0x23 compat/inlines.32
                0x00000000c000e4d2                CPU::current()
                0x00000000c000e4df                operator new(unsigned long)
 .text          0x00000000c000e4f5      0x111 compat/resolve.32
                0x00000000c000e4f5                Krnl::resolveCompatibilitySymbol(char*)
 .text          0x00000000c000e606      0xa17 core/computer.32
                0x00000000c000e606                Computer::close(int, int, void*)
                0x00000000c000e64a                Krnl::firstTask()
                0x00000000c000e73a                Computer::Computer()
                0x00000000c000e73a                Computer::Computer()
                0x00000000c000e896                Computer::setBootMessage(char const*)
                0x00000000c000e898                Computer::detectFeatures()
                0x00000000c000eaa2                Computer::displayFeatures()
                0x00000000c000ede8                Computer::rdmsr(unsigned int)
                0x00000000c000ee14                Computer::wrmsr(unsigned int, unsigned long long)
                0x00000000c000ee4c                Computer::nmiEnabled()
                0x00000000c000ee58                Computer::readCMOS(unsigned char)
                0x00000000c000ee72                Computer::enableNMI(bool)
                0x00000000c000ee8a                Computer::open(int, int, void*)
                0x00000000c000ef60                Computer::disableNMI()
                0x00000000c000ef6e                Computer::writeCMOS(unsigned char, unsigned char)
                0x00000000c000ef8c                Computer::handleNMI()
                0x00000000c000eff2                Computer::setDiskActivityLight(int, bool)
 *fill*         0x00000000c000f01d        0x1 
 .text          0x00000000c000f01e      0x1b7 core/gdt.32
                0x00000000c000f01e                GDTEntry::setBase(unsigned int)
                0x00000000c000f03a                GDTEntry::setLimit(unsigned int)
                0x00000000c000f058                GDT::GDT()
                0x00000000c000f058                GDT::GDT()
                0x00000000c000f06e                GDT::addEntry(GDTEntry)
                0x00000000c000f0aa                GDT::getNumberOfEntries()
                0x00000000c000f0b2                GDT::flush()
                0x00000000c000f0d4                GDT::setup()
 .text          0x00000000c000f1d5       0x62 core/idle.32
                0x00000000c000f1d5                idleFunction(void*)
 *fill*         0x00000000c000f237        0x1 
 .text          0x00000000c000f238      0x45f core/idt.32
                0x00000000c000f238                IDTEntry::IDTEntry(bool)
                0x00000000c000f238                IDTEntry::IDTEntry(bool)
                0x00000000c000f2a6                IDTEntry::setOffset(unsigned int)
                0x00000000c000f2ba                IDT::IDT()
                0x00000000c000f2ba                IDT::IDT()
                0x00000000c000f2bc                IDT::getPointerToInvalidOpcodeEntryForF00F()
                0x00000000c000f2c4                IDT::addEntry(IDTEntry, int)
                0x00000000c000f2de                IDT::addEntry(int, void (*)(), bool)
                0x00000000c000f316                IDT::flush()
                0x00000000c000f330                IDT::setup()
 .text          0x00000000c000f697      0x206 core/kheap.32
                0x00000000c000f697                sbrk
                0x00000000c000f7a5                mmap
                0x00000000c000f7bb                munmap
                0x00000000c000f7d1                liballoc_lock()
                0x00000000c000f7e2                liballoc_unlock()
                0x00000000c000f7f3                liballoc_alloc(int)
                0x00000000c000f811                liballoc_free(void*, int)
                0x00000000c000f82f                realloc
                0x00000000c000f843                malloc
                0x00000000c000f853                free
                0x00000000c000f863                rfree
                0x00000000c000f873                calloc
 .text          0x00000000c000f89d      0x485 core/main.32
                0x00000000c000f89d                hwTextMode_loadInData(VgaText*)
                0x00000000c000f8e8                hwTextMode_loadInTitle(VgaText*, char*)
                0x00000000c000f966                hwTextMode_showCursor(VgaText*, bool)
                0x00000000c000f9c4                hwTextMode_update(VgaText*)
                0x00000000c000f9c5                hwTextMode_updateCursor(VgaText*)
                0x00000000c000fa16                hwTextMode_disableBlink(VgaText*, bool)
                0x00000000c000fa5c                hwTextMode_scrollScreen(VgaText*)
                0x00000000c000fb09                hwTextMode_writeCharacter(VgaText*, char, VgaColour, VgaColour, int, int)
                0x00000000c000fb8b                setupTextMode()
                0x00000000c000fbfb                kernel_main
 .text          0x00000000c000fd22      0x5cb core/physmgr.32
                0x00000000c000fd22                Phys::allocateDMA(unsigned long)
                0x00000000c000fdc5                Phys::freeDMA(unsigned long, unsigned long)
                0x00000000c000fe0d                Phys::setPageState(unsigned long, bool)
                0x00000000c000fe3f                Phys::getPageState(unsigned long)
                0x00000000c000fe5b                Phys::freePage(unsigned long)
                0x00000000c000fee5                Phys::allocatePage()
                0x00000000c001002b                Phys::allocateContiguousPages(int)
                0x00000000c0010085                Phys::allowSegmentToBeUsed(unsigned long, unsigned long)
                0x00000000c00100bd                Phys::physicalMemorySetup(unsigned int)
 *fill*         0x00000000c00102ed        0x1 
 .text          0x00000000c00102ee      0x273 core/pipe.32
                0x00000000c00102ee                Pipe::isAtty()
                0x00000000c00102f2                Pipe::~Pipe()
                0x00000000c00102f2                Pipe::~Pipe()
                0x00000000c0010316                Pipe::~Pipe()
                0x00000000c001033e                Pipe::read(unsigned long long, void*, int*)
                0x00000000c0010432                Pipe::write(unsigned long long, void*, int*)
                0x00000000c00104fa                Pipe::Pipe(int)
                0x00000000c00104fa                Pipe::Pipe(int)
 *fill*         0x00000000c0010561        0x1 
 .text          0x00000000c0010562      0xf73 core/terminal.32
                0x00000000c0010562                VgaText::isAtty()
                0x00000000c0010566                VgaText::~VgaText()
                0x00000000c0010566                VgaText::~VgaText()
                0x00000000c001058a                VgaText::~VgaText()
                0x00000000c00105b4                VgaText::read(unsigned long long, void*, int*)
                0x00000000c00105d4                setTerminalScrollLock(bool)
                0x00000000c00105d5                addToTerminalCycle(VgaText*)
                0x00000000c0010602                installVgaTextImplementation()
                0x00000000c0010617                scrollTerminalScrollLock(int)
                0x00000000c0010618                VgaText::load()
                0x00000000c001066c                VgaText::updateCursor()
                0x00000000c0010686                VgaText::showCursor(bool)
                0x00000000c0010696                VgaText::disableBlink(bool)
                0x00000000c00106d0                VgaText::doANSI_SGR(int)
                0x00000000c001075c                VgaText::setDefaultBgColour(VgaColour)
                0x00000000c0010772                VgaText::setDefaultFgColour(VgaColour)
                0x00000000c0010788                VgaText::setDefaultColours(VgaColour, VgaColour)
                0x00000000c00107a8                VgaText::combineColours(unsigned char, unsigned char)
                0x00000000c00107ba                VgaText::scrollScreen()
                0x00000000c001084e                VgaText::combineCharAndColour(char, unsigned char)
                0x00000000c0010860                VgaText::writeCharacter(char, VgaColour, VgaColour, int, int)
                0x00000000c00108c0                VgaText::getCursorX()
                0x00000000c00108cc                VgaText::getCursorY()
                0x00000000c00108d8                VgaText::setCursor(int, int)
                0x00000000c00108f6                VgaText::setCursorX(int)
                0x00000000c0010912                VgaText::setCursorY(int)
                0x00000000c001092e                VgaText::incrementCursor(bool)
                0x00000000c0010996                VgaText::updateRAMUsageDisplay(int)
                0x00000000c00109fa                VgaText::updateDiskUsage()
                0x00000000c0010b64                VgaText::updateTitle()
                0x00000000c0010baa                VgaText::setTitleTextColour(VgaColour)
                0x00000000c0010bba                VgaText::setTitleColour(VgaColour)
                0x00000000c0010bca                VgaText::setTitle(char*)
                0x00000000c0010bf0                VgaText::decrementCursor(bool)
                0x00000000c0010c18                VgaText::putchar(char, VgaColour, VgaColour)
                0x00000000c0010d14                VgaText::isShowingCursor()
                0x00000000c0010d20                VgaText::isBlinkDisabled()
                0x00000000c0010d2e                VgaText::setCursorHeight(int)
                0x00000000c0010d4c                VgaText::getCursorHeight()
                0x00000000c0010d57                setActiveTerminal(VgaText*)
                0x00000000c0010e09                doTerminalCycle()
                0x00000000c0010e26                VgaText::doUpdate()
                0x00000000c0010e38                VgaText::puts(char const*, VgaColour, VgaColour)
                0x00000000c0010ff8                VgaText::clearScreen()
                0x00000000c001105c                VgaText::putchar(char)
                0x00000000c0011176                VgaText::puts(char const*)
                0x00000000c001119c                VgaText::putx(unsigned int)
                0x00000000c00111e2                VgaText::VgaText(char const*)
                0x00000000c00111e2                VgaText::VgaText(char const*)
                0x00000000c0011374                VgaText::receiveKey(unsigned char)
                0x00000000c001145c                VgaText::write(unsigned long long, void*, int*)
                0x00000000c00114b0                newTerminal(char*)
 *fill*         0x00000000c00114d5        0x1 
 .text          0x00000000c00114d6      0x1b3 core/tss.32
                0x00000000c00114d6                TSS::TSS()
                0x00000000c00114d6                TSS::TSS()
                0x00000000c00114e4                TSS::setESP(unsigned long)
                0x00000000c00114f6                TSS::flush()
                0x00000000c0011516                TSS::setup(unsigned long, unsigned long)
 *fill*         0x00000000c0011689        0x1 
 .text          0x00000000c001168a      0x4c2 core/unixfile.32
                0x00000000c001168a                ReservedFilename::read(unsigned long long, void*, int*)
                0x00000000c00116e0                ReservedFilename::isAtty()
                0x00000000c00116fc                ReservedFilename::write(unsigned long long, void*, int*)
                0x00000000c001175a                UnixFile::getFileDescriptor()
                0x00000000c0011762                UnixFile::UnixFile(int)
                0x00000000c0011762                UnixFile::UnixFile(int)
                0x00000000c0011912                ReservedFilename::ReservedFilename(int)
                0x00000000c0011912                ReservedFilename::ReservedFilename(int)
                0x00000000c0011944                UnixFile::~UnixFile()
                0x00000000c0011944                UnixFile::~UnixFile()
                0x00000000c00119dc                UnixFile::~UnixFile()
                0x00000000c0011a04                ReservedFilename::~ReservedFilename()
                0x00000000c0011a04                ReservedFilename::~ReservedFilename()
                0x00000000c0011a28                ReservedFilename::~ReservedFilename()
                0x00000000c0011a4f                getFromFileDescriptor(int)
 .text          0x00000000c0011b4c     0x129e core/virtmgr.32
                0x00000000c0011b4c                Virt::setPageState(unsigned long, Virt::VirtPageState)
                0x00000000c0011b81                Virt::getPageState(unsigned long)
                0x00000000c0011ba5                Virt::allocateKernelVirtualPages(int)
                0x00000000c0011cb6                Virt::freeSwapfilePage(unsigned long)
                0x00000000c0011cd4                Virt::swapIDToSector(unsigned long)
                0x00000000c0011ce6                Virt::allocateSwapfilePage()
                0x00000000c0011d64                Virt::virtualMemorySetup()
                0x00000000c0011de3                Virt::swappingSetup()
                0x00000000c0011e40                Virt::getAKernelVAS()
                0x00000000c0011e46                Virt::setupPageSwapping(int)
                0x00000000c0011f76                VAS::VAS()
                0x00000000c0011f76                VAS::VAS()
                0x00000000c0011fa6                VAS::VAS(VAS*)
                0x00000000c0011fa6                VAS::VAS(VAS*)
                0x00000000c0011fca                VAS::getForeignPageTableEntry(bool, unsigned long)
                0x00000000c0011ff6                VAS::getPageTableEntry(unsigned long)
                0x00000000c0012015                Virt::freeKernelVirtualPages(unsigned long)
                0x00000000c0012138                VAS::freeAllocatedPages(unsigned long)
                0x00000000c001215c                VAS::virtualToPhysical(unsigned long)
                0x00000000c0012174                VAS::reflagRange(unsigned long, int, int, int)
                0x00000000c00121b4                VAS::setToWriteCombining(unsigned long, int)
                0x00000000c00121e6                VAS::mapOtherVASIn(bool, VAS*)
                0x00000000c0012210                VAS::~VAS()
                0x00000000c0012210                VAS::~VAS()
                0x00000000c001237c                VAS::mapPage(unsigned long, unsigned long, int)
                0x00000000c001247c                VAS::allocatePages(int, int)
                0x00000000c0012654                VAS::setCPUSpecific(unsigned long)
                0x00000000c0012670                VAS::mapRange(unsigned long, unsigned long, int, int)
                0x00000000c0012736                VAS::mapForeignPage(bool, VAS*, unsigned long, unsigned long, int)
                0x00000000c0012824                VAS::VAS(bool)
                0x00000000c0012824                VAS::VAS(bool)
                0x00000000c0012a80                VAS::evict(unsigned long)
                0x00000000c0012b3e                VAS::scanForEviction(int, int)
                0x00000000c0012bde                VAS::tryLoadBackOffDisk(unsigned long)
                0x00000000c0012d2e                mapVASFirstTime
 .text          0x00000000c0012dea       0x95 coreobjs/c++.32
                0x00000000c0012dea                __cxa_atexit
                0x00000000c0012ded                __cxa_finalize
                0x00000000c0012dee                __stack_chk_fail
                0x00000000c0012e5a                __cxa_pure_virtual
                0x00000000c0012e6b                operator new[](unsigned long)
                0x00000000c0012e70                operator delete(void*, unsigned long)
                0x00000000c0012e75                operator delete[](void*)
                0x00000000c0012e7a                operator delete[](void*, unsigned long)
 .text          0x00000000c0012e7f      0x1ef dbg/kconsole.32
                0x00000000c0012e7f                Dbg::stringifyxWithBase(unsigned int, char*, int)
                0x00000000c0012ee0                Dbg::logc(char)
                0x00000000c0012ef7                Dbg::logs(char*)
                0x00000000c0012f14                Dbg::logWriteInt(unsigned int)
                0x00000000c0012f31                Dbg::logWriteIntBase(unsigned int, int)
                0x00000000c0012f50                Dbg::kprintf(char const*, ...)
 .text          0x00000000c001306e      0xb7c fs/vfs.32
                0x00000000c001306e                File::read(unsigned long long, void*, int*)
                0x00000000c00130c6                File::write(unsigned long long, void*, int*)
                0x00000000c001311e                Directory::read(unsigned long long, void*, int*)
                0x00000000c0013176                Directory::write(unsigned long long, void*, int*)
                0x00000000c00131a4                File::isAtty()
                0x00000000c00131a8                Directory::isAtty()
                0x00000000c00131ac                Filesystem::getlabel(LogicalDisk*, int, char*, unsigned int*)
                0x00000000c00131b2                Filesystem::setlabel(LogicalDisk*, int, char*)
                0x00000000c00131b8                File::~File()
                0x00000000c00131b8                File::~File()
                0x00000000c00131dc                File::~File()
                0x00000000c0013206                Directory::~Directory()
                0x00000000c0013206                Directory::~Directory()
                0x00000000c001322a                Directory::~Directory()
                0x00000000c0013254                Filesystem::Filesystem()
                0x00000000c0013254                Filesystem::Filesystem()
                0x00000000c0013278                Filesystem::~Filesystem()
                0x00000000c0013278                Filesystem::~Filesystem()
                0x00000000c0013286                Filesystem::~Filesystem()
                0x00000000c00132aa                Fs::getcwd(Process*, char*, int)
                0x00000000c00132d4                Fs::initVFS()
                0x00000000c00132fe                Fs::standardiseFiles(char*, char const*, char const*)
                0x00000000c00134a8                File::File(char const*, Process*)
                0x00000000c00134a8                File::File(char const*, Process*)
                0x00000000c001350c                File::open(FileOpenMode)
                0x00000000c001356a                File::close()
                0x00000000c00135ca                File::seek(unsigned long long)
                0x00000000c0013620                File::tell(unsigned long long*)
                0x00000000c0013670                File::rewind()
                0x00000000c0013684                File::unlink()
                0x00000000c00136d0                File::rename(char const*)
                0x00000000c001371e                File::chfatattr(unsigned char, unsigned char)
                0x00000000c001377a                File::exists()
                0x00000000c00137b8                File::stat(unsigned long long*, bool*)
                0x00000000c0013819                Fs::setcwd(Process*, char*)
                0x00000000c0013954                Directory::Directory(char const*, Process*)
                0x00000000c0013954                Directory::Directory(char const*, Process*)
                0x00000000c00139b8                Directory::open()
                0x00000000c0013a14                Directory::close()
                0x00000000c0013a74                Directory::unlink()
                0x00000000c0013ac0                Directory::rename(char const*)
                0x00000000c0013b0e                Directory::exists()
                0x00000000c0013b4c                Directory::read(dirent*)
                0x00000000c0013b98                Directory::create()
                0x00000000c0013be4                Filesystem::chfatattr(char const*, unsigned char, unsigned char)
 .text          0x00000000c0013bea       0x84 hal/bus.32
                0x00000000c0013bea                Bus::Bus(char const*)
                0x00000000c0013bea                Bus::Bus(char const*)
                0x00000000c0013c20                Bus::~Bus()
                0x00000000c0013c20                Bus::~Bus()
                0x00000000c0013c44                Bus::~Bus()
 .text          0x00000000c0013c6e      0x14e hal/buzzer.32
                0x00000000c0013c6e                Buzzer::Buzzer(char const*)
                0x00000000c0013c6e                Buzzer::Buzzer(char const*)
                0x00000000c0013cb2                Buzzer::~Buzzer()
                0x00000000c0013cb2                Buzzer::~Buzzer()
                0x00000000c0013cd6                Buzzer::~Buzzer()
                0x00000000c0013d00                Buzzer::stop()
                0x00000000c0013d13                beepThread(void*)
                0x00000000c0013d4e                Buzzer::beep(int, int, bool)
 .text          0x00000000c0013dbc      0x467 hal/clock.32
                0x00000000c0013dbc                User::loadClockSettings(int)
                0x00000000c0013e0e                Clock::Clock(char const*)
                0x00000000c0013e0e                Clock::Clock(char const*)
                0x00000000c0013e44                Clock::~Clock()
                0x00000000c0013e44                Clock::~Clock()
                0x00000000c0013e68                Clock::~Clock()
                0x00000000c0013e92                Clock::timeInSecondsLocal()
                0x00000000c0013eda                Clock::setTimeInSecondsLocal(unsigned long long)
                0x00000000c0013f33                datetimeToSeconds(datetime_t)
                0x00000000c001405a                Clock::setTimeInDatetimeLocal(datetime_t)
                0x00000000c00140ba                secondsToDatetime(unsigned long long)
                0x00000000c00141fe                Clock::timeInDatetimeLocal()
 *fill*         0x00000000c0014223        0x1 
 .text          0x00000000c0014224      0x4de hal/device.32
                0x00000000c0014224                Device::hibernate()
                0x00000000c0014226                Device::wake()
                0x00000000c0014228                Device::detect()
                0x00000000c001422a                Device::disableLegacy()
                0x00000000c001422c                Device::powerSaving(PowerSavingLevel)
                0x00000000c001422e                DriverlessDevice::close(int, int, void*)
                0x00000000c0014232                DriverlessDevice::detect()
                0x00000000c0014234                DriverlessDevice::open(int, int, void*)
                0x00000000c0014248                Device::~Device()
                0x00000000c0014248                Device::~Device()
                0x00000000c0014256                Device::~Device()
                0x00000000c001427e                Device::findAndLoadDriver()
                0x00000000c0014280                Device::preOpenPCI(PCIDeviceInfo)
                0x00000000c00142a6                Device::preOpenACPI(void*, char*, char*)
                0x00000000c00142fa                Device::addIRQHandler(int, void (*)(regs*, void*), bool, void*)
                0x00000000c0014338                Device::removeIRQHandler(int, void (*)(regs*, void*), bool)
                0x00000000c0014376                Device::addChild(Device*)
                0x00000000c00143ba                Device::removeAllChildren()
                0x00000000c0014400                Device::hibernateAll()
                0x00000000c0014430                Device::wakeAll()
                0x00000000c0014460                Device::detectAll()
                0x00000000c0014490                Device::disableLegacyAll()
                0x00000000c00144c0                Device::loadDriversForAll()
                0x00000000c00144ec                Device::closeAll()
                0x00000000c0014522                Device::powerSavingAll(PowerSavingLevel)
                0x00000000c0014558                Device::setName(char const*)
                0x00000000c0014566                Device::Device(char const*)
                0x00000000c0014566                Device::Device(char const*)
                0x00000000c0014662                Device::getName()
                0x00000000c001466c                DriverlessDevice::DriverlessDevice(char const*)
                0x00000000c001466c                DriverlessDevice::DriverlessDevice(char const*)
                0x00000000c0014694                Device::addToLinkedList(LinkedList<Device>&, DeviceType)
                0x00000000c00146d8                getDevicesOfType(DeviceType)
 .text          0x00000000c0014702       0x84 hal/diskctrl.32
                0x00000000c0014702                HardDiskController::HardDiskController(char const*)
                0x00000000c0014702                HardDiskController::HardDiskController(char const*)
                0x00000000c0014738                HardDiskController::~HardDiskController()
                0x00000000c0014738                HardDiskController::~HardDiskController()
                0x00000000c001475c                HardDiskController::~HardDiskController()
 .text          0x00000000c0014786       0xf2 hal/diskphys.32
                0x00000000c0014786                PhysicalDisk::eject()
                0x00000000c001479a                PhysicalDisk::PhysicalDisk(char const*, int)
                0x00000000c001479a                PhysicalDisk::PhysicalDisk(char const*, int)
                0x00000000c0014802                PhysicalDisk::startCache()
                0x00000000c001482a                PhysicalDisk::~PhysicalDisk()
                0x00000000c001482a                PhysicalDisk::~PhysicalDisk()
                0x00000000c001484e                PhysicalDisk::~PhysicalDisk()
 .text          0x00000000c0014878      0x13b hal/fpu.32
                0x00000000c0014878                FPU::FPU(char const*)
                0x00000000c0014878                FPU::FPU(char const*)
                0x00000000c00148ae                FPU::~FPU()
                0x00000000c00148ae                FPU::~FPU()
                0x00000000c00148d2                FPU::~FPU()
                0x00000000c00148fc                setupFPU()
 *fill*         0x00000000c00149b3        0x1 
 .text          0x00000000c00149b4     0x13d3 hal/intctrl.32
                0x00000000c00149b4                InterruptController::uninstallISRHandler(int, void (*)(regs*, void*))
                0x00000000c00149ec                InterruptController::installISRHandler(int, void (*)(regs*, void*), void*)
                0x00000000c0014a3e                doubleFault(regs*, void*)
                0x00000000c0014a58                InterruptController::installIRQHandler(int, void (*)(regs*, void*), bool, void*)
                0x00000000c0014af4                InterruptController::clearAllHandlers(int, bool)
                0x00000000c0014b9c                InterruptController::uninstallIRQHandler(int, void (*)(regs*, void*), bool)
                0x00000000c0014c23                nmiHandler(regs*, void*)
                0x00000000c0014c31                int_handler
                0x00000000c0014cd2                InterruptController::InterruptController(char const*)
                0x00000000c0014cd2                InterruptController::InterruptController(char const*)
                0x00000000c0014d78                InterruptController::~InterruptController()
                0x00000000c0014d78                InterruptController::~InterruptController()
                0x00000000c0014d9c                InterruptController::~InterruptController()
                0x00000000c0014dc6                displayDebugInfo(regs*)
                0x00000000c0015255                x87EmulHandler(regs*, void*)
                0x00000000c0015284                gpFault(regs*, void*)
                0x00000000c00152bd                pgFault(regs*, void*)
                0x00000000c00152f9                otherISRHandler(regs*, void*)
                0x00000000c0015318                opcodeFault(regs*, void*)
                0x00000000c001591e                displayProgramFault(char const*)
                0x00000000c0015946                setupInterruptController()
                0x00000000c0015d3a                InterruptController::convertLegacyIRQNumber(int)
 *fill*         0x00000000c0015d87        0x1 
 .text          0x00000000c0015d88      0x6c8 hal/keybrd.32
                0x00000000c0015d88                startGUI(void*)
                0x00000000c0015de4                startGUIVESA(void*)
                0x00000000c0015e40                sendKeyToTerminal(unsigned char)
                0x00000000c0015eac                sendKeyboardToken(KeyboardToken)
                0x00000000c00162e9                clearInternalKeybuffer(VgaText*)
                0x00000000c001631e                readKeyboard(VgaText*, char*, unsigned long)
                0x00000000c00163c6                Keyboard::Keyboard(char const*)
                0x00000000c00163c6                Keyboard::Keyboard(char const*)
                0x00000000c0016402                Keyboard::~Keyboard()
                0x00000000c0016402                Keyboard::~Keyboard()
                0x00000000c0016426                Keyboard::~Keyboard()
 .text          0x00000000c0016450      0x414 hal/logidisk.32
                0x00000000c0016450                LogicalDisk::close(int, int, void*)
                0x00000000c0016454                LogicalDisk::~LogicalDisk()
                0x00000000c0016454                LogicalDisk::~LogicalDisk()
                0x00000000c0016478                LogicalDisk::~LogicalDisk()
                0x00000000c00164a2                LogicalDisk::open(int, int, void*)
                0x00000000c00164b6                LogicalDisk::absoluteToRelative(unsigned long long)
                0x00000000c00164ee                LogicalDisk::relativeToAbsolute(unsigned long long)
                0x00000000c0016534                LogicalDisk::LogicalDisk(char const*, PhysicalDisk*, unsigned long long, unsigned long long)
                0x00000000c0016534                LogicalDisk::LogicalDisk(char const*, PhysicalDisk*, unsigned long long, unsigned long long)
                0x00000000c00165ea                LogicalDisk::assignDriveLetter()
                0x00000000c00166a0                LogicalDisk::mount()
                0x00000000c0016712                LogicalDisk::unmount()
                0x00000000c0016722                LogicalDisk::eject()
                0x00000000c0016736                LogicalDisk::unassignDriveLetter()
                0x00000000c001678c                LogicalDisk::read(unsigned long long, int, void*)
                0x00000000c00167f8                LogicalDisk::write(unsigned long long, int, void*)
 .text          0x00000000c0016864       0x84 hal/mouse.32
                0x00000000c0016864                Mouse::Mouse(char const*)
                0x00000000c0016864                Mouse::Mouse(char const*)
                0x00000000c001689a                Mouse::~Mouse()
                0x00000000c001689a                Mouse::~Mouse()
                0x00000000c00168be                Mouse::~Mouse()
 .text          0x00000000c00168e8      0x34d hal/partition.32
                0x00000000c00168e8                makePartition(PhysicalDisk*, unsigned long long, unsigned long long)
                0x00000000c00169a4                createPartitionsForDisk(PhysicalDisk*)
 *fill*         0x00000000c0016c35        0x1 
 .text          0x00000000c0016c36       0x84 hal/serial.32
                0x00000000c0016c36                Serial::Serial(char const*)
                0x00000000c0016c36                Serial::Serial(char const*)
                0x00000000c0016c6c                Serial::~Serial()
                0x00000000c0016c6c                Serial::~Serial()
                0x00000000c0016c90                Serial::~Serial()
 .text          0x00000000c0016cba      0x2b8 hal/timer.32
                0x00000000c0016cba                Timer::Timer(char const*)
                0x00000000c0016cba                Timer::Timer(char const*)
                0x00000000c0016cf0                Timer::~Timer()
                0x00000000c0016cf0                Timer::~Timer()
                0x00000000c0016d14                Timer::~Timer()
                0x00000000c0016d3e                Timer::read()
                0x00000000c0016d49                timerHandler(unsigned long long)
                0x00000000c0016e80                setupTimer(int)
 .text          0x00000000c0016f72      0x425 hal/vcache.32
                0x00000000c0016f72                VCache::VCache(PhysicalDisk*)
                0x00000000c0016f72                VCache::VCache(PhysicalDisk*)
                0x00000000c00170da                VCache::invalidateReadBuffer()
                0x00000000c00170ea                VCache::writeWriteBuffer()
                0x00000000c0017126                VCache::~VCache()
                0x00000000c0017126                VCache::~VCache()
                0x00000000c001717a                VCache::~VCache()
                0x00000000c00171a2                VCache::write(unsigned long long, int, void*)
                0x00000000c0017298                VCache::read(unsigned long long, int, void*)
 *fill*         0x00000000c0017397        0x1 
 .text          0x00000000c0017398      0x4cd hal/video.32
                0x00000000c0017398                Video::putrect(int, int, int, int, unsigned int)
                0x00000000c00173e4                Video::bitblit(int, int, int, int, int, int, int, unsigned int*)
                0x00000000c0017454                Video::blit(unsigned int*, int, int, int, int)
                0x00000000c00174d2                Video::clearScreen(unsigned int)
                0x00000000c0017506                Video::putpixel(int, int, unsigned int)
                0x00000000c0017514                Video::Video(char const*)
                0x00000000c0017514                Video::Video(char const*)
                0x00000000c001754a                Video::~Video()
                0x00000000c001754a                Video::~Video()
                0x00000000c001756e                Video::~Video()
                0x00000000c0017598                Video::isMonochrome()
                0x00000000c00175a4                Video::getWidth()
                0x00000000c00175b0                Video::getHeight()
                0x00000000c00175bc                Video::drawCursor(int, int, unsigned char*, int)
                0x00000000c0017678                Video::tgaParse(unsigned char*, int, int*, int*)
                0x00000000c00177fa                Video::putTGA(int, int, unsigned char*, int)
 *fill*         0x00000000c0017865        0x1 
 .text          0x00000000c0017866      0xf74 hw/acpi.32
                0x00000000c0017866                ACPI::close(int, int, void*)
                0x00000000c001791b                findRSDP()
                0x00000000c00179b5                loadACPITables(unsigned char*)
                0x00000000c0017bdc                findRSDT(unsigned char*)
                0x00000000c0017cfa                findDataTable(unsigned char*, char*)
                0x00000000c0017d96                scanMADT()
                0x00000000c001821c                ACPI::ACPI()
                0x00000000c001821c                ACPI::ACPI()
                0x00000000c0018286                ACPI::getPCIIRQAssignment(unsigned char, unsigned short, unsigned char)
                0x00000000c0018368                ACPI::registerPCIIRQAssignment(void*, unsigned short, unsigned char, unsigned char)
                0x00000000c001842e                ACPI::setScreenBrightnessLevel(void*, int)
                0x00000000c0018434                ACPI::writeSimpleBootFlag(SimpleBootFlagTable*)
                0x00000000c001847c                ACPI::open(int, int, void*)
                0x00000000c00187c2                ACPI::sleep()
 .text          0x00000000c00187da     0x1715 hw/cpu.32
                0x00000000c00187da                CPU::close(int, int, void*)
                0x00000000c00187de                CPU::lookupAMDName(unsigned char, unsigned char)
                0x00000000c0018972                CPU::lookupIntelName(unsigned char, unsigned char)
                0x00000000c0018c20                CPU::AMD_K6_write_msr(unsigned int, unsigned int, unsigned int, CPU::REGS*)
                0x00000000c0018c3c                CPU::AMD_K6_read_msr(unsigned int, CPU::REGS*)
                0x00000000c0018c54                CPU::AMD_K6_writeback(int, int, int)
                0x00000000c0018cc8                CPU::cpuid(int, unsigned long*, unsigned long*, unsigned long*, unsigned long*)
                0x00000000c0018d4c                CPU::cpuidCheckEDX(unsigned int)
                0x00000000c0018d7a                CPU::cpuidCheckECX(unsigned int)
                0x00000000c0018da8                CPU::cpuidCheckExtendedEBX(unsigned int)
                0x00000000c0018dd6                CPU::cpuidCheckExtendedECX(unsigned int)
                0x00000000c0018e04                CPU::CPU()
                0x00000000c0018e04                CPU::CPU()
                0x00000000c0018e92                CPU::displayFeatures()
                0x00000000c001910e                CPU::detectFeatures()
                0x00000000c0019afe                CPU::setupSMEP()
                0x00000000c0019b0a                CPU::setupUMIP()
                0x00000000c0019b14                CPU::setupTSC()
                0x00000000c0019b1e                CPU::setupLargePages()
                0x00000000c0019b28                CPU::setupPAT()
                0x00000000c0019b64                CPU::setupMTRR()
                0x00000000c0019b66                CPU::setupGlobalPages()
                0x00000000c0019b70                CPU::allowUsermodeDataAccess()
                0x00000000c0019b82                CPU::prohibitUsermodeDataAccess()
                0x00000000c0019b94                CPU::setupSMAP()
                0x00000000c0019ba2                CPU::setupFeatures()
                0x00000000c0019c22                CPU::open(int, int, void*)
                0x00000000c0019cf4                CPU::decodeAddress(regs*, int*, bool*, unsigned char*)
 .text          0x00000000c0019eef        0x0 hw/ports.32
 .text          0x00000000c0019eef      0x16a hw/smp.32
                0x00000000c0019eef                Krnl::smpEntry()
                0x00000000c0019ef1                Krnl::startCPU(int)
                0x00000000c001a03a                Krnl::startCPUs()
 *fill*         0x00000000c001a059        0x1 
 .text          0x00000000c001a05a      0x5d3 krnl/env.32
                0x00000000c001a05a                EnvVarContainer::getEnv(char const*)
                0x00000000c001a098                EnvVarContainer::setEnv(char const*, char const*)
                0x00000000c001a164                EnvVarContainer::deleteEnv(char const*)
                0x00000000c001a166                EnvVarContainer::loadFrom(char const*, char const*)
                0x00000000c001a35c                EnvVarContainer::__loadSystem()
                0x00000000c001a376                EnvVarContainer::__loadUser()
                0x00000000c001a378                EnvVarContainer::EnvVarContainer(Process*)
                0x00000000c001a378                EnvVarContainer::EnvVarContainer(Process*)
                0x00000000c001a39a                EnvVarContainer::~EnvVarContainer()
                0x00000000c001a39a                EnvVarContainer::~EnvVarContainer()
                0x00000000c001a3ca                Krnl::getEnv(Process*, char const*)
                0x00000000c001a42f                Krnl::setEnvSystem(char const*, char const*)
                0x00000000c001a449                Krnl::setEnvUser(char const*, char const*)
                0x00000000c001a468                Krnl::setEnvProcess(Process*, char const*, char const*)
                0x00000000c001a47b                Krnl::deleteEnvSystem(char const*)
                0x00000000c001a47c                Krnl::deleteEnvUser(char const*)
                0x00000000c001a47d                Krnl::deleteEnvProcess(Process*, char const*)
                0x00000000c001a47e                Krnl::newProcessEnv(Process*)
                0x00000000c001a4a0                Krnl::copyProcessEnv(Process*, Process*)
                0x00000000c001a4f4                Krnl::loadSystemEnv()
                0x00000000c001a522                Krnl::loadUserEnv()
                0x00000000c001a548                Krnl::flushEnv()
                0x00000000c001a549                Krnl::getProcessTotalEnvCount(Process*)
                0x00000000c001a569                Krnl::getProcessEnvPair(Process*, int)
 .text          0x00000000c001a62d      0x396 krnl/panic.32
                0x00000000c001a62d                Krnl::panic(char const*)
 .text          0x00000000c001a9c3      0x3b6 net/ethernet.32
                0x00000000c001a9c3                Net::switchEndian16(unsigned short)
                0x00000000c001a9e4                Net::switchEndian32(unsigned int)
                0x00000000c001aa13                Net::crc32Calc(unsigned char*, int)
                0x00000000c001aaa4                Net::wrapEthernetFrame(Net::UnwrappedEthernetFrame, unsigned char*)
                0x00000000c001abe0                Net::unwrapEthernetFrame(unsigned char*, int)
 .text          0x00000000c001ad79      0x513 reg/registry.32
                0x00000000c001ad79                Reg::findLineFromLoadedData(char*, char*, char*)
                0x00000000c001aed1                Reg::getLineFromRegistry(char*, char*, char*, char*)
                0x00000000c001b026                Reg::getLine(char*, char*, char*)
                0x00000000c001b05d                Reg::readInt(char*, char*, int*)
                0x00000000c001b148                Reg::readString(char*, char*, char*, int)
                0x00000000c001b1c9                Reg::readBool(char*, char*, bool*)
                0x00000000c001b1ee                Reg::readBoolWithDefault(char*, char*, bool)
                0x00000000c001b21a                Reg::readIntWithDefault(char*, char*, int)
                0x00000000c001b246                Reg::readStringWithDefault(char*, char*, char*, int, char*)
 .text          0x00000000c001b28c       0x36 sys/sc_eject.32
                0x00000000c001b28c                Sys::eject(regs*)
 .text          0x00000000c001b2c2       0x18 sys/sc_exit.32
                0x00000000c001b2c2                Sys::exit(regs*)
 .text          0x00000000c001b2da       0x1f sys/sc_getcwd.32
                0x00000000c001b2da                Sys::getCwd(regs*)
 .text          0x00000000c001b2f9        0xc sys/sc_getpid.32
                0x00000000c001b2f9                Sys::getPID(regs*)
 .text          0x00000000c001b305       0x17 sys/sc_getramdata.32
                0x00000000c001b305                Sys::getRAMData(regs*)
 .text          0x00000000c001b31c       0xa8 sys/sc_loaddll.32
                0x00000000c001b31c                Sys::loadDLL(regs*)
 .text          0x00000000c001b3c4       0x68 sys/sc_read.32
                0x00000000c001b3c4                Sys::read(regs*)
 .text          0x00000000c001b42c       0x55 sys/sc_sbrk.32
                0x00000000c001b42c                Sys::sbrk(regs*)
 .text          0x00000000c001b481       0x1c sys/sc_setcwd.32
                0x00000000c001b481                Sys::setCwd(regs*)
 .text          0x00000000c001b49d      0x128 sys/sc_settime.32
                0x00000000c001b49d                Sys::setTime(regs*)
 .text          0x00000000c001b5c5       0x4a sys/sc_timezone.32
                0x00000000c001b5c5                Sys::timezone(regs*)
 .text          0x00000000c001b60f       0x68 sys/sc_write.32
                0x00000000c001b60f                Sys::write(regs*)
 .text          0x00000000c001b677       0x62 sys/sc_wsbe.32
                0x00000000c001b677                Sys::wsbe(regs*)
 .text          0x00000000c001b6d9       0x3b sys/sc_yield.32
                0x00000000c001b6d9                Sys::yield(regs*)
 .text          0x00000000c001b714     0x10e5 sys/syscalls.32
                0x00000000c001b714                sysCallSeekDir(regs*)
                0x00000000c001b719                sysCallTellDir(regs*)
                0x00000000c001b71e                sysCallVerify(regs*)
                0x00000000c001b728                sysFormatDisk(regs*)
                0x00000000c001b792                sysSetDiskVolumeLabel(regs*)
                0x00000000c001b7d8                sysGetDiskVolumeLabel(regs*)
                0x00000000c001b829                sysShutdown(regs*)
                0x00000000c001b887                sysCallRealpath(regs*)
                0x00000000c001b8ca                sysCallGetArgc(regs*)
                0x00000000c001b8f8                sysCallReadDir(regs*)
                0x00000000c001b986                sysCallIsATTY(regs*)
                0x00000000c001b9e0                sysCallSeek(regs*)
                0x00000000c001ba49                sysCallTell(regs*)
                0x00000000c001bac6                sysCallSize(regs*)
                0x00000000c001bb49                sysCallSizeFromFilename(regs*)
                0x00000000c001bc09                sysCallClose(regs*)
                0x00000000c001bc91                sysCallOpenDir(regs*)
                0x00000000c001bd06                sysCallCloseDir(regs*)
                0x00000000c001bd6c                sysCallMakeDir(regs*)
                0x00000000c001bddc                sysCallWait(regs*)
                0x00000000c001bdf6                sysCallNotImpl(regs*)
                0x00000000c001be11                sysPanic(regs*)
                0x00000000c001be37                sysCallRmdir(regs*)
                0x00000000c001be9b                sysCallUnlink(regs*)
                0x00000000c001beff                sysCallGetArgv(regs*)
                0x00000000c001bf4b                sysCallTTYName(regs*)
                0x00000000c001bfce                sysCallUSleep(regs*)
                0x00000000c001bff5                sysCallSpawn(regs*)
                0x00000000c001c04d                sysCallGetEnv(regs*)
                0x00000000c001c185                sysAppSettings(regs*)
                0x00000000c001c2a4                sysSetFatAttrib(regs*)
                0x00000000c001c316                sysPipe(regs*)
                0x00000000c001c35b                sysGetUnixTime(regs*)
                0x00000000c001c36f                string_ends_with(char const*, char const*)
                0x00000000c001c3b7                sysCallOpen(regs*)
                0x00000000c001c5cc                Sys::loadSyscalls()
                0x00000000c001c7b7                Sys::systemCall(regs*, void*)
 .text          0x00000000c001c7f9     0x11d4 thr/elf.32
                0x00000000c001c7f9                Thr::allocateMemoryForTask(Process*, File*, unsigned long, unsigned long, unsigned long)
                0x00000000c001ca8b                Thr::loadProgramIntoMemory(Process*, char const*)
                0x00000000c001cca1                Thr::runtimeReferenceHelper()
                0x00000000c001ccb4                Thr::getAddressOfKernelSymbol(char const*)
                0x00000000c001cd03                Thr::loadKernelSymbolTable(char const*)
                0x00000000c001cfc1                Thr::loadDriverIntoMemory(char const*, unsigned long, bool)
                0x00000000c001d6dd                Thr::getDriverBaseFromAddress(unsigned long)
                0x00000000c001d70f                Thr::getDriverNameFromAddress(unsigned long)
                0x00000000c001d746                Thr::getDriverOffsetFromAddress(unsigned long)
                0x00000000c001d760                Thr::loadDLL(char const*, bool)
                0x00000000c001d994                Thr::executeDLL(unsigned long, void*)
 *fill*         0x00000000c001d9cd        0x1 
 .text          0x00000000c001d9ce     0x1056 thr/prcssthr.32
                0x00000000c001d9ce                changeTSS
                0x00000000c001d9fe                Process::addArgs(char**)
                0x00000000c001da58                Process::Process(char const*, Process*, char**)
                0x00000000c001da58                Process::Process(char const*, Process*, char**)
                0x00000000c001dc3c                Process::Process(bool, char const*, Process*, char**)
                0x00000000c001dc3c                Process::Process(bool, char const*, Process*, char**)
                0x00000000c001ddeb                disableIRQs()
                0x00000000c001ddf3                getIRQNestingLevel()
                0x00000000c001ddf9                enableIRQs()
                0x00000000c001de08                lockScheduler()
                0x00000000c001de0a                unlockScheduler()
                0x00000000c001de0c                userModeEntryPoint(void*)
                0x00000000c001de2f                lockStuff()
                0x00000000c001de3b                taskStartupFunction
                0x00000000c001de44                updateTimeUsed()
                0x00000000c001dea9                switchToThread(ThreadControlBlock*)
                0x00000000c001defa                Semaphore::Semaphore(int)
                0x00000000c001defa                Semaphore::Semaphore(int)
                0x00000000c001df28                Mutex::Mutex()
                0x00000000c001df28                Mutex::Mutex()
                0x00000000c001df3a                Process::createThread(void (*)(void*), void*, int)
                0x00000000c001e01e                Process::createUserThread()
                0x00000000c001e03a                setupMultitasking(void (*)())
                0x00000000c001e144                schedule()
                0x00000000c001e1c9                unlockStuff()
                0x00000000c001e1fe                Semaphore::tryAcquire()
                0x00000000c001e22c                Semaphore::assertLocked(char const*)
                0x00000000c001e25c                blockTaskWithSchedulerLockAlreadyHeld(TaskState)
                0x00000000c001e29e                blockTask(TaskState)
                0x00000000c001e2bf                waitTask(int, int*, int)
                0x00000000c001e301                nanoSleepUntil(unsigned long long)
                0x00000000c001e358                nanoSleep(unsigned long long)
                0x00000000c001e36d                sleep(unsigned long long)
                0x00000000c001e38a                Semaphore::acquire()
                0x00000000c001e3f2                taskReturned
                0x00000000c001e420                unblockTask(ThreadControlBlock*)
                0x00000000c001e4cf                cleanupTerminatedTask(ThreadControlBlock*)
                0x00000000c001e798                cleanerTaskFunction(void*)
                0x00000000c001e84b                terminateTask(int)
                0x00000000c001e92b                Thr::terminateFromIRQ(int)
                0x00000000c001e938                Semaphore::release()
 .text          0x00000000c001ea24      0xc26 vm86/vm8086.32
                0x00000000c001ea24                Vm::inbv(unsigned short)
                0x00000000c001ea37                Vm::outbv(unsigned short, unsigned char)
                0x00000000c001ea8a                Vm::realToLinear(unsigned short, unsigned short)
                0x00000000c001ea9a                Vm::getSegment(unsigned int)
                0x00000000c001eaa2                Vm::getOffset(unsigned int)
                0x00000000c001eaa7                Vm::mainloop2()
                0x00000000c001eae2                Vm::mainVm8086Loop(void*)
                0x00000000c001eaef                Vm::mainloop3(unsigned long)
                0x00000000c001eb19                Vm::initialise8086()
                0x00000000c001eb5c                Vm::finish8086()
                0x00000000c001eba1                Vm::getOutput8086(unsigned char*)
                0x00000000c001ebcb                Vm::start8086(char const*, unsigned short, unsigned short, unsigned short, unsigned short)
                0x00000000c001ed1b                Vm::doISR(regs*, int, unsigned char*, unsigned short, unsigned short)
                0x00000000c001eda5                Vm::readByteFromReal(unsigned short, unsigned short)
                0x00000000c001edb6                Vm::readWordFromReal(unsigned short, unsigned short)
                0x00000000c001edc8                Vm::readDwordFromReal(unsigned short, unsigned short)
                0x00000000c001edd9                Vm::writeByteFromReal(unsigned short, unsigned short, unsigned char)
                0x00000000c001edee                Vm::writeWordFromReal(unsigned short, unsigned short, unsigned short)
                0x00000000c001ee04                Vm::writeDwordFromReal(unsigned short, unsigned short, unsigned int)
                0x00000000c001ee19                Vm::faultHandler(regs*)
 .text          0x00000000c001f64a      0xefd vm86/x87em.32
                0x00000000c001f64a                Vm::fpuInternalTo32(unsigned long long)
                0x00000000c001f6a5                Vm::fpuInternalTo64(unsigned long long)
                0x00000000c001f6ae                Vm::fpu32ToInternal(unsigned int)
                0x00000000c001f6f3                Vm::fpu64ToInternal(unsigned long long)
                0x00000000c001f6fc                Vm::fpuFloatToLong(unsigned long long)
                0x00000000c001f757                Vm::fpuULongToFloat(unsigned long long)
                0x00000000c001f78d                Vm::fpuLongToFloat(long long)
                0x00000000c001f7e3                Vm::fpuGet0()
                0x00000000c001f7e8                Vm::fpuGet1()
                0x00000000c001f7f0                Vm::fpuGetPi()
                0x00000000c001f7f8                Vm::fpuGetLog2E()
                0x00000000c001f810                Vm::fpuGetLogE2()
                0x00000000c001f828                Vm::fpuGetLog210()
                0x00000000c001f840                Vm::fpuGetLog102()
                0x00000000c001f858                Vm::fpuIsSecondLarger(unsigned long long, unsigned long long)
                0x00000000c001f86c                Vm::fpuAreEqual(unsigned long long, unsigned long long)
                0x00000000c001f882                Vm::fpuUnorderedCompare(unsigned long long, unsigned long long)
                0x00000000c001f8d5                Vm::fpuAdd(unsigned long long, unsigned long long)
                0x00000000c001f8e6                Vm::fpuAbs(unsigned long long)
                0x00000000c001f8ef                Vm::fpuChs(unsigned long long)
                0x00000000c001f8ff                Vm::fpuSub(unsigned long long, unsigned long long)
                0x00000000c001f90e                Vm::fpuMultiply(unsigned long long, unsigned long long)
                0x00000000c001f92d                Vm::fpuDivide(unsigned long long, unsigned long long)
                0x00000000c001f949                Vm::fpuSquare(unsigned long long)
                0x00000000c001f95f                Vm::fpuGetReg(int)
                0x00000000c001f9a2                Vm::fpuSetReg(int, unsigned long long)
                0x00000000c001f9ed                Vm::fpuPush(unsigned long long)
                0x00000000c001fa4a                Vm::fpuPop()
                0x00000000c001fa9c                Vm::x87Handler(regs*)
 *fill*         0x00000000c0020547        0x1 
 .text          0x00000000c0020548     0x10ed fs/fat/vfslink.32
                0x00000000c0020548                FAT::getName()
                0x00000000c002054e                FAT::tell(void*, unsigned long long*)
                0x00000000c0020582                FAT::stat(void*, unsigned long long*)
                0x00000000c00205b6                FAT::~FAT()
                0x00000000c00205b6                FAT::~FAT()
                0x00000000c00205da                FAT::~FAT()
                0x00000000c0020602                FAT::getlabel(LogicalDisk*, int, char*, unsigned int*)
                0x00000000c00206a0                FAT::setlabel(LogicalDisk*, int, char*)
                0x00000000c002075a                FAT::format(LogicalDisk*, int, char const*, int)
                0x00000000c002093e                FAT::tryMount(LogicalDisk*, int)
                0x00000000c0020b44                FAT::readDir(void*, unsigned long, void*, int*)
                0x00000000c0020c4a                FAT::read(void*, unsigned long, void*, int*)
                0x00000000c0020ca4                FAT::write(void*, unsigned long, void*, int*)
                0x00000000c0020cfe                FAT::close(void*)
                0x00000000c0020d4a                FAT::closeDir(void*)
                0x00000000c0020d96                FAT::seek(void*, unsigned long long)
                0x00000000c0020dea                fatWrapperReadDisk
                0x00000000c0020e31                fatWrapperWriteDisk
                0x00000000c0020e78                fatWrapperIoctl
                0x00000000c0020f7c                FAT::FAT()
                0x00000000c0020f7c                FAT::FAT()
                0x00000000c0020fce                FAT::fixFilepath(char*)
                0x00000000c0021006                FAT::open(char const*, void**, FileOpenMode)
                0x00000000c002112e                FAT::openDir(char const*, void**)
                0x00000000c00211d4                FAT::stat(char const*, unsigned long long*, bool*)
                0x00000000c00212be                FAT::unlink(char const*)
                0x00000000c0021338                FAT::chfatattr(char const*, unsigned char, unsigned char)
                0x00000000c002148c                FAT::rename(char const*, char const*)
                0x00000000c0021550                FAT::mkdir(char const*)
                0x00000000c00215ca                FAT::exists(char const*)
 *fill*         0x00000000c0021635        0x1 
 .text          0x00000000c0021636      0xbc1 fs/iso9660/vfslink.32
                0x00000000c0021636                ISO9660::format(LogicalDisk*, int, char const*, int)
                0x00000000c002163c                ISO9660::seek(void*, unsigned long long)
                0x00000000c002166c                ISO9660::tell(void*, unsigned long long*)
                0x00000000c0021690                ISO9660::getName()
                0x00000000c0021696                ISO9660::stat(void*, unsigned long long*)
                0x00000000c00216ba                ISO9660::chfatattr(char const*, unsigned char, unsigned char)
                0x00000000c00216c0                ISO9660::unlink(char const*)
                0x00000000c00216c6                ISO9660::write(void*, unsigned long, void*, int*)
                0x00000000c00216cc                ISO9660::rename(char const*, char const*)
                0x00000000c00216d2                ISO9660::mkdir(char const*)
                0x00000000c00216d8                ISO9660::close(void*)
                0x00000000c00216fa                ISO9660::closeDir(void*)
                0x00000000c002171c                ISO9660::~ISO9660()
                0x00000000c002171c                ISO9660::~ISO9660()
                0x00000000c0021740                ISO9660::~ISO9660()
                0x00000000c0021767                __memmem(unsigned char*, int, unsigned char*, int)
                0x00000000c00217a9                readSectorFromCDROM(unsigned int, unsigned char*, char)
                0x00000000c0021810                ISO9660::tryMount(LogicalDisk*, int)
                0x00000000c0021860                ISO9660::read(void*, unsigned long, void*, int*)
                0x00000000c0021a60                ISO9660::readDir(void*, unsigned long, void*, int*)
                0x00000000c0021ced                readRoot(unsigned int*, unsigned int*, char)
                0x00000000c0021d42                readRecursively(char*, unsigned int, unsigned int, unsigned int*, unsigned int*, char, int*)
                0x00000000c0021f15                getFileData(char*, unsigned int*, unsigned int*, char, int*)
                0x00000000c0021fa4                ISO9660::open(char const*, void**, FileOpenMode)
                0x00000000c0022064                ISO9660::exists(char const*)
                0x00000000c0022088                ISO9660::stat(char const*, unsigned long long*, bool*)
                0x00000000c002211c                ISO9660::openDir(char const*, void**)
                0x00000000c00221d4                ISO9660::ISO9660()
                0x00000000c00221d4                ISO9660::ISO9660()
 *fill*         0x00000000c00221f7        0x1 
 .text          0x00000000c00221f8      0x326 hal/sound/sndchannel.32
                0x00000000c00221f8                SoundChannel::~SoundChannel()
                0x00000000c00221f8                SoundChannel::~SoundChannel()
                0x00000000c0022214                SoundChannel::setSpeed(float)
                0x00000000c0022220                SoundChannel::getSpeed()
                0x00000000c0022228                SoundChannel::setVolume(int)
                0x00000000c0022244                SoundChannel::getVolume()
                0x00000000c002224c                SoundChannel::pause()
                0x00000000c0022256                SoundChannel::SoundChannel(int, int, int, int)
                0x00000000c0022256                SoundChannel::SoundChannel(int, int, int, int)
                0x00000000c00223ac                SoundChannel::play()
                0x00000000c00223b6                SoundChannel::paused()
                0x00000000c00223be                SoundChannel::getSampleRate()
                0x00000000c00223c6                SoundChannel::getBits()
                0x00000000c00223ce                SoundChannel::getBufferUsed()
                0x00000000c00223d6                SoundChannel::getBufferSize()
                0x00000000c00223de                SoundChannel::unbuffer(float*, int, int)
                0x00000000c002247e                SoundChannel::buffer8(unsigned char*, int)
 .text          0x00000000c002251e      0x3d5 hal/sound/sndhw.32
                0x00000000c002251e                SoundDevice::SoundDevice(char const*)
                0x00000000c002251e                SoundDevice::SoundDevice(char const*)
                0x00000000c002258a                SoundDevice::~SoundDevice()
                0x00000000c002258a                SoundDevice::~SoundDevice()
                0x00000000c0022604                SoundDevice::~SoundDevice()
                0x00000000c002262e                SoundDevice::getFreeChannelNum()
                0x00000000c0022648                SoundDevice::addChannel(SoundChannel*)
                0x00000000c00226b8                SoundDevice::removeChannel(int)
                0x00000000c00226ea                SoundDevice::floatTo8(float*, unsigned char*, int)
                0x00000000c00227d2                SoundDevice::getAudio(int, float*, float*)
 .text          0x00000000c00228f3        0x0 hw/bus/isa.32
 *fill*         0x00000000c00228f3        0x1 
 .text          0x00000000c00228f4      0x6c3 hw/bus/pci.32
                0x00000000c00228f4                PCI::open(int, int, void*)
                0x00000000c0022908                PCI::close(int, int, void*)
                0x00000000c002290c                PCI::PCI()
                0x00000000c002290c                PCI::PCI()
                0x00000000c002298c                PCI::pciReadWord(unsigned char, unsigned char, unsigned char, unsigned char)
                0x00000000c00229d4                PCI::getVendorID(unsigned char, unsigned char, unsigned char)
                0x00000000c00229f6                PCI::getHeaderType(unsigned char, unsigned char, unsigned char)
                0x00000000c0022a1a                PCI::getClassCode(unsigned char, unsigned char, unsigned char)
                0x00000000c0022a5e                PCI::getProgIF(unsigned char, unsigned char, unsigned char)
                0x00000000c0022a82                PCI::getRevisionID(unsigned char, unsigned char, unsigned char)
                0x00000000c0022aa4                PCI::getInterruptNumber(unsigned char, unsigned char, unsigned char)
                0x00000000c0022ac6                PCI::getSecondaryBus(unsigned char, unsigned char, unsigned char)
                0x00000000c0022aea                PCI::getBARAddress(unsigned char, unsigned char, unsigned char, unsigned char)
                0x00000000c0022b4a                PCI::pciWriteWord(unsigned char, unsigned char, unsigned char, unsigned char, unsigned short)
                0x00000000c0022bb6                PCI::checkBus(unsigned char)
                0x00000000c0022bda                PCI::foundDevice(PCIDeviceInfo)
                0x00000000c0022d4c                PCI::getDeviceData(unsigned char, unsigned char, unsigned char)
                0x00000000c0022ef8                PCI::checkDevice(unsigned char, unsigned char)
                0x00000000c0022f64                PCI::detect()
 *fill*         0x00000000c0022fb7        0x1 
 .text          0x00000000c0022fb8      0xc70 hw/diskctrl/ide.32
                0x00000000c0022fb8                IDE::close(int, int, void*)
                0x00000000c0022fbc                IDE::IDE()
                0x00000000c0022fbc                IDE::IDE()
                0x00000000c0022ff0                IDE::prepareInterrupt(unsigned char)
                0x00000000c0023002                selectDrive(unsigned char, unsigned char)
                0x00000000c0023004                IDE::getBase(unsigned char)
                0x00000000c0023016                IDE::write(unsigned char, unsigned char, unsigned char)
                0x00000000c00230d6                IDE::read(unsigned char, unsigned char)
                0x00000000c0023184                IDE::waitInterrupt(unsigned char)
                0x00000000c00231ea                ideChannel0IRQHandler(regs*, void*)
                0x00000000c0023206                ideChannel1IRQHandler(regs*, void*)
                0x00000000c0023222                IDE::enableIRQs(unsigned char, bool)
                0x00000000c0023268                IDE::open(int, int, void*)
                0x00000000c0023678                IDE::readBuffer(unsigned char, unsigned char, unsigned int, unsigned int)
                0x00000000c0023744                IDE::detect()
                0x00000000c0023a2c                IDE::printError(unsigned char, unsigned char, unsigned char)
                0x00000000c0023bc2                IDE::polling(unsigned char, unsigned int)
 .text          0x00000000c0023c28      0x390 hw/diskctrl/satabus.32
                0x00000000c0023c28                SATABus::close(int, int, void*)
                0x00000000c0023c2c                SATABus::detect()
                0x00000000c0023c2e                SATABus::SATABus()
                0x00000000c0023c2e                SATABus::SATABus()
                0x00000000c0023cda                SATABus::findCmdslot(SATABus::tagHBA_PORT volatile*)
                0x00000000c0023d22                SATABus::checkType(SATABus::tagHBA_PORT volatile*)
                0x00000000c0023d6a                SATABus::startCmd(SATABus::tagHBA_PORT volatile*)
                0x00000000c0023d8a                SATABus::stopCmd(SATABus::tagHBA_PORT volatile*)
                0x00000000c0023db4                SATABus::portRebase(SATABus::tagHBA_PORT volatile*, int)
                0x00000000c0023eba                SATABus::probePort(SATABus::tagHBA_MEM volatile*)
                0x00000000c0023f98                SATABus::open(int, int, void*)
 .text          0x00000000c0023fb8      0x63c hw/diskphys/ata.32
                0x00000000c0023fb8                ATA::close(int, int, void*)
                0x00000000c0023fdc                ATA::powerSaving(PowerSavingLevel)
                0x00000000c0023fde                ATA::ATA()
                0x00000000c0023fde                ATA::ATA()
                0x00000000c002400c                ATA::flush(bool)
                0x00000000c0024056                ATA::readyForCommand()
                0x00000000c00240a6                ATA::access(unsigned long long, int, void*, bool)
                0x00000000c002442e                ATA::read(unsigned long long, int, void*)
                0x00000000c0024496                ATA::write(unsigned long long, int, void*)
                0x00000000c00244fe                ATA::detectCHS()
                0x00000000c0024528                ATA::open(int, int, void*)
 .text          0x00000000c00245f4      0x5bd hw/diskphys/atapi.32
                0x00000000c00245f4                ATAPI::write(unsigned long long, int, void*)
                0x00000000c00245fa                ATAPI::close(int, int, void*)
                0x00000000c002461e                ATAPI::ATAPI()
                0x00000000c002461e                ATAPI::ATAPI()
                0x00000000c002464c                ATAPI::readyForCommand()
                0x00000000c002469c                ATAPI::sendPacket(unsigned char*, int, bool, unsigned short*, int)
                0x00000000c002495c                ATAPI::diskRemoved()
                0x00000000c0024978                ATAPI::eject()
                0x00000000c00249c0                ATAPI::diskInserted()
                0x00000000c00249ee                ATAPI::detectMedia()
                0x00000000c0024aaa                ATAPI::open(int, int, void*)
                0x00000000c0024b32                ATAPI::read(unsigned long long, int, void*)
 *fill*         0x00000000c0024bb1        0x1 
 .text          0x00000000c0024bb2      0x455 hw/diskphys/sata.32
                0x00000000c0024bb2                SATA::close(int, int, void*)
                0x00000000c0024bd6                SATA::powerSaving(PowerSavingLevel)
                0x00000000c0024bd8                SATA::open(int, int, void*)
                0x00000000c0024c86                SATA::SATA()
                0x00000000c0024c86                SATA::SATA()
                0x00000000c0024cb4                SATA::access(unsigned long long, int, void*, bool)
                0x00000000c0024f1a                SATA::read(unsigned long long, int, void*)
                0x00000000c0024f82                SATA::write(unsigned long long, int, void*)
 *fill*         0x00000000c0025007        0x1 
 .text          0x00000000c0025008      0x500 hw/diskphys/satapi.32
                0x00000000c0025008                SATAPI::write(unsigned long long, int, void*)
                0x00000000c002500e                SATAPI::close(int, int, void*)
                0x00000000c0025032                SATAPI::SATAPI()
                0x00000000c0025032                SATAPI::SATAPI()
                0x00000000c0025060                SATAPI::diskRemoved()
                0x00000000c002507c                SATAPI::diskInserted()
                0x00000000c00250aa                SATAPI::sendPacket(unsigned char*, int, unsigned long long, unsigned short*, int)
                0x00000000c00252ae                SATAPI::eject()
                0x00000000c00252f6                SATAPI::detectMedia()
                0x00000000c00253b8                SATAPI::open(int, int, void*)
                0x00000000c0025466                SATAPI::read(unsigned long long, int, void*)
 .text          0x00000000c0025508       0x8e hw/fpu/avx.32
                0x00000000c0025508                AVX::open(int, int, void*)
                0x00000000c002551a                AVX::close(int, int, void*)
                0x00000000c002552c                AVX::available()
                0x00000000c002553e                AVX::save(void*)
                0x00000000c0025556                AVX::load(void*)
                0x00000000c002556e                AVX::AVX()
                0x00000000c002556e                AVX::AVX()
 .text          0x00000000c0025596       0x90 hw/fpu/mmx.32
                0x00000000c0025596                MMX::available()
                0x00000000c00255aa                MMX::open(int, int, void*)
                0x00000000c00255bc                MMX::close(int, int, void*)
                0x00000000c00255ce                MMX::save(void*)
                0x00000000c00255e6                MMX::load(void*)
                0x00000000c00255fe                MMX::MMX()
                0x00000000c00255fe                MMX::MMX()
 .text          0x00000000c0025626       0x96 hw/fpu/sse.32
                0x00000000c0025626                SSE::open(int, int, void*)
                0x00000000c0025638                SSE::close(int, int, void*)
                0x00000000c002564a                SSE::available()
                0x00000000c0025664                SSE::save(void*)
                0x00000000c002567c                SSE::load(void*)
                0x00000000c0025694                SSE::SSE()
                0x00000000c0025694                SSE::SSE()
 .text          0x00000000c00256bc       0x8e hw/fpu/x87.32
                0x00000000c00256bc                x87::open(int, int, void*)
                0x00000000c00256ce                x87::close(int, int, void*)
                0x00000000c00256e0                x87::available()
                0x00000000c00256f2                x87::save(void*)
                0x00000000c002570a                x87::load(void*)
                0x00000000c0025722                x87::x87()
                0x00000000c0025722                x87::x87()
 .text          0x00000000c002574a      0x71e hw/intctrl/apic.32
                0x00000000c002574a                APIC::disable()
                0x00000000c002574c                APIC::close(int, int, void*)
                0x00000000c002576e                IOAPIC::close(int, int, void*)
                0x00000000c0025774                APIC::io_wait()
                0x00000000c002577a                APIC::getBase()
                0x00000000c00257bc                APIC::eoi(unsigned char)
                0x00000000c00257ea                APIC::open(int, int, void*)
                0x00000000c0025938                IOAPIC::IOAPIC()
                0x00000000c0025938                IOAPIC::IOAPIC()
                0x00000000c0025960                APIC::APIC()
                0x00000000c0025960                APIC::APIC()
                0x00000000c0025a3c                IOAPIC::handlesGSIWithNumber(unsigned int)
                0x00000000c0025a6e                IOAPIC::read(int)
                0x00000000c0025a96                IOAPIC::open(int, int, void*)
                0x00000000c0025b8c                IOAPIC::write(int, int)
                0x00000000c0025bb8                IOAPIC::redirect(unsigned char, unsigned long long, unsigned char, bool, bool)
                0x00000000c0025cb2                APIC::installIRQHandler(int, void (*)(regs*, void*), bool, void*)
 .text          0x00000000c0025e68      0x3d3 hw/intctrl/pic.32
                0x00000000c0025e68                PIC::disable()
                0x00000000c0025e96                PIC::close(int, int, void*)
                0x00000000c0025eb8                PIC::PIC()
                0x00000000c0025eb8                PIC::PIC()
                0x00000000c0025f8e                PIC::ioWait()
                0x00000000c0025f94                PIC::getIRQReg(int)
                0x00000000c0025ffe                PIC::eoi(unsigned char)
                0x00000000c0026090                PIC::remap()
                0x00000000c00261fc                PIC::open(int, int, void*)
 *fill*         0x00000000c002623b        0x1 
 .text          0x00000000c002623c      0x25e hw/timer/apictimer.32
                0x00000000c002623c                APICTimer::close(int, int, void*)
                0x00000000c0026242                apicTimerHandler(regs*, void*)
                0x00000000c0026270                APICTimer::write(int)
                0x00000000c0026374                APICTimer::open(int, int, void*)
                0x00000000c0026472                APICTimer::APICTimer()
                0x00000000c0026472                APICTimer::APICTimer()
 .text          0x00000000c002649a      0x1a7 hw/timer/pit.32
                0x00000000c002649a                PIT::write(int)
                0x00000000c0026518                pitHandler(regs*, void*)
                0x00000000c0026544                PIT::open(int, int, void*)
                0x00000000c0026592                PIT::close(int, int, void*)
                0x00000000c00265c2                PIT::PIT()
                0x00000000c00265c2                PIT::PIT()
 *fill*         0x00000000c0026641        0xf 
 .text          0x00000000c0026650       0x1e hw/fpu/x86/avx.32
                0x00000000c0026650                avxDetect
                0x00000000c0026656                avxSave
                0x00000000c0026657                avxLoad
                0x00000000c0026658                avxInit
                0x00000000c0026659                avxClose
                0x00000000c002665a                wouldSheSayYes
 *fill*         0x00000000c002666e        0x2 
 .text          0x00000000c0026670       0x35 hw/fpu/x86/sse.32
                0x00000000c0026670                absolutelyNoChanceInHell
                0x00000000c0026670                sseDetect
                0x00000000c0026688                sseSave
                0x00000000c002668e                sseLoad
                0x00000000c0026694                sseInit
                0x00000000c00266a4                sseClose
 *fill*         0x00000000c00266a5        0xb 
 .text          0x00000000c00266b0       0x47 hw/fpu/x86/x87.32
                0x00000000c00266b6                x87Detect
                0x00000000c00266d1                x87Save
                0x00000000c00266d7                x87Load
                0x00000000c00266dc                x87Init
                0x00000000c00266f6                x87Close
 *fill*         0x00000000c00266f7        0x1 
 .text          0x00000000c00266f8       0x25 /cygdrive/d/Users/Alex/Desktop/Toolchain/Output/bin/../lib/gcc/i386-banana/8.1.0/crtend.o
 .text          0x00000000c002671d        0x0 crtn.32
 *fill*         0x00000000c002671d        0x3 
 .text          0x00000000c0026720      0x14b /cygdrive/d/Users/Alex/Desktop/Toolchain/Output/bin/../lib/gcc/i386-banana/8.1.0/libkgcc.a(_divdi3.o)
                0x00000000c0026720                __divdi3
 *fill*         0x00000000c002686b        0x1 
 .text          0x00000000c002686c      0x17e /cygdrive/d/Users/Alex/Desktop/Toolchain/Output/bin/../lib/gcc/i386-banana/8.1.0/libkgcc.a(_moddi3.o)
                0x00000000c002686c                __moddi3
 *fill*         0x00000000c00269ea        0x2 
 .text          0x00000000c00269ec       0xff /cygdrive/d/Users/Alex/Desktop/Toolchain/Output/bin/../lib/gcc/i386-banana/8.1.0/libkgcc.a(_udivdi3.o)
                0x00000000c00269ec                __udivdi3
 *fill*         0x00000000c0026aeb        0x1 
 .text          0x00000000c0026aec      0x11a /cygdrive/d/Users/Alex/Desktop/Toolchain/Output/bin/../lib/gcc/i386-banana/8.1.0/libkgcc.a(_umoddi3.o)
                0x00000000c0026aec                __umoddi3
 .text          0x00000000c0026c06      0x96d D:/Users/Alex/Desktop/Banana/kernel/libsoftfp.a(sfieeelib.o)
                0x00000000c0026c06                __addsf3
                0x00000000c0026f08                __subsf3
                0x00000000c0026f1c                __negsf2
                0x00000000c0026f29                __mulsf3
                0x00000000c00270ec                __divsf3
                0x00000000c0027317                __floatsisf
                0x00000000c002738b                __floatunsisf
                0x00000000c00273cd                __fixsfsi
                0x00000000c002742f                __fixunssfsi
                0x00000000c0027460                __cmpsf2
                0x00000000c00274f5                __eqsf2