Archive member included to satisfy reference by file (symbol)

/cygdrive/d/Users/Alex/Desktop/Toolchain/Output/bin/../lib/gcc/i386-banana/8.1.0/libkgcc.a(_divdi3.o)
                              fs/fat/ff.32 (__divdi3)
/cygdrive/d/Users/Alex/Desktop/Toolchain/Output/bin/../lib/gcc/i386-banana/8.1.0/libkgcc.a(_moddi3.o)
                              thr/elf.32 (__moddi3)
/cygdrive/d/Users/Alex/Desktop/Toolchain/Output/bin/../lib/gcc/i386-banana/8.1.0/libkgcc.a(_udivdi3.o)
                              fs/fat/ff.32 (__udivdi3)
/cygdrive/d/Users/Alex/Desktop/Toolchain/Output/bin/../lib/gcc/i386-banana/8.1.0/libkgcc.a(_umoddi3.o)
                              core/pipe.32 (__umoddi3)
D:/Users/Alex/Desktop/Banana/kernel/libsoftfp.a(sfieeelib.o)
                              hal/sound/sndhw.32 (__addsf3)
D:/Users/Alex/Desktop/Banana/kernel/libsoftfp.a(dfieeelib.o)
                              hal/libresample/src_linear.32 (__adddf3)
D:/Users/Alex/Desktop/Banana/kernel/libsoftfp.a(sfdfcvt.o)
                              hal/libresample/samplerate.32 (__truncdfsf2)
D:/Users/Alex/Desktop/Banana/kernel/libk/libm32.a(s_fabs.c.o)
                              hal/libresample/samplerate.32 (fabs)
D:/Users/Alex/Desktop/Banana/kernel/libk/libm32.a(s_lrint.S.o)
                              hal/libresample/samplerate.32 (lrint)
D:/Users/Alex/Desktop/Banana/kernel/libk/libm32.a(s_lrintf.S.o)
                              hal/sound/sndhw.32 (lrintf)

Discarded input sections

 .comment       0x0000000000000000       0x12 /cygdrive/d/Users/Alex/Desktop/Toolchain/Output/bin/../lib/gcc/i386-banana/8.1.0/crtbegin.o
 .comment       0x0000000000000000       0x12 acpica/utclib.32
 .comment       0x0000000000000000       0x12 core/malloc.32
 .comment       0x0000000000000000       0x12 libk/string.32
 .comment       0x0000000000000000       0x12 fs/fat/diskio.32
 .comment       0x0000000000000000       0x12 fs/fat/ff.32
 .comment       0x0000000000000000       0x12 fs/fat/ffsystem.32
 .comment       0x0000000000000000       0x12 fs/fat/ffunicode.32
 .comment       0x0000000000000000       0x12 hal/libresample/samplerate.32
 .comment       0x0000000000000000       0x12 hal/libresample/src_linear.32
 .comment       0x0000000000000000       0x12 hal/libresample/src_sinc.32
 .comment       0x0000000000000000       0x12 hal/libresample/src_zoh.32
 .comment       0x0000000000000000       0x12 compat/inlines.32
 .group         0x0000000000000000       0x14 core/computer.32
 .group         0x0000000000000000        0xc core/computer.32
 .comment       0x0000000000000000       0x12 core/computer.32
 .comment       0x0000000000000000       0x12 core/gdt.32
 .group         0x0000000000000000        0xc core/idle.32
 .comment       0x0000000000000000       0x12 core/idle.32
 .comment       0x0000000000000000       0x12 core/idt.32
 .comment       0x0000000000000000       0x12 core/kheap.32
 .comment       0x0000000000000000       0x12 core/main.32
 .comment       0x0000000000000000       0x12 core/physmgr.32
 .group         0x0000000000000000        0xc core/pipe.32
 .comment       0x0000000000000000       0x12 core/pipe.32
 .group         0x0000000000000000        0xc core/terminal.32
 .comment       0x0000000000000000       0x12 core/terminal.32
 .comment       0x0000000000000000       0x12 core/tss.32
 .group         0x0000000000000000        0x8 core/unixfile.32
 .group         0x0000000000000000        0xc core/unixfile.32
 .group         0x0000000000000000        0xc core/unixfile.32
 .group         0x0000000000000000        0x8 core/unixfile.32
 .group         0x0000000000000000        0xc core/unixfile.32
 .group         0x0000000000000000        0x8 core/unixfile.32
 .group         0x0000000000000000        0xc core/unixfile.32
 .group         0x0000000000000000        0xc core/unixfile.32
 .comment       0x0000000000000000       0x12 core/unixfile.32
 .comment       0x0000000000000000       0x12 core/virtmgr.32
 .comment       0x0000000000000000       0x12 coreobjs/c++.32
 .comment       0x0000000000000000       0x12 dbg/kconsole.32
 .group         0x0000000000000000        0xc fs/vfs.32
 .group         0x0000000000000000        0xc fs/vfs.32
 .group         0x0000000000000000        0xc fs/vfs.32
 .comment       0x0000000000000000       0x12 fs/vfs.32
 .group         0x0000000000000000        0xc hal/bus.32
 .comment       0x0000000000000000       0x12 hal/bus.32
 .group         0x0000000000000000        0xc hal/buzzer.32
 .comment       0x0000000000000000       0x12 hal/buzzer.32
 .group         0x0000000000000000        0xc hal/clock.32
 .comment       0x0000000000000000       0x12 hal/clock.32
 .group         0x0000000000000000       0x14 hal/device.32
 .group         0x0000000000000000        0xc hal/device.32
 .group         0x0000000000000000        0xc hal/device.32
 .group         0x0000000000000000        0xc hal/device.32
 .group         0x0000000000000000        0xc hal/device.32
[...]
Memory Configuration

Name             Origin             Length             Attributes
*default*        0x0000000000000000 0xffffffffffffffff

Linker script and memory map

LOAD D:/Users/Alex/Desktop/Banana/kernel/boot.32
LOAD crti.32
LOAD /cygdrive/d/Users/Alex/Desktop/Toolchain/Output/bin/../lib/gcc/i386-banana/8.1.0/crtbegin.o
LOAD D:/Users/Alex/Desktop/Banana/kernel/morenasm.32
LOAD acpica/utclib.32
LOAD core/malloc.32
LOAD libk/string.32
LOAD fs/fat/diskio.32
LOAD fs/fat/ff.32
LOAD fs/fat/ffsystem.32
LOAD fs/fat/ffunicode.32
LOAD hal/libresample/samplerate.32
LOAD hal/libresample/src_linear.32
LOAD hal/libresample/src_sinc.32
LOAD hal/libresample/src_zoh.32
LOAD compat/inlines.32
LOAD core/computer.32
LOAD core/gdt.32
LOAD core/idle.32
LOAD core/idt.32
LOAD core/kheap.32
LOAD core/main.32
LOAD core/physmgr.32
LOAD core/pipe.32
LOAD core/terminal.32
LOAD core/tss.32
LOAD core/unixfile.32
LOAD core/virtmgr.32
LOAD coreobjs/c++.32
LOAD dbg/kconsole.32
LOAD fs/vfs.32
LOAD hal/bus.32
LOAD hal/buzzer.32
LOAD hal/clock.32
LOAD hal/device.32
LOAD hal/diskctrl.32
LOAD hal/diskphys.32
LOAD hal/fpu.32
LOAD hal/intctrl.32
LOAD hal/keybrd.32
LOAD hal/logidisk.32
LOAD hal/mouse.32
LOAD hal/partition.32
LOAD hal/timer.32
LOAD hal/vcache.32
LOAD hal/video.32
LOAD hw/acpi.32
LOAD hw/cpu.32
LOAD hw/ports.32
LOAD krnl/panic.32
LOAD reg/registry.32
LOAD sys/sc_exit.32
LOAD sys/sc_loaddll.32
LOAD sys/sc_read.32
LOAD sys/sc_sbrk.32
LOAD sys/sc_write.32
LOAD sys/sc_yield.32
LOAD sys/syscalls.32
LOAD thr/elf.32
LOAD thr/prcssthr.32
LOAD vm86/vm8086.32
LOAD vm86/x87em.32
LOAD fs/fat/vfslink.32
LOAD fs/iso9660/vfslink.32
LOAD hal/sound/sndchannel.32
LOAD hal/sound/sndhw.32
LOAD hw/bus/isa.32
LOAD hw/bus/pci.32
LOAD hw/diskctrl/ide.32
LOAD hw/diskphys/ata.32
LOAD hw/diskphys/atapi.32
LOAD hw/fpu/avx.32
LOAD hw/fpu/mmx.32
LOAD hw/fpu/sse.32
LOAD hw/fpu/x87.32
LOAD hw/intctrl/apic.32
LOAD hw/intctrl/pic.32
LOAD hw/timer/apictimer.32
LOAD hw/timer/pit.32
LOAD hw/fpu/x86/avx.32
LOAD hw/fpu/x86/sse.32
LOAD hw/fpu/x86/x87.32
LOAD /cygdrive/d/Users/Alex/Desktop/Toolchain/Output/bin/../lib/gcc/i386-banana/8.1.0/crtend.o
LOAD crtn.32
LOAD /cygdrive/d/Users/Alex/Desktop/Toolchain/Output/bin/../lib/gcc/i386-banana/8.1.0/libkgcc.a
LOAD D:/Users/Alex/Desktop/Banana/kernel/libsoftfp.a
LOAD D:/Users/Alex/Desktop/Banana/kernel/libk/libm32.a
                0x00000000c0000000                . = 0xc0000000

.text           0x00000000c0000000    0x25708
 *(.text)
 .text          0x00000000c0000000       0x41 D:/Users/Alex/Desktop/Banana/kernel/boot.32
                0x00000000c0000020                callGlobalConstructors
 .text          0x00000000c0000041        0x0 crti.32
 *fill*         0x00000000c0000041        0x3 
 .text          0x00000000c0000044      0x101 /cygdrive/d/Users/Alex/Desktop/Toolchain/Output/bin/../lib/gcc/i386-banana/8.1.0/crtbegin.o
 *fill*         0x00000000c0000145        0xb 
 .text          0x00000000c0000150      0x492 D:/Users/Alex/Desktop/Banana/kernel/morenasm.32
                0x00000000c0000150                prepareTramp
                0x00000000c0000169                voodooXADD
                0x00000000c0000234                doTPAUSE
                0x00000000c000023e                hasLegacyFPU
                0x00000000c0000263                is486
                0x00000000c0000299                detectCPUID
                0x00000000c00002af                goToVM86
                0x00000000c00002df                goToUsermode
                0x00000000c0000309                switchToThreadASMFirstTime
                0x00000000c0000317                switchToThreadASM
                0x00000000c000039f                asmQuickAcquireLock
                0x00000000c00003bd                asmQuickReleaseLock
                0x00000000c00003c9                asmAcquireLock
                0x00000000c00003ea                asmReleaseLock
                0x00000000c00003fd                loadGDT
                0x00000000c000041d                isr0
                0x00000000c000042d                isr1
                0x00000000c0000437                isr2
                0x00000000c0000441                isr3
                0x00000000c000044b                isr4
                0x00000000c0000455                isr5
                0x00000000c000045f                isr6
                0x00000000c0000469                isr7
                0x00000000c0000473                isr8
                0x00000000c000047b                isr9
                0x00000000c0000485                isr10
                0x00000000c000048d                isr11
                0x00000000c0000495                isr12
                0x00000000c000049d                isr13
                0x00000000c00004a5                isr14
                0x00000000c00004ad                isr15
                0x00000000c00004b7                isr16
                0x00000000c00004c1                isr17
                0x00000000c00004cb                isr18
                0x00000000c00004d5                irq3
                0x00000000c00004df                irq4
                0x00000000c00004e9                irq5
                0x00000000c00004f3                irq6
                0x00000000c00004fd                irq7
                0x00000000c0000507                irq8
                0x00000000c0000511                irq9
                0x00000000c000051b                irq10
                0x00000000c0000525                irq11
                0x00000000c000052f                irq12
                0x00000000c0000539                irq13
                0x00000000c0000543                irq14
                0x00000000c000054d                irq15
                0x00000000c0000557                irq1
                0x00000000c000055e                irq2
                0x00000000c0000565                isr96
                0x00000000c000056c                irq0
                0x00000000c0000571                syscall_common_stub
                0x00000000c0000571                int_common_stub
                0x00000000c0000592                irq16
                0x00000000c000059c                irq17
                0x00000000c00005a6                irq18
                0x00000000c00005b0                irq19
                0x00000000c00005ba                irq20
                0x00000000c00005c4                irq21
                0x00000000c00005ce                irq22
                0x00000000c00005d8                irq23
 .text          0x00000000c00005e2      0x40f acpica/utclib.32
                0x00000000c00005e2                memcmp
                0x00000000c000060d                memmove
                0x00000000c0000645                memcpy
                0x00000000c000067b                memset
                0x00000000c0000698                strlen
                0x00000000c00006a8                strpbrk
                0x00000000c00006cb                strtok
                0x00000000c000071a                strcpy
                0x00000000c000073a                strncpy
                0x00000000c000076b                strcmp
                0x00000000c000078c                strchr
                0x00000000c00007a2                strncmp
                0x00000000c00007d1                strcat
                0x00000000c00007f8                strncat
                0x00000000c0000832                strstr
                0x00000000c000086f                toupper
                0x00000000c0000883                tolower
                0x00000000c0000897                simple_strtoul
 .text          0x00000000c00009f1      0xfbf core/malloc.32
                0x00000000c0000b5c                dlfree
                0x00000000c0000eb7                dlmalloc
                0x00000000c00013f4                dlrealloc
                0x00000000c00015a9                dlmemalign
                0x00000000c00016cc                dlcalloc
                0x00000000c0001766                dlcfree
                0x00000000c000176b                dlindependent_calloc
                0x00000000c0001790                dlindependent_comalloc
                0x00000000c00017a7                dlvalloc
                0x00000000c00017d2                dlpvalloc
                0x00000000c0001808                dlmalloc_trim
                0x00000000c0001815                dlmalloc_usable_size
                0x00000000c0001846                dlmallinfo
                0x00000000c0001915                dlmalloc_stats
                0x00000000c0001926                dlmallopt
 .text          0x00000000c00019b0        0x0 libk/string.32
 .text          0x00000000c00019b0       0x51 fs/fat/diskio.32
                0x00000000c00019b0                disk_status
                0x00000000c00019b3                disk_initialize
                0x00000000c00019b6                disk_read
                0x00000000c00019cc                disk_write
                0x00000000c00019e2                disk_ioctl
 .text          0x00000000c0001a01     0x6833 fs/fat/ff.32
                0x00000000c0004ccf                f_mount
                0x00000000c0004d31                f_open
                0x00000000c000516d                f_read
                0x00000000c00053ed                f_write
                0x00000000c00056a7                f_sync
                0x00000000c0005883                f_close
                0x00000000c00058b2                f_lseek
                0x00000000c0005d69                f_opendir
                0x00000000c0005e6b                f_closedir
                0x00000000c0005e8d                f_readdir
                0x00000000c0005f28                f_stat
                0x00000000c0005fb7                f_getfree
                0x00000000c0006182                f_truncate
                0x00000000c000627a                f_unlink
                0x00000000c00063fd                f_mkdir
                0x00000000c0006629                f_rename
                0x00000000c000691c                f_chmod
                0x00000000c00069fa                f_utime
                0x00000000c0006ad8                f_getlabel
                0x00000000c0006cc6                f_setlabel
                0x00000000c0006f33                f_forward
                0x00000000c0007111                f_mkfs
 .text          0x00000000c0008234       0x2d fs/fat/ffsystem.32
                0x00000000c0008234                ff_memalloc
                0x00000000c000824a                ff_memfree
 .text          0x00000000c0008261      0x253 fs/fat/ffunicode.32
                0x00000000c0008261                ff_uni2oem
                0x00000000c00082f1                ff_oem2uni
                0x00000000c000835d                ff_wtoupper
 .text          0x00000000c00084b4      0x8fb hal/libresample/samplerate.32
                0x00000000c00084f8                src_delete
                0x00000000c0008534                src_process
                0x00000000c00086ea                src_callback_read
                0x00000000c0008867                src_set_ratio
                0x00000000c00088d1                src_get_channels
                0x00000000c00088f3                src_reset
                0x00000000c000893f                src_new
                0x00000000c00089cd                src_callback_new
                0x00000000c0008a2f                src_get_name
                0x00000000c0008a66                src_get_description
                0x00000000c0008a9d                src_get_version
                0x00000000c0008aa3                src_is_valid_ratio
                0x00000000c0008af7                src_error
                0x00000000c0008b05                src_strerror
                0x00000000c0008b18                src_simple
                0x00000000c0008b6b                src_short_to_float_array
                0x00000000c0008bd0                src_float_to_short_array
                0x00000000c0008c8f                src_int_to_float_array
                0x00000000c0008cf2                src_float_to_int_array
 .text          0x00000000c0008daf      0x8cb hal/libresample/src_linear.32
                0x00000000c00095d5                linear_get_name
                0x00000000c00095e4                linear_get_description
                0x00000000c00095f3                linear_set_converter
 .text          0x00000000c000967a     0x447c hal/libresample/src_sinc.32
                0x00000000c000da0d                sinc_get_name
                0x00000000c000da20                sinc_get_description
                0x00000000c000da33                sinc_set_converter
 .text          0x00000000c000daf6      0x77c hal/libresample/src_zoh.32
                0x00000000c000e1cd                zoh_get_name
                0x00000000c000e1dc                zoh_get_description
                0x00000000c000e1eb                zoh_set_converter
 .text          0x00000000c000e272       0x23 compat/inlines.32
                0x00000000c000e272                CPU::current()
                0x00000000c000e27f                operator new(unsigned long)
 *fill*         0x00000000c000e295        0x1 
 .text          0x00000000c000e296      0xa07 core/computer.32
                0x00000000c000e296                Computer::close(int, int, void*)
                0x00000000c000e2da                Computer::Computer()
                0x00000000c000e2da                Computer::Computer()
                0x00000000c000e436                Computer::setBootMessage(char const*)
                0x00000000c000e438                Computer::start()
                0x00000000c000e509                firstTask()
                0x00000000c000e518                Computer::detectFeatures()
                0x00000000c000e722                Computer::displayFeatures()
                0x00000000c000ea68                Computer::rdmsr(unsigned int)
                0x00000000c000ea94                Computer::wrmsr(unsigned int, unsigned long long)
                0x00000000c000eacc                Computer::nmiEnabled()
                0x00000000c000ead8                Computer::readCMOS(unsigned char)
                0x00000000c000eaf2                Computer::enableNMI(bool)
                0x00000000c000eb0a                Computer::open(int, int, void*)
                0x00000000c000ebe0                Computer::disableNMI()
                0x00000000c000ebee                Computer::writeCMOS(unsigned char, unsigned char)
                0x00000000c000ec0c                Computer::handleNMI()
                0x00000000c000ec72                Computer::setDiskActivityLight(int, bool)
 *fill*         0x00000000c000ec9d        0x1 
 .text          0x00000000c000ec9e      0x1b7 core/gdt.32
                0x00000000c000ec9e                GDTEntry::setBase(unsigned int)
                0x00000000c000ecba                GDTEntry::setLimit(unsigned int)
                0x00000000c000ecd8                GDT::GDT()
                0x00000000c000ecd8                GDT::GDT()
                0x00000000c000ecee                GDT::addEntry(GDTEntry)
                0x00000000c000ed2a                GDT::getNumberOfEntries()
                0x00000000c000ed32                GDT::flush()
                0x00000000c000ed54                GDT::setup()
 .text          0x00000000c000ee55       0x62 core/idle.32
                0x00000000c000ee55                idleFunction(void*)
 *fill*         0x00000000c000eeb7        0x1 
 .text          0x00000000c000eeb8      0x45f core/idt.32
                0x00000000c000eeb8                IDTEntry::IDTEntry(bool)
                0x00000000c000eeb8                IDTEntry::IDTEntry(bool)
                0x00000000c000ef26                IDTEntry::setOffset(unsigned int)
                0x00000000c000ef3a                IDT::IDT()
                0x00000000c000ef3a                IDT::IDT()
                0x00000000c000ef3c                IDT::getPointerToInvalidOpcodeEntryForF00F()
                0x00000000c000ef44                IDT::addEntry(IDTEntry, int)
                0x00000000c000ef5e                IDT::addEntry(int, void (*)(), bool)
                0x00000000c000ef96                IDT::flush()
                0x00000000c000efb0                IDT::setup()
 .text          0x00000000c000f317      0x203 core/kheap.32
                0x00000000c000f317                sbrk
                0x00000000c000f425                mmap
                0x00000000c000f43b                munmap
                0x00000000c000f451                liballoc_lock()
                0x00000000c000f462                liballoc_unlock()
                0x00000000c000f473                liballoc_alloc(int)
                0x00000000c000f48e                liballoc_free(void*, int)
                0x00000000c000f4ac                realloc
                0x00000000c000f4c0                malloc
                0x00000000c000f4d0                free
                0x00000000c000f4e0                rfree
                0x00000000c000f4f0                calloc
 .text          0x00000000c000f51a      0x38d core/main.32
                0x00000000c000f51a                hwTextMode_loadInData(VgaText*)
                0x00000000c000f55f                hwTextMode_loadInTitle(VgaText*, char*)
                0x00000000c000f5a1                hwTextMode_showCursor(VgaText*, bool)
                0x00000000c000f5f5                hwTextMode_update(VgaText*)
                0x00000000c000f5f6                hwTextMode_updateCursor(VgaText*)
                0x00000000c000f63e                hwTextMode_disableBlink(VgaText*, bool)
                0x00000000c000f67a                hwTextMode_scrollScreen(VgaText*)
                0x00000000c000f700                hwTextMode_writeCharacter(VgaText*, char, VgaColour, VgaColour, int, int)
                0x00000000c000f75e                setupTextMode()
                0x00000000c000f7af                kernel_main
 .text          0x00000000c000f8a7      0x4f3 core/physmgr.32
                0x00000000c000f8a7                Phys::allocateDMA(unsigned long)
                0x00000000c000f94a                Phys::freeDMA(unsigned long, unsigned long)
                0x00000000c000f992                Phys::setPageState(unsigned long, bool)
                0x00000000c000f9c4                Phys::getPageState(unsigned long)
                0x00000000c000f9e0                Phys::freePage(unsigned long)
                0x00000000c000fa6a                Phys::allocatePage()
                0x00000000c000fb32                Phys::allowSegmentToBeUsed(unsigned long, unsigned long)
                0x00000000c000fb6a                Phys::physicalMemorySetup(unsigned int)
 .text          0x00000000c000fd9a      0x273 core/pipe.32
                0x00000000c000fd9a                Pipe::isAtty()
                0x00000000c000fd9e                Pipe::~Pipe()
                0x00000000c000fd9e                Pipe::~Pipe()
                0x00000000c000fdc2                Pipe::~Pipe()
                0x00000000c000fdea                Pipe::read(unsigned long long, void*, int*)
                0x00000000c000fede                Pipe::write(unsigned long long, void*, int*)
                0x00000000c000ffa6                Pipe::Pipe(int)
                0x00000000c000ffa6                Pipe::Pipe(int)
 *fill*         0x00000000c001000d        0x1 
 .text          0x00000000c001000e      0xf65 core/terminal.32
                0x00000000c001000e                VgaText::isAtty()
                0x00000000c0010012                VgaText::~VgaText()
                0x00000000c0010012                VgaText::~VgaText()
                0x00000000c0010036                VgaText::~VgaText()
                0x00000000c0010060                VgaText::read(unsigned long long, void*, int*)
                0x00000000c0010080                setTerminalScrollLock(bool)
                0x00000000c0010081                addToTerminalCycle(VgaText*)
                0x00000000c00100ae                installVgaTextImplementation()
                0x00000000c00100c3                scrollTerminalScrollLock(int)
                0x00000000c00100c4                VgaText::load()
                0x00000000c0010118                VgaText::updateCursor()
                0x00000000c0010132                VgaText::showCursor(bool)
                0x00000000c0010142                VgaText::disableBlink(bool)
                0x00000000c001017c                VgaText::doANSI_SGR(int)
                0x00000000c0010208                VgaText::setDefaultBgColour(VgaColour)
                0x00000000c001021e                VgaText::setDefaultFgColour(VgaColour)
                0x00000000c0010234                VgaText::setDefaultColours(VgaColour, VgaColour)
                0x00000000c0010254                VgaText::combineColours(unsigned char, unsigned char)
                0x00000000c0010266                VgaText::scrollScreen()
                0x00000000c00102fa                VgaText::combineCharAndColour(char, unsigned char)
                0x00000000c001030c                VgaText::writeCharacter(char, VgaColour, VgaColour, int, int)
                0x00000000c001036c                VgaText::getCursorX()
                0x00000000c0010378                VgaText::getCursorY()
                0x00000000c0010384                VgaText::setCursor(int, int)
                0x00000000c00103a2                VgaText::setCursorX(int)
                0x00000000c00103be                VgaText::setCursorY(int)
                0x00000000c00103da                VgaText::incrementCursor(bool)
                0x00000000c0010442                VgaText::updateRAMUsageDisplay(int)
                0x00000000c001049c                VgaText::updateDiskUsage()
                0x00000000c0010602                VgaText::updateTitle()
                0x00000000c0010648                VgaText::setTitleTextColour(VgaColour)
                0x00000000c0010658                VgaText::setTitleColour(VgaColour)
                0x00000000c0010668                VgaText::setTitle(char*)
                0x00000000c001068e                VgaText::decrementCursor(bool)
                0x00000000c00106b6                VgaText::putchar(char, VgaColour, VgaColour)
                0x00000000c00107b2                VgaText::isShowingCursor()
                0x00000000c00107be                VgaText::isBlinkDisabled()
                0x00000000c00107cc                VgaText::setCursorHeight(int)
                0x00000000c00107ea                VgaText::getCursorHeight()
                0x00000000c00107f5                setActiveTerminal(VgaText*)
                0x00000000c00108a7                doTerminalCycle()
                0x00000000c00108c4                VgaText::doUpdate()
                0x00000000c00108d6                VgaText::puts(char const*, VgaColour, VgaColour)
                0x00000000c0010a96                VgaText::clearScreen()
                0x00000000c0010afa                VgaText::putchar(char)
                0x00000000c0010c14                VgaText::puts(char const*)
                0x00000000c0010c3a                VgaText::putx(unsigned int)
                0x00000000c0010c80                VgaText::VgaText(char const*)
                0x00000000c0010c80                VgaText::VgaText(char const*)
                0x00000000c0010e12                VgaText::receiveKey(unsigned char)
                0x00000000c0010efa                VgaText::write(unsigned long long, void*, int*)
                0x00000000c0010f4e                newTerminal(char*)
 *fill*         0x00000000c0010f73        0x1 
 .text          0x00000000c0010f74      0x1b3 core/tss.32
                0x00000000c0010f74                TSS::TSS()
                0x00000000c0010f74                TSS::TSS()
                0x00000000c0010f82                TSS::setESP(unsigned long)
                0x00000000c0010f94                TSS::flush()
                0x00000000c0010fb4                TSS::setup(unsigned long, unsigned long)
 *fill*         0x00000000c0011127        0x1 
 .text          0x00000000c0011128      0x4c2 core/unixfile.32
                0x00000000c0011128                ReservedFilename::read(unsigned long long, void*, int*)
                0x00000000c001117e                ReservedFilename::isAtty()
                0x00000000c001119a                ReservedFilename::write(unsigned long long, void*, int*)
                0x00000000c00111f8                UnixFile::getFileDescriptor()
                0x00000000c0011200                UnixFile::UnixFile(int)
                0x00000000c0011200                UnixFile::UnixFile(int)
                0x00000000c00113b0                ReservedFilename::ReservedFilename(int)
                0x00000000c00113b0                ReservedFilename::ReservedFilename(int)
                0x00000000c00113e2                UnixFile::~UnixFile()
                0x00000000c00113e2                UnixFile::~UnixFile()
                0x00000000c001147a                UnixFile::~UnixFile()
                0x00000000c00114a2                ReservedFilename::~ReservedFilename()
                0x00000000c00114a2                ReservedFilename::~ReservedFilename()
                0x00000000c00114c6                ReservedFilename::~ReservedFilename()
                0x00000000c00114ed                getFromFileDescriptor(int)
 .text          0x00000000c00115ea      0xee3 core/virtmgr.32
                0x00000000c00115ea                Virt::setPageState(unsigned long, Virt::VirtPageState)
                0x00000000c001161f                Virt::getPageState(unsigned long)
                0x00000000c0011643                Virt::allocateKernelVirtualPages(int)
                0x00000000c0011754                Virt::virtualMemorySetup()
                0x00000000c00117d3                Virt::getAKernelVAS()
                0x00000000c00117d9                Virt::setupPageSwapping(int)
                0x00000000c0011908                VAS::VAS()
                0x00000000c0011908                VAS::VAS()
                0x00000000c0011938                VAS::VAS(VAS*)
                0x00000000c0011938                VAS::VAS(VAS*)
                0x00000000c001195c                VAS::getForeignPageTableEntry(bool, unsigned long)
                0x00000000c0011988                VAS::getPageTableEntry(unsigned long)
                0x00000000c00119a7                Virt::freeKernelVirtualPages(unsigned long)
                0x00000000c0011aca                VAS::freeAllocatedPages(unsigned long)
                0x00000000c0011aee                VAS::virtualToPhysical(unsigned long)
                0x00000000c0011b06                VAS::reflagRange(unsigned long, int, int, int)
                0x00000000c0011b46                VAS::setToWriteCombining(unsigned long, int)
                0x00000000c0011b78                VAS::mapOtherVASIn(bool, VAS*)
                0x00000000c0011ba2                VAS::~VAS()
                0x00000000c0011ba2                VAS::~VAS()
                0x00000000c0011d0e                VAS::mapPage(unsigned long, unsigned long, int)
                0x00000000c0011e0e                VAS::allocatePages(int, int)
                0x00000000c0011fe6                VAS::setCPUSpecific(unsigned long)
                0x00000000c0012002                VAS::mapRange(unsigned long, unsigned long, int, int)
                0x00000000c00120c8                VAS::mapForeignPage(bool, VAS*, unsigned long, unsigned long, int)
                0x00000000c00121b6                VAS::VAS(bool)
                0x00000000c00121b6                VAS::VAS(bool)
                0x00000000c0012411                mapVASFirstTime
 .text          0x00000000c00124cd       0x95 coreobjs/c++.32
                0x00000000c00124cd                __cxa_atexit
                0x00000000c00124d0                __cxa_finalize
                0x00000000c00124d1                __stack_chk_fail
                0x00000000c001253d                __cxa_pure_virtual
                0x00000000c001254e                operator new[](unsigned long)
                0x00000000c0012553                operator delete(void*, unsigned long)
                0x00000000c0012558                operator delete[](void*)
                0x00000000c001255d                operator delete[](void*, unsigned long)
 .text          0x00000000c0012562      0x1ef dbg/kconsole.32
                0x00000000c0012562                Dbg::stringifyxWithBase(unsigned int, char*, int)
                0x00000000c00125c3                Dbg::logc(char)
                0x00000000c00125da                Dbg::logs(char*)
                0x00000000c00125f7                Dbg::logWriteInt(unsigned int)
                0x00000000c0012614                Dbg::logWriteIntBase(unsigned int, int)
                0x00000000c0012633                Dbg::kprintf(char const*, ...)
 *fill*         0x00000000c0012751        0x1 
 .text          0x00000000c0012752      0xb7c fs/vfs.32
                0x00000000c0012752                File::read(unsigned long long, void*, int*)
                0x00000000c00127aa                File::write(unsigned long long, void*, int*)
                0x00000000c0012802                Directory::read(unsigned long long, void*, int*)
                0x00000000c001285a                Directory::write(unsigned long long, void*, int*)
                0x00000000c0012888                File::isAtty()
                0x00000000c001288c                Directory::isAtty()
                0x00000000c0012890                Filesystem::getlabel(LogicalDisk*, int, char*, unsigned int*)
                0x00000000c0012896                Filesystem::setlabel(LogicalDisk*, int, char*)
                0x00000000c001289c                File::~File()
                0x00000000c001289c                File::~File()
                0x00000000c00128c0                File::~File()
                0x00000000c00128ea                Directory::~Directory()
                0x00000000c00128ea                Directory::~Directory()
                0x00000000c001290e                Directory::~Directory()
                0x00000000c0012938                Filesystem::Filesystem()
                0x00000000c0012938                Filesystem::Filesystem()
                0x00000000c001295c                Filesystem::~Filesystem()
                0x00000000c001295c                Filesystem::~Filesystem()
                0x00000000c001296a                Filesystem::~Filesystem()
                0x00000000c001298e                initVFS()
                0x00000000c00129b8                standardiseFiles(char*, char const*, char const*)
                0x00000000c0012b62                File::File(char const*, Process*)
                0x00000000c0012b62                File::File(char const*, Process*)
                0x00000000c0012bc6                File::open(FileOpenMode)
                0x00000000c0012c24                File::close()
                0x00000000c0012c84                File::seek(unsigned long long)
                0x00000000c0012cda                File::tell(unsigned long long*)
                0x00000000c0012d2a                File::rewind()
                0x00000000c0012d3e                File::unlink()
                0x00000000c0012d8a                File::rename(char const*)
                0x00000000c0012dd8                File::chfatattr(unsigned char, unsigned char)
                0x00000000c0012e34                File::exists()
                0x00000000c0012e72                File::stat(unsigned long long*, bool*)
                0x00000000c0012ed3                getcwd(Process*, char*, int)
                0x00000000c0012efd                setcwd(Process*, char*)
                0x00000000c0013038                Directory::Directory(char const*, Process*)
                0x00000000c0013038                Directory::Directory(char const*, Process*)
                0x00000000c001309c                Directory::open()
                0x00000000c00130f8                Directory::close()
                0x00000000c0013158                Directory::unlink()
                0x00000000c00131a4                Directory::rename(char const*)
                0x00000000c00131f2                Directory::exists()
                0x00000000c0013230                Directory::read(dirent*)
                0x00000000c001327c                Directory::create()
                0x00000000c00132c8                Filesystem::chfatattr(char const*, unsigned char, unsigned char)
 .text          0x00000000c00132ce       0x84 hal/bus.32
                0x00000000c00132ce                Bus::Bus(char const*)
                0x00000000c00132ce                Bus::Bus(char const*)
                0x00000000c0013304                Bus::~Bus()
                0x00000000c0013304                Bus::~Bus()
                0x00000000c0013328                Bus::~Bus()
 .text          0x00000000c0013352      0x14e hal/buzzer.32
                0x00000000c0013352                Buzzer::Buzzer(char const*)
                0x00000000c0013352                Buzzer::Buzzer(char const*)
                0x00000000c0013396                Buzzer::~Buzzer()
                0x00000000c0013396                Buzzer::~Buzzer()
                0x00000000c00133ba                Buzzer::~Buzzer()
                0x00000000c00133e4                Buzzer::stop()
                0x00000000c00133f7                beepThread(void*)
                0x00000000c0013432                Buzzer::beep(int, int, bool)
 .text          0x00000000c00134a0      0x42f hal/clock.32
                0x00000000c00134a0                loadClockSettings()
                0x00000000c00134ba                Clock::Clock(char const*)
                0x00000000c00134ba                Clock::Clock(char const*)
                0x00000000c00134f0                Clock::~Clock()
                0x00000000c00134f0                Clock::~Clock()
                0x00000000c0013514                Clock::~Clock()
                0x00000000c001353e                Clock::timeInSecondsLocal()
                0x00000000c0013586                Clock::setTimeInSecondsLocal(unsigned long long)
                0x00000000c00135df                datetimeToSeconds(datetime_t)
                0x00000000c0013706                Clock::setTimeInDatetimeLocal(datetime_t)
                0x00000000c0013766                secondsToDatetime(unsigned long long)
                0x00000000c00138aa                Clock::timeInDatetimeLocal()
 *fill*         0x00000000c00138cf        0x1 
 .text          0x00000000c00138d0      0x4de hal/device.32
                0x00000000c00138d0                Device::hibernate()
                0x00000000c00138d2                Device::wake()
                0x00000000c00138d4                Device::detect()
                0x00000000c00138d6                Device::disableLegacy()
                0x00000000c00138d8                Device::powerSaving(PowerSavingLevel)
                0x00000000c00138da                DriverlessDevice::close(int, int, void*)
                0x00000000c00138de                DriverlessDevice::detect()
                0x00000000c00138e0                DriverlessDevice::open(int, int, void*)
                0x00000000c00138f4                Device::~Device()
                0x00000000c00138f4                Device::~Device()
                0x00000000c0013902                Device::~Device()
                0x00000000c001392a                Device::findAndLoadDriver()
                0x00000000c001392c                Device::preOpenPCI(PCIDeviceInfo)
                0x00000000c0013952                Device::preOpenACPI(void*, char*, char*)
                0x00000000c00139a6                Device::addIRQHandler(int, void (*)(regs*, void*), bool, void*)
                0x00000000c00139e4                Device::removeIRQHandler(int, void (*)(regs*, void*), bool)
                0x00000000c0013a22                Device::addChild(Device*)
                0x00000000c0013a66                Device::removeAllChildren()
                0x00000000c0013aac                Device::hibernateAll()
                0x00000000c0013adc                Device::wakeAll()
                0x00000000c0013b0c                Device::detectAll()
                0x00000000c0013b3c                Device::disableLegacyAll()
                0x00000000c0013b6c                Device::loadDriversForAll()
                0x00000000c0013b98                Device::closeAll()
                0x00000000c0013bce                Device::powerSavingAll(PowerSavingLevel)
                0x00000000c0013c04                Device::setName(char const*)
                0x00000000c0013c12                Device::Device(char const*)
                0x00000000c0013c12                Device::Device(char const*)
                0x00000000c0013d0e                Device::getName()
                0x00000000c0013d18                DriverlessDevice::DriverlessDevice(char const*)
                0x00000000c0013d18                DriverlessDevice::DriverlessDevice(char const*)
                0x00000000c0013d40                Device::addToLinkedList(LinkedList<Device>&, DeviceType)
                0x00000000c0013d84                getDevicesOfType(DeviceType)
 .text          0x00000000c0013dae       0x84 hal/diskctrl.32
                0x00000000c0013dae                HardDiskController::HardDiskController(char const*)
                0x00000000c0013dae                HardDiskController::HardDiskController(char const*)
                0x00000000c0013de4                HardDiskController::~HardDiskController()
                0x00000000c0013de4                HardDiskController::~HardDiskController()
                0x00000000c0013e08                HardDiskController::~HardDiskController()
 .text          0x00000000c0013e32       0xde hal/diskphys.32
                0x00000000c0013e32                PhysicalDisk::PhysicalDisk(char const*, int)
                0x00000000c0013e32                PhysicalDisk::PhysicalDisk(char const*, int)
                0x00000000c0013e9a                PhysicalDisk::startCache()
                0x00000000c0013ec2                PhysicalDisk::~PhysicalDisk()
                0x00000000c0013ec2                PhysicalDisk::~PhysicalDisk()
                0x00000000c0013ee6                PhysicalDisk::~PhysicalDisk()
 .text          0x00000000c0013f10      0x13b hal/fpu.32
                0x00000000c0013f10                FPU::FPU(char const*)
                0x00000000c0013f10                FPU::FPU(char const*)
                0x00000000c0013f46                FPU::~FPU()
                0x00000000c0013f46                FPU::~FPU()
                0x00000000c0013f6a                FPU::~FPU()
                0x00000000c0013f94                setupFPU()
 *fill*         0x00000000c001404b        0x1 
 .text          0x00000000c001404c     0x12b1 hal/intctrl.32
                0x00000000c001404c                InterruptController::uninstallISRHandler(int, void (*)(regs*, void*))
                0x00000000c0014084                InterruptController::installISRHandler(int, void (*)(regs*, void*), void*)
                0x00000000c00140d6                doubleFault(regs*, void*)
                0x00000000c00140f0                InterruptController::installIRQHandler(int, void (*)(regs*, void*), bool, void*)
                0x00000000c001418c                InterruptController::clearAllHandlers(int, bool)
                0x00000000c0014234                InterruptController::uninstallIRQHandler(int, void (*)(regs*, void*), bool)
                0x00000000c00142bb                nmiHandler(regs*, void*)
                0x00000000c00142c9                int_handler
                0x00000000c001436a                InterruptController::InterruptController(char const*)
                0x00000000c001436a                InterruptController::InterruptController(char const*)
                0x00000000c0014410                InterruptController::~InterruptController()
                0x00000000c0014410                InterruptController::~InterruptController()
                0x00000000c0014434                InterruptController::~InterruptController()
                0x00000000c001445e                displayDebugInfo(regs*)
                0x00000000c0014863                x87EmulHandler(regs*, void*)
                0x00000000c0014892                gpFault(regs*, void*)
                0x00000000c00148cb                pgFault(regs*, void*)
                0x00000000c00148e2                otherISRHandler(regs*, void*)
                0x00000000c0014901                opcodeFault(regs*, void*)
                0x00000000c0014ec0                displayProgramFault(char const*)
                0x00000000c0014ee8                setupInterruptController()
                0x00000000c00152b0                InterruptController::convertLegacyIRQNumber(int)
 *fill*         0x00000000c00152fd        0x1 
 .text          0x00000000c00152fe      0x620 hal/keybrd.32
                0x00000000c00152fe                startGUI(void*)
                0x00000000c0015370                sendKeyToTerminal(unsigned char)
                0x00000000c00153dc                sendKeyboardToken(KeyboardToken)
                0x00000000c00157b7                clearInternalKeybuffer(VgaText*)
                0x00000000c00157ec                readKeyboard(VgaText*, char*, unsigned long)
                0x00000000c0015894                Keyboard::Keyboard(char const*)
                0x00000000c0015894                Keyboard::Keyboard(char const*)
                0x00000000c00158d0                Keyboard::~Keyboard()
                0x00000000c00158d0                Keyboard::~Keyboard()
                0x00000000c00158f4                Keyboard::~Keyboard()
 .text          0x00000000c001591e      0x400 hal/logidisk.32
                0x00000000c001591e                LogicalDisk::close(int, int, void*)
                0x00000000c0015922                LogicalDisk::~LogicalDisk()
                0x00000000c0015922                LogicalDisk::~LogicalDisk()
                0x00000000c0015946                LogicalDisk::~LogicalDisk()
                0x00000000c0015970                LogicalDisk::open(int, int, void*)
                0x00000000c0015984                LogicalDisk::absoluteToRelative(unsigned long long)
                0x00000000c00159bc                LogicalDisk::relativeToAbsolute(unsigned long long)
                0x00000000c0015a02                LogicalDisk::LogicalDisk(char const*, PhysicalDisk*, unsigned long long, unsigned long long)
                0x00000000c0015a02                LogicalDisk::LogicalDisk(char const*, PhysicalDisk*, unsigned long long, unsigned long long)
                0x00000000c0015ab8                LogicalDisk::assignDriveLetter()
                0x00000000c0015b6e                LogicalDisk::mount()
                0x00000000c0015be0                LogicalDisk::unmount()
                0x00000000c0015bf0                LogicalDisk::unassignDriveLetter()
                0x00000000c0015c46                LogicalDisk::read(unsigned long long, int, void*)
                0x00000000c0015cb2                LogicalDisk::write(unsigned long long, int, void*)
 .text          0x00000000c0015d1e       0x84 hal/mouse.32
                0x00000000c0015d1e                Mouse::Mouse(char const*)
                0x00000000c0015d1e                Mouse::Mouse(char const*)
                0x00000000c0015d54                Mouse::~Mouse()
                0x00000000c0015d54                Mouse::~Mouse()
                0x00000000c0015d78                Mouse::~Mouse()
 .text          0x00000000c0015da2      0x339 hal/partition.32
                0x00000000c0015da2                makePartition(PhysicalDisk*, unsigned long long, unsigned long long)
                0x00000000c0015e4a                createPartitionsForDisk(PhysicalDisk*)
 *fill*         0x00000000c00160db        0x1 
 .text          0x00000000c00160dc      0x2b8 hal/timer.32
                0x00000000c00160dc                Timer::Timer(char const*)
                0x00000000c00160dc                Timer::Timer(char const*)
                0x00000000c0016112                Timer::~Timer()
                0x00000000c0016112                Timer::~Timer()
                0x00000000c0016136                Timer::~Timer()
                0x00000000c0016160                Timer::read()
                0x00000000c001616b                timerHandler(unsigned long long)
                0x00000000c00162a2                setupTimer(int)
 .text          0x00000000c0016394      0x2db hal/vcache.32
                0x00000000c0016394                VCache::VCache(PhysicalDisk*)
                0x00000000c0016394                VCache::VCache(PhysicalDisk*)
                0x00000000c001648e                VCache::writeWriteBuffer()
                0x00000000c00164ca                VCache::~VCache()
                0x00000000c00164ca                VCache::~VCache()
                0x00000000c001650a                VCache::~VCache()
                0x00000000c0016532                VCache::write(unsigned long long, int, void*)
                0x00000000c0016616                VCache::read(unsigned long long, int, void*)
 *fill*         0x00000000c001666f        0x1 
 .text          0x00000000c0016670      0x26d hal/video.32
                0x00000000c0016670                Video::putrect(int, int, int, int, unsigned int)
                0x00000000c00166ba                Video::blit(unsigned int*, int, int, int, int)
                0x00000000c0016738                Video::clearScreen(unsigned int)
                0x00000000c001676c                Video::putpixel(int, int, unsigned int)
                0x00000000c001677a                Video::Video(char const*)
                0x00000000c001677a                Video::Video(char const*)
                0x00000000c00167b0                Video::~Video()
                0x00000000c00167b0                Video::~Video()
                0x00000000c00167d4                Video::~Video()
                0x00000000c00167fe                Video::isMonochrome()
                0x00000000c001680a                Video::getWidth()
                0x00000000c0016816                Video::getHeight()
                0x00000000c0016822                Video::drawCursor(int, int, unsigned char*, int)
 *fill*         0x00000000c00168dd        0x1 
 .text          0x00000000c00168de      0xe28 hw/acpi.32
                0x00000000c00168de                ACPI::close(int, int, void*)
                0x00000000c0016993                findRSDP()
                0x00000000c0016a1d                loadACPITables(unsigned char*)
                0x00000000c0016c44                findRSDT(unsigned char*)
                0x00000000c0016d62                findDataTable(unsigned char*, char*)
                0x00000000c0016dfe                scanMADT()
                0x00000000c0017284                ACPI::ACPI()
                0x00000000c0017284                ACPI::ACPI()
                0x00000000c00172e4                ACPI::getPCIIRQAssignment(unsigned char, unsigned short, unsigned char)
                0x00000000c00173c6                ACPI::registerPCIIRQAssignment(void*, unsigned short, unsigned char, unsigned char)
                0x00000000c00174cc                ACPI::setScreenBrightnessLevel(void*, int)
                0x00000000c00174d2                ACPI::writeSimpleBootFlag(SimpleBootFlagTable*)
                0x00000000c001751a                ACPI::open(int, int, void*)
                0x00000000c00176ee                ACPI::sleep()
 .text          0x00000000c0017706     0x1715 hw/cpu.32
                0x00000000c0017706                CPU::close(int, int, void*)
                0x00000000c001770a                CPU::lookupAMDName(unsigned char, unsigned char)
                0x00000000c001789e                CPU::lookupIntelName(unsigned char, unsigned char)
                0x00000000c0017b4c                CPU::AMD_K6_write_msr(unsigned int, unsigned int, unsigned int, CPU::REGS*)
                0x00000000c0017b68                CPU::AMD_K6_read_msr(unsigned int, CPU::REGS*)
                0x00000000c0017b80                CPU::AMD_K6_writeback(int, int, int)
                0x00000000c0017bf4                CPU::cpuid(int, unsigned long*, unsigned long*, unsigned long*, unsigned long*)
                0x00000000c0017c78                CPU::cpuidCheckEDX(unsigned int)
                0x00000000c0017ca6                CPU::cpuidCheckECX(unsigned int)
                0x00000000c0017cd4                CPU::cpuidCheckExtendedEBX(unsigned int)
                0x00000000c0017d02                CPU::cpuidCheckExtendedECX(unsigned int)
                0x00000000c0017d30                CPU::CPU()
                0x00000000c0017d30                CPU::CPU()
                0x00000000c0017dbe                CPU::displayFeatures()
                0x00000000c001803a                CPU::detectFeatures()
                0x00000000c0018a2a                CPU::setupSMEP()
                0x00000000c0018a36                CPU::setupUMIP()
                0x00000000c0018a40                CPU::setupTSC()
                0x00000000c0018a4a                CPU::setupLargePages()
                0x00000000c0018a54                CPU::setupPAT()
                0x00000000c0018a90                CPU::setupMTRR()
                0x00000000c0018a92                CPU::setupGlobalPages()
                0x00000000c0018a9c                CPU::allowUsermodeDataAccess()
                0x00000000c0018aae                CPU::prohibitUsermodeDataAccess()
                0x00000000c0018ac0                CPU::setupSMAP()
                0x00000000c0018ace                CPU::setupFeatures()
                0x00000000c0018b4e                CPU::open(int, int, void*)
                0x00000000c0018c20                CPU::decodeAddress(regs*, int*, bool*, unsigned char*)
 .text          0x00000000c0018e1b        0x0 hw/ports.32
 .text          0x00000000c0018e1b      0x32c krnl/panic.32
                0x00000000c0018e1b                Krnl::panic(char const*)
 .text          0x00000000c0019147      0x4f9 reg/registry.32
                0x00000000c0019147                Reg::findLineFromLoadedData(char*, char*, char*)
                0x00000000c001929f                Reg::getLineFromRegistry(char*, char*, char*, char*)
                0x00000000c00193f4                Reg::getLine(char*, char*, char*)
                0x00000000c001942b                Reg::readInt(char*, char*, int*)
                0x00000000c0019516                Reg::readString(char*, char*, char*, int)
                0x00000000c0019597                Reg::readBool(char*, char*, bool*)
                0x00000000c00195bc                Reg::readBoolWithDefault(char*, char*, bool)
                0x00000000c00195e8                Reg::readIntWithDefault(char*, char*, int)
                0x00000000c0019614                Reg::readStringWithDefault(char*, char*, char*, int, char*)
 .text          0x00000000c0019640       0x18 sys/sc_exit.32
                0x00000000c0019640                Sys::exit(regs*)
 .text          0x00000000c0019658       0xa8 sys/sc_loaddll.32
                0x00000000c0019658                Sys::loadDLL(regs*)
 .text          0x00000000c0019700       0x68 sys/sc_read.32
                0x00000000c0019700                Sys::read(regs*)
 .text          0x00000000c0019768       0x55 sys/sc_sbrk.32
                0x00000000c0019768                Sys::sbrk(regs*)
 .text          0x00000000c00197bd       0x68 sys/sc_write.32
                0x00000000c00197bd                Sys::write(regs*)
 .text          0x00000000c0019825       0x2a sys/sc_yield.32
                0x00000000c0019825                Sys::yield(regs*)
 .text          0x00000000c001984f      0xff6 sys/syscalls.32
                0x00000000c001984f                sysCallGetPID(regs*)
                0x00000000c001985b                sysCallSeekDir(regs*)
                0x00000000c0019860                sysCallTellDir(regs*)
                0x00000000c0019865                sysCallVerify(regs*)
                0x00000000c001986f                sysCallGetArgc(regs*)
                0x00000000c001987f                sysFormatDisk(regs*)
                0x00000000c00198e9                sysSetDiskVolumeLabel(regs*)
                0x00000000c001992f                sysGetDiskVolumeLabel(regs*)
                0x00000000c0019980                sysShutdown(regs*)
                0x00000000c00199de                sysCallGetCwd(regs*)
                0x00000000c00199fd                sysCallSetCwd(regs*)
                0x00000000c0019a19                sysCallRealpath(regs*)
                0x00000000c0019a5c                sysCallReadDir(regs*)
                0x00000000c0019aea                sysCallIsATTY(regs*)
                0x00000000c0019b44                sysCallSeek(regs*)
                0x00000000c0019bad                sysCallTell(regs*)
                0x00000000c0019c2a                sysCallSize(regs*)
                0x00000000c0019cad                sysCallSizeFromFilename(regs*)
                0x00000000c0019d6d                sysCallClose(regs*)
                0x00000000c0019df5                sysCallOpenDir(regs*)
                0x00000000c0019e6a                sysCallCloseDir(regs*)
                0x00000000c0019ed0                sysCallMakeDir(regs*)
                0x00000000c0019f40                sysCallWait(regs*)
                0x00000000c0019f5a                sysCallNotImpl(regs*)
                0x00000000c0019f75                sysPanic(regs*)
                0x00000000c0019f9b                sysCallRmdir(regs*)
                0x00000000c0019fff                sysCallUnlink(regs*)
                0x00000000c001a063                sysCallGetArgv(regs*)
                0x00000000c001a0af                sysCallTTYName(regs*)
                0x00000000c001a132                sysCallGetEnv(regs*)
                0x00000000c001a184                sysCallUSleep(regs*)
                0x00000000c001a1ab                sysCallSpawn(regs*)
                0x00000000c001a203                sysAppSettings(regs*)
                0x00000000c001a322                sysSetFatAttrib(regs*)
                0x00000000c001a394                sysPipe(regs*)
                0x00000000c001a3d9                sysGetUnixTime(regs*)
                0x00000000c001a3ed                string_ends_with(char const*, char const*)
                0x00000000c001a435                sysCallOpen(regs*)
                0x00000000c001a64a                setupSystemCalls()
                0x00000000c001a803                systemCall(regs*, void*)
 .text          0x00000000c001a845     0x11ee thr/elf.32
                0x00000000c001a845                Thr::allocateMemoryForTask(Process*, File*, unsigned long, unsigned long, unsigned long)
                0x00000000c001aac2                Thr::loadProgramIntoMemory(Process*, char const*)
                0x00000000c001acd8                Thr::runtimeReferenceHelper()
                0x00000000c001aceb                Thr::getAddressOfKernelSymbol(char const*)
                0x00000000c001ad3a                Thr::loadKernelSymbolTable(char const*)
                0x00000000c001aff6                Thr::loadDriverIntoMemory(char const*, unsigned long, bool)
                0x00000000c001b777                Thr::getDriverBaseFromAddress(unsigned long)
                0x00000000c001b7a9                Thr::getDriverNameFromAddress(unsigned long)
                0x00000000c001b7e0                Thr::getDriverOffsetFromAddress(unsigned long)
                0x00000000c001b7fa                Thr::loadDLL(char const*, bool)
                0x00000000c001ba09                Thr::executeDLL(unsigned long, void*)
 *fill*         0x00000000c001ba33        0x1 
 .text          0x00000000c001ba34      0xff8 thr/prcssthr.32
                0x00000000c001ba34                changeTSS
                0x00000000c001ba64                Process::addArgs(char**)
                0x00000000c001babe                Process::Process(char const*, Process*, char**)
                0x00000000c001babe                Process::Process(char const*, Process*, char**)
                0x00000000c001bc86                Process::Process(bool, char const*, Process*, char**)
                0x00000000c001bc86                Process::Process(bool, char const*, Process*, char**)
                0x00000000c001be1a                disableIRQs()
                0x00000000c001be22                getIRQNestingLevel()
                0x00000000c001be28                enableIRQs()
                0x00000000c001be37                lockScheduler()
                0x00000000c001be39                unlockScheduler()
                0x00000000c001be3b                userModeEntryPoint(void*)
                0x00000000c001be5e                lockStuff()
                0x00000000c001be6a                taskStartupFunction
                0x00000000c001be73                updateTimeUsed()
                0x00000000c001bed8                switchToThread(ThreadControlBlock*)
                0x00000000c001bf28                Semaphore::Semaphore(int)
                0x00000000c001bf28                Semaphore::Semaphore(int)
                0x00000000c001bf56                Mutex::Mutex()
                0x00000000c001bf56                Mutex::Mutex()
                0x00000000c001bf68                Process::createThread(void (*)(void*), void*, int)
                0x00000000c001c04c                Process::createUserThread()
                0x00000000c001c068                setupMultitasking(void (*)())
                0x00000000c001c172                schedule()
                0x00000000c001c1f7                unlockStuff()
                0x00000000c001c22c                Semaphore::tryAcquire()
                0x00000000c001c25a                Semaphore::assertLocked(char const*)
                0x00000000c001c28a                blockTaskWithSchedulerLockAlreadyHeld(TaskState)
                0x00000000c001c2cc                blockTask(TaskState)
                0x00000000c001c2ed                waitTask(int, int*, int)
                0x00000000c001c32f                nanoSleepUntil(unsigned long long)
                0x00000000c001c386                nanoSleep(unsigned long long)
                0x00000000c001c39b                sleep(unsigned long long)
                0x00000000c001c3b8                Semaphore::acquire()
                0x00000000c001c420                taskReturned
                0x00000000c001c44e                unblockTask(ThreadControlBlock*)
                0x00000000c001c4fd                cleanupTerminatedTask(ThreadControlBlock*)
                0x00000000c001c7a1                cleanerTaskFunction(void*)
                0x00000000c001c854                terminateTask(int)
                0x00000000c001c934                Thr::terminateFromIRQ(int)
                0x00000000c001c940                Semaphore::release()
 .text          0x00000000c001ca2c      0x997 vm86/vm8086.32
                0x00000000c001ca2c                Vm::inbv(unsigned short)
                0x00000000c001ca32                Vm::outbv(unsigned short, unsigned char)
                0x00000000c001ca3c                Vm::realToLinear(unsigned short, unsigned short)
                0x00000000c001ca4c                Vm::getSegment(unsigned int)
                0x00000000c001ca54                Vm::getOffset(unsigned int)
                0x00000000c001ca59                Vm::mainloop2()
                0x00000000c001ca94                Vm::mainVm8086Loop(void*)
                0x00000000c001caa1                Vm::mainloop3(unsigned long)
                0x00000000c001cacb                Vm::initialise8086()
                0x00000000c001cb0e                Vm::finish8086()
                0x00000000c001cb53                Vm::start8086(char const*, unsigned short, unsigned short, unsigned short, unsigned short)
                0x00000000c001cc8b                Vm::doISR(regs*, int, unsigned char*, unsigned short, unsigned short)
                0x00000000c001cd15                Vm::readByteFromReal(unsigned short, unsigned short)
                0x00000000c001cd26                Vm::readWordFromReal(unsigned short, unsigned short)
                0x00000000c001cd38                Vm::readDwordFromReal(unsigned short, unsigned short)
                0x00000000c001cd49                Vm::writeByteFromReal(unsigned short, unsigned short, unsigned char)
                0x00000000c001cd5e                Vm::writeWordFromReal(unsigned short, unsigned short, unsigned short)
                0x00000000c001cd74                Vm::writeDwordFromReal(unsigned short, unsigned short, unsigned int)
                0x00000000c001cd89                Vm::faultHandler(regs*)
 .text          0x00000000c001d3c3      0xefd vm86/x87em.32
                0x00000000c001d3c3                Vm::fpuInternalTo32(unsigned long long)
                0x00000000c001d41e                Vm::fpuInternalTo64(unsigned long long)
                0x00000000c001d427                Vm::fpu32ToInternal(unsigned int)
                0x00000000c001d46c                Vm::fpu64ToInternal(unsigned long long)
                0x00000000c001d475                Vm::fpuFloatToLong(unsigned long long)
                0x00000000c001d4d0                Vm::fpuULongToFloat(unsigned long long)
                0x00000000c001d506                Vm::fpuLongToFloat(long long)
                0x00000000c001d55c                Vm::fpuGet0()
                0x00000000c001d561                Vm::fpuGet1()
                0x00000000c001d569                Vm::fpuGetPi()
                0x00000000c001d571                Vm::fpuGetLog2E()
                0x00000000c001d589                Vm::fpuGetLogE2()
                0x00000000c001d5a1                Vm::fpuGetLog210()
                0x00000000c001d5b9                Vm::fpuGetLog102()
                0x00000000c001d5d1                Vm::fpuIsSecondLarger(unsigned long long, unsigned long long)
                0x00000000c001d5e5                Vm::fpuAreEqual(unsigned long long, unsigned long long)
                0x00000000c001d5fb                Vm::fpuUnorderedCompare(unsigned long long, unsigned long long)
                0x00000000c001d64e                Vm::fpuAdd(unsigned long long, unsigned long long)
                0x00000000c001d65f                Vm::fpuAbs(unsigned long long)
                0x00000000c001d668                Vm::fpuChs(unsigned long long)
                0x00000000c001d678                Vm::fpuSub(unsigned long long, unsigned long long)
                0x00000000c001d687                Vm::fpuMultiply(unsigned long long, unsigned long long)
                0x00000000c001d6a6                Vm::fpuDivide(unsigned long long, unsigned long long)
                0x00000000c001d6c2                Vm::fpuSquare(unsigned long long)
                0x00000000c001d6d8                Vm::fpuGetReg(int)
                0x00000000c001d71b                Vm::fpuSetReg(int, unsigned long long)
                0x00000000c001d766                Vm::fpuPush(unsigned long long)
                0x00000000c001d7c3                Vm::fpuPop()
                0x00000000c001d815                Vm::x87Handler(regs*)
 .text          0x00000000c001e2c0     0x10ed fs/fat/vfslink.32
                0x00000000c001e2c0                FAT::getName()
                0x00000000c001e2c6                FAT::tell(void*, unsigned long long*)
                0x00000000c001e2fa                FAT::stat(void*, unsigned long long*)
                0x00000000c001e32e                FAT::~FAT()
                0x00000000c001e32e                FAT::~FAT()
                0x00000000c001e352                FAT::~FAT()
                0x00000000c001e37a                FAT::getlabel(LogicalDisk*, int, char*, unsigned int*)
                0x00000000c001e418                FAT::setlabel(LogicalDisk*, int, char*)
                0x00000000c001e4d2                FAT::format(LogicalDisk*, int, char const*, int)
                0x00000000c001e6b6                FAT::tryMount(LogicalDisk*, int)
                0x00000000c001e8bc                FAT::readDir(void*, unsigned long, void*, int*)
                0x00000000c001e9c2                FAT::read(void*, unsigned long, void*, int*)
                0x00000000c001ea1c                FAT::write(void*, unsigned long, void*, int*)
                0x00000000c001ea76                FAT::close(void*)
                0x00000000c001eac2                FAT::closeDir(void*)
                0x00000000c001eb0e                FAT::seek(void*, unsigned long long)
                0x00000000c001eb62                fatWrapperReadDisk
                0x00000000c001eba9                fatWrapperWriteDisk
                0x00000000c001ebf0                fatWrapperIoctl
                0x00000000c001ecf4                FAT::FAT()
                0x00000000c001ecf4                FAT::FAT()
                0x00000000c001ed46                FAT::fixFilepath(char*)
                0x00000000c001ed7e                FAT::open(char const*, void**, FileOpenMode)
                0x00000000c001eea6                FAT::openDir(char const*, void**)
                0x00000000c001ef4c                FAT::stat(char const*, unsigned long long*, bool*)
                0x00000000c001f036                FAT::unlink(char const*)
                0x00000000c001f0b0                FAT::chfatattr(char const*, unsigned char, unsigned char)
                0x00000000c001f204                FAT::rename(char const*, char const*)
                0x00000000c001f2c8                FAT::mkdir(char const*)
                0x00000000c001f342                FAT::exists(char const*)
 *fill*         0x00000000c001f3ad        0x1 
 .text          0x00000000c001f3ae      0xbdf fs/iso9660/vfslink.32
                0x00000000c001f3ae                ISO9660::format(LogicalDisk*, int, char const*, int)
                0x00000000c001f3b4                ISO9660::seek(void*, unsigned long long)
                0x00000000c001f3e4                ISO9660::tell(void*, unsigned long long*)
                0x00000000c001f408                ISO9660::getName()
                0x00000000c001f40e                ISO9660::stat(void*, unsigned long long*)
                0x00000000c001f432                ISO9660::chfatattr(char const*, unsigned char, unsigned char)
                0x00000000c001f438                ISO9660::unlink(char const*)
                0x00000000c001f43e                ISO9660::write(void*, unsigned long, void*, int*)
                0x00000000c001f444                ISO9660::rename(char const*, char const*)
                0x00000000c001f44a                ISO9660::mkdir(char const*)
                0x00000000c001f450                ISO9660::close(void*)
                0x00000000c001f472                ISO9660::closeDir(void*)
                0x00000000c001f494                ISO9660::~ISO9660()
                0x00000000c001f494                ISO9660::~ISO9660()
                0x00000000c001f4b8                ISO9660::~ISO9660()
                0x00000000c001f4df                __memmem(unsigned char*, int, unsigned char*, int)
                0x00000000c001f521                readSectorFromCDROM(unsigned int, unsigned char*, char)
                0x00000000c001f588                ISO9660::tryMount(LogicalDisk*, int)
                0x00000000c001f5d8                ISO9660::read(void*, unsigned long, void*, int*)
                0x00000000c001f81c                ISO9660::readDir(void*, unsigned long, void*, int*)
                0x00000000c001faa9                readRoot(unsigned int*, unsigned int*, char)
                0x00000000c001fafe                readRecursively(char*, unsigned int, unsigned int, unsigned int*, unsigned int*, char, int*)
                0x00000000c001fcd1                getFileData(char*, unsigned int*, unsigned int*, char, int*)
                0x00000000c001fd60                ISO9660::open(char const*, void**, FileOpenMode)
                0x00000000c001fdfa                ISO9660::exists(char const*)
                0x00000000c001fe1e                ISO9660::stat(char const*, unsigned long long*, bool*)
                0x00000000c001feb2                ISO9660::openDir(char const*, void**)
                0x00000000c001ff6a                ISO9660::ISO9660()
                0x00000000c001ff6a                ISO9660::ISO9660()
 *fill*         0x00000000c001ff8d        0x1 
 .text          0x00000000c001ff8e      0x326 hal/sound/sndchannel.32
                0x00000000c001ff8e                SoundChannel::~SoundChannel()
                0x00000000c001ff8e                SoundChannel::~SoundChannel()
                0x00000000c001ffaa                SoundChannel::setSpeed(float)
                0x00000000c001ffb6                SoundChannel::getSpeed()
                0x00000000c001ffbe                SoundChannel::setVolume(int)
                0x00000000c001ffda                SoundChannel::getVolume()
                0x00000000c001ffe2                SoundChannel::pause()
                0x00000000c001ffec                SoundChannel::SoundChannel(int, int, int, int)
                0x00000000c001ffec                SoundChannel::SoundChannel(int, int, int, int)
                0x00000000c0020142                SoundChannel::play()
                0x00000000c002014c                SoundChannel::paused()
                0x00000000c0020154                SoundChannel::getSampleRate()
                0x00000000c002015c                SoundChannel::getBits()
                0x00000000c0020164                SoundChannel::getBufferUsed()
                0x00000000c002016c                SoundChannel::getBufferSize()
                0x00000000c0020174                SoundChannel::unbuffer(float*, int, int)
                0x00000000c0020214                SoundChannel::buffer8(unsigned char*, int)
 .text          0x00000000c00202b4      0x3d5 hal/sound/sndhw.32
                0x00000000c00202b4                SoundDevice::SoundDevice(char const*)
                0x00000000c00202b4                SoundDevice::SoundDevice(char const*)
                0x00000000c0020320                SoundDevice::~SoundDevice()
                0x00000000c0020320                SoundDevice::~SoundDevice()
                0x00000000c002039a                SoundDevice::~SoundDevice()
                0x00000000c00203c4                SoundDevice::getFreeChannelNum()
                0x00000000c00203de                SoundDevice::addChannel(SoundChannel*)
                0x00000000c002044e                SoundDevice::removeChannel(int)
                0x00000000c0020480                SoundDevice::floatTo8(float*, unsigned char*, int)
                0x00000000c0020568                SoundDevice::getAudio(int, float*, float*)
 .text          0x00000000c0020689        0x0 hw/bus/isa.32
 *fill*         0x00000000c0020689        0x1 
 .text          0x00000000c002068a      0x6c1 hw/bus/pci.32
                0x00000000c002068a                PCI::open(int, int, void*)
                0x00000000c002069e                PCI::close(int, int, void*)
                0x00000000c00206a2                PCI::PCI()
                0x00000000c00206a2                PCI::PCI()
                0x00000000c0020722                PCI::pciReadWord(unsigned char, unsigned char, unsigned char, unsigned char)
                0x00000000c002076a                PCI::getVendorID(unsigned char, unsigned char, unsigned char)
                0x00000000c002078c                PCI::getHeaderType(unsigned char, unsigned char, unsigned char)
                0x00000000c00207b0                PCI::getClassCode(unsigned char, unsigned char, unsigned char)
                0x00000000c00207f4                PCI::getProgIF(unsigned char, unsigned char, unsigned char)
                0x00000000c0020818                PCI::getRevisionID(unsigned char, unsigned char, unsigned char)
                0x00000000c002083a                PCI::getInterruptNumber(unsigned char, unsigned char, unsigned char)
                0x00000000c002085c                PCI::getSecondaryBus(unsigned char, unsigned char, unsigned char)
                0x00000000c0020880                PCI::getBARAddress(unsigned char, unsigned char, unsigned char, unsigned char)
                0x00000000c00208e0                PCI::pciWriteWord(unsigned char, unsigned char, unsigned char, unsigned char, unsigned short)
                0x00000000c002094c                PCI::checkBus(unsigned char)
                0x00000000c0020970                PCI::foundDevice(PCIDeviceInfo)
                0x00000000c0020ae0                PCI::getDeviceData(unsigned char, unsigned char, unsigned char)
                0x00000000c0020c8c                PCI::checkDevice(unsigned char, unsigned char)
                0x00000000c0020cf8                PCI::detect()
 *fill*         0x00000000c0020d4b        0x1 
 .text          0x00000000c0020d4c      0xc70 hw/diskctrl/ide.32
                0x00000000c0020d4c                IDE::close(int, int, void*)
                0x00000000c0020d50                IDE::IDE()
                0x00000000c0020d50                IDE::IDE()
                0x00000000c0020d84                IDE::prepareInterrupt(unsigned char)
                0x00000000c0020d96                selectDrive(unsigned char, unsigned char)
                0x00000000c0020d98                IDE::getBase(unsigned char)
                0x00000000c0020daa                IDE::write(unsigned char, unsigned char, unsigned char)
                0x00000000c0020e6a                IDE::read(unsigned char, unsigned char)
                0x00000000c0020f18                IDE::waitInterrupt(unsigned char)
                0x00000000c0020f7e                ideChannel0IRQHandler(regs*, void*)
                0x00000000c0020f9a                ideChannel1IRQHandler(regs*, void*)
                0x00000000c0020fb6                IDE::enableIRQs(unsigned char, bool)
                0x00000000c0020ffc                IDE::open(int, int, void*)
                0x00000000c002140c                IDE::readBuffer(unsigned char, unsigned char, unsigned int, unsigned int)
                0x00000000c00214d8                IDE::detect()
                0x00000000c00217c0                IDE::printError(unsigned char, unsigned char, unsigned char)
                0x00000000c0021956                IDE::polling(unsigned char, unsigned int)
 .text          0x00000000c00219bc      0x62b hw/diskphys/ata.32
                0x00000000c00219bc                ATA::close(int, int, void*)
                0x00000000c00219e0                ATA::powerSaving(PowerSavingLevel)
                0x00000000c00219e2                ATA::ATA()
                0x00000000c00219e2                ATA::ATA()
                0x00000000c0021a10                ATA::flush(bool)
                0x00000000c0021a5a                ATA::readyForCommand()
                0x00000000c0021aaa                ATA::access(unsigned long long, int, void*, bool)
                0x00000000c0021e28                ATA::read(unsigned long long, int, void*)
                0x00000000c0021e90                ATA::write(unsigned long long, int, void*)
                0x00000000c0021ef8                ATA::detectCHS()
                0x00000000c0021f22                ATA::open(int, int, void*)
 *fill*         0x00000000c0021fe7        0x1 
 .text          0x00000000c0021fe8      0x5b3 hw/diskphys/atapi.32
                0x00000000c0021fe8                ATAPI::write(unsigned long long, int, void*)
                0x00000000c0021fee                ATAPI::close(int, int, void*)
                0x00000000c0022012                ATAPI::ATAPI()
                0x00000000c0022012                ATAPI::ATAPI()
                0x00000000c0022040                ATAPI::readyForCommand()
                0x00000000c0022090                ATAPI::sendPacket(unsigned char*, int, bool, unsigned short*, int)
                0x00000000c0022350                ATAPI::diskRemoved()
                0x00000000c002236c                ATAPI::eject()
                0x00000000c00223b2                ATAPI::diskInserted()
                0x00000000c00223e0                ATAPI::detectMedia()
                0x00000000c002249c                ATAPI::open(int, int, void*)
                0x00000000c002251c                ATAPI::read(unsigned long long, int, void*)
 *fill*         0x00000000c002259b        0x1 
 .text          0x00000000c002259c       0x8e hw/fpu/avx.32
                0x00000000c002259c                AVX::open(int, int, void*)
                0x00000000c00225ae                AVX::close(int, int, void*)
                0x00000000c00225c0                AVX::available()
                0x00000000c00225d2                AVX::save(void*)
                0x00000000c00225ea                AVX::load(void*)
                0x00000000c0022602                AVX::AVX()
                0x00000000c0022602                AVX::AVX()
 .text          0x00000000c002262a       0x90 hw/fpu/mmx.32
                0x00000000c002262a                MMX::available()
                0x00000000c002263e                MMX::open(int, int, void*)
                0x00000000c0022650                MMX::close(int, int, void*)
                0x00000000c0022662                MMX::save(void*)
                0x00000000c002267a                MMX::load(void*)
                0x00000000c0022692                MMX::MMX()
                0x00000000c0022692                MMX::MMX()
 .text          0x00000000c00226ba       0x96 hw/fpu/sse.32
                0x00000000c00226ba                SSE::open(int, int, void*)
                0x00000000c00226cc                SSE::close(int, int, void*)
                0x00000000c00226de                SSE::available()
                0x00000000c00226f8                SSE::save(void*)
                0x00000000c0022710                SSE::load(void*)
                0x00000000c0022728                SSE::SSE()
                0x00000000c0022728                SSE::SSE()
 .text          0x00000000c0022750       0x8e hw/fpu/x87.32
                0x00000000c0022750                x87::open(int, int, void*)
                0x00000000c0022762                x87::close(int, int, void*)
                0x00000000c0022774                x87::available()
                0x00000000c0022786                x87::save(void*)
                0x00000000c002279e                x87::load(void*)
                0x00000000c00227b6                x87::x87()
                0x00000000c00227b6                x87::x87()
 .text          0x00000000c00227de      0x71e hw/intctrl/apic.32
                0x00000000c00227de                APIC::disable()
                0x00000000c00227e0                APIC::close(int, int, void*)
                0x00000000c0022802                IOAPIC::close(int, int, void*)
                0x00000000c0022808                APIC::io_wait()
                0x00000000c002280e                APIC::getBase()
                0x00000000c0022850                APIC::eoi(unsigned char)
                0x00000000c002287e                APIC::open(int, int, void*)
                0x00000000c00229cc                IOAPIC::IOAPIC()
                0x00000000c00229cc                IOAPIC::IOAPIC()
                0x00000000c00229f4                APIC::APIC()
                0x00000000c00229f4                APIC::APIC()
                0x00000000c0022ad0                IOAPIC::handlesGSIWithNumber(unsigned int)
                0x00000000c0022b02                IOAPIC::read(int)
                0x00000000c0022b2a                IOAPIC::open(int, int, void*)
                0x00000000c0022c20                IOAPIC::write(int, int)
                0x00000000c0022c4c                IOAPIC::redirect(unsigned char, unsigned long long, unsigned char, bool, bool)
                0x00000000c0022d46                APIC::installIRQHandler(int, void (*)(regs*, void*), bool, void*)
 .text          0x00000000c0022efc      0x3d3 hw/intctrl/pic.32
                0x00000000c0022efc                PIC::disable()
                0x00000000c0022f2a                PIC::close(int, int, void*)
                0x00000000c0022f4c                PIC::PIC()
                0x00000000c0022f4c                PIC::PIC()
                0x00000000c0023022                PIC::ioWait()
                0x00000000c0023028                PIC::getIRQReg(int)
                0x00000000c0023092                PIC::eoi(unsigned char)
                0x00000000c0023124                PIC::remap()
                0x00000000c0023290                PIC::open(int, int, void*)
 *fill*         0x00000000c00232cf        0x1 
 .text          0x00000000c00232d0      0x25e hw/timer/apictimer.32
                0x00000000c00232d0                APICTimer::close(int, int, void*)
                0x00000000c00232d6                apicTimerHandler(regs*, void*)
                0x00000000c0023304                APICTimer::write(int)
                0x00000000c0023408                APICTimer::open(int, int, void*)
                0x00000000c0023506                APICTimer::APICTimer()
                0x00000000c0023506                APICTimer::APICTimer()
 .text          0x00000000c002352e      0x1a7 hw/timer/pit.32
                0x00000000c002352e                PIT::write(int)
                0x00000000c00235ac                pitHandler(regs*, void*)
                0x00000000c00235d8                PIT::open(int, int, void*)
                0x00000000c0023626                PIT::close(int, int, void*)
                0x00000000c0023656                PIT::PIT()
                0x00000000c0023656                PIT::PIT()
 *fill*         0x00000000c00236d5        0xb 
 .text          0x00000000c00236e0        0xa hw/fpu/x86/avx.32
                0x00000000c00236e0                avxDetect
                0x00000000c00236e6                avxSave
                0x00000000c00236e7                avxLoad
                0x00000000c00236e8                avxInit
                0x00000000c00236e9                avxClose
 *fill*         0x00000000c00236ea        0x6 
 .text          0x00000000c00236f0       0x38 hw/fpu/x86/sse.32
                0x00000000c00236f0                sseDetect
                0x00000000c002370b                sseSave
                0x00000000c0023711                sseLoad
                0x00000000c0023717                sseInit
                0x00000000c0023727                sseClose
 *fill*         0x00000000c0023728        0x8 
 .text          0x00000000c0023730       0x47 hw/fpu/x86/x87.32
                0x00000000c0023736                x87Detect
                0x00000000c0023751                x87Save
                0x00000000c0023757                x87Load
                0x00000000c002375c                x87Init
                0x00000000c0023776                x87Close
 *fill*         0x00000000c0023777        0x1 
 .text          0x00000000c0023778       0x25 /cygdrive/d/Users/Alex/Desktop/Toolchain/Output/bin/../lib/gcc/i386-banana/8.1.0/crtend.o
 .text          0x00000000c002379d        0x0 crtn.32
 *fill*         0x00000000c002379d        0x3 
 .text          0x00000000c00237a0      0x14b /cygdrive/d/Users/Alex/Desktop/Toolchain/Output/bin/../lib/gcc/i386-banana/8.1.0/libkgcc.a(_divdi3.o)
                0x00000000c00237a0                __divdi3
 *fill*         0x00000000c00238eb        0x1 
 .text          0x00000000c00238ec      0x17e /cygdrive/d/Users/Alex/Desktop/Toolchain/Output/bin/../lib/gcc/i386-banana/8.1.0/libkgcc.a(_moddi3.o)
                0x00000000c00238ec                __moddi3
 *fill*         0x00000000c0023a6a        0x2 
 .text          0x00000000c0023a6c       0xff /cygdrive/d/Users/Alex/Desktop/Toolchain/Output/bin/../lib/gcc/i386-banana/8.1.0/libkgcc.a(_udivdi3.o)
                0x00000000c0023a6c                __udivdi3
 *fill*         0x00000000c0023b6b        0x1 
 .text          0x00000000c0023b6c      0x11a /cygdrive/d/Users/Alex/Desktop/Toolchain/Output/bin/../lib/gcc/i386-banana/8.1.0/libkgcc.a(_umoddi3.o)
                0x00000000c0023b6c                __umoddi3
 .text          0x00000000c0023c86      0x96d D:/Users/Alex/Desktop/Banana/kernel/libsoftfp.a(sfieeelib.o)
                0x00000000c0023c86                __addsf3
                0x00000000c0023f88                __subsf3
                0x00000000c0023f9c                __negsf2
                0x00000000c0023fa9                __mulsf3
                0x00000000c002416c                __divsf3
                0x00000000c0024397                __floatsisf
                0x00000000c002440b                __floatunsisf
                0x00000000c002444d                __fixsfsi
                0x00000000c00244af                __fixunssfsi
                0x00000000c00244e0                __cmpsf2
                0x00000000c0024575                __eqsf2
                0x00000000c00245b0                __nesf2
                0x00000000c00245b2                __gtsf2
                0x00000000c00245ed                __gesf2
                0x00000000c00245ef                __ltsf2
                0x00000000c00245f1                __lesf2
 .text          0x00000000c00245f3      0xf50 D:/Users/Alex/Desktop/Banana/kernel/libsoftfp.a(dfieeelib.o)
                0x00000000c00245f3                __adddf3
                0x00000000c0024c44                __subdf3
                0x00000000c0024c5f                __negdf2
                0x00000000c0024c70                __muldf3
                0x00000000c0024f54                __divdf3
                0x00000000c00252d3                __floatsidf
                0x00000000c002532e                __floatunsidf
                0x00000000c002536c                __fixdfsi
                0x00000000c00253d9                __fixunsdfsi
                0x00000000c0025415                __cmpdf2
                0x00000000c0025503                __eqdf2
                0x00000000c002551f                __nedf2
                0x00000000c0025521                __gtdf2
                0x00000000c002553d                __gedf2
                0x00000000c002553f                __ltdf2
                0x00000000c0025541                __ledf2
 .text          0x00000000c0025543      0x18d D:/Users/Alex/Desktop/Banana/kernel/libsoftfp.a(sfdfcvt.o)
                0x00000000c0025543                __truncdfsf2
                0x00000000c0025667                __extendsfdf2
 .text          0x00000000c00256d0       0x1e D:/Users/Alex/Desktop/Banana/kernel/libk/libm32.a(s_fabs.c.o)
                0x00000000c00256d0                fabs
 *fill*         0x00000000c00256ee        0x2 
 .text          0x00000000c00256f0        0xc D:/Users/Alex/Desktop/Banana/kernel/libk/libm32.a(s_lrint.S.o)
                0x00000000c00256f0                lrint
 .text          0x00000000c00256fc        0xc D:/Users/Alex/Desktop/Banana/kernel/libk/libm32.a(s_lrintf.S.o)
                0x00000000c00256fc                lrintf
 *(.gnu.linkonce.t*)

.iplt           0x00000000c0025708        0x0
 .iplt          0x00000000c0025708        0x0 D:/Users/Alex/Desktop/Banana/kernel/boot.32

.init           0x00000000c0025708        0xf
 .init          0x00000000c0025708        0x3 crti.32
                0x00000000c0025708                _init
 .init          0x00000000c002570b        0x5 /cygdrive/d/Users/Alex/Desktop/Toolchain/Output/bin/../lib/gcc/i386-banana/8.1.0/crtbegin.o
 .init          0x00000000c0025710        0x5 /cygdrive/d/Users/Alex/Desktop/Toolchain/Output/bin/../lib/gcc/i386-banana/8.1.0/crtend.o
 .init          0x00000000c0025715        0x2 crtn.32

.fini           0x00000000c0025717        0xa
 .fini          0x00000000c0025717        0x3 crti.32
                0x00000000c0025717                _fini
 .fini          0x00000000c002571a        0x5 /cygdrive/d/Users/Alex/Desktop/Toolchain/Output/bin/../lib/gcc/i386-banana/8.1.0/crtbegin.o
 .fini          0x00000000c002571f        0x2 crtn.32

.text._ZN8ComputerD2Ev
                0x00000000c0025722       0x23
 .text._ZN8ComputerD2Ev
                0x00000000c0025722       0x23 core/computer.32
                0x00000000c0025722                Computer::~Computer()
                0x00000000c0025722                Computer::~Computer()

.text._ZN8ComputerD0Ev
                0x00000000c0025746       0x2a
 .text._ZN8ComputerD0Ev
                0x00000000c0025746       0x2a core/computer.32
                0x00000000c0025746                Computer::~Computer()

.text._Z10idleCommonv
                0x00000000c0025770       0x15
 .text._Z10idleCommonv
                0x00000000c0025770       0x15 core/idle.32
                0x00000000c0025770                idleCommon()

.text._ZN10LinkedListI8UnixFileED2Ev
                0x00000000c0025786        0x2
 .text._ZN10LinkedListI8UnixFileED2Ev
                0x00000000c0025786        0x2 core/unixfile.32
                0x00000000c0025786                LinkedList<UnixFile>::~LinkedList()
                0x00000000c0025786                LinkedList<UnixFile>::~LinkedList()

.text._ZN10LinkedListI8UnixFileEC2Ev
                0x00000000c0025788       0x58
 .text._ZN10LinkedListI8UnixFileEC2Ev
                0x00000000c0025788       0x58 core/unixfile.32
                0x00000000c0025788                LinkedList<UnixFile>::LinkedList()
                0x00000000c0025788                LinkedList<UnixFile>::LinkedList()

.text._ZN10LinkedListI8UnixFileE10addElementEPS0_
                0x00000000c00257e0       0xd3
 .text._ZN10LinkedListI8UnixFileE10addElementEPS0_
                0x00000000c00257e0       0xd3 core/unixfile.32
                0x00000000c00257e0                LinkedList<UnixFile>::addElement(UnixFile*)

.text._ZN10LinkedListI8UnixFileE15getFirstElementEv
                0x00000000c00258b4        0x7
 .text._ZN10LinkedListI8UnixFileE15getFirstElementEv
                0x00000000c00258b4        0x7 core/unixfile.32
                0x00000000c00258b4                LinkedList<UnixFile>::getFirstElement()

.text._ZN10LinkedListI8UnixFileE11removeFirstEv
                0x00000000c00258bc       0xa1
 .text._ZN10LinkedListI8UnixFileE11removeFirstEv
                0x00000000c00258bc       0xa1 core/unixfile.32
                0x00000000c00258bc                LinkedList<UnixFile>::removeFirst()

.text._ZN10LinkedListI8UnixFileE7getNextEPS0_
                0x00000000c002595e        0x8
 .text._ZN10LinkedListI8UnixFileE7getNextEPS0_
                0x00000000c002595e        0x8 core/unixfile.32
                0x00000000c002595e                LinkedList<UnixFile>::getNext(UnixFile*)

.text._ZN16DriverlessDeviceD2Ev
                0x00000000c0025966       0x1a
 .text._ZN16DriverlessDeviceD2Ev
                0x00000000c0025966       0x1a hal/device.32
                0x00000000c0025966                DriverlessDevice::~DriverlessDevice()
                0x00000000c0025966                DriverlessDevice::~DriverlessDevice()

.text._ZN16DriverlessDeviceD0Ev
                0x00000000c0025980       0x2a
 .text._ZN16DriverlessDeviceD0Ev
                0x00000000c0025980       0x2a hal/device.32
                0x00000000c0025980                DriverlessDevice::~DriverlessDevice()

.text._ZN10LinkedListI6DeviceE10addElementEPS0_
                0x00000000c00259aa       0xdc
 .text._ZN10LinkedListI6DeviceE10addElementEPS0_
                0x00000000c00259aa       0xdc hal/device.32
                0x00000000c00259aa                LinkedList<Device>::addElement(Device*)

.text._ZN10LinkedListI6DeviceEC2Ev
                0x00000000c0025a86       0x58
 .text._ZN10LinkedListI6DeviceEC2Ev
                0x00000000c0025a86       0x58 hal/device.32
                0x00000000c0025a86                LinkedList<Device>::LinkedList()
                0x00000000c0025a86                LinkedList<Device>::LinkedList()

.text._ZN10LinkedListIV18ThreadControlBlockE15getFirstElementEv
                0x00000000c0025ade        0x7
 .text._ZN10LinkedListIV18ThreadControlBlockE15getFirstElementEv
                0x00000000c0025ade        0x7 hal/timer.32
                0x00000000c0025ade                LinkedList<ThreadControlBlock volatile>::getFirstElement()

.text._ZN10LinkedListIV18ThreadControlBlockE7isEmptyEv
                0x00000000c0025ae6       0x1c
 .text._ZN10LinkedListIV18ThreadControlBlockE7isEmptyEv
                0x00000000c0025ae6       0x1c hal/timer.32
                0x00000000c0025ae6                LinkedList<ThreadControlBlock volatile>::isEmpty()

.text._ZN10LinkedListIV18ThreadControlBlockE11removeFirstEv
                0x00000000c0025b02       0xae
 .text._ZN10LinkedListIV18ThreadControlBlockE11removeFirstEv
                0x00000000c0025b02       0xae hal/timer.32
                0x00000000c0025b02                LinkedList<ThreadControlBlock volatile>::removeFirst()

.text._ZN10LinkedListIV18ThreadControlBlockE10addElementEPS1_
                0x00000000c0025bb0       0xd3
 .text._ZN10LinkedListIV18ThreadControlBlockE10addElementEPS1_
                0x00000000c0025bb0       0xd3 hal/timer.32
                0x00000000c0025bb0                LinkedList<ThreadControlBlock volatile>::addElement(ThreadControlBlock volatile*)

.text._ZN4ACPID2Ev
                0x00000000c0025c84       0x23
 .text._ZN4ACPID2Ev
                0x00000000c0025c84       0x23 hw/acpi.32
                0x00000000c0025c84                ACPI::~ACPI()
                0x00000000c0025c84                ACPI::~ACPI()

.text._ZN4ACPID0Ev
                0x00000000c0025ca8       0x2a
 .text._ZN4ACPID0Ev
                0x00000000c0025ca8       0x2a hw/acpi.32
                0x00000000c0025ca8                ACPI::~ACPI()

.text._ZN3CPUD2Ev
                0x00000000c0025cd2       0x23
 .text._ZN3CPUD2Ev
                0x00000000c0025cd2       0x23 hw/cpu.32
                0x00000000c0025cd2                CPU::~CPU()