Archive member included to satisfy reference by file (symbol)

/cygdrive/d/Users/Alex/Desktop/Toolchain/Output/bin/../lib/gcc/i386-banana/8.1.0/libkgcc.a(_divdi3.o)
                              fs/fat/ff.32 (__divdi3)
/cygdrive/d/Users/Alex/Desktop/Toolchain/Output/bin/../lib/gcc/i386-banana/8.1.0/libkgcc.a(_moddi3.o)
                              compat/resolve.32 (__moddi3)
/cygdrive/d/Users/Alex/Desktop/Toolchain/Output/bin/../lib/gcc/i386-banana/8.1.0/libkgcc.a(_udivdi3.o)
                              fs/fat/ff.32 (__udivdi3)
/cygdrive/d/Users/Alex/Desktop/Toolchain/Output/bin/../lib/gcc/i386-banana/8.1.0/libkgcc.a(_umoddi3.o)
                              compat/resolve.32 (__umoddi3)
D:/Users/Alex/Desktop/Banana/kernel/libsoftfp.a(sfieeelib.o)
                              hal/libresample/src_linear.32 (__subsf3)
D:/Users/Alex/Desktop/Banana/kernel/libsoftfp.a(dfieeelib.o)
                              hal/libresample/src_linear.32 (__adddf3)
D:/Users/Alex/Desktop/Banana/kernel/libsoftfp.a(sfdfcvt.o)
                              hal/libresample/samplerate.32 (__truncdfsf2)
D:/Users/Alex/Desktop/Banana/kernel/libk/libm32.a(s_fabs.c.o)
                              hal/libresample/samplerate.32 (fabs)
D:/Users/Alex/Desktop/Banana/kernel/libk/libm32.a(s_lrint.S.o)
                              hal/libresample/samplerate.32 (lrint)
D:/Users/Alex/Desktop/Banana/kernel/libk/libm32.a(s_lrintf.S.o)
                              hal/sound/sndhw.32 (lrintf)

Discarded input sections

 .comment       0x0000000000000000       0x12 /cygdrive/d/Users/Alex/Desktop/Toolchain/Output/bin/../lib/gcc/i386-banana/8.1.0/crtbegin.o
 .comment       0x0000000000000000       0x12 acpica/utclib.32
 .comment       0x0000000000000000       0x12 core/malloc.32
 .comment       0x0000000000000000       0x12 libk/string.32
 .comment       0x0000000000000000       0x12 fs/fat/diskio.32
 .comment       0x0000000000000000       0x12 fs/fat/ff.32
 .comment       0x0000000000000000       0x12 fs/fat/ffsystem.32
 .comment       0x0000000000000000       0x12 fs/fat/ffunicode.32
 .comment       0x0000000000000000       0x12 hal/libresample/samplerate.32
 .comment       0x0000000000000000       0x12 hal/libresample/src_linear.32
 .comment       0x0000000000000000       0x12 hal/libresample/src_sinc.32
 .comment       0x0000000000000000       0x12 hal/libresample/src_zoh.32
 .comment       0x0000000000000000       0x12 compat/inlines.32
 .comment       0x0000000000000000       0x12 compat/resolve.32
 .group         0x0000000000000000       0x14 core/computer.32
 .group         0x0000000000000000        0xc core/computer.32
 .comment       0x0000000000000000       0x12 core/computer.32
 .comment       0x0000000000000000       0x12 core/gdt.32
 .group         0x0000000000000000        0xc core/idle.32
 .comment       0x0000000000000000       0x12 core/idle.32
 .comment       0x0000000000000000       0x12 core/idt.32
 .comment       0x0000000000000000       0x12 core/kheap.32
 .comment       0x0000000000000000       0x12 core/main.32
 .comment       0x0000000000000000       0x12 core/physmgr.32
 .group         0x0000000000000000        0xc core/pipe.32
 .comment       0x0000000000000000       0x12 core/pipe.32
 .group         0x0000000000000000        0xc core/terminal.32
 .comment       0x0000000000000000       0x12 core/terminal.32
 .comment       0x0000000000000000       0x12 core/tss.32
 .group         0x0000000000000000        0x8 core/unixfile.32
 .group         0x0000000000000000        0x8 core/unixfile.32
 .group         0x0000000000000000        0xc core/unixfile.32
 .group         0x0000000000000000        0x8 core/unixfile.32
 .group         0x0000000000000000        0xc core/unixfile.32
 .group         0x0000000000000000        0x8 core/unixfile.32
 .group         0x0000000000000000        0xc core/unixfile.32
 .group         0x0000000000000000        0xc core/unixfile.32
 .comment       0x0000000000000000       0x12 core/unixfile.32
 .comment       0x0000000000000000       0x12 core/virtmgr.32
 .comment       0x0000000000000000       0x12 coreobjs/c++.32
 .comment       0x0000000000000000       0x12 dbg/kconsole.32
 .group         0x0000000000000000        0xc fs/vfs.32
 .group         0x0000000000000000        0xc fs/vfs.32
 .group         0x0000000000000000        0xc fs/vfs.32
 .comment       0x0000000000000000       0x12 fs/vfs.32
 .group         0x0000000000000000        0xc hal/bus.32
 .comment       0x0000000000000000       0x12 hal/bus.32
 .group         0x0000000000000000        0xc hal/buzzer.32
 .comment       0x0000000000000000       0x12 hal/buzzer.32
 .group         0x0000000000000000        0xc hal/clock.32
 .comment       0x0000000000000000       0x12 hal/clock.32
 .group         0x0000000000000000       0x14 hal/device.32
 .group         0x0000000000000000        0xc hal/device.32
 .group         0x0000000000000000        0x8 hal/device.32
 .group         0x0000000000000000        0xc hal/device.32
[...]
Memory Configuration

Name             Origin             Length             Attributes
*default*        0x0000000000000000 0xffffffffffffffff

Linker script and memory map

LOAD D:/Users/Alex/Desktop/Banana/kernel/boot.32
LOAD crti.32
LOAD /cygdrive/d/Users/Alex/Desktop/Toolchain/Output/bin/../lib/gcc/i386-banana/8.1.0/crtbegin.o
LOAD D:/Users/Alex/Desktop/Banana/kernel/morenasm.32
LOAD acpica/utclib.32
LOAD core/malloc.32
LOAD libk/string.32
LOAD fs/fat/diskio.32
LOAD fs/fat/ff.32
LOAD fs/fat/ffsystem.32
LOAD fs/fat/ffunicode.32
LOAD hal/libresample/samplerate.32
LOAD hal/libresample/src_linear.32
LOAD hal/libresample/src_sinc.32
LOAD hal/libresample/src_zoh.32
LOAD compat/inlines.32
LOAD compat/resolve.32
LOAD core/computer.32
LOAD core/gdt.32
LOAD core/idle.32
LOAD core/idt.32
LOAD core/kheap.32
LOAD core/main.32
LOAD core/physmgr.32
LOAD core/pipe.32
LOAD core/terminal.32
LOAD core/tss.32
LOAD core/unixfile.32
LOAD core/virtmgr.32
LOAD coreobjs/c++.32
LOAD dbg/kconsole.32
LOAD fs/vfs.32
LOAD hal/bus.32
LOAD hal/buzzer.32
LOAD hal/clock.32
LOAD hal/device.32
LOAD hal/diskctrl.32
LOAD hal/diskphys.32
LOAD hal/fpu.32
LOAD hal/intctrl.32
LOAD hal/keybrd.32
LOAD hal/logidisk.32
LOAD hal/mouse.32
LOAD hal/partition.32
LOAD hal/serial.32
LOAD hal/timer.32
LOAD hal/vcache.32
LOAD hal/video.32
LOAD hw/acpi.32
LOAD hw/cpu.32
LOAD hw/ports.32
LOAD hw/smp.32
LOAD krnl/env.32
LOAD krnl/panic.32
LOAD net/ethernet.32
LOAD reg/registry.32
LOAD sys/sc_eject.32
LOAD sys/sc_exit.32
LOAD sys/sc_getcwd.32
LOAD sys/sc_getpid.32
LOAD sys/sc_getramdata.32
LOAD sys/sc_getvgaptr.32
LOAD sys/sc_loaddll.32
LOAD sys/sc_read.32
LOAD sys/sc_sbrk.32
LOAD sys/sc_setcwd.32
LOAD sys/sc_settime.32
LOAD sys/sc_timezone.32
LOAD sys/sc_write.32
LOAD sys/sc_wsbe.32
LOAD sys/sc_yield.32
LOAD sys/syscalls.32
LOAD thr/elf.32
LOAD thr/prcssthr.32
LOAD vm86/vm8086.32
LOAD vm86/x87em.32
LOAD fs/fat/vfslink.32
LOAD fs/iso9660/vfslink.32
LOAD hal/sound/sndchannel.32
LOAD hal/sound/sndhw.32
LOAD hw/bus/isa.32
LOAD hw/bus/pci.32
LOAD hw/diskctrl/ide.32
LOAD hw/diskctrl/satabus.32
LOAD hw/diskphys/ata.32
LOAD hw/diskphys/atapi.32
LOAD hw/diskphys/sata.32
LOAD hw/diskphys/satapi.32
LOAD hw/fpu/avx.32
LOAD hw/fpu/mmx.32
LOAD hw/fpu/sse.32
LOAD hw/fpu/x87.32
LOAD hw/intctrl/apic.32
LOAD hw/intctrl/pic.32
LOAD hw/timer/apictimer.32
LOAD hw/timer/pit.32
LOAD hw/fpu/x86/avx.32
LOAD hw/fpu/x86/sse.32
LOAD hw/fpu/x86/x87.32
LOAD /cygdrive/d/Users/Alex/Desktop/Toolchain/Output/bin/../lib/gcc/i386-banana/8.1.0/crtend.o
LOAD crtn.32
LOAD /cygdrive/d/Users/Alex/Desktop/Toolchain/Output/bin/../lib/gcc/i386-banana/8.1.0/libkgcc.a
LOAD D:/Users/Alex/Desktop/Banana/kernel/libsoftfp.a
LOAD D:/Users/Alex/Desktop/Banana/kernel/libk/libm32.a
                0x00000000c0000000                . = 0xc0000000

.text           0x00000000c0000000    0x28288
 *(.text)
 .text          0x00000000c0000000       0x41 D:/Users/Alex/Desktop/Banana/kernel/boot.32
                0x00000000c0000020                callGlobalConstructors
 .text          0x00000000c0000041        0x0 crti.32
 *fill*         0x00000000c0000041        0x3 
 .text          0x00000000c0000044      0x101 /cygdrive/d/Users/Alex/Desktop/Toolchain/Output/bin/../lib/gcc/i386-banana/8.1.0/crtbegin.o
 *fill*         0x00000000c0000145        0xb 
 .text          0x00000000c0000150      0x4fb D:/Users/Alex/Desktop/Banana/kernel/morenasm.32
                0x00000000c0000150                manualPCIProbe
                0x00000000c000019b                prepareTramp
                0x00000000c00001b4                voodooXADD
                0x00000000c000027f                doTPAUSE
                0x00000000c0000289                hasLegacyFPU
                0x00000000c00002ae                is486
                0x00000000c00002e4                detectCPUID
                0x00000000c00002fa                goToVM86
                0x00000000c000032a                goToUsermode
                0x00000000c0000354                switchToThreadASMFirstTime
                0x00000000c0000362                switchToThreadASM
                0x00000000c00003f2                asmQuickAcquireLock
                0x00000000c0000410                asmQuickReleaseLock
                0x00000000c000041c                asmAcquireLock
                0x00000000c000043d                asmReleaseLock
                0x00000000c0000450                loadGDT
                0x00000000c0000470                isr0
                0x00000000c0000480                isr1
                0x00000000c000048a                isr2
                0x00000000c0000494                isr3
                0x00000000c000049e                isr4
                0x00000000c00004a8                isr5
                0x00000000c00004b2                isr6
                0x00000000c00004bc                isr7
                0x00000000c00004c6                isr8
                0x00000000c00004ce                isr9
                0x00000000c00004d8                isr10
                0x00000000c00004e0                isr11
                0x00000000c00004e8                isr12
                0x00000000c00004f0                isr13
                0x00000000c00004f8                isr14
                0x00000000c0000500                isr15
                0x00000000c000050a                isr16
                0x00000000c0000514                isr17
                0x00000000c000051e                isr18
                0x00000000c0000528                irq3
                0x00000000c0000532                irq4
                0x00000000c000053c                irq5
                0x00000000c0000546                irq6
                0x00000000c0000550                irq7
                0x00000000c000055a                irq8
                0x00000000c0000564                irq9
                0x00000000c000056e                irq10
                0x00000000c0000578                irq11
                0x00000000c0000582                irq12
                0x00000000c000058c                irq13
                0x00000000c0000596                irq14
                0x00000000c00005a0                irq15
                0x00000000c00005aa                irq1
                0x00000000c00005b1                irq2
                0x00000000c00005b8                isr96
                0x00000000c00005bf                irq0
                0x00000000c00005c4                syscall_common_stub
                0x00000000c00005c4                int_common_stub
                0x00000000c00005f6                irq16
                0x00000000c0000600                irq17
                0x00000000c000060a                irq18
                0x00000000c0000614                irq19
                0x00000000c000061e                irq20
                0x00000000c0000628                irq21
                0x00000000c0000632                irq22
                0x00000000c000063c                irq23
                0x00000000c0000646                memcpy
 *fill*         0x00000000c000064b        0x1 
 .text          0x00000000c000064c      0x5dd acpica/utclib.32
                0x00000000c000064c                memcmp
                0x00000000c0000688                memmove
                0x00000000c0000750                memset
                0x00000000c000076c                strlen
                0x00000000c0000784                strpbrk
                0x00000000c00007c0                strtok
                0x00000000c000080c                strcpy
                0x00000000c0000830                strncpy
                0x00000000c0000898                strcmp
                0x00000000c00008d8                strchr
                0x00000000c00008fc                strncmp
                0x00000000c000094c                strcat
                0x00000000c000097c                strncat
                0x00000000c00009b8                strstr
                0x00000000c0000a00                toupper
                0x00000000c0000a14                tolower
                0x00000000c0000a28                simple_strtoul
 .text          0x00000000c0000c29      0xfad core/malloc.32
                0x00000000c0000d94                dlfree
                0x00000000c00010ef                dlmalloc
                0x00000000c000162c                dlrealloc
                0x00000000c00017cf                dlmemalign
                0x00000000c00018f2                dlcalloc
                0x00000000c000198c                dlcfree
                0x00000000c0001991                dlindependent_calloc
                0x00000000c00019b6                dlindependent_comalloc
                0x00000000c00019cd                dlvalloc
                0x00000000c00019f8                dlpvalloc
                0x00000000c0001a2e                dlmalloc_trim
                0x00000000c0001a3b                dlmalloc_usable_size
                0x00000000c0001a6c                dlmallinfo
                0x00000000c0001b3b                dlmalloc_stats
                0x00000000c0001b4c                dlmallopt
 .text          0x00000000c0001bd6        0x0 libk/string.32
 .text          0x00000000c0001bd6       0x51 fs/fat/diskio.32
                0x00000000c0001bd6                disk_status
                0x00000000c0001bd9                disk_initialize
                0x00000000c0001bdc                disk_read
                0x00000000c0001bf2                disk_write
                0x00000000c0001c08                disk_ioctl
 .text          0x00000000c0001c27     0x6833 fs/fat/ff.32
                0x00000000c0004ef5                f_mount
                0x00000000c0004f57                f_open
                0x00000000c0005393                f_read
                0x00000000c0005613                f_write
                0x00000000c00058cd                f_sync
                0x00000000c0005aa9                f_close
                0x00000000c0005ad8                f_lseek
                0x00000000c0005f8f                f_opendir
                0x00000000c0006091                f_closedir
                0x00000000c00060b3                f_readdir
                0x00000000c000614e                f_stat
                0x00000000c00061dd                f_getfree
                0x00000000c00063a8                f_truncate
                0x00000000c00064a0                f_unlink
                0x00000000c0006623                f_mkdir
                0x00000000c000684f                f_rename
                0x00000000c0006b42                f_chmod
                0x00000000c0006c20                f_utime
                0x00000000c0006cfe                f_getlabel
                0x00000000c0006eec                f_setlabel
                0x00000000c0007159                f_forward
                0x00000000c0007337                f_mkfs
 .text          0x00000000c000845a       0x2d fs/fat/ffsystem.32
                0x00000000c000845a                ff_memalloc
                0x00000000c0008470                ff_memfree
 .text          0x00000000c0008487      0x253 fs/fat/ffunicode.32
                0x00000000c0008487                ff_uni2oem
                0x00000000c0008517                ff_oem2uni
                0x00000000c0008583                ff_wtoupper
 .text          0x00000000c00086da      0x8fb hal/libresample/samplerate.32
                0x00000000c000871e                src_delete
                0x00000000c000875a                src_process
                0x00000000c0008910                src_callback_read
                0x00000000c0008a8d                src_set_ratio
                0x00000000c0008af7                src_get_channels
                0x00000000c0008b19                src_reset
                0x00000000c0008b65                src_new
                0x00000000c0008bf3                src_callback_new
                0x00000000c0008c55                src_get_name
                0x00000000c0008c8c                src_get_description
                0x00000000c0008cc3                src_get_version
                0x00000000c0008cc9                src_is_valid_ratio
                0x00000000c0008d1d                src_error
                0x00000000c0008d2b                src_strerror
                0x00000000c0008d3e                src_simple
                0x00000000c0008d91                src_short_to_float_array
                0x00000000c0008df6                src_float_to_short_array
                0x00000000c0008eb5                src_int_to_float_array
                0x00000000c0008f18                src_float_to_int_array
 .text          0x00000000c0008fd5      0x8cb hal/libresample/src_linear.32
                0x00000000c00097fb                linear_get_name
                0x00000000c000980a                linear_get_description
                0x00000000c0009819                linear_set_converter
 .text          0x00000000c00098a0     0x447c hal/libresample/src_sinc.32
                0x00000000c000dc33                sinc_get_name
                0x00000000c000dc46                sinc_get_description
                0x00000000c000dc59                sinc_set_converter
 .text          0x00000000c000dd1c      0x77c hal/libresample/src_zoh.32
                0x00000000c000e3f3                zoh_get_name
                0x00000000c000e402                zoh_get_description
                0x00000000c000e411                zoh_set_converter
 .text          0x00000000c000e498       0xa7 compat/inlines.32
                0x00000000c000e498                CPU::current()
                0x00000000c000e4a4                operator new(unsigned long)
                0x00000000c000e4a9                operator delete(void*)
                0x00000000c000e4ae                disableIRQs()
                0x00000000c000e4b6                enableIRQs()
                0x00000000c000e4c5                lockScheduler()
                0x00000000c000e4cd                unlockScheduler()
                0x00000000c000e4dc                lockStuff()
                0x00000000c000e4ea                unlockStuff()
                0x00000000c000e524                Virt::getAKernelVAS()
                0x00000000c000e52a                __not_memcpy
 .text          0x00000000c000e53f      0x111 compat/resolve.32
                0x00000000c000e53f                Krnl::resolveCompatibilitySymbol(char*)
 .text          0x00000000c000e650      0x741 core/computer.32
                0x00000000c000e650                Computer::close(int, int, void*)
                0x00000000c000e694                Krnl::firstTask()
                0x00000000c000e7d6                Computer::Computer()
                0x00000000c000e7d6                Computer::Computer()
                0x00000000c000e932                Computer::setBootMessage(char const*)
                0x00000000c000e934                Computer::detectFeatures()
                0x00000000c000eb3e                Computer::displayFeatures()
                0x00000000c000eb40                Computer::rdmsr(unsigned int)
                0x00000000c000eb6c                Computer::wrmsr(unsigned int, unsigned long long)
                0x00000000c000eba4                Computer::nmiEnabled()
                0x00000000c000ebb0                Computer::readCMOS(unsigned char)
                0x00000000c000ebca                Computer::enableNMI(bool)
                0x00000000c000ebe2                Computer::open(int, int, void*)
                0x00000000c000ecd4                Computer::disableNMI()
                0x00000000c000ece2                Computer::writeCMOS(unsigned char, unsigned char)
                0x00000000c000ed00                Computer::handleNMI()
                0x00000000c000ed66                Computer::setDiskActivityLight(int, bool)
 *fill*         0x00000000c000ed91        0x1 
 .text          0x00000000c000ed92      0x19d core/gdt.32
                0x00000000c000ed92                GDTEntry::setBase(unsigned int)
                0x00000000c000edae                GDTEntry::setLimit(unsigned int)
                0x00000000c000edcc                GDT::GDT()
                0x00000000c000edcc                GDT::GDT()
                0x00000000c000ede2                GDT::addEntry(GDTEntry)
                0x00000000c000ee04                GDT::getNumberOfEntries()
                0x00000000c000ee0c                GDT::flush()
                0x00000000c000ee2e                GDT::setup()
 .text          0x00000000c000ef2f       0x6b core/idle.32
                0x00000000c000ef2f                idleFunction(void*)
 .text          0x00000000c000ef9a      0x45e core/idt.32
                0x00000000c000ef9a                IDTEntry::IDTEntry(bool)
                0x00000000c000ef9a                IDTEntry::IDTEntry(bool)
                0x00000000c000f008                IDTEntry::setOffset(unsigned int)
                0x00000000c000f01c                IDT::IDT()
                0x00000000c000f01c                IDT::IDT()
                0x00000000c000f01e                IDT::getPointerToInvalidOpcodeEntryForF00F()
                0x00000000c000f026                IDT::addEntry(IDTEntry, int)
                0x00000000c000f040                IDT::addEntry(int, void (*)(), bool)
                0x00000000c000f078                IDT::flush()
                0x00000000c000f092                IDT::setup()
 .text          0x00000000c000f3f8      0x1fb core/kheap.32
                0x00000000c000f3f8                sbrk
                0x00000000c000f505                mmap
                0x00000000c000f51b                munmap
                0x00000000c000f531                liballoc_lock()
                0x00000000c000f53e                liballoc_unlock()
                0x00000000c000f552                liballoc_alloc(int)
                0x00000000c000f56a                liballoc_free(void*, int)
                0x00000000c000f585                realloc
                0x00000000c000f599                malloc
                0x00000000c000f5a9                free
                0x00000000c000f5b9                rfree
                0x00000000c000f5c9                calloc
 .text          0x00000000c000f5f3      0x1b6 core/main.32
                0x00000000c000f5f3                Krnl::setBootMessage(char const*)
                0x00000000c000f65f                kernel_main
 .text          0x00000000c000f7a9      0x55a core/physmgr.32
                0x00000000c000f7a9                Phys::allocateDMA(unsigned long)
                0x00000000c000f84c                Phys::freeDMA(unsigned long, unsigned long)
                0x00000000c000f894                Phys::setPageState(unsigned long, bool)
                0x00000000c000f8c6                Phys::getPageState(unsigned long)
                0x00000000c000f8e2                Phys::freePage(unsigned long)
                0x00000000c000f93d                Phys::allocatePage()
                0x00000000c000fa0b                Phys::allocateContiguousPages(int)
                0x00000000c000fa67                Phys::allowSegmentToBeUsed(unsigned long, unsigned long)
                0x00000000c000fa9f                Phys::physicalMemorySetup(unsigned int)
 *fill*         0x00000000c000fd03        0x1 
 .text          0x00000000c000fd04      0x273 core/pipe.32
                0x00000000c000fd04                Pipe::isAtty()
                0x00000000c000fd08                Pipe::~Pipe()
                0x00000000c000fd08                Pipe::~Pipe()
                0x00000000c000fd2c                Pipe::~Pipe()
                0x00000000c000fd54                Pipe::read(unsigned long long, void*, int*)
                0x00000000c000fe50                Pipe::write(unsigned long long, void*, int*)
                0x00000000c000ff10                Pipe::Pipe(int)
                0x00000000c000ff10                Pipe::Pipe(int)
 *fill*         0x00000000c000ff77        0x1 
 .text          0x00000000c000ff78      0xb91 core/terminal.32
                0x00000000c000ff78                VgaText::isAtty()
                0x00000000c000ff7c                VgaText::~VgaText()
                0x00000000c000ff7c                VgaText::~VgaText()
                0x00000000c000ffa0                VgaText::~VgaText()
                0x00000000c000ffca                VgaText::read(unsigned long long, void*, int*)
                0x00000000c000ffea                setTerminalScrollLock(bool)
                0x00000000c000ffeb                addToTerminalCycle(VgaText*)
                0x00000000c001000c                installVgaTextImplementation()
                0x00000000c0010021                scrollTerminalScrollLock(int)
                0x00000000c0010022                VgaText::updateTitle()
                0x00000000c0010060                VgaText::load()
                0x00000000c00100ae                VgaText::updateCursor()
                0x00000000c00100c4                VgaText::doANSI_SGR(int)
                0x00000000c0010138                VgaText::setDefaultBgColour(VgaColour)
                0x00000000c0010148                VgaText::setDefaultFgColour(VgaColour)
                0x00000000c0010158                VgaText::setDefaultColours(VgaColour, VgaColour)
                0x00000000c0010178                VgaText::setTitleTextColour(VgaColour)
                0x00000000c0010188                VgaText::setTitleColour(VgaColour)
                0x00000000c0010198                VgaText::setTitle(char*)
                0x00000000c00101be                VgaText::combineColours(unsigned char, unsigned char)
                0x00000000c00101d0                VgaText::scrollScreen()
                0x00000000c0010264                VgaText::combineCharAndColour(char, unsigned char)
                0x00000000c0010276                VgaText::writeCharacter(char, VgaColour, VgaColour, int, int)
                0x00000000c00102d2                VgaText::getCursorX()
                0x00000000c00102da                VgaText::getCursorY()
                0x00000000c00102e2                VgaText::setCursor(int, int)
                0x00000000c00102f9                setActiveTerminal(VgaText*)
                0x00000000c001035b                doTerminalCycle()
                0x00000000c0010376                VgaText::setCursorX(int)
                0x00000000c001038e                VgaText::setCursorY(int)
                0x00000000c00103a6                VgaText::incrementCursor(bool)
                0x00000000c00103fa                VgaText::decrementCursor(bool)
                0x00000000c001041c                VgaText::putchar(char, VgaColour, VgaColour)
                0x00000000c00104f4                VgaText::doUpdate()
                0x00000000c0010502                VgaText::puts(char const*, VgaColour, VgaColour)
                0x00000000c001067a                VgaText::clearScreen()
                0x00000000c00106d4                VgaText::putchar(char)
                0x00000000c00107c0                VgaText::putx(unsigned int)
                0x00000000c0010806                VgaText::puts(char const*)
                0x00000000c001082c                VgaText::VgaText(char const*)
                0x00000000c001082c                VgaText::VgaText(char const*)
                0x00000000c00109a8                VgaText::receiveKey(unsigned char)
                0x00000000c0010a90                VgaText::write(unsigned long long, void*, int*)
                0x00000000c0010ae4                newTerminal(char*)
 *fill*         0x00000000c0010b09        0x1 
 .text          0x00000000c0010b0a      0x19d core/tss.32
                0x00000000c0010b0a                TSS::TSS()
                0x00000000c0010b0a                TSS::TSS()
                0x00000000c0010b18                TSS::setESP(unsigned long)
                0x00000000c0010b2a                TSS::flush()
                0x00000000c0010b4a                TSS::setup(unsigned long, unsigned long)
 *fill*         0x00000000c0010ca7        0x1 
 .text          0x00000000c0010ca8      0x4c2 core/unixfile.32
                0x00000000c0010ca8                ReservedFilename::read(unsigned long long, void*, int*)
                0x00000000c0010cfe                ReservedFilename::isAtty()
                0x00000000c0010d1a                ReservedFilename::write(unsigned long long, void*, int*)
                0x00000000c0010d78                UnixFile::getFileDescriptor()
                0x00000000c0010d80                UnixFile::UnixFile(int)
                0x00000000c0010d80                UnixFile::UnixFile(int)
                0x00000000c0010f30                ReservedFilename::ReservedFilename(int)
                0x00000000c0010f30                ReservedFilename::ReservedFilename(int)
                0x00000000c0010f62                UnixFile::~UnixFile()
                0x00000000c0010f62                UnixFile::~UnixFile()
                0x00000000c0010ffa                UnixFile::~UnixFile()
                0x00000000c0011022                ReservedFilename::~ReservedFilename()
                0x00000000c0011022                ReservedFilename::~ReservedFilename()
                0x00000000c0011046                ReservedFilename::~ReservedFilename()
                0x00000000c001106d                getFromFileDescriptor(int)
 .text          0x00000000c001116a     0x12e0 core/virtmgr.32
                0x00000000c001116a                Virt::setPageState(unsigned long, Virt::VirtPageState)
                0x00000000c001119f                Virt::getPageState(unsigned long)
                0x00000000c00111c3                Virt::allocateKernelVirtualPages(int)
                0x00000000c00112d4                Virt::freeSwapfilePage(unsigned long)
                0x00000000c00112f2                Virt::swapIDToSector(unsigned long)
                0x00000000c0011304                Virt::allocateSwapfilePage()
                0x00000000c0011382                Virt::virtualMemorySetup()
                0x00000000c00113cd                Virt::setupPageSwapping(int)
                0x00000000c0011554                VAS::VAS()
                0x00000000c0011554                VAS::VAS()
                0x00000000c0011590                VAS::VAS(VAS*)
                0x00000000c0011590                VAS::VAS(VAS*)
                0x00000000c00115be                VAS::getForeignPageTableEntry(bool, unsigned long)
                0x00000000c00115ea                VAS::getPageTableEntry(unsigned long)
                0x00000000c0011609                Virt::freeKernelVirtualPages(unsigned long)
                0x00000000c001172c                VAS::freeAllocatedPages(unsigned long)
                0x00000000c0011750                VAS::virtualToPhysical(unsigned long)
                0x00000000c0011768                VAS::reflagRange(unsigned long, int, int, int)
                0x00000000c00117a8                VAS::setToWriteCombining(unsigned long, int)
                0x00000000c00117da                VAS::mapOtherVASIn(bool, VAS*)
                0x00000000c0011804                VAS::~VAS()
                0x00000000c0011804                VAS::~VAS()
                0x00000000c0011980                VAS::mapPage(unsigned long, unsigned long, int)
                0x00000000c0011a82                VAS::allocatePages(int, int)
                0x00000000c0011c5a                VAS::setCPUSpecific(unsigned long)
                0x00000000c0011c76                VAS::mapRange(unsigned long, unsigned long, int, int)
                0x00000000c0011d3c                VAS::mapForeignPage(bool, VAS*, unsigned long, unsigned long, int)
                0x00000000c0011e2a                VAS::VAS(bool)
                0x00000000c0011e2a                VAS::VAS(bool)
                0x00000000c00120aa                VAS::evict(unsigned long)
                0x00000000c001216c                VAS::tryLoadBackOffDisk(unsigned long)
                0x00000000c00122d4                VAS::scanForEviction()
                0x00000000c001238e                mapVASFirstTime
 .text          0x00000000c001244a       0x95 coreobjs/c++.32
                0x00000000c001244a                __cxa_atexit
                0x00000000c001244d                __cxa_finalize
                0x00000000c001244e                __stack_chk_fail
                0x00000000c00124ba                __cxa_pure_virtual
                0x00000000c00124cb                operator new[](unsigned long)
                0x00000000c00124d0                operator delete(void*, unsigned long)
                0x00000000c00124d5                operator delete[](void*)
                0x00000000c00124da                operator delete[](void*, unsigned long)
 .text          0x00000000c00124df      0x1e7 dbg/kconsole.32
                0x00000000c00124df                Dbg::stringifyxWithBase(unsigned int, char*, int)
                0x00000000c0012538                Dbg::logc(char)
                0x00000000c001254f                Dbg::logs(char*)
                0x00000000c001256c                Dbg::logWriteInt(unsigned int)
                0x00000000c0012589                Dbg::logWriteIntBase(unsigned int, int)
                0x00000000c00125a8                Dbg::kprintf(char const*, ...)
 .text          0x00000000c00126c6      0xb82 fs/vfs.32
                0x00000000c00126c6                File::read(unsigned long long, void*, int*)
                0x00000000c001271e                File::write(unsigned long long, void*, int*)
                0x00000000c0012776                Directory::read(unsigned long long, void*, int*)
                0x00000000c00127ce                Directory::write(unsigned long long, void*, int*)
                0x00000000c00127fc                File::isAtty()
                0x00000000c0012800                Directory::isAtty()
                0x00000000c0012804                Filesystem::getlabel(LogicalDisk*, int, char*, unsigned int*)
                0x00000000c001280a                Filesystem::setlabel(LogicalDisk*, int, char*)
                0x00000000c0012810                Filesystem::getFileFirstSector(char const*)
                0x00000000c0012816                File::~File()
                0x00000000c0012816                File::~File()
                0x00000000c001283a                File::~File()
                0x00000000c0012864                Directory::~Directory()
                0x00000000c0012864                Directory::~Directory()
                0x00000000c0012888                Directory::~Directory()
                0x00000000c00128b2                Filesystem::Filesystem()
                0x00000000c00128b2                Filesystem::Filesystem()
                0x00000000c00128d6                Filesystem::~Filesystem()
                0x00000000c00128d6                Filesystem::~Filesystem()
                0x00000000c00128e4                Filesystem::~Filesystem()
                0x00000000c0012908                Fs::getcwd(Process*, char*, int)
                0x00000000c0012932                Fs::initVFS()
                0x00000000c001295c                Fs::standardiseFiles(char*, char const*, char const*)
                0x00000000c0012b06                File::File(char const*, Process*)
                0x00000000c0012b06                File::File(char const*, Process*)
                0x00000000c0012b6a                File::open(FileOpenMode)
                0x00000000c0012bc8                File::close()
                0x00000000c0012c28                File::seek(unsigned long long)
                0x00000000c0012c7e                File::tell(unsigned long long*)
                0x00000000c0012cce                File::rewind()
                0x00000000c0012ce2                File::unlink()
                0x00000000c0012d2e                File::rename(char const*)
                0x00000000c0012d7c                File::chfatattr(unsigned char, unsigned char)
                0x00000000c0012dd8                File::exists()
                0x00000000c0012e16                File::stat(unsigned long long*, bool*)
                0x00000000c0012e77                Fs::setcwd(Process*, char*)
                0x00000000c0012fb2                Directory::Directory(char const*, Process*)
                0x00000000c0012fb2                Directory::Directory(char const*, Process*)
                0x00000000c0013016                Directory::open()
                0x00000000c0013072                Directory::close()
                0x00000000c00130d2                Directory::unlink()
                0x00000000c001311e                Directory::rename(char const*)
                0x00000000c001316c                Directory::exists()
                0x00000000c00131aa                Directory::read(dirent*)
                0x00000000c00131f6                Directory::create()
                0x00000000c0013242                Filesystem::chfatattr(char const*, unsigned char, unsigned char)
 .text          0x00000000c0013248       0x84 hal/bus.32
                0x00000000c0013248                Bus::Bus(char const*)
                0x00000000c0013248                Bus::Bus(char const*)
                0x00000000c001327e                Bus::~Bus()
                0x00000000c001327e                Bus::~Bus()
                0x00000000c00132a2                Bus::~Bus()
 .text          0x00000000c00132cc      0x156 hal/buzzer.32
                0x00000000c00132cc                Buzzer::Buzzer(char const*)
                0x00000000c00132cc                Buzzer::Buzzer(char const*)
                0x00000000c0013310                Buzzer::~Buzzer()
                0x00000000c0013310                Buzzer::~Buzzer()
                0x00000000c0013334                Buzzer::~Buzzer()
                0x00000000c001335e                Buzzer::stop()
                0x00000000c0013371                beepThread(void*)
                0x00000000c00133b4                Buzzer::beep(int, int, bool)
 .text          0x00000000c0013422      0x467 hal/clock.32
                0x00000000c0013422                User::loadClockSettings(int)
                0x00000000c0013474                Clock::Clock(char const*)
                0x00000000c0013474                Clock::Clock(char const*)
                0x00000000c00134aa                Clock::~Clock()
                0x00000000c00134aa                Clock::~Clock()
                0x00000000c00134ce                Clock::~Clock()
                0x00000000c00134f8                Clock::timeInSecondsLocal()
                0x00000000c0013540                Clock::setTimeInSecondsLocal(unsigned long long)
                0x00000000c0013599                datetimeToSeconds(datetime_t)
                0x00000000c00136c0                Clock::setTimeInDatetimeLocal(datetime_t)
                0x00000000c0013720                secondsToDatetime(unsigned long long)
                0x00000000c0013864                Clock::timeInDatetimeLocal()
 *fill*         0x00000000c0013889        0x1 
 .text          0x00000000c001388a      0x504 hal/device.32
                0x00000000c001388a                Device::hibernate()
                0x00000000c001388c                Device::wake()
                0x00000000c001388e                Device::detect()
                0x00000000c0013890                Device::disableLegacy()
                0x00000000c0013892                Device::powerSaving(PowerSavingLevel)
                0x00000000c0013894                DriverlessDevice::close(int, int, void*)
                0x00000000c0013898                DriverlessDevice::detect()
                0x00000000c001389a                DriverlessDevice::open(int, int, void*)
                0x00000000c00138ae                Device::~Device()
                0x00000000c00138ae                Device::~Device()
                0x00000000c00138bc                Device::~Device()
                0x00000000c00138e4                Device::findAndLoadDriver()
                0x00000000c00138f2                Device::preOpenPCI(PCIDeviceInfo)
                0x00000000c0013918                Device::preOpenACPI(void*, char*, char*)
                0x00000000c0013958                Device::addIRQHandler(int, void (*)(regs*, void*), bool, void*)
                0x00000000c0013996                Device::getParent()
                0x00000000c00139a2                Device::removeIRQHandler(int, void (*)(regs*, void*), bool)
                0x00000000c00139e0                Device::addChild(Device*)
                0x00000000c0013a24                Device::removeAllChildren()
                0x00000000c0013a6a                Device::hibernateAll()
                0x00000000c0013a9a                Device::wakeAll()
                0x00000000c0013aca                Device::detectAll()
                0x00000000c0013afa                Device::disableLegacyAll()
                0x00000000c0013b2a                Device::loadDriversForAll()
                0x00000000c0013b6a                Device::closeAll()
                0x00000000c0013ba0                Device::powerSavingAll(PowerSavingLevel)
                0x00000000c0013bd6                Device::setName(char const*)
                0x00000000c0013be4                Device::Device(char const*)
                0x00000000c0013be4                Device::Device(char const*)
                0x00000000c0013ce0                Device::getName()
                0x00000000c0013cea                DriverlessDevice::DriverlessDevice(char const*)
                0x00000000c0013cea                DriverlessDevice::DriverlessDevice(char const*)
                0x00000000c0013d20                Device::addToLinkedList(LinkedList<Device>&, DeviceType)
                0x00000000c0013d64                getDevicesOfType(DeviceType)
 .text          0x00000000c0013d8e       0x84 hal/diskctrl.32
                0x00000000c0013d8e                HardDiskController::HardDiskController(char const*)
                0x00000000c0013d8e                HardDiskController::HardDiskController(char const*)
                0x00000000c0013dc4                HardDiskController::~HardDiskController()
                0x00000000c0013dc4                HardDiskController::~HardDiskController()
                0x00000000c0013de8                HardDiskController::~HardDiskController()
 .text          0x00000000c0013e12       0xe2 hal/diskphys.32
                0x00000000c0013e12                PhysicalDisk::eject()
                0x00000000c0013e16                PhysicalDisk::PhysicalDisk(char const*, int)
                0x00000000c0013e16                PhysicalDisk::PhysicalDisk(char const*, int)
                0x00000000c0013e7e                PhysicalDisk::startCache()
                0x00000000c0013ea6                PhysicalDisk::~PhysicalDisk()
                0x00000000c0013ea6                PhysicalDisk::~PhysicalDisk()
                0x00000000c0013eca                PhysicalDisk::~PhysicalDisk()
 .text          0x00000000c0013ef4      0x13b hal/fpu.32
                0x00000000c0013ef4                FPU::FPU(char const*)
                0x00000000c0013ef4                FPU::FPU(char const*)
                0x00000000c0013f2a                FPU::~FPU()
                0x00000000c0013f2a                FPU::~FPU()
                0x00000000c0013f4e                FPU::~FPU()
                0x00000000c0013f78                setupFPU()
 *fill*         0x00000000c001402f        0x1 
 .text          0x00000000c0014030     0x1435 hal/intctrl.32
                0x00000000c0014030                InterruptController::uninstallISRHandler(int, void (*)(regs*, void*))
                0x00000000c0014068                InterruptController::installISRHandler(int, void (*)(regs*, void*), void*)
                0x00000000c00140ba                doubleFault(regs*, void*)
                0x00000000c00140d4                InterruptController::installIRQHandler(int, void (*)(regs*, void*), bool, void*)
                0x00000000c0014170                InterruptController::clearAllHandlers(int, bool)
                0x00000000c0014218                InterruptController::uninstallIRQHandler(int, void (*)(regs*, void*), bool)
                0x00000000c001429f                nmiHandler(regs*, void*)
                0x00000000c00142ad                int_handler
                0x00000000c001434e                InterruptController::InterruptController(char const*)
                0x00000000c001434e                InterruptController::InterruptController(char const*)
                0x00000000c00143f4                InterruptController::~InterruptController()
                0x00000000c00143f4                InterruptController::~InterruptController()
                0x00000000c0014418                InterruptController::~InterruptController()
                0x00000000c0014442                displayDebugInfo(regs*)
                0x00000000c00148d1                x87EmulHandler(regs*, void*)
                0x00000000c0014944                gpFault(regs*, void*)
                0x00000000c001497d                pgFault(regs*, void*)
                0x00000000c00149c5                otherISRHandler(regs*, void*)
                0x00000000c00149e4                opcodeFault(regs*, void*)
                0x00000000c0015001                displayProgramFault(char const*)
                0x00000000c0015029                setupInterruptController()
                0x00000000c0015418                InterruptController::convertLegacyIRQNumber(int)
 *fill*         0x00000000c0015465        0x1 
 .text          0x00000000c0015466      0x784 hal/keybrd.32
                0x00000000c0015466                startGUI(void*)
                0x00000000c00154d2                startGUIVESA(void*)
                0x00000000c001553e                sendKeyToTerminal(unsigned char)
                0x00000000c00155fc                sendKeyboardToken(KeyboardToken)
                0x00000000c0015a39                clearInternalKeybuffer(VgaText*)
                0x00000000c0015a6e                readKeyboard(VgaText*, char*, unsigned long)
                0x00000000c0015b60                Keyboard::Keyboard(char const*)
                0x00000000c0015b60                Keyboard::Keyboard(char const*)
                0x00000000c0015b9c                Keyboard::~Keyboard()
                0x00000000c0015b9c                Keyboard::~Keyboard()
                0x00000000c0015bc0                Keyboard::~Keyboard()
 .text          0x00000000c0015bea      0x3ea hal/logidisk.32
                0x00000000c0015bea                LogicalDisk::close(int, int, void*)
                0x00000000c0015bee                LogicalDisk::~LogicalDisk()
                0x00000000c0015bee                LogicalDisk::~LogicalDisk()
                0x00000000c0015c12                LogicalDisk::~LogicalDisk()
                0x00000000c0015c3c                LogicalDisk::open(int, int, void*)
                0x00000000c0015c50                LogicalDisk::absoluteToRelative(unsigned long long)
                0x00000000c0015c88                LogicalDisk::relativeToAbsolute(unsigned long long)
                0x00000000c0015cce                LogicalDisk::LogicalDisk(char const*, PhysicalDisk*, unsigned long long, unsigned long long)
                0x00000000c0015cce                LogicalDisk::LogicalDisk(char const*, PhysicalDisk*, unsigned long long, unsigned long long)
                0x00000000c0015d84                LogicalDisk::assignDriveLetter()
                0x00000000c0015e3a                LogicalDisk::mount()
                0x00000000c0015e82                LogicalDisk::unmount()
                0x00000000c0015e92                LogicalDisk::eject()
                0x00000000c0015ea6                LogicalDisk::unassignDriveLetter()
                0x00000000c0015efc                LogicalDisk::read(unsigned long long, int, void*)
                0x00000000c0015f68                LogicalDisk::write(unsigned long long, int, void*)
 .text          0x00000000c0015fd4       0x84 hal/mouse.32
                0x00000000c0015fd4                Mouse::Mouse(char const*)
                0x00000000c0015fd4                Mouse::Mouse(char const*)
                0x00000000c001600a                Mouse::~Mouse()
                0x00000000c001600a                Mouse::~Mouse()
                0x00000000c001602e                Mouse::~Mouse()
 .text          0x00000000c0016058      0x339 hal/partition.32
                0x00000000c0016058                makePartition(PhysicalDisk*, unsigned long long, unsigned long long)
                0x00000000c0016100                createPartitionsForDisk(PhysicalDisk*)
 *fill*         0x00000000c0016391        0x1 
 .text          0x00000000c0016392       0x84 hal/serial.32
                0x00000000c0016392                Serial::Serial(char const*)
                0x00000000c0016392                Serial::Serial(char const*)
                0x00000000c00163c8                Serial::~Serial()
                0x00000000c00163c8                Serial::~Serial()
                0x00000000c00163ec                Serial::~Serial()
 .text          0x00000000c0016416      0x2f3 hal/timer.32
                0x00000000c0016416                Timer::Timer(char const*)
                0x00000000c0016416                Timer::Timer(char const*)
                0x00000000c001644c                Timer::~Timer()
                0x00000000c001644c                Timer::~Timer()
                0x00000000c0016470                Timer::~Timer()
                0x00000000c001649a                Timer::read()
                0x00000000c00164a5                timerHandler(unsigned long long)
                0x00000000c0016617                setupTimer(int)
 *fill*         0x00000000c0016709        0x1 
 .text          0x00000000c001670a      0x409 hal/vcache.32
                0x00000000c001670a                VCache::VCache(PhysicalDisk*)
                0x00000000c001670a                VCache::VCache(PhysicalDisk*)
                0x00000000c0016872                VCache::invalidateReadBuffer()
                0x00000000c0016882                VCache::writeWriteBuffer()
                0x00000000c00168be                VCache::~VCache()
                0x00000000c00168be                VCache::~VCache()
                0x00000000c0016912                VCache::~VCache()
                0x00000000c001693a                VCache::write(unsigned long long, int, void*)
                0x00000000c0016a24                VCache::read(unsigned long long, int, void*)
 *fill*         0x00000000c0016b13        0x1 
 .text          0x00000000c0016b14      0x4b3 hal/video.32
                0x00000000c0016b14                Video::putrect(int, int, int, int, unsigned int)
                0x00000000c0016b60                Video::bitblit(int, int, int, int, int, int, int, unsigned int*)
                0x00000000c0016bd0                Video::blit(unsigned int*, int, int, int, int)
                0x00000000c0016c4e                Video::clearScreen(unsigned int)
                0x00000000c0016c82                Video::putpixel(int, int, unsigned int)
                0x00000000c0016c90                Video::Video(char const*)
                0x00000000c0016c90                Video::Video(char const*)
                0x00000000c0016cc6                Video::~Video()
                0x00000000c0016cc6                Video::~Video()
                0x00000000c0016cea                Video::~Video()
                0x00000000c0016d14                Video::isMonochrome()
                0x00000000c0016d20                Video::getWidth()
                0x00000000c0016d2c                Video::getHeight()
                0x00000000c0016d38                Video::drawCursor(int, int, unsigned char*, int)
                0x00000000c0016df4                Video::tgaParse(unsigned char*, int, int*, int*)
                0x00000000c0016f5c                Video::putTGA(int, int, unsigned char*, int)
 *fill*         0x00000000c0016fc7        0x1 
 .text          0x00000000c0016fc8     0x11c9 hw/acpi.32
                0x00000000c0016fc8                ACPI::close(int, int, void*)
                0x00000000c001706d                findRSDP()
                0x00000000c00170f7                loadACPITables(unsigned char*)
                0x00000000c001734e                findRSDT(unsigned char*)
                0x00000000c0017498                findDataTable(unsigned char*, char*)
                0x00000000c001750a                scanMADT()
                0x00000000c0017978                ACPI::ACPI()
                0x00000000c0017978                ACPI::ACPI()
                0x00000000c00179cc                ACPI::getPCIIRQAssignment(unsigned char, unsigned short, unsigned char)
                0x00000000c0017aae                ACPI::registerPCIIRQAssignment(void*, unsigned short, unsigned char, unsigned char)
                0x00000000c0017b74                ACPI::setScreenBrightnessLevel(void*, int)
                0x00000000c0017b7a                ACPI::detectPCI()
                0x00000000c0017d7c                ACPI::writeSimpleBootFlag(SimpleBootFlagTable*)
                0x00000000c0017dc4                ACPI::sleep()
                0x00000000c0017ddc                ACPI::open(int, int, void*)
 *fill*         0x00000000c0018191        0x1 
 .text          0x00000000c0018192     0x1495 hw/cpu.32
                0x00000000c0018192                CPU::close(int, int, void*)
                0x00000000c0018196                CPU::lookupAMDName(unsigned char, unsigned char)
                0x00000000c001832a                CPU::lookupIntelName(unsigned char, unsigned char)
                0x00000000c00185d8                CPU::AMD_K6_write_msr(unsigned int, unsigned int, unsigned int, CPU::REGS*)
                0x00000000c00185f4                CPU::AMD_K6_read_msr(unsigned int, CPU::REGS*)
                0x00000000c001860c                CPU::AMD_K6_writeback(int, int, int)
                0x00000000c0018680                CPU::cpuid(int, unsigned long*, unsigned long*, unsigned long*, unsigned long*)
                0x00000000c0018704                CPU::cpuidCheckEDX(unsigned int)
                0x00000000c0018732                CPU::cpuidCheckECX(unsigned int)
                0x00000000c0018760                CPU::cpuidCheckExtendedEBX(unsigned int)
                0x00000000c001878e                CPU::cpuidCheckExtendedECX(unsigned int)
                0x00000000c00187bc                CPU::CPU()
                0x00000000c00187bc                CPU::CPU()
                0x00000000c001884a                CPU::displayFeatures()
                0x00000000c001884c                CPU::detectFeatures()
                0x00000000c001923e                CPU::setupSMEP()
                0x00000000c001924a                CPU::setupUMIP()
                0x00000000c0019254                CPU::setupTSC()
                0x00000000c001925e                CPU::setupLargePages()
                0x00000000c0019268                CPU::setupPAT()
                0x00000000c00192a4                CPU::setupMTRR()
                0x00000000c00192a6                CPU::setupGlobalPages()
                0x00000000c00192b0                CPU::allowUsermodeDataAccess()
                0x00000000c00192c2                CPU::prohibitUsermodeDataAccess()
                0x00000000c00192d4                CPU::setupSMAP()
                0x00000000c00192e2                CPU::setupFeatures()
                0x00000000c0019362                CPU::open(int, int, void*)
                0x00000000c001942c                CPU::decodeAddress(regs*, int*, bool*, unsigned char*)
 .text          0x00000000c0019627        0x0 hw/ports.32
 .text          0x00000000c0019627      0x16a hw/smp.32
                0x00000000c0019627                Krnl::smpEntry()
                0x00000000c0019629                Krnl::startCPU(int)
                0x00000000c0019772                Krnl::startCPUs()
 *fill*         0x00000000c0019791        0x1 
 .text          0x00000000c0019792      0x581 krnl/env.32
                0x00000000c0019792                EnvVarContainer::getEnv(char const*)
                0x00000000c00197d0                EnvVarContainer::setEnv(char const*, char const*)
                0x00000000c0019892                EnvVarContainer::deleteEnv(char const*)
                0x00000000c0019894                EnvVarContainer::loadFrom(char const*, char const*)
                0x00000000c0019a7a                EnvVarContainer::__loadSystem()
                0x00000000c0019a94                EnvVarContainer::__loadUser()
                0x00000000c0019a96                EnvVarContainer::EnvVarContainer(Process*)
                0x00000000c0019a96                EnvVarContainer::EnvVarContainer(Process*)
                0x00000000c0019ab8                EnvVarContainer::~EnvVarContainer()
                0x00000000c0019ab8                EnvVarContainer::~EnvVarContainer()
                0x00000000c0019ae8                Krnl::getEnv(Process*, char const*)
                0x00000000c0019b4d                Krnl::setEnvSystem(char const*, char const*)
                0x00000000c0019b67                Krnl::setEnvUser(char const*, char const*)
                0x00000000c0019b86                Krnl::setEnvProcess(Process*, char const*, char const*)
                0x00000000c0019b99                Krnl::deleteEnvSystem(char const*)
                0x00000000c0019b9a                Krnl::deleteEnvUser(char const*)
                0x00000000c0019b9b                Krnl::deleteEnvProcess(Process*, char const*)
                0x00000000c0019b9c                Krnl::newProcessEnv(Process*)
                0x00000000c0019bbe                Krnl::copyProcessEnv(Process*, Process*)
                0x00000000c0019c0a                Krnl::loadSystemEnv()
                0x00000000c0019c38                Krnl::loadUserEnv()
                0x00000000c0019c5e                Krnl::flushEnv()
                0x00000000c0019c5f                Krnl::getProcessTotalEnvCount(Process*)
                0x00000000c0019c7f                Krnl::getProcessEnvPair(Process*, int)
 .text          0x00000000c0019d13      0x39c krnl/panic.32
                0x00000000c0019d13                Krnl::panic(char const*)
 .text          0x00000000c001a0af      0x57f net/ethernet.32
                0x00000000c001a0af                Net::switchEndian16(unsigned short)
                0x00000000c001a0d0                Net::switchEndian32(unsigned int)
                0x00000000c001a0ff                Net::crc32Calc(unsigned char*, int)
                0x00000000c001a190                Net::wrapEthernetFrame(Net::UnwrappedEthernetFrame, unsigned char*)
                0x00000000c001a3a3                Net::unwrapEthernetFrame(unsigned char*, int)
 .text          0x00000000c001a62e      0x50e reg/registry.32
                0x00000000c001a62e                Reg::findLineFromLoadedData(char*, char*, char*)
                0x00000000c001a786                Reg::getLineFromRegistry(char*, char*, char*, char*)
                0x00000000c001a8db                Reg::getLine(char*, char*, char*)
                0x00000000c001a912                Reg::readInt(char*, char*, int*)
                0x00000000c001a9fd                Reg::readString(char*, char*, char*, int)
                0x00000000c001aa7e                Reg::readBool(char*, char*, bool*)
                0x00000000c001aaa3                Reg::readBoolWithDefault(char*, char*, bool)
                0x00000000c001aacf                Reg::readIntWithDefault(char*, char*, int)
                0x00000000c001aafb                Reg::readStringWithDefault(char*, char*, char*, int, char*)
 .text          0x00000000c001ab3c       0x36 sys/sc_eject.32
                0x00000000c001ab3c                Sys::eject(regs*)
 .text          0x00000000c001ab72       0x18 sys/sc_exit.32
                0x00000000c001ab72                Sys::exit(regs*)
 .text          0x00000000c001ab8a       0x1f sys/sc_getcwd.32
                0x00000000c001ab8a                Sys::getCwd(regs*)
 .text          0x00000000c001aba9        0xc sys/sc_getpid.32
                0x00000000c001aba9                Sys::getPID(regs*)
 .text          0x00000000c001abb5       0x17 sys/sc_getramdata.32
                0x00000000c001abb5                Sys::getRAMData(regs*)
 .text          0x00000000c001abcc       0x84 sys/sc_getvgaptr.32
                0x00000000c001abcc                Sys::getVGAPtr(regs*)
 .text          0x00000000c001ac50       0xa8 sys/sc_loaddll.32
                0x00000000c001ac50                Sys::loadDLL(regs*)
 .text          0x00000000c001acf8       0x68 sys/sc_read.32
                0x00000000c001acf8                Sys::read(regs*)
 .text          0x00000000c001ad60       0x55 sys/sc_sbrk.32
                0x00000000c001ad60                Sys::sbrk(regs*)
 .text          0x00000000c001adb5       0x1c sys/sc_setcwd.32
                0x00000000c001adb5                Sys::setCwd(regs*)
 .text          0x00000000c001add1       0x95 sys/sc_settime.32
                0x00000000c001add1                Sys::setTime(regs*)
 .text          0x00000000c001ae66       0x4a sys/sc_timezone.32
                0x00000000c001ae66                Sys::timezone(regs*)
 .text          0x00000000c001aeb0       0x68 sys/sc_write.32
                0x00000000c001aeb0                Sys::write(regs*)
 .text          0x00000000c001af18       0x62 sys/sc_wsbe.32
                0x00000000c001af18                Sys::wsbe(regs*)
 .text          0x00000000c001af7a       0x46 sys/sc_yield.32
                0x00000000c001af7a                Sys::yield(regs*)
 .text          0x00000000c001afc0      0xf84 sys/syscalls.32
                0x00000000c001afc0                sysCallSeekDir(regs*)
                0x00000000c001afc5                sysCallTellDir(regs*)
                0x00000000c001afca                sysCallVerify(regs*)
                0x00000000c001afd4                sysCallGetArgc(regs*)
                0x00000000c001afe4                sysFormatDisk(regs*)
                0x00000000c001b04e                sysSetDiskVolumeLabel(regs*)
                0x00000000c001b094                sysGetDiskVolumeLabel(regs*)
                0x00000000c001b0e5                sysShutdown(regs*)
                0x00000000c001b143                sysCallRealpath(regs*)
                0x00000000c001b186                sysCallReadDir(regs*)
                0x00000000c001b205                sysCallIsATTY(regs*)
                0x00000000c001b25f                sysCallSeek(regs*)
                0x00000000c001b2b6                sysCallTell(regs*)
                0x00000000c001b322                sysCallSize(regs*)
                0x00000000c001b394                sysCallSizeFromFilename(regs*)
                0x00000000c001b443                sysCallClose(regs*)
                0x00000000c001b4a3                sysCallOpenDir(regs*)
                0x00000000c001b518                sysCallCloseDir(regs*)
                0x00000000c001b56c                sysCallMakeDir(regs*)
                0x00000000c001b5dc                sysCallWait(regs*)
                0x00000000c001b5f6                sysCallNotImpl(regs*)
                0x00000000c001b611                sysPanic(regs*)
                0x00000000c001b62b                sysCallRmdir(regs*)
                0x00000000c001b68f                sysCallUnlink(regs*)
                0x00000000c001b6f3                sysCallGetArgv(regs*)
                0x00000000c001b73f                sysCallTTYName(regs*)
                0x00000000c001b7c2                sysCallUSleep(regs*)
                0x00000000c001b7e9                sysCallSpawn(regs*)
                0x00000000c001b851                sysCallGetEnv(regs*)
                0x00000000c001b8fe                sysAppSettings(regs*)
                0x00000000c001ba12                sysSetFatAttrib(regs*)
                0x00000000c001ba84                sysPipe(regs*)
                0x00000000c001bac9                sysGetUnixTime(regs*)
                0x00000000c001badd                string_ends_with(char const*, char const*)
                0x00000000c001bb25                sysCallOpen(regs*)
                0x00000000c001bd0d                Sys::loadSyscalls()
                0x00000000c001bf02                Sys::systemCall(regs*, void*)
 .text          0x00000000c001bf44     0x11fd thr/elf.32
                0x00000000c001bf44                Thr::allocateMemoryForTask(Process*, File*, unsigned long, unsigned long, unsigned long)
                0x00000000c001c1ee                Thr::loadProgramIntoMemory(Process*, char const*)
                0x00000000c001c404                Thr::runtimeReferenceHelper()
                0x00000000c001c417                Thr::getAddressOfKernelSymbol(char const*)
                0x00000000c001c466                Thr::loadKernelSymbolTable(char const*)
                0x00000000c001c724                Thr::loadDriverIntoMemory(char const*, unsigned long, bool)
                0x00000000c001ce5a                Thr::getDriverBaseFromAddress(unsigned long)
                0x00000000c001ce8c                Thr::getDriverNameFromAddress(unsigned long)
                0x00000000c001cec3                Thr::getDriverOffsetFromAddress(unsigned long)
                0x00000000c001cedd                Thr::loadDLL(char const*, bool)
                0x00000000c001d108                Thr::executeDLL(unsigned long, void*)
 *fill*         0x00000000c001d141        0x1 
 .text          0x00000000c001d142     0x11ef thr/prcssthr.32
                0x00000000c001d142                userModeEntryPoint(void*)
                0x00000000c001d168                changeTSS
                0x00000000c001d198                switchToThread(ThreadControlBlock*)
                0x00000000c001d242                Process::addArgs(char**)
                0x00000000c001d29c                Process::Process(char const*, Process*, char**)
                0x00000000c001d29c                Process::Process(char const*, Process*, char**)
                0x00000000c001d480                Process::Process(bool, char const*, Process*, char**)
                0x00000000c001d480                Process::Process(bool, char const*, Process*, char**)
                0x00000000c001d62f                taskStartupFunction
                0x00000000c001d638                Semaphore::Semaphore(int)
                0x00000000c001d638                Semaphore::Semaphore(int)
                0x00000000c001d666                Mutex::Mutex()
                0x00000000c001d666                Mutex::Mutex()
                0x00000000c001d678                Process::createThread(void (*)(void*), void*, int)
                0x00000000c001d77e                Process::createUserThread()
                0x00000000c001d79a                setupMultitasking(void (*)())
                0x00000000c001d89d                schedule()
                0x00000000c001d922                Semaphore::tryAcquire()
                0x00000000c001d9de                Semaphore::assertLocked(char const*)
                0x00000000c001da4d                blockTaskWithSchedulerLockAlreadyHeld(TaskState)
                0x00000000c001da73                blockTask(TaskState)
                0x00000000c001daa0                waitTask(int, int*, int)
                0x00000000c001dae2                nanoSleepUntil(unsigned long long)
                0x00000000c001db77                nanoSleep(unsigned long long)
                0x00000000c001db8f                sleep(unsigned long long)
                0x00000000c001dbac                Semaphore::acquire()
                0x00000000c001dc4e                taskReturned
                0x00000000c001dc89                Thr::processFromPID(int)
                0x00000000c001dd20                unblockTask(ThreadControlBlock*)
                0x00000000c001ddb5                cleanupTerminatedTask(ThreadControlBlock*)
                0x00000000c001e05c                cleanerTaskFunction(void*)
                0x00000000c001e13d                terminateTask(int)
                0x00000000c001e1fc                Thr::terminateFromIRQ(int)
                0x00000000c001e208                Semaphore::release()
 .text          0x00000000c001e331      0xada vm86/vm8086.32
                0x00000000c001e331                Vm::inbv(unsigned short)
                0x00000000c001e344                Vm::outbv(unsigned short, unsigned char)
                0x00000000c001e37a                Vm::realToLinear(unsigned short, unsigned short)
                0x00000000c001e38a                Vm::getSegment(unsigned int)
                0x00000000c001e392                Vm::getOffset(unsigned int)
                0x00000000c001e397                Vm::mainloop2()
                0x00000000c001e3d1                Vm::mainVm8086Loop(void*)
                0x00000000c001e3e1                Vm::mainloop3(unsigned long)
                0x00000000c001e407                Vm::initialise8086()
                0x00000000c001e44a                Vm::finish8086()
                0x00000000c001e4ab                Vm::getOutput8086(unsigned char*)
                0x00000000c001e4d0                Vm::start8086(char const*, unsigned short, unsigned short, unsigned short, unsigned short)
                0x00000000c001e638                Vm::doISR(regs*, int, unsigned char*, unsigned short, unsigned short)
                0x00000000c001e6c2                Vm::readByteFromReal(unsigned short, unsigned short)
                0x00000000c001e6d3                Vm::readWordFromReal(unsigned short, unsigned short)
                0x00000000c001e6e5                Vm::readDwordFromReal(unsigned short, unsigned short)
                0x00000000c001e6f6                Vm::writeByteFromReal(unsigned short, unsigned short, unsigned char)
                0x00000000c001e70b                Vm::writeWordFromReal(unsigned short, unsigned short, unsigned short)
                0x00000000c001e721                Vm::writeDwordFromReal(unsigned short, unsigned short, unsigned int)
                0x00000000c001e736                Vm::faultHandler(regs*)
 .text          0x00000000c001ee0b      0xefd vm86/x87em.32
                0x00000000c001ee0b                Vm::fpuInternalTo32(unsigned long long)
                0x00000000c001ee66                Vm::fpuInternalTo64(unsigned long long)
                0x00000000c001ee6f                Vm::fpu32ToInternal(unsigned int)
                0x00000000c001eeb4                Vm::fpu64ToInternal(unsigned long long)
                0x00000000c001eebd                Vm::fpuFloatToLong(unsigned long long)
                0x00000000c001ef18                Vm::fpuULongToFloat(unsigned long long)
                0x00000000c001ef4e                Vm::fpuLongToFloat(long long)
                0x00000000c001efa4                Vm::fpuGet0()
                0x00000000c001efa9                Vm::fpuGet1()
                0x00000000c001efb1                Vm::fpuGetPi()
                0x00000000c001efb9                Vm::fpuGetLog2E()
                0x00000000c001efd1                Vm::fpuGetLogE2()
                0x00000000c001efe9                Vm::fpuGetLog210()
                0x00000000c001f001                Vm::fpuGetLog102()
                0x00000000c001f019                Vm::fpuIsSecondLarger(unsigned long long, unsigned long long)
                0x00000000c001f02d                Vm::fpuAreEqual(unsigned long long, unsigned long long)
                0x00000000c001f043                Vm::fpuUnorderedCompare(unsigned long long, unsigned long long)
                0x00000000c001f096                Vm::fpuAdd(unsigned long long, unsigned long long)
                0x00000000c001f0a7                Vm::fpuAbs(unsigned long long)
                0x00000000c001f0b0                Vm::fpuChs(unsigned long long)
                0x00000000c001f0c0                Vm::fpuSub(unsigned long long, unsigned long long)
                0x00000000c001f0cf                Vm::fpuMultiply(unsigned long long, unsigned long long)
                0x00000000c001f0ee                Vm::fpuDivide(unsigned long long, unsigned long long)
                0x00000000c001f10a                Vm::fpuSquare(unsigned long long)
                0x00000000c001f120                Vm::fpuGetReg(int)
                0x00000000c001f163                Vm::fpuSetReg(int, unsigned long long)
                0x00000000c001f1ae                Vm::fpuPush(unsigned long long)
                0x00000000c001f20b                Vm::fpuPop()
                0x00000000c001f25d                Vm::x87Handler(regs*)
 .text          0x00000000c001fd08     0x11c1 fs/fat/vfslink.32
                0x00000000c001fd08                FAT::getName()
                0x00000000c001fd0e                FAT::tell(void*, unsigned long long*)
                0x00000000c001fd42                FAT::stat(void*, unsigned long long*)
                0x00000000c001fd76                FAT::~FAT()
                0x00000000c001fd76                FAT::~FAT()
                0x00000000c001fd9a                FAT::~FAT()
                0x00000000c001fdc2                FAT::getlabel(LogicalDisk*, int, char*, unsigned int*)
                0x00000000c001fe60                FAT::setlabel(LogicalDisk*, int, char*)
                0x00000000c001ff1a                FAT::format(LogicalDisk*, int, char const*, int)
                0x00000000c00200d8                FAT::tryMount(LogicalDisk*, int)
                0x00000000c00202de                FAT::getFileFirstSector(char const*)
                0x00000000c0020384                FAT::readDir(void*, unsigned long, void*, int*)
                0x00000000c00204de                FAT::read(void*, unsigned long, void*, int*)
                0x00000000c0020538                FAT::write(void*, unsigned long, void*, int*)
                0x00000000c0020592                FAT::close(void*)
                0x00000000c00205de                FAT::closeDir(void*)
                0x00000000c002062a                FAT::seek(void*, unsigned long long)
                0x00000000c002067e                fatWrapperReadDisk
                0x00000000c00206c5                fatWrapperWriteDisk
                0x00000000c002070c                fatWrapperIoctl
                0x00000000c0020810                FAT::FAT()
                0x00000000c0020810                FAT::FAT()
                0x00000000c0020862                FAT::fixFilepath(char*)
                0x00000000c002089a                FAT::open(char const*, void**, FileOpenMode)
                0x00000000c00209c2                FAT::openDir(char const*, void**)
                0x00000000c0020a68                FAT::stat(char const*, unsigned long long*, bool*)
                0x00000000c0020b52                FAT::unlink(char const*)
                0x00000000c0020bcc                FAT::chfatattr(char const*, unsigned char, unsigned char)
                0x00000000c0020d20                FAT::rename(char const*, char const*)
                0x00000000c0020de4                FAT::mkdir(char const*)
                0x00000000c0020e5e                FAT::exists(char const*)
 *fill*         0x00000000c0020ec9        0x1 
 .text          0x00000000c0020eca      0xb75 fs/iso9660/vfslink.32
                0x00000000c0020eca                ISO9660::format(LogicalDisk*, int, char const*, int)
                0x00000000c0020ed0                ISO9660::seek(void*, unsigned long long)
                0x00000000c0020f00                ISO9660::tell(void*, unsigned long long*)
                0x00000000c0020f24                ISO9660::getName()
                0x00000000c0020f2a                ISO9660::stat(void*, unsigned long long*)
                0x00000000c0020f4e                ISO9660::chfatattr(char const*, unsigned char, unsigned char)
                0x00000000c0020f54                ISO9660::unlink(char const*)
                0x00000000c0020f5a                ISO9660::write(void*, unsigned long, void*, int*)
                0x00000000c0020f60                ISO9660::rename(char const*, char const*)
                0x00000000c0020f66                ISO9660::mkdir(char const*)
                0x00000000c0020f6c                ISO9660::close(void*)
                0x00000000c0020f8e                ISO9660::closeDir(void*)
                0x00000000c0020fb0                ISO9660::~ISO9660()
                0x00000000c0020fb0                ISO9660::~ISO9660()
                0x00000000c0020fd4                ISO9660::~ISO9660()
                0x00000000c0020ffb                __memmem(unsigned char*, int, unsigned char*, int)
                0x00000000c002103d                readSectorFromCDROM(unsigned int, unsigned char*, char)
                0x00000000c0021098                ISO9660::tryMount(LogicalDisk*, int)
                0x00000000c00210e8                ISO9660::read(void*, unsigned long, void*, int*)
                0x00000000c00212ec                ISO9660::readDir(void*, unsigned long, void*, int*)
                0x00000000c0021566                readRoot(unsigned int*, unsigned int*, char)
                0x00000000c00215ba                readRecursively(char*, unsigned int, unsigned int, unsigned int*, unsigned int*, char, int*)
                0x00000000c002178d                getFileData(char*, unsigned int*, unsigned int*, char, int*)
                0x00000000c002181c                ISO9660::open(char const*, void**, FileOpenMode)
                0x00000000c00218ca                ISO9660::exists(char const*)
                0x00000000c00218ee                ISO9660::stat(char const*, unsigned long long*, bool*)
                0x00000000c0021982                ISO9660::openDir(char const*, void**)
                0x00000000c0021a1c                ISO9660::ISO9660()
                0x00000000c0021a1c                ISO9660::ISO9660()
 *fill*         0x00000000c0021a3f        0x1 
 .text          0x00000000c0021a40      0x396 hal/sound/sndchannel.32
                0x00000000c0021a40                SoundChannel::SoundChannel(int, int, int, int)
                0x00000000c0021a40                SoundChannel::SoundChannel(int, int, int, int)
                0x00000000c0021b6a                SoundChannel::~SoundChannel()
                0x00000000c0021b6a                SoundChannel::~SoundChannel()
                0x00000000c0021b86                SoundChannel::getSampleRate()
                0x00000000c0021b8e                SoundChannel::getBits()
                0x00000000c0021b96                SoundChannel::getBufferUsed()
                0x00000000c0021b9e                SoundChannel::getBufferSize()
                0x00000000c0021ba6                SoundChannel::unbuffer(float*, int, int)
                0x00000000c0021c3a                SoundChannel::buffer16(short*, int)
                0x00000000c0021d36                SoundChannel::buffer8(unsigned char*, int)
 .text          0x00000000c0021dd6      0x43e hal/sound/sndhw.32
                0x00000000c0021dd6                SoundDevice::SoundDevice(char const*)
                0x00000000c0021dd6                SoundDevice::SoundDevice(char const*)
                0x00000000c0021e42                SoundDevice::~SoundDevice()
                0x00000000c0021e42                SoundDevice::~SoundDevice()
                0x00000000c0021ebc                SoundDevice::~SoundDevice()
                0x00000000c0021ee6                SoundDevice::getFreeChannelNum()
                0x00000000c0021f00                SoundDevice::addChannel(SoundChannel*)
                0x00000000c0021f70                SoundDevice::removeChannel(int)
                0x00000000c0021fa2                SoundDevice::floatTo16(float*, short*, int)
                0x00000000c0022090                SoundDevice::floatTo8(float*, unsigned char*, int)
                0x00000000c0022178                SoundDevice::getAudio(int, float*, float*)
 .text          0x00000000c0022214        0x0 hw/bus/isa.32
 .text          0x00000000c0022214      0xb87 hw/bus/pci.32
                0x00000000c0022214                PCI::open(int, int, void*)
                0x00000000c0022232                PCI::close(int, int, void*)
                0x00000000c0022236                PCI::PCI()
                0x00000000c0022236                PCI::PCI()
                0x00000000c00222cc                PCI::readBAR8(unsigned int, int)
                0x00000000c00222e8                PCI::readBAR16(unsigned int, int)
                0x00000000c0022306                PCI::readBAR32(unsigned int, int)
                0x00000000c0022322                PCI::writeBAR8(unsigned int, unsigned char, int)
                0x00000000c0022342                PCI::writeBAR16(unsigned int, unsigned short, int)
                0x00000000c0022364                PCI::writeBAR32(unsigned int, unsigned int, int)
                0x00000000c0022384                PCI::legacyMechanism(unsigned char, unsigned char, unsigned char, unsigned char)
                0x00000000c00223f2                PCI::pciReadWord(unsigned char, unsigned char, unsigned char, unsigned char)
                0x00000000c002249a                PCI::getVendorID(unsigned char, unsigned char, unsigned char)
                0x00000000c00224be                PCI::getHeaderType(unsigned char, unsigned char, unsigned char)
                0x00000000c00224e6                PCI::getClassCode(unsigned char, unsigned char, unsigned char)
                0x00000000c0022530                PCI::getProgIF(unsigned char, unsigned char, unsigned char)
                0x00000000c0022558                PCI::getRevisionID(unsigned char, unsigned char, unsigned char)
                0x00000000c002257c                PCI::getInterruptNumber(unsigned char, unsigned char, unsigned char)
                0x00000000c00225a0                PCI::getSecondaryBus(unsigned char, unsigned char, unsigned char)
                0x00000000c00225c8                PCI::getBARAddress(unsigned char, unsigned char, unsigned char, unsigned char)
                0x00000000c002262c                PCI::pciWriteWord(unsigned char, unsigned char, unsigned char, unsigned char, unsigned short)
                0x00000000c0022714                PCI::pciDetailsToFilepath(PCIDeviceInfo, char*)
                0x00000000c002298e                PCI::checkBus(unsigned char)
                0x00000000c00229b2                PCI::foundDevice(PCIDeviceInfo)
                0x00000000c0022b24                PCI::getDeviceData(unsigned char, unsigned char, unsigned char)
                0x00000000c0022cdc                PCI::checkDevice(unsigned char, unsigned char)
                0x00000000c0022d48                PCI::detect()
 *fill*         0x00000000c0022d9b        0x1 
 .text          0x00000000c0022d9c      0xb54 hw/diskctrl/ide.32
                0x00000000c0022d9c                IDE::close(int, int, void*)
                0x00000000c0022da0                IDE::IDE()
                0x00000000c0022da0                IDE::IDE()
                0x00000000c0022dd4                IDE::prepareInterrupt(unsigned char)
                0x00000000c0022de6                selectDrive(unsigned char, unsigned char)
                0x00000000c0022de8                IDE::getBase(unsigned char)
                0x00000000c0022dfa                IDE::write(unsigned char, unsigned char, unsigned char)
                0x00000000c0022eba                IDE::read(unsigned char, unsigned char)
                0x00000000c0022f68                IDE::waitInterrupt(unsigned char)
                0x00000000c0022fce                ideChannel0IRQHandler(regs*, void*)
                0x00000000c0022fea                ideChannel1IRQHandler(regs*, void*)
                0x00000000c0023006                IDE::enableIRQs(unsigned char, bool)
                0x00000000c002304c                IDE::open(int, int, void*)
                0x00000000c002345a                IDE::readBuffer(unsigned char, unsigned char, unsigned int, unsigned int)
                0x00000000c0023526                IDE::detect()
                0x00000000c00237ec                IDE::printError(unsigned char, unsigned char, unsigned char)
                0x00000000c002389c                IDE::polling(unsigned char, unsigned int)
 .text          0x00000000c00238f0      0x336 hw/diskctrl/satabus.32
                0x00000000c00238f0                SATABus::close(int, int, void*)
                0x00000000c00238f4                SATABus::detect()
                0x00000000c00238f6                SATABus::SATABus()
                0x00000000c00238f6                SATABus::SATABus()
                0x00000000c002397c                SATABus::findCmdslot(SATABus::tagHBA_PORT volatile*)
                0x00000000c00239c4                SATABus::checkType(SATABus::tagHBA_PORT volatile*)
                0x00000000c0023a0c                SATABus::startCmd(SATABus::tagHBA_PORT volatile*)
                0x00000000c0023a2c                SATABus::stopCmd(SATABus::tagHBA_PORT volatile*)
                0x00000000c0023a56                SATABus::portRebase(SATABus::tagHBA_PORT volatile*, int)
                0x00000000c0023b5c                SATABus::probePort(SATABus::tagHBA_MEM volatile*)
                0x00000000c0023c06                SATABus::open(int, int, void*)
 .text          0x00000000c0023c26      0x604 hw/diskphys/ata.32
                0x00000000c0023c26                ATA::close(int, int, void*)
                0x00000000c0023c4a                ATA::powerSaving(PowerSavingLevel)
                0x00000000c0023c4c                ATA::ATA()
                0x00000000c0023c4c                ATA::ATA()
                0x00000000c0023c7a                ATA::flush(bool)
                0x00000000c0023cc4                ATA::readyForCommand()
                0x00000000c0023d14                ATA::access(unsigned long long, int, void*, bool)
                0x00000000c002409c                ATA::read(unsigned long long, int, void*)
                0x00000000c00240e8                ATA::write(unsigned long long, int, void*)
                0x00000000c0024134                ATA::detectCHS()
                0x00000000c002415e                ATA::open(int, int, void*)
 .text          0x00000000c002422a      0x5bd hw/diskphys/atapi.32
                0x00000000c002422a                ATAPI::write(unsigned long long, int, void*)
                0x00000000c0024230                ATAPI::close(int, int, void*)
                0x00000000c0024254                ATAPI::ATAPI()
                0x00000000c0024254                ATAPI::ATAPI()
                0x00000000c0024282                ATAPI::readyForCommand()
                0x00000000c00242d2                ATAPI::sendPacket(unsigned char*, int, bool, unsigned short*, int)
                0x00000000c0024592                ATAPI::diskRemoved()
                0x00000000c00245ae                ATAPI::eject()
                0x00000000c00245f6                ATAPI::diskInserted()
                0x00000000c0024624                ATAPI::detectMedia()
                0x00000000c00246e0                ATAPI::open(int, int, void*)
                0x00000000c0024768                ATAPI::read(unsigned long long, int, void*)
 *fill*         0x00000000c00247e7        0x1 
 .text          0x00000000c00247e8      0x41c hw/diskphys/sata.32
                0x00000000c00247e8                SATA::close(int, int, void*)
                0x00000000c002480c                SATA::powerSaving(PowerSavingLevel)
                0x00000000c002480e                SATA::open(int, int, void*)
                0x00000000c00248b8                SATA::SATA()
                0x00000000c00248b8                SATA::SATA()
                0x00000000c00248e6                SATA::access(unsigned long long, int, void*, bool)
                0x00000000c0024b4c                SATA::read(unsigned long long, int, void*)
                0x00000000c0024b98                SATA::write(unsigned long long, int, void*)
 .text          0x00000000c0024c04      0x4fe hw/diskphys/satapi.32
                0x00000000c0024c04                SATAPI::write(unsigned long long, int, void*)
                0x00000000c0024c0a                SATAPI::close(int, int, void*)
                0x00000000c0024c2e                SATAPI::SATAPI()
                0x00000000c0024c2e                SATAPI::SATAPI()
                0x00000000c0024c5c                SATAPI::diskRemoved()
                0x00000000c0024c78                SATAPI::diskInserted()
                0x00000000c0024ca6                SATAPI::sendPacket(unsigned char*, int, unsigned long long, unsigned short*, int)
                0x00000000c0024eae                SATAPI::eject()
                0x00000000c0024ef6                SATAPI::detectMedia()
                0x00000000c0024fb8                SATAPI::open(int, int, void*)
                0x00000000c0025060                SATAPI::read(unsigned long long, int, void*)
 .text          0x00000000c0025102       0x8e hw/fpu/avx.32
                0x00000000c0025102                AVX::open(int, int, void*)
                0x00000000c0025114                AVX::close(int, int, void*)
                0x00000000c0025126                AVX::available()
                0x00000000c0025138                AVX::save(void*)
                0x00000000c0025150                AVX::load(void*)
                0x00000000c0025168                AVX::AVX()
                0x00000000c0025168                AVX::AVX()
 .text          0x00000000c0025190       0x90 hw/fpu/mmx.32
                0x00000000c0025190                MMX::available()
                0x00000000c00251a4                MMX::open(int, int, void*)
                0x00000000c00251b6                MMX::close(int, int, void*)
                0x00000000c00251c8                MMX::save(void*)
                0x00000000c00251e0                MMX::load(void*)
                0x00000000c00251f8                MMX::MMX()
                0x00000000c00251f8                MMX::MMX()
 .text          0x00000000c0025220       0x96 hw/fpu/sse.32
                0x00000000c0025220                SSE::open(int, int, void*)
                0x00000000c0025232                SSE::close(int, int, void*)
                0x00000000c0025244                SSE::available()
                0x00000000c002525e                SSE::save(void*)
                0x00000000c0025276                SSE::load(void*)
                0x00000000c002528e                SSE::SSE()
                0x00000000c002528e                SSE::SSE()
 .text          0x00000000c00252b6       0x8e hw/fpu/x87.32
                0x00000000c00252b6                x87::open(int, int, void*)
                0x00000000c00252c8                x87::close(int, int, void*)
                0x00000000c00252da                x87::available()
                0x00000000c00252ec                x87::save(void*)
                0x00000000c0025304                x87::load(void*)
                0x00000000c002531c                x87::x87()
                0x00000000c002531c                x87::x87()
 .text          0x00000000c0025344      0x71e hw/intctrl/apic.32
                0x00000000c0025344                APIC::disable()
                0x00000000c0025346                APIC::close(int, int, void*)
                0x00000000c0025368                IOAPIC::close(int, int, void*)
                0x00000000c002536e                APIC::io_wait()
                0x00000000c0025374                APIC::getBase()
                0x00000000c00253b6                APIC::eoi(unsigned char)
                0x00000000c00253e4                APIC::open(int, int, void*)
                0x00000000c0025532                IOAPIC::IOAPIC()
                0x00000000c0025532                IOAPIC::IOAPIC()
                0x00000000c002555a                APIC::APIC()
                0x00000000c002555a                APIC::APIC()
                0x00000000c0025636                IOAPIC::handlesGSIWithNumber(unsigned int)
                0x00000000c0025668                IOAPIC::read(int)
                0x00000000c0025690                IOAPIC::open(int, int, void*)
                0x00000000c0025786                IOAPIC::write(int, int)
                0x00000000c00257b2                IOAPIC::redirect(unsigned char, unsigned long long, unsigned char, bool, bool)
                0x00000000c00258ac                APIC::installIRQHandler(int, void (*)(regs*, void*), bool, void*)
 .text          0x00000000c0025a62      0x3d3 hw/intctrl/pic.32
                0x00000000c0025a62                PIC::disable()
                0x00000000c0025a90                PIC::close(int, int, void*)
                0x00000000c0025ab2                PIC::PIC()
                0x00000000c0025ab2                PIC::PIC()
                0x00000000c0025b88                PIC::ioWait()
                0x00000000c0025b8e                PIC::getIRQReg(int)
                0x00000000c0025bf8                PIC::eoi(unsigned char)
                0x00000000c0025c8a                PIC::remap()
                0x00000000c0025df6                PIC::open(int, int, void*)
 *fill*         0x00000000c0025e35        0x1 
 .text          0x00000000c0025e36      0x25e hw/timer/apictimer.32
                0x00000000c0025e36                APICTimer::close(int, int, void*)
                0x00000000c0025e3c                apicTimerHandler(regs*, void*)
                0x00000000c0025e6a                APICTimer::write(int)
                0x00000000c0025f6e                APICTimer::open(int, int, void*)
                0x00000000c002606c                APICTimer::APICTimer()
                0x00000000c002606c                APICTimer::APICTimer()
 .text          0x00000000c0026094      0x1a7 hw/timer/pit.32
                0x00000000c0026094                PIT::write(int)
                0x00000000c0026112                pitHandler(regs*, void*)
                0x00000000c002613e                PIT::open(int, int, void*)
                0x00000000c002618c                PIT::close(int, int, void*)
                0x00000000c00261bc                PIT::PIT()
                0x00000000c00261bc                PIT::PIT()
 *fill*         0x00000000c002623b        0x5 
 .text          0x00000000c0026240       0x1e hw/fpu/x86/avx.32
                0x00000000c0026240                avxDetect
                0x00000000c0026246                avxSave
                0x00000000c0026247                avxLoad
                0x00000000c0026248                avxInit
                0x00000000c0026249                avxClose
                0x00000000c002624a                wouldSheSayYes
 *fill*         0x00000000c002625e        0x2 
 .text          0x00000000c0026260       0x35 hw/fpu/x86/sse.32
                0x00000000c0026260                absolutelyNoChanceInHell
                0x00000000c0026260                sseDetect
                0x00000000c0026278                sseSave
                0x00000000c002627e                sseLoad
                0x00000000c0026284                sseInit
                0x00000000c0026294                sseClose
 *fill*         0x00000000c0026295        0xb 
 .text          0x00000000c00262a0       0x4d hw/fpu/x86/x87.32
                0x00000000c00262a6                x87Detect
                0x00000000c00262c1                x87Save
                0x00000000c00262ca                x87Load
                0x00000000c00262d2                x87Init
                0x00000000c00262ec                x87Close
 *fill*         0x00000000c00262ed        0x3 
 .text          0x00000000c00262f0       0x25 /cygdrive/d/Users/Alex/Desktop/Toolchain/Output/bin/../lib/gcc/i386-banana/8.1.0/crtend.o
 .text          0x00000000c0026315        0x0 crtn.32
 *fill*         0x00000000c0026315        0x3 
 .text          0x00000000c0026318      0x14b /cygdrive/d/Users/Alex/Desktop/Toolchain/Output/bin/../lib/gcc/i386-banana/8.1.0/libkgcc.a(_divdi3.o)
                0x00000000c0026318                __divdi3
 *fill*         0x00000000c0026463        0x1 
 .text          0x00000000c0026464      0x17e /cygdrive/d/Users/Alex/Desktop/Toolchain/Output/bin/../lib/gcc/i386-banana/8.1.0/libkgcc.a(_moddi3.o)
                0x00000000c0026464                __moddi3
 *fill*         0x00000000c00265e2        0x2 
 .text          0x00000000c00265e4       0xff /cygdrive/d/Users/Alex/Desktop/Toolchain/Output/bin/../lib/gcc/i386-banana/8.1.0/libkgcc.a(_udivdi3.o)
                0x00000000c00265e4                __udivdi3
 *fill*         0x00000000c00266e3        0x1 
 .text          0x00000000c00266e4      0x11a /cygdrive/d/Users/Alex/Desktop/Toolchain/Output/bin/../lib/gcc/i386-banana/8.1.0/libkgcc.a(_umoddi3.o)
                0x00000000c00266e4                __umoddi3
 .text          0x00000000c00267fe      0x96d D:/Users/Alex/Desktop/Banana/kernel/libsoftfp.a(sfieeelib.o)
                0x00000000c00267fe                __addsf3
                0x00000000c0026b00                __subsf3
                0x00000000c0026b14                __negsf2
                0x00000000c0026b21                __mulsf3
                0x00000000c0026ce4                __divsf3
                0x00000000c0026f0f                __floatsisf
                0x00000000c0026f83                __floatunsisf
                0x00000000c0026fc5                __fixsfsi
                0x00000000c0027027                __fixunssfsi
                0x00000000c0027058                __cmpsf2
                0x00000000c00270ed                __eqsf2
                0x00000000c0027128                __nesf2
                0x00000000c002712a                __gtsf2
                0x00000000c0027165                __gesf2
                0x00000000c0027167                __ltsf2
                0x00000000c0027169                __lesf2
 .text          0x00000000c002716b      0xf50 D:/Users/Alex/Desktop/Banana/kernel/libsoftfp.a(dfieeelib.o)
                0x00000000c002716b                __adddf3
                0x00000000c00277bc                __subdf3