Archive member included to satisfy reference by file (symbol)

/cygdrive/d/Users/Alex/Desktop/Toolchain/Output/bin/../lib/gcc/i386-banana/8.1.0/libkgcc.a(_divdi3.o)
                              fs/fat/ff.32 (__divdi3)
/cygdrive/d/Users/Alex/Desktop/Toolchain/Output/bin/../lib/gcc/i386-banana/8.1.0/libkgcc.a(_moddi3.o)
                              compat/resolve.32 (__moddi3)
/cygdrive/d/Users/Alex/Desktop/Toolchain/Output/bin/../lib/gcc/i386-banana/8.1.0/libkgcc.a(_udivdi3.o)
                              fs/fat/ff.32 (__udivdi3)
/cygdrive/d/Users/Alex/Desktop/Toolchain/Output/bin/../lib/gcc/i386-banana/8.1.0/libkgcc.a(_umoddi3.o)
                              compat/resolve.32 (__umoddi3)

Discarded input sections

 .comment       0x0000000000000000       0x12 /cygdrive/d/Users/Alex/Desktop/Toolchain/Output/bin/../lib/gcc/i386-banana/8.1.0/crtbegin.o
 .comment       0x0000000000000000       0x12 acpica/utclib.32
 .comment       0x0000000000000000       0x12 core/malloc.32
 .comment       0x0000000000000000       0x12 libk/string.32
 .comment       0x0000000000000000       0x12 fs/fat/diskio.32
 .comment       0x0000000000000000       0x12 fs/fat/ff.32
 .comment       0x0000000000000000       0x12 fs/fat/ffsystem.32
 .comment       0x0000000000000000       0x12 fs/fat/ffunicode.32
 .comment       0x0000000000000000       0x12 compat/inlines.32
 .comment       0x0000000000000000       0x12 compat/resolve.32
 .group         0x0000000000000000       0x14 core/computer.32
 .group         0x0000000000000000        0xc core/computer.32
 .comment       0x0000000000000000       0x12 core/computer.32
 .comment       0x0000000000000000       0x12 core/gdt.32
 .group         0x0000000000000000        0xc core/idle.32
 .comment       0x0000000000000000       0x12 core/idle.32
 .comment       0x0000000000000000       0x12 core/idt.32
 .comment       0x0000000000000000       0x12 core/kheap.32
 .comment       0x0000000000000000       0x12 core/main.32
 .comment       0x0000000000000000       0x12 core/physmgr.32
 .group         0x0000000000000000        0xc core/pipe.32
 .comment       0x0000000000000000       0x12 core/pipe.32
 .group         0x0000000000000000        0xc core/terminal.32
 .comment       0x0000000000000000       0x12 core/terminal.32
 .comment       0x0000000000000000       0x12 core/tss.32
 .group         0x0000000000000000        0x8 core/unixfile.32
 .group         0x0000000000000000        0x8 core/unixfile.32
 .group         0x0000000000000000        0xc core/unixfile.32
 .group         0x0000000000000000        0x8 core/unixfile.32
 .group         0x0000000000000000        0xc core/unixfile.32
 .group         0x0000000000000000        0x8 core/unixfile.32
 .group         0x0000000000000000        0xc core/unixfile.32
 .group         0x0000000000000000        0xc core/unixfile.32
 .comment       0x0000000000000000       0x12 core/unixfile.32
 .comment       0x0000000000000000       0x12 core/virtmgr.32
 .comment       0x0000000000000000       0x12 coreobjs/c++.32
 .comment       0x0000000000000000       0x12 dbg/kconsole.32
 .group         0x0000000000000000        0xc fs/vfs.32
 .group         0x0000000000000000        0xc fs/vfs.32
 .group         0x0000000000000000        0xc fs/vfs.32
 .comment       0x0000000000000000       0x12 fs/vfs.32
 .group         0x0000000000000000        0xc hal/bus.32
 .comment       0x0000000000000000       0x12 hal/bus.32
 .group         0x0000000000000000        0xc hal/buzzer.32
 .comment       0x0000000000000000       0x12 hal/buzzer.32
 .group         0x0000000000000000        0xc hal/clock.32
 .comment       0x0000000000000000       0x12 hal/clock.32
 .group         0x0000000000000000       0x14 hal/device.32
 .group         0x0000000000000000        0xc hal/device.32
 .group         0x0000000000000000        0x8 hal/device.32
 .group         0x0000000000000000        0xc hal/device.32
 .group         0x0000000000000000        0xc hal/device.32
 .comment       0x0000000000000000       0x12 hal/device.32
 .group         0x0000000000000000        0xc hal/diskctrl.32
 .comment       0x0000000000000000       0x12 hal/diskctrl.32
 .group         0x0000000000000000        0xc hal/diskphys.32
 .comment       0x0000000000000000       0x12 hal/diskphys.32
 .group         0x0000000000000000        0xc hal/fpu.32
 .comment       0x0000000000000000       0x12 hal/fpu.32
 .group         0x0000000000000000        0xc hal/intctrl.32
 .comment       0x0000000000000000       0x12 hal/intctrl.32
 .group         0x0000000000000000        0xc hal/keybrd.32
 .comment       0x0000000000000000       0x12 hal/keybrd.32
 .group         0x0000000000000000        0xc hal/logidisk.32
 .comment       0x0000000000000000       0x12 hal/logidisk.32
 .group         0x0000000000000000        0xc hal/mouse.32
 .comment       0x0000000000000000       0x12 hal/mouse.32
 .comment       0x0000000000000000       0x12 hal/partition.32
 .group         0x0000000000000000        0xc hal/serial.32
[...]
Memory Configuration

Name             Origin             Length             Attributes
*default*        0x0000000000000000 0xffffffffffffffff

Linker script and memory map

LOAD D:/Users/Alex/Desktop/Banana/kernel/boot.32
LOAD crti.32
LOAD /cygdrive/d/Users/Alex/Desktop/Toolchain/Output/bin/../lib/gcc/i386-banana/8.1.0/crtbegin.o
LOAD D:/Users/Alex/Desktop/Banana/kernel/morenasm.32
LOAD acpica/utclib.32
LOAD core/malloc.32
LOAD libk/string.32
LOAD fs/fat/diskio.32
LOAD fs/fat/ff.32
LOAD fs/fat/ffsystem.32
LOAD fs/fat/ffunicode.32
LOAD compat/inlines.32
LOAD compat/resolve.32
LOAD core/computer.32
LOAD core/gdt.32
LOAD core/idle.32
LOAD core/idt.32
LOAD core/kheap.32
LOAD core/main.32
LOAD core/physmgr.32
LOAD core/pipe.32
LOAD core/terminal.32
LOAD core/tss.32
LOAD core/unixfile.32
LOAD core/virtmgr.32
LOAD coreobjs/c++.32
LOAD dbg/kconsole.32
LOAD fs/vfs.32
LOAD hal/bus.32
LOAD hal/buzzer.32
LOAD hal/clock.32
LOAD hal/device.32
LOAD hal/diskctrl.32
LOAD hal/diskphys.32
LOAD hal/fpu.32
LOAD hal/intctrl.32
LOAD hal/keybrd.32
LOAD hal/logidisk.32
LOAD hal/mouse.32
LOAD hal/partition.32
LOAD hal/serial.32
LOAD hal/timer.32
LOAD hal/vcache.32
LOAD hal/video.32
LOAD hw/acpi.32
LOAD hw/cpu.32
LOAD hw/ports.32
LOAD hw/smp.32
LOAD krnl/env.32
LOAD krnl/panic.32
LOAD net/ethernet.32
LOAD reg/registry.32
LOAD sys/sc_eject.32
LOAD sys/sc_exit.32
LOAD sys/sc_getcwd.32
LOAD sys/sc_getpid.32
LOAD sys/sc_getramdata.32
LOAD sys/sc_getvgaptr.32
LOAD sys/sc_loaddll.32
LOAD sys/sc_read.32
LOAD sys/sc_sbrk.32
LOAD sys/sc_setcwd.32
LOAD sys/sc_settime.32
LOAD sys/sc_timezone.32
LOAD sys/sc_write.32
LOAD sys/sc_wsbe.32
LOAD sys/sc_yield.32
LOAD sys/syscalls.32
LOAD thr/elf.32
LOAD thr/prcssthr.32
LOAD vm86/vm8086.32
LOAD vm86/x87em.32
LOAD fs/fat/vfslink.32
LOAD fs/iso9660/vfslink.32
LOAD hal/sound/sndcard.32
LOAD hal/sound/sndport.32
LOAD hw/bus/isa.32
LOAD hw/bus/pci.32
LOAD hw/diskctrl/ide.32
LOAD hw/diskctrl/satabus.32
LOAD hw/diskphys/ata.32
LOAD hw/diskphys/atapi.32
LOAD hw/diskphys/sata.32
LOAD hw/diskphys/satapi.32
LOAD hw/fpu/avx.32
LOAD hw/fpu/mmx.32
LOAD hw/fpu/sse.32
LOAD hw/fpu/x87.32
LOAD hw/intctrl/apic.32
LOAD hw/intctrl/pic.32
LOAD hw/timer/apictimer.32
LOAD hw/timer/pit.32
LOAD hw/fpu/x86/avx.32
LOAD hw/fpu/x86/sse.32
LOAD hw/fpu/x86/x87.32
LOAD /cygdrive/d/Users/Alex/Desktop/Toolchain/Output/bin/../lib/gcc/i386-banana/8.1.0/crtend.o
LOAD crtn.32
LOAD /cygdrive/d/Users/Alex/Desktop/Toolchain/Output/bin/../lib/gcc/i386-banana/8.1.0/libkgcc.a
LOAD D:/Users/Alex/Desktop/Banana/kernel/libsoftfp.a
LOAD D:/Users/Alex/Desktop/Banana/kernel/libk/libm32.a
                0x00000000c0000000                . = 0xc0000000

.text           0x00000000c0000000    0x2108e
 *(.text)
 .text          0x00000000c0000000       0x41 D:/Users/Alex/Desktop/Banana/kernel/boot.32
                0x00000000c0000020                callGlobalConstructors
 .text          0x00000000c0000041        0x0 crti.32
 *fill*         0x00000000c0000041        0x3 
 .text          0x00000000c0000044      0x101 /cygdrive/d/Users/Alex/Desktop/Toolchain/Output/bin/../lib/gcc/i386-banana/8.1.0/crtbegin.o
 *fill*         0x00000000c0000145        0xb 
 .text          0x00000000c0000150      0x430 D:/Users/Alex/Desktop/Banana/kernel/morenasm.32
                0x00000000c0000150                manualPCIProbe
                0x00000000c000019b                prepareTramp
                0x00000000c00001b4                doTPAUSE
                0x00000000c00001be                hasLegacyFPU
                0x00000000c00001e3                is486
                0x00000000c0000219                detectCPUID
                0x00000000c000022f                goToVM86
                0x00000000c000025f                goToUsermode
                0x00000000c0000289                switchToThreadASMFirstTime
                0x00000000c0000297                switchToThreadASM
                0x00000000c0000327                asmQuickAcquireLock
                0x00000000c0000345                asmQuickReleaseLock
                0x00000000c0000351                asmAcquireLock
                0x00000000c0000372                asmReleaseLock
                0x00000000c0000385                loadGDT
                0x00000000c00003a5                isr0
                0x00000000c00003b5                isr1
                0x00000000c00003bf                isr2
                0x00000000c00003c9                isr3
                0x00000000c00003d3                isr4
                0x00000000c00003dd                isr5
                0x00000000c00003e7                isr6
                0x00000000c00003f1                isr7
                0x00000000c00003fb                isr8
                0x00000000c0000403                isr9
                0x00000000c000040d                isr10
                0x00000000c0000415                isr11
                0x00000000c000041d                isr12
                0x00000000c0000425                isr13
                0x00000000c000042d                isr14
                0x00000000c0000435                isr15
                0x00000000c000043f                isr16
                0x00000000c0000449                isr17
                0x00000000c0000453                isr18
                0x00000000c000045d                irq3
                0x00000000c0000467                irq4
                0x00000000c0000471                irq5
                0x00000000c000047b                irq6
                0x00000000c0000485                irq7
                0x00000000c000048f                irq8
                0x00000000c0000499                irq9
                0x00000000c00004a3                irq10
                0x00000000c00004ad                irq11
                0x00000000c00004b7                irq12
                0x00000000c00004c1                irq13
                0x00000000c00004cb                irq14
                0x00000000c00004d5                irq15
                0x00000000c00004df                irq1
                0x00000000c00004e6                irq2
                0x00000000c00004ed                isr96
                0x00000000c00004f4                irq0
                0x00000000c00004f9                int_common_stub
                0x00000000c00004f9                syscall_common_stub
                0x00000000c000052b                irq16
                0x00000000c0000535                irq17
                0x00000000c000053f                irq18
                0x00000000c0000549                irq19
                0x00000000c0000553                irq20
                0x00000000c000055d                irq21
                0x00000000c0000567                irq22
                0x00000000c0000571                irq23
                0x00000000c000057b                memcpy
 .text          0x00000000c0000580      0x5dd acpica/utclib.32
                0x00000000c0000580                memcmp
                0x00000000c00005bc                memmove
                0x00000000c0000684                memset
                0x00000000c00006a0                strlen
                0x00000000c00006b8                strpbrk
                0x00000000c00006f4                strtok
                0x00000000c0000740                strcpy
                0x00000000c0000764                strncpy
                0x00000000c00007cc                strcmp
                0x00000000c000080c                strchr
                0x00000000c0000830                strncmp
                0x00000000c0000880                strcat
                0x00000000c00008b0                strncat
                0x00000000c00008ec                strstr
                0x00000000c0000934                toupper
                0x00000000c0000948                tolower
                0x00000000c000095c                simple_strtoul
 .text          0x00000000c0000b5d      0xfad core/malloc.32
                0x00000000c0000cc8                dlfree
                0x00000000c0001023                dlmalloc
                0x00000000c0001560                dlrealloc
                0x00000000c0001703                dlmemalign
                0x00000000c0001826                dlcalloc
                0x00000000c00018c0                dlcfree
                0x00000000c00018c5                dlindependent_calloc
                0x00000000c00018ea                dlindependent_comalloc
                0x00000000c0001901                dlvalloc
                0x00000000c000192c                dlpvalloc
                0x00000000c0001962                dlmalloc_trim
                0x00000000c000196f                dlmalloc_usable_size
                0x00000000c00019a0                dlmallinfo
                0x00000000c0001a6f                dlmalloc_stats
                0x00000000c0001a80                dlmallopt
 .text          0x00000000c0001b0a        0x0 libk/string.32
 .text          0x00000000c0001b0a       0x51 fs/fat/diskio.32
                0x00000000c0001b0a                disk_status
                0x00000000c0001b0d                disk_initialize
                0x00000000c0001b10                disk_read
                0x00000000c0001b26                disk_write
                0x00000000c0001b3c                disk_ioctl
 .text          0x00000000c0001b5b     0x6a69 fs/fat/ff.32
                0x00000000c0004e29                f_mount
                0x00000000c0004e8b                f_open
                0x00000000c00052c7                f_read
                0x00000000c0005547                f_write
                0x00000000c0005801                f_sync
                0x00000000c00059dd                f_close
                0x00000000c0005a0c                f_lseek
                0x00000000c0005ec3                f_opendir
                0x00000000c0005fc5                f_closedir
                0x00000000c0005fe7                f_readdir
                0x00000000c0006082                f_stat
                0x00000000c0006111                f_getfree
                0x00000000c00062dc                f_truncate
                0x00000000c00063d4                f_unlink
                0x00000000c0006557                f_mkdir
                0x00000000c0006783                f_rename
                0x00000000c0006a76                f_chmod
                0x00000000c0006b54                f_utime
                0x00000000c0006c32                f_getlabel
                0x00000000c0006e20                f_setlabel
                0x00000000c000708d                f_expand
                0x00000000c00072c3                f_forward
                0x00000000c00074a1                f_mkfs
 .text          0x00000000c00085c4       0x2f fs/fat/ffsystem.32
                0x00000000c00085c4                ff_memalloc
                0x00000000c00085dc                ff_memfree
 *fill*         0x00000000c00085f3        0x1 
 .text          0x00000000c00085f4      0x274 fs/fat/ffunicode.32
                0x00000000c00085f4                ff_uni2oem
                0x00000000c000868c                ff_oem2uni
                0x00000000c0008700                ff_wtoupper
 .text          0x00000000c0008868       0xa7 compat/inlines.32
                0x00000000c0008868                CPU::current()
                0x00000000c0008874                operator new(unsigned long)
                0x00000000c0008879                operator delete(void*)
                0x00000000c000887e                disableIRQs()
                0x00000000c0008886                enableIRQs()
                0x00000000c0008895                lockScheduler()
                0x00000000c000889d                unlockScheduler()
                0x00000000c00088ac                lockStuff()
                0x00000000c00088ba                unlockStuff()
                0x00000000c00088f4                Virt::getAKernelVAS()
                0x00000000c00088fa                __not_memcpy
 *fill*         0x00000000c000890f        0x1 
 .text          0x00000000c0008910      0x118 compat/resolve.32
                0x00000000c0008910                Krnl::resolveCompatibilitySymbol(char*)
 .text          0x00000000c0008a28      0x7f7 core/computer.32
                0x00000000c0008a28                Computer::close(int, int, void*)
                0x00000000c0008a6c                Krnl::firstTask()
                0x00000000c0008bba                Computer::Computer()
                0x00000000c0008bba                Computer::Computer()
                0x00000000c0008d16                Computer::setBootMessage(char const*)
                0x00000000c0008d18                Computer::detectFeatures()
                0x00000000c0008f22                Computer::displayFeatures()
                0x00000000c0008f24                Computer::rdmsr(unsigned int)
                0x00000000c0008f50                Computer::wrmsr(unsigned int, unsigned long long)
                0x00000000c0008f88                Computer::nmiEnabled()
                0x00000000c0008f94                Computer::readCMOS(unsigned char)
                0x00000000c0008fae                Computer::enableNMI(bool)
                0x00000000c0008fc6                Computer::open(int, int, void*)
                0x00000000c0009162                Computer::disableNMI()
                0x00000000c0009170                Computer::writeCMOS(unsigned char, unsigned char)
                0x00000000c000918e                Computer::handleNMI()
                0x00000000c00091f4                Computer::setDiskActivityLight(int, bool)
 *fill*         0x00000000c000921f        0x1 
 .text          0x00000000c0009220      0x19d core/gdt.32
                0x00000000c0009220                GDTEntry::setBase(unsigned int)
                0x00000000c000923c                GDTEntry::setLimit(unsigned int)
                0x00000000c000925a                GDT::GDT()
                0x00000000c000925a                GDT::GDT()
                0x00000000c0009270                GDT::addEntry(GDTEntry)
                0x00000000c0009292                GDT::getNumberOfEntries()
                0x00000000c000929a                GDT::flush()
                0x00000000c00092bc                GDT::setup()
 .text          0x00000000c00093bd       0x6b core/idle.32
                0x00000000c00093bd                idleFunction(void*)
 .text          0x00000000c0009428      0x464 core/idt.32
                0x00000000c0009428                IDTEntry::IDTEntry(bool)
                0x00000000c0009428                IDTEntry::IDTEntry(bool)
                0x00000000c000949a                IDTEntry::setOffset(unsigned int)
                0x00000000c00094b0                IDT::IDT()
                0x00000000c00094b0                IDT::IDT()
                0x00000000c00094b2                IDT::getPointerToInvalidOpcodeEntryForF00F()
                0x00000000c00094ba                IDT::addEntry(IDTEntry, int)
                0x00000000c00094d4                IDT::addEntry(int, void (*)(), bool)
                0x00000000c000950c                IDT::flush()
                0x00000000c0009526                IDT::setup()
 .text          0x00000000c000988c      0x191 core/kheap.32
                0x00000000c000988c                sbrk
                0x00000000c000992f                mmap
                0x00000000c0009945                munmap
                0x00000000c000995b                liballoc_lock()
                0x00000000c0009968                liballoc_unlock()
                0x00000000c000997c                liballoc_alloc(int)
                0x00000000c0009994                liballoc_free(void*, int)
                0x00000000c00099af                realloc
                0x00000000c00099c3                malloc
                0x00000000c00099d3                free
                0x00000000c00099e3                rfree
                0x00000000c00099f3                calloc
 .text          0x00000000c0009a1d      0x1b6 core/main.32
                0x00000000c0009a1d                Krnl::setBootMessage(char const*)
                0x00000000c0009a89                kernel_main
 .text          0x00000000c0009bd3      0x673 core/physmgr.32
                0x00000000c0009bd3                Phys::allocateDMA(unsigned long)
                0x00000000c0009ce2                Phys::freeDMA(unsigned long, unsigned long)
                0x00000000c0009d28                Phys::setPageState(unsigned long, bool)
                0x00000000c0009d5a                Phys::getPageState(unsigned long)
                0x00000000c0009d76                Phys::freePage(unsigned long)
                0x00000000c0009df9                Phys::allocatePage()
                0x00000000c0009ee4                Phys::allocateContiguousPages(int)
                0x00000000c0009f40                Phys::allowSegmentToBeUsed(unsigned long, unsigned long)
                0x00000000c0009f78                Phys::physicalMemorySetup(unsigned int)
 .text          0x00000000c000a246      0x273 core/pipe.32
                0x00000000c000a246                Pipe::isAtty()
                0x00000000c000a24a                Pipe::~Pipe()
                0x00000000c000a24a                Pipe::~Pipe()
                0x00000000c000a26e                Pipe::~Pipe()
                0x00000000c000a296                Pipe::read(unsigned long long, void*, int*)
                0x00000000c000a392                Pipe::write(unsigned long long, void*, int*)
                0x00000000c000a452                Pipe::Pipe(int)
                0x00000000c000a452                Pipe::Pipe(int)
 *fill*         0x00000000c000a4b9        0x1 
 .text          0x00000000c000a4ba      0xb93 core/terminal.32
                0x00000000c000a4ba                VgaText::isAtty()
                0x00000000c000a4be                VgaText::~VgaText()
                0x00000000c000a4be                VgaText::~VgaText()
                0x00000000c000a4e2                VgaText::~VgaText()
                0x00000000c000a50c                VgaText::read(unsigned long long, void*, int*)
                0x00000000c000a52c                setTerminalScrollLock(bool)
                0x00000000c000a52d                addToTerminalCycle(VgaText*)
                0x00000000c000a54e                installVgaTextImplementation()
                0x00000000c000a563                scrollTerminalScrollLock(int)
                0x00000000c000a564                VgaText::updateTitle()
                0x00000000c000a5a2                VgaText::load()
                0x00000000c000a5f0                VgaText::updateCursor()
                0x00000000c000a606                VgaText::doANSI_SGR(int)
                0x00000000c000a67a                VgaText::setDefaultBgColour(VgaColour)
                0x00000000c000a68a                VgaText::setDefaultFgColour(VgaColour)
                0x00000000c000a69a                VgaText::setDefaultColours(VgaColour, VgaColour)
                0x00000000c000a6ba                VgaText::setTitleTextColour(VgaColour)
                0x00000000c000a6ca                VgaText::setTitleColour(VgaColour)
                0x00000000c000a6da                VgaText::setTitle(char*)
                0x00000000c000a700                VgaText::combineColours(unsigned char, unsigned char)
                0x00000000c000a712                VgaText::scrollScreen()
                0x00000000c000a7a6                VgaText::combineCharAndColour(char, unsigned char)
                0x00000000c000a7b8                VgaText::writeCharacter(char, VgaColour, VgaColour, int, int)
                0x00000000c000a814                VgaText::getCursorX()
                0x00000000c000a81c                VgaText::getCursorY()
                0x00000000c000a824                VgaText::setCursor(int, int)
                0x00000000c000a83b                setActiveTerminal(VgaText*)
                0x00000000c000a89d                doTerminalCycle()
                0x00000000c000a8b8                VgaText::setCursorX(int)
                0x00000000c000a8d0                VgaText::setCursorY(int)
                0x00000000c000a8e8                VgaText::incrementCursor(bool)
                0x00000000c000a93c                VgaText::decrementCursor(bool)
                0x00000000c000a95e                VgaText::putchar(char, VgaColour, VgaColour)
                0x00000000c000aa36                VgaText::doUpdate()
                0x00000000c000aa44                VgaText::puts(char const*, VgaColour, VgaColour)
                0x00000000c000abbc                VgaText::clearScreen()
                0x00000000c000ac16                VgaText::putchar(char)
                0x00000000c000ad02                VgaText::putx(unsigned int)
                0x00000000c000ad48                VgaText::puts(char const*)
                0x00000000c000ad6e                VgaText::VgaText(char const*)
                0x00000000c000ad6e                VgaText::VgaText(char const*)
                0x00000000c000aeec                VgaText::receiveKey(unsigned char)
                0x00000000c000afd4                VgaText::write(unsigned long long, void*, int*)
                0x00000000c000b028                newTerminal(char*)
 *fill*         0x00000000c000b04d        0x3 
 .text          0x00000000c000b050      0x1a1 core/tss.32
                0x00000000c000b050                TSS::TSS()
                0x00000000c000b050                TSS::TSS()
                0x00000000c000b060                TSS::setESP(unsigned long)
                0x00000000c000b074                TSS::flush()
                0x00000000c000b094                TSS::setup(unsigned long, unsigned long)
 *fill*         0x00000000c000b1f1        0x1 
 .text          0x00000000c000b1f2      0x4c2 core/unixfile.32
                0x00000000c000b1f2                ReservedFilename::read(unsigned long long, void*, int*)
                0x00000000c000b248                ReservedFilename::isAtty()
                0x00000000c000b264                ReservedFilename::write(unsigned long long, void*, int*)
                0x00000000c000b2c2                UnixFile::getFileDescriptor()
                0x00000000c000b2ca                UnixFile::UnixFile(int)
                0x00000000c000b2ca                UnixFile::UnixFile(int)
                0x00000000c000b47a                ReservedFilename::ReservedFilename(int)
                0x00000000c000b47a                ReservedFilename::ReservedFilename(int)
                0x00000000c000b4ac                UnixFile::~UnixFile()
                0x00000000c000b4ac                UnixFile::~UnixFile()
                0x00000000c000b544                UnixFile::~UnixFile()
                0x00000000c000b56c                ReservedFilename::~ReservedFilename()
                0x00000000c000b56c                ReservedFilename::~ReservedFilename()
                0x00000000c000b590                ReservedFilename::~ReservedFilename()
                0x00000000c000b5b7                getFromFileDescriptor(int)
 .text          0x00000000c000b6b4     0x1218 core/virtmgr.32
                0x00000000c000b6b4                Virt::setPageState(unsigned long, Virt::VirtPageState)
                0x00000000c000b6e9                Virt::getPageState(unsigned long)
                0x00000000c000b70d                Virt::allocateKernelVirtualPages(int)
                0x00000000c000b81e                Virt::freeSwapfilePage(unsigned long)
                0x00000000c000b83c                Virt::swapIDToSector(unsigned long)
                0x00000000c000b84e                Virt::allocateSwapfilePage()
                0x00000000c000b8cc                Virt::virtualMemorySetup()
                0x00000000c000b917                Virt::setupPageSwapping(int)
                0x00000000c000b988                VAS::VAS()
                0x00000000c000b988                VAS::VAS()
                0x00000000c000b9c4                VAS::VAS(VAS*)
                0x00000000c000b9c4                VAS::VAS(VAS*)
                0x00000000c000b9f2                VAS::getForeignPageTableEntry(bool, unsigned long)
                0x00000000c000ba1e                VAS::getPageTableEntry(unsigned long)
                0x00000000c000ba3d                Virt::freeKernelVirtualPages(unsigned long)
                0x00000000c000bb60                VAS::freeAllocatedPages(unsigned long)
                0x00000000c000bb84                VAS::virtualToPhysical(unsigned long)
                0x00000000c000bb9c                VAS::reflagRange(unsigned long, int, int, int)
                0x00000000c000bbdc                VAS::setToWriteCombining(unsigned long, int)
                0x00000000c000bc0e                VAS::mapOtherVASIn(bool, VAS*)
                0x00000000c000bc38                VAS::~VAS()
                0x00000000c000bc38                VAS::~VAS()
                0x00000000c000bdb4                VAS::mapPage(unsigned long, unsigned long, int)
                0x00000000c000beb6                VAS::allocatePages(int, int)
                0x00000000c000c08e                VAS::setCPUSpecific(unsigned long)
                0x00000000c000c0aa                VAS::mapRange(unsigned long, unsigned long, int, int)
                0x00000000c000c170                VAS::mapForeignPage(bool, VAS*, unsigned long, unsigned long, int)
                0x00000000c000c25e                VAS::VAS(bool)
                0x00000000c000c25e                VAS::VAS(bool)
                0x00000000c000c4de                VAS::evict(unsigned long)
                0x00000000c000c5ae                VAS::tryLoadBackOffDisk(unsigned long)
                0x00000000c000c6c2                VAS::scanForEviction()
                0x00000000c000c7a0                mapVASFirstTime
 .text          0x00000000c000c8cc       0x95 coreobjs/c++.32
                0x00000000c000c8cc                __cxa_atexit
                0x00000000c000c8cf                __cxa_finalize
                0x00000000c000c8d0                __stack_chk_fail
                0x00000000c000c93c                __cxa_pure_virtual
                0x00000000c000c94d                operator new[](unsigned long)
                0x00000000c000c952                operator delete(void*, unsigned long)
                0x00000000c000c957                operator delete[](void*)
                0x00000000c000c95c                operator delete[](void*, unsigned long)
 .text          0x00000000c000c961      0x1fc dbg/kconsole.32
                0x00000000c000c961                Dbg::stringifyxWithBase(unsigned int, char*, int)
                0x00000000c000c9ba                Dbg::logc(char)
                0x00000000c000c9da                Dbg::logs(char*)
                0x00000000c000c9f7                Dbg::logWriteInt(unsigned int)
                0x00000000c000ca14                Dbg::logWriteIntBase(unsigned int, int)
                0x00000000c000ca33                Dbg::kprintf(char const*, ...)
 *fill*         0x00000000c000cb5d        0x1 
 .text          0x00000000c000cb5e      0xb82 fs/vfs.32
                0x00000000c000cb5e                File::read(unsigned long long, void*, int*)
                0x00000000c000cbb6                File::write(unsigned long long, void*, int*)
                0x00000000c000cc0e                Directory::read(unsigned long long, void*, int*)
                0x00000000c000cc66                Directory::write(unsigned long long, void*, int*)
                0x00000000c000cc94                File::isAtty()
                0x00000000c000cc98                Directory::isAtty()
                0x00000000c000cc9c                Filesystem::getlabel(LogicalDisk*, int, char*, unsigned int*)
                0x00000000c000cca2                Filesystem::setlabel(LogicalDisk*, int, char*)
                0x00000000c000cca8                Filesystem::allocateSwapfile(char const*, int)
                0x00000000c000ccae                File::~File()
                0x00000000c000ccae                File::~File()
                0x00000000c000ccd2                File::~File()
                0x00000000c000ccfc                Directory::~Directory()
                0x00000000c000ccfc                Directory::~Directory()
                0x00000000c000cd20                Directory::~Directory()
                0x00000000c000cd4a                Filesystem::Filesystem()
                0x00000000c000cd4a                Filesystem::Filesystem()
                0x00000000c000cd6e                Filesystem::~Filesystem()
                0x00000000c000cd6e                Filesystem::~Filesystem()
                0x00000000c000cd7c                Filesystem::~Filesystem()
                0x00000000c000cda0                Fs::getcwd(Process*, char*, int)
                0x00000000c000cdca                Fs::initVFS()
                0x00000000c000cdf4                Fs::standardiseFiles(char*, char const*, char const*)
                0x00000000c000cf9e                File::File(char const*, Process*)
                0x00000000c000cf9e                File::File(char const*, Process*)
                0x00000000c000d002                File::open(FileOpenMode)
                0x00000000c000d060                File::close()
                0x00000000c000d0c0                File::seek(unsigned long long)
                0x00000000c000d116                File::tell(unsigned long long*)
                0x00000000c000d166                File::rewind()
                0x00000000c000d17a                File::unlink()
                0x00000000c000d1c6                File::rename(char const*)
                0x00000000c000d214                File::chfatattr(unsigned char, unsigned char)
                0x00000000c000d270                File::exists()
                0x00000000c000d2ae                File::stat(unsigned long long*, bool*)
                0x00000000c000d30f                Fs::setcwd(Process*, char*)
                0x00000000c000d44a                Directory::Directory(char const*, Process*)
                0x00000000c000d44a                Directory::Directory(char const*, Process*)
                0x00000000c000d4ae                Directory::open()
                0x00000000c000d50a                Directory::close()
                0x00000000c000d56a                Directory::unlink()
                0x00000000c000d5b6                Directory::rename(char const*)
                0x00000000c000d604                Directory::exists()
                0x00000000c000d642                Directory::read(dirent*)
                0x00000000c000d68e                Directory::create()
                0x00000000c000d6da                Filesystem::chfatattr(char const*, unsigned char, unsigned char)
 .text          0x00000000c000d6e0       0x86 hal/bus.32
                0x00000000c000d6e0                Bus::Bus(char const*)
                0x00000000c000d6e0                Bus::Bus(char const*)
                0x00000000c000d718                Bus::~Bus()
                0x00000000c000d718                Bus::~Bus()
                0x00000000c000d73c                Bus::~Bus()
 *fill*         0x00000000c000d766        0x2 
 .text          0x00000000c000d768      0x153 hal/buzzer.32
                0x00000000c000d768                Buzzer::Buzzer(char const*)
                0x00000000c000d768                Buzzer::Buzzer(char const*)
                0x00000000c000d7ac                Buzzer::~Buzzer()
                0x00000000c000d7ac                Buzzer::~Buzzer()
                0x00000000c000d7d0                Buzzer::~Buzzer()
                0x00000000c000d7fa                Buzzer::stop()
                0x00000000c000d80d                beepThread(void*)
                0x00000000c000d84e                Buzzer::beep(int, int, bool)
 *fill*         0x00000000c000d8bb        0x1 
 .text          0x00000000c000d8bc      0x467 hal/clock.32
                0x00000000c000d8bc                User::loadClockSettings(int)
                0x00000000c000d90e                Clock::Clock(char const*)
                0x00000000c000d90e                Clock::Clock(char const*)
                0x00000000c000d944                Clock::~Clock()
                0x00000000c000d944                Clock::~Clock()
                0x00000000c000d968                Clock::~Clock()
                0x00000000c000d992                Clock::timeInSecondsLocal()
                0x00000000c000d9da                Clock::setTimeInSecondsLocal(unsigned long long)
                0x00000000c000da33                datetimeToSeconds(datetime_t)
                0x00000000c000db5a                Clock::setTimeInDatetimeLocal(datetime_t)
                0x00000000c000dbba                secondsToDatetime(unsigned long long)
                0x00000000c000dcfe                Clock::timeInDatetimeLocal()
 *fill*         0x00000000c000dd23        0x1 
 .text          0x00000000c000dd24      0x504 hal/device.32
                0x00000000c000dd24                Device::hibernate()
                0x00000000c000dd26                Device::wake()
                0x00000000c000dd28                Device::detect()
                0x00000000c000dd2a                Device::disableLegacy()
                0x00000000c000dd2c                Device::powerSaving(PowerSavingLevel)
                0x00000000c000dd2e                DriverlessDevice::close(int, int, void*)
                0x00000000c000dd32                DriverlessDevice::detect()
                0x00000000c000dd34                DriverlessDevice::open(int, int, void*)
                0x00000000c000dd48                Device::~Device()
                0x00000000c000dd48                Device::~Device()
                0x00000000c000dd56                Device::~Device()
                0x00000000c000dd7e                Device::findAndLoadDriver()
                0x00000000c000dd8c                Device::preOpenPCI(PCIDeviceInfo)
                0x00000000c000ddb2                Device::preOpenACPI(void*, char*, char*)
                0x00000000c000ddf2                Device::addIRQHandler(int, void (*)(regs*, void*), bool, void*)
                0x00000000c000de30                Device::getParent()
                0x00000000c000de3c                Device::removeIRQHandler(int, void (*)(regs*, void*), bool)
                0x00000000c000de7a                Device::addChild(Device*)
                0x00000000c000debe                Device::removeAllChildren()
                0x00000000c000df04                Device::hibernateAll()
                0x00000000c000df34                Device::wakeAll()
                0x00000000c000df64                Device::detectAll()
                0x00000000c000df94                Device::disableLegacyAll()
                0x00000000c000dfc4                Device::loadDriversForAll()
                0x00000000c000e004                Device::closeAll()
                0x00000000c000e03a                Device::powerSavingAll(PowerSavingLevel)
                0x00000000c000e070                Device::setName(char const*)
                0x00000000c000e07e                Device::Device(char const*)
                0x00000000c000e07e                Device::Device(char const*)
                0x00000000c000e17a                Device::getName()
                0x00000000c000e184                DriverlessDevice::DriverlessDevice(char const*)
                0x00000000c000e184                DriverlessDevice::DriverlessDevice(char const*)
                0x00000000c000e1ba                Device::addToLinkedList(LinkedList<Device>&, DeviceType)
                0x00000000c000e1fe                getDevicesOfType(DeviceType)
 .text          0x00000000c000e228       0x86 hal/diskctrl.32
                0x00000000c000e228                HardDiskController::HardDiskController(char const*)
                0x00000000c000e228                HardDiskController::HardDiskController(char const*)
                0x00000000c000e260                HardDiskController::~HardDiskController()
                0x00000000c000e260                HardDiskController::~HardDiskController()
                0x00000000c000e284                HardDiskController::~HardDiskController()
 .text          0x00000000c000e2ae       0xe2 hal/diskphys.32
                0x00000000c000e2ae                PhysicalDisk::eject()
                0x00000000c000e2b2                PhysicalDisk::PhysicalDisk(char const*, int)
                0x00000000c000e2b2                PhysicalDisk::PhysicalDisk(char const*, int)
                0x00000000c000e31a                PhysicalDisk::startCache()
                0x00000000c000e342                PhysicalDisk::~PhysicalDisk()
                0x00000000c000e342                PhysicalDisk::~PhysicalDisk()
                0x00000000c000e366                PhysicalDisk::~PhysicalDisk()
 .text          0x00000000c000e390      0x147 hal/fpu.32
                0x00000000c000e390                FPU::FPU(char const*)
                0x00000000c000e390                FPU::FPU(char const*)
                0x00000000c000e3c8                FPU::~FPU()
                0x00000000c000e3c8                FPU::~FPU()
                0x00000000c000e3ec                FPU::~FPU()
                0x00000000c000e416                setupFPU()
 *fill*         0x00000000c000e4d7        0x1 
 .text          0x00000000c000e4d8     0x11e1 hal/intctrl.32
                0x00000000c000e4d8                InterruptController::uninstallISRHandler(int, void (*)(regs*, void*))
                0x00000000c000e510                InterruptController::installISRHandler(int, void (*)(regs*, void*), void*)
                0x00000000c000e562                doubleFault(regs*, void*)
                0x00000000c000e57c                InterruptController::installIRQHandler(int, void (*)(regs*, void*), bool, void*)
                0x00000000c000e618                InterruptController::clearAllHandlers(int, bool)
                0x00000000c000e6c0                InterruptController::uninstallIRQHandler(int, void (*)(regs*, void*), bool)
                0x00000000c000e747                nmiHandler(regs*, void*)
                0x00000000c000e755                int_handler
                0x00000000c000e7f6                InterruptController::InterruptController(char const*)
                0x00000000c000e7f6                InterruptController::InterruptController(char const*)
                0x00000000c000e89c                InterruptController::~InterruptController()
                0x00000000c000e89c                InterruptController::~InterruptController()
                0x00000000c000e8c0                InterruptController::~InterruptController()
                0x00000000c000e8ea                displayDebugInfo(regs*)
                0x00000000c000ed79                x87EmulHandler(regs*, void*)
                0x00000000c000edec                gpFault(regs*, void*)
                0x00000000c000ee25                pgFault(regs*, void*)
                0x00000000c000ee74                otherISRHandler(regs*, void*)
                0x00000000c000ee93                opcodeFault(regs*, void*)
                0x00000000c000f256                displayProgramFault(char const*)
                0x00000000c000f27e                setupInterruptController()
                0x00000000c000f66c                InterruptController::convertLegacyIRQNumber(int)
 *fill*         0x00000000c000f6b9        0x1 
 .text          0x00000000c000f6ba      0x784 hal/keybrd.32
                0x00000000c000f6ba                startGUI(void*)
                0x00000000c000f726                startGUIVESA(void*)
                0x00000000c000f792                sendKeyToTerminal(unsigned char)
                0x00000000c000f850                sendKeyboardToken(KeyboardToken)
                0x00000000c000fc8d                clearInternalKeybuffer(VgaText*)
                0x00000000c000fcc2                readKeyboard(VgaText*, char*, unsigned long)
                0x00000000c000fdb4                Keyboard::Keyboard(char const*)
                0x00000000c000fdb4                Keyboard::Keyboard(char const*)
                0x00000000c000fdf0                Keyboard::~Keyboard()
                0x00000000c000fdf0                Keyboard::~Keyboard()
                0x00000000c000fe14                Keyboard::~Keyboard()
 .text          0x00000000c000fe3e      0x3ea hal/logidisk.32
                0x00000000c000fe3e                LogicalDisk::close(int, int, void*)
                0x00000000c000fe42                LogicalDisk::~LogicalDisk()
                0x00000000c000fe42                LogicalDisk::~LogicalDisk()
                0x00000000c000fe66                LogicalDisk::~LogicalDisk()
                0x00000000c000fe90                LogicalDisk::open(int, int, void*)
                0x00000000c000fea4                LogicalDisk::absoluteToRelative(unsigned long long)
                0x00000000c000fedc                LogicalDisk::relativeToAbsolute(unsigned long long)
                0x00000000c000ff22                LogicalDisk::LogicalDisk(char const*, PhysicalDisk*, unsigned long long, unsigned long long)
                0x00000000c000ff22                LogicalDisk::LogicalDisk(char const*, PhysicalDisk*, unsigned long long, unsigned long long)
                0x00000000c000ffd8                LogicalDisk::assignDriveLetter()
                0x00000000c001008e                LogicalDisk::mount()
                0x00000000c00100d6                LogicalDisk::unmount()
                0x00000000c00100e6                LogicalDisk::eject()
                0x00000000c00100fa                LogicalDisk::unassignDriveLetter()
                0x00000000c0010150                LogicalDisk::read(unsigned long long, int, void*)
                0x00000000c00101bc                LogicalDisk::write(unsigned long long, int, void*)
 .text          0x00000000c0010228       0x86 hal/mouse.32
                0x00000000c0010228                Mouse::Mouse(char const*)
                0x00000000c0010228                Mouse::Mouse(char const*)
                0x00000000c0010260                Mouse::~Mouse()
                0x00000000c0010260                Mouse::~Mouse()
                0x00000000c0010284                Mouse::~Mouse()
 .text          0x00000000c00102ae      0x339 hal/partition.32
                0x00000000c00102ae                makePartition(PhysicalDisk*, unsigned long long, unsigned long long)
                0x00000000c0010356                createPartitionsForDisk(PhysicalDisk*)
 *fill*         0x00000000c00105e7        0x1 
 .text          0x00000000c00105e8       0x86 hal/serial.32
                0x00000000c00105e8                Serial::Serial(char const*)
                0x00000000c00105e8                Serial::Serial(char const*)
                0x00000000c0010620                Serial::~Serial()
                0x00000000c0010620                Serial::~Serial()
                0x00000000c0010644                Serial::~Serial()
 *fill*         0x00000000c001066e        0x2 
 .text          0x00000000c0010670      0x2f2 hal/timer.32
                0x00000000c0010670                Timer::Timer(char const*)
                0x00000000c0010670                Timer::Timer(char const*)
                0x00000000c00106a8                Timer::~Timer()
                0x00000000c00106a8                Timer::~Timer()
                0x00000000c00106cc                Timer::~Timer()
                0x00000000c00106f6                Timer::read()
                0x00000000c0010701                timerHandler(unsigned int)
                0x00000000c0010868                setupTimer(int)
 *fill*         0x00000000c0010962        0x2 
 .text          0x00000000c0010964      0x42e hal/vcache.32
                0x00000000c0010964                VCache::VCache(PhysicalDisk*)
                0x00000000c0010964                VCache::VCache(PhysicalDisk*)
                0x00000000c0010acc                VCache::invalidateReadBuffer()
                0x00000000c0010adc                VCache::writeWriteBuffer()
                0x00000000c0010b18                VCache::~VCache()
                0x00000000c0010b18                VCache::~VCache()
                0x00000000c0010b6c                VCache::~VCache()
                0x00000000c0010b94                VCache::write(unsigned long long, int, void*)
                0x00000000c0010c8e                VCache::read(unsigned long long, int, void*)
 .text          0x00000000c0010d92      0x4b3 hal/video.32
                0x00000000c0010d92                Video::putrect(int, int, int, int, unsigned int)
                0x00000000c0010dde                Video::bitblit(int, int, int, int, int, int, int, unsigned int*)
                0x00000000c0010e4e                Video::blit(unsigned int*, int, int, int, int)
                0x00000000c0010ecc                Video::clearScreen(unsigned int)
                0x00000000c0010f00                Video::putpixel(int, int, unsigned int)
                0x00000000c0010f0e                Video::Video(char const*)
                0x00000000c0010f0e                Video::Video(char const*)
                0x00000000c0010f44                Video::~Video()
                0x00000000c0010f44                Video::~Video()
                0x00000000c0010f68                Video::~Video()
                0x00000000c0010f92                Video::isMonochrome()
                0x00000000c0010f9e                Video::getWidth()
                0x00000000c0010faa                Video::getHeight()
                0x00000000c0010fb6                Video::drawCursor(int, int, unsigned char*, int)
                0x00000000c0011072                Video::tgaParse(unsigned char*, int, int*, int*)
                0x00000000c00111da                Video::putTGA(int, int, unsigned char*, int)
 *fill*         0x00000000c0011245        0x3 
 .text          0x00000000c0011248     0x141b hw/acpi.32
                0x00000000c0011248                ACPI::close(int, int, void*)
                0x00000000c00112fc                findRSDP()
                0x00000000c00113d0                loadACPITables(unsigned char*)
                0x00000000c0011634                findRSDT(unsigned char*)
                0x00000000c00117f4                findDataTable(unsigned char*, char*)
                0x00000000c001186c                scanMADT()
                0x00000000c0011d48                ACPI::ACPI()
                0x00000000c0011d48                ACPI::ACPI()
                0x00000000c0011dac                ACPI::getPCIIRQAssignment(unsigned char, unsigned short, unsigned char)
                0x00000000c0011e94                ACPI::registerPCIIRQAssignment(void*, unsigned short, unsigned char, unsigned char)
                0x00000000c0011f5c                ACPI::setScreenBrightnessLevel(void*, int)
                0x00000000c0011f64                ACPI::detectPCI()
                0x00000000c001217c                ACPI::writeSimpleBootFlag(SimpleBootFlagTable*)
                0x00000000c00121c4                ACPI::sleep()
                0x00000000c00121e0                ACPI::open(int, int, void*)
 *fill*         0x00000000c0012663        0x1 
 .text          0x00000000c0012664     0x1583 hw/cpu.32
                0x00000000c0012664                CPU::close(int, int, void*)
                0x00000000c0012668                CPU::lookupAMDName(unsigned char, unsigned char)
                0x00000000c00127fc                CPU::lookupIntelName(unsigned char, unsigned char)
                0x00000000c0012aaa                CPU::AMD_K6_write_msr(unsigned int, unsigned int, unsigned int, CPU::REGS*)
                0x00000000c0012ac6                CPU::AMD_K6_read_msr(unsigned int, CPU::REGS*)
                0x00000000c0012ade                CPU::AMD_K6_writeback(int, int, int)
                0x00000000c0012b52                CPU::cpuid(int, unsigned long*, unsigned long*, unsigned long*, unsigned long*)
                0x00000000c0012bd6                CPU::cpuidCheckEDX(unsigned int)
                0x00000000c0012c04                CPU::cpuidCheckECX(unsigned int)
                0x00000000c0012c32                CPU::cpuidCheckExtendedEBX(unsigned int)
                0x00000000c0012c60                CPU::cpuidCheckExtendedECX(unsigned int)
                0x00000000c0012c8e                CPU::CPU()
                0x00000000c0012c8e                CPU::CPU()
                0x00000000c0012d1c                CPU::displayFeatures()
                0x00000000c0012d1e                CPU::detectFeatures()
                0x00000000c0013710                CPU::setupSMEP()
                0x00000000c001371c                CPU::setupUMIP()
                0x00000000c0013726                CPU::setupTSC()
                0x00000000c0013730                CPU::setupLargePages()
                0x00000000c001373a                CPU::setupPAT()
                0x00000000c0013776                CPU::setupMTRR()
                0x00000000c0013778                CPU::setupGlobalPages()
                0x00000000c0013782                CPU::allowUsermodeDataAccess()
                0x00000000c0013794                CPU::prohibitUsermodeDataAccess()
                0x00000000c00137a6                CPU::setupSMAP()
                0x00000000c00137b4                CPU::setupFeatures()
                0x00000000c0013880                CPU::open(int, int, void*)
                0x00000000c00139ec                CPU::decodeAddress(regs*, int*, bool*, unsigned char*)
 .text          0x00000000c0013be7        0x0 hw/ports.32
 .text          0x00000000c0013be7      0x16a hw/smp.32
                0x00000000c0013be7                Krnl::smpEntry()
                0x00000000c0013be9                Krnl::startCPU(int)
                0x00000000c0013d32                Krnl::startCPUs()
 *fill*         0x00000000c0013d51        0x1 
 .text          0x00000000c0013d52      0x581 krnl/env.32
                0x00000000c0013d52                EnvVarContainer::getEnv(char const*)
                0x00000000c0013d90                EnvVarContainer::setEnv(char const*, char const*)
                0x00000000c0013e52                EnvVarContainer::deleteEnv(char const*)
                0x00000000c0013e54                EnvVarContainer::loadFrom(char const*, char const*)
                0x00000000c001403a                EnvVarContainer::__loadSystem()
                0x00000000c0014054                EnvVarContainer::__loadUser()
                0x00000000c0014056                EnvVarContainer::EnvVarContainer(Process*)
                0x00000000c0014056                EnvVarContainer::EnvVarContainer(Process*)
                0x00000000c0014078                EnvVarContainer::~EnvVarContainer()
                0x00000000c0014078                EnvVarContainer::~EnvVarContainer()
                0x00000000c00140a8                Krnl::getEnv(Process*, char const*)
                0x00000000c001410d                Krnl::setEnvSystem(char const*, char const*)
                0x00000000c0014127                Krnl::setEnvUser(char const*, char const*)
                0x00000000c0014146                Krnl::setEnvProcess(Process*, char const*, char const*)
                0x00000000c0014159                Krnl::deleteEnvSystem(char const*)
                0x00000000c001415a                Krnl::deleteEnvUser(char const*)
                0x00000000c001415b                Krnl::deleteEnvProcess(Process*, char const*)
                0x00000000c001415c                Krnl::newProcessEnv(Process*)
                0x00000000c001417e                Krnl::copyProcessEnv(Process*, Process*)
                0x00000000c00141ca                Krnl::loadSystemEnv()
                0x00000000c00141f8                Krnl::loadUserEnv()
                0x00000000c001421e                Krnl::flushEnv()
                0x00000000c001421f                Krnl::getProcessTotalEnvCount(Process*)
                0x00000000c001423f                Krnl::getProcessEnvPair(Process*, int)
 .text          0x00000000c00142d3      0x39c krnl/panic.32
                0x00000000c00142d3                Krnl::panic(char const*)
 *fill*         0x00000000c001466f        0x1 
 .text          0x00000000c0014670      0x5a0 net/ethernet.32
                0x00000000c0014670                Net::switchEndian16(unsigned short)
                0x00000000c0014694                Net::switchEndian32(unsigned int)
                0x00000000c00146c4                Net::crc32Calc(unsigned char*, int)
                0x00000000c0014768                Net::wrapEthernetFrame(Net::UnwrappedEthernetFrame, unsigned char*)
                0x00000000c0014984                Net::unwrapEthernetFrame(unsigned char*, int)
 .text          0x00000000c0014c10      0x50e reg/registry.32
                0x00000000c0014c10                Reg::findLineFromLoadedData(char*, char*, char*)
                0x00000000c0014d68                Reg::getLineFromRegistry(char*, char*, char*, char*)
                0x00000000c0014ebd                Reg::getLine(char*, char*, char*)
                0x00000000c0014ef4                Reg::readInt(char*, char*, int*)
                0x00000000c0014fdf                Reg::readString(char*, char*, char*, int)
                0x00000000c0015060                Reg::readBool(char*, char*, bool*)
                0x00000000c0015085                Reg::readBoolWithDefault(char*, char*, bool)
                0x00000000c00150b1                Reg::readIntWithDefault(char*, char*, int)
                0x00000000c00150dd                Reg::readStringWithDefault(char*, char*, char*, int, char*)
 .text          0x00000000c001511e       0x36 sys/sc_eject.32
                0x00000000c001511e                Sys::eject(regs*)
 .text          0x00000000c0015154       0x18 sys/sc_exit.32
                0x00000000c0015154                Sys::exit(regs*)
 .text          0x00000000c001516c       0x1f sys/sc_getcwd.32
                0x00000000c001516c                Sys::getCwd(regs*)
 .text          0x00000000c001518b        0xc sys/sc_getpid.32
                0x00000000c001518b                Sys::getPID(regs*)
 .text          0x00000000c0015197       0x1a sys/sc_getramdata.32
                0x00000000c0015197                Sys::getRAMData(regs*)
 .text          0x00000000c00151b1       0x84 sys/sc_getvgaptr.32
                0x00000000c00151b1                Sys::getVGAPtr(regs*)
 .text          0x00000000c0015235       0xa8 sys/sc_loaddll.32
                0x00000000c0015235                Sys::loadDLL(regs*)
 .text          0x00000000c00152dd       0x68 sys/sc_read.32
                0x00000000c00152dd                Sys::read(regs*)
 .text          0x00000000c0015345       0x55 sys/sc_sbrk.32
                0x00000000c0015345                Sys::sbrk(regs*)
 .text          0x00000000c001539a       0x1c sys/sc_setcwd.32
                0x00000000c001539a                Sys::setCwd(regs*)
 .text          0x00000000c00153b6       0x95 sys/sc_settime.32
                0x00000000c00153b6                Sys::setTime(regs*)
 .text          0x00000000c001544b       0x4a sys/sc_timezone.32
                0x00000000c001544b                Sys::timezone(regs*)
 .text          0x00000000c0015495       0x68 sys/sc_write.32
                0x00000000c0015495                Sys::write(regs*)
 .text          0x00000000c00154fd       0x62 sys/sc_wsbe.32
                0x00000000c00154fd                Sys::wsbe(regs*)
 .text          0x00000000c001555f       0x38 sys/sc_yield.32
                0x00000000c001555f                Sys::yield(regs*)
 .text          0x00000000c0015597      0xf8e sys/syscalls.32
                0x00000000c0015597                sysCallSeekDir(regs*)
                0x00000000c001559c                sysCallTellDir(regs*)
                0x00000000c00155a1                sysCallVerify(regs*)
                0x00000000c00155ab                sysCallGetArgc(regs*)
                0x00000000c00155bb                sysFormatDisk(regs*)
                0x00000000c0015625                sysSetDiskVolumeLabel(regs*)
                0x00000000c001566f                sysGetDiskVolumeLabel(regs*)
                0x00000000c00156c4                sysShutdown(regs*)
                0x00000000c0015722                sysCallRealpath(regs*)
                0x00000000c0015765                sysCallReadDir(regs*)
                0x00000000c00157e4                sysCallIsATTY(regs*)
                0x00000000c001583e                sysCallSeek(regs*)
                0x00000000c0015895                sysCallTell(regs*)
                0x00000000c0015901                sysCallSize(regs*)
                0x00000000c0015973                sysCallSizeFromFilename(regs*)
                0x00000000c0015a22                sysCallClose(regs*)
                0x00000000c0015a82                sysCallOpenDir(regs*)
                0x00000000c0015af7                sysCallCloseDir(regs*)
                0x00000000c0015b4b                sysCallMakeDir(regs*)
                0x00000000c0015bbb                sysCallWait(regs*)
                0x00000000c0015bd5                sysCallNotImpl(regs*)
                0x00000000c0015bf0                sysPanic(regs*)
                0x00000000c0015c0a                sysCallRmdir(regs*)
                0x00000000c0015c6e                sysCallUnlink(regs*)
                0x00000000c0015cd2                sysCallGetArgv(regs*)
                0x00000000c0015d1e                sysCallTTYName(regs*)
                0x00000000c0015da1                sysCallUSleep(regs*)
                0x00000000c0015dca                sysCallSpawn(regs*)
                0x00000000c0015e32                sysCallGetEnv(regs*)
                0x00000000c0015edf                sysAppSettings(regs*)
                0x00000000c0015ff3                sysSetFatAttrib(regs*)
                0x00000000c0016065                sysPipe(regs*)
                0x00000000c00160aa                sysGetUnixTime(regs*)
                0x00000000c00160be                string_ends_with(char const*, char const*)
                0x00000000c0016106                sysCallOpen(regs*)
                0x00000000c00162ee                Sys::loadSyscalls()
                0x00000000c00164e3                Sys::systemCall(regs*, void*)
 .text          0x00000000c0016525     0x1203 thr/elf.32
                0x00000000c0016525                Thr::allocateMemoryForTask(Process*, File*, unsigned long, unsigned long, unsigned long)
                0x00000000c00167cf                Thr::loadProgramIntoMemory(Process*, char const*)
                0x00000000c00169e5                Thr::runtimeReferenceHelper()
                0x00000000c00169f8                Thr::getAddressOfKernelSymbol(char const*)
                0x00000000c0016a47                Thr::loadKernelSymbolTable(char const*)
                0x00000000c0016d05                Thr::loadDriverIntoMemory(char const*, unsigned long, bool)
                0x00000000c001743b                Thr::getDriverBaseFromAddress(unsigned long)
                0x00000000c001746d                Thr::getDriverNameFromAddress(unsigned long)
                0x00000000c00174a4                Thr::getDriverOffsetFromAddress(unsigned long)
                0x00000000c00174be                Thr::loadDLL(char const*, bool)
                0x00000000c00176ef                Thr::executeDLL(unsigned long, void*)
 .text          0x00000000c0017728     0x12a9 thr/prcssthr.32
                0x00000000c0017728                userModeEntryPoint(void*)
                0x00000000c0017750                changeTSS
                0x00000000c0017780                switchToThread(ThreadControlBlock*)
                0x00000000c0017834                Process::addArgs(char**)
                0x00000000c0017894                Process::Process(char const*, Process*, char**)
                0x00000000c0017894                Process::Process(char const*, Process*, char**)
                0x00000000c0017a80                Process::Process(bool, char const*, Process*, char**)
                0x00000000c0017a80                Process::Process(bool, char const*, Process*, char**)
                0x00000000c0017c38                taskStartupFunction
                0x00000000c0017c44                Semaphore::Semaphore(int)
                0x00000000c0017c44                Semaphore::Semaphore(int)
                0x00000000c0017c74                Mutex::Mutex()
                0x00000000c0017c74                Mutex::Mutex()
                0x00000000c0017c88                Process::createThread(void (*)(void*), void*, int)
                0x00000000c0017d80                Process::createUserThread()
                0x00000000c0017d9c                setupMultitasking(void (*)())
                0x00000000c0017ea4                schedule()
                0x00000000c0017f30                Semaphore::tryAcquire()
                0x00000000c0017ffc                Semaphore::assertLocked(char const*)
                0x00000000c0018074                blockTaskWithSchedulerLockAlreadyHeld(TaskState)
                0x00000000c001809c                blockTask(TaskState)
                0x00000000c00180cc                waitTask(int, int*, int)
                0x00000000c0018110                milliTenthSleepUntil(unsigned int)
                0x00000000c001819c                milliTenthSleep(unsigned int)
                0x00000000c00181ac                sleep(unsigned int)
                0x00000000c00181c8                Semaphore::acquire()
                0x00000000c0018284                taskReturned
                0x00000000c00182c0                Thr::processFromPID(int)
                0x00000000c0018360                unblockTask(ThreadControlBlock*)
                0x00000000c0018404                cleanupTerminatedTask(ThreadControlBlock*)
                0x00000000c00186cc                cleanerTaskFunction(void*)
                0x00000000c00187bc                terminateTask(int)
                0x00000000c0018888                Thr::terminateFromIRQ(int)
                0x00000000c0018894                Semaphore::release()
 .text          0x00000000c00189d1      0xada vm86/vm8086.32
                0x00000000c00189d1                Vm::inbv(unsigned short)
                0x00000000c00189e4                Vm::outbv(unsigned short, unsigned char)
                0x00000000c0018a1a                Vm::realToLinear(unsigned short, unsigned short)
                0x00000000c0018a2a                Vm::getSegment(unsigned int)
                0x00000000c0018a32                Vm::getOffset(unsigned int)
                0x00000000c0018a37                Vm::mainloop2()
                0x00000000c0018a71                Vm::mainVm8086Loop(void*)
                0x00000000c0018a81                Vm::mainloop3(unsigned long)
                0x00000000c0018aa7                Vm::initialise8086()
                0x00000000c0018aea                Vm::finish8086()
                0x00000000c0018b4b                Vm::getOutput8086(unsigned char*)
                0x00000000c0018b70                Vm::start8086(char const*, unsigned short, unsigned short, unsigned short, unsigned short)
                0x00000000c0018cd8                Vm::doISR(regs*, int, unsigned char*, unsigned short, unsigned short)
                0x00000000c0018d62                Vm::readByteFromReal(unsigned short, unsigned short)
                0x00000000c0018d73                Vm::readWordFromReal(unsigned short, unsigned short)
                0x00000000c0018d85                Vm::readDwordFromReal(unsigned short, unsigned short)
                0x00000000c0018d96                Vm::writeByteFromReal(unsigned short, unsigned short, unsigned char)
                0x00000000c0018dab                Vm::writeWordFromReal(unsigned short, unsigned short, unsigned short)
                0x00000000c0018dc1                Vm::writeDwordFromReal(unsigned short, unsigned short, unsigned int)
                0x00000000c0018dd6                Vm::faultHandler(regs*)
 *fill*         0x00000000c00194ab        0x1 
 .text          0x00000000c00194ac      0xfcd vm86/x87em.32
                0x00000000c00194ac                Vm::fpuInternalTo32(unsigned long long)
                0x00000000c001950a                Vm::fpuInternalTo64(unsigned long long)
                0x00000000c0019513                Vm::fpu32ToInternal(unsigned int)
                0x00000000c0019558                Vm::fpu64ToInternal(unsigned long long)
                0x00000000c0019561                Vm::fpuFloatToLong(unsigned long long)
                0x00000000c00195c0                Vm::fpuULongToFloat(unsigned long long)
                0x00000000c00195fc                Vm::fpuLongToFloat(long long)
                0x00000000c001965b                Vm::fpuGet0()
                0x00000000c0019660                Vm::fpuGet1()
                0x00000000c0019668                Vm::fpuGetPi()
                0x00000000c0019670                Vm::fpuGetLog2E()
                0x00000000c0019688                Vm::fpuGetLogE2()
                0x00000000c00196a0                Vm::fpuGetLog210()
                0x00000000c00196b8                Vm::fpuGetLog102()
                0x00000000c00196d0                Vm::fpuIsSecondLarger(unsigned long long, unsigned long long)
                0x00000000c00196e4                Vm::fpuAreEqual(unsigned long long, unsigned long long)
                0x00000000c00196fa                Vm::fpuUnorderedCompare(unsigned long long, unsigned long long)
                0x00000000c0019750                Vm::fpuAdd(unsigned long long, unsigned long long)
                0x00000000c0019761                Vm::fpuAbs(unsigned long long)
                0x00000000c001976a                Vm::fpuChs(unsigned long long)
                0x00000000c001977a                Vm::fpuSub(unsigned long long, unsigned long long)
                0x00000000c0019789                Vm::fpuMultiply(unsigned long long, unsigned long long)
                0x00000000c00197a8                Vm::fpuDivide(unsigned long long, unsigned long long)
                0x00000000c00197c4                Vm::fpuSquare(unsigned long long)
                0x00000000c00197da                Vm::fpuGetReg(int)
                0x00000000c001981d                Vm::fpuSetReg(int, unsigned long long)
                0x00000000c0019869                Vm::fpuPush(unsigned long long)
                0x00000000c00198c7                Vm::fpuPop()
                0x00000000c001991a                Vm::x87Handler(regs*)
 *fill*         0x00000000c001a479        0x3 
 .text          0x00000000c001a47c     0x13b7 fs/fat/vfslink.32
                0x00000000c001a47c                FAT::getName()
                0x00000000c001a484                FAT::tell(void*, unsigned long long*)
                0x00000000c001a4c0                FAT::stat(void*, unsigned long long*)
                0x00000000c001a4fc                FAT::~FAT()
                0x00000000c001a4fc                FAT::~FAT()
                0x00000000c001a520                FAT::~FAT()
                0x00000000c001a548                FAT::getlabel(LogicalDisk*, int, char*, unsigned int*)
                0x00000000c001a5ec                FAT::setlabel(LogicalDisk*, int, char*)
                0x00000000c001a6b0                FAT::format(LogicalDisk*, int, char const*, int)
                0x00000000c001a884                FAT::tryMount(LogicalDisk*, int)
                0x00000000c001aa9c                FAT::allocateSwapfile(char const*, int)
                0x00000000c001ac58                FAT::readDir(void*, unsigned long, void*, int*)
                0x00000000c001adc4                FAT::read(void*, unsigned long, void*, int*)
                0x00000000c001ae24                FAT::write(void*, unsigned long, void*, int*)
                0x00000000c001ae84                FAT::close(void*)
                0x00000000c001aed8                FAT::closeDir(void*)
                0x00000000c001af2c                FAT::seek(void*, unsigned long long)
                0x00000000c001af88                fatWrapperReadDisk
                0x00000000c001afd0                fatWrapperWriteDisk
                0x00000000c001b018                fatWrapperIoctl
                0x00000000c001b128                FAT::FAT()
                0x00000000c001b128                FAT::FAT()
                0x00000000c001b17c                FAT::fixFilepath(char*)
                0x00000000c001b1b8                FAT::open(char const*, void**, FileOpenMode)
                0x00000000c001b2ec                FAT::openDir(char const*, void**)
                0x00000000c001b39c                FAT::stat(char const*, unsigned long long*, bool*)
                0x00000000c001b490                FAT::unlink(char const*)
                0x00000000c001b510                FAT::chfatattr(char const*, unsigned char, unsigned char)
                0x00000000c001b678                FAT::rename(char const*, char const*)
                0x00000000c001b744                FAT::mkdir(char const*)
                0x00000000c001b7c4                FAT::exists(char const*)
 *fill*         0x00000000c001b833        0x1 
 .text          0x00000000c001b834      0xb75 fs/iso9660/vfslink.32
                0x00000000c001b834                ISO9660::format(LogicalDisk*, int, char const*, int)
                0x00000000c001b83a                ISO9660::seek(void*, unsigned long long)
                0x00000000c001b86a                ISO9660::tell(void*, unsigned long long*)
                0x00000000c001b88e                ISO9660::getName()
                0x00000000c001b894                ISO9660::stat(void*, unsigned long long*)
                0x00000000c001b8b8                ISO9660::chfatattr(char const*, unsigned char, unsigned char)
                0x00000000c001b8be                ISO9660::unlink(char const*)
                0x00000000c001b8c4                ISO9660::write(void*, unsigned long, void*, int*)
                0x00000000c001b8ca                ISO9660::rename(char const*, char const*)
                0x00000000c001b8d0                ISO9660::mkdir(char const*)
                0x00000000c001b8d6                ISO9660::close(void*)
                0x00000000c001b8f8                ISO9660::closeDir(void*)
                0x00000000c001b91a                ISO9660::~ISO9660()
                0x00000000c001b91a                ISO9660::~ISO9660()
                0x00000000c001b93e                ISO9660::~ISO9660()
                0x00000000c001b965                __memmem(unsigned char*, int, unsigned char*, int)
                0x00000000c001b9a7                readSectorFromCDROM(unsigned int, unsigned char*, char)
                0x00000000c001ba02                ISO9660::tryMount(LogicalDisk*, int)
                0x00000000c001ba52                ISO9660::read(void*, unsigned long, void*, int*)
                0x00000000c001bc56                ISO9660::readDir(void*, unsigned long, void*, int*)
                0x00000000c001bed0                readRoot(unsigned int*, unsigned int*, char)
                0x00000000c001bf24                readRecursively(char*, unsigned int, unsigned int, unsigned int*, unsigned int*, char, int*)
                0x00000000c001c0f7                getFileData(char*, unsigned int*, unsigned int*, char, int*)
                0x00000000c001c186                ISO9660::open(char const*, void**, FileOpenMode)
                0x00000000c001c234                ISO9660::exists(char const*)
                0x00000000c001c258                ISO9660::stat(char const*, unsigned long long*, bool*)
                0x00000000c001c2ec                ISO9660::openDir(char const*, void**)
                0x00000000c001c386                ISO9660::ISO9660()
                0x00000000c001c386                ISO9660::ISO9660()
 *fill*         0x00000000c001c3a9        0x1 
 .text          0x00000000c001c3aa      0x298 hal/sound/sndcard.32
                0x00000000c001c3aa                SoundCard::beginPlayback()
                0x00000000c001c3b8                SoundCard::stopPlayback()
                0x00000000c001c3c6                SoundCard::SoundCard(char const*)
                0x00000000c001c3c6                SoundCard::SoundCard(char const*)
                0x00000000c001c464                SoundCard::~SoundCard()
                0x00000000c001c464                SoundCard::~SoundCard()
                0x00000000c001c488                SoundCard::~SoundCard()
                0x00000000c001c4b2                SoundCard::configureRates(int, int, int)
                0x00000000c001c4e2                SoundCard::getSamples16(int, short*)
                0x00000000c001c54c                SoundCard::getSamples32(int, int*)
                0x00000000c001c5d2                SoundCard::addChannel(SoundPort*)
                0x00000000c001c62e                SoundCard::removeChannel(int)
 *fill*         0x00000000c001c642        0x2 
 .text          0x00000000c001c644      0x3fb hal/sound/sndport.32
                0x00000000c001c644                SoundPort::SoundPort(int, int, int, int)
                0x00000000c001c644                SoundPort::SoundPort(int, int, int, int)
                0x00000000c001c6d0                SoundPort::~SoundPort()
                0x00000000c001c6d0                SoundPort::~SoundPort()
                0x00000000c001c704                SoundPort::unpause()
                0x00000000c001c710                SoundPort::pause()
                0x00000000c001c71c                SoundPort::getBufferUsed()
                0x00000000c001c724                SoundPort::getBufferSize()
                0x00000000c001c72c                SoundPort::buffer16(short*, int)
                0x00000000c001c7e0                SoundPort::buffer32(int*, int)
                0x00000000c001c88c                SoundPort::unbufferAndAdd16(int, short*, SoundCard*)
                0x00000000c001c988                SoundPort::unbufferAndAdd32(int, int*, SoundCard*)
 .text          0x00000000c001ca3f        0x0 hw/bus/isa.32
 *fill*         0x00000000c001ca3f        0x1 
 .text          0x00000000c001ca40      0xb87 hw/bus/pci.32
                0x00000000c001ca40                PCI::open(int, int, void*)
                0x00000000c001ca5e                PCI::close(int, int, void*)
                0x00000000c001ca62                PCI::PCI()
                0x00000000c001ca62                PCI::PCI()
                0x00000000c001caf8                PCI::readBAR8(unsigned int, int)
                0x00000000c001cb14                PCI::readBAR16(unsigned int, int)
                0x00000000c001cb32                PCI::readBAR32(unsigned int, int)
                0x00000000c001cb4e                PCI::writeBAR8(unsigned int, unsigned char, int)
                0x00000000c001cb6e                PCI::writeBAR16(unsigned int, unsigned short, int)
                0x00000000c001cb90                PCI::writeBAR32(unsigned int, unsigned int, int)
                0x00000000c001cbb0                PCI::legacyMechanism(unsigned char, unsigned char, unsigned char, unsigned char)
                0x00000000c001cc1e                PCI::pciReadWord(unsigned char, unsigned char, unsigned char, unsigned char)
                0x00000000c001ccc6                PCI::getVendorID(unsigned char, unsigned char, unsigned char)
                0x00000000c001ccea                PCI::getHeaderType(unsigned char, unsigned char, unsigned char)
                0x00000000c001cd12                PCI::getClassCode(unsigned char, unsigned char, unsigned char)
                0x00000000c001cd5c                PCI::getProgIF(unsigned char, unsigned char, unsigned char)
                0x00000000c001cd84                PCI::getRevisionID(unsigned char, unsigned char, unsigned char)
                0x00000000c001cda8                PCI::getInterruptNumber(unsigned char, unsigned char, unsigned char)
                0x00000000c001cdcc                PCI::getSecondaryBus(unsigned char, unsigned char, unsigned char)
                0x00000000c001cdf4                PCI::getBARAddress(unsigned char, unsigned char, unsigned char, unsigned char)
                0x00000000c001ce58                PCI::pciWriteWord(unsigned char, unsigned char, unsigned char, unsigned char, unsigned short)
                0x00000000c001cf40                PCI::pciDetailsToFilepath(PCIDeviceInfo, char*)
                0x00000000c001d1ba                PCI::checkBus(unsigned char)
                0x00000000c001d1de                PCI::foundDevice(PCIDeviceInfo)
                0x00000000c001d350                PCI::getDeviceData(unsigned char, unsigned char, unsigned char)
                0x00000000c001d508                PCI::checkDevice(unsigned char, unsigned char)
                0x00000000c001d574                PCI::detect()
 *fill*         0x00000000c001d5c7        0x1 
 .text          0x00000000c001d5c8      0xb4a hw/diskctrl/ide.32
                0x00000000c001d5c8                IDE::close(int, int, void*)
                0x00000000c001d5cc                IDE::IDE()
                0x00000000c001d5cc                IDE::IDE()
                0x00000000c001d600                IDE::prepareInterrupt(unsigned char)
                0x00000000c001d612                selectDrive(unsigned char, unsigned char)
                0x00000000c001d614                IDE::getBase(unsigned char)
                0x00000000c001d626                IDE::write(unsigned char, unsigned char, unsigned char)
                0x00000000c001d6e6                IDE::read(unsigned char, unsigned char)
                0x00000000c001d794                IDE::waitInterrupt(unsigned char)
                0x00000000c001d7f6                ideChannel0IRQHandler(regs*, void*)
                0x00000000c001d812                ideChannel1IRQHandler(regs*, void*)
                0x00000000c001d82e                IDE::enableIRQs(unsigned char, bool)
                0x00000000c001d874                IDE::open(int, int, void*)
                0x00000000c001dc82                IDE::readBuffer(unsigned char, unsigned char, unsigned int, unsigned int)
                0x00000000c001dd4e                IDE::detect()
                0x00000000c001e00e                IDE::printError(unsigned char, unsigned char, unsigned char)
                0x00000000c001e0be                IDE::polling(unsigned char, unsigned int)
 .text          0x00000000c001e112      0x336 hw/diskctrl/satabus.32
                0x00000000c001e112                SATABus::close(int, int, void*)
                0x00000000c001e116                SATABus::detect()
                0x00000000c001e118                SATABus::SATABus()
                0x00000000c001e118                SATABus::SATABus()
                0x00000000c001e19e                SATABus::findCmdslot(SATABus::tagHBA_PORT volatile*)
                0x00000000c001e1e6                SATABus::checkType(SATABus::tagHBA_PORT volatile*)
                0x00000000c001e22e                SATABus::startCmd(SATABus::tagHBA_PORT volatile*)
                0x00000000c001e24e                SATABus::stopCmd(SATABus::tagHBA_PORT volatile*)
                0x00000000c001e278                SATABus::portRebase(SATABus::tagHBA_PORT volatile*, int)
                0x00000000c001e37e                SATABus::probePort(SATABus::tagHBA_MEM volatile*)
                0x00000000c001e428                SATABus::open(int, int, void*)
 .text          0x00000000c001e448      0x684 hw/diskphys/ata.32
                0x00000000c001e448                ATA::close(int, int, void*)
                0x00000000c001e46c                ATA::powerSaving(PowerSavingLevel)
                0x00000000c001e46e                ATA::ATA()
                0x00000000c001e46e                ATA::ATA()
                0x00000000c001e49c                ATA::flush(bool)
                0x00000000c001e4e6                ATA::readyForCommand()
                0x00000000c001e532                ATA::access(unsigned long long, int, void*, bool)
                0x00000000c001e928                ATA::read(unsigned long long, int, void*)
                0x00000000c001e974                ATA::write(unsigned long long, int, void*)
                0x00000000c001e9d6                ATA::detectCHS()
                0x00000000c001ea00                ATA::open(int, int, void*)
 .text          0x00000000c001eacc      0x5b9 hw/diskphys/atapi.32
                0x00000000c001eacc                ATAPI::write(unsigned long long, int, void*)
                0x00000000c001ead2                ATAPI::close(int, int, void*)
                0x00000000c001eaf6                ATAPI::ATAPI()
                0x00000000c001eaf6                ATAPI::ATAPI()
                0x00000000c001eb24                ATAPI::readyForCommand()
                0x00000000c001eb70                ATAPI::sendPacket(unsigned char*, int, bool, unsigned short*, int)
                0x00000000c001ee30                ATAPI::diskRemoved()
                0x00000000c001ee4c                ATAPI::eject()
                0x00000000c001ee94                ATAPI::diskInserted()
                0x00000000c001eec2                ATAPI::detectMedia()
                0x00000000c001ef7e                ATAPI::open(int, int, void*)
                0x00000000c001f006                ATAPI::read(unsigned long long, int, void*)
 *fill*         0x00000000c001f085        0x1 
 .text          0x00000000c001f086      0x41c hw/diskphys/sata.32
                0x00000000c001f086                SATA::close(int, int, void*)
                0x00000000c001f0aa                SATA::powerSaving(PowerSavingLevel)
                0x00000000c001f0ac                SATA::open(int, int, void*)
                0x00000000c001f156                SATA::SATA()
                0x00000000c001f156                SATA::SATA()
                0x00000000c001f184                SATA::access(unsigned long long, int, void*, bool)
                0x00000000c001f3ea                SATA::read(unsigned long long, int, void*)
                0x00000000c001f436                SATA::write(unsigned long long, int, void*)
 .text          0x00000000c001f4a2      0x4fe hw/diskphys/satapi.32
                0x00000000c001f4a2                SATAPI::write(unsigned long long, int, void*)
                0x00000000c001f4a8                SATAPI::close(int, int, void*)
                0x00000000c001f4cc                SATAPI::SATAPI()
                0x00000000c001f4cc                SATAPI::SATAPI()
                0x00000000c001f4fa                SATAPI::diskRemoved()
                0x00000000c001f516                SATAPI::diskInserted()
                0x00000000c001f544                SATAPI::sendPacket(unsigned char*, int, unsigned long long, unsigned short*, int)
                0x00000000c001f74c                SATAPI::eject()
                0x00000000c001f794                SATAPI::detectMedia()
                0x00000000c001f856                SATAPI::open(int, int, void*)
                0x00000000c001f8fe                SATAPI::read(unsigned long long, int, void*)
 .text          0x00000000c001f9a0       0x94 hw/fpu/avx.32
                0x00000000c001f9a0                AVX::open(int, int, void*)
                0x00000000c001f9b4                AVX::close(int, int, void*)
                0x00000000c001f9c8                AVX::available()
                0x00000000c001f9dc                AVX::save(void*)
                0x00000000c001f9f4                AVX::load(void*)
                0x00000000c001fa0c                AVX::AVX()
                0x00000000c001fa0c                AVX::AVX()
 .text          0x00000000c001fa34       0x94 hw/fpu/mmx.32
                0x00000000c001fa34                MMX::available()
                0x00000000c001fa48                MMX::open(int, int, void*)
                0x00000000c001fa5c                MMX::close(int, int, void*)
                0x00000000c001fa70                MMX::save(void*)
                0x00000000c001fa88                MMX::load(void*)
                0x00000000c001faa0                MMX::MMX()
                0x00000000c001faa0                MMX::MMX()
 .text          0x00000000c001fac8       0x9c hw/fpu/sse.32
                0x00000000c001fac8                SSE::open(int, int, void*)
                0x00000000c001fadc                SSE::close(int, int, void*)
                0x00000000c001faf0                SSE::available()
                0x00000000c001fb0c                SSE::save(void*)
                0x00000000c001fb24                SSE::load(void*)
                0x00000000c001fb3c                SSE::SSE()
                0x00000000c001fb3c                SSE::SSE()
 .text          0x00000000c001fb64       0x94 hw/fpu/x87.32
                0x00000000c001fb64                x87::open(int, int, void*)
                0x00000000c001fb78                x87::close(int, int, void*)
                0x00000000c001fb8c                x87::available()
                0x00000000c001fba0                x87::save(void*)
                0x00000000c001fbb8                x87::load(void*)
                0x00000000c001fbd0                x87::x87()
                0x00000000c001fbd0                x87::x87()
 .text          0x00000000c001fbf8      0x71e hw/intctrl/apic.32
                0x00000000c001fbf8                APIC::disable()
                0x00000000c001fbfa                APIC::close(int, int, void*)
                0x00000000c001fc1c                IOAPIC::close(int, int, void*)
                0x00000000c001fc22                APIC::io_wait()
                0x00000000c001fc28                APIC::getBase()
                0x00000000c001fc6a                APIC::eoi(unsigned char)
                0x00000000c001fc98                APIC::open(int, int, void*)
                0x00000000c001fde6                IOAPIC::IOAPIC()
                0x00000000c001fde6                IOAPIC::IOAPIC()
                0x00000000c001fe0e                APIC::APIC()
                0x00000000c001fe0e                APIC::APIC()
                0x00000000c001feea                IOAPIC::handlesGSIWithNumber(unsigned int)
                0x00000000c001ff1c                IOAPIC::read(int)
                0x00000000c001ff44                IOAPIC::open(int, int, void*)
                0x00000000c002003a                IOAPIC::write(int, int)
                0x00000000c0020066                IOAPIC::redirect(unsigned char, unsigned long long, unsigned char, bool, bool)
                0x00000000c0020160                APIC::installIRQHandler(int, void (*)(regs*, void*), bool, void*)
 .text          0x00000000c0020316      0x3d3 hw/intctrl/pic.32
                0x00000000c0020316                PIC::disable()
                0x00000000c0020344                PIC::close(int, int, void*)
                0x00000000c0020366                PIC::PIC()
                0x00000000c0020366                PIC::PIC()
                0x00000000c002043c                PIC::ioWait()
                0x00000000c0020442                PIC::getIRQReg(int)
                0x00000000c00204ac                PIC::eoi(unsigned char)
                0x00000000c002053e                PIC::remap()
                0x00000000c00206aa                PIC::open(int, int, void*)
 *fill*         0x00000000c00206e9        0x3 
 .text          0x00000000c00206ec      0x240 hw/timer/apictimer.32
                0x00000000c00206ec                APICTimer::close(int, int, void*)
                0x00000000c00206f4                apicTimerHandler(regs*, void*)
                0x00000000c002071c                APICTimer::write(int)
                0x00000000c0020804                APICTimer::open(int, int, void*)
                0x00000000c0020904                APICTimer::APICTimer()
                0x00000000c0020904                APICTimer::APICTimer()
 .text          0x00000000c002092c      0x1a3 hw/timer/pit.32
                0x00000000c002092c                PIT::write(int)
                0x00000000c00209ac                pitHandler(regs*, void*)
                0x00000000c00209d0                PIT::open(int, int, void*)
                0x00000000c0020a20                PIT::close(int, int, void*)
                0x00000000c0020a50                PIT::PIT()
                0x00000000c0020a50                PIT::PIT()
 *fill*         0x00000000c0020acf        0x1 
 .text          0x00000000c0020ad0       0x1e hw/fpu/x86/avx.32
                0x00000000c0020ad0                avxDetect
                0x00000000c0020ad6                avxSave
                0x00000000c0020ad7                avxLoad
                0x00000000c0020ad8                avxInit
                0x00000000c0020ad9                avxClose
                0x00000000c0020ada                wouldSheSayYes
 *fill*         0x00000000c0020aee        0x2 
 .text          0x00000000c0020af0       0x35 hw/fpu/x86/sse.32
                0x00000000c0020af0                absolutelyNoChanceInHell
                0x00000000c0020af0                sseDetect
                0x00000000c0020b08                sseSave
                0x00000000c0020b0e                sseLoad
                0x00000000c0020b14                sseInit
                0x00000000c0020b24                sseClose
 *fill*         0x00000000c0020b25        0xb 
 .text          0x00000000c0020b30       0x4d hw/fpu/x86/x87.32
                0x00000000c0020b36                x87Detect
                0x00000000c0020b51                x87Save
                0x00000000c0020b5a                x87Load
                0x00000000c0020b62                x87Init
                0x00000000c0020b7c                x87Close
 *fill*         0x00000000c0020b7d        0x3 
 .text          0x00000000c0020b80       0x25 /cygdrive/d/Users/Alex/Desktop/Toolchain/Output/bin/../lib/gcc/i386-banana/8.1.0/crtend.o
 .text          0x00000000c0020ba5        0x0 crtn.32
 *fill*         0x00000000c0020ba5        0x3 
 .text          0x00000000c0020ba8      0x14b /cygdrive/d/Users/Alex/Desktop/Toolchain/Output/bin/../lib/gcc/i386-banana/8.1.0/libkgcc.a(_divdi3.o)
                0x00000000c0020ba8                __divdi3
 *fill*         0x00000000c0020cf3        0x1 
 .text          0x00000000c0020cf4      0x17e /cygdrive/d/Users/Alex/Desktop/Toolchain/Output/bin/../lib/gcc/i386-banana/8.1.0/libkgcc.a(_moddi3.o)
                0x00000000c0020cf4                __moddi3
 *fill*         0x00000000c0020e72        0x2 
 .text          0x00000000c0020e74       0xff /cygdrive/d/Users/Alex/Desktop/Toolchain/Output/bin/../lib/gcc/i386-banana/8.1.0/libkgcc.a(_udivdi3.o)
                0x00000000c0020e74                __udivdi3
 *fill*         0x00000000c0020f73        0x1 
 .text          0x00000000c0020f74      0x11a /cygdrive/d/Users/Alex/Desktop/Toolchain/Output/bin/../lib/gcc/i386-banana/8.1.0/libkgcc.a(_umoddi3.o)
                0x00000000c0020f74                __umoddi3
 *(.gnu.linkonce.t*)

.iplt           0x00000000c0021090        0x0
 .iplt          0x00000000c0021090        0x0 D:/Users/Alex/Desktop/Banana/kernel/boot.32

.init           0x00000000c002108e        0xf
 .init          0x00000000c002108e        0x3 crti.32
                0x00000000c002108e                _init
 .init          0x00000000c0021091        0x5 /cygdrive/d/Users/Alex/Desktop/Toolchain/Output/bin/../lib/gcc/i386-banana/8.1.0/crtbegin.o
 .init          0x00000000c0021096        0x5 /cygdrive/d/Users/Alex/Desktop/Toolchain/Output/bin/../lib/gcc/i386-banana/8.1.0/crtend.o
 .init          0x00000000c002109b        0x2 crtn.32

.fini           0x00000000c002109d        0xa
 .fini          0x00000000c002109d        0x3 crti.32
                0x00000000c002109d                _fini
 .fini          0x00000000c00210a0        0x5 /cygdrive/d/Users/Alex/Desktop/Toolchain/Output/bin/../lib/gcc/i386-banana/8.1.0/crtbegin.o
 .fini          0x00000000c00210a5        0x2 crtn.32

.text._ZN8ComputerD2Ev
                0x00000000c00210a8       0x23
 .text._ZN8ComputerD2Ev
                0x00000000c00210a8       0x23 core/computer.32
                0x00000000c00210a8                Computer::~Computer()
                0x00000000c00210a8                Computer::~Computer()

.text._ZN8ComputerD0Ev
                0x00000000c00210cc       0x2a
 .text._ZN8ComputerD0Ev
                0x00000000c00210cc       0x2a core/computer.32
                0x00000000c00210cc                Computer::~Computer()

.text._Z10idleCommonv
                0x00000000c00210f6       0x21
 .text._Z10idleCommonv
                0x00000000c00210f6       0x21 core/idle.32
                0x00000000c00210f6                idleCommon()

.text._ZN10LinkedListI8UnixFileED2Ev
                0x00000000c0021118        0x2
 .text._ZN10LinkedListI8UnixFileED2Ev
                0x00000000c0021118        0x2 core/unixfile.32
                0x00000000c0021118                LinkedList<UnixFile>::~LinkedList()
                0x00000000c0021118                LinkedList<UnixFile>::~LinkedList()

.text._ZN10LinkedListI8UnixFileEC2Ev
                0x00000000c002111a       0x42
 .text._ZN10LinkedListI8UnixFileEC2Ev
                0x00000000c002111a       0x42 core/unixfile.32
                0x00000000c002111a                LinkedList<UnixFile>::LinkedList()
                0x00000000c002111a                LinkedList<UnixFile>::LinkedList()

.text._ZN10LinkedListI8UnixFileE10addElementEPS0_
                0x00000000c002115c       0xd3
 .text._ZN10LinkedListI8UnixFileE10addElementEPS0_
                0x00000000c002115c       0xd3 core/unixfile.32
                0x00000000c002115c                LinkedList<UnixFile>::addElement(UnixFile*)

.text._ZN10LinkedListI8UnixFileE15getFirstElementEv
                0x00000000c0021230        0x7
 .text._ZN10LinkedListI8UnixFileE15getFirstElementEv
                0x00000000c0021230        0x7 core/unixfile.32
                0x00000000c0021230                LinkedList<UnixFile>::getFirstElement()

.text._ZN10LinkedListI8UnixFileE11removeFirstEv
                0x00000000c0021238       0xa1
 .text._ZN10LinkedListI8UnixFileE11removeFirstEv