Archive member included to satisfy reference by file (symbol)

/cygdrive/d/Users/Alex/Desktop/Toolchain/Output/bin/../lib/gcc/i386-banana/8.1.0/libkgcc.a(_divdi3.o)
                              fs/fat/ff.32 (__divdi3)
/cygdrive/d/Users/Alex/Desktop/Toolchain/Output/bin/../lib/gcc/i386-banana/8.1.0/libkgcc.a(_moddi3.o)
                              compat/resolve.32 (__moddi3)
/cygdrive/d/Users/Alex/Desktop/Toolchain/Output/bin/../lib/gcc/i386-banana/8.1.0/libkgcc.a(_udivdi3.o)
                              fs/fat/ff.32 (__udivdi3)
/cygdrive/d/Users/Alex/Desktop/Toolchain/Output/bin/../lib/gcc/i386-banana/8.1.0/libkgcc.a(_umoddi3.o)
                              compat/resolve.32 (__umoddi3)

Discarded input sections

 .comment       0x0000000000000000       0x12 /cygdrive/d/Users/Alex/Desktop/Toolchain/Output/bin/../lib/gcc/i386-banana/8.1.0/crtbegin.o
 .comment       0x0000000000000000       0x12 acpica/utclib.32
 .comment       0x0000000000000000       0x12 core/malloc.32
 .comment       0x0000000000000000       0x12 libk/string.32
 .comment       0x0000000000000000       0x12 fs/fat/diskio.32
 .comment       0x0000000000000000       0x12 fs/fat/ff.32
 .comment       0x0000000000000000       0x12 fs/fat/ffsystem.32
 .comment       0x0000000000000000       0x12 fs/fat/ffunicode.32
 .comment       0x0000000000000000       0x12 compat/inlines.32
 .comment       0x0000000000000000       0x12 compat/resolve.32
 .group         0x0000000000000000       0x14 core/computer.32
 .group         0x0000000000000000        0xc core/computer.32
 .comment       0x0000000000000000       0x12 core/computer.32
 .comment       0x0000000000000000       0x12 core/gdt.32
 .group         0x0000000000000000        0xc core/idle.32
 .comment       0x0000000000000000       0x12 core/idle.32
 .comment       0x0000000000000000       0x12 core/idt.32
 .comment       0x0000000000000000       0x12 core/kheap.32
 .comment       0x0000000000000000       0x12 core/main.32
 .comment       0x0000000000000000       0x12 core/physmgr.32
 .group         0x0000000000000000        0xc core/pipe.32
 .comment       0x0000000000000000       0x12 core/pipe.32
 .group         0x0000000000000000        0xc core/terminal.32
 .comment       0x0000000000000000       0x12 core/terminal.32
 .comment       0x0000000000000000       0x12 core/tss.32
 .group         0x0000000000000000        0x8 core/unixfile.32
 .group         0x0000000000000000        0x8 core/unixfile.32
 .group         0x0000000000000000        0xc core/unixfile.32
 .group         0x0000000000000000        0x8 core/unixfile.32
 .group         0x0000000000000000        0xc core/unixfile.32
 .group         0x0000000000000000        0x8 core/unixfile.32
 .group         0x0000000000000000        0xc core/unixfile.32
 .group         0x0000000000000000        0xc core/unixfile.32
 .comment       0x0000000000000000       0x12 core/unixfile.32
 .comment       0x0000000000000000       0x12 core/virtmgr.32
 .comment       0x0000000000000000       0x12 coreobjs/c++.32
 .comment       0x0000000000000000       0x12 dbg/kconsole.32
 .group         0x0000000000000000        0xc fs/vfs.32
 .group         0x0000000000000000        0xc fs/vfs.32
 .group         0x0000000000000000        0xc fs/vfs.32
 .comment       0x0000000000000000       0x12 fs/vfs.32
 .group         0x0000000000000000        0xc hal/bus.32
 .comment       0x0000000000000000       0x12 hal/bus.32
 .comment       0x0000000000000000       0x12 hal/buzzer.32
 .group         0x0000000000000000        0xc hal/clock.32
 .comment       0x0000000000000000       0x12 hal/clock.32
 .group         0x0000000000000000       0x14 hal/device.32
 .group         0x0000000000000000        0xc hal/device.32
 .group         0x0000000000000000        0x8 hal/device.32
 .group         0x0000000000000000        0xc hal/device.32
 .group         0x0000000000000000        0xc hal/device.32
 .comment       0x0000000000000000       0x12 hal/device.32
 .group         0x0000000000000000        0xc hal/diskctrl.32
 .comment       0x0000000000000000       0x12 hal/diskctrl.32
 .group         0x0000000000000000        0xc hal/diskphys.32
 .comment       0x0000000000000000       0x12 hal/diskphys.32
 .group         0x0000000000000000        0xc hal/fpu.32
 .comment       0x0000000000000000       0x12 hal/fpu.32
 .group         0x0000000000000000        0xc hal/intctrl.32
 .comment       0x0000000000000000       0x12 hal/intctrl.32
 .group         0x0000000000000000        0xc hal/keybrd.32
 .comment       0x0000000000000000       0x12 hal/keybrd.32
 .group         0x0000000000000000        0xc hal/logidisk.32
 .comment       0x0000000000000000       0x12 hal/logidisk.32
 .group         0x0000000000000000        0xc hal/mouse.32
 .comment       0x0000000000000000       0x12 hal/mouse.32
 .comment       0x0000000000000000       0x12 hal/partition.32
 .group         0x0000000000000000        0xc hal/serial.32
 .comment       0x0000000000000000       0x12 hal/serial.32
[...]
Memory Configuration

Name             Origin             Length             Attributes
*default*        0x0000000000000000 0xffffffffffffffff

Linker script and memory map

LOAD D:/Users/Alex/Desktop/Banana/kernel/boot.32
LOAD crti.32
LOAD /cygdrive/d/Users/Alex/Desktop/Toolchain/Output/bin/../lib/gcc/i386-banana/8.1.0/crtbegin.o
LOAD D:/Users/Alex/Desktop/Banana/kernel/morenasm.32
LOAD acpica/utclib.32
LOAD core/malloc.32
LOAD libk/string.32
LOAD fs/fat/diskio.32
LOAD fs/fat/ff.32
LOAD fs/fat/ffsystem.32
LOAD fs/fat/ffunicode.32
LOAD compat/inlines.32
LOAD compat/resolve.32
LOAD core/computer.32
LOAD core/gdt.32
LOAD core/idle.32
LOAD core/idt.32
LOAD core/kheap.32
LOAD core/main.32
LOAD core/physmgr.32
LOAD core/pipe.32
LOAD core/terminal.32
LOAD core/tss.32
LOAD core/unixfile.32
LOAD core/virtmgr.32
LOAD coreobjs/c++.32
LOAD dbg/kconsole.32
LOAD fs/vfs.32
LOAD hal/bus.32
LOAD hal/buzzer.32
LOAD hal/clock.32
LOAD hal/device.32
LOAD hal/diskctrl.32
LOAD hal/diskphys.32
LOAD hal/fpu.32
LOAD hal/intctrl.32
LOAD hal/keybrd.32
LOAD hal/logidisk.32
LOAD hal/mouse.32
LOAD hal/partition.32
LOAD hal/serial.32
LOAD hal/timer.32
LOAD hal/vcache.32
LOAD hal/video.32
LOAD hw/acpi.32
LOAD hw/cpu.32
LOAD hw/ports.32
LOAD hw/smp.32
LOAD krnl/env.32
LOAD krnl/panic.32
LOAD krnl/powctrl.32
LOAD net/ethernet.32
LOAD reg/registry.32
LOAD sys/sc_eject.32
LOAD sys/sc_exit.32
LOAD sys/sc_getcwd.32
LOAD sys/sc_getpid.32
LOAD sys/sc_getramdata.32
LOAD sys/sc_getvgaptr.32
LOAD sys/sc_loaddll.32
LOAD sys/sc_read.32
LOAD sys/sc_sbrk.32
LOAD sys/sc_setcwd.32
LOAD sys/sc_settime.32
LOAD sys/sc_timezone.32
LOAD sys/sc_write.32
LOAD sys/sc_wsbe.32
LOAD sys/sc_yield.32
LOAD sys/syscalls.32
LOAD thr/elf.32
LOAD thr/prcssthr.32
LOAD vm86/vm8086.32
LOAD vm86/x87em.32
LOAD arch/i386/hal.32
LOAD fs/fat/vfslink.32
LOAD fs/iso9660/vfslink.32
LOAD hal/sound/sndcard.32
LOAD hal/sound/sndport.32
LOAD hw/bus/isa.32
LOAD hw/bus/pci.32
LOAD hw/diskctrl/ide.32
LOAD hw/diskctrl/satabus.32
LOAD hw/diskphys/ata.32
LOAD hw/diskphys/atapi.32
LOAD hw/diskphys/sata.32
LOAD hw/diskphys/satapi.32
LOAD hw/fpu/avx.32
LOAD hw/fpu/mmx.32
LOAD hw/fpu/sse.32
LOAD hw/fpu/x87.32
LOAD hw/intctrl/apic.32
LOAD hw/intctrl/pic.32
LOAD hw/timer/apictimer.32
LOAD hw/timer/pit.32
LOAD arch/i386/avx.32
LOAD arch/i386/rdrand.32
LOAD arch/i386/sse.32
LOAD arch/i386/x87.32
LOAD /cygdrive/d/Users/Alex/Desktop/Toolchain/Output/bin/../lib/gcc/i386-banana/8.1.0/crtend.o
LOAD crtn.32
LOAD /cygdrive/d/Users/Alex/Desktop/Toolchain/Output/bin/../lib/gcc/i386-banana/8.1.0/libkgcc.a
LOAD D:/Users/Alex/Desktop/Banana/kernel/libsoftfp.a
LOAD D:/Users/Alex/Desktop/Banana/kernel/libk/libm32.a
                0x00000000c0000000                . = 0xc0000000

.text           0x00000000c0000000    0x22f9a
 *(.text)
 .text          0x00000000c0000000       0x41 D:/Users/Alex/Desktop/Banana/kernel/boot.32
                0x00000000c0000020                callGlobalConstructors
 .text          0x00000000c0000041        0x0 crti.32
 *fill*         0x00000000c0000041        0x3 
 .text          0x00000000c0000044      0x101 /cygdrive/d/Users/Alex/Desktop/Toolchain/Output/bin/../lib/gcc/i386-banana/8.1.0/crtbegin.o
 *fill*         0x00000000c0000145        0xb 
 .text          0x00000000c0000150      0x430 D:/Users/Alex/Desktop/Banana/kernel/morenasm.32
                0x00000000c0000150                manualPCIProbe
                0x00000000c000019b                prepareTramp
                0x00000000c00001b4                doTPAUSE
                0x00000000c00001be                hasLegacyFPU
                0x00000000c00001e3                is486
                0x00000000c0000219                detectCPUID
                0x00000000c000022f                goToVM86
                0x00000000c000025f                goToUsermode
                0x00000000c0000289                switchToThreadASMFirstTime
                0x00000000c0000297                switchToThreadASM
                0x00000000c0000327                asmQuickAcquireLock
                0x00000000c0000345                asmQuickReleaseLock
                0x00000000c0000351                asmAcquireLock
                0x00000000c0000372                asmReleaseLock
                0x00000000c0000385                loadGDT
                0x00000000c00003a5                isr0
                0x00000000c00003b5                isr1
                0x00000000c00003bf                isr2
                0x00000000c00003c9                isr3
                0x00000000c00003d3                isr4
                0x00000000c00003dd                isr5
                0x00000000c00003e7                isr6
                0x00000000c00003f1                isr7
                0x00000000c00003fb                isr8
                0x00000000c0000403                isr9
                0x00000000c000040d                isr10
                0x00000000c0000415                isr11
                0x00000000c000041d                isr12
                0x00000000c0000425                isr13
                0x00000000c000042d                isr14
                0x00000000c0000435                isr15
                0x00000000c000043f                isr16
                0x00000000c0000449                isr17
                0x00000000c0000453                isr18
                0x00000000c000045d                irq3
                0x00000000c0000467                irq4
                0x00000000c0000471                irq5
                0x00000000c000047b                irq6
                0x00000000c0000485                irq7
                0x00000000c000048f                irq8
                0x00000000c0000499                irq9
                0x00000000c00004a3                irq10
                0x00000000c00004ad                irq11
                0x00000000c00004b7                irq12
                0x00000000c00004c1                irq13
                0x00000000c00004cb                irq14
                0x00000000c00004d5                irq15
                0x00000000c00004df                irq1
                0x00000000c00004e6                irq2
                0x00000000c00004ed                isr96
                0x00000000c00004f4                irq0
                0x00000000c00004f9                int_common_stub
                0x00000000c00004f9                syscall_common_stub
                0x00000000c000052b                irq16
                0x00000000c0000535                irq17
                0x00000000c000053f                irq18
                0x00000000c0000549                irq19
                0x00000000c0000553                irq20
                0x00000000c000055d                irq21
                0x00000000c0000567                irq22
                0x00000000c0000571                irq23
                0x00000000c000057b                memcpy
 .text          0x00000000c0000580      0x5dd acpica/utclib.32
                0x00000000c0000580                memcmp
                0x00000000c00005bc                memmove
                0x00000000c0000684                memset
                0x00000000c00006a0                strlen
                0x00000000c00006b8                strpbrk
                0x00000000c00006f4                strtok
                0x00000000c0000740                strcpy
                0x00000000c0000764                strncpy
                0x00000000c00007cc                strcmp
                0x00000000c000080c                strchr
                0x00000000c0000830                strncmp
                0x00000000c0000880                strcat
                0x00000000c00008b0                strncat
                0x00000000c00008ec                strstr
                0x00000000c0000934                toupper
                0x00000000c0000948                tolower
                0x00000000c000095c                simple_strtoul
 .text          0x00000000c0000b5d      0xfad core/malloc.32
                0x00000000c0000cc8                dlfree
                0x00000000c0001023                dlmalloc
                0x00000000c0001560                dlrealloc
                0x00000000c0001703                dlmemalign
                0x00000000c0001826                dlcalloc
                0x00000000c00018c0                dlcfree
                0x00000000c00018c5                dlindependent_calloc
                0x00000000c00018ea                dlindependent_comalloc
                0x00000000c0001901                dlvalloc
                0x00000000c000192c                dlpvalloc
                0x00000000c0001962                dlmalloc_trim
                0x00000000c000196f                dlmalloc_usable_size
                0x00000000c00019a0                dlmallinfo
                0x00000000c0001a6f                dlmalloc_stats
                0x00000000c0001a80                dlmallopt
 .text          0x00000000c0001b0a        0x0 libk/string.32
 .text          0x00000000c0001b0a       0x51 fs/fat/diskio.32
                0x00000000c0001b0a                disk_status
                0x00000000c0001b0d                disk_initialize
                0x00000000c0001b10                disk_read
                0x00000000c0001b26                disk_write
                0x00000000c0001b3c                disk_ioctl
 .text          0x00000000c0001b5b     0x6a69 fs/fat/ff.32
                0x00000000c0004e29                f_mount
                0x00000000c0004e8b                f_open
                0x00000000c00052c7                f_read
                0x00000000c0005547                f_write
                0x00000000c0005801                f_sync
                0x00000000c00059dd                f_close
                0x00000000c0005a0c                f_lseek
                0x00000000c0005ec3                f_opendir
                0x00000000c0005fc5                f_closedir
                0x00000000c0005fe7                f_readdir
                0x00000000c0006082                f_stat
                0x00000000c0006111                f_getfree
                0x00000000c00062dc                f_truncate
                0x00000000c00063d4                f_unlink
                0x00000000c0006557                f_mkdir
                0x00000000c0006783                f_rename
                0x00000000c0006a76                f_chmod
                0x00000000c0006b54                f_utime
                0x00000000c0006c32                f_getlabel
                0x00000000c0006e20                f_setlabel
                0x00000000c000708d                f_expand
                0x00000000c00072c3                f_forward
                0x00000000c00074a1                f_mkfs
 .text          0x00000000c00085c4       0x2f fs/fat/ffsystem.32
                0x00000000c00085c4                ff_memalloc
                0x00000000c00085dc                ff_memfree
 *fill*         0x00000000c00085f3        0x1 
 .text          0x00000000c00085f4      0x274 fs/fat/ffunicode.32
                0x00000000c00085f4                ff_uni2oem
                0x00000000c000868c                ff_oem2uni
                0x00000000c0008700                ff_wtoupper
 .text          0x00000000c0008868       0xa7 compat/inlines.32
                0x00000000c0008868                CPU::current()
                0x00000000c0008874                operator new(unsigned long)
                0x00000000c0008879                operator delete(void*)
                0x00000000c000887e                disableIRQs()
                0x00000000c0008886                enableIRQs()
                0x00000000c0008895                lockScheduler()
                0x00000000c000889d                unlockScheduler()
                0x00000000c00088ac                lockStuff()
                0x00000000c00088ba                unlockStuff()
                0x00000000c00088f4                Virt::getAKernelVAS()
                0x00000000c00088fa                __not_memcpy
 *fill*         0x00000000c000890f        0x1 
 .text          0x00000000c0008910      0x118 compat/resolve.32
                0x00000000c0008910                Krnl::resolveCompatibilitySymbol(char*)
 .text          0x00000000c0008a28      0xafd core/computer.32
                0x00000000c0008a28                Computer::close(int, int, void*)
                0x00000000c0008a6c                Krnl::firstTask()
                0x00000000c0008bc0                Computer::Computer()
                0x00000000c0008bc0                Computer::Computer()
                0x00000000c0008d1c                Computer::setBootMessage(char const*)
                0x00000000c0008d1e                Computer::detectFeatures()
                0x00000000c0008f28                Computer::displayFeatures()
                0x00000000c000926e                Computer::rdmsr(unsigned int)
                0x00000000c000929a                Computer::wrmsr(unsigned int, unsigned long long)
                0x00000000c00092d2                Computer::shutdown()
                0x00000000c00092ea                Computer::restart()
                0x00000000c0009302                Computer::sleep()
                0x00000000c0009316                Computer::nmiEnabled()
                0x00000000c0009322                Computer::readCMOS(unsigned char)
                0x00000000c000933c                Computer::enableNMI(bool)
                0x00000000c0009354                Computer::open(int, int, void*)
                0x00000000c0009468                Computer::disableNMI()
                0x00000000c0009476                Computer::writeCMOS(unsigned char, unsigned char)
                0x00000000c0009494                Computer::handleNMI()
                0x00000000c00094fa                Computer::setDiskActivityLight(int, bool)
 *fill*         0x00000000c0009525        0x1 
 .text          0x00000000c0009526      0x211 core/gdt.32
                0x00000000c0009526                GDTEntry::setBase(unsigned int)
                0x00000000c0009542                GDTEntry::setLimit(unsigned int)
                0x00000000c0009560                GDT::GDT()
                0x00000000c0009560                GDT::GDT()
                0x00000000c0009576                GDT::addEntry(GDTEntry)
                0x00000000c0009598                GDT::getNumberOfEntries()
                0x00000000c00095a0                GDT::flush()
                0x00000000c00095c2                GDT::setup()
 .text          0x00000000c0009737       0x6b core/idle.32
                0x00000000c0009737                idleFunction(void*)
 *fill*         0x00000000c00097a2        0x2 
 .text          0x00000000c00097a4      0x464 core/idt.32
                0x00000000c00097a4                IDTEntry::IDTEntry(bool)
                0x00000000c00097a4                IDTEntry::IDTEntry(bool)
                0x00000000c0009816                IDTEntry::setOffset(unsigned int)
                0x00000000c000982c                IDT::IDT()
                0x00000000c000982c                IDT::IDT()
                0x00000000c000982e                IDT::getPointerToInvalidOpcodeEntryForF00F()
                0x00000000c0009836                IDT::addEntry(IDTEntry, int)
                0x00000000c0009850                IDT::addEntry(int, void (*)(), bool)
                0x00000000c0009888                IDT::flush()
                0x00000000c00098a2                IDT::setup()
 .text          0x00000000c0009c08      0x191 core/kheap.32
                0x00000000c0009c08                sbrk
                0x00000000c0009cab                mmap
                0x00000000c0009cc1                munmap
                0x00000000c0009cd7                liballoc_lock()
                0x00000000c0009ce4                liballoc_unlock()
                0x00000000c0009cf8                liballoc_alloc(int)
                0x00000000c0009d10                liballoc_free(void*, int)
                0x00000000c0009d2b                realloc
                0x00000000c0009d3f                malloc
                0x00000000c0009d4f                free
                0x00000000c0009d5f                rfree
                0x00000000c0009d6f                calloc
 .text          0x00000000c0009d99      0x437 core/main.32
                0x00000000c0009d99                Krnl::setBootMessage(char const*)
                0x00000000c0009e05                kernel_main
 .text          0x00000000c000a1d0      0x668 core/physmgr.32
                0x00000000c000a1d0                Phys::allocateDMA(unsigned long)
                0x00000000c000a2df                Phys::freeDMA(unsigned long, unsigned long)
                0x00000000c000a325                Phys::setPageState(unsigned long, bool)
                0x00000000c000a357                Phys::getPageState(unsigned long)
                0x00000000c000a373                Phys::freePage(unsigned long)
                0x00000000c000a3f6                Phys::allocatePage()
                0x00000000c000a4e1                Phys::allocateContiguousPages(int)
                0x00000000c000a53d                Phys::allowSegmentToBeUsed(unsigned long, unsigned long)
                0x00000000c000a575                Phys::physicalMemorySetup(unsigned int)
 .text          0x00000000c000a838      0x273 core/pipe.32
                0x00000000c000a838                Pipe::isAtty()
                0x00000000c000a83c                Pipe::~Pipe()
                0x00000000c000a83c                Pipe::~Pipe()
                0x00000000c000a860                Pipe::~Pipe()
                0x00000000c000a888                Pipe::read(unsigned long long, void*, int*)
                0x00000000c000a984                Pipe::write(unsigned long long, void*, int*)
                0x00000000c000aa44                Pipe::Pipe(int)
                0x00000000c000aa44                Pipe::Pipe(int)
 *fill*         0x00000000c000aaab        0x1 
 .text          0x00000000c000aaac      0xb85 core/terminal.32
                0x00000000c000aaac                VgaText::isAtty()
                0x00000000c000aab0                VgaText::~VgaText()
                0x00000000c000aab0                VgaText::~VgaText()
                0x00000000c000aad4                VgaText::~VgaText()
                0x00000000c000aafe                VgaText::read(unsigned long long, void*, int*)
                0x00000000c000ab1e                setTerminalScrollLock(bool)
                0x00000000c000ab1f                addToTerminalCycle(VgaText*)
                0x00000000c000ab40                installVgaTextImplementation()
                0x00000000c000ab55                scrollTerminalScrollLock(int)
                0x00000000c000ab56                VgaText::updateTitle()
                0x00000000c000ab94                VgaText::load()
                0x00000000c000abe2                VgaText::updateCursor()
                0x00000000c000abf8                VgaText::doANSI_SGR(int)
                0x00000000c000ac6c                VgaText::setDefaultBgColour(VgaColour)
                0x00000000c000ac7c                VgaText::setDefaultFgColour(VgaColour)
                0x00000000c000ac8c                VgaText::setDefaultColours(VgaColour, VgaColour)
                0x00000000c000acac                VgaText::setTitleTextColour(VgaColour)
                0x00000000c000acbc                VgaText::setTitleColour(VgaColour)
                0x00000000c000accc                VgaText::setTitle(char*)
                0x00000000c000acf2                VgaText::combineColours(unsigned char, unsigned char)
                0x00000000c000ad04                VgaText::scrollScreen()
                0x00000000c000ad98                VgaText::combineCharAndColour(char, unsigned char)
                0x00000000c000adaa                VgaText::writeCharacter(char, VgaColour, VgaColour, int, int)
                0x00000000c000ae06                VgaText::getCursorX()
                0x00000000c000ae0e                VgaText::getCursorY()
                0x00000000c000ae16                VgaText::setCursor(int, int)
                0x00000000c000ae2d                setActiveTerminal(VgaText*)
                0x00000000c000ae8f                doTerminalCycle()
                0x00000000c000aeaa                VgaText::setCursorX(int)
                0x00000000c000aec2                VgaText::setCursorY(int)
                0x00000000c000aeda                VgaText::incrementCursor(bool)
                0x00000000c000af2e                VgaText::decrementCursor(bool)
                0x00000000c000af50                VgaText::putchar(char, VgaColour, VgaColour)
                0x00000000c000b01e                VgaText::doUpdate()
                0x00000000c000b02c                VgaText::puts(char const*, VgaColour, VgaColour)
                0x00000000c000b1a4                VgaText::clearScreen()
                0x00000000c000b1fe                VgaText::putchar(char)
                0x00000000c000b2ea                VgaText::putx(unsigned int)
                0x00000000c000b330                VgaText::puts(char const*)
                0x00000000c000b356                VgaText::VgaText(char const*)
                0x00000000c000b356                VgaText::VgaText(char const*)
                0x00000000c000b4d2                VgaText::receiveKey(unsigned char)
                0x00000000c000b5b8                VgaText::write(unsigned long long, void*, int*)
                0x00000000c000b60c                newTerminal(char*)
 *fill*         0x00000000c000b631        0x3 
 .text          0x00000000c000b634      0x1a1 core/tss.32
                0x00000000c000b634                TSS::TSS()
                0x00000000c000b634                TSS::TSS()
                0x00000000c000b644                TSS::setESP(unsigned long)
                0x00000000c000b658                TSS::flush()
                0x00000000c000b678                TSS::setup(unsigned long, unsigned long)
 *fill*         0x00000000c000b7d5        0x1 
 .text          0x00000000c000b7d6      0x4c2 core/unixfile.32
                0x00000000c000b7d6                ReservedFilename::read(unsigned long long, void*, int*)
                0x00000000c000b82c                ReservedFilename::isAtty()
                0x00000000c000b848                ReservedFilename::write(unsigned long long, void*, int*)
                0x00000000c000b8a6                UnixFile::getFileDescriptor()
                0x00000000c000b8ae                UnixFile::UnixFile(int)
                0x00000000c000b8ae                UnixFile::UnixFile(int)
                0x00000000c000ba5e                ReservedFilename::ReservedFilename(int)
                0x00000000c000ba5e                ReservedFilename::ReservedFilename(int)
                0x00000000c000ba90                UnixFile::~UnixFile()
                0x00000000c000ba90                UnixFile::~UnixFile()
                0x00000000c000bb28                UnixFile::~UnixFile()
                0x00000000c000bb50                ReservedFilename::~ReservedFilename()
                0x00000000c000bb50                ReservedFilename::~ReservedFilename()
                0x00000000c000bb74                ReservedFilename::~ReservedFilename()
                0x00000000c000bb9b                getFromFileDescriptor(int)
 .text          0x00000000c000bc98     0x124c core/virtmgr.32
                0x00000000c000bc98                Virt::setPageState(unsigned long, Virt::VirtPageState)
                0x00000000c000bccd                Virt::getPageState(unsigned long)
                0x00000000c000bcf1                Virt::allocateKernelVirtualPages(int)
                0x00000000c000be02                Virt::freeSwapfilePage(unsigned long)
                0x00000000c000be20                Virt::swapIDToSector(unsigned long)
                0x00000000c000be32                Virt::allocateSwapfilePage()
                0x00000000c000beb0                Virt::virtualMemorySetup()
                0x00000000c000befb                Virt::setupPageSwapping(int)
                0x00000000c000bf6c                VAS::VAS(VAS*)
                0x00000000c000bf6c                VAS::VAS(VAS*)
                0x00000000c000bf9a                VAS::getForeignPageTableEntry(bool, unsigned long)
                0x00000000c000bfc6                VAS::getPageTableEntry(unsigned long)
                0x00000000c000bfe5                Virt::freeKernelVirtualPages(unsigned long)
                0x00000000c000c108                VAS::freeAllocatedPages(unsigned long)
                0x00000000c000c12c                VAS::virtualToPhysical(unsigned long)
                0x00000000c000c144                VAS::reflagRange(unsigned long, int, int, int)
                0x00000000c000c184                VAS::setToWriteCombining(unsigned long, int)
                0x00000000c000c1b6                VAS::mapOtherVASIn(bool, VAS*)
                0x00000000c000c1e0                VAS::~VAS()
                0x00000000c000c1e0                VAS::~VAS()
                0x00000000c000c35c                VAS::mapPage(unsigned long, unsigned long, int)
                0x00000000c000c45e                VAS::allocatePages(int, int)
                0x00000000c000c636                VAS::setCPUSpecific(unsigned long)
                0x00000000c000c652                VAS::mapRange(unsigned long, unsigned long, int, int)
                0x00000000c000c718                VAS::mapForeignPage(bool, VAS*, unsigned long, unsigned long, int)
                0x00000000c000c806                VAS::VAS(bool)
                0x00000000c000c806                VAS::VAS(bool)
                0x00000000c000ca86                VAS::VAS()
                0x00000000c000ca86                VAS::VAS()
                0x00000000c000caf6                VAS::evict(unsigned long)
                0x00000000c000cbc6                VAS::tryLoadBackOffDisk(unsigned long)
                0x00000000c000ccda                VAS::scanForEviction()
                0x00000000c000cdb8                mapVASFirstTime
 .text          0x00000000c000cee4       0x95 coreobjs/c++.32
                0x00000000c000cee4                __cxa_atexit
                0x00000000c000cee7                __cxa_finalize
                0x00000000c000cee8                __stack_chk_fail
                0x00000000c000cf54                __cxa_pure_virtual
                0x00000000c000cf65                operator new[](unsigned long)
                0x00000000c000cf6a                operator delete(void*, unsigned long)
                0x00000000c000cf6f                operator delete[](void*)
                0x00000000c000cf74                operator delete[](void*, unsigned long)
 .text          0x00000000c000cf79      0x1fc dbg/kconsole.32
                0x00000000c000cf79                Dbg::stringifyxWithBase(unsigned int, char*, int)
                0x00000000c000cfd2                Dbg::logc(char)
                0x00000000c000cff2                Dbg::logs(char*)
                0x00000000c000d00f                Dbg::logWriteInt(unsigned int)
                0x00000000c000d02c                Dbg::logWriteIntBase(unsigned int, int)
                0x00000000c000d04b                Dbg::kprintf(char const*, ...)
 *fill*         0x00000000c000d175        0x1 
 .text          0x00000000c000d176      0xcac fs/vfs.32
                0x00000000c000d176                File::read(unsigned long long, void*, int*)
                0x00000000c000d1ce                File::write(unsigned long long, void*, int*)
                0x00000000c000d226                Directory::read(unsigned long long, void*, int*)
                0x00000000c000d27e                Directory::write(unsigned long long, void*, int*)
                0x00000000c000d2ac                File::isAtty()
                0x00000000c000d2b0                Directory::isAtty()
                0x00000000c000d2b4                Filesystem::getlabel(LogicalDisk*, int, char*, unsigned int*)
                0x00000000c000d2ba                Filesystem::setlabel(LogicalDisk*, int, char*)
                0x00000000c000d2c0                Filesystem::allocateSwapfile(char const*, int)
                0x00000000c000d2c6                File::~File()
                0x00000000c000d2c6                File::~File()
                0x00000000c000d2ea                File::~File()
                0x00000000c000d314                Directory::~Directory()
                0x00000000c000d314                Directory::~Directory()
                0x00000000c000d338                Directory::~Directory()
                0x00000000c000d362                Filesystem::Filesystem()
                0x00000000c000d362                Filesystem::Filesystem()
                0x00000000c000d386                Filesystem::~Filesystem()
                0x00000000c000d386                Filesystem::~Filesystem()
                0x00000000c000d394                Filesystem::~Filesystem()
                0x00000000c000d3b8                Fs::getcwd(Process*, char*, int)
                0x00000000c000d3e2                Fs::initVFS()
                0x00000000c000d40c                Fs::standardiseFiles(char*, char const*, char const*)
                0x00000000c000d5b6                File::File(char const*, Process*)
                0x00000000c000d5b6                File::File(char const*, Process*)
                0x00000000c000d690                File::open(FileOpenMode)
                0x00000000c000d6ee                File::close()
                0x00000000c000d74e                File::seek(unsigned long long)
                0x00000000c000d7a4                File::tell(unsigned long long*)
                0x00000000c000d7f4                File::rewind()
                0x00000000c000d808                File::unlink()
                0x00000000c000d854                File::rename(char const*)
                0x00000000c000d8a2                File::chfatattr(unsigned char, unsigned char)
                0x00000000c000d8fe                File::exists()
                0x00000000c000d93c                File::stat(unsigned long long*, bool*)
                0x00000000c000d99d                Fs::setcwd(Process*, char*)
                0x00000000c000db16                Directory::Directory(char const*, Process*)
                0x00000000c000db16                Directory::Directory(char const*, Process*)
                0x00000000c000dbf0                Directory::open()
                0x00000000c000dc4c                Directory::close()
                0x00000000c000dcac                Directory::unlink()
                0x00000000c000dcf8                Directory::rename(char const*)
                0x00000000c000dd46                Directory::exists()
                0x00000000c000dd84                Directory::read(dirent*)
                0x00000000c000ddd0                Directory::create()
                0x00000000c000de1c                Filesystem::chfatattr(char const*, unsigned char, unsigned char)
 *fill*         0x00000000c000de22        0x2 
 .text          0x00000000c000de24       0x86 hal/bus.32
                0x00000000c000de24                Bus::Bus(char const*)
                0x00000000c000de24                Bus::Bus(char const*)
                0x00000000c000de5c                Bus::~Bus()
                0x00000000c000de5c                Bus::~Bus()
                0x00000000c000de80                Bus::~Bus()
 .text          0x00000000c000deaa       0x96 hal/buzzer.32
                0x00000000c000deaa                beepThread(void*)
                0x00000000c000dee7                Krnl::beep(int, int, bool)
 .text          0x00000000c000df40      0x467 hal/clock.32
                0x00000000c000df40                User::loadClockSettings(int)
                0x00000000c000df92                Clock::Clock(char const*)
                0x00000000c000df92                Clock::Clock(char const*)
                0x00000000c000dfc8                Clock::~Clock()
                0x00000000c000dfc8                Clock::~Clock()
                0x00000000c000dfec                Clock::~Clock()
                0x00000000c000e016                Clock::timeInSecondsLocal()
                0x00000000c000e05e                Clock::setTimeInSecondsLocal(unsigned long long)
                0x00000000c000e0b7                datetimeToSeconds(datetime_t)
                0x00000000c000e1de                Clock::setTimeInDatetimeLocal(datetime_t)
                0x00000000c000e23e                secondsToDatetime(unsigned long long)
                0x00000000c000e382                Clock::timeInDatetimeLocal()
 *fill*         0x00000000c000e3a7        0x1 
 .text          0x00000000c000e3a8      0x504 hal/device.32
                0x00000000c000e3a8                Device::hibernate()
                0x00000000c000e3aa                Device::wake()
                0x00000000c000e3ac                Device::detect()
                0x00000000c000e3ae                Device::disableLegacy()
                0x00000000c000e3b0                Device::powerSaving(PowerSavingLevel)
                0x00000000c000e3b2                DriverlessDevice::close(int, int, void*)
                0x00000000c000e3b6                DriverlessDevice::detect()
                0x00000000c000e3b8                DriverlessDevice::open(int, int, void*)
                0x00000000c000e3cc                Device::~Device()
                0x00000000c000e3cc                Device::~Device()
                0x00000000c000e3da                Device::~Device()
                0x00000000c000e402                Device::findAndLoadDriver()
                0x00000000c000e410                Device::preOpenPCI(PCIDeviceInfo)
                0x00000000c000e436                Device::preOpenACPI(void*, char*, char*)
                0x00000000c000e476                Device::addIRQHandler(int, void (*)(regs*, void*), bool, void*)
                0x00000000c000e4b4                Device::getParent()
                0x00000000c000e4c0                Device::removeIRQHandler(int, void (*)(regs*, void*), bool)
                0x00000000c000e4fe                Device::addChild(Device*)
                0x00000000c000e542                Device::removeAllChildren()
                0x00000000c000e588                Device::hibernateAll()
                0x00000000c000e5b8                Device::wakeAll()
                0x00000000c000e5e8                Device::detectAll()
                0x00000000c000e618                Device::disableLegacyAll()
                0x00000000c000e648                Device::loadDriversForAll()
                0x00000000c000e688                Device::closeAll()
                0x00000000c000e6be                Device::powerSavingAll(PowerSavingLevel)
                0x00000000c000e6f4                Device::setName(char const*)
                0x00000000c000e702                Device::Device(char const*)
                0x00000000c000e702                Device::Device(char const*)
                0x00000000c000e7fe                Device::getName()
                0x00000000c000e808                DriverlessDevice::DriverlessDevice(char const*)
                0x00000000c000e808                DriverlessDevice::DriverlessDevice(char const*)
                0x00000000c000e83e                Device::addToLinkedList(LinkedList<Device>&, DeviceType)
                0x00000000c000e882                getDevicesOfType(DeviceType)
 .text          0x00000000c000e8ac       0x86 hal/diskctrl.32
                0x00000000c000e8ac                HardDiskController::HardDiskController(char const*)
                0x00000000c000e8ac                HardDiskController::HardDiskController(char const*)
                0x00000000c000e8e4                HardDiskController::~HardDiskController()
                0x00000000c000e8e4                HardDiskController::~HardDiskController()
                0x00000000c000e908                HardDiskController::~HardDiskController()
 .text          0x00000000c000e932       0xe2 hal/diskphys.32
                0x00000000c000e932                PhysicalDisk::eject()
                0x00000000c000e936                PhysicalDisk::PhysicalDisk(char const*, int)
                0x00000000c000e936                PhysicalDisk::PhysicalDisk(char const*, int)
                0x00000000c000e99e                PhysicalDisk::startCache()
                0x00000000c000e9c6                PhysicalDisk::~PhysicalDisk()
                0x00000000c000e9c6                PhysicalDisk::~PhysicalDisk()
                0x00000000c000e9ea                PhysicalDisk::~PhysicalDisk()
 .text          0x00000000c000ea14      0x15f hal/fpu.32
                0x00000000c000ea14                FPU::FPU(char const*)
                0x00000000c000ea14                FPU::FPU(char const*)
                0x00000000c000ea4c                FPU::~FPU()
                0x00000000c000ea4c                FPU::~FPU()
                0x00000000c000ea70                FPU::~FPU()
                0x00000000c000ea9a                setupFPU()
 *fill*         0x00000000c000eb73        0x1 
 .text          0x00000000c000eb74     0x12cf hal/intctrl.32
                0x00000000c000eb74                InterruptController::uninstallISRHandler(int, void (*)(regs*, void*))
                0x00000000c000ebac                InterruptController::installISRHandler(int, void (*)(regs*, void*), void*)
                0x00000000c000ebfe                doubleFault(regs*, void*)
                0x00000000c000ec18                InterruptController::installIRQHandler(int, void (*)(regs*, void*), bool, void*)
                0x00000000c000ecb4                InterruptController::clearAllHandlers(int, bool)
                0x00000000c000ed5c                InterruptController::uninstallIRQHandler(int, void (*)(regs*, void*), bool)
                0x00000000c000ede3                nmiHandler(regs*, void*)
                0x00000000c000edf1                int_handler
                0x00000000c000ee92                InterruptController::InterruptController(char const*)
                0x00000000c000ee92                InterruptController::InterruptController(char const*)
                0x00000000c000ef38                InterruptController::~InterruptController()
                0x00000000c000ef38                InterruptController::~InterruptController()
                0x00000000c000ef5c                InterruptController::~InterruptController()
                0x00000000c000ef86                displayDebugInfo(regs*)
                0x00000000c000f415                x87EmulHandler(regs*, void*)
                0x00000000c000f55e                gpFault(regs*, void*)
                0x00000000c000f597                pgFault(regs*, void*)
                0x00000000c000f5e6                otherISRHandler(regs*, void*)
                0x00000000c000f605                opcodeFault(regs*, void*)
                0x00000000c000f9df                displayProgramFault(char const*)
                0x00000000c000fa07                setupInterruptController()
                0x00000000c000fdf6                InterruptController::convertLegacyIRQNumber(int)
 *fill*         0x00000000c000fe43        0x1 
 .text          0x00000000c000fe44      0x778 hal/keybrd.32
                0x00000000c000fe44                startGUI(void*)
                0x00000000c000feb0                startGUIVESA(void*)
                0x00000000c000ff1c                sendKeyToTerminal(unsigned char)
                0x00000000c000ffda                sendKeyboardToken(KeyboardToken)
                0x00000000c001040c                clearInternalKeybuffer(VgaText*)
                0x00000000c0010441                readKeyboard(VgaText*, char*, unsigned long)
                0x00000000c0010532                Keyboard::Keyboard(char const*)
                0x00000000c0010532                Keyboard::Keyboard(char const*)
                0x00000000c001056e                Keyboard::~Keyboard()
                0x00000000c001056e                Keyboard::~Keyboard()
                0x00000000c0010592                Keyboard::~Keyboard()
 .text          0x00000000c00105bc      0x42a hal/logidisk.32
                0x00000000c00105bc                LogicalDisk::close(int, int, void*)
                0x00000000c00105c0                LogicalDisk::~LogicalDisk()
                0x00000000c00105c0                LogicalDisk::~LogicalDisk()
                0x00000000c00105e4                LogicalDisk::~LogicalDisk()
                0x00000000c001060e                LogicalDisk::open(int, int, void*)
                0x00000000c0010622                LogicalDisk::absoluteToRelative(unsigned long long)
                0x00000000c001065a                LogicalDisk::relativeToAbsolute(unsigned long long)
                0x00000000c00106a0                LogicalDisk::LogicalDisk(char const*, PhysicalDisk*, unsigned long long, unsigned long long)
                0x00000000c00106a0                LogicalDisk::LogicalDisk(char const*, PhysicalDisk*, unsigned long long, unsigned long long)
                0x00000000c0010756                LogicalDisk::assignDriveLetter()
                0x00000000c001080c                LogicalDisk::mount()
                0x00000000c0010894                LogicalDisk::unmount()
                0x00000000c00108a4                LogicalDisk::eject()
                0x00000000c00108b8                LogicalDisk::unassignDriveLetter()
                0x00000000c001090e                LogicalDisk::read(unsigned long long, int, void*)
                0x00000000c001097a                LogicalDisk::write(unsigned long long, int, void*)
 *fill*         0x00000000c00109e6        0x2 
 .text          0x00000000c00109e8       0x86 hal/mouse.32
                0x00000000c00109e8                Mouse::Mouse(char const*)
                0x00000000c00109e8                Mouse::Mouse(char const*)
                0x00000000c0010a20                Mouse::~Mouse()
                0x00000000c0010a20                Mouse::~Mouse()
                0x00000000c0010a44                Mouse::~Mouse()
 .text          0x00000000c0010a6e      0x339 hal/partition.32
                0x00000000c0010a6e                makePartition(PhysicalDisk*, unsigned long long, unsigned long long)
                0x00000000c0010b16                createPartitionsForDisk(PhysicalDisk*)
 *fill*         0x00000000c0010da7        0x1 
 .text          0x00000000c0010da8       0x86 hal/serial.32
                0x00000000c0010da8                Serial::Serial(char const*)
                0x00000000c0010da8                Serial::Serial(char const*)
                0x00000000c0010de0                Serial::~Serial()
                0x00000000c0010de0                Serial::~Serial()
                0x00000000c0010e04                Serial::~Serial()
 *fill*         0x00000000c0010e2e        0x2 
 .text          0x00000000c0010e30      0x2f2 hal/timer.32
                0x00000000c0010e30                Timer::Timer(char const*)
                0x00000000c0010e30                Timer::Timer(char const*)
                0x00000000c0010e68                Timer::~Timer()
                0x00000000c0010e68                Timer::~Timer()
                0x00000000c0010e8c                Timer::~Timer()
                0x00000000c0010eb6                Timer::read()
                0x00000000c0010ec1                timerHandler(unsigned int)
                0x00000000c0011028                setupTimer(int)
 *fill*         0x00000000c0011122        0x2 
 .text          0x00000000c0011124      0x43e hal/vcache.32
                0x00000000c0011124                VCache::VCache(PhysicalDisk*)
                0x00000000c0011124                VCache::VCache(PhysicalDisk*)
                0x00000000c001128c                VCache::invalidateReadBuffer()
                0x00000000c001129c                VCache::writeWriteBuffer()
                0x00000000c00112e8                VCache::~VCache()
                0x00000000c00112e8                VCache::~VCache()
                0x00000000c001133c                VCache::~VCache()
                0x00000000c0011364                VCache::write(unsigned long long, int, void*)
                0x00000000c001145e                VCache::read(unsigned long long, int, void*)
 .text          0x00000000c0011562      0x4b3 hal/video.32
                0x00000000c0011562                Video::putrect(int, int, int, int, unsigned int)
                0x00000000c00115ae                Video::bitblit(int, int, int, int, int, int, int, unsigned int*)
                0x00000000c001161e                Video::blit(unsigned int*, int, int, int, int)
                0x00000000c001169c                Video::clearScreen(unsigned int)
                0x00000000c00116d0                Video::putpixel(int, int, unsigned int)
                0x00000000c00116de                Video::Video(char const*)
                0x00000000c00116de                Video::Video(char const*)
                0x00000000c0011714                Video::~Video()
                0x00000000c0011714                Video::~Video()
                0x00000000c0011738                Video::~Video()
                0x00000000c0011762                Video::isMonochrome()
                0x00000000c001176e                Video::getWidth()
                0x00000000c001177a                Video::getHeight()
                0x00000000c0011786                Video::drawCursor(int, int, unsigned char*, int)
                0x00000000c0011842                Video::tgaParse(unsigned char*, int, int*, int*)
                0x00000000c00119aa                Video::putTGA(int, int, unsigned char*, int)
 *fill*         0x00000000c0011a15        0x3 
 .text          0x00000000c0011a18     0x1707 hw/acpi.32
                0x00000000c0011a18                ACPI::close(int, int, void*)
                0x00000000c0011acc                findRSDP()
                0x00000000c0011ba0                loadACPITables(unsigned char*)
                0x00000000c0011e04                findRSDT(unsigned char*)
                0x00000000c0011fc4                findDataTable(unsigned char*, char*)
                0x00000000c001203c                scanMADT()
                0x00000000c0012518                ACPI::ACPI()
                0x00000000c0012518                ACPI::ACPI()
                0x00000000c001257c                ACPI::getPCIIRQAssignment(unsigned char, unsigned short, unsigned char)
                0x00000000c0012664                ACPI::registerPCIIRQAssignment(void*, unsigned short, unsigned char, unsigned char)
                0x00000000c001272c                ACPI::setScreenBrightnessLevel(void*, int)
                0x00000000c0012734                ACPI::detectPCI()
                0x00000000c0012c18                ACPI::writeSimpleBootFlag(SimpleBootFlagTable*)
                0x00000000c0012c60                ACPI::sleep()
                0x00000000c0012c9c                ACPI::open(int, int, void*)
 *fill*         0x00000000c001311f        0x1 
 .text          0x00000000c0013120     0x1861 hw/cpu.32
                0x00000000c0013120                CPU::close(int, int, void*)
                0x00000000c0013124                CPU::lookupAMDName(unsigned char, unsigned char)
                0x00000000c00132b8                CPU::lookupIntelName(unsigned char, unsigned char)
                0x00000000c0013566                CPU::AMD_K6_write_msr(unsigned int, unsigned int, unsigned int, CPU::REGS*)
                0x00000000c0013582                CPU::AMD_K6_read_msr(unsigned int, CPU::REGS*)
                0x00000000c001359a                CPU::AMD_K6_writeback(int, int, int)
                0x00000000c001360e                CPU::cpuid(int, unsigned long*, unsigned long*, unsigned long*, unsigned long*)
                0x00000000c0013692                CPU::cpuidCheckEDX(unsigned int)
                0x00000000c00136c0                CPU::cpuidCheckECX(unsigned int)
                0x00000000c00136ee                CPU::cpuidCheckExtendedEBX(unsigned int)
                0x00000000c001371c                CPU::cpuidCheckExtendedECX(unsigned int)
                0x00000000c001374a                CPU::CPU()
                0x00000000c001374a                CPU::CPU()
                0x00000000c00137d8                CPU::displayFeatures()
                0x00000000c0013a78                CPU::detectFeatures()
                0x00000000c00144a2                CPU::setupSMEP()
                0x00000000c00144ae                CPU::setupUMIP()
                0x00000000c00144b8                CPU::setupTSC()
                0x00000000c00144c2                CPU::setupLargePages()
                0x00000000c00144cc                CPU::setupPAT()
                0x00000000c0014508                CPU::setupMTRR()
                0x00000000c001450a                CPU::setupGlobalPages()
                0x00000000c0014514                CPU::allowUsermodeDataAccess()
                0x00000000c0014526                CPU::prohibitUsermodeDataAccess()
                0x00000000c0014538                CPU::setupSMAP()
                0x00000000c0014546                CPU::setupFeatures()
                0x00000000c0014612                CPU::open(int, int, void*)
                0x00000000c0014786                CPU::decodeAddress(regs*, int*, bool*, unsigned char*)
 .text          0x00000000c0014981        0x0 hw/ports.32
 .text          0x00000000c0014981      0x16a hw/smp.32
                0x00000000c0014981                Krnl::smpEntry()
                0x00000000c0014983                Krnl::startCPU(int)
                0x00000000c0014acc                Krnl::startCPUs()
 *fill*         0x00000000c0014aeb        0x1 
 .text          0x00000000c0014aec      0x581 krnl/env.32
                0x00000000c0014aec                EnvVarContainer::getEnv(char const*)
                0x00000000c0014b2a                EnvVarContainer::setEnv(char const*, char const*)
                0x00000000c0014bec                EnvVarContainer::deleteEnv(char const*)
                0x00000000c0014bee                EnvVarContainer::loadFrom(char const*, char const*)
                0x00000000c0014dd4                EnvVarContainer::__loadSystem()
                0x00000000c0014dee                EnvVarContainer::__loadUser()
                0x00000000c0014df0                EnvVarContainer::EnvVarContainer(Process*)
                0x00000000c0014df0                EnvVarContainer::EnvVarContainer(Process*)
                0x00000000c0014e12                EnvVarContainer::~EnvVarContainer()
                0x00000000c0014e12                EnvVarContainer::~EnvVarContainer()
                0x00000000c0014e42                Krnl::getEnv(Process*, char const*)
                0x00000000c0014ea7                Krnl::setEnvSystem(char const*, char const*)
                0x00000000c0014ec1                Krnl::setEnvUser(char const*, char const*)
                0x00000000c0014ee0                Krnl::setEnvProcess(Process*, char const*, char const*)
                0x00000000c0014ef3                Krnl::deleteEnvSystem(char const*)
                0x00000000c0014ef4                Krnl::deleteEnvUser(char const*)
                0x00000000c0014ef5                Krnl::deleteEnvProcess(Process*, char const*)
                0x00000000c0014ef6                Krnl::newProcessEnv(Process*)
                0x00000000c0014f18                Krnl::copyProcessEnv(Process*, Process*)
                0x00000000c0014f64                Krnl::loadSystemEnv()
                0x00000000c0014f92                Krnl::loadUserEnv()
                0x00000000c0014fb8                Krnl::flushEnv()
                0x00000000c0014fb9                Krnl::getProcessTotalEnvCount(Process*)
                0x00000000c0014fd9                Krnl::getProcessEnvPair(Process*, int)
 .text          0x00000000c001506d      0x243 krnl/panic.32
                0x00000000c001506d                Krnl::panic(char const*)
 .text          0x00000000c00152b0      0x194 krnl/powctrl.32
                0x00000000c00152b0                Krnl::powerThread(void*)
                0x00000000c0015330                Krnl::changePowerSettings(Krnl::PowerSettings)
                0x00000000c0015346                Krnl::userIOReceived()
                0x00000000c0015351                Krnl::handlePowerButton()
                0x00000000c0015386                Krnl::handleSleepButton()
                0x00000000c00153bb                Krnl::setupPowerManager()
 .text          0x00000000c0015444      0x5a0 net/ethernet.32
                0x00000000c0015444                Net::switchEndian16(unsigned short)
                0x00000000c0015468                Net::switchEndian32(unsigned int)
                0x00000000c0015498                Net::crc32Calc(unsigned char*, int)
                0x00000000c001553c                Net::wrapEthernetFrame(Net::UnwrappedEthernetFrame, unsigned char*)
                0x00000000c0015758                Net::unwrapEthernetFrame(unsigned char*, int)
 .text          0x00000000c00159e4      0x50e reg/registry.32
                0x00000000c00159e4                Reg::findLineFromLoadedData(char*, char*, char*)
                0x00000000c0015b3c                Reg::getLineFromRegistry(char*, char*, char*, char*)
                0x00000000c0015c91                Reg::getLine(char*, char*, char*)
                0x00000000c0015cc8                Reg::readInt(char*, char*, int*)
                0x00000000c0015db3                Reg::readString(char*, char*, char*, int)
                0x00000000c0015e34                Reg::readBool(char*, char*, bool*)
                0x00000000c0015e59                Reg::readBoolWithDefault(char*, char*, bool)
                0x00000000c0015e85                Reg::readIntWithDefault(char*, char*, int)
                0x00000000c0015eb1                Reg::readStringWithDefault(char*, char*, char*, int, char*)
 .text          0x00000000c0015ef2       0x36 sys/sc_eject.32
                0x00000000c0015ef2                Sys::eject(regs*)
 .text          0x00000000c0015f28       0x18 sys/sc_exit.32
                0x00000000c0015f28                Sys::exit(regs*)
 .text          0x00000000c0015f40       0x1f sys/sc_getcwd.32
                0x00000000c0015f40                Sys::getCwd(regs*)
 .text          0x00000000c0015f5f        0xc sys/sc_getpid.32
                0x00000000c0015f5f                Sys::getPID(regs*)
 .text          0x00000000c0015f6b       0x1a sys/sc_getramdata.32
                0x00000000c0015f6b                Sys::getRAMData(regs*)
 .text          0x00000000c0015f85       0x84 sys/sc_getvgaptr.32
                0x00000000c0015f85                Sys::getVGAPtr(regs*)
 .text          0x00000000c0016009       0xa8 sys/sc_loaddll.32
                0x00000000c0016009                Sys::loadDLL(regs*)
 .text          0x00000000c00160b1       0x68 sys/sc_read.32
                0x00000000c00160b1                Sys::read(regs*)
 .text          0x00000000c0016119       0x55 sys/sc_sbrk.32
                0x00000000c0016119                Sys::sbrk(regs*)
 .text          0x00000000c001616e       0x1c sys/sc_setcwd.32
                0x00000000c001616e                Sys::setCwd(regs*)
 .text          0x00000000c001618a       0x95 sys/sc_settime.32
                0x00000000c001618a                Sys::setTime(regs*)
 .text          0x00000000c001621f       0x4a sys/sc_timezone.32
                0x00000000c001621f                Sys::timezone(regs*)
 .text          0x00000000c0016269       0x68 sys/sc_write.32
                0x00000000c0016269                Sys::write(regs*)
 .text          0x00000000c00162d1       0x62 sys/sc_wsbe.32
                0x00000000c00162d1                Sys::wsbe(regs*)
 .text          0x00000000c0016333       0x38 sys/sc_yield.32
                0x00000000c0016333                Sys::yield(regs*)
 .text          0x00000000c001636b      0xf8e sys/syscalls.32
                0x00000000c001636b                sysCallSeekDir(regs*)
                0x00000000c0016370                sysCallTellDir(regs*)
                0x00000000c0016375                sysCallVerify(regs*)
                0x00000000c001637f                sysCallGetArgc(regs*)
                0x00000000c001638f                sysFormatDisk(regs*)
                0x00000000c00163f9                sysSetDiskVolumeLabel(regs*)
                0x00000000c0016443                sysGetDiskVolumeLabel(regs*)
                0x00000000c0016498                sysShutdown(regs*)
                0x00000000c00164f6                sysCallRealpath(regs*)
                0x00000000c0016539                sysCallReadDir(regs*)
                0x00000000c00165b8                sysCallIsATTY(regs*)
                0x00000000c0016612                sysCallSeek(regs*)
                0x00000000c0016669                sysCallTell(regs*)
                0x00000000c00166d5                sysCallSize(regs*)
                0x00000000c0016747                sysCallSizeFromFilename(regs*)
                0x00000000c00167f6                sysCallClose(regs*)
                0x00000000c0016856                sysCallOpenDir(regs*)
                0x00000000c00168cb                sysCallCloseDir(regs*)
                0x00000000c001691f                sysCallMakeDir(regs*)
                0x00000000c001698f                sysCallWait(regs*)
                0x00000000c00169a9                sysCallNotImpl(regs*)
                0x00000000c00169c4                sysPanic(regs*)
                0x00000000c00169de                sysCallRmdir(regs*)
                0x00000000c0016a42                sysCallUnlink(regs*)
                0x00000000c0016aa6                sysCallGetArgv(regs*)
                0x00000000c0016af2                sysCallTTYName(regs*)
                0x00000000c0016b75                sysCallUSleep(regs*)
                0x00000000c0016b9e                sysCallSpawn(regs*)
                0x00000000c0016c06                sysCallGetEnv(regs*)
                0x00000000c0016cb3                sysAppSettings(regs*)
                0x00000000c0016dc7                sysSetFatAttrib(regs*)
                0x00000000c0016e39                sysPipe(regs*)
                0x00000000c0016e7e                sysGetUnixTime(regs*)
                0x00000000c0016e92                string_ends_with(char const*, char const*)
                0x00000000c0016eda                sysCallOpen(regs*)
                0x00000000c00170c2                Sys::loadSyscalls()
                0x00000000c00172b7                Sys::systemCall(regs*, void*)
 .text          0x00000000c00172f9     0x1203 thr/elf.32
                0x00000000c00172f9                Thr::allocateMemoryForTask(Process*, File*, unsigned long, unsigned long, unsigned long)
                0x00000000c00175a3                Thr::loadProgramIntoMemory(Process*, char const*)
                0x00000000c00177b9                Thr::runtimeReferenceHelper()
                0x00000000c00177cc                Thr::getAddressOfKernelSymbol(char const*)
                0x00000000c001781b                Thr::loadKernelSymbolTable(char const*)
                0x00000000c0017ad9                Thr::loadDriverIntoMemory(char const*, unsigned long, bool)
                0x00000000c001820f                Thr::getDriverBaseFromAddress(unsigned long)
                0x00000000c0018241                Thr::getDriverNameFromAddress(unsigned long)
                0x00000000c0018278                Thr::getDriverOffsetFromAddress(unsigned long)
                0x00000000c0018292                Thr::loadDLL(char const*, bool)
                0x00000000c00184c3                Thr::executeDLL(unsigned long, void*)
 .text          0x00000000c00184fc     0x12a9 thr/prcssthr.32
                0x00000000c00184fc                userModeEntryPoint(void*)
                0x00000000c0018524                changeTSS
                0x00000000c0018554                switchToThread(ThreadControlBlock*)
                0x00000000c0018608                Process::addArgs(char**)
                0x00000000c0018668                Process::Process(char const*, Process*, char**)
                0x00000000c0018668                Process::Process(char const*, Process*, char**)
                0x00000000c0018854                Process::Process(bool, char const*, Process*, char**)
                0x00000000c0018854                Process::Process(bool, char const*, Process*, char**)
                0x00000000c0018a0c                taskStartupFunction
                0x00000000c0018a18                Semaphore::Semaphore(int)
                0x00000000c0018a18                Semaphore::Semaphore(int)
                0x00000000c0018a48                Mutex::Mutex()
                0x00000000c0018a48                Mutex::Mutex()
                0x00000000c0018a5c                Process::createThread(void (*)(void*), void*, int)
                0x00000000c0018b54                Process::createUserThread()
                0x00000000c0018b70                setupMultitasking(void (*)())
                0x00000000c0018c78                schedule()
                0x00000000c0018d04                Semaphore::tryAcquire()
                0x00000000c0018dd0                Semaphore::assertLocked(char const*)
                0x00000000c0018e48                blockTaskWithSchedulerLockAlreadyHeld(TaskState)
                0x00000000c0018e70                blockTask(TaskState)
                0x00000000c0018ea0                waitTask(int, int*, int)
                0x00000000c0018ee4                milliTenthSleepUntil(unsigned int)
                0x00000000c0018f70                milliTenthSleep(unsigned int)
                0x00000000c0018f80                sleep(unsigned int)
                0x00000000c0018f9c                Semaphore::acquire()
                0x00000000c0019058                taskReturned
                0x00000000c0019094                Thr::processFromPID(int)
                0x00000000c0019134                unblockTask(ThreadControlBlock*)
                0x00000000c00191d8                cleanupTerminatedTask(ThreadControlBlock*)
                0x00000000c00194a0                cleanerTaskFunction(void*)
                0x00000000c0019590                terminateTask(int)
                0x00000000c001965c                Thr::terminateFromIRQ(int)
                0x00000000c0019668                Semaphore::release()
 .text          0x00000000c00197a5      0xb93 vm86/vm8086.32
                0x00000000c00197a5                Vm::inbv(unsigned short)
                0x00000000c00197b8                Vm::outbv(unsigned short, unsigned char)
                0x00000000c00197ee                Vm::realToLinear(unsigned short, unsigned short)
                0x00000000c00197fe                Vm::getSegment(unsigned int)
                0x00000000c0019806                Vm::getOffset(unsigned int)
                0x00000000c001980b                Vm::mainloop2()
                0x00000000c0019845                Vm::mainVm8086Loop(void*)
                0x00000000c0019855                Vm::mainloop3(unsigned long)
                0x00000000c001987b                Vm::initialise8086()
                0x00000000c00198be                Vm::finish8086()
                0x00000000c001991f                Vm::getOutput8086(unsigned char*)
                0x00000000c0019944                Vm::start8086FromBuffer(unsigned char*, int, unsigned short, unsigned short, unsigned short, unsigned short)
                0x00000000c00199fd                Vm::start8086(char const*, unsigned short, unsigned short, unsigned short, unsigned short)
                0x00000000c0019b65                Vm::doISR(regs*, int, unsigned char*, unsigned short, unsigned short)
                0x00000000c0019bef                Vm::readByteFromReal(unsigned short, unsigned short)
                0x00000000c0019c00                Vm::readWordFromReal(unsigned short, unsigned short)
                0x00000000c0019c12                Vm::readDwordFromReal(unsigned short, unsigned short)
                0x00000000c0019c23                Vm::writeByteFromReal(unsigned short, unsigned short, unsigned char)
                0x00000000c0019c38                Vm::writeWordFromReal(unsigned short, unsigned short, unsigned short)
                0x00000000c0019c4e                Vm::writeDwordFromReal(unsigned short, unsigned short, unsigned int)
                0x00000000c0019c63                Vm::faultHandler(regs*)
 .text          0x00000000c001a338      0xfcd vm86/x87em.32
                0x00000000c001a338                Vm::fpuInternalTo32(unsigned long long)
                0x00000000c001a396                Vm::fpuInternalTo64(unsigned long long)
                0x00000000c001a39f                Vm::fpu32ToInternal(unsigned int)
                0x00000000c001a3e4                Vm::fpu64ToInternal(unsigned long long)
                0x00000000c001a3ed                Vm::fpuFloatToLong(unsigned long long)
                0x00000000c001a44c                Vm::fpuULongToFloat(unsigned long long)
                0x00000000c001a488                Vm::fpuLongToFloat(long long)
                0x00000000c001a4e7                Vm::fpuGet0()
                0x00000000c001a4ec                Vm::fpuGet1()
                0x00000000c001a4f4                Vm::fpuGetPi()
                0x00000000c001a4fc                Vm::fpuGetLog2E()
                0x00000000c001a514                Vm::fpuGetLogE2()
                0x00000000c001a52c                Vm::fpuGetLog210()
                0x00000000c001a544                Vm::fpuGetLog102()
                0x00000000c001a55c                Vm::fpuIsSecondLarger(unsigned long long, unsigned long long)
                0x00000000c001a570                Vm::fpuAreEqual(unsigned long long, unsigned long long)
                0x00000000c001a586                Vm::fpuUnorderedCompare(unsigned long long, unsigned long long)
                0x00000000c001a5dc                Vm::fpuAdd(unsigned long long, unsigned long long)
                0x00000000c001a5ed                Vm::fpuAbs(unsigned long long)
                0x00000000c001a5f6                Vm::fpuChs(unsigned long long)
                0x00000000c001a606                Vm::fpuSub(unsigned long long, unsigned long long)
                0x00000000c001a615                Vm::fpuMultiply(unsigned long long, unsigned long long)
                0x00000000c001a634                Vm::fpuDivide(unsigned long long, unsigned long long)
                0x00000000c001a650                Vm::fpuSquare(unsigned long long)
                0x00000000c001a666                Vm::fpuGetReg(int)
                0x00000000c001a6a9                Vm::fpuSetReg(int, unsigned long long)
                0x00000000c001a6f5                Vm::fpuPush(unsigned long long)
                0x00000000c001a753                Vm::fpuPop()
                0x00000000c001a7a6                Vm::x87Handler(regs*)
 .text          0x00000000c001b305       0x69 arch/i386/hal.32
                0x00000000c001b305                Hal::noTSC()
                0x00000000c001b30a                Hal::readTSC()
                0x00000000c001b30d                Hal::initialise()
                0x00000000c001b331                Hal::makeBeep(int)
                0x00000000c001b36b                Hal::getRand()
 *fill*         0x00000000c001b36e        0x2 
 .text          0x00000000c001b370     0x13b7 fs/fat/vfslink.32
                0x00000000c001b370                FAT::getName()
                0x00000000c001b378                FAT::tell(void*, unsigned long long*)
                0x00000000c001b3b4                FAT::stat(void*, unsigned long long*)
                0x00000000c001b3f0                FAT::~FAT()
                0x00000000c001b3f0                FAT::~FAT()
                0x00000000c001b414                FAT::~FAT()
                0x00000000c001b43c                FAT::getlabel(LogicalDisk*, int, char*, unsigned int*)
                0x00000000c001b4e0                FAT::setlabel(LogicalDisk*, int, char*)
                0x00000000c001b5a4                FAT::format(LogicalDisk*, int, char const*, int)
                0x00000000c001b778                FAT::tryMount(LogicalDisk*, int)
                0x00000000c001b990                FAT::allocateSwapfile(char const*, int)
                0x00000000c001bb4c                FAT::readDir(void*, unsigned long, void*, int*)
                0x00000000c001bcb8                FAT::read(void*, unsigned long, void*, int*)
                0x00000000c001bd18                FAT::write(void*, unsigned long, void*, int*)
                0x00000000c001bd78                FAT::close(void*)
                0x00000000c001bdcc                FAT::closeDir(void*)
                0x00000000c001be20                FAT::seek(void*, unsigned long long)
                0x00000000c001be7c                fatWrapperReadDisk
                0x00000000c001bec4                fatWrapperWriteDisk
                0x00000000c001bf0c                fatWrapperIoctl
                0x00000000c001c01c                FAT::FAT()
                0x00000000c001c01c                FAT::FAT()
                0x00000000c001c070                FAT::fixFilepath(char*)
                0x00000000c001c0ac                FAT::open(char const*, void**, FileOpenMode)
                0x00000000c001c1e0                FAT::openDir(char const*, void**)
                0x00000000c001c290                FAT::stat(char const*, unsigned long long*, bool*)
                0x00000000c001c384                FAT::unlink(char const*)
                0x00000000c001c404                FAT::chfatattr(char const*, unsigned char, unsigned char)
                0x00000000c001c56c                FAT::rename(char const*, char const*)
                0x00000000c001c638                FAT::mkdir(char const*)
                0x00000000c001c6b8                FAT::exists(char const*)
 *fill*         0x00000000c001c727        0x1 
 .text          0x00000000c001c728      0xba7 fs/iso9660/vfslink.32
                0x00000000c001c728                ISO9660::format(LogicalDisk*, int, char const*, int)
                0x00000000c001c72e                ISO9660::seek(void*, unsigned long long)
                0x00000000c001c75e                ISO9660::tell(void*, unsigned long long*)
                0x00000000c001c782                ISO9660::getName()
                0x00000000c001c788                ISO9660::stat(void*, unsigned long long*)
                0x00000000c001c7ac                ISO9660::chfatattr(char const*, unsigned char, unsigned char)
                0x00000000c001c7b2                ISO9660::unlink(char const*)
                0x00000000c001c7b8                ISO9660::write(void*, unsigned long, void*, int*)
                0x00000000c001c7be                ISO9660::rename(char const*, char const*)
                0x00000000c001c7c4                ISO9660::mkdir(char const*)
                0x00000000c001c7ca                ISO9660::close(void*)
                0x00000000c001c7ec                ISO9660::closeDir(void*)
                0x00000000c001c80e                ISO9660::~ISO9660()
                0x00000000c001c80e                ISO9660::~ISO9660()
                0x00000000c001c832                ISO9660::~ISO9660()
                0x00000000c001c859                __memmem(unsigned char*, int, unsigned char*, int)
                0x00000000c001c89b                readSectorFromCDROM(unsigned int, unsigned char*, char)
                0x00000000c001c916                ISO9660::tryMount(LogicalDisk*, int)
                0x00000000c001c976                ISO9660::read(void*, unsigned long, void*, int*)
                0x00000000c001cb7a                ISO9660::readDir(void*, unsigned long, void*, int*)
                0x00000000c001cdf4                readRoot(unsigned int*, unsigned int*, char)
                0x00000000c001ce48                readRecursively(char*, unsigned int, unsigned int, unsigned int*, unsigned int*, char, int*)
                0x00000000c001d01e                getFileData(char*, unsigned int*, unsigned int*, char, int*)
                0x00000000c001d0ac                ISO9660::open(char const*, void**, FileOpenMode)
                0x00000000c001d15a                ISO9660::exists(char const*)
                0x00000000c001d17e                ISO9660::stat(char const*, unsigned long long*, bool*)
                0x00000000c001d212                ISO9660::openDir(char const*, void**)
                0x00000000c001d2ac                ISO9660::ISO9660()
                0x00000000c001d2ac                ISO9660::ISO9660()
 *fill*         0x00000000c001d2cf        0x1 
 .text          0x00000000c001d2d0      0x298 hal/sound/sndcard.32
                0x00000000c001d2d0                SoundCard::beginPlayback()
                0x00000000c001d2de                SoundCard::stopPlayback()
                0x00000000c001d2ec                SoundCard::SoundCard(char const*)
                0x00000000c001d2ec                SoundCard::SoundCard(char const*)
                0x00000000c001d38a                SoundCard::~SoundCard()
                0x00000000c001d38a                SoundCard::~SoundCard()
                0x00000000c001d3ae                SoundCard::~SoundCard()
                0x00000000c001d3d8                SoundCard::configureRates(int, int, int)
                0x00000000c001d408                SoundCard::getSamples16(int, short*)
                0x00000000c001d472                SoundCard::getSamples32(int, int*)
                0x00000000c001d4f8                SoundCard::addChannel(SoundPort*)
                0x00000000c001d554                SoundCard::removeChannel(int)
 .text          0x00000000c001d568      0x3fb hal/sound/sndport.32
                0x00000000c001d568                SoundPort::SoundPort(int, int, int, int)
                0x00000000c001d568                SoundPort::SoundPort(int, int, int, int)
                0x00000000c001d5f4                SoundPort::~SoundPort()
                0x00000000c001d5f4                SoundPort::~SoundPort()
                0x00000000c001d628                SoundPort::unpause()
                0x00000000c001d634                SoundPort::pause()
                0x00000000c001d640                SoundPort::getBufferUsed()
                0x00000000c001d648                SoundPort::getBufferSize()
                0x00000000c001d650                SoundPort::buffer16(short*, int)
                0x00000000c001d704                SoundPort::buffer32(int*, int)
                0x00000000c001d7b0                SoundPort::unbufferAndAdd16(int, short*, SoundCard*)
                0x00000000c001d8ac                SoundPort::unbufferAndAdd32(int, int*, SoundCard*)
 .text          0x00000000c001d963        0x0 hw/bus/isa.32
 *fill*         0x00000000c001d963        0x1 
 .text          0x00000000c001d964     0x1187 hw/bus/pci.32
                0x00000000c001d964                PCI::open(int, int, void*)
                0x00000000c001d982                PCI::close(int, int, void*)
                0x00000000c001d986                PCI::PCI()
                0x00000000c001d986                PCI::PCI()
                0x00000000c001da1c                PCI::readBAR8(unsigned int, int)
                0x00000000c001da38                PCI::readBAR16(unsigned int, int)
                0x00000000c001da56                PCI::readBAR32(unsigned int, int)
                0x00000000c001da72                PCI::writeBAR8(unsigned int, unsigned char, int)
                0x00000000c001da92                PCI::writeBAR16(unsigned int, unsigned short, int)
                0x00000000c001dab4                PCI::writeBAR32(unsigned int, unsigned int, int)
                0x00000000c001dad4                PCI::legacyMechanism(unsigned char, unsigned char, unsigned char, unsigned char)
                0x00000000c001db42                PCI::pciReadWord(unsigned char, unsigned char, unsigned char, unsigned char)
                0x00000000c001dbea                PCI::getVendorID(unsigned char, unsigned char, unsigned char)
                0x00000000c001dc0e                PCI::getHeaderType(unsigned char, unsigned char, unsigned char)
                0x00000000c001dc36                PCI::getClassCode(unsigned char, unsigned char, unsigned char)
                0x00000000c001dc80                PCI::getProgIF(unsigned char, unsigned char, unsigned char)
                0x00000000c001dca8                PCI::getRevisionID(unsigned char, unsigned char, unsigned char)
                0x00000000c001dccc                PCI::getInterruptNumber(unsigned char, unsigned char, unsigned char)
                0x00000000c001dcf0                PCI::getSecondaryBus(unsigned char, unsigned char, unsigned char)
                0x00000000c001dd18                PCI::getBARAddress(unsigned char, unsigned char, unsigned char, unsigned char)
                0x00000000c001dd7c                PCI::pciWriteWord(unsigned char, unsigned char, unsigned char, unsigned char, unsigned short)
                0x00000000c001de64                PCI::pciDetailsToFilepath(PCIDeviceInfo, char*)
                0x00000000c001e256                PCI::checkBus(unsigned char)
                0x00000000c001e27a                PCI::foundDevice(PCIDeviceInfo)
                0x00000000c001e6ba                PCI::getDeviceData(unsigned char, unsigned char, unsigned char)
                0x00000000c001ea2c                PCI::checkDevice(unsigned char, unsigned char)
                0x00000000c001ea98                PCI::detect()
 *fill*         0x00000000c001eaeb        0x1 
 .text          0x00000000c001eaec      0xb66 hw/diskctrl/ide.32
                0x00000000c001eaec                IDE::close(int, int, void*)
                0x00000000c001eaf0                IDE::IDE()
                0x00000000c001eaf0                IDE::IDE()
                0x00000000c001eb24                IDE::prepareInterrupt(unsigned char)
                0x00000000c001eb36                selectDrive(unsigned char, unsigned char)
                0x00000000c001eb38                IDE::getBase(unsigned char)
                0x00000000c001eb4a                IDE::write(unsigned char, unsigned char, unsigned char)
                0x00000000c001ec0a                IDE::read(unsigned char, unsigned char)
                0x00000000c001ecb8                IDE::waitInterrupt(unsigned char)
                0x00000000c001ed1a                ideChannel0IRQHandler(regs*, void*)
                0x00000000c001ed36                ideChannel1IRQHandler(regs*, void*)
                0x00000000c001ed52                IDE::enableIRQs(unsigned char, bool)
                0x00000000c001ed98                IDE::open(int, int, void*)
                0x00000000c001f1c2                IDE::readBuffer(unsigned char, unsigned char, unsigned int, unsigned int)
                0x00000000c001f28e                IDE::detect()
                0x00000000c001f54e                IDE::printError(unsigned char, unsigned char, unsigned char)
                0x00000000c001f5fe                IDE::polling(unsigned char, unsigned int)
 .text          0x00000000c001f652      0x46c hw/diskctrl/satabus.32
                0x00000000c001f652                SATABus::close(int, int, void*)
                0x00000000c001f656                SATABus::detect()
                0x00000000c001f658                SATABus::SATABus()
                0x00000000c001f658                SATABus::SATABus()
                0x00000000c001f6de                SATABus::findCmdslot(SATABus::tagHBA_PORT volatile*)
                0x00000000c001f710                SATABus::checkType(SATABus::tagHBA_PORT volatile*)
                0x00000000c001f758                SATABus::startCmd(SATABus::tagHBA_PORT volatile*)
                0x00000000c001f778                SATABus::stopCmd(SATABus::tagHBA_PORT volatile*)
                0x00000000c001f7a2                SATABus::portRebase(SATABus::tagHBA_PORT volatile*, int)
                0x00000000c001f8a8                SATABus::probePort(SATABus::tagHBA_MEM volatile*)
                0x00000000c001fa8a                SATABus::open(int, int, void*)
 .text          0x00000000c001fabe      0x684 hw/diskphys/ata.32
                0x00000000c001fabe                ATA::close(int, int, void*)
                0x00000000c001fae2                ATA::powerSaving(PowerSavingLevel)
                0x00000000c001fae4                ATA::ATA()
                0x00000000c001fae4                ATA::ATA()
                0x00000000c001fb12                ATA::flush(bool)
                0x00000000c001fb5c                ATA::readyForCommand()
                0x00000000c001fba8                ATA::access(unsigned long long, int, void*, bool)
                0x00000000c001ff9e                ATA::read(unsigned long long, int, void*)
                0x00000000c001ffea                ATA::write(unsigned long long, int, void*)
                0x00000000c002004c                ATA::detectCHS()
                0x00000000c0020076                ATA::open(int, int, void*)
 .text          0x00000000c0020142      0x645 hw/diskphys/atapi.32
                0x00000000c0020142                ATAPI::write(unsigned long long, int, void*)
                0x00000000c0020148                ATAPI::close(int, int, void*)
                0x00000000c002016c                ATAPI::ATAPI()
                0x00000000c002016c                ATAPI::ATAPI()
                0x00000000c002019a                ATAPI::readyForCommand()
                0x00000000c00201ec                ATAPI::sendPacket(unsigned char*, int, bool, unsigned short*, int)
                0x00000000c00204ac                ATAPI::diskRemoved()
                0x00000000c0020508                ATAPI::eject()
                0x00000000c0020550                ATAPI::diskInserted()
                0x00000000c002056c                ATAPI::detectMedia()
                0x00000000c0020628                ATAPI::open(int, int, void*)
                0x00000000c0020708                ATAPI::read(unsigned long long, int, void*)
 *fill*         0x00000000c0020787        0x1 
 .text          0x00000000c0020788      0xa68 hw/diskphys/sata.32
                0x00000000c0020788                SATA::close(int, int, void*)
                0x00000000c00207ac                SATA::powerSaving(PowerSavingLevel)
                0x00000000c00207ae                SATA::open(int, int, void*)
                0x00000000c00209a4                SATA::SATA()
                0x00000000c00209a4                SATA::SATA()
                0x00000000c00209d2                SATA::access(unsigned long long, int, void*, bool)
                0x00000000c0020fca                SATA::read(unsigned long long, int, void*)
                0x00000000c00210ca                SATA::write(unsigned long long, int, void*)
 .text          0x00000000c00211f0      0x642 hw/diskphys/satapi.32
                0x00000000c00211f0                SATAPI::write(unsigned long long, int, void*)
                0x00000000c00211f6                SATAPI::close(int, int, void*)
                0x00000000c002121a                SATAPI::SATAPI()
                0x00000000c002121a                SATAPI::SATAPI()
                0x00000000c0021248                SATAPI::diskRemoved()
                0x00000000c002124a                SATAPI::diskInserted()
                0x00000000c0021266                SATAPI::sendPacket(unsigned char*, int, unsigned long long, unsigned short*, int)
                0x00000000c00214f4                SATAPI::eject()
                0x00000000c0021530                SATAPI::detectMedia()
                0x00000000c002165a                SATAPI::open(int, int, void*)
                0x00000000c002175a                SATAPI::read(unsigned long long, int, void*)
 *fill*         0x00000000c0021832        0x2 
 .text          0x00000000c0021834       0x94 hw/fpu/avx.32
                0x00000000c0021834                AVX::open(int, int, void*)
                0x00000000c0021848                AVX::close(int, int, void*)
                0x00000000c002185c                AVX::available()
                0x00000000c0021870                AVX::save(void*)
                0x00000000c0021888                AVX::load(void*)
                0x00000000c00218a0                AVX::AVX()
                0x00000000c00218a0                AVX::AVX()
 .text          0x00000000c00218c8       0x94 hw/fpu/mmx.32
                0x00000000c00218c8                MMX::available()
                0x00000000c00218dc                MMX::open(int, int, void*)
                0x00000000c00218f0                MMX::close(int, int, void*)
                0x00000000c0021904                MMX::save(void*)
                0x00000000c002191c                MMX::load(void*)
                0x00000000c0021934                MMX::MMX()
                0x00000000c0021934                MMX::MMX()
 .text          0x00000000c002195c       0x9c hw/fpu/sse.32
                0x00000000c002195c                SSE::open(int, int, void*)
                0x00000000c0021970                SSE::close(int, int, void*)
                0x00000000c0021984                SSE::available()
                0x00000000c00219a0                SSE::save(void*)
                0x00000000c00219b8                SSE::load(void*)
                0x00000000c00219d0                SSE::SSE()
                0x00000000c00219d0                SSE::SSE()
 .text          0x00000000c00219f8       0x8e hw/fpu/x87.32
                0x00000000c00219f8                x87::open(int, int, void*)
                0x00000000c0021a0a                x87::close(int, int, void*)
                0x00000000c0021a1c                x87::available()
                0x00000000c0021a2e                x87::save(void*)
                0x00000000c0021a46                x87::load(void*)
                0x00000000c0021a5e                x87::x87()
                0x00000000c0021a5e                x87::x87()
 .text          0x00000000c0021a86      0x71e hw/intctrl/apic.32
                0x00000000c0021a86                APIC::disable()
                0x00000000c0021a88                APIC::close(int, int, void*)
                0x00000000c0021aaa                IOAPIC::close(int, int, void*)
                0x00000000c0021ab0                APIC::io_wait()
                0x00000000c0021ab6                APIC::getBase()
                0x00000000c0021af8                APIC::eoi(unsigned char)
                0x00000000c0021b26                APIC::open(int, int, void*)
                0x00000000c0021c74                IOAPIC::IOAPIC()
                0x00000000c0021c74                IOAPIC::IOAPIC()
                0x00000000c0021c9c                APIC::APIC()
                0x00000000c0021c9c                APIC::APIC()
                0x00000000c0021d78                IOAPIC::handlesGSIWithNumber(unsigned int)
                0x00000000c0021daa                IOAPIC::read(int)
                0x00000000c0021dd2                IOAPIC::open(int, int, void*)
                0x00000000c0021ec8                IOAPIC::write(int, int)
                0x00000000c0021ef4                IOAPIC::redirect(unsigned char, unsigned long long, unsigned char, bool, bool)
                0x00000000c0021fee                APIC::installIRQHandler(int, void (*)(regs*, void*), bool, void*)
 .text          0x00000000c00221a4      0x3d3 hw/intctrl/pic.32
                0x00000000c00221a4                PIC::disable()
                0x00000000c00221d2                PIC::close(int, int, void*)
                0x00000000c00221f4                PIC::PIC()
                0x00000000c00221f4                PIC::PIC()
                0x00000000c00222ca                PIC::ioWait()
                0x00000000c00222d0                PIC::getIRQReg(int)
                0x00000000c002233a                PIC::eoi(unsigned char)
                0x00000000c00223cc                PIC::remap()
                0x00000000c0022538                PIC::open(int, int, void*)
 *fill*         0x00000000c0022577        0x1 
 .text          0x00000000c0022578      0x240 hw/timer/apictimer.32
                0x00000000c0022578                APICTimer::close(int, int, void*)
                0x00000000c0022580                apicTimerHandler(regs*, void*)
                0x00000000c00225a8                APICTimer::write(int)
                0x00000000c0022690                APICTimer::open(int, int, void*)
                0x00000000c0022790                APICTimer::APICTimer()
                0x00000000c0022790                APICTimer::APICTimer()
 .text          0x00000000c00227b8      0x1a3 hw/timer/pit.32
                0x00000000c00227b8                PIT::write(int)
                0x00000000c0022838                pitHandler(regs*, void*)
                0x00000000c002285c                PIT::open(int, int, void*)
                0x00000000c00228ac                PIT::close(int, int, void*)
                0x00000000c00228dc                PIT::PIT()
                0x00000000c00228dc                PIT::PIT()
 *fill*         0x00000000c002295b        0x5 
 .text          0x00000000c0022960       0x83 arch/i386/avx.32
                0x00000000c0022960                avxDetect
                0x00000000c002298a                avxSave
                0x00000000c002299b                avxLoad
                0x00000000c00229ac                avxInit
                0x00000000c00229ce                avxClose
                0x00000000c00229cf                wouldSheSayYes
 *fill*         0x00000000c00229e3        0xd 
 .text          0x00000000c00229f0       0x10 arch/i386/rdrand.32
                0x00000000c00229f0                _i386_getRDRAND
 .text          0x00000000c0022a00       0x39 arch/i386/sse.32
                0x00000000c0022a00                absolutelyNoChanceInHell
                0x00000000c0022a00                sseDetect
                0x00000000c0022a18                sseSave
                0x00000000c0022a20                sseLoad
                0x00000000c0022a28                sseInit
                0x00000000c0022a38                sseClose
 *fill*         0x00000000c0022a39        0x7 
 .text          0x00000000c0022a40       0x49 arch/i386/x87.32
                0x00000000c0022a46                x87Detect
                0x00000000c0022a61                x87Save
                0x00000000c0022a68                x87Load
                0x00000000c0022a6f                x87Init
                0x00000000c0022a88                x87Close
 *fill*         0x00000000c0022a89        0x3 
 .text          0x00000000c0022a8c       0x25 /cygdrive/d/Users/Alex/Desktop/Toolchain/Output/bin/../lib/gcc/i386-banana/8.1.0/crtend.o
 .text          0x00000000c0022ab1        0x0 crtn.32
 *fill*         0x00000000c0022ab1        0x3 
 .text          0x00000000c0022ab4      0x14b /cygdrive/d/Users/Alex/Desktop/Toolchain/Output/bin/../lib/gcc/i386-banana/8.1.0/libkgcc.a(_divdi3.o)
                0x00000000c0022ab4                __divdi3
 *fill*         0x00000000c0022bff        0x1 
 .text          0x00000000c0022c00      0x17e /cygdrive/d/Users/Alex/Desktop/Toolchain/Output/bin/../lib/gcc/i386-banana/8.1.0/libkgcc.a(_moddi3.o)
                0x00000000c0022c00                __moddi3
 *fill*         0x00000000c0022d7e        0x2 
 .text          0x00000000c0022d80       0xff /cygdrive/d/Users/Alex/Desktop/Toolchain/Output/bin/../lib/gcc/i386-banana/8.1.0/libkgcc.a(_udivdi3.o)
                0x00000000c0022d80                __udivdi3
 *fill*         0x00000000c0022e7f        0x1 
 .text          0x00000000c0022e80      0x11a /cygdrive/d/Users/Alex/Desktop/Toolchain/Output/bin/../lib/gcc/i386-banana/8.1.0/libkgcc.a(_umoddi3.o)
                0x00000000c0022e80                __umoddi3
 *(.gnu.linkonce.t*)

.iplt           0x00000000c0022fa0        0x0
 .iplt          0x00000000c0022fa0        0x0 D:/Users/Alex/Desktop/Banana/kernel/boot.32

.init           0x00000000c0022f9a        0xf
 .init          0x00000000c0022f9a        0x3 crti.32
                0x00000000c0022f9a                _init
 .init          0x00000000c0022f9d        0x5 /cygdrive/d/Users/Alex/Desktop/Toolchain/Output/bin/../lib/gcc/i386-banana/8.1.0/crtbegin.o
 .init          0x00000000c0022fa2        0x5 /cygdrive/d/Users/Alex/Desktop/Toolchain/Output/bin/../lib/gcc/i386-banana/8.1.0/crtend.o
 .init          0x00000000c0022fa7        0x2 crtn.32

.fini           0x00000000c0022fa9        0xa
 .fini          0x00000000c0022fa9        0x3 crti.32
                0x00000000c0022fa9                _fini
 .fini          0x00000000c0022fac        0x5 /cygdrive/d/Users/Alex/Desktop/Toolchain/Output/bin/../lib/gcc/i386-banana/8.1.0/crtbegin.o
 .fini          0x00000000c0022fb1        0x2 crtn.32

.text._ZN8ComputerD2Ev
                0x00000000c0022fb4       0x23
 .text._ZN8ComputerD2Ev
                0x00000000c0022fb4       0x23 core/computer.32
                0x00000000c0022fb4                Computer::~Computer()
                0x00000000c0022fb4                Computer::~Computer()

.text._ZN8ComputerD0Ev
                0x00000000c0022fd8       0x2a
 .text._ZN8ComputerD0Ev
                0x00000000c0022fd8       0x2a core/computer.32
                0x00000000c0022fd8                Computer::~Computer()

.text._Z10idleCommonv
                0x00000000c0023002       0x21
 .text._Z10idleCommonv
                0x00000000c0023002       0x21 core/idle.32
                0x00000000c0023002                idleCommon()

.text._ZN10LinkedListI8UnixFileED2Ev
                0x00000000c0023024        0x2
 .text._ZN10LinkedListI8UnixFileED2Ev
                0x00000000c0023024        0x2 core/unixfile.32
                0x00000000c0023024                LinkedList<UnixFile>::~LinkedList()
                0x00000000c0023024                LinkedList<UnixFile>::~LinkedList()

.text._ZN10LinkedListI8UnixFileEC2Ev
                0x00000000c0023026       0x42