Archive member included to satisfy reference by file (symbol)

/cygdrive/d/Users/Alex/Desktop/Toolchain/Output/bin/../lib/gcc/i386-banana/8.1.0/libkgcc.a(_divdi3.o)
                              fs/fat/ff.32 (__divdi3)
/cygdrive/d/Users/Alex/Desktop/Toolchain/Output/bin/../lib/gcc/i386-banana/8.1.0/libkgcc.a(_moddi3.o)
                              compat/resolve.32 (__moddi3)
/cygdrive/d/Users/Alex/Desktop/Toolchain/Output/bin/../lib/gcc/i386-banana/8.1.0/libkgcc.a(_udivdi3.o)
                              fs/fat/ff.32 (__udivdi3)
/cygdrive/d/Users/Alex/Desktop/Toolchain/Output/bin/../lib/gcc/i386-banana/8.1.0/libkgcc.a(_umoddi3.o)
                              compat/resolve.32 (__umoddi3)
D:/Users/Alex/Desktop/Banana/kernel/libsoftfp.a(sfieeelib.o)
                              hal/libresample/src_linear.32 (__subsf3)
D:/Users/Alex/Desktop/Banana/kernel/libsoftfp.a(dfieeelib.o)
                              hal/libresample/src_linear.32 (__adddf3)
D:/Users/Alex/Desktop/Banana/kernel/libsoftfp.a(sfdfcvt.o)
                              hal/libresample/samplerate.32 (__truncdfsf2)
D:/Users/Alex/Desktop/Banana/kernel/libk/libm32.a(s_fabs.c.o)
                              hal/libresample/samplerate.32 (fabs)
D:/Users/Alex/Desktop/Banana/kernel/libk/libm32.a(s_lrint.S.o)
                              hal/libresample/samplerate.32 (lrint)
D:/Users/Alex/Desktop/Banana/kernel/libk/libm32.a(s_lrintf.S.o)
                              hal/sound/sndhw.32 (lrintf)

Discarded input sections

 .comment       0x0000000000000000       0x12 /cygdrive/d/Users/Alex/Desktop/Toolchain/Output/bin/../lib/gcc/i386-banana/8.1.0/crtbegin.o
 .comment       0x0000000000000000       0x12 acpica/utclib.32
 .comment       0x0000000000000000       0x12 core/malloc.32
 .comment       0x0000000000000000       0x12 libk/string.32
 .comment       0x0000000000000000       0x12 fs/fat/diskio.32
 .comment       0x0000000000000000       0x12 fs/fat/ff.32
 .comment       0x0000000000000000       0x12 fs/fat/ffsystem.32
 .comment       0x0000000000000000       0x12 fs/fat/ffunicode.32
 .comment       0x0000000000000000       0x12 hal/libresample/samplerate.32
 .comment       0x0000000000000000       0x12 hal/libresample/src_linear.32
 .comment       0x0000000000000000       0x12 hal/libresample/src_sinc.32
 .comment       0x0000000000000000       0x12 hal/libresample/src_zoh.32
 .comment       0x0000000000000000       0x12 compat/inlines.32
 .comment       0x0000000000000000       0x12 compat/resolve.32
 .group         0x0000000000000000       0x14 core/computer.32
 .group         0x0000000000000000        0xc core/computer.32
 .comment       0x0000000000000000       0x12 core/computer.32
 .comment       0x0000000000000000       0x12 core/gdt.32
 .group         0x0000000000000000        0xc core/idle.32
 .comment       0x0000000000000000       0x12 core/idle.32
 .comment       0x0000000000000000       0x12 core/idt.32
 .comment       0x0000000000000000       0x12 core/kheap.32
 .comment       0x0000000000000000       0x12 core/main.32
 .comment       0x0000000000000000       0x12 core/physmgr.32
 .group         0x0000000000000000        0xc core/pipe.32
 .comment       0x0000000000000000       0x12 core/pipe.32
 .group         0x0000000000000000        0xc core/terminal.32
 .comment       0x0000000000000000       0x12 core/terminal.32
 .comment       0x0000000000000000       0x12 core/tss.32
 .group         0x0000000000000000        0x8 core/unixfile.32
 .group         0x0000000000000000        0x8 core/unixfile.32
 .group         0x0000000000000000        0xc core/unixfile.32
 .group         0x0000000000000000        0x8 core/unixfile.32
 .group         0x0000000000000000        0xc core/unixfile.32
 .group         0x0000000000000000        0x8 core/unixfile.32
 .group         0x0000000000000000        0xc core/unixfile.32
 .group         0x0000000000000000        0xc core/unixfile.32
 .comment       0x0000000000000000       0x12 core/unixfile.32
 .comment       0x0000000000000000       0x12 core/virtmgr.32
 .comment       0x0000000000000000       0x12 coreobjs/c++.32
 .comment       0x0000000000000000       0x12 dbg/kconsole.32
 .group         0x0000000000000000        0xc fs/vfs.32
 .group         0x0000000000000000        0xc fs/vfs.32
 .group         0x0000000000000000        0xc fs/vfs.32
 .comment       0x0000000000000000       0x12 fs/vfs.32
 .group         0x0000000000000000        0xc hal/bus.32
 .comment       0x0000000000000000       0x12 hal/bus.32
 .group         0x0000000000000000        0xc hal/buzzer.32
 .comment       0x0000000000000000       0x12 hal/buzzer.32
 .group         0x0000000000000000        0xc hal/clock.32
 .comment       0x0000000000000000       0x12 hal/clock.32
 .group         0x0000000000000000       0x14 hal/device.32
 .group         0x0000000000000000        0xc hal/device.32
 .group         0x0000000000000000        0x8 hal/device.32
 .group         0x0000000000000000        0xc hal/device.32
[...]
Memory Configuration

Name             Origin             Length             Attributes
*default*        0x0000000000000000 0xffffffffffffffff

Linker script and memory map

LOAD D:/Users/Alex/Desktop/Banana/kernel/boot.32
LOAD crti.32
LOAD /cygdrive/d/Users/Alex/Desktop/Toolchain/Output/bin/../lib/gcc/i386-banana/8.1.0/crtbegin.o
LOAD D:/Users/Alex/Desktop/Banana/kernel/morenasm.32
LOAD acpica/utclib.32
LOAD core/malloc.32
LOAD libk/string.32
LOAD fs/fat/diskio.32
LOAD fs/fat/ff.32
LOAD fs/fat/ffsystem.32
LOAD fs/fat/ffunicode.32
LOAD hal/libresample/samplerate.32
LOAD hal/libresample/src_linear.32
LOAD hal/libresample/src_sinc.32
LOAD hal/libresample/src_zoh.32
LOAD compat/inlines.32
LOAD compat/resolve.32
LOAD core/computer.32
LOAD core/gdt.32
LOAD core/idle.32
LOAD core/idt.32
LOAD core/kheap.32
LOAD core/main.32
LOAD core/physmgr.32
LOAD core/pipe.32
LOAD core/terminal.32
LOAD core/tss.32
LOAD core/unixfile.32
LOAD core/virtmgr.32
LOAD coreobjs/c++.32
LOAD dbg/kconsole.32
LOAD fs/vfs.32
LOAD hal/bus.32
LOAD hal/buzzer.32
LOAD hal/clock.32
LOAD hal/device.32
LOAD hal/diskctrl.32
LOAD hal/diskphys.32
LOAD hal/fpu.32
LOAD hal/intctrl.32
LOAD hal/keybrd.32
LOAD hal/logidisk.32
LOAD hal/mouse.32
LOAD hal/partition.32
LOAD hal/serial.32
LOAD hal/timer.32
LOAD hal/vcache.32
LOAD hal/video.32
LOAD hw/acpi.32
LOAD hw/cpu.32
LOAD hw/ports.32
LOAD hw/smp.32
LOAD krnl/env.32
LOAD krnl/panic.32
LOAD net/ethernet.32
LOAD reg/registry.32
LOAD sys/sc_eject.32
LOAD sys/sc_exit.32
LOAD sys/sc_getcwd.32
LOAD sys/sc_getpid.32
LOAD sys/sc_getramdata.32
LOAD sys/sc_getvgaptr.32
LOAD sys/sc_loaddll.32
LOAD sys/sc_read.32
LOAD sys/sc_sbrk.32
LOAD sys/sc_setcwd.32
LOAD sys/sc_settime.32
LOAD sys/sc_timezone.32
LOAD sys/sc_write.32
LOAD sys/sc_wsbe.32
LOAD sys/sc_yield.32
LOAD sys/syscalls.32
LOAD thr/elf.32
LOAD thr/prcssthr.32
LOAD vm86/vm8086.32
LOAD vm86/x87em.32
LOAD fs/fat/vfslink.32
LOAD fs/iso9660/vfslink.32
LOAD hal/sound/sndchannel.32
LOAD hal/sound/sndhw.32
LOAD hw/bus/isa.32
LOAD hw/bus/pci.32
LOAD hw/diskctrl/ide.32
LOAD hw/diskctrl/satabus.32
LOAD hw/diskphys/ata.32
LOAD hw/diskphys/atapi.32
LOAD hw/diskphys/sata.32
LOAD hw/diskphys/satapi.32
LOAD hw/fpu/avx.32
LOAD hw/fpu/mmx.32
LOAD hw/fpu/sse.32
LOAD hw/fpu/x87.32
LOAD hw/intctrl/apic.32
LOAD hw/intctrl/pic.32
LOAD hw/timer/apictimer.32
LOAD hw/timer/pit.32
LOAD hw/fpu/x86/avx.32
LOAD hw/fpu/x86/sse.32
LOAD hw/fpu/x86/x87.32
LOAD /cygdrive/d/Users/Alex/Desktop/Toolchain/Output/bin/../lib/gcc/i386-banana/8.1.0/crtend.o
LOAD crtn.32
LOAD /cygdrive/d/Users/Alex/Desktop/Toolchain/Output/bin/../lib/gcc/i386-banana/8.1.0/libkgcc.a
LOAD D:/Users/Alex/Desktop/Banana/kernel/libsoftfp.a
LOAD D:/Users/Alex/Desktop/Banana/kernel/libk/libm32.a
                0x00000000c0000000                . = 0xc0000000

.text           0x00000000c0000000    0x283e8
 *(.text)
 .text          0x00000000c0000000       0x41 D:/Users/Alex/Desktop/Banana/kernel/boot.32
                0x00000000c0000020                callGlobalConstructors
 .text          0x00000000c0000041        0x0 crti.32
 *fill*         0x00000000c0000041        0x3 
 .text          0x00000000c0000044      0x101 /cygdrive/d/Users/Alex/Desktop/Toolchain/Output/bin/../lib/gcc/i386-banana/8.1.0/crtbegin.o
 *fill*         0x00000000c0000145        0xb 
 .text          0x00000000c0000150      0x4fb D:/Users/Alex/Desktop/Banana/kernel/morenasm.32
                0x00000000c0000150                manualPCIProbe
                0x00000000c000019b                prepareTramp
                0x00000000c00001b4                voodooXADD
                0x00000000c000027f                doTPAUSE
                0x00000000c0000289                hasLegacyFPU
                0x00000000c00002ae                is486
                0x00000000c00002e4                detectCPUID
                0x00000000c00002fa                goToVM86
                0x00000000c000032a                goToUsermode
                0x00000000c0000354                switchToThreadASMFirstTime
                0x00000000c0000362                switchToThreadASM
                0x00000000c00003f2                asmQuickAcquireLock
                0x00000000c0000410                asmQuickReleaseLock
                0x00000000c000041c                asmAcquireLock
                0x00000000c000043d                asmReleaseLock
                0x00000000c0000450                loadGDT
                0x00000000c0000470                isr0
                0x00000000c0000480                isr1
                0x00000000c000048a                isr2
                0x00000000c0000494                isr3
                0x00000000c000049e                isr4
                0x00000000c00004a8                isr5
                0x00000000c00004b2                isr6
                0x00000000c00004bc                isr7
                0x00000000c00004c6                isr8
                0x00000000c00004ce                isr9
                0x00000000c00004d8                isr10
                0x00000000c00004e0                isr11
                0x00000000c00004e8                isr12
                0x00000000c00004f0                isr13
                0x00000000c00004f8                isr14
                0x00000000c0000500                isr15
                0x00000000c000050a                isr16
                0x00000000c0000514                isr17
                0x00000000c000051e                isr18
                0x00000000c0000528                irq3
                0x00000000c0000532                irq4
                0x00000000c000053c                irq5
                0x00000000c0000546                irq6
                0x00000000c0000550                irq7
                0x00000000c000055a                irq8
                0x00000000c0000564                irq9
                0x00000000c000056e                irq10
                0x00000000c0000578                irq11
                0x00000000c0000582                irq12
                0x00000000c000058c                irq13
                0x00000000c0000596                irq14
                0x00000000c00005a0                irq15
                0x00000000c00005aa                irq1
                0x00000000c00005b1                irq2
                0x00000000c00005b8                isr96
                0x00000000c00005bf                irq0
                0x00000000c00005c4                syscall_common_stub
                0x00000000c00005c4                int_common_stub
                0x00000000c00005f6                irq16
                0x00000000c0000600                irq17
                0x00000000c000060a                irq18
                0x00000000c0000614                irq19
                0x00000000c000061e                irq20
                0x00000000c0000628                irq21
                0x00000000c0000632                irq22
                0x00000000c000063c                irq23
                0x00000000c0000646                memcpy
 *fill*         0x00000000c000064b        0x1 
 .text          0x00000000c000064c      0x5dd acpica/utclib.32
                0x00000000c000064c                memcmp
                0x00000000c0000688                memmove
                0x00000000c0000750                memset
                0x00000000c000076c                strlen
                0x00000000c0000784                strpbrk
                0x00000000c00007c0                strtok
                0x00000000c000080c                strcpy
                0x00000000c0000830                strncpy
                0x00000000c0000898                strcmp
                0x00000000c00008d8                strchr
                0x00000000c00008fc                strncmp
                0x00000000c000094c                strcat
                0x00000000c000097c                strncat
                0x00000000c00009b8                strstr
                0x00000000c0000a00                toupper
                0x00000000c0000a14                tolower
                0x00000000c0000a28                simple_strtoul
 .text          0x00000000c0000c29      0xfad core/malloc.32
                0x00000000c0000d94                dlfree
                0x00000000c00010ef                dlmalloc
                0x00000000c000162c                dlrealloc
                0x00000000c00017cf                dlmemalign
                0x00000000c00018f2                dlcalloc
                0x00000000c000198c                dlcfree
                0x00000000c0001991                dlindependent_calloc
                0x00000000c00019b6                dlindependent_comalloc
                0x00000000c00019cd                dlvalloc
                0x00000000c00019f8                dlpvalloc
                0x00000000c0001a2e                dlmalloc_trim
                0x00000000c0001a3b                dlmalloc_usable_size
                0x00000000c0001a6c                dlmallinfo
                0x00000000c0001b3b                dlmalloc_stats
                0x00000000c0001b4c                dlmallopt
 .text          0x00000000c0001bd6        0x0 libk/string.32
 .text          0x00000000c0001bd6       0x51 fs/fat/diskio.32
                0x00000000c0001bd6                disk_status
                0x00000000c0001bd9                disk_initialize
                0x00000000c0001bdc                disk_read
                0x00000000c0001bf2                disk_write
                0x00000000c0001c08                disk_ioctl
 .text          0x00000000c0001c27     0x6833 fs/fat/ff.32
                0x00000000c0004ef5                f_mount
                0x00000000c0004f57                f_open
                0x00000000c0005393                f_read
                0x00000000c0005613                f_write
                0x00000000c00058cd                f_sync
                0x00000000c0005aa9                f_close
                0x00000000c0005ad8                f_lseek
                0x00000000c0005f8f                f_opendir
                0x00000000c0006091                f_closedir
                0x00000000c00060b3                f_readdir
                0x00000000c000614e                f_stat
                0x00000000c00061dd                f_getfree
                0x00000000c00063a8                f_truncate
                0x00000000c00064a0                f_unlink
                0x00000000c0006623                f_mkdir
                0x00000000c000684f                f_rename
                0x00000000c0006b42                f_chmod
                0x00000000c0006c20                f_utime
                0x00000000c0006cfe                f_getlabel
                0x00000000c0006eec                f_setlabel
                0x00000000c0007159                f_forward
                0x00000000c0007337                f_mkfs
 .text          0x00000000c000845a       0x2d fs/fat/ffsystem.32
                0x00000000c000845a                ff_memalloc
                0x00000000c0008470                ff_memfree
 .text          0x00000000c0008487      0x253 fs/fat/ffunicode.32
                0x00000000c0008487                ff_uni2oem
                0x00000000c0008517                ff_oem2uni
                0x00000000c0008583                ff_wtoupper
 .text          0x00000000c00086da      0x8fb hal/libresample/samplerate.32
                0x00000000c000871e                src_delete
                0x00000000c000875a                src_process
                0x00000000c0008910                src_callback_read
                0x00000000c0008a8d                src_set_ratio
                0x00000000c0008af7                src_get_channels
                0x00000000c0008b19                src_reset
                0x00000000c0008b65                src_new
                0x00000000c0008bf3                src_callback_new
                0x00000000c0008c55                src_get_name
                0x00000000c0008c8c                src_get_description
                0x00000000c0008cc3                src_get_version
                0x00000000c0008cc9                src_is_valid_ratio
                0x00000000c0008d1d                src_error
                0x00000000c0008d2b                src_strerror
                0x00000000c0008d3e                src_simple
                0x00000000c0008d91                src_short_to_float_array
                0x00000000c0008df6                src_float_to_short_array
                0x00000000c0008eb5                src_int_to_float_array
                0x00000000c0008f18                src_float_to_int_array
 .text          0x00000000c0008fd5      0x8cb hal/libresample/src_linear.32
                0x00000000c00097fb                linear_get_name
                0x00000000c000980a                linear_get_description
                0x00000000c0009819                linear_set_converter
 .text          0x00000000c00098a0     0x447c hal/libresample/src_sinc.32
                0x00000000c000dc33                sinc_get_name
                0x00000000c000dc46                sinc_get_description
                0x00000000c000dc59                sinc_set_converter
 .text          0x00000000c000dd1c      0x77c hal/libresample/src_zoh.32
                0x00000000c000e3f3                zoh_get_name
                0x00000000c000e402                zoh_get_description
                0x00000000c000e411                zoh_set_converter
 .text          0x00000000c000e498       0xa7 compat/inlines.32
                0x00000000c000e498                CPU::current()
                0x00000000c000e4a4                operator new(unsigned long)
                0x00000000c000e4a9                operator delete(void*)
                0x00000000c000e4ae                disableIRQs()
                0x00000000c000e4b6                enableIRQs()
                0x00000000c000e4c5                lockScheduler()
                0x00000000c000e4cd                unlockScheduler()
                0x00000000c000e4dc                lockStuff()
                0x00000000c000e4ea                unlockStuff()
                0x00000000c000e524                Virt::getAKernelVAS()
                0x00000000c000e52a                __not_memcpy
 .text          0x00000000c000e53f      0x111 compat/resolve.32
                0x00000000c000e53f                Krnl::resolveCompatibilitySymbol(char*)
 .text          0x00000000c000e650      0x741 core/computer.32
                0x00000000c000e650                Computer::close(int, int, void*)
                0x00000000c000e694                Krnl::firstTask()
                0x00000000c000e7d6                Computer::Computer()
                0x00000000c000e7d6                Computer::Computer()
                0x00000000c000e932                Computer::setBootMessage(char const*)
                0x00000000c000e934                Computer::detectFeatures()
                0x00000000c000eb3e                Computer::displayFeatures()
                0x00000000c000eb40                Computer::rdmsr(unsigned int)
                0x00000000c000eb6c                Computer::wrmsr(unsigned int, unsigned long long)
                0x00000000c000eba4                Computer::nmiEnabled()
                0x00000000c000ebb0                Computer::readCMOS(unsigned char)
                0x00000000c000ebca                Computer::enableNMI(bool)
                0x00000000c000ebe2                Computer::open(int, int, void*)
                0x00000000c000ecd4                Computer::disableNMI()
                0x00000000c000ece2                Computer::writeCMOS(unsigned char, unsigned char)
                0x00000000c000ed00                Computer::handleNMI()
                0x00000000c000ed66                Computer::setDiskActivityLight(int, bool)
 *fill*         0x00000000c000ed91        0x1 
 .text          0x00000000c000ed92      0x19d core/gdt.32
                0x00000000c000ed92                GDTEntry::setBase(unsigned int)
                0x00000000c000edae                GDTEntry::setLimit(unsigned int)
                0x00000000c000edcc                GDT::GDT()
                0x00000000c000edcc                GDT::GDT()
                0x00000000c000ede2                GDT::addEntry(GDTEntry)
                0x00000000c000ee04                GDT::getNumberOfEntries()
                0x00000000c000ee0c                GDT::flush()
                0x00000000c000ee2e                GDT::setup()
 .text          0x00000000c000ef2f       0x6b core/idle.32
                0x00000000c000ef2f                idleFunction(void*)
 .text          0x00000000c000ef9a      0x45e core/idt.32
                0x00000000c000ef9a                IDTEntry::IDTEntry(bool)
                0x00000000c000ef9a                IDTEntry::IDTEntry(bool)
                0x00000000c000f008                IDTEntry::setOffset(unsigned int)
                0x00000000c000f01c                IDT::IDT()
                0x00000000c000f01c                IDT::IDT()
                0x00000000c000f01e                IDT::getPointerToInvalidOpcodeEntryForF00F()
                0x00000000c000f026                IDT::addEntry(IDTEntry, int)
                0x00000000c000f040                IDT::addEntry(int, void (*)(), bool)
                0x00000000c000f078                IDT::flush()
                0x00000000c000f092                IDT::setup()
 .text          0x00000000c000f3f8      0x1fb core/kheap.32
                0x00000000c000f3f8                sbrk
                0x00000000c000f505                mmap
                0x00000000c000f51b                munmap
                0x00000000c000f531                liballoc_lock()
                0x00000000c000f53e                liballoc_unlock()
                0x00000000c000f552                liballoc_alloc(int)
                0x00000000c000f56a                liballoc_free(void*, int)
                0x00000000c000f585                realloc
                0x00000000c000f599                malloc
                0x00000000c000f5a9                free
                0x00000000c000f5b9                rfree
                0x00000000c000f5c9                calloc
 .text          0x00000000c000f5f3      0x1b6 core/main.32
                0x00000000c000f5f3                Krnl::setBootMessage(char const*)
                0x00000000c000f65f                kernel_main
 .text          0x00000000c000f7a9      0x5ee core/physmgr.32
                0x00000000c000f7a9                Phys::allocateDMA(unsigned long)
                0x00000000c000f877                Phys::freeDMA(unsigned long, unsigned long)
                0x00000000c000f8d6                Phys::setPageState(unsigned long, bool)
                0x00000000c000f908                Phys::getPageState(unsigned long)
                0x00000000c000f924                Phys::freePage(unsigned long)
                0x00000000c000f995                Phys::allocatePage()
                0x00000000c000fa8d                Phys::allocateContiguousPages(int)
                0x00000000c000fae9                Phys::allowSegmentToBeUsed(unsigned long, unsigned long)
                0x00000000c000fb21                Phys::physicalMemorySetup(unsigned int)
 *fill*         0x00000000c000fd97        0x1 
 .text          0x00000000c000fd98      0x273 core/pipe.32
                0x00000000c000fd98                Pipe::isAtty()
                0x00000000c000fd9c                Pipe::~Pipe()
                0x00000000c000fd9c                Pipe::~Pipe()
                0x00000000c000fdc0                Pipe::~Pipe()
                0x00000000c000fde8                Pipe::read(unsigned long long, void*, int*)
                0x00000000c000fee4                Pipe::write(unsigned long long, void*, int*)
                0x00000000c000ffa4                Pipe::Pipe(int)
                0x00000000c000ffa4                Pipe::Pipe(int)
 *fill*         0x00000000c001000b        0x1 
 .text          0x00000000c001000c      0xb91 core/terminal.32
                0x00000000c001000c                VgaText::isAtty()
                0x00000000c0010010                VgaText::~VgaText()
                0x00000000c0010010                VgaText::~VgaText()
                0x00000000c0010034                VgaText::~VgaText()
                0x00000000c001005e                VgaText::read(unsigned long long, void*, int*)
                0x00000000c001007e                setTerminalScrollLock(bool)
                0x00000000c001007f                addToTerminalCycle(VgaText*)
                0x00000000c00100a0                installVgaTextImplementation()
                0x00000000c00100b5                scrollTerminalScrollLock(int)
                0x00000000c00100b6                VgaText::updateTitle()
                0x00000000c00100f4                VgaText::load()
                0x00000000c0010142                VgaText::updateCursor()
                0x00000000c0010158                VgaText::doANSI_SGR(int)
                0x00000000c00101cc                VgaText::setDefaultBgColour(VgaColour)
                0x00000000c00101dc                VgaText::setDefaultFgColour(VgaColour)
                0x00000000c00101ec                VgaText::setDefaultColours(VgaColour, VgaColour)
                0x00000000c001020c                VgaText::setTitleTextColour(VgaColour)
                0x00000000c001021c                VgaText::setTitleColour(VgaColour)
                0x00000000c001022c                VgaText::setTitle(char*)
                0x00000000c0010252                VgaText::combineColours(unsigned char, unsigned char)
                0x00000000c0010264                VgaText::scrollScreen()
                0x00000000c00102f8                VgaText::combineCharAndColour(char, unsigned char)
                0x00000000c001030a                VgaText::writeCharacter(char, VgaColour, VgaColour, int, int)
                0x00000000c0010366                VgaText::getCursorX()
                0x00000000c001036e                VgaText::getCursorY()
                0x00000000c0010376                VgaText::setCursor(int, int)
                0x00000000c001038d                setActiveTerminal(VgaText*)
                0x00000000c00103ef                doTerminalCycle()
                0x00000000c001040a                VgaText::setCursorX(int)
                0x00000000c0010422                VgaText::setCursorY(int)
                0x00000000c001043a                VgaText::incrementCursor(bool)
                0x00000000c001048e                VgaText::decrementCursor(bool)
                0x00000000c00104b0                VgaText::putchar(char, VgaColour, VgaColour)
                0x00000000c0010588                VgaText::doUpdate()
                0x00000000c0010596                VgaText::puts(char const*, VgaColour, VgaColour)
                0x00000000c001070e                VgaText::clearScreen()
                0x00000000c0010768                VgaText::putchar(char)
                0x00000000c0010854                VgaText::putx(unsigned int)
                0x00000000c001089a                VgaText::puts(char const*)
                0x00000000c00108c0                VgaText::VgaText(char const*)
                0x00000000c00108c0                VgaText::VgaText(char const*)
                0x00000000c0010a3c                VgaText::receiveKey(unsigned char)
                0x00000000c0010b24                VgaText::write(unsigned long long, void*, int*)
                0x00000000c0010b78                newTerminal(char*)
 *fill*         0x00000000c0010b9d        0x1 
 .text          0x00000000c0010b9e      0x19d core/tss.32
                0x00000000c0010b9e                TSS::TSS()
                0x00000000c0010b9e                TSS::TSS()
                0x00000000c0010bac                TSS::setESP(unsigned long)
                0x00000000c0010bbe                TSS::flush()
                0x00000000c0010bde                TSS::setup(unsigned long, unsigned long)
 *fill*         0x00000000c0010d3b        0x1 
 .text          0x00000000c0010d3c      0x4c2 core/unixfile.32
                0x00000000c0010d3c                ReservedFilename::read(unsigned long long, void*, int*)
                0x00000000c0010d92                ReservedFilename::isAtty()
                0x00000000c0010dae                ReservedFilename::write(unsigned long long, void*, int*)
                0x00000000c0010e0c                UnixFile::getFileDescriptor()
                0x00000000c0010e14                UnixFile::UnixFile(int)
                0x00000000c0010e14                UnixFile::UnixFile(int)
                0x00000000c0010fc4                ReservedFilename::ReservedFilename(int)
                0x00000000c0010fc4                ReservedFilename::ReservedFilename(int)
                0x00000000c0010ff6                UnixFile::~UnixFile()
                0x00000000c0010ff6                UnixFile::~UnixFile()
                0x00000000c001108e                UnixFile::~UnixFile()
                0x00000000c00110b6                ReservedFilename::~ReservedFilename()
                0x00000000c00110b6                ReservedFilename::~ReservedFilename()
                0x00000000c00110da                ReservedFilename::~ReservedFilename()
                0x00000000c0011101                getFromFileDescriptor(int)
 .text          0x00000000c00111fe     0x13a7 core/virtmgr.32
                0x00000000c00111fe                Virt::setPageState(unsigned long, Virt::VirtPageState)
                0x00000000c0011233                Virt::getPageState(unsigned long)
                0x00000000c0011257                Virt::allocateKernelVirtualPages(int)
                0x00000000c0011368                Virt::freeSwapfilePage(unsigned long)
                0x00000000c0011386                Virt::swapIDToSector(unsigned long)
                0x00000000c0011398                Virt::allocateSwapfilePage()
                0x00000000c0011416                Virt::virtualMemorySetup()
                0x00000000c0011461                Virt::setupPageSwapping(int)
                0x00000000c00115e8                VAS::VAS()
                0x00000000c00115e8                VAS::VAS()
                0x00000000c0011624                VAS::VAS(VAS*)
                0x00000000c0011624                VAS::VAS(VAS*)
                0x00000000c0011652                VAS::getForeignPageTableEntry(bool, unsigned long)
                0x00000000c001167e                VAS::getPageTableEntry(unsigned long)
                0x00000000c001169d                Virt::freeKernelVirtualPages(unsigned long)
                0x00000000c00117c0                VAS::freeAllocatedPages(unsigned long)
                0x00000000c00117e4                VAS::virtualToPhysical(unsigned long)
                0x00000000c00117fc                VAS::reflagRange(unsigned long, int, int, int)
                0x00000000c001183c                VAS::setToWriteCombining(unsigned long, int)
                0x00000000c001186e                VAS::mapOtherVASIn(bool, VAS*)
                0x00000000c0011898                VAS::~VAS()
                0x00000000c0011898                VAS::~VAS()
                0x00000000c0011a14                VAS::mapPage(unsigned long, unsigned long, int)
                0x00000000c0011b16                VAS::allocatePages(int, int)
                0x00000000c0011cee                VAS::setCPUSpecific(unsigned long)
                0x00000000c0011d0a                VAS::mapRange(unsigned long, unsigned long, int, int)
                0x00000000c0011dd0                VAS::mapForeignPage(bool, VAS*, unsigned long, unsigned long, int)
                0x00000000c0011ebe                VAS::VAS(bool)
                0x00000000c0011ebe                VAS::VAS(bool)
                0x00000000c001213e                VAS::evict(unsigned long)
                0x00000000c001222c                VAS::tryLoadBackOffDisk(unsigned long)
                0x00000000c00123c8                VAS::scanForEviction()
                0x00000000c0012479                mapVASFirstTime
 .text          0x00000000c00125a5       0x95 coreobjs/c++.32
                0x00000000c00125a5                __cxa_atexit
                0x00000000c00125a8                __cxa_finalize
                0x00000000c00125a9                __stack_chk_fail
                0x00000000c0012615                __cxa_pure_virtual
                0x00000000c0012626                operator new[](unsigned long)
                0x00000000c001262b                operator delete(void*, unsigned long)
                0x00000000c0012630                operator delete[](void*)
                0x00000000c0012635                operator delete[](void*, unsigned long)
 .text          0x00000000c001263a      0x1e7 dbg/kconsole.32
                0x00000000c001263a                Dbg::stringifyxWithBase(unsigned int, char*, int)
                0x00000000c0012693                Dbg::logc(char)
                0x00000000c00126aa                Dbg::logs(char*)
                0x00000000c00126c7                Dbg::logWriteInt(unsigned int)
                0x00000000c00126e4                Dbg::logWriteIntBase(unsigned int, int)
                0x00000000c0012703                Dbg::kprintf(char const*, ...)
 *fill*         0x00000000c0012821        0x1 
 .text          0x00000000c0012822      0xb82 fs/vfs.32
                0x00000000c0012822                File::read(unsigned long long, void*, int*)
                0x00000000c001287a                File::write(unsigned long long, void*, int*)
                0x00000000c00128d2                Directory::read(unsigned long long, void*, int*)
                0x00000000c001292a                Directory::write(unsigned long long, void*, int*)
                0x00000000c0012958                File::isAtty()
                0x00000000c001295c                Directory::isAtty()
                0x00000000c0012960                Filesystem::getlabel(LogicalDisk*, int, char*, unsigned int*)
                0x00000000c0012966                Filesystem::setlabel(LogicalDisk*, int, char*)
                0x00000000c001296c                Filesystem::getFileFirstSector(char const*)
                0x00000000c0012972                File::~File()
                0x00000000c0012972                File::~File()
                0x00000000c0012996                File::~File()
                0x00000000c00129c0                Directory::~Directory()
                0x00000000c00129c0                Directory::~Directory()
                0x00000000c00129e4                Directory::~Directory()
                0x00000000c0012a0e                Filesystem::Filesystem()
                0x00000000c0012a0e                Filesystem::Filesystem()
                0x00000000c0012a32                Filesystem::~Filesystem()
                0x00000000c0012a32                Filesystem::~Filesystem()
                0x00000000c0012a40                Filesystem::~Filesystem()
                0x00000000c0012a64                Fs::getcwd(Process*, char*, int)
                0x00000000c0012a8e                Fs::initVFS()
                0x00000000c0012ab8                Fs::standardiseFiles(char*, char const*, char const*)
                0x00000000c0012c62                File::File(char const*, Process*)
                0x00000000c0012c62                File::File(char const*, Process*)
                0x00000000c0012cc6                File::open(FileOpenMode)
                0x00000000c0012d24                File::close()
                0x00000000c0012d84                File::seek(unsigned long long)
                0x00000000c0012dda                File::tell(unsigned long long*)
                0x00000000c0012e2a                File::rewind()
                0x00000000c0012e3e                File::unlink()
                0x00000000c0012e8a                File::rename(char const*)
                0x00000000c0012ed8                File::chfatattr(unsigned char, unsigned char)
                0x00000000c0012f34                File::exists()
                0x00000000c0012f72                File::stat(unsigned long long*, bool*)
                0x00000000c0012fd3                Fs::setcwd(Process*, char*)
                0x00000000c001310e                Directory::Directory(char const*, Process*)
                0x00000000c001310e                Directory::Directory(char const*, Process*)
                0x00000000c0013172                Directory::open()
                0x00000000c00131ce                Directory::close()
                0x00000000c001322e                Directory::unlink()
                0x00000000c001327a                Directory::rename(char const*)
                0x00000000c00132c8                Directory::exists()
                0x00000000c0013306                Directory::read(dirent*)
                0x00000000c0013352                Directory::create()
                0x00000000c001339e                Filesystem::chfatattr(char const*, unsigned char, unsigned char)
 .text          0x00000000c00133a4       0x84 hal/bus.32
                0x00000000c00133a4                Bus::Bus(char const*)
                0x00000000c00133a4                Bus::Bus(char const*)
                0x00000000c00133da                Bus::~Bus()
                0x00000000c00133da                Bus::~Bus()
                0x00000000c00133fe                Bus::~Bus()
 .text          0x00000000c0013428      0x156 hal/buzzer.32
                0x00000000c0013428                Buzzer::Buzzer(char const*)
                0x00000000c0013428                Buzzer::Buzzer(char const*)
                0x00000000c001346c                Buzzer::~Buzzer()
                0x00000000c001346c                Buzzer::~Buzzer()
                0x00000000c0013490                Buzzer::~Buzzer()
                0x00000000c00134ba                Buzzer::stop()
                0x00000000c00134cd                beepThread(void*)
                0x00000000c0013510                Buzzer::beep(int, int, bool)
 .text          0x00000000c001357e      0x467 hal/clock.32
                0x00000000c001357e                User::loadClockSettings(int)
                0x00000000c00135d0                Clock::Clock(char const*)
                0x00000000c00135d0                Clock::Clock(char const*)
                0x00000000c0013606                Clock::~Clock()
                0x00000000c0013606                Clock::~Clock()
                0x00000000c001362a                Clock::~Clock()
                0x00000000c0013654                Clock::timeInSecondsLocal()
                0x00000000c001369c                Clock::setTimeInSecondsLocal(unsigned long long)
                0x00000000c00136f5                datetimeToSeconds(datetime_t)
                0x00000000c001381c                Clock::setTimeInDatetimeLocal(datetime_t)
                0x00000000c001387c                secondsToDatetime(unsigned long long)
                0x00000000c00139c0                Clock::timeInDatetimeLocal()
 *fill*         0x00000000c00139e5        0x1 
 .text          0x00000000c00139e6      0x504 hal/device.32
                0x00000000c00139e6                Device::hibernate()
                0x00000000c00139e8                Device::wake()
                0x00000000c00139ea                Device::detect()
                0x00000000c00139ec                Device::disableLegacy()
                0x00000000c00139ee                Device::powerSaving(PowerSavingLevel)
                0x00000000c00139f0                DriverlessDevice::close(int, int, void*)
                0x00000000c00139f4                DriverlessDevice::detect()
                0x00000000c00139f6                DriverlessDevice::open(int, int, void*)
                0x00000000c0013a0a                Device::~Device()
                0x00000000c0013a0a                Device::~Device()
                0x00000000c0013a18                Device::~Device()
                0x00000000c0013a40                Device::findAndLoadDriver()
                0x00000000c0013a4e                Device::preOpenPCI(PCIDeviceInfo)
                0x00000000c0013a74                Device::preOpenACPI(void*, char*, char*)
                0x00000000c0013ab4                Device::addIRQHandler(int, void (*)(regs*, void*), bool, void*)
                0x00000000c0013af2                Device::getParent()
                0x00000000c0013afe                Device::removeIRQHandler(int, void (*)(regs*, void*), bool)
                0x00000000c0013b3c                Device::addChild(Device*)
                0x00000000c0013b80                Device::removeAllChildren()
                0x00000000c0013bc6                Device::hibernateAll()
                0x00000000c0013bf6                Device::wakeAll()
                0x00000000c0013c26                Device::detectAll()
                0x00000000c0013c56                Device::disableLegacyAll()
                0x00000000c0013c86                Device::loadDriversForAll()
                0x00000000c0013cc6                Device::closeAll()
                0x00000000c0013cfc                Device::powerSavingAll(PowerSavingLevel)
                0x00000000c0013d32                Device::setName(char const*)
                0x00000000c0013d40                Device::Device(char const*)
                0x00000000c0013d40                Device::Device(char const*)
                0x00000000c0013e3c                Device::getName()
                0x00000000c0013e46                DriverlessDevice::DriverlessDevice(char const*)
                0x00000000c0013e46                DriverlessDevice::DriverlessDevice(char const*)
                0x00000000c0013e7c                Device::addToLinkedList(LinkedList<Device>&, DeviceType)
                0x00000000c0013ec0                getDevicesOfType(DeviceType)
 .text          0x00000000c0013eea       0x84 hal/diskctrl.32
                0x00000000c0013eea                HardDiskController::HardDiskController(char const*)
                0x00000000c0013eea                HardDiskController::HardDiskController(char const*)
                0x00000000c0013f20                HardDiskController::~HardDiskController()
                0x00000000c0013f20                HardDiskController::~HardDiskController()
                0x00000000c0013f44                HardDiskController::~HardDiskController()
 .text          0x00000000c0013f6e       0xe2 hal/diskphys.32
                0x00000000c0013f6e                PhysicalDisk::eject()
                0x00000000c0013f72                PhysicalDisk::PhysicalDisk(char const*, int)
                0x00000000c0013f72                PhysicalDisk::PhysicalDisk(char const*, int)
                0x00000000c0013fda                PhysicalDisk::startCache()
                0x00000000c0014002                PhysicalDisk::~PhysicalDisk()
                0x00000000c0014002                PhysicalDisk::~PhysicalDisk()
                0x00000000c0014026                PhysicalDisk::~PhysicalDisk()
 .text          0x00000000c0014050      0x13b hal/fpu.32
                0x00000000c0014050                FPU::FPU(char const*)
                0x00000000c0014050                FPU::FPU(char const*)
                0x00000000c0014086                FPU::~FPU()
                0x00000000c0014086                FPU::~FPU()
                0x00000000c00140aa                FPU::~FPU()
                0x00000000c00140d4                setupFPU()
 *fill*         0x00000000c001418b        0x1 
 .text          0x00000000c001418c     0x1435 hal/intctrl.32
                0x00000000c001418c                InterruptController::uninstallISRHandler(int, void (*)(regs*, void*))
                0x00000000c00141c4                InterruptController::installISRHandler(int, void (*)(regs*, void*), void*)
                0x00000000c0014216                doubleFault(regs*, void*)
                0x00000000c0014230                InterruptController::installIRQHandler(int, void (*)(regs*, void*), bool, void*)
                0x00000000c00142cc                InterruptController::clearAllHandlers(int, bool)
                0x00000000c0014374                InterruptController::uninstallIRQHandler(int, void (*)(regs*, void*), bool)
                0x00000000c00143fb                nmiHandler(regs*, void*)
                0x00000000c0014409                int_handler
                0x00000000c00144aa                InterruptController::InterruptController(char const*)
                0x00000000c00144aa                InterruptController::InterruptController(char const*)
                0x00000000c0014550                InterruptController::~InterruptController()
                0x00000000c0014550                InterruptController::~InterruptController()
                0x00000000c0014574                InterruptController::~InterruptController()
                0x00000000c001459e                displayDebugInfo(regs*)
                0x00000000c0014a2d                x87EmulHandler(regs*, void*)
                0x00000000c0014aa0                gpFault(regs*, void*)
                0x00000000c0014ad9                pgFault(regs*, void*)
                0x00000000c0014b21                otherISRHandler(regs*, void*)
                0x00000000c0014b40                opcodeFault(regs*, void*)
                0x00000000c001515d                displayProgramFault(char const*)
                0x00000000c0015185                setupInterruptController()
                0x00000000c0015574                InterruptController::convertLegacyIRQNumber(int)
 *fill*         0x00000000c00155c1        0x1 
 .text          0x00000000c00155c2      0x784 hal/keybrd.32
                0x00000000c00155c2                startGUI(void*)
                0x00000000c001562e                startGUIVESA(void*)
                0x00000000c001569a                sendKeyToTerminal(unsigned char)
                0x00000000c0015758                sendKeyboardToken(KeyboardToken)
                0x00000000c0015b95                clearInternalKeybuffer(VgaText*)
                0x00000000c0015bca                readKeyboard(VgaText*, char*, unsigned long)
                0x00000000c0015cbc                Keyboard::Keyboard(char const*)
                0x00000000c0015cbc                Keyboard::Keyboard(char const*)
                0x00000000c0015cf8                Keyboard::~Keyboard()
                0x00000000c0015cf8                Keyboard::~Keyboard()
                0x00000000c0015d1c                Keyboard::~Keyboard()
 .text          0x00000000c0015d46      0x3ea hal/logidisk.32
                0x00000000c0015d46                LogicalDisk::close(int, int, void*)
                0x00000000c0015d4a                LogicalDisk::~LogicalDisk()
                0x00000000c0015d4a                LogicalDisk::~LogicalDisk()
                0x00000000c0015d6e                LogicalDisk::~LogicalDisk()
                0x00000000c0015d98                LogicalDisk::open(int, int, void*)
                0x00000000c0015dac                LogicalDisk::absoluteToRelative(unsigned long long)
                0x00000000c0015de4                LogicalDisk::relativeToAbsolute(unsigned long long)
                0x00000000c0015e2a                LogicalDisk::LogicalDisk(char const*, PhysicalDisk*, unsigned long long, unsigned long long)
                0x00000000c0015e2a                LogicalDisk::LogicalDisk(char const*, PhysicalDisk*, unsigned long long, unsigned long long)
                0x00000000c0015ee0                LogicalDisk::assignDriveLetter()
                0x00000000c0015f96                LogicalDisk::mount()
                0x00000000c0015fde                LogicalDisk::unmount()
                0x00000000c0015fee                LogicalDisk::eject()
                0x00000000c0016002                LogicalDisk::unassignDriveLetter()
                0x00000000c0016058                LogicalDisk::read(unsigned long long, int, void*)
                0x00000000c00160c4                LogicalDisk::write(unsigned long long, int, void*)
 .text          0x00000000c0016130       0x84 hal/mouse.32
                0x00000000c0016130                Mouse::Mouse(char const*)
                0x00000000c0016130                Mouse::Mouse(char const*)
                0x00000000c0016166                Mouse::~Mouse()
                0x00000000c0016166                Mouse::~Mouse()
                0x00000000c001618a                Mouse::~Mouse()
 .text          0x00000000c00161b4      0x339 hal/partition.32
                0x00000000c00161b4                makePartition(PhysicalDisk*, unsigned long long, unsigned long long)
                0x00000000c001625c                createPartitionsForDisk(PhysicalDisk*)
 *fill*         0x00000000c00164ed        0x1 
 .text          0x00000000c00164ee       0x84 hal/serial.32
                0x00000000c00164ee                Serial::Serial(char const*)
                0x00000000c00164ee                Serial::Serial(char const*)
                0x00000000c0016524                Serial::~Serial()
                0x00000000c0016524                Serial::~Serial()
                0x00000000c0016548                Serial::~Serial()
 .text          0x00000000c0016572      0x2f3 hal/timer.32
                0x00000000c0016572                Timer::Timer(char const*)
                0x00000000c0016572                Timer::Timer(char const*)
                0x00000000c00165a8                Timer::~Timer()
                0x00000000c00165a8                Timer::~Timer()
                0x00000000c00165cc                Timer::~Timer()
                0x00000000c00165f6                Timer::read()
                0x00000000c0016601                timerHandler(unsigned long long)
                0x00000000c0016773                setupTimer(int)
 *fill*         0x00000000c0016865        0x1 
 .text          0x00000000c0016866      0x409 hal/vcache.32
                0x00000000c0016866                VCache::VCache(PhysicalDisk*)
                0x00000000c0016866                VCache::VCache(PhysicalDisk*)
                0x00000000c00169ce                VCache::invalidateReadBuffer()
                0x00000000c00169de                VCache::writeWriteBuffer()
                0x00000000c0016a1a                VCache::~VCache()
                0x00000000c0016a1a                VCache::~VCache()
                0x00000000c0016a6e                VCache::~VCache()
                0x00000000c0016a96                VCache::write(unsigned long long, int, void*)
                0x00000000c0016b80                VCache::read(unsigned long long, int, void*)
 *fill*         0x00000000c0016c6f        0x1 
 .text          0x00000000c0016c70      0x4b3 hal/video.32
                0x00000000c0016c70                Video::putrect(int, int, int, int, unsigned int)
                0x00000000c0016cbc                Video::bitblit(int, int, int, int, int, int, int, unsigned int*)
                0x00000000c0016d2c                Video::blit(unsigned int*, int, int, int, int)
                0x00000000c0016daa                Video::clearScreen(unsigned int)
                0x00000000c0016dde                Video::putpixel(int, int, unsigned int)
                0x00000000c0016dec                Video::Video(char const*)
                0x00000000c0016dec                Video::Video(char const*)
                0x00000000c0016e22                Video::~Video()
                0x00000000c0016e22                Video::~Video()
                0x00000000c0016e46                Video::~Video()
                0x00000000c0016e70                Video::isMonochrome()
                0x00000000c0016e7c                Video::getWidth()
                0x00000000c0016e88                Video::getHeight()
                0x00000000c0016e94                Video::drawCursor(int, int, unsigned char*, int)
                0x00000000c0016f50                Video::tgaParse(unsigned char*, int, int*, int*)
                0x00000000c00170b8                Video::putTGA(int, int, unsigned char*, int)
 *fill*         0x00000000c0017123        0x1 
 .text          0x00000000c0017124     0x11c9 hw/acpi.32
                0x00000000c0017124                ACPI::close(int, int, void*)
                0x00000000c00171c9                findRSDP()
                0x00000000c0017253                loadACPITables(unsigned char*)
                0x00000000c00174aa                findRSDT(unsigned char*)
                0x00000000c00175f4                findDataTable(unsigned char*, char*)
                0x00000000c0017666                scanMADT()
                0x00000000c0017ad4                ACPI::ACPI()
                0x00000000c0017ad4                ACPI::ACPI()
                0x00000000c0017b28                ACPI::getPCIIRQAssignment(unsigned char, unsigned short, unsigned char)
                0x00000000c0017c0a                ACPI::registerPCIIRQAssignment(void*, unsigned short, unsigned char, unsigned char)
                0x00000000c0017cd0                ACPI::setScreenBrightnessLevel(void*, int)
                0x00000000c0017cd6                ACPI::detectPCI()
                0x00000000c0017ed8                ACPI::writeSimpleBootFlag(SimpleBootFlagTable*)
                0x00000000c0017f20                ACPI::sleep()
                0x00000000c0017f38                ACPI::open(int, int, void*)
 *fill*         0x00000000c00182ed        0x1 
 .text          0x00000000c00182ee     0x1495 hw/cpu.32
                0x00000000c00182ee                CPU::close(int, int, void*)
                0x00000000c00182f2                CPU::lookupAMDName(unsigned char, unsigned char)
                0x00000000c0018486                CPU::lookupIntelName(unsigned char, unsigned char)
                0x00000000c0018734                CPU::AMD_K6_write_msr(unsigned int, unsigned int, unsigned int, CPU::REGS*)
                0x00000000c0018750                CPU::AMD_K6_read_msr(unsigned int, CPU::REGS*)
                0x00000000c0018768                CPU::AMD_K6_writeback(int, int, int)
                0x00000000c00187dc                CPU::cpuid(int, unsigned long*, unsigned long*, unsigned long*, unsigned long*)
                0x00000000c0018860                CPU::cpuidCheckEDX(unsigned int)
                0x00000000c001888e                CPU::cpuidCheckECX(unsigned int)
                0x00000000c00188bc                CPU::cpuidCheckExtendedEBX(unsigned int)
                0x00000000c00188ea                CPU::cpuidCheckExtendedECX(unsigned int)
                0x00000000c0018918                CPU::CPU()
                0x00000000c0018918                CPU::CPU()
                0x00000000c00189a6                CPU::displayFeatures()
                0x00000000c00189a8                CPU::detectFeatures()
                0x00000000c001939a                CPU::setupSMEP()
                0x00000000c00193a6                CPU::setupUMIP()
                0x00000000c00193b0                CPU::setupTSC()
                0x00000000c00193ba                CPU::setupLargePages()
                0x00000000c00193c4                CPU::setupPAT()
                0x00000000c0019400                CPU::setupMTRR()
                0x00000000c0019402                CPU::setupGlobalPages()
                0x00000000c001940c                CPU::allowUsermodeDataAccess()
                0x00000000c001941e                CPU::prohibitUsermodeDataAccess()
                0x00000000c0019430                CPU::setupSMAP()
                0x00000000c001943e                CPU::setupFeatures()
                0x00000000c00194be                CPU::open(int, int, void*)
                0x00000000c0019588                CPU::decodeAddress(regs*, int*, bool*, unsigned char*)
 .text          0x00000000c0019783        0x0 hw/ports.32
 .text          0x00000000c0019783      0x16a hw/smp.32
                0x00000000c0019783                Krnl::smpEntry()
                0x00000000c0019785                Krnl::startCPU(int)
                0x00000000c00198ce                Krnl::startCPUs()
 *fill*         0x00000000c00198ed        0x1 
 .text          0x00000000c00198ee      0x581 krnl/env.32
                0x00000000c00198ee                EnvVarContainer::getEnv(char const*)
                0x00000000c001992c                EnvVarContainer::setEnv(char const*, char const*)
                0x00000000c00199ee                EnvVarContainer::deleteEnv(char const*)
                0x00000000c00199f0                EnvVarContainer::loadFrom(char const*, char const*)
                0x00000000c0019bd6                EnvVarContainer::__loadSystem()
                0x00000000c0019bf0                EnvVarContainer::__loadUser()
                0x00000000c0019bf2                EnvVarContainer::EnvVarContainer(Process*)
                0x00000000c0019bf2                EnvVarContainer::EnvVarContainer(Process*)
                0x00000000c0019c14                EnvVarContainer::~EnvVarContainer()
                0x00000000c0019c14                EnvVarContainer::~EnvVarContainer()
                0x00000000c0019c44                Krnl::getEnv(Process*, char const*)
                0x00000000c0019ca9                Krnl::setEnvSystem(char const*, char const*)
                0x00000000c0019cc3                Krnl::setEnvUser(char const*, char const*)
                0x00000000c0019ce2                Krnl::setEnvProcess(Process*, char const*, char const*)
                0x00000000c0019cf5                Krnl::deleteEnvSystem(char const*)
                0x00000000c0019cf6                Krnl::deleteEnvUser(char const*)
                0x00000000c0019cf7                Krnl::deleteEnvProcess(Process*, char const*)
                0x00000000c0019cf8                Krnl::newProcessEnv(Process*)
                0x00000000c0019d1a                Krnl::copyProcessEnv(Process*, Process*)
                0x00000000c0019d66                Krnl::loadSystemEnv()
                0x00000000c0019d94                Krnl::loadUserEnv()
                0x00000000c0019dba                Krnl::flushEnv()
                0x00000000c0019dbb                Krnl::getProcessTotalEnvCount(Process*)
                0x00000000c0019ddb                Krnl::getProcessEnvPair(Process*, int)
 .text          0x00000000c0019e6f      0x39c krnl/panic.32
                0x00000000c0019e6f                Krnl::panic(char const*)
 .text          0x00000000c001a20b      0x57f net/ethernet.32
                0x00000000c001a20b                Net::switchEndian16(unsigned short)
                0x00000000c001a22c                Net::switchEndian32(unsigned int)
                0x00000000c001a25b                Net::crc32Calc(unsigned char*, int)
                0x00000000c001a2ec                Net::wrapEthernetFrame(Net::UnwrappedEthernetFrame, unsigned char*)
                0x00000000c001a4ff                Net::unwrapEthernetFrame(unsigned char*, int)
 .text          0x00000000c001a78a      0x50e reg/registry.32
                0x00000000c001a78a                Reg::findLineFromLoadedData(char*, char*, char*)
                0x00000000c001a8e2                Reg::getLineFromRegistry(char*, char*, char*, char*)
                0x00000000c001aa37                Reg::getLine(char*, char*, char*)
                0x00000000c001aa6e                Reg::readInt(char*, char*, int*)
                0x00000000c001ab59                Reg::readString(char*, char*, char*, int)
                0x00000000c001abda                Reg::readBool(char*, char*, bool*)
                0x00000000c001abff                Reg::readBoolWithDefault(char*, char*, bool)
                0x00000000c001ac2b                Reg::readIntWithDefault(char*, char*, int)
                0x00000000c001ac57                Reg::readStringWithDefault(char*, char*, char*, int, char*)
 .text          0x00000000c001ac98       0x36 sys/sc_eject.32
                0x00000000c001ac98                Sys::eject(regs*)
 .text          0x00000000c001acce       0x18 sys/sc_exit.32
                0x00000000c001acce                Sys::exit(regs*)
 .text          0x00000000c001ace6       0x1f sys/sc_getcwd.32
                0x00000000c001ace6                Sys::getCwd(regs*)
 .text          0x00000000c001ad05        0xc sys/sc_getpid.32
                0x00000000c001ad05                Sys::getPID(regs*)
 .text          0x00000000c001ad11       0x17 sys/sc_getramdata.32
                0x00000000c001ad11                Sys::getRAMData(regs*)
 .text          0x00000000c001ad28       0x84 sys/sc_getvgaptr.32
                0x00000000c001ad28                Sys::getVGAPtr(regs*)
 .text          0x00000000c001adac       0xa8 sys/sc_loaddll.32
                0x00000000c001adac                Sys::loadDLL(regs*)
 .text          0x00000000c001ae54       0x68 sys/sc_read.32
                0x00000000c001ae54                Sys::read(regs*)
 .text          0x00000000c001aebc       0x55 sys/sc_sbrk.32
                0x00000000c001aebc                Sys::sbrk(regs*)
 .text          0x00000000c001af11       0x1c sys/sc_setcwd.32
                0x00000000c001af11                Sys::setCwd(regs*)
 .text          0x00000000c001af2d       0x95 sys/sc_settime.32
                0x00000000c001af2d                Sys::setTime(regs*)
 .text          0x00000000c001afc2       0x4a sys/sc_timezone.32
                0x00000000c001afc2                Sys::timezone(regs*)
 .text          0x00000000c001b00c       0x68 sys/sc_write.32
                0x00000000c001b00c                Sys::write(regs*)
 .text          0x00000000c001b074       0x62 sys/sc_wsbe.32
                0x00000000c001b074                Sys::wsbe(regs*)
 .text          0x00000000c001b0d6       0x46 sys/sc_yield.32
                0x00000000c001b0d6                Sys::yield(regs*)
 .text          0x00000000c001b11c      0xf84 sys/syscalls.32
                0x00000000c001b11c                sysCallSeekDir(regs*)
                0x00000000c001b121                sysCallTellDir(regs*)
                0x00000000c001b126                sysCallVerify(regs*)
                0x00000000c001b130                sysCallGetArgc(regs*)
                0x00000000c001b140                sysFormatDisk(regs*)
                0x00000000c001b1aa                sysSetDiskVolumeLabel(regs*)
                0x00000000c001b1f0                sysGetDiskVolumeLabel(regs*)
                0x00000000c001b241                sysShutdown(regs*)
                0x00000000c001b29f                sysCallRealpath(regs*)
                0x00000000c001b2e2                sysCallReadDir(regs*)
                0x00000000c001b361                sysCallIsATTY(regs*)
                0x00000000c001b3bb                sysCallSeek(regs*)
                0x00000000c001b412                sysCallTell(regs*)
                0x00000000c001b47e                sysCallSize(regs*)
                0x00000000c001b4f0                sysCallSizeFromFilename(regs*)
                0x00000000c001b59f                sysCallClose(regs*)
                0x00000000c001b5ff                sysCallOpenDir(regs*)
                0x00000000c001b674                sysCallCloseDir(regs*)
                0x00000000c001b6c8                sysCallMakeDir(regs*)
                0x00000000c001b738                sysCallWait(regs*)
                0x00000000c001b752                sysCallNotImpl(regs*)
                0x00000000c001b76d                sysPanic(regs*)
                0x00000000c001b787                sysCallRmdir(regs*)
                0x00000000c001b7eb                sysCallUnlink(regs*)
                0x00000000c001b84f                sysCallGetArgv(regs*)
                0x00000000c001b89b                sysCallTTYName(regs*)
                0x00000000c001b91e                sysCallUSleep(regs*)
                0x00000000c001b945                sysCallSpawn(regs*)
                0x00000000c001b9ad                sysCallGetEnv(regs*)
                0x00000000c001ba5a                sysAppSettings(regs*)
                0x00000000c001bb6e                sysSetFatAttrib(regs*)
                0x00000000c001bbe0                sysPipe(regs*)
                0x00000000c001bc25                sysGetUnixTime(regs*)
                0x00000000c001bc39                string_ends_with(char const*, char const*)
                0x00000000c001bc81                sysCallOpen(regs*)
                0x00000000c001be69                Sys::loadSyscalls()
                0x00000000c001c05e                Sys::systemCall(regs*, void*)
 .text          0x00000000c001c0a0     0x11fd thr/elf.32
                0x00000000c001c0a0                Thr::allocateMemoryForTask(Process*, File*, unsigned long, unsigned long, unsigned long)
                0x00000000c001c34a                Thr::loadProgramIntoMemory(Process*, char const*)
                0x00000000c001c560                Thr::runtimeReferenceHelper()
                0x00000000c001c573                Thr::getAddressOfKernelSymbol(char const*)
                0x00000000c001c5c2                Thr::loadKernelSymbolTable(char const*)
                0x00000000c001c880                Thr::loadDriverIntoMemory(char const*, unsigned long, bool)
                0x00000000c001cfb6                Thr::getDriverBaseFromAddress(unsigned long)
                0x00000000c001cfe8                Thr::getDriverNameFromAddress(unsigned long)
                0x00000000c001d01f                Thr::getDriverOffsetFromAddress(unsigned long)
                0x00000000c001d039                Thr::loadDLL(char const*, bool)
                0x00000000c001d264                Thr::executeDLL(unsigned long, void*)
 *fill*         0x00000000c001d29d        0x1 
 .text          0x00000000c001d29e     0x11ef thr/prcssthr.32
                0x00000000c001d29e                userModeEntryPoint(void*)
                0x00000000c001d2c4                changeTSS
                0x00000000c001d2f4                switchToThread(ThreadControlBlock*)
                0x00000000c001d39e                Process::addArgs(char**)
                0x00000000c001d3f8                Process::Process(char const*, Process*, char**)
                0x00000000c001d3f8                Process::Process(char const*, Process*, char**)
                0x00000000c001d5dc                Process::Process(bool, char const*, Process*, char**)
                0x00000000c001d5dc                Process::Process(bool, char const*, Process*, char**)
                0x00000000c001d78b                taskStartupFunction
                0x00000000c001d794                Semaphore::Semaphore(int)
                0x00000000c001d794                Semaphore::Semaphore(int)
                0x00000000c001d7c2                Mutex::Mutex()
                0x00000000c001d7c2                Mutex::Mutex()
                0x00000000c001d7d4                Process::createThread(void (*)(void*), void*, int)
                0x00000000c001d8da                Process::createUserThread()
                0x00000000c001d8f6                setupMultitasking(void (*)())
                0x00000000c001d9f9                schedule()
                0x00000000c001da7e                Semaphore::tryAcquire()
                0x00000000c001db3a                Semaphore::assertLocked(char const*)
                0x00000000c001dba9                blockTaskWithSchedulerLockAlreadyHeld(TaskState)
                0x00000000c001dbcf                blockTask(TaskState)
                0x00000000c001dbfc                waitTask(int, int*, int)
                0x00000000c001dc3e                nanoSleepUntil(unsigned long long)
                0x00000000c001dcd3                nanoSleep(unsigned long long)
                0x00000000c001dceb                sleep(unsigned long long)
                0x00000000c001dd08                Semaphore::acquire()
                0x00000000c001ddaa                taskReturned
                0x00000000c001dde5                Thr::processFromPID(int)
                0x00000000c001de7c                unblockTask(ThreadControlBlock*)
                0x00000000c001df11                cleanupTerminatedTask(ThreadControlBlock*)
                0x00000000c001e1b8                cleanerTaskFunction(void*)
                0x00000000c001e299                terminateTask(int)
                0x00000000c001e358                Thr::terminateFromIRQ(int)
                0x00000000c001e364                Semaphore::release()
 .text          0x00000000c001e48d      0xada vm86/vm8086.32
                0x00000000c001e48d                Vm::inbv(unsigned short)
                0x00000000c001e4a0                Vm::outbv(unsigned short, unsigned char)
                0x00000000c001e4d6                Vm::realToLinear(unsigned short, unsigned short)
                0x00000000c001e4e6                Vm::getSegment(unsigned int)
                0x00000000c001e4ee                Vm::getOffset(unsigned int)
                0x00000000c001e4f3                Vm::mainloop2()
                0x00000000c001e52d                Vm::mainVm8086Loop(void*)
                0x00000000c001e53d                Vm::mainloop3(unsigned long)
                0x00000000c001e563                Vm::initialise8086()
                0x00000000c001e5a6                Vm::finish8086()
                0x00000000c001e607                Vm::getOutput8086(unsigned char*)
                0x00000000c001e62c                Vm::start8086(char const*, unsigned short, unsigned short, unsigned short, unsigned short)
                0x00000000c001e794                Vm::doISR(regs*, int, unsigned char*, unsigned short, unsigned short)
                0x00000000c001e81e                Vm::readByteFromReal(unsigned short, unsigned short)
                0x00000000c001e82f                Vm::readWordFromReal(unsigned short, unsigned short)
                0x00000000c001e841                Vm::readDwordFromReal(unsigned short, unsigned short)
                0x00000000c001e852                Vm::writeByteFromReal(unsigned short, unsigned short, unsigned char)
                0x00000000c001e867                Vm::writeWordFromReal(unsigned short, unsigned short, unsigned short)
                0x00000000c001e87d                Vm::writeDwordFromReal(unsigned short, unsigned short, unsigned int)
                0x00000000c001e892                Vm::faultHandler(regs*)
 .text          0x00000000c001ef67      0xefd vm86/x87em.32
                0x00000000c001ef67                Vm::fpuInternalTo32(unsigned long long)
                0x00000000c001efc2                Vm::fpuInternalTo64(unsigned long long)
                0x00000000c001efcb                Vm::fpu32ToInternal(unsigned int)
                0x00000000c001f010                Vm::fpu64ToInternal(unsigned long long)
                0x00000000c001f019                Vm::fpuFloatToLong(unsigned long long)
                0x00000000c001f074                Vm::fpuULongToFloat(unsigned long long)
                0x00000000c001f0aa                Vm::fpuLongToFloat(long long)
                0x00000000c001f100                Vm::fpuGet0()
                0x00000000c001f105                Vm::fpuGet1()
                0x00000000c001f10d                Vm::fpuGetPi()
                0x00000000c001f115                Vm::fpuGetLog2E()
                0x00000000c001f12d                Vm::fpuGetLogE2()
                0x00000000c001f145                Vm::fpuGetLog210()
                0x00000000c001f15d                Vm::fpuGetLog102()
                0x00000000c001f175                Vm::fpuIsSecondLarger(unsigned long long, unsigned long long)
                0x00000000c001f189                Vm::fpuAreEqual(unsigned long long, unsigned long long)
                0x00000000c001f19f                Vm::fpuUnorderedCompare(unsigned long long, unsigned long long)
                0x00000000c001f1f2                Vm::fpuAdd(unsigned long long, unsigned long long)
                0x00000000c001f203                Vm::fpuAbs(unsigned long long)
                0x00000000c001f20c                Vm::fpuChs(unsigned long long)
                0x00000000c001f21c                Vm::fpuSub(unsigned long long, unsigned long long)
                0x00000000c001f22b                Vm::fpuMultiply(unsigned long long, unsigned long long)
                0x00000000c001f24a                Vm::fpuDivide(unsigned long long, unsigned long long)
                0x00000000c001f266                Vm::fpuSquare(unsigned long long)
                0x00000000c001f27c                Vm::fpuGetReg(int)
                0x00000000c001f2bf                Vm::fpuSetReg(int, unsigned long long)
                0x00000000c001f30a                Vm::fpuPush(unsigned long long)
                0x00000000c001f367                Vm::fpuPop()
                0x00000000c001f3b9                Vm::x87Handler(regs*)
 .text          0x00000000c001fe64     0x11c1 fs/fat/vfslink.32
                0x00000000c001fe64                FAT::getName()
                0x00000000c001fe6a                FAT::tell(void*, unsigned long long*)
                0x00000000c001fe9e                FAT::stat(void*, unsigned long long*)
                0x00000000c001fed2                FAT::~FAT()
                0x00000000c001fed2                FAT::~FAT()
                0x00000000c001fef6                FAT::~FAT()
                0x00000000c001ff1e                FAT::getlabel(LogicalDisk*, int, char*, unsigned int*)
                0x00000000c001ffbc                FAT::setlabel(LogicalDisk*, int, char*)
                0x00000000c0020076                FAT::format(LogicalDisk*, int, char const*, int)
                0x00000000c0020234                FAT::tryMount(LogicalDisk*, int)
                0x00000000c002043a                FAT::getFileFirstSector(char const*)
                0x00000000c00204e0                FAT::readDir(void*, unsigned long, void*, int*)
                0x00000000c002063a                FAT::read(void*, unsigned long, void*, int*)
                0x00000000c0020694                FAT::write(void*, unsigned long, void*, int*)
                0x00000000c00206ee                FAT::close(void*)
                0x00000000c002073a                FAT::closeDir(void*)
                0x00000000c0020786                FAT::seek(void*, unsigned long long)
                0x00000000c00207da                fatWrapperReadDisk
                0x00000000c0020821                fatWrapperWriteDisk
                0x00000000c0020868                fatWrapperIoctl
                0x00000000c002096c                FAT::FAT()
                0x00000000c002096c                FAT::FAT()
                0x00000000c00209be                FAT::fixFilepath(char*)
                0x00000000c00209f6                FAT::open(char const*, void**, FileOpenMode)
                0x00000000c0020b1e                FAT::openDir(char const*, void**)
                0x00000000c0020bc4                FAT::stat(char const*, unsigned long long*, bool*)
                0x00000000c0020cae                FAT::unlink(char const*)
                0x00000000c0020d28                FAT::chfatattr(char const*, unsigned char, unsigned char)
                0x00000000c0020e7c                FAT::rename(char const*, char const*)
                0x00000000c0020f40                FAT::mkdir(char const*)
                0x00000000c0020fba                FAT::exists(char const*)
 *fill*         0x00000000c0021025        0x1 
 .text          0x00000000c0021026      0xb75 fs/iso9660/vfslink.32
                0x00000000c0021026                ISO9660::format(LogicalDisk*, int, char const*, int)
                0x00000000c002102c                ISO9660::seek(void*, unsigned long long)
                0x00000000c002105c                ISO9660::tell(void*, unsigned long long*)
                0x00000000c0021080                ISO9660::getName()
                0x00000000c0021086                ISO9660::stat(void*, unsigned long long*)
                0x00000000c00210aa                ISO9660::chfatattr(char const*, unsigned char, unsigned char)
                0x00000000c00210b0                ISO9660::unlink(char const*)
                0x00000000c00210b6                ISO9660::write(void*, unsigned long, void*, int*)
                0x00000000c00210bc                ISO9660::rename(char const*, char const*)
                0x00000000c00210c2                ISO9660::mkdir(char const*)
                0x00000000c00210c8                ISO9660::close(void*)
                0x00000000c00210ea                ISO9660::closeDir(void*)
                0x00000000c002110c                ISO9660::~ISO9660()
                0x00000000c002110c                ISO9660::~ISO9660()
                0x00000000c0021130                ISO9660::~ISO9660()
                0x00000000c0021157                __memmem(unsigned char*, int, unsigned char*, int)
                0x00000000c0021199                readSectorFromCDROM(unsigned int, unsigned char*, char)
                0x00000000c00211f4                ISO9660::tryMount(LogicalDisk*, int)
                0x00000000c0021244                ISO9660::read(void*, unsigned long, void*, int*)
                0x00000000c0021448                ISO9660::readDir(void*, unsigned long, void*, int*)
                0x00000000c00216c2                readRoot(unsigned int*, unsigned int*, char)
                0x00000000c0021716                readRecursively(char*, unsigned int, unsigned int, unsigned int*, unsigned int*, char, int*)
                0x00000000c00218e9                getFileData(char*, unsigned int*, unsigned int*, char, int*)
                0x00000000c0021978                ISO9660::open(char const*, void**, FileOpenMode)
                0x00000000c0021a26                ISO9660::exists(char const*)
                0x00000000c0021a4a                ISO9660::stat(char const*, unsigned long long*, bool*)
                0x00000000c0021ade                ISO9660::openDir(char const*, void**)
                0x00000000c0021b78                ISO9660::ISO9660()
                0x00000000c0021b78                ISO9660::ISO9660()
 *fill*         0x00000000c0021b9b        0x1 
 .text          0x00000000c0021b9c      0x396 hal/sound/sndchannel.32
                0x00000000c0021b9c                SoundChannel::SoundChannel(int, int, int, int)
                0x00000000c0021b9c                SoundChannel::SoundChannel(int, int, int, int)
                0x00000000c0021cc6                SoundChannel::~SoundChannel()
                0x00000000c0021cc6                SoundChannel::~SoundChannel()
                0x00000000c0021ce2                SoundChannel::getSampleRate()
                0x00000000c0021cea                SoundChannel::getBits()
                0x00000000c0021cf2                SoundChannel::getBufferUsed()
                0x00000000c0021cfa                SoundChannel::getBufferSize()
                0x00000000c0021d02                SoundChannel::unbuffer(float*, int, int)
                0x00000000c0021d96                SoundChannel::buffer16(short*, int)
                0x00000000c0021e92                SoundChannel::buffer8(unsigned char*, int)
 .text          0x00000000c0021f32      0x43e hal/sound/sndhw.32
                0x00000000c0021f32                SoundDevice::SoundDevice(char const*)
                0x00000000c0021f32                SoundDevice::SoundDevice(char const*)
                0x00000000c0021f9e                SoundDevice::~SoundDevice()
                0x00000000c0021f9e                SoundDevice::~SoundDevice()
                0x00000000c0022018                SoundDevice::~SoundDevice()
                0x00000000c0022042                SoundDevice::getFreeChannelNum()
                0x00000000c002205c                SoundDevice::addChannel(SoundChannel*)
                0x00000000c00220cc                SoundDevice::removeChannel(int)
                0x00000000c00220fe                SoundDevice::floatTo16(float*, short*, int)
                0x00000000c00221ec                SoundDevice::floatTo8(float*, unsigned char*, int)
                0x00000000c00222d4                SoundDevice::getAudio(int, float*, float*)
 .text          0x00000000c0022370        0x0 hw/bus/isa.32
 .text          0x00000000c0022370      0xb87 hw/bus/pci.32
                0x00000000c0022370                PCI::open(int, int, void*)
                0x00000000c002238e                PCI::close(int, int, void*)
                0x00000000c0022392                PCI::PCI()
                0x00000000c0022392                PCI::PCI()
                0x00000000c0022428                PCI::readBAR8(unsigned int, int)
                0x00000000c0022444                PCI::readBAR16(unsigned int, int)
                0x00000000c0022462                PCI::readBAR32(unsigned int, int)
                0x00000000c002247e                PCI::writeBAR8(unsigned int, unsigned char, int)
                0x00000000c002249e                PCI::writeBAR16(unsigned int, unsigned short, int)
                0x00000000c00224c0                PCI::writeBAR32(unsigned int, unsigned int, int)
                0x00000000c00224e0                PCI::legacyMechanism(unsigned char, unsigned char, unsigned char, unsigned char)
                0x00000000c002254e                PCI::pciReadWord(unsigned char, unsigned char, unsigned char, unsigned char)
                0x00000000c00225f6                PCI::getVendorID(unsigned char, unsigned char, unsigned char)
                0x00000000c002261a                PCI::getHeaderType(unsigned char, unsigned char, unsigned char)
                0x00000000c0022642                PCI::getClassCode(unsigned char, unsigned char, unsigned char)
                0x00000000c002268c                PCI::getProgIF(unsigned char, unsigned char, unsigned char)
                0x00000000c00226b4                PCI::getRevisionID(unsigned char, unsigned char, unsigned char)
                0x00000000c00226d8                PCI::getInterruptNumber(unsigned char, unsigned char, unsigned char)
                0x00000000c00226fc                PCI::getSecondaryBus(unsigned char, unsigned char, unsigned char)
                0x00000000c0022724                PCI::getBARAddress(unsigned char, unsigned char, unsigned char, unsigned char)
                0x00000000c0022788                PCI::pciWriteWord(unsigned char, unsigned char, unsigned char, unsigned char, unsigned short)
                0x00000000c0022870                PCI::pciDetailsToFilepath(PCIDeviceInfo, char*)
                0x00000000c0022aea                PCI::checkBus(unsigned char)
                0x00000000c0022b0e                PCI::foundDevice(PCIDeviceInfo)
                0x00000000c0022c80                PCI::getDeviceData(unsigned char, unsigned char, unsigned char)
                0x00000000c0022e38                PCI::checkDevice(unsigned char, unsigned char)
                0x00000000c0022ea4                PCI::detect()
 *fill*         0x00000000c0022ef7        0x1 
 .text          0x00000000c0022ef8      0xb54 hw/diskctrl/ide.32
                0x00000000c0022ef8                IDE::close(int, int, void*)
                0x00000000c0022efc                IDE::IDE()
                0x00000000c0022efc                IDE::IDE()
                0x00000000c0022f30                IDE::prepareInterrupt(unsigned char)
                0x00000000c0022f42                selectDrive(unsigned char, unsigned char)
                0x00000000c0022f44                IDE::getBase(unsigned char)
                0x00000000c0022f56                IDE::write(unsigned char, unsigned char, unsigned char)
                0x00000000c0023016                IDE::read(unsigned char, unsigned char)
                0x00000000c00230c4                IDE::waitInterrupt(unsigned char)
                0x00000000c002312a                ideChannel0IRQHandler(regs*, void*)
                0x00000000c0023146                ideChannel1IRQHandler(regs*, void*)
                0x00000000c0023162                IDE::enableIRQs(unsigned char, bool)
                0x00000000c00231a8                IDE::open(int, int, void*)
                0x00000000c00235b6                IDE::readBuffer(unsigned char, unsigned char, unsigned int, unsigned int)
                0x00000000c0023682                IDE::detect()
                0x00000000c0023948                IDE::printError(unsigned char, unsigned char, unsigned char)
                0x00000000c00239f8                IDE::polling(unsigned char, unsigned int)
 .text          0x00000000c0023a4c      0x336 hw/diskctrl/satabus.32
                0x00000000c0023a4c                SATABus::close(int, int, void*)
                0x00000000c0023a50                SATABus::detect()
                0x00000000c0023a52                SATABus::SATABus()
                0x00000000c0023a52                SATABus::SATABus()
                0x00000000c0023ad8                SATABus::findCmdslot(SATABus::tagHBA_PORT volatile*)
                0x00000000c0023b20                SATABus::checkType(SATABus::tagHBA_PORT volatile*)
                0x00000000c0023b68                SATABus::startCmd(SATABus::tagHBA_PORT volatile*)
                0x00000000c0023b88                SATABus::stopCmd(SATABus::tagHBA_PORT volatile*)
                0x00000000c0023bb2                SATABus::portRebase(SATABus::tagHBA_PORT volatile*, int)
                0x00000000c0023cb8                SATABus::probePort(SATABus::tagHBA_MEM volatile*)
                0x00000000c0023d62                SATABus::open(int, int, void*)
 .text          0x00000000c0023d82      0x604 hw/diskphys/ata.32
                0x00000000c0023d82                ATA::close(int, int, void*)
                0x00000000c0023da6                ATA::powerSaving(PowerSavingLevel)
                0x00000000c0023da8                ATA::ATA()
                0x00000000c0023da8                ATA::ATA()
                0x00000000c0023dd6                ATA::flush(bool)
                0x00000000c0023e20                ATA::readyForCommand()
                0x00000000c0023e70                ATA::access(unsigned long long, int, void*, bool)
                0x00000000c00241f8                ATA::read(unsigned long long, int, void*)
                0x00000000c0024244                ATA::write(unsigned long long, int, void*)
                0x00000000c0024290                ATA::detectCHS()
                0x00000000c00242ba                ATA::open(int, int, void*)
 .text          0x00000000c0024386      0x5bd hw/diskphys/atapi.32
                0x00000000c0024386                ATAPI::write(unsigned long long, int, void*)
                0x00000000c002438c                ATAPI::close(int, int, void*)
                0x00000000c00243b0                ATAPI::ATAPI()
                0x00000000c00243b0                ATAPI::ATAPI()
                0x00000000c00243de                ATAPI::readyForCommand()
                0x00000000c002442e                ATAPI::sendPacket(unsigned char*, int, bool, unsigned short*, int)
                0x00000000c00246ee                ATAPI::diskRemoved()
                0x00000000c002470a                ATAPI::eject()
                0x00000000c0024752                ATAPI::diskInserted()
                0x00000000c0024780                ATAPI::detectMedia()
                0x00000000c002483c                ATAPI::open(int, int, void*)
                0x00000000c00248c4                ATAPI::read(unsigned long long, int, void*)
 *fill*         0x00000000c0024943        0x1 
 .text          0x00000000c0024944      0x41c hw/diskphys/sata.32
                0x00000000c0024944                SATA::close(int, int, void*)
                0x00000000c0024968                SATA::powerSaving(PowerSavingLevel)
                0x00000000c002496a                SATA::open(int, int, void*)
                0x00000000c0024a14                SATA::SATA()
                0x00000000c0024a14                SATA::SATA()
                0x00000000c0024a42                SATA::access(unsigned long long, int, void*, bool)
                0x00000000c0024ca8                SATA::read(unsigned long long, int, void*)
                0x00000000c0024cf4                SATA::write(unsigned long long, int, void*)
 .text          0x00000000c0024d60      0x4fe hw/diskphys/satapi.32
                0x00000000c0024d60                SATAPI::write(unsigned long long, int, void*)
                0x00000000c0024d66                SATAPI::close(int, int, void*)
                0x00000000c0024d8a                SATAPI::SATAPI()
                0x00000000c0024d8a                SATAPI::SATAPI()
                0x00000000c0024db8                SATAPI::diskRemoved()
                0x00000000c0024dd4                SATAPI::diskInserted()
                0x00000000c0024e02                SATAPI::sendPacket(unsigned char*, int, unsigned long long, unsigned short*, int)
                0x00000000c002500a                SATAPI::eject()
                0x00000000c0025052                SATAPI::detectMedia()
                0x00000000c0025114                SATAPI::open(int, int, void*)
                0x00000000c00251bc                SATAPI::read(unsigned long long, int, void*)
 .text          0x00000000c002525e       0x8e hw/fpu/avx.32
                0x00000000c002525e                AVX::open(int, int, void*)
                0x00000000c0025270                AVX::close(int, int, void*)
                0x00000000c0025282                AVX::available()
                0x00000000c0025294                AVX::save(void*)
                0x00000000c00252ac                AVX::load(void*)
                0x00000000c00252c4                AVX::AVX()
                0x00000000c00252c4                AVX::AVX()
 .text          0x00000000c00252ec       0x90 hw/fpu/mmx.32
                0x00000000c00252ec                MMX::available()
                0x00000000c0025300                MMX::open(int, int, void*)
                0x00000000c0025312                MMX::close(int, int, void*)
                0x00000000c0025324                MMX::save(void*)
                0x00000000c002533c                MMX::load(void*)
                0x00000000c0025354                MMX::MMX()
                0x00000000c0025354                MMX::MMX()
 .text          0x00000000c002537c       0x96 hw/fpu/sse.32
                0x00000000c002537c                SSE::open(int, int, void*)
                0x00000000c002538e                SSE::close(int, int, void*)
                0x00000000c00253a0                SSE::available()
                0x00000000c00253ba                SSE::save(void*)
                0x00000000c00253d2                SSE::load(void*)
                0x00000000c00253ea                SSE::SSE()
                0x00000000c00253ea                SSE::SSE()
 .text          0x00000000c0025412       0x8e hw/fpu/x87.32
                0x00000000c0025412                x87::open(int, int, void*)
                0x00000000c0025424                x87::close(int, int, void*)
                0x00000000c0025436                x87::available()
                0x00000000c0025448                x87::save(void*)
                0x00000000c0025460                x87::load(void*)
                0x00000000c0025478                x87::x87()
                0x00000000c0025478                x87::x87()
 .text          0x00000000c00254a0      0x71e hw/intctrl/apic.32
                0x00000000c00254a0                APIC::disable()
                0x00000000c00254a2                APIC::close(int, int, void*)
                0x00000000c00254c4                IOAPIC::close(int, int, void*)
                0x00000000c00254ca                APIC::io_wait()
                0x00000000c00254d0                APIC::getBase()
                0x00000000c0025512                APIC::eoi(unsigned char)
                0x00000000c0025540                APIC::open(int, int, void*)
                0x00000000c002568e                IOAPIC::IOAPIC()
                0x00000000c002568e                IOAPIC::IOAPIC()
                0x00000000c00256b6                APIC::APIC()
                0x00000000c00256b6                APIC::APIC()
                0x00000000c0025792                IOAPIC::handlesGSIWithNumber(unsigned int)
                0x00000000c00257c4                IOAPIC::read(int)
                0x00000000c00257ec                IOAPIC::open(int, int, void*)
                0x00000000c00258e2                IOAPIC::write(int, int)
                0x00000000c002590e                IOAPIC::redirect(unsigned char, unsigned long long, unsigned char, bool, bool)
                0x00000000c0025a08                APIC::installIRQHandler(int, void (*)(regs*, void*), bool, void*)
 .text          0x00000000c0025bbe      0x3d3 hw/intctrl/pic.32
                0x00000000c0025bbe                PIC::disable()
                0x00000000c0025bec                PIC::close(int, int, void*)
                0x00000000c0025c0e                PIC::PIC()
                0x00000000c0025c0e                PIC::PIC()
                0x00000000c0025ce4                PIC::ioWait()
                0x00000000c0025cea                PIC::getIRQReg(int)
                0x00000000c0025d54                PIC::eoi(unsigned char)
                0x00000000c0025de6                PIC::remap()
                0x00000000c0025f52                PIC::open(int, int, void*)
 *fill*         0x00000000c0025f91        0x1 
 .text          0x00000000c0025f92      0x25e hw/timer/apictimer.32
                0x00000000c0025f92                APICTimer::close(int, int, void*)
                0x00000000c0025f98                apicTimerHandler(regs*, void*)
                0x00000000c0025fc6                APICTimer::write(int)
                0x00000000c00260ca                APICTimer::open(int, int, void*)
                0x00000000c00261c8                APICTimer::APICTimer()
                0x00000000c00261c8                APICTimer::APICTimer()
 .text          0x00000000c00261f0      0x1a7 hw/timer/pit.32
                0x00000000c00261f0                PIT::write(int)
                0x00000000c002626e                pitHandler(regs*, void*)
                0x00000000c002629a                PIT::open(int, int, void*)
                0x00000000c00262e8                PIT::close(int, int, void*)
                0x00000000c0026318                PIT::PIT()
                0x00000000c0026318                PIT::PIT()
 *fill*         0x00000000c0026397        0x9 
 .text          0x00000000c00263a0       0x1e hw/fpu/x86/avx.32
                0x00000000c00263a0                avxDetect
                0x00000000c00263a6                avxSave
                0x00000000c00263a7                avxLoad
                0x00000000c00263a8                avxInit
                0x00000000c00263a9                avxClose
                0x00000000c00263aa                wouldSheSayYes
 *fill*         0x00000000c00263be        0x2 
 .text          0x00000000c00263c0       0x35 hw/fpu/x86/sse.32
                0x00000000c00263c0                absolutelyNoChanceInHell
                0x00000000c00263c0                sseDetect
                0x00000000c00263d8                sseSave
                0x00000000c00263de                sseLoad
                0x00000000c00263e4                sseInit
                0x00000000c00263f4                sseClose
 *fill*         0x00000000c00263f5        0xb 
 .text          0x00000000c0026400       0x4d hw/fpu/x86/x87.32
                0x00000000c0026406                x87Detect
                0x00000000c0026421                x87Save
                0x00000000c002642a                x87Load
                0x00000000c0026432                x87Init
                0x00000000c002644c                x87Close
 *fill*         0x00000000c002644d        0x3 
 .text          0x00000000c0026450       0x25 /cygdrive/d/Users/Alex/Desktop/Toolchain/Output/bin/../lib/gcc/i386-banana/8.1.0/crtend.o
 .text          0x00000000c0026475        0x0 crtn.32
 *fill*         0x00000000c0026475        0x3 
 .text          0x00000000c0026478      0x14b /cygdrive/d/Users/Alex/Desktop/Toolchain/Output/bin/../lib/gcc/i386-banana/8.1.0/libkgcc.a(_divdi3.o)
                0x00000000c0026478                __divdi3
 *fill*         0x00000000c00265c3        0x1 
 .text          0x00000000c00265c4      0x17e /cygdrive/d/Users/Alex/Desktop/Toolchain/Output/bin/../lib/gcc/i386-banana/8.1.0/libkgcc.a(_moddi3.o)
                0x00000000c00265c4                __moddi3
 *fill*         0x00000000c0026742        0x2 
 .text          0x00000000c0026744       0xff /cygdrive/d/Users/Alex/Desktop/Toolchain/Output/bin/../lib/gcc/i386-banana/8.1.0/libkgcc.a(_udivdi3.o)
                0x00000000c0026744                __udivdi3
 *fill*         0x00000000c0026843        0x1 
 .text          0x00000000c0026844      0x11a /cygdrive/d/Users/Alex/Desktop/Toolchain/Output/bin/../lib/gcc/i386-banana/8.1.0/libkgcc.a(_umoddi3.o)
                0x00000000c0026844                __umoddi3
 .text          0x00000000c002695e      0x96d D:/Users/Alex/Desktop/Banana/kernel/libsoftfp.a(sfieeelib.o)
                0x00000000c002695e                __addsf3
                0x00000000c0026c60                __subsf3
                0x00000000c0026c74                __negsf2
                0x00000000c0026c81                __mulsf3
                0x00000000c0026e44                __divsf3
                0x00000000c002706f                __floatsisf
                0x00000000c00270e3                __floatunsisf
                0x00000000c0027125                __fixsfsi
                0x00000000c0027187                __fixunssfsi
                0x00000000c00271b8                __cmpsf2
                0x00000000c002724d                __eqsf2
                0x00000000c0027288                __nesf2
                0x00000000c002728a                __gtsf2
                0x00000000c00272c5                __gesf2
                0x00000000c00272c7                __ltsf2
                0x00000000c00272c9                __lesf2
 .text          0x00000000c00272cb      0xf50 D:/Users/Alex/Desktop/Banana/kernel/libsoftfp.a(dfieeelib.o)
                0x00000000c00272cb                __adddf3