Archive member included to satisfy reference by file (symbol)

/cygdrive/d/Users/Alex/Desktop/Toolchain/Output/bin/../lib/gcc/i386-banana/8.1.0/libkgcc.a(_divdi3.o)
                              krnl/resolve.32 (__divdi3)
/cygdrive/d/Users/Alex/Desktop/Toolchain/Output/bin/../lib/gcc/i386-banana/8.1.0/libkgcc.a(_moddi3.o)
                              krnl/resolve.32 (__moddi3)
/cygdrive/d/Users/Alex/Desktop/Toolchain/Output/bin/../lib/gcc/i386-banana/8.1.0/libkgcc.a(_udivdi3.o)
                              hal/clock.32 (__udivdi3)
/cygdrive/d/Users/Alex/Desktop/Toolchain/Output/bin/../lib/gcc/i386-banana/8.1.0/libkgcc.a(_umoddi3.o)
                              core/pipe.32 (__umoddi3)

Allocating common symbols
Common symbol       size              file

dcache              0x40              fs/iso9660/iso9660.32
cdDriveLetter       0x1               fs/iso9660/iso9660.32
icache              0x40              fs/iso9660/iso9660.32

Discarded input sections

 .comment       0x0000000000000000       0x12 /cygdrive/d/Users/Alex/Desktop/Toolchain/Output/bin/../lib/gcc/i386-banana/8.1.0/crtbegin.o
 .comment       0x0000000000000000       0x12 acpica/utclib.32
 .comment       0x0000000000000000       0x12 core/malloc.32
 .comment       0x0000000000000000       0x12 libk/ctype.32
 .comment       0x0000000000000000       0x12 libk/string.32
 .comment       0x0000000000000000       0x12 fs/fat/diskio.32
 .comment       0x0000000000000000       0x12 fs/fat/ff.32
 .comment       0x0000000000000000       0x12 fs/fat/ffsystem.32
 .comment       0x0000000000000000       0x12 fs/fat/ffunicode.32
 .comment       0x0000000000000000       0x12 fs/iso9660/iso9660.32
 .group         0x0000000000000000       0x14 core/computer.32
 .group         0x0000000000000000        0xc core/computer.32
 .comment       0x0000000000000000       0x12 core/computer.32
 .comment       0x0000000000000000       0x12 core/gdt.32
 .group         0x0000000000000000        0xc core/idle.32
 .comment       0x0000000000000000       0x12 core/idle.32
 .comment       0x0000000000000000       0x12 core/idt.32
 .comment       0x0000000000000000       0x12 core/kheap.32
 .comment       0x0000000000000000       0x12 core/main.32
 .comment       0x0000000000000000       0x12 core/physmgr.32
 .group         0x0000000000000000        0xc core/pipe.32
 .comment       0x0000000000000000       0x12 core/pipe.32
 .group         0x0000000000000000        0xc core/terminal.32
 .comment       0x0000000000000000       0x12 core/terminal.32
 .comment       0x0000000000000000       0x12 core/tss.32
 .group         0x0000000000000000        0x8 core/unixfile.32
 .group         0x0000000000000000        0x8 core/unixfile.32
 .group         0x0000000000000000        0xc core/unixfile.32
 .group         0x0000000000000000        0x8 core/unixfile.32
 .group         0x0000000000000000        0xc core/unixfile.32
 .group         0x0000000000000000        0x8 core/unixfile.32
 .group         0x0000000000000000        0xc core/unixfile.32
 .group         0x0000000000000000        0xc core/unixfile.32
 .comment       0x0000000000000000       0x12 core/unixfile.32
 .comment       0x0000000000000000       0x12 core/virtmgr.32
 .comment       0x0000000000000000       0x12 coreobjs/c++.32
 .comment       0x0000000000000000       0x12 dbg/kconsole.32
 .group         0x0000000000000000        0xc fs/vfs.32
 .group         0x0000000000000000        0xc fs/vfs.32
 .group         0x0000000000000000        0xc fs/vfs.32
 .comment       0x0000000000000000       0x12 fs/vfs.32
 .group         0x0000000000000000        0xc hal/bus.32
 .comment       0x0000000000000000       0x12 hal/bus.32
 .comment       0x0000000000000000       0x12 hal/buzzer.32
 .group         0x0000000000000000        0xc hal/clock.32
 .comment       0x0000000000000000       0x12 hal/clock.32
 .group         0x0000000000000000       0x14 hal/device.32
 .group         0x0000000000000000        0xc hal/device.32
 .group         0x0000000000000000        0x8 hal/device.32
 .group         0x0000000000000000        0xc hal/device.32
 .group         0x0000000000000000        0xc hal/device.32
 .comment       0x0000000000000000       0x12 hal/device.32
 .group         0x0000000000000000        0xc hal/diskctrl.32
 .comment       0x0000000000000000       0x12 hal/diskctrl.32
 .group         0x0000000000000000        0xc hal/diskphys.32
 .comment       0x0000000000000000       0x12 hal/diskphys.32
 .comment       0x0000000000000000       0x12 hal/fpu.32
 .comment       0x0000000000000000       0x12 hal/intctrl.32
 .group         0x0000000000000000        0xc hal/keybrd.32
 .comment       0x0000000000000000       0x12 hal/keybrd.32
 .group         0x0000000000000000        0xc hal/logidisk.32
 .comment       0x0000000000000000       0x12 hal/logidisk.32
 .group         0x0000000000000000        0xc hal/mouse.32
 .comment       0x0000000000000000       0x12 hal/mouse.32
[...]
Memory Configuration

Name             Origin             Length             Attributes
*default*        0x0000000000000000 0xffffffffffffffff

Linker script and memory map

LOAD D:/Users/Alex/Desktop/Banana/kernel/boot.32
LOAD crti.32
LOAD /cygdrive/d/Users/Alex/Desktop/Toolchain/Output/bin/../lib/gcc/i386-banana/8.1.0/crtbegin.o
LOAD D:/Users/Alex/Desktop/Banana/kernel/morenasm.32
LOAD acpica/utclib.32
LOAD core/malloc.32
LOAD libk/ctype.32
LOAD libk/string.32
LOAD fs/fat/diskio.32
LOAD fs/fat/ff.32
LOAD fs/fat/ffsystem.32
LOAD fs/fat/ffunicode.32
LOAD fs/iso9660/iso9660.32
LOAD core/computer.32
LOAD core/gdt.32
LOAD core/idle.32
LOAD core/idt.32
LOAD core/kheap.32
LOAD core/main.32
LOAD core/physmgr.32
LOAD core/pipe.32
LOAD core/terminal.32
LOAD core/tss.32
LOAD core/unixfile.32
LOAD core/virtmgr.32
LOAD coreobjs/c++.32
LOAD dbg/kconsole.32
LOAD fs/vfs.32
LOAD hal/bus.32
LOAD hal/buzzer.32
LOAD hal/clock.32
LOAD hal/device.32
LOAD hal/diskctrl.32
LOAD hal/diskphys.32
LOAD hal/fpu.32
LOAD hal/intctrl.32
LOAD hal/keybrd.32
LOAD hal/logidisk.32
LOAD hal/mouse.32
LOAD hal/partition.32
LOAD hal/serial.32
LOAD hal/timer.32
LOAD hal/vcache.32
LOAD hal/video.32
LOAD hw/acpi.32
LOAD hw/cpu.32
LOAD krnl/bootmsg.32
LOAD krnl/env.32
LOAD krnl/inlines.32
LOAD krnl/panic.32
LOAD krnl/powctrl.32
LOAD krnl/resolve.32
LOAD krnl/signal.32
LOAD krnl/syscalls.32
LOAD reg/registry.32
LOAD sys/eject.32
LOAD sys/exit.32
LOAD sys/getcwd.32
LOAD sys/getpid.32
LOAD sys/getramdata.32
LOAD sys/getvgaptr.32
LOAD sys/loaddll.32
LOAD sys/read.32
LOAD sys/registersignal.32
LOAD sys/sbrk.32
LOAD sys/setcwd.32
LOAD sys/settime.32
LOAD sys/timezone.32
LOAD sys/write.32
LOAD sys/wsbe.32
LOAD sys/yield.32
LOAD thr/elf.32
LOAD thr/prcssthr.32
LOAD vm86/vm8086.32
LOAD arch/i386/hal.32
LOAD arch/i386/pic.32
LOAD arch/i386/rtc.32
LOAD arch/i386/vga.32
LOAD fs/fat/vfslink.32
LOAD fs/iso9660/helper.32
LOAD fs/iso9660/vfslink.32
LOAD hal/sound/sndcard.32
LOAD hal/sound/sndport.32
LOAD hw/bus/isa.32
LOAD hw/bus/pci.32
LOAD hw/diskctrl/ide.32
LOAD hw/diskctrl/satabus.32
LOAD hw/diskphys/ata.32
LOAD hw/diskphys/atapi.32
LOAD hw/diskphys/sata.32
LOAD hw/diskphys/satapi.32
LOAD hw/intctrl/apic.32
LOAD hw/timer/apictimer.32
LOAD hw/timer/pit.32
LOAD arch/i386/avx.32
LOAD arch/i386/interrupt.32
LOAD arch/i386/rdrand.32
LOAD arch/i386/sse.32
LOAD arch/i386/x87.32
LOAD /cygdrive/d/Users/Alex/Desktop/Toolchain/Output/bin/../lib/gcc/i386-banana/8.1.0/crtend.o
LOAD crtn.32
LOAD /cygdrive/d/Users/Alex/Desktop/Toolchain/Output/bin/../lib/gcc/i386-banana/8.1.0/libkgcc.a
LOAD D:/Users/Alex/Desktop/Banana/kernel/libsoftfp.a
LOAD D:/Users/Alex/Desktop/Banana/kernel/libk/libm32.a
                0x00000000c0000000                . = 0xc0000000

.text           0x00000000c0000000    0x1c26a
 *(.text)
 .text          0x00000000c0000000       0x20 D:/Users/Alex/Desktop/Banana/kernel/boot.32
 .text          0x00000000c0000020        0x0 crti.32
 .text          0x00000000c0000020      0x101 /cygdrive/d/Users/Alex/Desktop/Toolchain/Output/bin/../lib/gcc/i386-banana/8.1.0/crtbegin.o
 *fill*         0x00000000c0000121        0xf 
 .text          0x00000000c0000130      0x252 D:/Users/Alex/Desktop/Banana/kernel/morenasm.32
                0x00000000c0000130                manualPCIProbe
                0x00000000c000017b                prepareTramp
                0x00000000c0000194                doTPAUSE
                0x00000000c000019e                hasLegacyFPU
                0x00000000c00001c3                is486
                0x00000000c00001f9                detectCPUID
                0x00000000c000020f                goToVM86
                0x00000000c000023f                goToUsermode
                0x00000000c0000269                switchToThreadASMFirstTime
                0x00000000c0000277                switchToThreadASM
                0x00000000c00002ff                asmQuickAcquireLock
                0x00000000c000031d                asmQuickReleaseLock
                0x00000000c0000329                asmAcquireLock
                0x00000000c000034a                asmReleaseLock
                0x00000000c000035d                loadGDT
                0x00000000c000037d                memcpy
 *fill*         0x00000000c0000382        0xe 
 .text          0x00000000c0000390      0x79e acpica/utclib.32
                0x00000000c0000390                memcmp
                0x00000000c00003e0                memmove
                0x00000000c00004d0                memset
                0x00000000c0000540                strlen
                0x00000000c0000570                strpbrk
                0x00000000c00005b0                strtok
                0x00000000c0000600                strcpy
                0x00000000c0000630                strncpy
                0x00000000c00006e0                strcmp
                0x00000000c0000730                strchr
                0x00000000c0000760                strncmp
                0x00000000c00007c0                strcat
                0x00000000c00007f0                strncat
                0x00000000c0000850                strstr
                0x00000000c00008b0                toupper
                0x00000000c00008d0                tolower
                0x00000000c00008f0                simple_strtoul
 .text          0x00000000c0000b2e      0xfad core/malloc.32
                0x00000000c0000c99                dlfree
                0x00000000c0000ff4                dlmalloc
                0x00000000c0001531                dlrealloc
                0x00000000c00016d4                dlmemalign
                0x00000000c00017f7                dlcalloc
                0x00000000c0001891                dlcfree
                0x00000000c0001896                dlindependent_calloc
                0x00000000c00018bb                dlindependent_comalloc
                0x00000000c00018d2                dlvalloc
                0x00000000c00018fd                dlpvalloc
                0x00000000c0001933                dlmalloc_trim
                0x00000000c0001940                dlmalloc_usable_size
                0x00000000c0001971                dlmallinfo
                0x00000000c0001a40                dlmalloc_stats
                0x00000000c0001a51                dlmallopt
 *fill*         0x00000000c0001adb        0x1 
 .text          0x00000000c0001adc      0x1f2 libk/ctype.32
                0x00000000c0001adc                isblank
                0x00000000c0001afc                iscntrl
                0x00000000c0001b1c                isdigit
                0x00000000c0001b38                islower
                0x00000000c0001b54                isspace
                0x00000000c0001b7c                isupper
                0x00000000c0001b98                isalpha
                0x00000000c0001bc8                isalnum
                0x00000000c0001bf8                ispunct
                0x00000000c0001c38                isgraph
                0x00000000c0001c68                isprint
                0x00000000c0001c90                isxdigit
 .text          0x00000000c0001cce        0x0 libk/string.32
 .text          0x00000000c0001cce       0x51 fs/fat/diskio.32
                0x00000000c0001cce                disk_status
                0x00000000c0001cd1                disk_initialize
                0x00000000c0001cd4                disk_read
                0x00000000c0001cea                disk_write
                0x00000000c0001d00                disk_ioctl
 .text          0x00000000c0001d1f     0x3d4b fs/fat/ff.32
                0x00000000c0003abb                f_mount
                0x00000000c0003b1d                f_open
                0x00000000c0003de8                f_read
                0x00000000c0003fe7                f_write
                0x00000000c000421b                f_sync
                0x00000000c00042d0                f_close
                0x00000000c00042ff                f_lseek
                0x00000000c00044a6                f_opendir
                0x00000000c0004571                f_closedir
                0x00000000c0004593                f_readdir
                0x00000000c0004625                f_stat
                0x00000000c00046a4                f_getfree
                0x00000000c00047a6                f_truncate
                0x00000000c000488a                f_unlink
                0x00000000c00049ac                f_mkdir
                0x00000000c0004b47                f_rename
                0x00000000c0004cfd                f_chmod
                0x00000000c0004da6                f_utime
                0x00000000c0004e54                f_getlabel
                0x00000000c0004fa5                f_setlabel
                0x00000000c0005135                f_expand
                0x00000000c0005295                f_mkfs
 *fill*         0x00000000c0005a6a        0x2 
 .text          0x00000000c0005a6c       0x2f fs/fat/ffsystem.32
                0x00000000c0005a6c                ff_memalloc
                0x00000000c0005a84                ff_memfree
 *fill*         0x00000000c0005a9b        0x1 
 .text          0x00000000c0005a9c      0x2a8 fs/fat/ffunicode.32
                0x00000000c0005a9c                ff_uni2oem
                0x00000000c0005b3c                ff_oem2uni
                0x00000000c0005bb4                ff_wtoupper
 .text          0x00000000c0005d44      0xc76 fs/iso9660/iso9660.32
                0x00000000c0005f63                isoReadDiscSector
                0x00000000c0005ffe                strnicmp
                0x00000000c00062b1                stricmp
                0x00000000c00062fd                iso_open
                0x00000000c0006387                iso_close
                0x00000000c00063a5                iso_read
                0x00000000c00064bb                iso_seek
                0x00000000c000653f                iso_tell
                0x00000000c0006570                iso_total
                0x00000000c000659b                fn_postprocess
                0x00000000c00065c1                iso_readdir
                0x00000000c00067b2                iso_reset
                0x00000000c00067bf                init_percd
                0x00000000c00068b9                iso_ioctl
                0x00000000c00068c1                fs_iso9660_init
                0x00000000c000694a                fs_iso9660_shutdown
 .text          0x00000000c00069ba      0x685 core/computer.32
                0x00000000c00069ba                Computer::close(int, int, void*)
                0x00000000c00069ff                Krnl::firstTask()
                0x00000000c0006b32                Computer::Computer()
                0x00000000c0006b32                Computer::Computer()
                0x00000000c0006be4                Computer::setBootMessage(char const*)
                0x00000000c0006be6                Computer::detectFeatures()
                0x00000000c0006df0                Computer::displayFeatures()
                0x00000000c0006df2                Computer::rdmsr(unsigned int)
                0x00000000c0006e1e                Computer::wrmsr(unsigned int, unsigned long long)
                0x00000000c0006e56                Computer::shutdown()
                0x00000000c0006e6e                Computer::restart()
                0x00000000c0006e86                Computer::sleep()
                0x00000000c0006e9a                Computer::nmiEnabled()
                0x00000000c0006ea6                Computer::readCMOS(unsigned char)
                0x00000000c0006ec0                Computer::enableNMI(bool)
                0x00000000c0006ed8                Computer::open(int, int, void*)
                0x00000000c0006fac                Computer::disableNMI()
                0x00000000c0006fbc                Computer::writeCMOS(unsigned char, unsigned char)
                0x00000000c0006fda                Computer::handleNMI()
 *fill*         0x00000000c000703f        0x1 
 .text          0x00000000c0007040      0x1cf core/gdt.32
                0x00000000c0007040                GDTEntry::setBase(unsigned int)
                0x00000000c000705c                GDTEntry::setLimit(unsigned int)
                0x00000000c000707a                GDT::GDT()
                0x00000000c000707a                GDT::GDT()
                0x00000000c0007090                GDT::addEntry(GDTEntry)
                0x00000000c00070b2                GDT::getNumberOfEntries()
                0x00000000c00070ba                GDT::flush()
                0x00000000c00070dc                GDT::setup()
 .text          0x00000000c000720f       0x1d core/idle.32
                0x00000000c000720f                idleFunction(void*)
 .text          0x00000000c000722c      0x464 core/idt.32
                0x00000000c000722c                IDTEntry::IDTEntry(bool)
                0x00000000c000722c                IDTEntry::IDTEntry(bool)
                0x00000000c000729e                IDTEntry::setOffset(unsigned int)
                0x00000000c00072b4                IDT::IDT()
                0x00000000c00072b4                IDT::IDT()
                0x00000000c00072b6                IDT::getPointerToInvalidOpcodeEntryForF00F()
                0x00000000c00072be                IDT::addEntry(IDTEntry, int)
                0x00000000c00072d8                IDT::addEntry(int, void (*)(), bool)
                0x00000000c0007310                IDT::flush()
                0x00000000c000732a                IDT::setup()
 .text          0x00000000c0007690      0x183 core/kheap.32
                0x00000000c0007690                sbrk
                0x00000000c0007725                mmap
                0x00000000c000773b                munmap
                0x00000000c0007751                liballoc_lock()
                0x00000000c000775e                liballoc_unlock()
                0x00000000c0007772                liballoc_alloc(int)
                0x00000000c000778a                liballoc_free(void*, int)
                0x00000000c00077a5                realloc
                0x00000000c00077b9                malloc
                0x00000000c00077c9                free
                0x00000000c00077d9                rfree
                0x00000000c00077e9                calloc
 .text          0x00000000c0007813       0xc3 core/main.32
                0x00000000c0007813                KeEntryPoint
 .text          0x00000000c00078d6      0x5dc core/physmgr.32
                0x00000000c00078d6                Phys::allocateDMA(unsigned long)
                0x00000000c00079ad                Phys::freeDMA(unsigned long, unsigned long)
                0x00000000c00079e0                Phys::setPageState(unsigned long, bool)
                0x00000000c0007a12                Phys::getPageState(unsigned long)
                0x00000000c0007a33                Phys::freePage(unsigned long)
                0x00000000c0007a95                Phys::allocatePage()
                0x00000000c0007b53                Phys::allocateContiguousPages(int)
                0x00000000c0007baf                Phys::allowSegmentToBeUsed(unsigned long, unsigned long)
                0x00000000c0007be7                Phys::physicalMemorySetup(unsigned int)
 .text          0x00000000c0007eb2      0x273 core/pipe.32
                0x00000000c0007eb2                Pipe::isAtty()
                0x00000000c0007eb6                Pipe::~Pipe()
                0x00000000c0007eb6                Pipe::~Pipe()
                0x00000000c0007eda                Pipe::~Pipe()
                0x00000000c0007f02                Pipe::write(unsigned long long, void*, int*)
                0x00000000c0007fc2                Pipe::read(unsigned long long, void*, int*)
                0x00000000c00080be                Pipe::Pipe(int)
                0x00000000c00080be                Pipe::Pipe(int)
 *fill*         0x00000000c0008125        0x1 
 .text          0x00000000c0008126      0xaaa core/terminal.32
                0x00000000c0008126                VgaText::isAtty()
                0x00000000c000812a                VgaText::~VgaText()
                0x00000000c000812a                VgaText::~VgaText()
                0x00000000c000814e                VgaText::~VgaText()
                0x00000000c0008178                VgaText::read(unsigned long long, void*, int*)
                0x00000000c0008198                setTerminalScrollLock(bool)
                0x00000000c0008199                doTerminalCycle()
                0x00000000c000819a                addToTerminalCycle(VgaText*)
                0x00000000c000819b                scrollTerminalScrollLock(int)
                0x00000000c000819c                VgaText::updateTitle()
                0x00000000c000819e                VgaText::load()
                0x00000000c00081a0                VgaText::updateCursor()
                0x00000000c00081b6                VgaText::doANSI_SGR(int)
                0x00000000c000822a                VgaText::setDefaultBgColour(VgaColour)
                0x00000000c000823a                VgaText::setDefaultFgColour(VgaColour)
                0x00000000c000824a                VgaText::setDefaultColours(VgaColour, VgaColour)
                0x00000000c000826a                VgaText::setTitleTextColour(VgaColour)
                0x00000000c0008276                VgaText::setTitleColour(VgaColour)
                0x00000000c0008282                VgaText::setTitle(char*)
                0x00000000c0008284                VgaText::combineColours(unsigned char, unsigned char)
                0x00000000c0008296                VgaText::scrollScreen()
                0x00000000c000832e                VgaText::combineCharAndColour(char, unsigned char)
                0x00000000c0008340                VgaText::writeCharacter(char, VgaColour, VgaColour, int, int)
                0x00000000c00083d0                VgaText::getCursorX()
                0x00000000c00083d8                VgaText::getCursorY()
                0x00000000c00083e0                VgaText::setCursor(int, int)
                0x00000000c00083f7                setActiveTerminal(VgaText*)
                0x00000000c0008442                VgaText::clearScreen()
                0x00000000c0008490                VgaText::setCursorX(int)
                0x00000000c00084a8                VgaText::setCursorY(int)
                0x00000000c00084c0                VgaText::incrementCursor(bool)
                0x00000000c0008514                VgaText::decrementCursor(bool)
                0x00000000c0008536                VgaText::putchar(char, VgaColour, VgaColour)
                0x00000000c0008604                VgaText::putchar(char)
                0x00000000c00086f0                VgaText::putx(unsigned int)
                0x00000000c0008736                VgaText::puts(char const*)
                0x00000000c000875c                VgaText::write(unsigned long long, void*, int*)
                0x00000000c00087a8                VgaText::puts(char const*, VgaColour, VgaColour)
                0x00000000c00088fa                VgaText::VgaText(char const*)
                0x00000000c00088fa                VgaText::VgaText(char const*)
                0x00000000c0008a46                VgaText::receiveKey(unsigned char)
                0x00000000c0008baa                VgaText::doUpdate()
                0x00000000c0008bab                newTerminal(char*)
 .text          0x00000000c0008bd0      0x1a1 core/tss.32
                0x00000000c0008bd0                TSS::TSS()
                0x00000000c0008bd0                TSS::TSS()
                0x00000000c0008be0                TSS::setESP(unsigned long)
                0x00000000c0008bf4                TSS::flush()
                0x00000000c0008c14                TSS::setup(unsigned long, unsigned long)
 *fill*         0x00000000c0008d71        0x1 
 .text          0x00000000c0008d72      0x4c2 core/unixfile.32
                0x00000000c0008d72                ReservedFilename::read(unsigned long long, void*, int*)
                0x00000000c0008dc8                ReservedFilename::isAtty()
                0x00000000c0008de4                ReservedFilename::write(unsigned long long, void*, int*)
                0x00000000c0008e42                UnixFile::getFileDescriptor()
                0x00000000c0008e4a                UnixFile::UnixFile(int)
                0x00000000c0008e4a                UnixFile::UnixFile(int)
                0x00000000c0008ffa                ReservedFilename::ReservedFilename(int)
                0x00000000c0008ffa                ReservedFilename::ReservedFilename(int)
                0x00000000c000902c                UnixFile::~UnixFile()
                0x00000000c000902c                UnixFile::~UnixFile()
                0x00000000c00090c4                UnixFile::~UnixFile()
                0x00000000c00090ec                ReservedFilename::~ReservedFilename()
                0x00000000c00090ec                ReservedFilename::~ReservedFilename()
                0x00000000c0009110                ReservedFilename::~ReservedFilename()
                0x00000000c0009137                getFromFileDescriptor(int)
 .text          0x00000000c0009234     0x11d0 core/virtmgr.32
                0x00000000c0009234                Virt::setPageState(unsigned long, Virt::VirtPageState)
                0x00000000c0009269                Virt::getPageState(unsigned long)
                0x00000000c000928d                Virt::allocateKernelVirtualPages(int)
                0x00000000c000939e                Virt::freeSwapfilePage(unsigned long)
                0x00000000c00093bc                Virt::swapIDToSector(unsigned long)
                0x00000000c00093ce                Virt::allocateSwapfilePage()
                0x00000000c000944c                Virt::virtualMemorySetup()
                0x00000000c0009497                Virt::setupPageSwapping(int)
                0x00000000c0009508                VAS::VAS(VAS*)
                0x00000000c0009508                VAS::VAS(VAS*)
                0x00000000c0009536                VAS::getForeignPageTableEntry(bool, unsigned long)
                0x00000000c0009562                VAS::getPageTableEntry(unsigned long)
                0x00000000c0009581                Virt::freeKernelVirtualPages(unsigned long)
                0x00000000c00096a6                VAS::freeAllocatedPages(unsigned long)
                0x00000000c00096ca                VAS::virtualToPhysical(unsigned long)
                0x00000000c00096e4                VAS::reflagRange(unsigned long, int, int, int)
                0x00000000c0009724                VAS::VAS()
                0x00000000c0009724                VAS::VAS()
                0x00000000c000978e                VAS::setToWriteCombining(unsigned long, int)
                0x00000000c00097c2                VAS::mapOtherVASIn(bool, VAS*)
                0x00000000c00097ec                VAS::~VAS()
                0x00000000c00097ec                VAS::~VAS()
                0x00000000c0009950                VAS::mapPage(unsigned long, unsigned long, int)
                0x00000000c0009a54                VAS::allocatePages(int, int)
                0x00000000c0009c2c                VAS::setCPUSpecific(unsigned long)
                0x00000000c0009c4a                VAS::mapRange(unsigned long, unsigned long, int, int)
                0x00000000c0009d10                VAS::mapForeignPage(bool, VAS*, unsigned long, unsigned long, int)
                0x00000000c0009dfe                VAS::VAS(bool)
                0x00000000c0009dfe                VAS::VAS(bool)
                0x00000000c000a07e                VAS::evict(unsigned long)
                0x00000000c000a140                VAS::tryLoadBackOffDisk(unsigned long)
                0x00000000c000a22e                VAS::scanForEviction()
                0x00000000c000a30e                mapVASFirstTime
 .text          0x00000000c000a404       0x5f coreobjs/c++.32
                0x00000000c000a404                __cxa_atexit
                0x00000000c000a407                __cxa_finalize
                0x00000000c000a408                __stack_chk_fail
                0x00000000c000a43e                __cxa_pure_virtual
                0x00000000c000a44f                operator new[](unsigned long)
                0x00000000c000a454                operator delete(void*, unsigned long)
                0x00000000c000a459                operator delete[](void*)
                0x00000000c000a45e                operator delete[](void*, unsigned long)
 .text          0x00000000c000a463      0x21c dbg/kconsole.32
                0x00000000c000a463                Dbg::stringifyxWithBase(unsigned int, char*, int)
                0x00000000c000a4ce                Dbg::logc(char)
                0x00000000c000a4ee                Dbg::logs(char*)
                0x00000000c000a50b                Dbg::logWriteInt(unsigned int)
                0x00000000c000a529                Dbg::logWriteIntBase(unsigned int, int)
                0x00000000c000a54a                Dbg::kprintf(char const*, ...)
 *fill*         0x00000000c000a67f        0x1 
 .text          0x00000000c000a680      0xc5c fs/vfs.32
                0x00000000c000a680                File::read(unsigned long long, void*, int*)
                0x00000000c000a6d8                File::write(unsigned long long, void*, int*)
                0x00000000c000a730                Directory::read(unsigned long long, void*, int*)
                0x00000000c000a788                Directory::write(unsigned long long, void*, int*)
                0x00000000c000a7b6                File::isAtty()
                0x00000000c000a7ba                Directory::isAtty()
                0x00000000c000a7be                Filesystem::getlabel(LogicalDisk*, int, char*, unsigned int*)
                0x00000000c000a7c4                Filesystem::setlabel(LogicalDisk*, int, char*)
                0x00000000c000a7ca                Filesystem::allocateSwapfile(char const*, int)
                0x00000000c000a7d0                File::~File()
                0x00000000c000a7d0                File::~File()
                0x00000000c000a7f4                File::~File()
                0x00000000c000a81e                Directory::~Directory()
                0x00000000c000a81e                Directory::~Directory()
                0x00000000c000a842                Directory::~Directory()
                0x00000000c000a86c                Filesystem::Filesystem()
                0x00000000c000a86c                Filesystem::Filesystem()
                0x00000000c000a890                Filesystem::~Filesystem()
                0x00000000c000a890                Filesystem::~Filesystem()
                0x00000000c000a89e                Filesystem::~Filesystem()
                0x00000000c000a8c2                Fs::getcwd(Process*, char*, int)
                0x00000000c000a8ec                Fs::initVFS()
                0x00000000c000a916                Fs::standardiseFiles(char*, char const*, char const*)
                0x00000000c000aac0                File::File(char const*, Process*)
                0x00000000c000aac0                File::File(char const*, Process*)
                0x00000000c000ab80                File::open(FileOpenMode)
                0x00000000c000abde                File::close()
                0x00000000c000ac3e                File::seek(unsigned long long)
                0x00000000c000ac94                File::tell(unsigned long long*)
                0x00000000c000ace4                File::rewind()
                0x00000000c000acf8                File::unlink()
                0x00000000c000ad44                File::rename(char const*)
                0x00000000c000ad92                File::chfatattr(unsigned char, unsigned char)
                0x00000000c000adee                File::exists()
                0x00000000c000ae2c                File::stat(unsigned long long*, bool*)
                0x00000000c000ae8d                Fs::setcwd(Process*, char*)
                0x00000000c000afea                Directory::Directory(char const*, Process*)
                0x00000000c000afea                Directory::Directory(char const*, Process*)
                0x00000000c000b0aa                Directory::open()
                0x00000000c000b106                Directory::close()
                0x00000000c000b166                Directory::unlink()
                0x00000000c000b1b2                Directory::rename(char const*)
                0x00000000c000b200                Directory::exists()
                0x00000000c000b23e                Directory::read(dirent*)
                0x00000000c000b28a                Directory::create()
                0x00000000c000b2d6                Filesystem::chfatattr(char const*, unsigned char, unsigned char)
 .text          0x00000000c000b2dc       0x86 hal/bus.32
                0x00000000c000b2dc                Bus::Bus(char const*)
                0x00000000c000b2dc                Bus::Bus(char const*)
                0x00000000c000b314                Bus::~Bus()
                0x00000000c000b314                Bus::~Bus()
                0x00000000c000b338                Bus::~Bus()
 .text          0x00000000c000b362       0x96 hal/buzzer.32
                0x00000000c000b362                beepThread(void*)
                0x00000000c000b39f                Krnl::beep(int, int, bool)
 .text          0x00000000c000b3f8      0x46d hal/clock.32
                0x00000000c000b3f8                User::loadClockSettings(int)
                0x00000000c000b44a                Clock::Clock(char const*)
                0x00000000c000b44a                Clock::Clock(char const*)
                0x00000000c000b480                Clock::~Clock()
                0x00000000c000b480                Clock::~Clock()
                0x00000000c000b4a4                Clock::~Clock()
                0x00000000c000b4ce                Clock::timeInSecondsLocal()
                0x00000000c000b516                Clock::setTimeInSecondsLocal(unsigned long long)
                0x00000000c000b56f                datetimeToSeconds(datetime_t)
                0x00000000c000b69c                Clock::setTimeInDatetimeLocal(datetime_t)
                0x00000000c000b6fc                secondsToDatetime(unsigned long long)
                0x00000000c000b840                Clock::timeInDatetimeLocal()
 *fill*         0x00000000c000b865        0x1 
 .text          0x00000000c000b866      0x464 hal/device.32
                0x00000000c000b866                Device::hibernate()
                0x00000000c000b868                Device::wake()
                0x00000000c000b86a                Device::detect()
                0x00000000c000b86c                Device::disableLegacy()
                0x00000000c000b86e                Device::powerSaving(PowerSavingLevel)
                0x00000000c000b870                DriverlessDevice::close(int, int, void*)
                0x00000000c000b874                DriverlessDevice::detect()
                0x00000000c000b876                DriverlessDevice::open(int, int, void*)
                0x00000000c000b88a                Device::~Device()
                0x00000000c000b88a                Device::~Device()
                0x00000000c000b898                Device::~Device()
                0x00000000c000b8c0                Device::findAndLoadDriver()
                0x00000000c000b8ce                Device::preOpenPCI(PCIDeviceInfo)
                0x00000000c000b8f4                Device::preOpenACPI(void*, char*, char*)
                0x00000000c000b934                Device::addIRQHandler(int, void (*)(regs*, void*), bool, void*)
                0x00000000c000b95e                Device::getParent()
                0x00000000c000b96a                Device::removeIRQHandler(int, void (*)(regs*, void*), bool)
                0x00000000c000b988                Device::addChild(Device*)
                0x00000000c000b9cc                Device::removeAllChildren()
                0x00000000c000ba12                Device::hibernateAll()
                0x00000000c000ba42                Device::wakeAll()
                0x00000000c000ba72                Device::detectAll()
                0x00000000c000baa2                Device::disableLegacyAll()
                0x00000000c000baa4                Device::loadDriversForAll()
                0x00000000c000baa6                Device::closeAll()
                0x00000000c000badc                Device::powerSavingAll(PowerSavingLevel)
                0x00000000c000bb12                Device::setName(char const*)
                0x00000000c000bb20                Device::Device(char const*)
                0x00000000c000bb20                Device::Device(char const*)
                0x00000000c000bc1c                Device::getName()
                0x00000000c000bc26                DriverlessDevice::DriverlessDevice(char const*)
                0x00000000c000bc26                DriverlessDevice::DriverlessDevice(char const*)
                0x00000000c000bc5c                Device::addToLinkedList(LinkedList<Device>&, DeviceType)
                0x00000000c000bca0                getDevicesOfType(DeviceType)
 *fill*         0x00000000c000bcca        0x2 
 .text          0x00000000c000bccc       0x86 hal/diskctrl.32
                0x00000000c000bccc                HardDiskController::HardDiskController(char const*)
                0x00000000c000bccc                HardDiskController::HardDiskController(char const*)
                0x00000000c000bd04                HardDiskController::~HardDiskController()
                0x00000000c000bd04                HardDiskController::~HardDiskController()
                0x00000000c000bd28                HardDiskController::~HardDiskController()
 .text          0x00000000c000bd52       0xe2 hal/diskphys.32
                0x00000000c000bd52                PhysicalDisk::eject()
                0x00000000c000bd56                PhysicalDisk::PhysicalDisk(char const*, int)
                0x00000000c000bd56                PhysicalDisk::PhysicalDisk(char const*, int)
                0x00000000c000bdbe                PhysicalDisk::startCache()
                0x00000000c000bde6                PhysicalDisk::~PhysicalDisk()
                0x00000000c000bde6                PhysicalDisk::~PhysicalDisk()
                0x00000000c000be0a                PhysicalDisk::~PhysicalDisk()
 .text          0x00000000c000be34        0x0 hal/fpu.32
 .text          0x00000000c000be34      0x35d hal/intctrl.32
                0x00000000c000be34                int_handler
                0x00000000c000bebc                installISRHandler(int, void (*)(regs*, void*), void*)
                0x00000000c000bf04                installIRQHandler(int, void (*)(regs*, void*), bool, void*)
                0x00000000c000c03c                uninstallISRHandler(int, void (*)(regs*, void*))
                0x00000000c000c070                uninstallIRQHandler(int, void (*)(regs*, void*), bool)
                0x00000000c000c0ef                setupINTS()
                0x00000000c000c14c                convertLegacyIRQNumber(int)
 *fill*         0x00000000c000c191        0x1 
 .text          0x00000000c000c192      0x7cc hal/keybrd.32
                0x00000000c000c192                startGUI(void*)
                0x00000000c000c1fe                startGUIVESA(void*)
                0x00000000c000c26a                sendKeyToTerminal(unsigned char)
                0x00000000c000c333                sendKeyboardToken(KeyboardToken)
                0x00000000c000c773                clearInternalKeybuffer(VgaText*)
                0x00000000c000c7a8                readKeyboard(VgaText*, char*, unsigned long)
                0x00000000c000c8d4                Keyboard::Keyboard(char const*)
                0x00000000c000c8d4                Keyboard::Keyboard(char const*)
                0x00000000c000c910                Keyboard::~Keyboard()
                0x00000000c000c910                Keyboard::~Keyboard()
                0x00000000c000c934                Keyboard::~Keyboard()
 .text          0x00000000c000c95e      0x3ea hal/logidisk.32
                0x00000000c000c95e                LogicalDisk::close(int, int, void*)
                0x00000000c000c962                LogicalDisk::~LogicalDisk()
                0x00000000c000c962                LogicalDisk::~LogicalDisk()
                0x00000000c000c986                LogicalDisk::~LogicalDisk()
                0x00000000c000c9b0                LogicalDisk::open(int, int, void*)
                0x00000000c000c9c4                LogicalDisk::absoluteToRelative(unsigned long long)
                0x00000000c000c9fc                LogicalDisk::relativeToAbsolute(unsigned long long)
                0x00000000c000ca42                LogicalDisk::LogicalDisk(char const*, PhysicalDisk*, unsigned long long, unsigned long long)
                0x00000000c000ca42                LogicalDisk::LogicalDisk(char const*, PhysicalDisk*, unsigned long long, unsigned long long)
                0x00000000c000caf8                LogicalDisk::assignDriveLetter()
                0x00000000c000cbae                LogicalDisk::mount()
                0x00000000c000cbf6                LogicalDisk::unmount()
                0x00000000c000cc06                LogicalDisk::eject()
                0x00000000c000cc1a                LogicalDisk::unassignDriveLetter()
                0x00000000c000cc70                LogicalDisk::read(unsigned long long, int, void*)
                0x00000000c000ccdc                LogicalDisk::write(unsigned long long, int, void*)
 .text          0x00000000c000cd48       0x86 hal/mouse.32
                0x00000000c000cd48                Mouse::Mouse(char const*)
                0x00000000c000cd48                Mouse::Mouse(char const*)
                0x00000000c000cd80                Mouse::~Mouse()
                0x00000000c000cd80                Mouse::~Mouse()
                0x00000000c000cda4                Mouse::~Mouse()
 .text          0x00000000c000cdce      0x339 hal/partition.32
                0x00000000c000cdce                makePartition(PhysicalDisk*, unsigned long long, unsigned long long)
                0x00000000c000ce76                createPartitionsForDisk(PhysicalDisk*)
 *fill*         0x00000000c000d107        0x1 
 .text          0x00000000c000d108       0x86 hal/serial.32
                0x00000000c000d108                Serial::Serial(char const*)
                0x00000000c000d108                Serial::Serial(char const*)
                0x00000000c000d140                Serial::~Serial()
                0x00000000c000d140                Serial::~Serial()
                0x00000000c000d164                Serial::~Serial()
 *fill*         0x00000000c000d18e        0x2 
 .text          0x00000000c000d190      0x234 hal/timer.32
                0x00000000c000d190                Timer::Timer(char const*)
                0x00000000c000d190                Timer::Timer(char const*)
                0x00000000c000d1c8                Timer::~Timer()
                0x00000000c000d1c8                Timer::~Timer()
                0x00000000c000d1ec                Timer::~Timer()
                0x00000000c000d216                Timer::read()
                0x00000000c000d221                setupTimer(int)
                0x00000000c000d25c                timerHandler(unsigned int)
 .text          0x00000000c000d3c4      0x3ce hal/vcache.32
                0x00000000c000d3c4                VCache::VCache(PhysicalDisk*)
                0x00000000c000d3c4                VCache::VCache(PhysicalDisk*)
                0x00000000c000d52c                VCache::invalidateReadBuffer()
                0x00000000c000d53c                VCache::writeWriteBuffer()
                0x00000000c000d588                VCache::~VCache()
                0x00000000c000d588                VCache::~VCache()
                0x00000000c000d5dc                VCache::~VCache()
                0x00000000c000d604                VCache::write(unsigned long long, int, void*)
                0x00000000c000d71a                VCache::read(unsigned long long, int, void*)
 .text          0x00000000c000d792      0x4b3 hal/video.32
                0x00000000c000d792                Video::putrect(int, int, int, int, unsigned int)
                0x00000000c000d7de                Video::bitblit(int, int, int, int, int, int, int, unsigned int*)
                0x00000000c000d84e                Video::blit(unsigned int*, int, int, int, int)
                0x00000000c000d8cc                Video::clearScreen(unsigned int)
                0x00000000c000d900                Video::putpixel(int, int, unsigned int)
                0x00000000c000d90e                Video::Video(char const*)
                0x00000000c000d90e                Video::Video(char const*)
                0x00000000c000d944                Video::~Video()
                0x00000000c000d944                Video::~Video()
                0x00000000c000d968                Video::~Video()
                0x00000000c000d992                Video::isMonochrome()
                0x00000000c000d99e                Video::getWidth()
                0x00000000c000d9aa                Video::getHeight()
                0x00000000c000d9b6                Video::drawCursor(int, int, unsigned char*, int)
                0x00000000c000da72                Video::tgaParse(unsigned char*, int, int*, int*)
                0x00000000c000dbda                Video::putTGA(int, int, unsigned char*, int)
 *fill*         0x00000000c000dc45        0x3 
 .text          0x00000000c000dc48     0x1307 hw/acpi.32
                0x00000000c000dc48                ACPI::close(int, int, void*)
                0x00000000c000dd00                findRSDP()
                0x00000000c000dd90                loadACPITables(unsigned char*)
                0x00000000c000dff4                findRSDT(unsigned char*)
                0x00000000c000e144                findDataTable(unsigned char*, char*)
                0x00000000c000e1bc                scanMADT()
                0x00000000c000e690                ACPI::ACPI()
                0x00000000c000e690                ACPI::ACPI()
                0x00000000c000e6e4                ACPI::getPCIIRQAssignment(unsigned char, unsigned short, unsigned char)
                0x00000000c000e7cc                ACPI::registerPCIIRQAssignment(void*, unsigned short, unsigned char, unsigned char)
                0x00000000c000e894                ACPI::setScreenBrightnessLevel(void*, int)
                0x00000000c000e89c                ACPI::detectPCI()
                0x00000000c000eaa4                ACPI::writeSimpleBootFlag(SimpleBootFlagTable*)
                0x00000000c000eaf8                ACPI::sleep()
                0x00000000c000eb14                ACPI::open(int, int, void*)
 *fill*         0x00000000c000ef4f        0x1 
 .text          0x00000000c000ef50      0xb95 hw/cpu.32
                0x00000000c000ef50                CPU::close(int, int, void*)
                0x00000000c000ef54                CPU::AMD_K6_write_msr(unsigned int, unsigned int, unsigned int, CPU::REGS*)
                0x00000000c000ef70                CPU::AMD_K6_read_msr(unsigned int, CPU::REGS*)
                0x00000000c000ef88                CPU::AMD_K6_writeback(int, int, int)
                0x00000000c000effc                CPU::cpuid(int, unsigned long*, unsigned long*, unsigned long*, unsigned long*)
                0x00000000c000f080                CPU::cpuidCheckEDX(unsigned int)
                0x00000000c000f0ae                CPU::cpuidCheckECX(unsigned int)
                0x00000000c000f0dc                CPU::cpuidCheckExtendedEBX(unsigned int)
                0x00000000c000f10a                CPU::cpuidCheckExtendedECX(unsigned int)
                0x00000000c000f138                CPU::CPU()
                0x00000000c000f138                CPU::CPU()
                0x00000000c000f1c6                CPU::displayFeatures()
                0x00000000c000f1c8                CPU::detectFeatures()
                0x00000000c000f88c                CPU::setupSMEP()
                0x00000000c000f898                CPU::setupUMIP()
                0x00000000c000f8a2                CPU::setupTSC()
                0x00000000c000f8ac                CPU::setupLargePages()
                0x00000000c000f8b6                CPU::setupPAT()
                0x00000000c000f8f2                CPU::setupMTRR()
                0x00000000c000f8f4                CPU::setupGlobalPages()
                0x00000000c000f8fe                CPU::allowUsermodeDataAccess()
                0x00000000c000f910                CPU::prohibitUsermodeDataAccess()
                0x00000000c000f922                CPU::setupSMAP()
                0x00000000c000f930                CPU::setupFeatures()
                0x00000000c000f9fc                CPU::open(int, int, void*)
 .text          0x00000000c000fae5       0xd1 krnl/bootmsg.32
                0x00000000c000fae5                KeDisplaySplashScreen()
                0x00000000c000fb53                KeSetBootMessage(char const*)
 .text          0x00000000c000fbb6      0x581 krnl/env.32
                0x00000000c000fbb6                EnvVarContainer::getEnv(char const*)
                0x00000000c000fbf4                EnvVarContainer::setEnv(char const*, char const*)
                0x00000000c000fcb6                EnvVarContainer::deleteEnv(char const*)
                0x00000000c000fcb8                EnvVarContainer::loadFrom(char const*, char const*)
                0x00000000c000fe9e                EnvVarContainer::__loadSystem()
                0x00000000c000feb8                EnvVarContainer::__loadUser()
                0x00000000c000feba                EnvVarContainer::EnvVarContainer(Process*)
                0x00000000c000feba                EnvVarContainer::EnvVarContainer(Process*)
                0x00000000c000fedc                EnvVarContainer::~EnvVarContainer()
                0x00000000c000fedc                EnvVarContainer::~EnvVarContainer()
                0x00000000c000ff0c                Krnl::getEnv(Process*, char const*)
                0x00000000c000ff71                Krnl::setEnvSystem(char const*, char const*)
                0x00000000c000ff8b                Krnl::setEnvUser(char const*, char const*)
                0x00000000c000ffaa                Krnl::setEnvProcess(Process*, char const*, char const*)
                0x00000000c000ffbd                Krnl::deleteEnvSystem(char const*)
                0x00000000c000ffbe                Krnl::deleteEnvUser(char const*)
                0x00000000c000ffbf                Krnl::deleteEnvProcess(Process*, char const*)
                0x00000000c000ffc0                Krnl::newProcessEnv(Process*)
                0x00000000c000ffe2                Krnl::copyProcessEnv(Process*, Process*)
                0x00000000c001002e                Krnl::loadSystemEnv()
                0x00000000c001005c                Krnl::loadUserEnv()
                0x00000000c0010082                Krnl::flushEnv()
                0x00000000c0010083                Krnl::getProcessTotalEnvCount(Process*)
                0x00000000c00100a3                Krnl::getProcessEnvPair(Process*, int)
 .text          0x00000000c0010137       0x94 krnl/inlines.32
                0x00000000c0010137                CPU::current()
                0x00000000c0010143                operator new(unsigned long)
                0x00000000c0010148                operator delete(void*)
                0x00000000c001014d                disableIRQs()
                0x00000000c001014f                enableIRQs()
                0x00000000c0010151                lockScheduler()
                0x00000000c0010159                unlockScheduler()
                0x00000000c0010168                lockStuff()
                0x00000000c0010176                unlockStuff()
                0x00000000c00101b0                Virt::getAKernelVAS()
                0x00000000c00101b6                __not_memcpy
 .text          0x00000000c00101cb        0xc krnl/panic.32
                0x00000000c00101cb                KePanic(char const*)
 .text          0x00000000c00101d7      0x142 krnl/powctrl.32
                0x00000000c00101d7                Krnl::powerThread(void*)
                0x00000000c0010205                Krnl::changePowerSettings(Krnl::PowerSettings)
                0x00000000c001021b                Krnl::userIOReceived()
                0x00000000c0010226                Krnl::handlePowerButton()
                0x00000000c001025b                Krnl::handleSleepButton()
                0x00000000c0010290                Krnl::setupPowerManager()
 *fill*         0x00000000c0010319        0x3 
 .text          0x00000000c001031c      0x190 krnl/resolve.32
                0x00000000c001031c                KeResolveCompatibilitySymbol(char*)
 .text          0x00000000c00104ac      0x2c3 krnl/signal.32
                0x00000000c00104ac                KiSigKill(int)
                0x00000000c00104d8                KiDefaultSignalHandlerIgnore(int)
                0x00000000c00104d9                KiDefaultSignalHandlerPause(int)
                0x00000000c0010505                KiDefaultSignalHandlerResume(int)
                0x00000000c0010531                KeDeinitSignals(SigHandlerBlock*)
                0x00000000c0010536                KeInitSignals()
                0x00000000c0010581                KeRegisterSignalHandler(SigHandlerBlock*, int, void (*)(int), unsigned int, int)
                0x00000000c00105b7                KeRaiseSignal(SigHandlerBlock*, int)
                0x00000000c0010634                KeCheckSignal(SigHandlerBlock*)
                0x00000000c001071f                KiCheckSignalZ
                0x00000000c0010734                KeCompleteSignal(SigHandlerBlock*, int)
 .text          0x00000000c001076f      0xc41 krnl/syscalls.32
                0x00000000c001076f                SysSeekDir(regs*)
                0x00000000c0010774                SysTellDir(regs*)
                0x00000000c0010779                SysVerify(regs*)
                0x00000000c0010783                SysGetArgc(regs*)
                0x00000000c0010793                SysTTYName(regs*)
                0x00000000c001079b                SysFormatDisk(regs*)
                0x00000000c0010808                SysSetDiskVolumeLabel(regs*)
                0x00000000c0010852                SysGetDiskVolumeLabel(regs*)
                0x00000000c00108a7                SysShutdown(regs*)
                0x00000000c0010905                SysRealpath(regs*)
                0x00000000c0010948                SysReadDir(regs*)
                0x00000000c00109c8                SysIsATTY(regs*)
                0x00000000c0010a24                SysSeek(regs*)
                0x00000000c0010a7d                SysTell(regs*)
                0x00000000c0010aec                SysSize(regs*)
                0x00000000c0010b61                SysSizeFromFilename(regs*)
                0x00000000c0010c14                SysClose(regs*)
                0x00000000c0010c74                SysOpenDir(regs*)
                0x00000000c0010ceb                SysCloseDir(regs*)
                0x00000000c0010d3f                SysMakeDir(regs*)
                0x00000000c0010db1                SysWait(regs*)
                0x00000000c0010dce                SysNotImpl(regs*)
                0x00000000c0010de9                SysPanic(regs*)
                0x00000000c0010e04                SysRmdir(regs*)
                0x00000000c0010e6b                SysUnlink(regs*)
                0x00000000c0010ed2                SysGetArgv(regs*)
                0x00000000c0010f1f                SysUSleep(regs*)
                0x00000000c0010f48                SysSpawn(regs*)
                0x00000000c0010fb1                SysGetEnv(regs*)
                0x00000000c0011060                SysSetFatAttrib(regs*)
                0x00000000c00110d7                SysPipe(regs*)
                0x00000000c001111c                SysGetUnixTime(regs*)
                0x00000000c0011130                string_ends_with(char const*, char const*)
                0x00000000c001117a                SysOpen(regs*)
                0x00000000c001136e                KeSystemCall(regs*, void*)
 .text          0x00000000c00113b0      0x50e reg/registry.32
                0x00000000c00113b0                Reg::findLineFromLoadedData(char*, char*, char*)
                0x00000000c0011508                Reg::getLineFromRegistry(char*, char*, char*, char*)
                0x00000000c001165d                Reg::getLine(char*, char*, char*)
                0x00000000c0011694                Reg::readInt(char*, char*, int*)
                0x00000000c001177f                Reg::readString(char*, char*, char*, int)
                0x00000000c0011800                Reg::readBool(char*, char*, bool*)
                0x00000000c0011825                Reg::readBoolWithDefault(char*, char*, bool)
                0x00000000c0011851                Reg::readIntWithDefault(char*, char*, int)
                0x00000000c001187d                Reg::readStringWithDefault(char*, char*, char*, int, char*)
 .text          0x00000000c00118be       0x36 sys/eject.32
                0x00000000c00118be                SysEject(regs*)
 .text          0x00000000c00118f4       0x18 sys/exit.32
                0x00000000c00118f4                SysExit(regs*)
 .text          0x00000000c001190c       0x1f sys/getcwd.32
                0x00000000c001190c                SysGetCwd(regs*)
 .text          0x00000000c001192b        0xc sys/getpid.32
                0x00000000c001192b                SysGetPID(regs*)
 .text          0x00000000c0011937       0x1a sys/getramdata.32
                0x00000000c0011937                SysGetRAMData(regs*)
 .text          0x00000000c0011951       0x82 sys/getvgaptr.32
                0x00000000c0011951                SysGetVGAPtr(regs*)
 .text          0x00000000c00119d3       0xa8 sys/loaddll.32
                0x00000000c00119d3                SysLoadDLL(regs*)
 .text          0x00000000c0011a7b       0x68 sys/read.32
                0x00000000c0011a7b                SysRead(regs*)
 .text          0x00000000c0011ae3       0x29 sys/registersignal.32
                0x00000000c0011ae3                SysRegisterSignal(regs*)
 .text          0x00000000c0011b0c       0x55 sys/sbrk.32
                0x00000000c0011b0c                SysSbrk(regs*)
 .text          0x00000000c0011b61       0x1c sys/setcwd.32
                0x00000000c0011b61                SysSetCwd(regs*)
 .text          0x00000000c0011b7d       0x95 sys/settime.32
                0x00000000c0011b7d                SysSetTime(regs*)
 .text          0x00000000c0011c12       0x4a sys/timezone.32
                0x00000000c0011c12                SysTimezone(regs*)
 .text          0x00000000c0011c5c       0x68 sys/write.32
                0x00000000c0011c5c                SysWrite(regs*)
 .text          0x00000000c0011cc4       0x62 sys/wsbe.32
                0x00000000c0011cc4                SysWsbe(regs*)
 .text          0x00000000c0011d26       0x25 sys/yield.32
                0x00000000c0011d26                SysYield(regs*)
 .text          0x00000000c0011d4b     0x11e5 thr/elf.32
                0x00000000c0011d4b                Thr::allocateMemoryForTask(Process*, File*, unsigned long, unsigned long, unsigned long)
                0x00000000c0011fd7                Thr::loadProgramIntoMemory(Process*, char const*)
                0x00000000c00121ed                Thr::runtimeReferenceHelper()
                0x00000000c0012200                Thr::getAddressOfKernelSymbol(char const*)
                0x00000000c001224f                Thr::loadKernelSymbolTable(char const*)
                0x00000000c001250d                Thr::loadDriverIntoMemory(char const*, unsigned long, bool)
                0x00000000c0012c43                Thr::getDriverBaseFromAddress(unsigned long)
                0x00000000c0012c75                Thr::getDriverNameFromAddress(unsigned long)
                0x00000000c0012cac                Thr::getDriverOffsetFromAddress(unsigned long)
                0x00000000c0012cc6                Thr::loadDLL(char const*, bool)
                0x00000000c0012ef7                Thr::executeDLL(unsigned long, void*)
 .text          0x00000000c0012f30     0x12fd thr/prcssthr.32
                0x00000000c0012f30                userModeEntryPoint(void*)
                0x00000000c0012f58                changeTSS
                0x00000000c0012f88                switchToThread(ThreadControlBlock*)
                0x00000000c001303c                Process::addArgs(char**)
                0x00000000c001309c                Process::Process(char const*, Process*, char**)
                0x00000000c001309c                Process::Process(char const*, Process*, char**)
                0x00000000c00132a8                Process::Process(bool, char const*, Process*, char**)
                0x00000000c00132a8                Process::Process(bool, char const*, Process*, char**)
                0x00000000c0013480                taskStartupFunction
                0x00000000c001348c                Semaphore::Semaphore(int)
                0x00000000c001348c                Semaphore::Semaphore(int)
                0x00000000c00134bc                Mutex::Mutex()
                0x00000000c00134bc                Mutex::Mutex()
                0x00000000c00134d0                Process::createThread(void (*)(void*), void*, int)
                0x00000000c00135c8                Process::createUserThread()
                0x00000000c00135e8                setupMultitasking(void (*)())
                0x00000000c00136f0                schedule()
                0x00000000c0013780                Semaphore::tryAcquire()
                0x00000000c001384c                Semaphore::assertLocked(char const*)
                0x00000000c00138c4                blockTaskWithSchedulerLockAlreadyHeld(TaskState)
                0x00000000c00138ec                blockTask(TaskState)
                0x00000000c001391c                waitTask(int, int*, int)
                0x00000000c0013960                milliTenthSleepUntil(unsigned int)
                0x00000000c00139f0                milliTenthSleep(unsigned int)
                0x00000000c0013a00                sleep(unsigned int)
                0x00000000c0013a1c                Semaphore::acquire()
                0x00000000c0013ad8                taskReturned
                0x00000000c0013b14                Thr::processFromPID(int)
                0x00000000c0013bb4                unblockTask(ThreadControlBlock*)
                0x00000000c0013c58                cleanupTerminatedTask(ThreadControlBlock*)
                0x00000000c0013f24                cleanerTaskFunction(void*)
                0x00000000c0014014                terminateTask(int)
                0x00000000c00140e0                Thr::terminateFromIRQ(int)
                0x00000000c00140f0                Semaphore::release()
 .text          0x00000000c001422d      0xb93 vm86/vm8086.32
                0x00000000c001422d                Vm::inbv(unsigned short)
                0x00000000c0014240                Vm::outbv(unsigned short, unsigned char)
                0x00000000c0014276                Vm::realToLinear(unsigned short, unsigned short)
                0x00000000c0014286                Vm::getSegment(unsigned int)
                0x00000000c001428e                Vm::getOffset(unsigned int)
                0x00000000c0014293                Vm::mainloop2()
                0x00000000c00142cd                Vm::mainVm8086Loop(void*)
                0x00000000c00142dd                Vm::mainloop3(unsigned long)
                0x00000000c0014303                Vm::initialise8086()
                0x00000000c0014346                Vm::finish8086()
                0x00000000c00143a7                Vm::getOutput8086(unsigned char*)
                0x00000000c00143cc                Vm::start8086FromBuffer(unsigned char*, int, unsigned short, unsigned short, unsigned short, unsigned short)
                0x00000000c0014485                Vm::start8086(char const*, unsigned short, unsigned short, unsigned short, unsigned short)
                0x00000000c00145ed                Vm::doISR(regs*, int, unsigned char*, unsigned short, unsigned short)
                0x00000000c0014677                Vm::readByteFromReal(unsigned short, unsigned short)
                0x00000000c0014688                Vm::readWordFromReal(unsigned short, unsigned short)
                0x00000000c001469a                Vm::readDwordFromReal(unsigned short, unsigned short)
                0x00000000c00146ab                Vm::writeByteFromReal(unsigned short, unsigned short, unsigned char)
                0x00000000c00146c0                Vm::writeWordFromReal(unsigned short, unsigned short, unsigned short)
                0x00000000c00146d6                Vm::writeDwordFromReal(unsigned short, unsigned short, unsigned int)
                0x00000000c00146eb                Vm::faultHandler(regs*)
 .text          0x00000000c0014dc0      0xa53 arch/i386/hal.32
                0x00000000c0014dc0                noCopro(unsigned long)
                0x00000000c0014dc1                nmiHandler(regs*, void*)
                0x00000000c0014dda                doubleFault(regs*, void*)
                0x00000000c0014df3                displayDebugInfo(regs*)
                0x00000000c0015114                HalSystemIdle()
                0x00000000c001518a                displayProgramFault(char const*)
                0x00000000c00151d6                gpFault(regs*, void*)
                0x00000000c001523b                pgFault(regs*, void*)
                0x00000000c00152c1                otherISRHandler(regs*, void*)
                0x00000000c00152f5                opcodeFault(regs*, void*)
                0x00000000c0015375                i386SaveCoprocessor(void*)
                0x00000000c0015389                i386LoadCoprocessor(void*)
                0x00000000c001539d                x87EmulHandler(regs*, void*)
                0x00000000c001543a                HalInitialiseCoprocessor()
                0x00000000c00154e8                HalPanic(char const*)
                0x00000000c00155e1                HalQueryPerformanceCounter()
                0x00000000c00155fc                HalInitialise()
                0x00000000c00157a2                HalMakeBeep(int)
                0x00000000c00157dc                HalGetRand()
                0x00000000c00157df                HalEndOfInterrupt(int)
                0x00000000c0015810                HalRestart()
                0x00000000c0015811                HalShutdown()
                0x00000000c0015812                HalSleep()
 *fill*         0x00000000c0015813        0x1 
 .text          0x00000000c0015814      0x2f4 arch/i386/pic.32
                0x00000000c0015814                picIoWait()
                0x00000000c001581c                picDisable()
                0x00000000c0015850                picGetIRQReg(int)
                0x00000000c00158d4                picOpen()
                0x00000000c0015a64                picEOI(int)
 .text          0x00000000c0015b08      0x64d arch/i386/rtc.32
                0x00000000c0015b08                RTC::open(int, int, void*)
                0x00000000c0015b0c                RTC::close(int, int, void*)
                0x00000000c0015b10                RTC::timeInSecondsUTC()
                0x00000000c0015b22                RTC::timeInDatetimeUTC()
                0x00000000c0015b48                RTC::setTimeInSecondsUTC(unsigned long long)
                0x00000000c0015b86                RTC::~RTC()
                0x00000000c0015b86                RTC::~RTC()
                0x00000000c0015baa                RTC::~RTC()
                0x00000000c0015bd4                RTC::get_update_in_progress_flag()
                0x00000000c0015bec                RTC::completeRTCRefresh()
                0x00000000c0015ea4                RTC::setTimeInDatetimeUTC(datetime_t)
                0x00000000c0016057                rtcIRQHandler(regs*, void*)
                0x00000000c001609c                RTC::RTC()
                0x00000000c001609c                RTC::RTC()
 *fill*         0x00000000c0016155        0x3 
 .text          0x00000000c0016158      0x203 arch/i386/vga.32
                0x00000000c0016158                HalConsoleScroll(int, int)
                0x00000000c0016260                HalConsoleWriteCharacter(char, int, int, int, int)
                0x00000000c00162cc                HalConsoleCursorUpdate(int, int)
 *fill*         0x00000000c001635b        0x1 
 .text          0x00000000c001635c     0x13e7 fs/fat/vfslink.32
                0x00000000c001635c                FAT::getName()
                0x00000000c0016364                FAT::tell(void*, unsigned long long*)
                0x00000000c00163a0                FAT::stat(void*, unsigned long long*)
                0x00000000c00163dc                FAT::~FAT()
                0x00000000c00163dc                FAT::~FAT()
                0x00000000c0016400                FAT::~FAT()
                0x00000000c0016428                FAT::getlabel(LogicalDisk*, int, char*, unsigned int*)
                0x00000000c00164cc                FAT::setlabel(LogicalDisk*, int, char*)
                0x00000000c0016590                FAT::format(LogicalDisk*, int, char const*, int)
                0x00000000c0016764                FAT::tryMount(LogicalDisk*, int)
                0x00000000c001697c                FAT::allocateSwapfile(char const*, int)
                0x00000000c0016b3c                FAT::readDir(void*, unsigned long, void*, int*)
                0x00000000c0016ca8                FAT::read(void*, unsigned long, void*, int*)
                0x00000000c0016d08                FAT::write(void*, unsigned long, void*, int*)
                0x00000000c0016d68                FAT::close(void*)
                0x00000000c0016dbc                FAT::closeDir(void*)
                0x00000000c0016e10                FAT::seek(void*, unsigned long long)
                0x00000000c0016e68                fatWrapperReadDisk
                0x00000000c0016eac                fatWrapperWriteDisk
                0x00000000c0016ef0                fatWrapperIoctl
                0x00000000c001700c                FAT::FAT()
                0x00000000c001700c                FAT::FAT()
                0x00000000c0017060                FAT::fixFilepath(char*)
                0x00000000c001709c                FAT::open(char const*, void**, FileOpenMode)
                0x00000000c00171d4                FAT::openDir(char const*, void**)
                0x00000000c0017284                FAT::stat(char const*, unsigned long long*, bool*)
                0x00000000c001737c                FAT::unlink(char const*)
                0x00000000c00173fc                FAT::chfatattr(char const*, unsigned char, unsigned char)
                0x00000000c0017588                FAT::rename(char const*, char const*)
                0x00000000c0017654                FAT::mkdir(char const*)
                0x00000000c00176d4                FAT::exists(char const*)
 *fill*         0x00000000c0017743        0x1 
 .text          0x00000000c0017744       0xc6 fs/iso9660/helper.32
                0x00000000c0017744                isoReadDiscSectorHelper
                0x00000000c00177a0                iso_kprintf
                0x00000000c00177c0                iso_kprintfd
 .text          0x00000000c001780a      0x586 fs/iso9660/vfslink.32
                0x00000000c001780a                ISO9660::format(LogicalDisk*, int, char const*, int)
                0x00000000c0017810                ISO9660::getName()
                0x00000000c0017816                ISO9660::closeDir(void*)
                0x00000000c0017820                ISO9660::chfatattr(char const*, unsigned char, unsigned char)
                0x00000000c0017826                ISO9660::unlink(char const*)
                0x00000000c001782c                ISO9660::write(void*, unsigned long, void*, int*)
                0x00000000c0017832                ISO9660::rename(char const*, char const*)
                0x00000000c0017838                ISO9660::mkdir(char const*)
                0x00000000c001783e                ISO9660::~ISO9660()
                0x00000000c001783e                ISO9660::~ISO9660()
                0x00000000c0017862                ISO9660::~ISO9660()
                0x00000000c001788a                ISO9660::exists(char const*)
                0x00000000c001789e                ISO9660::open(char const*, void**, FileOpenMode)
                0x00000000c001793e                ISO9660::openDir(char const*, void**)
                0x00000000c00179ce                ISO9660::read(void*, unsigned long, void*, int*)
                0x00000000c0017a0e                ISO9660::seek(void*, unsigned long long)
                0x00000000c0017a46                ISO9660::tell(void*, unsigned long long*)
                0x00000000c0017a7c                ISO9660::stat(void*, unsigned long long*)
                0x00000000c0017ab6                ISO9660::stat(char const*, unsigned long long*, bool*)
                0x00000000c0017b88                ISO9660::close(void*)
                0x00000000c0017bae                ISO9660::readDir(void*, unsigned long, void*, int*)
                0x00000000c0017c7b                readSectorFromCDROM(unsigned int, unsigned char*, char)
                0x00000000c0017cf6                ISO9660::tryMount(LogicalDisk*, int)
                0x00000000c0017d68                ISO9660::ISO9660()
                0x00000000c0017d68                ISO9660::ISO9660()
 .text          0x00000000c0017d90      0x26c hal/sound/sndcard.32
                0x00000000c0017d90                SoundCard::beginPlayback()
                0x00000000c0017d9e                SoundCard::stopPlayback()
                0x00000000c0017dac                SoundCard::SoundCard(char const*)
                0x00000000c0017dac                SoundCard::SoundCard(char const*)
                0x00000000c0017e4a                SoundCard::~SoundCard()
                0x00000000c0017e4a                SoundCard::~SoundCard()
                0x00000000c0017e6e                SoundCard::~SoundCard()
                0x00000000c0017e98                SoundCard::configureRates(int, int, int)
                0x00000000c0017ec8                SoundCard::getSamples16(int, short*)
                0x00000000c0017f24                SoundCard::getSamples32(int, int*)
                0x00000000c0017faa                SoundCard::addChannel(SoundPort*)
                0x00000000c0017fe8                SoundCard::removeChannel(int)
 .text          0x00000000c0017ffc      0x377 hal/sound/sndport.32
                0x00000000c0017ffc                SoundPort::SoundPort(int, int, int, int)
                0x00000000c0017ffc                SoundPort::SoundPort(int, int, int, int)
                0x00000000c0018088                SoundPort::~SoundPort()
                0x00000000c0018088                SoundPort::~SoundPort()
                0x00000000c00180bc                SoundPort::unpause()
                0x00000000c00180c8                SoundPort::pause()
                0x00000000c00180d4                SoundPort::getBufferUsed()
                0x00000000c00180dc                SoundPort::getBufferSize()
                0x00000000c00180e4                SoundPort::buffer16(short*, int)
                0x00000000c0018170                SoundPort::buffer32(int*, int)
                0x00000000c00181f8                SoundPort::unbufferAndAdd16(int, short*, SoundCard*)
                0x00000000c00182bc                SoundPort::unbufferAndAdd32(int, int*, SoundCard*)
 .text          0x00000000c0018373        0x0 hw/bus/isa.32
 *fill*         0x00000000c0018373        0x1 
 .text          0x00000000c0018374      0xb49 hw/bus/pci.32
                0x00000000c0018374                PCI::open(int, int, void*)
                0x00000000c0018392                PCI::close(int, int, void*)
                0x00000000c0018396                PCI::PCI()
                0x00000000c0018396                PCI::PCI()
                0x00000000c0018430                PCI::readBAR8(unsigned int, int)
                0x00000000c001844c                PCI::readBAR16(unsigned int, int)
                0x00000000c001846a                PCI::readBAR32(unsigned int, int)
                0x00000000c0018486                PCI::writeBAR8(unsigned int, unsigned char, int)
                0x00000000c00184a6                PCI::writeBAR16(unsigned int, unsigned short, int)
                0x00000000c00184c8                PCI::writeBAR32(unsigned int, unsigned int, int)
                0x00000000c00184e8                PCI::legacyMechanism(unsigned char, unsigned char, unsigned char, unsigned char)
                0x00000000c0018556                PCI::pciReadWord(unsigned char, unsigned char, unsigned char, unsigned char)
                0x00000000c00185fe                PCI::getVendorID(unsigned char, unsigned char, unsigned char)
                0x00000000c0018622                PCI::getHeaderType(unsigned char, unsigned char, unsigned char)
                0x00000000c001864a                PCI::getClassCode(unsigned char, unsigned char, unsigned char)
                0x00000000c0018694                PCI::getProgIF(unsigned char, unsigned char, unsigned char)
                0x00000000c00186bc                PCI::getRevisionID(unsigned char, unsigned char, unsigned char)
                0x00000000c00186e0                PCI::getInterruptNumber(unsigned char, unsigned char, unsigned char)
                0x00000000c0018704                PCI::getSecondaryBus(unsigned char, unsigned char, unsigned char)
                0x00000000c001872c                PCI::getBARAddress(unsigned char, unsigned char, unsigned char, unsigned char)
                0x00000000c0018790                PCI::pciWriteWord(unsigned char, unsigned char, unsigned char, unsigned char, unsigned short)
                0x00000000c0018878                PCI::pciDetailsToFilepath(PCIDeviceInfo, char*)
                0x00000000c0018af2                PCI::checkBus(unsigned char)
                0x00000000c0018b18                PCI::foundDevice(PCIDeviceInfo)
                0x00000000c0018c8a                PCI::getDeviceData(unsigned char, unsigned char, unsigned char)
                0x00000000c0018dfe                PCI::checkDevice(unsigned char, unsigned char)
                0x00000000c0018e6a                PCI::detect()
 *fill*         0x00000000c0018ebd        0x1 
 .text          0x00000000c0018ebe      0xb5a hw/diskctrl/ide.32
                0x00000000c0018ebe                IDE::close(int, int, void*)
                0x00000000c0018ec2                IDE::IDE()
                0x00000000c0018ec2                IDE::IDE()
                0x00000000c0018ef6                IDE::prepareInterrupt(unsigned char)
                0x00000000c0018f08                selectDrive(unsigned char, unsigned char)
                0x00000000c0018f0a                IDE::getBase(unsigned char)
                0x00000000c0018f1c                IDE::write(unsigned char, unsigned char, unsigned char)
                0x00000000c0018fdc                IDE::read(unsigned char, unsigned char)
                0x00000000c001908a                IDE::waitInterrupt(unsigned char)
                0x00000000c00190f2                ideChannel0IRQHandler(regs*, void*)
                0x00000000c001910e                ideChannel1IRQHandler(regs*, void*)
                0x00000000c001912a                IDE::enableIRQs(unsigned char, bool)
                0x00000000c0019170                IDE::open(int, int, void*)
                0x00000000c001957e                IDE::readBuffer(unsigned char, unsigned char, unsigned int, unsigned int)
                0x00000000c001964a                IDE::detect()
                0x00000000c001990a                IDE::printError(unsigned char, unsigned char, unsigned char)
                0x00000000c00199ba                IDE::polling(unsigned char, unsigned int)
 .text          0x00000000c0019a18      0x32a hw/diskctrl/satabus.32
                0x00000000c0019a18                SATABus::close(int, int, void*)
                0x00000000c0019a1c                SATABus::detect()
                0x00000000c0019a1e                SATABus::SATABus()
                0x00000000c0019a1e                SATABus::SATABus()
                0x00000000c0019aa4                SATABus::findCmdslot(SATABus::tagHBA_PORT volatile*)
                0x00000000c0019ad6                SATABus::checkType(SATABus::tagHBA_PORT volatile*)
                0x00000000c0019b1e                SATABus::startCmd(SATABus::tagHBA_PORT volatile*)
                0x00000000c0019b3e                SATABus::stopCmd(SATABus::tagHBA_PORT volatile*)
                0x00000000c0019b68                SATABus::portRebase(SATABus::tagHBA_PORT volatile*, int)
                0x00000000c0019c78                SATABus::probePort(SATABus::tagHBA_MEM volatile*)
                0x00000000c0019d22                SATABus::open(int, int, void*)
 .text          0x00000000c0019d42      0x5f4 hw/diskphys/ata.32
                0x00000000c0019d42                ATA::close(int, int, void*)
                0x00000000c0019d66                ATA::powerSaving(PowerSavingLevel)
                0x00000000c0019d68                ATA::ATA()
                0x00000000c0019d68                ATA::ATA()
                0x00000000c0019d96                ATA::flush(bool)
                0x00000000c0019de0                ATA::readyForCommand()
                0x00000000c0019e2c                ATA::access(unsigned long long, int, void*, bool)
                0x00000000c001a1a8                ATA::read(unsigned long long, int, void*)
                0x00000000c001a1f4                ATA::write(unsigned long long, int, void*)
                0x00000000c001a240                ATA::detectCHS()
                0x00000000c001a26a                ATA::open(int, int, void*)
 .text          0x00000000c001a336      0x60e hw/diskphys/atapi.32
                0x00000000c001a336                ATAPI::write(unsigned long long, int, void*)
                0x00000000c001a33c                ATAPI::close(int, int, void*)
                0x00000000c001a360                ATAPI::ATAPI()
                0x00000000c001a360                ATAPI::ATAPI()
                0x00000000c001a38e                ATAPI::readyForCommand()
                0x00000000c001a3e0                ATAPI::sendPacket(unsigned char*, int, bool, unsigned short*, int)
                0x00000000c001a6a0                ATAPI::diskRemoved()
                0x00000000c001a6da                ATAPI::eject()
                0x00000000c001a722                ATAPI::diskInserted()
                0x00000000c001a72e                ATAPI::detectMedia()
                0x00000000c001a7ea                ATAPI::open(int, int, void*)
                0x00000000c001a8ca                ATAPI::read(unsigned long long, int, void*)
 .text          0x00000000c001a944      0x402 hw/diskphys/sata.32
                0x00000000c001a944                SATA::close(int, int, void*)
                0x00000000c001a968                SATA::powerSaving(PowerSavingLevel)
                0x00000000c001a96a                SATA::open(int, int, void*)
                0x00000000c001aa14                SATA::SATA()
                0x00000000c001aa14                SATA::SATA()
                0x00000000c001aa42                SATA::access(unsigned long long, int, void*, bool)
                0x00000000c001ac8e                SATA::read(unsigned long long, int, void*)
                0x00000000c001acda                SATA::write(unsigned long long, int, void*)
 .text          0x00000000c001ad46      0x5af hw/diskphys/satapi.32
                0x00000000c001ad46                SATAPI::write(unsigned long long, int, void*)
                0x00000000c001ad4c                SATAPI::close(int, int, void*)
                0x00000000c001ad70                SATAPI::SATAPI()
                0x00000000c001ad70                SATAPI::SATAPI()
                0x00000000c001ad9e                SATAPI::diskRemoved()
                0x00000000c001ada0                SATAPI::diskInserted()
                0x00000000c001adbc                SATAPI::sendPacket(unsigned char*, int, unsigned long long, unsigned short*, int)
                0x00000000c001b09c                SATAPI::eject()
                0x00000000c001b0d8                SATAPI::detectMedia()
                0x00000000c001b0fe                SATAPI::open(int, int, void*)
                0x00000000c001b1fe                SATAPI::read(unsigned long long, int, void*)
 *fill*         0x00000000c001b2f5        0x1 
 .text          0x00000000c001b2f6      0x455 hw/intctrl/apic.32
                0x00000000c001b2f6                IOAPIC::close(int, int, void*)
                0x00000000c001b2fc                apicGetBase()
                0x00000000c001b33e                IOAPIC::IOAPIC()
                0x00000000c001b33e                IOAPIC::IOAPIC()
                0x00000000c001b366                apicOpen()
                0x00000000c001b4cc                IOAPIC::handlesGSIWithNumber(unsigned int)
                0x00000000c001b4fe                IOAPIC::read(int)
                0x00000000c001b526                IOAPIC::open(int, int, void*)
                0x00000000c001b61a                IOAPIC::write(int, int)
                0x00000000c001b646                IOAPIC::redirect(unsigned char, unsigned long long, unsigned char, bool, bool)
 *fill*         0x00000000c001b74b        0x1 
 .text          0x00000000c001b74c       0xf0 hw/timer/apictimer.32
                0x00000000c001b74c                APICTimer::close(int, int, void*)
                0x00000000c001b754                apicTimerHandler(regs*, void*)
                0x00000000c001b77c                APICTimer::open(int, int, void*)
                0x00000000c001b7ec                APICTimer::write(int)
                0x00000000c001b814                APICTimer::APICTimer()
                0x00000000c001b814                APICTimer::APICTimer()
 .text          0x00000000c001b83c      0x1aa hw/timer/pit.32
                0x00000000c001b83c                PIT::write(int)
                0x00000000c001b8c0                pitHandler(regs*, void*)
                0x00000000c001b8e4                PIT::open(int, int, void*)
                0x00000000c001b934                PIT::close(int, int, void*)
                0x00000000c001b964                PIT::PIT()
                0x00000000c001b964                PIT::PIT()
 *fill*         0x00000000c001b9e6        0xa 
 .text          0x00000000c001b9f0       0x83 arch/i386/avx.32
                0x00000000c001b9f0                avxDetect
                0x00000000c001ba1a                avxSave
                0x00000000c001ba2b                avxLoad
                0x00000000c001ba3c                avxInit
                0x00000000c001ba5e                avxClose
                0x00000000c001ba5f                wouldSheSayYes
 *fill*         0x00000000c001ba73        0xd 
 .text          0x00000000c001ba80      0x231 arch/i386/interrupt.32
                0x00000000c001ba80                isr0
                0x00000000c001ba90                isr1
                0x00000000c001ba9a                isr2
                0x00000000c001baa4                isr3
                0x00000000c001baae                isr4
                0x00000000c001bab8                isr5
                0x00000000c001bac2                isr6
                0x00000000c001bacc                isr7
                0x00000000c001bad6                isr8
                0x00000000c001bade                isr9
                0x00000000c001bae8                isr10
                0x00000000c001baf0                isr11
                0x00000000c001baf8                isr12
                0x00000000c001bb00                isr13
                0x00000000c001bb08                isr14
                0x00000000c001bb10                isr15
                0x00000000c001bb1a                isr16
                0x00000000c001bb24                isr17
                0x00000000c001bb2e                isr18
                0x00000000c001bb38                irq3
                0x00000000c001bb42                irq4
                0x00000000c001bb4c                irq5
                0x00000000c001bb56                irq6
                0x00000000c001bb60                irq7
                0x00000000c001bb6a                irq8
                0x00000000c001bb74                irq9
                0x00000000c001bb7e                irq10
                0x00000000c001bb88                irq11
                0x00000000c001bb92                irq12
                0x00000000c001bb9c                irq13
                0x00000000c001bba6                irq14
                0x00000000c001bbb0                irq15
                0x00000000c001bbba                irq1
                0x00000000c001bbc1                irq2
                0x00000000c001bbc8                isr96
                0x00000000c001bbcf                irq0
                0x00000000c001bbd4                int_common_stub
                0x00000000c001bc06                syscall_common_stub
                0x00000000c001bc61                irq16
                0x00000000c001bc6b                irq17
                0x00000000c001bc75                irq18
                0x00000000c001bc7f                irq19
                0x00000000c001bc89                irq20
                0x00000000c001bc93                irq21
                0x00000000c001bc9d                irq22
                0x00000000c001bca7                irq23
 *fill*         0x00000000c001bcb1        0xf 
 .text          0x00000000c001bcc0       0x10 arch/i386/rdrand.32
                0x00000000c001bcc0                i386GetRDRAND
 .text          0x00000000c001bcd0       0x39 arch/i386/sse.32
                0x00000000c001bcd0                absolutelyNoChanceInHell
                0x00000000c001bcd0                sseDetect
                0x00000000c001bce8                sseSave
                0x00000000c001bcf0                sseLoad
                0x00000000c001bcf8                sseInit
                0x00000000c001bd08                sseClose
 *fill*         0x00000000c001bd09        0x7 
 .text          0x00000000c001bd10       0x49 arch/i386/x87.32
                0x00000000c001bd16                x87Detect
                0x00000000c001bd31                x87Save
                0x00000000c001bd38                x87Load
                0x00000000c001bd3f                x87Init
                0x00000000c001bd58                x87Close
 *fill*         0x00000000c001bd59        0x3 
 .text          0x00000000c001bd5c       0x25 /cygdrive/d/Users/Alex/Desktop/Toolchain/Output/bin/../lib/gcc/i386-banana/8.1.0/crtend.o
 .text          0x00000000c001bd81        0x0 crtn.32
 *fill*         0x00000000c001bd81        0x3 
 .text          0x00000000c001bd84      0x14b /cygdrive/d/Users/Alex/Desktop/Toolchain/Output/bin/../lib/gcc/i386-banana/8.1.0/libkgcc.a(_divdi3.o)
                0x00000000c001bd84                __divdi3
 *fill*         0x00000000c001becf        0x1 
 .text          0x00000000c001bed0      0x17e /cygdrive/d/Users/Alex/Desktop/Toolchain/Output/bin/../lib/gcc/i386-banana/8.1.0/libkgcc.a(_moddi3.o)
                0x00000000c001bed0                __moddi3
 *fill*         0x00000000c001c04e        0x2 
 .text          0x00000000c001c050       0xff /cygdrive/d/Users/Alex/Desktop/Toolchain/Output/bin/../lib/gcc/i386-banana/8.1.0/libkgcc.a(_udivdi3.o)
                0x00000000c001c050                __udivdi3
 *fill*         0x00000000c001c14f        0x1 
 .text          0x00000000c001c150      0x11a /cygdrive/d/Users/Alex/Desktop/Toolchain/Output/bin/../lib/gcc/i386-banana/8.1.0/libkgcc.a(_umoddi3.o)
                0x00000000c001c150                __umoddi3
 *(.gnu.linkonce.t*)

.iplt           0x00000000c001c270        0x0
 .iplt          0x00000000c001c270        0x0 D:/Users/Alex/Desktop/Banana/kernel/boot.32

.init           0x00000000c001c26a        0xf
 .init          0x00000000c001c26a        0x3 crti.32
                0x00000000c001c26a                _init
 .init          0x00000000c001c26d        0x5 /cygdrive/d/Users/Alex/Desktop/Toolchain/Output/bin/../lib/gcc/i386-banana/8.1.0/crtbegin.o
 .init          0x00000000c001c272        0x5 /cygdrive/d/Users/Alex/Desktop/Toolchain/Output/bin/../lib/gcc/i386-banana/8.1.0/crtend.o
 .init          0x00000000c001c277        0x2 crtn.32

.fini           0x00000000c001c279        0xa
 .fini          0x00000000c001c279        0x3 crti.32
                0x00000000c001c279                _fini
 .fini          0x00000000c001c27c        0x5 /cygdrive/d/Users/Alex/Desktop/Toolchain/Output/bin/../lib/gcc/i386-banana/8.1.0/crtbegin.o
 .fini          0x00000000c001c281        0x2 crtn.32

.text._ZN8ComputerD2Ev
                0x00000000c001c284       0x23
 .text._ZN8ComputerD2Ev
                0x00000000c001c284       0x23 core/computer.32
                0x00000000c001c284                Computer::~Computer()
                0x00000000c001c284                Computer::~Computer()

.text._ZN8ComputerD0Ev
                0x00000000c001c2a8       0x2a
 .text._ZN8ComputerD0Ev
                0x00000000c001c2a8       0x2a core/computer.32
                0x00000000c001c2a8                Computer::~Computer()

.text._Z10idleCommonv
                0x00000000c001c2d2       0x21
 .text._Z10idleCommonv
                0x00000000c001c2d2       0x21 core/idle.32
                0x00000000c001c2d2                idleCommon()

.text._ZN10LinkedListI8UnixFileED2Ev
                0x00000000c001c2f4        0x2
 .text._ZN10LinkedListI8UnixFileED2Ev
                0x00000000c001c2f4        0x2 core/unixfile.32
                0x00000000c001c2f4                LinkedList<UnixFile>::~LinkedList()
                0x00000000c001c2f4                LinkedList<UnixFile>::~LinkedList()

.text._ZN10LinkedListI8UnixFileEC2Ev
                0x00000000c001c2f6       0x42
 .text._ZN10LinkedListI8UnixFileEC2Ev
                0x00000000c001c2f6       0x42 core/unixfile.32
                0x00000000c001c2f6                LinkedList<UnixFile>::LinkedList()
                0x00000000c001c2f6                LinkedList<UnixFile>::LinkedList()

.text._ZN10LinkedListI8UnixFileE10addElementEPS0_
                0x00000000c001c338       0xd3
 .text._ZN10LinkedListI8UnixFileE10addElementEPS0_
                0x00000000c001c338       0xd3 core/unixfile.32
                0x00000000c001c338                LinkedList<UnixFile>::addElement(UnixFile*)

.text._ZN10LinkedListI8UnixFileE15getFirstElementEv
                0x00000000c001c40c        0x7
 .text._ZN10LinkedListI8UnixFileE15getFirstElementEv
                0x00000000c001c40c        0x7 core/unixfile.32
                0x00000000c001c40c                LinkedList<UnixFile>::getFirstElement()

.text._ZN10LinkedListI8UnixFileE11removeFirstEv
                0x00000000c001c414       0xa1
 .text._ZN10LinkedListI8UnixFileE11removeFirstEv
                0x00000000c001c414       0xa1 core/unixfile.32
                0x00000000c001c414                LinkedList<UnixFile>::removeFirst()

.text._ZN10LinkedListI8UnixFileE7getNextEPS0_
                0x00000000c001c4b6        0x8
 .text._ZN10LinkedListI8UnixFileE7getNextEPS0_
                0x00000000c001c4b6        0x8 core/unixfile.32
                0x00000000c001c4b6                LinkedList<UnixFile>::getNext(UnixFile*)

.text._ZN16DriverlessDeviceD2Ev
                0x00000000c001c4be       0x1a
 .text._ZN16DriverlessDeviceD2Ev
                0x00000000c001c4be       0x1a hal/device.32
                0x00000000c001c4be                DriverlessDevice::~DriverlessDevice()
                0x00000000c001c4be                DriverlessDevice::~DriverlessDevice()

.text._ZN16DriverlessDeviceD0Ev
                0x00000000c001c4d8       0x2a
 .text._ZN16DriverlessDeviceD0Ev
                0x00000000c001c4d8       0x2a hal/device.32
                0x00000000c001c4d8                DriverlessDevice::~DriverlessDevice()

.text._ZN10LinkedListI6DeviceE10addElementEPS0_
                0x00000000c001c502       0xdc
 .text._ZN10LinkedListI6DeviceE10addElementEPS0_
                0x00000000c001c502       0xdc hal/device.32
                0x00000000c001c502                LinkedList<Device>::addElement(Device*)

.text._ZN10LinkedListI6DeviceEC2Ev
                0x00000000c001c5de       0x42
 .text._ZN10LinkedListI6DeviceEC2Ev
                0x00000000c001c5de       0x42 hal/device.32
                0x00000000c001c5de                LinkedList<Device>::LinkedList()
                0x00000000c001c5de                LinkedList<Device>::LinkedList()

.text._ZN10LinkedListIV18ThreadControlBlockE7isEmptyEv
                0x00000000c001c620       0x1c
 .text._ZN10LinkedListIV18ThreadControlBlockE7isEmptyEv
                0x00000000c001c620       0x1c hal/timer.32
                0x00000000c001c620                LinkedList<ThreadControlBlock volatile>::isEmpty()

.text._ZN10LinkedListIV18ThreadControlBlockE15getFirstElementEv
                0x00000000c001c63c        0x7
 .text._ZN10LinkedListIV18ThreadControlBlockE15getFirstElementEv
                0x00000000c001c63c        0x7 hal/timer.32
                0x00000000c001c63c                LinkedList<ThreadControlBlock volatile>::getFirstElement()

.text._ZN10LinkedListIV18ThreadControlBlockE11removeFirstEv
                0x00000000c001c644       0xb8