Archive member included to satisfy reference by file (symbol)

/cygdrive/d/Users/Alex/Desktop/Toolchain/Output/bin/../lib/gcc/i386-banana/8.1.0/libkgcc.a(_divdi3.o)
                              krnl/resolve.32 (__divdi3)
/cygdrive/d/Users/Alex/Desktop/Toolchain/Output/bin/../lib/gcc/i386-banana/8.1.0/libkgcc.a(_moddi3.o)
                              krnl/resolve.32 (__moddi3)
/cygdrive/d/Users/Alex/Desktop/Toolchain/Output/bin/../lib/gcc/i386-banana/8.1.0/libkgcc.a(_udivdi3.o)
                              hal/clock.32 (__udivdi3)
/cygdrive/d/Users/Alex/Desktop/Toolchain/Output/bin/../lib/gcc/i386-banana/8.1.0/libkgcc.a(_umoddi3.o)
                              core/pipe.32 (__umoddi3)

Allocating common symbols
Common symbol       size              file

dcache              0x40              fs/iso9660/iso9660.32
cdDriveLetter       0x1               fs/iso9660/iso9660.32
icache              0x40              fs/iso9660/iso9660.32

Discarded input sections

 .comment       0x0000000000000000       0x12 /cygdrive/d/Users/Alex/Desktop/Toolchain/Output/bin/../lib/gcc/i386-banana/8.1.0/crtbegin.o
 .comment       0x0000000000000000       0x12 acpica/utclib.32
 .comment       0x0000000000000000       0x12 core/malloc.32
 .comment       0x0000000000000000       0x12 libk/ctype.32
 .comment       0x0000000000000000       0x12 libk/string.32
 .comment       0x0000000000000000       0x12 arch/i386/cc.32
 .comment       0x0000000000000000       0x12 fs/fat/diskio.32
 .comment       0x0000000000000000       0x12 fs/fat/ff.32
 .comment       0x0000000000000000       0x12 fs/fat/ffsystem.32
 .comment       0x0000000000000000       0x12 fs/fat/ffunicode.32
 .comment       0x0000000000000000       0x12 fs/iso9660/iso9660.32
 .group         0x0000000000000000       0x14 core/computer.32
 .group         0x0000000000000000        0xc core/computer.32
 .comment       0x0000000000000000       0x12 core/computer.32
 .comment       0x0000000000000000       0x12 core/gdt.32
 .group         0x0000000000000000        0xc core/idle.32
 .comment       0x0000000000000000       0x12 core/idle.32
 .comment       0x0000000000000000       0x12 core/idt.32
 .comment       0x0000000000000000       0x12 core/kheap.32
 .comment       0x0000000000000000       0x12 core/main.32
 .comment       0x0000000000000000       0x12 core/physmgr.32
 .group         0x0000000000000000        0xc core/pipe.32
 .comment       0x0000000000000000       0x12 core/pipe.32
 .group         0x0000000000000000        0xc core/terminal.32
 .comment       0x0000000000000000       0x12 core/terminal.32
 .comment       0x0000000000000000       0x12 core/tss.32
 .group         0x0000000000000000        0x8 core/unixfile.32
 .group         0x0000000000000000        0x8 core/unixfile.32
 .group         0x0000000000000000        0xc core/unixfile.32
 .group         0x0000000000000000        0x8 core/unixfile.32
 .group         0x0000000000000000        0xc core/unixfile.32
 .group         0x0000000000000000        0x8 core/unixfile.32
 .group         0x0000000000000000        0xc core/unixfile.32
 .group         0x0000000000000000        0xc core/unixfile.32
 .comment       0x0000000000000000       0x12 core/unixfile.32
 .comment       0x0000000000000000       0x12 core/virtmgr.32
 .comment       0x0000000000000000       0x12 coreobjs/c++.32
 .comment       0x0000000000000000       0x12 dbg/kconsole.32
 .comment       0x0000000000000000       0x12 dbg/usban.32
 .comment       0x0000000000000000       0x12 fs/symlink.32
 .group         0x0000000000000000        0xc fs/vfs.32
 .group         0x0000000000000000        0xc fs/vfs.32
 .group         0x0000000000000000        0xc fs/vfs.32
 .comment       0x0000000000000000       0x12 fs/vfs.32
 .group         0x0000000000000000        0xc hal/bus.32
 .comment       0x0000000000000000       0x12 hal/bus.32
 .comment       0x0000000000000000       0x12 hal/buzzer.32
 .group         0x0000000000000000        0xc hal/clock.32
 .comment       0x0000000000000000       0x12 hal/clock.32
 .group         0x0000000000000000       0x14 hal/device.32
 .group         0x0000000000000000        0xc hal/device.32
 .group         0x0000000000000000        0x8 hal/device.32
 .group         0x0000000000000000        0xc hal/device.32
 .group         0x0000000000000000        0xc hal/device.32
 .comment       0x0000000000000000       0x12 hal/device.32
 .group         0x0000000000000000        0xc hal/diskctrl.32
 .comment       0x0000000000000000       0x12 hal/diskctrl.32
 .group         0x0000000000000000        0xc hal/diskphys.32
 .comment       0x0000000000000000       0x12 hal/diskphys.32
 .comment       0x0000000000000000       0x12 hal/fpu.32
 .comment       0x0000000000000000       0x12 hal/intctrl.32
 .group         0x0000000000000000        0xc hal/keybrd.32
 .comment       0x0000000000000000       0x12 hal/keybrd.32
 .group         0x0000000000000000        0xc hal/logidisk.32
[...]
Memory Configuration

Name             Origin             Length             Attributes
*default*        0x0000000000000000 0xffffffffffffffff

Linker script and memory map

LOAD D:/Users/Alex/Desktop/Banana/kernel/boot.32
LOAD crti.32
LOAD /cygdrive/d/Users/Alex/Desktop/Toolchain/Output/bin/../lib/gcc/i386-banana/8.1.0/crtbegin.o
LOAD D:/Users/Alex/Desktop/Banana/kernel/morenasm.32
LOAD acpica/utclib.32
LOAD core/malloc.32
LOAD libk/ctype.32
LOAD libk/string.32
LOAD arch/i386/cc.32
LOAD fs/fat/diskio.32
LOAD fs/fat/ff.32
LOAD fs/fat/ffsystem.32
LOAD fs/fat/ffunicode.32
LOAD fs/iso9660/iso9660.32
LOAD core/computer.32
LOAD core/gdt.32
LOAD core/idle.32
LOAD core/idt.32
LOAD core/kheap.32
LOAD core/main.32
LOAD core/physmgr.32
LOAD core/pipe.32
LOAD core/terminal.32
LOAD core/tss.32
LOAD core/unixfile.32
LOAD core/virtmgr.32
LOAD coreobjs/c++.32
LOAD dbg/kconsole.32
LOAD dbg/usban.32
LOAD fs/symlink.32
LOAD fs/vfs.32
LOAD hal/bus.32
LOAD hal/buzzer.32
LOAD hal/clock.32
LOAD hal/device.32
LOAD hal/diskctrl.32
LOAD hal/diskphys.32
LOAD hal/fpu.32
LOAD hal/intctrl.32
LOAD hal/keybrd.32
LOAD hal/logidisk.32
LOAD hal/mouse.32
LOAD hal/nic.32
LOAD hal/partition.32
LOAD hal/serial.32
LOAD hal/timer.32
LOAD hal/vcache.32
LOAD hal/video.32
LOAD hw/acpi.32
LOAD hw/cpu.32
LOAD krnl/atexit.32
LOAD krnl/bootmsg.32
LOAD krnl/cdefs.32
LOAD krnl/compat.32
LOAD krnl/crc32.32
LOAD krnl/env.32
LOAD krnl/inlines.32
LOAD krnl/mailbox.32
LOAD krnl/mutex.32
LOAD krnl/panic.32
LOAD krnl/powctrl.32
LOAD krnl/random.32
LOAD krnl/resolve.32
LOAD krnl/semaphore.32
LOAD krnl/signal.32
LOAD krnl/syscalls.32
LOAD reg/cm.32
LOAD reg/registry.32
LOAD sys/eject.32
LOAD sys/exit.32
LOAD sys/getcwd.32
LOAD sys/getpid.32
LOAD sys/getramdata.32
LOAD sys/getvgaptr.32
LOAD sys/kill.32
LOAD sys/loaddll.32
LOAD sys/read.32
LOAD sys/registersignal.32
LOAD sys/registry.32
LOAD sys/sbrk.32
LOAD sys/setcwd.32
LOAD sys/settime.32
LOAD sys/symlink.32
LOAD sys/timezone.32
LOAD sys/truncate.32
LOAD sys/write.32
LOAD sys/wsbe.32
LOAD sys/yield.32
LOAD thr/elf.32
LOAD thr/exec.32
LOAD thr/prcssthr.32
LOAD vm86/vm8086.32
LOAD arch/i386/hal.32
LOAD arch/i386/pic.32
LOAD arch/i386/rtc.32
LOAD arch/i386/vga.32
LOAD fs/fat/vfslink.32
LOAD fs/iso9660/helper.32
LOAD fs/iso9660/vfslink.32
LOAD hal/sound/sndcard.32
LOAD hal/sound/sndport.32
LOAD hw/bus/isa.32
LOAD hw/bus/pci.32
LOAD hw/diskctrl/ide.32
LOAD hw/diskctrl/satabus.32
LOAD hw/diskphys/ata.32
LOAD hw/diskphys/atapi.32
LOAD hw/diskphys/sata.32
LOAD hw/diskphys/satapi.32
LOAD hw/intctrl/apic.32
LOAD hw/timer/apictimer.32
LOAD hw/timer/pit.32
LOAD arch/i386/avx.32
LOAD arch/i386/interrupt.32
LOAD arch/i386/rdrand.32
LOAD arch/i386/sse.32
LOAD arch/i386/x87.32
LOAD /cygdrive/d/Users/Alex/Desktop/Toolchain/Output/bin/../lib/gcc/i386-banana/8.1.0/crtend.o
LOAD crtn.32
LOAD /cygdrive/d/Users/Alex/Desktop/Toolchain/Output/bin/../lib/gcc/i386-banana/8.1.0/libkgcc.a
LOAD D:/Users/Alex/Desktop/Banana/kernel/libsoftfp.a
LOAD D:/Users/Alex/Desktop/Banana/kernel/libk/libm32.a
                0x00000000c0000000                . = 0xc0000000

.text           0x00000000c0000000    0x205aa
 *(.text)
 .text          0x00000000c0000000       0x20 D:/Users/Alex/Desktop/Banana/kernel/boot.32
 .text          0x00000000c0000020        0x0 crti.32
 .text          0x00000000c0000020      0x101 /cygdrive/d/Users/Alex/Desktop/Toolchain/Output/bin/../lib/gcc/i386-banana/8.1.0/crtbegin.o
 *fill*         0x00000000c0000121        0xf 
 .text          0x00000000c0000130      0x24f D:/Users/Alex/Desktop/Banana/kernel/morenasm.32
                0x00000000c0000130                manualPCIProbe
                0x00000000c000017b                prepareTramp
                0x00000000c0000194                doTPAUSE
                0x00000000c000019e                hasLegacyFPU
                0x00000000c00001c3                is486
                0x00000000c00001f9                detectCPUID
                0x00000000c000020f                goToVM86
                0x00000000c000023f                goToUsermode
                0x00000000c0000269                switchToThreadASMFirstTime
                0x00000000c0000277                switchToThreadASM
                0x00000000c00002fc                asmQuickAcquireLock
                0x00000000c000031a                asmQuickReleaseLock
                0x00000000c0000326                asmAcquireLock
                0x00000000c0000347                asmReleaseLock
                0x00000000c000035a                loadGDT
                0x00000000c000037a                memcpy
 *fill*         0x00000000c000037f        0x1 
 .text          0x00000000c0000380      0x868 acpica/utclib.32
                0x00000000c0000380                memcmp
                0x00000000c00003d0                memmove
                0x00000000c00004f0                memset
                0x00000000c0000570                strlen
                0x00000000c00005a0                strpbrk
                0x00000000c00005f0                strtok
                0x00000000c0000640                strcpy
                0x00000000c0000680                strncpy
                0x00000000c0000750                strcmp
                0x00000000c00007a0                strchr
                0x00000000c00007e0                strncmp
                0x00000000c0000840                strcat
                0x00000000c0000870                strncat
                0x00000000c00008d0                strstr
                0x00000000c0000930                toupper
                0x00000000c0000950                tolower
                0x00000000c0000970                simple_strtoul
 .text          0x00000000c0000be8     0x1140 core/malloc.32
                0x00000000c0000d53                dlfree
                0x00000000c000121a                dlmalloc
                0x00000000c0001757                dlrealloc
                0x00000000c0001934                dlmemalign
                0x00000000c0001a57                dlcalloc
                0x00000000c0001ae8                dlcfree
                0x00000000c0001aed                dlindependent_calloc
                0x00000000c0001b12                dlindependent_comalloc
                0x00000000c0001b29                dlvalloc
                0x00000000c0001b54                dlpvalloc
                0x00000000c0001b8a                dlmalloc_trim
                0x00000000c0001b97                dlmalloc_usable_size
                0x00000000c0001bc8                dlmallinfo
                0x00000000c0001c97                dlmalloc_stats
                0x00000000c0001ca8                dlmallopt
 .text          0x00000000c0001d28      0x1f2 libk/ctype.32
                0x00000000c0001d28                isblank
                0x00000000c0001d48                iscntrl
                0x00000000c0001d68                isdigit
                0x00000000c0001d84                islower
                0x00000000c0001da0                isspace
                0x00000000c0001dc8                isupper
                0x00000000c0001de4                isalpha
                0x00000000c0001e14                isalnum
                0x00000000c0001e44                ispunct
                0x00000000c0001e84                isgraph
                0x00000000c0001eb4                isprint
                0x00000000c0001edc                isxdigit
 .text          0x00000000c0001f1a        0x0 libk/string.32
 *fill*         0x00000000c0001f1a        0x2 
 .text          0x00000000c0001f1c       0x53 arch/i386/cc.32
                0x00000000c0001f1c                LWIP_PLATFORM_HTONS
                0x00000000c0001f40                LWIP_PLATFORM_HTONL
 .text          0x00000000c0001f6f       0x51 fs/fat/diskio.32
                0x00000000c0001f6f                disk_status
                0x00000000c0001f72                disk_initialize
                0x00000000c0001f75                disk_read
                0x00000000c0001f8b                disk_write
                0x00000000c0001fa1                disk_ioctl
 .text          0x00000000c0001fc0     0x3e46 fs/fat/ff.32
                0x00000000c0003de1                f_mount
                0x00000000c0003e43                f_open
                0x00000000c0004106                f_read
                0x00000000c0004305                f_write
                0x00000000c000454d                f_sync
                0x00000000c0004612                f_close
                0x00000000c0004641                f_lseek
                0x00000000c00047f2                f_opendir
                0x00000000c00048bd                f_closedir
                0x00000000c00048df                f_readdir
                0x00000000c0004971                f_stat
                0x00000000c00049f0                f_getfree
                0x00000000c0004af9                f_truncate
                0x00000000c0004be3                f_unlink
                0x00000000c0004d05                f_mkdir
                0x00000000c0004ea0                f_rename
                0x00000000c0005058                f_chmod
                0x00000000c0005108                f_utime
                0x00000000c00051b8                f_getlabel
                0x00000000c0005309                f_setlabel
                0x00000000c0005499                f_expand
                0x00000000c0005606                f_mkfs
 *fill*         0x00000000c0005e06        0x2 
 .text          0x00000000c0005e08       0x2f fs/fat/ffsystem.32
                0x00000000c0005e08                ff_memalloc
                0x00000000c0005e20                ff_memfree
 *fill*         0x00000000c0005e37        0x1 
 .text          0x00000000c0005e38      0x2dc fs/fat/ffunicode.32
                0x00000000c0005e38                ff_uni2oem
                0x00000000c0005ed8                ff_oem2uni
                0x00000000c0005f50                ff_wtoupper
 .text          0x00000000c0006114      0xd32 fs/iso9660/iso9660.32
                0x00000000c000635f                isoReadDiscSector
                0x00000000c00063fa                strnicmp
                0x00000000c00066a9                stricmp
                0x00000000c00066f5                iso_open
                0x00000000c000677f                iso_close
                0x00000000c000679d                iso_read
                0x00000000c00068b3                iso_seek
                0x00000000c0006937                iso_tell
                0x00000000c0006968                iso_total
                0x00000000c0006993                fn_postprocess
                0x00000000c00069ba                iso_readdir
                0x00000000c0006c11                iso_reset
                0x00000000c0006c2e                init_percd
                0x00000000c0006d28                iso_ioctl
                0x00000000c0006d40                fs_iso9660_init
                0x00000000c0006dd6                fs_iso9660_shutdown
 .text          0x00000000c0006e46      0x635 core/computer.32
                0x00000000c0006e46                Computer::close(int, int, void*)
                0x00000000c0006e94                KeFirstTask()
                0x00000000c0006f6e                Computer::Computer()
                0x00000000c0006f6e                Computer::Computer()
                0x00000000c000701e                Computer::setBootMessage(char const*)
                0x00000000c0007020                Computer::detectFeatures()
                0x00000000c0007246                Computer::displayFeatures()
                0x00000000c0007248                Computer::rdmsr(unsigned int)
                0x00000000c0007274                Computer::wrmsr(unsigned int, unsigned long long)
                0x00000000c00072b0                Computer::shutdown()
                0x00000000c00072c8                Computer::restart()
                0x00000000c00072e0                Computer::sleep()
                0x00000000c00072f4                Computer::nmiEnabled()
                0x00000000c0007300                Computer::readCMOS(unsigned char)
                0x00000000c000731e                Computer::enableNMI(bool)
                0x00000000c0007336                Computer::open(int, int, void*)
                0x00000000c00073dc                Computer::disableNMI()
                0x00000000c00073ec                Computer::writeCMOS(unsigned char, unsigned char)
                0x00000000c0007410                Computer::handleNMI()
 *fill*         0x00000000c000747b        0x1 
 .text          0x00000000c000747c      0x1db core/gdt.32
                0x00000000c000747c                GDTEntry::setBase(unsigned int)
                0x00000000c0007498                GDTEntry::setLimit(unsigned int)
                0x00000000c00074b6                GDT::GDT()
                0x00000000c00074b6                GDT::GDT()
                0x00000000c00074cc                GDT::addEntry(GDTEntry)
                0x00000000c00074ee                GDT::getNumberOfEntries()
                0x00000000c00074f6                GDT::flush()
                0x00000000c0007518                GDT::setup()
 .text          0x00000000c0007657       0x1d core/idle.32
                0x00000000c0007657                idleFunction(void*)
 .text          0x00000000c0007674      0x46c core/idt.32
                0x00000000c0007674                IDTEntry::IDTEntry(bool)
                0x00000000c0007674                IDTEntry::IDTEntry(bool)
                0x00000000c00076ee                IDTEntry::setOffset(unsigned int)
                0x00000000c0007704                IDT::IDT()
                0x00000000c0007704                IDT::IDT()
                0x00000000c0007706                IDT::getPointerToInvalidOpcodeEntryForF00F()
                0x00000000c000770e                IDT::addEntry(IDTEntry, int)
                0x00000000c0007728                IDT::addEntry(int, void (*)(), bool)
                0x00000000c0007760                IDT::flush()
                0x00000000c000777a                IDT::setup()
 .text          0x00000000c0007ae0      0x205 core/kheap.32
                0x00000000c0007ae0                sbrk
                0x00000000c0007b77                sbrk_thunk
                0x00000000c0007bad                mmap
                0x00000000c0007c0b                munmap
                0x00000000c0007c20                liballoc_lock()
                0x00000000c0007c2e                liballoc_unlock()
                0x00000000c0007c44                liballoc_alloc(int)
                0x00000000c0007c5c                liballoc_free(void*, int)
                0x00000000c0007c77                realloc
                0x00000000c0007c8b                malloc
                0x00000000c0007c9b                free
                0x00000000c0007cab                rfree
                0x00000000c0007cbb                calloc
 .text          0x00000000c0007ce5       0xc7 core/main.32
                0x00000000c0007ce5                KeEntryPoint
 .text          0x00000000c0007dac      0x644 core/physmgr.32
                0x00000000c0007dac                Phys::allocateDMA(unsigned long)
                0x00000000c0007e94                Phys::freeDMA(unsigned long, unsigned long)
                0x00000000c0007ecf                Phys::setPageState(unsigned long, bool)
                0x00000000c0007f0f                Phys::getPageState(unsigned long)
                0x00000000c0007f2b                Phys::freePage(unsigned long)
                0x00000000c0007f94                Phys::allocatePage()
                0x00000000c0008063                Phys::allocateContiguousPages(int)
                0x00000000c00080ca                Phys::allowSegmentToBeUsed(unsigned long, unsigned long)
                0x00000000c0008102                Phys::physicalMemorySetup(unsigned int)
 .text          0x00000000c00083f0      0x273 core/pipe.32
                0x00000000c00083f0                Pipe::isAtty()
                0x00000000c00083f4                Pipe::~Pipe()
                0x00000000c00083f4                Pipe::~Pipe()
                0x00000000c0008418                Pipe::~Pipe()
                0x00000000c0008440                Pipe::write(unsigned long long, void*, int*)
                0x00000000c0008500                Pipe::read(unsigned long long, void*, int*)
                0x00000000c00085fc                Pipe::Pipe(int)
                0x00000000c00085fc                Pipe::Pipe(int)
 *fill*         0x00000000c0008663        0x1 
 .text          0x00000000c0008664      0xab3 core/terminal.32
                0x00000000c0008664                VgaText::isAtty()
                0x00000000c0008668                VgaText::~VgaText()
                0x00000000c0008668                VgaText::~VgaText()
                0x00000000c000868c                VgaText::~VgaText()
                0x00000000c00086b6                VgaText::read(unsigned long long, void*, int*)
                0x00000000c00086d6                setTerminalScrollLock(bool)
                0x00000000c00086d7                doTerminalCycle()
                0x00000000c00086d8                addToTerminalCycle(VgaText*)
                0x00000000c00086d9                scrollTerminalScrollLock(int)
                0x00000000c00086da                VgaText::updateTitle()
                0x00000000c00086dc                VgaText::load()
                0x00000000c00086de                VgaText::updateCursor()
                0x00000000c00086f4                VgaText::doANSI_SGR(int)
                0x00000000c0008768                VgaText::setDefaultBgColour(VgaColour)
                0x00000000c0008778                VgaText::setDefaultFgColour(VgaColour)
                0x00000000c0008788                VgaText::setDefaultColours(VgaColour, VgaColour)
                0x00000000c00087a8                VgaText::setTitleTextColour(VgaColour)
                0x00000000c00087b4                VgaText::setTitleColour(VgaColour)
                0x00000000c00087c0                VgaText::setTitle(char*)
                0x00000000c00087c2                VgaText::combineColours(unsigned char, unsigned char)
                0x00000000c00087d4                VgaText::scrollScreen()
                0x00000000c0008866                VgaText::combineCharAndColour(char, unsigned char)
                0x00000000c0008876                VgaText::writeCharacter(char, VgaColour, VgaColour, int, int)
                0x00000000c0008906                VgaText::getCursorX()
                0x00000000c000890e                VgaText::getCursorY()
                0x00000000c0008916                VgaText::setCursor(int, int)
                0x00000000c000892d                setActiveTerminal(VgaText*)
                0x00000000c0008978                VgaText::clearScreen()
                0x00000000c00089c6                VgaText::setCursorX(int)
                0x00000000c00089de                VgaText::setCursorY(int)
                0x00000000c00089f6                VgaText::incrementCursor(bool)
                0x00000000c0008a4a                VgaText::decrementCursor(bool)
                0x00000000c0008a6c                VgaText::putchar(char, VgaColour, VgaColour)
                0x00000000c0008b3c                VgaText::putchar(char)
                0x00000000c0008c34                VgaText::putx(unsigned int)
                0x00000000c0008c7a                VgaText::puts(char const*)
                0x00000000c0008ca0                VgaText::write(unsigned long long, void*, int*)
                0x00000000c0008cec                VgaText::puts(char const*, VgaColour, VgaColour)
                0x00000000c0008e3a                VgaText::VgaText(char const*)
                0x00000000c0008e3a                VgaText::VgaText(char const*)
                0x00000000c0008f8a                VgaText::receiveKey(unsigned char)
                0x00000000c0009116                VgaText::doUpdate()
 *fill*         0x00000000c0009117        0x1 
 .text          0x00000000c0009118      0x1a1 core/tss.32
                0x00000000c0009118                TSS::TSS()
                0x00000000c0009118                TSS::TSS()
                0x00000000c0009128                TSS::setESP(unsigned long)
                0x00000000c000913c                TSS::flush()
                0x00000000c000915c                TSS::setup(unsigned long, unsigned long)
 *fill*         0x00000000c00092b9        0x1 
 .text          0x00000000c00092ba      0x4ca core/unixfile.32
                0x00000000c00092ba                ReservedFilename::read(unsigned long long, void*, int*)
                0x00000000c0009310                ReservedFilename::isAtty()
                0x00000000c000932c                ReservedFilename::write(unsigned long long, void*, int*)
                0x00000000c000938a                UnixFile::getFileDescriptor()
                0x00000000c0009392                UnixFile::UnixFile(int)
                0x00000000c0009392                UnixFile::UnixFile(int)
                0x00000000c0009546                ReservedFilename::ReservedFilename(int)
                0x00000000c0009546                ReservedFilename::ReservedFilename(int)
                0x00000000c0009578                UnixFile::~UnixFile()
                0x00000000c0009578                UnixFile::~UnixFile()
                0x00000000c0009614                UnixFile::~UnixFile()
                0x00000000c000963c                ReservedFilename::~ReservedFilename()
                0x00000000c000963c                ReservedFilename::~ReservedFilename()
                0x00000000c0009660                ReservedFilename::~ReservedFilename()
                0x00000000c0009687                KeGetFileFromDescriptor(int)
 .text          0x00000000c0009784     0x1210 core/virtmgr.32
                0x00000000c0009784                Virt::setPageState(unsigned long, Virt::VirtPageState)
                0x00000000c00097be                Virt::getPageState(unsigned long)
                0x00000000c00097e1                Virt::allocateKernelVirtualPages(int)
                0x00000000c0009906                Virt::freeSwapfilePage(unsigned long)
                0x00000000c0009929                Virt::swapIDToSector(unsigned long)
                0x00000000c000993f                Virt::allocateSwapfilePage()
                0x00000000c00099bf                Virt::virtualMemorySetup()
                0x00000000c0009a10                Virt::setupPageSwapping(int)
                0x00000000c0009a82                VAS::setCPUSpecific(unsigned long)
                0x00000000c0009a84                VAS::VAS(VAS*)
                0x00000000c0009a84                VAS::VAS(VAS*)
                0x00000000c0009a9c                VAS::getForeignPageTableEntry(bool, unsigned long)
                0x00000000c0009aca                VAS::getPageTableEntry(unsigned long)
                0x00000000c0009ae9                Virt::freeKernelVirtualPages(unsigned long)
                0x00000000c0009c26                VAS::freeAllocatedPages(unsigned long)
                0x00000000c0009c4a                VAS::virtualToPhysical(unsigned long)
                0x00000000c0009c64                VAS::reflagRange(unsigned long, int, unsigned long, unsigned long)
                0x00000000c0009ca6                VAS::VAS()
                0x00000000c0009ca6                VAS::VAS()
                0x00000000c0009d10                VAS::setToWriteCombining(unsigned long, int)
                0x00000000c0009d44                VAS::mapOtherVASIn(bool, VAS*)
                0x00000000c0009d70                VAS::~VAS()
                0x00000000c0009d70                VAS::~VAS()
                0x00000000c0009ede                VAS::mapPage(unsigned long, unsigned long, int)
                0x00000000c0009fe2                VAS::allocatePages(int, int)
                0x00000000c000a0d8                VAS::mapRange(unsigned long, unsigned long, int, int)
                0x00000000c000a130                VAS::mapForeignPage(bool, VAS*, unsigned long, unsigned long, int)
                0x00000000c000a226                VAS::VAS(bool)
                0x00000000c000a226                VAS::VAS(bool)
                0x00000000c000a470                VAS::evict(unsigned long)
                0x00000000c000a54e                VAS::tryLoadBackOffDisk(unsigned long)
                0x00000000c000a6f6                VAS::allocateSharedMemoryWithKernel(unsigned long, unsigned long*)
                0x00000000c000a76a                VAS::freeSharedMemoryWithKernel(unsigned long, unsigned long)
                0x00000000c000a796                VAS::scanForEviction()
                0x00000000c000a899                mapVASFirstTime
 .text          0x00000000c000a994       0x5f coreobjs/c++.32
                0x00000000c000a994                __cxa_atexit
                0x00000000c000a997                __cxa_finalize
                0x00000000c000a998                __stack_chk_fail
                0x00000000c000a9ce                __cxa_pure_virtual
                0x00000000c000a9df                operator new[](unsigned long)
                0x00000000c000a9e4                operator delete(void*, unsigned long)
                0x00000000c000a9e9                operator delete[](void*)
                0x00000000c000a9ee                operator delete[](void*, unsigned long)
 .text          0x00000000c000a9f3      0x254 dbg/kconsole.32
                0x00000000c000a9f3                Dbg::stringifyxWithBase(unsigned int, char*, int)
                0x00000000c000aa93                Dbg::logc(char)
                0x00000000c000aab3                Dbg::logs(char*)
                0x00000000c000aad2                Dbg::logWriteInt(unsigned int)
                0x00000000c000aaf0                Dbg::logWriteIntBase(unsigned int, int)
                0x00000000c000ab11                Dbg::kprintf(char const*, ...)
 *fill*         0x00000000c000ac47        0x1 
 .text          0x00000000c000ac48      0x2d4 dbg/usban.32
                0x00000000c000ac48                KiUbsanPrintDetails(char const*, void*)
                0x00000000c000acb4                __ubsan_handle_type_mismatch_v1
                0x00000000c000ad90                __ubsan_handle_pointer_overflow
                0x00000000c000adbc                __ubsan_handle_out_of_bounds
                0x00000000c000ade8                __ubsan_handle_add_overflow
                0x00000000c000ae14                __ubsan_handle_load_invalid_value
                0x00000000c000ae40                __ubsan_handle_divrem_overflow
                0x00000000c000ae6c                __ubsan_handle_mul_overflow
                0x00000000c000ae98                __ubsan_handle_sub_overflow
                0x00000000c000aec4                __ubsan_handle_shift_out_of_bounds
                0x00000000c000aef0                __ubsan_handle_negate_overflow
 .text          0x00000000c000af1c      0x814 fs/symlink.32
                0x00000000c000b06b                KiDeinitialiseSymlinks(void*)
                0x00000000c000b0fe                KeRegisterSymlink(char const*, unsigned long long)
                0x00000000c000b181                KeInitialiseSymlinks()
                0x00000000c000b2e3                KiIsSymlinkRegistered(char const*)
                0x00000000c000b44d                KeDereferenceSymlink(char const*, char*)
                0x00000000c000b5f4                KeCreateSymlink(char const*, char const*)
 .text          0x00000000c000b730      0xd68 fs/vfs.32
                0x00000000c000b730                File::read(unsigned long long, void*, int*)
                0x00000000c000b788                File::write(unsigned long long, void*, int*)
                0x00000000c000b7e0                Directory::read(unsigned long long, void*, int*)
                0x00000000c000b838                Directory::write(unsigned long long, void*, int*)
                0x00000000c000b866                File::isAtty()
                0x00000000c000b86a                Directory::isAtty()
                0x00000000c000b86e                Filesystem::getlabel(LogicalDisk*, int, char*, unsigned int*)
                0x00000000c000b874                Filesystem::setlabel(LogicalDisk*, int, char*)
                0x00000000c000b87a                Filesystem::allocateSwapfile(char const*, int)
                0x00000000c000b880                File::~File()
                0x00000000c000b880                File::~File()
                0x00000000c000b8a4                File::~File()
                0x00000000c000b8ce                Directory::~Directory()
                0x00000000c000b8ce                Directory::~Directory()
                0x00000000c000b8f2                Directory::~Directory()
                0x00000000c000b91c                Filesystem::Filesystem()
                0x00000000c000b91c                Filesystem::Filesystem()
                0x00000000c000b940                Filesystem::~Filesystem()
                0x00000000c000b940                Filesystem::~Filesystem()
                0x00000000c000b94e                Filesystem::~Filesystem()
                0x00000000c000b972                Fs::getcwd(Process*, char*, int)
                0x00000000c000b99c                Fs::initVFS()
                0x00000000c000b9c6                Fs::standardiseFiles(char*, char const*, char const*, bool)
                0x00000000c000bbe0                File::File(char const*, Process*, bool)
                0x00000000c000bbe0                File::File(char const*, Process*, bool)
                0x00000000c000bcbe                File::File(char const*, Process*)
                0x00000000c000bcbe                File::File(char const*, Process*)
                0x00000000c000bcdc                File::open(FileOpenMode)
                0x00000000c000bd3a                File::close()
                0x00000000c000bd9a                File::seek(unsigned long long)
                0x00000000c000bdf0                File::truncate(unsigned long long)
                0x00000000c000be46                File::tell(unsigned long long*)
                0x00000000c000be96                File::rewind()
                0x00000000c000beaa                File::unlink()
                0x00000000c000bef6                File::rename(char const*)
                0x00000000c000bf44                File::chfatattr(unsigned char, unsigned char)
                0x00000000c000bfa0                File::exists()
                0x00000000c000bfde                File::stat(unsigned long long*, bool*)
                0x00000000c000c03f                Fs::setcwd(Process*, char*)
                0x00000000c000c19e                Directory::Directory(char const*, Process*)
                0x00000000c000c19e                Directory::Directory(char const*, Process*)
                0x00000000c000c266                Directory::open()
                0x00000000c000c2c2                Directory::close()
                0x00000000c000c322                Directory::unlink()
                0x00000000c000c36e                Directory::rename(char const*)
                0x00000000c000c3bc                Directory::exists()
                0x00000000c000c3fa                Directory::read(dirent*)
                0x00000000c000c446                Directory::create()
                0x00000000c000c492                Filesystem::chfatattr(char const*, unsigned char, unsigned char)
 .text          0x00000000c000c498       0x86 hal/bus.32
                0x00000000c000c498                Bus::Bus(char const*)
                0x00000000c000c498                Bus::Bus(char const*)
                0x00000000c000c4d0                Bus::~Bus()
                0x00000000c000c4d0                Bus::~Bus()
                0x00000000c000c4f4                Bus::~Bus()
 .text          0x00000000c000c51e       0x96 hal/buzzer.32
                0x00000000c000c51e                beepThread(void*)
                0x00000000c000c55b                Krnl::beep(int, int, bool)
 .text          0x00000000c000c5b4      0x513 hal/clock.32
                0x00000000c000c5b4                User::loadClockSettings()
                0x00000000c000c6ba                Clock::Clock(char const*)
                0x00000000c000c6ba                Clock::Clock(char const*)
                0x00000000c000c6f0                Clock::~Clock()
                0x00000000c000c6f0                Clock::~Clock()
                0x00000000c000c714                Clock::~Clock()
                0x00000000c000c73e                Clock::timeInSecondsLocal()
                0x00000000c000c786                Clock::setTimeInSecondsLocal(unsigned long long)
                0x00000000c000c7df                datetimeToSeconds(datetime_t)
                0x00000000c000c8fe                Clock::setTimeInDatetimeLocal(datetime_t)
                0x00000000c000c95e                secondsToDatetime(unsigned long long)
                0x00000000c000caa2                Clock::timeInDatetimeLocal()
 *fill*         0x00000000c000cac7        0x1 
 .text          0x00000000c000cac8      0x47a hal/device.32
                0x00000000c000cac8                Device::hibernate()
                0x00000000c000caca                Device::wake()
                0x00000000c000cacc                Device::detect()
                0x00000000c000cace                Device::disableLegacy()
                0x00000000c000cad0                Device::powerSaving(PowerSavingLevel)
                0x00000000c000cad2                DriverlessDevice::close(int, int, void*)
                0x00000000c000cad6                DriverlessDevice::detect()
                0x00000000c000cad8                DriverlessDevice::open(int, int, void*)
                0x00000000c000caec                Device::~Device()
                0x00000000c000caec                Device::~Device()
                0x00000000c000cafa                Device::~Device()
                0x00000000c000cb22                Device::findAndLoadDriver()
                0x00000000c000cb30                Device::preOpenPCI(PCIDeviceInfo)
                0x00000000c000cb56                Device::preOpenACPI(void*, char*, char*)
                0x00000000c000cb96                Device::addIRQHandler(int, void (*)(regs*, void*), bool, void*)
                0x00000000c000cbc0                Device::getParent()
                0x00000000c000cbcc                Device::removeIRQHandler(int, void (*)(regs*, void*), bool)
                0x00000000c000cbea                Device::addChild(Device*)
                0x00000000c000cc2e                Device::removeAllChildren()
                0x00000000c000cc74                Device::hibernateAll()
                0x00000000c000cca4                Device::wakeAll()
                0x00000000c000ccd4                Device::detectAll()
                0x00000000c000cd04                Device::disableLegacyAll()
                0x00000000c000cd06                Device::loadDriversForAll()
                0x00000000c000cd08                Device::powerSavingAll(PowerSavingLevel)
                0x00000000c000cd3e                Device::setName(char const*)
                0x00000000c000cd4c                Device::Device(char const*)
                0x00000000c000cd4c                Device::Device(char const*)
                0x00000000c000ce48                Device::getName()
                0x00000000c000ce52                Device::closeAll()
                0x00000000c000ce9e                DriverlessDevice::DriverlessDevice(char const*)
                0x00000000c000ce9e                DriverlessDevice::DriverlessDevice(char const*)
                0x00000000c000ced4                Device::addToLinkedList(LinkedList<Device>&, DeviceType)
                0x00000000c000cf18                getDevicesOfType(DeviceType)
 *fill*         0x00000000c000cf42        0x2 
 .text          0x00000000c000cf44       0x86 hal/diskctrl.32
                0x00000000c000cf44                HardDiskController::HardDiskController(char const*)
                0x00000000c000cf44                HardDiskController::HardDiskController(char const*)
                0x00000000c000cf7c                HardDiskController::~HardDiskController()
                0x00000000c000cf7c                HardDiskController::~HardDiskController()
                0x00000000c000cfa0                HardDiskController::~HardDiskController()
 .text          0x00000000c000cfca       0xe2 hal/diskphys.32
                0x00000000c000cfca                PhysicalDisk::eject()
                0x00000000c000cfce                PhysicalDisk::PhysicalDisk(char const*, int)
                0x00000000c000cfce                PhysicalDisk::PhysicalDisk(char const*, int)
                0x00000000c000d036                PhysicalDisk::startCache()
                0x00000000c000d05e                PhysicalDisk::~PhysicalDisk()
                0x00000000c000d05e                PhysicalDisk::~PhysicalDisk()
                0x00000000c000d082                PhysicalDisk::~PhysicalDisk()
 .text          0x00000000c000d0ac        0x0 hal/fpu.32
 .text          0x00000000c000d0ac      0x359 hal/intctrl.32
                0x00000000c000d0ac                int_handler
                0x00000000c000d136                installISRHandler(int, void (*)(regs*, void*), void*)
                0x00000000c000d180                installIRQHandler(int, void (*)(regs*, void*), bool, void*)
                0x00000000c000d2b4                uninstallISRHandler(int, void (*)(regs*, void*))
                0x00000000c000d2e8                uninstallIRQHandler(int, void (*)(regs*, void*), bool)
                0x00000000c000d366                setupINTS()
                0x00000000c000d3c3                convertLegacyIRQNumber(int)
 *fill*         0x00000000c000d405        0x1 
 .text          0x00000000c000d406      0x8bc hal/keybrd.32
                0x00000000c000d406                startGUI(void*)
                0x00000000c000d470                startGUIVESA(void*)
                0x00000000c000d4da                sendKeyToTerminal(unsigned char)
                0x00000000c000d5b5                sendKeyboardToken(KeyboardToken)
                0x00000000c000da71                clearInternalKeybuffer(VgaText*)
                0x00000000c000daa6                readKeyboard(VgaText*, char*, unsigned long)
                0x00000000c000dc38                Keyboard::Keyboard(char const*)
                0x00000000c000dc38                Keyboard::Keyboard(char const*)
                0x00000000c000dc74                Keyboard::~Keyboard()
                0x00000000c000dc74                Keyboard::~Keyboard()
                0x00000000c000dc98                Keyboard::~Keyboard()
 .text          0x00000000c000dcc2      0x3f8 hal/logidisk.32
                0x00000000c000dcc2                LogicalDisk::close(int, int, void*)
                0x00000000c000dcc6                LogicalDisk::~LogicalDisk()
                0x00000000c000dcc6                LogicalDisk::~LogicalDisk()
                0x00000000c000dcea                LogicalDisk::~LogicalDisk()
                0x00000000c000dd14                LogicalDisk::open(int, int, void*)
                0x00000000c000dd28                LogicalDisk::absoluteToRelative(unsigned long long)
                0x00000000c000dd60                LogicalDisk::relativeToAbsolute(unsigned long long)
                0x00000000c000dda6                LogicalDisk::LogicalDisk(char const*, PhysicalDisk*, unsigned long long, unsigned long long)
                0x00000000c000dda6                LogicalDisk::LogicalDisk(char const*, PhysicalDisk*, unsigned long long, unsigned long long)
                0x00000000c000de66                LogicalDisk::assignDriveLetter()
                0x00000000c000df20                LogicalDisk::mount()
                0x00000000c000df68                LogicalDisk::unmount()
                0x00000000c000df78                LogicalDisk::eject()
                0x00000000c000df8c                LogicalDisk::unassignDriveLetter()
                0x00000000c000dfe2                LogicalDisk::read(unsigned long long, int, void*)
                0x00000000c000e04e                LogicalDisk::write(unsigned long long, int, void*)
 *fill*         0x00000000c000e0ba        0x2 
 .text          0x00000000c000e0bc       0x86 hal/mouse.32
                0x00000000c000e0bc                Mouse::Mouse(char const*)
                0x00000000c000e0bc                Mouse::Mouse(char const*)
                0x00000000c000e0f4                Mouse::~Mouse()
                0x00000000c000e0f4                Mouse::~Mouse()
                0x00000000c000e118                Mouse::~Mouse()
 .text          0x00000000c000e142       0x90 hal/nic.32
                0x00000000c000e142                NIC::getMAC()
                0x00000000c000e148                NIC::write(int, unsigned char*, int*)
                0x00000000c000e14e                NIC::NIC(char const*)
                0x00000000c000e14e                NIC::NIC(char const*)
                0x00000000c000e184                NIC::~NIC()
                0x00000000c000e184                NIC::~NIC()
                0x00000000c000e1a8                NIC::~NIC()
 .text          0x00000000c000e1d2      0x33b hal/partition.32
                0x00000000c000e1d2                makePartition(PhysicalDisk*, unsigned long long, unsigned long long)
                0x00000000c000e27a                createPartitionsForDisk(PhysicalDisk*)
 *fill*         0x00000000c000e50d        0x3 
 .text          0x00000000c000e510       0x86 hal/serial.32
                0x00000000c000e510                Serial::Serial(char const*)
                0x00000000c000e510                Serial::Serial(char const*)
                0x00000000c000e548                Serial::~Serial()
                0x00000000c000e548                Serial::~Serial()
                0x00000000c000e56c                Serial::~Serial()
 *fill*         0x00000000c000e596        0x2 
 .text          0x00000000c000e598      0x230 hal/timer.32
                0x00000000c000e598                Timer::Timer(char const*)
                0x00000000c000e598                Timer::Timer(char const*)
                0x00000000c000e5d0                Timer::~Timer()
                0x00000000c000e5d0                Timer::~Timer()
                0x00000000c000e5f4                Timer::~Timer()
                0x00000000c000e61e                Timer::read()
                0x00000000c000e629                setupTimer(int)
                0x00000000c000e664                timerHandler(unsigned int)
 .text          0x00000000c000e7c8      0x444 hal/vcache.32
                0x00000000c000e7c8                VCache::VCache(PhysicalDisk*)
                0x00000000c000e7c8                VCache::VCache(PhysicalDisk*)
                0x00000000c000e938                VCache::invalidateReadBuffer()
                0x00000000c000e948                VCache::writeWriteBuffer()
                0x00000000c000e994                VCache::~VCache()
                0x00000000c000e994                VCache::~VCache()
                0x00000000c000e9ec                VCache::~VCache()
                0x00000000c000ea14                VCache::write(unsigned long long, int, void*)
                0x00000000c000eb08                VCache::read(unsigned long long, int, void*)
 .text          0x00000000c000ec0c      0x70e hal/video.32
                0x00000000c000ec0c                Video::putrect(int, int, int, int, unsigned int)
                0x00000000c000ec58                Video::bitblit(int, int, int, int, int, int, int, unsigned int*)
                0x00000000c000ecc8                Video::blit(unsigned int*, int, int, int, int)
                0x00000000c000ed46                Video::clearScreen(unsigned int)
                0x00000000c000ed7a                Video::putpixel(int, int, unsigned int)
                0x00000000c000ed88                Video::readPixelApprox(int, int)
                0x00000000c000ed9c                Video::Video(char const*)
                0x00000000c000ed9c                Video::Video(char const*)
                0x00000000c000edd2                Video::~Video()
                0x00000000c000edd2                Video::~Video()
                0x00000000c000edf6                Video::~Video()
                0x00000000c000ee20                Video::isMonochrome()
                0x00000000c000ee2c                Video::getWidth()
                0x00000000c000ee38                Video::getHeight()
                0x00000000c000ee44                Video::drawCursor(int, int, unsigned int*, int)
                0x00000000c000ef00                Video::tgaParse(unsigned char*, int, int*, int*)
                0x00000000c000f2aa                Video::putTGA(int, int, unsigned char*, int)
 *fill*         0x00000000c000f31a        0x2 
 .text          0x00000000c000f31c     0x1413 hw/acpi.32
                0x00000000c000f31c                ACPI::close(int, int, void*)
                0x00000000c000f458                findRSDP()
                0x00000000c000f4f0                loadACPITables(unsigned char*)
                0x00000000c000f75c                findRSDT(unsigned char*)
                0x00000000c000f8b4                findDataTable(unsigned char*, char*)
                0x00000000c000f934                scanMADT()
                0x00000000c000fdec                ACPI::ACPI()
                0x00000000c000fdec                ACPI::ACPI()
                0x00000000c000fe40                ACPI::getPCIIRQAssignment(unsigned char, unsigned short, unsigned char)
                0x00000000c000ff3c                ACPI::registerPCIIRQAssignment(void*, unsigned short, unsigned char, unsigned char)
                0x00000000c0010008                ACPI::setScreenBrightnessLevel(void*, int)
                0x00000000c0010010                ACPI::detectPCI()
                0x00000000c0010230                ACPI::writeSimpleBootFlag(SimpleBootFlagTable*)
                0x00000000c0010278                ACPI::sleep()
                0x00000000c0010294                ACPI::open(int, int, void*)
 *fill*         0x00000000c001072f        0x1 
 .text          0x00000000c0010730      0xbc5 hw/cpu.32
                0x00000000c0010730                CPU::close(int, int, void*)
                0x00000000c0010734                CPU::AMD_K6_write_msr(unsigned int, unsigned int, unsigned int, CPU::REGS*)
                0x00000000c0010750                CPU::AMD_K6_read_msr(unsigned int, CPU::REGS*)
                0x00000000c0010768                CPU::AMD_K6_writeback(int, int, int)
                0x00000000c00107dc                CPU::cpuid(int, unsigned long*, unsigned long*, unsigned long*, unsigned long*)
                0x00000000c0010860                CPU::cpuidCheckEDX(unsigned int)
                0x00000000c001088e                CPU::cpuidCheckECX(unsigned int)
                0x00000000c00108bc                CPU::cpuidCheckExtendedEBX(unsigned int)
                0x00000000c00108ea                CPU::cpuidCheckExtendedECX(unsigned int)
                0x00000000c0010918                CPU::CPU()
                0x00000000c0010918                CPU::CPU()
                0x00000000c00109a6                CPU::displayFeatures()
                0x00000000c00109a8                CPU::detectFeatures()
                0x00000000c001107c                CPU::setupSMEP()
                0x00000000c0011088                CPU::setupUMIP()
                0x00000000c0011092                CPU::setupTSC()
                0x00000000c001109c                CPU::setupLargePages()
                0x00000000c00110a6                CPU::setupPAT()
                0x00000000c00110e2                CPU::setupMTRR()
                0x00000000c00110e4                CPU::setupGlobalPages()
                0x00000000c00110ee                CPU::allowUsermodeDataAccess()
                0x00000000c0011100                CPU::prohibitUsermodeDataAccess()
                0x00000000c0011112                CPU::setupSMAP()
                0x00000000c0011120                CPU::setupFeatures()
                0x00000000c00111ec                CPU::open(int, int, void*)
 .text          0x00000000c00112f5       0xb6 krnl/atexit.32
                0x00000000c00112f5                KeInitialiseAtexit()
                0x00000000c0011314                KeRegisterAtexit(void (*)(void*), void*)
                0x00000000c0011348                KeExecuteAtexit()
 .text          0x00000000c00113ab       0x92 krnl/bootmsg.32
                0x00000000c00113ab                KeDisplaySplashScreen()
                0x00000000c00113da                KeSetBootMessage(char const*)
 *fill*         0x00000000c001143d        0x3 
 .text          0x00000000c0011440       0x48 krnl/cdefs.32
                0x00000000c0011440                CUnlockScheduler
                0x00000000c001145c                CLockScheduler
                0x00000000c001146c                CPrintf
 .text          0x00000000c0011488       0x1d krnl/compat.32
                0x00000000c0011488                Krnl::handlePowerButton()
                0x00000000c0011498                Krnl::handleSleepButton()
 .text          0x00000000c00114a5       0x2b krnl/crc32.32
                0x00000000c00114a5                KeCalculateCRC32(unsigned char*, int)
 .text          0x00000000c00114d0      0x5bf krnl/env.32
                0x00000000c00114d0                EnvVarContainer::getEnv(char const*)
                0x00000000c001150e                EnvVarContainer::setEnv(char const*, char const*)
                0x00000000c00115d0                EnvVarContainer::deleteEnv(char const*)
                0x00000000c00115d2                EnvVarContainer::loadFrom(char const*, char const*)
                0x00000000c00117f6                EnvVarContainer::__loadSystem()
                0x00000000c0011810                EnvVarContainer::__loadUser()
                0x00000000c0011812                EnvVarContainer::EnvVarContainer(Process*)
                0x00000000c0011812                EnvVarContainer::EnvVarContainer(Process*)
                0x00000000c0011834                EnvVarContainer::~EnvVarContainer()
                0x00000000c0011834                EnvVarContainer::~EnvVarContainer()
                0x00000000c0011864                KeGetEnv(Process*, char const*)
                0x00000000c00118c9                KeSetEnvSystem(char const*, char const*)
                0x00000000c00118e3                KeSetEnvUser(char const*, char const*)
                0x00000000c0011902                KeSetEnvProcess(Process*, char const*, char const*)
                0x00000000c0011915                KeDeleteEnvSystem(char const*)
                0x00000000c0011916                KeDeleteEnvUser(char const*)
                0x00000000c0011917                KeDeleteEnvProcess(Process*, char const*)
                0x00000000c0011918                KeNewProcessEnv(Process*)
                0x00000000c001193a                KeCopyProcessEnv(Process*, Process*)
                0x00000000c0011986                KeLoadSystemEnv()
                0x00000000c00119b4                KeLoadUserEnv()
                0x00000000c00119da                KeFlushEnv()
                0x00000000c00119db                KeGetProcessTotalEnvCount(Process*)
                0x00000000c00119fb                KeGetProcessEnvPair(Process*, int)
 .text          0x00000000c0011a8f       0x94 krnl/inlines.32
                0x00000000c0011a8f                CPU::current()
                0x00000000c0011a9b                operator new(unsigned long)
                0x00000000c0011aa0                operator delete(void*)
                0x00000000c0011aa5                disableIRQs()
                0x00000000c0011aa7                enableIRQs()
                0x00000000c0011aa9                lockScheduler()
                0x00000000c0011ab1                unlockScheduler()
                0x00000000c0011ac0                lockStuff()
                0x00000000c0011ace                unlockStuff()
                0x00000000c0011b08                Virt::getAKernelVAS()
                0x00000000c0011b0e                __not_memcpy
 *fill*         0x00000000c0011b23        0x1 
 .text          0x00000000c0011b24      0x1e3 krnl/mailbox.32
                0x00000000c0011b24                KeMailboxTryPost(Mailbox*, void*)
                0x00000000c0011b88                KeMailboxTryGet(Mailbox*, void**)
                0x00000000c0011bec                KeMailboxCreate()
                0x00000000c0011c20                KeMailboxPost(Mailbox*, void*)
                0x00000000c0011c88                KeMailboxGet(Mailbox*, void**)
                0x00000000c0011cf0                KeMailboxDestroy(Mailbox*)
 *fill*         0x00000000c0011d07        0x1 
 .text          0x00000000c0011d08       0x1a krnl/mutex.32
                0x00000000c0011d08                Mutex::Mutex()
                0x00000000c0011d08                Mutex::Mutex()
 .text          0x00000000c0011d22        0xc krnl/panic.32
                0x00000000c0011d22                KePanic(char const*)
 .text          0x00000000c0011d2e      0x142 krnl/powctrl.32
                0x00000000c0011d2e                KePowerThread(void*)
                0x00000000c0011d5c                KeChangePowerSettings(PowerSettings)
                0x00000000c0011d72                KeUserIOReceived()
                0x00000000c0011d7d                KeHandlePowerButton()
                0x00000000c0011db2                KeHandleSleepButton()
                0x00000000c0011de7                KeSetupPowerManager()
 .text          0x00000000c0011e70       0x9d krnl/random.32
                0x00000000c0011e70                KeRand()
                0x00000000c0011eb2                KeSeedRand(unsigned int)
                0x00000000c0011edb                KeInitRand()
 *fill*         0x00000000c0011f0d        0x3 
 .text          0x00000000c0011f10      0x1bc krnl/resolve.32
                0x00000000c0011f10                KeResolveCompatibilitySymbol(char*)
 .text          0x00000000c00120cc      0x415 krnl/semaphore.32
                0x00000000c00120cc                Semaphore::Semaphore(int)
                0x00000000c00120cc                Semaphore::Semaphore(int)
                0x00000000c00120fc                Semaphore::tryAcquire()
                0x00000000c00121d8                Semaphore::assertLocked(char const*)
                0x00000000c0012268                Semaphore::acquire(int)
                0x00000000c0012410                Semaphore::acquire()
                0x00000000c001242c                Semaphore::release()
 .text          0x00000000c00124e1      0x322 krnl/signal.32
                0x00000000c00124e1                KiSigKill(int)
                0x00000000c00124f5                KiDefaultSignalHandlerIgnore(int)
                0x00000000c00124f6                KiDefaultSignalHandlerPause(int)
                0x00000000c0012522                KiDefaultSignalHandlerResume(int)
                0x00000000c001254e                KeDeinitSignals(SigHandlerBlock*)
                0x00000000c0012553                KeInitSignals()
                0x00000000c00125a5                KeRegisterSignalHandler(SigHandlerBlock*, int, void (*)(int), unsigned int, int)
                0x00000000c00125db                KeRaiseSignal(SigHandlerBlock*, int)
                0x00000000c0012658                KeCheckSignal(SigHandlerBlock*, int*)
                0x00000000c001274f                KiCheckSignalZ
                0x00000000c0012791                KeCompleteSignal(SigHandlerBlock*, int)
                0x00000000c00127cc                KiFinishSignalZ
 .text          0x00000000c0012803      0xe1d krnl/syscalls.32
                0x00000000c0012803                SysSeekDir(regs*)
                0x00000000c0012808                SysTellDir(regs*)
                0x00000000c001280d                SysVerify(regs*)
                0x00000000c0012817                SysGetArgc(regs*)
                0x00000000c001282b                SysTTYName(regs*)
                0x00000000c0012833                SysFormatDisk(regs*)
                0x00000000c00128aa                SysSetDiskVolumeLabel(regs*)
                0x00000000c00128fe                SysGetDiskVolumeLabel(regs*)
                0x00000000c0012957                SysShutdown(regs*)
                0x00000000c00129b5                SysRealpath(regs*)
                0x00000000c00129f9                SysReadDir(regs*)
                0x00000000c0012a79                SysIsATTY(regs*)
                0x00000000c0012ad3                SysSeek(regs*)
                0x00000000c0012b2a                SysTell(regs*)
                0x00000000c0012b97                SysSize(regs*)
                0x00000000c0012c0a                SysSizeFromFilename(regs*)
                0x00000000c0012d3b                SysSizeFromFilenameNoSymlink(regs*)
                0x00000000c0012e6c                SysClose(regs*)
                0x00000000c0012ecc                SysOpenDir(regs*)
                0x00000000c0012f49                SysMakeDir(regs*)
                0x00000000c0012fb7                SysCloseDir(regs*)
                0x00000000c001300b                SysWait(regs*)
                0x00000000c001302c                SysNotImpl(regs*)
                0x00000000c0013047                SysPanic(regs*)
                0x00000000c0013062                SysRmdir(regs*)
                0x00000000c00130c7                SysUnlink(regs*)
                0x00000000c001312c                SysGetArgv(regs*)
                0x00000000c0013179                SysUSleep(regs*)
                0x00000000c00131a2                SysSpawn(regs*)
                0x00000000c0013215                SysGetEnv(regs*)
                0x00000000c00132c6                SysSetFatAttrib(regs*)
                0x00000000c0013339                SysPipe(regs*)
                0x00000000c001337e                SysGetUnixTime(regs*)
                0x00000000c0013392                string_ends_with(char const*, char const*)
                0x00000000c00133da                SysOpen(regs*)
                0x00000000c00135d1                KeSystemCall(regs*, void*)
 .text          0x00000000c0013620      0xd56 reg/cm.32
                0x00000000c0013620                CmOpen(char const*)
                0x00000000c001373e                CmClose(Reghive_Tag*)
                0x00000000c0013754                CmReadExtent(Reghive_Tag*, int, unsigned char*)
                0x00000000c0013790                CmGetString(Reghive_Tag*, int, char*)
                0x00000000c0013807                CmEnterDirectory(Reghive_Tag*, int)
                0x00000000c0013846                CmGetNext(Reghive_Tag*, int)
                0x00000000c0013878                CmWriteExtent(Reghive_Tag*, int, unsigned char*)
                0x00000000c00138b4                CmFreeExtent(Reghive_Tag*, int)
                0x00000000c00138dc                CmUpdateHeader(Reghive_Tag*)
                0x00000000c00138fd                CmExpand(Reghive_Tag*, int)
                0x00000000c0013978                CmFindUnusedExtent(Reghive_Tag*)
                0x00000000c00139fe                CmCreateExtent(Reghive_Tag*, int, int, unsigned char*)
                0x00000000c0013af2                CmSetString(Reghive_Tag*, int, char const*)
                0x00000000c0013c2e                CmGetMatch(char*, char*, bool, bool*)
                0x00000000c0013c8f                CmAddShift(unsigned int*, int*, unsigned char, int)
                0x00000000c0013cbf                CmGetShift(unsigned int*, int*, int, bool*)
                0x00000000c0013cf6                CmGetInteger(Reghive_Tag*, int, unsigned long long*)
                0x00000000c0013d20                CmSetInteger(Reghive_Tag*, int, unsigned long long)
                0x00000000c0013d60                CmConvertFromInternalFilename(unsigned char const*, char*)
                0x00000000c0013e04                CmGetNameAndTypeFromExtent(Reghive_Tag*, int, char*)
                0x00000000c0013e32                CmConvertToInternalFilename(char const*, unsigned char*)
                0x00000000c0013fd0                CmCreateString(Reghive_Tag*, int, char const*)
                0x00000000c001401d                CmFindInDirectory(Reghive_Tag*, int, char const*)
                0x00000000c0014097                CmCreateInteger(Reghive_Tag*, int, char const*, unsigned long long, int)
                0x00000000c00140ea                CmCreateDirectory(Reghive_Tag*, int, char const*)
                0x00000000c00141ae                zStrtok(char*, char const*)
                0x00000000c0014220                CmFindObjectFromPath(Reghive_Tag*, char const*)
                0x00000000c00142a1                CmDisplayTree(Reghive_Tag*, int, int)
                0x00000000c0014344                CmSplitFinalSlashInPlace(char*)
 .text          0x00000000c0014376      0x52a reg/registry.32
                0x00000000c0014376                Reg::findLineFromLoadedData(char*, char*, char*)
                0x00000000c00144e7                Reg::getLineFromRegistry(char*, char*, char*, char*)
                0x00000000c001463c                Reg::getLine(char*, char*, char*)
                0x00000000c0014673                Reg::readInt(char*, char*, int*)
                0x00000000c0014761                Reg::readString(char*, char*, char*, int)
                0x00000000c00147e2                Reg::readBool(char*, char*, bool*)
                0x00000000c0014807                Reg::readBoolWithDefault(char*, char*, bool)
                0x00000000c0014833                Reg::readIntWithDefault(char*, char*, int)
                0x00000000c001485f                Reg::readStringWithDefault(char*, char*, char*, int, char*)
 .text          0x00000000c00148a0       0x36 sys/eject.32
                0x00000000c00148a0                SysEject(regs*)
 .text          0x00000000c00148d6       0x18 sys/exit.32
                0x00000000c00148d6                SysExit(regs*)
 .text          0x00000000c00148ee       0x1f sys/getcwd.32
                0x00000000c00148ee                SysGetCwd(regs*)
 .text          0x00000000c001490d        0xc sys/getpid.32
                0x00000000c001490d                SysGetPID(regs*)
 .text          0x00000000c0014919       0x1a sys/getramdata.32
                0x00000000c0014919                SysGetRAMData(regs*)
 .text          0x00000000c0014933       0x82 sys/getvgaptr.32
                0x00000000c0014933                SysGetVGAPtr(regs*)
 *fill*         0x00000000c00149b5        0x3 
 .text          0x00000000c00149b8       0xb9 sys/kill.32
                0x00000000c00149b8                SysKill(regs*)
 .text          0x00000000c0014a71       0xa8 sys/loaddll.32
                0x00000000c0014a71                SysLoadDLL(regs*)
 .text          0x00000000c0014b19       0x68 sys/read.32
                0x00000000c0014b19                SysRead(regs*)
 .text          0x00000000c0014b81       0x29 sys/registersignal.32
                0x00000000c0014b81                SysRegisterSignal(regs*)
 .text          0x00000000c0014baa      0x1cc sys/registry.32
                0x00000000c0014baa                SysRegistryGetTypeFromPath(regs*)
                0x00000000c0014bee                SysRegistryReadExtent(regs*)
                0x00000000c0014c36                SysRegistryPathToExtentLookup(regs*)
                0x00000000c0014c4d                SysRegistryEnterDirectory(regs*)
                0x00000000c0014c64                SysRegistryGetNext(regs*)
                0x00000000c0014c7b                SysRegistryGetNameAndTypeFromExtent(regs*)
                0x00000000c0014cb5                SysRegistryOpen(regs*)
                0x00000000c0014cc9                SysRegistryClose(regs*)
                0x00000000c0014ce0                SysRegistryEasyReadString(regs*)
                0x00000000c0014d2c                SysRegistryEasyReadInteger(regs*)
 .text          0x00000000c0014d76       0x55 sys/sbrk.32
                0x00000000c0014d76                SysSbrk(regs*)
 .text          0x00000000c0014dcb       0x1c sys/setcwd.32
                0x00000000c0014dcb                SysSetCwd(regs*)
 .text          0x00000000c0014de7       0x96 sys/settime.32
                0x00000000c0014de7                SysSetTime(regs*)
 .text          0x00000000c0014e7d       0x73 sys/symlink.32
                0x00000000c0014e7d                SysSymlink(regs*)
 .text          0x00000000c0014ef0       0x3f sys/timezone.32
                0x00000000c0014ef0                SysTimezone(regs*)
 .text          0x00000000c0014f2f       0xfc sys/truncate.32
                0x00000000c0014f2f                SysTruncate(regs*)
 .text          0x00000000c001502b       0x68 sys/write.32
                0x00000000c001502b                SysWrite(regs*)
 .text          0x00000000c0015093       0x9d sys/wsbe.32
                0x00000000c0015093                SysWsbe(regs*)
 .text          0x00000000c0015130       0x25 sys/yield.32
                0x00000000c0015130                SysYield(regs*)
 .text          0x00000000c0015155     0x1207 thr/elf.32
                0x00000000c0015155                Thr::allocateMemoryForTask(Process*, File*, unsigned long, unsigned long, unsigned long)
                0x00000000c00153e3                Thr::loadProgramIntoMemory(Process*, char const*)
                0x00000000c00155f5                Thr::runtimeReferenceHelper()
                0x00000000c0015608                Thr::getAddressOfKernelSymbol(char const*)
                0x00000000c0015657                Thr::loadKernelSymbolTable(char const*)
                0x00000000c0015915                Thr::loadDriverIntoMemory(char const*, unsigned long, bool)
                0x00000000c001604e                Thr::getDriverBaseFromAddress(unsigned long)
                0x00000000c0016080                Thr::getDriverNameFromAddress(unsigned long)
                0x00000000c00160b7                Thr::getDriverOffsetFromAddress(unsigned long)
                0x00000000c00160d1                Thr::loadDLL(char const*, bool)
                0x00000000c0016323                Thr::executeDLL(unsigned long, void*)
 .text          0x00000000c001635c       0x5a thr/exec.32
                0x00000000c001635c                KeProcessExec(Process*, char const*)
 *fill*         0x00000000c00163b6        0x2 
 .text          0x00000000c00163b8     0x1131 thr/prcssthr.32
                0x00000000c00163b8                userModeEntryPoint(void*)
                0x00000000c00163e0                changeTSS
                0x00000000c0016410                switchToThread(ThreadControlBlock*)
                0x00000000c00164c0                Process::addArgs(char**)
                0x00000000c001652c                Process::Process(char const*, Process*, char**)
                0x00000000c001652c                Process::Process(char const*, Process*, char**)
                0x00000000c0016738                Process::Process(bool, char const*, Process*, char**)
                0x00000000c0016738                Process::Process(bool, char const*, Process*, char**)
                0x00000000c001690c                taskStartupFunction
                0x00000000c0016918                KeDisablePreemption()
                0x00000000c0016940                KeRestorePreemption()
                0x00000000c0016960                Process::createThread(void (*)(void*), void*, int)
                0x00000000c0016a6c                Process::createUserThread()
                0x00000000c0016a8c                setupMultitasking(void (*)())
                0x00000000c0016bb0                schedule()
                0x00000000c0016c44                blockTaskWithSchedulerLockAlreadyHeld(TaskState)
                0x00000000c0016c6c                blockTask(TaskState)
                0x00000000c0016ca4                waitTask(int, int*, int)
                0x00000000c0016ce8                milliTenthSleepUntil(unsigned int)
                0x00000000c0016d88                milliTenthSleep(unsigned int)
                0x00000000c0016d9c                sleep(unsigned int)
                0x00000000c0016db8                taskReturned
                0x00000000c0016dfc                Thr::processFromPID(int)
                0x00000000c0016ea8                unblockTask(ThreadControlBlock*)
                0x00000000c0016f54                cleanupTerminatedTask(ThreadControlBlock*)
                0x00000000c0017228                cleanerTaskFunction(void*)
                0x00000000c0017330                terminateTask(int)
                0x00000000c001741c                Thr::terminateFromIRQ(int)
 .text          0x00000000c00174e9      0xd00 vm86/vm8086.32
                0x00000000c00174e9                Vm::inbv(unsigned short)
                0x00000000c00174fc                Vm::outbv(unsigned short, unsigned char)
                0x00000000c0017532                Vm::realToLinear(unsigned short, unsigned short)
                0x00000000c0017542                Vm::getSegment(unsigned int)
                0x00000000c001754a                Vm::getOffset(unsigned int)
                0x00000000c001754f                Vm::mainloop2()
                0x00000000c0017589                Vm::mainVm8086Loop(void*)
                0x00000000c0017599                Vm::mainloop3(unsigned long)
                0x00000000c00175bf                Vm::initialise8086()
                0x00000000c0017602                Vm::resetConventionalMemory8086()
                0x00000000c0017603                Vm::finish8086()
                0x00000000c0017664                Vm::getOutput8086(unsigned char*)
                0x00000000c0017689                Vm::start8086FromBuffer(unsigned char*, int, unsigned short, unsigned short, unsigned short, unsigned short)
                0x00000000c00177b0                Vm::start8086(char const*, unsigned short, unsigned short, unsigned short, unsigned short)
                0x00000000c00179b8                Vm::doISR(regs*, int, unsigned char*, unsigned short, unsigned short)
                0x00000000c0017a51                Vm::readByteFromReal(unsigned short, unsigned short)
                0x00000000c0017a62                Vm::readWordFromReal(unsigned short, unsigned short)
                0x00000000c0017a74                Vm::readDwordFromReal(unsigned short, unsigned short)
                0x00000000c0017a85                Vm::writeByteFromReal(unsigned short, unsigned short, unsigned char)
                0x00000000c0017a9a                Vm::writeWordFromReal(unsigned short, unsigned short, unsigned short)
                0x00000000c0017ab0                Vm::writeDwordFromReal(unsigned short, unsigned short, unsigned int)
                0x00000000c0017ac5                Vm::faultHandler(regs*)
 .text          0x00000000c00181e9      0xacb arch/i386/hal.32
                0x00000000c00181e9                noCopro(unsigned long)
                0x00000000c00181ea                nmiHandler(regs*, void*)
                0x00000000c0018203                doubleFault(regs*, void*)
                0x00000000c001821c                displayDebugInfo(regs*)
                0x00000000c00185a1                HalSystemIdle()
                0x00000000c001861d                displayProgramFault(char const*)
                0x00000000c0018669                gpFault(regs*, void*)
                0x00000000c00186d0                pgFault(regs*, void*)
                0x00000000c0018759                otherISRHandler(regs*, void*)
                0x00000000c001878d                opcodeFault(regs*, void*)
                0x00000000c0018810                i386SaveCoprocessor(void*)
                0x00000000c0018824                i386LoadCoprocessor(void*)
                0x00000000c0018838                x87EmulHandler(regs*, void*)
                0x00000000c00188d5                HalInitialiseCoprocessor()
                0x00000000c001895e                HalPanic(char const*)
                0x00000000c0018a72                HalQueryPerformanceCounter()
                0x00000000c0018a8d                HalInitialise()
                0x00000000c0018c43                HalMakeBeep(int)
                0x00000000c0018c7d                HalGetRand()
                0x00000000c0018c80                HalEndOfInterrupt(int)
                0x00000000c0018cb1                HalRestart()
                0x00000000c0018cb2                HalShutdown()
                0x00000000c0018cb3                HalSleep()
 .text          0x00000000c0018cb4      0x2dc arch/i386/pic.32
                0x00000000c0018cb4                picIoWait()
                0x00000000c0018cbc                picDisable()
                0x00000000c0018cf0                picGetIRQReg(int)
                0x00000000c0018d6c                picOpen()
                0x00000000c0018ef0                picEOI(int)
 .text          0x00000000c0018f90      0x674 arch/i386/rtc.32
                0x00000000c0018f90                RTC::open(int, int, void*)
                0x00000000c0018f94                RTC::close(int, int, void*)
                0x00000000c0018f98                RTC::timeInSecondsUTC()
                0x00000000c0018faa                RTC::timeInDatetimeUTC()
                0x00000000c0018fd0                RTC::setTimeInSecondsUTC(unsigned long long)
                0x00000000c001900e                RTC::~RTC()
                0x00000000c001900e                RTC::~RTC()
                0x00000000c0019032                RTC::~RTC()
                0x00000000c001905c                RTC::get_update_in_progress_flag()
                0x00000000c0019076                RTC::completeRTCRefresh()
                0x00000000c0019356                RTC::setTimeInDatetimeUTC(datetime_t)
                0x00000000c0019504                rtcIRQHandler(regs*, void*)
                0x00000000c001954a                RTC::RTC()
                0x00000000c001954a                RTC::RTC()
 .text          0x00000000c0019604      0x1f4 arch/i386/vga.32
                0x00000000c0019604                HalConsoleScroll(int, int)
                0x00000000c001970c                HalConsoleWriteCharacter(char, int, int, int, int)
                0x00000000c0019770                HalConsoleCursorUpdate(int, int)
 .text          0x00000000c00197f8     0x14cf fs/fat/vfslink.32
                0x00000000c00197f8                FAT::getName()
                0x00000000c0019800                FAT::tell(void*, unsigned long long*)
                0x00000000c001983c                FAT::stat(void*, unsigned long long*)
                0x00000000c0019878                FAT::~FAT()
                0x00000000c0019878                FAT::~FAT()
                0x00000000c001989c                FAT::~FAT()
                0x00000000c00198c4                FAT::getlabel(LogicalDisk*, int, char*, unsigned int*)
                0x00000000c0019968                FAT::setlabel(LogicalDisk*, int, char*)
                0x00000000c0019a2c                FAT::format(LogicalDisk*, int, char const*, int)
                0x00000000c0019c10                FAT::tryMount(LogicalDisk*, int)
                0x00000000c0019e2c                FAT::allocateSwapfile(char const*, int)
                0x00000000c0019fec                FAT::readDir(void*, unsigned long, void*, int*)
                0x00000000c001a15c                FAT::read(void*, unsigned long, void*, int*)
                0x00000000c001a1bc                FAT::write(void*, unsigned long, void*, int*)
                0x00000000c001a21c                FAT::close(void*)
                0x00000000c001a270                FAT::closeDir(void*)
                0x00000000c001a2c4                FAT::truncate(void*, unsigned long long)
                0x00000000c001a330                FAT::seek(void*, unsigned long long)
                0x00000000c001a388                fatWrapperReadDisk
                0x00000000c001a3c8                fatWrapperWriteDisk
                0x00000000c001a408                fatWrapperIoctl
                0x00000000c001a524                FAT::FAT()
                0x00000000c001a524                FAT::FAT()
                0x00000000c001a57c                FAT::fixFilepath(char*)
                0x00000000c001a5bc                FAT::open(char const*, void**, FileOpenMode)
                0x00000000c001a730                FAT::openDir(char const*, void**)
                0x00000000c001a7e0                FAT::stat(char const*, unsigned long long*, bool*)
                0x00000000c001a8d8                FAT::unlink(char const*)
                0x00000000c001a958                FAT::chfatattr(char const*, unsigned char, unsigned char)
                0x00000000c001ab0c                FAT::rename(char const*, char const*)
                0x00000000c001abd8                FAT::mkdir(char const*)
                0x00000000c001ac58                FAT::exists(char const*)
 *fill*         0x00000000c001acc7        0x1 
 .text          0x00000000c001acc8       0x94 fs/iso9660/helper.32
                0x00000000c001acc8                isoReadDiscSectorHelper
                0x00000000c001ad24                iso_kprintf
                0x00000000c001ad40                iso_kprintfd
 .text          0x00000000c001ad5c      0x71c fs/iso9660/vfslink.32
                0x00000000c001ad5c                ISO9660::format(LogicalDisk*, int, char const*, int)
                0x00000000c001ad62                ISO9660::truncate(void*, unsigned long long)
                0x00000000c001ad68                ISO9660::getName()
                0x00000000c001ad6e                ISO9660::closeDir(void*)
                0x00000000c001ad78                ISO9660::chfatattr(char const*, unsigned char, unsigned char)
                0x00000000c001ad7e                ISO9660::unlink(char const*)
                0x00000000c001ad84                ISO9660::write(void*, unsigned long, void*, int*)
                0x00000000c001ad8a                ISO9660::rename(char const*, char const*)
                0x00000000c001ad90                ISO9660::mkdir(char const*)
                0x00000000c001ad96                ISO9660::~ISO9660()
                0x00000000c001ad96                ISO9660::~ISO9660()
                0x00000000c001adba                ISO9660::~ISO9660()
                0x00000000c001ade2                ISO9660::exists(char const*)
                0x00000000c001adf6                ISO9660::open(char const*, void**, FileOpenMode)
                0x00000000c001aedc                ISO9660::read(void*, unsigned long, void*, int*)
                0x00000000c001af24                ISO9660::seek(void*, unsigned long long)
                0x00000000c001af66                ISO9660::tell(void*, unsigned long long*)
                0x00000000c001afa4                ISO9660::stat(void*, unsigned long long*)
                0x00000000c001aff6                ISO9660::stat(char const*, unsigned long long*, bool*)
                0x00000000c001b138                ISO9660::close(void*)
                0x00000000c001b168                ISO9660::openDir(char const*, void**)
                0x00000000c001b242                ISO9660::readDir(void*, unsigned long, void*, int*)
                0x00000000c001b35f                readSectorFromCDROM(unsigned int, unsigned char*, char)
                0x00000000c001b3de                ISO9660::tryMount(LogicalDisk*, int)
                0x00000000c001b450                ISO9660::ISO9660()
                0x00000000c001b450                ISO9660::ISO9660()
 .text          0x00000000c001b478      0x26c hal/sound/sndcard.32
                0x00000000c001b478                SoundCard::beginPlayback()
                0x00000000c001b486                SoundCard::stopPlayback()
                0x00000000c001b494                SoundCard::SoundCard(char const*)
                0x00000000c001b494                SoundCard::SoundCard(char const*)
                0x00000000c001b532                SoundCard::~SoundCard()
                0x00000000c001b532                SoundCard::~SoundCard()
                0x00000000c001b556                SoundCard::~SoundCard()
                0x00000000c001b580                SoundCard::configureRates(int, int, int)
                0x00000000c001b5b0                SoundCard::getSamples16(int, short*)
                0x00000000c001b60c                SoundCard::getSamples32(int, int*)
                0x00000000c001b692                SoundCard::addChannel(SoundPort*)
                0x00000000c001b6d0                SoundCard::removeChannel(int)
 .text          0x00000000c001b6e4      0x38a hal/sound/sndport.32
                0x00000000c001b6e4                SoundPort::SoundPort(int, int, int, int)
                0x00000000c001b6e4                SoundPort::SoundPort(int, int, int, int)
                0x00000000c001b770                SoundPort::~SoundPort()
                0x00000000c001b770                SoundPort::~SoundPort()
                0x00000000c001b7a4                SoundPort::unpause()
                0x00000000c001b7b0                SoundPort::pause()
                0x00000000c001b7bc                SoundPort::getBufferUsed()
                0x00000000c001b7c4                SoundPort::getBufferSize()
                0x00000000c001b7cc                SoundPort::buffer16(short*, int)
                0x00000000c001b858                SoundPort::buffer32(int*, int)
                0x00000000c001b8e4                SoundPort::unbufferAndAdd16(int, short*, SoundCard*)
                0x00000000c001b9b0                SoundPort::unbufferAndAdd32(int, int*, SoundCard*)
 .text          0x00000000c001ba6e        0x0 hw/bus/isa.32
 .text          0x00000000c001ba6e      0xc23 hw/bus/pci.32
                0x00000000c001ba6e                PCI::open(int, int, void*)
                0x00000000c001ba8c                PCI::close(int, int, void*)
                0x00000000c001ba90                PCI::PCI()
                0x00000000c001ba90                PCI::PCI()
                0x00000000c001bb28                PCI::readBAR8(unsigned int, int)
                0x00000000c001bb44                PCI::readBAR16(unsigned int, int)
                0x00000000c001bb62                PCI::readBAR32(unsigned int, int)
                0x00000000c001bb7e                PCI::writeBAR8(unsigned int, unsigned char, int)
                0x00000000c001bb9e                PCI::writeBAR16(unsigned int, unsigned short, int)
                0x00000000c001bbc0                PCI::writeBAR32(unsigned int, unsigned int, int)
                0x00000000c001bbe0                PCI::legacyMechanism(unsigned char, unsigned char, unsigned char, unsigned char)
                0x00000000c001bc56                PCI::pciReadWord(unsigned char, unsigned char, unsigned char, unsigned char)
                0x00000000c001bd00                PCI::getVendorID(unsigned char, unsigned char, unsigned char)
                0x00000000c001bd24                PCI::getHeaderType(unsigned char, unsigned char, unsigned char)
                0x00000000c001bd4c                PCI::getClassCode(unsigned char, unsigned char, unsigned char)
                0x00000000c001bd96                PCI::getProgIF(unsigned char, unsigned char, unsigned char)
                0x00000000c001bdbe                PCI::getRevisionID(unsigned char, unsigned char, unsigned char)
                0x00000000c001bde2                PCI::getInterruptNumber(unsigned char, unsigned char, unsigned char)
                0x00000000c001be06                PCI::getSecondaryBus(unsigned char, unsigned char, unsigned char)
                0x00000000c001be2e                PCI::getBARAddress(unsigned char, unsigned char, unsigned char, unsigned char)
                0x00000000c001be92                PCI::pciWriteWord(unsigned char, unsigned char, unsigned char, unsigned char, unsigned short)
                0x00000000c001bf7a                PCI::pciDetailsToFilepath(PCIDeviceInfo, char*)
                0x00000000c001c240                PCI::checkBus(unsigned char)
                0x00000000c001c264                PCI::foundDevice(PCIDeviceInfo)
                0x00000000c001c44a                PCI::getDeviceData(unsigned char, unsigned char, unsigned char)
                0x00000000c001c5c6                PCI::checkDevice(unsigned char, unsigned char)
                0x00000000c001c638                PCI::detect()
 *fill*         0x00000000c001c691        0x1 
 .text          0x00000000c001c692      0xe16 hw/diskctrl/ide.32
                0x00000000c001c692                IDE::close(int, int, void*)
                0x00000000c001c696                IDE::IDE()
                0x00000000c001c696                IDE::IDE()
                0x00000000c001c6ca                IDE::prepareInterrupt(unsigned char)
                0x00000000c001c6dc                selectDrive(unsigned char, unsigned char)
                0x00000000c001c6de                IDE::getBase(unsigned char)
                0x00000000c001c6f0                IDE::write(unsigned char, unsigned char, unsigned char)
                0x00000000c001c7b0                IDE::read(unsigned char, unsigned char)
                0x00000000c001c85e                IDE::waitInterrupt(unsigned char)
                0x00000000c001c8c0                ideChannel0IRQHandler(regs*, void*)
                0x00000000c001c8dc                ideChannel1IRQHandler(regs*, void*)
                0x00000000c001c8f8                IDE::enableIRQs(unsigned char, bool)
                0x00000000c001c942                IDE::open(int, int, void*)
                0x00000000c001ce88                IDE::readBuffer(unsigned char, unsigned char, unsigned int, unsigned int)
                0x00000000c001cf58                IDE::detect()
                0x00000000c001d39a                IDE::printError(unsigned char, unsigned char, unsigned char)
                0x00000000c001d454                IDE::polling(unsigned char, unsigned int)
 .text          0x00000000c001d4a8      0x33d hw/diskctrl/satabus.32
                0x00000000c001d4a8                SATABus::close(int, int, void*)
                0x00000000c001d4ac                SATABus::detect()
                0x00000000c001d4ae                SATABus::SATABus()
                0x00000000c001d4ae                SATABus::SATABus()
                0x00000000c001d534                SATABus::findCmdslot(SATABus::tagHBA_PORT volatile*)
                0x00000000c001d566                SATABus::checkType(SATABus::tagHBA_PORT volatile*)
                0x00000000c001d5ae                SATABus::startCmd(SATABus::tagHBA_PORT volatile*)
                0x00000000c001d5ce                SATABus::stopCmd(SATABus::tagHBA_PORT volatile*)
                0x00000000c001d5f8                SATABus::portRebase(SATABus::tagHBA_PORT volatile*, int)
                0x00000000c001d708                SATABus::probePort(SATABus::tagHBA_MEM volatile*)
                0x00000000c001d7b2                SATABus::open(int, int, void*)
 *fill*         0x00000000c001d7e5        0x1 
 .text          0x00000000c001d7e6      0x987 hw/diskphys/ata.32
                0x00000000c001d7e6                ATA::close(int, int, void*)
                0x00000000c001d80a                ATA::powerSaving(PowerSavingLevel)
                0x00000000c001d80c                ATA::ATA()
                0x00000000c001d80c                ATA::ATA()
                0x00000000c001d83a                ATA::flush(bool)
                0x00000000c001d888                ATA::readyForCommand()
                0x00000000c001d8d4                ATA::access(unsigned long long, int, void*, bool)
                0x00000000c001dcb2                ATA::detectCHS()
                0x00000000c001dcdc                ATA::open(int, int, void*)
                0x00000000c001dda8                combineCharAndColour(char, unsigned char)
                0x00000000c001ddb9                combineColours(unsigned char, unsigned char)
                0x00000000c001ddc6                ATA::read(unsigned long long, int, void*)
                0x00000000c001df9c                ATA::write(unsigned long long, int, void*)
 *fill*         0x00000000c001e16d        0x1 
 .text          0x00000000c001e16e      0x618 hw/diskphys/atapi.32
                0x00000000c001e16e                ATAPI::write(unsigned long long, int, void*)
                0x00000000c001e174                ATAPI::close(int, int, void*)
                0x00000000c001e198                ATAPI::ATAPI()
                0x00000000c001e198                ATAPI::ATAPI()
                0x00000000c001e1c6                ATAPI::readyForCommand()
                0x00000000c001e218                ATAPI::sendPacket(unsigned char*, int, bool, unsigned short*, int)
                0x00000000c001e4e0                ATAPI::diskRemoved()
                0x00000000c001e51a                ATAPI::eject()
                0x00000000c001e562                ATAPI::diskInserted()
                0x00000000c001e56e                ATAPI::detectMedia()
                0x00000000c001e62c                ATAPI::open(int, int, void*)
                0x00000000c001e70c                ATAPI::read(unsigned long long, int, void*)
 .text          0x00000000c001e786      0x849 hw/diskphys/sata.32
                0x00000000c001e786                SATA::close(int, int, void*)
                0x00000000c001e7aa                SATA::powerSaving(PowerSavingLevel)
                0x00000000c001e7ac                SATA::open(int, int, void*)
                0x00000000c001e864                SATA::SATA()
                0x00000000c001e864                SATA::SATA()
                0x00000000c001e892                SATA::access(unsigned long long, int, void*, bool)
                0x00000000c001eb1a                SATA::read(unsigned long long, int, void*)
                0x00000000c001ed6a                SATA::write(unsigned long long, int, void*)
 *fill*         0x00000000c001efcf        0x1 
 .text          0x00000000c001efd0      0x5d0 hw/diskphys/satapi.32
                0x00000000c001efd0                SATAPI::write(unsigned long long, int, void*)
                0x00000000c001efd6                SATAPI::close(int, int, void*)
                0x00000000c001effa                SATAPI::SATAPI()
                0x00000000c001effa                SATAPI::SATAPI()
                0x00000000c001f028                SATAPI::diskRemoved()
                0x00000000c001f02a                SATAPI::diskInserted()
                0x00000000c001f046                SATAPI::sendPacket(unsigned char*, int, unsigned long long, unsigned short*, int)
                0x00000000c001f324                SATAPI::eject()
                0x00000000c001f360                SATAPI::detectMedia()
                0x00000000c001f3b6                SATAPI::open(int, int, void*)
                0x00000000c001f4b6                SATAPI::read(unsigned long long, int, void*)
 .text          0x00000000c001f5a0      0x45b hw/intctrl/apic.32
                0x00000000c001f5a0                IOAPIC::close(int, int, void*)
                0x00000000c001f5a6                apicGetBase()
                0x00000000c001f5ec                IOAPIC::IOAPIC()
                0x00000000c001f5ec                IOAPIC::IOAPIC()
                0x00000000c001f614                apicOpen()
                0x00000000c001f790                IOAPIC::handlesGSIWithNumber(unsigned int)
                0x00000000c001f7c2                IOAPIC::read(int)
                0x00000000c001f7ea                IOAPIC::open(int, int, void*)
                0x00000000c001f8d0                IOAPIC::write(int, int)
                0x00000000c001f8fc                IOAPIC::redirect(unsigned char, unsigned long long, unsigned char, bool, bool)
 *fill*         0x00000000c001f9fb        0x1 
 .text          0x00000000c001f9fc       0xf0 hw/timer/apictimer.32
                0x00000000c001f9fc                APICTimer::close(int, int, void*)
                0x00000000c001fa04                apicTimerHandler(regs*, void*)
                0x00000000c001fa2c                APICTimer::open(int, int, void*)
                0x00000000c001fa9c                APICTimer::write(int)
                0x00000000c001fac4                APICTimer::APICTimer()
                0x00000000c001fac4                APICTimer::APICTimer()
 .text          0x00000000c001faec      0x1ad hw/timer/pit.32
                0x00000000c001faec                PIT::write(int)
                0x00000000c001fb70                pitHandler(regs*, void*)
                0x00000000c001fb98                PIT::open(int, int, void*)
                0x00000000c001fbe8                PIT::close(int, int, void*)
                0x00000000c001fc18                PIT::PIT()
                0x00000000c001fc18                PIT::PIT()
 *fill*         0x00000000c001fc99        0x7 
 .text          0x00000000c001fca0       0x6f arch/i386/avx.32
                0x00000000c001fca0                avxDetect
                0x00000000c001fcca                avxSave
                0x00000000c001fcdb                avxLoad
                0x00000000c001fcec                avxInit
                0x00000000c001fd0e                avxClose
 *fill*         0x00000000c001fd0f        0x1 
 .text          0x00000000c001fd10      0x2ec arch/i386/interrupt.32
                0x00000000c001fd10                isr0
                0x00000000c001fd20                isr1
                0x00000000c001fd2a                isr2
                0x00000000c001fd34                isr3
                0x00000000c001fd3e                isr4
                0x00000000c001fd48                isr5
                0x00000000c001fd52                isr6