Archive member included to satisfy reference by file (symbol)

/cygdrive/d/Users/Alex/Desktop/Toolchain/Output/bin/../lib/gcc/i386-banana/8.1.0/libgcc.a(_divdi3.o)
                              fs/fat/ff.32 (__divdi3)
/cygdrive/d/Users/Alex/Desktop/Toolchain/Output/bin/../lib/gcc/i386-banana/8.1.0/libgcc.a(_moddi3.o)
                              acpica/osl.32 (__moddi3)
/cygdrive/d/Users/Alex/Desktop/Toolchain/Output/bin/../lib/gcc/i386-banana/8.1.0/libgcc.a(_udivdi3.o)
                              acpica/utmath.32 (__udivdi3)
/cygdrive/d/Users/Alex/Desktop/Toolchain/Output/bin/../lib/gcc/i386-banana/8.1.0/libgcc.a(_umoddi3.o)
                              acpica/utmath.32 (__umoddi3)
D:/Users/Alex/Desktop/Banana/kernel/libk/libm32.a(s_fabs.c.o)
                              hal/libresample/samplerate.32 (fabs)
D:/Users/Alex/Desktop/Banana/kernel/libk/libm32.a(s_lrint.S.o)
                              hal/libresample/samplerate.32 (lrint)
D:/Users/Alex/Desktop/Banana/kernel/libk/libm32.a(s_lrintf.S.o)
                              hal/sound/sndhw.32 (lrintf)

Allocating common symbols
Common symbol       size              file

AcpiGbl_StateCache  0x4               acpica/utglobal.32
AcpiGbl_OwnerIdMask
                    0x200             acpica/utglobal.32
AcpiGbl_StepToNextCall
                    0x1               acpica/utglobal.32
AcpiGbl_RootTableList
                    0x10              acpica/utglobal.32
AcpiGbl_FadtGpeDevice
                    0x4               acpica/utglobal.32
AcpiGbl_GpeXruptListHead
                    0x4               acpica/utglobal.32
AcpiGbl_GlobalLockHandle
                    0x2               acpica/utglobal.32
AcpiGbl_RootNodeStruct
                    0x1c              acpica/utglobal.32
AcpiGbl_FACS        0x4               acpica/utglobal.32
AcpiGbl_AllGpesInitialized
                    0x1               acpica/utglobal.32
AcpiGbl_GlobalLockMutex
                    0x4               acpica/utglobal.32
AcpiGbl_IntegerByteWidth
                    0x1               acpica/utglobal.32
AcpiGbl_Pm1EnableRegisterSave
                    0x2               acpica/utglobal.32
AcpiGbl_NsLookupCount
                    0x4               acpica/utglobal.32
AcpiCurrentGpeCount
                    0x4               acpica/utglobal.32
AcpiGbl_IntegerBitWidth
                    0x1               acpica/utglobal.32
AcpiGbl_NamespaceCache
                    0x4               acpica/utglobal.32
AcpiGbl_TableHandler
                    0x4               acpica/utglobal.32
AcpiGbl_HardwareLock
                    0x4               acpica/utglobal.32
AcpiGbl_FixedEventHandlers
                    0x28              acpica/utglobal.32
AcpiSciCount        0x4               acpica/utglobal.32
AcpiGbl_DSDT        0x4               acpica/utglobal.32
AcpiGbl_GlobalNotify
                    0x10              acpica/utglobal.32
AcpiGbl_GlobalLockSemaphore
                    0x4               acpica/utglobal.32
AcpiGbl_SystemAwakeAndRunning
                    0x1               acpica/utglobal.32
AcpiGbl_InterfaceHandler
                    0x4               acpica/utglobal.32
AcpiGbl_EventsInitialized
                    0x1               acpica/utglobal.32
AcpiGbl_SupportedInterfaces
                    0x4               acpica/utglobal.32
AcpiGbl_GpeLock     0x4               acpica/utglobal.32
AcpiGbl_SleepTypeB  0x1               acpica/utglobal.32
AcpiGbl_InitHandler
                    0x4               acpica/utglobal.32
AcpiGbl_GlobalLockAcquired
                    0x1               acpica/utglobal.32
AcpiGbl_XPm1bEnable
                    0xc               acpica/utglobal.32
AcpiGbl_OriginalDsdtHeader
                    0x24              acpica/utglobal.32
AcpiGbl_ReferenceCountLock
                    0x4               acpica/utglobal.32
AcpiGpeCount        0x4               acpica/utglobal.32
AcpiGbl_TableHandlerContext
                    0x4               acpica/utglobal.32
AcpiGbl_XPm1aStatus
                    0xc               acpica/utglobal.32
AcpiGbl_OriginalMode
                    0x4               acpica/utglobal.32
AcpiGbl_CmSingleStep
                    0x1               acpica/utglobal.32
AcpiGbl_GlobalEventHandlerContext
                    0x4               acpica/utglobal.32
AcpiGbl_PsFindCount
                    0x4               acpica/utglobal.32
AcpiFixedEventCount
                    0x14              acpica/utglobal.32
AcpiGbl_AcpiHardwarePresent
                    0x1               acpica/utglobal.32
AcpiGbl_MutexInfo   0x60              acpica/utglobal.32
AcpiGbl_RootNode    0x4               acpica/utglobal.32
AcpiGbl_AddressRangeList
                    0x8               acpica/utglobal.32
AcpiGbl_FADT        0x114             acpica/utglobal.32
AcpiGbl_IntegerNybbleWidth
                    0x1               acpica/utglobal.32
AcpiGbl_XPm1aEnable
                    0xc               acpica/utglobal.32
AcpiGbl_OperandCache
[...]
Memory Configuration

Name             Origin             Length             Attributes
*default*        0x0000000000000000 0xffffffffffffffff

Linker script and memory map

LOAD D:/Users/Alex/Desktop/Banana/kernel/boot.32
LOAD crti.32
LOAD /cygdrive/d/Users/Alex/Desktop/Toolchain/Output/bin/../lib/gcc/i386-banana/8.1.0/crtbegin.o
LOAD D:/Users/Alex/Desktop/Banana/kernel/morenasm.32
LOAD acpica/dsargs.32
LOAD acpica/dscontrol.32
LOAD acpica/dsdebug.32
LOAD acpica/dsfield.32
LOAD acpica/dsinit.32
LOAD acpica/dsmethod.32
LOAD acpica/dsmthdat.32
LOAD acpica/dsobject.32
LOAD acpica/dsopcode.32
LOAD acpica/dspkginit.32
LOAD acpica/dsutils.32
LOAD acpica/dswexec.32
LOAD acpica/dswload.32
LOAD acpica/dswload2.32
LOAD acpica/dswscope.32
LOAD acpica/dswstate.32
LOAD acpica/evevent.32
LOAD acpica/evglock.32
LOAD acpica/evgpe.32
LOAD acpica/evgpeblk.32
LOAD acpica/evgpeinit.32
LOAD acpica/evgpeutil.32
LOAD acpica/evhandler.32
LOAD acpica/evmisc.32
LOAD acpica/evregion.32
LOAD acpica/evrgnini.32
LOAD acpica/evsci.32
LOAD acpica/evxface.32
LOAD acpica/evxfevnt.32
LOAD acpica/evxfgpe.32
LOAD acpica/evxfregn.32
LOAD acpica/exconcat.32
LOAD acpica/exconfig.32
LOAD acpica/exconvrt.32
LOAD acpica/excreate.32
LOAD acpica/exdebug.32
LOAD acpica/exdump.32
LOAD acpica/exfield.32
LOAD acpica/exfldio.32
LOAD acpica/exmisc.32
LOAD acpica/exmutex.32
LOAD acpica/exnames.32
LOAD acpica/exoparg1.32
LOAD acpica/exoparg2.32
LOAD acpica/exoparg3.32
LOAD acpica/exoparg6.32
LOAD acpica/exprep.32
LOAD acpica/exregion.32
LOAD acpica/exresnte.32
LOAD acpica/exresolv.32
LOAD acpica/exresop.32
LOAD acpica/exserial.32
LOAD acpica/exstore.32
LOAD acpica/exstoren.32
LOAD acpica/exstorob.32
LOAD acpica/exsystem.32
LOAD acpica/extrace.32
LOAD acpica/exutils.32
LOAD acpica/hwacpi.32
LOAD acpica/hwesleep.32
LOAD acpica/hwgpe.32
LOAD acpica/hwpci.32
LOAD acpica/hwregs.32
LOAD acpica/hwsleep.32
LOAD acpica/hwtimer.32
LOAD acpica/hwvalid.32
LOAD acpica/hwxface.32
LOAD acpica/hwxfsleep.32
LOAD acpica/nsaccess.32
LOAD acpica/nsalloc.32
LOAD acpica/nsarguments.32
LOAD acpica/nsconvert.32
LOAD acpica/nsdump.32
LOAD acpica/nsdumpdv.32
LOAD acpica/nseval.32
LOAD acpica/nsinit.32
LOAD acpica/nsload.32
LOAD acpica/nsnames.32
LOAD acpica/nsobject.32
LOAD acpica/nsparse.32
LOAD acpica/nspredef.32
LOAD acpica/nsprepkg.32
LOAD acpica/nsrepair.32
LOAD acpica/nsrepair2.32
LOAD acpica/nssearch.32
LOAD acpica/nsutils.32
LOAD acpica/nswalk.32
LOAD acpica/nsxfeval.32
LOAD acpica/nsxfname.32
LOAD acpica/nsxfobj.32
LOAD acpica/psargs.32
LOAD acpica/psloop.32
LOAD acpica/psobject.32
LOAD acpica/psopcode.32
LOAD acpica/psopinfo.32
LOAD acpica/psparse.32
LOAD acpica/psscope.32
LOAD acpica/pstree.32
LOAD acpica/psutils.32
LOAD acpica/pswalk.32
LOAD acpica/psxface.32
LOAD acpica/rsaddr.32
LOAD acpica/rscalc.32
LOAD acpica/rscreate.32
LOAD acpica/rsdump.32
LOAD acpica/rsdumpinfo.32
LOAD acpica/rsinfo.32
LOAD acpica/rsio.32
LOAD acpica/rsirq.32
LOAD acpica/rslist.32
LOAD acpica/rsmemory.32
LOAD acpica/rsmisc.32
LOAD acpica/rsserial.32
LOAD acpica/rsutils.32
LOAD acpica/rsxface.32
LOAD acpica/tbdata.32
LOAD acpica/tbfadt.32
LOAD acpica/tbfind.32
LOAD acpica/tbinstal.32
LOAD acpica/tbprint.32
LOAD acpica/tbutils.32
LOAD acpica/tbxface.32
LOAD acpica/tbxfload.32
LOAD acpica/tbxfroot.32
LOAD acpica/utaddress.32
LOAD acpica/utalloc.32
LOAD acpica/utascii.32
LOAD acpica/utbuffer.32
LOAD acpica/utcache.32
LOAD acpica/utclib.32
LOAD acpica/utcopy.32
LOAD acpica/utdebug.32
LOAD acpica/utdecode.32
LOAD acpica/utdelete.32
LOAD acpica/uterror.32
LOAD acpica/uteval.32
LOAD acpica/utexcep.32
LOAD acpica/utglobal.32
LOAD acpica/uthex.32
LOAD acpica/utids.32
LOAD acpica/utinit.32
LOAD acpica/utlock.32
LOAD acpica/utmath.32
LOAD acpica/utmisc.32
LOAD acpica/utmutex.32
LOAD acpica/utnonansi.32
LOAD acpica/utobject.32
LOAD acpica/utosi.32
LOAD acpica/utownerid.32
LOAD acpica/utpredef.32
LOAD acpica/utprint.32
LOAD acpica/utresdecode.32
LOAD acpica/utresrc.32
LOAD acpica/utstate.32
LOAD acpica/utstring.32
LOAD acpica/utstrsuppt.32
LOAD acpica/utstrtoul64.32
LOAD acpica/uttrack.32
LOAD acpica/utuuid.32
LOAD acpica/utxface.32
LOAD acpica/utxferror.32
LOAD acpica/utxfinit.32
LOAD acpica/utxfmutex.32
LOAD core/malloc.32
LOAD libk/string.32
LOAD fs/fat/diskio.32
LOAD fs/fat/ff.32
LOAD fs/fat/ffsystem.32
LOAD fs/fat/ffunicode.32
LOAD hal/libresample/samplerate.32
LOAD hal/libresample/src_linear.32
LOAD hal/libresample/src_sinc.32
LOAD hal/libresample/src_zoh.32
LOAD acpica/osl.32
LOAD core/computer.32
LOAD core/elf.32
LOAD core/gdt.32
LOAD core/idle.32
LOAD core/idt.32
LOAD core/kconsole.32
LOAD core/kheap.32
LOAD core/main.32
LOAD core/physmgr.32
LOAD core/pipe.32
LOAD core/prcssthr.32
LOAD core/syscalls.32
LOAD core/terminal.32
LOAD core/tss.32
LOAD core/unixfile.32
LOAD core/virtmgr.32
LOAD coreobjs/c++.32
LOAD debugger/debug.32
LOAD fs/vfs.32
LOAD hal/bus.32
LOAD hal/buzzer.32
LOAD hal/clock.32
LOAD hal/device.32
LOAD hal/diskctrl.32
LOAD hal/diskphys.32
LOAD hal/fpu.32
LOAD hal/intctrl.32
LOAD hal/keybrd.32
LOAD hal/logidisk.32
LOAD hal/partition.32
LOAD hal/timer.32
LOAD hal/vcache.32
LOAD hw/acpi.32
LOAD hw/cpu.32
LOAD hw/ports.32
LOAD registry/registry.32
LOAD syscalls/sc_exit.32
LOAD syscalls/sc_sbrk.32
LOAD syscalls/sc_yield.32
LOAD vm86/vm8086.32
LOAD fs/fat/vfslink.32
LOAD fs/iso9660/vfslink.32
LOAD hal/sound/sndchannel.32
LOAD hal/sound/sndhw.32
LOAD hw/audio/sb16.32
LOAD hw/bus/isa.32
LOAD hw/bus/pci.32
LOAD hw/bus/ps2.32
LOAD hw/bus/ps2port.32
LOAD hw/buzzer/pcspk.32
LOAD hw/clock/rtc.32
LOAD hw/diskctrl/ide.32
LOAD hw/diskphys/ata.32
LOAD hw/diskphys/atapi.32
LOAD hw/dma/isadma.32
LOAD hw/fpu/avx.32
LOAD hw/fpu/mmx.32
LOAD hw/fpu/sse.32
LOAD hw/fpu/x87.32
LOAD hw/intctrl/apic.32
LOAD hw/intctrl/pic.32
LOAD hw/keybrd/ps2key.32
LOAD hw/timer/apictimer.32
LOAD hw/timer/pit.32
LOAD hw/fpu/x86/avx.32
LOAD hw/fpu/x86/sse.32
LOAD hw/fpu/x86/x87.32
LOAD /cygdrive/d/Users/Alex/Desktop/Toolchain/Output/bin/../lib/gcc/i386-banana/8.1.0/crtend.o
LOAD crtn.32
LOAD /cygdrive/d/Users/Alex/Desktop/Toolchain/Output/bin/../lib/gcc/i386-banana/8.1.0/libgcc.a
LOAD D:/Users/Alex/Desktop/Banana/kernel/libk/libm32.a
                0x00000000c0000000                . = 0xc0000000

.text           0x00000000c0000000    0x5bfd8
 *(.text)
 .text          0x00000000c0000000       0x39 D:/Users/Alex/Desktop/Banana/kernel/boot.32
                0x00000000c000001e                callGlobalConstructors
 .text          0x00000000c0000039        0x0 crti.32
 *fill*         0x00000000c0000039        0x3 
 .text          0x00000000c000003c      0x101 /cygdrive/d/Users/Alex/Desktop/Toolchain/Output/bin/../lib/gcc/i386-banana/8.1.0/crtbegin.o
 *fill*         0x00000000c000013d        0x3 
 .text          0x00000000c0000140      0x54f D:/Users/Alex/Desktop/Banana/kernel/morenasm.32
                0x00000000c0000140                doTPAUSE
                0x00000000c000014a                hasLegacyFPU
                0x00000000c000017c                is486
                0x00000000c00001e4                goToVM86
                0x00000000c0000215                goToUsermode
                0x00000000c0000240                switchToThreadASMFirstTime
                0x00000000c000024e                switchToThreadASM
                0x00000000c00002f0                detectCPUID
                0x00000000c0000306                asmQuickAcquireLock
                0x00000000c0000324                asmQuickReleaseLock
                0x00000000c0000330                asmAcquireLock
                0x00000000c0000351                asmReleaseLock
                0x00000000c0000364                loadGDT
                0x00000000c0000384                isr0
                0x00000000c0000394                isr1
                0x00000000c00003a4                isr2
                0x00000000c00003b4                isr3
                0x00000000c00003c4                isr4
                0x00000000c00003d4                isr5
                0x00000000c00003e4                isr6
                0x00000000c00003f4                isr7
                0x00000000c0000404                isr8
                0x00000000c000040f                isr9
                0x00000000c000041f                isr10
                0x00000000c000042a                isr11
                0x00000000c0000435                isr12
                0x00000000c0000440                isr13
                0x00000000c000044b                isr14
                0x00000000c0000456                isr15
                0x00000000c0000466                isr16
                0x00000000c0000476                isr17
                0x00000000c0000486                isr18
                0x00000000c0000496                isr96
                0x00000000c00004a6                irq0
                0x00000000c00004b6                irq1
                0x00000000c00004c6                irq2
                0x00000000c00004d6                irq3
                0x00000000c00004e6                irq4
                0x00000000c00004f6                irq5
                0x00000000c0000506                irq6
                0x00000000c0000516                irq7
                0x00000000c0000526                irq8
                0x00000000c0000536                irq9
                0x00000000c0000546                irq10
                0x00000000c0000556                irq11
                0x00000000c0000566                irq12
                0x00000000c0000576                irq13
                0x00000000c0000586                irq14
                0x00000000c0000596                irq15
                0x00000000c00005a6                irq16
                0x00000000c00005b6                irq17
                0x00000000c00005c6                irq18
                0x00000000c00005d6                irq19
                0x00000000c00005e6                irq20
                0x00000000c00005f6                irq21
                0x00000000c0000606                irq22
                0x00000000c0000616                irq23
                0x00000000c0000626                int_common_stub
                0x00000000c0000656                syscall_common_stub
 .text          0x00000000c000068f      0x434 acpica/dsargs.32
                0x00000000c000084a                AcpiDsGetBufferFieldArguments
                0x00000000c00008b1                AcpiDsGetBankFieldArguments
                0x00000000c0000918                AcpiDsGetBufferArguments
                0x00000000c0000991                AcpiDsGetPackageArguments
                0x00000000c0000a0a                AcpiDsGetRegionArguments
 .text          0x00000000c0000ac3      0x4c9 acpica/dscontrol.32
                0x00000000c0000ac5                AcpiDsExecBeginControlOp
                0x00000000c0000c01                AcpiDsExecEndControlOp
 .text          0x00000000c0000f8c        0x2 acpica/dsdebug.32
                0x00000000c0000f8c                AcpiDsDumpMethodStack
 .text          0x00000000c0000f8e      0xae5 acpica/dsfield.32
                0x00000000c0000f8e                AcpiDsCreateBufferField
                0x00000000c00014ed                AcpiDsCreateField
                0x00000000c0001612                AcpiDsInitFieldObjects
                0x00000000c00017d3                AcpiDsCreateBankField
                0x00000000c000192f                AcpiDsCreateIndexField
 .text          0x00000000c0001a73      0x25b acpica/dsinit.32
                0x00000000c0001c09                AcpiDsInitializeObjects
 .text          0x00000000c0001cce      0xa8f acpica/dsmethod.32
                0x00000000c0001d1a                AcpiDsAutoSerializeMethod
                0x00000000c0001e40                AcpiDsMethodError
                0x00000000c0001fbf                AcpiDsBeginMethodExecution
                0x00000000c0002278                AcpiDsRestartControlMethod
                0x00000000c0002327                AcpiDsTerminateControlMethod
                0x00000000c0002528                AcpiDsCallControlMethod
 .text          0x00000000c000275d      0x7e9 acpica/dsmthdat.32
                0x00000000c000275d                AcpiDsMethodDataInit
                0x00000000c0002962                AcpiDsMethodDataDeleteAll
                0x00000000c0002a3a                AcpiDsMethodDataGetNode
                0x00000000c0002b8e                AcpiDsMethodDataInitArgs
                0x00000000c0002c13                AcpiDsMethodDataGetValue
                0x00000000c0002dc6                AcpiDsStoreObjectToLocal
 .text          0x00000000c0002f46      0x7d5 acpica/dsobject.32
                0x00000000c0002f46                AcpiDsBuildInternalBufferObj
                0x00000000c00030ce                AcpiDsInitObjectFromOp
                0x00000000c00034a8                AcpiDsBuildInternalObject
                0x00000000c0003673                AcpiDsCreateNode
 .text          0x00000000c000371b      0xb96 acpica/dsopcode.32
                0x00000000c000371b                AcpiDsInitializeRegion
                0x00000000c0003a72                AcpiDsEvalBufferFieldOperands
                0x00000000c0003c01                AcpiDsEvalRegionOperands
                0x00000000c0003dd2                AcpiDsEvalTableRegionOperands
                0x00000000c0003fb6                AcpiDsEvalDataObjectOperands
                0x00000000c0004194                AcpiDsEvalBankFieldOperands
 .text          0x00000000c00042b1      0x62a acpica/dspkginit.32
                0x00000000c00044af                AcpiDsInitPackageElement
                0x00000000c0004527                AcpiDsBuildInternalPackageObj
 .text          0x00000000c00048db      0xa2a acpica/dsutils.32
                0x00000000c00048dd                AcpiDsClearImplicitReturn
                0x00000000c0004922                AcpiDsDoImplicitReturn
                0x00000000c000499c                AcpiDsIsResultUsed
                0x00000000c0004b49                AcpiDsDeleteResultIfNotUsed
                0x00000000c0004bc9                AcpiDsResolveOperands
                0x00000000c0004c2f                AcpiDsClearOperands
                0x00000000c0004c8b                AcpiDsCreateOperand
                0x00000000c0005038                AcpiDsCreateOperands
                0x00000000c000514c                AcpiDsEvaluateNamePath
 .text          0x00000000c0005305      0xb82 acpica/dswexec.32
                0x00000000c000530d                AcpiDsGetPredicateValue
                0x00000000c0005554                AcpiDsExecBeginOp
                0x00000000c000578d                AcpiDsExecEndOp
 .text          0x00000000c0005e87      0x795 acpica/dswload.32
                0x00000000c0005e87                AcpiDsLoad1BeginOp
                0x00000000c000623f                AcpiDsLoad1EndOp
                0x00000000c000653c                AcpiDsInitCallbacks
 .text          0x00000000c000661c      0x9c9 acpica/dswload2.32
                0x00000000c000661c                AcpiDsLoad2BeginOp
                0x00000000c0006aea                AcpiDsLoad2EndOp
 .text          0x00000000c0006fe5      0x17c acpica/dswscope.32
                0x00000000c0006fe5                AcpiDsScopeStackClear
                0x00000000c000702a                AcpiDsScopeStackPush
                0x00000000c0007100                AcpiDsScopeStackPop
 .text          0x00000000c0007161      0x9c3 acpica/dswstate.32
                0x00000000c00071fa                AcpiDsResultPush
                0x00000000c00073ea                AcpiDsResultPop
                0x00000000c0007533                AcpiDsObjStackPush
                0x00000000c00075bc                AcpiDsObjStackPop
                0x00000000c0007649                AcpiDsObjStackPopAndDelete
                0x00000000c00076d7                AcpiDsGetCurrentWalkState
                0x00000000c00076ec                AcpiDsPushWalkState
                0x00000000c0007706                AcpiDsPopWalkState
                0x00000000c0007730                AcpiDsCreateWalkState
                0x00000000c00077d8                AcpiDsInitAmlWalk
                0x00000000c00079e4                AcpiDsDeleteWalkState
 .text          0x00000000c0007b24      0x335 acpica/evevent.32
                0x00000000c0007b24                AcpiEvInstallXruptHandlers
                0x00000000c0007c33                AcpiEvInitializeEvents
                0x00000000c0007d62                AcpiEvFixedEventDetect
 .text          0x00000000c0007e59      0x2f5 acpica/evglock.32
                0x00000000c0007edd                AcpiEvInitGlobalLockHandler
                0x00000000c0007f6e                AcpiEvRemoveGlobalLockHandler
                0x00000000c0007fa7                AcpiEvAcquireGlobalLock
                0x00000000c00080c4                AcpiEvReleaseGlobalLock
 .text          0x00000000c000814e      0xa44 acpica/evgpe.32
                0x00000000c000814e                AcpiEvUpdateGpeEnableMask
                0x00000000c00081c9                AcpiEvEnableGpe
                0x00000000c00081e9                AcpiEvMaskGpe
                0x00000000c00082cf                AcpiEvAddGpeReference
                0x00000000c0008373                AcpiEvRemoveGpeReference
                0x00000000c00083fb                AcpiEvLowGetGpeInfo
                0x00000000c0008465                AcpiEvGetGpeEventInfo
                0x00000000c00084fb                AcpiEvFinishGpe
                0x00000000c00086d9                AcpiEvGpeDispatch
                0x00000000c0008864                AcpiEvDetectGpe
                0x00000000c0008a19                AcpiEvGpeDetect
 .text          0x00000000c0008b92      0x7e2 acpica/evgpeblk.32
                0x00000000c0008c73                AcpiEvDeleteGpeBlock
                0x00000000c0009044                AcpiEvCreateGpeBlock
                0x00000000c00091e7                AcpiEvInitializeGpeBlock
 .text          0x00000000c0009374      0x4d9 acpica/evgpeinit.32
                0x00000000c0009374                AcpiEvMatchGpeMethod
                0x00000000c0009532                AcpiEvGpeInitialize
                0x00000000c0009736                AcpiEvUpdateGpes
 .text          0x00000000c000984d      0x46f acpica/evgpeutil.32
                0x00000000c000984d                AcpiEvWalkGpeList
                0x00000000c00098ff                AcpiEvGetGpeDevice
                0x00000000c000996a                AcpiEvGetGpeXruptBlock
                0x00000000c0009ab6                AcpiEvDeleteGpeXrupt
                0x00000000c0009b92                AcpiEvDeleteGpeHandlers
 .text          0x00000000c0009cbc      0x527 acpica/evhandler.32
                0x00000000c0009cbc                AcpiEvHasDefaultHandler
                0x00000000c0009d26                AcpiEvFindRegionHandler
                0x00000000c0009e7b                AcpiEvInstallSpaceHandler
                0x00000000c000a14d                AcpiEvInstallRegionHandlers
 .text          0x00000000c000a1e3      0x364 acpica/evmisc.32
                0x00000000c000a299                AcpiEvIsNotifyObject
                0x00000000c000a2b8                AcpiEvQueueNotifyRequest
                0x00000000c000a3e5                AcpiEvTerminate
 .text          0x00000000c000a547      0xab8 acpica/evregion.32
                0x00000000c000a547                AcpiEvAddressSpaceDispatch
                0x00000000c000a88c                AcpiEvAttachRegion
                0x00000000c000a8e5                AcpiEvExecuteRegMethod
                0x00000000c000aaf7                AcpiEvDetachRegion
                0x00000000c000aef5                AcpiEvExecuteRegMethods
                0x00000000c000af6e                AcpiEvInitializeOpRegions
 .text          0x00000000c000afff      0x5b5 acpica/evrgnini.32
                0x00000000c000afff                AcpiEvSystemMemoryRegionSetup
                0x00000000c000b0be                AcpiEvIoSpaceRegionSetup
                0x00000000c000b0e1                AcpiEvIsPciRootBridge
                0x00000000c000b1bf                AcpiEvPciConfigRegionSetup
                0x00000000c000b46b                AcpiEvPciBarRegionSetup
                0x00000000c000b471                AcpiEvCmosRegionSetup
                0x00000000c000b477                AcpiEvDefaultRegionSetup
                0x00000000c000b49a                AcpiEvInitializeRegion
 .text          0x00000000c000b5b4      0x1c4 acpica/evsci.32
                0x00000000c000b5b4                AcpiEvSciDispatch
                0x00000000c000b682                AcpiEvGpeXruptHandler
                0x00000000c000b6b0                AcpiEvInstallSciHandler
                0x00000000c000b6e8                AcpiEvRemoveAllSciHandlers
 .text          0x00000000c000b778      0xe26 acpica/evxface.32
                0x00000000c000b778                AcpiInstallNotifyHandler
                0x00000000c000ba1c                AcpiRemoveNotifyHandler
                0x00000000c000bc77                AcpiInstallExceptionHandler
                0x00000000c000bcc9                AcpiInstallSciHandler
                0x00000000c000bdd0                AcpiRemoveSciHandler
                0x00000000c000beca                AcpiInstallGlobalEventHandler
                0x00000000c000bf33                AcpiInstallFixedEventHandler
                0x00000000c000c022                AcpiRemoveFixedEventHandler
                0x00000000c000c2f1                AcpiInstallGpeHandler
                0x00000000c000c321                AcpiInstallGpeRawHandler
                0x00000000c000c351                AcpiRemoveGpeHandler
                0x00000000c000c4fd                AcpiAcquireGlobalLock
                0x00000000c000c561                AcpiReleaseGlobalLock
 .text          0x00000000c000c59e      0x3c7 acpica/evxfevnt.32
                0x00000000c000c59e                AcpiEnable
                0x00000000c000c614                AcpiDisable
                0x00000000c000c679                AcpiEnableEvent
                0x00000000c000c754                AcpiDisableEvent
                0x00000000c000c82e                AcpiClearEvent
                0x00000000c000c887                AcpiGetEventStatus
 .text          0x00000000c000c965      0xb0e acpica/evxfgpe.32
                0x00000000c000c965                AcpiUpdateAllGpes
                0x00000000c000c9f8                AcpiEnableGpe
                0x00000000c000ca81                AcpiDisableGpe
                0x00000000c000caef                AcpiSetGpe
                0x00000000c000cbab                AcpiMaskGpe
                0x00000000c000cc29                AcpiMarkGpeForWake
                0x00000000c000cc9f                AcpiSetupGpeForWake
                0x00000000c000ce4b                AcpiSetGpeWakeMask
                0x00000000c000cf6e                AcpiClearGpe
                0x00000000c000cfe6                AcpiGetGpeStatus
                0x00000000c000d062                AcpiDispatchGpe
                0x00000000c000d07e                AcpiFinishGpe
                0x00000000c000d0ee                AcpiDisableAllGpes
                0x00000000c000d12d                AcpiEnableAllRuntimeGpes
                0x00000000c000d16c                AcpiEnableAllWakeupGpes
                0x00000000c000d1ab                AcpiInstallGpeBlock
                0x00000000c000d31d                AcpiRemoveGpeBlock
                0x00000000c000d3f8                AcpiGetGpeDevice
 .text          0x00000000c000d473      0x23b acpica/evxfregn.32
                0x00000000c000d473                AcpiInstallAddressSpaceHandler
                0x00000000c000d52c                AcpiRemoveAddressSpaceHandler
 .text          0x00000000c000d6ae      0x582 acpica/exconcat.32
                0x00000000c000d755                AcpiExDoConcatenate
                0x00000000c000db0a                AcpiExConcatTemplate
 .text          0x00000000c000dc30      0x6c1 acpica/exconfig.32
                0x00000000c000dd0a                AcpiExUnloadTable
                0x00000000c000ddcd                AcpiExLoadTableOp
                0x00000000c000e025                AcpiExLoadOp
 .text          0x00000000c000e2f1      0x822 acpica/exconvrt.32
                0x00000000c000e2f1                AcpiExConvertToInteger
                0x00000000c000e470                AcpiExConvertToBuffer
                0x00000000c000e71e                AcpiExConvertToString
                0x00000000c000e9b1                AcpiExConvertToTargetType
 .text          0x00000000c000eb13      0x5a7 acpica/excreate.32
                0x00000000c000eb13                AcpiExCreateAlias
                0x00000000c000eba6                AcpiExCreateEvent
                0x00000000c000ec33                AcpiExCreateMutex
                0x00000000c000ecef                AcpiExCreateRegion
                0x00000000c000ee72                AcpiExCreateProcessor
                0x00000000c000ef29                AcpiExCreatePowerResource
                0x00000000c000efc9                AcpiExCreateMethod
 .text          0x00000000c000f0ba      0x599 acpica/exdebug.32
                0x00000000c000f0ba                AcpiExDoDebugObject
 .text          0x00000000c000f653        0x0 acpica/exdump.32
 .text          0x00000000c000f653      0x53d acpica/exfield.32
                0x00000000c000f653                AcpiExGetProtocolBufferLength
                0x00000000c000f6ab                AcpiExReadDataFromField
                0x00000000c000f903                AcpiExWriteDataToField
 .text          0x00000000c000fb90     0x107c acpica/exfldio.32
                0x00000000c000fdf2                AcpiExAccessRegion
                0x00000000c000ffa2                AcpiExInsertIntoField
                0x00000000c0010613                AcpiExWriteWithUpdateRule
                0x00000000c001086d                AcpiExExtractFromField
 .text          0x00000000c0010c0c      0x714 acpica/exmisc.32
                0x00000000c0010c0c                AcpiExGetObjectReference
                0x00000000c0010d1a                AcpiExDoMathOp
                0x00000000c0010f31                AcpiExDoLogicalNumericOp
                0x00000000c001103c                AcpiExDoLogicalOp
 .text          0x00000000c0011320      0x63b acpica/exmutex.32
                0x00000000c0011320                AcpiExUnlinkMutex
                0x00000000c00113db                AcpiExAcquireMutexObject
                0x00000000c00114c1                AcpiExAcquireMutex
                0x00000000c001161b                AcpiExReleaseMutexObject
                0x00000000c00116c9                AcpiExReleaseMutex
                0x00000000c00118b3                AcpiExReleaseAllMutexes
 .text          0x00000000c001195b      0x4eb acpica/exnames.32
                0x00000000c0011b6f                AcpiExGetNameString
 .text          0x00000000c0011e46     0x12d3 acpica/exoparg1.32
                0x00000000c0011e46                AcpiExOpcode_0A_0T_1R
                0x00000000c0011f0a                AcpiExOpcode_1A_0T_0R
                0x00000000c0012022                AcpiExOpcode_1A_1T_0R
                0x00000000c00120a6                AcpiExOpcode_1A_1T_1R
                0x00000000c001292f                AcpiExOpcode_1A_0T_1R
 .text          0x00000000c0013119      0x9a1 acpica/exoparg2.32
                0x00000000c0013119                AcpiExOpcode_2A_0T_0R
                0x00000000c00131fd                AcpiExOpcode_2A_2T_1R
                0x00000000c0013397                AcpiExOpcode_2A_1T_1R
                0x00000000c00138b6                AcpiExOpcode_2A_0T_1R
 .text          0x00000000c0013aba      0x383 acpica/exoparg3.32
                0x00000000c0013aba                AcpiExOpcode_3A_0T_0R
                0x00000000c0013bcb                AcpiExOpcode_3A_1T_1R
 .text          0x00000000c0013e3d      0x3ba acpica/exoparg6.32
                0x00000000c0013f6a                AcpiExOpcode_6A_0T_1R
 .text          0x00000000c00141f7      0x5c2 acpica/exprep.32
                0x00000000c00142c6                AcpiExPrepCommonFieldObject
                0x00000000c0014376                AcpiExPrepFieldValue
 .text          0x00000000c00147b9      0x54d acpica/exregion.32
                0x00000000c00147b9                AcpiExSystemMemorySpaceHandler
                0x00000000c0014b16                AcpiExSystemIoSpaceHandler
                0x00000000c0014ba7                AcpiExPciConfigSpaceHandler
                0x00000000c0014c4f                AcpiExCmosSpaceHandler
                0x00000000c0014c71                AcpiExPciBarSpaceHandler
                0x00000000c0014c93                AcpiExDataTableSpaceHandler
 .text          0x00000000c0014d06      0x3a4 acpica/exresnte.32
                0x00000000c0014d06                AcpiExResolveNodeToValue
 .text          0x00000000c00150aa      0x698 acpica/exresolv.32
                0x00000000c0015318                AcpiExResolveToValue
                0x00000000c00153e6                AcpiExResolveMultiple
 .text          0x00000000c0015742      0x85e acpica/exresop.32
                0x00000000c00157d3                AcpiExResolveOperands
 .text          0x00000000c0015fa0      0x3f7 acpica/exserial.32
                0x00000000c0015fa0                AcpiExReadGpio
                0x00000000c0015fef                AcpiExWriteGpio
                0x00000000c001605b                AcpiExReadSerialBus
                0x00000000c00161d1                AcpiExWriteSerialBus
 .text          0x00000000c0016397      0x612 acpica/exstore.32
                0x00000000c00165e4                AcpiExStoreObjectToNode
                0x00000000c0016802                AcpiExStore
 .text          0x00000000c00169a9      0x2d6 acpica/exstoren.32
                0x00000000c00169a9                AcpiExResolveObject
                0x00000000c0016ad9                AcpiExStoreObjectToObject
 .text          0x00000000c0016c7f      0x233 acpica/exstorob.32
                0x00000000c0016c7f                AcpiExStoreBufferToBuffer
                0x00000000c0016d8e                AcpiExStoreStringToString
 .text          0x00000000c0016eb2      0x238 acpica/exsystem.32
                0x00000000c0016eb2                AcpiExSystemWaitSemaphore
                0x00000000c0016f16                AcpiExSystemWaitMutex
                0x00000000c0016f7a                AcpiExSystemDoStall
                0x00000000c0016fcb                AcpiExSystemDoSleep
                0x00000000c0017028                AcpiExSystemSignalEvent
                0x00000000c001705b                AcpiExSystemWaitEvent
                0x00000000c001709a                AcpiExSystemResetEvent
 .text          0x00000000c00170ea      0x1f6 acpica/extrace.32
                0x00000000c0017152                AcpiExTracePoint
                0x00000000c0017161                AcpiExStartTraceMethod
                0x00000000c0017222                AcpiExStopTraceMethod
                0x00000000c00172b2                AcpiExStartTraceOpcode
                0x00000000c00172c9                AcpiExStopTraceOpcode
 .text          0x00000000c00172e0      0x56c acpica/exutils.32
                0x00000000c00172e0                AcpiExEnterInterpreter
                0x00000000c001734d                AcpiExExitInterpreter
                0x00000000c00173ba                AcpiExTruncateFor32bitTable
                0x00000000c0017422                AcpiExAcquireGlobalLock
                0x00000000c001747a                AcpiExReleaseGlobalLock
                0x00000000c001755e                AcpiExEisaIdToString
                0x00000000c0017694                AcpiExIntegerToString
                0x00000000c0017720                AcpiExPciClsToString
                0x00000000c001781f                AcpiIsValidSpaceId
 .text          0x00000000c001784c      0x1bb acpica/hwacpi.32
                0x00000000c001784c                AcpiHwGetMode
                0x00000000c00178ab                AcpiHwSetMode
 .text          0x00000000c0017a07      0x2a5 acpica/hwesleep.32
                0x00000000c0017a07                AcpiHwExecuteSleepMethod
                0x00000000c0017a7f                AcpiHwExtendedSleep
                0x00000000c0017bce                AcpiHwExtendedWakePrep
                0x00000000c0017c39                AcpiHwExtendedWake
 .text          0x00000000c0017cac      0x5bd acpica/hwgpe.32
                0x00000000c0017cac                AcpiHwGetGpeRegisterBit
                0x00000000c0017cd4                AcpiHwLowSetGpe
                0x00000000c0017e1c                AcpiHwClearGpe
                0x00000000c0017e6f                AcpiHwGetGpeStatus
                0x00000000c0018035                AcpiHwDisableGpeBlock
                0x00000000c0018099                AcpiHwEnableRuntimeGpeBlock
                0x00000000c001819d                AcpiHwClearGpeBlock
                0x00000000c0018206                AcpiHwDisableAllGpes
                0x00000000c0018227                AcpiHwEnableAllRuntimeGpes
                0x00000000c0018248                AcpiHwEnableAllWakeupGpes
 .text          0x00000000c0018269      0x390 acpica/hwpci.32
                0x00000000c0018595                AcpiHwDerivePciId
 .text          0x00000000c00185f9      0xcef acpica/hwregs.32
                0x00000000c0018827                AcpiHwValidateRegister
                0x00000000c001897d                AcpiHwRead
                0x00000000c0018ba8                AcpiHwWrite
                0x00000000c0018d96                AcpiHwGetBitRegisterInfo
                0x00000000c0018dd2                AcpiHwWritePm1Control
                0x00000000c0018efb                AcpiHwRegisterRead
                0x00000000c00190ce                AcpiHwRegisterWrite
                0x00000000c0019275                AcpiHwClearAcpiStatus
 .text          0x00000000c00192e8      0x417 acpica/hwsleep.32
                0x00000000c00192e8                AcpiHwLegacySleep
                0x00000000c0019543                AcpiHwLegacyWakePrep
                0x00000000c001963a                AcpiHwLegacyWake
 .text          0x00000000c00196ff      0x1a6 acpica/hwtimer.32
                0x00000000c00196ff                AcpiGetTimerResolution
                0x00000000c0019734                AcpiGetTimer
                0x00000000c00197a3                AcpiGetTimerDuration
 .text          0x00000000c00198a5      0x3a0 acpica/hwvalid.32
                0x00000000c0019a33                AcpiHwReadPort
                0x00000000c0019b4b                AcpiHwWritePort
 .text          0x00000000c0019c45      0x4d3 acpica/hwxface.32
                0x00000000c0019c45                AcpiReset
                0x00000000c0019cdd                AcpiRead
                0x00000000c0019cff                AcpiWrite
                0x00000000c0019d35                AcpiReadBitRegister
                0x00000000c0019dbb                AcpiWriteBitRegister
                0x00000000c0019ef2                AcpiGetSleepTypeData
 .text          0x00000000c001a118      0x3c1 acpica/hwxfsleep.32
                0x00000000c001a18a                AcpiSetFirmwareWakingVector
                0x00000000c001a1df                AcpiEnterSleepStateS4bios
                0x00000000c001a327                AcpiEnterSleepStatePrep
                0x00000000c001a416                AcpiEnterSleepState
                0x00000000c001a485                AcpiLeaveSleepStatePrep
                0x00000000c001a4af                AcpiLeaveSleepState
 .text          0x00000000c001a4d9      0x892 acpica/nsaccess.32
                0x00000000c001a4d9                AcpiNsRootInitialize
                0x00000000c001a89e                AcpiNsLookup
 .text          0x00000000c001ad6b      0x4d4 acpica/nsalloc.32
                0x00000000c001ad6b                AcpiNsCreateNode
                0x00000000c001adac                AcpiNsDeleteNode
                0x00000000c001ae58                AcpiNsRemoveNode
                0x00000000c001aed1                AcpiNsInstallNode
                0x00000000c001af9e                AcpiNsDeleteChildren
                0x00000000c001b01e                AcpiNsDeleteNamespaceSubtree
                0x00000000c001b0ed                AcpiNsDeleteNamespaceByOwner
 .text          0x00000000c001b23f      0x416 acpica/nsarguments.32
                0x00000000c001b23f                AcpiNsCheckArgumentTypes
                0x00000000c001b35c                AcpiNsCheckAcpiCompliance
                0x00000000c001b4c9                AcpiNsCheckArgumentCount
 .text          0x00000000c001b655      0x66f acpica/nsconvert.32
                0x00000000c001b655                AcpiNsConvertToInteger
                0x00000000c001b77a                AcpiNsConvertToString
                0x00000000c001b895                AcpiNsConvertToBuffer
                0x00000000c001ba19                AcpiNsConvertToUnicode
                0x00000000c001baf6                AcpiNsConvertToResource
                0x00000000c001bbb1                AcpiNsConvertToReference
 .text          0x00000000c001bcc4        0x0 acpica/nsdump.32
 .text          0x00000000c001bcc4        0x0 acpica/nsdumpdv.32
 .text          0x00000000c001bcc4      0x3d1 acpica/nseval.32
                0x00000000c001bcc4                AcpiNsEvaluate
 .text          0x00000000c001c095      0x73d acpica/nsinit.32
                0x00000000c001c2d9                AcpiNsInitializeObjects
                0x00000000c001c33e                AcpiNsInitializeDevices
                0x00000000c001c52e                AcpiNsInitOnePackage
 .text          0x00000000c001c7d2       0xeb acpica/nsload.32
                0x00000000c001c7d2                AcpiNsLoadTable
 .text          0x00000000c001c8bd      0x644 acpica/nsnames.32
                0x00000000c001c8bd                AcpiNsHandleToName
                0x00000000c001c93b                AcpiNsBuildNormalizedPath
                0x00000000c001cad3                AcpiNsGetPathnameLength
                0x00000000c001cb2f                AcpiNsHandleToPathname
                0x00000000c001cbce                AcpiNsGetNormalizedPathname
                0x00000000c001cc5f                AcpiNsGetExternalPathname
                0x00000000c001cd96                AcpiNsBuildPrefixedPathname
 .text          0x00000000c001cf01      0x4c5 acpica/nsobject.32
                0x00000000c001cf01                AcpiNsDetachObject
                0x00000000c001d001                AcpiNsAttachObject
                0x00000000c001d193                AcpiNsGetAttachedObject
                0x00000000c001d200                AcpiNsGetSecondaryObject
                0x00000000c001d236                AcpiNsAttachData
                0x00000000c001d2e9                AcpiNsDetachData
                0x00000000c001d371                AcpiNsGetAttachedData
 .text          0x00000000c001d3c6      0x3ba acpica/nsparse.32
                0x00000000c001d3c6                AcpiNsExecuteTable
                0x00000000c001d5a0                AcpiNsOneCompleteParse
                0x00000000c001d75e                AcpiNsParseTable
 .text          0x00000000c001d780      0x440 acpica/nspredef.32
                0x00000000c001d857                AcpiNsCheckObjectType
                0x00000000c001da8c                AcpiNsCheckReturnValue
 .text          0x00000000c001dbc0      0xb09 acpica/nsprepkg.32
                0x00000000c001e1a9                AcpiNsCheckPackage
 .text          0x00000000c001e6c9      0x4ed acpica/nsrepair.32
                0x00000000c001e735                AcpiNsRepairNullElement
                0x00000000c001e7f7                AcpiNsRemoveNullElements
                0x00000000c001e8a7                AcpiNsWrapWithPackage
                0x00000000c001e8fc                AcpiNsSimpleRepair
 .text          0x00000000c001ebb6      0xb1d acpica/nsrepair2.32
                0x00000000c001f009                AcpiNsComplexRepairs
 .text          0x00000000c001f6d3      0x2b8 acpica/nssearch.32
                0x00000000c001f6d3                AcpiNsSearchOneScope
                0x00000000c001f7b2                AcpiNsSearchAndEnter
 .text          0x00000000c001f98b      0x903 acpica/nsutils.32
                0x00000000c001f98b                AcpiNsPrintNodePathname
                0x00000000c001fa14                AcpiNsGetType
                0x00000000c001fa4d                AcpiNsLocal
                0x00000000c001fa9d                AcpiNsGetInternalNameLength
                0x00000000c001fb92                AcpiNsBuildInternalName
                0x00000000c001fd80                AcpiNsInternalizeName
                0x00000000c001fe24                AcpiNsExternalizeName
                0x00000000c00200b4                AcpiNsValidateHandle
                0x00000000c00200de                AcpiNsTerminate
                0x00000000c0020130                AcpiNsOpensScope
                0x00000000c0020171                AcpiNsGetNodeUnlocked
                0x00000000c002023c                AcpiNsGetNode
 .text          0x00000000c002028e      0x2a4 acpica/nswalk.32
                0x00000000c002028e                AcpiNsGetNextNode
                0x00000000c00202a5                AcpiNsGetNextNodeTyped
                0x00000000c0020302                AcpiNsWalkNamespace
 .text          0x00000000c0020532      0xa38 acpica/nsxfeval.32
                0x00000000c00207de                AcpiEvaluateObject
                0x00000000c0020ad4                AcpiEvaluateObjectTyped
                0x00000000c0020c6f                AcpiWalkNamespace
                0x00000000c0020d43                AcpiGetDevices
                0x00000000c0020dc2                AcpiAttachData
                0x00000000c0020e53                AcpiDetachData
                0x00000000c0020ed9                AcpiGetData
 .text          0x00000000c0020f6a      0x8e9 acpica/nsxfname.32
                0x00000000c0020f6a                AcpiGetHandle
                0x00000000c0021034                AcpiGetName
                0x00000000c002112d                AcpiGetObjectInfo
                0x00000000c00215d3                AcpiInstallMethod
 .text          0x00000000c0021853      0x227 acpica/nsxfobj.32
                0x00000000c0021853                AcpiGetType
                0x00000000c00218f4                AcpiGetParent
                0x00000000c0021994                AcpiGetNextObject
 .text          0x00000000c0021a7a      0xce2 acpica/psargs.32
                0x00000000c0021b04                AcpiPsGetNextPackageEnd
                0x00000000c0021b30                AcpiPsGetNextNamestring
                0x00000000c0021bc8                AcpiPsGetNextNamepath
                0x00000000c0021e44                AcpiPsGetNextSimpleArg
                0x00000000c00223e6                AcpiPsGetNextArg
 .text          0x00000000c002275c      0x9bb acpica/psloop.32
                0x00000000c00229b1                AcpiPsParseLoop
 .text          0x00000000c0023117      0xc22 acpica/psobject.32
                0x00000000c0023274                AcpiPsBuildNamedOp
                0x00000000c0023460                AcpiPsCreateOp
                0x00000000c00236fa                AcpiPsCompleteOp
                0x00000000c0023b79                AcpiPsCompleteFinalOp
 .text          0x00000000c0023d39        0x0 acpica/psopcode.32
 .text          0x00000000c0023d39       0x92 acpica/psopinfo.32
                0x00000000c0023d39                AcpiPsGetOpcodeInfo
                0x00000000c0023da1                AcpiPsGetOpcodeName
                0x00000000c0023db5                AcpiPsGetArgumentCount
 .text          0x00000000c0023dcb      0xa01 acpica/psparse.32
                0x00000000c0023dcb                AcpiPsGetOpcodeSize
                0x00000000c0023de1                AcpiPsPeekOpcode
                0x00000000c0023e2c                AcpiPsCompleteThisOp
                0x00000000c002419d                AcpiPsNextParseState
                0x00000000c002431a                AcpiPsParseAml
 .text          0x00000000c00247cc      0x221 acpica/psscope.32
                0x00000000c00247cc                AcpiPsGetParentScope
                0x00000000c00247d7                AcpiPsHasCompletedScope
                0x00000000c002480a                AcpiPsInitScope
                0x00000000c002487d                AcpiPsPushScope
                0x00000000c0024910                AcpiPsPopScope
                0x00000000c00249a8                AcpiPsCleanupScope
 .text          0x00000000c00249ed      0x25a acpica/pstree.32
                0x00000000c00249ed                AcpiPsGetArg
                0x00000000c0024a6f                AcpiPsAppendArg
                0x00000000c0024b5c                AcpiPsGetDepthNext
 .text          0x00000000c0024c47      0x1db acpica/psutils.32
                0x00000000c0024c47                AcpiPsInitOp
                0x00000000c0024c6a                AcpiPsAllocOp
                0x00000000c0024d47                AcpiPsCreateScopeOp
                0x00000000c0024d80                AcpiPsFreeOp
                0x00000000c0024dc3                AcpiPsIsLeadingChar
                0x00000000c0024de8                AcpiPsGetName
                0x00000000c0024e05                AcpiPsSetName
 .text          0x00000000c0024e22       0xac acpica/pswalk.32
                0x00000000c0024e22                AcpiPsDeleteParseTree
 .text          0x00000000c0024ece      0x507 acpica/psxface.32
                0x00000000c0024ece                AcpiDebugTrace
                0x00000000c0024f30                AcpiPsExecuteTable
                0x00000000c0025136                AcpiPsExecuteMethod
 .text          0x00000000c00253d5      0x10b acpica/rsaddr.32
                0x00000000c00253d5                AcpiRsGetAddressCommon
                0x00000000c0025468                AcpiRsSetAddressCommon
 .text          0x00000000c00254e0      0x8c2 acpica/rscalc.32
                0x00000000c002555d                AcpiRsGetAmlLength
                0x00000000c0025855                AcpiRsGetListLength
                0x00000000c0025c56                AcpiRsGetPciRoutingTableLength
 .text          0x00000000c0025da2      0x605 acpica/rscreate.32
                0x00000000c0025da2                AcpiBufferToResource
                0x00000000c0025e79                AcpiRsCreateResourceList
                0x00000000c0025f2c                AcpiRsCreatePciRoutingTable
                0x00000000c002630d                AcpiRsCreateAmlResources
 .text          0x00000000c00263a7        0x0 acpica/rsdump.32
 .text          0x00000000c00263a7        0x0 acpica/rsdumpinfo.32
 .text          0x00000000c00263a7        0x0 acpica/rsinfo.32
 .text          0x00000000c00263a7        0x0 acpica/rsio.32
 .text          0x00000000c00263a7        0x0 acpica/rsirq.32
 .text          0x00000000c00263a7      0x2d8 acpica/rslist.32
                0x00000000c00263a7                AcpiRsConvertAmlToResources
                0x00000000c00264d6                AcpiRsConvertResourcesToAml
 .text          0x00000000c002667f        0x0 acpica/rsmemory.32
 .text          0x00000000c002667f      0xf32 acpica/rsmisc.32
                0x00000000c002667f                AcpiRsConvertAmlToResource
                0x00000000c0026ef4                AcpiRsConvertResourceToAml
 .text          0x00000000c00275b1        0x0 acpica/rsserial.32
 .text          0x00000000c00275b1      0x6d4 acpica/rsutils.32
                0x00000000c00275b1                AcpiRsDecodeBitmask
                0x00000000c0027607                AcpiRsEncodeBitmask
                0x00000000c0027661                AcpiRsMoveData
                0x00000000c0027750                AcpiRsSetResourceLength
                0x00000000c00277ae                AcpiRsSetResourceHeader
                0x00000000c0027835                AcpiRsGetResourceSource
                0x00000000c002792c                AcpiRsSetResourceSource
                0x00000000c00279a0                AcpiRsGetPrtMethodData
                0x00000000c00279fc                AcpiRsGetCrsMethodData
                0x00000000c0027a58                AcpiRsGetPrsMethodData
                0x00000000c0027ab4                AcpiRsGetAeiMethodData
                0x00000000c0027b10                AcpiRsGetMethodData
                0x00000000c0027b6b                AcpiRsSetSrsMethodData
 .text          0x00000000c0027c85      0x74f acpica/rsxface.32
                0x00000000c0027de1                AcpiGetIrqRoutingTable
                0x00000000c0027e2d                AcpiGetCurrentResources
                0x00000000c0027e79                AcpiGetPossibleResources
                0x00000000c0027ec5                AcpiSetCurrentResources
                0x00000000c0027f34                AcpiGetEventResources
                0x00000000c0027f80                AcpiResourceToAddress64
                0x00000000c00281d6                AcpiWalkResourceBuffer
                0x00000000c00282ac                AcpiWalkResources
                0x00000000c0028374                AcpiGetVendorResource
 .text          0x00000000c00283d4      0xe54 acpica/tbdata.32
                0x00000000c00283d4                AcpiTbInitTableDescriptor
                0x00000000c0028442                AcpiTbAcquireTable
                0x00000000c00284d7                AcpiTbReleaseTable
                0x00000000c00285c6                AcpiTbAcquireTempTable
                0x00000000c00286a5                AcpiTbValidateTable
                0x00000000c00286fe                AcpiTbInvalidateTable
                0x00000000c0028745                AcpiTbReleaseTempTable
                0x00000000c002875c                AcpiTbValidateTempTable
                0x00000000c0028845                AcpiTbVerifyTempTable
                0x00000000c0028a29                AcpiTbResizeRootTableList
                0x00000000c0028be3                AcpiTbGetNextTableDescriptor
                0x00000000c0028c66                AcpiTbTerminate
                0x00000000c0028d05                AcpiTbDeleteNamespaceByOwner
                0x00000000c0028dc6                AcpiTbAllocateOwnerId
                0x00000000c0028e30                AcpiTbReleaseOwnerId
                0x00000000c0028e9e                AcpiTbGetOwnerId
                0x00000000c0028f07                AcpiTbIsTableLoaded
                0x00000000c0028f6b                AcpiTbSetTableLoadedFlag
                0x00000000c002903b                AcpiTbNotifyTable
                0x00000000c0029068                AcpiTbLoadTable
                0x00000000c0029101                AcpiTbInstallAndLoadTable
                0x00000000c0029187                AcpiTbUnloadTable
 .text          0x00000000c0029228      0x94e acpica/tbfadt.32
                0x00000000c002999f                AcpiTbCreateLocalFadt
                0x00000000c0029a44                AcpiTbParseFadt
 .text          0x00000000c0029b76      0x298 acpica/tbfind.32
                0x00000000c0029b76                AcpiTbFindTable
 .text          0x00000000c0029e0e      0x4de acpica/tbinstal.32
                0x00000000c0029e0e                AcpiTbUninstallTable
                0x00000000c0029e7d                AcpiTbOverrideTable
                0x00000000c002a02c                AcpiTbInstallTableWithOverride
                0x00000000c002a11f                AcpiTbInstallStandardTable
 .text          0x00000000c002a2ec      0x2ea acpica/tbprint.32
                0x00000000c002a395                AcpiTbPrintTableHeader
                0x00000000c002a512                AcpiTbChecksum
                0x00000000c002a54d                AcpiTbVerifyChecksum
 .text          0x00000000c002a5d6      0x665 acpica/tbutils.32
                0x00000000c002a5d6                AcpiTbInitializeFacs
                0x00000000c002a678                AcpiTbCheckDsdtHeader
                0x00000000c002a701                AcpiTbCopyDsdt
                0x00000000c002a879                AcpiTbParseRootTable
                0x00000000c002ab46                AcpiTbGetTable
                0x00000000c002abd0                AcpiTbPutTable
 .text          0x00000000c002ac3b      0x685 acpica/tbxface.32
                0x00000000c002ac3b                AcpiAllocateRootTable
                0x00000000c002ac57                AcpiInitializeTables
                0x00000000c002ad2f                AcpiReallocateRootTable
                0x00000000c002ae8a                AcpiGetTableHeader
                0x00000000c002b01f                AcpiGetTable
                0x00000000c002b0ee                AcpiPutTable
                0x00000000c002b176                AcpiGetTableByIndex
                0x00000000c002b1fb                AcpiInstallTableHandler
                0x00000000c002b264                AcpiRemoveTableHandler
 .text          0x00000000c002b2c0      0x56f acpica/tbxfload.32
                0x00000000c002b2c0                AcpiTbLoadNamespace
                0x00000000c002b583                AcpiLoadTables
                0x00000000c002b613                AcpiInstallTable
                0x00000000c002b671                AcpiLoadTable
                0x00000000c002b6da                AcpiUnloadParentTable
                0x00000000c002b803                AcpiUnloadTable
 .text          0x00000000c002b82f      0x310 acpica/tbxfroot.32
                0x00000000c002b82f                AcpiTbGetRsdpLength
                0x00000000c002b871                AcpiTbValidateRsdp
                0x00000000c002b8e2                AcpiTbScanMemoryForRsdp
                0x00000000c002b935                AcpiFindRootPointer
 .text          0x00000000c002bb3f      0x37f acpica/utaddress.32
                0x00000000c002bb3f                AcpiUtAddAddressRange
                0x00000000c002bbfd                AcpiUtRemoveAddressRange
                0x00000000c002bc99                AcpiUtCheckAddressRange
                0x00000000c002be59                AcpiUtDeleteAddressLists
 .text          0x00000000c002bebe      0x2ae acpica/utalloc.32
                0x00000000c002bebe                AcpiOsAllocateZeroed
                0x00000000c002bef8                AcpiUtCreateCaches
                0x00000000c002bfca                AcpiUtDeleteCaches
                0x00000000c002c05d                AcpiUtValidateBuffer
                0x00000000c002c0a7                AcpiUtInitializeBuffer
 .text          0x00000000c002c16c       0xfc acpica/utascii.32
                0x00000000c002c16c                AcpiUtValidNameChar
                0x00000000c002c1af                AcpiUtValidNameseg
                0x00000000c002c1f4                AcpiUtCheckAndRepairAscii
 .text          0x00000000c002c268      0x2f6 acpica/utbuffer.32
                0x00000000c002c268                AcpiUtDumpBuffer
                0x00000000c002c527                AcpiUtDebugDumpBuffer
 .text          0x00000000c002c55e      0x317 acpica/utcache.32
                0x00000000c002c55e                AcpiOsCreateCache
                0x00000000c002c5f7                AcpiOsPurgeCache
                0x00000000c002c682                AcpiOsDeleteCache
                0x00000000c002c6bd                AcpiOsReleaseObject
                0x00000000c002c780                AcpiOsAcquireObject
 .text          0x00000000c002c875      0x7bd acpica/utclib.32
                0x00000000c002c875                memcmp
                0x00000000c002c8d9                memmove
                0x00000000c002c95e                memcpy
                0x00000000c002c9e8                memset
                0x00000000c002ca18                strlen
                0x00000000c002ca3f                strpbrk
                0x00000000c002ca89                strtok
                0x00000000c002cb22                strcpy
                0x00000000c002cb5c                strncpy
                0x00000000c002cbbe                strcmp
                0x00000000c002cc02                strchr
                0x00000000c002cc2b                strncmp
                0x00000000c002cc8b                strcat
                0x00000000c002ccd5                strncat
                0x00000000c002cd3f                strstr
                0x00000000c002cd9c                toupper
                0x00000000c002cdbe                tolower
                0x00000000c002cde0                simple_strtoul
 .text          0x00000000c002d032      0xc0c acpica/utcopy.32
                0x00000000c002d3f4                AcpiUtCopyIobjectToEobject
                0x00000000c002d653                AcpiUtCopyEobjectToIobject
                0x00000000c002db95                AcpiUtCopyIobjectToIobject
 .text          0x00000000c002dc3e        0x0 acpica/utdebug.32
 .text          0x00000000c002dc3e      0x1c7 acpica/utdecode.32
                0x00000000c002dc3e                AcpiUtGetRegionName
                0x00000000c002dc8c                AcpiUtGetEventName
                0x00000000c002dca5                AcpiUtGetTypeName
                0x00000000c002dcbe                AcpiUtGetObjectTypeName
                0x00000000c002dcfb                AcpiUtGetNodeName
                0x00000000c002dd5d                AcpiUtGetDescriptorName
                0x00000000c002dd8d                AcpiUtGetReferenceName
                0x00000000c002dddf                AcpiUtGetMutexName
                0x00000000c002ddf8                AcpiUtValidObjectType
 .text          0x00000000c002de05      0x900 acpica/utdelete.32
                0x00000000c002de05                AcpiUtRemoveReference
                0x00000000c002e3a7                AcpiUtUpdateObjectReference
                0x00000000c002e691                AcpiUtAddReference
                0x00000000c002e6c3                AcpiUtDeleteInternalObjectList
 .text          0x00000000c002e705      0x2bc acpica/uterror.32
                0x00000000c002e705                AcpiUtPredefinedWarning
                0x00000000c002e76c                AcpiUtPredefinedInfo
                0x00000000c002e7d3                AcpiUtPredefinedBiosError
                0x00000000c002e83a                AcpiUtPrefixedNamespaceError
                0x00000000c002e91a                AcpiUtMethodError
 .text          0x00000000c002e9c1      0x36f acpica/uteval.32
                0x00000000c002e9c1                AcpiUtEvaluateObject
                0x00000000c002ebbd                AcpiUtEvaluateNumericObject
                0x00000000c002ec13                AcpiUtExecute_STA
                0x00000000c002ec82                AcpiUtExecutePowerMethods
 .text          0x00000000c002ed30      0x13b acpica/utexcep.32
                0x00000000c002ed30                AcpiUtValidateException
                0x00000000c002ee25                AcpiFormatException
 .text          0x00000000c002ee6b        0x0 acpica/utglobal.32
 .text          0x00000000c002ee6b       0xe5 acpica/uthex.32
                0x00000000c002ee6b                AcpiUtHexToAsciiChar
                0x00000000c002eebd                AcpiUtAsciiCharToHex
                0x00000000c002eee3                AcpiUtAsciiToHexByte
 .text          0x00000000c002ef50      0x577 acpica/utids.32
                0x00000000c002ef50                AcpiUtExecute_HID
                0x00000000c002f041                AcpiUtExecute_UID
                0x00000000c002f132                AcpiUtExecute_CID
                0x00000000c002f36e                AcpiUtExecute_CLS
 .text          0x00000000c002f4c7      0x368 acpica/utinit.32
                0x00000000c002f561                AcpiUtInitGlobals
                0x00000000c002f7d3                AcpiUtSubsystemShutdown
 .text          0x00000000c002f82f      0x1e7 acpica/utlock.32
                0x00000000c002f82f                AcpiUtCreateRwLock
                0x00000000c002f885                AcpiUtDeleteRwLock
                0x00000000c002f8d2                AcpiUtAcquireReadLock
                0x00000000c002f957                AcpiUtReleaseReadLock
                0x00000000c002f9d2                AcpiUtAcquireWriteLock
                0x00000000c002f9fa                AcpiUtReleaseWriteLock
 .text          0x00000000c002fa16      0x236 acpica/utmath.32
                0x00000000c002fa16                AcpiUtShortMultiply
                0x00000000c002fa64                AcpiUtShortShiftLeft
                0x00000000c002fab0                AcpiUtShortShiftRight
                0x00000000c002fafc                AcpiUtShortDivide
                0x00000000c002fb99                AcpiUtDivide
 .text          0x00000000c002fc4c      0x310 acpica/utmisc.32
                0x00000000c002fc4c                AcpiUtIsPciRootBridge
                0x00000000c002fc89                AcpiUtDwordByteSwap
                0x00000000c002fcbc                AcpiUtSetIntegerWidth
                0x00000000c002fcfd                AcpiUtCreateUpdateStateAndPush
                0x00000000c002fd5a                AcpiUtWalkPackageTree
 .text          0x00000000c002ff5c      0x3a7 acpica/utmutex.32
                0x00000000c002ffcd                AcpiUtMutexInitialize
                0x00000000c003010a                AcpiUtMutexTerminate
                0x00000000c003018a                AcpiUtAcquireMutex
                0x00000000c0030254                AcpiUtReleaseMutex
 .text          0x00000000c0030303       0xe6 acpica/utnonansi.32
                0x00000000c0030303                AcpiUtStrlwr
                0x00000000c0030349                AcpiUtStrupr
                0x00000000c003038f                AcpiUtStricmp
 .text          0x00000000c00303e9      0x689 acpica/utobject.32
                0x00000000c00303e9                AcpiUtValidInternalObject
                0x00000000c0030409                AcpiUtAllocateObjectDescDbg
                0x00000000c0030457                AcpiUtDeleteObjectDesc
                0x00000000c00304af                AcpiUtCreateInternalObjectDbg
                0x00000000c0030569                AcpiUtCreatePackageObject
                0x00000000c00305e7                AcpiUtCreateIntegerObject
                0x00000000c003063c                AcpiUtCreateBufferObject
                0x00000000c00306f2                AcpiUtCreateStringObject
                0x00000000c0030a21                AcpiUtGetObjectSize
 .text          0x00000000c0030a72      0x545 acpica/utosi.32
                0x00000000c0030a72                AcpiUtInitializeInterfaces
                0x00000000c0030b03                AcpiUtInterfaceTerminate
                0x00000000c0030be2                AcpiUtInstallInterface
                0x00000000c0030c85                AcpiUtRemoveInterface
                0x00000000c0030d6b                AcpiUtUpdateInterfaces
                0x00000000c0030dfc                AcpiUtGetInterface
                0x00000000c0030e45                AcpiUtOsiImplementation
 .text          0x00000000c0030fb7      0x26c acpica/utownerid.32
                0x00000000c0030fb7                AcpiUtAllocateOwnerId
                0x00000000c0031134                AcpiUtReleaseOwnerId
 .text          0x00000000c0031223      0x10d acpica/utpredef.32
                0x00000000c0031223                AcpiUtGetNextPredefinedMethod
                0x00000000c003124c                AcpiUtMatchPredefinedMethod
                0x00000000c00312a3                AcpiUtGetExpectedReturnTypes
 .text          0x00000000c0031330      0xbba acpica/utprint.32
                0x00000000c0031472                AcpiUtScanNumber
                0x00000000c0031500                AcpiUtPrintNumber
                0x00000000c00318b8                vsnprintf
                0x00000000c0031e8c                snprintf
                0x00000000c0031ebc                sprintf
 .text          0x00000000c0031eea        0x0 acpica/utresdecode.32
 .text          0x00000000c0031eea      0x404 acpica/utresrc.32
                0x00000000c0031eea                AcpiUtGetResourceType
                0x00000000c0031f05                AcpiUtGetResourceLength
                0x00000000c0031f3d                AcpiUtValidateResource
                0x00000000c00320f8                AcpiUtGetResourceHeaderLength
                0x00000000c0032108                AcpiUtGetDescriptorLength
                0x00000000c003212b                AcpiUtWalkAmlResources
                0x00000000c003229d                AcpiUtGetResourceEndTag
 .text          0x00000000c00322ee      0x1ef acpica/utstate.32
                0x00000000c00322ee                AcpiUtPushGenericState
                0x00000000c0032306                AcpiUtPopGenericState
                0x00000000c003232e                AcpiUtCreateGenericState
                0x00000000c003235d                AcpiUtCreateThreadState
                0x00000000c00323e4                AcpiUtCreateUpdateState
                0x00000000c003242e                AcpiUtCreatePkgState
                0x00000000c0032484                AcpiUtCreateControlState
                0x00000000c00324b8                AcpiUtDeleteGenericState
 .text          0x00000000c00324dd      0x28e acpica/utstring.32
                0x00000000c00324dd                AcpiUtPrintString
                0x00000000c00326bd                AcpiUtRepairName
 .text          0x00000000c003276b      0x470 acpica/utstrsuppt.32
                0x00000000c003276b                AcpiUtRemoveLeadingZeros
                0x00000000c0032791                AcpiUtRemoveWhitespace
                0x00000000c00327c4                AcpiUtRemoveHexPrefix
                0x00000000c0032804                AcpiUtDetectHexPrefix
                0x00000000c0032836                AcpiUtDetectOctalPrefix
                0x00000000c0032a3e                AcpiUtConvertOctalString
                0x00000000c0032ac5                AcpiUtConvertDecimalString
                0x00000000c0032b52                AcpiUtConvertHexString
 .text          0x00000000c0032bdb      0x262 acpica/utstrtoul64.32
                0x00000000c0032bdb                AcpiUtStrtoul64
                0x00000000c0032d04                AcpiUtImplicitStrtoul64
                0x00000000c0032d88                AcpiUtExplicitStrtoul64
 .text          0x00000000c0032e3d        0x0 acpica/uttrack.32
 .text          0x00000000c0032e3d        0x0 acpica/utuuid.32
 .text          0x00000000c0032e3d      0x6c7 acpica/utxface.32
                0x00000000c0032e3d                AcpiTerminate
                0x00000000c0032e5b                AcpiSubsystemStatus
                0x00000000c0032e71                AcpiGetSystemInfo
                0x00000000c0032f36                AcpiGetStatistics
                0x00000000c0032f90                AcpiInstallInitializationHandler
                0x00000000c0032fbb                AcpiPurgeCachedObjects
                0x00000000c003300b                AcpiInstallInterface
                0x00000000c00330d9                AcpiRemoveInterface
                0x00000000c0033154                AcpiInstallInterfaceHandler
                0x00000000c00331be                AcpiUpdateInterfaces
                0x00000000c0033222                AcpiCheckAddressRange
                0x00000000c00332a1                AcpiDecodePldBuffer
 .text          0x00000000c0033504      0x26a acpica/utxferror.32
                0x00000000c0033504                AcpiError
                0x00000000c0033552                AcpiException
                0x00000000c00335c9                AcpiWarning
                0x00000000c0033617                AcpiInfo
                0x00000000c003365b                AcpiBiosError
                0x00000000c00336a9                AcpiBiosException
                0x00000000c0033720                AcpiBiosWarning
 .text          0x00000000c003376e      0x239 acpica/utxfinit.32
                0x00000000c003376e                AcpiInitializeSubsystem
                0x00000000c003387f                AcpiEnableSubsystem
                0x00000000c0033953                AcpiInitializeObjects
 .text          0x00000000c00339a7      0x14f acpica/utxfmutex.32
                0x00000000c0033a50                AcpiAcquireMutex
                0x00000000c0033aac                AcpiReleaseMutex
 .text          0x00000000c0033af6      0xfd0 core/malloc.32
                0x00000000c0033c61                dlfree
                0x00000000c0033fbe                dlmalloc
                0x00000000c003450a                dlrealloc
                0x00000000c00346bf                dlmemalign
                0x00000000c00347e2                dlcalloc
                0x00000000c003487c                dlcfree
                0x00000000c0034881                dlindependent_calloc
                0x00000000c00348a6                dlindependent_comalloc
                0x00000000c00348bd                dlvalloc
                0x00000000c00348e8                dlpvalloc
                0x00000000c003491e                dlmalloc_trim
                0x00000000c003492b                dlmalloc_usable_size
                0x00000000c003495c                dlmallinfo
                0x00000000c0034a2b                dlmalloc_stats
                0x00000000c0034a3c                dlmallopt
 .text          0x00000000c0034ac6        0x0 libk/string.32
 .text          0x00000000c0034ac6       0x51 fs/fat/diskio.32
                0x00000000c0034ac6                disk_status
                0x00000000c0034ac9                disk_initialize
                0x00000000c0034acc                disk_read
                0x00000000c0034ae2                disk_write
                0x00000000c0034af8                disk_ioctl
 .text          0x00000000c0034b17     0x681b fs/fat/ff.32
                0x00000000c0037de0                f_mount
                0x00000000c0037e3e                f_open
                0x00000000c0038276                f_read
                0x00000000c00384f6                f_write
                0x00000000c00387b0                f_sync
                0x00000000c0038988                f_close
                0x00000000c00389b7                f_lseek
                0x00000000c0038e6e                f_opendir
                0x00000000c0038f70                f_closedir
                0x00000000c0038f92                f_readdir
                0x00000000c003902d                f_stat
                0x00000000c00390bc                f_getfree
                0x00000000c0039287                f_truncate
                0x00000000c003937f                f_unlink
                0x00000000c0039503                f_mkdir
                0x00000000c003972f                f_rename
                0x00000000c0039a1e                f_chmod
                0x00000000c0039afc                f_utime
                0x00000000c0039bda                f_getlabel
                0x00000000c0039dc8                f_setlabel
                0x00000000c003a031                f_forward
                0x00000000c003a20f                f_mkfs
 .text          0x00000000c003b332       0x2d fs/fat/ffsystem.32
                0x00000000c003b332                ff_memalloc
                0x00000000c003b348                ff_memfree
 .text          0x00000000c003b35f      0x253 fs/fat/ffunicode.32
                0x00000000c003b35f                ff_uni2oem
                0x00000000c003b3ef                ff_oem2uni
                0x00000000c003b45b                ff_wtoupper
 .text          0x00000000c003b5b2      0xc07 hal/libresample/samplerate.32
                0x00000000c003b5f6                src_delete
                0x00000000c003b651                src_process
                0x00000000c003b840                src_callback_read
                0x00000000c003ba7a                src_set_ratio
                0x00000000c003baec                src_get_channels
                0x00000000c003bb2d                src_reset
                0x00000000c003bb9f                src_get_name
                0x00000000c003bc0b                src_get_description
                0x00000000c003bc77                src_get_version
                0x00000000c003bc7d                src_is_valid_ratio
                0x00000000c003bcb3                src_error
                0x00000000c003bcc8                src_strerror
                0x00000000c003bd79                src_short_to_float_array
                0x00000000c003bdcb                src_float_to_short_array
                0x00000000c003be7b                src_int_to_float_array
                0x00000000c003becc                src_float_to_int_array
                0x00000000c003bfec                src_new
                0x00000000c003c0c0                src_callback_new
                0x00000000c003c154                src_simple
 .text          0x00000000c003c1b9      0x7bb hal/libresample/src_linear.32
                0x00000000c003c875                linear_get_name
                0x00000000c003c888                linear_get_description
                0x00000000c003c89b                linear_set_converter
 .text          0x00000000c003c974     0x3a11 hal/libresample/src_sinc.32
                0x00000000c003e3ae                sinc_get_name
                0x00000000c003e3db                sinc_get_description
                0x00000000c003e40a                sinc_set_converter
 .text          0x00000000c0040385      0x743 hal/libresample/src_zoh.32
                0x00000000c00409c9                zoh_get_name
                0x00000000c00409dc                zoh_get_description
                0x00000000c00409ef                zoh_set_converter
 .text          0x00000000c0040ac8      0xff1 acpica/osl.32
                0x00000000c0040ac8                Subhandler
                0x00000000c0040b04                isblank
                0x00000000c0040b1c                iscntrl
                0x00000000c0040b34                isdigit
                0x00000000c0040b4c                islower
                0x00000000c0040b64                isspace
                0x00000000c0040b85                isupper
                0x00000000c0040b9d                isalpha
                0x00000000c0040bc7                isalnum
                0x00000000c0040bf1                ispunct
                0x00000000c0040c2b                isgraph
                0x00000000c0040c55                isprint
                0x00000000c0040c76                isxdigit
                0x00000000c0040cac                AcpiOsInitialize
                0x00000000c0040cb2                AcpiOsTerminate
                0x00000000c0040cb8                AcpiOsGetRootPointer
                0x00000000c0040ce7                AcpiOsPredefinedOverride
                0x00000000c0040d0b                AcpiOsTableOverride
                0x00000000c0040d1b                AcpiOsPhysicalTableOverride
                0x00000000c0040d32                AcpiOsReadPort
                0x00000000c0040dc3                AcpiOsWritePort
                0x00000000c0040e4e                AcpiOsGetTimer
                0x00000000c0040e6e                AcpiOsWaitEventsComplete
                0x00000000c0040e86                AcpiOsReadPciConfiguration
                0x00000000c0040f4e                AcpiOsWritePciConfiguration
                0x00000000c0041030                AcpiOsSignal
                0x00000000c0041066                AcpiOsReadMemory
                0x00000000c0041132                AcpiOsEnterSleep
                0x00000000c0041145                AcpiOsWriteMemory
                0x00000000c00411f9                AcpiOsMapMemory
                0x00000000c0041290                AcpiOsUnmapMemory
                0x00000000c0041292                AcpiOsGetPhysicalAddress
                0x00000000c00412c2                AcpiOsAllocate
                0x00000000c00412e0                AcpiOsFree
                0x00000000c00412f7                AcpiOsReadable
                0x00000000c0041310                AcpiOsWritable
                0x00000000c0041329                AcpiOsGetThreadId
                0x00000000c0041334                AcpiOsExecute
                0x00000000c0041350                AcpiOsSleep
                0x00000000c0041396                AcpiOsStall
                0x00000000c00413f0                AcpiOsCreateSemaphore
                0x00000000c0041437                AcpiOsDeleteSemaphore
                0x00000000c0041454                AcpiOsWaitSemaphore
                0x00000000c0041528                AcpiOsSignalSemaphore
                0x00000000c0041551                AcpiOsCreateLock
                0x00000000c004157e                AcpiOsDeleteLock
                0x00000000c0041580                AcpiOsAcquireLock
                0x00000000c0041596                AcpiOsReleaseLock
                0x00000000c00415b1                AcpiOsInstallInterruptHandler
                0x00000000c0041610                AcpiOsRemoveInterruptHandler
                0x00000000c004162c                __i__int_str
                0x00000000c00419e9                __i_displayCharacter
                0x00000000c0041a3f                __i_displayString
                0x00000000c0041a90                __i_internal_printf
                0x00000000c0041a96                AcpiOsVprintf
                0x00000000c0041a98                AcpiOsPrintf
 *fill*         0x00000000c0041ab9        0x1 
 .text          0x00000000c0041aba      0xc10 core/computer.32
                0x00000000c0041aba                Computer::close(int, int, void*)
                0x00000000c0041b02                Computer::Computer()
                0x00000000c0041b02                Computer::Computer()
                0x00000000c0041c5e                Computer::setBootMessage(char const*)
                0x00000000c0041c60                Computer::start()
                0x00000000c0041e2f                firstTask()
                0x00000000c0041e4a                Computer::detectFeatures()
                0x00000000c0042308                Computer::displayFeatures()
                0x00000000c004230a                Computer::rdmsr(unsigned int)
                0x00000000c0042346                Computer::wrmsr(unsigned int, unsigned long long)
                0x00000000c0042386                Computer::nmiEnabled()
                0x00000000c0042394                Computer::readCMOS(unsigned char)
                0x00000000c00423d8                Computer::enableNMI(bool)
                0x00000000c0042404                Computer::open(int, int, void*)
                0x00000000c0042560                Computer::disableNMI()
                0x00000000c004257a                Computer::writeCMOS(unsigned char, unsigned char)
                0x00000000c00425ca                Computer::handleNMI()
                0x00000000c0042654                Computer::setDiskActivityLight(int, bool)
 .text          0x00000000c00426ca      0xe65 core/elf.32
                0x00000000c00426ca                allocateMemoryForTask(Process*, File*, unsigned long, unsigned long, unsigned long)
                0x00000000c0042947                loadProgramIntoMemory(Process*, char const*)
                0x00000000c0042b6b                runtimeReferenceHelper()
                0x00000000c0042b7e                getAddressOfKernelSymbol(char const*)
                0x00000000c0042bcd                loadKernelSymbolTable(char const*)
                0x00000000c0042e95                loadDriverIntoMemory(char const*, unsigned long)
                0x00000000c0043458                loadDLL(char const*)
                0x00000000c0043521                executeDLL(unsigned long, void*)
 *fill*         0x00000000c004352f        0x1 
 .text          0x00000000c0043530      0x19f core/gdt.32
                0x00000000c0043530                GDTEntry::setBase(unsigned int)
                0x00000000c004354c                GDTEntry::setLimit(unsigned int)
                0x00000000c004356c                GDT::GDT()
                0x00000000c004356c                GDT::GDT()
                0x00000000c0043582                GDT::addEntry(GDTEntry)
                0x00000000c00435a4                GDT::getNumberOfEntries()
                0x00000000c00435ac                GDT::flush()
                0x00000000c00435ce                GDT::setup()
 .text          0x00000000c00436cf       0x61 core/idle.32
                0x00000000c00436cf                idleFunction(void*)
 .text          0x00000000c0043730      0x3dd core/idt.32
                0x00000000c0043730                IDTEntry::IDTEntry(bool)
                0x00000000c0043730                IDTEntry::IDTEntry(bool)
                0x00000000c004379e                IDTEntry::setOffset(unsigned int)
                0x00000000c00437b2                IDT::IDT()
                0x00000000c00437b2                IDT::IDT()
                0x00000000c00437b4                IDT::getPointerToInvalidOpcodeEntryForF00F()
                0x00000000c00437bc                IDT::addEntry(IDTEntry, int)
                0x00000000c00437d6                IDT::addEntry(int, void (*)(), bool)
                0x00000000c004380e                IDT::flush()
                0x00000000c0043828                IDT::setup()
 .text          0x00000000c0043b0d      0x6fa core/kconsole.32
                0x00000000c0043b0d                stringifyxWithBase(unsigned int, char*, int)
                0x00000000c0043ba4                logc(char)
                0x00000000c0043beb                logs(char*)
                0x00000000c0043c19                logWriteInt(unsigned int)
                0x00000000c0043c3f                logWriteIntBase(unsigned int, int)
                0x00000000c0043c66                kprintf(char const*, ...)
                0x00000000c0043dca                panic(char const*)
 .text          0x00000000c0044207      0x185 core/kheap.32
                0x00000000c0044207                sbrk
                0x00000000c0044297                mmap
                0x00000000c00442ad                munmap
                0x00000000c00442c3                liballoc_lock()
                0x00000000c00442d4                liballoc_unlock()
                0x00000000c00442e5                liballoc_alloc(int)
                0x00000000c0044300                liballoc_free(void*, int)
                0x00000000c004431e                realloc
                0x00000000c0044332                malloc
                0x00000000c0044342                free
                0x00000000c0044352                rfree
                0x00000000c0044362                calloc
 .text          0x00000000c004438c      0x647 core/main.32
                0x00000000c004438c                hwTextMode_loadInData(VgaText*)
                0x00000000c00443f0                hwTextMode_loadInTitle(VgaText*, char*)
                0x00000000c0044452                hwTextMode_update(VgaText*)
                0x00000000c0044454                hwTextMode_scrollScreen(VgaText*)
                0x00000000c004454e                hwTextMode_writeCharacter(VgaText*, char, VgaColour, VgaColour, int, int)
                0x00000000c00445d5                hwTextMode_updateCursor(VgaText*)
                0x00000000c0044674                hwTextMode_showCursor(VgaText*, bool)
                0x00000000c004473b                hwTextMode_disableBlink(VgaText*, bool)
                0x00000000c00447ea                setupTextMode()
                0x00000000c004483c                kernel_main
 .text          0x00000000c00449d3      0x67d core/physmgr.32
                0x00000000c00449d3                PhysMem::allocateDMA(unsigned long)
                0x00000000c0044ad9                PhysMem::freeDMA(unsigned long, unsigned long)
                0x00000000c0044b42                PhysMem::setPageState(unsigned long, bool)
                0x00000000c0044bc9                PhysMem::getPageState(unsigned long)
                0x00000000c0044c09                PhysMem::freePage(unsigned long)
                0x00000000c0044cbc                PhysMem::allocatePage()
                0x00000000c0044dad                PhysMem::allowSegmentToBeUsed(unsigned long, unsigned long)
                0x00000000c0044e00                PhysMem::physicalMemorySetup(unsigned int)
 .text          0x00000000c0045050      0x273 core/pipe.32
                0x00000000c0045050                Pipe::isAtty()
                0x00000000c0045054                Pipe::~Pipe()
                0x00000000c0045054                Pipe::~Pipe()
                0x00000000c0045078                Pipe::~Pipe()
                0x00000000c00450a0                Pipe::read(unsigned long long, void*, int*)
                0x00000000c0045194                Pipe::write(unsigned long long, void*, int*)
                0x00000000c004525c                Pipe::Pipe(int)
                0x00000000c004525c                Pipe::Pipe(int)
 *fill*         0x00000000c00452c3        0x1 
 .text          0x00000000c00452c4     0x1859 core/prcssthr.32
                0x00000000c00452c4                changeTSS
                0x00000000c00452fc                Process::addArgs(char**)
                0x00000000c00453e2                Process::Process(char const*, Process*, char**)
                0x00000000c00453e2                Process::Process(char const*, Process*, char**)
                0x00000000c004559a                Process::Process(bool, char const*, Process*, char**)
                0x00000000c004559a                Process::Process(bool, char const*, Process*, char**)
                0x00000000c004571d                disableIRQs()
                0x00000000c004572b                getIRQNestingLevel()
                0x00000000c0045731                enableIRQs()
                0x00000000c0045748                lockScheduler()
                0x00000000c0045756                unlockScheduler()
                0x00000000c0045764                userModeEntryPoint(void*)
                0x00000000c004578f                lockStuff()
                0x00000000c00457a8                taskStartupFunction
                0x00000000c00457b3                updateTimeUsed()
                0x00000000c004584c                switchToThread(ThreadControlBlock*)
                0x00000000c00458b6                Semaphore::Semaphore(int)
                0x00000000c00458b6                Semaphore::Semaphore(int)
                0x00000000c00458e4                Mutex::Mutex()
                0x00000000c00458e4                Mutex::Mutex()
                0x00000000c00458f6                Process::createThread(void (*)(void*), void*, int)
                0x00000000c0045b0e                Process::createUserThread()
                0x00000000c0045b2d                setupMultitasking(void (*)())
                0x00000000c0045c9c                schedule()
                0x00000000c0045d48                unlockStuff()
                0x00000000c0045d82                forkProcess(regs*)
                0x00000000c0045f8a                Semaphore::tryAcquire()
                0x00000000c0045fc6                Semaphore::assertLocked(char const*)
                0x00000000c0045ff6                blockTaskWithSchedulerLockAlreadyHeld(TaskState)
                0x00000000c0046042                blockTask(TaskState)
                0x00000000c0046067                waitTask(int, int*, int)
                0x00000000c00460c4                nanoSleepUntil(unsigned long long)
                0x00000000c0046132                nanoSleep(unsigned long long)
                0x00000000c004616e                sleep(unsigned long long)
                0x00000000c00461ae                Semaphore::acquire()
                0x00000000c0046232                execveProcess(char const*, char* const*, char* const*)
                0x00000000c00462f4                taskReturned
                0x00000000c0046336                unblockTask(ThreadControlBlock*)
                0x00000000c004640b                cleanupTerminatedTask(ThreadControlBlock*)
                0x00000000c00468e2                cleanerTaskFunction(void*)
                0x00000000c004697c                terminateTask(int)
                0x00000000c0046a18                Semaphore::release()
 .text          0x00000000c0046b1d     0x15ba core/syscalls.32
                0x00000000c0046b1d                sysCallGetPID(regs*)
                0x00000000c0046b2b                sysCallSeekDir(regs*)
                0x00000000c0046b36                sysCallTellDir(regs*)
                0x00000000c0046b41                sysCallVerify(regs*)
                0x00000000c0046b51                sysCallGetArgc(regs*)
                0x00000000c0046b63                sysFormatDisk(regs*)
                0x00000000c0046c13                sysSetDiskVolumeLabel(regs*)
                0x00000000c0046ca5                sysGetDiskVolumeLabel(regs*)
                0x00000000c0046d52                sysShutdown(regs*)
                0x00000000c0046dbf                sysCallWrite(regs*)
                0x00000000c0046e59                sysCallRead(regs*)
                0x00000000c0046ef3                sysCallReadDir(regs*)
                0x00000000c0046fad                sysCallIsATTY(regs*)
                0x00000000c0047018                sysCallGetCwd(regs*)
                0x00000000c0047049                sysCallSetCwd(regs*)
                0x00000000c0047071                sysCallRealpath(regs*)
                0x00000000c00470d2                sysCallOpen(regs*)
                0x00000000c0047280                sysCallSeek(regs*)
                0x00000000c00472f5                sysCallTell(regs*)
                0x00000000c0047364                sysCallSizeFromFilename(regs*)
                0x00000000c004741e                sysCallSize(regs*)
                0x00000000c0047493                sysCallClose(regs*)
                0x00000000c0047501                sysCallOpenDir(regs*)
                0x00000000c00475b4                sysCallMakeDir(regs*)
                0x00000000c004764f                sysCallCloseDir(regs*)
                0x00000000c00476bd                sysCallWait(regs*)
                0x00000000c00476ea                sysCallFork(regs*)
                0x00000000c0047711                sysCallExecve(regs*)
                0x00000000c004777c                sysCallRmdir(regs*)
                0x00000000c0047808                sysCallUnlink(regs*)
                0x00000000c0047894                sysCallGetArgv(regs*)
                0x00000000c004792f                sysCallTTYName(regs*)
                0x00000000c00479e8                sysCallGetEnv(regs*)
                0x00000000c0047a54                sysCallUSleep(regs*)
                0x00000000c0047ad9                sysCallSpawn(regs*)
                0x00000000c0047b84                sysAppSettings(regs*)
                0x00000000c0047d1e                sysSetFatAttrib(regs*)
                0x00000000c0047dc1                sysPanic(regs*)
                0x00000000c0047df5                sysPipe(regs*)
                0x00000000c0047e6c                sysGetUnixTime(regs*)
                0x00000000c0047e8b                string_ends_with(char const*, char const*)
                0x00000000c0047ee6                setupSystemCalls()
                0x00000000c0048095                systemCall(regs*, void*)
 *fill*         0x00000000c00480d7        0x1 
 .text          0x00000000c00480d8      0xf53 core/terminal.32
                0x00000000c00480d8                VgaText::isAtty()
                0x00000000c00480dc                VgaText::~VgaText()
                0x00000000c00480dc                VgaText::~VgaText()
                0x00000000c0048100                VgaText::~VgaText()
                0x00000000c004812a                VgaText::read(unsigned long long, void*, int*)
                0x00000000c004814a                setTerminalScrollLock(bool)
                0x00000000c004814b                addToTerminalCycle(VgaText*)
                0x00000000c0048178                installVgaTextImplementation()
                0x00000000c004818d                scrollTerminalScrollLock(int)
                0x00000000c004818e                VgaText::load()
                0x00000000c00481e2                VgaText::updateCursor()
                0x00000000c00481fc                VgaText::showCursor(bool)
                0x00000000c004820c                VgaText::disableBlink(bool)
                0x00000000c0048246                VgaText::doANSI_SGR(int)
                0x00000000c00482d2                VgaText::setDefaultBgColour(VgaColour)
                0x00000000c00482e8                VgaText::setDefaultFgColour(VgaColour)
                0x00000000c00482fe                VgaText::setDefaultColours(VgaColour, VgaColour)
                0x00000000c004831e                VgaText::combineColours(unsigned char, unsigned char)
                0x00000000c0048330                VgaText::scrollScreen()
                0x00000000c00483c4                VgaText::combineCharAndColour(char, unsigned char)
                0x00000000c00483d6                VgaText::writeCharacter(char, VgaColour, VgaColour, int, int)
                0x00000000c0048436                VgaText::getCursorX()
                0x00000000c0048442                VgaText::getCursorY()
                0x00000000c004844e                VgaText::setCursor(int, int)
                0x00000000c004846c                VgaText::setCursorX(int)
                0x00000000c0048488                VgaText::setCursorY(int)
                0x00000000c00484a4                VgaText::incrementCursor(bool)
                0x00000000c004850c                VgaText::updateRAMUsageDisplay(int)
                0x00000000c0048566                VgaText::updateDiskUsage()
                0x00000000c00486b8                VgaText::updateTitle()
                0x00000000c00486fe                VgaText::setTitleTextColour(VgaColour)
                0x00000000c004870e                VgaText::setTitleColour(VgaColour)
                0x00000000c004871e                VgaText::setTitle(char*)