Archive member included to satisfy reference by file (symbol)

/cygdrive/c/Users/Alex/Toolchain/Output/bin/../lib/gcc/i386-banana/8.1.0/libkgcc.a(_divdi3.o)
                              krnl/intops.32 (__divdi3)
/cygdrive/c/Users/Alex/Toolchain/Output/bin/../lib/gcc/i386-banana/8.1.0/libkgcc.a(_moddi3.o)
                              krnl/intops.32 (__moddi3)
/cygdrive/c/Users/Alex/Toolchain/Output/bin/../lib/gcc/i386-banana/8.1.0/libkgcc.a(_udivdi3.o)
                              hal/clock.32 (__udivdi3)
/cygdrive/c/Users/Alex/Toolchain/Output/bin/../lib/gcc/i386-banana/8.1.0/libkgcc.a(_umoddi3.o)
                              hal/clock.32 (__umoddi3)

Allocating common symbols
Common symbol       size              file

dcache              0x40              fs/iso9660/iso9660.32
cdDriveLetter       0x1               fs/iso9660/iso9660.32
icache              0x40              fs/iso9660/iso9660.32

Discarded input sections

 .comment       0x0000000000000000       0x12 /cygdrive/c/Users/Alex/Toolchain/Output/bin/../lib/gcc/i386-banana/8.1.0/crtbegin.o
 .comment       0x0000000000000000       0x12 acpica/utclib.32
 .comment       0x0000000000000000       0x12 krnl/malloc.32
 .comment       0x0000000000000000       0x12 libk/ctype.32
 .comment       0x0000000000000000       0x12 libk/string.32
 .comment       0x0000000000000000       0x12 arch/i386/cc.32
 .comment       0x0000000000000000       0x12 fs/fat/diskio.32
 .comment       0x0000000000000000       0x12 fs/fat/ff.32
 .comment       0x0000000000000000       0x12 fs/fat/ffsystem.32
 .comment       0x0000000000000000       0x12 fs/fat/ffunicode.32
 .comment       0x0000000000000000       0x12 fs/iso9660/iso9660.32
 .comment       0x0000000000000000       0x12 dbg/kconsole.32
 .comment       0x0000000000000000       0x12 dbg/usban.32
 .comment       0x0000000000000000       0x12 fs/symlink.32
 .group         0x0000000000000000        0xc fs/vfs.32
 .group         0x0000000000000000        0xc fs/vfs.32
 .group         0x0000000000000000        0xc fs/vfs.32
 .comment       0x0000000000000000       0x12 fs/vfs.32
 .group         0x0000000000000000        0xc hal/bus.32
 .comment       0x0000000000000000       0x12 hal/bus.32
 .comment       0x0000000000000000       0x12 hal/buzzer.32
 .group         0x0000000000000000        0xc hal/clock.32
 .comment       0x0000000000000000       0x12 hal/clock.32
 .group         0x0000000000000000       0x14 hal/device.32
 .group         0x0000000000000000        0xc hal/device.32
 .group         0x0000000000000000        0x8 hal/device.32
 .group         0x0000000000000000        0xc hal/device.32
 .group         0x0000000000000000        0xc hal/device.32
 .comment       0x0000000000000000       0x12 hal/device.32
 .group         0x0000000000000000        0xc hal/diskctrl.32
 .comment       0x0000000000000000       0x12 hal/diskctrl.32
 .group         0x0000000000000000        0xc hal/diskphys.32
 .comment       0x0000000000000000       0x12 hal/diskphys.32
 .comment       0x0000000000000000       0x12 hal/fpu.32
 .group         0x0000000000000000        0xc hal/keybrd.32
 .comment       0x0000000000000000       0x12 hal/keybrd.32
 .group         0x0000000000000000        0xc hal/logidisk.32
 .comment       0x0000000000000000       0x12 hal/logidisk.32
 .group         0x0000000000000000        0xc hal/mouse.32
 .comment       0x0000000000000000       0x12 hal/mouse.32
 .group         0x0000000000000000        0xc hal/nic.32
 .comment       0x0000000000000000       0x12 hal/nic.32
 .comment       0x0000000000000000       0x12 hal/partition.32
 .group         0x0000000000000000        0xc hal/serial.32
 .comment       0x0000000000000000       0x12 hal/serial.32
 .group         0x0000000000000000        0x8 hal/timer.32
 .group         0x0000000000000000        0x8 hal/timer.32
 .group         0x0000000000000000        0xc hal/timer.32
 .group         0x0000000000000000        0xc hal/timer.32
 .group         0x0000000000000000        0xc hal/timer.32
 .comment       0x0000000000000000       0x12 hal/timer.32
 .group         0x0000000000000000        0xc hal/vcache.32
 .comment       0x0000000000000000       0x12 hal/vcache.32
 .group         0x0000000000000000        0xc hal/video.32
 .comment       0x0000000000000000       0x12 hal/video.32
 .group         0x0000000000000000       0x14 hw/acpi.32
 .group         0x0000000000000000        0x8 hw/acpi.32
 .group         0x0000000000000000        0x8 hw/acpi.32
 .group         0x0000000000000000        0x8 hw/acpi.32
 .group         0x0000000000000000        0xc hw/acpi.32
 .group         0x0000000000000000        0xc hw/acpi.32
 .comment       0x0000000000000000       0x12 hw/acpi.32
 .comment       0x0000000000000000       0x12 krnl/assert.32
 .comment       0x0000000000000000       0x12 krnl/atexit.32
 .comment       0x0000000000000000       0x12 krnl/bootflags.32
 .comment       0x0000000000000000       0x12 krnl/bootmsg.32
[...]
Memory Configuration

Name             Origin             Length             Attributes
*default*        0x0000000000000000 0xffffffffffffffff

Linker script and memory map

LOAD C:/Users/Alex/Desktop/Banana/kernel/boot.32
LOAD crti.32
LOAD /cygdrive/c/Users/Alex/Toolchain/Output/bin/../lib/gcc/i386-banana/8.1.0/crtbegin.o
LOAD C:/Users/Alex/Desktop/Banana/kernel/morenasm.32
LOAD acpica/utclib.32
LOAD krnl/malloc.32
LOAD libk/ctype.32
LOAD libk/string.32
LOAD arch/i386/cc.32
LOAD fs/fat/diskio.32
LOAD fs/fat/ff.32
LOAD fs/fat/ffsystem.32
LOAD fs/fat/ffunicode.32
LOAD fs/iso9660/iso9660.32
LOAD dbg/kconsole.32
LOAD dbg/usban.32
LOAD fs/symlink.32
LOAD fs/vfs.32
LOAD hal/bus.32
LOAD hal/buzzer.32
LOAD hal/clock.32
LOAD hal/device.32
LOAD hal/diskctrl.32
LOAD hal/diskphys.32
LOAD hal/fpu.32
LOAD hal/keybrd.32
LOAD hal/logidisk.32
LOAD hal/mouse.32
LOAD hal/nic.32
LOAD hal/partition.32
LOAD hal/serial.32
LOAD hal/timer.32
LOAD hal/vcache.32
LOAD hal/video.32
LOAD hw/acpi.32
LOAD krnl/assert.32
LOAD krnl/atexit.32
LOAD krnl/bootflags.32
LOAD krnl/bootmsg.32
LOAD krnl/c++.32
LOAD krnl/cdefs.32
LOAD krnl/cm.32
LOAD krnl/compat.32
LOAD krnl/computer.32
LOAD krnl/crc32.32
LOAD krnl/env.32
LOAD krnl/fault.32
LOAD krnl/gdt.32
LOAD krnl/idle.32
LOAD krnl/idt.32
LOAD krnl/inlines.32
LOAD krnl/intlformat.32
LOAD krnl/intops.32
LOAD krnl/kheap.32
LOAD krnl/mailbox.32
LOAD krnl/main.32
LOAD krnl/mutex.32
LOAD krnl/panic.32
LOAD krnl/physmgr.32
LOAD krnl/pipe.32
LOAD krnl/powctrl.32
LOAD krnl/random.32
LOAD krnl/resolve.32
LOAD krnl/semaphore.32
LOAD krnl/signal.32
LOAD krnl/syscalls.32
LOAD krnl/terminal.32
LOAD krnl/tss.32
LOAD krnl/unixfile.32
LOAD krnl/virtmgr.32
LOAD sys/alarm.32
LOAD sys/eject.32
LOAD sys/exit.32
LOAD sys/getcwd.32
LOAD sys/getpid.32
LOAD sys/getramdata.32
LOAD sys/getvgaptr.32
LOAD sys/kill.32
LOAD sys/loaddll.32
LOAD sys/pause.32
LOAD sys/pthread.32
LOAD sys/read.32
LOAD sys/registersignal.32
LOAD sys/registry.32
LOAD sys/sbrk.32
LOAD sys/setcwd.32
LOAD sys/settime.32
LOAD sys/symlink.32
LOAD sys/timezone.32
LOAD sys/truncate.32
LOAD sys/write.32
LOAD sys/wsbe.32
LOAD sys/yield.32
LOAD thr/alarm.32
LOAD thr/elf.32
LOAD thr/exec.32
LOAD thr/prcssthr.32
LOAD vm86/vm8086.32
LOAD arch/i386/apic.32
LOAD arch/i386/hal.32
LOAD arch/i386/intctrl.32
LOAD arch/i386/pic.32
LOAD arch/i386/rtc.32
LOAD arch/i386/vga.32
LOAD fs/fat/vfslink.32
LOAD fs/iso9660/helper.32
LOAD fs/iso9660/vfslink.32
LOAD hal/sound/sndcard.32
LOAD hal/sound/sndport.32
LOAD hw/bus/pci.32
LOAD hw/diskctrl/ide.32
LOAD hw/diskctrl/satabus.32
LOAD hw/diskphys/ata.32
LOAD hw/diskphys/atapi.32
LOAD hw/diskphys/sata.32
LOAD hw/diskphys/satapi.32
LOAD hw/timer/apictimer.32
LOAD hw/timer/pit.32
LOAD arch/i386/avx.32
LOAD arch/i386/interrupt.32
LOAD arch/i386/rdrand.32
LOAD arch/i386/sse.32
LOAD arch/i386/x87.32
LOAD /cygdrive/c/Users/Alex/Toolchain/Output/bin/../lib/gcc/i386-banana/8.1.0/crtend.o
LOAD crtn.32
LOAD /cygdrive/c/Users/Alex/Toolchain/Output/bin/../lib/gcc/i386-banana/8.1.0/libkgcc.a
LOAD C:/Users/Alex/Desktop/Banana/kernel/libsoftfp.a
LOAD C:/Users/Alex/Desktop/Banana/kernel/libk/libm32.a
                0x00000000c0000000                . = 0xc0000000

.text           0x00000000c0000000    0x21fce
 *(.text)
 .text          0x00000000c0000000       0x20 C:/Users/Alex/Desktop/Banana/kernel/boot.32
 .text          0x00000000c0000020        0x0 crti.32
 .text          0x00000000c0000020      0x101 /cygdrive/c/Users/Alex/Toolchain/Output/bin/../lib/gcc/i386-banana/8.1.0/crtbegin.o
 *fill*         0x00000000c0000121        0xf 
 .text          0x00000000c0000130      0x24f C:/Users/Alex/Desktop/Banana/kernel/morenasm.32
                0x00000000c0000130                manualPCIProbe
                0x00000000c000017b                prepareTramp
                0x00000000c0000194                doTPAUSE
                0x00000000c000019e                hasLegacyFPU
                0x00000000c00001c3                is486
                0x00000000c00001f9                detectCPUID
                0x00000000c000020f                goToVM86
                0x00000000c000023f                goToUsermode
                0x00000000c0000269                switchToThreadASMFirstTime
                0x00000000c0000277                switchToThreadASM
                0x00000000c00002fc                asmQuickAcquireLock
                0x00000000c000031a                asmQuickReleaseLock
                0x00000000c0000326                asmAcquireLock
                0x00000000c0000347                asmReleaseLock
                0x00000000c000035a                loadGDT
                0x00000000c000037a                memcpy
 *fill*         0x00000000c000037f        0x1 
 .text          0x00000000c0000380      0x868 acpica/utclib.32
                0x00000000c0000380                memcmp
                0x00000000c00003d0                memmove
                0x00000000c00004f0                memset
                0x00000000c0000570                strlen
                0x00000000c00005a0                strpbrk
                0x00000000c00005f0                strtok
                0x00000000c0000640                strcpy
                0x00000000c0000680                strncpy
                0x00000000c0000750                strcmp
                0x00000000c00007a0                strchr
                0x00000000c00007e0                strncmp
                0x00000000c0000840                strcat
                0x00000000c0000870                strncat
                0x00000000c00008d0                strstr
                0x00000000c0000930                toupper
                0x00000000c0000950                tolower
                0x00000000c0000970                simple_strtoul
 .text          0x00000000c0000be8     0x1140 krnl/malloc.32
                0x00000000c0000d53                dlfree
                0x00000000c000121a                dlmalloc
                0x00000000c0001757                dlrealloc
                0x00000000c0001934                dlmemalign
                0x00000000c0001a57                dlcalloc
                0x00000000c0001ae8                dlcfree
                0x00000000c0001aed                dlindependent_calloc
                0x00000000c0001b12                dlindependent_comalloc
                0x00000000c0001b29                dlvalloc
                0x00000000c0001b54                dlpvalloc
                0x00000000c0001b8a                dlmalloc_trim
                0x00000000c0001b97                dlmalloc_usable_size
                0x00000000c0001bc8                dlmallinfo
                0x00000000c0001c97                dlmalloc_stats
                0x00000000c0001ca8                dlmallopt
 .text          0x00000000c0001d28      0x1f2 libk/ctype.32
                0x00000000c0001d28                isblank
                0x00000000c0001d48                iscntrl
                0x00000000c0001d68                isdigit
                0x00000000c0001d84                islower
                0x00000000c0001da0                isspace
                0x00000000c0001dc8                isupper
                0x00000000c0001de4                isalpha
                0x00000000c0001e14                isalnum
                0x00000000c0001e44                ispunct
                0x00000000c0001e84                isgraph
                0x00000000c0001eb4                isprint
                0x00000000c0001edc                isxdigit
 .text          0x00000000c0001f1a        0x0 libk/string.32
 *fill*         0x00000000c0001f1a        0x2 
 .text          0x00000000c0001f1c       0x53 arch/i386/cc.32
                0x00000000c0001f1c                LWIP_PLATFORM_HTONS
                0x00000000c0001f40                LWIP_PLATFORM_HTONL
 .text          0x00000000c0001f6f       0x51 fs/fat/diskio.32
                0x00000000c0001f6f                disk_status
                0x00000000c0001f72                disk_initialize
                0x00000000c0001f75                disk_read
                0x00000000c0001f8b                disk_write
                0x00000000c0001fa1                disk_ioctl
 .text          0x00000000c0001fc0     0x3e46 fs/fat/ff.32
                0x00000000c0003de1                f_mount
                0x00000000c0003e43                f_open
                0x00000000c0004106                f_read
                0x00000000c0004305                f_write
                0x00000000c000454d                f_sync
                0x00000000c0004612                f_close
                0x00000000c0004641                f_lseek
                0x00000000c00047f2                f_opendir
                0x00000000c00048bd                f_closedir
                0x00000000c00048df                f_readdir
                0x00000000c0004971                f_stat
                0x00000000c00049f0                f_getfree
                0x00000000c0004af9                f_truncate
                0x00000000c0004be3                f_unlink
                0x00000000c0004d05                f_mkdir
                0x00000000c0004ea0                f_rename
                0x00000000c0005058                f_chmod
                0x00000000c0005108                f_utime
                0x00000000c00051b8                f_getlabel
                0x00000000c0005309                f_setlabel
                0x00000000c0005499                f_expand
                0x00000000c0005606                f_mkfs
 *fill*         0x00000000c0005e06        0x2 
 .text          0x00000000c0005e08       0x2f fs/fat/ffsystem.32
                0x00000000c0005e08                ff_memalloc
                0x00000000c0005e20                ff_memfree
 *fill*         0x00000000c0005e37        0x1 
 .text          0x00000000c0005e38      0x2dc fs/fat/ffunicode.32
                0x00000000c0005e38                ff_uni2oem
                0x00000000c0005ed8                ff_oem2uni
                0x00000000c0005f50                ff_wtoupper
 .text          0x00000000c0006114      0xd32 fs/iso9660/iso9660.32
                0x00000000c000635f                isoReadDiscSector
                0x00000000c00063fa                strnicmp
                0x00000000c00066a9                stricmp
                0x00000000c00066f5                iso_open
                0x00000000c000677f                iso_close
                0x00000000c000679d                iso_read
                0x00000000c00068b3                iso_seek
                0x00000000c0006937                iso_tell
                0x00000000c0006968                iso_total
                0x00000000c0006993                fn_postprocess
                0x00000000c00069ba                iso_readdir
                0x00000000c0006c11                iso_reset
                0x00000000c0006c2e                init_percd
                0x00000000c0006d28                iso_ioctl
                0x00000000c0006d40                fs_iso9660_init
                0x00000000c0006dd6                fs_iso9660_shutdown
 .text          0x00000000c0006e46      0x2ad dbg/kconsole.32
                0x00000000c0006e46                Dbg::stringifyxWithBase(unsigned int, char*, int)
                0x00000000c0006ee6                Dbg::logc(char)
                0x00000000c0006f13                Dbg::logs(char*)
                0x00000000c0006f3d                Dbg::logWriteInt(unsigned int)
                0x00000000c0006f5b                Dbg::logWriteIntBase(unsigned int, int)
                0x00000000c0006f7c                Dbg::kprintf(char const*, ...)
 *fill*         0x00000000c00070f3        0x1 
 .text          0x00000000c00070f4      0x2d4 dbg/usban.32
                0x00000000c00070f4                KiUbsanPrintDetails(char const*, void*)
                0x00000000c0007160                __ubsan_handle_type_mismatch_v1
                0x00000000c000723c                __ubsan_handle_pointer_overflow
                0x00000000c0007268                __ubsan_handle_out_of_bounds
                0x00000000c0007294                __ubsan_handle_add_overflow
                0x00000000c00072c0                __ubsan_handle_load_invalid_value
                0x00000000c00072ec                __ubsan_handle_divrem_overflow
                0x00000000c0007318                __ubsan_handle_mul_overflow
                0x00000000c0007344                __ubsan_handle_sub_overflow
                0x00000000c0007370                __ubsan_handle_shift_out_of_bounds
                0x00000000c000739c                __ubsan_handle_negate_overflow
 .text          0x00000000c00073c8      0x814 fs/symlink.32
                0x00000000c0007517                KiDeinitialiseSymlinks(void*)
                0x00000000c00075aa                KeRegisterSymlink(char const*, unsigned long long)
                0x00000000c000762d                KeInitialiseSymlinks()
                0x00000000c000778f                KiIsSymlinkRegistered(char const*)
                0x00000000c00078f9                KeDereferenceSymlink(char const*, char*)
                0x00000000c0007aa0                KeCreateSymlink(char const*, char const*)
 .text          0x00000000c0007bdc      0xd88 fs/vfs.32
                0x00000000c0007bdc                File::read(unsigned long long, void*, int*)
                0x00000000c0007c34                File::write(unsigned long long, void*, int*)
                0x00000000c0007c8c                Directory::read(unsigned long long, void*, int*)
                0x00000000c0007ce4                Directory::write(unsigned long long, void*, int*)
                0x00000000c0007d12                File::isAtty()
                0x00000000c0007d16                Directory::isAtty()
                0x00000000c0007d1a                Filesystem::getlabel(LogicalDisk*, int, char*, unsigned int*)
                0x00000000c0007d20                Filesystem::setlabel(LogicalDisk*, int, char*)
                0x00000000c0007d26                Filesystem::allocateSwapfile(char const*, int)
                0x00000000c0007d2c                File::~File()
                0x00000000c0007d2c                File::~File()
                0x00000000c0007d50                File::~File()
                0x00000000c0007d7a                Directory::~Directory()
                0x00000000c0007d7a                Directory::~Directory()
                0x00000000c0007d9e                Directory::~Directory()
                0x00000000c0007dc8                Filesystem::Filesystem()
                0x00000000c0007dc8                Filesystem::Filesystem()
                0x00000000c0007dec                Filesystem::~Filesystem()
                0x00000000c0007dec                Filesystem::~Filesystem()
                0x00000000c0007dfa                Filesystem::~Filesystem()
                0x00000000c0007e1e                Fs::getcwd(Process*, char*, int)
                0x00000000c0007e48                Fs::initVFS()
                0x00000000c0007e72                Fs::standardiseFiles(char*, char const*, char const*, bool)
                0x00000000c000808c                File::File(char const*, Process*, bool)
                0x00000000c000808c                File::File(char const*, Process*, bool)
                0x00000000c000818a                File::File(char const*, Process*)
                0x00000000c000818a                File::File(char const*, Process*)
                0x00000000c00081a8                File::open(FileOpenMode)
                0x00000000c0008206                File::close()
                0x00000000c0008266                File::seek(unsigned long long)
                0x00000000c00082bc                File::truncate(unsigned long long)
                0x00000000c0008312                File::tell(unsigned long long*)
                0x00000000c0008362                File::rewind()
                0x00000000c0008376                File::unlink()
                0x00000000c00083c2                File::rename(char const*)
                0x00000000c0008410                File::chfatattr(unsigned char, unsigned char)
                0x00000000c000846c                File::exists()
                0x00000000c00084aa                File::stat(unsigned long long*, bool*)
                0x00000000c000850b                Fs::setcwd(Process*, char*)
                0x00000000c000866a                Directory::Directory(char const*, Process*)
                0x00000000c000866a                Directory::Directory(char const*, Process*)
                0x00000000c0008732                Directory::open()
                0x00000000c000878e                Directory::close()
                0x00000000c00087ee                Directory::unlink()
                0x00000000c000883a                Directory::rename(char const*)
                0x00000000c0008888                Directory::exists()
                0x00000000c00088c6                Directory::read(dirent*)
                0x00000000c0008912                Directory::create()
                0x00000000c000895e                Filesystem::chfatattr(char const*, unsigned char, unsigned char)
 .text          0x00000000c0008964       0x86 hal/bus.32
                0x00000000c0008964                Bus::Bus(char const*)
                0x00000000c0008964                Bus::Bus(char const*)
                0x00000000c000899c                Bus::~Bus()
                0x00000000c000899c                Bus::~Bus()
                0x00000000c00089c0                Bus::~Bus()
 .text          0x00000000c00089ea       0x9b hal/buzzer.32
                0x00000000c00089ea                KeBeepThread(void*)
                0x00000000c0008a2b                KeBeep(int, int, bool)
 *fill*         0x00000000c0008a85        0x1 
 .text          0x00000000c0008a86      0xeac hal/clock.32
                0x00000000c0008a86                KeLoadTimezoneStrings()
                0x00000000c0008e15                KeGetTimezoneStringFromID(int)
                0x00000000c0008eb2                KeUpdateTimezone(char const*)
                0x00000000c0008fac                KeSetTimezone(char const*)
                0x00000000c0009009                KeSetTimezone(int)
                0x00000000c000903c                KeLoadTimezone()
                0x00000000c00090b6                Clock::Clock(char const*)
                0x00000000c00090b6                Clock::Clock(char const*)
                0x00000000c00090ec                Clock::~Clock()
                0x00000000c00090ec                Clock::~Clock()
                0x00000000c0009110                Clock::~Clock()
                0x00000000c000913a                Clock::timeInSecondsLocal()
                0x00000000c00091b0                Clock::setTimeInSecondsLocal(unsigned long long)
                0x00000000c000923c                KeDatetimeToSeconds(datetime_t)
                0x00000000c000957c                Clock::setTimeInDatetimeLocal(datetime_t)
                0x00000000c000964a                KeSecondsToDatetime(unsigned long long)
                0x00000000c0009906                Clock::timeInDatetimeLocal()
 .text          0x00000000c0009932      0x47a hal/device.32
                0x00000000c0009932                Device::hibernate()
                0x00000000c0009934                Device::wake()
                0x00000000c0009936                Device::detect()
                0x00000000c0009938                Device::disableLegacy()
                0x00000000c000993a                Device::powerSaving(PowerSavingLevel)
                0x00000000c000993c                DriverlessDevice::close(int, int, void*)
                0x00000000c0009940                DriverlessDevice::detect()
                0x00000000c0009942                DriverlessDevice::open(int, int, void*)
                0x00000000c0009956                Device::~Device()
                0x00000000c0009956                Device::~Device()
                0x00000000c0009964                Device::~Device()
                0x00000000c000998c                Device::findAndLoadDriver()
                0x00000000c000999a                Device::preOpenPCI(PCIDeviceInfo)
                0x00000000c00099c0                Device::preOpenACPI(void*, char*, char*)
                0x00000000c0009a00                Device::addIRQHandler(int, void (*)(regs*, void*), bool, void*)
                0x00000000c0009a2a                Device::getParent()
                0x00000000c0009a36                Device::removeIRQHandler(int, void (*)(regs*, void*), bool)
                0x00000000c0009a54                Device::addChild(Device*)
                0x00000000c0009a98                Device::removeAllChildren()
                0x00000000c0009ade                Device::hibernateAll()
                0x00000000c0009b0e                Device::wakeAll()
                0x00000000c0009b3e                Device::detectAll()
                0x00000000c0009b6e                Device::disableLegacyAll()
                0x00000000c0009b70                Device::loadDriversForAll()
                0x00000000c0009b72                Device::powerSavingAll(PowerSavingLevel)
                0x00000000c0009ba8                Device::setName(char const*)
                0x00000000c0009bb6                Device::Device(char const*)
                0x00000000c0009bb6                Device::Device(char const*)
                0x00000000c0009cb2                Device::getName()
                0x00000000c0009cbc                Device::closeAll()
                0x00000000c0009d08                DriverlessDevice::DriverlessDevice(char const*)
                0x00000000c0009d08                DriverlessDevice::DriverlessDevice(char const*)
                0x00000000c0009d3e                Device::addToLinkedList(LinkedList<Device>&, DeviceType)
                0x00000000c0009d82                getDevicesOfType(DeviceType)
 .text          0x00000000c0009dac       0x86 hal/diskctrl.32
                0x00000000c0009dac                HardDiskController::HardDiskController(char const*)
                0x00000000c0009dac                HardDiskController::HardDiskController(char const*)
                0x00000000c0009de4                HardDiskController::~HardDiskController()
                0x00000000c0009de4                HardDiskController::~HardDiskController()
                0x00000000c0009e08                HardDiskController::~HardDiskController()
 .text          0x00000000c0009e32       0xe2 hal/diskphys.32
                0x00000000c0009e32                PhysicalDisk::eject()
                0x00000000c0009e36                PhysicalDisk::PhysicalDisk(char const*, int)
                0x00000000c0009e36                PhysicalDisk::PhysicalDisk(char const*, int)
                0x00000000c0009e9e                PhysicalDisk::startCache()
                0x00000000c0009ec6                PhysicalDisk::~PhysicalDisk()
                0x00000000c0009ec6                PhysicalDisk::~PhysicalDisk()
                0x00000000c0009eea                PhysicalDisk::~PhysicalDisk()
 .text          0x00000000c0009f14        0x0 hal/fpu.32
 .text          0x00000000c0009f14      0x874 hal/keybrd.32
                0x00000000c0009f14                startGUI(void*)
                0x00000000c0009f79                startGUIVESA(void*)
                0x00000000c0009fde                sendKeyToTerminal(unsigned char)
                0x00000000c000a0b4                sendKeyboardToken(KeyboardToken)
                0x00000000c000a570                clearInternalKeybuffer(VgaText*)
                0x00000000c000a5a5                readKeyboard(VgaText*, char*, unsigned long)
                0x00000000c000a6fe                Keyboard::Keyboard(char const*)
                0x00000000c000a6fe                Keyboard::Keyboard(char const*)
                0x00000000c000a73a                Keyboard::~Keyboard()
                0x00000000c000a73a                Keyboard::~Keyboard()
                0x00000000c000a75e                Keyboard::~Keyboard()
 .text          0x00000000c000a788      0x3f8 hal/logidisk.32
                0x00000000c000a788                LogicalDisk::close(int, int, void*)
                0x00000000c000a78c                LogicalDisk::~LogicalDisk()
                0x00000000c000a78c                LogicalDisk::~LogicalDisk()
                0x00000000c000a7b0                LogicalDisk::~LogicalDisk()
                0x00000000c000a7da                LogicalDisk::open(int, int, void*)
                0x00000000c000a7ee                LogicalDisk::absoluteToRelative(unsigned long long)
                0x00000000c000a826                LogicalDisk::relativeToAbsolute(unsigned long long)
                0x00000000c000a86c                LogicalDisk::LogicalDisk(char const*, PhysicalDisk*, unsigned long long, unsigned long long)
                0x00000000c000a86c                LogicalDisk::LogicalDisk(char const*, PhysicalDisk*, unsigned long long, unsigned long long)
                0x00000000c000a92c                LogicalDisk::assignDriveLetter()
                0x00000000c000a9e6                LogicalDisk::mount()
                0x00000000c000aa2e                LogicalDisk::unmount()
                0x00000000c000aa3e                LogicalDisk::eject()
                0x00000000c000aa52                LogicalDisk::unassignDriveLetter()
                0x00000000c000aaa8                LogicalDisk::read(unsigned long long, int, void*)
                0x00000000c000ab14                LogicalDisk::write(unsigned long long, int, void*)
 .text          0x00000000c000ab80       0x86 hal/mouse.32
                0x00000000c000ab80                Mouse::Mouse(char const*)
                0x00000000c000ab80                Mouse::Mouse(char const*)
                0x00000000c000abb8                Mouse::~Mouse()
                0x00000000c000abb8                Mouse::~Mouse()
                0x00000000c000abdc                Mouse::~Mouse()
 .text          0x00000000c000ac06       0x90 hal/nic.32
                0x00000000c000ac06                NIC::getMAC()
                0x00000000c000ac0c                NIC::write(int, unsigned char*, int*)
                0x00000000c000ac12                NIC::NIC(char const*)
                0x00000000c000ac12                NIC::NIC(char const*)
                0x00000000c000ac48                NIC::~NIC()
                0x00000000c000ac48                NIC::~NIC()
                0x00000000c000ac6c                NIC::~NIC()
 .text          0x00000000c000ac96      0x33b hal/partition.32
                0x00000000c000ac96                makePartition(PhysicalDisk*, unsigned long long, unsigned long long)
                0x00000000c000ad3e                createPartitionsForDisk(PhysicalDisk*)
 *fill*         0x00000000c000afd1        0x3 
 .text          0x00000000c000afd4       0x86 hal/serial.32
                0x00000000c000afd4                Serial::Serial(char const*)
                0x00000000c000afd4                Serial::Serial(char const*)
                0x00000000c000b00c                Serial::~Serial()
                0x00000000c000b00c                Serial::~Serial()
                0x00000000c000b030                Serial::~Serial()
 *fill*         0x00000000c000b05a        0x2 
 .text          0x00000000c000b05c      0x230 hal/timer.32
                0x00000000c000b05c                Timer::Timer(char const*)
                0x00000000c000b05c                Timer::Timer(char const*)
                0x00000000c000b094                Timer::~Timer()
                0x00000000c000b094                Timer::~Timer()
                0x00000000c000b0b8                Timer::~Timer()
                0x00000000c000b0e2                Timer::read()
                0x00000000c000b0ed                setupTimer(int)
                0x00000000c000b128                timerHandler(unsigned int)
 .text          0x00000000c000b28c      0x5fe hal/vcache.32
                0x00000000c000b28c                VCache::VCache(PhysicalDisk*)
                0x00000000c000b28c                VCache::VCache(PhysicalDisk*)
                0x00000000c000b3fc                VCache::invalidateReadBuffer()
                0x00000000c000b40c                VCache::writeWriteBuffer()
                0x00000000c000b458                VCache::~VCache()
                0x00000000c000b458                VCache::~VCache()
                0x00000000c000b4b0                VCache::~VCache()
                0x00000000c000b4d8                VCache::write(unsigned long long, int, void*)
                0x00000000c000b6a6                VCache::read(unsigned long long, int, void*)
 .text          0x00000000c000b88a      0x70e hal/video.32
                0x00000000c000b88a                Video::putrect(int, int, int, int, unsigned int)
                0x00000000c000b8d6                Video::bitblit(int, int, int, int, int, int, int, unsigned int*)
                0x00000000c000b946                Video::blit(unsigned int*, int, int, int, int)
                0x00000000c000b9c4                Video::clearScreen(unsigned int)
                0x00000000c000b9f8                Video::putpixel(int, int, unsigned int)
                0x00000000c000ba06                Video::readPixelApprox(int, int)
                0x00000000c000ba1a                Video::Video(char const*)
                0x00000000c000ba1a                Video::Video(char const*)
                0x00000000c000ba50                Video::~Video()
                0x00000000c000ba50                Video::~Video()
                0x00000000c000ba74                Video::~Video()
                0x00000000c000ba9e                Video::isMonochrome()
                0x00000000c000baaa                Video::getWidth()
                0x00000000c000bab6                Video::getHeight()
                0x00000000c000bac2                Video::drawCursor(int, int, unsigned int*, int)
                0x00000000c000bb7e                Video::tgaParse(unsigned char*, int, int*, int*)
                0x00000000c000bf28                Video::putTGA(int, int, unsigned char*, int)
 .text          0x00000000c000bf98     0x11a3 hw/acpi.32
                0x00000000c000bf98                ACPI::close(int, int, void*)
                0x00000000c000bfa0                loadACPITables(unsigned char*)
                0x00000000c000c200                findRSDT(unsigned char*)
                0x00000000c000c34c                findDataTable(unsigned char*, char*)
                0x00000000c000c3c0                scanMADT()
                0x00000000c000c870                ACPI::ACPI()
                0x00000000c000c870                ACPI::ACPI()
                0x00000000c000c8c0                ACPI::getPCIIRQAssignment(unsigned char, unsigned short, unsigned char)
                0x00000000c000c9bc                ACPI::registerPCIIRQAssignment(void*, unsigned short, unsigned char, unsigned char)
                0x00000000c000ca88                ACPI::setScreenBrightnessLevel(void*, int)
                0x00000000c000ca90                ACPI::detectPCI()
                0x00000000c000cc9c                ACPI::writeSimpleBootFlag(SimpleBootFlagTable*)
                0x00000000c000ccb4                ACPI::open(int, int, void*)
 *fill*         0x00000000c000d13b        0x1 
 .text          0x00000000c000d13c       0xea krnl/assert.32
                0x00000000c000d13c                KeAssertionFailed(char*, char const*, char const*, int)
 .text          0x00000000c000d226       0xb6 krnl/atexit.32
                0x00000000c000d226                KeInitialiseAtexit()
                0x00000000c000d245                KeRegisterAtexit(void (*)(void*), void*)
                0x00000000c000d279                KeExecuteAtexit()
 .text          0x00000000c000d2dc       0x1e krnl/bootflags.32
                0x00000000c000d2dc                KeGetBootConfigurationFlag(BootConfigurationFlag)
                0x00000000c000d2ec                KeInitialiseBootConfigurationFlags()
 .text          0x00000000c000d2fa       0x9f krnl/bootmsg.32
                0x00000000c000d2fa                KeDisplaySplashScreen()
                0x00000000c000d329                KeSetBootMessage(char const*)
 .text          0x00000000c000d399       0x5f krnl/c++.32
                0x00000000c000d399                __cxa_atexit
                0x00000000c000d39c                __cxa_finalize
                0x00000000c000d39d                __stack_chk_fail
                0x00000000c000d3d3                __cxa_pure_virtual
                0x00000000c000d3e4                operator new[](unsigned long)
                0x00000000c000d3e9                operator delete(void*, unsigned long)
                0x00000000c000d3ee                operator delete[](void*)
                0x00000000c000d3f3                operator delete[](void*, unsigned long)
 .text          0x00000000c000d3f8       0x44 krnl/cdefs.32
                0x00000000c000d3f8                CUnlockScheduler
                0x00000000c000d410                CLockScheduler
                0x00000000c000d420                CPrintf
 .text          0x00000000c000d43c      0xd56 krnl/cm.32
                0x00000000c000d43c                CmOpen(char const*)
                0x00000000c000d55a                CmClose(Reghive_Tag*)
                0x00000000c000d570                CmReadExtent(Reghive_Tag*, int, unsigned char*)
                0x00000000c000d5ac                CmGetString(Reghive_Tag*, int, char*)
                0x00000000c000d623                CmEnterDirectory(Reghive_Tag*, int)
                0x00000000c000d662                CmGetNext(Reghive_Tag*, int)
                0x00000000c000d694                CmWriteExtent(Reghive_Tag*, int, unsigned char*)
                0x00000000c000d6d0                CmFreeExtent(Reghive_Tag*, int)
                0x00000000c000d6f8                CmUpdateHeader(Reghive_Tag*)
                0x00000000c000d719                CmExpand(Reghive_Tag*, int)
                0x00000000c000d794                CmFindUnusedExtent(Reghive_Tag*)
                0x00000000c000d81a                CmCreateExtent(Reghive_Tag*, int, int, unsigned char*)
                0x00000000c000d90e                CmSetString(Reghive_Tag*, int, char const*)
                0x00000000c000da4a                CmGetMatch(char*, char*, bool, bool*)
                0x00000000c000daab                CmAddShift(unsigned int*, int*, unsigned char, int)
                0x00000000c000dadb                CmGetShift(unsigned int*, int*, int, bool*)
                0x00000000c000db12                CmGetInteger(Reghive_Tag*, int, unsigned long long*)
                0x00000000c000db3c                CmSetInteger(Reghive_Tag*, int, unsigned long long)
                0x00000000c000db7c                CmConvertFromInternalFilename(unsigned char const*, char*)
                0x00000000c000dc20                CmGetNameAndTypeFromExtent(Reghive_Tag*, int, char*)
                0x00000000c000dc4e                CmConvertToInternalFilename(char const*, unsigned char*)
                0x00000000c000ddec                CmCreateString(Reghive_Tag*, int, char const*)
                0x00000000c000de39                CmFindInDirectory(Reghive_Tag*, int, char const*)
                0x00000000c000deb3                CmCreateInteger(Reghive_Tag*, int, char const*, unsigned long long, int)
                0x00000000c000df06                CmCreateDirectory(Reghive_Tag*, int, char const*)
                0x00000000c000dfca                zStrtok(char*, char const*)
                0x00000000c000e03c                CmFindObjectFromPath(Reghive_Tag*, char const*)
                0x00000000c000e0bd                CmDisplayTree(Reghive_Tag*, int, int)
                0x00000000c000e160                CmSplitFinalSlashInPlace(char*)
 *fill*         0x00000000c000e192        0x2 
 .text          0x00000000c000e194       0x1d krnl/compat.32
                0x00000000c000e194                Krnl::handlePowerButton()
                0x00000000c000e1a4                Krnl::handleSleepButton()
 *fill*         0x00000000c000e1b1        0x1 
 .text          0x00000000c000e1b2      0x2b1 krnl/computer.32
                0x00000000c000e1b2                Computer::close(int, int, void*)
                0x00000000c000e1b8                KeFirstTask()
                0x00000000c000e2da                Computer::Computer()
                0x00000000c000e2da                Computer::Computer()
                0x00000000c000e31e                KePrepareShutdown()
                0x00000000c000e33e                KeShutdown()
                0x00000000c000e362                KeSleep()
                0x00000000c000e36e                KeRestart()
                0x00000000c000e390                Computer::open(int, int, void*)
 .text          0x00000000c000e463       0x2b krnl/crc32.32
                0x00000000c000e463                KeCalculateCRC32(unsigned char*, int)
 .text          0x00000000c000e48e      0x5bf krnl/env.32
                0x00000000c000e48e                EnvVarContainer::getEnv(char const*)
                0x00000000c000e4cc                EnvVarContainer::setEnv(char const*, char const*)
                0x00000000c000e58e                EnvVarContainer::deleteEnv(char const*)
                0x00000000c000e590                EnvVarContainer::loadFrom(char const*, char const*)
                0x00000000c000e7b4                EnvVarContainer::__loadSystem()
                0x00000000c000e7ce                EnvVarContainer::__loadUser()
                0x00000000c000e7d0                EnvVarContainer::EnvVarContainer(Process*)
                0x00000000c000e7d0                EnvVarContainer::EnvVarContainer(Process*)
                0x00000000c000e7f2                EnvVarContainer::~EnvVarContainer()
                0x00000000c000e7f2                EnvVarContainer::~EnvVarContainer()
                0x00000000c000e822                KeGetEnv(Process*, char const*)
                0x00000000c000e887                KeSetEnvSystem(char const*, char const*)
                0x00000000c000e8a1                KeSetEnvUser(char const*, char const*)
                0x00000000c000e8c0                KeSetEnvProcess(Process*, char const*, char const*)
                0x00000000c000e8d3                KeDeleteEnvSystem(char const*)
                0x00000000c000e8d4                KeDeleteEnvUser(char const*)
                0x00000000c000e8d5                KeDeleteEnvProcess(Process*, char const*)
                0x00000000c000e8d6                KeNewProcessEnv(Process*)
                0x00000000c000e8f8                KeCopyProcessEnv(Process*, Process*)
                0x00000000c000e944                KeLoadSystemEnv()
                0x00000000c000e972                KeLoadUserEnv()
                0x00000000c000e998                KeFlushEnv()
                0x00000000c000e999                KeGetProcessTotalEnvCount(Process*)
                0x00000000c000e9b9                KeGetProcessEnvPair(Process*, int)
 *fill*         0x00000000c000ea4d        0x3 
 .text          0x00000000c000ea50      0x371 krnl/fault.32
                0x00000000c000ea50                KeSetupInterrupts()
                0x00000000c000eac8                int_handler
                0x00000000c000ebf8                KeDisplayProgramFault(char const*)
                0x00000000c000ec48                KeGeneralProtectionFault(void*, void*)
                0x00000000c000ecac                KePageFault(void*, void*)
                0x00000000c000ed10                KeNonMaskableInterrupt(void*, void*)
                0x00000000c000ed20                KeOtherFault(void*, void*)
                0x00000000c000ed54                KeOpcodeFault(void*, void*)
                0x00000000c000eda8                KeDoubleFault(void*, void*)
 *fill*         0x00000000c000edc1        0x1 
 .text          0x00000000c000edc2      0x1db krnl/gdt.32
                0x00000000c000edc2                GDTEntry::setBase(unsigned int)
                0x00000000c000edde                GDTEntry::setLimit(unsigned int)
                0x00000000c000edfc                GDT::GDT()
                0x00000000c000edfc                GDT::GDT()
                0x00000000c000ee12                GDT::addEntry(GDTEntry)
                0x00000000c000ee34                GDT::getNumberOfEntries()
                0x00000000c000ee3c                GDT::flush()
                0x00000000c000ee5e                GDT::setup()
 .text          0x00000000c000ef9d       0x20 krnl/idle.32
                0x00000000c000ef9d                idleFunction(void*)
 *fill*         0x00000000c000efbd        0x3 
 .text          0x00000000c000efc0      0x46c krnl/idt.32
                0x00000000c000efc0                IDTEntry::IDTEntry(bool)
                0x00000000c000efc0                IDTEntry::IDTEntry(bool)
                0x00000000c000f03a                IDTEntry::setOffset(unsigned int)
                0x00000000c000f050                IDT::IDT()
                0x00000000c000f050                IDT::IDT()
                0x00000000c000f052                IDT::getPointerToInvalidOpcodeEntryForF00F()
                0x00000000c000f05a                IDT::addEntry(IDTEntry, int)
                0x00000000c000f074                IDT::addEntry(int, void (*)(), bool)
                0x00000000c000f0ac                IDT::flush()
                0x00000000c000f0c6                IDT::setup()
 .text          0x00000000c000f42c       0x9a krnl/inlines.32
                0x00000000c000f42c                CPU::current()
                0x00000000c000f438                operator new(unsigned long)
                0x00000000c000f43d                operator delete(void*)
                0x00000000c000f442                disableIRQs()
                0x00000000c000f444                enableIRQs()
                0x00000000c000f446                lockScheduler()
                0x00000000c000f44e                unlockScheduler()
                0x00000000c000f460                lockStuff()
                0x00000000c000f46e                unlockStuff()
                0x00000000c000f4ab                Virt::getAKernelVAS()
                0x00000000c000f4b1                __not_memcpy
 .text          0x00000000c000f4c6      0x2bc krnl/intlformat.32
                0x00000000c000f4c6                KeFormatDate(char*, int, int, int, int, bool)
                0x00000000c000f6b6                KeFormatShortDate(char*, int, int, int, int)
                0x00000000c000f6d8                KeFormatLongDate(char*, int, int, int, int)
                0x00000000c000f6fa                KeSetLocale(klocale_t)
                0x00000000c000f710                KeInitialiseLocale()
                0x00000000c000f77e                KeFormatCurrency(char*, int, long long, long long)
                0x00000000c000f77f                KeFormatCurrency(char*, int, double)
                0x00000000c000f780                KeFormatNumber(char*, long long, long long)
                0x00000000c000f781                KeFormatNumber(char*, double)
 *fill*         0x00000000c000f782        0x2 
 .text          0x00000000c000f784      0x42e krnl/intops.32
                0x00000000c000f784                KeBasedUnsignedIntegerToString(unsigned long long, char*, int)
                0x00000000c000f90c                KeBasedSignedIntegerToString(long long, char*, int)
                0x00000000c000fab8                KeGetDigitsInNumber(long long)
                0x00000000c000fb24                KeItoa(unsigned long long, char*)
                0x00000000c000fb54                KeItoa(long long, char*)
                0x00000000c000fb84                KeXtoa(unsigned long long, char*)
 .text          0x00000000c000fbb2      0x207 krnl/kheap.32
                0x00000000c000fbb2                sbrk
                0x00000000c000fc49                sbrk_thunk
                0x00000000c000fc7f                mmap
                0x00000000c000fcdd                munmap
                0x00000000c000fcf2                liballoc_lock()
                0x00000000c000fd00                liballoc_unlock()
                0x00000000c000fd18                liballoc_alloc(int)
                0x00000000c000fd30                liballoc_free(void*, int)
                0x00000000c000fd4b                realloc
                0x00000000c000fd5f                malloc
                0x00000000c000fd6f                free
                0x00000000c000fd7f                rfree
                0x00000000c000fd8f                calloc
 *fill*         0x00000000c000fdb9        0x3 
 .text          0x00000000c000fdbc      0x1d3 krnl/mailbox.32
                0x00000000c000fdbc                KeMailboxTryPost(Mailbox*, void*)
                0x00000000c000fe1c                KeMailboxTryGet(Mailbox*, void**)
                0x00000000c000fe7c                KeMailboxCreate()
                0x00000000c000feb0                KeMailboxPost(Mailbox*, void*)
                0x00000000c000ff14                KeMailboxGet(Mailbox*, void**)
                0x00000000c000ff78                KeMailboxDestroy(Mailbox*)
 .text          0x00000000c000ff8f       0xc5 krnl/main.32
                0x00000000c000ff8f                KeEntryPoint
 .text          0x00000000c0010054       0x1a krnl/mutex.32
                0x00000000c0010054                Mutex::Mutex()
                0x00000000c0010054                Mutex::Mutex()
 .text          0x00000000c001006e        0xc krnl/panic.32
                0x00000000c001006e                KePanic(char const*)
 .text          0x00000000c001007a      0x667 krnl/physmgr.32
                0x00000000c001007a                Phys::allocateDMA(unsigned long)
                0x00000000c0010162                Phys::freeDMA(unsigned long, unsigned long)
                0x00000000c001019d                Phys::setPageState(unsigned long, bool)
                0x00000000c00101dd                Phys::getPageState(unsigned long)
                0x00000000c00101f9                Phys::freePage(unsigned long)
                0x00000000c0010262                Phys::allocatePage()
                0x00000000c0010340                Phys::allocateContiguousPages(int)
                0x00000000c00103bb                Phys::allowSegmentToBeUsed(unsigned long, unsigned long)
                0x00000000c00103f3                Phys::physicalMemorySetup(unsigned int)
 *fill*         0x00000000c00106e1        0x1 
 .text          0x00000000c00106e2      0x275 krnl/pipe.32
                0x00000000c00106e2                Pipe::isAtty()
                0x00000000c00106e6                Pipe::~Pipe()
                0x00000000c00106e6                Pipe::~Pipe()
                0x00000000c001070a                Pipe::~Pipe()
                0x00000000c0010732                Pipe::write(unsigned long long, void*, int*)
                0x00000000c00107f2                Pipe::read(unsigned long long, void*, int*)
                0x00000000c00108f0                Pipe::Pipe(int)
                0x00000000c00108f0                Pipe::Pipe(int)
 .text          0x00000000c0010957      0x10c krnl/powctrl.32
                0x00000000c0010957                KePowerThread(void*)
                0x00000000c0010989                KeChangePowerSettings(PowerSettings)
                0x00000000c001099f                KeUserIOReceived()
                0x00000000c00109aa                KeHandlePowerButton()
                0x00000000c00109c2                KeHandleSleepButton()
                0x00000000c00109da                KeSetupPowerManager()
 .text          0x00000000c0010a63       0x9d krnl/random.32
                0x00000000c0010a63                KeRand()
                0x00000000c0010aa5                KeSeedRand(unsigned int)
                0x00000000c0010ace                KeInitRand()
 .text          0x00000000c0010b00      0x1bc krnl/resolve.32
                0x00000000c0010b00                KeResolveCompatibilitySymbol(char*)
 .text          0x00000000c0010cbc      0x415 krnl/semaphore.32
                0x00000000c0010cbc                Semaphore::Semaphore(int)
                0x00000000c0010cbc                Semaphore::Semaphore(int)
                0x00000000c0010cec                Semaphore::tryAcquire()
                0x00000000c0010dc0                Semaphore::assertLocked(char const*)
                0x00000000c0010e4c                Semaphore::acquire(int)
                0x00000000c0011004                Semaphore::acquire()
                0x00000000c0011020                Semaphore::release()
 .text          0x00000000c00110d1      0x3a8 krnl/signal.32
                0x00000000c00110d1                KiSigKill(int)
                0x00000000c00110e5                KiDefaultSignalHandlerIgnore(int)
                0x00000000c00110e6                KiDefaultSignalHandlerPause(int)
                0x00000000c0011112                KiDefaultSignalHandlerResume(int)
                0x00000000c001113e                KeDeinitSignals(SigHandlerBlock*)
                0x00000000c0011143                KeInitSignals()
                0x00000000c00111b5                KeRegisterSignalHandler(SigHandlerBlock*, int, void (*)(int), unsigned int, int)
                0x00000000c00111eb                KeRaiseSignal(SigHandlerBlock*, int)
                0x00000000c001126c                KeCheckSignal(SigHandlerBlock*, int*)
                0x00000000c001139b                KiCheckSignalZ
                0x00000000c00113ec                KeCompleteSignal(SigHandlerBlock*, int)
                0x00000000c0011427                KiFinishSignalZ
 .text          0x00000000c0011479      0xe88 krnl/syscalls.32
                0x00000000c0011479                SysSeekDir(regs*)
                0x00000000c001147e                SysTellDir(regs*)
                0x00000000c0011483                SysVerify(regs*)
                0x00000000c001148d                SysGetArgc(regs*)
                0x00000000c00114a1                SysTTYName(regs*)
                0x00000000c00114a9                SysFormatDisk(regs*)
                0x00000000c0011520                SysSetDiskVolumeLabel(regs*)
                0x00000000c0011574                SysGetDiskVolumeLabel(regs*)
                0x00000000c00115cd                SysRealpath(regs*)
                0x00000000c0011611                SysReadDir(regs*)
                0x00000000c0011691                SysIsATTY(regs*)
                0x00000000c00116eb                SysSeek(regs*)
                0x00000000c0011749                SysTell(regs*)
                0x00000000c00117be                SysSize(regs*)
                0x00000000c0011838                SysSizeFromFilename(regs*)
                0x00000000c0011962                SysSizeFromFilenameNoSymlink(regs*)
                0x00000000c0011a8c                SysClose(regs*)
                0x00000000c0011aec                SysOpenDir(regs*)
                0x00000000c0011b69                SysMakeDir(regs*)
                0x00000000c0011bd7                SysCloseDir(regs*)
                0x00000000c0011c2b                SysWait(regs*)
                0x00000000c0011c4c                SysNotImpl(regs*)
                0x00000000c0011c67                SysPanic(regs*)
                0x00000000c0011c82                SysRmdir(regs*)
                0x00000000c0011ce7                SysUnlink(regs*)
                0x00000000c0011d4c                SysGetArgv(regs*)
                0x00000000c0011d99                SysUSleep(regs*)
                0x00000000c0011dc3                SysSpawn(regs*)
                0x00000000c0011e36                SysGetEnv(regs*)
                0x00000000c0011ee7                SysSetFatAttrib(regs*)
                0x00000000c0011f5a                SysShutdown(regs*)
                0x00000000c0011fb7                SysPipe(regs*)
                0x00000000c0011ffc                SysGetUnixTime(regs*)
                0x00000000c0012080                string_ends_with(char const*, char const*)
                0x00000000c00120c8                SysOpen(regs*)
                0x00000000c00122bf                KeSystemCall(regs*, void*)
 *fill*         0x00000000c0012301        0x1 
 .text          0x00000000c0012302      0xb0b krnl/terminal.32
                0x00000000c0012302                VgaText::isAtty()
                0x00000000c0012306                VgaText::~VgaText()
                0x00000000c0012306                VgaText::~VgaText()
                0x00000000c001232a                VgaText::~VgaText()
                0x00000000c0012354                VgaText::read(unsigned long long, void*, int*)
                0x00000000c0012374                setTerminalScrollLock(bool)
                0x00000000c0012375                doTerminalCycle()
                0x00000000c0012376                addToTerminalCycle(VgaText*)
                0x00000000c0012377                scrollTerminalScrollLock(int)
                0x00000000c0012378                VgaText::updateTitle()
                0x00000000c001237a                VgaText::load()
                0x00000000c001237c                VgaText::updateCursor()
                0x00000000c0012392                VgaText::doANSI_SGR(int)
                0x00000000c0012406                VgaText::setDefaultBgColour(VgaColour)
                0x00000000c0012416                VgaText::setDefaultFgColour(VgaColour)
                0x00000000c0012426                VgaText::setDefaultColours(VgaColour, VgaColour)
                0x00000000c0012446                VgaText::setTitleTextColour(VgaColour)
                0x00000000c0012452                VgaText::setTitleColour(VgaColour)
                0x00000000c001245e                VgaText::setTitle(char*)
                0x00000000c0012460                VgaText::combineColours(unsigned char, unsigned char)
                0x00000000c0012472                VgaText::scrollScreen()
                0x00000000c0012504                VgaText::combineCharAndColour(char, unsigned char)
                0x00000000c0012514                VgaText::writeCharacter(char, VgaColour, VgaColour, int, int)
                0x00000000c00125c0                VgaText::getCursorX()
                0x00000000c00125c8                VgaText::getCursorY()
                0x00000000c00125d0                VgaText::setCursor(int, int)
                0x00000000c00125e7                setActiveTerminal(VgaText*)
                0x00000000c0012632                VgaText::clearScreen()
                0x00000000c0012680                VgaText::setCursorX(int)
                0x00000000c0012698                VgaText::setCursorY(int)
                0x00000000c00126b0                VgaText::incrementCursor(bool)
                0x00000000c0012704                VgaText::decrementCursor(bool)
                0x00000000c0012726                VgaText::putchar(char, VgaColour, VgaColour)
                0x00000000c00127f6                VgaText::putchar(char)
                0x00000000c00128ee                VgaText::putx(unsigned int)
                0x00000000c0012934                VgaText::puts(char const*)
                0x00000000c001295a                VgaText::write(unsigned long long, void*, int*)
                0x00000000c00129a6                VgaText::puts(char const*, VgaColour, VgaColour)
                0x00000000c0012b20                VgaText::VgaText(char const*)
                0x00000000c0012b20                VgaText::VgaText(char const*)
                0x00000000c0012c80                VgaText::receiveKey(unsigned char)
                0x00000000c0012e0c                VgaText::doUpdate()
 *fill*         0x00000000c0012e0d        0x3 
 .text          0x00000000c0012e10      0x224 krnl/tss.32
                0x00000000c0012e10                TSS::TSS()
                0x00000000c0012e10                TSS::TSS()
                0x00000000c0012e20                TSS::setESP(unsigned long)
                0x00000000c0012e34                TSS::flush()
                0x00000000c0012e54                TSS::setup(unsigned long, unsigned long)
 .text          0x00000000c0013034      0x4dc krnl/unixfile.32
                0x00000000c0013034                ReservedFilename::read(unsigned long long, void*, int*)
                0x00000000c001308a                ReservedFilename::isAtty()
                0x00000000c00130a6                ReservedFilename::write(unsigned long long, void*, int*)
                0x00000000c0013104                UnixFile::getFileDescriptor()
                0x00000000c001310c                UnixFile::UnixFile(int)
                0x00000000c001310c                UnixFile::UnixFile(int)
                0x00000000c00132c0                ReservedFilename::ReservedFilename(int)
                0x00000000c00132c0                ReservedFilename::ReservedFilename(int)
                0x00000000c00132f2                UnixFile::~UnixFile()
                0x00000000c00132f2                UnixFile::~UnixFile()
                0x00000000c001338e                UnixFile::~UnixFile()
                0x00000000c00133b6                ReservedFilename::~ReservedFilename()
                0x00000000c00133b6                ReservedFilename::~ReservedFilename()
                0x00000000c00133da                ReservedFilename::~ReservedFilename()
                0x00000000c0013401                KeGetFileFromDescriptor(int)
 .text          0x00000000c0013510     0x14bc krnl/virtmgr.32
                0x00000000c0013510                Virt::setPageState(unsigned long, Virt::VirtPageState)
                0x00000000c001354a                Virt::getPageState(unsigned long)
                0x00000000c001356d                Virt::allocateKernelVirtualPages(int)
                0x00000000c0013692                Virt::freeSwapfilePage(unsigned long)
                0x00000000c00136b5                Virt::swapIDToSector(unsigned long)
                0x00000000c00136cb                Virt::allocateSwapfilePage()
                0x00000000c001374b                Virt::virtualMemorySetup()
                0x00000000c001379c                Virt::setupPageSwapping(int)
                0x00000000c001380e                VAS::setCPUSpecific(unsigned long)
                0x00000000c0013810                VAS::VAS(VAS*)
                0x00000000c0013810                VAS::VAS(VAS*)
                0x00000000c0013828                VAS::getForeignPageTableEntry(bool, unsigned long)
                0x00000000c0013856                VAS::getPageTableEntry(unsigned long)
                0x00000000c0013875                Virt::freeKernelVirtualPages(unsigned long)
                0x00000000c00139b2                VAS::freeAllocatedPages(unsigned long)
                0x00000000c00139d6                VAS::virtualToPhysical(unsigned long)
                0x00000000c00139f0                VAS::reflagRange(unsigned long, int, unsigned long, unsigned long)
                0x00000000c0013a32                VAS::VAS()
                0x00000000c0013a32                VAS::VAS()
                0x00000000c0013a9c                VAS::setToWriteCombining(unsigned long, int)
                0x00000000c0013abc                VAS::mapOtherVASIn(bool, VAS*)
                0x00000000c0013ae8                VAS::~VAS()
                0x00000000c0013ae8                VAS::~VAS()
                0x00000000c0013c50                VAS::mapPage(unsigned long, unsigned long, int)
                0x00000000c0013d54                VAS::allocatePages(int, int)
                0x00000000c0013e3a                VAS::mapRange(unsigned long, unsigned long, int, int)
                0x00000000c0013e92                VAS::mapForeignPage(bool, VAS*, unsigned long, unsigned long, int)
                0x00000000c0013f88                VAS::VAS(bool)
                0x00000000c0013f88                VAS::VAS(bool)
                0x00000000c0014170                VAS::evict(unsigned long)
                0x00000000c0014274                VAS::canLockPage(unsigned long)
                0x00000000c001428e                VAS::unlockPage(unsigned long)
                0x00000000c00142c2                VAS::canLockPages(unsigned long, int)
                0x00000000c00142fe                VAS::unlockPages(unsigned long, int)
                0x00000000c001433a                VAS::tryLoadBackOffDisk(unsigned long)
                0x00000000c001464a                VAS::lockPage(unsigned long)
                0x00000000c00146bc                VAS::lockPages(unsigned long, int)
                0x00000000c00146f8                VAS::allocateSharedMemoryWithKernel(unsigned long, unsigned long*)
                0x00000000c001476c                VAS::freeSharedMemoryWithKernel(unsigned long, unsigned long)
                0x00000000c0014798                VAS::scanForEviction()
                0x00000000c00148d1                mapVASFirstTime
 .text          0x00000000c00149cc       0x2f sys/alarm.32
                0x00000000c00149cc                SysAlarm(regs*)
 .text          0x00000000c00149fb       0x36 sys/eject.32
                0x00000000c00149fb                SysEject(regs*)
 .text          0x00000000c0014a31       0x18 sys/exit.32
                0x00000000c0014a31                SysExit(regs*)
 .text          0x00000000c0014a49       0x1f sys/getcwd.32
                0x00000000c0014a49                SysGetCwd(regs*)
 .text          0x00000000c0014a68       0x26 sys/getpid.32
                0x00000000c0014a68                SysGetPID(regs*)
 .text          0x00000000c0014a8e       0x21 sys/getramdata.32
                0x00000000c0014a8e                SysGetRAMData(regs*)
 .text          0x00000000c0014aaf       0xd3 sys/getvgaptr.32
                0x00000000c0014aaf                SysGetVGAPtr(regs*)
 *fill*         0x00000000c0014b82        0x2 
 .text          0x00000000c0014b84       0xb9 sys/kill.32
                0x00000000c0014b84                SysKill(regs*)
 .text          0x00000000c0014c3d       0xa8 sys/loaddll.32
                0x00000000c0014c3d                SysLoadDLL(regs*)
 .text          0x00000000c0014ce5       0x12 sys/pause.32
                0x00000000c0014ce5                SysPause(regs*)
 .text          0x00000000c0014cf7       0x49 sys/pthread.32
                0x00000000c0014cf7                SysPthreadCreate(regs*)
                0x00000000c0014d0f                SysPthreadGetTID(regs*)
                0x00000000c0014d19                SysInternalPthreadGetContext(regs*)
                0x00000000c0014d1e                SysInternalPthreadGetStartLocation(regs*)
                0x00000000c0014d23                SysPthreadJoin(regs*)
                0x00000000c0014d28                SysPthreadExit(regs*)
 .text          0x00000000c0014d40       0x68 sys/read.32
                0x00000000c0014d40                SysRead(regs*)
 .text          0x00000000c0014da8       0x29 sys/registersignal.32
                0x00000000c0014da8                SysRegisterSignal(regs*)
 .text          0x00000000c0014dd1      0x1cc sys/registry.32
                0x00000000c0014dd1                SysRegistryGetTypeFromPath(regs*)
                0x00000000c0014e15                SysRegistryReadExtent(regs*)
                0x00000000c0014e5d                SysRegistryPathToExtentLookup(regs*)
                0x00000000c0014e74                SysRegistryEnterDirectory(regs*)
                0x00000000c0014e8b                SysRegistryGetNext(regs*)
                0x00000000c0014ea2                SysRegistryGetNameAndTypeFromExtent(regs*)
                0x00000000c0014edc                SysRegistryOpen(regs*)
                0x00000000c0014ef0                SysRegistryClose(regs*)
                0x00000000c0014f07                SysRegistryEasyReadString(regs*)
                0x00000000c0014f53                SysRegistryEasyReadInteger(regs*)
 .text          0x00000000c0014f9d       0x55 sys/sbrk.32
                0x00000000c0014f9d                SysSbrk(regs*)
 .text          0x00000000c0014ff2       0x1c sys/setcwd.32
                0x00000000c0014ff2                SysSetCwd(regs*)
 .text          0x00000000c001500e       0xd7 sys/settime.32
                0x00000000c001500e                SysSetTime(regs*)
 .text          0x00000000c00150e5       0x73 sys/symlink.32
                0x00000000c00150e5                SysSymlink(regs*)
 .text          0x00000000c0015158       0x3e sys/timezone.32
                0x00000000c0015158                SysTimezone(regs*)
 .text          0x00000000c0015196       0xfc sys/truncate.32
                0x00000000c0015196                SysTruncate(regs*)
 .text          0x00000000c0015292       0x68 sys/write.32
                0x00000000c0015292                SysWrite(regs*)
 .text          0x00000000c00152fa       0x9d sys/wsbe.32
                0x00000000c00152fa                SysWsbe(regs*)
 .text          0x00000000c0015397       0x28 sys/yield.32
                0x00000000c0015397                SysYield(regs*)
 *fill*         0x00000000c00153bf        0x1 
 .text          0x00000000c00153c0      0x281 thr/alarm.32
                0x00000000c00153c0                KeAlarm(ThreadControlBlock*, unsigned long long)
                0x00000000c0015550                KeCheckAlarm(ThreadControlBlock*)
 .text          0x00000000c0015641     0x1382 thr/elf.32
                0x00000000c0015641                Thr::allocateMemoryForTask(Process*, File*, unsigned long, unsigned long, unsigned long)
                0x00000000c00158d3                Thr::loadProgramIntoMemory(Process*, char const*)
                0x00000000c0015b96                Thr::runtimeReferenceHelper()
                0x00000000c0015ba9                Thr::getAddressOfKernelSymbol(char const*)
                0x00000000c0015bf8                Thr::loadKernelSymbolTable(char const*)
                0x00000000c0015eb6                Thr::loadDriverIntoMemory(char const*, unsigned long, bool)
                0x00000000c00166b5                Thr::getDriverBaseFromAddress(unsigned long)
                0x00000000c00166e7                Thr::getDriverNameFromAddress(unsigned long)
                0x00000000c001671e                Thr::getDriverOffsetFromAddress(unsigned long)
                0x00000000c0016738                Thr::loadDLL(char const*, bool)
                0x00000000c001698a                Thr::executeDLL(unsigned long, void*)
 .text          0x00000000c00169c3       0x5a thr/exec.32
                0x00000000c00169c3                KeProcessExec(Process*, char const*)
 *fill*         0x00000000c0016a1d        0x3 
 .text          0x00000000c0016a20     0x129d thr/prcssthr.32
                0x00000000c0016a20                userModeEntryPoint(void*)
                0x00000000c0016a4c                changeTSS
                0x00000000c0016a7c                switchToThread(ThreadControlBlock*)
                0x00000000c0016b3c                Process::addArgs(char**)
                0x00000000c0016ba8                Process::Process(char const*, Process*, char**)
                0x00000000c0016ba8                Process::Process(char const*, Process*, char**)
                0x00000000c0016de0                Process::Process(bool, char const*, Process*, char**)
                0x00000000c0016de0                Process::Process(bool, char const*, Process*, char**)
                0x00000000c0016fcc                taskStartupFunction
                0x00000000c0016fd8                KeDisablePreemption()
                0x00000000c0017000                KeRestorePreemption()
                0x00000000c0017020                Process::createThread(void (*)(void*), void*, int)
                0x00000000c0017178                Process::createUserThread()
                0x00000000c0017198                setupMultitasking(void (*)())
                0x00000000c00172e0                schedule()
                0x00000000c0017374                blockTaskWithSchedulerLockAlreadyHeld(TaskState)
                0x00000000c00173a0                blockTask(TaskState)
                0x00000000c00173dc                waitTask(int, int*, int)
                0x00000000c0017420                milliTenthSleepUntil(unsigned long long)
                0x00000000c00174d4                milliTenthSleep(unsigned long long)
                0x00000000c00174ec                sleep(unsigned long long)
                0x00000000c001750c                sleep(unsigned int)
                0x00000000c0017524                milliTenthSleep(unsigned int)
                0x00000000c0017544                taskReturned
                0x00000000c001758c                Thr::processFromPID(int)
                0x00000000c001763c                unblockTask(ThreadControlBlock*)
                0x00000000c00176f0                cleanupTerminatedTask(ThreadControlBlock*)
                0x00000000c00179c8                cleanerTaskFunction(void*)
                0x00000000c0017ae0                terminateTask(int)
                0x00000000c0017bf0                Thr::terminateFromIRQ(int)
 .text          0x00000000c0017cbd      0xe5f vm86/vm8086.32
                0x00000000c0017cbd                Vm::inbv(unsigned short)
                0x00000000c0017cd0                Vm::outbv(unsigned short, unsigned char)
                0x00000000c0017d06                Vm::realToLinear(unsigned short, unsigned short)
                0x00000000c0017d16                Vm::getSegment(unsigned int)
                0x00000000c0017d1e                Vm::getOffset(unsigned int)
                0x00000000c0017d23                Vm::mainloop2()
                0x00000000c0017d64                Vm::mainVm8086Loop(void*)
                0x00000000c0017d78                Vm::mainloop3(unsigned long)
                0x00000000c0017daa                Vm::initialise8086()
                0x00000000c0017dee                Vm::resetConventionalMemory8086()
                0x00000000c0017def                Vm::finish8086()
                0x00000000c0017e60                Vm::getOutput8086(unsigned char*)
                0x00000000c0017e85                Vm::start8086FromBuffer(unsigned char*, int, unsigned short, unsigned short, unsigned short, unsigned short)
                0x00000000c0017fe7                Vm::start8086(char const*, unsigned short, unsigned short, unsigned short, unsigned short)
                0x00000000c001822f                Vm::doISR(regs*, int, unsigned char*, unsigned short, unsigned short)
                0x00000000c00182c9                Vm::readByteFromReal(unsigned short, unsigned short)
                0x00000000c00182da                Vm::readWordFromReal(unsigned short, unsigned short)
                0x00000000c00182ec                Vm::readDwordFromReal(unsigned short, unsigned short)
                0x00000000c00182fd                Vm::writeByteFromReal(unsigned short, unsigned short, unsigned char)
                0x00000000c0018312                Vm::writeWordFromReal(unsigned short, unsigned short, unsigned short)
                0x00000000c0018328                Vm::writeDwordFromReal(unsigned short, unsigned short, unsigned int)
                0x00000000c001833d                Vm::faultHandler(regs*)
 .text          0x00000000c0018b1c      0x45f arch/i386/apic.32
                0x00000000c0018b1c                IOAPIC::close(int, int, void*)
                0x00000000c0018b22                apicGetBase()
                0x00000000c0018b5c                IOAPIC::IOAPIC()
                0x00000000c0018b5c                IOAPIC::IOAPIC()
                0x00000000c0018b84                apicOpen()
                0x00000000c0018d10                IOAPIC::handlesGSIWithNumber(unsigned int)
                0x00000000c0018d42                IOAPIC::read(int)
                0x00000000c0018d6a                IOAPIC::open(int, int, void*)
                0x00000000c0018e50                IOAPIC::write(int, int)
                0x00000000c0018e7c                IOAPIC::redirect(unsigned char, unsigned long long, unsigned char, bool, bool)
 *fill*         0x00000000c0018f7b        0x1 
 .text          0x00000000c0018f7c     0x1ef9 arch/i386/hal.32
                0x00000000c0018f7c                noCopro(unsigned long)
                0x00000000c0018f7e                CPU::close(int, int, void*)
                0x00000000c0018f81                x86ReadCMOS(unsigned char)
                0x00000000c0018fd5                x86WriteCMOS(unsigned char, unsigned char)
                0x00000000c0019035                AMD_K6_write_msr(unsigned int, unsigned int, unsigned int, REGS*)
                0x00000000c0019054                AMD_K6_read_msr(unsigned int, REGS*)
                0x00000000c0019071                AMD_K6_writeback(int, int, int)
                0x00000000c0019131                cpuid(int, unsigned long*, unsigned long*, unsigned long*, unsigned long*)
                0x00000000c00191cf                cpuidCheckEDX(unsigned int)
                0x00000000c00191fc                cpuidCheckECX(unsigned int)
                0x00000000c001922a                cpuidCheckExtendedEBX(unsigned int)
                0x00000000c0019258                cpuidCheckExtendedECX(unsigned int)
                0x00000000c0019286                HalDetectFeatures()
                0x00000000c001a071                HalEnableNMI()
                0x00000000c001a084                HalDisableNMI()
                0x00000000c001a097                HalGetNMIState()
                0x00000000c001a09d                x86rdmsr(unsigned int)
                0x00000000c001a0db                x86wrmsr(unsigned int, unsigned long long)
                0x00000000c001a120                HalHandleGeneralProtectionFault(void*, void*)
                0x00000000c001a136                HalFindRSDP()
                0x00000000c001a213                HalHandlePageFault(void*, void*)
                0x00000000c001a242                HalHandleOpcodeFault(void*, void*)
                0x00000000c001a284                HalDisplayDebugInfo(void*)
                0x00000000c001a612                HalReceivedNMI()
                0x00000000c001a6ad                HalSystemIdle()
                0x00000000c001a70c                i386SaveCoprocessor(void*)
                0x00000000c001a720                i386LoadCoprocessor(void*)
                0x00000000c001a734                x87EmulHandler(regs*, void*)
                0x00000000c001a7d1                HalInitialiseCoprocessor()
                0x00000000c001a855                HalPanic(char const*)
                0x00000000c001a969                HalQueryPerformanceCounter()
                0x00000000c001a979                HalInitialise()
                0x00000000c001ab24                HalMakeBeep(int)
                0x00000000c001ab5e                HalGetRand()
                0x00000000c001ab61                HalEndOfInterrupt(int)
                0x00000000c001ab8c                HalRestart()
                0x00000000c001ab8d                HalShutdown()
                0x00000000c001ab8e                HalSleep()
                0x00000000c001ab90                CPU::CPU()
                0x00000000c001ab90                CPU::CPU()
                0x00000000c001ac14                CPU::setupSMEP()
                0x00000000c001ac20                CPU::setupUMIP()
                0x00000000c001ac2a                CPU::setupTSC()
                0x00000000c001ac34                CPU::setupLargePages()
                0x00000000c001ac3e                CPU::setupPAT()
                0x00000000c001ac70                CPU::setupMTRR()
                0x00000000c001ac72                CPU::setupGlobalPages()
                0x00000000c001ac7c                CPU::allowUsermodeDataAccess()
                0x00000000c001ac8a                CPU::prohibitUsermodeDataAccess()
                0x00000000c001ac98                CPU::setupSMAP()
                0x00000000c001aca6                CPU::setupFeatures()
                0x00000000c001ad72                CPU::open(int, int, void*)
 .text          0x00000000c001ae75      0x261 arch/i386/intctrl.32
                0x00000000c001ae75                convertLegacyIRQNumber(int)
                0x00000000c001aeb1                HalInstallISRHandler(int, void (*)(regs*, void*), void*)
                0x00000000c001aefb                HalInstallIRQHandler(int, void (*)(regs*, void*), bool, void*)
                0x00000000c001b029                HalUninstallISRHandler(int, void (*)(regs*, void*))
                0x00000000c001b05d                HalUninstallIRQHandler(int, void (*)(regs*, void*), bool)
 *fill*         0x00000000c001b0d6        0x2 
 .text          0x00000000c001b0d8      0x2dc arch/i386/pic.32
                0x00000000c001b0d8                picIoWait()
                0x00000000c001b0e0                picDisable()
                0x00000000c001b114                picGetIRQReg(int)
                0x00000000c001b190                picOpen()
                0x00000000c001b314                picEOI(int)
 .text          0x00000000c001b3b4      0x5f3 arch/i386/rtc.32
                0x00000000c001b3b4                RTC::open(int, int, void*)
                0x00000000c001b3b8                RTC::close(int, int, void*)
                0x00000000c001b3bc                RTC::timeInSecondsUTC()
                0x00000000c001b3ce                RTC::timeInDatetimeUTC()
                0x00000000c001b3f4                RTC::setTimeInSecondsUTC(unsigned long long)
                0x00000000c001b432                RTC::~RTC()
                0x00000000c001b432                RTC::~RTC()
                0x00000000c001b456                RTC::~RTC()
                0x00000000c001b480                RTC::get_update_in_progress_flag()
                0x00000000c001b494                RTC::completeRTCRefresh()
                0x00000000c001b748                RTC::setTimeInDatetimeUTC(datetime_t)
                0x00000000c001b8be                rtcIRQHandler(regs*, void*)
                0x00000000c001b8fe                RTC::RTC()
                0x00000000c001b8fe                RTC::RTC()
 *fill*         0x00000000c001b9a7        0x1 
 .text          0x00000000c001b9a8      0x1f4 arch/i386/vga.32
                0x00000000c001b9a8                HalConsoleScroll(int, int)
                0x00000000c001bab0                HalConsoleWriteCharacter(char, int, int, int, int)
                0x00000000c001bb14                HalConsoleCursorUpdate(int, int)
 .text          0x00000000c001bb9c     0x14cf fs/fat/vfslink.32
                0x00000000c001bb9c                FAT::getName()
                0x00000000c001bba4                FAT::tell(void*, unsigned long long*)
                0x00000000c001bbe0                FAT::stat(void*, unsigned long long*)
                0x00000000c001bc1c                FAT::~FAT()
                0x00000000c001bc1c                FAT::~FAT()
                0x00000000c001bc40                FAT::~FAT()
                0x00000000c001bc68                FAT::getlabel(LogicalDisk*, int, char*, unsigned int*)
                0x00000000c001bd0c                FAT::setlabel(LogicalDisk*, int, char*)
                0x00000000c001bdd0                FAT::format(LogicalDisk*, int, char const*, int)
                0x00000000c001bfb4                FAT::tryMount(LogicalDisk*, int)
                0x00000000c001c1d0                FAT::allocateSwapfile(char const*, int)
                0x00000000c001c390                FAT::readDir(void*, unsigned long, void*, int*)
                0x00000000c001c500                FAT::read(void*, unsigned long, void*, int*)
                0x00000000c001c560                FAT::write(void*, unsigned long, void*, int*)
                0x00000000c001c5c0                FAT::close(void*)
                0x00000000c001c614                FAT::closeDir(void*)
                0x00000000c001c668                FAT::truncate(void*, unsigned long long)
                0x00000000c001c6d4                FAT::seek(void*, unsigned long long)
                0x00000000c001c72c                fatWrapperReadDisk
                0x00000000c001c76c                fatWrapperWriteDisk
                0x00000000c001c7ac                fatWrapperIoctl
                0x00000000c001c8c8                FAT::FAT()
                0x00000000c001c8c8                FAT::FAT()
                0x00000000c001c920                FAT::fixFilepath(char*)
                0x00000000c001c960                FAT::open(char const*, void**, FileOpenMode)
                0x00000000c001cad4                FAT::openDir(char const*, void**)
                0x00000000c001cb84                FAT::stat(char const*, unsigned long long*, bool*)
                0x00000000c001cc7c                FAT::unlink(char const*)
                0x00000000c001ccfc                FAT::chfatattr(char const*, unsigned char, unsigned char)
                0x00000000c001ceb0                FAT::rename(char const*, char const*)
                0x00000000c001cf7c                FAT::mkdir(char const*)
                0x00000000c001cffc                FAT::exists(char const*)
 *fill*         0x00000000c001d06b        0x1 
 .text          0x00000000c001d06c       0x94 fs/iso9660/helper.32
                0x00000000c001d06c                isoReadDiscSectorHelper
                0x00000000c001d0c8                iso_kprintf
                0x00000000c001d0e4                iso_kprintfd
 .text          0x00000000c001d100      0x71c fs/iso9660/vfslink.32
                0x00000000c001d100                ISO9660::format(LogicalDisk*, int, char const*, int)
                0x00000000c001d106                ISO9660::truncate(void*, unsigned long long)
                0x00000000c001d10c                ISO9660::getName()
                0x00000000c001d112                ISO9660::closeDir(void*)
                0x00000000c001d11c                ISO9660::chfatattr(char const*, unsigned char, unsigned char)
                0x00000000c001d122                ISO9660::unlink(char const*)
                0x00000000c001d128                ISO9660::write(void*, unsigned long, void*, int*)
                0x00000000c001d12e                ISO9660::rename(char const*, char const*)
                0x00000000c001d134                ISO9660::mkdir(char const*)
                0x00000000c001d13a                ISO9660::~ISO9660()
                0x00000000c001d13a                ISO9660::~ISO9660()
                0x00000000c001d15e                ISO9660::~ISO9660()
                0x00000000c001d186                ISO9660::exists(char const*)
                0x00000000c001d19a                ISO9660::open(char const*, void**, FileOpenMode)
                0x00000000c001d280                ISO9660::read(void*, unsigned long, void*, int*)
                0x00000000c001d2c8                ISO9660::seek(void*, unsigned long long)
                0x00000000c001d30a                ISO9660::tell(void*, unsigned long long*)
                0x00000000c001d348                ISO9660::stat(void*, unsigned long long*)
                0x00000000c001d39a                ISO9660::stat(char const*, unsigned long long*, bool*)
                0x00000000c001d4dc                ISO9660::close(void*)
                0x00000000c001d50c                ISO9660::openDir(char const*, void**)
                0x00000000c001d5e6                ISO9660::readDir(void*, unsigned long, void*, int*)
                0x00000000c001d703                readSectorFromCDROM(unsigned int, unsigned char*, char)
                0x00000000c001d782                ISO9660::tryMount(LogicalDisk*, int)
                0x00000000c001d7f4                ISO9660::ISO9660()
                0x00000000c001d7f4                ISO9660::ISO9660()
 .text          0x00000000c001d81c      0x26c hal/sound/sndcard.32
                0x00000000c001d81c                SoundCard::beginPlayback()
                0x00000000c001d82a                SoundCard::stopPlayback()
                0x00000000c001d838                SoundCard::SoundCard(char const*)
                0x00000000c001d838                SoundCard::SoundCard(char const*)
                0x00000000c001d8d6                SoundCard::~SoundCard()
                0x00000000c001d8d6                SoundCard::~SoundCard()
                0x00000000c001d8fa                SoundCard::~SoundCard()
                0x00000000c001d924                SoundCard::configureRates(int, int, int)
                0x00000000c001d954                SoundCard::getSamples16(int, short*)
                0x00000000c001d9b0                SoundCard::getSamples32(int, int*)
                0x00000000c001da36                SoundCard::addChannel(SoundPort*)
                0x00000000c001da74                SoundCard::removeChannel(int)
 .text          0x00000000c001da88      0x426 hal/sound/sndport.32
                0x00000000c001da88                SoundPort::SoundPort(int, int, int, int)
                0x00000000c001da88                SoundPort::SoundPort(int, int, int, int)
                0x00000000c001db14                SoundPort::~SoundPort()
                0x00000000c001db14                SoundPort::~SoundPort()
                0x00000000c001db48                SoundPort::unpause()
                0x00000000c001db54                SoundPort::pause()
                0x00000000c001db60                SoundPort::getBufferUsed()
                0x00000000c001db68                SoundPort::getBufferSize()
                0x00000000c001db70                SoundPort::buffer8(signed char*, int)
                0x00000000c001dc04                SoundPort::buffer16(short*, int)
                0x00000000c001dc98                SoundPort::buffer32(int*, int)
                0x00000000c001dd24                SoundPort::unbufferAndAdd16(int, short*, SoundCard*)
                0x00000000c001ddf0                SoundPort::unbufferAndAdd32(int, int*, SoundCard*)
 .text          0x00000000c001deae      0xc23 hw/bus/pci.32
                0x00000000c001deae                PCI::open(int, int, void*)
                0x00000000c001decc                PCI::close(int, int, void*)
                0x00000000c001ded0                PCI::PCI()
                0x00000000c001ded0                PCI::PCI()
                0x00000000c001df68                PCI::readBAR8(unsigned int, int)
                0x00000000c001df84                PCI::readBAR16(unsigned int, int)
                0x00000000c001dfa2                PCI::readBAR32(unsigned int, int)
                0x00000000c001dfbe                PCI::writeBAR8(unsigned int, unsigned char, int)
                0x00000000c001dfde                PCI::writeBAR16(unsigned int, unsigned short, int)
                0x00000000c001e000                PCI::writeBAR32(unsigned int, unsigned int, int)
                0x00000000c001e020                PCI::legacyMechanism(unsigned char, unsigned char, unsigned char, unsigned char)
                0x00000000c001e096                PCI::pciReadWord(unsigned char, unsigned char, unsigned char, unsigned char)
                0x00000000c001e140                PCI::getVendorID(unsigned char, unsigned char, unsigned char)
                0x00000000c001e164                PCI::getHeaderType(unsigned char, unsigned char, unsigned char)
                0x00000000c001e18c                PCI::getClassCode(unsigned char, unsigned char, unsigned char)
                0x00000000c001e1d6                PCI::getProgIF(unsigned char, unsigned char, unsigned char)
                0x00000000c001e1fe                PCI::getRevisionID(unsigned char, unsigned char, unsigned char)
                0x00000000c001e222                PCI::getInterruptNumber(unsigned char, unsigned char, unsigned char)
                0x00000000c001e246                PCI::getSecondaryBus(unsigned char, unsigned char, unsigned char)
                0x00000000c001e26e                PCI::getBARAddress(unsigned char, unsigned char, unsigned char, unsigned char)
                0x00000000c001e2d2                PCI::pciWriteWord(unsigned char, unsigned char, unsigned char, unsigned char, unsigned short)
                0x00000000c001e3ba                PCI::pciDetailsToFilepath(PCIDeviceInfo, char*)
                0x00000000c001e680                PCI::checkBus(unsigned char)
                0x00000000c001e6a4                PCI::foundDevice(PCIDeviceInfo)
                0x00000000c001e88a                PCI::getDeviceData(unsigned char, unsigned char, unsigned char)
                0x00000000c001ea06                PCI::checkDevice(unsigned char, unsigned char)
                0x00000000c001ea78                PCI::detect()
 *fill*         0x00000000c001ead1        0x1 
 .text          0x00000000c001ead2      0xe58 hw/diskctrl/ide.32
                0x00000000c001ead2                IDE::close(int, int, void*)
                0x00000000c001ead6                IDE::IDE()
                0x00000000c001ead6                IDE::IDE()
                0x00000000c001eb0a                IDE::prepareInterrupt(unsigned char)
                0x00000000c001eb1c                selectDrive(unsigned char, unsigned char)
                0x00000000c001eb1e                IDE::getBase(unsigned char)
                0x00000000c001eb30                IDE::write(unsigned char, unsigned char, unsigned char)
                0x00000000c001ebf0                IDE::read(unsigned char, unsigned char)
                0x00000000c001ec9e                IDE::waitInterrupt(unsigned char)
                0x00000000c001ed01                ideChannel0IRQHandler(regs*, void*)
                0x00000000c001ed1d                ideChannel1IRQHandler(regs*, void*)
                0x00000000c001ed3a                IDE::enableIRQs(unsigned char, bool)
                0x00000000c001ed84                IDE::open(int, int, void*)
                0x00000000c001f2de                IDE::readBuffer(unsigned char, unsigned char, unsigned int, unsigned int)
                0x00000000c001f3ae                IDE::detect()
                0x00000000c001f81c                IDE::printError(unsigned char, unsigned char, unsigned char)
                0x00000000c001f8d6                IDE::polling(unsigned char, unsigned int)
 .text          0x00000000c001f92a      0x33d hw/diskctrl/satabus.32
                0x00000000c001f92a                SATABus::close(int, int, void*)
                0x00000000c001f92e                SATABus::detect()
                0x00000000c001f930                SATABus::SATABus()
                0x00000000c001f930                SATABus::SATABus()
                0x00000000c001f9b6                SATABus::findCmdslot(SATABus::tagHBA_PORT volatile*)
                0x00000000c001f9e8                SATABus::checkType(SATABus::tagHBA_PORT volatile*)
                0x00000000c001fa30                SATABus::startCmd(SATABus::tagHBA_PORT volatile*)
                0x00000000c001fa50                SATABus::stopCmd(SATABus::tagHBA_PORT volatile*)
                0x00000000c001fa7a                SATABus::portRebase(SATABus::tagHBA_PORT volatile*, int)
                0x00000000c001fb8a                SATABus::probePort(SATABus::tagHBA_MEM volatile*)
                0x00000000c001fc34                SATABus::open(int, int, void*)
 *fill*         0x00000000c001fc67        0x1 
 .text          0x00000000c001fc68      0x7a9 hw/diskphys/ata.32
                0x00000000c001fc68                ATA::close(int, int, void*)
                0x00000000c001fc8c                ATA::powerSaving(PowerSavingLevel)
                0x00000000c001fc8e                ATA::ATA()
                0x00000000c001fc8e                ATA::ATA()
                0x00000000c001fcbc                ATA::flush(bool)
                0x00000000c001fd0a                ATA::readyForCommand()
                0x00000000c001fd56                ATA::access(unsigned long long, int, void*, bool)
                0x00000000c0020146                ATA::read(unsigned long long, int, void*)
                0x00000000c0020192                ATA::write(unsigned long long, int, void*)
                0x00000000c00201de                ATA::detectCHS()
                0x00000000c0020208                ATA::open(int, int, void*)
                0x00000000c00203f3                combineCharAndColour(char, unsigned char)
                0x00000000c0020404                combineColours(unsigned char, unsigned char)
 *fill*         0x00000000c0020411        0x1 
 .text          0x00000000c0020412      0x618 hw/diskphys/atapi.32
                0x00000000c0020412                ATAPI::write(unsigned long long, int, void*)
                0x00000000c0020418                ATAPI::close(int, int, void*)
                0x00000000c002043c                ATAPI::ATAPI()
                0x00000000c002043c                ATAPI::ATAPI()
                0x00000000c002046a                ATAPI::readyForCommand()
                0x00000000c00204bc                ATAPI::sendPacket(unsigned char*, int, bool, unsigned short*, int)
                0x00000000c0020784                ATAPI::diskRemoved()
                0x00000000c00207be                ATAPI::eject()
                0x00000000c0020806                ATAPI::diskInserted()
                0x00000000c0020812                ATAPI::detectMedia()
                0x00000000c00208d0                ATAPI::open(int, int, void*)
                0x00000000c00209b0                ATAPI::read(unsigned long long, int, void*)
 .text          0x00000000c0020a2a      0x44c hw/diskphys/sata.32
                0x00000000c0020a2a                SATA::close(int, int, void*)
                0x00000000c0020a4e                SATA::powerSaving(PowerSavingLevel)
                0x00000000c0020a50                SATA::open(int, int, void*)
                0x00000000c0020b08                SATA::SATA()
                0x00000000c0020b08                SATA::SATA()
                0x00000000c0020b36                SATA::access(unsigned long long, int, void*, bool)