Archive member included to satisfy reference by file (symbol)

/cygdrive/c/Users/Alex/Toolchain/Output/bin/../lib/gcc/i386-banana/8.1.0/libkgcc.a(_divdi3.o)
                              krnl/intops.32 (__divdi3)
/cygdrive/c/Users/Alex/Toolchain/Output/bin/../lib/gcc/i386-banana/8.1.0/libkgcc.a(_moddi3.o)
                              krnl/intops.32 (__moddi3)
/cygdrive/c/Users/Alex/Toolchain/Output/bin/../lib/gcc/i386-banana/8.1.0/libkgcc.a(_udivdi3.o)
                              hal/clock.32 (__udivdi3)
/cygdrive/c/Users/Alex/Toolchain/Output/bin/../lib/gcc/i386-banana/8.1.0/libkgcc.a(_umoddi3.o)
                              hal/clock.32 (__umoddi3)
C:/Users/Alex/Desktop/Banana/kernel/libk/libm32.a(e_acos.c.o)
                              krnl/mathlinker.32 (acos)
C:/Users/Alex/Desktop/Banana/kernel/libk/libm32.a(e_asin.c.o)
                              krnl/mathlinker.32 (asin)
C:/Users/Alex/Desktop/Banana/kernel/libk/libm32.a(e_atan2.c.o)
                              krnl/mathlinker.32 (atan2)
C:/Users/Alex/Desktop/Banana/kernel/libk/libm32.a(e_cosh.c.o)
                              krnl/mathlinker.32 (cosh)
C:/Users/Alex/Desktop/Banana/kernel/libk/libm32.a(e_pow.c.o)
                              krnl/mathlinker.32 (pow)
C:/Users/Alex/Desktop/Banana/kernel/libk/libm32.a(e_sinh.c.o)
                              krnl/mathlinker.32 (sinh)
C:/Users/Alex/Desktop/Banana/kernel/libk/libm32.a(k_exp.c.o)
                              C:/Users/Alex/Desktop/Banana/kernel/libk/libm32.a(e_cosh.c.o) (__ldexp_exp)
C:/Users/Alex/Desktop/Banana/kernel/libk/libm32.a(s_atan.c.o)
                              krnl/mathlinker.32 (atan)
C:/Users/Alex/Desktop/Banana/kernel/libk/libm32.a(s_cos.c.o)
                              krnl/mathlinker.32 (cos)
C:/Users/Alex/Desktop/Banana/kernel/libk/libm32.a(s_expm1.c.o)
                              C:/Users/Alex/Desktop/Banana/kernel/libk/libm32.a(e_cosh.c.o) (expm1)
C:/Users/Alex/Desktop/Banana/kernel/libk/libm32.a(s_fabs.c.o)
                              C:/Users/Alex/Desktop/Banana/kernel/libk/libm32.a(e_asin.c.o) (fabs)
C:/Users/Alex/Desktop/Banana/kernel/libk/libm32.a(s_frexp.c.o)
                              krnl/mathlinker.32 (frexp)
C:/Users/Alex/Desktop/Banana/kernel/libk/libm32.a(s_modf.c.o)
                              krnl/mathlinker.32 (modf)
C:/Users/Alex/Desktop/Banana/kernel/libk/libm32.a(s_round.c.o)
                              krnl/mathlinker.32 (round)
C:/Users/Alex/Desktop/Banana/kernel/libk/libm32.a(s_sin.c.o)
                              krnl/mathlinker.32 (sin)
C:/Users/Alex/Desktop/Banana/kernel/libk/libm32.a(s_tanh.c.o)
                              krnl/mathlinker.32 (tanh)
C:/Users/Alex/Desktop/Banana/kernel/libk/libm32.a(s_cimag.c.o)
                              C:/Users/Alex/Desktop/Banana/kernel/libk/libm32.a(k_exp.c.o) (cimag)
C:/Users/Alex/Desktop/Banana/kernel/libk/libm32.a(s_creal.c.o)
                              C:/Users/Alex/Desktop/Banana/kernel/libk/libm32.a(k_exp.c.o) (creal)
C:/Users/Alex/Desktop/Banana/kernel/libk/libm32.a(e_exp.S.o)
                              krnl/mathlinker.32 (exp)
C:/Users/Alex/Desktop/Banana/kernel/libk/libm32.a(e_fmod.S.o)
                              krnl/mathlinker.32 (fmod)
C:/Users/Alex/Desktop/Banana/kernel/libk/libm32.a(e_log.S.o)
                              krnl/mathlinker.32 (log)
C:/Users/Alex/Desktop/Banana/kernel/libk/libm32.a(e_log10.S.o)
                              krnl/mathlinker.32 (log10)
C:/Users/Alex/Desktop/Banana/kernel/libk/libm32.a(e_sqrt.S.o)
                              krnl/mathlinker.32 (sqrt)
C:/Users/Alex/Desktop/Banana/kernel/libk/libm32.a(s_ceil.S.o)
                              krnl/mathlinker.32 (ceil)
C:/Users/Alex/Desktop/Banana/kernel/libk/libm32.a(s_floor.S.o)
                              krnl/mathlinker.32 (floor)
C:/Users/Alex/Desktop/Banana/kernel/libk/libm32.a(s_tan.S.o)
                              krnl/mathlinker.32 (tan)
C:/Users/Alex/Desktop/Banana/kernel/libk/libm32.a(s_scalbn.S.o)
                              C:/Users/Alex/Desktop/Banana/kernel/libk/libm32.a(e_pow.c.o) (scalbn)
C:/Users/Alex/Desktop/Banana/kernel/libk/libm32.a(e_rem_pio2.c.o)
                              C:/Users/Alex/Desktop/Banana/kernel/libk/libm32.a(s_cos.c.o) (__ieee754_rem_pio2)
C:/Users/Alex/Desktop/Banana/kernel/libk/libm32.a(k_cos.c.o)
                              C:/Users/Alex/Desktop/Banana/kernel/libk/libm32.a(s_cos.c.o) (__kernel_cos)
C:/Users/Alex/Desktop/Banana/kernel/libk/libm32.a(k_rem_pio2.c.o)
                              C:/Users/Alex/Desktop/Banana/kernel/libk/libm32.a(e_rem_pio2.c.o) (__kernel_rem_pio2)
C:/Users/Alex/Desktop/Banana/kernel/libk/libm32.a(k_sin.c.o)
                              C:/Users/Alex/Desktop/Banana/kernel/libk/libm32.a(s_cos.c.o) (__kernel_sin)

Allocating common symbols
Common symbol       size              file

dcache              0x40              fs/iso9660/iso9660.32
[...]
Memory Configuration

Name             Origin             Length             Attributes
*default*        0x0000000000000000 0xffffffffffffffff

Linker script and memory map

LOAD C:/Users/Alex/Desktop/Banana/kernel/boot.32
LOAD crti.32
LOAD /cygdrive/c/Users/Alex/Toolchain/Output/bin/../lib/gcc/i386-banana/8.1.0/crtbegin.o
LOAD C:/Users/Alex/Desktop/Banana/kernel/morenasm.32
LOAD acpica/utclib.32
LOAD krnl/malloc.32
LOAD libk/ctype.32
LOAD libk/string.32
LOAD arch/i386/cc.32
LOAD fs/fat/diskio.32
LOAD fs/fat/ff.32
LOAD fs/fat/ffsystem.32
LOAD fs/fat/ffunicode.32
LOAD fs/iso9660/iso9660.32
LOAD dbg/kconsole.32
LOAD dbg/usban.32
LOAD drv/device.32
LOAD drv/root.32
LOAD fs/symlink.32
LOAD fs/vfs.32
LOAD hal/bus.32
LOAD hal/buzzer.32
LOAD hal/clock.32
LOAD hal/device.32
LOAD hal/diskctrl.32
LOAD hal/diskphys.32
LOAD hal/fpu.32
LOAD hal/keybrd.32
LOAD hal/logidisk.32
LOAD hal/mouse.32
LOAD hal/nic.32
LOAD hal/partition.32
LOAD hal/serial.32
LOAD hal/timer.32
LOAD hal/vcache.32
LOAD hal/video.32
LOAD hw/acpi.32
LOAD krnl/assert.32
LOAD krnl/atexit.32
LOAD krnl/bootflags.32
LOAD krnl/bootmsg.32
LOAD krnl/c++.32
LOAD krnl/cdefs.32
LOAD krnl/cm.32
LOAD krnl/computer.32
LOAD krnl/crc32.32
LOAD krnl/env.32
LOAD krnl/fault.32
LOAD krnl/gdt.32
LOAD krnl/idle.32
LOAD krnl/idt.32
LOAD krnl/inlines.32
LOAD krnl/intlformat.32
LOAD krnl/intops.32
LOAD krnl/kheap.32
LOAD krnl/mailbox.32
LOAD krnl/main.32
LOAD krnl/mathlinker.32
LOAD krnl/mutex.32
LOAD krnl/panic.32
LOAD krnl/physmgr.32
LOAD krnl/pipe.32
LOAD krnl/powctrl.32
LOAD krnl/random.32
LOAD krnl/resolve.32
LOAD krnl/semaphore.32
LOAD krnl/signal.32
LOAD krnl/syscalls.32
LOAD krnl/terminal.32
LOAD krnl/tss.32
LOAD krnl/unixfile.32
LOAD krnl/virtmgr.32
LOAD sys/alarm.32
LOAD sys/eject.32
LOAD sys/exit.32
LOAD sys/getcwd.32
LOAD sys/getpid.32
LOAD sys/getramdata.32
LOAD sys/getvgaptr.32
LOAD sys/kill.32
LOAD sys/loaddll.32
LOAD sys/pause.32
LOAD sys/pthread.32
LOAD sys/read.32
LOAD sys/registersignal.32
LOAD sys/registry.32
LOAD sys/sbrk.32
LOAD sys/setcwd.32
LOAD sys/settime.32
LOAD sys/symlink.32
LOAD sys/timezone.32
LOAD sys/truncate.32
LOAD sys/write.32
LOAD sys/wsbe.32
LOAD sys/yield.32
LOAD thr/alarm.32
LOAD thr/elf.32
LOAD thr/elf2.32
LOAD thr/exec.32
LOAD thr/prcssthr.32
LOAD vm86/vm8086.32
LOAD arch/i386/apic.32
LOAD arch/i386/hal.32
LOAD arch/i386/intctrl.32
LOAD arch/i386/pic.32
LOAD arch/i386/rtc.32
LOAD arch/i386/vga.32
LOAD drv/driver/acpi.32
LOAD drv/driver/isa.32
LOAD drv/driver/pci.32
LOAD fs/fat/vfslink.32
LOAD fs/iso9660/helper.32
LOAD fs/iso9660/vfslink.32
LOAD hal/sound/sndcard.32
LOAD hal/sound/sndport.32
LOAD hw/bus/pci.32
LOAD hw/diskctrl/ide.32
LOAD hw/diskctrl/satabus.32
LOAD hw/diskphys/ata.32
LOAD hw/diskphys/atapi.32
LOAD hw/diskphys/sata.32
LOAD hw/diskphys/satapi.32
LOAD hw/timer/apictimer.32
LOAD hw/timer/pit.32
LOAD arch/i386/avx.32
LOAD arch/i386/interrupt.32
LOAD arch/i386/rdrand.32
LOAD arch/i386/sse.32
LOAD arch/i386/x87.32
LOAD /cygdrive/c/Users/Alex/Toolchain/Output/bin/../lib/gcc/i386-banana/8.1.0/crtend.o
LOAD crtn.32
LOAD /cygdrive/c/Users/Alex/Toolchain/Output/bin/../lib/gcc/i386-banana/8.1.0/libkgcc.a
LOAD C:/Users/Alex/Desktop/Banana/kernel/libsoftfp.a
LOAD C:/Users/Alex/Desktop/Banana/kernel/libk/libm32.a
                0x00000000c0000000                . = 0xc0000000

.text           0x00000000c0000000    0x26928
 *(.text)
 .text          0x00000000c0000000       0x20 C:/Users/Alex/Desktop/Banana/kernel/boot.32
 .text          0x00000000c0000020        0x0 crti.32
 .text          0x00000000c0000020      0x101 /cygdrive/c/Users/Alex/Toolchain/Output/bin/../lib/gcc/i386-banana/8.1.0/crtbegin.o
 *fill*         0x00000000c0000121        0xf 
 .text          0x00000000c0000130      0x24f C:/Users/Alex/Desktop/Banana/kernel/morenasm.32
                0x00000000c0000130                manualPCIProbe
                0x00000000c000017b                prepareTramp
                0x00000000c0000194                doTPAUSE
                0x00000000c000019e                hasLegacyFPU
                0x00000000c00001c3                is486
                0x00000000c00001f9                detectCPUID
                0x00000000c000020f                goToVM86
                0x00000000c000023f                goToUsermode
                0x00000000c0000269                switchToThreadASMFirstTime
                0x00000000c0000277                switchToThreadASM
                0x00000000c00002fc                asmQuickAcquireLock
                0x00000000c000031a                asmQuickReleaseLock
                0x00000000c0000326                asmAcquireLock
                0x00000000c0000347                asmReleaseLock
                0x00000000c000035a                loadGDT
                0x00000000c000037a                memcpy
 *fill*         0x00000000c000037f        0x1 
 .text          0x00000000c0000380      0x868 acpica/utclib.32
                0x00000000c0000380                memcmp
                0x00000000c00003d0                memmove
                0x00000000c00004f0                memset
                0x00000000c0000570                strlen
                0x00000000c00005a0                strpbrk
                0x00000000c00005f0                strtok
                0x00000000c0000640                strcpy
                0x00000000c0000680                strncpy
                0x00000000c0000750                strcmp
                0x00000000c00007a0                strchr
                0x00000000c00007e0                strncmp
                0x00000000c0000840                strcat
                0x00000000c0000870                strncat
                0x00000000c00008d0                strstr
                0x00000000c0000930                toupper
                0x00000000c0000950                tolower
                0x00000000c0000970                simple_strtoul
 .text          0x00000000c0000be8     0x1140 krnl/malloc.32
                0x00000000c0000d53                dlfree
                0x00000000c000121a                dlmalloc
                0x00000000c0001757                dlrealloc
                0x00000000c0001934                dlmemalign
                0x00000000c0001a57                dlcalloc
                0x00000000c0001ae8                dlcfree
                0x00000000c0001aed                dlindependent_calloc
                0x00000000c0001b12                dlindependent_comalloc
                0x00000000c0001b29                dlvalloc
                0x00000000c0001b54                dlpvalloc
                0x00000000c0001b8a                dlmalloc_trim
                0x00000000c0001b97                dlmalloc_usable_size
                0x00000000c0001bc8                dlmallinfo
                0x00000000c0001c97                dlmalloc_stats
                0x00000000c0001ca8                dlmallopt
 .text          0x00000000c0001d28      0x1f2 libk/ctype.32
                0x00000000c0001d28                isblank
                0x00000000c0001d48                iscntrl
                0x00000000c0001d68                isdigit
                0x00000000c0001d84                islower
                0x00000000c0001da0                isspace
                0x00000000c0001dc8                isupper
                0x00000000c0001de4                isalpha
                0x00000000c0001e14                isalnum
                0x00000000c0001e44                ispunct
                0x00000000c0001e84                isgraph
                0x00000000c0001eb4                isprint
                0x00000000c0001edc                isxdigit
 .text          0x00000000c0001f1a        0x0 libk/string.32
 *fill*         0x00000000c0001f1a        0x2 
 .text          0x00000000c0001f1c       0x53 arch/i386/cc.32
                0x00000000c0001f1c                LWIP_PLATFORM_HTONS
                0x00000000c0001f40                LWIP_PLATFORM_HTONL
 .text          0x00000000c0001f6f       0x51 fs/fat/diskio.32
                0x00000000c0001f6f                disk_status
                0x00000000c0001f72                disk_initialize
                0x00000000c0001f75                disk_read
                0x00000000c0001f8b                disk_write
                0x00000000c0001fa1                disk_ioctl
 .text          0x00000000c0001fc0     0x3e46 fs/fat/ff.32
                0x00000000c0003de1                f_mount
                0x00000000c0003e43                f_open
                0x00000000c0004106                f_read
                0x00000000c0004305                f_write
                0x00000000c000454d                f_sync
                0x00000000c0004612                f_close
                0x00000000c0004641                f_lseek
                0x00000000c00047f2                f_opendir
                0x00000000c00048bd                f_closedir
                0x00000000c00048df                f_readdir
                0x00000000c0004971                f_stat
                0x00000000c00049f0                f_getfree
                0x00000000c0004af9                f_truncate
                0x00000000c0004be3                f_unlink
                0x00000000c0004d05                f_mkdir
                0x00000000c0004ea0                f_rename
                0x00000000c0005058                f_chmod
                0x00000000c0005108                f_utime
                0x00000000c00051b8                f_getlabel
                0x00000000c0005309                f_setlabel
                0x00000000c0005499                f_expand
                0x00000000c0005606                f_mkfs
 *fill*         0x00000000c0005e06        0x2 
 .text          0x00000000c0005e08       0x2f fs/fat/ffsystem.32
                0x00000000c0005e08                ff_memalloc
                0x00000000c0005e20                ff_memfree
 *fill*         0x00000000c0005e37        0x1 
 .text          0x00000000c0005e38      0x2dc fs/fat/ffunicode.32
                0x00000000c0005e38                ff_uni2oem
                0x00000000c0005ed8                ff_oem2uni
                0x00000000c0005f50                ff_wtoupper
 .text          0x00000000c0006114      0xd32 fs/iso9660/iso9660.32
                0x00000000c000635f                isoReadDiscSector
                0x00000000c00063fa                strnicmp
                0x00000000c00066a9                stricmp
                0x00000000c00066f5                iso_open
                0x00000000c000677f                iso_close
                0x00000000c000679d                iso_read
                0x00000000c00068b3                iso_seek
                0x00000000c0006937                iso_tell
                0x00000000c0006968                iso_total
                0x00000000c0006993                fn_postprocess
                0x00000000c00069ba                iso_readdir
                0x00000000c0006c11                iso_reset
                0x00000000c0006c2e                init_percd
                0x00000000c0006d28                iso_ioctl
                0x00000000c0006d40                fs_iso9660_init
                0x00000000c0006dd6                fs_iso9660_shutdown
 .text          0x00000000c0006e46      0x2ad dbg/kconsole.32
                0x00000000c0006e46                Dbg::stringifyxWithBase(unsigned int, char*, int)
                0x00000000c0006ee6                Dbg::logc(char)
                0x00000000c0006f13                Dbg::logs(char*)
                0x00000000c0006f3d                Dbg::logWriteInt(unsigned int)
                0x00000000c0006f5b                Dbg::logWriteIntBase(unsigned int, int)
                0x00000000c0006f7c                Dbg::kprintf(char const*, ...)
 *fill*         0x00000000c00070f3        0x1 
 .text          0x00000000c00070f4      0x2d4 dbg/usban.32
                0x00000000c00070f4                KiUbsanPrintDetails(char const*, void*)
                0x00000000c0007160                __ubsan_handle_type_mismatch_v1
                0x00000000c000723c                __ubsan_handle_pointer_overflow
                0x00000000c0007268                __ubsan_handle_out_of_bounds
                0x00000000c0007294                __ubsan_handle_add_overflow
                0x00000000c00072c0                __ubsan_handle_load_invalid_value
                0x00000000c00072ec                __ubsan_handle_divrem_overflow
                0x00000000c0007318                __ubsan_handle_mul_overflow
                0x00000000c0007344                __ubsan_handle_sub_overflow
                0x00000000c0007370                __ubsan_handle_shift_out_of_bounds
                0x00000000c000739c                __ubsan_handle_negate_overflow
 .text          0x00000000c00073c8      0x694 drv/device.32
                0x00000000c00073c8                Hardware::registerIRQ(int)
                0x00000000c00073fe                Hardware::deregisterIRQ(int)
                0x00000000c000742e                Hardware::getHumanReadableName()
                0x00000000c000745c                Hardware::~Hardware()
                0x00000000c000745c                Hardware::~Hardware()
                0x00000000c00074a8                Hardware::~Hardware()
                0x00000000c00074d0                Hardware::Hardware()
                0x00000000c00074d0                Hardware::Hardware()
                0x00000000c0007524                KeSetupDeviceTree()
                0x00000000c0007544                Hardware::printRecursively(int)
                0x00000000c0007625                KePrintDeviceTree()
                0x00000000c0007652                Hardware::detectRecursively()
                0x00000000c00076ec                Hardware::deinitialiseRecursively()
                0x00000000c0007788                Hardware::setPowerStateRecursively(DevicePowerState)
                0x00000000c000782c                Hardware::addChild(Hardware*)
                0x00000000c0007846                Hardware::getHardwareOfTypeAux(HardwareType, std::vector<Hardware*>&)
                0x00000000c00078f5                KeGetHardwareOfType(HardwareType)
                0x00000000c0007920                Hardware::removeChild(Hardware*)
                0x00000000c00079b4                Hardware::registerMemoryRange(unsigned long, unsigned long)
                0x00000000c00079de                Hardware::registerPortRange(unsigned short, unsigned char, int)
 .text          0x00000000c0007a5c      0x1b7 drv/root.32
                0x00000000c0007a5c                RootDriver::detect()
                0x00000000c0007a60                RootDriver::deinitialise()
                0x00000000c0007a64                RootDriver::setPowerState(DevicePowerState)
                0x00000000c0007a68                RootDriver::getHumanReadableName()
                0x00000000c0007a70                RootDriver::hasACPI()
                0x00000000c0007a74                RootDriver::hasPCI()
                0x00000000c0007a78                RootDriver::initialise()
 .text          0x00000000c0007c13      0x814 fs/symlink.32
                0x00000000c0007d62                KiDeinitialiseSymlinks(void*)
                0x00000000c0007df5                KeRegisterSymlink(char const*, unsigned long long)
                0x00000000c0007e78                KeInitialiseSymlinks()
                0x00000000c0007fda                KiIsSymlinkRegistered(char const*)
                0x00000000c0008144                KeDereferenceSymlink(char const*, char*)
                0x00000000c00082eb                KeCreateSymlink(char const*, char const*)
 *fill*         0x00000000c0008427        0x1 
 .text          0x00000000c0008428      0xd88 fs/vfs.32
                0x00000000c0008428                File::read(unsigned long long, void*, int*)
                0x00000000c0008480                File::write(unsigned long long, void*, int*)
                0x00000000c00084d8                Directory::read(unsigned long long, void*, int*)
                0x00000000c0008530                Directory::write(unsigned long long, void*, int*)
                0x00000000c000855e                File::isAtty()
                0x00000000c0008562                Directory::isAtty()
                0x00000000c0008566                Filesystem::getlabel(LogicalDisk*, int, char*, unsigned int*)
                0x00000000c000856c                Filesystem::setlabel(LogicalDisk*, int, char*)
                0x00000000c0008572                Filesystem::allocateSwapfile(char const*, int)
                0x00000000c0008578                File::~File()
                0x00000000c0008578                File::~File()
                0x00000000c000859c                File::~File()
                0x00000000c00085c6                Directory::~Directory()
                0x00000000c00085c6                Directory::~Directory()
                0x00000000c00085ea                Directory::~Directory()
                0x00000000c0008614                Filesystem::Filesystem()
                0x00000000c0008614                Filesystem::Filesystem()
                0x00000000c0008638                Filesystem::~Filesystem()
                0x00000000c0008638                Filesystem::~Filesystem()
                0x00000000c0008646                Filesystem::~Filesystem()
                0x00000000c000866a                Fs::getcwd(Process*, char*, int)
                0x00000000c0008694                Fs::initVFS()
                0x00000000c00086be                Fs::standardiseFiles(char*, char const*, char const*, bool)
                0x00000000c00088d8                File::File(char const*, Process*, bool)
                0x00000000c00088d8                File::File(char const*, Process*, bool)
                0x00000000c00089d6                File::File(char const*, Process*)
                0x00000000c00089d6                File::File(char const*, Process*)
                0x00000000c00089f4                File::open(FileOpenMode)
                0x00000000c0008a52                File::close()
                0x00000000c0008ab2                File::seek(unsigned long long)
                0x00000000c0008b08                File::truncate(unsigned long long)
                0x00000000c0008b5e                File::tell(unsigned long long*)
                0x00000000c0008bae                File::rewind()
                0x00000000c0008bc2                File::unlink()
                0x00000000c0008c0e                File::rename(char const*)
                0x00000000c0008c5c                File::chfatattr(unsigned char, unsigned char)
                0x00000000c0008cb8                File::exists()
                0x00000000c0008cf6                File::stat(unsigned long long*, bool*)
                0x00000000c0008d57                Fs::setcwd(Process*, char*)
                0x00000000c0008eb6                Directory::Directory(char const*, Process*)
                0x00000000c0008eb6                Directory::Directory(char const*, Process*)
                0x00000000c0008f7e                Directory::open()
                0x00000000c0008fda                Directory::close()
                0x00000000c000903a                Directory::unlink()
                0x00000000c0009086                Directory::rename(char const*)
                0x00000000c00090d4                Directory::exists()
                0x00000000c0009112                Directory::read(dirent*)
                0x00000000c000915e                Directory::create()
                0x00000000c00091aa                Filesystem::chfatattr(char const*, unsigned char, unsigned char)
 .text          0x00000000c00091b0       0x86 hal/bus.32
                0x00000000c00091b0                Bus::Bus(char const*)
                0x00000000c00091b0                Bus::Bus(char const*)
                0x00000000c00091e8                Bus::~Bus()
                0x00000000c00091e8                Bus::~Bus()
                0x00000000c000920c                Bus::~Bus()
 .text          0x00000000c0009236       0x9b hal/buzzer.32
                0x00000000c0009236                KeBeepThread(void*)
                0x00000000c0009277                KeBeep(int, int, bool)
 *fill*         0x00000000c00092d1        0x1 
 .text          0x00000000c00092d2      0xeac hal/clock.32
                0x00000000c00092d2                KeLoadTimezoneStrings()
                0x00000000c0009661                KeGetTimezoneStringFromID(int)
                0x00000000c00096fe                KeUpdateTimezone(char const*)
                0x00000000c00097f8                KeSetTimezone(char const*)
                0x00000000c0009855                KeSetTimezone(int)
                0x00000000c0009888                KeLoadTimezone()
                0x00000000c0009902                Clock::Clock(char const*)
                0x00000000c0009902                Clock::Clock(char const*)
                0x00000000c0009938                Clock::~Clock()
                0x00000000c0009938                Clock::~Clock()
                0x00000000c000995c                Clock::~Clock()
                0x00000000c0009986                Clock::timeInSecondsLocal()
                0x00000000c00099fc                Clock::setTimeInSecondsLocal(unsigned long long)
                0x00000000c0009a88                KeDatetimeToSeconds(datetime_t)
                0x00000000c0009dc8                Clock::setTimeInDatetimeLocal(datetime_t)
                0x00000000c0009e96                KeSecondsToDatetime(unsigned long long)
                0x00000000c000a152                Clock::timeInDatetimeLocal()
 .text          0x00000000c000a17e      0x47a hal/device.32
                0x00000000c000a17e                Device::hibernate()
                0x00000000c000a180                Device::wake()
                0x00000000c000a182                Device::detect()
                0x00000000c000a184                Device::disableLegacy()
                0x00000000c000a186                Device::powerSaving(PowerSavingLevel)
                0x00000000c000a188                DriverlessDevice::close(int, int, void*)
                0x00000000c000a18c                DriverlessDevice::detect()
                0x00000000c000a18e                DriverlessDevice::open(int, int, void*)
                0x00000000c000a1a2                Device::~Device()
                0x00000000c000a1a2                Device::~Device()
                0x00000000c000a1b0                Device::~Device()
                0x00000000c000a1d8                Device::findAndLoadDriver()
                0x00000000c000a1e6                Device::preOpenPCI(PCIDeviceInfo)
                0x00000000c000a20c                Device::preOpenACPI(void*, char*, char*)
                0x00000000c000a24c                Device::addIRQHandler(int, void (*)(regs*, void*), bool, void*)
                0x00000000c000a276                Device::getParent()
                0x00000000c000a282                Device::removeIRQHandler(int, void (*)(regs*, void*), bool)
                0x00000000c000a2a0                Device::addChild(Device*)
                0x00000000c000a2e4                Device::removeAllChildren()
                0x00000000c000a32a                Device::hibernateAll()
                0x00000000c000a35a                Device::wakeAll()
                0x00000000c000a38a                Device::detectAll()
                0x00000000c000a3ba                Device::disableLegacyAll()
                0x00000000c000a3bc                Device::loadDriversForAll()
                0x00000000c000a3be                Device::powerSavingAll(PowerSavingLevel)
                0x00000000c000a3f4                Device::setName(char const*)
                0x00000000c000a402                Device::Device(char const*)
                0x00000000c000a402                Device::Device(char const*)
                0x00000000c000a4fe                Device::getName()
                0x00000000c000a508                Device::closeAll()
                0x00000000c000a554                DriverlessDevice::DriverlessDevice(char const*)
                0x00000000c000a554                DriverlessDevice::DriverlessDevice(char const*)
                0x00000000c000a58a                Device::addToLinkedList(LinkedList<Device>&, DeviceType)
                0x00000000c000a5ce                getDevicesOfType(DeviceType)
 .text          0x00000000c000a5f8       0x86 hal/diskctrl.32
                0x00000000c000a5f8                HardDiskController::HardDiskController(char const*)
                0x00000000c000a5f8                HardDiskController::HardDiskController(char const*)
                0x00000000c000a630                HardDiskController::~HardDiskController()
                0x00000000c000a630                HardDiskController::~HardDiskController()
                0x00000000c000a654                HardDiskController::~HardDiskController()
 .text          0x00000000c000a67e       0xe2 hal/diskphys.32
                0x00000000c000a67e                PhysicalDisk::eject()
                0x00000000c000a682                PhysicalDisk::PhysicalDisk(char const*, int)
                0x00000000c000a682                PhysicalDisk::PhysicalDisk(char const*, int)
                0x00000000c000a6ea                PhysicalDisk::startCache()
                0x00000000c000a712                PhysicalDisk::~PhysicalDisk()
                0x00000000c000a712                PhysicalDisk::~PhysicalDisk()
                0x00000000c000a736                PhysicalDisk::~PhysicalDisk()
 .text          0x00000000c000a760        0x0 hal/fpu.32
 .text          0x00000000c000a760      0x83e hal/keybrd.32
                0x00000000c000a760                startGUI(void*)
                0x00000000c000a7aa                startGUIVESA(void*)
                0x00000000c000a7f4                sendKeyToTerminal(unsigned char)
                0x00000000c000a8ca                sendKeyboardToken(KeyboardToken)
                0x00000000c000ad86                clearInternalKeybuffer(VgaText*)
                0x00000000c000adbb                readKeyboard(VgaText*, char*, unsigned long)
                0x00000000c000af14                Keyboard::Keyboard(char const*)
                0x00000000c000af14                Keyboard::Keyboard(char const*)
                0x00000000c000af50                Keyboard::~Keyboard()
                0x00000000c000af50                Keyboard::~Keyboard()
                0x00000000c000af74                Keyboard::~Keyboard()
 .text          0x00000000c000af9e      0x3f8 hal/logidisk.32
                0x00000000c000af9e                LogicalDisk::close(int, int, void*)
                0x00000000c000afa2                LogicalDisk::~LogicalDisk()
                0x00000000c000afa2                LogicalDisk::~LogicalDisk()
                0x00000000c000afc6                LogicalDisk::~LogicalDisk()
                0x00000000c000aff0                LogicalDisk::open(int, int, void*)
                0x00000000c000b004                LogicalDisk::absoluteToRelative(unsigned long long)
                0x00000000c000b03c                LogicalDisk::relativeToAbsolute(unsigned long long)
                0x00000000c000b082                LogicalDisk::LogicalDisk(char const*, PhysicalDisk*, unsigned long long, unsigned long long)
                0x00000000c000b082                LogicalDisk::LogicalDisk(char const*, PhysicalDisk*, unsigned long long, unsigned long long)
                0x00000000c000b142                LogicalDisk::assignDriveLetter()
                0x00000000c000b1fc                LogicalDisk::mount()
                0x00000000c000b244                LogicalDisk::unmount()
                0x00000000c000b254                LogicalDisk::eject()
                0x00000000c000b268                LogicalDisk::unassignDriveLetter()
                0x00000000c000b2be                LogicalDisk::read(unsigned long long, int, void*)
                0x00000000c000b32a                LogicalDisk::write(unsigned long long, int, void*)
 *fill*         0x00000000c000b396        0x2 
 .text          0x00000000c000b398       0x86 hal/mouse.32
                0x00000000c000b398                Mouse::Mouse(char const*)
                0x00000000c000b398                Mouse::Mouse(char const*)
                0x00000000c000b3d0                Mouse::~Mouse()
                0x00000000c000b3d0                Mouse::~Mouse()
                0x00000000c000b3f4                Mouse::~Mouse()
 .text          0x00000000c000b41e       0x90 hal/nic.32
                0x00000000c000b41e                NIC::getMAC()
                0x00000000c000b424                NIC::write(int, unsigned char*, int*)
                0x00000000c000b42a                NIC::NIC(char const*)
                0x00000000c000b42a                NIC::NIC(char const*)
                0x00000000c000b460                NIC::~NIC()
                0x00000000c000b460                NIC::~NIC()
                0x00000000c000b484                NIC::~NIC()
 .text          0x00000000c000b4ae      0x33b hal/partition.32
                0x00000000c000b4ae                makePartition(PhysicalDisk*, unsigned long long, unsigned long long)
                0x00000000c000b556                createPartitionsForDisk(PhysicalDisk*)
 *fill*         0x00000000c000b7e9        0x3 
 .text          0x00000000c000b7ec       0x86 hal/serial.32
                0x00000000c000b7ec                Serial::Serial(char const*)
                0x00000000c000b7ec                Serial::Serial(char const*)
                0x00000000c000b824                Serial::~Serial()
                0x00000000c000b824                Serial::~Serial()
                0x00000000c000b848                Serial::~Serial()
 *fill*         0x00000000c000b872        0x2 
 .text          0x00000000c000b874      0x248 hal/timer.32
                0x00000000c000b874                Timer::Timer(char const*)
                0x00000000c000b874                Timer::Timer(char const*)
                0x00000000c000b8ac                Timer::~Timer()
                0x00000000c000b8ac                Timer::~Timer()
                0x00000000c000b8d0                Timer::~Timer()
                0x00000000c000b8fa                Timer::read()
                0x00000000c000b905                setupTimer(int)
                0x00000000c000b940                timerHandler(unsigned int)
 .text          0x00000000c000babc      0x5fe hal/vcache.32
                0x00000000c000babc                VCache::VCache(PhysicalDisk*)
                0x00000000c000babc                VCache::VCache(PhysicalDisk*)
                0x00000000c000bc2c                VCache::invalidateReadBuffer()
                0x00000000c000bc3c                VCache::writeWriteBuffer()
                0x00000000c000bc88                VCache::~VCache()
                0x00000000c000bc88                VCache::~VCache()
                0x00000000c000bce0                VCache::~VCache()
                0x00000000c000bd08                VCache::write(unsigned long long, int, void*)
                0x00000000c000bed6                VCache::read(unsigned long long, int, void*)
 .text          0x00000000c000c0ba      0x71a hal/video.32
                0x00000000c000c0ba                Video::putrect(int, int, int, int, unsigned int)
                0x00000000c000c106                Video::bitblit(int, int, int, int, int, int, int, unsigned int*)
                0x00000000c000c176                Video::blit(unsigned int*, int, int, int, int)
                0x00000000c000c1f4                Video::clearScreen(unsigned int)
                0x00000000c000c21a                Video::putpixel(int, int, unsigned int)
                0x00000000c000c228                Video::readPixelApprox(int, int)
                0x00000000c000c23c                Video::Video(char const*)
                0x00000000c000c23c                Video::Video(char const*)
                0x00000000c000c272                Video::~Video()
                0x00000000c000c272                Video::~Video()
                0x00000000c000c296                Video::~Video()
                0x00000000c000c2c0                Video::isMonochrome()
                0x00000000c000c2cc                Video::getWidth()
                0x00000000c000c2d8                Video::getHeight()
                0x00000000c000c2e4                Video::drawCursor(int, int, unsigned int*, int)
                0x00000000c000c3ba                Video::tgaParse(unsigned char*, int, int*, int*)
                0x00000000c000c764                Video::putTGA(int, int, unsigned char*, int)
 .text          0x00000000c000c7d4     0x117f hw/acpi.32
                0x00000000c000c7d4                ACPI::close(int, int, void*)
                0x00000000c000c7dc                loadACPITables(unsigned char*)
                0x00000000c000ca3c                findRSDT(unsigned char*)
                0x00000000c000cb88                findDataTable(unsigned char*, char*)
                0x00000000c000cbfc                scanMADT()
                0x00000000c000d0ac                ACPI::ACPI()
                0x00000000c000d0ac                ACPI::ACPI()
                0x00000000c000d0fc                ACPI::getPCIIRQAssignment(unsigned char, unsigned short, unsigned char)
                0x00000000c000d1f8                ACPI::registerPCIIRQAssignment(void*, unsigned short, unsigned char, unsigned char)
                0x00000000c000d2c4                ACPI::setScreenBrightnessLevel(void*, int)
                0x00000000c000d2cc                ACPI::detectPCI()
                0x00000000c000d4d8                ACPI::writeSimpleBootFlag(SimpleBootFlagTable*)
                0x00000000c000d4f0                ACPI::open(int, int, void*)
 *fill*         0x00000000c000d953        0x1 
 .text          0x00000000c000d954       0xea krnl/assert.32
                0x00000000c000d954                KeAssertionFailed(char*, char const*, char const*, int)
 .text          0x00000000c000da3e       0x91 krnl/atexit.32
                0x00000000c000da3e                KeInitialiseAtexit()
                0x00000000c000da60                KeRegisterAtexit(void (*)(void*), void*)
                0x00000000c000da94                KeExecuteAtexit()
 *fill*         0x00000000c000dacf        0x1 
 .text          0x00000000c000dad0       0x1e krnl/bootflags.32
                0x00000000c000dad0                KeGetBootConfigurationFlag(BootConfigurationFlag)
                0x00000000c000dae0                KeInitialiseBootConfigurationFlags()
 .text          0x00000000c000daee       0x8a krnl/bootmsg.32
                0x00000000c000daee                KeDisplaySplashScreen()
                0x00000000c000db1d                KeSetBootMessage(char const*)
 .text          0x00000000c000db78       0x5f krnl/c++.32
                0x00000000c000db78                __cxa_atexit
                0x00000000c000db7b                __cxa_finalize
                0x00000000c000db7c                __stack_chk_fail
                0x00000000c000dbb2                __cxa_pure_virtual
                0x00000000c000dbc3                operator new[](unsigned long)
                0x00000000c000dbc8                operator delete(void*, unsigned long)
                0x00000000c000dbcd                operator delete[](void*)
                0x00000000c000dbd2                operator delete[](void*, unsigned long)
 *fill*         0x00000000c000dbd7        0x1 
 .text          0x00000000c000dbd8       0x44 krnl/cdefs.32
                0x00000000c000dbd8                CUnlockScheduler
                0x00000000c000dbf0                CLockScheduler
                0x00000000c000dc00                CPrintf
 .text          0x00000000c000dc1c      0xc81 krnl/cm.32
                0x00000000c000dc1c                CmOpen(char const*)
                0x00000000c000dd3a                CmClose(Reghive_Tag*)
                0x00000000c000dd50                CmReadExtent(Reghive_Tag*, int, unsigned char*)
                0x00000000c000dd8c                CmGetString(Reghive_Tag*, int, char*)
                0x00000000c000de03                CmEnterDirectory(Reghive_Tag*, int)
                0x00000000c000de42                CmGetNext(Reghive_Tag*, int)
                0x00000000c000de74                CmWriteExtent(Reghive_Tag*, int, unsigned char*)
                0x00000000c000deb0                CmFreeExtent(Reghive_Tag*, int)
                0x00000000c000ded8                CmUpdateHeader(Reghive_Tag*)
                0x00000000c000def9                CmExpand(Reghive_Tag*, int)
                0x00000000c000df74                CmFindUnusedExtent(Reghive_Tag*)
                0x00000000c000dffa                CmCreateExtent(Reghive_Tag*, int, int, unsigned char*)
                0x00000000c000e0ee                CmSetString(Reghive_Tag*, int, char const*)
                0x00000000c000e22a                CmGetMatch(char*, char*, bool, bool*)
                0x00000000c000e28b                CmAddShift(unsigned int*, int*, unsigned char, int)
                0x00000000c000e2bb                CmGetShift(unsigned int*, int*, int, bool*)
                0x00000000c000e2f2                CmGetInteger(Reghive_Tag*, int, unsigned long long*)
                0x00000000c000e31c                CmSetInteger(Reghive_Tag*, int, unsigned long long)
                0x00000000c000e35c                CmConvertFromInternalFilename(unsigned char const*, char*)
                0x00000000c000e400                CmGetNameAndTypeFromExtent(Reghive_Tag*, int, char*)
                0x00000000c000e42e                CmConvertToInternalFilename(char const*, unsigned char*)
                0x00000000c000e5cc                CmCreateString(Reghive_Tag*, int, char const*)
                0x00000000c000e619                CmFindInDirectory(Reghive_Tag*, int, char const*)
                0x00000000c000e693                CmCreateInteger(Reghive_Tag*, int, char const*, unsigned long long, int)
                0x00000000c000e6e6                CmCreateDirectory(Reghive_Tag*, int, char const*)
                0x00000000c000e7aa                zStrtok(char*, char const*)
                0x00000000c000e81c                CmFindObjectFromPath(Reghive_Tag*, char const*)
 *fill*         0x00000000c000e89d        0x1 
 .text          0x00000000c000e89e       0xed krnl/computer.32
                0x00000000c000e89e                Computer::close(int, int, void*)
                0x00000000c000e8a4                Computer::Computer()
                0x00000000c000e8a4                Computer::Computer()
                0x00000000c000e8e8                Computer::open(int, int, void*)
 .text          0x00000000c000e98b       0x2b krnl/crc32.32
                0x00000000c000e98b                KeCalculateCRC32(unsigned char*, int)
 .text          0x00000000c000e9b6      0x5bf krnl/env.32
                0x00000000c000e9b6                EnvVarContainer::getEnv(char const*)
                0x00000000c000e9f4                EnvVarContainer::setEnv(char const*, char const*)
                0x00000000c000eab6                EnvVarContainer::deleteEnv(char const*)
                0x00000000c000eab8                EnvVarContainer::loadFrom(char const*, char const*)
                0x00000000c000ecdc                EnvVarContainer::__loadSystem()
                0x00000000c000ecf6                EnvVarContainer::__loadUser()
                0x00000000c000ecf8                EnvVarContainer::EnvVarContainer(Process*)
                0x00000000c000ecf8                EnvVarContainer::EnvVarContainer(Process*)
                0x00000000c000ed1a                EnvVarContainer::~EnvVarContainer()
                0x00000000c000ed1a                EnvVarContainer::~EnvVarContainer()
                0x00000000c000ed4a                KeGetEnv(Process*, char const*)
                0x00000000c000edaf                KeSetEnvSystem(char const*, char const*)
                0x00000000c000edc9                KeSetEnvUser(char const*, char const*)
                0x00000000c000ede8                KeSetEnvProcess(Process*, char const*, char const*)
                0x00000000c000edfb                KeDeleteEnvSystem(char const*)
                0x00000000c000edfc                KeDeleteEnvUser(char const*)
                0x00000000c000edfd                KeDeleteEnvProcess(Process*, char const*)
                0x00000000c000edfe                KeNewProcessEnv(Process*)
                0x00000000c000ee20                KeCopyProcessEnv(Process*, Process*)
                0x00000000c000ee6c                KeLoadSystemEnv()
                0x00000000c000ee9a                KeLoadUserEnv()
                0x00000000c000eec0                KeFlushEnv()
                0x00000000c000eec1                KeGetProcessTotalEnvCount(Process*)
                0x00000000c000eee1                KeGetProcessEnvPair(Process*, int)
 *fill*         0x00000000c000ef75        0x3 
 .text          0x00000000c000ef78      0x1a8 krnl/fault.32
                0x00000000c000ef78                KeDisplayProgramFault(char const*)
                0x00000000c000efc8                KeGeneralProtectionFault(void*, void*)
                0x00000000c000f01c                KePageFault(void*, void*)
                0x00000000c000f070                KeOpcodeFault(void*, void*)
                0x00000000c000f0c4                KeOtherFault(void*, void*)
                0x00000000c000f0f8                KeNonMaskableInterrupt(void*, void*)
                0x00000000c000f108                KeDoubleFault(void*, void*)
 .text          0x00000000c000f120      0x1db krnl/gdt.32
                0x00000000c000f120                GDTEntry::setBase(unsigned int)
                0x00000000c000f13c                GDTEntry::setLimit(unsigned int)
                0x00000000c000f15a                GDT::GDT()
                0x00000000c000f15a                GDT::GDT()
                0x00000000c000f170                GDT::addEntry(GDTEntry)
                0x00000000c000f192                GDT::getNumberOfEntries()
                0x00000000c000f19a                GDT::flush()
                0x00000000c000f1bc                GDT::setup()
 .text          0x00000000c000f2fb       0x20 krnl/idle.32
                0x00000000c000f2fb                idleFunction(void*)
 *fill*         0x00000000c000f31b        0x1 
 .text          0x00000000c000f31c      0x46c krnl/idt.32
                0x00000000c000f31c                IDTEntry::IDTEntry(bool)
                0x00000000c000f31c                IDTEntry::IDTEntry(bool)
                0x00000000c000f396                IDTEntry::setOffset(unsigned int)
                0x00000000c000f3ac                IDT::IDT()
                0x00000000c000f3ac                IDT::IDT()
                0x00000000c000f3ae                IDT::getPointerToInvalidOpcodeEntryForF00F()
                0x00000000c000f3b6                IDT::addEntry(IDTEntry, int)
                0x00000000c000f3d0                IDT::addEntry(int, void (*)(), bool)
                0x00000000c000f408                IDT::flush()
                0x00000000c000f422                IDT::setup()
 .text          0x00000000c000f788       0x9a krnl/inlines.32
                0x00000000c000f788                CPU::current()
                0x00000000c000f794                operator new(unsigned long)
                0x00000000c000f799                operator delete(void*)
                0x00000000c000f79e                disableIRQs()
                0x00000000c000f7a0                enableIRQs()
                0x00000000c000f7a2                lockScheduler()
                0x00000000c000f7aa                unlockScheduler()
                0x00000000c000f7bc                lockStuff()
                0x00000000c000f7ca                unlockStuff()
                0x00000000c000f807                Virt::getAKernelVAS()
                0x00000000c000f80d                __not_memcpy
 .text          0x00000000c000f822      0x2bc krnl/intlformat.32
                0x00000000c000f822                KeFormatDate(char*, int, int, int, int, bool)
                0x00000000c000fa12                KeFormatShortDate(char*, int, int, int, int)
                0x00000000c000fa34                KeFormatLongDate(char*, int, int, int, int)
                0x00000000c000fa56                KeSetLocale(klocale_t)
                0x00000000c000fa6c                KeInitialiseLocale()
                0x00000000c000fada                KeFormatCurrency(char*, int, long long, long long)
                0x00000000c000fadb                KeFormatCurrency(char*, int, double)
                0x00000000c000fadc                KeFormatNumber(char*, long long, long long)
                0x00000000c000fadd                KeFormatNumber(char*, double)
 *fill*         0x00000000c000fade        0x2 
 .text          0x00000000c000fae0      0x42e krnl/intops.32
                0x00000000c000fae0                KeBasedUnsignedIntegerToString(unsigned long long, char*, int)
                0x00000000c000fc68                KeBasedSignedIntegerToString(long long, char*, int)
                0x00000000c000fe14                KeGetDigitsInNumber(long long)
                0x00000000c000fe80                KeItoa(unsigned long long, char*)
                0x00000000c000feb0                KeItoa(long long, char*)
                0x00000000c000fee0                KeXtoa(unsigned long long, char*)
 .text          0x00000000c000ff0e      0x207 krnl/kheap.32
                0x00000000c000ff0e                sbrk
                0x00000000c000ffa5                sbrk_thunk
                0x00000000c000ffdb                mmap
                0x00000000c0010039                munmap
                0x00000000c001004e                liballoc_lock()
                0x00000000c001005c                liballoc_unlock()
                0x00000000c0010074                liballoc_alloc(int)
                0x00000000c001008c                liballoc_free(void*, int)
                0x00000000c00100a7                realloc
                0x00000000c00100bb                malloc
                0x00000000c00100cb                free
                0x00000000c00100db                rfree
                0x00000000c00100eb                calloc
 *fill*         0x00000000c0010115        0x3 
 .text          0x00000000c0010118      0x1d3 krnl/mailbox.32
                0x00000000c0010118                KeMailboxTryPost(Mailbox*, void*)
                0x00000000c0010178                KeMailboxTryGet(Mailbox*, void**)
                0x00000000c00101d8                KeMailboxCreate()
                0x00000000c001020c                KeMailboxPost(Mailbox*, void*)
                0x00000000c0010270                KeMailboxGet(Mailbox*, void**)
                0x00000000c00102d4                KeMailboxDestroy(Mailbox*)
 .text          0x00000000c00102eb      0x204 krnl/main.32
                0x00000000c00102eb                KeFirstTask()
                0x00000000c00103ef                KeEntryPoint
 .text          0x00000000c00104ef        0x0 krnl/mathlinker.32
 *fill*         0x00000000c00104ef        0x1 
 .text          0x00000000c00104f0       0x1a krnl/mutex.32
                0x00000000c00104f0                Mutex::Mutex()
                0x00000000c00104f0                Mutex::Mutex()
 .text          0x00000000c001050a       0x12 krnl/panic.32
                0x00000000c001050a                KeIsKernelInPanic()
                0x00000000c0010510                KePanic(char const*)
 .text          0x00000000c001051c      0x5bc krnl/physmgr.32
                0x00000000c001051c                Phys::allocateDMA(unsigned long)
                0x00000000c0010604                Phys::freeDMA(unsigned long, unsigned long)
                0x00000000c001063f                Phys::setPageState(unsigned long, bool)
                0x00000000c001067f                Phys::getPageState(unsigned long)
                0x00000000c001069b                Phys::freePage(unsigned long)
                0x00000000c0010704                Phys::allocatePage()
                0x00000000c00107eb                Phys::allocateContiguousPages(int)
                0x00000000c0010866                Phys::allowSegmentToBeUsed(unsigned long, unsigned long)
                0x00000000c001089e                Phys::physicalMemorySetup(unsigned int)
 .text          0x00000000c0010ad8      0x275 krnl/pipe.32
                0x00000000c0010ad8                Pipe::isAtty()
                0x00000000c0010adc                Pipe::~Pipe()
                0x00000000c0010adc                Pipe::~Pipe()
                0x00000000c0010b00                Pipe::~Pipe()
                0x00000000c0010b28                Pipe::write(unsigned long long, void*, int*)
                0x00000000c0010be8                Pipe::read(unsigned long long, void*, int*)
                0x00000000c0010ce6                Pipe::Pipe(int)
                0x00000000c0010ce6                Pipe::Pipe(int)
 .text          0x00000000c0010d4d      0x1a3 krnl/powctrl.32
                0x00000000c0010d4d                KePowerThread(void*)
                0x00000000c0010d7f                KeChangePowerSettings(PowerSettings)
                0x00000000c0010d95                KeUserIOReceived()
                0x00000000c0010da0                KeSetupPowerManager()
                0x00000000c0010e29                KePrepareShutdown()
                0x00000000c0010e48                KeRegisterShutdownHandler(void (*)())
                0x00000000c0010e52                KeRegisterRestartHandler(void (*)())
                0x00000000c0010e5c                KeRegisterSleepHandler(void (*)())
                0x00000000c0010e66                KeShutdown()
                0x00000000c0010e9c                KeSleep()
                0x00000000c0010ea8                KeHandlePowerButton()
                0x00000000c0010eba                KeHandleSleepButton()
                0x00000000c0010ecc                KeRestart()
 .text          0x00000000c0010ef0       0x9d krnl/random.32
                0x00000000c0010ef0                KeRand()
                0x00000000c0010f32                KeSeedRand(unsigned int)
                0x00000000c0010f5b                KeInitRand()
 *fill*         0x00000000c0010f8d        0x3 
 .text          0x00000000c0010f90      0x26c krnl/resolve.32
                0x00000000c0010f90                KeResolveCompatibilitySymbol(char*)
 .text          0x00000000c00111fc      0x415 krnl/semaphore.32
                0x00000000c00111fc                Semaphore::Semaphore(int)
                0x00000000c00111fc                Semaphore::Semaphore(int)
                0x00000000c001122c                Semaphore::tryAcquire()
                0x00000000c0011300                Semaphore::assertLocked(char const*)
                0x00000000c001138c                Semaphore::acquire(int)
                0x00000000c0011544                Semaphore::acquire()
                0x00000000c0011560                Semaphore::release()
 .text          0x00000000c0011611      0x3a8 krnl/signal.32
                0x00000000c0011611                KiSigKill(int)
                0x00000000c0011625                KiDefaultSignalHandlerIgnore(int)
                0x00000000c0011626                KiDefaultSignalHandlerPause(int)
                0x00000000c0011652                KiDefaultSignalHandlerResume(int)
                0x00000000c001167e                KeDeinitSignals(SigHandlerBlock*)
                0x00000000c0011683                KeInitSignals()
                0x00000000c00116f5                KeRegisterSignalHandler(SigHandlerBlock*, int, void (*)(int), unsigned int, int)
                0x00000000c001172b                KeRaiseSignal(SigHandlerBlock*, int)
                0x00000000c00117ac                KeCheckSignal(SigHandlerBlock*, int*)
                0x00000000c00118db                KiCheckSignalZ
                0x00000000c001192c                KeCompleteSignal(SigHandlerBlock*, int)
                0x00000000c0011967                KiFinishSignalZ
 .text          0x00000000c00119b9      0xe91 krnl/syscalls.32
                0x00000000c00119b9                SysSeekDir(regs*)
                0x00000000c00119be                SysTellDir(regs*)
                0x00000000c00119c3                SysVerify(regs*)
                0x00000000c00119cd                SysGetArgc(regs*)
                0x00000000c00119e1                SysTTYName(regs*)
                0x00000000c00119e9                SysFormatDisk(regs*)
                0x00000000c0011a60                SysSetDiskVolumeLabel(regs*)
                0x00000000c0011ab4                SysGetDiskVolumeLabel(regs*)
                0x00000000c0011b0d                SysRealpath(regs*)
                0x00000000c0011b51                SysReadDir(regs*)
                0x00000000c0011bd1                SysIsATTY(regs*)
                0x00000000c0011c2b                SysSeek(regs*)
                0x00000000c0011c89                SysTell(regs*)
                0x00000000c0011cfe                SysSize(regs*)
                0x00000000c0011d78                SysSizeFromFilename(regs*)
                0x00000000c0011ea2                SysSizeFromFilenameNoSymlink(regs*)
                0x00000000c0011fcc                SysClose(regs*)
                0x00000000c001202c                SysOpenDir(regs*)
                0x00000000c00120a9                SysMakeDir(regs*)
                0x00000000c0012117                SysCloseDir(regs*)
                0x00000000c001216b                SysWait(regs*)
                0x00000000c001218c                SysNotImpl(regs*)
                0x00000000c00121a7                SysPanic(regs*)
                0x00000000c00121c2                SysRmdir(regs*)
                0x00000000c0012227                SysUnlink(regs*)
                0x00000000c001228c                SysGetArgv(regs*)
                0x00000000c00122d9                SysUSleep(regs*)
                0x00000000c0012303                SysSpawn(regs*)
                0x00000000c0012376                SysGetEnv(regs*)
                0x00000000c0012427                SysSetFatAttrib(regs*)
                0x00000000c001249a                SysShutdown(regs*)
                0x00000000c00124f7                SysPipe(regs*)
                0x00000000c001253c                SysGetUnixTime(regs*)
                0x00000000c00125c9                string_ends_with(char const*, char const*)
                0x00000000c0012611                SysOpen(regs*)
                0x00000000c0012808                KeSystemCall(regs*, void*)
 .text          0x00000000c001284a      0xb0b krnl/terminal.32
                0x00000000c001284a                VgaText::isAtty()
                0x00000000c001284e                VgaText::~VgaText()
                0x00000000c001284e                VgaText::~VgaText()
                0x00000000c0012872                VgaText::~VgaText()
                0x00000000c001289c                VgaText::read(unsigned long long, void*, int*)
                0x00000000c00128bc                setTerminalScrollLock(bool)
                0x00000000c00128bd                doTerminalCycle()
                0x00000000c00128be                addToTerminalCycle(VgaText*)
                0x00000000c00128bf                scrollTerminalScrollLock(int)
                0x00000000c00128c0                VgaText::updateTitle()
                0x00000000c00128c2                VgaText::load()
                0x00000000c00128c4                VgaText::updateCursor()
                0x00000000c00128da                VgaText::doANSI_SGR(int)
                0x00000000c001294e                VgaText::setDefaultBgColour(VgaColour)
                0x00000000c001295e                VgaText::setDefaultFgColour(VgaColour)
                0x00000000c001296e                VgaText::setDefaultColours(VgaColour, VgaColour)
                0x00000000c001298e                VgaText::setTitleTextColour(VgaColour)
                0x00000000c001299a                VgaText::setTitleColour(VgaColour)
                0x00000000c00129a6                VgaText::setTitle(char*)
                0x00000000c00129a8                VgaText::combineColours(unsigned char, unsigned char)
                0x00000000c00129ba                VgaText::scrollScreen()
                0x00000000c0012a4c                VgaText::combineCharAndColour(char, unsigned char)
                0x00000000c0012a5c                VgaText::writeCharacter(char, VgaColour, VgaColour, int, int)
                0x00000000c0012b08                VgaText::getCursorX()
                0x00000000c0012b10                VgaText::getCursorY()
                0x00000000c0012b18                VgaText::setCursor(int, int)
                0x00000000c0012b2f                setActiveTerminal(VgaText*)
                0x00000000c0012b7a                VgaText::clearScreen()
                0x00000000c0012bc8                VgaText::setCursorX(int)
                0x00000000c0012be0                VgaText::setCursorY(int)
                0x00000000c0012bf8                VgaText::incrementCursor(bool)
                0x00000000c0012c4c                VgaText::decrementCursor(bool)
                0x00000000c0012c6e                VgaText::putchar(char, VgaColour, VgaColour)
                0x00000000c0012d3e                VgaText::putchar(char)
                0x00000000c0012e36                VgaText::putx(unsigned int)
                0x00000000c0012e7c                VgaText::puts(char const*)
                0x00000000c0012ea2                VgaText::write(unsigned long long, void*, int*)
                0x00000000c0012eee                VgaText::puts(char const*, VgaColour, VgaColour)
                0x00000000c0013068                VgaText::VgaText(char const*)
                0x00000000c0013068                VgaText::VgaText(char const*)
                0x00000000c00131c8                VgaText::receiveKey(unsigned char)
                0x00000000c0013354                VgaText::doUpdate()
 *fill*         0x00000000c0013355        0x3 
 .text          0x00000000c0013358      0x224 krnl/tss.32
                0x00000000c0013358                TSS::TSS()
                0x00000000c0013358                TSS::TSS()
                0x00000000c0013368                TSS::setESP(unsigned long)
                0x00000000c001337c                TSS::flush()
                0x00000000c001339c                TSS::setup(unsigned long, unsigned long)
 .text          0x00000000c001357c      0x4ce krnl/unixfile.32
                0x00000000c001357c                ReservedFilename::read(unsigned long long, void*, int*)
                0x00000000c00135d2                ReservedFilename::isAtty()
                0x00000000c00135ee                ReservedFilename::write(unsigned long long, void*, int*)
                0x00000000c001364c                UnixFile::getFileDescriptor()
                0x00000000c0013654                UnixFile::UnixFile(int)
                0x00000000c0013654                UnixFile::UnixFile(int)
                0x00000000c0013808                ReservedFilename::ReservedFilename(int)
                0x00000000c0013808                ReservedFilename::ReservedFilename(int)
                0x00000000c001383a                UnixFile::~UnixFile()
                0x00000000c001383a                UnixFile::~UnixFile()
                0x00000000c00138d6                UnixFile::~UnixFile()
                0x00000000c00138fe                ReservedFilename::~ReservedFilename()
                0x00000000c00138fe                ReservedFilename::~ReservedFilename()
                0x00000000c0013922                ReservedFilename::~ReservedFilename()
                0x00000000c0013949                KeGetFileFromDescriptor(int)
 .text          0x00000000c0013a4a     0x132b krnl/virtmgr.32
                0x00000000c0013a4a                Virt::setPageState(unsigned long, Virt::VirtPageState)
                0x00000000c0013a84                Virt::getPageState(unsigned long)
                0x00000000c0013aa7                Virt::allocateKernelVirtualPages(int)
                0x00000000c0013bcc                Virt::freeSwapfilePage(unsigned long)
                0x00000000c0013bef                Virt::swapIDToSector(unsigned long)
                0x00000000c0013c05                Virt::allocateSwapfilePage()
                0x00000000c0013c85                Virt::virtualMemorySetup()
                0x00000000c0013cd6                Virt::setupPageSwapping(int)
                0x00000000c0013d48                VAS::setCPUSpecific(unsigned long)
                0x00000000c0013d4a                VAS::VAS(VAS*)
                0x00000000c0013d4a                VAS::VAS(VAS*)
                0x00000000c0013d62                VAS::getForeignPageTableEntry(bool, unsigned long)
                0x00000000c0013d90                VAS::getPageTableEntry(unsigned long)
                0x00000000c0013daf                Virt::freeKernelVirtualPages(unsigned long)
                0x00000000c0013eec                VAS::freeAllocatedPages(unsigned long)
                0x00000000c0013f10                VAS::virtualToPhysical(unsigned long)
                0x00000000c0013f2a                VAS::reflagRange(unsigned long, int, unsigned long, unsigned long)
                0x00000000c0013f6c                VAS::VAS()
                0x00000000c0013f6c                VAS::VAS()
                0x00000000c0013fd6                VAS::setToWriteCombining(unsigned long, int)
                0x00000000c0013ff6                VAS::mapOtherVASIn(bool, VAS*)
                0x00000000c0014022                VAS::~VAS()
                0x00000000c0014022                VAS::~VAS()
                0x00000000c001418a                VAS::mapPage(unsigned long, unsigned long, int)
                0x00000000c001428e                VAS::allocatePages(int, int)
                0x00000000c0014374                VAS::mapRange(unsigned long, unsigned long, int, int)
                0x00000000c00143cc                VAS::mapForeignPage(bool, VAS*, unsigned long, unsigned long, int)
                0x00000000c00144c2                VAS::VAS(bool)
                0x00000000c00144c2                VAS::VAS(bool)
                0x00000000c00146aa                VAS::evict(unsigned long)
                0x00000000c00147ae                VAS::canLockPage(unsigned long)
                0x00000000c00147c8                VAS::unlockPage(unsigned long)
                0x00000000c00147fc                VAS::canLockPages(unsigned long, int)
                0x00000000c0014838                VAS::unlockPages(unsigned long, int)
                0x00000000c0014874                VAS::tryLoadBackOffDisk(unsigned long)
                0x00000000c00149ee                VAS::lockPage(unsigned long)
                0x00000000c0014a60                VAS::lockPages(unsigned long, int)
                0x00000000c0014a9c                VAS::allocateSharedMemoryWithKernel(unsigned long, unsigned long*)
                0x00000000c0014b10                VAS::freeSharedMemoryWithKernel(unsigned long, unsigned long)
                0x00000000c0014b3c                VAS::scanForEviction()
                0x00000000c0014c7a                mapVASFirstTime
 .text          0x00000000c0014d75       0x2f sys/alarm.32
                0x00000000c0014d75                SysAlarm(regs*)
 .text          0x00000000c0014da4       0x36 sys/eject.32
                0x00000000c0014da4                SysEject(regs*)
 .text          0x00000000c0014dda       0x18 sys/exit.32
                0x00000000c0014dda                SysExit(regs*)
 .text          0x00000000c0014df2       0x1f sys/getcwd.32
                0x00000000c0014df2                SysGetCwd(regs*)
 .text          0x00000000c0014e11       0x26 sys/getpid.32
                0x00000000c0014e11                SysGetPID(regs*)
 .text          0x00000000c0014e37       0x21 sys/getramdata.32
                0x00000000c0014e37                SysGetRAMData(regs*)
 .text          0x00000000c0014e58       0xbe sys/getvgaptr.32
                0x00000000c0014e58                SysGetVGAPtr(regs*)
 *fill*         0x00000000c0014f16        0x2 
 .text          0x00000000c0014f18       0xb9 sys/kill.32
                0x00000000c0014f18                SysKill(regs*)
 .text          0x00000000c0014fd1       0x9e sys/loaddll.32
                0x00000000c0014fd1                SysLoadDLL(regs*)
 .text          0x00000000c001506f       0x12 sys/pause.32
                0x00000000c001506f                SysPause(regs*)
 .text          0x00000000c0015081       0x49 sys/pthread.32
                0x00000000c0015081                SysPthreadCreate(regs*)
                0x00000000c0015099                SysPthreadGetTID(regs*)
                0x00000000c00150a3                SysInternalPthreadGetContext(regs*)
                0x00000000c00150a8                SysInternalPthreadGetStartLocation(regs*)
                0x00000000c00150ad                SysPthreadJoin(regs*)
                0x00000000c00150b2                SysPthreadExit(regs*)
 .text          0x00000000c00150ca       0x68 sys/read.32
                0x00000000c00150ca                SysRead(regs*)
 .text          0x00000000c0015132       0x29 sys/registersignal.32
                0x00000000c0015132                SysRegisterSignal(regs*)
 .text          0x00000000c001515b      0x1cc sys/registry.32
                0x00000000c001515b                SysRegistryGetTypeFromPath(regs*)
                0x00000000c001519f                SysRegistryReadExtent(regs*)
                0x00000000c00151e7                SysRegistryPathToExtentLookup(regs*)
                0x00000000c00151fe                SysRegistryEnterDirectory(regs*)
                0x00000000c0015215                SysRegistryGetNext(regs*)
                0x00000000c001522c                SysRegistryGetNameAndTypeFromExtent(regs*)
                0x00000000c0015266                SysRegistryOpen(regs*)
                0x00000000c001527a                SysRegistryClose(regs*)
                0x00000000c0015291                SysRegistryEasyReadString(regs*)
                0x00000000c00152dd                SysRegistryEasyReadInteger(regs*)
 .text          0x00000000c0015327       0x55 sys/sbrk.32
                0x00000000c0015327                SysSbrk(regs*)
 .text          0x00000000c001537c       0x1c sys/setcwd.32
                0x00000000c001537c                SysSetCwd(regs*)
 .text          0x00000000c0015398       0xd7 sys/settime.32
                0x00000000c0015398                SysSetTime(regs*)
 .text          0x00000000c001546f       0x73 sys/symlink.32
                0x00000000c001546f                SysSymlink(regs*)
 .text          0x00000000c00154e2       0x3e sys/timezone.32
                0x00000000c00154e2                SysTimezone(regs*)
 .text          0x00000000c0015520       0xfc sys/truncate.32
                0x00000000c0015520                SysTruncate(regs*)
 .text          0x00000000c001561c       0x68 sys/write.32
                0x00000000c001561c                SysWrite(regs*)
 .text          0x00000000c0015684       0x9d sys/wsbe.32
                0x00000000c0015684                SysWsbe(regs*)
 .text          0x00000000c0015721       0x28 sys/yield.32
                0x00000000c0015721                SysYield(regs*)
 *fill*         0x00000000c0015749        0x3 
 .text          0x00000000c001574c      0x281 thr/alarm.32
                0x00000000c001574c                KeAlarm(ThreadControlBlock*, unsigned long long)
                0x00000000c00158dc                KeCheckAlarm(ThreadControlBlock*)
 .text          0x00000000c00159cd      0x84a thr/elf.32
                0x00000000c00159cd                Thr::allocateMemoryForTask(Process*, File*, unsigned long, unsigned long, unsigned long)
                0x00000000c0015c5f                Thr::loadProgramIntoMemory(Process*, char const*)
                0x00000000c0015ef7                Thr::runtimeReferenceHelper()
                0x00000000c0015f0a                Thr::getAddressOfKernelSymbol(char const*)
                0x00000000c0015f59                Thr::loadKernelSymbolTable(char const*)
 .text          0x00000000c0016217      0x568 thr/elf2.32
                0x00000000c0016217                KeIsELFValid(Elf32_Ehdr*)
                0x00000000c0016236                KeGetELFSectionHeader(unsigned char*, int)
                0x00000000c0016245                KeGetELFProgramHeader(unsigned char*, int)
                0x00000000c0016256                KeLookupELFString(unsigned char*, int)
                0x00000000c0016279                KeLoadELFProgramHeaders(unsigned char*, bool, unsigned long)
                0x00000000c0016333                KeGetELFSymbolValue(unsigned char*, int, int, bool*, unsigned long, unsigned long)
                0x00000000c00163cf                KePerformRelocation(unsigned char*, unsigned long, Elf32_Shdr*, Elf32_Rel*)
                0x00000000c001644f                KePerformRelocations(unsigned char*, unsigned long)
                0x00000000c0016504                KeLoadELF(unsigned char*, bool, unsigned long)
                0x00000000c0016579                KeLoadDriver(char const*)
                0x00000000c00166e2                KeExecuteDriver(unsigned long, void*)
                0x00000000c001670c                KeLoadAndExecuteDriver(char const*, void*, bool)
 .text          0x00000000c001677f       0x5a thr/exec.32
                0x00000000c001677f                KeProcessExec(Process*, char const*)
 *fill*         0x00000000c00167d9        0x3 
 .text          0x00000000c00167dc     0x1299 thr/prcssthr.32
                0x00000000c00167dc                userModeEntryPoint(void*)
                0x00000000c0016808                changeTSS
                0x00000000c0016838                switchToThread(ThreadControlBlock*)
                0x00000000c00168f8                Process::addArgs(char**)
                0x00000000c0016964                Process::Process(char const*, Process*, char**)
                0x00000000c0016964                Process::Process(char const*, Process*, char**)
                0x00000000c0016b9c                Process::Process(bool, char const*, Process*, char**)
                0x00000000c0016b9c                Process::Process(bool, char const*, Process*, char**)
                0x00000000c0016d88                taskStartupFunction
                0x00000000c0016d94                KeDisablePreemption()
                0x00000000c0016dbc                KeRestorePreemption()
                0x00000000c0016ddc                Process::createThread(void (*)(void*), void*, int)
                0x00000000c0016f40                Process::createUserThread()
                0x00000000c0016f60                setupMultitasking(void (*)())
                0x00000000c00170a8                schedule()
                0x00000000c001713c                blockTaskWithSchedulerLockAlreadyHeld(TaskState)
                0x00000000c0017168                blockTask(TaskState)
                0x00000000c00171a4                waitTask(int, int*, int)
                0x00000000c00171e8                milliTenthSleepUntil(unsigned long long)
                0x00000000c001729c                milliTenthSleep(unsigned long long)
                0x00000000c00172b4                sleep(unsigned long long)
                0x00000000c00172d4                sleep(unsigned int)
                0x00000000c00172ec                milliTenthSleep(unsigned int)
                0x00000000c001730c                taskReturned
                0x00000000c0017354                KeProcessFromPID(int)
                0x00000000c0017404                unblockTask(ThreadControlBlock*)
                0x00000000c00174b8                cleanupTerminatedTask(ThreadControlBlock*)
                0x00000000c0017790                cleanerTaskFunction(void*)
                0x00000000c00178a8                KeTerminateCurrentThread(int)
 .text          0x00000000c0017a75     0x1899 vm86/vm8086.32
                0x00000000c0017a75                Vm::inbv(unsigned short)
                0x00000000c0017aac                Vm::outbv(unsigned short, unsigned char)
                0x00000000c0017b13                Vm::realToLinear(unsigned short, unsigned short)
                0x00000000c0017b38                Vm::getSegment(unsigned int)
                0x00000000c0017b43                Vm::getOffset(unsigned int)
                0x00000000c0017b4b                Vm::mainloop2()
                0x00000000c0017bbe                Vm::mainVm8086Loop(void*)
                0x00000000c0017bde                Vm::mainloop3(unsigned long)
                0x00000000c0017c16                Vm::initialise8086()
                0x00000000c0017c60                Vm::finish8086()
                0x00000000c0017cd1                Vm::getOutput8086(unsigned char*)
                0x00000000c0017d32                Vm::start8086FromBuffer(unsigned char*, int, unsigned short, unsigned short, unsigned short, unsigned short)
                0x00000000c0017e78                Vm::start8086(char const*, unsigned short, unsigned short, unsigned short, unsigned short)
                0x00000000c00180b4                Vm::doISR(regs*, int, unsigned char*, unsigned short, unsigned short)
                0x00000000c00182b8                Vm::readByteFromReal(unsigned short, unsigned short)
                0x00000000c001830b                Vm::readWordFromReal(unsigned short, unsigned short)
                0x00000000c001835f                Vm::readDwordFromReal(unsigned short, unsigned short)
                0x00000000c00183b2                Vm::writeByteFromReal(unsigned short, unsigned short, unsigned char)
                0x00000000c0018411                Vm::writeWordFromReal(unsigned short, unsigned short, unsigned short)
                0x00000000c0018470                Vm::writeDwordFromReal(unsigned short, unsigned short, unsigned int)
                0x00000000c00184c7                Vm::faultHandler(regs*)
 .text          0x00000000c001930e      0x45f arch/i386/apic.32
                0x00000000c001930e                IOAPIC::close(int, int, void*)
                0x00000000c0019314                apicGetBase()
                0x00000000c001934e                IOAPIC::IOAPIC()
                0x00000000c001934e                IOAPIC::IOAPIC()
                0x00000000c0019376                apicOpen()
                0x00000000c0019502                IOAPIC::handlesGSIWithNumber(unsigned int)
                0x00000000c0019534                IOAPIC::read(int)
                0x00000000c001955c                IOAPIC::open(int, int, void*)
                0x00000000c0019642                IOAPIC::write(int, int)
                0x00000000c001966e                IOAPIC::redirect(unsigned char, unsigned long long, unsigned char, bool, bool)
 *fill*         0x00000000c001976d        0x1 
 .text          0x00000000c001976e     0x1f81 arch/i386/hal.32
                0x00000000c001976e                noCopro(unsigned long)
                0x00000000c001976f                HalRestart()
                0x00000000c001977a                HalShutdown()
                0x00000000c001977b                HalSleep()
                0x00000000c001977c                CPU::close(int, int, void*)
                0x00000000c001977f                x86ReadCMOS(unsigned char)
                0x00000000c00197d3                x86WriteCMOS(unsigned char, unsigned char)
                0x00000000c0019833                AMD_K6_write_msr(unsigned int, unsigned int, unsigned int, REGS*)
                0x00000000c0019852                AMD_K6_read_msr(unsigned int, REGS*)
                0x00000000c001986f                AMD_K6_writeback(int, int, int)
                0x00000000c001992f                cpuid(int, unsigned long*, unsigned long*, unsigned long*, unsigned long*)
                0x00000000c00199cd                cpuidCheckEDX(unsigned int)
                0x00000000c00199fa                cpuidCheckECX(unsigned int)
                0x00000000c0019a28                cpuidCheckExtendedEBX(unsigned int)
                0x00000000c0019a56                cpuidCheckExtendedECX(unsigned int)
                0x00000000c0019a84                HalDetectFeatures()
                0x00000000c001a86f                HalEnableNMI()
                0x00000000c001a882                HalDisableNMI()
                0x00000000c001a895                HalGetNMIState()
                0x00000000c001a89b                HalIsAPICEnabled()
                0x00000000c001a8ac                x86rdmsr(unsigned int)
                0x00000000c001a8ea                x86wrmsr(unsigned int, unsigned long long)
                0x00000000c001a92f                HalHandleGeneralProtectionFault(void*, void*)
                0x00000000c001a95a                HalFindRSDP()
                0x00000000c001aa37                HalHandlePageFault(void*, void*)
                0x00000000c001aa66                HalHandleOpcodeFault(void*, void*)
                0x00000000c001aaa8                HalDisplayDebugInfo(void*)
                0x00000000c001ae36                HalReceivedNMI()
                0x00000000c001aed1                HalSystemIdle()
                0x00000000c001af30                i386SaveCoprocessor(void*)
                0x00000000c001af44                i386LoadCoprocessor(void*)
                0x00000000c001af58                x87EmulHandler(regs*, void*)
                0x00000000c001aff5                HalInitialiseCoprocessor()
                0x00000000c001b093                HalPanic(char const*)
                0x00000000c001b1a7                HalQueryPerformanceCounter()
                0x00000000c001b1b7                HalInitialise()
                0x00000000c001b39f                HalMakeBeep(int)
                0x00000000c001b3d9                HalGetRand()
                0x00000000c001b3dc                HalEndOfInterrupt(int)
                0x00000000c001b408                CPU::CPU()
                0x00000000c001b408                CPU::CPU()
                0x00000000c001b48c                CPU::setupSMEP()
                0x00000000c001b498                CPU::setupUMIP()
                0x00000000c001b4a2                CPU::setupTSC()
                0x00000000c001b4ac                CPU::setupLargePages()
                0x00000000c001b4b6                CPU::setupPAT()
                0x00000000c001b4e8                CPU::setupMTRR()
                0x00000000c001b4ea                CPU::setupGlobalPages()
                0x00000000c001b4f4                CPU::allowUsermodeDataAccess()
                0x00000000c001b502                CPU::prohibitUsermodeDataAccess()
                0x00000000c001b510                CPU::setupSMAP()
                0x00000000c001b51e                CPU::setupFeatures()
                0x00000000c001b5ea                CPU::open(int, int, void*)
 .text          0x00000000c001b6ef      0x341 arch/i386/intctrl.32
                0x00000000c001b6ef                convertLegacyIRQNumber(int)
                0x00000000c001b72b                KeSetupInterrupts()
                0x00000000c001b788                int_handler
                0x00000000c001b80b                HalInstallISRHandler(int, void (*)(regs*, void*), void*)
                0x00000000c001b855                HalInstallIRQHandler(int, void (*)(regs*, void*), bool, void*)
                0x00000000c001b983                HalUninstallISRHandler(int, void (*)(regs*, void*))
                0x00000000c001b9b7                HalUninstallIRQHandler(int, void (*)(regs*, void*), bool)
 .text          0x00000000c001ba30      0x2dc arch/i386/pic.32
                0x00000000c001ba30                picIoWait()
                0x00000000c001ba38                picDisable()
                0x00000000c001ba6c                picGetIRQReg(int)
                0x00000000c001bae8                picOpen()
                0x00000000c001bc6c                picEOI(int)
 .text          0x00000000c001bd0c      0x5f3 arch/i386/rtc.32
                0x00000000c001bd0c                RTC::open(int, int, void*)
                0x00000000c001bd10                RTC::close(int, int, void*)
                0x00000000c001bd14                RTC::timeInSecondsUTC()
                0x00000000c001bd26                RTC::timeInDatetimeUTC()
                0x00000000c001bd4c                RTC::setTimeInSecondsUTC(unsigned long long)
                0x00000000c001bd8a                RTC::~RTC()
                0x00000000c001bd8a                RTC::~RTC()
                0x00000000c001bdae                RTC::~RTC()
                0x00000000c001bdd8                RTC::get_update_in_progress_flag()
                0x00000000c001bdec                RTC::completeRTCRefresh()
                0x00000000c001c0a0                RTC::setTimeInDatetimeUTC(datetime_t)
                0x00000000c001c216                rtcIRQHandler(regs*, void*)
                0x00000000c001c256                RTC::RTC()
                0x00000000c001c256                RTC::RTC()
 *fill*         0x00000000c001c2ff        0x1 
 .text          0x00000000c001c300      0x1f4 arch/i386/vga.32
                0x00000000c001c300                HalConsoleScroll(int, int)
                0x00000000c001c408                HalConsoleWriteCharacter(char, int, int, int, int)
                0x00000000c001c46c                HalConsoleCursorUpdate(int, int)
 .text          0x00000000c001c4f4       0x16 drv/driver/acpi.32
                0x00000000c001c4f4                ACPIDriver::initialise()
                0x00000000c001c4f8                ACPIDriver::detect()
                0x00000000c001c4fc                ACPIDriver::deinitialise()
                0x00000000c001c500                ACPIDriver::setPowerState(DevicePowerState)
                0x00000000c001c504                ACPIDriver::getHumanReadableName()
 *fill*         0x00000000c001c50a        0x2 
 .text          0x00000000c001c50c       0x16 drv/driver/isa.32
                0x00000000c001c50c                ISADriver::initialise()
                0x00000000c001c510                ISADriver::detect()
                0x00000000c001c514                ISADriver::deinitialise()
                0x00000000c001c518                ISADriver::setPowerState(DevicePowerState)
                0x00000000c001c51c                ISADriver::getHumanReadableName()
 *fill*         0x00000000c001c522        0x2 
 .text          0x00000000c001c524      0x6f9 drv/driver/pci.32
                0x00000000c001c524                PCIDriver::detect()
                0x00000000c001c528                PCIDriver::deinitialise()
                0x00000000c001c52c                PCIDriver::setPowerState(DevicePowerState)
                0x00000000c001c530                PCIDriver::getHumanReadableName()
                0x00000000c001c538                PCIDriver::enumerateDevices()
                0x00000000c001c53c                PCIDriver::initialise()
                0x00000000c001c584                PCIDriver::readBAR8(unsigned int, int)
                0x00000000c001c5dc                PCIDriver::readBAR16(unsigned int, int)
                0x00000000c001c634                PCIDriver::readBAR32(unsigned int, int)
                0x00000000c001c68c                PCIDriver::writeBAR8(unsigned int, unsigned char, int)
                0x00000000c001c6f0                PCIDriver::writeBAR16(unsigned int, unsigned short, int)
                0x00000000c001c75c                PCIDriver::writeBAR32(unsigned int, unsigned int, int)
                0x00000000c001c7bc                PCIDriver::readWord(unsigned char, unsigned char, unsigned char, unsigned char)
                0x00000000c001c870                PCIDriver::writeWord(unsigned char, unsigned char, unsigned char, unsigned char, unsigned short)
                0x00000000c001c98c                PCIDriver::getVendorID(unsigned char, unsigned char, unsigned char)
                0x00000000c001c9cc                PCIDriver::getHeaderType(unsigned char, unsigned char, unsigned char)
                0x00000000c001ca0c                PCIDriver::getClassCode(unsigned char, unsigned char, unsigned char)
                0x00000000c001ca88                PCIDriver::getProgIF(unsigned char, unsigned char, unsigned char)
                0x00000000c001cacc                PCIDriver::getRevisionID(unsigned char, unsigned char, unsigned char)
                0x00000000c001cb0c                PCIDriver::getInterruptNumber(unsigned char, unsigned char, unsigned char)
                0x00000000c001cb4c                PCIDriver::getSecondaryBus(unsigned char, unsigned char, unsigned char)
                0x00000000c001cb90                PCIDriver::getBARAddress(unsigned char, unsigned char, unsigned char, unsigned char)
 *fill*         0x00000000c001cc1d        0x3 
 .text          0x00000000c001cc20     0x14cf fs/fat/vfslink.32
                0x00000000c001cc20                FAT::getName()
                0x00000000c001cc28                FAT::tell(void*, unsigned long long*)
                0x00000000c001cc64                FAT::stat(void*, unsigned long long*)
                0x00000000c001cca0                FAT::~FAT()
                0x00000000c001cca0                FAT::~FAT()
                0x00000000c001ccc4                FAT::~FAT()
                0x00000000c001ccec                FAT::getlabel(LogicalDisk*, int, char*, unsigned int*)
                0x00000000c001cd90                FAT::setlabel(LogicalDisk*, int, char*)
                0x00000000c001ce54                FAT::format(LogicalDisk*, int, char const*, int)
                0x00000000c001d038                FAT::tryMount(LogicalDisk*, int)
                0x00000000c001d254                FAT::allocateSwapfile(char const*, int)
                0x00000000c001d414                FAT::readDir(void*, unsigned long, void*, int*)
                0x00000000c001d584                FAT::read(void*, unsigned long, void*, int*)
                0x00000000c001d5e4                FAT::write(void*, unsigned long, void*, int*)
                0x00000000c001d644                FAT::close(void*)
                0x00000000c001d698                FAT::closeDir(void*)
                0x00000000c001d6ec                FAT::truncate(void*, unsigned long long)
                0x00000000c001d758                FAT::seek(void*, unsigned long long)
                0x00000000c001d7b0                fatWrapperReadDisk
                0x00000000c001d7f0                fatWrapperWriteDisk
                0x00000000c001d830                fatWrapperIoctl
                0x00000000c001d94c                FAT::FAT()
                0x00000000c001d94c                FAT::FAT()
                0x00000000c001d9a4                FAT::fixFilepath(char*)
                0x00000000c001d9e4                FAT::open(char const*, void**, FileOpenMode)
                0x00000000c001db58                FAT::openDir(char const*, void**)
                0x00000000c001dc08                FAT::stat(char const*, unsigned long long*, bool*)
                0x00000000c001dd00                FAT::unlink(char const*)
                0x00000000c001dd80                FAT::chfatattr(char const*, unsigned char, unsigned char)
                0x00000000c001df34                FAT::rename(char const*, char const*)
                0x00000000c001e000                FAT::mkdir(char const*)
                0x00000000c001e080                FAT::exists(char const*)
 *fill*         0x00000000c001e0ef        0x1 
 .text          0x00000000c001e0f0       0x94 fs/iso9660/helper.32
                0x00000000c001e0f0                isoReadDiscSectorHelper
                0x00000000c001e14c                iso_kprintf
                0x00000000c001e168                iso_kprintfd
 .text          0x00000000c001e184      0x71c fs/iso9660/vfslink.32
                0x00000000c001e184                ISO9660::format(LogicalDisk*, int, char const*, int)
                0x00000000c001e18a                ISO9660::truncate(void*, unsigned long long)
                0x00000000c001e190                ISO9660::getName()
                0x00000000c001e196                ISO9660::closeDir(void*)
                0x00000000c001e1a0                ISO9660::chfatattr(char const*, unsigned char, unsigned char)
                0x00000000c001e1a6                ISO9660::unlink(char const*)
                0x00000000c001e1ac                ISO9660::write(void*, unsigned long, void*, int*)
                0x00000000c001e1b2                ISO9660::rename(char const*, char const*)
                0x00000000c001e1b8                ISO9660::mkdir(char const*)
                0x00000000c001e1be                ISO9660::~ISO9660()
                0x00000000c001e1be                ISO9660::~ISO9660()
                0x00000000c001e1e2                ISO9660::~ISO9660()
                0x00000000c001e20a                ISO9660::exists(char const*)
                0x00000000c001e21e                ISO9660::open(char const*, void**, FileOpenMode)
                0x00000000c001e304                ISO9660::read(void*, unsigned long, void*, int*)
                0x00000000c001e34c                ISO9660::seek(void*, unsigned long long)
                0x00000000c001e38e                ISO9660::tell(void*, unsigned long long*)
                0x00000000c001e3cc                ISO9660::stat(void*, unsigned long long*)
                0x00000000c001e41e                ISO9660::stat(char const*, unsigned long long*, bool*)
                0x00000000c001e560                ISO9660::close(void*)
                0x00000000c001e590                ISO9660::openDir(char const*, void**)
                0x00000000c001e66a                ISO9660::readDir(void*, unsigned long, void*, int*)
                0x00000000c001e787                readSectorFromCDROM(unsigned int, unsigned char*, char)
                0x00000000c001e806                ISO9660::tryMount(LogicalDisk*, int)
                0x00000000c001e878                ISO9660::ISO9660()
                0x00000000c001e878                ISO9660::ISO9660()
 .text          0x00000000c001e8a0      0x26c hal/sound/sndcard.32
                0x00000000c001e8a0                SoundCard::beginPlayback()
                0x00000000c001e8ae                SoundCard::stopPlayback()
                0x00000000c001e8bc                SoundCard::SoundCard(char const*)
                0x00000000c001e8bc                SoundCard::SoundCard(char const*)
                0x00000000c001e95a                SoundCard::~SoundCard()
                0x00000000c001e95a                SoundCard::~SoundCard()
                0x00000000c001e97e                SoundCard::~SoundCard()
                0x00000000c001e9a8                SoundCard::configureRates(int, int, int)
                0x00000000c001e9d8                SoundCard::getSamples16(int, short*)
                0x00000000c001ea34                SoundCard::getSamples32(int, int*)
                0x00000000c001eaba                SoundCard::addChannel(SoundPort*)
                0x00000000c001eaf8                SoundCard::removeChannel(int)
 .text          0x00000000c001eb0c      0x426 hal/sound/sndport.32
                0x00000000c001eb0c                SoundPort::SoundPort(int, int, int, int)
                0x00000000c001eb0c                SoundPort::SoundPort(int, int, int, int)
                0x00000000c001eb98                SoundPort::~SoundPort()
                0x00000000c001eb98                SoundPort::~SoundPort()
                0x00000000c001ebcc                SoundPort::unpause()
                0x00000000c001ebd8                SoundPort::pause()
                0x00000000c001ebe4                SoundPort::getBufferUsed()
                0x00000000c001ebec                SoundPort::getBufferSize()
                0x00000000c001ebf4                SoundPort::buffer8(signed char*, int)
                0x00000000c001ec88                SoundPort::buffer16(short*, int)
                0x00000000c001ed1c                SoundPort::buffer32(int*, int)
                0x00000000c001eda8                SoundPort::unbufferAndAdd16(int, short*, SoundCard*)
                0x00000000c001ee74                SoundPort::unbufferAndAdd32(int, int*, SoundCard*)
 .text          0x00000000c001ef32      0xc23 hw/bus/pci.32
                0x00000000c001ef32                PCI::open(int, int, void*)
                0x00000000c001ef50                PCI::close(int, int, void*)
                0x00000000c001ef54                PCI::PCI()
                0x00000000c001ef54                PCI::PCI()
                0x00000000c001efec                PCI::readBAR8(unsigned int, int)
                0x00000000c001f008                PCI::readBAR16(unsigned int, int)
                0x00000000c001f026                PCI::readBAR32(unsigned int, int)
                0x00000000c001f042                PCI::writeBAR8(unsigned int, unsigned char, int)
                0x00000000c001f062                PCI::writeBAR16(unsigned int, unsigned short, int)
                0x00000000c001f084                PCI::writeBAR32(unsigned int, unsigned int, int)
                0x00000000c001f0a4                PCI::legacyMechanism(unsigned char, unsigned char, unsigned char, unsigned char)
                0x00000000c001f11a                PCI::pciReadWord(unsigned char, unsigned char, unsigned char, unsigned char)
                0x00000000c001f1c4                PCI::getVendorID(unsigned char, unsigned char, unsigned char)
                0x00000000c001f1e8                PCI::getHeaderType(unsigned char, unsigned char, unsigned char)
                0x00000000c001f210                PCI::getClassCode(unsigned char, unsigned char, unsigned char)
                0x00000000c001f25a                PCI::getProgIF(unsigned char, unsigned char, unsigned char)