Archive member included to satisfy reference by file (symbol)

/cygdrive/d/Users/Alex/Desktop/Toolchain/Output/bin/../lib/gcc/i386-banana/8.1.0/libgcc.a(_divdi3.o)
                              fs/fat/ff.32 (__divdi3)
/cygdrive/d/Users/Alex/Desktop/Toolchain/Output/bin/../lib/gcc/i386-banana/8.1.0/libgcc.a(_moddi3.o)
                              thr/elf.32 (__moddi3)
/cygdrive/d/Users/Alex/Desktop/Toolchain/Output/bin/../lib/gcc/i386-banana/8.1.0/libgcc.a(_udivdi3.o)
                              fs/fat/ff.32 (__udivdi3)
/cygdrive/d/Users/Alex/Desktop/Toolchain/Output/bin/../lib/gcc/i386-banana/8.1.0/libgcc.a(_umoddi3.o)
                              core/pipe.32 (__umoddi3)
D:/Users/Alex/Desktop/Banana/kernel/libk/libm32.a(s_fabs.c.o)
                              hal/libresample/samplerate.32 (fabs)
D:/Users/Alex/Desktop/Banana/kernel/libk/libm32.a(s_lrint.S.o)
                              hal/libresample/samplerate.32 (lrint)
D:/Users/Alex/Desktop/Banana/kernel/libk/libm32.a(s_lrintf.S.o)
                              hal/sound/sndhw.32 (lrintf)

Discarded input sections

 .comment       0x0000000000000000       0x12 /cygdrive/d/Users/Alex/Desktop/Toolchain/Output/bin/../lib/gcc/i386-banana/8.1.0/crtbegin.o
 .comment       0x0000000000000000       0x12 acpica/utclib.32
 .comment       0x0000000000000000       0x12 core/malloc.32
 .comment       0x0000000000000000       0x12 libk/string.32
 .comment       0x0000000000000000       0x12 fs/fat/diskio.32
 .comment       0x0000000000000000       0x12 fs/fat/ff.32
 .comment       0x0000000000000000       0x12 fs/fat/ffsystem.32
 .comment       0x0000000000000000       0x12 fs/fat/ffunicode.32
 .comment       0x0000000000000000       0x12 hal/libresample/samplerate.32
 .comment       0x0000000000000000       0x12 hal/libresample/src_linear.32
 .comment       0x0000000000000000       0x12 hal/libresample/src_sinc.32
 .comment       0x0000000000000000       0x12 hal/libresample/src_zoh.32
 .comment       0x0000000000000000       0x12 hal/softfpu/ieeecvt.32
 .comment       0x0000000000000000       0x12 hal/softfpu/ieeelib.32
 .group         0x0000000000000000       0x14 core/computer.32
 .group         0x0000000000000000        0xc core/computer.32
 .comment       0x0000000000000000       0x12 core/computer.32
 .comment       0x0000000000000000       0x12 core/gdt.32
 .group         0x0000000000000000        0xc core/idle.32
 .comment       0x0000000000000000       0x12 core/idle.32
 .comment       0x0000000000000000       0x12 core/idt.32
 .group         0x0000000000000000        0x8 core/kheap.32
 .group         0x0000000000000000        0x8 core/kheap.32
 .comment       0x0000000000000000       0x12 core/kheap.32
 .comment       0x0000000000000000       0x12 core/main.32
 .comment       0x0000000000000000       0x12 core/physmgr.32
 .group         0x0000000000000000        0xc core/pipe.32
 .comment       0x0000000000000000       0x12 core/pipe.32
 .group         0x0000000000000000        0xc core/terminal.32
 .comment       0x0000000000000000       0x12 core/terminal.32
 .group         0x0000000000000000        0x8 core/tss.32
 .text._ZN3CPU7readCR3Ev
                0x0000000000000000       0x12 core/tss.32
 .comment       0x0000000000000000       0x12 core/tss.32
 .group         0x0000000000000000        0x8 core/unixfile.32
 .group         0x0000000000000000        0xc core/unixfile.32
 .group         0x0000000000000000        0xc core/unixfile.32
 .group         0x0000000000000000        0x8 core/unixfile.32
 .group         0x0000000000000000        0xc core/unixfile.32
 .group         0x0000000000000000        0x8 core/unixfile.32
 .group         0x0000000000000000        0xc core/unixfile.32
 .group         0x0000000000000000        0xc core/unixfile.32
 .comment       0x0000000000000000       0x12 core/unixfile.32
 .group         0x0000000000000000        0x8 core/virtmgr.32
 .group         0x0000000000000000        0x8 core/virtmgr.32
 .text._ZN3CPU7readCR3Ev
                0x0000000000000000       0x12 core/virtmgr.32
 .text._ZN3CPU8writeCR3Em
                0x0000000000000000        0x9 core/virtmgr.32
 .comment       0x0000000000000000       0x12 core/virtmgr.32
 .comment       0x0000000000000000       0x12 coreobjs/c++.32
 .comment       0x0000000000000000       0x12 dbg/kconsole.32
 .group         0x0000000000000000        0xc fs/vfs.32
 .group         0x0000000000000000        0xc fs/vfs.32
 .group         0x0000000000000000        0xc fs/vfs.32
 .comment       0x0000000000000000       0x12 fs/vfs.32
 .group         0x0000000000000000        0xc hal/bus.32
 .comment       0x0000000000000000       0x12 hal/bus.32
 .group         0x0000000000000000        0xc hal/buzzer.32
 .comment       0x0000000000000000       0x12 hal/buzzer.32
 .group         0x0000000000000000        0xc hal/clock.32
 .comment       0x0000000000000000       0x12 hal/clock.32
 .group         0x0000000000000000       0x14 hal/device.32
[...]
Memory Configuration

Name             Origin             Length             Attributes
*default*        0x0000000000000000 0xffffffffffffffff

Linker script and memory map

LOAD D:/Users/Alex/Desktop/Banana/kernel/boot.32
LOAD crti.32
LOAD /cygdrive/d/Users/Alex/Desktop/Toolchain/Output/bin/../lib/gcc/i386-banana/8.1.0/crtbegin.o
LOAD D:/Users/Alex/Desktop/Banana/kernel/morenasm.32
LOAD acpica/utclib.32
LOAD core/malloc.32
LOAD libk/string.32
LOAD fs/fat/diskio.32
LOAD fs/fat/ff.32
LOAD fs/fat/ffsystem.32
LOAD fs/fat/ffunicode.32
LOAD hal/libresample/samplerate.32
LOAD hal/libresample/src_linear.32
LOAD hal/libresample/src_sinc.32
LOAD hal/libresample/src_zoh.32
LOAD hal/softfpu/ieeecvt.32
LOAD hal/softfpu/ieeelib.32
LOAD core/computer.32
LOAD core/gdt.32
LOAD core/idle.32
LOAD core/idt.32
LOAD core/kheap.32
LOAD core/main.32
LOAD core/physmgr.32
LOAD core/pipe.32
LOAD core/terminal.32
LOAD core/tss.32
LOAD core/unixfile.32
LOAD core/virtmgr.32
LOAD coreobjs/c++.32
LOAD dbg/kconsole.32
LOAD fs/vfs.32
LOAD hal/bus.32
LOAD hal/buzzer.32
LOAD hal/clock.32
LOAD hal/device.32
LOAD hal/diskctrl.32
LOAD hal/diskphys.32
LOAD hal/fpu.32
LOAD hal/intctrl.32
LOAD hal/keybrd.32
LOAD hal/logidisk.32
LOAD hal/mouse.32
LOAD hal/partition.32
LOAD hal/timer.32
LOAD hal/vcache.32
LOAD hal/video.32
LOAD hw/acpi.32
LOAD hw/cpu.32
LOAD hw/ports.32
LOAD krnl/panic.32
LOAD reg/registry.32
LOAD sys/sc_exit.32
LOAD sys/sc_loaddll.32
LOAD sys/sc_read.32
LOAD sys/sc_sbrk.32
LOAD sys/sc_write.32
LOAD sys/sc_yield.32
LOAD sys/syscalls.32
LOAD thr/elf.32
LOAD thr/prcssthr.32
LOAD vm86/vm8086.32
LOAD fs/fat/vfslink.32
LOAD fs/iso9660/vfslink.32
LOAD hal/sound/sndchannel.32
LOAD hal/sound/sndhw.32
LOAD hw/bus/isa.32
LOAD hw/bus/pci.32
LOAD hw/diskctrl/ide.32
LOAD hw/diskphys/ata.32
LOAD hw/diskphys/atapi.32
LOAD hw/fpu/avx.32
LOAD hw/fpu/mmx.32
LOAD hw/fpu/sse.32
LOAD hw/fpu/x87.32
LOAD hw/intctrl/apic.32
LOAD hw/intctrl/pic.32
LOAD hw/timer/apictimer.32
LOAD hw/timer/pit.32
LOAD hw/fpu/x86/avx.32
LOAD hw/fpu/x86/sse.32
LOAD hw/fpu/x86/x87.32
LOAD /cygdrive/d/Users/Alex/Desktop/Toolchain/Output/bin/../lib/gcc/i386-banana/8.1.0/crtend.o
LOAD crtn.32
LOAD /cygdrive/d/Users/Alex/Desktop/Toolchain/Output/bin/../lib/gcc/i386-banana/8.1.0/libgcc.a
LOAD D:/Users/Alex/Desktop/Banana/kernel/libk/libm32.a
                0x00000000c0000000                . = 0xc0000000

.text           0x00000000c0000000    0x23e58
 *(.text)
 .text          0x00000000c0000000       0x41 D:/Users/Alex/Desktop/Banana/kernel/boot.32
                0x00000000c0000020                callGlobalConstructors
 .text          0x00000000c0000041        0x0 crti.32
 *fill*         0x00000000c0000041        0x3 
 .text          0x00000000c0000044      0x101 /cygdrive/d/Users/Alex/Desktop/Toolchain/Output/bin/../lib/gcc/i386-banana/8.1.0/crtbegin.o
 *fill*         0x00000000c0000145        0xb 
 .text          0x00000000c0000150      0x4fd D:/Users/Alex/Desktop/Banana/kernel/morenasm.32
                0x00000000c0000150                prepareTramp
                0x00000000c0000169                voodooXADD
                0x00000000c000022e                doTPAUSE
                0x00000000c0000238                hasLegacyFPU
                0x00000000c000025d                is486
                0x00000000c0000293                goToVM86
                0x00000000c00002c4                goToUsermode
                0x00000000c00002ef                switchToThreadASMFirstTime
                0x00000000c00002fd                switchToThreadASM
                0x00000000c000039d                detectCPUID
                0x00000000c00003b3                asmQuickAcquireLock
                0x00000000c00003d1                asmQuickReleaseLock
                0x00000000c00003dd                asmAcquireLock
                0x00000000c00003fe                asmReleaseLock
                0x00000000c0000411                loadGDT
                0x00000000c0000431                isr0
                0x00000000c0000441                isr1
                0x00000000c000044b                isr2
                0x00000000c0000455                isr3
                0x00000000c000045f                isr4
                0x00000000c0000469                isr5
                0x00000000c0000473                isr6
                0x00000000c000047d                isr7
                0x00000000c0000487                isr8
                0x00000000c000048f                isr9
                0x00000000c0000499                isr10
                0x00000000c00004a1                isr11
                0x00000000c00004a9                isr12
                0x00000000c00004b1                isr13
                0x00000000c00004b9                isr14
                0x00000000c00004c1                isr15
                0x00000000c00004cb                isr16
                0x00000000c00004d5                isr17
                0x00000000c00004df                isr18
                0x00000000c00004e9                isr96
                0x00000000c00004f3                irq0
                0x00000000c00004fd                irq1
                0x00000000c0000507                irq2
                0x00000000c0000511                irq3
                0x00000000c000051b                irq4
                0x00000000c0000525                irq5
                0x00000000c000052f                irq6
                0x00000000c0000539                irq7
                0x00000000c0000543                irq8
                0x00000000c000054d                irq9
                0x00000000c0000557                irq10
                0x00000000c0000561                irq11
                0x00000000c000056b                irq12
                0x00000000c0000575                irq13
                0x00000000c000057f                irq14
                0x00000000c0000589                irq15
                0x00000000c0000593                irq16
                0x00000000c000059d                irq17
                0x00000000c00005a7                irq18
                0x00000000c00005b1                irq19
                0x00000000c00005bb                irq20
                0x00000000c00005c5                irq21
                0x00000000c00005cf                irq22
                0x00000000c00005d9                irq23
                0x00000000c00005e3                int_common_stub
                0x00000000c0000613                syscall_common_stub
 .text          0x00000000c000064d      0x40f acpica/utclib.32
                0x00000000c000064d                memcmp
                0x00000000c0000678                memmove
                0x00000000c00006b0                memcpy
                0x00000000c00006e6                memset
                0x00000000c0000703                strlen
                0x00000000c0000713                strpbrk
                0x00000000c0000736                strtok
                0x00000000c0000785                strcpy
                0x00000000c00007a5                strncpy
                0x00000000c00007d6                strcmp
                0x00000000c00007f7                strchr
                0x00000000c000080d                strncmp
                0x00000000c000083c                strcat
                0x00000000c0000863                strncat
                0x00000000c000089d                strstr
                0x00000000c00008da                toupper
                0x00000000c00008ee                tolower
                0x00000000c0000902                simple_strtoul
 .text          0x00000000c0000a5c      0xfbf core/malloc.32
                0x00000000c0000bc7                dlfree
                0x00000000c0000f22                dlmalloc
                0x00000000c000145f                dlrealloc
                0x00000000c0001614                dlmemalign
                0x00000000c0001737                dlcalloc
                0x00000000c00017d1                dlcfree
                0x00000000c00017d6                dlindependent_calloc
                0x00000000c00017fb                dlindependent_comalloc
                0x00000000c0001812                dlvalloc
                0x00000000c000183d                dlpvalloc
                0x00000000c0001873                dlmalloc_trim
                0x00000000c0001880                dlmalloc_usable_size
                0x00000000c00018b1                dlmallinfo
                0x00000000c0001980                dlmalloc_stats
                0x00000000c0001991                dlmallopt
 .text          0x00000000c0001a1b        0x0 libk/string.32
 .text          0x00000000c0001a1b       0x51 fs/fat/diskio.32
                0x00000000c0001a1b                disk_status
                0x00000000c0001a1e                disk_initialize
                0x00000000c0001a21                disk_read
                0x00000000c0001a37                disk_write
                0x00000000c0001a4d                disk_ioctl
 .text          0x00000000c0001a6c     0x6833 fs/fat/ff.32
                0x00000000c0004d3a                f_mount
                0x00000000c0004d9c                f_open
                0x00000000c00051d8                f_read
                0x00000000c0005458                f_write
                0x00000000c0005712                f_sync
                0x00000000c00058ee                f_close
                0x00000000c000591d                f_lseek
                0x00000000c0005dd4                f_opendir
                0x00000000c0005ed6                f_closedir
                0x00000000c0005ef8                f_readdir
                0x00000000c0005f93                f_stat
                0x00000000c0006022                f_getfree
                0x00000000c00061ed                f_truncate
                0x00000000c00062e5                f_unlink
                0x00000000c0006468                f_mkdir
                0x00000000c0006694                f_rename
                0x00000000c0006987                f_chmod
                0x00000000c0006a65                f_utime
                0x00000000c0006b43                f_getlabel
                0x00000000c0006d31                f_setlabel
                0x00000000c0006f9e                f_forward
                0x00000000c000717c                f_mkfs
 .text          0x00000000c000829f       0x2d fs/fat/ffsystem.32
                0x00000000c000829f                ff_memalloc
                0x00000000c00082b5                ff_memfree
 .text          0x00000000c00082cc      0x253 fs/fat/ffunicode.32
                0x00000000c00082cc                ff_uni2oem
                0x00000000c000835c                ff_oem2uni
                0x00000000c00083c8                ff_wtoupper
 .text          0x00000000c000851f      0x8a1 hal/libresample/samplerate.32
                0x00000000c00085c6                src_delete
                0x00000000c0008602                src_process
                0x00000000c0008776                src_callback_read
                0x00000000c00088d1                src_set_ratio
                0x00000000c000891a                src_get_channels
                0x00000000c000893c                src_reset
                0x00000000c0008988                src_new
                0x00000000c0008a16                src_callback_new
                0x00000000c0008a78                src_get_name
                0x00000000c0008aaf                src_get_description
                0x00000000c0008ae6                src_get_version
                0x00000000c0008aec                src_is_valid_ratio
                0x00000000c0008b08                src_error
                0x00000000c0008b16                src_strerror
                0x00000000c0008b29                src_simple
                0x00000000c0008b7c                src_short_to_float_array
                0x00000000c0008be1                src_float_to_short_array
                0x00000000c0008ca0                src_int_to_float_array
                0x00000000c0008d03                src_float_to_int_array
 .text          0x00000000c0008dc0      0x8f0 hal/libresample/src_linear.32
                0x00000000c000960b                linear_get_name
                0x00000000c000961a                linear_get_description
                0x00000000c0009629                linear_set_converter
 .text          0x00000000c00096b0     0x40fd hal/libresample/src_sinc.32
                0x00000000c000d6c4                sinc_get_name
                0x00000000c000d6d7                sinc_get_description
                0x00000000c000d6ea                sinc_set_converter
 .text          0x00000000c000d7ad      0x7a6 hal/libresample/src_zoh.32
                0x00000000c000deae                zoh_get_name
                0x00000000c000debd                zoh_get_description
                0x00000000c000decc                zoh_set_converter
 .text          0x00000000c000df53      0x360 hal/softfpu/ieeecvt.32
                0x00000000c000df53                truncate_fname
                0x00000000c000e1d9                extend_fname
 .text          0x00000000c000e2b3     0x1496 hal/softfpu/ieeelib.32
                0x00000000c000e2b3                __addsf3
                0x00000000c000e916                __subsf3
                0x00000000c000e936                __negsf2
                0x00000000c000e956                __mulsf3
                0x00000000c000ecde                __floatsisf
                0x00000000c000ee23                __floatunsisf
                0x00000000c000eece                __fixsfsi
                0x00000000c000ef8a                __fixunssfsi
                0x00000000c000f090                __divsf3
                0x00000000c000f46b                __cmpsf2
                0x00000000c000f5d5                __eqsf2
                0x00000000c000f613                __nesf2
                0x00000000c000f651                __gtsf2
                0x00000000c000f68f                __gesf2
                0x00000000c000f6cd                __ltsf2
                0x00000000c000f70b                __lesf2
 *fill*         0x00000000c000f749        0x1 
 .text          0x00000000c000f74a      0x9e1 core/computer.32
                0x00000000c000f74a                Computer::close(int, int, void*)
                0x00000000c000f78e                Computer::Computer()
                0x00000000c000f78e                Computer::Computer()
                0x00000000c000f8ea                Computer::setBootMessage(char const*)
                0x00000000c000f8ec                Computer::start()
                0x00000000c000f9c8                firstTask()
                0x00000000c000f9d6                Computer::detectFeatures()
                0x00000000c000fbb0                Computer::displayFeatures()
                0x00000000c000fef6                Computer::rdmsr(unsigned int)
                0x00000000c000ff22                Computer::wrmsr(unsigned int, unsigned long long)
                0x00000000c000ff5a                Computer::nmiEnabled()
                0x00000000c000ff66                Computer::readCMOS(unsigned char)
                0x00000000c000ff80                Computer::enableNMI(bool)
                0x00000000c000ff98                Computer::open(int, int, void*)
                0x00000000c001006e                Computer::disableNMI()
                0x00000000c001007c                Computer::writeCMOS(unsigned char, unsigned char)
                0x00000000c001009a                Computer::handleNMI()
                0x00000000c0010100                Computer::setDiskActivityLight(int, bool)
 *fill*         0x00000000c001012b        0x1 
 .text          0x00000000c001012c      0x1b7 core/gdt.32
                0x00000000c001012c                GDTEntry::setBase(unsigned int)
                0x00000000c0010148                GDTEntry::setLimit(unsigned int)
                0x00000000c0010166                GDT::GDT()
                0x00000000c0010166                GDT::GDT()
                0x00000000c001017c                GDT::addEntry(GDTEntry)
                0x00000000c00101b8                GDT::getNumberOfEntries()
                0x00000000c00101c0                GDT::flush()
                0x00000000c00101e2                GDT::setup()
 .text          0x00000000c00102e3       0x61 core/idle.32
                0x00000000c00102e3                idleFunction(void*)
 .text          0x00000000c0010344      0x45f core/idt.32
                0x00000000c0010344                IDTEntry::IDTEntry(bool)
                0x00000000c0010344                IDTEntry::IDTEntry(bool)
                0x00000000c00103b2                IDTEntry::setOffset(unsigned int)
                0x00000000c00103c6                IDT::IDT()
                0x00000000c00103c6                IDT::IDT()
                0x00000000c00103c8                IDT::getPointerToInvalidOpcodeEntryForF00F()
                0x00000000c00103d0                IDT::addEntry(IDTEntry, int)
                0x00000000c00103ea                IDT::addEntry(int, void (*)(), bool)
                0x00000000c0010422                IDT::flush()
                0x00000000c001043c                IDT::setup()
 .text          0x00000000c00107a3      0x20d core/kheap.32
                0x00000000c00107a3                sbrk
                0x00000000c00108bb                mmap
                0x00000000c00108d1                munmap
                0x00000000c00108e7                liballoc_lock()
                0x00000000c00108f8                liballoc_unlock()
                0x00000000c0010909                liballoc_alloc(int)
                0x00000000c0010924                liballoc_free(void*, int)
                0x00000000c0010942                realloc
                0x00000000c0010956                malloc
                0x00000000c0010966                free
                0x00000000c0010976                rfree
                0x00000000c0010986                calloc
 .text          0x00000000c00109b0      0x38d core/main.32
                0x00000000c00109b0                hwTextMode_loadInData(VgaText*)
                0x00000000c00109f5                hwTextMode_loadInTitle(VgaText*, char*)
                0x00000000c0010a37                hwTextMode_showCursor(VgaText*, bool)
                0x00000000c0010a8b                hwTextMode_update(VgaText*)
                0x00000000c0010a8c                hwTextMode_updateCursor(VgaText*)
                0x00000000c0010ad4                hwTextMode_disableBlink(VgaText*, bool)
                0x00000000c0010b10                hwTextMode_scrollScreen(VgaText*)
                0x00000000c0010b96                hwTextMode_writeCharacter(VgaText*, char, VgaColour, VgaColour, int, int)
                0x00000000c0010bf4                setupTextMode()
                0x00000000c0010c45                kernel_main
 .text          0x00000000c0010d3d      0x4f3 core/physmgr.32
                0x00000000c0010d3d                Phys::allocateDMA(unsigned long)
                0x00000000c0010de0                Phys::freeDMA(unsigned long, unsigned long)
                0x00000000c0010e28                Phys::setPageState(unsigned long, bool)
                0x00000000c0010e5a                Phys::getPageState(unsigned long)
                0x00000000c0010e76                Phys::freePage(unsigned long)
                0x00000000c0010f00                Phys::allocatePage()
                0x00000000c0010fc8                Phys::allowSegmentToBeUsed(unsigned long, unsigned long)
                0x00000000c0011000                Phys::physicalMemorySetup(unsigned int)
 .text          0x00000000c0011230      0x273 core/pipe.32
                0x00000000c0011230                Pipe::isAtty()
                0x00000000c0011234                Pipe::~Pipe()
                0x00000000c0011234                Pipe::~Pipe()
                0x00000000c0011258                Pipe::~Pipe()
                0x00000000c0011280                Pipe::read(unsigned long long, void*, int*)
                0x00000000c0011374                Pipe::write(unsigned long long, void*, int*)
                0x00000000c001143c                Pipe::Pipe(int)
                0x00000000c001143c                Pipe::Pipe(int)
 *fill*         0x00000000c00114a3        0x1 
 .text          0x00000000c00114a4      0xf65 core/terminal.32
                0x00000000c00114a4                VgaText::isAtty()
                0x00000000c00114a8                VgaText::~VgaText()
                0x00000000c00114a8                VgaText::~VgaText()
                0x00000000c00114cc                VgaText::~VgaText()
                0x00000000c00114f6                VgaText::read(unsigned long long, void*, int*)
                0x00000000c0011516                setTerminalScrollLock(bool)
                0x00000000c0011517                addToTerminalCycle(VgaText*)
                0x00000000c0011544                installVgaTextImplementation()
                0x00000000c0011559                scrollTerminalScrollLock(int)
                0x00000000c001155a                VgaText::load()
                0x00000000c00115ae                VgaText::updateCursor()
                0x00000000c00115c8                VgaText::showCursor(bool)
                0x00000000c00115d8                VgaText::disableBlink(bool)
                0x00000000c0011612                VgaText::doANSI_SGR(int)
                0x00000000c001169e                VgaText::setDefaultBgColour(VgaColour)
                0x00000000c00116b4                VgaText::setDefaultFgColour(VgaColour)
                0x00000000c00116ca                VgaText::setDefaultColours(VgaColour, VgaColour)
                0x00000000c00116ea                VgaText::combineColours(unsigned char, unsigned char)
                0x00000000c00116fc                VgaText::scrollScreen()
                0x00000000c0011790                VgaText::combineCharAndColour(char, unsigned char)
                0x00000000c00117a2                VgaText::writeCharacter(char, VgaColour, VgaColour, int, int)
                0x00000000c0011802                VgaText::getCursorX()
                0x00000000c001180e                VgaText::getCursorY()
                0x00000000c001181a                VgaText::setCursor(int, int)
                0x00000000c0011838                VgaText::setCursorX(int)
                0x00000000c0011854                VgaText::setCursorY(int)
                0x00000000c0011870                VgaText::incrementCursor(bool)
                0x00000000c00118d8                VgaText::updateRAMUsageDisplay(int)
                0x00000000c0011932                VgaText::updateDiskUsage()
                0x00000000c0011a98                VgaText::updateTitle()
                0x00000000c0011ade                VgaText::setTitleTextColour(VgaColour)
                0x00000000c0011aee                VgaText::setTitleColour(VgaColour)
                0x00000000c0011afe                VgaText::setTitle(char*)
                0x00000000c0011b24                VgaText::decrementCursor(bool)
                0x00000000c0011b4c                VgaText::putchar(char, VgaColour, VgaColour)
                0x00000000c0011c48                VgaText::isShowingCursor()
                0x00000000c0011c54                VgaText::isBlinkDisabled()
                0x00000000c0011c62                VgaText::setCursorHeight(int)
                0x00000000c0011c80                VgaText::getCursorHeight()
                0x00000000c0011c8b                setActiveTerminal(VgaText*)
                0x00000000c0011d3d                doTerminalCycle()
                0x00000000c0011d5a                VgaText::doUpdate()
                0x00000000c0011d6c                VgaText::puts(char const*, VgaColour, VgaColour)
                0x00000000c0011f2c                VgaText::clearScreen()
                0x00000000c0011f90                VgaText::putchar(char)
                0x00000000c00120aa                VgaText::puts(char const*)
                0x00000000c00120d0                VgaText::putx(unsigned int)
                0x00000000c0012116                VgaText::VgaText(char const*)
                0x00000000c0012116                VgaText::VgaText(char const*)
                0x00000000c00122a8                VgaText::receiveKey(unsigned char)
                0x00000000c0012390                VgaText::write(unsigned long long, void*, int*)
                0x00000000c00123e4                newTerminal(char*)
 *fill*         0x00000000c0012409        0x1 
 .text          0x00000000c001240a      0x18f core/tss.32
                0x00000000c001240a                TSS::TSS()
                0x00000000c001240a                TSS::TSS()
                0x00000000c0012418                TSS::setESP(unsigned long)
                0x00000000c001242a                TSS::flush()
                0x00000000c001244a                TSS::setup(unsigned long, unsigned long)
 *fill*         0x00000000c0012599        0x1 
 .text          0x00000000c001259a      0x482 core/unixfile.32
                0x00000000c001259a                ReservedFilename::read(unsigned long long, void*, int*)
                0x00000000c00125f0                ReservedFilename::isAtty()
                0x00000000c001260c                ReservedFilename::write(unsigned long long, void*, int*)
                0x00000000c001266a                UnixFile::getFileDescriptor()
                0x00000000c0012672                UnixFile::UnixFile(int)
                0x00000000c0012672                UnixFile::UnixFile(int)
                0x00000000c00127e2                ReservedFilename::ReservedFilename(int)
                0x00000000c00127e2                ReservedFilename::ReservedFilename(int)
                0x00000000c0012814                UnixFile::~UnixFile()
                0x00000000c0012814                UnixFile::~UnixFile()
                0x00000000c00128ac                UnixFile::~UnixFile()
                0x00000000c00128d4                ReservedFilename::~ReservedFilename()
                0x00000000c00128d4                ReservedFilename::~ReservedFilename()
                0x00000000c00128f8                ReservedFilename::~ReservedFilename()
                0x00000000c001291f                getFromFileDescriptor(int)
 .text          0x00000000c0012a1c      0xec7 core/virtmgr.32
                0x00000000c0012a1c                Virt::setPageState(unsigned long, Virt::VirtPageState)
                0x00000000c0012a51                Virt::getPageState(unsigned long)
                0x00000000c0012a75                Virt::allocateKernelVirtualPages(int)
                0x00000000c0012b86                Virt::virtualMemorySetup()
                0x00000000c0012c05                Virt::getAKernelVAS()
                0x00000000c0012c0b                Virt::setupPageSwapping(int)
                0x00000000c0012d30                VAS::VAS()
                0x00000000c0012d30                VAS::VAS()
                0x00000000c0012d60                VAS::VAS(VAS*)
                0x00000000c0012d60                VAS::VAS(VAS*)
                0x00000000c0012d84                VAS::getForeignPageTableEntry(bool, unsigned long)
                0x00000000c0012db0                VAS::getPageTableEntry(unsigned long)
                0x00000000c0012dcf                Virt::freeKernelVirtualPages(unsigned long)
                0x00000000c0012ef2                VAS::freeAllocatedPages(unsigned long)
                0x00000000c0012f16                VAS::virtualToPhysical(unsigned long)
                0x00000000c0012f2e                VAS::reflagRange(unsigned long, int, int, int)
                0x00000000c0012f6e                VAS::setToWriteCombining(unsigned long, int)
                0x00000000c0012fa6                VAS::mapOtherVASIn(bool, VAS*)
                0x00000000c0012fdc                VAS::~VAS()
                0x00000000c0012fdc                VAS::~VAS()
                0x00000000c0013148                VAS::mapPage(unsigned long, unsigned long, int)
                0x00000000c0013248                VAS::allocatePages(int, int)
                0x00000000c0013418                VAS::setCPUSpecific(unsigned long)
                0x00000000c0013434                VAS::mapRange(unsigned long, unsigned long, int, int)
                0x00000000c00134fe                VAS::mapForeignPage(bool, VAS*, unsigned long, unsigned long, int)
                0x00000000c00135ec                VAS::VAS(bool)
                0x00000000c00135ec                VAS::VAS(bool)
                0x00000000c001381c                mapVASFirstTime
 .text          0x00000000c00138e3       0x93 coreobjs/c++.32
                0x00000000c00138e3                __cxa_atexit
                0x00000000c00138e6                __cxa_finalize
                0x00000000c00138e7                __stack_chk_fail
                0x00000000c0013947                __cxa_pure_virtual
                0x00000000c0013958                operator new(unsigned long)
                0x00000000c001395d                operator new[](unsigned long)
                0x00000000c0013962                operator delete(void*)
                0x00000000c0013967                operator delete(void*, unsigned long)
                0x00000000c001396c                operator delete[](void*)
                0x00000000c0013971                operator delete[](void*, unsigned long)
 .text          0x00000000c0013976      0x1ef dbg/kconsole.32
                0x00000000c0013976                Dbg::stringifyxWithBase(unsigned int, char*, int)
                0x00000000c00139d7                Dbg::logc(char)
                0x00000000c00139ee                Dbg::logs(char*)
                0x00000000c0013a0b                Dbg::logWriteInt(unsigned int)
                0x00000000c0013a28                Dbg::logWriteIntBase(unsigned int, int)
                0x00000000c0013a47                Dbg::kprintf(char const*, ...)
 *fill*         0x00000000c0013b65        0x1 
 .text          0x00000000c0013b66      0xb68 fs/vfs.32
                0x00000000c0013b66                File::read(unsigned long long, void*, int*)
                0x00000000c0013bbe                File::write(unsigned long long, void*, int*)
                0x00000000c0013c16                Directory::read(unsigned long long, void*, int*)
                0x00000000c0013c6e                Directory::write(unsigned long long, void*, int*)
                0x00000000c0013c9c                File::isAtty()
                0x00000000c0013ca0                Directory::isAtty()
                0x00000000c0013ca4                Filesystem::getlabel(LogicalDisk*, int, char*, unsigned int*)
                0x00000000c0013caa                Filesystem::setlabel(LogicalDisk*, int, char*)
                0x00000000c0013cb0                File::~File()
                0x00000000c0013cb0                File::~File()
                0x00000000c0013cd4                File::~File()
                0x00000000c0013cfe                Directory::~Directory()
                0x00000000c0013cfe                Directory::~Directory()
                0x00000000c0013d22                Directory::~Directory()
                0x00000000c0013d4c                Filesystem::Filesystem()
                0x00000000c0013d4c                Filesystem::Filesystem()
                0x00000000c0013d70                Filesystem::~Filesystem()
                0x00000000c0013d70                Filesystem::~Filesystem()
                0x00000000c0013d7e                Filesystem::~Filesystem()
                0x00000000c0013da2                initVFS()
                0x00000000c0013dcc                standardiseFiles(char*, char const*, char const*)
                0x00000000c0013f76                File::File(char const*, Process*)
                0x00000000c0013f76                File::File(char const*, Process*)
                0x00000000c0013fda                File::open(FileOpenMode)
                0x00000000c0014038                File::close()
                0x00000000c0014098                File::seek(unsigned long long)
                0x00000000c00140ee                File::tell(unsigned long long*)
                0x00000000c001413e                File::rewind()
                0x00000000c0014152                File::unlink()
                0x00000000c001419e                File::rename(char const*)
                0x00000000c00141ec                File::chfatattr(unsigned char, unsigned char)
                0x00000000c0014248                File::exists()
                0x00000000c0014286                File::stat(unsigned long long*, bool*)
                0x00000000c00142e7                getcwd(Process*, char*, int)
                0x00000000c0014311                setcwd(Process*, char*)
                0x00000000c0014438                Directory::Directory(char const*, Process*)
                0x00000000c0014438                Directory::Directory(char const*, Process*)
                0x00000000c001449c                Directory::open()
                0x00000000c00144f8                Directory::close()
                0x00000000c0014558                Directory::unlink()
                0x00000000c00145a4                Directory::rename(char const*)
                0x00000000c00145f2                Directory::exists()
                0x00000000c0014630                Directory::read(dirent*)
                0x00000000c001467c                Directory::create()
                0x00000000c00146c8                Filesystem::chfatattr(char const*, unsigned char, unsigned char)
 .text          0x00000000c00146ce       0x84 hal/bus.32
                0x00000000c00146ce                Bus::Bus(char const*)
                0x00000000c00146ce                Bus::Bus(char const*)
                0x00000000c0014704                Bus::~Bus()
                0x00000000c0014704                Bus::~Bus()
                0x00000000c0014728                Bus::~Bus()
 .text          0x00000000c0014752      0x14e hal/buzzer.32
                0x00000000c0014752                Buzzer::Buzzer(char const*)
                0x00000000c0014752                Buzzer::Buzzer(char const*)
                0x00000000c0014796                Buzzer::~Buzzer()
                0x00000000c0014796                Buzzer::~Buzzer()
                0x00000000c00147ba                Buzzer::~Buzzer()
                0x00000000c00147e4                Buzzer::stop()
                0x00000000c00147f7                beepThread(void*)
                0x00000000c0014832                Buzzer::beep(int, int, bool)
 .text          0x00000000c00148a0      0x42f hal/clock.32
                0x00000000c00148a0                loadClockSettings()
                0x00000000c00148ba                Clock::Clock(char const*)
                0x00000000c00148ba                Clock::Clock(char const*)
                0x00000000c00148f0                Clock::~Clock()
                0x00000000c00148f0                Clock::~Clock()
                0x00000000c0014914                Clock::~Clock()
                0x00000000c001493e                Clock::timeInSecondsLocal()
                0x00000000c0014986                Clock::setTimeInSecondsLocal(unsigned long long)
                0x00000000c00149df                datetimeToSeconds(datetime_t)
                0x00000000c0014b06                Clock::setTimeInDatetimeLocal(datetime_t)
                0x00000000c0014b66                secondsToDatetime(unsigned long long)
                0x00000000c0014caa                Clock::timeInDatetimeLocal()
 *fill*         0x00000000c0014ccf        0x1 
 .text          0x00000000c0014cd0      0x504 hal/device.32
                0x00000000c0014cd0                Device::hibernate()
                0x00000000c0014cd2                Device::wake()
                0x00000000c0014cd4                Device::detect()
                0x00000000c0014cd6                Device::disableLegacy()
                0x00000000c0014cd8                Device::powerSaving(PowerSavingLevel)
                0x00000000c0014cda                DriverlessDevice::close(int, int, void*)
                0x00000000c0014cde                DriverlessDevice::detect()
                0x00000000c0014ce0                DriverlessDevice::open(int, int, void*)
                0x00000000c0014cf4                Device::~Device()
                0x00000000c0014cf4                Device::~Device()
                0x00000000c0014d02                Device::~Device()
                0x00000000c0014d2a                Device::findAndLoadDriver()
                0x00000000c0014d2c                Device::preOpenPCI(PCIDeviceInfo)
                0x00000000c0014d52                Device::preOpenACPI(void*, char*, char*)
                0x00000000c0014da6                Device::addIRQHandler(int, void (*)(regs*, void*), bool, void*)
                0x00000000c0014e04                Device::removeIRQHandler(int, void (*)(regs*, void*), bool)
                0x00000000c0014e52                Device::addChild(Device*)
                0x00000000c0014e96                Device::removeAllChildren()
                0x00000000c0014edc                Device::hibernateAll()
                0x00000000c0014f0c                Device::wakeAll()
                0x00000000c0014f3c                Device::detectAll()
                0x00000000c0014f6c                Device::disableLegacyAll()
                0x00000000c0014f9c                Device::loadDriversForAll()
                0x00000000c0014fc8                Device::closeAll()
                0x00000000c0014ffe                Device::powerSavingAll(PowerSavingLevel)
                0x00000000c0015034                Device::setName(char const*)
                0x00000000c0015042                Device::Device(char const*)
                0x00000000c0015042                Device::Device(char const*)
                0x00000000c0015134                Device::getName()
                0x00000000c001513e                DriverlessDevice::DriverlessDevice(char const*)
                0x00000000c001513e                DriverlessDevice::DriverlessDevice(char const*)
                0x00000000c0015166                Device::addToLinkedList(LinkedList<Device>&, DeviceType)
                0x00000000c00151aa                getDevicesOfType(DeviceType)
 .text          0x00000000c00151d4       0x84 hal/diskctrl.32
                0x00000000c00151d4                HardDiskController::HardDiskController(char const*)
                0x00000000c00151d4                HardDiskController::HardDiskController(char const*)
                0x00000000c001520a                HardDiskController::~HardDiskController()
                0x00000000c001520a                HardDiskController::~HardDiskController()
                0x00000000c001522e                HardDiskController::~HardDiskController()
 .text          0x00000000c0015258       0xde hal/diskphys.32
                0x00000000c0015258                PhysicalDisk::PhysicalDisk(char const*, int)
                0x00000000c0015258                PhysicalDisk::PhysicalDisk(char const*, int)
                0x00000000c00152c0                PhysicalDisk::startCache()
                0x00000000c00152e8                PhysicalDisk::~PhysicalDisk()
                0x00000000c00152e8                PhysicalDisk::~PhysicalDisk()
                0x00000000c001530c                PhysicalDisk::~PhysicalDisk()
 .text          0x00000000c0015336      0x142 hal/fpu.32
                0x00000000c0015336                FPU::FPU(char const*)
                0x00000000c0015336                FPU::FPU(char const*)
                0x00000000c001536c                FPU::~FPU()
                0x00000000c001536c                FPU::~FPU()
                0x00000000c0015390                FPU::~FPU()
                0x00000000c00153ba                setupFPU()
 .text          0x00000000c0015478     0x12db hal/intctrl.32
                0x00000000c0015478                InterruptController::uninstallISRHandler(int, void (*)(regs*, void*))
                0x00000000c00154b0                InterruptController::installISRHandler(int, void (*)(regs*, void*), void*)
                0x00000000c0015502                doubleFault(regs*, void*)
                0x00000000c001551c                InterruptController::installIRQHandler(int, void (*)(regs*, void*), bool, void*)
                0x00000000c00155b8                InterruptController::clearAllHandlers(int, bool)
                0x00000000c0015660                InterruptController::uninstallIRQHandler(int, void (*)(regs*, void*), bool)
                0x00000000c00156e7                nmiHandler(regs*, void*)
                0x00000000c00156f5                int_handler
                0x00000000c0015790                InterruptController::InterruptController(char const*)
                0x00000000c0015790                InterruptController::InterruptController(char const*)
                0x00000000c0015836                InterruptController::~InterruptController()
                0x00000000c0015836                InterruptController::~InterruptController()
                0x00000000c001585a                InterruptController::~InterruptController()
                0x00000000c0015884                displayDebugInfo(regs*)
                0x00000000c0015c9b                x87EmulHandler(regs*, void*)
                0x00000000c0015cfe                gpFault(regs*, void*)
                0x00000000c0015d37                pgFault(regs*, void*)
                0x00000000c0015d4e                otherISRHandler(regs*, void*)
                0x00000000c0015d6d                opcodeFault(regs*, void*)
                0x00000000c0016326                displayProgramFault(char const*)
                0x00000000c001634e                setupInterruptController()
                0x00000000c0016706                InterruptController::convertLegacyIRQNumber(int)
 *fill*         0x00000000c0016753        0x1 
 .text          0x00000000c0016754      0x620 hal/keybrd.32
                0x00000000c0016754                startGUI(void*)
                0x00000000c00167c6                sendKeyToTerminal(unsigned char)
                0x00000000c0016832                sendKeyboardToken(KeyboardToken)
                0x00000000c0016c0d                clearInternalKeybuffer(VgaText*)
                0x00000000c0016c42                readKeyboard(VgaText*, char*, unsigned long)
                0x00000000c0016cea                Keyboard::Keyboard(char const*)
                0x00000000c0016cea                Keyboard::Keyboard(char const*)
                0x00000000c0016d26                Keyboard::~Keyboard()
                0x00000000c0016d26                Keyboard::~Keyboard()
                0x00000000c0016d4a                Keyboard::~Keyboard()
 .text          0x00000000c0016d74      0x400 hal/logidisk.32
                0x00000000c0016d74                LogicalDisk::close(int, int, void*)
                0x00000000c0016d78                LogicalDisk::~LogicalDisk()
                0x00000000c0016d78                LogicalDisk::~LogicalDisk()
                0x00000000c0016d9c                LogicalDisk::~LogicalDisk()
                0x00000000c0016dc6                LogicalDisk::open(int, int, void*)
                0x00000000c0016dda                LogicalDisk::absoluteToRelative(unsigned long long)
                0x00000000c0016e12                LogicalDisk::relativeToAbsolute(unsigned long long)
                0x00000000c0016e58                LogicalDisk::LogicalDisk(char const*, PhysicalDisk*, unsigned long long, unsigned long long)
                0x00000000c0016e58                LogicalDisk::LogicalDisk(char const*, PhysicalDisk*, unsigned long long, unsigned long long)
                0x00000000c0016f0e                LogicalDisk::assignDriveLetter()
                0x00000000c0016fc4                LogicalDisk::mount()
                0x00000000c0017036                LogicalDisk::unmount()
                0x00000000c0017046                LogicalDisk::unassignDriveLetter()
                0x00000000c001709c                LogicalDisk::read(unsigned long long, int, void*)
                0x00000000c0017108                LogicalDisk::write(unsigned long long, int, void*)
 .text          0x00000000c0017174       0x84 hal/mouse.32
                0x00000000c0017174                Mouse::Mouse(char const*)
                0x00000000c0017174                Mouse::Mouse(char const*)
                0x00000000c00171aa                Mouse::~Mouse()
                0x00000000c00171aa                Mouse::~Mouse()
                0x00000000c00171ce                Mouse::~Mouse()
 .text          0x00000000c00171f8      0x339 hal/partition.32
                0x00000000c00171f8                makePartition(PhysicalDisk*, unsigned long long, unsigned long long)
                0x00000000c00172a0                createPartitionsForDisk(PhysicalDisk*)
 *fill*         0x00000000c0017531        0x1 
 .text          0x00000000c0017532      0x2e7 hal/timer.32
                0x00000000c0017532                Timer::Timer(char const*)
                0x00000000c0017532                Timer::Timer(char const*)
                0x00000000c0017568                Timer::~Timer()
                0x00000000c0017568                Timer::~Timer()
                0x00000000c001758c                Timer::~Timer()
                0x00000000c00175b6                Timer::read()
                0x00000000c00175c1                timerHandler(unsigned long long)
                0x00000000c00176f8                setupTimer(int)
 *fill*         0x00000000c0017819        0x1 
 .text          0x00000000c001781a      0x2d1 hal/vcache.32
                0x00000000c001781a                VCache::VCache(PhysicalDisk*)
                0x00000000c001781a                VCache::VCache(PhysicalDisk*)
                0x00000000c001790a                VCache::writeWriteBuffer()
                0x00000000c0017946                VCache::~VCache()
                0x00000000c0017946                VCache::~VCache()
                0x00000000c0017986                VCache::~VCache()
                0x00000000c00179ae                VCache::write(unsigned long long, int, void*)
                0x00000000c0017a92                VCache::read(unsigned long long, int, void*)
 *fill*         0x00000000c0017aeb        0x1 
 .text          0x00000000c0017aec      0x26d hal/video.32
                0x00000000c0017aec                Video::putrect(int, int, int, int, unsigned int)
                0x00000000c0017b36                Video::blit(unsigned int*, int, int, int, int)
                0x00000000c0017bb4                Video::clearScreen(unsigned int)
                0x00000000c0017be8                Video::putpixel(int, int, unsigned int)
                0x00000000c0017bf6                Video::Video(char const*)
                0x00000000c0017bf6                Video::Video(char const*)
                0x00000000c0017c2c                Video::~Video()
                0x00000000c0017c2c                Video::~Video()
                0x00000000c0017c50                Video::~Video()
                0x00000000c0017c7a                Video::isMonochrome()
                0x00000000c0017c86                Video::getWidth()
                0x00000000c0017c92                Video::getHeight()
                0x00000000c0017c9e                Video::drawCursor(int, int, unsigned char*, int)
 *fill*         0x00000000c0017d59        0x1 
 .text          0x00000000c0017d5a      0xd04 hw/acpi.32
                0x00000000c0017d5a                ACPI::close(int, int, void*)
                0x00000000c0017e0f                findRSDP()
                0x00000000c0017e99                loadACPITables(unsigned char*)
                0x00000000c00180c0                findRSDT(unsigned char*)
                0x00000000c00181de                findDataTable(unsigned char*, char*)
                0x00000000c001827a                scanMADT()
                0x00000000c001860e                ACPI::ACPI()
                0x00000000c001860e                ACPI::ACPI()
                0x00000000c001866e                ACPI::getPCIIRQAssignment(unsigned char, unsigned short, unsigned char)
                0x00000000c0018750                ACPI::registerPCIIRQAssignment(void*, unsigned short, unsigned char, unsigned char)
                0x00000000c0018856                ACPI::setScreenBrightnessLevel(void*, int)
                0x00000000c001885c                ACPI::writeSimpleBootFlag(SimpleBootFlagTable*)
                0x00000000c00188a4                ACPI::open(int, int, void*)
                0x00000000c0018a46                ACPI::sleep()
 .text          0x00000000c0018a5e     0x17a6 hw/cpu.32
                0x00000000c0018a5e                CPU::close(int, int, void*)
                0x00000000c0018a61                lookupAMDCPUName(unsigned char, unsigned char)
                0x00000000c0018bf5                lookupIntelCPUName(unsigned char, unsigned char)
                0x00000000c0018ea3                AMD_K6_write_msr(unsigned int, unsigned int, unsigned int, REGS*)
                0x00000000c0018ebf                AMD_K6_read_msr(unsigned int, REGS*)
                0x00000000c0018ed7                AMD_K6_writeback(int, int, int)
                0x00000000c0018f4a                cpuid(int, unsigned long*, unsigned long*, unsigned long*, unsigned long*)
                0x00000000c0018fcd                cpuidCheckEDX(unsigned int)
                0x00000000c0018ffa                cpuidCheckECX(unsigned int)
                0x00000000c0019027                cpuidCheckExtendedEBX(unsigned int)
                0x00000000c0019054                cpuidCheckExtendedECX(unsigned int)
                0x00000000c0019081                getCPUNumber()
                0x00000000c0019084                thisCPU()
                0x00000000c0019098                CPU::CPU()
                0x00000000c0019098                CPU::CPU()
                0x00000000c0019126                CPU::displayFeatures()
                0x00000000c00193a2                CPU::detectFeatures()
                0x00000000c0019d94                CPU::setupSMEP()
                0x00000000c0019dae                CPU::setupUMIP()
                0x00000000c0019dc6                CPU::setupTSC()
                0x00000000c0019dde                CPU::setupLargePages()
                0x00000000c0019df6                CPU::setupPAT()
                0x00000000c0019e32                CPU::setupMTRR()
                0x00000000c0019e34                CPU::setupGlobalPages()
                0x00000000c0019e4a                CPU::allowUsermodeDataAccess()
                0x00000000c0019e5c                CPU::prohibitUsermodeDataAccess()
                0x00000000c0019e6e                CPU::setupSMAP()
                0x00000000c0019e94                CPU::setupFeatures()
                0x00000000c0019f36                CPU::open(int, int, void*)
                0x00000000c001a00c                CPU::decodeAddress(regs*, int*, bool*, unsigned char*)
 .text          0x00000000c001a204        0x0 hw/ports.32
 .text          0x00000000c001a204      0x338 krnl/panic.32
                0x00000000c001a204                Krnl::panic(char const*)
 .text          0x00000000c001a53c      0x503 reg/registry.32
                0x00000000c001a53c                Reg::findLineFromLoadedData(char*, char*, char*)
                0x00000000c001a694                Reg::getLineFromRegistry(char*, char*, char*, char*)
                0x00000000c001a7f3                Reg::getLine(char*, char*, char*)
                0x00000000c001a82a                Reg::readInt(char*, char*, int*)
                0x00000000c001a915                Reg::readString(char*, char*, char*, int)
                0x00000000c001a996                Reg::readBool(char*, char*, bool*)
                0x00000000c001a9bb                Reg::readBoolWithDefault(char*, char*, bool)
                0x00000000c001a9e7                Reg::readIntWithDefault(char*, char*, int)
                0x00000000c001aa13                Reg::readStringWithDefault(char*, char*, char*, int, char*)
 .text          0x00000000c001aa3f       0x18 sys/sc_exit.32
                0x00000000c001aa3f                Sys::exit(regs*)
 .text          0x00000000c001aa57       0x95 sys/sc_loaddll.32
                0x00000000c001aa57                Sys::loadDLL(regs*)
 .text          0x00000000c001aaec       0x68 sys/sc_read.32
                0x00000000c001aaec                Sys::read(regs*)
 .text          0x00000000c001ab54       0x55 sys/sc_sbrk.32
                0x00000000c001ab54                Sys::sbrk(regs*)
 .text          0x00000000c001aba9       0x68 sys/sc_write.32
                0x00000000c001aba9                Sys::write(regs*)
 .text          0x00000000c001ac11       0x1a sys/sc_yield.32
                0x00000000c001ac11                Sys::yield(regs*)
 .text          0x00000000c001ac2b      0xf85 sys/syscalls.32
                0x00000000c001ac2b                sysCallGetPID(regs*)
                0x00000000c001ac37                sysCallSeekDir(regs*)
                0x00000000c001ac3c                sysCallTellDir(regs*)
                0x00000000c001ac41                sysCallVerify(regs*)
                0x00000000c001ac4b                sysCallFork(regs*)
                0x00000000c001ac56                sysCallExecve(regs*)
                0x00000000c001ac61                sysCallGetArgc(regs*)
                0x00000000c001ac71                sysFormatDisk(regs*)
                0x00000000c001acdb                sysSetDiskVolumeLabel(regs*)
                0x00000000c001ad21                sysGetDiskVolumeLabel(regs*)
                0x00000000c001ad72                sysShutdown(regs*)
                0x00000000c001add0                sysCallGetCwd(regs*)
                0x00000000c001adef                sysCallSetCwd(regs*)
                0x00000000c001ae0b                sysCallRealpath(regs*)
                0x00000000c001ae4e                sysCallReadDir(regs*)
                0x00000000c001aedc                sysCallIsATTY(regs*)
                0x00000000c001af36                sysCallSeek(regs*)
                0x00000000c001af9f                sysCallTell(regs*)
                0x00000000c001b01c                sysCallSizeFromFilename(regs*)
                0x00000000c001b0cd                sysCallSize(regs*)
                0x00000000c001b150                sysCallClose(regs*)
                0x00000000c001b1d8                sysCallOpenDir(regs*)
                0x00000000c001b245                sysCallMakeDir(regs*)
                0x00000000c001b29e                sysCallCloseDir(regs*)
                0x00000000c001b304                sysCallWait(regs*)
                0x00000000c001b31e                sysCallRmdir(regs*)
                0x00000000c001b370                sysCallUnlink(regs*)
                0x00000000c001b3c2                sysCallGetArgv(regs*)
                0x00000000c001b40e                sysCallTTYName(regs*)
                0x00000000c001b491                sysCallGetEnv(regs*)
                0x00000000c001b4e3                sysCallUSleep(regs*)
                0x00000000c001b50a                sysCallSpawn(regs*)
                0x00000000c001b562                sysAppSettings(regs*)
                0x00000000c001b681                sysSetFatAttrib(regs*)
                0x00000000c001b6e1                sysPanic(regs*)
                0x00000000c001b707                sysPipe(regs*)
                0x00000000c001b74c                sysGetUnixTime(regs*)
                0x00000000c001b760                string_ends_with(char const*, char const*)
                0x00000000c001b7a8                sysCallOpen(regs*)
                0x00000000c001b9b5                setupSystemCalls()
                0x00000000c001bb6e                systemCall(regs*, void*)
 .text          0x00000000c001bbb0     0x11c7 thr/elf.32
                0x00000000c001bbb0                Thr::allocateMemoryForTask(Process*, File*, unsigned long, unsigned long, unsigned long)
                0x00000000c001be2d                Thr::loadProgramIntoMemory(Process*, char const*)
                0x00000000c001c043                Thr::runtimeReferenceHelper()
                0x00000000c001c056                Thr::getAddressOfKernelSymbol(char const*)
                0x00000000c001c0a5                Thr::loadKernelSymbolTable(char const*)
                0x00000000c001c366                Thr::loadDriverIntoMemory(char const*, unsigned long, bool)
                0x00000000c001cb04                Thr::getDriverBaseFromAddress(unsigned long)
                0x00000000c001cb36                Thr::getDriverNameFromAddress(unsigned long)
                0x00000000c001cb6d                Thr::getDriverOffsetFromAddress(unsigned long)
                0x00000000c001cb87                Thr::loadDLL(char const*, bool)
                0x00000000c001cd4d                Thr::executeDLL(unsigned long, void*)
 *fill*         0x00000000c001cd77        0x1 
 .text          0x00000000c001cd78      0xfce thr/prcssthr.32
                0x00000000c001cd78                changeTSS
                0x00000000c001cda6                Process::addArgs(char**)
                0x00000000c001ce00                Process::Process(char const*, Process*, char**)
                0x00000000c001ce00                Process::Process(char const*, Process*, char**)
                0x00000000c001cfb8                Process::Process(bool, char const*, Process*, char**)
                0x00000000c001cfb8                Process::Process(bool, char const*, Process*, char**)
                0x00000000c001d13b                disableIRQs()
                0x00000000c001d143                getIRQNestingLevel()
                0x00000000c001d149                enableIRQs()
                0x00000000c001d158                lockScheduler()
                0x00000000c001d15a                unlockScheduler()
                0x00000000c001d15c                userModeEntryPoint(void*)
                0x00000000c001d17f                lockStuff()
                0x00000000c001d18b                taskStartupFunction
                0x00000000c001d194                updateTimeUsed()
                0x00000000c001d1f2                switchToThread(ThreadControlBlock*)
                0x00000000c001d242                Semaphore::Semaphore(int)
                0x00000000c001d242                Semaphore::Semaphore(int)
                0x00000000c001d270                Mutex::Mutex()
                0x00000000c001d270                Mutex::Mutex()
                0x00000000c001d282                Process::createThread(void (*)(void*), void*, int)
                0x00000000c001d366                Process::createUserThread()
                0x00000000c001d382                setupMultitasking(void (*)())
                0x00000000c001d48c                schedule()
                0x00000000c001d511                unlockStuff()
                0x00000000c001d546                Semaphore::tryAcquire()
                0x00000000c001d574                Semaphore::assertLocked(char const*)
                0x00000000c001d5a4                blockTaskWithSchedulerLockAlreadyHeld(TaskState)
                0x00000000c001d5e6                blockTask(TaskState)
                0x00000000c001d607                waitTask(int, int*, int)
                0x00000000c001d649                nanoSleepUntil(unsigned long long)
                0x00000000c001d6a0                nanoSleep(unsigned long long)
                0x00000000c001d6b5                sleep(unsigned long long)
                0x00000000c001d6d2                Semaphore::acquire()
                0x00000000c001d73a                taskReturned
                0x00000000c001d768                unblockTask(ThreadControlBlock*)
                0x00000000c001d817                cleanupTerminatedTask(ThreadControlBlock*)
                0x00000000c001dabb                cleanerTaskFunction(void*)
                0x00000000c001db6e                terminateTask(int)
                0x00000000c001dc4e                Thr::terminateFromIRQ(int)
                0x00000000c001dc5a                Semaphore::release()
 .text          0x00000000c001dd46      0x8bf vm86/vm8086.32
                0x00000000c001dd46                Vm::vm8086EntryPoint(void*)
                0x00000000c001dd71                Vm::inbv(unsigned short)
                0x00000000c001dd77                Vm::outbv(unsigned short, unsigned char)
                0x00000000c001dd81                Vm::realToLinear(unsigned short, unsigned short)
                0x00000000c001dd91                Vm::getSegment(unsigned int)
                0x00000000c001dd99                Vm::getOffset(unsigned int)
                0x00000000c001dd9e                Vm::loadFileAsThread(Process*, char const*, unsigned short, unsigned short, unsigned short, unsigned short)
                0x00000000c001decd                Vm::doISR(regs*, int, unsigned char*, unsigned short, unsigned short)
                0x00000000c001df57                Vm::readByteFromReal(unsigned short, unsigned short)
                0x00000000c001df68                Vm::readWordFromReal(unsigned short, unsigned short)
                0x00000000c001df7a                Vm::readDwordFromReal(unsigned short, unsigned short)
                0x00000000c001df8b                Vm::writeByteFromReal(unsigned short, unsigned short, unsigned char)
                0x00000000c001dfa0                Vm::writeWordFromReal(unsigned short, unsigned short, unsigned short)
                0x00000000c001dfb6                Vm::writeDwordFromReal(unsigned short, unsigned short, unsigned int)
                0x00000000c001dfcb                Vm::faultHandler(regs*)
 *fill*         0x00000000c001e605        0x1 
 .text          0x00000000c001e606     0x10ed fs/fat/vfslink.32
                0x00000000c001e606                FAT::getName()
                0x00000000c001e60c                FAT::tell(void*, unsigned long long*)
                0x00000000c001e640                FAT::stat(void*, unsigned long long*)
                0x00000000c001e674                FAT::~FAT()
                0x00000000c001e674                FAT::~FAT()
                0x00000000c001e698                FAT::~FAT()
                0x00000000c001e6c0                FAT::getlabel(LogicalDisk*, int, char*, unsigned int*)
                0x00000000c001e75e                FAT::setlabel(LogicalDisk*, int, char*)
                0x00000000c001e818                FAT::format(LogicalDisk*, int, char const*, int)
                0x00000000c001e9fc                FAT::tryMount(LogicalDisk*, int)
                0x00000000c001ec02                FAT::readDir(void*, unsigned long, void*, int*)
                0x00000000c001ed08                FAT::read(void*, unsigned long, void*, int*)
                0x00000000c001ed62                FAT::write(void*, unsigned long, void*, int*)
                0x00000000c001edbc                FAT::close(void*)
                0x00000000c001ee08                FAT::closeDir(void*)
                0x00000000c001ee54                FAT::seek(void*, unsigned long long)
                0x00000000c001eea8                fatWrapperReadDisk
                0x00000000c001eeef                fatWrapperWriteDisk
                0x00000000c001ef36                fatWrapperIoctl
                0x00000000c001f03a                FAT::FAT()
                0x00000000c001f03a                FAT::FAT()
                0x00000000c001f08c                FAT::fixFilepath(char*)
                0x00000000c001f0c4                FAT::open(char const*, void**, FileOpenMode)
                0x00000000c001f1ec                FAT::openDir(char const*, void**)
                0x00000000c001f292                FAT::stat(char const*, unsigned long long*, bool*)
                0x00000000c001f37c                FAT::unlink(char const*)
                0x00000000c001f3f6                FAT::chfatattr(char const*, unsigned char, unsigned char)
                0x00000000c001f54a                FAT::rename(char const*, char const*)
                0x00000000c001f60e                FAT::mkdir(char const*)
                0x00000000c001f688                FAT::exists(char const*)
 *fill*         0x00000000c001f6f3        0x1 
 .text          0x00000000c001f6f4      0xbdf fs/iso9660/vfslink.32
                0x00000000c001f6f4                ISO9660::format(LogicalDisk*, int, char const*, int)
                0x00000000c001f6fa                ISO9660::seek(void*, unsigned long long)
                0x00000000c001f72a                ISO9660::tell(void*, unsigned long long*)
                0x00000000c001f74e                ISO9660::getName()
                0x00000000c001f754                ISO9660::stat(void*, unsigned long long*)
                0x00000000c001f778                ISO9660::chfatattr(char const*, unsigned char, unsigned char)
                0x00000000c001f77e                ISO9660::unlink(char const*)
                0x00000000c001f784                ISO9660::write(void*, unsigned long, void*, int*)
                0x00000000c001f78a                ISO9660::rename(char const*, char const*)
                0x00000000c001f790                ISO9660::mkdir(char const*)
                0x00000000c001f796                ISO9660::close(void*)
                0x00000000c001f7b8                ISO9660::closeDir(void*)
                0x00000000c001f7da                ISO9660::~ISO9660()
                0x00000000c001f7da                ISO9660::~ISO9660()
                0x00000000c001f7fe                ISO9660::~ISO9660()
                0x00000000c001f825                __memmem(unsigned char*, int, unsigned char*, int)
                0x00000000c001f867                readSectorFromCDROM(unsigned int, unsigned char*, char)
                0x00000000c001f8ce                ISO9660::tryMount(LogicalDisk*, int)
                0x00000000c001f91e                ISO9660::read(void*, unsigned long, void*, int*)
                0x00000000c001fb62                ISO9660::readDir(void*, unsigned long, void*, int*)
                0x00000000c001fdef                readRoot(unsigned int*, unsigned int*, char)
                0x00000000c001fe44                readRecursively(char*, unsigned int, unsigned int, unsigned int*, unsigned int*, char, int*)
                0x00000000c0020017                getFileData(char*, unsigned int*, unsigned int*, char, int*)
                0x00000000c00200a6                ISO9660::open(char const*, void**, FileOpenMode)
                0x00000000c0020140                ISO9660::exists(char const*)
                0x00000000c0020164                ISO9660::stat(char const*, unsigned long long*, bool*)
                0x00000000c00201f8                ISO9660::openDir(char const*, void**)
                0x00000000c00202b0                ISO9660::ISO9660()
                0x00000000c00202b0                ISO9660::ISO9660()
 *fill*         0x00000000c00202d3        0x1 
 .text          0x00000000c00202d4      0x2ae hal/sound/sndchannel.32
                0x00000000c00202d4                SoundChannel::~SoundChannel()
                0x00000000c00202d4                SoundChannel::~SoundChannel()
                0x00000000c00202f0                SoundChannel::setSpeed(float)
                0x00000000c00202fc                SoundChannel::getSpeed()
                0x00000000c0020304                SoundChannel::setVolume(int)
                0x00000000c0020320                SoundChannel::getVolume()
                0x00000000c0020328                SoundChannel::pause()
                0x00000000c0020332                SoundChannel::SoundChannel(int, int, int, int)
                0x00000000c0020332                SoundChannel::SoundChannel(int, int, int, int)
                0x00000000c0020426                SoundChannel::play()
                0x00000000c0020430                SoundChannel::paused()
                0x00000000c0020438                SoundChannel::getSampleRate()
                0x00000000c0020440                SoundChannel::getBits()
                0x00000000c0020448                SoundChannel::getBufferUsed()
                0x00000000c0020450                SoundChannel::getBufferSize()
                0x00000000c0020458                SoundChannel::unbuffer(float*, int, int)
                0x00000000c00204f8                SoundChannel::buffer8(unsigned char*, int)
 .text          0x00000000c0020582      0x3d5 hal/sound/sndhw.32
                0x00000000c0020582                SoundDevice::SoundDevice(char const*)
                0x00000000c0020582                SoundDevice::SoundDevice(char const*)
                0x00000000c00205ee                SoundDevice::~SoundDevice()
                0x00000000c00205ee                SoundDevice::~SoundDevice()
                0x00000000c0020668                SoundDevice::~SoundDevice()
                0x00000000c0020692                SoundDevice::getFreeChannelNum()
                0x00000000c00206ac                SoundDevice::addChannel(SoundChannel*)
                0x00000000c002071c                SoundDevice::removeChannel(int)
                0x00000000c002074e                SoundDevice::floatTo8(float*, unsigned char*, int)
                0x00000000c0020836                SoundDevice::getAudio(int, float*, float*)
 .text          0x00000000c0020957        0x0 hw/bus/isa.32
 *fill*         0x00000000c0020957        0x1 
 .text          0x00000000c0020958      0x6c1 hw/bus/pci.32
                0x00000000c0020958                PCI::open(int, int, void*)
                0x00000000c002096c                PCI::close(int, int, void*)
                0x00000000c0020970                PCI::PCI()
                0x00000000c0020970                PCI::PCI()
                0x00000000c00209f0                PCI::pciReadWord(unsigned char, unsigned char, unsigned char, unsigned char)
                0x00000000c0020a38                PCI::getVendorID(unsigned char, unsigned char, unsigned char)
                0x00000000c0020a5a                PCI::getHeaderType(unsigned char, unsigned char, unsigned char)
                0x00000000c0020a7e                PCI::getClassCode(unsigned char, unsigned char, unsigned char)
                0x00000000c0020ac2                PCI::getProgIF(unsigned char, unsigned char, unsigned char)
                0x00000000c0020ae6                PCI::getRevisionID(unsigned char, unsigned char, unsigned char)
                0x00000000c0020b08                PCI::getInterruptNumber(unsigned char, unsigned char, unsigned char)
                0x00000000c0020b2a                PCI::getSecondaryBus(unsigned char, unsigned char, unsigned char)
                0x00000000c0020b4e                PCI::getBARAddress(unsigned char, unsigned char, unsigned char, unsigned char)
                0x00000000c0020bae                PCI::pciWriteWord(unsigned char, unsigned char, unsigned char, unsigned char, unsigned short)
                0x00000000c0020c1a                PCI::checkBus(unsigned char)
                0x00000000c0020c3e                PCI::foundDevice(PCIDeviceInfo)
                0x00000000c0020dae                PCI::getDeviceData(unsigned char, unsigned char, unsigned char)
                0x00000000c0020f5a                PCI::checkDevice(unsigned char, unsigned char)
                0x00000000c0020fc6                PCI::detect()
 *fill*         0x00000000c0021019        0x1 
 .text          0x00000000c002101a      0xc70 hw/diskctrl/ide.32
                0x00000000c002101a                IDE::close(int, int, void*)
                0x00000000c002101e                IDE::IDE()
                0x00000000c002101e                IDE::IDE()
                0x00000000c0021052                IDE::prepareInterrupt(unsigned char)
                0x00000000c0021064                selectDrive(unsigned char, unsigned char)
                0x00000000c0021066                IDE::getBase(unsigned char)
                0x00000000c0021078                IDE::write(unsigned char, unsigned char, unsigned char)
                0x00000000c0021138                IDE::read(unsigned char, unsigned char)
                0x00000000c00211e6                IDE::waitInterrupt(unsigned char)
                0x00000000c002124c                ideChannel0IRQHandler(regs*, void*)
                0x00000000c0021268                ideChannel1IRQHandler(regs*, void*)
                0x00000000c0021284                IDE::enableIRQs(unsigned char, bool)
                0x00000000c00212ca                IDE::open(int, int, void*)
                0x00000000c00216da                IDE::readBuffer(unsigned char, unsigned char, unsigned int, unsigned int)
                0x00000000c00217a6                IDE::detect()
                0x00000000c0021a8e                IDE::printError(unsigned char, unsigned char, unsigned char)
                0x00000000c0021c24                IDE::polling(unsigned char, unsigned int)
 .text          0x00000000c0021c8a      0x62b hw/diskphys/ata.32
                0x00000000c0021c8a                ATA::close(int, int, void*)
                0x00000000c0021cae                ATA::powerSaving(PowerSavingLevel)
                0x00000000c0021cb0                ATA::ATA()
                0x00000000c0021cb0                ATA::ATA()
                0x00000000c0021cde                ATA::flush(bool)
                0x00000000c0021d28                ATA::readyForCommand()
                0x00000000c0021d78                ATA::access(unsigned long long, int, void*, bool)
                0x00000000c00220f6                ATA::read(unsigned long long, int, void*)
                0x00000000c002215e                ATA::write(unsigned long long, int, void*)
                0x00000000c00221c6                ATA::detectCHS()
                0x00000000c00221f0                ATA::open(int, int, void*)
 *fill*         0x00000000c00222b5        0x1 
 .text          0x00000000c00222b6      0x5b3 hw/diskphys/atapi.32
                0x00000000c00222b6                ATAPI::write(unsigned long long, int, void*)
                0x00000000c00222bc                ATAPI::close(int, int, void*)
                0x00000000c00222e0                ATAPI::ATAPI()
                0x00000000c00222e0                ATAPI::ATAPI()
                0x00000000c002230e                ATAPI::readyForCommand()
                0x00000000c002235e                ATAPI::sendPacket(unsigned char*, int, bool, unsigned short*, int)
                0x00000000c002261e                ATAPI::diskRemoved()
                0x00000000c002263a                ATAPI::eject()
                0x00000000c0022680                ATAPI::diskInserted()
                0x00000000c00226ae                ATAPI::detectMedia()
                0x00000000c002276a                ATAPI::open(int, int, void*)
                0x00000000c00227ea                ATAPI::read(unsigned long long, int, void*)
 *fill*         0x00000000c0022869        0x1 
 .text          0x00000000c002286a       0x8e hw/fpu/avx.32
                0x00000000c002286a                AVX::open(int, int, void*)
                0x00000000c002287c                AVX::close(int, int, void*)
                0x00000000c002288e                AVX::available()
                0x00000000c00228a0                AVX::save(void*)
                0x00000000c00228b8                AVX::load(void*)
                0x00000000c00228d0                AVX::AVX()
                0x00000000c00228d0                AVX::AVX()
 .text          0x00000000c00228f8       0x90 hw/fpu/mmx.32
                0x00000000c00228f8                MMX::available()
                0x00000000c002290c                MMX::open(int, int, void*)
                0x00000000c002291e                MMX::close(int, int, void*)
                0x00000000c0022930                MMX::save(void*)
                0x00000000c0022948                MMX::load(void*)
                0x00000000c0022960                MMX::MMX()
                0x00000000c0022960                MMX::MMX()
 .text          0x00000000c0022988       0x96 hw/fpu/sse.32
                0x00000000c0022988                SSE::open(int, int, void*)
                0x00000000c002299a                SSE::close(int, int, void*)
                0x00000000c00229ac                SSE::available()
                0x00000000c00229c6                SSE::save(void*)
                0x00000000c00229de                SSE::load(void*)
                0x00000000c00229f6                SSE::SSE()
                0x00000000c00229f6                SSE::SSE()
 .text          0x00000000c0022a1e       0x8e hw/fpu/x87.32
                0x00000000c0022a1e                x87::open(int, int, void*)
                0x00000000c0022a30                x87::close(int, int, void*)
                0x00000000c0022a42                x87::available()
                0x00000000c0022a54                x87::save(void*)
                0x00000000c0022a6c                x87::load(void*)
                0x00000000c0022a84                x87::x87()
                0x00000000c0022a84                x87::x87()
 .text          0x00000000c0022aac      0x5f3 hw/intctrl/apic.32
                0x00000000c0022aac                APIC::disable()
                0x00000000c0022aae                APIC::close(int, int, void*)
                0x00000000c0022ad0                IOAPIC::close(int, int, void*)
                0x00000000c0022ad6                APIC::io_wait()
                0x00000000c0022adc                APIC::getBase()
                0x00000000c0022b1e                APIC::eoi(unsigned char)
                0x00000000c0022b4c                APIC::open(int, int, void*)
                0x00000000c0022c06                IOAPIC::IOAPIC()
                0x00000000c0022c06                IOAPIC::IOAPIC()
                0x00000000c0022c2e                APIC::APIC()
                0x00000000c0022c2e                APIC::APIC()
                0x00000000c0022cfe                IOAPIC::handlesGSIWithNumber(unsigned int)
                0x00000000c0022d30                IOAPIC::read(int)
                0x00000000c0022d58                IOAPIC::open(int, int, void*)
                0x00000000c0022e4e                IOAPIC::write(int, int)
                0x00000000c0022e7a                IOAPIC::redirect(unsigned char, unsigned long long, unsigned char)
                0x00000000c0022f34                APIC::installIRQHandler(int, void (*)(regs*, void*), bool, void*)
 *fill*         0x00000000c002309f        0x1 
 .text          0x00000000c00230a0      0x3d3 hw/intctrl/pic.32
                0x00000000c00230a0                PIC::disable()
                0x00000000c00230ce                PIC::close(int, int, void*)
                0x00000000c00230f0                PIC::PIC()
                0x00000000c00230f0                PIC::PIC()
                0x00000000c00231c6                PIC::ioWait()
                0x00000000c00231cc                PIC::getIRQReg(int)
                0x00000000c0023236                PIC::eoi(unsigned char)
                0x00000000c00232c8                PIC::remap()
                0x00000000c0023434                PIC::open(int, int, void*)
 *fill*         0x00000000c0023473        0x1 
 .text          0x00000000c0023474      0x252 hw/timer/apictimer.32
                0x00000000c0023474                APICTimer::close(int, int, void*)
                0x00000000c002347a                apicTimerHandler(regs*, void*)
                0x00000000c00234a8                APICTimer::write(int)
                0x00000000c00235a6                APICTimer::open(int, int, void*)
                0x00000000c002369e                APICTimer::APICTimer()
                0x00000000c002369e                APICTimer::APICTimer()
 .text          0x00000000c00236c6      0x1a7 hw/timer/pit.32
                0x00000000c00236c6                PIT::write(int)
                0x00000000c0023744                pitHandler(regs*, void*)
                0x00000000c0023770                PIT::open(int, int, void*)
                0x00000000c00237be                PIT::close(int, int, void*)
                0x00000000c00237ee                PIT::PIT()
                0x00000000c00237ee                PIT::PIT()
 *fill*         0x00000000c002386d        0x3 
 .text          0x00000000c0023870        0xa hw/fpu/x86/avx.32
                0x00000000c0023870                avxDetect
                0x00000000c0023876                avxSave
                0x00000000c0023877                avxLoad
                0x00000000c0023878                avxInit
                0x00000000c0023879                avxClose
 *fill*         0x00000000c002387a        0x6 
 .text          0x00000000c0023880       0x38 hw/fpu/x86/sse.32
                0x00000000c0023880                sseDetect
                0x00000000c002389b                sseSave
                0x00000000c00238a1                sseLoad
                0x00000000c00238a7                sseInit
                0x00000000c00238b7                sseClose
 *fill*         0x00000000c00238b8        0x8 
 .text          0x00000000c00238c0       0x47 hw/fpu/x86/x87.32
                0x00000000c00238c6                x87Detect
                0x00000000c00238e1                x87Save
                0x00000000c00238e7                x87Load
                0x00000000c00238ec                x87Init
                0x00000000c0023906                x87Close
 *fill*         0x00000000c0023907        0x1 
 .text          0x00000000c0023908       0x25 /cygdrive/d/Users/Alex/Desktop/Toolchain/Output/bin/../lib/gcc/i386-banana/8.1.0/crtend.o
 .text          0x00000000c002392d        0x0 crtn.32
 *fill*         0x00000000c002392d        0x3 
 .text          0x00000000c0023930      0x14b /cygdrive/d/Users/Alex/Desktop/Toolchain/Output/bin/../lib/gcc/i386-banana/8.1.0/libgcc.a(_divdi3.o)
                0x00000000c0023930                __divdi3
 *fill*         0x00000000c0023a7b        0x1 
 .text          0x00000000c0023a7c      0x17e /cygdrive/d/Users/Alex/Desktop/Toolchain/Output/bin/../lib/gcc/i386-banana/8.1.0/libgcc.a(_moddi3.o)
                0x00000000c0023a7c                __moddi3
 *fill*         0x00000000c0023bfa        0x2 
 .text          0x00000000c0023bfc       0xff /cygdrive/d/Users/Alex/Desktop/Toolchain/Output/bin/../lib/gcc/i386-banana/8.1.0/libgcc.a(_udivdi3.o)
                0x00000000c0023bfc                __udivdi3
 *fill*         0x00000000c0023cfb        0x1 
 .text          0x00000000c0023cfc      0x11a /cygdrive/d/Users/Alex/Desktop/Toolchain/Output/bin/../lib/gcc/i386-banana/8.1.0/libgcc.a(_umoddi3.o)
                0x00000000c0023cfc                __umoddi3
 *fill*         0x00000000c0023e16        0xa 
 .text          0x00000000c0023e20       0x1e D:/Users/Alex/Desktop/Banana/kernel/libk/libm32.a(s_fabs.c.o)
                0x00000000c0023e20                fabs
 *fill*         0x00000000c0023e3e        0x2 
 .text          0x00000000c0023e40        0xc D:/Users/Alex/Desktop/Banana/kernel/libk/libm32.a(s_lrint.S.o)
                0x00000000c0023e40                lrint
 .text          0x00000000c0023e4c        0xc D:/Users/Alex/Desktop/Banana/kernel/libk/libm32.a(s_lrintf.S.o)
                0x00000000c0023e4c                lrintf
 *(.gnu.linkonce.t*)

.iplt           0x00000000c0023e58        0x0
 .iplt          0x00000000c0023e58        0x0 D:/Users/Alex/Desktop/Banana/kernel/boot.32

.init           0x00000000c0023e58        0xf
 .init          0x00000000c0023e58        0x3 crti.32
                0x00000000c0023e58                _init
 .init          0x00000000c0023e5b        0x5 /cygdrive/d/Users/Alex/Desktop/Toolchain/Output/bin/../lib/gcc/i386-banana/8.1.0/crtbegin.o
 .init          0x00000000c0023e60        0x5 /cygdrive/d/Users/Alex/Desktop/Toolchain/Output/bin/../lib/gcc/i386-banana/8.1.0/crtend.o
 .init          0x00000000c0023e65        0x2 crtn.32

.fini           0x00000000c0023e67        0xa
 .fini          0x00000000c0023e67        0x3 crti.32
                0x00000000c0023e67                _fini
 .fini          0x00000000c0023e6a        0x5 /cygdrive/d/Users/Alex/Desktop/Toolchain/Output/bin/../lib/gcc/i386-banana/8.1.0/crtbegin.o
 .fini          0x00000000c0023e6f        0x2 crtn.32

.text._ZN8ComputerD2Ev
                0x00000000c0023e72       0x23
 .text._ZN8ComputerD2Ev
                0x00000000c0023e72       0x23 core/computer.32
                0x00000000c0023e72                Computer::~Computer()
                0x00000000c0023e72                Computer::~Computer()

.text._ZN8ComputerD0Ev
                0x00000000c0023e96       0x2a
 .text._ZN8ComputerD0Ev
                0x00000000c0023e96       0x2a core/computer.32
                0x00000000c0023e96                Computer::~Computer()

.text._Z10idleCommonv
                0x00000000c0023ec0       0x15
 .text._Z10idleCommonv
                0x00000000c0023ec0       0x15 core/idle.32
                0x00000000c0023ec0                idleCommon()

.text._ZN3CPU7readCR3Ev
                0x00000000c0023ed5       0x12
 .text._ZN3CPU7readCR3Ev
                0x00000000c0023ed5       0x12 core/kheap.32
                0x00000000c0023ed5                CPU::readCR3()

.text._ZN3CPU8writeCR3Em
                0x00000000c0023ee7        0x9
 .text._ZN3CPU8writeCR3Em
                0x00000000c0023ee7        0x9 core/kheap.32
                0x00000000c0023ee7                CPU::writeCR3(unsigned long)

.text._ZN10LinkedListI8UnixFileED2Ev
                0x00000000c0023ef0        0x2
 .text._ZN10LinkedListI8UnixFileED2Ev
                0x00000000c0023ef0        0x2 core/unixfile.32
                0x00000000c0023ef0                LinkedList<UnixFile>::~LinkedList()
                0x00000000c0023ef0                LinkedList<UnixFile>::~LinkedList()

.text._ZN10LinkedListI8UnixFileEC2Ev
                0x00000000c0023ef2       0x58
 .text._ZN10LinkedListI8UnixFileEC2Ev
                0x00000000c0023ef2       0x58 core/unixfile.32
                0x00000000c0023ef2                LinkedList<UnixFile>::LinkedList()
                0x00000000c0023ef2                LinkedList<UnixFile>::LinkedList()

.text._ZN10LinkedListI8UnixFileE10addElementEPS0_
                0x00000000c0023f4a       0xd3
 .text._ZN10LinkedListI8UnixFileE10addElementEPS0_
                0x00000000c0023f4a       0xd3 core/unixfile.32
                0x00000000c0023f4a                LinkedList<UnixFile>::addElement(UnixFile*)

.text._ZN10LinkedListI8UnixFileE15getFirstElementEv
                0x00000000c002401e        0x7
 .text._ZN10LinkedListI8UnixFileE15getFirstElementEv
                0x00000000c002401e        0x7 core/unixfile.32
                0x00000000c002401e                LinkedList<UnixFile>::getFirstElement()

.text._ZN10LinkedListI8UnixFileE11removeFirstEv
                0x00000000c0024026       0xa1
 .text._ZN10LinkedListI8UnixFileE11removeFirstEv
                0x00000000c0024026       0xa1 core/unixfile.32
                0x00000000c0024026                LinkedList<UnixFile>::removeFirst()

.text._ZN10LinkedListI8UnixFileE7getNextEPS0_
                0x00000000c00240c8        0x8
 .text._ZN10LinkedListI8UnixFileE7getNextEPS0_
                0x00000000c00240c8        0x8 core/unixfile.32
                0x00000000c00240c8                LinkedList<UnixFile>::getNext(UnixFile*)

.text._ZN16DriverlessDeviceD2Ev
                0x00000000c00240d0       0x1a
 .text._ZN16DriverlessDeviceD2Ev
                0x00000000c00240d0       0x1a hal/device.32
                0x00000000c00240d0                DriverlessDevice::~DriverlessDevice()
                0x00000000c00240d0                DriverlessDevice::~DriverlessDevice()

.text._ZN16DriverlessDeviceD0Ev
                0x00000000c00240ea       0x2a
 .text._ZN16DriverlessDeviceD0Ev
                0x00000000c00240ea       0x2a hal/device.32
                0x00000000c00240ea                DriverlessDevice::~DriverlessDevice()

.text._ZN10LinkedListI6DeviceE10addElementEPS0_
                0x00000000c0024114       0xdc
 .text._ZN10LinkedListI6DeviceE10addElementEPS0_
                0x00000000c0024114       0xdc hal/device.32
                0x00000000c0024114                LinkedList<Device>::addElement(Device*)

.text._ZN10LinkedListI6DeviceEC2Ev
                0x00000000c00241f0       0x58
 .text._ZN10LinkedListI6DeviceEC2Ev
                0x00000000c00241f0       0x58 hal/device.32
                0x00000000c00241f0                LinkedList<Device>::LinkedList()
                0x00000000c00241f0                LinkedList<Device>::LinkedList()

.text._ZN3CPU7readCR0Ev
                0x00000000c0024248       0x12
 .text._ZN3CPU7readCR0Ev
                0x00000000c0024248       0x12 hal/fpu.32
                0x00000000c0024248                CPU::readCR0()

.text._ZN3CPU8writeCR0Em
                0x00000000c002425a        0x9
 .text._ZN3CPU8writeCR0Em
                0x00000000c002425a        0x9 hal/fpu.32
                0x00000000c002425a                CPU::writeCR0(unsigned long)

.text._ZN3CPU7readDR0Ev
                0x00000000c0024263       0x12
 .text._ZN3CPU7readDR0Ev
                0x00000000c0024263       0x12 hal/intctrl.32
                0x00000000c0024263                CPU::readDR0()

.text._ZN3CPU7readDR1Ev
                0x00000000c0024275       0x12
 .text._ZN3CPU7readDR1Ev
                0x00000000c0024275       0x12 hal/intctrl.32
                0x00000000c0024275                CPU::readDR1()

.text._ZN3CPU7readDR2Ev
                0x00000000c0024287       0x12
 .text._ZN3CPU7readDR2Ev
                0x00000000c0024287       0x12 hal/intctrl.32
                0x00000000c0024287                CPU::readDR2()

.text._ZN3CPU7readDR3Ev
                0x00000000c0024299       0x12
 .text._ZN3CPU7readDR3Ev
                0x00000000c0024299       0x12 hal/intctrl.32
                0x00000000c0024299                CPU::readDR3()

.text._ZN3CPU7readDR6Ev
                0x00000000c00242ab       0x12
 .text._ZN3CPU7readDR6Ev
                0x00000000c00242ab       0x12 hal/intctrl.32
                0x00000000c00242ab                CPU::readDR6()

.text._ZN3CPU7readDR7Ev
                0x00000000c00242bd       0x12
 .text._ZN3CPU7readDR7Ev
                0x00000000c00242bd       0x12 hal/intctrl.32
                0x00000000c00242bd                CPU::readDR7()

.text._ZN10LinkedListIV18ThreadControlBlockE15getFirstElementEv
                0x00000000c00242d0        0x7
 .text._ZN10LinkedListIV18ThreadControlBlockE15getFirstElementEv
                0x00000000c00242d0        0x7 hal/timer.32
                0x00000000c00242d0                LinkedList<ThreadControlBlock volatile>::getFirstElement()

.text._ZN10LinkedListIV18ThreadControlBlockE7isEmptyEv
                0x00000000c00242d8       0x1c
 .text._ZN10LinkedListIV18ThreadControlBlockE7isEmptyEv
                0x00000000c00242d8       0x1c hal/timer.32
                0x00000000c00242d8                LinkedList<ThreadControlBlock volatile>::isEmpty()

.text._ZN10LinkedListIV18ThreadControlBlockE11removeFirstEv
                0x00000000c00242f4       0xae
 .text._ZN10LinkedListIV18ThreadControlBlockE11removeFirstEv
                0x00000000c00242f4       0xae hal/timer.32
                0x00000000c00242f4                LinkedList<ThreadControlBlock volatile>::removeFirst()

.text._ZN10LinkedListIV18ThreadControlBlockE10addElementEPS1_
                0x00000000c00243a2       0xd3
 .text._ZN10LinkedListIV18ThreadControlBlockE10addElementEPS1_
                0x00000000c00243a2       0xd3 hal/timer.32
                0x00000000c00243a2                LinkedList<ThreadControlBlock volatile>::addElement(ThreadControlBlock volatile*)

.text._ZN4ACPID2Ev
                0x00000000c0024476       0x23
 .text._ZN4ACPID2Ev
                0x00000000c0024476       0x23 hw/acpi.32
                0x00000000c0024476                ACPI::~ACPI()
                0x00000000c0024476                ACPI::~ACPI()

.text._ZN4ACPID0Ev
                0x00000000c002449a       0x2a
 .text._ZN4ACPID0Ev
                0x00000000c002449a       0x2a hw/acpi.32
                0x00000000c002449a                ACPI::~ACPI()

.text._ZN3CPUD2Ev
                0x00000000c00244c4       0x23
 .text._ZN3CPUD2Ev
                0x00000000c00244c4       0x23 hw/cpu.32
                0x00000000c00244c4                CPU::~CPU()
                0x00000000c00244c4                CPU::~CPU()

.text._ZN3CPUD0Ev
                0x00000000c00244e8       0x2a
 .text._ZN3CPUD0Ev
                0x00000000c00244e8       0x2a hw/cpu.32
                0x00000000c00244e8                CPU::~CPU()

.text._ZN3CPU7readCR4Ev
                0x00000000c0024512       0x12
 .text._ZN3CPU7readCR4Ev
                0x00000000c0024512       0x12 hw/cpu.32
                0x00000000c0024512                CPU::readCR4()

.text._ZN3CPU8writeDR7Em
                0x00000000c0024524        0x9
 .text._ZN3CPU8writeDR7Em
                0x00000000c0024524        0x9 hw/cpu.32
                0x00000000c0024524                CPU::writeDR7(unsigned long)

.text._ZN3CPU8writeCR4Em
                0x00000000c002452d        0x9
 .text._ZN3CPU8writeCR4Em
                0x00000000c002452d        0x9 hw/cpu.32
                0x00000000c002452d                CPU::writeCR4(unsigned long)

.text._ZN3CPU7readCR2Ev
                0x00000000c0024536       0x12
 .text._ZN3CPU7readCR2Ev
                0x00000000c0024536       0x12 krnl/panic.32
                0x00000000c0024536                CPU::readCR2()

.text._ZN10LinkedListIV18ThreadControlBlockED2Ev
                0x00000000c0024548        0x2
 .text._ZN10LinkedListIV18ThreadControlBlockED2Ev
                0x00000000c0024548        0x2 thr/prcssthr.32
                0x00000000c0024548                LinkedList<ThreadControlBlock volatile>::~LinkedList()