Archive member included to satisfy reference by file (symbol)

/cygdrive/d/Users/Alex/Desktop/Toolchain/Output/bin/../lib/gcc/i386-banana/8.1.0/libkgcc.a(_divdi3.o)
                              fs/fat/ff.32 (__divdi3)
/cygdrive/d/Users/Alex/Desktop/Toolchain/Output/bin/../lib/gcc/i386-banana/8.1.0/libkgcc.a(_moddi3.o)
                              compat/resolve.32 (__moddi3)
/cygdrive/d/Users/Alex/Desktop/Toolchain/Output/bin/../lib/gcc/i386-banana/8.1.0/libkgcc.a(_udivdi3.o)
                              fs/fat/ff.32 (__udivdi3)
/cygdrive/d/Users/Alex/Desktop/Toolchain/Output/bin/../lib/gcc/i386-banana/8.1.0/libkgcc.a(_umoddi3.o)
                              compat/resolve.32 (__umoddi3)
D:/Users/Alex/Desktop/Banana/kernel/libsoftfp.a(sfieeelib.o)
                              hal/sound/sndhw.32 (__addsf3)
D:/Users/Alex/Desktop/Banana/kernel/libsoftfp.a(dfieeelib.o)
                              hal/libresample/src_linear.32 (__adddf3)
D:/Users/Alex/Desktop/Banana/kernel/libsoftfp.a(sfdfcvt.o)
                              hal/libresample/samplerate.32 (__truncdfsf2)
D:/Users/Alex/Desktop/Banana/kernel/libk/libm32.a(s_fabs.c.o)
                              hal/libresample/samplerate.32 (fabs)
D:/Users/Alex/Desktop/Banana/kernel/libk/libm32.a(s_lrint.S.o)
                              hal/libresample/samplerate.32 (lrint)
D:/Users/Alex/Desktop/Banana/kernel/libk/libm32.a(s_lrintf.S.o)
                              hal/sound/sndhw.32 (lrintf)

Discarded input sections

 .comment       0x0000000000000000       0x12 /cygdrive/d/Users/Alex/Desktop/Toolchain/Output/bin/../lib/gcc/i386-banana/8.1.0/crtbegin.o
 .comment       0x0000000000000000       0x12 acpica/utclib.32
 .comment       0x0000000000000000       0x12 core/malloc.32
 .comment       0x0000000000000000       0x12 libk/string.32
 .comment       0x0000000000000000       0x12 fs/fat/diskio.32
 .comment       0x0000000000000000       0x12 fs/fat/ff.32
 .comment       0x0000000000000000       0x12 fs/fat/ffsystem.32
 .comment       0x0000000000000000       0x12 fs/fat/ffunicode.32
 .comment       0x0000000000000000       0x12 hal/libresample/samplerate.32
 .comment       0x0000000000000000       0x12 hal/libresample/src_linear.32
 .comment       0x0000000000000000       0x12 hal/libresample/src_sinc.32
 .comment       0x0000000000000000       0x12 hal/libresample/src_zoh.32
 .comment       0x0000000000000000       0x12 compat/inlines.32
 .comment       0x0000000000000000       0x12 compat/resolve.32
 .group         0x0000000000000000       0x14 core/computer.32
 .group         0x0000000000000000        0xc core/computer.32
 .comment       0x0000000000000000       0x12 core/computer.32
 .comment       0x0000000000000000       0x12 core/gdt.32
 .group         0x0000000000000000        0xc core/idle.32
 .comment       0x0000000000000000       0x12 core/idle.32
 .comment       0x0000000000000000       0x12 core/idt.32
 .comment       0x0000000000000000       0x12 core/kheap.32
 .comment       0x0000000000000000       0x12 core/main.32
 .comment       0x0000000000000000       0x12 core/physmgr.32
 .group         0x0000000000000000        0xc core/pipe.32
 .comment       0x0000000000000000       0x12 core/pipe.32
 .group         0x0000000000000000        0xc core/terminal.32
 .comment       0x0000000000000000       0x12 core/terminal.32
 .comment       0x0000000000000000       0x12 core/tss.32
 .group         0x0000000000000000        0x8 core/unixfile.32
 .group         0x0000000000000000        0xc core/unixfile.32
 .group         0x0000000000000000        0xc core/unixfile.32
 .group         0x0000000000000000        0x8 core/unixfile.32
 .group         0x0000000000000000        0xc core/unixfile.32
 .group         0x0000000000000000        0x8 core/unixfile.32
 .group         0x0000000000000000        0xc core/unixfile.32
 .group         0x0000000000000000        0xc core/unixfile.32
 .comment       0x0000000000000000       0x12 core/unixfile.32
 .comment       0x0000000000000000       0x12 core/virtmgr.32
 .comment       0x0000000000000000       0x12 coreobjs/c++.32
 .comment       0x0000000000000000       0x12 dbg/kconsole.32
 .group         0x0000000000000000        0xc fs/vfs.32
 .group         0x0000000000000000        0xc fs/vfs.32
 .group         0x0000000000000000        0xc fs/vfs.32
 .comment       0x0000000000000000       0x12 fs/vfs.32
 .group         0x0000000000000000        0xc hal/bus.32
 .comment       0x0000000000000000       0x12 hal/bus.32
 .group         0x0000000000000000        0xc hal/buzzer.32
 .comment       0x0000000000000000       0x12 hal/buzzer.32
 .group         0x0000000000000000        0xc hal/clock.32
 .comment       0x0000000000000000       0x12 hal/clock.32
 .group         0x0000000000000000       0x14 hal/device.32
 .group         0x0000000000000000        0xc hal/device.32
 .group         0x0000000000000000        0xc hal/device.32
 .group         0x0000000000000000        0xc hal/device.32
[...]
Memory Configuration

Name             Origin             Length             Attributes
*default*        0x0000000000000000 0xffffffffffffffff

Linker script and memory map

LOAD D:/Users/Alex/Desktop/Banana/kernel/boot.32
LOAD crti.32
LOAD /cygdrive/d/Users/Alex/Desktop/Toolchain/Output/bin/../lib/gcc/i386-banana/8.1.0/crtbegin.o
LOAD D:/Users/Alex/Desktop/Banana/kernel/morenasm.32
LOAD acpica/utclib.32
LOAD core/malloc.32
LOAD libk/string.32
LOAD fs/fat/diskio.32
LOAD fs/fat/ff.32
LOAD fs/fat/ffsystem.32
LOAD fs/fat/ffunicode.32
LOAD hal/libresample/samplerate.32
LOAD hal/libresample/src_linear.32
LOAD hal/libresample/src_sinc.32
LOAD hal/libresample/src_zoh.32
LOAD compat/inlines.32
LOAD compat/resolve.32
LOAD core/computer.32
LOAD core/gdt.32
LOAD core/idle.32
LOAD core/idt.32
LOAD core/kheap.32
LOAD core/main.32
LOAD core/physmgr.32
LOAD core/pipe.32
LOAD core/terminal.32
LOAD core/tss.32
LOAD core/unixfile.32
LOAD core/virtmgr.32
LOAD coreobjs/c++.32
LOAD dbg/kconsole.32
LOAD fs/vfs.32
LOAD hal/bus.32
LOAD hal/buzzer.32
LOAD hal/clock.32
LOAD hal/device.32
LOAD hal/diskctrl.32
LOAD hal/diskphys.32
LOAD hal/fpu.32
LOAD hal/intctrl.32
LOAD hal/keybrd.32
LOAD hal/logidisk.32
LOAD hal/mouse.32
LOAD hal/partition.32
LOAD hal/serial.32
LOAD hal/timer.32
LOAD hal/vcache.32
LOAD hal/video.32
LOAD hw/acpi.32
LOAD hw/cpu.32
LOAD hw/ports.32
LOAD hw/smp.32
LOAD krnl/env.32
LOAD krnl/panic.32
LOAD net/ethernet.32
LOAD reg/registry.32
LOAD sys/sc_eject.32
LOAD sys/sc_exit.32
LOAD sys/sc_getcwd.32
LOAD sys/sc_getpid.32
LOAD sys/sc_getramdata.32
LOAD sys/sc_loaddll.32
LOAD sys/sc_read.32
LOAD sys/sc_sbrk.32
LOAD sys/sc_setcwd.32
LOAD sys/sc_settime.32
LOAD sys/sc_timezone.32
LOAD sys/sc_write.32
LOAD sys/sc_wsbe.32
LOAD sys/sc_yield.32
LOAD sys/syscalls.32
LOAD thr/elf.32
LOAD thr/prcssthr.32
LOAD vm86/vm8086.32
LOAD vm86/x87em.32
LOAD fs/fat/vfslink.32
LOAD fs/iso9660/vfslink.32
LOAD hal/sound/sndchannel.32
LOAD hal/sound/sndhw.32
LOAD hw/bus/isa.32
LOAD hw/bus/pci.32
LOAD hw/diskctrl/ide.32
LOAD hw/diskctrl/satabus.32
LOAD hw/diskphys/ata.32
LOAD hw/diskphys/atapi.32
LOAD hw/diskphys/sata.32
LOAD hw/diskphys/satapi.32
LOAD hw/fpu/avx.32
LOAD hw/fpu/mmx.32
LOAD hw/fpu/sse.32
LOAD hw/fpu/x87.32
LOAD hw/intctrl/apic.32
LOAD hw/intctrl/pic.32
LOAD hw/timer/apictimer.32
LOAD hw/timer/pit.32
LOAD hw/fpu/x86/avx.32
LOAD hw/fpu/x86/sse.32
LOAD hw/fpu/x86/x87.32
LOAD /cygdrive/d/Users/Alex/Desktop/Toolchain/Output/bin/../lib/gcc/i386-banana/8.1.0/crtend.o
LOAD crtn.32
LOAD /cygdrive/d/Users/Alex/Desktop/Toolchain/Output/bin/../lib/gcc/i386-banana/8.1.0/libkgcc.a
LOAD D:/Users/Alex/Desktop/Banana/kernel/libsoftfp.a
LOAD D:/Users/Alex/Desktop/Banana/kernel/libk/libm32.a
                0x00000000c0000000                . = 0xc0000000

.text           0x00000000c0000000    0x28738
 *(.text)
 .text          0x00000000c0000000       0x41 D:/Users/Alex/Desktop/Banana/kernel/boot.32
                0x00000000c0000020                callGlobalConstructors
 .text          0x00000000c0000041        0x0 crti.32
 *fill*         0x00000000c0000041        0x3 
 .text          0x00000000c0000044      0x101 /cygdrive/d/Users/Alex/Desktop/Toolchain/Output/bin/../lib/gcc/i386-banana/8.1.0/crtbegin.o
 *fill*         0x00000000c0000145        0xb 
 .text          0x00000000c0000150      0x4ed D:/Users/Alex/Desktop/Banana/kernel/morenasm.32
                0x00000000c0000150                manualPCIProbe
                0x00000000c000019b                prepareTramp
                0x00000000c00001b4                voodooXADD
                0x00000000c000027f                doTPAUSE
                0x00000000c0000289                hasLegacyFPU
                0x00000000c00002ae                is486
                0x00000000c00002e4                detectCPUID
                0x00000000c00002fa                goToVM86
                0x00000000c000032a                goToUsermode
                0x00000000c0000354                switchToThreadASMFirstTime
                0x00000000c0000362                switchToThreadASM
                0x00000000c00003ea                asmQuickAcquireLock
                0x00000000c0000408                asmQuickReleaseLock
                0x00000000c0000414                asmAcquireLock
                0x00000000c0000435                asmReleaseLock
                0x00000000c0000448                loadGDT
                0x00000000c0000468                isr0
                0x00000000c0000478                isr1
                0x00000000c0000482                isr2
                0x00000000c000048c                isr3
                0x00000000c0000496                isr4
                0x00000000c00004a0                isr5
                0x00000000c00004aa                isr6
                0x00000000c00004b4                isr7
                0x00000000c00004be                isr8
                0x00000000c00004c6                isr9
                0x00000000c00004d0                isr10
                0x00000000c00004d8                isr11
                0x00000000c00004e0                isr12
                0x00000000c00004e8                isr13
                0x00000000c00004f0                isr14
                0x00000000c00004f8                isr15
                0x00000000c0000502                isr16
                0x00000000c000050c                isr17
                0x00000000c0000516                isr18
                0x00000000c0000520                irq3
                0x00000000c000052a                irq4
                0x00000000c0000534                irq5
                0x00000000c000053e                irq6
                0x00000000c0000548                irq7
                0x00000000c0000552                irq8
                0x00000000c000055c                irq9
                0x00000000c0000566                irq10
                0x00000000c0000570                irq11
                0x00000000c000057a                irq12
                0x00000000c0000584                irq13
                0x00000000c000058e                irq14
                0x00000000c0000598                irq15
                0x00000000c00005a2                irq1
                0x00000000c00005a9                irq2
                0x00000000c00005b0                isr96
                0x00000000c00005b7                irq0
                0x00000000c00005bc                int_common_stub
                0x00000000c00005bc                syscall_common_stub
                0x00000000c00005ed                irq16
                0x00000000c00005f7                irq17
                0x00000000c0000601                irq18
                0x00000000c000060b                irq19
                0x00000000c0000615                irq20
                0x00000000c000061f                irq21
                0x00000000c0000629                irq22
                0x00000000c0000633                irq23
 *fill*         0x00000000c000063d        0x3 
 .text          0x00000000c0000640      0x611 acpica/utclib.32
                0x00000000c0000640                memcmp
                0x00000000c000067c                memmove
                0x00000000c0000744                memcpy
                0x00000000c0000778                memset
                0x00000000c0000794                strlen
                0x00000000c00007ac                strpbrk
                0x00000000c00007e8                strtok
                0x00000000c0000834                strcpy
                0x00000000c0000858                strncpy
                0x00000000c00008c0                strcmp
                0x00000000c0000900                strchr
                0x00000000c0000924                strncmp
                0x00000000c0000974                strcat
                0x00000000c00009a4                strncat
                0x00000000c00009e0                strstr
                0x00000000c0000a28                toupper
                0x00000000c0000a3c                tolower
                0x00000000c0000a50                simple_strtoul
 .text          0x00000000c0000c51      0xfbf core/malloc.32
                0x00000000c0000dbc                dlfree
                0x00000000c0001117                dlmalloc
                0x00000000c0001654                dlrealloc
                0x00000000c0001809                dlmemalign
                0x00000000c000192c                dlcalloc
                0x00000000c00019c6                dlcfree
                0x00000000c00019cb                dlindependent_calloc
                0x00000000c00019f0                dlindependent_comalloc
                0x00000000c0001a07                dlvalloc
                0x00000000c0001a32                dlpvalloc
                0x00000000c0001a68                dlmalloc_trim
                0x00000000c0001a75                dlmalloc_usable_size
                0x00000000c0001aa6                dlmallinfo
                0x00000000c0001b75                dlmalloc_stats
                0x00000000c0001b86                dlmallopt
 .text          0x00000000c0001c10        0x0 libk/string.32
 .text          0x00000000c0001c10       0x51 fs/fat/diskio.32
                0x00000000c0001c10                disk_status
                0x00000000c0001c13                disk_initialize
                0x00000000c0001c16                disk_read
                0x00000000c0001c2c                disk_write
                0x00000000c0001c42                disk_ioctl
 .text          0x00000000c0001c61     0x6833 fs/fat/ff.32
                0x00000000c0004f2f                f_mount
                0x00000000c0004f91                f_open
                0x00000000c00053cd                f_read
                0x00000000c000564d                f_write
                0x00000000c0005907                f_sync
                0x00000000c0005ae3                f_close
                0x00000000c0005b12                f_lseek
                0x00000000c0005fc9                f_opendir
                0x00000000c00060cb                f_closedir
                0x00000000c00060ed                f_readdir
                0x00000000c0006188                f_stat
                0x00000000c0006217                f_getfree
                0x00000000c00063e2                f_truncate
                0x00000000c00064da                f_unlink
                0x00000000c000665d                f_mkdir
                0x00000000c0006889                f_rename
                0x00000000c0006b7c                f_chmod
                0x00000000c0006c5a                f_utime
                0x00000000c0006d38                f_getlabel
                0x00000000c0006f26                f_setlabel
                0x00000000c0007193                f_forward
                0x00000000c0007371                f_mkfs
 .text          0x00000000c0008494       0x2d fs/fat/ffsystem.32
                0x00000000c0008494                ff_memalloc
                0x00000000c00084aa                ff_memfree
 .text          0x00000000c00084c1      0x253 fs/fat/ffunicode.32
                0x00000000c00084c1                ff_uni2oem
                0x00000000c0008551                ff_oem2uni
                0x00000000c00085bd                ff_wtoupper
 .text          0x00000000c0008714      0x8fb hal/libresample/samplerate.32
                0x00000000c0008758                src_delete
                0x00000000c0008794                src_process
                0x00000000c000894a                src_callback_read
                0x00000000c0008ac7                src_set_ratio
                0x00000000c0008b31                src_get_channels
                0x00000000c0008b53                src_reset
                0x00000000c0008b9f                src_new
                0x00000000c0008c2d                src_callback_new
                0x00000000c0008c8f                src_get_name
                0x00000000c0008cc6                src_get_description
                0x00000000c0008cfd                src_get_version
                0x00000000c0008d03                src_is_valid_ratio
                0x00000000c0008d57                src_error
                0x00000000c0008d65                src_strerror
                0x00000000c0008d78                src_simple
                0x00000000c0008dcb                src_short_to_float_array
                0x00000000c0008e30                src_float_to_short_array
                0x00000000c0008eef                src_int_to_float_array
                0x00000000c0008f52                src_float_to_int_array
 .text          0x00000000c000900f      0x8cb hal/libresample/src_linear.32
                0x00000000c0009835                linear_get_name
                0x00000000c0009844                linear_get_description
                0x00000000c0009853                linear_set_converter
 .text          0x00000000c00098da     0x447c hal/libresample/src_sinc.32
                0x00000000c000dc6d                sinc_get_name
                0x00000000c000dc80                sinc_get_description
                0x00000000c000dc93                sinc_set_converter
 .text          0x00000000c000dd56      0x77c hal/libresample/src_zoh.32
                0x00000000c000e42d                zoh_get_name
                0x00000000c000e43c                zoh_get_description
                0x00000000c000e44b                zoh_set_converter
 .text          0x00000000c000e4d2       0x23 compat/inlines.32
                0x00000000c000e4d2                CPU::current()
                0x00000000c000e4df                operator new(unsigned long)
 .text          0x00000000c000e4f5      0x111 compat/resolve.32
                0x00000000c000e4f5                Krnl::resolveCompatibilitySymbol(char*)
 .text          0x00000000c000e606      0xabb core/computer.32
                0x00000000c000e606                Computer::close(int, int, void*)
                0x00000000c000e64a                swapper(void*)
                0x00000000c000e6d4                Krnl::firstTask()
                0x00000000c000e7de                Computer::Computer()
                0x00000000c000e7de                Computer::Computer()
                0x00000000c000e93a                Computer::setBootMessage(char const*)
                0x00000000c000e93c                Computer::detectFeatures()
                0x00000000c000eb46                Computer::displayFeatures()
                0x00000000c000ee8c                Computer::rdmsr(unsigned int)
                0x00000000c000eeb8                Computer::wrmsr(unsigned int, unsigned long long)
                0x00000000c000eef0                Computer::nmiEnabled()
                0x00000000c000eefc                Computer::readCMOS(unsigned char)
                0x00000000c000ef16                Computer::enableNMI(bool)
                0x00000000c000ef2e                Computer::open(int, int, void*)
                0x00000000c000f004                Computer::disableNMI()
                0x00000000c000f012                Computer::writeCMOS(unsigned char, unsigned char)
                0x00000000c000f030                Computer::handleNMI()
                0x00000000c000f096                Computer::setDiskActivityLight(int, bool)
 *fill*         0x00000000c000f0c1        0x1 
 .text          0x00000000c000f0c2      0x1b7 core/gdt.32
                0x00000000c000f0c2                GDTEntry::setBase(unsigned int)
                0x00000000c000f0de                GDTEntry::setLimit(unsigned int)
                0x00000000c000f0fc                GDT::GDT()
                0x00000000c000f0fc                GDT::GDT()
                0x00000000c000f112                GDT::addEntry(GDTEntry)
                0x00000000c000f14e                GDT::getNumberOfEntries()
                0x00000000c000f156                GDT::flush()
                0x00000000c000f178                GDT::setup()
 .text          0x00000000c000f279       0x62 core/idle.32
                0x00000000c000f279                idleFunction(void*)
 *fill*         0x00000000c000f2db        0x1 
 .text          0x00000000c000f2dc      0x45f core/idt.32
                0x00000000c000f2dc                IDTEntry::IDTEntry(bool)
                0x00000000c000f2dc                IDTEntry::IDTEntry(bool)
                0x00000000c000f34a                IDTEntry::setOffset(unsigned int)
                0x00000000c000f35e                IDT::IDT()
                0x00000000c000f35e                IDT::IDT()
                0x00000000c000f360                IDT::getPointerToInvalidOpcodeEntryForF00F()
                0x00000000c000f368                IDT::addEntry(IDTEntry, int)
                0x00000000c000f382                IDT::addEntry(int, void (*)(), bool)
                0x00000000c000f3ba                IDT::flush()
                0x00000000c000f3d4                IDT::setup()
 .text          0x00000000c000f73b      0x203 core/kheap.32
                0x00000000c000f73b                sbrk
                0x00000000c000f849                mmap
                0x00000000c000f85f                munmap
                0x00000000c000f875                liballoc_lock()
                0x00000000c000f886                liballoc_unlock()
                0x00000000c000f897                liballoc_alloc(int)
                0x00000000c000f8b2                liballoc_free(void*, int)
                0x00000000c000f8d0                realloc
                0x00000000c000f8e4                malloc
                0x00000000c000f8f4                free
                0x00000000c000f904                rfree
                0x00000000c000f914                calloc
 .text          0x00000000c000f93e      0x485 core/main.32
                0x00000000c000f93e                hwTextMode_loadInData(VgaText*)
                0x00000000c000f989                hwTextMode_loadInTitle(VgaText*, char*)
                0x00000000c000fa07                hwTextMode_showCursor(VgaText*, bool)
                0x00000000c000fa65                hwTextMode_update(VgaText*)
                0x00000000c000fa66                hwTextMode_updateCursor(VgaText*)
                0x00000000c000fab7                hwTextMode_disableBlink(VgaText*, bool)
                0x00000000c000fafd                hwTextMode_scrollScreen(VgaText*)
                0x00000000c000fbaa                hwTextMode_writeCharacter(VgaText*, char, VgaColour, VgaColour, int, int)
                0x00000000c000fc2c                setupTextMode()
                0x00000000c000fc9c                kernel_main
 .text          0x00000000c000fdc3      0x5a8 core/physmgr.32
                0x00000000c000fdc3                Phys::allocateDMA(unsigned long)
                0x00000000c000fe66                Phys::freeDMA(unsigned long, unsigned long)
                0x00000000c000feae                Phys::setPageState(unsigned long, bool)
                0x00000000c000fee0                Phys::getPageState(unsigned long)
                0x00000000c000fefc                Phys::freePage(unsigned long)
                0x00000000c000ff86                Phys::allocatePage()
                0x00000000c00100a9                Phys::allocateContiguousPages(int)
                0x00000000c0010103                Phys::allowSegmentToBeUsed(unsigned long, unsigned long)
                0x00000000c001013b                Phys::physicalMemorySetup(unsigned int)
 *fill*         0x00000000c001036b        0x1 
 .text          0x00000000c001036c      0x273 core/pipe.32
                0x00000000c001036c                Pipe::isAtty()
                0x00000000c0010370                Pipe::~Pipe()
                0x00000000c0010370                Pipe::~Pipe()
                0x00000000c0010394                Pipe::~Pipe()
                0x00000000c00103bc                Pipe::read(unsigned long long, void*, int*)
                0x00000000c00104b0                Pipe::write(unsigned long long, void*, int*)
                0x00000000c0010578                Pipe::Pipe(int)
                0x00000000c0010578                Pipe::Pipe(int)
 *fill*         0x00000000c00105df        0x1 
 .text          0x00000000c00105e0      0xf73 core/terminal.32
                0x00000000c00105e0                VgaText::isAtty()
                0x00000000c00105e4                VgaText::~VgaText()
                0x00000000c00105e4                VgaText::~VgaText()
                0x00000000c0010608                VgaText::~VgaText()
                0x00000000c0010632                VgaText::read(unsigned long long, void*, int*)
                0x00000000c0010652                setTerminalScrollLock(bool)
                0x00000000c0010653                addToTerminalCycle(VgaText*)
                0x00000000c0010680                installVgaTextImplementation()
                0x00000000c0010695                scrollTerminalScrollLock(int)
                0x00000000c0010696                VgaText::load()
                0x00000000c00106ea                VgaText::updateCursor()
                0x00000000c0010704                VgaText::showCursor(bool)
                0x00000000c0010714                VgaText::disableBlink(bool)
                0x00000000c001074e                VgaText::doANSI_SGR(int)
                0x00000000c00107da                VgaText::setDefaultBgColour(VgaColour)
                0x00000000c00107f0                VgaText::setDefaultFgColour(VgaColour)
                0x00000000c0010806                VgaText::setDefaultColours(VgaColour, VgaColour)
                0x00000000c0010826                VgaText::combineColours(unsigned char, unsigned char)
                0x00000000c0010838                VgaText::scrollScreen()
                0x00000000c00108cc                VgaText::combineCharAndColour(char, unsigned char)
                0x00000000c00108de                VgaText::writeCharacter(char, VgaColour, VgaColour, int, int)
                0x00000000c001093e                VgaText::getCursorX()
                0x00000000c001094a                VgaText::getCursorY()
                0x00000000c0010956                VgaText::setCursor(int, int)
                0x00000000c0010974                VgaText::setCursorX(int)
                0x00000000c0010990                VgaText::setCursorY(int)
                0x00000000c00109ac                VgaText::incrementCursor(bool)
                0x00000000c0010a14                VgaText::updateRAMUsageDisplay(int)
                0x00000000c0010a78                VgaText::updateDiskUsage()
                0x00000000c0010be2                VgaText::updateTitle()
                0x00000000c0010c28                VgaText::setTitleTextColour(VgaColour)
                0x00000000c0010c38                VgaText::setTitleColour(VgaColour)
                0x00000000c0010c48                VgaText::setTitle(char*)
                0x00000000c0010c6e                VgaText::decrementCursor(bool)
                0x00000000c0010c96                VgaText::putchar(char, VgaColour, VgaColour)
                0x00000000c0010d92                VgaText::isShowingCursor()
                0x00000000c0010d9e                VgaText::isBlinkDisabled()
                0x00000000c0010dac                VgaText::setCursorHeight(int)
                0x00000000c0010dca                VgaText::getCursorHeight()
                0x00000000c0010dd5                setActiveTerminal(VgaText*)
                0x00000000c0010e87                doTerminalCycle()
                0x00000000c0010ea4                VgaText::doUpdate()
                0x00000000c0010eb6                VgaText::puts(char const*, VgaColour, VgaColour)
                0x00000000c0011076                VgaText::clearScreen()
                0x00000000c00110da                VgaText::putchar(char)
                0x00000000c00111f4                VgaText::puts(char const*)
                0x00000000c001121a                VgaText::putx(unsigned int)
                0x00000000c0011260                VgaText::VgaText(char const*)
                0x00000000c0011260                VgaText::VgaText(char const*)
                0x00000000c00113f2                VgaText::receiveKey(unsigned char)
                0x00000000c00114da                VgaText::write(unsigned long long, void*, int*)
                0x00000000c001152e                newTerminal(char*)
 *fill*         0x00000000c0011553        0x1 
 .text          0x00000000c0011554      0x1b3 core/tss.32
                0x00000000c0011554                TSS::TSS()
                0x00000000c0011554                TSS::TSS()
                0x00000000c0011562                TSS::setESP(unsigned long)
                0x00000000c0011574                TSS::flush()
                0x00000000c0011594                TSS::setup(unsigned long, unsigned long)
 *fill*         0x00000000c0011707        0x1 
 .text          0x00000000c0011708      0x4c2 core/unixfile.32
                0x00000000c0011708                ReservedFilename::read(unsigned long long, void*, int*)
                0x00000000c001175e                ReservedFilename::isAtty()
                0x00000000c001177a                ReservedFilename::write(unsigned long long, void*, int*)
                0x00000000c00117d8                UnixFile::getFileDescriptor()
                0x00000000c00117e0                UnixFile::UnixFile(int)
                0x00000000c00117e0                UnixFile::UnixFile(int)
                0x00000000c0011990                ReservedFilename::ReservedFilename(int)
                0x00000000c0011990                ReservedFilename::ReservedFilename(int)
                0x00000000c00119c2                UnixFile::~UnixFile()
                0x00000000c00119c2                UnixFile::~UnixFile()
                0x00000000c0011a5a                UnixFile::~UnixFile()
                0x00000000c0011a82                ReservedFilename::~ReservedFilename()
                0x00000000c0011a82                ReservedFilename::~ReservedFilename()
                0x00000000c0011aa6                ReservedFilename::~ReservedFilename()
                0x00000000c0011acd                getFromFileDescriptor(int)
 .text          0x00000000c0011bca     0x12b3 core/virtmgr.32
                0x00000000c0011bca                Virt::setPageState(unsigned long, Virt::VirtPageState)
                0x00000000c0011bff                Virt::getPageState(unsigned long)
                0x00000000c0011c23                Virt::allocateKernelVirtualPages(int)
                0x00000000c0011d34                Virt::freeSwapfilePage(unsigned long)
                0x00000000c0011d52                Virt::swapIDToSector(unsigned long)
                0x00000000c0011d64                Virt::allocateSwapfilePage()
                0x00000000c0011de2                Virt::virtualMemorySetup()
                0x00000000c0011e61                Virt::swappingSetup()
                0x00000000c0011ebe                Virt::getAKernelVAS()
                0x00000000c0011ec4                Virt::setupPageSwapping(int)
                0x00000000c0011ff4                VAS::VAS()
                0x00000000c0011ff4                VAS::VAS()
                0x00000000c0012024                VAS::VAS(VAS*)
                0x00000000c0012024                VAS::VAS(VAS*)
                0x00000000c0012048                VAS::getForeignPageTableEntry(bool, unsigned long)
                0x00000000c0012074                VAS::getPageTableEntry(unsigned long)
                0x00000000c0012093                Virt::freeKernelVirtualPages(unsigned long)
                0x00000000c00121b6                VAS::freeAllocatedPages(unsigned long)
                0x00000000c00121da                VAS::virtualToPhysical(unsigned long)
                0x00000000c00121f2                VAS::reflagRange(unsigned long, int, int, int)
                0x00000000c0012232                VAS::setToWriteCombining(unsigned long, int)
                0x00000000c0012264                VAS::mapOtherVASIn(bool, VAS*)
                0x00000000c001228e                VAS::~VAS()
                0x00000000c001228e                VAS::~VAS()
                0x00000000c00123fa                VAS::mapPage(unsigned long, unsigned long, int)
                0x00000000c00124fa                VAS::allocatePages(int, int)
                0x00000000c00126d2                VAS::setCPUSpecific(unsigned long)
                0x00000000c00126ee                VAS::mapRange(unsigned long, unsigned long, int, int)
                0x00000000c00127b4                VAS::mapForeignPage(bool, VAS*, unsigned long, unsigned long, int)
                0x00000000c00128a2                VAS::VAS(bool)
                0x00000000c00128a2                VAS::VAS(bool)
                0x00000000c0012afe                VAS::evict(unsigned long)
                0x00000000c0012b96                VAS::tryLoadBackOffDisk(unsigned long)
                0x00000000c0012cc0                VAS::scanForEviction(int, int)
                0x00000000c0012dc1                mapVASFirstTime
 .text          0x00000000c0012e7d       0x95 coreobjs/c++.32
                0x00000000c0012e7d                __cxa_atexit
                0x00000000c0012e80                __cxa_finalize
                0x00000000c0012e81                __stack_chk_fail
                0x00000000c0012eed                __cxa_pure_virtual
                0x00000000c0012efe                operator new[](unsigned long)
                0x00000000c0012f03                operator delete(void*, unsigned long)
                0x00000000c0012f08                operator delete[](void*)
                0x00000000c0012f0d                operator delete[](void*, unsigned long)
 .text          0x00000000c0012f12      0x1ef dbg/kconsole.32
                0x00000000c0012f12                Dbg::stringifyxWithBase(unsigned int, char*, int)
                0x00000000c0012f73                Dbg::logc(char)
                0x00000000c0012f8a                Dbg::logs(char*)
                0x00000000c0012fa7                Dbg::logWriteInt(unsigned int)
                0x00000000c0012fc4                Dbg::logWriteIntBase(unsigned int, int)
                0x00000000c0012fe3                Dbg::kprintf(char const*, ...)
 *fill*         0x00000000c0013101        0x1 
 .text          0x00000000c0013102      0xb7c fs/vfs.32
                0x00000000c0013102                File::read(unsigned long long, void*, int*)
                0x00000000c001315a                File::write(unsigned long long, void*, int*)
                0x00000000c00131b2                Directory::read(unsigned long long, void*, int*)
                0x00000000c001320a                Directory::write(unsigned long long, void*, int*)
                0x00000000c0013238                File::isAtty()
                0x00000000c001323c                Directory::isAtty()
                0x00000000c0013240                Filesystem::getlabel(LogicalDisk*, int, char*, unsigned int*)
                0x00000000c0013246                Filesystem::setlabel(LogicalDisk*, int, char*)
                0x00000000c001324c                File::~File()
                0x00000000c001324c                File::~File()
                0x00000000c0013270                File::~File()
                0x00000000c001329a                Directory::~Directory()
                0x00000000c001329a                Directory::~Directory()
                0x00000000c00132be                Directory::~Directory()
                0x00000000c00132e8                Filesystem::Filesystem()
                0x00000000c00132e8                Filesystem::Filesystem()
                0x00000000c001330c                Filesystem::~Filesystem()
                0x00000000c001330c                Filesystem::~Filesystem()
                0x00000000c001331a                Filesystem::~Filesystem()
                0x00000000c001333e                Fs::getcwd(Process*, char*, int)
                0x00000000c0013368                Fs::initVFS()
                0x00000000c0013392                Fs::standardiseFiles(char*, char const*, char const*)
                0x00000000c001353c                File::File(char const*, Process*)
                0x00000000c001353c                File::File(char const*, Process*)
                0x00000000c00135a0                File::open(FileOpenMode)
                0x00000000c00135fe                File::close()
                0x00000000c001365e                File::seek(unsigned long long)
                0x00000000c00136b4                File::tell(unsigned long long*)
                0x00000000c0013704                File::rewind()
                0x00000000c0013718                File::unlink()
                0x00000000c0013764                File::rename(char const*)
                0x00000000c00137b2                File::chfatattr(unsigned char, unsigned char)
                0x00000000c001380e                File::exists()
                0x00000000c001384c                File::stat(unsigned long long*, bool*)
                0x00000000c00138ad                Fs::setcwd(Process*, char*)
                0x00000000c00139e8                Directory::Directory(char const*, Process*)
                0x00000000c00139e8                Directory::Directory(char const*, Process*)
                0x00000000c0013a4c                Directory::open()
                0x00000000c0013aa8                Directory::close()
                0x00000000c0013b08                Directory::unlink()
                0x00000000c0013b54                Directory::rename(char const*)
                0x00000000c0013ba2                Directory::exists()
                0x00000000c0013be0                Directory::read(dirent*)
                0x00000000c0013c2c                Directory::create()
                0x00000000c0013c78                Filesystem::chfatattr(char const*, unsigned char, unsigned char)
 .text          0x00000000c0013c7e       0x84 hal/bus.32
                0x00000000c0013c7e                Bus::Bus(char const*)
                0x00000000c0013c7e                Bus::Bus(char const*)
                0x00000000c0013cb4                Bus::~Bus()
                0x00000000c0013cb4                Bus::~Bus()
                0x00000000c0013cd8                Bus::~Bus()
 .text          0x00000000c0013d02      0x14e hal/buzzer.32
                0x00000000c0013d02                Buzzer::Buzzer(char const*)
                0x00000000c0013d02                Buzzer::Buzzer(char const*)
                0x00000000c0013d46                Buzzer::~Buzzer()
                0x00000000c0013d46                Buzzer::~Buzzer()
                0x00000000c0013d6a                Buzzer::~Buzzer()
                0x00000000c0013d94                Buzzer::stop()
                0x00000000c0013da7                beepThread(void*)
                0x00000000c0013de2                Buzzer::beep(int, int, bool)
 .text          0x00000000c0013e50      0x467 hal/clock.32
                0x00000000c0013e50                User::loadClockSettings(int)
                0x00000000c0013ea2                Clock::Clock(char const*)
                0x00000000c0013ea2                Clock::Clock(char const*)
                0x00000000c0013ed8                Clock::~Clock()
                0x00000000c0013ed8                Clock::~Clock()
                0x00000000c0013efc                Clock::~Clock()
                0x00000000c0013f26                Clock::timeInSecondsLocal()
                0x00000000c0013f6e                Clock::setTimeInSecondsLocal(unsigned long long)
                0x00000000c0013fc7                datetimeToSeconds(datetime_t)
                0x00000000c00140ee                Clock::setTimeInDatetimeLocal(datetime_t)
                0x00000000c001414e                secondsToDatetime(unsigned long long)
                0x00000000c0014292                Clock::timeInDatetimeLocal()
 *fill*         0x00000000c00142b7        0x1 
 .text          0x00000000c00142b8      0x4de hal/device.32
                0x00000000c00142b8                Device::hibernate()
                0x00000000c00142ba                Device::wake()
                0x00000000c00142bc                Device::detect()
                0x00000000c00142be                Device::disableLegacy()
                0x00000000c00142c0                Device::powerSaving(PowerSavingLevel)
                0x00000000c00142c2                DriverlessDevice::close(int, int, void*)
                0x00000000c00142c6                DriverlessDevice::detect()
                0x00000000c00142c8                DriverlessDevice::open(int, int, void*)
                0x00000000c00142dc                Device::~Device()
                0x00000000c00142dc                Device::~Device()
                0x00000000c00142ea                Device::~Device()
                0x00000000c0014312                Device::findAndLoadDriver()
                0x00000000c0014314                Device::preOpenPCI(PCIDeviceInfo)
                0x00000000c001433a                Device::preOpenACPI(void*, char*, char*)
                0x00000000c001438e                Device::addIRQHandler(int, void (*)(regs*, void*), bool, void*)
                0x00000000c00143cc                Device::removeIRQHandler(int, void (*)(regs*, void*), bool)
                0x00000000c001440a                Device::addChild(Device*)
                0x00000000c001444e                Device::removeAllChildren()
                0x00000000c0014494                Device::hibernateAll()
                0x00000000c00144c4                Device::wakeAll()
                0x00000000c00144f4                Device::detectAll()
                0x00000000c0014524                Device::disableLegacyAll()
                0x00000000c0014554                Device::loadDriversForAll()
                0x00000000c0014580                Device::closeAll()
                0x00000000c00145b6                Device::powerSavingAll(PowerSavingLevel)
                0x00000000c00145ec                Device::setName(char const*)
                0x00000000c00145fa                Device::Device(char const*)
                0x00000000c00145fa                Device::Device(char const*)
                0x00000000c00146f6                Device::getName()
                0x00000000c0014700                DriverlessDevice::DriverlessDevice(char const*)
                0x00000000c0014700                DriverlessDevice::DriverlessDevice(char const*)
                0x00000000c0014728                Device::addToLinkedList(LinkedList<Device>&, DeviceType)
                0x00000000c001476c                getDevicesOfType(DeviceType)
 .text          0x00000000c0014796       0x84 hal/diskctrl.32
                0x00000000c0014796                HardDiskController::HardDiskController(char const*)
                0x00000000c0014796                HardDiskController::HardDiskController(char const*)
                0x00000000c00147cc                HardDiskController::~HardDiskController()
                0x00000000c00147cc                HardDiskController::~HardDiskController()
                0x00000000c00147f0                HardDiskController::~HardDiskController()
 .text          0x00000000c001481a       0xf2 hal/diskphys.32
                0x00000000c001481a                PhysicalDisk::eject()
                0x00000000c001482e                PhysicalDisk::PhysicalDisk(char const*, int)
                0x00000000c001482e                PhysicalDisk::PhysicalDisk(char const*, int)
                0x00000000c0014896                PhysicalDisk::startCache()
                0x00000000c00148be                PhysicalDisk::~PhysicalDisk()
                0x00000000c00148be                PhysicalDisk::~PhysicalDisk()
                0x00000000c00148e2                PhysicalDisk::~PhysicalDisk()
 .text          0x00000000c001490c      0x13b hal/fpu.32
                0x00000000c001490c                FPU::FPU(char const*)
                0x00000000c001490c                FPU::FPU(char const*)
                0x00000000c0014942                FPU::~FPU()
                0x00000000c0014942                FPU::~FPU()
                0x00000000c0014966                FPU::~FPU()
                0x00000000c0014990                setupFPU()
 *fill*         0x00000000c0014a47        0x1 
 .text          0x00000000c0014a48     0x13b7 hal/intctrl.32
                0x00000000c0014a48                InterruptController::uninstallISRHandler(int, void (*)(regs*, void*))
                0x00000000c0014a80                InterruptController::installISRHandler(int, void (*)(regs*, void*), void*)
                0x00000000c0014ad2                doubleFault(regs*, void*)
                0x00000000c0014aec                InterruptController::installIRQHandler(int, void (*)(regs*, void*), bool, void*)
                0x00000000c0014b88                InterruptController::clearAllHandlers(int, bool)
                0x00000000c0014c30                InterruptController::uninstallIRQHandler(int, void (*)(regs*, void*), bool)
                0x00000000c0014cb7                nmiHandler(regs*, void*)
                0x00000000c0014cc5                int_handler
                0x00000000c0014d66                InterruptController::InterruptController(char const*)
                0x00000000c0014d66                InterruptController::InterruptController(char const*)
                0x00000000c0014e0c                InterruptController::~InterruptController()
                0x00000000c0014e0c                InterruptController::~InterruptController()
                0x00000000c0014e30                InterruptController::~InterruptController()
                0x00000000c0014e5a                displayDebugInfo(regs*)
                0x00000000c00152e9                x87EmulHandler(regs*, void*)
                0x00000000c0015318                gpFault(regs*, void*)
                0x00000000c0015351                pgFault(regs*, void*)
                0x00000000c001539d                otherISRHandler(regs*, void*)
                0x00000000c00153bc                opcodeFault(regs*, void*)
                0x00000000c00159c2                displayProgramFault(char const*)
                0x00000000c00159ea                setupInterruptController()
                0x00000000c0015db2                InterruptController::convertLegacyIRQNumber(int)
 *fill*         0x00000000c0015dff        0x1 
 .text          0x00000000c0015e00      0x6c8 hal/keybrd.32
                0x00000000c0015e00                startGUI(void*)
                0x00000000c0015e5c                startGUIVESA(void*)
                0x00000000c0015eb8                sendKeyToTerminal(unsigned char)
                0x00000000c0015f24                sendKeyboardToken(KeyboardToken)
                0x00000000c0016361                clearInternalKeybuffer(VgaText*)
                0x00000000c0016396                readKeyboard(VgaText*, char*, unsigned long)
                0x00000000c001643e                Keyboard::Keyboard(char const*)
                0x00000000c001643e                Keyboard::Keyboard(char const*)
                0x00000000c001647a                Keyboard::~Keyboard()
                0x00000000c001647a                Keyboard::~Keyboard()
                0x00000000c001649e                Keyboard::~Keyboard()
 .text          0x00000000c00164c8      0x414 hal/logidisk.32
                0x00000000c00164c8                LogicalDisk::close(int, int, void*)
                0x00000000c00164cc                LogicalDisk::~LogicalDisk()
                0x00000000c00164cc                LogicalDisk::~LogicalDisk()
                0x00000000c00164f0                LogicalDisk::~LogicalDisk()
                0x00000000c001651a                LogicalDisk::open(int, int, void*)
                0x00000000c001652e                LogicalDisk::absoluteToRelative(unsigned long long)
                0x00000000c0016566                LogicalDisk::relativeToAbsolute(unsigned long long)
                0x00000000c00165ac                LogicalDisk::LogicalDisk(char const*, PhysicalDisk*, unsigned long long, unsigned long long)
                0x00000000c00165ac                LogicalDisk::LogicalDisk(char const*, PhysicalDisk*, unsigned long long, unsigned long long)
                0x00000000c0016662                LogicalDisk::assignDriveLetter()
                0x00000000c0016718                LogicalDisk::mount()
                0x00000000c001678a                LogicalDisk::unmount()
                0x00000000c001679a                LogicalDisk::eject()
                0x00000000c00167ae                LogicalDisk::unassignDriveLetter()
                0x00000000c0016804                LogicalDisk::read(unsigned long long, int, void*)
                0x00000000c0016870                LogicalDisk::write(unsigned long long, int, void*)
 .text          0x00000000c00168dc       0x84 hal/mouse.32
                0x00000000c00168dc                Mouse::Mouse(char const*)
                0x00000000c00168dc                Mouse::Mouse(char const*)
                0x00000000c0016912                Mouse::~Mouse()
                0x00000000c0016912                Mouse::~Mouse()
                0x00000000c0016936                Mouse::~Mouse()
 .text          0x00000000c0016960      0x34d hal/partition.32
                0x00000000c0016960                makePartition(PhysicalDisk*, unsigned long long, unsigned long long)
                0x00000000c0016a1c                createPartitionsForDisk(PhysicalDisk*)
 *fill*         0x00000000c0016cad        0x1 
 .text          0x00000000c0016cae       0x84 hal/serial.32
                0x00000000c0016cae                Serial::Serial(char const*)
                0x00000000c0016cae                Serial::Serial(char const*)
                0x00000000c0016ce4                Serial::~Serial()
                0x00000000c0016ce4                Serial::~Serial()
                0x00000000c0016d08                Serial::~Serial()
 .text          0x00000000c0016d32      0x2b8 hal/timer.32
                0x00000000c0016d32                Timer::Timer(char const*)
                0x00000000c0016d32                Timer::Timer(char const*)
                0x00000000c0016d68                Timer::~Timer()
                0x00000000c0016d68                Timer::~Timer()
                0x00000000c0016d8c                Timer::~Timer()
                0x00000000c0016db6                Timer::read()
                0x00000000c0016dc1                timerHandler(unsigned long long)
                0x00000000c0016ef8                setupTimer(int)
 .text          0x00000000c0016fea      0x425 hal/vcache.32
                0x00000000c0016fea                VCache::VCache(PhysicalDisk*)
                0x00000000c0016fea                VCache::VCache(PhysicalDisk*)
                0x00000000c0017152                VCache::invalidateReadBuffer()
                0x00000000c0017162                VCache::writeWriteBuffer()
                0x00000000c001719e                VCache::~VCache()
                0x00000000c001719e                VCache::~VCache()
                0x00000000c00171f2                VCache::~VCache()
                0x00000000c001721a                VCache::write(unsigned long long, int, void*)
                0x00000000c0017310                VCache::read(unsigned long long, int, void*)
 *fill*         0x00000000c001740f        0x1 
 .text          0x00000000c0017410      0x4cd hal/video.32
                0x00000000c0017410                Video::putrect(int, int, int, int, unsigned int)
                0x00000000c001745c                Video::bitblit(int, int, int, int, int, int, int, unsigned int*)
                0x00000000c00174cc                Video::blit(unsigned int*, int, int, int, int)
                0x00000000c001754a                Video::clearScreen(unsigned int)
                0x00000000c001757e                Video::putpixel(int, int, unsigned int)
                0x00000000c001758c                Video::Video(char const*)
                0x00000000c001758c                Video::Video(char const*)
                0x00000000c00175c2                Video::~Video()
                0x00000000c00175c2                Video::~Video()
                0x00000000c00175e6                Video::~Video()
                0x00000000c0017610                Video::isMonochrome()
                0x00000000c001761c                Video::getWidth()
                0x00000000c0017628                Video::getHeight()
                0x00000000c0017634                Video::drawCursor(int, int, unsigned char*, int)
                0x00000000c00176f0                Video::tgaParse(unsigned char*, int, int*, int*)
                0x00000000c0017872                Video::putTGA(int, int, unsigned char*, int)
 *fill*         0x00000000c00178dd        0x1 
 .text          0x00000000c00178de      0xf64 hw/acpi.32
                0x00000000c00178de                ACPI::close(int, int, void*)
                0x00000000c0017993                findRSDP()
                0x00000000c0017a1d                loadACPITables(unsigned char*)
                0x00000000c0017c44                findRSDT(unsigned char*)
                0x00000000c0017d62                findDataTable(unsigned char*, char*)
                0x00000000c0017dfe                scanMADT()
                0x00000000c0018284                ACPI::ACPI()
                0x00000000c0018284                ACPI::ACPI()
                0x00000000c00182ee                ACPI::getPCIIRQAssignment(unsigned char, unsigned short, unsigned char)
                0x00000000c00183d0                ACPI::registerPCIIRQAssignment(void*, unsigned short, unsigned char, unsigned char)
                0x00000000c0018496                ACPI::setScreenBrightnessLevel(void*, int)
                0x00000000c001849c                ACPI::writeSimpleBootFlag(SimpleBootFlagTable*)
                0x00000000c00184e4                ACPI::open(int, int, void*)
                0x00000000c001882a                ACPI::sleep()
 .text          0x00000000c0018842     0x1715 hw/cpu.32
                0x00000000c0018842                CPU::close(int, int, void*)
                0x00000000c0018846                CPU::lookupAMDName(unsigned char, unsigned char)
                0x00000000c00189da                CPU::lookupIntelName(unsigned char, unsigned char)
                0x00000000c0018c88                CPU::AMD_K6_write_msr(unsigned int, unsigned int, unsigned int, CPU::REGS*)
                0x00000000c0018ca4                CPU::AMD_K6_read_msr(unsigned int, CPU::REGS*)
                0x00000000c0018cbc                CPU::AMD_K6_writeback(int, int, int)
                0x00000000c0018d30                CPU::cpuid(int, unsigned long*, unsigned long*, unsigned long*, unsigned long*)
                0x00000000c0018db4                CPU::cpuidCheckEDX(unsigned int)
                0x00000000c0018de2                CPU::cpuidCheckECX(unsigned int)
                0x00000000c0018e10                CPU::cpuidCheckExtendedEBX(unsigned int)
                0x00000000c0018e3e                CPU::cpuidCheckExtendedECX(unsigned int)
                0x00000000c0018e6c                CPU::CPU()
                0x00000000c0018e6c                CPU::CPU()
                0x00000000c0018efa                CPU::displayFeatures()
                0x00000000c0019176                CPU::detectFeatures()
                0x00000000c0019b66                CPU::setupSMEP()
                0x00000000c0019b72                CPU::setupUMIP()
                0x00000000c0019b7c                CPU::setupTSC()
                0x00000000c0019b86                CPU::setupLargePages()
                0x00000000c0019b90                CPU::setupPAT()
                0x00000000c0019bcc                CPU::setupMTRR()
                0x00000000c0019bce                CPU::setupGlobalPages()
                0x00000000c0019bd8                CPU::allowUsermodeDataAccess()
                0x00000000c0019bea                CPU::prohibitUsermodeDataAccess()
                0x00000000c0019bfc                CPU::setupSMAP()
                0x00000000c0019c0a                CPU::setupFeatures()
                0x00000000c0019c8a                CPU::open(int, int, void*)
                0x00000000c0019d5c                CPU::decodeAddress(regs*, int*, bool*, unsigned char*)
 .text          0x00000000c0019f57        0x0 hw/ports.32
 .text          0x00000000c0019f57      0x16a hw/smp.32
                0x00000000c0019f57                Krnl::smpEntry()
                0x00000000c0019f59                Krnl::startCPU(int)
                0x00000000c001a0a2                Krnl::startCPUs()
 *fill*         0x00000000c001a0c1        0x1 
 .text          0x00000000c001a0c2      0x5d3 krnl/env.32
                0x00000000c001a0c2                EnvVarContainer::getEnv(char const*)
                0x00000000c001a100                EnvVarContainer::setEnv(char const*, char const*)
                0x00000000c001a1cc                EnvVarContainer::deleteEnv(char const*)
                0x00000000c001a1ce                EnvVarContainer::loadFrom(char const*, char const*)
                0x00000000c001a3c4                EnvVarContainer::__loadSystem()
                0x00000000c001a3de                EnvVarContainer::__loadUser()
                0x00000000c001a3e0                EnvVarContainer::EnvVarContainer(Process*)
                0x00000000c001a3e0                EnvVarContainer::EnvVarContainer(Process*)
                0x00000000c001a402                EnvVarContainer::~EnvVarContainer()
                0x00000000c001a402                EnvVarContainer::~EnvVarContainer()
                0x00000000c001a432                Krnl::getEnv(Process*, char const*)
                0x00000000c001a497                Krnl::setEnvSystem(char const*, char const*)
                0x00000000c001a4b1                Krnl::setEnvUser(char const*, char const*)
                0x00000000c001a4d0                Krnl::setEnvProcess(Process*, char const*, char const*)
                0x00000000c001a4e3                Krnl::deleteEnvSystem(char const*)
                0x00000000c001a4e4                Krnl::deleteEnvUser(char const*)
                0x00000000c001a4e5                Krnl::deleteEnvProcess(Process*, char const*)
                0x00000000c001a4e6                Krnl::newProcessEnv(Process*)
                0x00000000c001a508                Krnl::copyProcessEnv(Process*, Process*)
                0x00000000c001a55c                Krnl::loadSystemEnv()
                0x00000000c001a58a                Krnl::loadUserEnv()
                0x00000000c001a5b0                Krnl::flushEnv()
                0x00000000c001a5b1                Krnl::getProcessTotalEnvCount(Process*)
                0x00000000c001a5d1                Krnl::getProcessEnvPair(Process*, int)
 .text          0x00000000c001a695      0x396 krnl/panic.32
                0x00000000c001a695                Krnl::panic(char const*)
 .text          0x00000000c001aa2b      0x3b6 net/ethernet.32
                0x00000000c001aa2b                Net::switchEndian16(unsigned short)
                0x00000000c001aa4c                Net::switchEndian32(unsigned int)
                0x00000000c001aa7b                Net::crc32Calc(unsigned char*, int)
                0x00000000c001ab0c                Net::wrapEthernetFrame(Net::UnwrappedEthernetFrame, unsigned char*)
                0x00000000c001ac48                Net::unwrapEthernetFrame(unsigned char*, int)
 .text          0x00000000c001ade1      0x513 reg/registry.32
                0x00000000c001ade1                Reg::findLineFromLoadedData(char*, char*, char*)
                0x00000000c001af39                Reg::getLineFromRegistry(char*, char*, char*, char*)
                0x00000000c001b08e                Reg::getLine(char*, char*, char*)
                0x00000000c001b0c5                Reg::readInt(char*, char*, int*)
                0x00000000c001b1b0                Reg::readString(char*, char*, char*, int)
                0x00000000c001b231                Reg::readBool(char*, char*, bool*)
                0x00000000c001b256                Reg::readBoolWithDefault(char*, char*, bool)
                0x00000000c001b282                Reg::readIntWithDefault(char*, char*, int)
                0x00000000c001b2ae                Reg::readStringWithDefault(char*, char*, char*, int, char*)
 .text          0x00000000c001b2f4       0x36 sys/sc_eject.32
                0x00000000c001b2f4                Sys::eject(regs*)
 .text          0x00000000c001b32a       0x18 sys/sc_exit.32
                0x00000000c001b32a                Sys::exit(regs*)
 .text          0x00000000c001b342       0x1f sys/sc_getcwd.32
                0x00000000c001b342                Sys::getCwd(regs*)
 .text          0x00000000c001b361        0xc sys/sc_getpid.32
                0x00000000c001b361                Sys::getPID(regs*)
 .text          0x00000000c001b36d       0x17 sys/sc_getramdata.32
                0x00000000c001b36d                Sys::getRAMData(regs*)
 .text          0x00000000c001b384       0xa8 sys/sc_loaddll.32
                0x00000000c001b384                Sys::loadDLL(regs*)
 .text          0x00000000c001b42c       0x68 sys/sc_read.32
                0x00000000c001b42c                Sys::read(regs*)
 .text          0x00000000c001b494       0x9f sys/sc_sbrk.32
                0x00000000c001b494                Sys::sbrk(regs*)
 .text          0x00000000c001b533       0x1c sys/sc_setcwd.32
                0x00000000c001b533                Sys::setCwd(regs*)
 .text          0x00000000c001b54f      0x128 sys/sc_settime.32
                0x00000000c001b54f                Sys::setTime(regs*)
 .text          0x00000000c001b677       0x4a sys/sc_timezone.32
                0x00000000c001b677                Sys::timezone(regs*)
 .text          0x00000000c001b6c1       0x68 sys/sc_write.32
                0x00000000c001b6c1                Sys::write(regs*)
 .text          0x00000000c001b729       0x62 sys/sc_wsbe.32
                0x00000000c001b729                Sys::wsbe(regs*)
 .text          0x00000000c001b78b       0x3b sys/sc_yield.32
                0x00000000c001b78b                Sys::yield(regs*)
 .text          0x00000000c001b7c6     0x10e5 sys/syscalls.32
                0x00000000c001b7c6                sysCallSeekDir(regs*)
                0x00000000c001b7cb                sysCallTellDir(regs*)
                0x00000000c001b7d0                sysCallVerify(regs*)
                0x00000000c001b7da                sysFormatDisk(regs*)
                0x00000000c001b844                sysSetDiskVolumeLabel(regs*)
                0x00000000c001b88a                sysGetDiskVolumeLabel(regs*)
                0x00000000c001b8db                sysShutdown(regs*)
                0x00000000c001b939                sysCallRealpath(regs*)
                0x00000000c001b97c                sysCallGetArgc(regs*)
                0x00000000c001b9aa                sysCallReadDir(regs*)
                0x00000000c001ba38                sysCallIsATTY(regs*)
                0x00000000c001ba92                sysCallSeek(regs*)
                0x00000000c001bafb                sysCallTell(regs*)
                0x00000000c001bb78                sysCallSize(regs*)
                0x00000000c001bbfb                sysCallSizeFromFilename(regs*)
                0x00000000c001bcbb                sysCallClose(regs*)
                0x00000000c001bd43                sysCallOpenDir(regs*)
                0x00000000c001bdb8                sysCallCloseDir(regs*)
                0x00000000c001be1e                sysCallMakeDir(regs*)
                0x00000000c001be8e                sysCallWait(regs*)
                0x00000000c001bea8                sysCallNotImpl(regs*)
                0x00000000c001bec3                sysPanic(regs*)
                0x00000000c001bee9                sysCallRmdir(regs*)
                0x00000000c001bf4d                sysCallUnlink(regs*)
                0x00000000c001bfb1                sysCallGetArgv(regs*)
                0x00000000c001bffd                sysCallTTYName(regs*)
                0x00000000c001c080                sysCallUSleep(regs*)
                0x00000000c001c0a7                sysCallSpawn(regs*)
                0x00000000c001c0ff                sysCallGetEnv(regs*)
                0x00000000c001c237                sysAppSettings(regs*)
                0x00000000c001c356                sysSetFatAttrib(regs*)
                0x00000000c001c3c8                sysPipe(regs*)
                0x00000000c001c40d                sysGetUnixTime(regs*)
                0x00000000c001c421                string_ends_with(char const*, char const*)
                0x00000000c001c469                sysCallOpen(regs*)
                0x00000000c001c67e                Sys::loadSyscalls()
                0x00000000c001c869                Sys::systemCall(regs*, void*)
 .text          0x00000000c001c8ab     0x11d4 thr/elf.32
                0x00000000c001c8ab                Thr::allocateMemoryForTask(Process*, File*, unsigned long, unsigned long, unsigned long)
                0x00000000c001cb3d                Thr::loadProgramIntoMemory(Process*, char const*)
                0x00000000c001cd53                Thr::runtimeReferenceHelper()
                0x00000000c001cd66                Thr::getAddressOfKernelSymbol(char const*)
                0x00000000c001cdb5                Thr::loadKernelSymbolTable(char const*)
                0x00000000c001d073                Thr::loadDriverIntoMemory(char const*, unsigned long, bool)
                0x00000000c001d78f                Thr::getDriverBaseFromAddress(unsigned long)
                0x00000000c001d7c1                Thr::getDriverNameFromAddress(unsigned long)
                0x00000000c001d7f8                Thr::getDriverOffsetFromAddress(unsigned long)
                0x00000000c001d812                Thr::loadDLL(char const*, bool)
                0x00000000c001da46                Thr::executeDLL(unsigned long, void*)
 *fill*         0x00000000c001da7f        0x1 
 .text          0x00000000c001da80     0x1056 thr/prcssthr.32
                0x00000000c001da80                changeTSS
                0x00000000c001dab0                Process::addArgs(char**)
                0x00000000c001db0a                Process::Process(char const*, Process*, char**)
                0x00000000c001db0a                Process::Process(char const*, Process*, char**)
                0x00000000c001dcee                Process::Process(bool, char const*, Process*, char**)
                0x00000000c001dcee                Process::Process(bool, char const*, Process*, char**)
                0x00000000c001de9d                disableIRQs()
                0x00000000c001dea5                getIRQNestingLevel()
                0x00000000c001deab                enableIRQs()
                0x00000000c001deba                lockScheduler()
                0x00000000c001debc                unlockScheduler()
                0x00000000c001debe                userModeEntryPoint(void*)
                0x00000000c001dee1                lockStuff()
                0x00000000c001deed                taskStartupFunction
                0x00000000c001def6                updateTimeUsed()
                0x00000000c001df5b                switchToThread(ThreadControlBlock*)
                0x00000000c001dfac                Semaphore::Semaphore(int)
                0x00000000c001dfac                Semaphore::Semaphore(int)
                0x00000000c001dfda                Mutex::Mutex()
                0x00000000c001dfda                Mutex::Mutex()
                0x00000000c001dfec                Process::createThread(void (*)(void*), void*, int)
                0x00000000c001e0d0                Process::createUserThread()
                0x00000000c001e0ec                setupMultitasking(void (*)())
                0x00000000c001e1f6                schedule()
                0x00000000c001e27b                unlockStuff()
                0x00000000c001e2b0                Semaphore::tryAcquire()
                0x00000000c001e2de                Semaphore::assertLocked(char const*)
                0x00000000c001e30e                blockTaskWithSchedulerLockAlreadyHeld(TaskState)
                0x00000000c001e350                blockTask(TaskState)
                0x00000000c001e371                waitTask(int, int*, int)
                0x00000000c001e3b3                nanoSleepUntil(unsigned long long)
                0x00000000c001e40a                nanoSleep(unsigned long long)
                0x00000000c001e41f                sleep(unsigned long long)
                0x00000000c001e43c                Semaphore::acquire()
                0x00000000c001e4a4                taskReturned
                0x00000000c001e4d2                unblockTask(ThreadControlBlock*)
                0x00000000c001e581                cleanupTerminatedTask(ThreadControlBlock*)
                0x00000000c001e84a                cleanerTaskFunction(void*)
                0x00000000c001e8fd                terminateTask(int)
                0x00000000c001e9dd                Thr::terminateFromIRQ(int)
                0x00000000c001e9ea                Semaphore::release()
 .text          0x00000000c001ead6      0xc26 vm86/vm8086.32
                0x00000000c001ead6                Vm::inbv(unsigned short)
                0x00000000c001eae9                Vm::outbv(unsigned short, unsigned char)
                0x00000000c001eb3c                Vm::realToLinear(unsigned short, unsigned short)
                0x00000000c001eb4c                Vm::getSegment(unsigned int)
                0x00000000c001eb54                Vm::getOffset(unsigned int)
                0x00000000c001eb59                Vm::mainloop2()
                0x00000000c001eb94                Vm::mainVm8086Loop(void*)
                0x00000000c001eba1                Vm::mainloop3(unsigned long)
                0x00000000c001ebcb                Vm::initialise8086()
                0x00000000c001ec0e                Vm::finish8086()
                0x00000000c001ec53                Vm::getOutput8086(unsigned char*)
                0x00000000c001ec7d                Vm::start8086(char const*, unsigned short, unsigned short, unsigned short, unsigned short)
                0x00000000c001edcd                Vm::doISR(regs*, int, unsigned char*, unsigned short, unsigned short)
                0x00000000c001ee57                Vm::readByteFromReal(unsigned short, unsigned short)
                0x00000000c001ee68                Vm::readWordFromReal(unsigned short, unsigned short)
                0x00000000c001ee7a                Vm::readDwordFromReal(unsigned short, unsigned short)
                0x00000000c001ee8b                Vm::writeByteFromReal(unsigned short, unsigned short, unsigned char)
                0x00000000c001eea0                Vm::writeWordFromReal(unsigned short, unsigned short, unsigned short)
                0x00000000c001eeb6                Vm::writeDwordFromReal(unsigned short, unsigned short, unsigned int)
                0x00000000c001eecb                Vm::faultHandler(regs*)
 .text          0x00000000c001f6fc      0xefd vm86/x87em.32
                0x00000000c001f6fc                Vm::fpuInternalTo32(unsigned long long)
                0x00000000c001f757                Vm::fpuInternalTo64(unsigned long long)
                0x00000000c001f760                Vm::fpu32ToInternal(unsigned int)
                0x00000000c001f7a5                Vm::fpu64ToInternal(unsigned long long)
                0x00000000c001f7ae                Vm::fpuFloatToLong(unsigned long long)
                0x00000000c001f809                Vm::fpuULongToFloat(unsigned long long)
                0x00000000c001f83f                Vm::fpuLongToFloat(long long)
                0x00000000c001f895                Vm::fpuGet0()
                0x00000000c001f89a                Vm::fpuGet1()
                0x00000000c001f8a2                Vm::fpuGetPi()
                0x00000000c001f8aa                Vm::fpuGetLog2E()
                0x00000000c001f8c2                Vm::fpuGetLogE2()
                0x00000000c001f8da                Vm::fpuGetLog210()
                0x00000000c001f8f2                Vm::fpuGetLog102()
                0x00000000c001f90a                Vm::fpuIsSecondLarger(unsigned long long, unsigned long long)
                0x00000000c001f91e                Vm::fpuAreEqual(unsigned long long, unsigned long long)
                0x00000000c001f934                Vm::fpuUnorderedCompare(unsigned long long, unsigned long long)
                0x00000000c001f987                Vm::fpuAdd(unsigned long long, unsigned long long)
                0x00000000c001f998                Vm::fpuAbs(unsigned long long)
                0x00000000c001f9a1                Vm::fpuChs(unsigned long long)
                0x00000000c001f9b1                Vm::fpuSub(unsigned long long, unsigned long long)
                0x00000000c001f9c0                Vm::fpuMultiply(unsigned long long, unsigned long long)
                0x00000000c001f9df                Vm::fpuDivide(unsigned long long, unsigned long long)
                0x00000000c001f9fb                Vm::fpuSquare(unsigned long long)
                0x00000000c001fa11                Vm::fpuGetReg(int)
                0x00000000c001fa54                Vm::fpuSetReg(int, unsigned long long)
                0x00000000c001fa9f                Vm::fpuPush(unsigned long long)
                0x00000000c001fafc                Vm::fpuPop()
                0x00000000c001fb4e                Vm::x87Handler(regs*)
 *fill*         0x00000000c00205f9        0x1 
 .text          0x00000000c00205fa     0x10ed fs/fat/vfslink.32
                0x00000000c00205fa                FAT::getName()
                0x00000000c0020600                FAT::tell(void*, unsigned long long*)
                0x00000000c0020634                FAT::stat(void*, unsigned long long*)
                0x00000000c0020668                FAT::~FAT()
                0x00000000c0020668                FAT::~FAT()
                0x00000000c002068c                FAT::~FAT()
                0x00000000c00206b4                FAT::getlabel(LogicalDisk*, int, char*, unsigned int*)
                0x00000000c0020752                FAT::setlabel(LogicalDisk*, int, char*)
                0x00000000c002080c                FAT::format(LogicalDisk*, int, char const*, int)
                0x00000000c00209f0                FAT::tryMount(LogicalDisk*, int)
                0x00000000c0020bf6                FAT::readDir(void*, unsigned long, void*, int*)
                0x00000000c0020cfc                FAT::read(void*, unsigned long, void*, int*)
                0x00000000c0020d56                FAT::write(void*, unsigned long, void*, int*)
                0x00000000c0020db0                FAT::close(void*)
                0x00000000c0020dfc                FAT::closeDir(void*)
                0x00000000c0020e48                FAT::seek(void*, unsigned long long)
                0x00000000c0020e9c                fatWrapperReadDisk
                0x00000000c0020ee3                fatWrapperWriteDisk
                0x00000000c0020f2a                fatWrapperIoctl
                0x00000000c002102e                FAT::FAT()
                0x00000000c002102e                FAT::FAT()
                0x00000000c0021080                FAT::fixFilepath(char*)
                0x00000000c00210b8                FAT::open(char const*, void**, FileOpenMode)
                0x00000000c00211e0                FAT::openDir(char const*, void**)
                0x00000000c0021286                FAT::stat(char const*, unsigned long long*, bool*)
                0x00000000c0021370                FAT::unlink(char const*)
                0x00000000c00213ea                FAT::chfatattr(char const*, unsigned char, unsigned char)
                0x00000000c002153e                FAT::rename(char const*, char const*)
                0x00000000c0021602                FAT::mkdir(char const*)
                0x00000000c002167c                FAT::exists(char const*)
 *fill*         0x00000000c00216e7        0x1 
 .text          0x00000000c00216e8      0xbc1 fs/iso9660/vfslink.32
                0x00000000c00216e8                ISO9660::format(LogicalDisk*, int, char const*, int)
                0x00000000c00216ee                ISO9660::seek(void*, unsigned long long)
                0x00000000c002171e                ISO9660::tell(void*, unsigned long long*)
                0x00000000c0021742                ISO9660::getName()
                0x00000000c0021748                ISO9660::stat(void*, unsigned long long*)
                0x00000000c002176c                ISO9660::chfatattr(char const*, unsigned char, unsigned char)
                0x00000000c0021772                ISO9660::unlink(char const*)
                0x00000000c0021778                ISO9660::write(void*, unsigned long, void*, int*)
                0x00000000c002177e                ISO9660::rename(char const*, char const*)
                0x00000000c0021784                ISO9660::mkdir(char const*)
                0x00000000c002178a                ISO9660::close(void*)
                0x00000000c00217ac                ISO9660::closeDir(void*)
                0x00000000c00217ce                ISO9660::~ISO9660()
                0x00000000c00217ce                ISO9660::~ISO9660()
                0x00000000c00217f2                ISO9660::~ISO9660()
                0x00000000c0021819                __memmem(unsigned char*, int, unsigned char*, int)
                0x00000000c002185b                readSectorFromCDROM(unsigned int, unsigned char*, char)
                0x00000000c00218c2                ISO9660::tryMount(LogicalDisk*, int)
                0x00000000c0021912                ISO9660::read(void*, unsigned long, void*, int*)
                0x00000000c0021b12                ISO9660::readDir(void*, unsigned long, void*, int*)
                0x00000000c0021d9f                readRoot(unsigned int*, unsigned int*, char)
                0x00000000c0021df4                readRecursively(char*, unsigned int, unsigned int, unsigned int*, unsigned int*, char, int*)
                0x00000000c0021fc7                getFileData(char*, unsigned int*, unsigned int*, char, int*)
                0x00000000c0022056                ISO9660::open(char const*, void**, FileOpenMode)
                0x00000000c0022116                ISO9660::exists(char const*)
                0x00000000c002213a                ISO9660::stat(char const*, unsigned long long*, bool*)
                0x00000000c00221ce                ISO9660::openDir(char const*, void**)
                0x00000000c0022286                ISO9660::ISO9660()
                0x00000000c0022286                ISO9660::ISO9660()
 *fill*         0x00000000c00222a9        0x1 
 .text          0x00000000c00222aa      0x326 hal/sound/sndchannel.32
                0x00000000c00222aa                SoundChannel::~SoundChannel()
                0x00000000c00222aa                SoundChannel::~SoundChannel()
                0x00000000c00222c6                SoundChannel::setSpeed(float)
                0x00000000c00222d2                SoundChannel::getSpeed()
                0x00000000c00222da                SoundChannel::setVolume(int)
                0x00000000c00222f6                SoundChannel::getVolume()
                0x00000000c00222fe                SoundChannel::pause()
                0x00000000c0022308                SoundChannel::SoundChannel(int, int, int, int)
                0x00000000c0022308                SoundChannel::SoundChannel(int, int, int, int)
                0x00000000c002245e                SoundChannel::play()
                0x00000000c0022468                SoundChannel::paused()
                0x00000000c0022470                SoundChannel::getSampleRate()
                0x00000000c0022478                SoundChannel::getBits()
                0x00000000c0022480                SoundChannel::getBufferUsed()
                0x00000000c0022488                SoundChannel::getBufferSize()
                0x00000000c0022490                SoundChannel::unbuffer(float*, int, int)
                0x00000000c0022530                SoundChannel::buffer8(unsigned char*, int)
 .text          0x00000000c00225d0      0x3d5 hal/sound/sndhw.32
                0x00000000c00225d0                SoundDevice::SoundDevice(char const*)
                0x00000000c00225d0                SoundDevice::SoundDevice(char const*)
                0x00000000c002263c                SoundDevice::~SoundDevice()
                0x00000000c002263c                SoundDevice::~SoundDevice()
                0x00000000c00226b6                SoundDevice::~SoundDevice()
                0x00000000c00226e0                SoundDevice::getFreeChannelNum()
                0x00000000c00226fa                SoundDevice::addChannel(SoundChannel*)
                0x00000000c002276a                SoundDevice::removeChannel(int)
                0x00000000c002279c                SoundDevice::floatTo8(float*, unsigned char*, int)
                0x00000000c0022884                SoundDevice::getAudio(int, float*, float*)
 .text          0x00000000c00229a5        0x0 hw/bus/isa.32
 *fill*         0x00000000c00229a5        0x1 
 .text          0x00000000c00229a6      0x6c3 hw/bus/pci.32
                0x00000000c00229a6                PCI::open(int, int, void*)
                0x00000000c00229ba                PCI::close(int, int, void*)
                0x00000000c00229be                PCI::PCI()
                0x00000000c00229be                PCI::PCI()
                0x00000000c0022a3e                PCI::pciReadWord(unsigned char, unsigned char, unsigned char, unsigned char)
                0x00000000c0022a86                PCI::getVendorID(unsigned char, unsigned char, unsigned char)
                0x00000000c0022aa8                PCI::getHeaderType(unsigned char, unsigned char, unsigned char)
                0x00000000c0022acc                PCI::getClassCode(unsigned char, unsigned char, unsigned char)
                0x00000000c0022b10                PCI::getProgIF(unsigned char, unsigned char, unsigned char)
                0x00000000c0022b34                PCI::getRevisionID(unsigned char, unsigned char, unsigned char)
                0x00000000c0022b56                PCI::getInterruptNumber(unsigned char, unsigned char, unsigned char)
                0x00000000c0022b78                PCI::getSecondaryBus(unsigned char, unsigned char, unsigned char)
                0x00000000c0022b9c                PCI::getBARAddress(unsigned char, unsigned char, unsigned char, unsigned char)
                0x00000000c0022bfc                PCI::pciWriteWord(unsigned char, unsigned char, unsigned char, unsigned char, unsigned short)
                0x00000000c0022c68                PCI::checkBus(unsigned char)
                0x00000000c0022c8c                PCI::foundDevice(PCIDeviceInfo)
                0x00000000c0022dfe                PCI::getDeviceData(unsigned char, unsigned char, unsigned char)
                0x00000000c0022faa                PCI::checkDevice(unsigned char, unsigned char)
                0x00000000c0023016                PCI::detect()
 *fill*         0x00000000c0023069        0x1 
 .text          0x00000000c002306a      0xc70 hw/diskctrl/ide.32
                0x00000000c002306a                IDE::close(int, int, void*)
                0x00000000c002306e                IDE::IDE()
                0x00000000c002306e                IDE::IDE()
                0x00000000c00230a2                IDE::prepareInterrupt(unsigned char)
                0x00000000c00230b4                selectDrive(unsigned char, unsigned char)
                0x00000000c00230b6                IDE::getBase(unsigned char)
                0x00000000c00230c8                IDE::write(unsigned char, unsigned char, unsigned char)
                0x00000000c0023188                IDE::read(unsigned char, unsigned char)
                0x00000000c0023236                IDE::waitInterrupt(unsigned char)
                0x00000000c002329c                ideChannel0IRQHandler(regs*, void*)
                0x00000000c00232b8                ideChannel1IRQHandler(regs*, void*)
                0x00000000c00232d4                IDE::enableIRQs(unsigned char, bool)
                0x00000000c002331a                IDE::open(int, int, void*)
                0x00000000c002372a                IDE::readBuffer(unsigned char, unsigned char, unsigned int, unsigned int)
                0x00000000c00237f6                IDE::detect()
                0x00000000c0023ade                IDE::printError(unsigned char, unsigned char, unsigned char)
                0x00000000c0023c74                IDE::polling(unsigned char, unsigned int)
 .text          0x00000000c0023cda      0x390 hw/diskctrl/satabus.32
                0x00000000c0023cda                SATABus::close(int, int, void*)
                0x00000000c0023cde                SATABus::detect()
                0x00000000c0023ce0                SATABus::SATABus()
                0x00000000c0023ce0                SATABus::SATABus()
                0x00000000c0023d8c                SATABus::findCmdslot(SATABus::tagHBA_PORT volatile*)
                0x00000000c0023dd4                SATABus::checkType(SATABus::tagHBA_PORT volatile*)
                0x00000000c0023e1c                SATABus::startCmd(SATABus::tagHBA_PORT volatile*)
                0x00000000c0023e3c                SATABus::stopCmd(SATABus::tagHBA_PORT volatile*)
                0x00000000c0023e66                SATABus::portRebase(SATABus::tagHBA_PORT volatile*, int)
                0x00000000c0023f6c                SATABus::probePort(SATABus::tagHBA_MEM volatile*)
                0x00000000c002404a                SATABus::open(int, int, void*)
 .text          0x00000000c002406a      0x63c hw/diskphys/ata.32
                0x00000000c002406a                ATA::close(int, int, void*)
                0x00000000c002408e                ATA::powerSaving(PowerSavingLevel)
                0x00000000c0024090                ATA::ATA()
                0x00000000c0024090                ATA::ATA()
                0x00000000c00240be                ATA::flush(bool)
                0x00000000c0024108                ATA::readyForCommand()
                0x00000000c0024158                ATA::access(unsigned long long, int, void*, bool)
                0x00000000c00244e0                ATA::read(unsigned long long, int, void*)
                0x00000000c0024548                ATA::write(unsigned long long, int, void*)
                0x00000000c00245b0                ATA::detectCHS()
                0x00000000c00245da                ATA::open(int, int, void*)
 .text          0x00000000c00246a6      0x5bd hw/diskphys/atapi.32
                0x00000000c00246a6                ATAPI::write(unsigned long long, int, void*)
                0x00000000c00246ac                ATAPI::close(int, int, void*)
                0x00000000c00246d0                ATAPI::ATAPI()
                0x00000000c00246d0                ATAPI::ATAPI()
                0x00000000c00246fe                ATAPI::readyForCommand()
                0x00000000c002474e                ATAPI::sendPacket(unsigned char*, int, bool, unsigned short*, int)
                0x00000000c0024a0e                ATAPI::diskRemoved()
                0x00000000c0024a2a                ATAPI::eject()
                0x00000000c0024a72                ATAPI::diskInserted()
                0x00000000c0024aa0                ATAPI::detectMedia()
                0x00000000c0024b5c                ATAPI::open(int, int, void*)
                0x00000000c0024be4                ATAPI::read(unsigned long long, int, void*)
 *fill*         0x00000000c0024c63        0x1 
 .text          0x00000000c0024c64      0x455 hw/diskphys/sata.32
                0x00000000c0024c64                SATA::close(int, int, void*)
                0x00000000c0024c88                SATA::powerSaving(PowerSavingLevel)
                0x00000000c0024c8a                SATA::open(int, int, void*)
                0x00000000c0024d38                SATA::SATA()
                0x00000000c0024d38                SATA::SATA()
                0x00000000c0024d66                SATA::access(unsigned long long, int, void*, bool)
                0x00000000c0024fcc                SATA::read(unsigned long long, int, void*)
                0x00000000c0025034                SATA::write(unsigned long long, int, void*)
 *fill*         0x00000000c00250b9        0x1 
 .text          0x00000000c00250ba      0x500 hw/diskphys/satapi.32
                0x00000000c00250ba                SATAPI::write(unsigned long long, int, void*)
                0x00000000c00250c0                SATAPI::close(int, int, void*)
                0x00000000c00250e4                SATAPI::SATAPI()
                0x00000000c00250e4                SATAPI::SATAPI()
                0x00000000c0025112                SATAPI::diskRemoved()
                0x00000000c002512e                SATAPI::diskInserted()
                0x00000000c002515c                SATAPI::sendPacket(unsigned char*, int, unsigned long long, unsigned short*, int)
                0x00000000c0025360                SATAPI::eject()
                0x00000000c00253a8                SATAPI::detectMedia()
                0x00000000c002546a                SATAPI::open(int, int, void*)
                0x00000000c0025518                SATAPI::read(unsigned long long, int, void*)
 .text          0x00000000c00255ba       0x8e hw/fpu/avx.32
                0x00000000c00255ba                AVX::open(int, int, void*)
                0x00000000c00255cc                AVX::close(int, int, void*)
                0x00000000c00255de                AVX::available()
                0x00000000c00255f0                AVX::save(void*)
                0x00000000c0025608                AVX::load(void*)
                0x00000000c0025620                AVX::AVX()
                0x00000000c0025620                AVX::AVX()
 .text          0x00000000c0025648       0x90 hw/fpu/mmx.32
                0x00000000c0025648                MMX::available()
                0x00000000c002565c                MMX::open(int, int, void*)
                0x00000000c002566e                MMX::close(int, int, void*)
                0x00000000c0025680                MMX::save(void*)
                0x00000000c0025698                MMX::load(void*)
                0x00000000c00256b0                MMX::MMX()
                0x00000000c00256b0                MMX::MMX()
 .text          0x00000000c00256d8       0x96 hw/fpu/sse.32
                0x00000000c00256d8                SSE::open(int, int, void*)
                0x00000000c00256ea                SSE::close(int, int, void*)
                0x00000000c00256fc                SSE::available()
                0x00000000c0025716                SSE::save(void*)
                0x00000000c002572e                SSE::load(void*)
                0x00000000c0025746                SSE::SSE()
                0x00000000c0025746                SSE::SSE()
 .text          0x00000000c002576e       0x8e hw/fpu/x87.32
                0x00000000c002576e                x87::open(int, int, void*)
                0x00000000c0025780                x87::close(int, int, void*)
                0x00000000c0025792                x87::available()
                0x00000000c00257a4                x87::save(void*)
                0x00000000c00257bc                x87::load(void*)
                0x00000000c00257d4                x87::x87()
                0x00000000c00257d4                x87::x87()
 .text          0x00000000c00257fc      0x71e hw/intctrl/apic.32
                0x00000000c00257fc                APIC::disable()
                0x00000000c00257fe                APIC::close(int, int, void*)
                0x00000000c0025820                IOAPIC::close(int, int, void*)
                0x00000000c0025826                APIC::io_wait()
                0x00000000c002582c                APIC::getBase()
                0x00000000c002586e                APIC::eoi(unsigned char)
                0x00000000c002589c                APIC::open(int, int, void*)
                0x00000000c00259ea                IOAPIC::IOAPIC()
                0x00000000c00259ea                IOAPIC::IOAPIC()
                0x00000000c0025a12                APIC::APIC()
                0x00000000c0025a12                APIC::APIC()
                0x00000000c0025aee                IOAPIC::handlesGSIWithNumber(unsigned int)
                0x00000000c0025b20                IOAPIC::read(int)
                0x00000000c0025b48                IOAPIC::open(int, int, void*)
                0x00000000c0025c3e                IOAPIC::write(int, int)
                0x00000000c0025c6a                IOAPIC::redirect(unsigned char, unsigned long long, unsigned char, bool, bool)
                0x00000000c0025d64                APIC::installIRQHandler(int, void (*)(regs*, void*), bool, void*)
 .text          0x00000000c0025f1a      0x3d3 hw/intctrl/pic.32
                0x00000000c0025f1a                PIC::disable()
                0x00000000c0025f48                PIC::close(int, int, void*)
                0x00000000c0025f6a                PIC::PIC()
                0x00000000c0025f6a                PIC::PIC()
                0x00000000c0026040                PIC::ioWait()
                0x00000000c0026046                PIC::getIRQReg(int)
                0x00000000c00260b0                PIC::eoi(unsigned char)
                0x00000000c0026142                PIC::remap()
                0x00000000c00262ae                PIC::open(int, int, void*)
 *fill*         0x00000000c00262ed        0x1 
 .text          0x00000000c00262ee      0x25e hw/timer/apictimer.32
                0x00000000c00262ee                APICTimer::close(int, int, void*)
                0x00000000c00262f4                apicTimerHandler(regs*, void*)
                0x00000000c0026322                APICTimer::write(int)
                0x00000000c0026426                APICTimer::open(int, int, void*)
                0x00000000c0026524                APICTimer::APICTimer()
                0x00000000c0026524                APICTimer::APICTimer()
 .text          0x00000000c002654c      0x1a7 hw/timer/pit.32
                0x00000000c002654c                PIT::write(int)
                0x00000000c00265ca                pitHandler(regs*, void*)
                0x00000000c00265f6                PIT::open(int, int, void*)
                0x00000000c0026644                PIT::close(int, int, void*)
                0x00000000c0026674                PIT::PIT()
                0x00000000c0026674                PIT::PIT()
 *fill*         0x00000000c00266f3        0xd 
 .text          0x00000000c0026700       0x1e hw/fpu/x86/avx.32
                0x00000000c0026700                avxDetect
                0x00000000c0026706                avxSave
                0x00000000c0026707                avxLoad
                0x00000000c0026708                avxInit
                0x00000000c0026709                avxClose
                0x00000000c002670a                wouldSheSayYes
 *fill*         0x00000000c002671e        0x2 
 .text          0x00000000c0026720       0x35 hw/fpu/x86/sse.32
                0x00000000c0026720                absolutelyNoChanceInHell
                0x00000000c0026720                sseDetect
                0x00000000c0026738                sseSave
                0x00000000c002673e                sseLoad
                0x00000000c0026744                sseInit
                0x00000000c0026754                sseClose
 *fill*         0x00000000c0026755        0xb 
 .text          0x00000000c0026760       0x47 hw/fpu/x86/x87.32
                0x00000000c0026766                x87Detect
                0x00000000c0026781                x87Save
                0x00000000c0026787                x87Load
                0x00000000c002678c                x87Init
                0x00000000c00267a6                x87Close
 *fill*         0x00000000c00267a7        0x1 
 .text          0x00000000c00267a8       0x25 /cygdrive/d/Users/Alex/Desktop/Toolchain/Output/bin/../lib/gcc/i386-banana/8.1.0/crtend.o
 .text          0x00000000c00267cd        0x0 crtn.32
 *fill*         0x00000000c00267cd        0x3 
 .text          0x00000000c00267d0      0x14b /cygdrive/d/Users/Alex/Desktop/Toolchain/Output/bin/../lib/gcc/i386-banana/8.1.0/libkgcc.a(_divdi3.o)
                0x00000000c00267d0                __divdi3
 *fill*         0x00000000c002691b        0x1 
 .text          0x00000000c002691c      0x17e /cygdrive/d/Users/Alex/Desktop/Toolchain/Output/bin/../lib/gcc/i386-banana/8.1.0/libkgcc.a(_moddi3.o)
                0x00000000c002691c                __moddi3
 *fill*         0x00000000c0026a9a        0x2 
 .text          0x00000000c0026a9c       0xff /cygdrive/d/Users/Alex/Desktop/Toolchain/Output/bin/../lib/gcc/i386-banana/8.1.0/libkgcc.a(_udivdi3.o)
                0x00000000c0026a9c                __udivdi3
 *fill*         0x00000000c0026b9b        0x1 
 .text          0x00000000c0026b9c      0x11a /cygdrive/d/Users/Alex/Desktop/Toolchain/Output/bin/../lib/gcc/i386-banana/8.1.0/libkgcc.a(_umoddi3.o)
                0x00000000c0026b9c                __umoddi3
 .text          0x00000000c0026cb6      0x96d D:/Users/Alex/Desktop/Banana/kernel/libsoftfp.a(sfieeelib.o)
                0x00000000c0026cb6                __addsf3
                0x00000000c0026fb8                __subsf3
                0x00000000c0026fcc                __negsf2
                0x00000000c0026fd9                __mulsf3
                0x00000000c002719c                __divsf3
                0x00000000c00273c7                __floatsisf
                0x00000000c002743b                __floatunsisf
                0x00000000c002747d                __fixsfsi
                0x00000000c00274df                __fixunssfsi