Archive member included to satisfy reference by file (symbol)

/cygdrive/d/Users/Alex/Desktop/Toolchain/Output/bin/../lib/gcc/i386-banana/8.1.0/libkgcc.a(_divdi3.o)
                              krnl/resolve.32 (__divdi3)
/cygdrive/d/Users/Alex/Desktop/Toolchain/Output/bin/../lib/gcc/i386-banana/8.1.0/libkgcc.a(_moddi3.o)
                              krnl/resolve.32 (__moddi3)
/cygdrive/d/Users/Alex/Desktop/Toolchain/Output/bin/../lib/gcc/i386-banana/8.1.0/libkgcc.a(_udivdi3.o)
                              hal/clock.32 (__udivdi3)
/cygdrive/d/Users/Alex/Desktop/Toolchain/Output/bin/../lib/gcc/i386-banana/8.1.0/libkgcc.a(_umoddi3.o)
                              hal/clock.32 (__umoddi3)

Allocating common symbols
Common symbol       size              file

dcache              0x40              fs/iso9660/iso9660.32
cdDriveLetter       0x1               fs/iso9660/iso9660.32
icache              0x40              fs/iso9660/iso9660.32

Discarded input sections

 .comment       0x0000000000000000       0x12 /cygdrive/d/Users/Alex/Desktop/Toolchain/Output/bin/../lib/gcc/i386-banana/8.1.0/crtbegin.o
 .comment       0x0000000000000000       0x12 acpica/utclib.32
 .comment       0x0000000000000000       0x12 krnl/malloc.32
 .comment       0x0000000000000000       0x12 libk/ctype.32
 .comment       0x0000000000000000       0x12 libk/string.32
 .comment       0x0000000000000000       0x12 arch/i386/cc.32
 .comment       0x0000000000000000       0x12 fs/fat/diskio.32
 .comment       0x0000000000000000       0x12 fs/fat/ff.32
 .comment       0x0000000000000000       0x12 fs/fat/ffsystem.32
 .comment       0x0000000000000000       0x12 fs/fat/ffunicode.32
 .comment       0x0000000000000000       0x12 fs/iso9660/iso9660.32
 .comment       0x0000000000000000       0x12 dbg/kconsole.32
 .comment       0x0000000000000000       0x12 dbg/usban.32
 .comment       0x0000000000000000       0x12 fs/symlink.32
 .group         0x0000000000000000        0xc fs/vfs.32
 .group         0x0000000000000000        0xc fs/vfs.32
 .group         0x0000000000000000        0xc fs/vfs.32
 .comment       0x0000000000000000       0x12 fs/vfs.32
 .group         0x0000000000000000        0xc hal/bus.32
 .comment       0x0000000000000000       0x12 hal/bus.32
 .comment       0x0000000000000000       0x12 hal/buzzer.32
 .group         0x0000000000000000        0xc hal/clock.32
 .comment       0x0000000000000000       0x12 hal/clock.32
 .group         0x0000000000000000       0x14 hal/device.32
 .group         0x0000000000000000        0xc hal/device.32
 .group         0x0000000000000000        0x8 hal/device.32
 .group         0x0000000000000000        0xc hal/device.32
 .group         0x0000000000000000        0xc hal/device.32
 .comment       0x0000000000000000       0x12 hal/device.32
 .group         0x0000000000000000        0xc hal/diskctrl.32
 .comment       0x0000000000000000       0x12 hal/diskctrl.32
 .group         0x0000000000000000        0xc hal/diskphys.32
 .comment       0x0000000000000000       0x12 hal/diskphys.32
 .comment       0x0000000000000000       0x12 hal/fpu.32
 .comment       0x0000000000000000       0x12 hal/intctrl.32
 .group         0x0000000000000000        0xc hal/keybrd.32
 .comment       0x0000000000000000       0x12 hal/keybrd.32
 .group         0x0000000000000000        0xc hal/logidisk.32
 .comment       0x0000000000000000       0x12 hal/logidisk.32
 .group         0x0000000000000000        0xc hal/mouse.32
 .comment       0x0000000000000000       0x12 hal/mouse.32
 .group         0x0000000000000000        0xc hal/nic.32
 .comment       0x0000000000000000       0x12 hal/nic.32
 .comment       0x0000000000000000       0x12 hal/partition.32
 .group         0x0000000000000000        0xc hal/serial.32
 .comment       0x0000000000000000       0x12 hal/serial.32
 .group         0x0000000000000000        0x8 hal/timer.32
 .group         0x0000000000000000        0x8 hal/timer.32
 .group         0x0000000000000000        0xc hal/timer.32
 .group         0x0000000000000000        0xc hal/timer.32
 .group         0x0000000000000000        0xc hal/timer.32
 .comment       0x0000000000000000       0x12 hal/timer.32
 .group         0x0000000000000000        0xc hal/vcache.32
 .comment       0x0000000000000000       0x12 hal/vcache.32
 .group         0x0000000000000000        0xc hal/video.32
 .comment       0x0000000000000000       0x12 hal/video.32
 .group         0x0000000000000000       0x14 hw/acpi.32
 .group         0x0000000000000000        0x8 hw/acpi.32
 .group         0x0000000000000000        0x8 hw/acpi.32
 .group         0x0000000000000000        0x8 hw/acpi.32
 .group         0x0000000000000000        0xc hw/acpi.32
 .group         0x0000000000000000        0xc hw/acpi.32
 .comment       0x0000000000000000       0x12 hw/acpi.32
 .group         0x0000000000000000       0x14 hw/cpu.32
 .group         0x0000000000000000        0xc hw/cpu.32
 .comment       0x0000000000000000       0x12 hw/cpu.32
[...]
Memory Configuration

Name             Origin             Length             Attributes
*default*        0x0000000000000000 0xffffffffffffffff

Linker script and memory map

LOAD D:/Users/Alex/Desktop/Banana/kernel/boot.32
LOAD crti.32
LOAD /cygdrive/d/Users/Alex/Desktop/Toolchain/Output/bin/../lib/gcc/i386-banana/8.1.0/crtbegin.o
LOAD D:/Users/Alex/Desktop/Banana/kernel/morenasm.32
LOAD acpica/utclib.32
LOAD krnl/malloc.32
LOAD libk/ctype.32
LOAD libk/string.32
LOAD arch/i386/cc.32
LOAD fs/fat/diskio.32
LOAD fs/fat/ff.32
LOAD fs/fat/ffsystem.32
LOAD fs/fat/ffunicode.32
LOAD fs/iso9660/iso9660.32
LOAD dbg/kconsole.32
LOAD dbg/usban.32
LOAD fs/symlink.32
LOAD fs/vfs.32
LOAD hal/bus.32
LOAD hal/buzzer.32
LOAD hal/clock.32
LOAD hal/device.32
LOAD hal/diskctrl.32
LOAD hal/diskphys.32
LOAD hal/fpu.32
LOAD hal/intctrl.32
LOAD hal/keybrd.32
LOAD hal/logidisk.32
LOAD hal/mouse.32
LOAD hal/nic.32
LOAD hal/partition.32
LOAD hal/serial.32
LOAD hal/timer.32
LOAD hal/vcache.32
LOAD hal/video.32
LOAD hw/acpi.32
LOAD hw/cpu.32
LOAD krnl/atexit.32
LOAD krnl/bootmsg.32
LOAD krnl/c++.32
LOAD krnl/cdefs.32
LOAD krnl/cm.32
LOAD krnl/compat.32
LOAD krnl/computer.32
LOAD krnl/crc32.32
LOAD krnl/env.32
LOAD krnl/fault.32
LOAD krnl/gdt.32
LOAD krnl/idle.32
LOAD krnl/idt.32
LOAD krnl/inlines.32
LOAD krnl/kheap.32
LOAD krnl/mailbox.32
LOAD krnl/main.32
LOAD krnl/mutex.32
LOAD krnl/panic.32
LOAD krnl/physmgr.32
LOAD krnl/pipe.32
LOAD krnl/powctrl.32
LOAD krnl/random.32
LOAD krnl/resolve.32
LOAD krnl/semaphore.32
LOAD krnl/signal.32
LOAD krnl/syscalls.32
LOAD krnl/terminal.32
LOAD krnl/tss.32
LOAD krnl/unixfile.32
LOAD krnl/virtmgr.32
LOAD sys/eject.32
LOAD sys/exit.32
LOAD sys/getcwd.32
LOAD sys/getpid.32
LOAD sys/getramdata.32
LOAD sys/getvgaptr.32
LOAD sys/kill.32
LOAD sys/loaddll.32
LOAD sys/read.32
LOAD sys/registersignal.32
LOAD sys/registry.32
LOAD sys/sbrk.32
LOAD sys/setcwd.32
LOAD sys/settime.32
LOAD sys/symlink.32
LOAD sys/timezone.32
LOAD sys/truncate.32
LOAD sys/write.32
LOAD sys/wsbe.32
LOAD sys/yield.32
LOAD thr/elf.32
LOAD thr/exec.32
LOAD thr/prcssthr.32
LOAD vm86/vm8086.32
LOAD arch/i386/hal.32
LOAD arch/i386/pic.32
LOAD arch/i386/rtc.32
LOAD arch/i386/vga.32
LOAD fs/fat/vfslink.32
LOAD fs/iso9660/helper.32
LOAD fs/iso9660/vfslink.32
LOAD hal/sound/sndcard.32
LOAD hal/sound/sndport.32
LOAD hw/bus/isa.32
LOAD hw/bus/pci.32
LOAD hw/diskctrl/ide.32
LOAD hw/diskctrl/satabus.32
LOAD hw/diskphys/ata.32
LOAD hw/diskphys/atapi.32
LOAD hw/diskphys/sata.32
LOAD hw/diskphys/satapi.32
LOAD hw/intctrl/apic.32
LOAD hw/timer/apictimer.32
LOAD hw/timer/pit.32
LOAD arch/i386/avx.32
LOAD arch/i386/interrupt.32
LOAD arch/i386/rdrand.32
LOAD arch/i386/sse.32
LOAD arch/i386/x87.32
LOAD /cygdrive/d/Users/Alex/Desktop/Toolchain/Output/bin/../lib/gcc/i386-banana/8.1.0/crtend.o
LOAD crtn.32
LOAD /cygdrive/d/Users/Alex/Desktop/Toolchain/Output/bin/../lib/gcc/i386-banana/8.1.0/libkgcc.a
LOAD D:/Users/Alex/Desktop/Banana/kernel/libsoftfp.a
LOAD D:/Users/Alex/Desktop/Banana/kernel/libk/libm32.a
                0x00000000c0000000                . = 0xc0000000

.text           0x00000000c0000000    0x1feba
 *(.text)
 .text          0x00000000c0000000       0x20 D:/Users/Alex/Desktop/Banana/kernel/boot.32
 .text          0x00000000c0000020        0x0 crti.32
 .text          0x00000000c0000020      0x101 /cygdrive/d/Users/Alex/Desktop/Toolchain/Output/bin/../lib/gcc/i386-banana/8.1.0/crtbegin.o
 *fill*         0x00000000c0000121        0xf 
 .text          0x00000000c0000130      0x24f D:/Users/Alex/Desktop/Banana/kernel/morenasm.32
                0x00000000c0000130                manualPCIProbe
                0x00000000c000017b                prepareTramp
                0x00000000c0000194                doTPAUSE
                0x00000000c000019e                hasLegacyFPU
                0x00000000c00001c3                is486
                0x00000000c00001f9                detectCPUID
                0x00000000c000020f                goToVM86
                0x00000000c000023f                goToUsermode
                0x00000000c0000269                switchToThreadASMFirstTime
                0x00000000c0000277                switchToThreadASM
                0x00000000c00002fc                asmQuickAcquireLock
                0x00000000c000031a                asmQuickReleaseLock
                0x00000000c0000326                asmAcquireLock
                0x00000000c0000347                asmReleaseLock
                0x00000000c000035a                loadGDT
                0x00000000c000037a                memcpy
 *fill*         0x00000000c000037f        0x1 
 .text          0x00000000c0000380      0x868 acpica/utclib.32
                0x00000000c0000380                memcmp
                0x00000000c00003d0                memmove
                0x00000000c00004f0                memset
                0x00000000c0000570                strlen
                0x00000000c00005a0                strpbrk
                0x00000000c00005f0                strtok
                0x00000000c0000640                strcpy
                0x00000000c0000680                strncpy
                0x00000000c0000750                strcmp
                0x00000000c00007a0                strchr
                0x00000000c00007e0                strncmp
                0x00000000c0000840                strcat
                0x00000000c0000870                strncat
                0x00000000c00008d0                strstr
                0x00000000c0000930                toupper
                0x00000000c0000950                tolower
                0x00000000c0000970                simple_strtoul
 .text          0x00000000c0000be8     0x1140 krnl/malloc.32
                0x00000000c0000d53                dlfree
                0x00000000c000121a                dlmalloc
                0x00000000c0001757                dlrealloc
                0x00000000c0001934                dlmemalign
                0x00000000c0001a57                dlcalloc
                0x00000000c0001ae8                dlcfree
                0x00000000c0001aed                dlindependent_calloc
                0x00000000c0001b12                dlindependent_comalloc
                0x00000000c0001b29                dlvalloc
                0x00000000c0001b54                dlpvalloc
                0x00000000c0001b8a                dlmalloc_trim
                0x00000000c0001b97                dlmalloc_usable_size
                0x00000000c0001bc8                dlmallinfo
                0x00000000c0001c97                dlmalloc_stats
                0x00000000c0001ca8                dlmallopt
 .text          0x00000000c0001d28      0x1f2 libk/ctype.32
                0x00000000c0001d28                isblank
                0x00000000c0001d48                iscntrl
                0x00000000c0001d68                isdigit
                0x00000000c0001d84                islower
                0x00000000c0001da0                isspace
                0x00000000c0001dc8                isupper
                0x00000000c0001de4                isalpha
                0x00000000c0001e14                isalnum
                0x00000000c0001e44                ispunct
                0x00000000c0001e84                isgraph
                0x00000000c0001eb4                isprint
                0x00000000c0001edc                isxdigit
 .text          0x00000000c0001f1a        0x0 libk/string.32
 *fill*         0x00000000c0001f1a        0x2 
 .text          0x00000000c0001f1c       0x53 arch/i386/cc.32
                0x00000000c0001f1c                LWIP_PLATFORM_HTONS
                0x00000000c0001f40                LWIP_PLATFORM_HTONL
 .text          0x00000000c0001f6f       0x51 fs/fat/diskio.32
                0x00000000c0001f6f                disk_status
                0x00000000c0001f72                disk_initialize
                0x00000000c0001f75                disk_read
                0x00000000c0001f8b                disk_write
                0x00000000c0001fa1                disk_ioctl
 .text          0x00000000c0001fc0     0x3e46 fs/fat/ff.32
                0x00000000c0003de1                f_mount
                0x00000000c0003e43                f_open
                0x00000000c0004106                f_read
                0x00000000c0004305                f_write
                0x00000000c000454d                f_sync
                0x00000000c0004612                f_close
                0x00000000c0004641                f_lseek
                0x00000000c00047f2                f_opendir
                0x00000000c00048bd                f_closedir
                0x00000000c00048df                f_readdir
                0x00000000c0004971                f_stat
                0x00000000c00049f0                f_getfree
                0x00000000c0004af9                f_truncate
                0x00000000c0004be3                f_unlink
                0x00000000c0004d05                f_mkdir
                0x00000000c0004ea0                f_rename
                0x00000000c0005058                f_chmod
                0x00000000c0005108                f_utime
                0x00000000c00051b8                f_getlabel
                0x00000000c0005309                f_setlabel
                0x00000000c0005499                f_expand
                0x00000000c0005606                f_mkfs
 *fill*         0x00000000c0005e06        0x2 
 .text          0x00000000c0005e08       0x2f fs/fat/ffsystem.32
                0x00000000c0005e08                ff_memalloc
                0x00000000c0005e20                ff_memfree
 *fill*         0x00000000c0005e37        0x1 
 .text          0x00000000c0005e38      0x2dc fs/fat/ffunicode.32
                0x00000000c0005e38                ff_uni2oem
                0x00000000c0005ed8                ff_oem2uni
                0x00000000c0005f50                ff_wtoupper
 .text          0x00000000c0006114      0xd32 fs/iso9660/iso9660.32
                0x00000000c000635f                isoReadDiscSector
                0x00000000c00063fa                strnicmp
                0x00000000c00066a9                stricmp
                0x00000000c00066f5                iso_open
                0x00000000c000677f                iso_close
                0x00000000c000679d                iso_read
                0x00000000c00068b3                iso_seek
                0x00000000c0006937                iso_tell
                0x00000000c0006968                iso_total
                0x00000000c0006993                fn_postprocess
                0x00000000c00069ba                iso_readdir
                0x00000000c0006c11                iso_reset
                0x00000000c0006c2e                init_percd
                0x00000000c0006d28                iso_ioctl
                0x00000000c0006d40                fs_iso9660_init
                0x00000000c0006dd6                fs_iso9660_shutdown
 .text          0x00000000c0006e46      0x254 dbg/kconsole.32
                0x00000000c0006e46                Dbg::stringifyxWithBase(unsigned int, char*, int)
                0x00000000c0006ee6                Dbg::logc(char)
                0x00000000c0006f06                Dbg::logs(char*)
                0x00000000c0006f25                Dbg::logWriteInt(unsigned int)
                0x00000000c0006f43                Dbg::logWriteIntBase(unsigned int, int)
                0x00000000c0006f64                Dbg::kprintf(char const*, ...)
 *fill*         0x00000000c000709a        0x2 
 .text          0x00000000c000709c      0x2d4 dbg/usban.32
                0x00000000c000709c                KiUbsanPrintDetails(char const*, void*)
                0x00000000c0007108                __ubsan_handle_type_mismatch_v1
                0x00000000c00071e4                __ubsan_handle_pointer_overflow
                0x00000000c0007210                __ubsan_handle_out_of_bounds
                0x00000000c000723c                __ubsan_handle_add_overflow
                0x00000000c0007268                __ubsan_handle_load_invalid_value
                0x00000000c0007294                __ubsan_handle_divrem_overflow
                0x00000000c00072c0                __ubsan_handle_mul_overflow
                0x00000000c00072ec                __ubsan_handle_sub_overflow
                0x00000000c0007318                __ubsan_handle_shift_out_of_bounds
                0x00000000c0007344                __ubsan_handle_negate_overflow
 .text          0x00000000c0007370      0x814 fs/symlink.32
                0x00000000c00074bf                KiDeinitialiseSymlinks(void*)
                0x00000000c0007552                KeRegisterSymlink(char const*, unsigned long long)
                0x00000000c00075d5                KeInitialiseSymlinks()
                0x00000000c0007737                KiIsSymlinkRegistered(char const*)
                0x00000000c00078a1                KeDereferenceSymlink(char const*, char*)
                0x00000000c0007a48                KeCreateSymlink(char const*, char const*)
 .text          0x00000000c0007b84      0xd68 fs/vfs.32
                0x00000000c0007b84                File::read(unsigned long long, void*, int*)
                0x00000000c0007bdc                File::write(unsigned long long, void*, int*)
                0x00000000c0007c34                Directory::read(unsigned long long, void*, int*)
                0x00000000c0007c8c                Directory::write(unsigned long long, void*, int*)
                0x00000000c0007cba                File::isAtty()
                0x00000000c0007cbe                Directory::isAtty()
                0x00000000c0007cc2                Filesystem::getlabel(LogicalDisk*, int, char*, unsigned int*)
                0x00000000c0007cc8                Filesystem::setlabel(LogicalDisk*, int, char*)
                0x00000000c0007cce                Filesystem::allocateSwapfile(char const*, int)
                0x00000000c0007cd4                File::~File()
                0x00000000c0007cd4                File::~File()
                0x00000000c0007cf8                File::~File()
                0x00000000c0007d22                Directory::~Directory()
                0x00000000c0007d22                Directory::~Directory()
                0x00000000c0007d46                Directory::~Directory()
                0x00000000c0007d70                Filesystem::Filesystem()
                0x00000000c0007d70                Filesystem::Filesystem()
                0x00000000c0007d94                Filesystem::~Filesystem()
                0x00000000c0007d94                Filesystem::~Filesystem()
                0x00000000c0007da2                Filesystem::~Filesystem()
                0x00000000c0007dc6                Fs::getcwd(Process*, char*, int)
                0x00000000c0007df0                Fs::initVFS()
                0x00000000c0007e1a                Fs::standardiseFiles(char*, char const*, char const*, bool)
                0x00000000c0008034                File::File(char const*, Process*, bool)
                0x00000000c0008034                File::File(char const*, Process*, bool)
                0x00000000c0008112                File::File(char const*, Process*)
                0x00000000c0008112                File::File(char const*, Process*)
                0x00000000c0008130                File::open(FileOpenMode)
                0x00000000c000818e                File::close()
                0x00000000c00081ee                File::seek(unsigned long long)
                0x00000000c0008244                File::truncate(unsigned long long)
                0x00000000c000829a                File::tell(unsigned long long*)
                0x00000000c00082ea                File::rewind()
                0x00000000c00082fe                File::unlink()
                0x00000000c000834a                File::rename(char const*)
                0x00000000c0008398                File::chfatattr(unsigned char, unsigned char)
                0x00000000c00083f4                File::exists()
                0x00000000c0008432                File::stat(unsigned long long*, bool*)
                0x00000000c0008493                Fs::setcwd(Process*, char*)
                0x00000000c00085f2                Directory::Directory(char const*, Process*)
                0x00000000c00085f2                Directory::Directory(char const*, Process*)
                0x00000000c00086ba                Directory::open()
                0x00000000c0008716                Directory::close()
                0x00000000c0008776                Directory::unlink()
                0x00000000c00087c2                Directory::rename(char const*)
                0x00000000c0008810                Directory::exists()
                0x00000000c000884e                Directory::read(dirent*)
                0x00000000c000889a                Directory::create()
                0x00000000c00088e6                Filesystem::chfatattr(char const*, unsigned char, unsigned char)
 .text          0x00000000c00088ec       0x86 hal/bus.32
                0x00000000c00088ec                Bus::Bus(char const*)
                0x00000000c00088ec                Bus::Bus(char const*)
                0x00000000c0008924                Bus::~Bus()
                0x00000000c0008924                Bus::~Bus()
                0x00000000c0008948                Bus::~Bus()
 .text          0x00000000c0008972       0x96 hal/buzzer.32
                0x00000000c0008972                beepThread(void*)
                0x00000000c00089af                Krnl::beep(int, int, bool)
 .text          0x00000000c0008a08      0x513 hal/clock.32
                0x00000000c0008a08                User::loadClockSettings()
                0x00000000c0008b0e                Clock::Clock(char const*)
                0x00000000c0008b0e                Clock::Clock(char const*)
                0x00000000c0008b44                Clock::~Clock()
                0x00000000c0008b44                Clock::~Clock()
                0x00000000c0008b68                Clock::~Clock()
                0x00000000c0008b92                Clock::timeInSecondsLocal()
                0x00000000c0008bda                Clock::setTimeInSecondsLocal(unsigned long long)
                0x00000000c0008c33                datetimeToSeconds(datetime_t)
                0x00000000c0008d52                Clock::setTimeInDatetimeLocal(datetime_t)
                0x00000000c0008db2                secondsToDatetime(unsigned long long)
                0x00000000c0008ef6                Clock::timeInDatetimeLocal()
 *fill*         0x00000000c0008f1b        0x1 
 .text          0x00000000c0008f1c      0x47a hal/device.32
                0x00000000c0008f1c                Device::hibernate()
                0x00000000c0008f1e                Device::wake()
                0x00000000c0008f20                Device::detect()
                0x00000000c0008f22                Device::disableLegacy()
                0x00000000c0008f24                Device::powerSaving(PowerSavingLevel)
                0x00000000c0008f26                DriverlessDevice::close(int, int, void*)
                0x00000000c0008f2a                DriverlessDevice::detect()
                0x00000000c0008f2c                DriverlessDevice::open(int, int, void*)
                0x00000000c0008f40                Device::~Device()
                0x00000000c0008f40                Device::~Device()
                0x00000000c0008f4e                Device::~Device()
                0x00000000c0008f76                Device::findAndLoadDriver()
                0x00000000c0008f84                Device::preOpenPCI(PCIDeviceInfo)
                0x00000000c0008faa                Device::preOpenACPI(void*, char*, char*)
                0x00000000c0008fea                Device::addIRQHandler(int, void (*)(regs*, void*), bool, void*)
                0x00000000c0009014                Device::getParent()
                0x00000000c0009020                Device::removeIRQHandler(int, void (*)(regs*, void*), bool)
                0x00000000c000903e                Device::addChild(Device*)
                0x00000000c0009082                Device::removeAllChildren()
                0x00000000c00090c8                Device::hibernateAll()
                0x00000000c00090f8                Device::wakeAll()
                0x00000000c0009128                Device::detectAll()
                0x00000000c0009158                Device::disableLegacyAll()
                0x00000000c000915a                Device::loadDriversForAll()
                0x00000000c000915c                Device::powerSavingAll(PowerSavingLevel)
                0x00000000c0009192                Device::setName(char const*)
                0x00000000c00091a0                Device::Device(char const*)
                0x00000000c00091a0                Device::Device(char const*)
                0x00000000c000929c                Device::getName()
                0x00000000c00092a6                Device::closeAll()
                0x00000000c00092f2                DriverlessDevice::DriverlessDevice(char const*)
                0x00000000c00092f2                DriverlessDevice::DriverlessDevice(char const*)
                0x00000000c0009328                Device::addToLinkedList(LinkedList<Device>&, DeviceType)
                0x00000000c000936c                getDevicesOfType(DeviceType)
 *fill*         0x00000000c0009396        0x2 
 .text          0x00000000c0009398       0x86 hal/diskctrl.32
                0x00000000c0009398                HardDiskController::HardDiskController(char const*)
                0x00000000c0009398                HardDiskController::HardDiskController(char const*)
                0x00000000c00093d0                HardDiskController::~HardDiskController()
                0x00000000c00093d0                HardDiskController::~HardDiskController()
                0x00000000c00093f4                HardDiskController::~HardDiskController()
 .text          0x00000000c000941e       0xe2 hal/diskphys.32
                0x00000000c000941e                PhysicalDisk::eject()
                0x00000000c0009422                PhysicalDisk::PhysicalDisk(char const*, int)
                0x00000000c0009422                PhysicalDisk::PhysicalDisk(char const*, int)
                0x00000000c000948a                PhysicalDisk::startCache()
                0x00000000c00094b2                PhysicalDisk::~PhysicalDisk()
                0x00000000c00094b2                PhysicalDisk::~PhysicalDisk()
                0x00000000c00094d6                PhysicalDisk::~PhysicalDisk()
 .text          0x00000000c0009500        0x0 hal/fpu.32
 .text          0x00000000c0009500      0x359 hal/intctrl.32
                0x00000000c0009500                int_handler
                0x00000000c000958a                installISRHandler(int, void (*)(regs*, void*), void*)
                0x00000000c00095d4                installIRQHandler(int, void (*)(regs*, void*), bool, void*)
                0x00000000c0009708                uninstallISRHandler(int, void (*)(regs*, void*))
                0x00000000c000973c                uninstallIRQHandler(int, void (*)(regs*, void*), bool)
                0x00000000c00097ba                setupINTS()
                0x00000000c0009817                convertLegacyIRQNumber(int)
 *fill*         0x00000000c0009859        0x1 
 .text          0x00000000c000985a      0x8bc hal/keybrd.32
                0x00000000c000985a                startGUI(void*)
                0x00000000c00098c4                startGUIVESA(void*)
                0x00000000c000992e                sendKeyToTerminal(unsigned char)
                0x00000000c0009a09                sendKeyboardToken(KeyboardToken)
                0x00000000c0009ec5                clearInternalKeybuffer(VgaText*)
                0x00000000c0009efa                readKeyboard(VgaText*, char*, unsigned long)
                0x00000000c000a08c                Keyboard::Keyboard(char const*)
                0x00000000c000a08c                Keyboard::Keyboard(char const*)
                0x00000000c000a0c8                Keyboard::~Keyboard()
                0x00000000c000a0c8                Keyboard::~Keyboard()
                0x00000000c000a0ec                Keyboard::~Keyboard()
 .text          0x00000000c000a116      0x3f8 hal/logidisk.32
                0x00000000c000a116                LogicalDisk::close(int, int, void*)
                0x00000000c000a11a                LogicalDisk::~LogicalDisk()
                0x00000000c000a11a                LogicalDisk::~LogicalDisk()
                0x00000000c000a13e                LogicalDisk::~LogicalDisk()
                0x00000000c000a168                LogicalDisk::open(int, int, void*)
                0x00000000c000a17c                LogicalDisk::absoluteToRelative(unsigned long long)
                0x00000000c000a1b4                LogicalDisk::relativeToAbsolute(unsigned long long)
                0x00000000c000a1fa                LogicalDisk::LogicalDisk(char const*, PhysicalDisk*, unsigned long long, unsigned long long)
                0x00000000c000a1fa                LogicalDisk::LogicalDisk(char const*, PhysicalDisk*, unsigned long long, unsigned long long)
                0x00000000c000a2ba                LogicalDisk::assignDriveLetter()
                0x00000000c000a374                LogicalDisk::mount()
                0x00000000c000a3bc                LogicalDisk::unmount()
                0x00000000c000a3cc                LogicalDisk::eject()
                0x00000000c000a3e0                LogicalDisk::unassignDriveLetter()
                0x00000000c000a436                LogicalDisk::read(unsigned long long, int, void*)
                0x00000000c000a4a2                LogicalDisk::write(unsigned long long, int, void*)
 *fill*         0x00000000c000a50e        0x2 
 .text          0x00000000c000a510       0x86 hal/mouse.32
                0x00000000c000a510                Mouse::Mouse(char const*)
                0x00000000c000a510                Mouse::Mouse(char const*)
                0x00000000c000a548                Mouse::~Mouse()
                0x00000000c000a548                Mouse::~Mouse()
                0x00000000c000a56c                Mouse::~Mouse()
 .text          0x00000000c000a596       0x90 hal/nic.32
                0x00000000c000a596                NIC::getMAC()
                0x00000000c000a59c                NIC::write(int, unsigned char*, int*)
                0x00000000c000a5a2                NIC::NIC(char const*)
                0x00000000c000a5a2                NIC::NIC(char const*)
                0x00000000c000a5d8                NIC::~NIC()
                0x00000000c000a5d8                NIC::~NIC()
                0x00000000c000a5fc                NIC::~NIC()
 .text          0x00000000c000a626      0x33b hal/partition.32
                0x00000000c000a626                makePartition(PhysicalDisk*, unsigned long long, unsigned long long)
                0x00000000c000a6ce                createPartitionsForDisk(PhysicalDisk*)
 *fill*         0x00000000c000a961        0x3 
 .text          0x00000000c000a964       0x86 hal/serial.32
                0x00000000c000a964                Serial::Serial(char const*)
                0x00000000c000a964                Serial::Serial(char const*)
                0x00000000c000a99c                Serial::~Serial()
                0x00000000c000a99c                Serial::~Serial()
                0x00000000c000a9c0                Serial::~Serial()
 *fill*         0x00000000c000a9ea        0x2 
 .text          0x00000000c000a9ec      0x230 hal/timer.32
                0x00000000c000a9ec                Timer::Timer(char const*)
                0x00000000c000a9ec                Timer::Timer(char const*)
                0x00000000c000aa24                Timer::~Timer()
                0x00000000c000aa24                Timer::~Timer()
                0x00000000c000aa48                Timer::~Timer()
                0x00000000c000aa72                Timer::read()
                0x00000000c000aa7d                setupTimer(int)
                0x00000000c000aab8                timerHandler(unsigned int)
 .text          0x00000000c000ac1c      0x444 hal/vcache.32
                0x00000000c000ac1c                VCache::VCache(PhysicalDisk*)
                0x00000000c000ac1c                VCache::VCache(PhysicalDisk*)
                0x00000000c000ad8c                VCache::invalidateReadBuffer()
                0x00000000c000ad9c                VCache::writeWriteBuffer()
                0x00000000c000ade8                VCache::~VCache()
                0x00000000c000ade8                VCache::~VCache()
                0x00000000c000ae40                VCache::~VCache()
                0x00000000c000ae68                VCache::write(unsigned long long, int, void*)
                0x00000000c000af5c                VCache::read(unsigned long long, int, void*)
 .text          0x00000000c000b060      0x70e hal/video.32
                0x00000000c000b060                Video::putrect(int, int, int, int, unsigned int)
                0x00000000c000b0ac                Video::bitblit(int, int, int, int, int, int, int, unsigned int*)
                0x00000000c000b11c                Video::blit(unsigned int*, int, int, int, int)
                0x00000000c000b19a                Video::clearScreen(unsigned int)
                0x00000000c000b1ce                Video::putpixel(int, int, unsigned int)
                0x00000000c000b1dc                Video::readPixelApprox(int, int)
                0x00000000c000b1f0                Video::Video(char const*)
                0x00000000c000b1f0                Video::Video(char const*)
                0x00000000c000b226                Video::~Video()
                0x00000000c000b226                Video::~Video()
                0x00000000c000b24a                Video::~Video()
                0x00000000c000b274                Video::isMonochrome()
                0x00000000c000b280                Video::getWidth()
                0x00000000c000b28c                Video::getHeight()
                0x00000000c000b298                Video::drawCursor(int, int, unsigned int*, int)
                0x00000000c000b354                Video::tgaParse(unsigned char*, int, int*, int*)
                0x00000000c000b6fe                Video::putTGA(int, int, unsigned char*, int)
 *fill*         0x00000000c000b76e        0x2 
 .text          0x00000000c000b770     0x127f hw/acpi.32
                0x00000000c000b770                ACPI::close(int, int, void*)
                0x00000000c000b778                findRSDP()
                0x00000000c000b810                loadACPITables(unsigned char*)
                0x00000000c000ba7c                findRSDT(unsigned char*)
                0x00000000c000bbd4                findDataTable(unsigned char*, char*)
                0x00000000c000bc54                scanMADT()
                0x00000000c000c10c                ACPI::ACPI()
                0x00000000c000c10c                ACPI::ACPI()
                0x00000000c000c160                ACPI::getPCIIRQAssignment(unsigned char, unsigned short, unsigned char)
                0x00000000c000c25c                ACPI::registerPCIIRQAssignment(void*, unsigned short, unsigned char, unsigned char)
                0x00000000c000c328                ACPI::setScreenBrightnessLevel(void*, int)
                0x00000000c000c330                ACPI::detectPCI()
                0x00000000c000c550                ACPI::writeSimpleBootFlag(SimpleBootFlagTable*)
                0x00000000c000c568                ACPI::open(int, int, void*)
 *fill*         0x00000000c000c9ef        0x1 
 .text          0x00000000c000c9f0      0xb81 hw/cpu.32
                0x00000000c000c9f0                CPU::close(int, int, void*)
                0x00000000c000c9f4                CPU::AMD_K6_write_msr(unsigned int, unsigned int, unsigned int, CPU::REGS*)
                0x00000000c000ca10                CPU::AMD_K6_read_msr(unsigned int, CPU::REGS*)
                0x00000000c000ca28                CPU::AMD_K6_writeback(int, int, int)
                0x00000000c000ca9c                CPU::cpuid(int, unsigned long*, unsigned long*, unsigned long*, unsigned long*)
                0x00000000c000cb20                CPU::cpuidCheckEDX(unsigned int)
                0x00000000c000cb4e                CPU::cpuidCheckECX(unsigned int)
                0x00000000c000cb7c                CPU::cpuidCheckExtendedEBX(unsigned int)
                0x00000000c000cbaa                CPU::cpuidCheckExtendedECX(unsigned int)
                0x00000000c000cbd8                CPU::CPU()
                0x00000000c000cbd8                CPU::CPU()
                0x00000000c000cc66                CPU::detectFeatures()
                0x00000000c000d33a                CPU::setupSMEP()
                0x00000000c000d346                CPU::setupUMIP()
                0x00000000c000d350                CPU::setupTSC()
                0x00000000c000d35a                CPU::setupLargePages()
                0x00000000c000d364                CPU::setupPAT()
                0x00000000c000d366                CPU::setupMTRR()
                0x00000000c000d368                CPU::setupGlobalPages()
                0x00000000c000d372                CPU::allowUsermodeDataAccess()
                0x00000000c000d384                CPU::prohibitUsermodeDataAccess()
                0x00000000c000d396                CPU::setupSMAP()
                0x00000000c000d3a4                CPU::setupFeatures()
                0x00000000c000d468                CPU::open(int, int, void*)
 .text          0x00000000c000d571       0xb6 krnl/atexit.32
                0x00000000c000d571                KeInitialiseAtexit()
                0x00000000c000d590                KeRegisterAtexit(void (*)(void*), void*)
                0x00000000c000d5c4                KeExecuteAtexit()
 .text          0x00000000c000d627       0x92 krnl/bootmsg.32
                0x00000000c000d627                KeDisplaySplashScreen()
                0x00000000c000d656                KeSetBootMessage(char const*)
 .text          0x00000000c000d6b9       0x5f krnl/c++.32
                0x00000000c000d6b9                __cxa_atexit
                0x00000000c000d6bc                __cxa_finalize
                0x00000000c000d6bd                __stack_chk_fail
                0x00000000c000d6f3                __cxa_pure_virtual
                0x00000000c000d704                operator new[](unsigned long)
                0x00000000c000d709                operator delete(void*, unsigned long)
                0x00000000c000d70e                operator delete[](void*)
                0x00000000c000d713                operator delete[](void*, unsigned long)
 .text          0x00000000c000d718       0x48 krnl/cdefs.32
                0x00000000c000d718                CUnlockScheduler
                0x00000000c000d734                CLockScheduler
                0x00000000c000d744                CPrintf
 .text          0x00000000c000d760      0xd56 krnl/cm.32
                0x00000000c000d760                CmOpen(char const*)
                0x00000000c000d87e                CmClose(Reghive_Tag*)
                0x00000000c000d894                CmReadExtent(Reghive_Tag*, int, unsigned char*)
                0x00000000c000d8d0                CmGetString(Reghive_Tag*, int, char*)
                0x00000000c000d947                CmEnterDirectory(Reghive_Tag*, int)
                0x00000000c000d986                CmGetNext(Reghive_Tag*, int)
                0x00000000c000d9b8                CmWriteExtent(Reghive_Tag*, int, unsigned char*)
                0x00000000c000d9f4                CmFreeExtent(Reghive_Tag*, int)
                0x00000000c000da1c                CmUpdateHeader(Reghive_Tag*)
                0x00000000c000da3d                CmExpand(Reghive_Tag*, int)
                0x00000000c000dab8                CmFindUnusedExtent(Reghive_Tag*)
                0x00000000c000db3e                CmCreateExtent(Reghive_Tag*, int, int, unsigned char*)
                0x00000000c000dc32                CmSetString(Reghive_Tag*, int, char const*)
                0x00000000c000dd6e                CmGetMatch(char*, char*, bool, bool*)
                0x00000000c000ddcf                CmAddShift(unsigned int*, int*, unsigned char, int)
                0x00000000c000ddff                CmGetShift(unsigned int*, int*, int, bool*)
                0x00000000c000de36                CmGetInteger(Reghive_Tag*, int, unsigned long long*)
                0x00000000c000de60                CmSetInteger(Reghive_Tag*, int, unsigned long long)
                0x00000000c000dea0                CmConvertFromInternalFilename(unsigned char const*, char*)
                0x00000000c000df44                CmGetNameAndTypeFromExtent(Reghive_Tag*, int, char*)
                0x00000000c000df72                CmConvertToInternalFilename(char const*, unsigned char*)
                0x00000000c000e110                CmCreateString(Reghive_Tag*, int, char const*)
                0x00000000c000e15d                CmFindInDirectory(Reghive_Tag*, int, char const*)
                0x00000000c000e1d7                CmCreateInteger(Reghive_Tag*, int, char const*, unsigned long long, int)
                0x00000000c000e22a                CmCreateDirectory(Reghive_Tag*, int, char const*)
                0x00000000c000e2ee                zStrtok(char*, char const*)
                0x00000000c000e360                CmFindObjectFromPath(Reghive_Tag*, char const*)
                0x00000000c000e3e1                CmDisplayTree(Reghive_Tag*, int, int)
                0x00000000c000e484                CmSplitFinalSlashInPlace(char*)
 *fill*         0x00000000c000e4b6        0x2 
 .text          0x00000000c000e4b8       0x1d krnl/compat.32
                0x00000000c000e4b8                Krnl::handlePowerButton()
                0x00000000c000e4c8                Krnl::handleSleepButton()
 *fill*         0x00000000c000e4d5        0x1 
 .text          0x00000000c000e4d6      0x4e5 krnl/computer.32
                0x00000000c000e4d6                Computer::close(int, int, void*)
                0x00000000c000e4dc                KeFirstTask()
                0x00000000c000e5fe                Computer::Computer()
                0x00000000c000e5fe                Computer::Computer()
                0x00000000c000e656                Computer::detectFeatures()
                0x00000000c000e87c                Computer::open(int, int, void*)
                0x00000000c000e94a                KePrepareShutdown()
                0x00000000c000e96a                KeShutdown()
                0x00000000c000e98e                KeSleep()
                0x00000000c000e99a                KeRestart()
 .text          0x00000000c000e9bb       0x2b krnl/crc32.32
                0x00000000c000e9bb                KeCalculateCRC32(unsigned char*, int)
 .text          0x00000000c000e9e6      0x5bf krnl/env.32
                0x00000000c000e9e6                EnvVarContainer::getEnv(char const*)
                0x00000000c000ea24                EnvVarContainer::setEnv(char const*, char const*)
                0x00000000c000eae6                EnvVarContainer::deleteEnv(char const*)
                0x00000000c000eae8                EnvVarContainer::loadFrom(char const*, char const*)
                0x00000000c000ed0c                EnvVarContainer::__loadSystem()
                0x00000000c000ed26                EnvVarContainer::__loadUser()
                0x00000000c000ed28                EnvVarContainer::EnvVarContainer(Process*)
                0x00000000c000ed28                EnvVarContainer::EnvVarContainer(Process*)
                0x00000000c000ed4a                EnvVarContainer::~EnvVarContainer()
                0x00000000c000ed4a                EnvVarContainer::~EnvVarContainer()
                0x00000000c000ed7a                KeGetEnv(Process*, char const*)
                0x00000000c000eddf                KeSetEnvSystem(char const*, char const*)
                0x00000000c000edf9                KeSetEnvUser(char const*, char const*)
                0x00000000c000ee18                KeSetEnvProcess(Process*, char const*, char const*)
                0x00000000c000ee2b                KeDeleteEnvSystem(char const*)
                0x00000000c000ee2c                KeDeleteEnvUser(char const*)
                0x00000000c000ee2d                KeDeleteEnvProcess(Process*, char const*)
                0x00000000c000ee2e                KeNewProcessEnv(Process*)
                0x00000000c000ee50                KeCopyProcessEnv(Process*, Process*)
                0x00000000c000ee9c                KeLoadSystemEnv()
                0x00000000c000eeca                KeLoadUserEnv()
                0x00000000c000eef0                KeFlushEnv()
                0x00000000c000eef1                KeGetProcessTotalEnvCount(Process*)
                0x00000000c000ef11                KeGetProcessEnvPair(Process*, int)
 *fill*         0x00000000c000efa5        0x3 
 .text          0x00000000c000efa8      0x1a9 krnl/fault.32
                0x00000000c000efa8                KeDisplayProgramFault(char const*)
                0x00000000c000eff8                KeGeneralProtectionFault(void*, void*)
                0x00000000c000f04c                KePageFault(void*, void*)
                0x00000000c000f0a0                KeNonMaskableInterrupt(void*, void*)
                0x00000000c000f0b0                KeOtherFault(void*, void*)
                0x00000000c000f0e4                KeOpcodeFault(void*, void*)
                0x00000000c000f138                KeDoubleFault(void*, void*)
 *fill*         0x00000000c000f151        0x1 
 .text          0x00000000c000f152      0x1db krnl/gdt.32
                0x00000000c000f152                GDTEntry::setBase(unsigned int)
                0x00000000c000f16e                GDTEntry::setLimit(unsigned int)
                0x00000000c000f18c                GDT::GDT()
                0x00000000c000f18c                GDT::GDT()
                0x00000000c000f1a2                GDT::addEntry(GDTEntry)
                0x00000000c000f1c4                GDT::getNumberOfEntries()
                0x00000000c000f1cc                GDT::flush()
                0x00000000c000f1ee                GDT::setup()
 .text          0x00000000c000f32d       0x1d krnl/idle.32
                0x00000000c000f32d                idleFunction(void*)
 *fill*         0x00000000c000f34a        0x2 
 .text          0x00000000c000f34c      0x46c krnl/idt.32
                0x00000000c000f34c                IDTEntry::IDTEntry(bool)
                0x00000000c000f34c                IDTEntry::IDTEntry(bool)
                0x00000000c000f3c6                IDTEntry::setOffset(unsigned int)
                0x00000000c000f3dc                IDT::IDT()
                0x00000000c000f3dc                IDT::IDT()
                0x00000000c000f3de                IDT::getPointerToInvalidOpcodeEntryForF00F()
                0x00000000c000f3e6                IDT::addEntry(IDTEntry, int)
                0x00000000c000f400                IDT::addEntry(int, void (*)(), bool)
                0x00000000c000f438                IDT::flush()
                0x00000000c000f452                IDT::setup()
 .text          0x00000000c000f7b8       0x94 krnl/inlines.32
                0x00000000c000f7b8                CPU::current()
                0x00000000c000f7c4                operator new(unsigned long)
                0x00000000c000f7c9                operator delete(void*)
                0x00000000c000f7ce                disableIRQs()
                0x00000000c000f7d0                enableIRQs()
                0x00000000c000f7d2                lockScheduler()
                0x00000000c000f7da                unlockScheduler()
                0x00000000c000f7e9                lockStuff()
                0x00000000c000f7f7                unlockStuff()
                0x00000000c000f831                Virt::getAKernelVAS()
                0x00000000c000f837                __not_memcpy
 .text          0x00000000c000f84c      0x205 krnl/kheap.32
                0x00000000c000f84c                sbrk
                0x00000000c000f8e3                sbrk_thunk
                0x00000000c000f919                mmap
                0x00000000c000f977                munmap
                0x00000000c000f98c                liballoc_lock()
                0x00000000c000f99a                liballoc_unlock()
                0x00000000c000f9b0                liballoc_alloc(int)
                0x00000000c000f9c8                liballoc_free(void*, int)
                0x00000000c000f9e3                realloc
                0x00000000c000f9f7                malloc
                0x00000000c000fa07                free
                0x00000000c000fa17                rfree
                0x00000000c000fa27                calloc
 *fill*         0x00000000c000fa51        0x3 
 .text          0x00000000c000fa54      0x1e3 krnl/mailbox.32
                0x00000000c000fa54                KeMailboxTryPost(Mailbox*, void*)
                0x00000000c000fab8                KeMailboxTryGet(Mailbox*, void**)
                0x00000000c000fb1c                KeMailboxCreate()
                0x00000000c000fb50                KeMailboxPost(Mailbox*, void*)
                0x00000000c000fbb8                KeMailboxGet(Mailbox*, void**)
                0x00000000c000fc20                KeMailboxDestroy(Mailbox*)
 .text          0x00000000c000fc37       0xc7 krnl/main.32
                0x00000000c000fc37                KeEntryPoint
 *fill*         0x00000000c000fcfe        0x2 
 .text          0x00000000c000fd00       0x1a krnl/mutex.32
                0x00000000c000fd00                Mutex::Mutex()
                0x00000000c000fd00                Mutex::Mutex()
 .text          0x00000000c000fd1a        0xc krnl/panic.32
                0x00000000c000fd1a                KePanic(char const*)
 .text          0x00000000c000fd26      0x644 krnl/physmgr.32
                0x00000000c000fd26                Phys::allocateDMA(unsigned long)
                0x00000000c000fe0e                Phys::freeDMA(unsigned long, unsigned long)
                0x00000000c000fe49                Phys::setPageState(unsigned long, bool)
                0x00000000c000fe89                Phys::getPageState(unsigned long)
                0x00000000c000fea5                Phys::freePage(unsigned long)
                0x00000000c000ff0e                Phys::allocatePage()
                0x00000000c000ffdd                Phys::allocateContiguousPages(int)
                0x00000000c0010044                Phys::allowSegmentToBeUsed(unsigned long, unsigned long)
                0x00000000c001007c                Phys::physicalMemorySetup(unsigned int)
 .text          0x00000000c001036a      0x273 krnl/pipe.32
                0x00000000c001036a                Pipe::isAtty()
                0x00000000c001036e                Pipe::~Pipe()
                0x00000000c001036e                Pipe::~Pipe()
                0x00000000c0010392                Pipe::~Pipe()
                0x00000000c00103ba                Pipe::write(unsigned long long, void*, int*)
                0x00000000c001047a                Pipe::read(unsigned long long, void*, int*)
                0x00000000c0010576                Pipe::Pipe(int)
                0x00000000c0010576                Pipe::Pipe(int)
 .text          0x00000000c00105dd      0x108 krnl/powctrl.32
                0x00000000c00105dd                KePowerThread(void*)
                0x00000000c001060b                KeChangePowerSettings(PowerSettings)
                0x00000000c0010621                KeUserIOReceived()
                0x00000000c001062c                KeHandlePowerButton()
                0x00000000c0010644                KeHandleSleepButton()
                0x00000000c001065c                KeSetupPowerManager()
 .text          0x00000000c00106e5       0x9d krnl/random.32
                0x00000000c00106e5                KeRand()
                0x00000000c0010727                KeSeedRand(unsigned int)
                0x00000000c0010750                KeInitRand()
 *fill*         0x00000000c0010782        0x2 
 .text          0x00000000c0010784      0x1bc krnl/resolve.32
                0x00000000c0010784                KeResolveCompatibilitySymbol(char*)
 .text          0x00000000c0010940      0x415 krnl/semaphore.32
                0x00000000c0010940                Semaphore::Semaphore(int)
                0x00000000c0010940                Semaphore::Semaphore(int)
                0x00000000c0010970                Semaphore::tryAcquire()
                0x00000000c0010a4c                Semaphore::assertLocked(char const*)
                0x00000000c0010adc                Semaphore::acquire(int)
                0x00000000c0010c84                Semaphore::acquire()
                0x00000000c0010ca0                Semaphore::release()
 .text          0x00000000c0010d55      0x322 krnl/signal.32
                0x00000000c0010d55                KiSigKill(int)
                0x00000000c0010d69                KiDefaultSignalHandlerIgnore(int)
                0x00000000c0010d6a                KiDefaultSignalHandlerPause(int)
                0x00000000c0010d96                KiDefaultSignalHandlerResume(int)
                0x00000000c0010dc2                KeDeinitSignals(SigHandlerBlock*)
                0x00000000c0010dc7                KeInitSignals()
                0x00000000c0010e19                KeRegisterSignalHandler(SigHandlerBlock*, int, void (*)(int), unsigned int, int)
                0x00000000c0010e4f                KeRaiseSignal(SigHandlerBlock*, int)
                0x00000000c0010ecc                KeCheckSignal(SigHandlerBlock*, int*)
                0x00000000c0010fc3                KiCheckSignalZ
                0x00000000c0011005                KeCompleteSignal(SigHandlerBlock*, int)
                0x00000000c0011040                KiFinishSignalZ
 .text          0x00000000c0011077      0xe1d krnl/syscalls.32
                0x00000000c0011077                SysSeekDir(regs*)
                0x00000000c001107c                SysTellDir(regs*)
                0x00000000c0011081                SysVerify(regs*)
                0x00000000c001108b                SysGetArgc(regs*)
                0x00000000c001109f                SysTTYName(regs*)
                0x00000000c00110a7                SysFormatDisk(regs*)
                0x00000000c001111e                SysSetDiskVolumeLabel(regs*)
                0x00000000c0011172                SysGetDiskVolumeLabel(regs*)
                0x00000000c00111cb                SysShutdown(regs*)
                0x00000000c0011229                SysRealpath(regs*)
                0x00000000c001126d                SysReadDir(regs*)
                0x00000000c00112ed                SysIsATTY(regs*)
                0x00000000c0011347                SysSeek(regs*)
                0x00000000c001139e                SysTell(regs*)
                0x00000000c001140b                SysSize(regs*)
                0x00000000c001147e                SysSizeFromFilename(regs*)
                0x00000000c00115af                SysSizeFromFilenameNoSymlink(regs*)
                0x00000000c00116e0                SysClose(regs*)
                0x00000000c0011740                SysOpenDir(regs*)
                0x00000000c00117bd                SysMakeDir(regs*)
                0x00000000c001182b                SysCloseDir(regs*)
                0x00000000c001187f                SysWait(regs*)
                0x00000000c00118a0                SysNotImpl(regs*)
                0x00000000c00118bb                SysPanic(regs*)
                0x00000000c00118d6                SysRmdir(regs*)
                0x00000000c001193b                SysUnlink(regs*)
                0x00000000c00119a0                SysGetArgv(regs*)
                0x00000000c00119ed                SysUSleep(regs*)
                0x00000000c0011a16                SysSpawn(regs*)
                0x00000000c0011a89                SysGetEnv(regs*)
                0x00000000c0011b3a                SysSetFatAttrib(regs*)
                0x00000000c0011bad                SysPipe(regs*)
                0x00000000c0011bf2                SysGetUnixTime(regs*)
                0x00000000c0011c06                string_ends_with(char const*, char const*)
                0x00000000c0011c4e                SysOpen(regs*)
                0x00000000c0011e45                KeSystemCall(regs*, void*)
 .text          0x00000000c0011e94      0xab3 krnl/terminal.32
                0x00000000c0011e94                VgaText::isAtty()
                0x00000000c0011e98                VgaText::~VgaText()
                0x00000000c0011e98                VgaText::~VgaText()
                0x00000000c0011ebc                VgaText::~VgaText()
                0x00000000c0011ee6                VgaText::read(unsigned long long, void*, int*)
                0x00000000c0011f06                setTerminalScrollLock(bool)
                0x00000000c0011f07                doTerminalCycle()
                0x00000000c0011f08                addToTerminalCycle(VgaText*)
                0x00000000c0011f09                scrollTerminalScrollLock(int)
                0x00000000c0011f0a                VgaText::updateTitle()
                0x00000000c0011f0c                VgaText::load()
                0x00000000c0011f0e                VgaText::updateCursor()
                0x00000000c0011f24                VgaText::doANSI_SGR(int)
                0x00000000c0011f98                VgaText::setDefaultBgColour(VgaColour)
                0x00000000c0011fa8                VgaText::setDefaultFgColour(VgaColour)
                0x00000000c0011fb8                VgaText::setDefaultColours(VgaColour, VgaColour)
                0x00000000c0011fd8                VgaText::setTitleTextColour(VgaColour)
                0x00000000c0011fe4                VgaText::setTitleColour(VgaColour)
                0x00000000c0011ff0                VgaText::setTitle(char*)
                0x00000000c0011ff2                VgaText::combineColours(unsigned char, unsigned char)
                0x00000000c0012004                VgaText::scrollScreen()
                0x00000000c0012096                VgaText::combineCharAndColour(char, unsigned char)
                0x00000000c00120a6                VgaText::writeCharacter(char, VgaColour, VgaColour, int, int)
                0x00000000c0012136                VgaText::getCursorX()
                0x00000000c001213e                VgaText::getCursorY()
                0x00000000c0012146                VgaText::setCursor(int, int)
                0x00000000c001215d                setActiveTerminal(VgaText*)
                0x00000000c00121a8                VgaText::clearScreen()
                0x00000000c00121f6                VgaText::setCursorX(int)
                0x00000000c001220e                VgaText::setCursorY(int)
                0x00000000c0012226                VgaText::incrementCursor(bool)
                0x00000000c001227a                VgaText::decrementCursor(bool)
                0x00000000c001229c                VgaText::putchar(char, VgaColour, VgaColour)
                0x00000000c001236c                VgaText::putchar(char)
                0x00000000c0012464                VgaText::putx(unsigned int)
                0x00000000c00124aa                VgaText::puts(char const*)
                0x00000000c00124d0                VgaText::write(unsigned long long, void*, int*)
                0x00000000c001251c                VgaText::puts(char const*, VgaColour, VgaColour)
                0x00000000c001266a                VgaText::VgaText(char const*)
                0x00000000c001266a                VgaText::VgaText(char const*)
                0x00000000c00127ba                VgaText::receiveKey(unsigned char)
                0x00000000c0012946                VgaText::doUpdate()
 *fill*         0x00000000c0012947        0x1 
 .text          0x00000000c0012948      0x1a1 krnl/tss.32
                0x00000000c0012948                TSS::TSS()
                0x00000000c0012948                TSS::TSS()
                0x00000000c0012958                TSS::setESP(unsigned long)
                0x00000000c001296c                TSS::flush()
                0x00000000c001298c                TSS::setup(unsigned long, unsigned long)
 *fill*         0x00000000c0012ae9        0x1 
 .text          0x00000000c0012aea      0x4ca krnl/unixfile.32
                0x00000000c0012aea                ReservedFilename::read(unsigned long long, void*, int*)
                0x00000000c0012b40                ReservedFilename::isAtty()
                0x00000000c0012b5c                ReservedFilename::write(unsigned long long, void*, int*)
                0x00000000c0012bba                UnixFile::getFileDescriptor()
                0x00000000c0012bc2                UnixFile::UnixFile(int)
                0x00000000c0012bc2                UnixFile::UnixFile(int)
                0x00000000c0012d76                ReservedFilename::ReservedFilename(int)
                0x00000000c0012d76                ReservedFilename::ReservedFilename(int)
                0x00000000c0012da8                UnixFile::~UnixFile()
                0x00000000c0012da8                UnixFile::~UnixFile()
                0x00000000c0012e44                UnixFile::~UnixFile()
                0x00000000c0012e6c                ReservedFilename::~ReservedFilename()
                0x00000000c0012e6c                ReservedFilename::~ReservedFilename()
                0x00000000c0012e90                ReservedFilename::~ReservedFilename()
                0x00000000c0012eb7                KeGetFileFromDescriptor(int)
 .text          0x00000000c0012fb4     0x1210 krnl/virtmgr.32
                0x00000000c0012fb4                Virt::setPageState(unsigned long, Virt::VirtPageState)
                0x00000000c0012fee                Virt::getPageState(unsigned long)
                0x00000000c0013011                Virt::allocateKernelVirtualPages(int)
                0x00000000c0013136                Virt::freeSwapfilePage(unsigned long)
                0x00000000c0013159                Virt::swapIDToSector(unsigned long)
                0x00000000c001316f                Virt::allocateSwapfilePage()
                0x00000000c00131ef                Virt::virtualMemorySetup()
                0x00000000c0013240                Virt::setupPageSwapping(int)
                0x00000000c00132b2                VAS::setCPUSpecific(unsigned long)
                0x00000000c00132b4                VAS::VAS(VAS*)
                0x00000000c00132b4                VAS::VAS(VAS*)
                0x00000000c00132cc                VAS::getForeignPageTableEntry(bool, unsigned long)
                0x00000000c00132fa                VAS::getPageTableEntry(unsigned long)
                0x00000000c0013319                Virt::freeKernelVirtualPages(unsigned long)
                0x00000000c0013456                VAS::freeAllocatedPages(unsigned long)
                0x00000000c001347a                VAS::virtualToPhysical(unsigned long)
                0x00000000c0013494                VAS::reflagRange(unsigned long, int, unsigned long, unsigned long)
                0x00000000c00134d6                VAS::VAS()
                0x00000000c00134d6                VAS::VAS()
                0x00000000c0013540                VAS::setToWriteCombining(unsigned long, int)
                0x00000000c0013574                VAS::mapOtherVASIn(bool, VAS*)
                0x00000000c00135a0                VAS::~VAS()
                0x00000000c00135a0                VAS::~VAS()
                0x00000000c001370e                VAS::mapPage(unsigned long, unsigned long, int)
                0x00000000c0013812                VAS::allocatePages(int, int)
                0x00000000c0013908                VAS::mapRange(unsigned long, unsigned long, int, int)
                0x00000000c0013960                VAS::mapForeignPage(bool, VAS*, unsigned long, unsigned long, int)
                0x00000000c0013a56                VAS::VAS(bool)
                0x00000000c0013a56                VAS::VAS(bool)
                0x00000000c0013ca0                VAS::evict(unsigned long)
                0x00000000c0013d7e                VAS::tryLoadBackOffDisk(unsigned long)
                0x00000000c0013f26                VAS::allocateSharedMemoryWithKernel(unsigned long, unsigned long*)
                0x00000000c0013f9a                VAS::freeSharedMemoryWithKernel(unsigned long, unsigned long)
                0x00000000c0013fc6                VAS::scanForEviction()
                0x00000000c00140c9                mapVASFirstTime
 .text          0x00000000c00141c4       0x36 sys/eject.32
                0x00000000c00141c4                SysEject(regs*)
 .text          0x00000000c00141fa       0x18 sys/exit.32
                0x00000000c00141fa                SysExit(regs*)
 .text          0x00000000c0014212       0x1f sys/getcwd.32
                0x00000000c0014212                SysGetCwd(regs*)
 .text          0x00000000c0014231        0xc sys/getpid.32
                0x00000000c0014231                SysGetPID(regs*)
 .text          0x00000000c001423d       0x1a sys/getramdata.32
                0x00000000c001423d                SysGetRAMData(regs*)
 .text          0x00000000c0014257       0x82 sys/getvgaptr.32
                0x00000000c0014257                SysGetVGAPtr(regs*)
 *fill*         0x00000000c00142d9        0x3 
 .text          0x00000000c00142dc       0xb9 sys/kill.32
                0x00000000c00142dc                SysKill(regs*)
 .text          0x00000000c0014395       0xa8 sys/loaddll.32
                0x00000000c0014395                SysLoadDLL(regs*)
 .text          0x00000000c001443d       0x68 sys/read.32
                0x00000000c001443d                SysRead(regs*)
 .text          0x00000000c00144a5       0x29 sys/registersignal.32
                0x00000000c00144a5                SysRegisterSignal(regs*)
 .text          0x00000000c00144ce      0x1cc sys/registry.32
                0x00000000c00144ce                SysRegistryGetTypeFromPath(regs*)
                0x00000000c0014512                SysRegistryReadExtent(regs*)
                0x00000000c001455a                SysRegistryPathToExtentLookup(regs*)
                0x00000000c0014571                SysRegistryEnterDirectory(regs*)
                0x00000000c0014588                SysRegistryGetNext(regs*)
                0x00000000c001459f                SysRegistryGetNameAndTypeFromExtent(regs*)
                0x00000000c00145d9                SysRegistryOpen(regs*)
                0x00000000c00145ed                SysRegistryClose(regs*)
                0x00000000c0014604                SysRegistryEasyReadString(regs*)
                0x00000000c0014650                SysRegistryEasyReadInteger(regs*)
 .text          0x00000000c001469a       0x55 sys/sbrk.32
                0x00000000c001469a                SysSbrk(regs*)
 .text          0x00000000c00146ef       0x1c sys/setcwd.32
                0x00000000c00146ef                SysSetCwd(regs*)
 .text          0x00000000c001470b       0x96 sys/settime.32
                0x00000000c001470b                SysSetTime(regs*)
 .text          0x00000000c00147a1       0x73 sys/symlink.32
                0x00000000c00147a1                SysSymlink(regs*)
 .text          0x00000000c0014814       0x3f sys/timezone.32
                0x00000000c0014814                SysTimezone(regs*)
 .text          0x00000000c0014853       0xfc sys/truncate.32
                0x00000000c0014853                SysTruncate(regs*)
 .text          0x00000000c001494f       0x68 sys/write.32
                0x00000000c001494f                SysWrite(regs*)
 .text          0x00000000c00149b7       0x9d sys/wsbe.32
                0x00000000c00149b7                SysWsbe(regs*)
 .text          0x00000000c0014a54       0x25 sys/yield.32
                0x00000000c0014a54                SysYield(regs*)
 .text          0x00000000c0014a79     0x1207 thr/elf.32
                0x00000000c0014a79                Thr::allocateMemoryForTask(Process*, File*, unsigned long, unsigned long, unsigned long)
                0x00000000c0014d07                Thr::loadProgramIntoMemory(Process*, char const*)
                0x00000000c0014f19                Thr::runtimeReferenceHelper()
                0x00000000c0014f2c                Thr::getAddressOfKernelSymbol(char const*)
                0x00000000c0014f7b                Thr::loadKernelSymbolTable(char const*)
                0x00000000c0015239                Thr::loadDriverIntoMemory(char const*, unsigned long, bool)
                0x00000000c0015972                Thr::getDriverBaseFromAddress(unsigned long)
                0x00000000c00159a4                Thr::getDriverNameFromAddress(unsigned long)
                0x00000000c00159db                Thr::getDriverOffsetFromAddress(unsigned long)
                0x00000000c00159f5                Thr::loadDLL(char const*, bool)
                0x00000000c0015c47                Thr::executeDLL(unsigned long, void*)
 .text          0x00000000c0015c80       0x5a thr/exec.32
                0x00000000c0015c80                KeProcessExec(Process*, char const*)
 *fill*         0x00000000c0015cda        0x2 
 .text          0x00000000c0015cdc     0x1131 thr/prcssthr.32
                0x00000000c0015cdc                userModeEntryPoint(void*)
                0x00000000c0015d04                changeTSS
                0x00000000c0015d34                switchToThread(ThreadControlBlock*)
                0x00000000c0015de4                Process::addArgs(char**)
                0x00000000c0015e50                Process::Process(char const*, Process*, char**)
                0x00000000c0015e50                Process::Process(char const*, Process*, char**)
                0x00000000c001605c                Process::Process(bool, char const*, Process*, char**)
                0x00000000c001605c                Process::Process(bool, char const*, Process*, char**)
                0x00000000c0016230                taskStartupFunction
                0x00000000c001623c                KeDisablePreemption()
                0x00000000c0016264                KeRestorePreemption()
                0x00000000c0016284                Process::createThread(void (*)(void*), void*, int)
                0x00000000c0016390                Process::createUserThread()
                0x00000000c00163b0                setupMultitasking(void (*)())
                0x00000000c00164d4                schedule()
                0x00000000c0016568                blockTaskWithSchedulerLockAlreadyHeld(TaskState)
                0x00000000c0016590                blockTask(TaskState)
                0x00000000c00165c8                waitTask(int, int*, int)
                0x00000000c001660c                milliTenthSleepUntil(unsigned int)
                0x00000000c00166ac                milliTenthSleep(unsigned int)
                0x00000000c00166c0                sleep(unsigned int)
                0x00000000c00166dc                taskReturned
                0x00000000c0016720                Thr::processFromPID(int)
                0x00000000c00167cc                unblockTask(ThreadControlBlock*)
                0x00000000c0016878                cleanupTerminatedTask(ThreadControlBlock*)
                0x00000000c0016b4c                cleanerTaskFunction(void*)
                0x00000000c0016c54                terminateTask(int)
                0x00000000c0016d40                Thr::terminateFromIRQ(int)
 .text          0x00000000c0016e0d      0xd00 vm86/vm8086.32
                0x00000000c0016e0d                Vm::inbv(unsigned short)
                0x00000000c0016e20                Vm::outbv(unsigned short, unsigned char)
                0x00000000c0016e56                Vm::realToLinear(unsigned short, unsigned short)
                0x00000000c0016e66                Vm::getSegment(unsigned int)
                0x00000000c0016e6e                Vm::getOffset(unsigned int)
                0x00000000c0016e73                Vm::mainloop2()
                0x00000000c0016ead                Vm::mainVm8086Loop(void*)
                0x00000000c0016ebd                Vm::mainloop3(unsigned long)
                0x00000000c0016ee3                Vm::initialise8086()
                0x00000000c0016f26                Vm::resetConventionalMemory8086()
                0x00000000c0016f27                Vm::finish8086()
                0x00000000c0016f88                Vm::getOutput8086(unsigned char*)
                0x00000000c0016fad                Vm::start8086FromBuffer(unsigned char*, int, unsigned short, unsigned short, unsigned short, unsigned short)
                0x00000000c00170d4                Vm::start8086(char const*, unsigned short, unsigned short, unsigned short, unsigned short)
                0x00000000c00172dc                Vm::doISR(regs*, int, unsigned char*, unsigned short, unsigned short)
                0x00000000c0017375                Vm::readByteFromReal(unsigned short, unsigned short)
                0x00000000c0017386                Vm::readWordFromReal(unsigned short, unsigned short)
                0x00000000c0017398                Vm::readDwordFromReal(unsigned short, unsigned short)
                0x00000000c00173a9                Vm::writeByteFromReal(unsigned short, unsigned short, unsigned char)
                0x00000000c00173be                Vm::writeWordFromReal(unsigned short, unsigned short, unsigned short)
                0x00000000c00173d4                Vm::writeDwordFromReal(unsigned short, unsigned short, unsigned int)
                0x00000000c00173e9                Vm::faultHandler(regs*)
 .text          0x00000000c0017b0d      0xb3d arch/i386/hal.32
                0x00000000c0017b0d                noCopro(unsigned long)
                0x00000000c0017b0e                x86ReadCMOS(unsigned char)
                0x00000000c0017b62                x86WriteCMOS(unsigned char, unsigned char)
                0x00000000c0017bc2                HalEnableNMI()
                0x00000000c0017bd5                HalDisableNMI()
                0x00000000c0017be8                HalGetNMIState()
                0x00000000c0017bee                x86rdmsr(unsigned int)
                0x00000000c0017c32                x86wrmsr(unsigned int, unsigned long long)
                0x00000000c0017c7d                HalHandleGeneralProtectionFault(void*, void*)
                0x00000000c0017c93                HalHandlePageFault(void*, void*)
                0x00000000c0017cc2                HalHandleOpcodeFault(void*, void*)
                0x00000000c0017d10                HalDisplayDebugInfo(void*)
                0x00000000c001809e                HalReceivedNMI()
                0x00000000c0018139                HalSystemIdle()
                0x00000000c00181ac                i386SaveCoprocessor(void*)
                0x00000000c00181c0                i386LoadCoprocessor(void*)
                0x00000000c00181d4                x87EmulHandler(regs*, void*)
                0x00000000c0018271                HalInitialiseCoprocessor()
                0x00000000c00182fa                HalPanic(char const*)
                0x00000000c001840e                HalQueryPerformanceCounter()
                0x00000000c0018429                HalInitialise()
                0x00000000c00185df                HalMakeBeep(int)
                0x00000000c0018619                HalGetRand()
                0x00000000c001861c                HalEndOfInterrupt(int)
                0x00000000c0018647                HalRestart()
                0x00000000c0018648                HalShutdown()
                0x00000000c0018649                HalSleep()
 *fill*         0x00000000c001864a        0x2 
 .text          0x00000000c001864c      0x2dc arch/i386/pic.32
                0x00000000c001864c                picIoWait()
                0x00000000c0018654                picDisable()
                0x00000000c0018688                picGetIRQReg(int)
                0x00000000c0018704                picOpen()
                0x00000000c0018888                picEOI(int)
 .text          0x00000000c0018928      0x5f8 arch/i386/rtc.32
                0x00000000c0018928                RTC::open(int, int, void*)
                0x00000000c001892c                RTC::close(int, int, void*)
                0x00000000c0018930                RTC::timeInSecondsUTC()
                0x00000000c0018942                RTC::timeInDatetimeUTC()
                0x00000000c0018968                RTC::setTimeInSecondsUTC(unsigned long long)
                0x00000000c00189a6                RTC::~RTC()
                0x00000000c00189a6                RTC::~RTC()
                0x00000000c00189ca                RTC::~RTC()
                0x00000000c00189f4                RTC::get_update_in_progress_flag()
                0x00000000c0018a08                RTC::completeRTCRefresh()
                0x00000000c0018cbc                RTC::setTimeInDatetimeUTC(datetime_t)
                0x00000000c0018e32                rtcIRQHandler(regs*, void*)
                0x00000000c0018e72                RTC::RTC()
                0x00000000c0018e72                RTC::RTC()
 .text          0x00000000c0018f20      0x1f4 arch/i386/vga.32
                0x00000000c0018f20                HalConsoleScroll(int, int)
                0x00000000c0019028                HalConsoleWriteCharacter(char, int, int, int, int)
                0x00000000c001908c                HalConsoleCursorUpdate(int, int)
 .text          0x00000000c0019114     0x14cf fs/fat/vfslink.32
                0x00000000c0019114                FAT::getName()
                0x00000000c001911c                FAT::tell(void*, unsigned long long*)
                0x00000000c0019158                FAT::stat(void*, unsigned long long*)
                0x00000000c0019194                FAT::~FAT()
                0x00000000c0019194                FAT::~FAT()
                0x00000000c00191b8                FAT::~FAT()
                0x00000000c00191e0                FAT::getlabel(LogicalDisk*, int, char*, unsigned int*)
                0x00000000c0019284                FAT::setlabel(LogicalDisk*, int, char*)
                0x00000000c0019348                FAT::format(LogicalDisk*, int, char const*, int)
                0x00000000c001952c                FAT::tryMount(LogicalDisk*, int)
                0x00000000c0019748                FAT::allocateSwapfile(char const*, int)
                0x00000000c0019908                FAT::readDir(void*, unsigned long, void*, int*)
                0x00000000c0019a78                FAT::read(void*, unsigned long, void*, int*)
                0x00000000c0019ad8                FAT::write(void*, unsigned long, void*, int*)
                0x00000000c0019b38                FAT::close(void*)
                0x00000000c0019b8c                FAT::closeDir(void*)
                0x00000000c0019be0                FAT::truncate(void*, unsigned long long)
                0x00000000c0019c4c                FAT::seek(void*, unsigned long long)
                0x00000000c0019ca4                fatWrapperReadDisk
                0x00000000c0019ce4                fatWrapperWriteDisk
                0x00000000c0019d24                fatWrapperIoctl
                0x00000000c0019e40                FAT::FAT()
                0x00000000c0019e40                FAT::FAT()
                0x00000000c0019e98                FAT::fixFilepath(char*)
                0x00000000c0019ed8                FAT::open(char const*, void**, FileOpenMode)
                0x00000000c001a04c                FAT::openDir(char const*, void**)
                0x00000000c001a0fc                FAT::stat(char const*, unsigned long long*, bool*)
                0x00000000c001a1f4                FAT::unlink(char const*)
                0x00000000c001a274                FAT::chfatattr(char const*, unsigned char, unsigned char)
                0x00000000c001a428                FAT::rename(char const*, char const*)
                0x00000000c001a4f4                FAT::mkdir(char const*)
                0x00000000c001a574                FAT::exists(char const*)
 *fill*         0x00000000c001a5e3        0x1 
 .text          0x00000000c001a5e4       0x94 fs/iso9660/helper.32
                0x00000000c001a5e4                isoReadDiscSectorHelper
                0x00000000c001a640                iso_kprintf
                0x00000000c001a65c                iso_kprintfd
 .text          0x00000000c001a678      0x71c fs/iso9660/vfslink.32
                0x00000000c001a678                ISO9660::format(LogicalDisk*, int, char const*, int)
                0x00000000c001a67e                ISO9660::truncate(void*, unsigned long long)
                0x00000000c001a684                ISO9660::getName()
                0x00000000c001a68a                ISO9660::closeDir(void*)
                0x00000000c001a694                ISO9660::chfatattr(char const*, unsigned char, unsigned char)
                0x00000000c001a69a                ISO9660::unlink(char const*)
                0x00000000c001a6a0                ISO9660::write(void*, unsigned long, void*, int*)
                0x00000000c001a6a6                ISO9660::rename(char const*, char const*)
                0x00000000c001a6ac                ISO9660::mkdir(char const*)
                0x00000000c001a6b2                ISO9660::~ISO9660()
                0x00000000c001a6b2                ISO9660::~ISO9660()
                0x00000000c001a6d6                ISO9660::~ISO9660()
                0x00000000c001a6fe                ISO9660::exists(char const*)
                0x00000000c001a712                ISO9660::open(char const*, void**, FileOpenMode)
                0x00000000c001a7f8                ISO9660::read(void*, unsigned long, void*, int*)
                0x00000000c001a840                ISO9660::seek(void*, unsigned long long)
                0x00000000c001a882                ISO9660::tell(void*, unsigned long long*)
                0x00000000c001a8c0                ISO9660::stat(void*, unsigned long long*)
                0x00000000c001a912                ISO9660::stat(char const*, unsigned long long*, bool*)
                0x00000000c001aa54                ISO9660::close(void*)
                0x00000000c001aa84                ISO9660::openDir(char const*, void**)
                0x00000000c001ab5e                ISO9660::readDir(void*, unsigned long, void*, int*)
                0x00000000c001ac7b                readSectorFromCDROM(unsigned int, unsigned char*, char)
                0x00000000c001acfa                ISO9660::tryMount(LogicalDisk*, int)
                0x00000000c001ad6c                ISO9660::ISO9660()
                0x00000000c001ad6c                ISO9660::ISO9660()
 .text          0x00000000c001ad94      0x26c hal/sound/sndcard.32
                0x00000000c001ad94                SoundCard::beginPlayback()
                0x00000000c001ada2                SoundCard::stopPlayback()
                0x00000000c001adb0                SoundCard::SoundCard(char const*)
                0x00000000c001adb0                SoundCard::SoundCard(char const*)
                0x00000000c001ae4e                SoundCard::~SoundCard()
                0x00000000c001ae4e                SoundCard::~SoundCard()
                0x00000000c001ae72                SoundCard::~SoundCard()
                0x00000000c001ae9c                SoundCard::configureRates(int, int, int)
                0x00000000c001aecc                SoundCard::getSamples16(int, short*)
                0x00000000c001af28                SoundCard::getSamples32(int, int*)
                0x00000000c001afae                SoundCard::addChannel(SoundPort*)
                0x00000000c001afec                SoundCard::removeChannel(int)
 .text          0x00000000c001b000      0x38a hal/sound/sndport.32
                0x00000000c001b000                SoundPort::SoundPort(int, int, int, int)
                0x00000000c001b000                SoundPort::SoundPort(int, int, int, int)
                0x00000000c001b08c                SoundPort::~SoundPort()
                0x00000000c001b08c                SoundPort::~SoundPort()
                0x00000000c001b0c0                SoundPort::unpause()
                0x00000000c001b0cc                SoundPort::pause()
                0x00000000c001b0d8                SoundPort::getBufferUsed()
                0x00000000c001b0e0                SoundPort::getBufferSize()
                0x00000000c001b0e8                SoundPort::buffer16(short*, int)
                0x00000000c001b174                SoundPort::buffer32(int*, int)
                0x00000000c001b200                SoundPort::unbufferAndAdd16(int, short*, SoundCard*)
                0x00000000c001b2cc                SoundPort::unbufferAndAdd32(int, int*, SoundCard*)
 .text          0x00000000c001b38a        0x0 hw/bus/isa.32
 .text          0x00000000c001b38a      0xc23 hw/bus/pci.32
                0x00000000c001b38a                PCI::open(int, int, void*)
                0x00000000c001b3a8                PCI::close(int, int, void*)
                0x00000000c001b3ac                PCI::PCI()
                0x00000000c001b3ac                PCI::PCI()
                0x00000000c001b444                PCI::readBAR8(unsigned int, int)
                0x00000000c001b460                PCI::readBAR16(unsigned int, int)
                0x00000000c001b47e                PCI::readBAR32(unsigned int, int)
                0x00000000c001b49a                PCI::writeBAR8(unsigned int, unsigned char, int)
                0x00000000c001b4ba                PCI::writeBAR16(unsigned int, unsigned short, int)
                0x00000000c001b4dc                PCI::writeBAR32(unsigned int, unsigned int, int)
                0x00000000c001b4fc                PCI::legacyMechanism(unsigned char, unsigned char, unsigned char, unsigned char)
                0x00000000c001b572                PCI::pciReadWord(unsigned char, unsigned char, unsigned char, unsigned char)
                0x00000000c001b61c                PCI::getVendorID(unsigned char, unsigned char, unsigned char)
                0x00000000c001b640                PCI::getHeaderType(unsigned char, unsigned char, unsigned char)
                0x00000000c001b668                PCI::getClassCode(unsigned char, unsigned char, unsigned char)
                0x00000000c001b6b2                PCI::getProgIF(unsigned char, unsigned char, unsigned char)
                0x00000000c001b6da                PCI::getRevisionID(unsigned char, unsigned char, unsigned char)
                0x00000000c001b6fe                PCI::getInterruptNumber(unsigned char, unsigned char, unsigned char)
                0x00000000c001b722                PCI::getSecondaryBus(unsigned char, unsigned char, unsigned char)
                0x00000000c001b74a                PCI::getBARAddress(unsigned char, unsigned char, unsigned char, unsigned char)
                0x00000000c001b7ae                PCI::pciWriteWord(unsigned char, unsigned char, unsigned char, unsigned char, unsigned short)
                0x00000000c001b896                PCI::pciDetailsToFilepath(PCIDeviceInfo, char*)
                0x00000000c001bb5c                PCI::checkBus(unsigned char)
                0x00000000c001bb80                PCI::foundDevice(PCIDeviceInfo)
                0x00000000c001bd66                PCI::getDeviceData(unsigned char, unsigned char, unsigned char)
                0x00000000c001bee2                PCI::checkDevice(unsigned char, unsigned char)
                0x00000000c001bf54                PCI::detect()
 *fill*         0x00000000c001bfad        0x1 
 .text          0x00000000c001bfae      0xe16 hw/diskctrl/ide.32
                0x00000000c001bfae                IDE::close(int, int, void*)
                0x00000000c001bfb2                IDE::IDE()
                0x00000000c001bfb2                IDE::IDE()
                0x00000000c001bfe6                IDE::prepareInterrupt(unsigned char)
                0x00000000c001bff8                selectDrive(unsigned char, unsigned char)
                0x00000000c001bffa                IDE::getBase(unsigned char)
                0x00000000c001c00c                IDE::write(unsigned char, unsigned char, unsigned char)
                0x00000000c001c0cc                IDE::read(unsigned char, unsigned char)
                0x00000000c001c17a                IDE::waitInterrupt(unsigned char)
                0x00000000c001c1dc                ideChannel0IRQHandler(regs*, void*)
                0x00000000c001c1f8                ideChannel1IRQHandler(regs*, void*)
                0x00000000c001c214                IDE::enableIRQs(unsigned char, bool)
                0x00000000c001c25e                IDE::open(int, int, void*)
                0x00000000c001c7a4                IDE::readBuffer(unsigned char, unsigned char, unsigned int, unsigned int)
                0x00000000c001c874                IDE::detect()
                0x00000000c001ccb6                IDE::printError(unsigned char, unsigned char, unsigned char)
                0x00000000c001cd70                IDE::polling(unsigned char, unsigned int)
 .text          0x00000000c001cdc4      0x33d hw/diskctrl/satabus.32
                0x00000000c001cdc4                SATABus::close(int, int, void*)
                0x00000000c001cdc8                SATABus::detect()
                0x00000000c001cdca                SATABus::SATABus()
                0x00000000c001cdca                SATABus::SATABus()
                0x00000000c001ce50                SATABus::findCmdslot(SATABus::tagHBA_PORT volatile*)
                0x00000000c001ce82                SATABus::checkType(SATABus::tagHBA_PORT volatile*)
                0x00000000c001ceca                SATABus::startCmd(SATABus::tagHBA_PORT volatile*)
                0x00000000c001ceea                SATABus::stopCmd(SATABus::tagHBA_PORT volatile*)
                0x00000000c001cf14                SATABus::portRebase(SATABus::tagHBA_PORT volatile*, int)
                0x00000000c001d024                SATABus::probePort(SATABus::tagHBA_MEM volatile*)
                0x00000000c001d0ce                SATABus::open(int, int, void*)
 *fill*         0x00000000c001d101        0x1 
 .text          0x00000000c001d102      0x987 hw/diskphys/ata.32
                0x00000000c001d102                ATA::close(int, int, void*)
                0x00000000c001d126                ATA::powerSaving(PowerSavingLevel)
                0x00000000c001d128                ATA::ATA()
                0x00000000c001d128                ATA::ATA()
                0x00000000c001d156                ATA::flush(bool)
                0x00000000c001d1a4                ATA::readyForCommand()
                0x00000000c001d1f0                ATA::access(unsigned long long, int, void*, bool)
                0x00000000c001d5ce                ATA::detectCHS()
                0x00000000c001d5f8                ATA::open(int, int, void*)
                0x00000000c001d6c4                combineCharAndColour(char, unsigned char)
                0x00000000c001d6d5                combineColours(unsigned char, unsigned char)
                0x00000000c001d6e2                ATA::read(unsigned long long, int, void*)
                0x00000000c001d8b8                ATA::write(unsigned long long, int, void*)
 *fill*         0x00000000c001da89        0x1 
 .text          0x00000000c001da8a      0x618 hw/diskphys/atapi.32
                0x00000000c001da8a                ATAPI::write(unsigned long long, int, void*)
                0x00000000c001da90                ATAPI::close(int, int, void*)
                0x00000000c001dab4                ATAPI::ATAPI()
                0x00000000c001dab4                ATAPI::ATAPI()
                0x00000000c001dae2                ATAPI::readyForCommand()
                0x00000000c001db34                ATAPI::sendPacket(unsigned char*, int, bool, unsigned short*, int)
                0x00000000c001ddfc                ATAPI::diskRemoved()
                0x00000000c001de36                ATAPI::eject()
                0x00000000c001de7e                ATAPI::diskInserted()
                0x00000000c001de8a                ATAPI::detectMedia()
                0x00000000c001df48                ATAPI::open(int, int, void*)
                0x00000000c001e028                ATAPI::read(unsigned long long, int, void*)
 .text          0x00000000c001e0a2      0x849 hw/diskphys/sata.32
                0x00000000c001e0a2                SATA::close(int, int, void*)
                0x00000000c001e0c6                SATA::powerSaving(PowerSavingLevel)
                0x00000000c001e0c8                SATA::open(int, int, void*)
                0x00000000c001e180                SATA::SATA()
                0x00000000c001e180                SATA::SATA()
                0x00000000c001e1ae                SATA::access(unsigned long long, int, void*, bool)
                0x00000000c001e436                SATA::read(unsigned long long, int, void*)
                0x00000000c001e686                SATA::write(unsigned long long, int, void*)
 *fill*         0x00000000c001e8eb        0x1 
 .text          0x00000000c001e8ec      0x5d0 hw/diskphys/satapi.32
                0x00000000c001e8ec                SATAPI::write(unsigned long long, int, void*)
                0x00000000c001e8f2                SATAPI::close(int, int, void*)
                0x00000000c001e916                SATAPI::SATAPI()
                0x00000000c001e916                SATAPI::SATAPI()
                0x00000000c001e944                SATAPI::diskRemoved()
                0x00000000c001e946                SATAPI::diskInserted()
                0x00000000c001e962                SATAPI::sendPacket(unsigned char*, int, unsigned long long, unsigned short*, int)
                0x00000000c001ec40                SATAPI::eject()
                0x00000000c001ec7c                SATAPI::detectMedia()
                0x00000000c001ecd2                SATAPI::open(int, int, void*)
                0x00000000c001edd2                SATAPI::read(unsigned long long, int, void*)
 .text          0x00000000c001eebc      0x44f hw/intctrl/apic.32
                0x00000000c001eebc                IOAPIC::close(int, int, void*)
                0x00000000c001eec2                apicGetBase()
                0x00000000c001eefc                IOAPIC::IOAPIC()
                0x00000000c001eefc                IOAPIC::IOAPIC()
                0x00000000c001ef24                apicOpen()
                0x00000000c001f0a0                IOAPIC::handlesGSIWithNumber(unsigned int)
                0x00000000c001f0d2                IOAPIC::read(int)
                0x00000000c001f0fa                IOAPIC::open(int, int, void*)
                0x00000000c001f1e0                IOAPIC::write(int, int)
                0x00000000c001f20c                IOAPIC::redirect(unsigned char, unsigned long long, unsigned char, bool, bool)
 *fill*         0x00000000c001f30b        0x1 
 .text          0x00000000c001f30c       0xf0 hw/timer/apictimer.32
                0x00000000c001f30c                APICTimer::close(int, int, void*)
                0x00000000c001f314                apicTimerHandler(regs*, void*)
                0x00000000c001f33c                APICTimer::open(int, int, void*)
                0x00000000c001f3ac                APICTimer::write(int)
                0x00000000c001f3d4                APICTimer::APICTimer()
                0x00000000c001f3d4                APICTimer::APICTimer()
 .text          0x00000000c001f3fc      0x1ad hw/timer/pit.32
                0x00000000c001f3fc                PIT::write(int)
                0x00000000c001f480                pitHandler(regs*, void*)
                0x00000000c001f4a8                PIT::open(int, int, void*)
                0x00000000c001f4f8                PIT::close(int, int, void*)
                0x00000000c001f528                PIT::PIT()
                0x00000000c001f528                PIT::PIT()
 *fill*         0x00000000c001f5a9        0x7 
 .text          0x00000000c001f5b0       0x6f arch/i386/avx.32
                0x00000000c001f5b0                avxDetect
                0x00000000c001f5da                avxSave
                0x00000000c001f5eb                avxLoad
                0x00000000c001f5fc                avxInit
                0x00000000c001f61e                avxClose
 *fill*         0x00000000c001f61f        0x1 
 .text          0x00000000c001f620      0x2ec arch/i386/interrupt.32
                0x00000000c001f620                isr0
                0x00000000c001f630                isr1
                0x00000000c001f63a                isr2
                0x00000000c001f644                isr3
                0x00000000c001f64e                isr4
                0x00000000c001f658                isr5
                0x00000000c001f662                isr6
                0x00000000c001f66c                isr7
                0x00000000c001f676                isr8
                0x00000000c001f67e                isr9
                0x00000000c001f688                isr10
                0x00000000c001f690                isr11
                0x00000000c001f698                isr12
                0x00000000c001f6a0                isr13
                0x00000000c001f6ba                isr14
                0x00000000c001f6c2                isr15
                0x00000000c001f6cc                isr16
                0x00000000c001f6d6                isr17
                0x00000000c001f6e0                isr18
                0x00000000c001f6ea                irq3