Archive member included to satisfy reference by file (symbol)

/cygdrive/d/Users/Alex/Desktop/Toolchain/Output/bin/../lib/gcc/i386-banana/8.1.0/libgcc.a(_divdi3.o)
                              fs/fat/ff.32 (__divdi3)
/cygdrive/d/Users/Alex/Desktop/Toolchain/Output/bin/../lib/gcc/i386-banana/8.1.0/libgcc.a(_moddi3.o)
                              core/elf.32 (__moddi3)
/cygdrive/d/Users/Alex/Desktop/Toolchain/Output/bin/../lib/gcc/i386-banana/8.1.0/libgcc.a(_divmoddi4.o)
                              acpica/osl.32 (__divmoddi4)
/cygdrive/d/Users/Alex/Desktop/Toolchain/Output/bin/../lib/gcc/i386-banana/8.1.0/libgcc.a(_udivdi3.o)
                              acpica/utmath.32 (__udivdi3)
/cygdrive/d/Users/Alex/Desktop/Toolchain/Output/bin/../lib/gcc/i386-banana/8.1.0/libgcc.a(_umoddi3.o)
                              acpica/utmath.32 (__umoddi3)
D:/Users/Alex/Desktop/Banana/kernel/libk/libm32.a(s_fabs.c.o)
                              hal/libresample/samplerate.32 (fabs)
D:/Users/Alex/Desktop/Banana/kernel/libk/libm32.a(s_lrint.S.o)
                              hal/libresample/samplerate.32 (lrint)
D:/Users/Alex/Desktop/Banana/kernel/libk/libm32.a(s_lrintf.S.o)
                              hal/sound/sndhw.32 (lrintf)

Allocating common symbols
Common symbol       size              file

AcpiGbl_StateCache  0x4               acpica/utglobal.32
AcpiGbl_OwnerIdMask
                    0x200             acpica/utglobal.32
AcpiGbl_StepToNextCall
                    0x1               acpica/utglobal.32
AcpiGbl_RootTableList
                    0x10              acpica/utglobal.32
AcpiGbl_FadtGpeDevice
                    0x4               acpica/utglobal.32
AcpiGbl_GpeXruptListHead
                    0x4               acpica/utglobal.32
AcpiGbl_GlobalLockHandle
                    0x2               acpica/utglobal.32
AcpiGbl_RootNodeStruct
                    0x1c              acpica/utglobal.32
AcpiGbl_FACS        0x4               acpica/utglobal.32
AcpiGbl_AllGpesInitialized
                    0x1               acpica/utglobal.32
AcpiGbl_GlobalLockMutex
                    0x4               acpica/utglobal.32
AcpiGbl_IntegerByteWidth
                    0x1               acpica/utglobal.32
AcpiGbl_Pm1EnableRegisterSave
                    0x2               acpica/utglobal.32
AcpiGbl_NsLookupCount
                    0x4               acpica/utglobal.32
AcpiCurrentGpeCount
                    0x4               acpica/utglobal.32
AcpiGbl_IntegerBitWidth
                    0x1               acpica/utglobal.32
AcpiGbl_NamespaceCache
                    0x4               acpica/utglobal.32
AcpiGbl_TableHandler
                    0x4               acpica/utglobal.32
AcpiGbl_HardwareLock
                    0x4               acpica/utglobal.32
AcpiGbl_FixedEventHandlers
                    0x28              acpica/utglobal.32
AcpiSciCount        0x4               acpica/utglobal.32
AcpiGbl_DSDT        0x4               acpica/utglobal.32
AcpiGbl_GlobalNotify
                    0x10              acpica/utglobal.32
AcpiGbl_GlobalLockSemaphore
                    0x4               acpica/utglobal.32
AcpiGbl_SystemAwakeAndRunning
                    0x1               acpica/utglobal.32
AcpiGbl_InterfaceHandler
                    0x4               acpica/utglobal.32
AcpiGbl_EventsInitialized
                    0x1               acpica/utglobal.32
AcpiGbl_SupportedInterfaces
                    0x4               acpica/utglobal.32
AcpiGbl_GpeLock     0x4               acpica/utglobal.32
AcpiGbl_SleepTypeB  0x1               acpica/utglobal.32
AcpiGbl_InitHandler
                    0x4               acpica/utglobal.32
AcpiGbl_GlobalLockAcquired
                    0x1               acpica/utglobal.32
AcpiGbl_XPm1bEnable
                    0xc               acpica/utglobal.32
AcpiGbl_OriginalDsdtHeader
                    0x24              acpica/utglobal.32
AcpiGbl_ReferenceCountLock
                    0x4               acpica/utglobal.32
AcpiGpeCount        0x4               acpica/utglobal.32
AcpiGbl_TableHandlerContext
                    0x4               acpica/utglobal.32
AcpiGbl_XPm1aStatus
                    0xc               acpica/utglobal.32
AcpiGbl_OriginalMode
                    0x4               acpica/utglobal.32
AcpiGbl_CmSingleStep
                    0x1               acpica/utglobal.32
AcpiGbl_GlobalEventHandlerContext
                    0x4               acpica/utglobal.32
AcpiGbl_PsFindCount
                    0x4               acpica/utglobal.32
AcpiFixedEventCount
                    0x14              acpica/utglobal.32
AcpiGbl_AcpiHardwarePresent
                    0x1               acpica/utglobal.32
AcpiGbl_MutexInfo   0x60              acpica/utglobal.32
AcpiGbl_RootNode    0x4               acpica/utglobal.32
AcpiGbl_AddressRangeList
                    0x8               acpica/utglobal.32
AcpiGbl_FADT        0x114             acpica/utglobal.32
AcpiGbl_IntegerNybbleWidth
[...]
Memory Configuration

Name             Origin             Length             Attributes
*default*        0x0000000000000000 0xffffffffffffffff

Linker script and memory map

LOAD D:/Users/Alex/Desktop/Banana/kernel/boot.32
LOAD crti.32
LOAD /cygdrive/d/Users/Alex/Desktop/Toolchain/Output/bin/../lib/gcc/i386-banana/8.1.0/crtbegin.o
LOAD D:/Users/Alex/Desktop/Banana/kernel/morenasm.32
LOAD acpica/dsargs.32
LOAD acpica/dscontrol.32
LOAD acpica/dsdebug.32
LOAD acpica/dsfield.32
LOAD acpica/dsinit.32
LOAD acpica/dsmethod.32
LOAD acpica/dsmthdat.32
LOAD acpica/dsobject.32
LOAD acpica/dsopcode.32
LOAD acpica/dspkginit.32
LOAD acpica/dsutils.32
LOAD acpica/dswexec.32
LOAD acpica/dswload.32
LOAD acpica/dswload2.32
LOAD acpica/dswscope.32
LOAD acpica/dswstate.32
LOAD acpica/evevent.32
LOAD acpica/evglock.32
LOAD acpica/evgpe.32
LOAD acpica/evgpeblk.32
LOAD acpica/evgpeinit.32
LOAD acpica/evgpeutil.32
LOAD acpica/evhandler.32
LOAD acpica/evmisc.32
LOAD acpica/evregion.32
LOAD acpica/evrgnini.32
LOAD acpica/evsci.32
LOAD acpica/evxface.32
LOAD acpica/evxfevnt.32
LOAD acpica/evxfgpe.32
LOAD acpica/evxfregn.32
LOAD acpica/exconcat.32
LOAD acpica/exconfig.32
LOAD acpica/exconvrt.32
LOAD acpica/excreate.32
LOAD acpica/exdebug.32
LOAD acpica/exdump.32
LOAD acpica/exfield.32
LOAD acpica/exfldio.32
LOAD acpica/exmisc.32
LOAD acpica/exmutex.32
LOAD acpica/exnames.32
LOAD acpica/exoparg1.32
LOAD acpica/exoparg2.32
LOAD acpica/exoparg3.32
LOAD acpica/exoparg6.32
LOAD acpica/exprep.32
LOAD acpica/exregion.32
LOAD acpica/exresnte.32
LOAD acpica/exresolv.32
LOAD acpica/exresop.32
LOAD acpica/exserial.32
LOAD acpica/exstore.32
LOAD acpica/exstoren.32
LOAD acpica/exstorob.32
LOAD acpica/exsystem.32
LOAD acpica/extrace.32
LOAD acpica/exutils.32
LOAD acpica/hwacpi.32
LOAD acpica/hwesleep.32
LOAD acpica/hwgpe.32
LOAD acpica/hwpci.32
LOAD acpica/hwregs.32
LOAD acpica/hwsleep.32
LOAD acpica/hwtimer.32
LOAD acpica/hwvalid.32
LOAD acpica/hwxface.32
LOAD acpica/hwxfsleep.32
LOAD acpica/nsaccess.32
LOAD acpica/nsalloc.32
LOAD acpica/nsarguments.32
LOAD acpica/nsconvert.32
LOAD acpica/nsdump.32
LOAD acpica/nsdumpdv.32
LOAD acpica/nseval.32
LOAD acpica/nsinit.32
LOAD acpica/nsload.32
LOAD acpica/nsnames.32
LOAD acpica/nsobject.32
LOAD acpica/nsparse.32
LOAD acpica/nspredef.32
LOAD acpica/nsprepkg.32
LOAD acpica/nsrepair.32
LOAD acpica/nsrepair2.32
LOAD acpica/nssearch.32
LOAD acpica/nsutils.32
LOAD acpica/nswalk.32
LOAD acpica/nsxfeval.32
LOAD acpica/nsxfname.32
LOAD acpica/nsxfobj.32
LOAD acpica/psargs.32
LOAD acpica/psloop.32
LOAD acpica/psobject.32
LOAD acpica/psopcode.32
LOAD acpica/psopinfo.32
LOAD acpica/psparse.32
LOAD acpica/psscope.32
LOAD acpica/pstree.32
LOAD acpica/psutils.32
LOAD acpica/pswalk.32
LOAD acpica/psxface.32
LOAD acpica/rsaddr.32
LOAD acpica/rscalc.32
LOAD acpica/rscreate.32
LOAD acpica/rsdump.32
LOAD acpica/rsdumpinfo.32
LOAD acpica/rsinfo.32
LOAD acpica/rsio.32
LOAD acpica/rsirq.32
LOAD acpica/rslist.32
LOAD acpica/rsmemory.32
LOAD acpica/rsmisc.32
LOAD acpica/rsserial.32
LOAD acpica/rsutils.32
LOAD acpica/rsxface.32
LOAD acpica/tbdata.32
LOAD acpica/tbfadt.32
LOAD acpica/tbfind.32
LOAD acpica/tbinstal.32
LOAD acpica/tbprint.32
LOAD acpica/tbutils.32
LOAD acpica/tbxface.32
LOAD acpica/tbxfload.32
LOAD acpica/tbxfroot.32
LOAD acpica/utaddress.32
LOAD acpica/utalloc.32
LOAD acpica/utascii.32
LOAD acpica/utbuffer.32
LOAD acpica/utcache.32
LOAD acpica/utclib.32
LOAD acpica/utcopy.32
LOAD acpica/utdebug.32
LOAD acpica/utdecode.32
LOAD acpica/utdelete.32
LOAD acpica/uterror.32
LOAD acpica/uteval.32
LOAD acpica/utexcep.32
LOAD acpica/utglobal.32
LOAD acpica/uthex.32
LOAD acpica/utids.32
LOAD acpica/utinit.32
LOAD acpica/utlock.32
LOAD acpica/utmath.32
LOAD acpica/utmisc.32
LOAD acpica/utmutex.32
LOAD acpica/utnonansi.32
LOAD acpica/utobject.32
LOAD acpica/utosi.32
LOAD acpica/utownerid.32
LOAD acpica/utpredef.32
LOAD acpica/utprint.32
LOAD acpica/utresdecode.32
LOAD acpica/utresrc.32
LOAD acpica/utstate.32
LOAD acpica/utstring.32
LOAD acpica/utstrsuppt.32
LOAD acpica/utstrtoul64.32
LOAD acpica/uttrack.32
LOAD acpica/utuuid.32
LOAD acpica/utxface.32
LOAD acpica/utxferror.32
LOAD acpica/utxfinit.32
LOAD acpica/utxfmutex.32
LOAD core/malloc.32
LOAD libk/string.32
LOAD fs/fat/diskio.32
LOAD fs/fat/ff.32
LOAD fs/fat/ffsystem.32
LOAD fs/fat/ffunicode.32
LOAD hal/libresample/samplerate.32
LOAD hal/libresample/src_linear.32
LOAD hal/libresample/src_sinc.32
LOAD hal/libresample/src_zoh.32
LOAD acpica/osl.32
LOAD core/computer.32
LOAD core/elf.32
LOAD core/gdt.32
LOAD core/idle.32
LOAD core/idt.32
LOAD core/kconsole.32
LOAD core/kheap.32
LOAD core/main.32
LOAD core/physmgr.32
LOAD core/pipe.32
LOAD core/prcssthr.32
LOAD core/syscalls.32
LOAD core/terminal.32
LOAD core/tss.32
LOAD core/unixfile.32
LOAD core/virtmgr.32
LOAD coreobjs/c++.32
LOAD debugger/debug.32
LOAD fs/vfs.32
LOAD hal/bus.32
LOAD hal/buzzer.32
LOAD hal/clock.32
LOAD hal/device.32
LOAD hal/diskctrl.32
LOAD hal/diskphys.32
LOAD hal/fpu.32
LOAD hal/intctrl.32
LOAD hal/keybrd.32
LOAD hal/logidisk.32
LOAD hal/partition.32
LOAD hal/timer.32
LOAD hal/vcache.32
LOAD hw/acpi.32
LOAD hw/cpu.32
LOAD hw/ports.32
LOAD registry/registry.32
LOAD syscalls/sc_exit.32
LOAD syscalls/sc_sbrk.32
LOAD syscalls/sc_yield.32
LOAD vm86/vm8086.32
LOAD fs/fat/vfslink.32
LOAD fs/iso9660/vfslink.32
LOAD hal/sound/sndchannel.32
LOAD hal/sound/sndhw.32
LOAD hw/audio/sb16.32
LOAD hw/bus/isa.32
LOAD hw/bus/pci.32
LOAD hw/bus/ps2.32
LOAD hw/bus/ps2port.32
LOAD hw/buzzer/pcspk.32
LOAD hw/clock/rtc.32
LOAD hw/diskctrl/ide.32
LOAD hw/diskphys/ata.32
LOAD hw/diskphys/atapi.32
LOAD hw/dma/isadma.32
LOAD hw/fpu/avx.32
LOAD hw/fpu/mmx.32
LOAD hw/fpu/sse.32
LOAD hw/fpu/x87.32
LOAD hw/intctrl/apic.32
LOAD hw/intctrl/pic.32
LOAD hw/keybrd/ps2key.32
LOAD hw/timer/apictimer.32
LOAD hw/timer/pit.32
LOAD hw/fpu/x86/avx.32
LOAD hw/fpu/x86/sse.32
LOAD hw/fpu/x86/x87.32
LOAD /cygdrive/d/Users/Alex/Desktop/Toolchain/Output/bin/../lib/gcc/i386-banana/8.1.0/crtend.o
LOAD crtn.32
LOAD /cygdrive/d/Users/Alex/Desktop/Toolchain/Output/bin/../lib/gcc/i386-banana/8.1.0/libgcc.a
LOAD D:/Users/Alex/Desktop/Banana/kernel/libk/libm32.a
                0x00000000c0000000                . = 0xc0000000

.text           0x00000000c0000000    0x4e448
 *(.text)
 .text          0x00000000c0000000       0x3e D:/Users/Alex/Desktop/Banana/kernel/boot.32
                0x00000000c0000023                callGlobalConstructors
 .text          0x00000000c000003e        0x0 crti.32
 *fill*         0x00000000c000003e        0x2 
 .text          0x00000000c0000040      0x101 /cygdrive/d/Users/Alex/Desktop/Toolchain/Output/bin/../lib/gcc/i386-banana/8.1.0/crtbegin.o
 *fill*         0x00000000c0000141        0xf 
 .text          0x00000000c0000150      0x443 D:/Users/Alex/Desktop/Banana/kernel/morenasm.32
                0x00000000c0000150                doTPAUSE
                0x00000000c000015a                hasLegacyFPU
                0x00000000c000017f                is486
                0x00000000c00001e2                goToVM86
                0x00000000c0000213                goToUsermode
                0x00000000c000023e                switchToThreadASMFirstTime
                0x00000000c000024c                switchToThreadASM
                0x00000000c00002e4                detectCPUID
                0x00000000c00002fa                asmQuickAcquireLock
                0x00000000c0000318                asmQuickReleaseLock
                0x00000000c0000324                asmAcquireLock
                0x00000000c0000345                asmReleaseLock
                0x00000000c0000358                loadGDT
                0x00000000c0000378                isr0
                0x00000000c0000388                isr1
                0x00000000c0000392                isr2
                0x00000000c000039c                isr3
                0x00000000c00003a6                isr4
                0x00000000c00003b0                isr5
                0x00000000c00003ba                isr6
                0x00000000c00003c4                isr7
                0x00000000c00003ce                isr8
                0x00000000c00003d6                isr9
                0x00000000c00003e0                isr10
                0x00000000c00003e8                isr11
                0x00000000c00003f0                isr12
                0x00000000c00003f8                isr13
                0x00000000c0000400                isr14
                0x00000000c0000408                isr15
                0x00000000c0000412                isr16
                0x00000000c000041c                isr17
                0x00000000c0000426                isr18
                0x00000000c0000430                isr96
                0x00000000c000043a                irq0
                0x00000000c0000444                irq1
                0x00000000c000044e                irq2
                0x00000000c0000458                irq3
                0x00000000c0000462                irq4
                0x00000000c000046c                irq5
                0x00000000c0000476                irq6
                0x00000000c0000480                irq7
                0x00000000c000048a                irq8
                0x00000000c0000494                irq9
                0x00000000c000049e                irq10
                0x00000000c00004a8                irq11
                0x00000000c00004b2                irq12
                0x00000000c00004bc                irq13
                0x00000000c00004c6                irq14
                0x00000000c00004d0                irq15
                0x00000000c00004da                irq16
                0x00000000c00004e4                irq17
                0x00000000c00004ee                irq18
                0x00000000c00004f8                irq19
                0x00000000c0000502                irq20
                0x00000000c000050c                irq21
                0x00000000c0000516                irq22
                0x00000000c0000520                irq23
                0x00000000c000052a                int_common_stub
                0x00000000c000055a                syscall_common_stub
 .text          0x00000000c0000593      0x3da acpica/dsargs.32
                0x00000000c0000722                AcpiDsGetBufferFieldArguments
                0x00000000c0000781                AcpiDsGetBankFieldArguments
                0x00000000c00007e0                AcpiDsGetBufferArguments
                0x00000000c0000851                AcpiDsGetPackageArguments
                0x00000000c00008c2                AcpiDsGetRegionArguments
 .text          0x00000000c000096d      0x47a acpica/dscontrol.32
                0x00000000c000096f                AcpiDsExecBeginControlOp
                0x00000000c0000a9f                AcpiDsExecEndControlOp
 .text          0x00000000c0000de7        0x2 acpica/dsdebug.32
                0x00000000c0000de7                AcpiDsDumpMethodStack
 .text          0x00000000c0000de9      0x9f6 acpica/dsfield.32
                0x00000000c0000de9                AcpiDsCreateBufferField
                0x00000000c00012df                AcpiDsCreateField
                0x00000000c00013e9                AcpiDsInitFieldObjects
                0x00000000c000158a                AcpiDsCreateBankField
                0x00000000c00016be                AcpiDsCreateIndexField
 .text          0x00000000c00017df      0x22d acpica/dsinit.32
                0x00000000c000195a                AcpiDsInitializeObjects
 .text          0x00000000c0001a0c      0x9d7 acpica/dsmethod.32
                0x00000000c0001a5b                AcpiDsAutoSerializeMethod
                0x00000000c0001b64                AcpiDsMethodError
                0x00000000c0001cc0                AcpiDsBeginMethodExecution
                0x00000000c0001f63                AcpiDsRestartControlMethod
                0x00000000c0002002                AcpiDsTerminateControlMethod
                0x00000000c00021e6                AcpiDsCallControlMethod
 .text          0x00000000c00023e3      0x743 acpica/dsmthdat.32
                0x00000000c00023e3                AcpiDsMethodDataInit
                0x00000000c00025cc                AcpiDsMethodDataDeleteAll
                0x00000000c0002699                AcpiDsMethodDataGetNode
                0x00000000c00027d4                AcpiDsMethodDataInitArgs
                0x00000000c000284b                AcpiDsMethodDataGetValue
                0x00000000c00029da                AcpiDsStoreObjectToLocal
 .text          0x00000000c0002b26      0x736 acpica/dsobject.32
                0x00000000c0002b26                AcpiDsBuildInternalBufferObj
                0x00000000c0002c8f                AcpiDsInitObjectFromOp
                0x00000000c0003024                AcpiDsBuildInternalObject
                0x00000000c00031c6                AcpiDsCreateNode
 .text          0x00000000c000325c      0xa93 acpica/dsopcode.32
                0x00000000c000325c                AcpiDsInitializeRegion
                0x00000000c000356f                AcpiDsEvalBufferFieldOperands
                0x00000000c00036e0                AcpiDsEvalRegionOperands
                0x00000000c0003885                AcpiDsEvalTableRegionOperands
                0x00000000c0003a3f                AcpiDsEvalDataObjectOperands
                0x00000000c0003bf3                AcpiDsEvalBankFieldOperands
 .text          0x00000000c0003cef      0x597 acpica/dspkginit.32
                0x00000000c0003ec1                AcpiDsInitPackageElement
                0x00000000c0003f2d                AcpiDsBuildInternalPackageObj
 .text          0x00000000c0004286      0x956 acpica/dsutils.32
                0x00000000c0004288                AcpiDsClearImplicitReturn
                0x00000000c00042cb                AcpiDsDoImplicitReturn
                0x00000000c000433b                AcpiDsIsResultUsed
                0x00000000c00044cd                AcpiDsDeleteResultIfNotUsed
                0x00000000c0004545                AcpiDsResolveOperands
                0x00000000c00045a1                AcpiDsClearOperands
                0x00000000c00045f5                AcpiDsCreateOperand
                0x00000000c0004960                AcpiDsCreateOperands
                0x00000000c0004a50                AcpiDsEvaluateNamePath
 .text          0x00000000c0004bdc      0xa84 acpica/dswexec.32
                0x00000000c0004be4                AcpiDsGetPredicateValue
                0x00000000c0004e00                AcpiDsExecBeginOp
                0x00000000c0004ffd                AcpiDsExecEndOp
 .text          0x00000000c0005660      0x6f7 acpica/dswload.32
                0x00000000c0005660                AcpiDsLoad1BeginOp
                0x00000000c00059c9                AcpiDsLoad1EndOp
                0x00000000c0005c87                AcpiDsInitCallbacks
 .text          0x00000000c0005d57      0x901 acpica/dswload2.32
                0x00000000c0005d57                AcpiDsLoad2BeginOp
                0x00000000c00061c6                AcpiDsLoad2EndOp
 .text          0x00000000c0006658      0x161 acpica/dswscope.32
                0x00000000c0006658                AcpiDsScopeStackClear
                0x00000000c0006698                AcpiDsScopeStackPush
                0x00000000c000675f                AcpiDsScopeStackPop
 .text          0x00000000c00067b9      0x8f5 acpica/dswstate.32
                0x00000000c0006849                AcpiDsResultPush
                0x00000000c0006a1c                AcpiDsResultPop
                0x00000000c0006b4e                AcpiDsObjStackPush
                0x00000000c0006bcd                AcpiDsObjStackPop
                0x00000000c0006c4f                AcpiDsObjStackPopAndDelete
                0x00000000c0006cce                AcpiDsGetCurrentWalkState
                0x00000000c0006ce6                AcpiDsPushWalkState
                0x00000000c0006d00                AcpiDsPopWalkState
                0x00000000c0006d25                AcpiDsCreateWalkState
                0x00000000c0006dba                AcpiDsInitAmlWalk
                0x00000000c0006f86                AcpiDsDeleteWalkState
 .text          0x00000000c00070ae      0x307 acpica/evevent.32
                0x00000000c00070ae                AcpiEvInstallXruptHandlers
                0x00000000c00071ac                AcpiEvInitializeEvents
                0x00000000c00072cd                AcpiEvFixedEventDetect
 .text          0x00000000c00073b5      0x2d8 acpica/evglock.32
                0x00000000c0007436                AcpiEvInitGlobalLockHandler
                0x00000000c00074c2                AcpiEvRemoveGlobalLockHandler
                0x00000000c00074fa                AcpiEvAcquireGlobalLock
                0x00000000c0007608                AcpiEvReleaseGlobalLock
 .text          0x00000000c000768d      0x960 acpica/evgpe.32
                0x00000000c000768d                AcpiEvUpdateGpeEnableMask
                0x00000000c00076fb                AcpiEvEnableGpe
                0x00000000c0007719                AcpiEvMaskGpe
                0x00000000c00077eb                AcpiEvAddGpeReference
                0x00000000c000787e                AcpiEvRemoveGpeReference
                0x00000000c00078f9                AcpiEvLowGetGpeInfo
                0x00000000c000795a                AcpiEvGetGpeEventInfo
                0x00000000c00079e2                AcpiEvFinishGpe
                0x00000000c0007ba1                AcpiEvGpeDispatch
                0x00000000c0007d13                AcpiEvDetectGpe
                0x00000000c0007ea0                AcpiEvGpeDetect
 .text          0x00000000c0007fed      0x726 acpica/evgpeblk.32
                0x00000000c00080b7                AcpiEvDeleteGpeBlock
                0x00000000c0008433                AcpiEvCreateGpeBlock
                0x00000000c00085a8                AcpiEvInitializeGpeBlock
 .text          0x00000000c0008713      0x48d acpica/evgpeinit.32
                0x00000000c0008713                AcpiEvMatchGpeMethod
                0x00000000c00088aa                AcpiEvGpeInitialize
                0x00000000c0008aac                AcpiEvUpdateGpes
 .text          0x00000000c0008ba0      0x407 acpica/evgpeutil.32
                0x00000000c0008ba0                AcpiEvWalkGpeList
                0x00000000c0008c3f                AcpiEvGetGpeDevice
                0x00000000c0008ca0                AcpiEvGetGpeXruptBlock
                0x00000000c0008dcf                AcpiEvDeleteGpeXrupt
                0x00000000c0008e99                AcpiEvDeleteGpeHandlers
 .text          0x00000000c0008fa7      0x4a5 acpica/evhandler.32
                0x00000000c0008fa7                AcpiEvHasDefaultHandler
                0x00000000c0009007                AcpiEvFindRegionHandler
                0x00000000c000913d                AcpiEvInstallSpaceHandler
                0x00000000c00093c2                AcpiEvInstallRegionHandlers
 .text          0x00000000c000944c      0x32c acpica/evmisc.32
                0x00000000c00094f3                AcpiEvIsNotifyObject
                0x00000000c0009519                AcpiEvQueueNotifyRequest
                0x00000000c0009629                AcpiEvTerminate
 .text          0x00000000c0009778      0x9c7 acpica/evregion.32
                0x00000000c0009778                AcpiEvAddressSpaceDispatch
                0x00000000c0009a79                AcpiEvAttachRegion
                0x00000000c0009ac9                AcpiEvExecuteRegMethod
                0x00000000c0009cb0                AcpiEvDetachRegion
                0x00000000c000a04a                AcpiEvExecuteRegMethods
                0x00000000c000a0b6                AcpiEvInitializeOpRegions
 .text          0x00000000c000a13f      0x535 acpica/evrgnini.32
                0x00000000c000a13f                AcpiEvSystemMemoryRegionSetup
                0x00000000c000a1ec                AcpiEvIoSpaceRegionSetup
                0x00000000c000a20f                AcpiEvIsPciRootBridge
                0x00000000c000a2da                AcpiEvPciConfigRegionSetup
                0x00000000c000a53b                AcpiEvPciBarRegionSetup
                0x00000000c000a541                AcpiEvCmosRegionSetup
                0x00000000c000a547                AcpiEvDefaultRegionSetup
                0x00000000c000a56a                AcpiEvInitializeRegion
 .text          0x00000000c000a674      0x1a4 acpica/evsci.32
                0x00000000c000a674                AcpiEvSciDispatch
                0x00000000c000a730                AcpiEvGpeXruptHandler
                0x00000000c000a759                AcpiEvInstallSciHandler
                0x00000000c000a78f                AcpiEvRemoveAllSciHandlers
 .text          0x00000000c000a818      0xcf1 acpica/evxface.32
                0x00000000c000a818                AcpiInstallNotifyHandler
                0x00000000c000aa73                AcpiRemoveNotifyHandler
                0x00000000c000ac97                AcpiInstallExceptionHandler
                0x00000000c000ace4                AcpiInstallSciHandler
                0x00000000c000add2                AcpiRemoveSciHandler
                0x00000000c000aeb7                AcpiInstallGlobalEventHandler
                0x00000000c000af19                AcpiInstallFixedEventHandler
                0x00000000c000aff4                AcpiRemoveFixedEventHandler
                0x00000000c000b28c                AcpiInstallGpeHandler
                0x00000000c000b2b6                AcpiInstallGpeRawHandler
                0x00000000c000b2e0                AcpiRemoveGpeHandler
                0x00000000c000b470                AcpiAcquireGlobalLock
                0x00000000c000b4cf                AcpiReleaseGlobalLock
 .text          0x00000000c000b509      0x38d acpica/evxfevnt.32
                0x00000000c000b509                AcpiEnable
                0x00000000c000b57b                AcpiDisable
                0x00000000c000b5dc                AcpiEnableEvent
                0x00000000c000b6aa                AcpiDisableEvent
                0x00000000c000b777                AcpiClearEvent
                0x00000000c000b7cc                AcpiGetEventStatus
 .text          0x00000000c000b896      0xa22 acpica/evxfgpe.32
                0x00000000c000b896                AcpiUpdateAllGpes
                0x00000000c000b921                AcpiEnableGpe
                0x00000000c000b9a1                AcpiDisableGpe
                0x00000000c000ba06                AcpiSetGpe
                0x00000000c000bab1                AcpiMaskGpe
                0x00000000c000bb23                AcpiMarkGpeForWake
                0x00000000c000bb8f                AcpiSetupGpeForWake
                0x00000000c000bd15                AcpiSetGpeWakeMask
                0x00000000c000be1f                AcpiClearGpe
                0x00000000c000be8d                AcpiGetGpeStatus
                0x00000000c000befe                AcpiDispatchGpe
                0x00000000c000bf19                AcpiFinishGpe
                0x00000000c000bf80                AcpiDisableAllGpes
                0x00000000c000bfbb                AcpiEnableAllRuntimeGpes
                0x00000000c000bff6                AcpiEnableAllWakeupGpes
                0x00000000c000c031                AcpiInstallGpeBlock
                0x00000000c000c181                AcpiRemoveGpeBlock
                0x00000000c000c24a                AcpiGetGpeDevice
 .text          0x00000000c000c2b8      0x1f7 acpica/evxfregn.32
                0x00000000c000c2b8                AcpiInstallAddressSpaceHandler
                0x00000000c000c35e                AcpiRemoveAddressSpaceHandler
 .text          0x00000000c000c4af      0x4fd acpica/exconcat.32
                0x00000000c000c54c                AcpiExDoConcatenate
                0x00000000c000c8aa                AcpiExConcatTemplate
 .text          0x00000000c000c9ac      0x62b acpica/exconfig.32
                0x00000000c000ca6f                AcpiExUnloadTable
                0x00000000c000cb26                AcpiExLoadTableOp
                0x00000000c000cd47                AcpiExLoadOp
 .text          0x00000000c000cfd7      0x74e acpica/exconvrt.32
                0x00000000c000cfd7                AcpiExConvertToInteger
                0x00000000c000d136                AcpiExConvertToBuffer
                0x00000000c000d394                AcpiExConvertToString
                0x00000000c000d5de                AcpiExConvertToTargetType
 .text          0x00000000c000d725      0x52a acpica/excreate.32
                0x00000000c000d725                AcpiExCreateAlias
                0x00000000c000d7a7                AcpiExCreateEvent
                0x00000000c000d82a                AcpiExCreateMutex
                0x00000000c000d8d7                AcpiExCreateRegion
                0x00000000c000da37                AcpiExCreateProcessor
                0x00000000c000dae0                AcpiExCreatePowerResource
                0x00000000c000db74                AcpiExCreateMethod
 .text          0x00000000c000dc4f      0x557 acpica/exdebug.32
                0x00000000c000dc4f                AcpiExDoDebugObject
 .text          0x00000000c000e1a6        0x0 acpica/exdump.32
 .text          0x00000000c000e1a6      0x4d5 acpica/exfield.32
                0x00000000c000e1a6                AcpiExGetProtocolBufferLength
                0x00000000c000e1fa                AcpiExReadDataFromField
                0x00000000c000e421                AcpiExWriteDataToField
 .text          0x00000000c000e67b      0xed6 acpica/exfldio.32
                0x00000000c000e8be                AcpiExAccessRegion
                0x00000000c000ea50                AcpiExInsertIntoField
                0x00000000c000f027                AcpiExWriteWithUpdateRule
                0x00000000c000f219                AcpiExExtractFromField
 .text          0x00000000c000f551      0x664 acpica/exmisc.32
                0x00000000c000f551                AcpiExGetObjectReference
                0x00000000c000f64c                AcpiExDoMathOp
                0x00000000c000f81d                AcpiExDoLogicalNumericOp
                0x00000000c000f921                AcpiExDoLogicalOp
 .text          0x00000000c000fbb5      0x5d0 acpica/exmutex.32
                0x00000000c000fbb5                AcpiExUnlinkMutex
                0x00000000c000fc5b                AcpiExAcquireMutexObject
                0x00000000c000fd30                AcpiExAcquireMutex
                0x00000000c000fe77                AcpiExReleaseMutexObject
                0x00000000c000ff16                AcpiExReleaseMutex
                0x00000000c00100f3                AcpiExReleaseAllMutexes
 .text          0x00000000c0010185      0x457 acpica/exnames.32
                0x00000000c001035d                AcpiExGetNameString
 .text          0x00000000c00105dc     0x1142 acpica/exoparg1.32
                0x00000000c00105dc                AcpiExOpcode_0A_0T_1R
                0x00000000c0010692                AcpiExOpcode_1A_0T_0R
                0x00000000c0010794                AcpiExOpcode_1A_1T_0R
                0x00000000c001080e                AcpiExOpcode_1A_1T_1R
                0x00000000c0010fde                AcpiExOpcode_1A_0T_1R
 .text          0x00000000c001171e      0x8df acpica/exoparg2.32
                0x00000000c001171e                AcpiExOpcode_2A_0T_0R
                0x00000000c00117ef                AcpiExOpcode_2A_2T_1R
                0x00000000c001196f                AcpiExOpcode_2A_1T_1R
                0x00000000c0011e1c                AcpiExOpcode_2A_0T_1R
 .text          0x00000000c0011ffd      0x33c acpica/exoparg3.32
                0x00000000c0011ffd                AcpiExOpcode_3A_0T_0R
                0x00000000c00120fc                AcpiExOpcode_3A_1T_1R
 .text          0x00000000c0012339      0x36c acpica/exoparg6.32
                0x00000000c0012446                AcpiExOpcode_6A_0T_1R
 .text          0x00000000c00126a5      0x53f acpica/exprep.32
                0x00000000c001275f                AcpiExPrepCommonFieldObject
                0x00000000c00127f7                AcpiExPrepFieldValue
 .text          0x00000000c0012be4      0x4b7 acpica/exregion.32
                0x00000000c0012be4                AcpiExSystemMemorySpaceHandler
                0x00000000c0012ee9                AcpiExSystemIoSpaceHandler
                0x00000000c0012f66                AcpiExPciConfigSpaceHandler
                0x00000000c0012ff7                AcpiExCmosSpaceHandler
                0x00000000c0013015                AcpiExPciBarSpaceHandler
                0x00000000c0013033                AcpiExDataTableSpaceHandler
 .text          0x00000000c001309b      0x360 acpica/exresnte.32
                0x00000000c001309b                AcpiExResolveNodeToValue
 .text          0x00000000c00133fb      0x61b acpica/exresolv.32
                0x00000000c001363c                AcpiExResolveToValue
                0x00000000c00136fc                AcpiExResolveMultiple
 .text          0x00000000c0013a16      0x7cc acpica/exresop.32
                0x00000000c0013aa3                AcpiExResolveOperands
 .text          0x00000000c00141e2      0x3a2 acpica/exserial.32
                0x00000000c00141e2                AcpiExReadGpio
                0x00000000c001422c                AcpiExWriteGpio
                0x00000000c0014290                AcpiExReadSerialBus
                0x00000000c00143e8                AcpiExWriteSerialBus
 .text          0x00000000c0014584      0x588 acpica/exstore.32
                0x00000000c001479b                AcpiExStoreObjectToNode
                0x00000000c001498a                AcpiExStore
 .text          0x00000000c0014b0c      0x296 acpica/exstoren.32
                0x00000000c0014b0c                AcpiExResolveObject
                0x00000000c0014c2a                AcpiExStoreObjectToObject
 .text          0x00000000c0014da2      0x202 acpica/exstorob.32
                0x00000000c0014da2                AcpiExStoreBufferToBuffer
                0x00000000c0014e99                AcpiExStoreStringToString
 .text          0x00000000c0014fa4      0x206 acpica/exsystem.32
                0x00000000c0014fa4                AcpiExSystemWaitSemaphore
                0x00000000c0014ffe                AcpiExSystemWaitMutex
                0x00000000c0015058                AcpiExSystemDoStall
                0x00000000c00150a4                AcpiExSystemDoSleep
                0x00000000c00150f8                AcpiExSystemSignalEvent
                0x00000000c0015127                AcpiExSystemWaitEvent
                0x00000000c0015161                AcpiExSystemResetEvent
 .text          0x00000000c00151aa      0x1ec acpica/extrace.32
                0x00000000c0015215                AcpiExTracePoint
                0x00000000c0015224                AcpiExStartTraceMethod
                0x00000000c00152db                AcpiExStopTraceMethod
                0x00000000c0015366                AcpiExStartTraceOpcode
                0x00000000c001537e                AcpiExStopTraceOpcode
 .text          0x00000000c0015396      0x525 acpica/exutils.32
                0x00000000c0015396                AcpiExEnterInterpreter
                0x00000000c0015400                AcpiExExitInterpreter
                0x00000000c001546a                AcpiExTruncateFor32bitTable
                0x00000000c00154d0                AcpiExAcquireGlobalLock
                0x00000000c0015527                AcpiExReleaseGlobalLock
                0x00000000c00155ff                AcpiExEisaIdToString
                0x00000000c0015720                AcpiExIntegerToString
                0x00000000c0015799                AcpiExPciClsToString
                0x00000000c001588e                AcpiIsValidSpaceId
 .text          0x00000000c00158bb      0x1ae acpica/hwacpi.32
                0x00000000c00158bb                AcpiHwGetMode
                0x00000000c0015917                AcpiHwSetMode
 .text          0x00000000c0015a69      0x1d2 acpica/hwesleep.32
                0x00000000c0015a69                AcpiHwExecuteSleepMethod
                0x00000000c0015ad5                AcpiHwExtendedSleep
                0x00000000c0015b9d                AcpiHwExtendedWakePrep
                0x00000000c0015be0                AcpiHwExtendedWake
 .text          0x00000000c0015c3b      0x55c acpica/hwgpe.32
                0x00000000c0015c3b                AcpiHwGetGpeRegisterBit
                0x00000000c0015c65                AcpiHwLowSetGpe
                0x00000000c0015d9c                AcpiHwClearGpe
                0x00000000c0015dea                AcpiHwGetGpeStatus
                0x00000000c0015f8d                AcpiHwDisableGpeBlock
                0x00000000c0015fe9                AcpiHwEnableRuntimeGpeBlock
                0x00000000c00160d6                AcpiHwClearGpeBlock
                0x00000000c0016137                AcpiHwDisableAllGpes
                0x00000000c0016157                AcpiHwEnableAllRuntimeGpes
                0x00000000c0016177                AcpiHwEnableAllWakeupGpes
 .text          0x00000000c0016197      0x338 acpica/hwpci.32
                0x00000000c0016475                AcpiHwDerivePciId
 .text          0x00000000c00164cf      0xbfa acpica/hwregs.32
                0x00000000c00166ec                AcpiHwValidateRegister
                0x00000000c001682d                AcpiHwRead
                0x00000000c0016a23                AcpiHwWrite
                0x00000000c0016bd3                AcpiHwGetBitRegisterInfo
                0x00000000c0016c0d                AcpiHwWritePm1Control
                0x00000000c0016d25                AcpiHwRegisterRead
                0x00000000c0016ed4                AcpiHwRegisterWrite
                0x00000000c001705c                AcpiHwClearAcpiStatus
 .text          0x00000000c00170c9      0x2a5 acpica/hwsleep.32
                0x00000000c00170c9                AcpiHwLegacySleep
                0x00000000c001723d                AcpiHwLegacyWakePrep
                0x00000000c00172db                AcpiHwLegacyWake
 .text          0x00000000c001736e      0x120 acpica/hwtimer.32
                0x00000000c001736e                AcpiGetTimerResolution
                0x00000000c0017397                AcpiGetTimer
                0x00000000c00173e2                AcpiGetTimerDuration
 .text          0x00000000c001748e      0x331 acpica/hwvalid.32
                0x00000000c00175f7                AcpiHwReadPort
                0x00000000c00176e9                AcpiHwWritePort
 .text          0x00000000c00177bf      0x47c acpica/hwxface.32
                0x00000000c00177bf                AcpiReset
                0x00000000c0017857                AcpiRead
                0x00000000c0017876                AcpiWrite
                0x00000000c00178a4                AcpiReadBitRegister
                0x00000000c001791e                AcpiWriteBitRegister
                0x00000000c0017a3e                AcpiGetSleepTypeData
 .text          0x00000000c0017c3b      0x1fa acpica/hwxfsleep.32
                0x00000000c0017c6c                AcpiSetFirmwareWakingVector
                0x00000000c0017cab                AcpiEnterSleepStateS4bios
                0x00000000c0017d2f                AcpiEnterSleepStatePrep
                0x00000000c0017dc9                AcpiEnterSleepState
                0x00000000c0017e17                AcpiLeaveSleepStatePrep
                0x00000000c0017e26                AcpiLeaveSleepState
 .text          0x00000000c0017e35      0x7cd acpica/nsaccess.32
                0x00000000c0017e35                AcpiNsRootInitialize
                0x00000000c00181ac                AcpiNsLookup
 .text          0x00000000c0018602      0x44a acpica/nsalloc.32
                0x00000000c0018602                AcpiNsCreateNode
                0x00000000c001863e                AcpiNsDeleteNode
                0x00000000c00186da                AcpiNsRemoveNode
                0x00000000c0018743                AcpiNsInstallNode
                0x00000000c00187f7                AcpiNsDeleteChildren
                0x00000000c001886b                AcpiNsDeleteNamespaceSubtree
                0x00000000c0018921                AcpiNsDeleteNamespaceByOwner
 .text          0x00000000c0018a4c      0x3ca acpica/nsarguments.32
                0x00000000c0018a4c                AcpiNsCheckArgumentTypes
                0x00000000c0018b54                AcpiNsCheckAcpiCompliance
                0x00000000c0018ca7                AcpiNsCheckArgumentCount
 .text          0x00000000c0018e16      0x5e2 acpica/nsconvert.32
                0x00000000c0018e16                AcpiNsConvertToInteger
                0x00000000c0018f2d                AcpiNsConvertToString
                0x00000000c0019030                AcpiNsConvertToBuffer
                0x00000000c0019189                AcpiNsConvertToUnicode
                0x00000000c001924d                AcpiNsConvertToResource
                0x00000000c0019301                AcpiNsConvertToReference
 .text          0x00000000c00193f8        0x0 acpica/nsdump.32
 .text          0x00000000c00193f8        0x0 acpica/nsdumpdv.32
 .text          0x00000000c00193f8      0x38e acpica/nseval.32
                0x00000000c00193f8                AcpiNsEvaluate
 .text          0x00000000c0019786      0x6b7 acpica/nsinit.32
                0x00000000c001999f                AcpiNsInitializeObjects
                0x00000000c0019a00                AcpiNsInitializeDevices
                0x00000000c0019bca                AcpiNsInitOnePackage
 .text          0x00000000c0019e3d       0xdb acpica/nsload.32
                0x00000000c0019e3d                AcpiNsLoadTable
 .text          0x00000000c0019f18      0x592 acpica/nsnames.32
                0x00000000c0019f18                AcpiNsHandleToName
                0x00000000c0019f8b                AcpiNsBuildNormalizedPath
                0x00000000c001a0e4                AcpiNsGetPathnameLength
                0x00000000c001a13b                AcpiNsHandleToPathname
                0x00000000c001a1c9                AcpiNsGetNormalizedPathname
                0x00000000c001a24c                AcpiNsGetExternalPathname
                0x00000000c001a360                AcpiNsBuildPrefixedPathname
 .text          0x00000000c001a4aa      0x45a acpica/nsobject.32
                0x00000000c001a4aa                AcpiNsDetachObject
                0x00000000c001a596                AcpiNsAttachObject
                0x00000000c001a704                AcpiNsGetAttachedObject
                0x00000000c001a76c                AcpiNsGetSecondaryObject
                0x00000000c001a7a2                AcpiNsAttachData
                0x00000000c001a840                AcpiNsDetachData
                0x00000000c001a8b8                AcpiNsGetAttachedData
 .text          0x00000000c001a904      0x359 acpica/nsparse.32
                0x00000000c001a904                AcpiNsExecuteTable
                0x00000000c001aaae                AcpiNsOneCompleteParse
                0x00000000c001ac3e                AcpiNsParseTable
 .text          0x00000000c001ac5d      0x3b5 acpica/nspredef.32
                0x00000000c001ad2a                AcpiNsCheckObjectType
                0x00000000c001aefb                AcpiNsCheckReturnValue
 .text          0x00000000c001b012      0x9d3 acpica/nsprepkg.32
                0x00000000c001b55a                AcpiNsCheckPackage
 .text          0x00000000c001b9e5      0x47e acpica/nsrepair.32
                0x00000000c001ba49                AcpiNsRepairNullElement
                0x00000000c001bb02                AcpiNsRemoveNullElements
                0x00000000c001bb96                AcpiNsWrapWithPackage
                0x00000000c001bbe4                AcpiNsSimpleRepair
 .text          0x00000000c001be63      0x9f8 acpica/nsrepair2.32
                0x00000000c001c243                AcpiNsComplexRepairs
 .text          0x00000000c001c85b      0x27a acpica/nssearch.32
                0x00000000c001c85b                AcpiNsSearchOneScope
                0x00000000c001c923                AcpiNsSearchAndEnter
 .text          0x00000000c001cad5      0x819 acpica/nsutils.32
                0x00000000c001cad5                AcpiNsPrintNodePathname
                0x00000000c001cb55                AcpiNsGetType
                0x00000000c001cb8d                AcpiNsLocal
                0x00000000c001cbdb                AcpiNsGetInternalNameLength
                0x00000000c001ccb4                AcpiNsBuildInternalName
                0x00000000c001ce5b                AcpiNsInternalizeName
                0x00000000c001ceee                AcpiNsExternalizeName
                0x00000000c001d132                AcpiNsValidateHandle
                0x00000000c001d15e                AcpiNsTerminate
                0x00000000c001d1af                AcpiNsOpensScope
                0x00000000c001d1ee                AcpiNsGetNodeUnlocked
                0x00000000c001d2a4                AcpiNsGetNode
 .text          0x00000000c001d2ee      0x264 acpica/nswalk.32
                0x00000000c001d2ee                AcpiNsGetNextNode
                0x00000000c001d307                AcpiNsGetNextNodeTyped
                0x00000000c001d35c                AcpiNsWalkNamespace
 .text          0x00000000c001d552      0x94e acpica/nsxfeval.32
                0x00000000c001d7be                AcpiEvaluateObject
                0x00000000c001da77                AcpiEvaluateObjectTyped
                0x00000000c001dbef                AcpiWalkNamespace
                0x00000000c001dcad                AcpiGetDevices
                0x00000000c001dd20                AcpiAttachData
                0x00000000c001dda3                AcpiDetachData
                0x00000000c001de1d                AcpiGetData
 .text          0x00000000c001dea0      0x7f2 acpica/nsxfname.32
                0x00000000c001dea0                AcpiGetHandle
                0x00000000c001df57                AcpiGetName
                0x00000000c001e037                AcpiGetObjectInfo
                0x00000000c001e44e                AcpiInstallMethod
 .text          0x00000000c001e692      0x1f1 acpica/nsxfobj.32
                0x00000000c001e692                AcpiGetType
                0x00000000c001e724                AcpiGetParent
                0x00000000c001e7b2                AcpiGetNextObject
 .text          0x00000000c001e883      0xb9c acpica/psargs.32
                0x00000000c001e8fe                AcpiPsGetNextPackageEnd
                0x00000000c001e925                AcpiPsGetNextNamestring
                0x00000000c001e9ab                AcpiPsGetNextNamepath
                0x00000000c001ebed                AcpiPsGetNextSimpleArg
                0x00000000c001f0ff                AcpiPsGetNextArg
 .text          0x00000000c001f41f      0x8ef acpica/psloop.32
                0x00000000c001f642                AcpiPsParseLoop
 .text          0x00000000c001fd0e      0xb0d acpica/psobject.32
                0x00000000c001fe53                AcpiPsBuildNamedOp
                0x00000000c0020015                AcpiPsCreateOp
                0x00000000c0020274                AcpiPsCompleteOp
                0x00000000c002068c                AcpiPsCompleteFinalOp
 .text          0x00000000c002081b        0x0 acpica/psopcode.32
 .text          0x00000000c002081b       0x97 acpica/psopinfo.32
                0x00000000c002081b                AcpiPsGetOpcodeInfo
                0x00000000c0020885                AcpiPsGetOpcodeName
                0x00000000c0020899                AcpiPsGetArgumentCount
 .text          0x00000000c00208b2      0x936 acpica/psparse.32
                0x00000000c00208b2                AcpiPsGetOpcodeSize
                0x00000000c00208cc                AcpiPsPeekOpcode
                0x00000000c002090e                AcpiPsCompleteThisOp
                0x00000000c0020c24                AcpiPsNextParseState
                0x00000000c0020d7c                AcpiPsParseAml
 .text          0x00000000c00211e8      0x1f4 acpica/psscope.32
                0x00000000c00211e8                AcpiPsGetParentScope
                0x00000000c00211f6                AcpiPsHasCompletedScope
                0x00000000c002122a                AcpiPsInitScope
                0x00000000c0021290                AcpiPsPushScope
                0x00000000c0021313                AcpiPsPopScope
                0x00000000c002139b                AcpiPsCleanupScope
 .text          0x00000000c00213dc      0x218 acpica/pstree.32
                0x00000000c00213dc                AcpiPsGetArg
                0x00000000c0021454                AcpiPsAppendArg
                0x00000000c002152a                AcpiPsGetDepthNext
 .text          0x00000000c00215f4      0x1cc acpica/psutils.32
                0x00000000c00215f4                AcpiPsInitOp
                0x00000000c0021615                AcpiPsAllocOp
                0x00000000c00216df                AcpiPsCreateScopeOp
                0x00000000c0021714                AcpiPsFreeOp
                0x00000000c0021757                AcpiPsIsLeadingChar
                0x00000000c002177d                AcpiPsGetName
                0x00000000c002179f                AcpiPsSetName
 .text          0x00000000c00217c0       0x99 acpica/pswalk.32
                0x00000000c00217c0                AcpiPsDeleteParseTree
 .text          0x00000000c0021859      0x4a2 acpica/psxface.32
                0x00000000c0021859                AcpiDebugTrace
                0x00000000c00218b3                AcpiPsExecuteTable
                0x00000000c0021a8e                AcpiPsExecuteMethod
 .text          0x00000000c0021cfb       0xf7 acpica/rsaddr.32
                0x00000000c0021cfb                AcpiRsGetAddressCommon
                0x00000000c0021d83                AcpiRsSetAddressCommon
 .text          0x00000000c0021df2      0x7f5 acpica/rscalc.32
                0x00000000c0021e68                AcpiRsGetAmlLength
                0x00000000c0022122                AcpiRsGetListLength
                0x00000000c00224be                AcpiRsGetPciRoutingTableLength
 .text          0x00000000c00225e7      0x567 acpica/rscreate.32
                0x00000000c00225e7                AcpiBufferToResource
                0x00000000c00226a2                AcpiRsCreateResourceList
                0x00000000c002273e                AcpiRsCreatePciRoutingTable
                0x00000000c0022ac5                AcpiRsCreateAmlResources
 .text          0x00000000c0022b4e        0x0 acpica/rsdump.32
 .text          0x00000000c0022b4e        0x0 acpica/rsdumpinfo.32
 .text          0x00000000c0022b4e        0x0 acpica/rsinfo.32
 .text          0x00000000c0022b4e        0x0 acpica/rsio.32
 .text          0x00000000c0022b4e        0x0 acpica/rsirq.32
 .text          0x00000000c0022b4e      0x2a0 acpica/rslist.32
                0x00000000c0022b4e                AcpiRsConvertAmlToResources
                0x00000000c0022c62                AcpiRsConvertResourcesToAml
 .text          0x00000000c0022dee        0x0 acpica/rsmemory.32
 .text          0x00000000c0022dee      0xd8c acpica/rsmisc.32
                0x00000000c0022dee                AcpiRsConvertAmlToResource
                0x00000000c0023579                AcpiRsConvertResourceToAml
 .text          0x00000000c0023b7a        0x0 acpica/rsserial.32
 .text          0x00000000c0023b7a      0x61c acpica/rsutils.32
                0x00000000c0023b7a                AcpiRsDecodeBitmask
                0x00000000c0023bc8                AcpiRsEncodeBitmask
                0x00000000c0023c19                AcpiRsMoveData
                0x00000000c0023cf1                AcpiRsSetResourceLength
                0x00000000c0023d49                AcpiRsSetResourceHeader
                0x00000000c0023dc0                AcpiRsGetResourceSource
                0x00000000c0023e99                AcpiRsSetResourceSource
                0x00000000c0023efe                AcpiRsGetPrtMethodData
                0x00000000c0023f51                AcpiRsGetCrsMethodData
                0x00000000c0023fa4                AcpiRsGetPrsMethodData
                0x00000000c0023ff7                AcpiRsGetAeiMethodData
                0x00000000c002404a                AcpiRsGetMethodData
                0x00000000c002409b                AcpiRsSetSrsMethodData
 .text          0x00000000c0024196      0x698 acpica/rsxface.32
                0x00000000c00242d5                AcpiGetIrqRoutingTable
                0x00000000c0024318                AcpiGetCurrentResources
                0x00000000c002435b                AcpiGetPossibleResources
                0x00000000c002439e                AcpiSetCurrentResources
                0x00000000c0024401                AcpiGetEventResources
                0x00000000c0024444                AcpiResourceToAddress64
                0x00000000c0024665                AcpiWalkResourceBuffer
                0x00000000c0024723                AcpiWalkResources
                0x00000000c00247d8                AcpiGetVendorResource
 .text          0x00000000c002482e      0xd8f acpica/tbdata.32
                0x00000000c002482e                AcpiTbInitTableDescriptor
                0x00000000c002488d                AcpiTbAcquireTable
                0x00000000c0024915                AcpiTbReleaseTable
                0x00000000c00249f1                AcpiTbAcquireTempTable
                0x00000000c0024ab8                AcpiTbValidateTable
                0x00000000c0024b08                AcpiTbInvalidateTable
                0x00000000c0024b4b                AcpiTbReleaseTempTable
                0x00000000c0024b62                AcpiTbValidateTempTable
                0x00000000c0024c47                AcpiTbVerifyTempTable
                0x00000000c0024e0d                AcpiTbResizeRootTableList
                0x00000000c0024fbf                AcpiTbGetNextTableDescriptor
                0x00000000c002503c                AcpiTbTerminate
                0x00000000c00250dc                AcpiTbDeleteNamespaceByOwner
                0x00000000c0025195                AcpiTbAllocateOwnerId
                0x00000000c00251fd                AcpiTbReleaseOwnerId
                0x00000000c0025269                AcpiTbGetOwnerId
                0x00000000c00252cf                AcpiTbIsTableLoaded
                0x00000000c0025333                AcpiTbSetTableLoadedFlag
                0x00000000c00253ff                AcpiTbNotifyTable
                0x00000000c002542b                AcpiTbLoadTable
                0x00000000c00254b4                AcpiTbInstallAndLoadTable
                0x00000000c0025529                AcpiTbUnloadTable
 .text          0x00000000c00255bd      0x8f3 acpica/tbfadt.32
                0x00000000c0025cdf                AcpiTbCreateLocalFadt
                0x00000000c0025d82                AcpiTbParseFadt
 .text          0x00000000c0025eb0      0x27a acpica/tbfind.32
                0x00000000c0025eb0                AcpiTbFindTable
 .text          0x00000000c002612a      0x47b acpica/tbinstal.32
                0x00000000c002612a                AcpiTbUninstallTable
                0x00000000c0026197                AcpiTbOverrideTable
                0x00000000c002631d                AcpiTbInstallTableWithOverride
                0x00000000c00263fd                AcpiTbInstallStandardTable
 .text          0x00000000c00265a5      0x2ae acpica/tbprint.32
                0x00000000c0026649                AcpiTbPrintTableHeader
                0x00000000c00267a1                AcpiTbChecksum
                0x00000000c00267d3                AcpiTbVerifyChecksum
 .text          0x00000000c0026853      0x609 acpica/tbutils.32
                0x00000000c0026853                AcpiTbInitializeFacs
                0x00000000c00268f7                AcpiTbCheckDsdtHeader
                0x00000000c0026981                AcpiTbCopyDsdt
                0x00000000c0026ae6                AcpiTbParseRootTable
                0x00000000c0026d78                AcpiTbGetTable
                0x00000000c0026df7                AcpiTbPutTable
 .text          0x00000000c0026e5c      0x62b acpica/tbxface.32
                0x00000000c0026e5c                AcpiAllocateRootTable
                0x00000000c0026e78                AcpiInitializeTables
                0x00000000c0026f42                AcpiReallocateRootTable
                0x00000000c002708c                AcpiGetTableHeader
                0x00000000c002720c                AcpiGetTable
                0x00000000c00272cd                AcpiPutTable
                0x00000000c002734f                AcpiGetTableByIndex
                0x00000000c00273cf                AcpiInstallTableHandler
                0x00000000c0027431                AcpiRemoveTableHandler
 .text          0x00000000c0027487      0x519 acpica/tbxfload.32
                0x00000000c0027487                AcpiTbLoadNamespace
                0x00000000c0027729                AcpiLoadTables
                0x00000000c00277ae                AcpiInstallTable
                0x00000000c00277fe                AcpiLoadTable
                0x00000000c002785f                AcpiUnloadParentTable
                0x00000000c0027977                AcpiUnloadTable
 .text          0x00000000c00279a0      0x2e0 acpica/tbxfroot.32
                0x00000000c00279a0                AcpiTbGetRsdpLength
                0x00000000c00279e0                AcpiTbValidateRsdp
                0x00000000c0027a4e                AcpiTbScanMemoryForRsdp
                0x00000000c0027a96                AcpiFindRootPointer
 .text          0x00000000c0027c80      0x31c acpica/utaddress.32
                0x00000000c0027c80                AcpiUtAddAddressRange
                0x00000000c0027d2a                AcpiUtRemoveAddressRange
                0x00000000c0027db1                AcpiUtCheckAddressRange
                0x00000000c0027f42                AcpiUtDeleteAddressLists
 .text          0x00000000c0027f9c      0x28d acpica/utalloc.32
                0x00000000c0027f9c                AcpiOsAllocateZeroed
                0x00000000c0027fd1                AcpiUtCreateCaches
                0x00000000c0028095                AcpiUtDeleteCaches
                0x00000000c0028129                AcpiUtValidateBuffer
                0x00000000c0028175                AcpiUtInitializeBuffer
 .text          0x00000000c0028229       0xeb acpica/utascii.32
                0x00000000c0028229                AcpiUtValidNameChar
                0x00000000c002826b                AcpiUtValidNameseg
                0x00000000c00282ab                AcpiUtCheckAndRepairAscii
 .text          0x00000000c0028314      0x2b9 acpica/utbuffer.32
                0x00000000c0028314                AcpiUtDumpBuffer
                0x00000000c0028595                AcpiUtDebugDumpBuffer
 .text          0x00000000c00285cd      0x2d4 acpica/utcache.32
                0x00000000c00285cd                AcpiOsCreateCache
                0x00000000c0028655                AcpiOsPurgeCache
                0x00000000c00286d5                AcpiOsDeleteCache
                0x00000000c002870c                AcpiOsReleaseObject
                0x00000000c00287bf                AcpiOsAcquireObject
 .text          0x00000000c00288a1      0x6ff acpica/utclib.32
                0x00000000c00288a1                memcmp
                0x00000000c00288f9                memmove
                0x00000000c0028966                memcpy
                0x00000000c00289dd                memset
                0x00000000c0028a06                strlen
                0x00000000c0028a29                strpbrk
                0x00000000c0028a6b                strtok
                0x00000000c0028af9                strcpy
                0x00000000c0028b2b                strncpy
                0x00000000c0028b7f                strcmp
                0x00000000c0028bc1                strchr
                0x00000000c0028bea                strncmp
                0x00000000c0028c46                strcat
                0x00000000c0028c87                strncat
                0x00000000c0028ce3                strstr
                0x00000000c0028d36                toupper
                0x00000000c0028d5c                tolower
                0x00000000c0028d82                simple_strtoul
 .text          0x00000000c0028fa0      0xaf8 acpica/utcopy.32
                0x00000000c00292fd                AcpiUtCopyIobjectToEobject
                0x00000000c002952f                AcpiUtCopyEobjectToIobject
                0x00000000c00299fd                AcpiUtCopyIobjectToIobject
 .text          0x00000000c0029a98        0x0 acpica/utdebug.32
 .text          0x00000000c0029a98      0x1db acpica/utdecode.32
                0x00000000c0029a98                AcpiUtGetRegionName
                0x00000000c0029ae6                AcpiUtGetEventName
                0x00000000c0029b02                AcpiUtGetTypeName
                0x00000000c0029b1e                AcpiUtGetObjectTypeName
                0x00000000c0029b63                AcpiUtGetNodeName
                0x00000000c0029bbe                AcpiUtGetDescriptorName
                0x00000000c0029bf1                AcpiUtGetReferenceName
                0x00000000c0029c46                AcpiUtGetMutexName
                0x00000000c0029c62                AcpiUtValidObjectType
 .text          0x00000000c0029c73      0x83c acpica/utdelete.32
                0x00000000c0029c73                AcpiUtRemoveReference
                0x00000000c002a1aa                AcpiUtUpdateObjectReference
                0x00000000c002a441                AcpiUtAddReference
                0x00000000c002a472                AcpiUtDeleteInternalObjectList
 .text          0x00000000c002a4af      0x28c acpica/uterror.32
                0x00000000c002a4af                AcpiUtPredefinedWarning
                0x00000000c002a50f                AcpiUtPredefinedInfo
                0x00000000c002a56f                AcpiUtPredefinedBiosError
                0x00000000c002a5cf                AcpiUtPrefixedNamespaceError
                0x00000000c002a6a0                AcpiUtMethodError
 .text          0x00000000c002a73b      0x323 acpica/uteval.32
                0x00000000c002a73b                AcpiUtEvaluateObject
                0x00000000c002a916                AcpiUtEvaluateNumericObject
                0x00000000c002a963                AcpiUtExecute_STA
                0x00000000c002a9c7                AcpiUtExecutePowerMethods
 .text          0x00000000c002aa5e      0x124 acpica/utexcep.32
                0x00000000c002aa5e                AcpiUtValidateException
                0x00000000c002ab40                AcpiFormatException
 .text          0x00000000c002ab82        0x0 acpica/utglobal.32
 .text          0x00000000c002ab82       0xea acpica/uthex.32
                0x00000000c002ab82                AcpiUtHexToAsciiChar
                0x00000000c002abce                AcpiUtAsciiCharToHex
                0x00000000c002abf5                AcpiUtAsciiToHexByte
 .text          0x00000000c002ac6c      0x4eb acpica/utids.32
                0x00000000c002ac6c                AcpiUtExecute_HID
                0x00000000c002ad4c                AcpiUtExecute_UID
                0x00000000c002ae2c                AcpiUtExecute_CID
                0x00000000c002b025                AcpiUtExecute_CLS
 .text          0x00000000c002b157      0x344 acpica/utinit.32
                0x00000000c002b1df                AcpiUtInitGlobals
                0x00000000c002b43e                AcpiUtSubsystemShutdown
 .text          0x00000000c002b49b      0x1c7 acpica/utlock.32
                0x00000000c002b49b                AcpiUtCreateRwLock
                0x00000000c002b4ea                AcpiUtDeleteRwLock
                0x00000000c002b533                AcpiUtAcquireReadLock
                0x00000000c002b5ae                AcpiUtReleaseReadLock
                0x00000000c002b620                AcpiUtAcquireWriteLock
                0x00000000c002b646                AcpiUtReleaseWriteLock
 .text          0x00000000c002b662      0x210 acpica/utmath.32
                0x00000000c002b662                AcpiUtShortMultiply
                0x00000000c002b6ad                AcpiUtShortShiftLeft
                0x00000000c002b6f6                AcpiUtShortShiftRight
                0x00000000c002b73f                AcpiUtShortDivide
                0x00000000c002b7d0                AcpiUtDivide
 .text          0x00000000c002b872      0x2ca acpica/utmisc.32
                0x00000000c002b872                AcpiUtIsPciRootBridge
                0x00000000c002b8ae                AcpiUtDwordByteSwap
                0x00000000c002b8d7                AcpiUtSetIntegerWidth
                0x00000000c002b918                AcpiUtCreateUpdateStateAndPush
                0x00000000c002b96d                AcpiUtWalkPackageTree
 .text          0x00000000c002bb3c      0x371 acpica/utmutex.32
                0x00000000c002bba7                AcpiUtMutexInitialize
                0x00000000c002bcc9                AcpiUtMutexTerminate
                0x00000000c002bd46                AcpiUtAcquireMutex
                0x00000000c002be01                AcpiUtReleaseMutex
 .text          0x00000000c002bead       0xd0 acpica/utnonansi.32
                0x00000000c002bead                AcpiUtStrlwr
                0x00000000c002beed                AcpiUtStrupr
                0x00000000c002bf2d                AcpiUtStricmp
 .text          0x00000000c002bf7d      0x5ff acpica/utobject.32
                0x00000000c002bf7d                AcpiUtValidInternalObject
                0x00000000c002bfa1                AcpiUtAllocateObjectDescDbg
                0x00000000c002bfea                AcpiUtDeleteObjectDesc
                0x00000000c002c03f                AcpiUtCreateInternalObjectDbg
                0x00000000c002c0e1                AcpiUtCreatePackageObject
                0x00000000c002c155                AcpiUtCreateIntegerObject
                0x00000000c002c1a1                AcpiUtCreateBufferObject
                0x00000000c002c248                AcpiUtCreateStringObject
                0x00000000c002c533                AcpiUtGetObjectSize
 .text          0x00000000c002c57c      0x4f3 acpica/utosi.32
                0x00000000c002c57c                AcpiUtInitializeInterfaces
                0x00000000c002c606                AcpiUtInterfaceTerminate
                0x00000000c002c6d7                AcpiUtInstallInterface
                0x00000000c002c770                AcpiUtRemoveInterface
                0x00000000c002c846                AcpiUtUpdateInterfaces
                0x00000000c002c8d7                AcpiUtGetInterface
                0x00000000c002c91a                AcpiUtOsiImplementation
 .text          0x00000000c002ca6f      0x246 acpica/utownerid.32
                0x00000000c002ca6f                AcpiUtAllocateOwnerId
                0x00000000c002cbd3                AcpiUtReleaseOwnerId
 .text          0x00000000c002ccb5       0xfd acpica/utpredef.32
                0x00000000c002ccb5                AcpiUtGetNextPredefinedMethod
                0x00000000c002ccdf                AcpiUtMatchPredefinedMethod
                0x00000000c002cd32                AcpiUtGetExpectedReturnTypes
 .text          0x00000000c002cdb2      0x9ed acpica/utprint.32
                0x00000000c002cedc                AcpiUtScanNumber
                0x00000000c002cf5f                AcpiUtPrintNumber
                0x00000000c002d235                vsnprintf
                0x00000000c002d74e                snprintf
                0x00000000c002d777                sprintf
 .text          0x00000000c002d79f        0x0 acpica/utresdecode.32
 .text          0x00000000c002d79f      0x3ad acpica/utresrc.32
                0x00000000c002d79f                AcpiUtGetResourceType
                0x00000000c002d7bc                AcpiUtGetResourceLength
                0x00000000c002d7ef                AcpiUtValidateResource
                0x00000000c002d982                AcpiUtGetResourceHeaderLength
                0x00000000c002d996                AcpiUtGetDescriptorLength
                0x00000000c002d9c3                AcpiUtWalkAmlResources
                0x00000000c002db02                AcpiUtGetResourceEndTag
 .text          0x00000000c002db4c      0x1ce acpica/utstate.32
                0x00000000c002db4c                AcpiUtPushGenericState
                0x00000000c002db64                AcpiUtPopGenericState
                0x00000000c002db87                AcpiUtCreateGenericState
                0x00000000c002dbb3                AcpiUtCreateThreadState
                0x00000000c002dc39                AcpiUtCreateUpdateState
                0x00000000c002dc7a                AcpiUtCreatePkgState
                0x00000000c002dcc6                AcpiUtCreateControlState
                0x00000000c002dcf6                AcpiUtDeleteGenericState
 .text          0x00000000c002dd1a      0x264 acpica/utstring.32
                0x00000000c002dd1a                AcpiUtPrintString
                0x00000000c002dee3                AcpiUtRepairName
 .text          0x00000000c002df7e      0x425 acpica/utstrsuppt.32
                0x00000000c002df7e                AcpiUtRemoveLeadingZeros
                0x00000000c002dfa4                AcpiUtRemoveWhitespace
                0x00000000c002dfd9                AcpiUtRemoveHexPrefix
                0x00000000c002e016                AcpiUtDetectHexPrefix
                0x00000000c002e044                AcpiUtDetectOctalPrefix
                0x00000000c002e229                AcpiUtConvertOctalString
                0x00000000c002e2a3                AcpiUtConvertDecimalString
                0x00000000c002e326                AcpiUtConvertHexString
 .text          0x00000000c002e3a3      0x238 acpica/utstrtoul64.32
                0x00000000c002e3a3                AcpiUtStrtoul64
                0x00000000c002e4b5                AcpiUtImplicitStrtoul64
                0x00000000c002e531                AcpiUtExplicitStrtoul64
 .text          0x00000000c002e5db        0x0 acpica/uttrack.32
 .text          0x00000000c002e5db        0x0 acpica/utuuid.32
 .text          0x00000000c002e5db      0x641 acpica/utxface.32
                0x00000000c002e5db                AcpiTerminate
                0x00000000c002e5f8                AcpiSubsystemStatus
                0x00000000c002e610                AcpiGetSystemInfo
                0x00000000c002e6c6                AcpiGetStatistics
                0x00000000c002e71c                AcpiInstallInitializationHandler
                0x00000000c002e74b                AcpiPurgeCachedObjects
                0x00000000c002e79c                AcpiInstallInterface
                0x00000000c002e85d                AcpiRemoveInterface
                0x00000000c002e8d1                AcpiInstallInterfaceHandler
                0x00000000c002e935                AcpiUpdateInterfaces
                0x00000000c002e992                AcpiCheckAddressRange
                0x00000000c002ea02                AcpiDecodePldBuffer
 .text          0x00000000c002ec1c      0x245 acpica/utxferror.32
                0x00000000c002ec1c                AcpiError
                0x00000000c002ec65                AcpiException
                0x00000000c002ecd5                AcpiWarning
                0x00000000c002ed1e                AcpiInfo
                0x00000000c002ed5f                AcpiBiosError
                0x00000000c002eda8                AcpiBiosException
                0x00000000c002ee18                AcpiBiosWarning
 .text          0x00000000c002ee61      0x218 acpica/utxfinit.32
                0x00000000c002ee61                AcpiInitializeSubsystem
                0x00000000c002ef5f                AcpiEnableSubsystem
                0x00000000c002f02a                AcpiInitializeObjects
 .text          0x00000000c002f079      0x129 acpica/utxfmutex.32
                0x00000000c002f10d                AcpiAcquireMutex
                0x00000000c002f15e                AcpiReleaseMutex
 .text          0x00000000c002f1a2      0xf4f core/malloc.32
                0x00000000c002f313                dlfree
                0x00000000c002f403                dlmalloc
                0x00000000c002fb50                dlrealloc
                0x00000000c002fd05                dlmemalign
                0x00000000c002fe28                dlcalloc
                0x00000000c002fec2                dlcfree
                0x00000000c002fec7                dlindependent_calloc
                0x00000000c002feec                dlindependent_comalloc
                0x00000000c002ff03                dlvalloc
                0x00000000c002ff29                dlpvalloc
                0x00000000c002ff5a                dlmalloc_trim
                0x00000000c002ff62                dlmalloc_usable_size
                0x00000000c002ff93                dlmallinfo
                0x00000000c003005b                dlmalloc_stats
                0x00000000c003006c                dlmallopt
 .text          0x00000000c00300f1        0x0 libk/string.32
 .text          0x00000000c00300f1       0x51 fs/fat/diskio.32
                0x00000000c00300f1                disk_status
                0x00000000c00300f4                disk_initialize
                0x00000000c00300f7                disk_read
                0x00000000c003010d                disk_write
                0x00000000c0030123                disk_ioctl
 .text          0x00000000c0030142     0x66ce fs/fat/ff.32
                0x00000000c0032de8                f_mount
                0x00000000c0032e4a                f_open
                0x00000000c00332a0                f_read
                0x00000000c00334f2                f_write
                0x00000000c0033781                f_sync
                0x00000000c0033986                f_close
                0x00000000c00339b5                f_lseek
                0x00000000c0033e93                f_opendir
                0x00000000c0033f95                f_closedir
                0x00000000c0033fb7                f_readdir
                0x00000000c0034052                f_stat
                0x00000000c00340e1                f_getfree
                0x00000000c003429c                f_truncate
                0x00000000c0034394                f_unlink
                0x00000000c0034517                f_mkdir
                0x00000000c0034725                f_rename
                0x00000000c0034a01                f_chmod
                0x00000000c0034adf                f_utime
                0x00000000c0034bbd                f_getlabel
                0x00000000c0034d5c                f_setlabel
                0x00000000c0034fac                f_forward
                0x00000000c0035183                f_mkfs
 .text          0x00000000c0036810        0xa fs/fat/ffsystem.32
                0x00000000c0036810                ff_memalloc
                0x00000000c0036815                ff_memfree
 .text          0x00000000c003681a      0x147 fs/fat/ffunicode.32
                0x00000000c003681a                ff_uni2oem
                0x00000000c0036864                ff_oem2uni
                0x00000000c0036891                ff_wtoupper
 .text          0x00000000c0036961      0x71d hal/libresample/samplerate.32
                0x00000000c0036961                src_delete
                0x00000000c003699d                src_process
                0x00000000c0036ae6                src_callback_read
                0x00000000c0036c6f                src_set_ratio
                0x00000000c0036ccf                src_get_channels
                0x00000000c0036cf1                src_reset
                0x00000000c0036d35                src_new
                0x00000000c0036dfa                src_callback_new
                0x00000000c0036e5c                src_get_name
                0x00000000c0036e93                src_get_description
                0x00000000c0036eca                src_get_version
                0x00000000c0036ed0                src_is_valid_ratio
                0x00000000c0036ef8                src_error
                0x00000000c0036f06                src_strerror
                0x00000000c0036f19                src_simple
                0x00000000c0036f6c                src_short_to_float_array
                0x00000000c0036f92                src_float_to_short_array
                0x00000000c0036ff6                src_int_to_float_array
                0x00000000c003701c                src_float_to_int_array
 .text          0x00000000c003707e      0x3c9 hal/libresample/src_linear.32
                0x00000000c00373a2                linear_get_name
                0x00000000c00373b1                linear_get_description
                0x00000000c00373c0                linear_set_converter
 .text          0x00000000c0037447     0x1a92 hal/libresample/src_sinc.32
                0x00000000c0038ce9                sinc_get_name
                0x00000000c0038cfc                sinc_get_description
                0x00000000c0038d0f                sinc_set_converter
 .text          0x00000000c0038ed9      0x397 hal/libresample/src_zoh.32
                0x00000000c00391cb                zoh_get_name
                0x00000000c00391da                zoh_get_description
                0x00000000c00391e9                zoh_set_converter
 .text          0x00000000c0039270      0xa5c acpica/osl.32
                0x00000000c0039270                Subhandler
                0x00000000c003927d                isalnum
                0x00000000c00392a3                isalpha
                0x00000000c00392b7                isblank
                0x00000000c00392cf                iscntrl
                0x00000000c00392e7                isdigit
                0x00000000c00392f8                islower
                0x00000000c0039309                ispunct
                0x00000000c0039342                isgraph
                0x00000000c0039371                isprint
                0x00000000c003938f                isspace
                0x00000000c00393b0                isupper
                0x00000000c00393c1                isxdigit
                0x00000000c00393e3                AcpiOsInitialize
                0x00000000c00393e6                AcpiOsTerminate
                0x00000000c00393e9                AcpiOsGetRootPointer
                0x00000000c0039412                AcpiOsPredefinedOverride
                0x00000000c0039431                AcpiOsTableOverride
                0x00000000c003943e                AcpiOsPhysicalTableOverride
                0x00000000c0039452                AcpiOsReadPort
                0x00000000c0039494                AcpiOsWritePort
                0x00000000c00394c2                AcpiOsGetTimer
                0x00000000c00394de                AcpiOsWaitEventsComplete
                0x00000000c00394ef                AcpiOsReadPciConfiguration
                0x00000000c0039560                AcpiOsWritePciConfiguration
                0x00000000c00395db                AcpiOsSignal
                0x00000000c003960a                AcpiOsReadMemory
                0x00000000c003968e                AcpiOsEnterSleep
                0x00000000c0039691                AcpiOsWriteMemory
                0x00000000c00396f2                AcpiOsMapMemory
                0x00000000c00397ae                AcpiOsUnmapMemory
                0x00000000c00397af                AcpiOsGetPhysicalAddress
                0x00000000c00397d7                AcpiOsAllocate
                0x00000000c00397dc                AcpiOsFree
                0x00000000c00397e1                AcpiOsReadable
                0x00000000c00397f4                AcpiOsWritable
                0x00000000c0039807                AcpiOsGetThreadId
                0x00000000c003980f                AcpiOsExecute
                0x00000000c0039822                AcpiOsSleep
                0x00000000c0039842                AcpiOsStall
                0x00000000c003988f                AcpiOsCreateSemaphore
                0x00000000c00398bc                AcpiOsDeleteSemaphore
                0x00000000c00398d0                AcpiOsWaitSemaphore
                0x00000000c003995a                AcpiOsSignalSemaphore
                0x00000000c0039980                AcpiOsCreateLock
                0x00000000c003999c                AcpiOsDeleteLock
                0x00000000c003999d                AcpiOsAcquireLock
                0x00000000c00399a2                AcpiOsReleaseLock
                0x00000000c00399a7                AcpiOsInstallInterruptHandler
                0x00000000c00399e7                AcpiOsRemoveInterruptHandler
                0x00000000c00399fa                __i__int_str
                0x00000000c0039c59                __i_displayCharacter
                0x00000000c0039c78                __i_displayString
                0x00000000c0039cc7                __i_internal_printf
                0x00000000c0039cca                AcpiOsVprintf
                0x00000000c0039ccb                AcpiOsPrintf
 .text          0x00000000c0039ccc      0x5c9 core/computer.32
                0x00000000c0039ccc                Computer::close(int, int, void*)
                0x00000000c0039d10                Computer::Computer()
                0x00000000c0039d10                Computer::Computer()
                0x00000000c0039d9e                Computer::setBootMessage(char const*)
                0x00000000c0039da0                Computer::start()
                0x00000000c0039e7a                firstTask()
                0x00000000c0039e88                Computer::detectFeatures()
                0x00000000c003a062                Computer::open(int, int, void*)
                0x00000000c003a12a                Computer::displayFeatures()
                0x00000000c003a12c                Computer::rdmsr(unsigned int)
                0x00000000c003a158                Computer::wrmsr(unsigned int, unsigned long long)
                0x00000000c003a190                Computer::nmiEnabled()
                0x00000000c003a19c                Computer::enableNMI(bool)
                0x00000000c003a1ba                Computer::disableNMI()
                0x00000000c003a1cc                Computer::readCMOS(unsigned char)
                0x00000000c003a1e6                Computer::writeCMOS(unsigned char, unsigned char)
                0x00000000c003a204                Computer::handleNMI()
                0x00000000c003a26a                Computer::setDiskActivityLight(int, bool)
 .text          0x00000000c003a295      0xe6e core/elf.32
                0x00000000c003a295                allocateMemoryForTask(Process*, File*, unsigned long, unsigned long, unsigned long)
                0x00000000c003a51f                loadProgramIntoMemory(Process*, char const*)
                0x00000000c003a744                runtimeReferenceHelper()
                0x00000000c003a757                getAddressOfKernelSymbol(char const*)
                0x00000000c003a7a6                loadKernelSymbolTable(char const*)
                0x00000000c003aa6a                loadDriverIntoMemory(char const*, unsigned long)
                0x00000000c003b02c                loadDLL(char const*)
                0x00000000c003b0f5                executeDLL(unsigned long, void*)
 *fill*         0x00000000c003b103        0x1 
 .text          0x00000000c003b104      0x117 core/gdt.32
                0x00000000c003b104                GDTEntry::setBase(unsigned int)
                0x00000000c003b120                GDTEntry::setLimit(unsigned int)
                0x00000000c003b13e                GDT::GDT()
                0x00000000c003b13e                GDT::GDT()
                0x00000000c003b14a                GDT::addEntry(GDTEntry)
                0x00000000c003b186                GDT::getNumberOfEntries()
                0x00000000c003b18e                GDT::flush()
                0x00000000c003b1b0                GDT::setup()
 .text          0x00000000c003b21b       0x75 core/idle.32
                0x00000000c003b21b                idleFunction(void*)
 .text          0x00000000c003b290      0x427 core/idt.32
                0x00000000c003b290                IDTEntry::IDTEntry(bool)
                0x00000000c003b290                IDTEntry::IDTEntry(bool)
                0x00000000c003b2bc                IDTEntry::setOffset(unsigned int)
                0x00000000c003b2d0                IDT::IDT()
                0x00000000c003b2d0                IDT::IDT()
                0x00000000c003b2d2                IDT::getPointerToInvalidOpcodeEntryForF00F()
                0x00000000c003b2da                IDT::addEntry(IDTEntry, int)
                0x00000000c003b2f4                IDT::addEntry(int, void (*)(), bool)
                0x00000000c003b336                IDT::flush()
                0x00000000c003b350                IDT::setup()
 .text          0x00000000c003b6b7      0x665 core/kconsole.32
                0x00000000c003b6b7                stringifyxWithBase(unsigned int, char*, int)
                0x00000000c003b718                logc(char)
                0x00000000c003b72f                logs(char*)
                0x00000000c003b75d                logWriteInt(unsigned int)
                0x00000000c003b7ee                logWriteIntBase(unsigned int, int)
                0x00000000c003b874                kprintf(char const*, ...)
                0x00000000c003b9d2                panic(char const*)
 .text          0x00000000c003bd1c      0x1e4 core/kheap.32
                0x00000000c003bd1c                sbrk
                0x00000000c003be0b                mmap
                0x00000000c003be21                munmap
                0x00000000c003be37                liballoc_lock()
                0x00000000c003be48                liballoc_unlock()
                0x00000000c003be59                liballoc_alloc(int)
                0x00000000c003be74                liballoc_free(void*, int)
                0x00000000c003be92                realloc
                0x00000000c003bea6                malloc
                0x00000000c003beb6                free
                0x00000000c003bec6                rfree
                0x00000000c003bed6                calloc
 .text          0x00000000c003bf00      0x3d8 core/main.32
                0x00000000c003bf00                hwTextMode_loadInData(VgaText*)
                0x00000000c003bf45                hwTextMode_loadInTitle(VgaText*, char*)
                0x00000000c003bf87                hwTextMode_update(VgaText*)
                0x00000000c003bf88                hwTextMode_updateCursor(VgaText*)
                0x00000000c003bfd0                hwTextMode_scrollScreen(VgaText*)
                0x00000000c003c056                hwTextMode_writeCharacter(VgaText*, char, VgaColour, VgaColour, int, int)
                0x00000000c003c0b4                hwTextMode_showCursor(VgaText*, bool)
                0x00000000c003c108                hwTextMode_disableBlink(VgaText*, bool)
                0x00000000c003c144                setupTextMode()
                0x00000000c003c195                kernel_main
 .text          0x00000000c003c2d8      0x510 core/physmgr.32
                0x00000000c003c2d8                PhysMem::allocateDMA(unsigned long)
                0x00000000c003c37b                PhysMem::freeDMA(unsigned long, unsigned long)
                0x00000000c003c3c3                PhysMem::setPageState(unsigned long, bool)
                0x00000000c003c3f5                PhysMem::getPageState(unsigned long)
                0x00000000c003c411                PhysMem::freePage(unsigned long)
                0x00000000c003c4bd                PhysMem::allocatePage()
                0x00000000c003c59b                PhysMem::allowSegmentToBeUsed(unsigned long, unsigned long)
                0x00000000c003c5e6                PhysMem::physicalMemorySetup(unsigned int)
 .text          0x00000000c003c7e8      0x235 core/pipe.32
                0x00000000c003c7e8                Pipe::isAtty()
                0x00000000c003c7ec                Pipe::~Pipe()
                0x00000000c003c7ec                Pipe::~Pipe()
                0x00000000c003c7fc                Pipe::~Pipe()
                0x00000000c003c820                Pipe::read(unsigned long long, void*, int*)
                0x00000000c003c914                Pipe::write(unsigned long long, void*, int*)
                0x00000000c003c9dc                Pipe::Pipe(int)
                0x00000000c003c9dc                Pipe::Pipe(int)
 *fill*         0x00000000c003ca1d        0x1 
 .text          0x00000000c003ca1e     0x16ac core/prcssthr.32
                0x00000000c003ca1e                userModeEntryPoint(void*)
                0x00000000c003ca44                changeTSS
                0x00000000c003ca72                Process::createThread(void (*)(void*), void*, int)
                0x00000000c003cbd2                Process::createUserThread()
                0x00000000c003cbee                Process::addArgs(char**)
                0x00000000c003cc48                Process::Process(char const*, Process*, char**)
                0x00000000c003cc48                Process::Process(char const*, Process*, char**)
                0x00000000c003cd9a                Process::Process(bool, char const*, Process*, char**)
                0x00000000c003cd9a                Process::Process(bool, char const*, Process*, char**)
                0x00000000c003ced4                setupMultitasking(void (*)())
                0x00000000c003d075                disableIRQs()
                0x00000000c003d07d                getIRQNestingLevel()
                0x00000000c003d083                enableIRQs()
                0x00000000c003d092                lockScheduler()
                0x00000000c003d094                unlockScheduler()
                0x00000000c003d0a3                lockStuff()
                0x00000000c003d0b1                taskStartupFunction
                0x00000000c003d0ba                updateTimeUsed()
                0x00000000c003d14e                switchToThread(ThreadControlBlock*)
                0x00000000c003d169                schedule()
                0x00000000c003d356                unlockStuff()
                0x00000000c003d392                forkProcess(regs*)
                0x00000000c003d593                blockTaskWithSchedulerLockAlreadyHeld(TaskState)
                0x00000000c003d5e1                blockTask(TaskState)
                0x00000000c003d60e                waitTask(int, int*, int)
                0x00000000c003d71f                execveProcess(char const*, char* const*, char* const*)
                0x00000000c003d7cb                unblockTask(ThreadControlBlock*)
                0x00000000c003d8b6                cleanupTerminatedTask(ThreadControlBlock*)
                0x00000000c003dc6f                cleanerTaskFunction(void*)
                0x00000000c003dd95                terminateTask(int)
                0x00000000c003dea0                nanoSleepUntil(unsigned long long)
                0x00000000c003debe                nanoSleep(unsigned long long)
                0x00000000c003deea                sleep(unsigned long long)
                0x00000000c003df21                taskReturned
                0x00000000c003df68                Semaphore::Semaphore(int)
                0x00000000c003df68                Semaphore::Semaphore(int)
                0x00000000c003df88                Semaphore::tryAcquire()
                0x00000000c003dfbe                Semaphore::assertLocked(char const*)
                0x00000000c003dffa                Semaphore::acquire()
                0x00000000c003e06a                Semaphore::release()
                0x00000000c003e0aa                Mutex::Mutex()
                0x00000000c003e0aa                Mutex::Mutex()
 .text          0x00000000c003e0ca      0xe16 core/syscalls.32
                0x00000000c003e0ca                sysCallGetPID(regs*)
                0x00000000c003e0d6                sysCallSeekDir(regs*)
                0x00000000c003e0db                sysCallVerify(regs*)
                0x00000000c003e0e5                sysCallGetArgc(regs*)
                0x00000000c003e0f5                sysFormatDisk(regs*)
                0x00000000c003e15f                sysSetDiskVolumeLabel(regs*)
                0x00000000c003e1a5                sysGetDiskVolumeLabel(regs*)
                0x00000000c003e1f6                sysCallWrite(regs*)
                0x00000000c003e264                sysCallRead(regs*)
                0x00000000c003e2d2                sysCallReadDir(regs*)
                0x00000000c003e341                sysCallIsATTY(regs*)
                0x00000000c003e394                sysCallGetCwd(regs*)
                0x00000000c003e3b3                sysCallSetCwd(regs*)
                0x00000000c003e3cf                sysCallRealpath(regs*)
                0x00000000c003e412                sysCallSeek(regs*)
                0x00000000c003e463                sysCallTell(regs*)
                0x00000000c003e4af                sysCallSizeFromFilename(regs*)
                0x00000000c003e528                sysCallSize(regs*)
                0x00000000c003e57a                sysCallClose(regs*)
                0x00000000c003e5c8                sysCallMakeDir(regs*)
                0x00000000c003e621                sysCallCloseDir(regs*)
                0x00000000c003e66f                sysCallWait(regs*)
                0x00000000c003e689                sysCallFork(regs*)
                0x00000000c003e6a5                sysCallExecve(regs*)
                0x00000000c003e6fa                sysCallRmdir(regs*)
                0x00000000c003e74c                sysCallUnlink(regs*)
                0x00000000c003e74e                sysCallGetArgv(regs*)
                0x00000000c003e79a                sysCallUSleep(regs*)
                0x00000000c003e7c1                sysAppSettings(regs*)
                0x00000000c003e8e0                sysSetFatAttrib(regs*)
                0x00000000c003e940                sysPanic(regs*)
                0x00000000c003e966                sysPipe(regs*)
                0x00000000c003e9ab                sysGetUnixTime(regs*)
                0x00000000c003e9bf                sysShutdown(regs*)
                0x00000000c003ea07                sysCallOpen(regs*)
                0x00000000c003eaf7                sysCallOpenDir(regs*)
                0x00000000c003eb64                sysCallTTYName(regs*)
                0x00000000c003ebe0                sysCallGetEnv(regs*)
                0x00000000c003ec32                sysCallSpawn(regs*)
                0x00000000c003eca2                sysCallTellDir(regs*)
                0x00000000c003eca7                string_ends_with(char const*, char const*)
                0x00000000c003ecef                setupSystemCalls()
                0x00000000c003ee9e                systemCall(regs*, void*)
 .text          0x00000000c003eee0      0xe4b core/terminal.32
                0x00000000c003eee0                VgaText::isAtty()
                0x00000000c003eee4                VgaText::~VgaText()
                0x00000000c003eee4                VgaText::~VgaText()
                0x00000000c003eef4                VgaText::~VgaText()
                0x00000000c003ef1a                VgaText::read(unsigned long long, void*, int*)
                0x00000000c003ef3a                setTerminalScrollLock(bool)
                0x00000000c003ef3b                addToTerminalCycle(VgaText*)
                0x00000000c003ef68                installVgaTextImplementation()
                0x00000000c003ef7d                scrollTerminalScrollLock(int)
                0x00000000c003ef7e                VgaText::load()
                0x00000000c003efd2                VgaText::writeCharacter(char, VgaColour, VgaColour, int, int)
                0x00000000c003f026                VgaText::updateCursor()
                0x00000000c003f040                VgaText::scrollScreen()
                0x00000000c003f0d2                VgaText::showCursor(bool)
                0x00000000c003f0e2                VgaText::disableBlink(bool)
                0x00000000c003f11c                setActiveTerminal(VgaText*)
                0x00000000c003f1b1                doTerminalCycle()
                0x00000000c003f1ce                VgaText::doANSI_SGR(int)
                0x00000000c003f25a                VgaText::setDefaultBgColour(VgaColour)
                0x00000000c003f270                VgaText::setDefaultFgColour(VgaColour)
                0x00000000c003f286                VgaText::setDefaultColours(VgaColour, VgaColour)
                0x00000000c003f2ac                VgaText::combineColours(unsigned char, unsigned char)
                0x00000000c003f2be                VgaText::combineCharAndColour(char, unsigned char)
                0x00000000c003f2d0                VgaText::getCursorX()
                0x00000000c003f2dc                VgaText::getCursorY()
                0x00000000c003f2e8                VgaText::setCursor(int, int)
                0x00000000c003f306                VgaText::setCursorX(int)
                0x00000000c003f31a                VgaText::setCursorY(int)
                0x00000000c003f32e                VgaText::incrementCursor(bool)
                0x00000000c003f396                VgaText::updateRAMUsageDisplay(int)
                0x00000000c003f3cc                VgaText::updateDiskUsage()
                0x00000000c003f504                VgaText::updateTitle()
                0x00000000c003f54a                VgaText::setTitleTextColour(VgaColour)
                0x00000000c003f55a                VgaText::setTitleColour(VgaColour)