Archive member included to satisfy reference by file (symbol)

/cygdrive/d/Users/Alex/Desktop/Toolchain/Output/bin/../lib/gcc/i386-banana/8.1.0/libkgcc.a(_divdi3.o)
                              krnl/resolve.32 (__divdi3)
/cygdrive/d/Users/Alex/Desktop/Toolchain/Output/bin/../lib/gcc/i386-banana/8.1.0/libkgcc.a(_moddi3.o)
                              krnl/resolve.32 (__moddi3)
/cygdrive/d/Users/Alex/Desktop/Toolchain/Output/bin/../lib/gcc/i386-banana/8.1.0/libkgcc.a(_udivdi3.o)
                              hal/clock.32 (__udivdi3)
/cygdrive/d/Users/Alex/Desktop/Toolchain/Output/bin/../lib/gcc/i386-banana/8.1.0/libkgcc.a(_umoddi3.o)
                              core/pipe.32 (__umoddi3)

Allocating common symbols
Common symbol       size              file

dcache              0x40              fs/iso9660/iso9660.32
cdDriveLetter       0x1               fs/iso9660/iso9660.32
icache              0x40              fs/iso9660/iso9660.32

Discarded input sections

 .comment       0x0000000000000000       0x12 /cygdrive/d/Users/Alex/Desktop/Toolchain/Output/bin/../lib/gcc/i386-banana/8.1.0/crtbegin.o
 .comment       0x0000000000000000       0x12 acpica/utclib.32
 .comment       0x0000000000000000       0x12 core/malloc.32
 .comment       0x0000000000000000       0x12 libk/ctype.32
 .comment       0x0000000000000000       0x12 libk/string.32
 .comment       0x0000000000000000       0x12 fs/fat/diskio.32
 .comment       0x0000000000000000       0x12 fs/fat/ff.32
 .comment       0x0000000000000000       0x12 fs/fat/ffsystem.32
 .comment       0x0000000000000000       0x12 fs/fat/ffunicode.32
 .comment       0x0000000000000000       0x12 fs/iso9660/iso9660.32
 .group         0x0000000000000000       0x14 core/computer.32
 .group         0x0000000000000000        0xc core/computer.32
 .comment       0x0000000000000000       0x12 core/computer.32
 .comment       0x0000000000000000       0x12 core/gdt.32
 .group         0x0000000000000000        0xc core/idle.32
 .comment       0x0000000000000000       0x12 core/idle.32
 .comment       0x0000000000000000       0x12 core/idt.32
 .comment       0x0000000000000000       0x12 core/kheap.32
 .comment       0x0000000000000000       0x12 core/main.32
 .comment       0x0000000000000000       0x12 core/physmgr.32
 .group         0x0000000000000000        0xc core/pipe.32
 .comment       0x0000000000000000       0x12 core/pipe.32
 .group         0x0000000000000000        0xc core/terminal.32
 .comment       0x0000000000000000       0x12 core/terminal.32
 .comment       0x0000000000000000       0x12 core/tss.32
 .group         0x0000000000000000        0xc core/unixfile.32
 .group         0x0000000000000000        0xc core/unixfile.32
 .group         0x0000000000000000        0xc core/unixfile.32
 .group         0x0000000000000000        0xc core/unixfile.32
 .group         0x0000000000000000        0xc core/unixfile.32
 .group         0x0000000000000000        0xc core/unixfile.32
 .group         0x0000000000000000        0xc core/unixfile.32
 .group         0x0000000000000000        0xc core/unixfile.32
 .comment       0x0000000000000000       0x12 core/unixfile.32
 .comment       0x0000000000000000       0x12 core/virtmgr.32
 .comment       0x0000000000000000       0x12 coreobjs/c++.32
 .comment       0x0000000000000000       0x12 dbg/kconsole.32
 .comment       0x0000000000000000       0x12 dbg/usban.32
 .group         0x0000000000000000        0xc fs/vfs.32
 .group         0x0000000000000000        0xc fs/vfs.32
 .group         0x0000000000000000        0xc fs/vfs.32
 .comment       0x0000000000000000       0x12 fs/vfs.32
 .group         0x0000000000000000        0xc hal/bus.32
 .comment       0x0000000000000000       0x12 hal/bus.32
 .comment       0x0000000000000000       0x12 hal/buzzer.32
 .group         0x0000000000000000        0xc hal/clock.32
 .comment       0x0000000000000000       0x12 hal/clock.32
 .group         0x0000000000000000       0x14 hal/device.32
 .group         0x0000000000000000        0xc hal/device.32
 .group         0x0000000000000000        0xc hal/device.32
 .group         0x0000000000000000        0xc hal/device.32
 .group         0x0000000000000000        0xc hal/device.32
 .comment       0x0000000000000000       0x12 hal/device.32
 .group         0x0000000000000000        0xc hal/diskctrl.32
 .comment       0x0000000000000000       0x12 hal/diskctrl.32
 .group         0x0000000000000000        0xc hal/diskphys.32
 .comment       0x0000000000000000       0x12 hal/diskphys.32
 .comment       0x0000000000000000       0x12 hal/fpu.32
 .comment       0x0000000000000000       0x12 hal/intctrl.32
 .group         0x0000000000000000        0xc hal/keybrd.32
 .comment       0x0000000000000000       0x12 hal/keybrd.32
 .group         0x0000000000000000        0xc hal/logidisk.32
 .comment       0x0000000000000000       0x12 hal/logidisk.32
 .group         0x0000000000000000        0xc hal/mouse.32
[...]
Memory Configuration

Name             Origin             Length             Attributes
*default*        0x0000000000000000 0xffffffffffffffff

Linker script and memory map

LOAD D:/Users/Alex/Desktop/Banana/kernel/boot.32
LOAD crti.32
LOAD /cygdrive/d/Users/Alex/Desktop/Toolchain/Output/bin/../lib/gcc/i386-banana/8.1.0/crtbegin.o
LOAD D:/Users/Alex/Desktop/Banana/kernel/morenasm.32
LOAD acpica/utclib.32
LOAD core/malloc.32
LOAD libk/ctype.32
LOAD libk/string.32
LOAD fs/fat/diskio.32
LOAD fs/fat/ff.32
LOAD fs/fat/ffsystem.32
LOAD fs/fat/ffunicode.32
LOAD fs/iso9660/iso9660.32
LOAD core/computer.32
LOAD core/gdt.32
LOAD core/idle.32
LOAD core/idt.32
LOAD core/kheap.32
LOAD core/main.32
LOAD core/physmgr.32
LOAD core/pipe.32
LOAD core/terminal.32
LOAD core/tss.32
LOAD core/unixfile.32
LOAD core/virtmgr.32
LOAD coreobjs/c++.32
LOAD dbg/kconsole.32
LOAD dbg/usban.32
LOAD fs/vfs.32
LOAD hal/bus.32
LOAD hal/buzzer.32
LOAD hal/clock.32
LOAD hal/device.32
LOAD hal/diskctrl.32
LOAD hal/diskphys.32
LOAD hal/fpu.32
LOAD hal/intctrl.32
LOAD hal/keybrd.32
LOAD hal/logidisk.32
LOAD hal/mouse.32
LOAD hal/nic.32
LOAD hal/partition.32
LOAD hal/serial.32
LOAD hal/timer.32
LOAD hal/vcache.32
LOAD hal/video.32
LOAD hw/acpi.32
LOAD hw/cpu.32
LOAD krnl/bootmsg.32
LOAD krnl/env.32
LOAD krnl/inlines.32
LOAD krnl/panic.32
LOAD krnl/powctrl.32
LOAD krnl/random.32
LOAD krnl/resolve.32
LOAD krnl/signal.32
LOAD krnl/syscalls.32
LOAD net/ethernet.32
LOAD reg/cm.32
LOAD reg/registry.32
LOAD sys/eject.32
LOAD sys/exit.32
LOAD sys/getcwd.32
LOAD sys/getpid.32
LOAD sys/getramdata.32
LOAD sys/getvgaptr.32
LOAD sys/kill.32
LOAD sys/loaddll.32
LOAD sys/read.32
LOAD sys/registersignal.32
LOAD sys/registry.32
LOAD sys/sbrk.32
LOAD sys/setcwd.32
LOAD sys/settime.32
LOAD sys/timezone.32
LOAD sys/write.32
LOAD sys/wsbe.32
LOAD sys/yield.32
LOAD thr/elf.32
LOAD thr/prcssthr.32
LOAD vm86/vm8086.32
LOAD arch/i386/hal.32
LOAD arch/i386/pic.32
LOAD arch/i386/rtc.32
LOAD arch/i386/vga.32
LOAD fs/fat/vfslink.32
LOAD fs/iso9660/helper.32
LOAD fs/iso9660/vfslink.32
LOAD hal/sound/sndcard.32
LOAD hal/sound/sndport.32
LOAD hw/bus/isa.32
LOAD hw/bus/pci.32
LOAD hw/diskctrl/ide.32
LOAD hw/diskctrl/satabus.32
LOAD hw/diskphys/ata.32
LOAD hw/diskphys/atapi.32
LOAD hw/diskphys/sata.32
LOAD hw/diskphys/satapi.32
LOAD hw/intctrl/apic.32
LOAD hw/timer/apictimer.32
LOAD hw/timer/pit.32
LOAD arch/i386/avx.32
LOAD arch/i386/interrupt.32
LOAD arch/i386/rdrand.32
LOAD arch/i386/sse.32
LOAD arch/i386/x87.32
LOAD /cygdrive/d/Users/Alex/Desktop/Toolchain/Output/bin/../lib/gcc/i386-banana/8.1.0/crtend.o
LOAD crtn.32
LOAD /cygdrive/d/Users/Alex/Desktop/Toolchain/Output/bin/../lib/gcc/i386-banana/8.1.0/libkgcc.a
LOAD D:/Users/Alex/Desktop/Banana/kernel/libsoftfp.a
LOAD D:/Users/Alex/Desktop/Banana/kernel/libk/libm32.a
                0x00000000c0000000                . = 0xc0000000

.text           0x00000000c0000000    0x7073a
 *(.text)
 .text          0x00000000c0000000       0x20 D:/Users/Alex/Desktop/Banana/kernel/boot.32
 .text          0x00000000c0000020        0x0 crti.32
 .text          0x00000000c0000020      0x101 /cygdrive/d/Users/Alex/Desktop/Toolchain/Output/bin/../lib/gcc/i386-banana/8.1.0/crtbegin.o
 *fill*         0x00000000c0000121        0xf 
 .text          0x00000000c0000130      0x24f D:/Users/Alex/Desktop/Banana/kernel/morenasm.32
                0x00000000c0000130                manualPCIProbe
                0x00000000c000017b                prepareTramp
                0x00000000c0000194                doTPAUSE
                0x00000000c000019e                hasLegacyFPU
                0x00000000c00001c3                is486
                0x00000000c00001f9                detectCPUID
                0x00000000c000020f                goToVM86
                0x00000000c000023f                goToUsermode
                0x00000000c0000269                switchToThreadASMFirstTime
                0x00000000c0000277                switchToThreadASM
                0x00000000c00002fc                asmQuickAcquireLock
                0x00000000c000031a                asmQuickReleaseLock
                0x00000000c0000326                asmAcquireLock
                0x00000000c0000347                asmReleaseLock
                0x00000000c000035a                loadGDT
                0x00000000c000037a                memcpy
 *fill*         0x00000000c000037f        0x1 
 .text          0x00000000c0000380     0x1d37 acpica/utclib.32
                0x00000000c0000380                memcmp
                0x00000000c0000520                memmove
                0x00000000c00007a0                memset
                0x00000000c0000830                strlen
                0x00000000c00008d0                strpbrk
                0x00000000c0000a50                strtok
                0x00000000c0000b70                strcpy
                0x00000000c0000cb0                strncpy
                0x00000000c0000ff0                strcmp
                0x00000000c0001190                strchr
                0x00000000c0001240                strncmp
                0x00000000c0001430                strcat
                0x00000000c0001590                strncat
                0x00000000c0001770                strstr
                0x00000000c0001800                toupper
                0x00000000c0001890                tolower
                0x00000000c0001920                simple_strtoul
 .text          0x00000000c00020b7     0x4f41 core/malloc.32
                0x00000000c0002bae                dlfree
                0x00000000c0003b72                dlmalloc
                0x00000000c00056d7                dlrealloc
                0x00000000c0006202                dlmemalign
                0x00000000c00066d2                dlcalloc
                0x00000000c00069c0                dlcfree
                0x00000000c00069c5                dlindependent_calloc
                0x00000000c00069ea                dlindependent_comalloc
                0x00000000c0006a01                dlvalloc
                0x00000000c0006a2c                dlpvalloc
                0x00000000c0006a62                dlmalloc_trim
                0x00000000c0006a75                dlmalloc_usable_size
                0x00000000c0006b9d                dlmallinfo
                0x00000000c0006f58                dlmalloc_stats
                0x00000000c0006f6c                dlmallopt
 .text          0x00000000c0006ff8      0x1f2 libk/ctype.32
                0x00000000c0006ff8                isblank
                0x00000000c0007018                iscntrl
                0x00000000c0007038                isdigit
                0x00000000c0007054                islower
                0x00000000c0007070                isspace
                0x00000000c0007098                isupper
                0x00000000c00070b4                isalpha
                0x00000000c00070e4                isalnum
                0x00000000c0007114                ispunct
                0x00000000c0007154                isgraph
                0x00000000c0007184                isprint
                0x00000000c00071ac                isxdigit
 .text          0x00000000c00071ea        0x0 libk/string.32
 .text          0x00000000c00071ea      0x1c8 fs/fat/diskio.32
                0x00000000c00071ea                disk_status
                0x00000000c00071ed                disk_initialize
                0x00000000c00071f0                disk_read
                0x00000000c000728b                disk_write
                0x00000000c0007326                disk_ioctl
 .text          0x00000000c00073b2     0xc2a5 fs/fat/ff.32
                0x00000000c000dbe3                f_mount
                0x00000000c000dd5d                f_open
                0x00000000c000e4f6                f_read
                0x00000000c000ee43                f_write
                0x00000000c000f954                f_sync
                0x00000000c000fca6                f_close
                0x00000000c000fd0f                f_lseek
                0x00000000c0010515                f_opendir
                0x00000000c0010721                f_closedir
                0x00000000c001077d                f_readdir
                0x00000000c0010865                f_stat
                0x00000000c0010919                f_getfree
                0x00000000c0010cd6                f_truncate
                0x00000000c00110a3                f_unlink
                0x00000000c00111f0                f_mkdir
                0x00000000c0011623                f_rename
                0x00000000c0011946                f_chmod
                0x00000000c0011a9e                f_utime
                0x00000000c0011c3c                f_getlabel
                0x00000000c0011f6e                f_setlabel
                0x00000000c00122dd                f_expand
                0x00000000c0012745                f_mkfs
 *fill*         0x00000000c0013657        0x1 
 .text          0x00000000c0013658       0x2f fs/fat/ffsystem.32
                0x00000000c0013658                ff_memalloc
                0x00000000c0013670                ff_memfree
 *fill*         0x00000000c0013687        0x1 
 .text          0x00000000c0013688      0x4ea fs/fat/ffunicode.32
                0x00000000c0013688                ff_uni2oem
                0x00000000c0013790                ff_oem2uni
                0x00000000c001386c                ff_wtoupper
 .text          0x00000000c0013b72     0x4b94 fs/iso9660/iso9660.32
                0x00000000c00148a6                isoReadDiscSector
                0x00000000c0014aaf                strnicmp
                0x00000000c00151b6                stricmp
                0x00000000c0015286                iso_open
                0x00000000c0015605                iso_close
                0x00000000c0015693                iso_read
                0x00000000c0015e6b                iso_seek
                0x00000000c00164af                iso_tell
                0x00000000c0016650                iso_total
                0x00000000c00167ed                fn_postprocess
                0x00000000c0016877                iso_readdir
                0x00000000c0017fa4                iso_reset
                0x00000000c0017fc1                init_percd
                0x00000000c0018393                iso_ioctl
                0x00000000c00183ab                fs_iso9660_init
                0x00000000c00185de                fs_iso9660_shutdown
 *fill*         0x00000000c0018706        0x2 
 .text          0x00000000c0018708     0x1cd6 core/computer.32
                0x00000000c0018708                Computer::close(int, int, void*)
                0x00000000c00188c4                Krnl::firstTask()
                0x00000000c0018c10                Computer::Computer()
                0x00000000c0018c10                Computer::Computer()
                0x00000000c00190e0                Computer::setBootMessage(char const*)
                0x00000000c00190e4                Computer::detectFeatures()
                0x00000000c0019b28                Computer::displayFeatures()
                0x00000000c0019b2c                Computer::rdmsr(unsigned int)
                0x00000000c0019ba4                Computer::wrmsr(unsigned int, unsigned long long)
                0x00000000c0019c24                Computer::shutdown()
                0x00000000c0019cbc                Computer::restart()
                0x00000000c0019d54                Computer::sleep()
                0x00000000c0019dd4                Computer::nmiEnabled()
                0x00000000c0019e18                Computer::readCMOS(unsigned char)
                0x00000000c0019e78                Computer::enableNMI(bool)
                0x00000000c0019f14                Computer::open(int, int, void*)
                0x00000000c001a2c8                Computer::disableNMI()
                0x00000000c001a300                Computer::writeCMOS(unsigned char, unsigned char)
                0x00000000c001a368                Computer::handleNMI()
 .text          0x00000000c001a3de      0x50f core/gdt.32
                0x00000000c001a3de                GDTEntry::setBase(unsigned int)
                0x00000000c001a46e                GDTEntry::setLimit(unsigned int)
                0x00000000c001a4dc                GDT::GDT()
                0x00000000c001a4dc                GDT::GDT()
                0x00000000c001a562                GDT::addEntry(GDTEntry)
                0x00000000c001a63e                GDT::getNumberOfEntries()
                0x00000000c001a666                GDT::flush()
                0x00000000c001a6d4                GDT::setup()
 .text          0x00000000c001a8ed       0x38 core/idle.32
                0x00000000c001a8ed                idleFunction(void*)
 *fill*         0x00000000c001a925        0x3 
 .text          0x00000000c001a928      0xcf0 core/idt.32
                0x00000000c001a928                IDTEntry::IDTEntry(bool)
                0x00000000c001a928                IDTEntry::IDTEntry(bool)
                0x00000000c001ab94                IDTEntry::setOffset(unsigned int)
                0x00000000c001abf8                IDT::IDT()
                0x00000000c001abf8                IDT::IDT()
                0x00000000c001ac2a                IDT::getPointerToInvalidOpcodeEntryForF00F()
                0x00000000c001ac6a                IDT::addEntry(IDTEntry, int)
                0x00000000c001acd0                IDT::addEntry(int, void (*)(), bool)
                0x00000000c001ad2c                IDT::flush()
                0x00000000c001ad6a                IDT::setup()
 .text          0x00000000c001b618      0x2a5 core/kheap.32
                0x00000000c001b618                sbrk
                0x00000000c001b734                mmap
                0x00000000c001b74a                munmap
                0x00000000c001b760                liballoc_lock()
                0x00000000c001b79a                liballoc_unlock()
                0x00000000c001b7d8                liballoc_alloc(int)
                0x00000000c001b812                liballoc_free(void*, int)
                0x00000000c001b84f                realloc
                0x00000000c001b863                malloc
                0x00000000c001b873                free
                0x00000000c001b883                rfree
                0x00000000c001b893                calloc
 .text          0x00000000c001b8bd      0x135 core/main.32
                0x00000000c001b8bd                KeEntryPoint
 .text          0x00000000c001b9f2      0xd45 core/physmgr.32
                0x00000000c001b9f2                Phys::allocateDMA(unsigned long)
                0x00000000c001bce0                Phys::freeDMA(unsigned long, unsigned long)
                0x00000000c001bd96                Phys::setPageState(unsigned long, bool)
                0x00000000c001bed3                Phys::getPageState(unsigned long)
                0x00000000c001bf32                Phys::freePage(unsigned long)
                0x00000000c001bfc0                Phys::allocatePage()
                0x00000000c001c188                Phys::allocateContiguousPages(int)
                0x00000000c001c277                Phys::allowSegmentToBeUsed(unsigned long, unsigned long)
                0x00000000c001c2b9                Phys::physicalMemorySetup(unsigned int)
 *fill*         0x00000000c001c737        0x1 
 .text          0x00000000c001c738      0xaa5 core/pipe.32
                0x00000000c001c738                Pipe::isAtty()
                0x00000000c001c73c                Pipe::~Pipe()
                0x00000000c001c73c                Pipe::~Pipe()
                0x00000000c001c80c                Pipe::~Pipe()
                0x00000000c001c834                Pipe::write(unsigned long long, void*, int*)
                0x00000000c001cb9c                Pipe::read(unsigned long long, void*, int*)
                0x00000000c001cf76                Pipe::Pipe(int)
                0x00000000c001cf76                Pipe::Pipe(int)
 *fill*         0x00000000c001d1dd        0x1 
 .text          0x00000000c001d1de     0x306f core/terminal.32
                0x00000000c001d1de                VgaText::isAtty()
                0x00000000c001d1e2                VgaText::~VgaText()
                0x00000000c001d1e2                VgaText::~VgaText()
                0x00000000c001d2b2                VgaText::~VgaText()
                0x00000000c001d2dc                VgaText::read(unsigned long long, void*, int*)
                0x00000000c001d31c                setTerminalScrollLock(bool)
                0x00000000c001d31d                doTerminalCycle()
                0x00000000c001d31e                addToTerminalCycle(VgaText*)
                0x00000000c001d31f                scrollTerminalScrollLock(int)
                0x00000000c001d320                VgaText::updateTitle()
                0x00000000c001d322                VgaText::load()
                0x00000000c001d324                VgaText::updateCursor()
                0x00000000c001d370                VgaText::doANSI_SGR(int)
                0x00000000c001d7e4                VgaText::setDefaultBgColour(VgaColour)
                0x00000000c001d85c                VgaText::setDefaultFgColour(VgaColour)
                0x00000000c001d8d4                VgaText::setDefaultColours(VgaColour, VgaColour)
                0x00000000c001d932                VgaText::setTitleTextColour(VgaColour)
                0x00000000c001d990                VgaText::setTitleColour(VgaColour)
                0x00000000c001d9ee                VgaText::setTitle(char*)
                0x00000000c001da12                VgaText::combineColours(unsigned char, unsigned char)
                0x00000000c001da26                VgaText::scrollScreen()
                0x00000000c001dd9c                VgaText::combineCharAndColour(char, unsigned char)
                0x00000000c001ddac                VgaText::writeCharacter(char, VgaColour, VgaColour, int, int)
                0x00000000c001deb0                VgaText::getCursorX()
                0x00000000c001def2                VgaText::getCursorY()
                0x00000000c001df34                VgaText::setCursor(int, int)
                0x00000000c001dfd0                setActiveTerminal(VgaText*)
                0x00000000c001e064                VgaText::clearScreen()
                0x00000000c001e180                VgaText::setCursorX(int)
                0x00000000c001e1cc                VgaText::setCursorY(int)
                0x00000000c001e218                VgaText::incrementCursor(bool)
                0x00000000c001e41a                VgaText::decrementCursor(bool)
                0x00000000c001e4e6                VgaText::putchar(char, VgaColour, VgaColour)
                0x00000000c001e822                VgaText::putchar(char)
                0x00000000c001ee00                VgaText::putx(unsigned int)
                0x00000000c001eeae                VgaText::puts(char const*)
                0x00000000c001ef1e                VgaText::write(unsigned long long, void*, int*)
                0x00000000c001f084                VgaText::puts(char const*, VgaColour, VgaColour)
                0x00000000c001f714                VgaText::VgaText(char const*)
                0x00000000c001f714                VgaText::VgaText(char const*)
                0x00000000c001fda2                VgaText::receiveKey(unsigned char)
                0x00000000c002020e                VgaText::doUpdate()
                0x00000000c002020f                newTerminal(char*)
 *fill*         0x00000000c002024d        0x3 
 .text          0x00000000c0020250      0xc60 core/tss.32
                0x00000000c0020250                TSS::TSS()
                0x00000000c0020250                TSS::TSS()
                0x00000000c00202d8                TSS::setESP(unsigned long)
                0x00000000c002037c                TSS::flush()
                0x00000000c00203c4                TSS::setup(unsigned long, unsigned long)
 .text          0x00000000c0020eb0     0x11bd core/unixfile.32
                0x00000000c0020eb0                ReservedFilename::read(unsigned long long, void*, int*)
                0x00000000c0021176                ReservedFilename::isAtty()
                0x00000000c0021274                ReservedFilename::write(unsigned long long, void*, int*)
                0x00000000c002153e                UnixFile::getFileDescriptor()
                0x00000000c0021580                UnixFile::UnixFile(int)
                0x00000000c0021580                UnixFile::UnixFile(int)
                0x00000000c0021a88                ReservedFilename::ReservedFilename(int)
                0x00000000c0021a88                ReservedFilename::ReservedFilename(int)
                0x00000000c0021bc8                UnixFile::~UnixFile()
                0x00000000c0021bc8                UnixFile::~UnixFile()
                0x00000000c0021d4c                UnixFile::~UnixFile()
                0x00000000c0021d74                ReservedFilename::~ReservedFilename()
                0x00000000c0021d74                ReservedFilename::~ReservedFilename()
                0x00000000c0021e58                ReservedFilename::~ReservedFilename()
                0x00000000c0021e7f                getFromFileDescriptor(int)
 *fill*         0x00000000c002206d        0x1 
 .text          0x00000000c002206e     0x3e09 core/virtmgr.32
                0x00000000c002206e                Virt::setPageState(unsigned long, Virt::VirtPageState)
                0x00000000c0022155                Virt::getPageState(unsigned long)
                0x00000000c00221fb                Virt::allocateKernelVirtualPages(int)
                0x00000000c002236d                Virt::freeSwapfilePage(unsigned long)
                0x00000000c00223f8                Virt::swapIDToSector(unsigned long)
                0x00000000c002240e                Virt::allocateSwapfilePage()
                0x00000000c00225c5                Virt::virtualMemorySetup()
                0x00000000c0022628                Virt::setupPageSwapping(int)
                0x00000000c0022850                VAS::VAS(VAS*)
                0x00000000c0022850                VAS::VAS(VAS*)
                0x00000000c002292a                VAS::getForeignPageTableEntry(bool, unsigned long)
                0x00000000c002297a                VAS::getPageTableEntry(unsigned long)
                0x00000000c00229b9                Virt::freeKernelVirtualPages(unsigned long)
                0x00000000c0022be0                VAS::freeAllocatedPages(unsigned long)
                0x00000000c0022c3c                VAS::virtualToPhysical(unsigned long)
                0x00000000c0022c9e                VAS::reflagRange(unsigned long, int, int, int)
                0x00000000c0022d84                VAS::VAS()
                0x00000000c0022d84                VAS::VAS()
                0x00000000c0022f70                VAS::setToWriteCombining(unsigned long, int)
                0x00000000c0023064                VAS::mapOtherVASIn(bool, VAS*)
                0x00000000c0023172                VAS::~VAS()
                0x00000000c0023172                VAS::~VAS()
                0x00000000c0023670                VAS::mapPage(unsigned long, unsigned long, int)
                0x00000000c00239a8                VAS::allocatePages(int, int)
                0x00000000c0023ea8                VAS::setCPUSpecific(unsigned long)
                0x00000000c0023ee2                VAS::mapRange(unsigned long, unsigned long, int, int)
                0x00000000c00240c4                VAS::mapForeignPage(bool, VAS*, unsigned long, unsigned long, int)
                0x00000000c0024322                VAS::VAS(bool)
                0x00000000c0024322                VAS::VAS(bool)
                0x00000000c0024f98                VAS::evict(unsigned long)
                0x00000000c002530a                VAS::tryLoadBackOffDisk(unsigned long)
                0x00000000c00256f6                VAS::scanForEviction()
                0x00000000c0025b9e                mapVASFirstTime
 .text          0x00000000c0025e77       0x5f coreobjs/c++.32
                0x00000000c0025e77                __cxa_atexit
                0x00000000c0025e7a                __cxa_finalize
                0x00000000c0025e7b                __stack_chk_fail
                0x00000000c0025eb1                __cxa_pure_virtual
                0x00000000c0025ec2                operator new[](unsigned long)
                0x00000000c0025ec7                operator delete(void*, unsigned long)
                0x00000000c0025ecc                operator delete[](void*)
                0x00000000c0025ed1                operator delete[](void*, unsigned long)
 .text          0x00000000c0025ed6      0x623 dbg/kconsole.32
                0x00000000c0025ed6                Dbg::stringifyxWithBase(unsigned int, char*, int)
                0x00000000c00260f0                Dbg::logc(char)
                0x00000000c0026110                Dbg::logs(char*)
                0x00000000c002619f                Dbg::logWriteInt(unsigned int)
                0x00000000c00261bf                Dbg::logWriteIntBase(unsigned int, int)
                0x00000000c00261e2                Dbg::kprintf(char const*, ...)
 *fill*         0x00000000c00264f9        0x3 
 .text          0x00000000c00264fc      0x508 dbg/usban.32
                0x00000000c00264fc                KiUbsanPrintDetails(char const*, void*)
                0x00000000c002662c                __ubsan_handle_type_mismatch_v1
                0x00000000c0026904                __ubsan_handle_pointer_overflow
                0x00000000c0026930                __ubsan_handle_out_of_bounds
                0x00000000c002695c                __ubsan_handle_add_overflow
                0x00000000c0026974                __ubsan_handle_load_invalid_value
                0x00000000c002698c                __ubsan_handle_divrem_overflow
                0x00000000c00269a4                __ubsan_handle_mul_overflow
                0x00000000c00269bc                __ubsan_handle_sub_overflow
                0x00000000c00269d4                __ubsan_handle_shift_out_of_bounds
                0x00000000c00269ec                __ubsan_handle_negate_overflow
 .text          0x00000000c0026a04     0x7506 fs/vfs.32
                0x00000000c0026a04                File::isAtty()
                0x00000000c0026a08                Directory::isAtty()
                0x00000000c0026a0c                Filesystem::getlabel(LogicalDisk*, int, char*, unsigned int*)
                0x00000000c0026a12                Filesystem::setlabel(LogicalDisk*, int, char*)
                0x00000000c0026a18                Filesystem::allocateSwapfile(char const*, int)
                0x00000000c0026a1e                File::~File()
                0x00000000c0026a1e                File::~File()
                0x00000000c0026aee                File::~File()
                0x00000000c0026b18                Directory::~Directory()
                0x00000000c0026b18                Directory::~Directory()
                0x00000000c0026be8                Directory::~Directory()
                0x00000000c0026c12                Directory::write(unsigned long long, void*, int*)
                0x00000000c0026dc2                File::read(unsigned long long, void*, int*)
                0x00000000c0027218                File::write(unsigned long long, void*, int*)
                0x00000000c002766e                Directory::read(unsigned long long, void*, int*)
                0x00000000c0027ac4                Filesystem::Filesystem()
                0x00000000c0027ac4                Filesystem::Filesystem()
                0x00000000c0027b9c                Filesystem::~Filesystem()
                0x00000000c0027b9c                Filesystem::~Filesystem()
                0x00000000c0027c1a                Filesystem::~Filesystem()
                0x00000000c0027c41                Fs::getcwd(Process*, char*, int)
                0x00000000c0027d7c                Fs::initVFS()
                0x00000000c0027da6                Fs::standardiseFiles(char*, char const*, char const*)
                0x00000000c0028bfc                File::File(char const*, Process*)
                0x00000000c0028bfc                File::File(char const*, Process*)
                0x00000000c002918a                File::open(FileOpenMode)
                0x00000000c00295ee                File::close()
                0x00000000c0029a40                File::seek(unsigned long long)
                0x00000000c0029e76                File::tell(unsigned long long*)
                0x00000000c002a29a                File::rewind()
                0x00000000c002a2cc                File::unlink()
                0x00000000c002a6e0                File::rename(char const*)
                0x00000000c002aae4                File::chfatattr(unsigned char, unsigned char)
                0x00000000c002af06                File::exists()
                0x00000000c002b29a                File::stat(unsigned long long*, bool*)
                0x00000000c002b914                Fs::setcwd(Process*, char*)
                0x00000000c002becc                Directory::Directory(char const*, Process*)
                0x00000000c002becc                Directory::Directory(char const*, Process*)
                0x00000000c002c45a                Directory::open()
                0x00000000c002c8ce                Directory::close()
                0x00000000c002cd20                Directory::unlink()
                0x00000000c002d134                Directory::rename(char const*)
                0x00000000c002d538                Directory::exists()
                0x00000000c002d8cc                Directory::read(dirent*)
                0x00000000c002daf0                Directory::create()
                0x00000000c002df04                Filesystem::chfatattr(char const*, unsigned char, unsigned char)
 *fill*         0x00000000c002df0a        0x2 
 .text          0x00000000c002df0c      0x252 hal/bus.32
                0x00000000c002df0c                Bus::Bus(char const*)
                0x00000000c002df0c                Bus::Bus(char const*)
                0x00000000c002e050                Bus::~Bus()
                0x00000000c002e050                Bus::~Bus()
                0x00000000c002e134                Bus::~Bus()
 .text          0x00000000c002e15e       0xee hal/buzzer.32
                0x00000000c002e15e                beepThread(void*)
                0x00000000c002e1ca                Krnl::beep(int, int, bool)
 .text          0x00000000c002e24c      0xad8 hal/clock.32
                0x00000000c002e24c                User::loadClockSettings(int)
                0x00000000c002e338                Clock::Clock(char const*)
                0x00000000c002e338                Clock::Clock(char const*)
                0x00000000c002e462                Clock::~Clock()
                0x00000000c002e462                Clock::~Clock()
                0x00000000c002e532                Clock::~Clock()
                0x00000000c002e55c                Clock::timeInSecondsLocal()
                0x00000000c002e6ac                Clock::setTimeInSecondsLocal(unsigned long long)
                0x00000000c002e7f5                datetimeToSeconds(datetime_t)
                0x00000000c002e9ee                Clock::setTimeInDatetimeLocal(datetime_t)
                0x00000000c002eb6e                secondsToDatetime(unsigned long long)
                0x00000000c002ece2                Clock::timeInDatetimeLocal()
 .text          0x00000000c002ed24     0x167b hal/device.32
                0x00000000c002ed24                Device::hibernate()
                0x00000000c002ed26                Device::wake()
                0x00000000c002ed28                Device::detect()
                0x00000000c002ed2a                Device::disableLegacy()
                0x00000000c002ed2c                Device::powerSaving(PowerSavingLevel)
                0x00000000c002ed2e                DriverlessDevice::close(int, int, void*)
                0x00000000c002ed32                DriverlessDevice::detect()
                0x00000000c002ed34                DriverlessDevice::open(int, int, void*)
                0x00000000c002ed48                Device::~Device()
                0x00000000c002ed48                Device::~Device()
                0x00000000c002edc6                Device::~Device()
                0x00000000c002edf0                Device::findAndLoadDriver()
                0x00000000c002edfe                Device::preOpenPCI(PCIDeviceInfo)
                0x00000000c002ee98                Device::preOpenACPI(void*, char*, char*)
                0x00000000c002efaa                Device::addIRQHandler(int, void (*)(regs*, void*), bool, void*)
                0x00000000c002efd4                Device::getParent()
                0x00000000c002f01e                Device::removeIRQHandler(int, void (*)(regs*, void*), bool)
                0x00000000c002f03c                Device::addChild(Device*)
                0x00000000c002f1d8                Device::removeAllChildren()
                0x00000000c002f39c                Device::hibernateAll()
                0x00000000c002f4f0                Device::wakeAll()
                0x00000000c002f644                Device::detectAll()
                0x00000000c002f798                Device::disableLegacyAll()
                0x00000000c002f79a                Device::loadDriversForAll()
                0x00000000c002f79c                Device::closeAll()
                0x00000000c002f8f4                Device::powerSavingAll(PowerSavingLevel)
                0x00000000c002fa54                Device::setName(char const*)
                0x00000000c002faa6                Device::Device(char const*)
                0x00000000c002faa6                Device::Device(char const*)
                0x00000000c0030096                Device::getName()
                0x00000000c00300da                DriverlessDevice::DriverlessDevice(char const*)
                0x00000000c00300da                DriverlessDevice::DriverlessDevice(char const*)
                0x00000000c0030204                Device::addToLinkedList(LinkedList<Device>&, DeviceType)
                0x00000000c003033f                getDevicesOfType(DeviceType)
 *fill*         0x00000000c003039f        0x1 
 .text          0x00000000c00303a0      0x252 hal/diskctrl.32
                0x00000000c00303a0                HardDiskController::HardDiskController(char const*)
                0x00000000c00303a0                HardDiskController::HardDiskController(char const*)
                0x00000000c00304e4                HardDiskController::~HardDiskController()
                0x00000000c00304e4                HardDiskController::~HardDiskController()
                0x00000000c00305c8                HardDiskController::~HardDiskController()
 .text          0x00000000c00305f2      0x3f8 hal/diskphys.32
                0x00000000c00305f2                PhysicalDisk::eject()
                0x00000000c00305f6                PhysicalDisk::PhysicalDisk(char const*, int)
                0x00000000c00305f6                PhysicalDisk::PhysicalDisk(char const*, int)
                0x00000000c0030876                PhysicalDisk::startCache()
                0x00000000c00308f0                PhysicalDisk::~PhysicalDisk()
                0x00000000c00308f0                PhysicalDisk::~PhysicalDisk()
                0x00000000c00309c0                PhysicalDisk::~PhysicalDisk()
 .text          0x00000000c00309ea        0x0 hal/fpu.32
 .text          0x00000000c00309ea     0x1907 hal/intctrl.32
                0x00000000c00309ea                int_handler
                0x00000000c0030dfe                installISRHandler(int, void (*)(regs*, void*), void*)
                0x00000000c00310bb                installIRQHandler(int, void (*)(regs*, void*), bool, void*)
                0x00000000c0031864                uninstallISRHandler(int, void (*)(regs*, void*))
                0x00000000c0031b63                uninstallIRQHandler(int, void (*)(regs*, void*), bool)
                0x00000000c0031f95                setupINTS()
                0x00000000c00321be                convertLegacyIRQNumber(int)
 *fill*         0x00000000c00322f1        0x1 
 .text          0x00000000c00322f2     0x12a0 hal/keybrd.32
                0x00000000c00322f2                startGUI(void*)
                0x00000000c0032379                startGUIVESA(void*)
                0x00000000c0032400                sendKeyToTerminal(unsigned char)
                0x00000000c003259b                sendKeyboardToken(KeyboardToken)
                0x00000000c0032dc8                clearInternalKeybuffer(VgaText*)
                0x00000000c0032e90                readKeyboard(VgaText*, char*, unsigned long)
                0x00000000c0033366                Keyboard::Keyboard(char const*)
                0x00000000c0033366                Keyboard::Keyboard(char const*)
                0x00000000c0033498                Keyboard::~Keyboard()
                0x00000000c0033498                Keyboard::~Keyboard()
                0x00000000c0033568                Keyboard::~Keyboard()
 .text          0x00000000c0033592      0xf99 hal/logidisk.32
                0x00000000c0033592                LogicalDisk::close(int, int, void*)
                0x00000000c0033596                LogicalDisk::~LogicalDisk()
                0x00000000c0033596                LogicalDisk::~LogicalDisk()
                0x00000000c0033666                LogicalDisk::~LogicalDisk()
                0x00000000c0033690                LogicalDisk::open(int, int, void*)
                0x00000000c00336a4                LogicalDisk::absoluteToRelative(unsigned long long)
                0x00000000c003377a                LogicalDisk::relativeToAbsolute(unsigned long long)
                0x00000000c003380c                LogicalDisk::LogicalDisk(char const*, PhysicalDisk*, unsigned long long, unsigned long long)
                0x00000000c003380c                LogicalDisk::LogicalDisk(char const*, PhysicalDisk*, unsigned long long, unsigned long long)
                0x00000000c0033bc0                LogicalDisk::assignDriveLetter()
                0x00000000c0033e24                LogicalDisk::mount()
                0x00000000c0033f8a                LogicalDisk::unmount()
                0x00000000c0033fd8                LogicalDisk::eject()
                0x00000000c0034090                LogicalDisk::unassignDriveLetter()
                0x00000000c0034218                LogicalDisk::read(unsigned long long, int, void*)
                0x00000000c00343a2                LogicalDisk::write(unsigned long long, int, void*)
 *fill*         0x00000000c003452b        0x1 
 .text          0x00000000c003452c      0x252 hal/mouse.32
                0x00000000c003452c                Mouse::Mouse(char const*)
                0x00000000c003452c                Mouse::Mouse(char const*)
                0x00000000c0034670                Mouse::~Mouse()
                0x00000000c0034670                Mouse::~Mouse()
                0x00000000c0034754                Mouse::~Mouse()
 .text          0x00000000c003477e      0x230 hal/nic.32
                0x00000000c003477e                NIC::getMAC()
                0x00000000c0034784                NIC::write(int, unsigned char*, int*)
                0x00000000c003478a                NIC::NIC(char const*)
                0x00000000c003478a                NIC::NIC(char const*)
                0x00000000c00348b4                NIC::~NIC()
                0x00000000c00348b4                NIC::~NIC()
                0x00000000c0034984                NIC::~NIC()
 .text          0x00000000c00349ae      0xe6c hal/partition.32
                0x00000000c00349ae                makePartition(PhysicalDisk*, unsigned long long, unsigned long long)
                0x00000000c0034b18                createPartitionsForDisk(PhysicalDisk*)
 *fill*         0x00000000c003581a        0x2 
 .text          0x00000000c003581c      0x252 hal/serial.32
                0x00000000c003581c                Serial::Serial(char const*)
                0x00000000c003581c                Serial::Serial(char const*)
                0x00000000c0035960                Serial::~Serial()
                0x00000000c0035960                Serial::~Serial()
                0x00000000c0035a44                Serial::~Serial()
 *fill*         0x00000000c0035a6e        0x2 
 .text          0x00000000c0035a70      0x7a4 hal/timer.32
                0x00000000c0035a70                Timer::Timer(char const*)
                0x00000000c0035a70                Timer::Timer(char const*)
                0x00000000c0035bb4                Timer::~Timer()
                0x00000000c0035bb4                Timer::~Timer()
                0x00000000c0035c98                Timer::~Timer()
                0x00000000c0035cc2                Timer::read()
                0x00000000c0035d0f                setupTimer(int)
                0x00000000c0035dfd                timerHandler(unsigned int)
 .text          0x00000000c0036214     0x1a4c hal/vcache.32
                0x00000000c0036214                VCache::VCache(PhysicalDisk*)
                0x00000000c0036214                VCache::VCache(PhysicalDisk*)
                0x00000000c0036bba                VCache::invalidateReadBuffer()
                0x00000000c0036c56                VCache::writeWriteBuffer()
                0x00000000c0036e58                VCache::~VCache()
                0x00000000c0036e58                VCache::~VCache()
                0x00000000c0037034                VCache::~VCache()
                0x00000000c003705c                VCache::write(unsigned long long, int, void*)
                0x00000000c003762a                VCache::read(unsigned long long, int, void*)
 .text          0x00000000c0037c60     0x123e hal/video.32
                0x00000000c0037c60                Video::putpixel(int, int, unsigned int)
                0x00000000c0037c6e                Video::readPixelApprox(int, int)
                0x00000000c0037c82                Video::putrect(int, int, int, int, unsigned int)
                0x00000000c0037daa                Video::bitblit(int, int, int, int, int, int, int, unsigned int*)
                0x00000000c0037fba                Video::blit(unsigned int*, int, int, int, int)
                0x00000000c00381c0                Video::clearScreen(unsigned int)
                0x00000000c00382f6                Video::Video(char const*)
                0x00000000c00382f6                Video::Video(char const*)
                0x00000000c0038420                Video::~Video()
                0x00000000c0038420                Video::~Video()
                0x00000000c00384f0                Video::~Video()
                0x00000000c003851a                Video::isMonochrome()
                0x00000000c0038564                Video::getWidth()
                0x00000000c00385ae                Video::getHeight()
                0x00000000c00385f8                Video::drawCursor(int, int, unsigned int*, int)
                0x00000000c00388a6                Video::tgaParse(unsigned char*, int, int*, int*)
                0x00000000c0038cf0                Video::putTGA(int, int, unsigned char*, int)
 *fill*         0x00000000c0038e9e        0x2 
 .text          0x00000000c0038ea0     0x3d8f hw/acpi.32
                0x00000000c0038ea0                ACPI::close(int, int, void*)
                0x00000000c0038f54                findRSDP()
                0x00000000c00390a8                loadACPITables(unsigned char*)
                0x00000000c0039970                findRSDT(unsigned char*)
                0x00000000c0039b58                findDataTable(unsigned char*, char*)
                0x00000000c0039d64                scanMADT()
                0x00000000c003b29c                ACPI::ACPI()
                0x00000000c003b29c                ACPI::ACPI()
                0x00000000c003b4a0                ACPI::getPCIIRQAssignment(unsigned char, unsigned short, unsigned char)
                0x00000000c003b874                ACPI::registerPCIIRQAssignment(void*, unsigned short, unsigned char, unsigned char)
                0x00000000c003bda8                ACPI::setScreenBrightnessLevel(void*, int)
                0x00000000c003bdb0                ACPI::detectPCI()
                0x00000000c003c2e8                ACPI::writeSimpleBootFlag(SimpleBootFlagTable*)
                0x00000000c003c3bc                ACPI::sleep()
                0x00000000c003c3d8                ACPI::open(int, int, void*)
 *fill*         0x00000000c003cc2f        0x1 
 .text          0x00000000c003cc30     0x2198 hw/cpu.32
                0x00000000c003cc30                CPU::close(int, int, void*)
                0x00000000c003cc34                CPU::AMD_K6_write_msr(unsigned int, unsigned int, unsigned int, CPU::REGS*)
                0x00000000c003cc50                CPU::AMD_K6_read_msr(unsigned int, CPU::REGS*)
                0x00000000c003cc68                CPU::AMD_K6_writeback(int, int, int)
                0x00000000c003ccdc                CPU::cpuid(int, unsigned long*, unsigned long*, unsigned long*, unsigned long*)
                0x00000000c003ce5a                CPU::cpuidCheckEDX(unsigned int)
                0x00000000c003ce88                CPU::cpuidCheckECX(unsigned int)
                0x00000000c003ceb6                CPU::cpuidCheckExtendedEBX(unsigned int)
                0x00000000c003cee4                CPU::cpuidCheckExtendedECX(unsigned int)
                0x00000000c003cf12                CPU::CPU()
                0x00000000c003cf12                CPU::CPU()
                0x00000000c003d260                CPU::displayFeatures()
                0x00000000c003d262                CPU::detectFeatures()
                0x00000000c003e5c4                CPU::setupSMEP()
                0x00000000c003e5d0                CPU::setupUMIP()
                0x00000000c003e5da                CPU::setupTSC()
                0x00000000c003e5e4                CPU::setupLargePages()
                0x00000000c003e5ee                CPU::setupPAT()
                0x00000000c003e69e                CPU::setupMTRR()
                0x00000000c003e6a0                CPU::setupGlobalPages()
                0x00000000c003e6aa                CPU::allowUsermodeDataAccess()
                0x00000000c003e6fa                CPU::prohibitUsermodeDataAccess()
                0x00000000c003e74a                CPU::setupSMAP()
                0x00000000c003e784                CPU::setupFeatures()
                0x00000000c003ea1c                CPU::open(int, int, void*)
 .text          0x00000000c003edc8      0x501 krnl/bootmsg.32
                0x00000000c003edc8                KeDisplaySplashScreen()
                0x00000000c003f15b                KeSetBootMessage(char const*)
 *fill*         0x00000000c003f2c9        0x1 
 .text          0x00000000c003f2ca     0x175a krnl/env.32
                0x00000000c003f2ca                EnvVarContainer::getEnv(char const*)
                0x00000000c003f422                EnvVarContainer::setEnv(char const*, char const*)
                0x00000000c003f5ea                EnvVarContainer::deleteEnv(char const*)
                0x00000000c003f5ec                EnvVarContainer::loadFrom(char const*, char const*)
                0x00000000c003fc12                EnvVarContainer::__loadSystem()
                0x00000000c003fc4a                EnvVarContainer::__loadUser()
                0x00000000c003fc4c                EnvVarContainer::EnvVarContainer(Process*)
                0x00000000c003fc4c                EnvVarContainer::EnvVarContainer(Process*)
                0x00000000c003fd42                EnvVarContainer::~EnvVarContainer()
                0x00000000c003fd42                EnvVarContainer::~EnvVarContainer()
                0x00000000c003fe44                Krnl::getEnv(Process*, char const*)
                0x00000000c003ff24                Krnl::setEnvSystem(char const*, char const*)
                0x00000000c003ff5b                Krnl::setEnvUser(char const*, char const*)
                0x00000000c003ff95                Krnl::setEnvProcess(Process*, char const*, char const*)
                0x00000000c004000a                Krnl::deleteEnvSystem(char const*)
                0x00000000c004002a                Krnl::deleteEnvUser(char const*)
                0x00000000c004004a                Krnl::deleteEnvProcess(Process*, char const*)
                0x00000000c00400a8                Krnl::newProcessEnv(Process*)
                0x00000000c00400e3                Krnl::copyProcessEnv(Process*, Process*)
                0x00000000c004027c                Krnl::loadSystemEnv()
                0x00000000c00402e2                Krnl::loadUserEnv()
                0x00000000c004033f                Krnl::flushEnv()
                0x00000000c0040340                Krnl::getProcessTotalEnvCount(Process*)
                0x00000000c00404b5                Krnl::getProcessEnvPair(Process*, int)
 .text          0x00000000c0040a24      0x193 krnl/inlines.32
                0x00000000c0040a24                CPU::current()
                0x00000000c0040a70                operator new(unsigned long)
                0x00000000c0040a75                operator delete(void*)
                0x00000000c0040a7a                disableIRQs()
                0x00000000c0040a7c                enableIRQs()
                0x00000000c0040a7e                lockScheduler()
                0x00000000c0040aab                unlockScheduler()
                0x00000000c0040adc                lockStuff()
                0x00000000c0040b2c                unlockStuff()
                0x00000000c0040b9c                Virt::getAKernelVAS()
                0x00000000c0040ba2                __not_memcpy
 .text          0x00000000c0040bb7        0xc krnl/panic.32
                0x00000000c0040bb7                KePanic(char const*)
 .text          0x00000000c0040bc3      0x1fd krnl/powctrl.32
                0x00000000c0040bc3                Krnl::powerThread(void*)
                0x00000000c0040c28                Krnl::changePowerSettings(Krnl::PowerSettings)
                0x00000000c0040c3e                Krnl::userIOReceived()
                0x00000000c0040c49                Krnl::handlePowerButton()
                0x00000000c0040cb4                Krnl::handleSleepButton()
                0x00000000c0040d1f                Krnl::setupPowerManager()
 .text          0x00000000c0040dc0       0x9d krnl/random.32
                0x00000000c0040dc0                KeRand()
                0x00000000c0040e02                KeSeedRand(unsigned int)
                0x00000000c0040e2b                KeInitRand()
 *fill*         0x00000000c0040e5d        0x3 
 .text          0x00000000c0040e60      0x1bc krnl/resolve.32
                0x00000000c0040e60                KeResolveCompatibilitySymbol(char*)
 .text          0x00000000c004101c      0xde7 krnl/signal.32
                0x00000000c004101c                KiSigKill(int)
                0x00000000c0041030                KiDefaultSignalHandlerIgnore(int)
                0x00000000c0041031                KiDefaultSignalHandlerPause(int)
                0x00000000c004105d                KiDefaultSignalHandlerResume(int)
                0x00000000c0041089                KeDeinitSignals(SigHandlerBlock*)
                0x00000000c004108e                KeInitSignals()
                0x00000000c004117a                KeRegisterSignalHandler(SigHandlerBlock*, int, void (*)(int), unsigned int, int)
                0x00000000c00412f1                KeRaiseSignal(SigHandlerBlock*, int)
                0x00000000c004147e                KeCheckSignal(SigHandlerBlock*, int*)
                0x00000000c0041a7a                KiCheckSignalZ
                0x00000000c0041bda                KeCompleteSignal(SigHandlerBlock*, int)
                0x00000000c0041cdb                KiFinishSignalZ
 .text          0x00000000c0041e03     0x4829 krnl/syscalls.32
                0x00000000c0041e03                SysSeekDir(regs*)
                0x00000000c0041e08                SysTellDir(regs*)
                0x00000000c0041e0d                SysTTYName(regs*)
                0x00000000c0041e15                SysNotImpl(regs*)
                0x00000000c0041e30                SysVerify(regs*)
                0x00000000c0041e77                SysGetArgc(regs*)
                0x00000000c0041efc                SysFormatDisk(regs*)
                0x00000000c0042230                SysSetDiskVolumeLabel(regs*)
                0x00000000c00428fe                SysGetDiskVolumeLabel(regs*)
                0x00000000c004301e                SysShutdown(regs*)
                0x00000000c0043239                SysRealpath(regs*)
                0x00000000c00433d1                SysReadDir(regs*)
                0x00000000c0043600                SysIsATTY(regs*)
                0x00000000c00437f9                SysSeek(regs*)
                0x00000000c004396f                SysTell(regs*)
                0x00000000c0043b6d                SysSize(regs*)
                0x00000000c0043d70                SysClose(regs*)
                0x00000000c0043f4f                SysCloseDir(regs*)
                0x00000000c00440ca                SysWait(regs*)
                0x00000000c004415c                SysPanic(regs*)
                0x00000000c00441b1                SysGetArgv(regs*)
                0x00000000c004446a                SysUSleep(regs*)
                0x00000000c0044506                SysGetEnv(regs*)
                0x00000000c004470e                SysGetUnixTime(regs*)
                0x00000000c0044781                SysSizeFromFilename(regs*)
                0x00000000c0044a94                SysOpenDir(regs*)
                0x00000000c0044cbe                SysMakeDir(regs*)
                0x00000000c0044e76                SysRmdir(regs*)
                0x00000000c0045031                SysUnlink(regs*)
                0x00000000c00451ec                SysSetFatAttrib(regs*)
                0x00000000c0045437                SysPipe(regs*)
                0x00000000c00455f4                SysSpawn(regs*)
                0x00000000c00457d5                string_ends_with(char const*, char const*)
                0x00000000c004585b                SysOpen(regs*)
                0x00000000c0046482                KeSystemCall(regs*, void*)
 .text          0x00000000c004662c      0x2cd net/ethernet.32
                0x00000000c004662c                KeSwitchEndian16(unsigned short)
                0x00000000c0046680                KeSwitchEndian32(unsigned int)
                0x00000000c00466b4                EthernetCRC32(unsigned char*, int)
                0x00000000c0046800                EthernetReceivedPacket(EthernetUnwrappedFrame*, unsigned short)
 .text          0x00000000c00468f9     0x238f reg/cm.32
                0x00000000c00468f9                CmOpen(char const*)
                0x00000000c0046c98                CmClose(Reghive_Tag*)
                0x00000000c0046d09                CmReadExtent(Reghive_Tag*, int, unsigned char*)
                0x00000000c0046e24                CmGetString(Reghive_Tag*, int, char*)
                0x00000000c0046fb9                CmEnterDirectory(Reghive_Tag*, int)
                0x00000000c0046ff8                CmGetNext(Reghive_Tag*, int)
                0x00000000c004702a                CmWriteExtent(Reghive_Tag*, int, unsigned char*)
                0x00000000c0047145                CmFreeExtent(Reghive_Tag*, int)
                0x00000000c004716d                CmUpdateHeader(Reghive_Tag*)
                0x00000000c00471dd                CmExpand(Reghive_Tag*, int)
                0x00000000c004735a                CmFindUnusedExtent(Reghive_Tag*)
                0x00000000c004750b                CmCreateExtent(Reghive_Tag*, int, int, unsigned char*)
                0x00000000c00475ff                CmSetString(Reghive_Tag*, int, char const*)
                0x00000000c0047acb                CmGetMatch(char*, char*, bool, bool*)
                0x00000000c0047bbf                CmAddShift(unsigned int*, int*, unsigned char, int)
                0x00000000c0047cb9                CmGetShift(unsigned int*, int*, int, bool*)
                0x00000000c0047e05                CmGetInteger(Reghive_Tag*, int, unsigned long long*)
                0x00000000c0047e51                CmSetInteger(Reghive_Tag*, int, unsigned long long)
                0x00000000c0047e91                CmConvertFromInternalFilename(unsigned char const*, char*)
                0x00000000c00480ca                CmGetNameAndTypeFromExtent(Reghive_Tag*, int, char*)
                0x00000000c00480f8                CmConvertToInternalFilename(char const*, unsigned char*)
                0x00000000c00486a3                CmCreateString(Reghive_Tag*, int, char const*)
                0x00000000c00486f0                CmFindInDirectory(Reghive_Tag*, int, char const*)
                0x00000000c004876a                CmCreateInteger(Reghive_Tag*, int, char const*, unsigned long long, int)
                0x00000000c00487bd                CmCreateDirectory(Reghive_Tag*, int, char const*)
                0x00000000c0048881                zStrtok(char*, char const*)
                0x00000000c0048a62                CmFindObjectFromPath(Reghive_Tag*, char const*)
                0x00000000c0048ae3                CmDisplayTree(Reghive_Tag*, int, int)
                0x00000000c0048bbe                CmSplitFinalSlashInPlace(char*)
 .text          0x00000000c0048c88     0x1267 reg/registry.32
                0x00000000c0048c88                Reg::findLineFromLoadedData(char*, char*, char*)
                0x00000000c00490b9                Reg::getLineFromRegistry(char*, char*, char*, char*)
                0x00000000c004945e                Reg::getLine(char*, char*, char*)
                0x00000000c0049495                Reg::readInt(char*, char*, int*)
                0x00000000c0049b55                Reg::readString(char*, char*, char*, int)
                0x00000000c0049dd9                Reg::readBool(char*, char*, bool*)
                0x00000000c0049e24                Reg::readBoolWithDefault(char*, char*, bool)
                0x00000000c0049e6b                Reg::readIntWithDefault(char*, char*, int)
                0x00000000c0049e97                Reg::readStringWithDefault(char*, char*, char*, int, char*)
 .text          0x00000000c0049eef      0x172 sys/eject.32
                0x00000000c0049eef                SysEject(regs*)
 .text          0x00000000c004a061       0x4e sys/exit.32
                0x00000000c004a061                SysExit(regs*)
 .text          0x00000000c004a0af       0x9d sys/getcwd.32
                0x00000000c004a0af                SysGetCwd(regs*)
 .text          0x00000000c004a14c       0x57 sys/getpid.32
                0x00000000c004a14c                SysGetPID(regs*)
 .text          0x00000000c004a1a3       0x86 sys/getramdata.32
                0x00000000c004a1a3                SysGetRAMData(regs*)
 .text          0x00000000c004a229      0x23f sys/getvgaptr.32
                0x00000000c004a229                SysGetVGAPtr(regs*)
 .text          0x00000000c004a468      0x330 sys/kill.32
                0x00000000c004a468                SysKill(regs*)
 .text          0x00000000c004a798      0x21f sys/loaddll.32
                0x00000000c004a798                SysLoadDLL(regs*)
 .text          0x00000000c004a9b7      0x1e6 sys/read.32
                0x00000000c004a9b7                SysRead(regs*)
 .text          0x00000000c004ab9d       0xdc sys/registersignal.32
                0x00000000c004ab9d                SysRegisterSignal(regs*)
 .text          0x00000000c004ac79      0x4e1 sys/registry.32
                0x00000000c004ac79                SysRegistryGetTypeFromPath(regs*)
                0x00000000c004ad70                SysRegistryReadExtent(regs*)
                0x00000000c004ae6e                SysRegistryPathToExtentLookup(regs*)
                0x00000000c004aeff                SysRegistryEnterDirectory(regs*)
                0x00000000c004af90                SysRegistryGetNext(regs*)
                0x00000000c004b021                SysRegistryGetNameAndTypeFromExtent(regs*)
                0x00000000c004b0c3                SysRegistryOpen(regs*)
                0x00000000c004b10d                SysRegistryClose(regs*)
 .text          0x00000000c004b15a      0x18c sys/sbrk.32
                0x00000000c004b15a                SysSbrk(regs*)
 .text          0x00000000c004b2e6       0x80 sys/setcwd.32
                0x00000000c004b2e6                SysSetCwd(regs*)
 .text          0x00000000c004b366      0x206 sys/settime.32
                0x00000000c004b366                SysSetTime(regs*)
 .text          0x00000000c004b56c       0x99 sys/timezone.32
                0x00000000c004b56c                SysTimezone(regs*)
 .text          0x00000000c004b605      0x1e6 sys/write.32
                0x00000000c004b605                SysWrite(regs*)
 .text          0x00000000c004b7eb      0x166 sys/wsbe.32
                0x00000000c004b7eb                SysWsbe(regs*)
 .text          0x00000000c004b951       0x5e sys/yield.32
                0x00000000c004b951                SysYield(regs*)
 .text          0x00000000c004b9af     0x425b thr/elf.32
                0x00000000c004b9af                Thr::allocateMemoryForTask(Process*, File*, unsigned long, unsigned long, unsigned long)
                0x00000000c004c08d                Thr::loadProgramIntoMemory(Process*, char const*)
                0x00000000c004c8f2                Thr::runtimeReferenceHelper()
                0x00000000c004c905                Thr::getAddressOfKernelSymbol(char const*)
                0x00000000c004cba6                Thr::loadKernelSymbolTable(char const*)
                0x00000000c004d630                Thr::loadDriverIntoMemory(char const*, unsigned long, bool)
                0x00000000c004f23e                Thr::getDriverBaseFromAddress(unsigned long)
                0x00000000c004f449                Thr::getDriverNameFromAddress(unsigned long)
                0x00000000c004f64f                Thr::getDriverOffsetFromAddress(unsigned long)
                0x00000000c004f671                Thr::loadDLL(char const*, bool)
                0x00000000c004fbd1                Thr::executeDLL(unsigned long, void*)
 *fill*         0x00000000c004fc0a        0x2 
 .text          0x00000000c004fc0c     0x4ced thr/prcssthr.32
                0x00000000c004fc0c                userModeEntryPoint(void*)
                0x00000000c004fcd4                changeTSS
                0x00000000c004fe10                switchToThread(ThreadControlBlock*)
                0x00000000c004fffc                Process::addArgs(char**)
                0x00000000c0050408                Process::Process(char const*, Process*, char**)
                0x00000000c0050408                Process::Process(char const*, Process*, char**)
                0x00000000c0050c74                Process::Process(bool, char const*, Process*, char**)
                0x00000000c0050c74                Process::Process(bool, char const*, Process*, char**)
                0x00000000c0051468                taskStartupFunction
                0x00000000c00514b0                Semaphore::Semaphore(int)
                0x00000000c00514b0                Semaphore::Semaphore(int)
                0x00000000c0051618                Mutex::Mutex()
                0x00000000c0051618                Mutex::Mutex()
                0x00000000c00516a8                Process::createThread(void (*)(void*), void*, int)
                0x00000000c0051d30                Process::createUserThread()
                0x00000000c0051d68                setupMultitasking(void (*)())
                0x00000000c0051f84                schedule()
                0x00000000c0052090                Semaphore::tryAcquire()
                0x00000000c0052338                Semaphore::assertLocked(char const*)
                0x00000000c00524ac                blockTaskWithSchedulerLockAlreadyHeld(TaskState)
                0x00000000c005252c                blockTask(TaskState)
                0x00000000c00525d8                waitTask(int, int*, int)
                0x00000000c0052780                milliTenthSleepUntil(unsigned int)
                0x00000000c00528f0                milliTenthSleep(unsigned int)
                0x00000000c0052904                sleep(unsigned int)
                0x00000000c0052920                Semaphore::acquire()
                0x00000000c0052cb0                taskReturned
                0x00000000c0052d38                Thr::processFromPID(int)
                0x00000000c0052ebc                unblockTask(ThreadControlBlock*)
                0x00000000c0053010                cleanupTerminatedTask(ThreadControlBlock*)
                0x00000000c005404c                cleanerTaskFunction(void*)
                0x00000000c00542a8                terminateTask(int)
                0x00000000c0054590                Thr::terminateFromIRQ(int)
                0x00000000c00545a0                Semaphore::release()
 .text          0x00000000c00548f9     0x2e23 vm86/vm8086.32
                0x00000000c00548f9                Vm::inbv(unsigned short)
                0x00000000c005490c                Vm::outbv(unsigned short, unsigned char)
                0x00000000c00549d3                Vm::realToLinear(unsigned short, unsigned short)
                0x00000000c00549e3                Vm::getSegment(unsigned int)
                0x00000000c00549eb                Vm::getOffset(unsigned int)
                0x00000000c00549f0                Vm::mainloop2()
                0x00000000c0054a7d                Vm::mainVm8086Loop(void*)
                0x00000000c0054ab2                Vm::mainloop3(unsigned long)
                0x00000000c0054afe                Vm::initialise8086()
                0x00000000c0054ba8                Vm::finish8086()
                0x00000000c0054c6d                Vm::getOutput8086(unsigned char*)
                0x00000000c0054c92                Vm::start8086FromBuffer(unsigned char*, int, unsigned short, unsigned short, unsigned short, unsigned short)
                0x00000000c0054e53                Vm::start8086(char const*, unsigned short, unsigned short, unsigned short, unsigned short)
                0x00000000c005522d                Vm::doISR(regs*, int, unsigned char*, unsigned short, unsigned short)
                0x00000000c0055516                Vm::readByteFromReal(unsigned short, unsigned short)
                0x00000000c0055543                Vm::readWordFromReal(unsigned short, unsigned short)
                0x00000000c0055575                Vm::readDwordFromReal(unsigned short, unsigned short)
                0x00000000c00555a6                Vm::writeByteFromReal(unsigned short, unsigned short, unsigned char)
                0x00000000c00555d7                Vm::writeWordFromReal(unsigned short, unsigned short, unsigned short)
                0x00000000c005560b                Vm::writeDwordFromReal(unsigned short, unsigned short, unsigned int)
                0x00000000c0055640                Vm::faultHandler(regs*)
 .text          0x00000000c005771c     0x20ed arch/i386/hal.32
                0x00000000c005771c                noCopro(unsigned long)
                0x00000000c005771d                nmiHandler(regs*, void*)
                0x00000000c0057757                doubleFault(regs*, void*)
                0x00000000c0057770                displayDebugInfo(regs*)
                0x00000000c0058735                HalSystemIdle()
                0x00000000c0058876                displayProgramFault(char const*)
                0x00000000c00589f6                gpFault(regs*, void*)
                0x00000000c0058a5d                pgFault(regs*, void*)
                0x00000000c0058bd2                otherISRHandler(regs*, void*)
                0x00000000c0058c06                opcodeFault(regs*, void*)
                0x00000000c0058ddd                i386SaveCoprocessor(void*)
                0x00000000c0058df1                i386LoadCoprocessor(void*)
                0x00000000c0058e05                x87EmulHandler(regs*, void*)
                0x00000000c0058f4a                HalInitialiseCoprocessor()
                0x00000000c0059053                HalPanic(char const*)
                0x00000000c00592d6                HalQueryPerformanceCounter()
                0x00000000c0059368                HalInitialise()
                0x00000000c005973a                HalMakeBeep(int)
                0x00000000c0059774                HalGetRand()
                0x00000000c0059777                HalEndOfInterrupt(int)
                0x00000000c0059806                HalRestart()
                0x00000000c0059807                HalShutdown()
                0x00000000c0059808                HalSleep()
 *fill*         0x00000000c0059809        0x3 
 .text          0x00000000c005980c      0x30c arch/i386/pic.32
                0x00000000c005980c                picIoWait()
                0x00000000c0059814                picDisable()
                0x00000000c0059848                picGetIRQReg(int)
                0x00000000c00598f0                picOpen()
                0x00000000c0059a74                picEOI(int)
 .text          0x00000000c0059b18      0xdd9 arch/i386/rtc.32
                0x00000000c0059b18                RTC::open(int, int, void*)
                0x00000000c0059b1c                RTC::close(int, int, void*)
                0x00000000c0059b20                RTC::~RTC()
                0x00000000c0059b20                RTC::~RTC()
                0x00000000c0059bf0                RTC::~RTC()
                0x00000000c0059c1a                RTC::timeInSecondsUTC()
                0x00000000c0059c6a                RTC::timeInDatetimeUTC()
                0x00000000c0059d00                RTC::setTimeInSecondsUTC(unsigned long long)
                0x00000000c0059dae                RTC::get_update_in_progress_flag()
                0x00000000c0059de6                RTC::completeRTCRefresh()
                0x00000000c005a2b4                RTC::setTimeInDatetimeUTC(datetime_t)
                0x00000000c005a590                rtcIRQHandler(regs*, void*)
                0x00000000c005a66e                RTC::RTC()
                0x00000000c005a66e                RTC::RTC()
 *fill*         0x00000000c005a8f1        0x3 
 .text          0x00000000c005a8f4      0x590 arch/i386/vga.32
                0x00000000c005a8f4                HalConsoleScroll(int, int)
                0x00000000c005aca0                HalConsoleWriteCharacter(char, int, int, int, int)
                0x00000000c005adfc                HalConsoleCursorUpdate(int, int)
 .text          0x00000000c005ae84     0x30f7 fs/fat/vfslink.32
                0x00000000c005ae84                FAT::getName()
                0x00000000c005ae8c                FAT::tell(void*, unsigned long long*)
                0x00000000c005af50                FAT::stat(void*, unsigned long long*)
                0x00000000c005b014                FAT::~FAT()
                0x00000000c005b014                FAT::~FAT()
                0x00000000c005b0f8                FAT::~FAT()
                0x00000000c005b120                FAT::getlabel(LogicalDisk*, int, char*, unsigned int*)
                0x00000000c005b4a4                FAT::setlabel(LogicalDisk*, int, char*)
                0x00000000c005b844                FAT::format(LogicalDisk*, int, char const*, int)
                0x00000000c005bd0c                FAT::tryMount(LogicalDisk*, int)
                0x00000000c005c1f4                FAT::allocateSwapfile(char const*, int)
                0x00000000c005c714                FAT::readDir(void*, unsigned long, void*, int*)
                0x00000000c005c8b4                FAT::read(void*, unsigned long, void*, int*)
                0x00000000c005c944                FAT::write(void*, unsigned long, void*, int*)
                0x00000000c005c9d4                FAT::close(void*)
                0x00000000c005ca28                FAT::closeDir(void*)
                0x00000000c005ca7c                FAT::seek(void*, unsigned long long)
                0x00000000c005cad4                fatWrapperReadDisk
                0x00000000c005cbdc                fatWrapperWriteDisk
                0x00000000c005cce4                fatWrapperIoctl
                0x00000000c005d264                FAT::FAT()
                0x00000000c005d264                FAT::FAT()
                0x00000000c005d42c                FAT::fixFilepath(char*)
                0x00000000c005d5c0                FAT::open(char const*, void**, FileOpenMode)
                0x00000000c005d7bc                FAT::openDir(char const*, void**)
                0x00000000c005d8f8                FAT::stat(char const*, unsigned long long*, bool*)
                0x00000000c005da74                FAT::unlink(char const*)
                0x00000000c005db24                FAT::chfatattr(char const*, unsigned char, unsigned char)
                0x00000000c005dd04                FAT::rename(char const*, char const*)
                0x00000000c005de2c                FAT::mkdir(char const*)
                0x00000000c005dedc                FAT::exists(char const*)
 *fill*         0x00000000c005df7b        0x1 
 .text          0x00000000c005df7c      0x198 fs/iso9660/helper.32
                0x00000000c005df7c                isoReadDiscSectorHelper
                0x00000000c005e0dc                iso_kprintf
                0x00000000c005e0f8                iso_kprintfd
 .text          0x00000000c005e114     0x14a6 fs/iso9660/vfslink.32
                0x00000000c005e114                ISO9660::format(LogicalDisk*, int, char const*, int)
                0x00000000c005e11a                ISO9660::getName()
                0x00000000c005e120                ISO9660::chfatattr(char const*, unsigned char, unsigned char)
                0x00000000c005e126                ISO9660::unlink(char const*)
                0x00000000c005e12c                ISO9660::write(void*, unsigned long, void*, int*)
                0x00000000c005e132                ISO9660::rename(char const*, char const*)
                0x00000000c005e138                ISO9660::mkdir(char const*)
                0x00000000c005e13e                ISO9660::~ISO9660()
                0x00000000c005e13e                ISO9660::~ISO9660()
                0x00000000c005e20e                ISO9660::~ISO9660()
                0x00000000c005e236                ISO9660::exists(char const*)
                0x00000000c005e24a                ISO9660::seek(void*, unsigned long long)
                0x00000000c005e28c                ISO9660::close(void*)
                0x00000000c005e2bc                ISO9660::closeDir(void*)
                0x00000000c005e348                ISO9660::read(void*, unsigned long, void*, int*)
                0x00000000c005e3aa                ISO9660::tell(void*, unsigned long long*)
                0x00000000c005e412                ISO9660::stat(void*, unsigned long long*)
                0x00000000c005e47e                ISO9660::readDir(void*, unsigned long, void*, int*)
                0x00000000c005e6d2                ISO9660::open(char const*, void**, FileOpenMode)
                0x00000000c005ea9a                ISO9660::stat(char const*, unsigned long long*, bool*)
                0x00000000c005eeda                ISO9660::openDir(char const*, void**)
                0x00000000c005f33e                readSectorFromCDROM(unsigned int, unsigned char*, char)
                0x00000000c005f45e                ISO9660::tryMount(LogicalDisk*, int)
                0x00000000c005f4e6                ISO9660::ISO9660()
                0x00000000c005f4e6                ISO9660::ISO9660()
 .text          0x00000000c005f5ba      0xb96 hal/sound/sndcard.32
                0x00000000c005f5ba                SoundCard::beginPlayback()
                0x00000000c005f5c8                SoundCard::stopPlayback()
                0x00000000c005f5d6                SoundCard::SoundCard(char const*)
                0x00000000c005f5d6                SoundCard::SoundCard(char const*)
                0x00000000c005f95e                SoundCard::~SoundCard()
                0x00000000c005f95e                SoundCard::~SoundCard()
                0x00000000c005fa2e                SoundCard::~SoundCard()
                0x00000000c005fa58                SoundCard::configureRates(int, int, int)
                0x00000000c005fb56                SoundCard::getSamples16(int, short*)
                0x00000000c005fcfe                SoundCard::getSamples32(int, int*)
                0x00000000c0060016                SoundCard::addChannel(SoundPort*)
                0x00000000c00600e0                SoundCard::removeChannel(int)
 .text          0x00000000c0060150     0x1c81 hal/sound/sndport.32
                0x00000000c0060150                SoundPort::SoundPort(int, int, int, int)
                0x00000000c0060150                SoundPort::SoundPort(int, int, int, int)
                0x00000000c00604ec                SoundPort::~SoundPort()
                0x00000000c00604ec                SoundPort::~SoundPort()
                0x00000000c0060634                SoundPort::unpause()
                0x00000000c0060684                SoundPort::pause()
                0x00000000c00606d4                SoundPort::getBufferUsed()
                0x00000000c0060720                SoundPort::getBufferSize()
                0x00000000c006076c                SoundPort::buffer16(short*, int)
                0x00000000c0060cdc                SoundPort::buffer32(int*, int)
                0x00000000c006123c                SoundPort::unbufferAndAdd16(int, short*, SoundCard*)
                0x00000000c0061794                SoundPort::unbufferAndAdd32(int, int*, SoundCard*)
 .text          0x00000000c0061dd1        0x0 hw/bus/isa.32
 *fill*         0x00000000c0061dd1        0x1 
 .text          0x00000000c0061dd2     0x243f hw/bus/pci.32
                0x00000000c0061dd2                PCI::close(int, int, void*)
                0x00000000c0061dd6                PCI::open(int, int, void*)
                0x00000000c0061e96                PCI::PCI()
                0x00000000c0061e96                PCI::PCI()
                0x00000000c0062268                PCI::readBAR8(unsigned int, int)
                0x00000000c00622a2                PCI::readBAR16(unsigned int, int)
                0x00000000c00622e2                PCI::readBAR32(unsigned int, int)
                0x00000000c0062320                PCI::writeBAR8(unsigned int, unsigned char, int)
                0x00000000c0062364                PCI::writeBAR16(unsigned int, unsigned short, int)
                0x00000000c00623a6                PCI::writeBAR32(unsigned int, unsigned int, int)
                0x00000000c00623ea                PCI::legacyMechanism(unsigned char, unsigned char, unsigned char, unsigned char)
                0x00000000c0062460                PCI::pciReadWord(unsigned char, unsigned char, unsigned char, unsigned char)
                0x00000000c0062598                PCI::getVendorID(unsigned char, unsigned char, unsigned char)
                0x00000000c00625ee                PCI::getHeaderType(unsigned char, unsigned char, unsigned char)
                0x00000000c0062646                PCI::getClassCode(unsigned char, unsigned char, unsigned char)
                0x00000000c00626da                PCI::getProgIF(unsigned char, unsigned char, unsigned char)
                0x00000000c0062732                PCI::getRevisionID(unsigned char, unsigned char, unsigned char)
                0x00000000c0062788                PCI::getInterruptNumber(unsigned char, unsigned char, unsigned char)
                0x00000000c00627de                PCI::getSecondaryBus(unsigned char, unsigned char, unsigned char)
                0x00000000c0062836                PCI::getBARAddress(unsigned char, unsigned char, unsigned char, unsigned char)
                0x00000000c00628e8                PCI::pciWriteWord(unsigned char, unsigned char, unsigned char, unsigned char, unsigned short)
                0x00000000c0062a54                PCI::pciDetailsToFilepath(PCIDeviceInfo, char*)
                0x00000000c00634fa                PCI::checkBus(unsigned char)
                0x00000000c006353a                PCI::foundDevice(PCIDeviceInfo)
                0x00000000c0063ad8                PCI::getDeviceData(unsigned char, unsigned char, unsigned char)
                0x00000000c0064056                PCI::checkDevice(unsigned char, unsigned char)
                0x00000000c0064150                PCI::detect()
 *fill*         0x00000000c0064211        0x1 
 .text          0x00000000c0064212     0x33da hw/diskctrl/ide.32
                0x00000000c0064212                IDE::close(int, int, void*)
                0x00000000c0064216                IDE::IDE()
                0x00000000c0064216                IDE::IDE()
                0x00000000c006433e                IDE::prepareInterrupt(unsigned char)
                0x00000000c006439f                selectDrive(unsigned char, unsigned char)
                0x00000000c00643a0                IDE::getBase(unsigned char)
                0x00000000c0064402                IDE::write(unsigned char, unsigned char, unsigned char)
                0x00000000c00646d8                IDE::read(unsigned char, unsigned char)
                0x00000000c00649a0                IDE::waitInterrupt(unsigned char)
                0x00000000c0064ac5                ideChannel0IRQHandler(regs*, void*)
                0x00000000c0064b34                ideChannel1IRQHandler(regs*, void*)
                0x00000000c0064ba4                IDE::enableIRQs(unsigned char, bool)
                0x00000000c0064cba                IDE::open(int, int, void*)
                0x00000000c0066350                IDE::readBuffer(unsigned char, unsigned char, unsigned int, unsigned int)
                0x00000000c0066642                IDE::detect()
                0x00000000c0067436                IDE::printError(unsigned char, unsigned char, unsigned char)
                0x00000000c0067566                IDE::polling(unsigned char, unsigned int)
 .text          0x00000000c00675ec      0xf7b hw/diskctrl/satabus.32
                0x00000000c00675ec                SATABus::close(int, int, void*)
                0x00000000c00675f0                SATABus::detect()
                0x00000000c00675f2                SATABus::SATABus()
                0x00000000c00675f2                SATABus::SATABus()
                0x00000000c0067868                SATABus::findCmdslot(SATABus::tagHBA_PORT volatile*)
                0x00000000c006795c                SATABus::checkType(SATABus::tagHBA_PORT volatile*)
                0x00000000c00679f6                SATABus::startCmd(SATABus::tagHBA_PORT volatile*)
                0x00000000c0067a82                SATABus::stopCmd(SATABus::tagHBA_PORT volatile*)
                0x00000000c0067b30                SATABus::portRebase(SATABus::tagHBA_PORT volatile*, int)
                0x00000000c0068168                SATABus::probePort(SATABus::tagHBA_MEM volatile*)
                0x00000000c00684bc                SATABus::open(int, int, void*)
 *fill*         0x00000000c0068567        0x1 
 .text          0x00000000c0068568     0x195e hw/diskphys/ata.32
                0x00000000c0068568                ATA::powerSaving(PowerSavingLevel)
                0x00000000c006856a                ATA::close(int, int, void*)
                0x00000000c006860e                ATA::ATA()
                0x00000000c006860e                ATA::ATA()
                0x00000000c00686e8                ATA::flush(bool)
                0x00000000c0068816                ATA::readyForCommand()
                0x00000000c006890e                ATA::access(unsigned long long, int, void*, bool)
                0x00000000c00694b8                ATA::detectCHS()
                0x00000000c00695b2                ATA::open(int, int, void*)
                0x00000000c0069ab9                combineCharAndColour(char, unsigned char)
                0x00000000c0069aca                combineColours(unsigned char, unsigned char)
                0x00000000c0069ad8                ATA::read(unsigned long long, int, void*)
                0x00000000c0069cce                ATA::write(unsigned long long, int, void*)
 .text          0x00000000c0069ec6     0x1731 hw/diskphys/atapi.32
                0x00000000c0069ec6                ATAPI::write(unsigned long long, int, void*)
                0x00000000c0069ecc                ATAPI::close(int, int, void*)
                0x00000000c0069f70                ATAPI::ATAPI()
                0x00000000c0069f70                ATAPI::ATAPI()
                0x00000000c006a04a                ATAPI::readyForCommand()
                0x00000000c006a148                ATAPI::sendPacket(unsigned char*, int, bool, unsigned short*, int)
                0x00000000c006ac24                ATAPI::diskRemoved()
                0x00000000c006ad5a                ATAPI::eject()
                0x00000000c006add6                ATAPI::diskInserted()
                0x00000000c006ae22                ATAPI::detectMedia()
                0x00000000c006b018                ATAPI::open(int, int, void*)
                0x00000000c006b4ba                ATAPI::read(unsigned long long, int, void*)
 *fill*         0x00000000c006b5f7        0x1 
 .text          0x00000000c006b5f8     0x131b hw/diskphys/sata.32
                0x00000000c006b5f8                SATA::powerSaving(PowerSavingLevel)
                0x00000000c006b5fa                SATA::close(int, int, void*)
                0x00000000c006b69e                SATA::open(int, int, void*)
                0x00000000c006b8f8                SATA::SATA()
                0x00000000c006b8f8                SATA::SATA()
                0x00000000c006b9d2                SATA::access(unsigned long long, int, void*, bool)
                0x00000000c006c3e2                SATA::read(unsigned long long, int, void*)
                0x00000000c006c65e                SATA::write(unsigned long long, int, void*)
 *fill*         0x00000000c006c913        0x1 
 .text          0x00000000c006c914     0x16c5 hw/diskphys/satapi.32
                0x00000000c006c914                SATAPI::write(unsigned long long, int, void*)
                0x00000000c006c91a                SATAPI::close(int, int, void*)
                0x00000000c006c9be                SATAPI::SATAPI()
                0x00000000c006c9be                SATAPI::SATAPI()
                0x00000000c006ca98                SATAPI::diskRemoved()
                0x00000000c006ca9a                SATAPI::diskInserted()
                0x00000000c006caf2                SATAPI::sendPacket(unsigned char*, int, unsigned long long, unsigned short*, int)
                0x00000000c006d68e                SATAPI::eject()
                0x00000000c006d746                SATAPI::detectMedia()
                0x00000000c006d9e6                SATAPI::open(int, int, void*)
                0x00000000c006dd4e                SATAPI::read(unsigned long long, int, void*)
 *fill*         0x00000000c006dfd9        0x1 
 .text          0x00000000c006dfda     0x128b hw/intctrl/apic.32
                0x00000000c006dfda                IOAPIC::close(int, int, void*)
                0x00000000c006dfe0                apicGetBase()
                0x00000000c006e08e                IOAPIC::IOAPIC()
                0x00000000c006e08e                IOAPIC::IOAPIC()
                0x00000000c006e162                apicOpen()
                0x00000000c006e75a                IOAPIC::handlesGSIWithNumber(unsigned int)
                0x00000000c006e86c                IOAPIC::read(int)
                0x00000000c006e940                IOAPIC::open(int, int, void*)
                0x00000000c006ef6c                IOAPIC::write(int, int)
                0x00000000c006f048                IOAPIC::redirect(unsigned char, unsigned long long, unsigned char, bool, bool)
 *fill*         0x00000000c006f265        0x3 
 .text          0x00000000c006f268      0x45c hw/timer/apictimer.32
                0x00000000c006f268                APICTimer::close(int, int, void*)
                0x00000000c006f270                apicTimerHandler(regs*, void*)
                0x00000000c006f2dc                APICTimer::open(int, int, void*)
                0x00000000c006f564                APICTimer::write(int)
                0x00000000c006f5dc                APICTimer::APICTimer()
                0x00000000c006f5dc                APICTimer::APICTimer()
 .text          0x00000000c006f6c4      0x741 hw/timer/pit.32
                0x00000000c006f6c4                PIT::write(int)
                0x00000000c006f7c0                pitHandler(regs*, void*)
                0x00000000c006f810                PIT::open(int, int, void*)
                0x00000000c006f988                PIT::close(int, int, void*)
                0x00000000c006fa54                PIT::PIT()
                0x00000000c006fa54                PIT::PIT()
 *fill*         0x00000000c006fe05        0xb 
 .text          0x00000000c006fe10       0x83 arch/i386/avx.32
                0x00000000c006fe10                avxDetect
                0x00000000c006fe3a                avxSave
                0x00000000c006fe4b                avxLoad
                0x00000000c006fe5c                avxInit
                0x00000000c006fe7e                avxClose
                0x00000000c006fe7f                wouldSheSayYes
 *fill*         0x00000000c006fe93        0xd 
 .text          0x00000000c006fea0      0x2ec arch/i386/interrupt.32
                0x00000000c006fea0                isr0
                0x00000000c006feb0                isr1
                0x00000000c006feba                isr2
                0x00000000c006fec4                isr3
                0x00000000c006fece                isr4
                0x00000000c006fed8                isr5
                0x00000000c006fee2                isr6
                0x00000000c006feec                isr7
                0x00000000c006fef6                isr8
                0x00000000c006fefe                isr9
                0x00000000c006ff08                isr10
                0x00000000c006ff10                isr11
                0x00000000c006ff18                isr12
                0x00000000c006ff20                isr13
                0x00000000c006ff3a                isr14
                0x00000000c006ff42                isr15
                0x00000000c006ff4c                isr16
                0x00000000c006ff56                isr17
                0x00000000c006ff60                isr18
                0x00000000c006ff6a                irq3
                0x00000000c006ff74                irq4
                0x00000000c006ff7e                irq5
                0x00000000c006ff88                irq6
                0x00000000c006ff92                irq7
                0x00000000c006ff9c                irq8
                0x00000000c006ffa6                irq9
                0x00000000c006ffb0                irq10
                0x00000000c006ffba                irq11
                0x00000000c006ffc4                irq12
                0x00000000c006ffce                irq13
                0x00000000c006ffd8                irq14
                0x00000000c006ffe2                irq15
                0x00000000c006ffec                irq1
                0x00000000c006fff3                irq2
                0x00000000c006fffa                isr96
                0x00000000c0070001                irq0
                0x00000000c0070006                int_common_stub
                0x00000000c0070038                syscall_common_stub
                0x00000000c007013c                irq16
                0x00000000c0070146                irq17
                0x00000000c0070150                irq18
                0x00000000c007015a                irq19
                0x00000000c0070164                irq20
                0x00000000c007016e                irq21
                0x00000000c0070178                irq22
                0x00000000c0070182                irq23
 *fill*         0x00000000c007018c        0x4 
 .text          0x00000000c0070190       0x10 arch/i386/rdrand.32
                0x00000000c0070190                i386GetRDRAND
 .text          0x00000000c00701a0       0x39 arch/i386/sse.32
                0x00000000c00701a0                absolutelyNoChanceInHell
                0x00000000c00701a0                sseDetect
                0x00000000c00701b8                sseSave
                0x00000000c00701c0                sseLoad
                0x00000000c00701c8                sseInit
                0x00000000c00701d8                sseClose
 *fill*         0x00000000c00701d9        0x7 
 .text          0x00000000c00701e0       0x49 arch/i386/x87.32
                0x00000000c00701e6                x87Detect
                0x00000000c0070201                x87Save
                0x00000000c0070208                x87Load
                0x00000000c007020f                x87Init
                0x00000000c0070228                x87Close
 *fill*         0x00000000c0070229        0x3 
 .text          0x00000000c007022c       0x25 /cygdrive/d/Users/Alex/Desktop/Toolchain/Output/bin/../lib/gcc/i386-banana/8.1.0/crtend.o
 .text          0x00000000c0070251        0x0 crtn.32
 *fill*         0x00000000c0070251        0x3 