Archive member included to satisfy reference by file (symbol)

/cygdrive/d/Users/Alex/Desktop/Toolchain/Output/bin/../lib/gcc/i386-banana/8.1.0/libkgcc.a(_divdi3.o)
                              fs/fat/ff.32 (__divdi3)
/cygdrive/d/Users/Alex/Desktop/Toolchain/Output/bin/../lib/gcc/i386-banana/8.1.0/libkgcc.a(_moddi3.o)
                              compat/resolve.32 (__moddi3)
/cygdrive/d/Users/Alex/Desktop/Toolchain/Output/bin/../lib/gcc/i386-banana/8.1.0/libkgcc.a(_udivdi3.o)
                              fs/fat/ff.32 (__udivdi3)
/cygdrive/d/Users/Alex/Desktop/Toolchain/Output/bin/../lib/gcc/i386-banana/8.1.0/libkgcc.a(_umoddi3.o)
                              compat/resolve.32 (__umoddi3)

Discarded input sections

 .comment       0x0000000000000000       0x12 /cygdrive/d/Users/Alex/Desktop/Toolchain/Output/bin/../lib/gcc/i386-banana/8.1.0/crtbegin.o
 .comment       0x0000000000000000       0x12 acpica/utclib.32
 .comment       0x0000000000000000       0x12 core/malloc.32
 .comment       0x0000000000000000       0x12 libk/string.32
 .comment       0x0000000000000000       0x12 fs/fat/diskio.32
 .comment       0x0000000000000000       0x12 fs/fat/ff.32
 .comment       0x0000000000000000       0x12 fs/fat/ffsystem.32
 .comment       0x0000000000000000       0x12 fs/fat/ffunicode.32
 .comment       0x0000000000000000       0x12 compat/inlines.32
 .comment       0x0000000000000000       0x12 compat/resolve.32
 .group         0x0000000000000000       0x14 core/computer.32
 .group         0x0000000000000000        0xc core/computer.32
 .comment       0x0000000000000000       0x12 core/computer.32
 .comment       0x0000000000000000       0x12 core/gdt.32
 .group         0x0000000000000000        0xc core/idle.32
 .comment       0x0000000000000000       0x12 core/idle.32
 .comment       0x0000000000000000       0x12 core/idt.32
 .comment       0x0000000000000000       0x12 core/kheap.32
 .comment       0x0000000000000000       0x12 core/main.32
 .comment       0x0000000000000000       0x12 core/physmgr.32
 .group         0x0000000000000000        0xc core/pipe.32
 .comment       0x0000000000000000       0x12 core/pipe.32
 .group         0x0000000000000000        0xc core/terminal.32
 .comment       0x0000000000000000       0x12 core/terminal.32
 .comment       0x0000000000000000       0x12 core/tss.32
 .group         0x0000000000000000        0x8 core/unixfile.32
 .group         0x0000000000000000        0x8 core/unixfile.32
 .group         0x0000000000000000        0xc core/unixfile.32
 .group         0x0000000000000000        0x8 core/unixfile.32
 .group         0x0000000000000000        0xc core/unixfile.32
 .group         0x0000000000000000        0x8 core/unixfile.32
 .group         0x0000000000000000        0xc core/unixfile.32
 .group         0x0000000000000000        0xc core/unixfile.32
 .comment       0x0000000000000000       0x12 core/unixfile.32
 .comment       0x0000000000000000       0x12 core/virtmgr.32
 .comment       0x0000000000000000       0x12 coreobjs/c++.32
 .comment       0x0000000000000000       0x12 dbg/kconsole.32
 .group         0x0000000000000000        0xc fs/vfs.32
 .group         0x0000000000000000        0xc fs/vfs.32
 .group         0x0000000000000000        0xc fs/vfs.32
 .comment       0x0000000000000000       0x12 fs/vfs.32
 .group         0x0000000000000000        0xc hal/bus.32
 .comment       0x0000000000000000       0x12 hal/bus.32
 .group         0x0000000000000000        0xc hal/buzzer.32
 .comment       0x0000000000000000       0x12 hal/buzzer.32
 .group         0x0000000000000000        0xc hal/clock.32
 .comment       0x0000000000000000       0x12 hal/clock.32
 .group         0x0000000000000000       0x14 hal/device.32
 .group         0x0000000000000000        0xc hal/device.32
 .group         0x0000000000000000        0x8 hal/device.32
 .group         0x0000000000000000        0xc hal/device.32
 .group         0x0000000000000000        0xc hal/device.32
 .comment       0x0000000000000000       0x12 hal/device.32
 .group         0x0000000000000000        0xc hal/diskctrl.32
 .comment       0x0000000000000000       0x12 hal/diskctrl.32
 .group         0x0000000000000000        0xc hal/diskphys.32
 .comment       0x0000000000000000       0x12 hal/diskphys.32
 .group         0x0000000000000000        0xc hal/fpu.32
 .comment       0x0000000000000000       0x12 hal/fpu.32
 .group         0x0000000000000000        0xc hal/intctrl.32
 .comment       0x0000000000000000       0x12 hal/intctrl.32
 .group         0x0000000000000000        0xc hal/keybrd.32
 .comment       0x0000000000000000       0x12 hal/keybrd.32
 .group         0x0000000000000000        0xc hal/logidisk.32
 .comment       0x0000000000000000       0x12 hal/logidisk.32
 .group         0x0000000000000000        0xc hal/mouse.32
 .comment       0x0000000000000000       0x12 hal/mouse.32
 .comment       0x0000000000000000       0x12 hal/partition.32
 .group         0x0000000000000000        0xc hal/serial.32
[...]
Memory Configuration

Name             Origin             Length             Attributes
*default*        0x0000000000000000 0xffffffffffffffff

Linker script and memory map

LOAD D:/Users/Alex/Desktop/Banana/kernel/boot.32
LOAD crti.32
LOAD /cygdrive/d/Users/Alex/Desktop/Toolchain/Output/bin/../lib/gcc/i386-banana/8.1.0/crtbegin.o
LOAD D:/Users/Alex/Desktop/Banana/kernel/morenasm.32
LOAD acpica/utclib.32
LOAD core/malloc.32
LOAD libk/string.32
LOAD fs/fat/diskio.32
LOAD fs/fat/ff.32
LOAD fs/fat/ffsystem.32
LOAD fs/fat/ffunicode.32
LOAD compat/inlines.32
LOAD compat/resolve.32
LOAD core/computer.32
LOAD core/gdt.32
LOAD core/idle.32
LOAD core/idt.32
LOAD core/kheap.32
LOAD core/main.32
LOAD core/physmgr.32
LOAD core/pipe.32
LOAD core/terminal.32
LOAD core/tss.32
LOAD core/unixfile.32
LOAD core/virtmgr.32
LOAD coreobjs/c++.32
LOAD dbg/kconsole.32
LOAD fs/vfs.32
LOAD hal/bus.32
LOAD hal/buzzer.32
LOAD hal/clock.32
LOAD hal/device.32
LOAD hal/diskctrl.32
LOAD hal/diskphys.32
LOAD hal/fpu.32
LOAD hal/intctrl.32
LOAD hal/keybrd.32
LOAD hal/logidisk.32
LOAD hal/mouse.32
LOAD hal/partition.32
LOAD hal/serial.32
LOAD hal/timer.32
LOAD hal/vcache.32
LOAD hal/video.32
LOAD hw/acpi.32
LOAD hw/cpu.32
LOAD hw/ports.32
LOAD hw/smp.32
LOAD krnl/env.32
LOAD krnl/panic.32
LOAD net/ethernet.32
LOAD reg/registry.32
LOAD sys/sc_eject.32
LOAD sys/sc_exit.32
LOAD sys/sc_getcwd.32
LOAD sys/sc_getpid.32
LOAD sys/sc_getramdata.32
LOAD sys/sc_getvgaptr.32
LOAD sys/sc_loaddll.32
LOAD sys/sc_read.32
LOAD sys/sc_sbrk.32
LOAD sys/sc_setcwd.32
LOAD sys/sc_settime.32
LOAD sys/sc_timezone.32
LOAD sys/sc_write.32
LOAD sys/sc_wsbe.32
LOAD sys/sc_yield.32
LOAD sys/syscalls.32
LOAD thr/elf.32
LOAD thr/prcssthr.32
LOAD vm86/vm8086.32
LOAD vm86/x87em.32
LOAD fs/fat/vfslink.32
LOAD fs/iso9660/vfslink.32
LOAD hal/sound/sndcard.32
LOAD hal/sound/sndport.32
LOAD hw/bus/isa.32
LOAD hw/bus/pci.32
LOAD hw/diskctrl/ide.32
LOAD hw/diskctrl/satabus.32
LOAD hw/diskphys/ata.32
LOAD hw/diskphys/atapi.32
LOAD hw/diskphys/sata.32
LOAD hw/diskphys/satapi.32
LOAD hw/fpu/avx.32
LOAD hw/fpu/mmx.32
LOAD hw/fpu/sse.32
LOAD hw/fpu/x87.32
LOAD hw/intctrl/apic.32
LOAD hw/intctrl/pic.32
LOAD hw/timer/apictimer.32
LOAD hw/timer/pit.32
LOAD hw/fpu/x86/avx.32
LOAD hw/fpu/x86/sse.32
LOAD hw/fpu/x86/x87.32
LOAD /cygdrive/d/Users/Alex/Desktop/Toolchain/Output/bin/../lib/gcc/i386-banana/8.1.0/crtend.o
LOAD crtn.32
LOAD /cygdrive/d/Users/Alex/Desktop/Toolchain/Output/bin/../lib/gcc/i386-banana/8.1.0/libkgcc.a
LOAD D:/Users/Alex/Desktop/Banana/kernel/libsoftfp.a
LOAD D:/Users/Alex/Desktop/Banana/kernel/libk/libm32.a
                0x00000000c0000000                . = 0xc0000000

.text           0x00000000c0000000    0x2218e
 *(.text)
 .text          0x00000000c0000000       0x41 D:/Users/Alex/Desktop/Banana/kernel/boot.32
                0x00000000c0000020                callGlobalConstructors
 .text          0x00000000c0000041        0x0 crti.32
 *fill*         0x00000000c0000041        0x3 
 .text          0x00000000c0000044      0x101 /cygdrive/d/Users/Alex/Desktop/Toolchain/Output/bin/../lib/gcc/i386-banana/8.1.0/crtbegin.o
 *fill*         0x00000000c0000145        0xb 
 .text          0x00000000c0000150      0x430 D:/Users/Alex/Desktop/Banana/kernel/morenasm.32
                0x00000000c0000150                manualPCIProbe
                0x00000000c000019b                prepareTramp
                0x00000000c00001b4                doTPAUSE
                0x00000000c00001be                hasLegacyFPU
                0x00000000c00001e3                is486
                0x00000000c0000219                detectCPUID
                0x00000000c000022f                goToVM86
                0x00000000c000025f                goToUsermode
                0x00000000c0000289                switchToThreadASMFirstTime
                0x00000000c0000297                switchToThreadASM
                0x00000000c0000327                asmQuickAcquireLock
                0x00000000c0000345                asmQuickReleaseLock
                0x00000000c0000351                asmAcquireLock
                0x00000000c0000372                asmReleaseLock
                0x00000000c0000385                loadGDT
                0x00000000c00003a5                isr0
                0x00000000c00003b5                isr1
                0x00000000c00003bf                isr2
                0x00000000c00003c9                isr3
                0x00000000c00003d3                isr4
                0x00000000c00003dd                isr5
                0x00000000c00003e7                isr6
                0x00000000c00003f1                isr7
                0x00000000c00003fb                isr8
                0x00000000c0000403                isr9
                0x00000000c000040d                isr10
                0x00000000c0000415                isr11
                0x00000000c000041d                isr12
                0x00000000c0000425                isr13
                0x00000000c000042d                isr14
                0x00000000c0000435                isr15
                0x00000000c000043f                isr16
                0x00000000c0000449                isr17
                0x00000000c0000453                isr18
                0x00000000c000045d                irq3
                0x00000000c0000467                irq4
                0x00000000c0000471                irq5
                0x00000000c000047b                irq6
                0x00000000c0000485                irq7
                0x00000000c000048f                irq8
                0x00000000c0000499                irq9
                0x00000000c00004a3                irq10
                0x00000000c00004ad                irq11
                0x00000000c00004b7                irq12
                0x00000000c00004c1                irq13
                0x00000000c00004cb                irq14
                0x00000000c00004d5                irq15
                0x00000000c00004df                irq1
                0x00000000c00004e6                irq2
                0x00000000c00004ed                isr96
                0x00000000c00004f4                irq0
                0x00000000c00004f9                int_common_stub
                0x00000000c00004f9                syscall_common_stub
                0x00000000c000052b                irq16
                0x00000000c0000535                irq17
                0x00000000c000053f                irq18
                0x00000000c0000549                irq19
                0x00000000c0000553                irq20
                0x00000000c000055d                irq21
                0x00000000c0000567                irq22
                0x00000000c0000571                irq23
                0x00000000c000057b                memcpy
 .text          0x00000000c0000580      0x5dd acpica/utclib.32
                0x00000000c0000580                memcmp
                0x00000000c00005bc                memmove
                0x00000000c0000684                memset
                0x00000000c00006a0                strlen
                0x00000000c00006b8                strpbrk
                0x00000000c00006f4                strtok
                0x00000000c0000740                strcpy
                0x00000000c0000764                strncpy
                0x00000000c00007cc                strcmp
                0x00000000c000080c                strchr
                0x00000000c0000830                strncmp
                0x00000000c0000880                strcat
                0x00000000c00008b0                strncat
                0x00000000c00008ec                strstr
                0x00000000c0000934                toupper
                0x00000000c0000948                tolower
                0x00000000c000095c                simple_strtoul
 .text          0x00000000c0000b5d      0xfad core/malloc.32
                0x00000000c0000cc8                dlfree
                0x00000000c0001023                dlmalloc
                0x00000000c0001560                dlrealloc
                0x00000000c0001703                dlmemalign
                0x00000000c0001826                dlcalloc
                0x00000000c00018c0                dlcfree
                0x00000000c00018c5                dlindependent_calloc
                0x00000000c00018ea                dlindependent_comalloc
                0x00000000c0001901                dlvalloc
                0x00000000c000192c                dlpvalloc
                0x00000000c0001962                dlmalloc_trim
                0x00000000c000196f                dlmalloc_usable_size
                0x00000000c00019a0                dlmallinfo
                0x00000000c0001a6f                dlmalloc_stats
                0x00000000c0001a80                dlmallopt
 .text          0x00000000c0001b0a        0x0 libk/string.32
 .text          0x00000000c0001b0a       0x51 fs/fat/diskio.32
                0x00000000c0001b0a                disk_status
                0x00000000c0001b0d                disk_initialize
                0x00000000c0001b10                disk_read
                0x00000000c0001b26                disk_write
                0x00000000c0001b3c                disk_ioctl
 .text          0x00000000c0001b5b     0x6a69 fs/fat/ff.32
                0x00000000c0004e29                f_mount
                0x00000000c0004e8b                f_open
                0x00000000c00052c7                f_read
                0x00000000c0005547                f_write
                0x00000000c0005801                f_sync
                0x00000000c00059dd                f_close
                0x00000000c0005a0c                f_lseek
                0x00000000c0005ec3                f_opendir
                0x00000000c0005fc5                f_closedir
                0x00000000c0005fe7                f_readdir
                0x00000000c0006082                f_stat
                0x00000000c0006111                f_getfree
                0x00000000c00062dc                f_truncate
                0x00000000c00063d4                f_unlink
                0x00000000c0006557                f_mkdir
                0x00000000c0006783                f_rename
                0x00000000c0006a76                f_chmod
                0x00000000c0006b54                f_utime
                0x00000000c0006c32                f_getlabel
                0x00000000c0006e20                f_setlabel
                0x00000000c000708d                f_expand
                0x00000000c00072c3                f_forward
                0x00000000c00074a1                f_mkfs
 .text          0x00000000c00085c4       0x2f fs/fat/ffsystem.32
                0x00000000c00085c4                ff_memalloc
                0x00000000c00085dc                ff_memfree
 *fill*         0x00000000c00085f3        0x1 
 .text          0x00000000c00085f4      0x274 fs/fat/ffunicode.32
                0x00000000c00085f4                ff_uni2oem
                0x00000000c000868c                ff_oem2uni
                0x00000000c0008700                ff_wtoupper
 .text          0x00000000c0008868       0xa7 compat/inlines.32
                0x00000000c0008868                CPU::current()
                0x00000000c0008874                operator new(unsigned long)
                0x00000000c0008879                operator delete(void*)
                0x00000000c000887e                disableIRQs()
                0x00000000c0008886                enableIRQs()
                0x00000000c0008895                lockScheduler()
                0x00000000c000889d                unlockScheduler()
                0x00000000c00088ac                lockStuff()
                0x00000000c00088ba                unlockStuff()
                0x00000000c00088f4                Virt::getAKernelVAS()
                0x00000000c00088fa                __not_memcpy
 *fill*         0x00000000c000890f        0x1 
 .text          0x00000000c0008910      0x118 compat/resolve.32
                0x00000000c0008910                Krnl::resolveCompatibilitySymbol(char*)
 .text          0x00000000c0008a28      0x7f7 core/computer.32
                0x00000000c0008a28                Computer::close(int, int, void*)
                0x00000000c0008a6c                Krnl::firstTask()
                0x00000000c0008bba                Computer::Computer()
                0x00000000c0008bba                Computer::Computer()
                0x00000000c0008d16                Computer::setBootMessage(char const*)
                0x00000000c0008d18                Computer::detectFeatures()
                0x00000000c0008f22                Computer::displayFeatures()
                0x00000000c0008f24                Computer::rdmsr(unsigned int)
                0x00000000c0008f50                Computer::wrmsr(unsigned int, unsigned long long)
                0x00000000c0008f88                Computer::nmiEnabled()
                0x00000000c0008f94                Computer::readCMOS(unsigned char)
                0x00000000c0008fae                Computer::enableNMI(bool)
                0x00000000c0008fc6                Computer::open(int, int, void*)
                0x00000000c0009162                Computer::disableNMI()
                0x00000000c0009170                Computer::writeCMOS(unsigned char, unsigned char)
                0x00000000c000918e                Computer::handleNMI()
                0x00000000c00091f4                Computer::setDiskActivityLight(int, bool)
 *fill*         0x00000000c000921f        0x1 
 .text          0x00000000c0009220      0x19d core/gdt.32
                0x00000000c0009220                GDTEntry::setBase(unsigned int)
                0x00000000c000923c                GDTEntry::setLimit(unsigned int)
                0x00000000c000925a                GDT::GDT()
                0x00000000c000925a                GDT::GDT()
                0x00000000c0009270                GDT::addEntry(GDTEntry)
                0x00000000c0009292                GDT::getNumberOfEntries()
                0x00000000c000929a                GDT::flush()
                0x00000000c00092bc                GDT::setup()
 .text          0x00000000c00093bd       0x6b core/idle.32
                0x00000000c00093bd                idleFunction(void*)
 .text          0x00000000c0009428      0x464 core/idt.32
                0x00000000c0009428                IDTEntry::IDTEntry(bool)
                0x00000000c0009428                IDTEntry::IDTEntry(bool)
                0x00000000c000949a                IDTEntry::setOffset(unsigned int)
                0x00000000c00094b0                IDT::IDT()
                0x00000000c00094b0                IDT::IDT()
                0x00000000c00094b2                IDT::getPointerToInvalidOpcodeEntryForF00F()
                0x00000000c00094ba                IDT::addEntry(IDTEntry, int)
                0x00000000c00094d4                IDT::addEntry(int, void (*)(), bool)
                0x00000000c000950c                IDT::flush()
                0x00000000c0009526                IDT::setup()
 .text          0x00000000c000988c      0x191 core/kheap.32
                0x00000000c000988c                sbrk
                0x00000000c000992f                mmap
                0x00000000c0009945                munmap
                0x00000000c000995b                liballoc_lock()
                0x00000000c0009968                liballoc_unlock()
                0x00000000c000997c                liballoc_alloc(int)
                0x00000000c0009994                liballoc_free(void*, int)
                0x00000000c00099af                realloc
                0x00000000c00099c3                malloc
                0x00000000c00099d3                free
                0x00000000c00099e3                rfree
                0x00000000c00099f3                calloc
 .text          0x00000000c0009a1d      0x3c6 core/main.32
                0x00000000c0009a1d                Krnl::setBootMessage(char const*)
                0x00000000c0009a89                kernel_main
 .text          0x00000000c0009de3      0x673 core/physmgr.32
                0x00000000c0009de3                Phys::allocateDMA(unsigned long)
                0x00000000c0009ef2                Phys::freeDMA(unsigned long, unsigned long)
                0x00000000c0009f38                Phys::setPageState(unsigned long, bool)
                0x00000000c0009f6a                Phys::getPageState(unsigned long)
                0x00000000c0009f86                Phys::freePage(unsigned long)
                0x00000000c000a009                Phys::allocatePage()
                0x00000000c000a0f4                Phys::allocateContiguousPages(int)
                0x00000000c000a150                Phys::allowSegmentToBeUsed(unsigned long, unsigned long)
                0x00000000c000a188                Phys::physicalMemorySetup(unsigned int)
 .text          0x00000000c000a456      0x273 core/pipe.32
                0x00000000c000a456                Pipe::isAtty()
                0x00000000c000a45a                Pipe::~Pipe()
                0x00000000c000a45a                Pipe::~Pipe()
                0x00000000c000a47e                Pipe::~Pipe()
                0x00000000c000a4a6                Pipe::read(unsigned long long, void*, int*)
                0x00000000c000a5a2                Pipe::write(unsigned long long, void*, int*)
                0x00000000c000a662                Pipe::Pipe(int)
                0x00000000c000a662                Pipe::Pipe(int)
 *fill*         0x00000000c000a6c9        0x1 
 .text          0x00000000c000a6ca      0xb93 core/terminal.32
                0x00000000c000a6ca                VgaText::isAtty()
                0x00000000c000a6ce                VgaText::~VgaText()
                0x00000000c000a6ce                VgaText::~VgaText()
                0x00000000c000a6f2                VgaText::~VgaText()
                0x00000000c000a71c                VgaText::read(unsigned long long, void*, int*)
                0x00000000c000a73c                setTerminalScrollLock(bool)
                0x00000000c000a73d                addToTerminalCycle(VgaText*)
                0x00000000c000a75e                installVgaTextImplementation()
                0x00000000c000a773                scrollTerminalScrollLock(int)
                0x00000000c000a774                VgaText::updateTitle()
                0x00000000c000a7b2                VgaText::load()
                0x00000000c000a800                VgaText::updateCursor()
                0x00000000c000a816                VgaText::doANSI_SGR(int)
                0x00000000c000a88a                VgaText::setDefaultBgColour(VgaColour)
                0x00000000c000a89a                VgaText::setDefaultFgColour(VgaColour)
                0x00000000c000a8aa                VgaText::setDefaultColours(VgaColour, VgaColour)
                0x00000000c000a8ca                VgaText::setTitleTextColour(VgaColour)
                0x00000000c000a8da                VgaText::setTitleColour(VgaColour)
                0x00000000c000a8ea                VgaText::setTitle(char*)
                0x00000000c000a910                VgaText::combineColours(unsigned char, unsigned char)
                0x00000000c000a922                VgaText::scrollScreen()
                0x00000000c000a9b6                VgaText::combineCharAndColour(char, unsigned char)
                0x00000000c000a9c8                VgaText::writeCharacter(char, VgaColour, VgaColour, int, int)
                0x00000000c000aa24                VgaText::getCursorX()
                0x00000000c000aa2c                VgaText::getCursorY()
                0x00000000c000aa34                VgaText::setCursor(int, int)
                0x00000000c000aa4b                setActiveTerminal(VgaText*)
                0x00000000c000aaad                doTerminalCycle()
                0x00000000c000aac8                VgaText::setCursorX(int)
                0x00000000c000aae0                VgaText::setCursorY(int)
                0x00000000c000aaf8                VgaText::incrementCursor(bool)
                0x00000000c000ab4c                VgaText::decrementCursor(bool)
                0x00000000c000ab6e                VgaText::putchar(char, VgaColour, VgaColour)
                0x00000000c000ac46                VgaText::doUpdate()
                0x00000000c000ac54                VgaText::puts(char const*, VgaColour, VgaColour)
                0x00000000c000adcc                VgaText::clearScreen()
                0x00000000c000ae26                VgaText::putchar(char)
                0x00000000c000af12                VgaText::putx(unsigned int)
                0x00000000c000af58                VgaText::puts(char const*)
                0x00000000c000af7e                VgaText::VgaText(char const*)
                0x00000000c000af7e                VgaText::VgaText(char const*)
                0x00000000c000b0fc                VgaText::receiveKey(unsigned char)
                0x00000000c000b1e4                VgaText::write(unsigned long long, void*, int*)
                0x00000000c000b238                newTerminal(char*)
 *fill*         0x00000000c000b25d        0x3 
 .text          0x00000000c000b260      0x1a1 core/tss.32
                0x00000000c000b260                TSS::TSS()
                0x00000000c000b260                TSS::TSS()
                0x00000000c000b270                TSS::setESP(unsigned long)
                0x00000000c000b284                TSS::flush()
                0x00000000c000b2a4                TSS::setup(unsigned long, unsigned long)
 *fill*         0x00000000c000b401        0x1 
 .text          0x00000000c000b402      0x4c2 core/unixfile.32
                0x00000000c000b402                ReservedFilename::read(unsigned long long, void*, int*)
                0x00000000c000b458                ReservedFilename::isAtty()
                0x00000000c000b474                ReservedFilename::write(unsigned long long, void*, int*)
                0x00000000c000b4d2                UnixFile::getFileDescriptor()
                0x00000000c000b4da                UnixFile::UnixFile(int)
                0x00000000c000b4da                UnixFile::UnixFile(int)
                0x00000000c000b68a                ReservedFilename::ReservedFilename(int)
                0x00000000c000b68a                ReservedFilename::ReservedFilename(int)
                0x00000000c000b6bc                UnixFile::~UnixFile()
                0x00000000c000b6bc                UnixFile::~UnixFile()
                0x00000000c000b754                UnixFile::~UnixFile()
                0x00000000c000b77c                ReservedFilename::~ReservedFilename()
                0x00000000c000b77c                ReservedFilename::~ReservedFilename()
                0x00000000c000b7a0                ReservedFilename::~ReservedFilename()
                0x00000000c000b7c7                getFromFileDescriptor(int)
 .text          0x00000000c000b8c4     0x1218 core/virtmgr.32
                0x00000000c000b8c4                Virt::setPageState(unsigned long, Virt::VirtPageState)
                0x00000000c000b8f9                Virt::getPageState(unsigned long)
                0x00000000c000b91d                Virt::allocateKernelVirtualPages(int)
                0x00000000c000ba2e                Virt::freeSwapfilePage(unsigned long)
                0x00000000c000ba4c                Virt::swapIDToSector(unsigned long)
                0x00000000c000ba5e                Virt::allocateSwapfilePage()
                0x00000000c000badc                Virt::virtualMemorySetup()
                0x00000000c000bb27                Virt::setupPageSwapping(int)
                0x00000000c000bb98                VAS::VAS()
                0x00000000c000bb98                VAS::VAS()
                0x00000000c000bbd4                VAS::VAS(VAS*)
                0x00000000c000bbd4                VAS::VAS(VAS*)
                0x00000000c000bc02                VAS::getForeignPageTableEntry(bool, unsigned long)
                0x00000000c000bc2e                VAS::getPageTableEntry(unsigned long)
                0x00000000c000bc4d                Virt::freeKernelVirtualPages(unsigned long)
                0x00000000c000bd70                VAS::freeAllocatedPages(unsigned long)
                0x00000000c000bd94                VAS::virtualToPhysical(unsigned long)
                0x00000000c000bdac                VAS::reflagRange(unsigned long, int, int, int)
                0x00000000c000bdec                VAS::setToWriteCombining(unsigned long, int)
                0x00000000c000be1e                VAS::mapOtherVASIn(bool, VAS*)
                0x00000000c000be48                VAS::~VAS()
                0x00000000c000be48                VAS::~VAS()
                0x00000000c000bfc4                VAS::mapPage(unsigned long, unsigned long, int)
                0x00000000c000c0c6                VAS::allocatePages(int, int)
                0x00000000c000c29e                VAS::setCPUSpecific(unsigned long)
                0x00000000c000c2ba                VAS::mapRange(unsigned long, unsigned long, int, int)
                0x00000000c000c380                VAS::mapForeignPage(bool, VAS*, unsigned long, unsigned long, int)
                0x00000000c000c46e                VAS::VAS(bool)
                0x00000000c000c46e                VAS::VAS(bool)
                0x00000000c000c6ee                VAS::evict(unsigned long)
                0x00000000c000c7be                VAS::tryLoadBackOffDisk(unsigned long)
                0x00000000c000c8d2                VAS::scanForEviction()
                0x00000000c000c9b0                mapVASFirstTime
 .text          0x00000000c000cadc       0x95 coreobjs/c++.32
                0x00000000c000cadc                __cxa_atexit
                0x00000000c000cadf                __cxa_finalize
                0x00000000c000cae0                __stack_chk_fail
                0x00000000c000cb4c                __cxa_pure_virtual
                0x00000000c000cb5d                operator new[](unsigned long)
                0x00000000c000cb62                operator delete(void*, unsigned long)
                0x00000000c000cb67                operator delete[](void*)
                0x00000000c000cb6c                operator delete[](void*, unsigned long)
 .text          0x00000000c000cb71      0x1fc dbg/kconsole.32
                0x00000000c000cb71                Dbg::stringifyxWithBase(unsigned int, char*, int)
                0x00000000c000cbca                Dbg::logc(char)
                0x00000000c000cbea                Dbg::logs(char*)
                0x00000000c000cc07                Dbg::logWriteInt(unsigned int)
                0x00000000c000cc24                Dbg::logWriteIntBase(unsigned int, int)
                0x00000000c000cc43                Dbg::kprintf(char const*, ...)
 *fill*         0x00000000c000cd6d        0x1 
 .text          0x00000000c000cd6e      0xb82 fs/vfs.32
                0x00000000c000cd6e                File::read(unsigned long long, void*, int*)
                0x00000000c000cdc6                File::write(unsigned long long, void*, int*)
                0x00000000c000ce1e                Directory::read(unsigned long long, void*, int*)
                0x00000000c000ce76                Directory::write(unsigned long long, void*, int*)
                0x00000000c000cea4                File::isAtty()
                0x00000000c000cea8                Directory::isAtty()
                0x00000000c000ceac                Filesystem::getlabel(LogicalDisk*, int, char*, unsigned int*)
                0x00000000c000ceb2                Filesystem::setlabel(LogicalDisk*, int, char*)
                0x00000000c000ceb8                Filesystem::allocateSwapfile(char const*, int)
                0x00000000c000cebe                File::~File()
                0x00000000c000cebe                File::~File()
                0x00000000c000cee2                File::~File()
                0x00000000c000cf0c                Directory::~Directory()
                0x00000000c000cf0c                Directory::~Directory()
                0x00000000c000cf30                Directory::~Directory()
                0x00000000c000cf5a                Filesystem::Filesystem()
                0x00000000c000cf5a                Filesystem::Filesystem()
                0x00000000c000cf7e                Filesystem::~Filesystem()
                0x00000000c000cf7e                Filesystem::~Filesystem()
                0x00000000c000cf8c                Filesystem::~Filesystem()
                0x00000000c000cfb0                Fs::getcwd(Process*, char*, int)
                0x00000000c000cfda                Fs::initVFS()
                0x00000000c000d004                Fs::standardiseFiles(char*, char const*, char const*)
                0x00000000c000d1ae                File::File(char const*, Process*)
                0x00000000c000d1ae                File::File(char const*, Process*)
                0x00000000c000d212                File::open(FileOpenMode)
                0x00000000c000d270                File::close()
                0x00000000c000d2d0                File::seek(unsigned long long)
                0x00000000c000d326                File::tell(unsigned long long*)
                0x00000000c000d376                File::rewind()
                0x00000000c000d38a                File::unlink()
                0x00000000c000d3d6                File::rename(char const*)
                0x00000000c000d424                File::chfatattr(unsigned char, unsigned char)
                0x00000000c000d480                File::exists()
                0x00000000c000d4be                File::stat(unsigned long long*, bool*)
                0x00000000c000d51f                Fs::setcwd(Process*, char*)
                0x00000000c000d65a                Directory::Directory(char const*, Process*)
                0x00000000c000d65a                Directory::Directory(char const*, Process*)
                0x00000000c000d6be                Directory::open()
                0x00000000c000d71a                Directory::close()
                0x00000000c000d77a                Directory::unlink()
                0x00000000c000d7c6                Directory::rename(char const*)
                0x00000000c000d814                Directory::exists()
                0x00000000c000d852                Directory::read(dirent*)
                0x00000000c000d89e                Directory::create()
                0x00000000c000d8ea                Filesystem::chfatattr(char const*, unsigned char, unsigned char)
 .text          0x00000000c000d8f0       0x86 hal/bus.32
                0x00000000c000d8f0                Bus::Bus(char const*)
                0x00000000c000d8f0                Bus::Bus(char const*)
                0x00000000c000d928                Bus::~Bus()
                0x00000000c000d928                Bus::~Bus()
                0x00000000c000d94c                Bus::~Bus()
 *fill*         0x00000000c000d976        0x2 
 .text          0x00000000c000d978      0x153 hal/buzzer.32
                0x00000000c000d978                Buzzer::Buzzer(char const*)
                0x00000000c000d978                Buzzer::Buzzer(char const*)
                0x00000000c000d9bc                Buzzer::~Buzzer()
                0x00000000c000d9bc                Buzzer::~Buzzer()
                0x00000000c000d9e0                Buzzer::~Buzzer()
                0x00000000c000da0a                Buzzer::stop()
                0x00000000c000da1d                beepThread(void*)
                0x00000000c000da5e                Buzzer::beep(int, int, bool)
 *fill*         0x00000000c000dacb        0x1 
 .text          0x00000000c000dacc      0x467 hal/clock.32
                0x00000000c000dacc                User::loadClockSettings(int)
                0x00000000c000db1e                Clock::Clock(char const*)
                0x00000000c000db1e                Clock::Clock(char const*)
                0x00000000c000db54                Clock::~Clock()
                0x00000000c000db54                Clock::~Clock()
                0x00000000c000db78                Clock::~Clock()
                0x00000000c000dba2                Clock::timeInSecondsLocal()
                0x00000000c000dbea                Clock::setTimeInSecondsLocal(unsigned long long)
                0x00000000c000dc43                datetimeToSeconds(datetime_t)
                0x00000000c000dd6a                Clock::setTimeInDatetimeLocal(datetime_t)
                0x00000000c000ddca                secondsToDatetime(unsigned long long)
                0x00000000c000df0e                Clock::timeInDatetimeLocal()
 *fill*         0x00000000c000df33        0x1 
 .text          0x00000000c000df34      0x504 hal/device.32
                0x00000000c000df34                Device::hibernate()
                0x00000000c000df36                Device::wake()
                0x00000000c000df38                Device::detect()
                0x00000000c000df3a                Device::disableLegacy()
                0x00000000c000df3c                Device::powerSaving(PowerSavingLevel)
                0x00000000c000df3e                DriverlessDevice::close(int, int, void*)
                0x00000000c000df42                DriverlessDevice::detect()
                0x00000000c000df44                DriverlessDevice::open(int, int, void*)
                0x00000000c000df58                Device::~Device()
                0x00000000c000df58                Device::~Device()
                0x00000000c000df66                Device::~Device()
                0x00000000c000df8e                Device::findAndLoadDriver()
                0x00000000c000df9c                Device::preOpenPCI(PCIDeviceInfo)
                0x00000000c000dfc2                Device::preOpenACPI(void*, char*, char*)
                0x00000000c000e002                Device::addIRQHandler(int, void (*)(regs*, void*), bool, void*)
                0x00000000c000e040                Device::getParent()
                0x00000000c000e04c                Device::removeIRQHandler(int, void (*)(regs*, void*), bool)
                0x00000000c000e08a                Device::addChild(Device*)
                0x00000000c000e0ce                Device::removeAllChildren()
                0x00000000c000e114                Device::hibernateAll()
                0x00000000c000e144                Device::wakeAll()
                0x00000000c000e174                Device::detectAll()
                0x00000000c000e1a4                Device::disableLegacyAll()
                0x00000000c000e1d4                Device::loadDriversForAll()
                0x00000000c000e214                Device::closeAll()
                0x00000000c000e24a                Device::powerSavingAll(PowerSavingLevel)
                0x00000000c000e280                Device::setName(char const*)
                0x00000000c000e28e                Device::Device(char const*)
                0x00000000c000e28e                Device::Device(char const*)
                0x00000000c000e38a                Device::getName()
                0x00000000c000e394                DriverlessDevice::DriverlessDevice(char const*)
                0x00000000c000e394                DriverlessDevice::DriverlessDevice(char const*)
                0x00000000c000e3ca                Device::addToLinkedList(LinkedList<Device>&, DeviceType)
                0x00000000c000e40e                getDevicesOfType(DeviceType)
 .text          0x00000000c000e438       0x86 hal/diskctrl.32
                0x00000000c000e438                HardDiskController::HardDiskController(char const*)
                0x00000000c000e438                HardDiskController::HardDiskController(char const*)
                0x00000000c000e470                HardDiskController::~HardDiskController()
                0x00000000c000e470                HardDiskController::~HardDiskController()
                0x00000000c000e494                HardDiskController::~HardDiskController()
 .text          0x00000000c000e4be       0xe2 hal/diskphys.32
                0x00000000c000e4be                PhysicalDisk::eject()
                0x00000000c000e4c2                PhysicalDisk::PhysicalDisk(char const*, int)
                0x00000000c000e4c2                PhysicalDisk::PhysicalDisk(char const*, int)
                0x00000000c000e52a                PhysicalDisk::startCache()
                0x00000000c000e552                PhysicalDisk::~PhysicalDisk()
                0x00000000c000e552                PhysicalDisk::~PhysicalDisk()
                0x00000000c000e576                PhysicalDisk::~PhysicalDisk()
 .text          0x00000000c000e5a0      0x147 hal/fpu.32
                0x00000000c000e5a0                FPU::FPU(char const*)
                0x00000000c000e5a0                FPU::FPU(char const*)
                0x00000000c000e5d8                FPU::~FPU()
                0x00000000c000e5d8                FPU::~FPU()
                0x00000000c000e5fc                FPU::~FPU()
                0x00000000c000e626                setupFPU()
 *fill*         0x00000000c000e6e7        0x1 
 .text          0x00000000c000e6e8     0x11e1 hal/intctrl.32
                0x00000000c000e6e8                InterruptController::uninstallISRHandler(int, void (*)(regs*, void*))
                0x00000000c000e720                InterruptController::installISRHandler(int, void (*)(regs*, void*), void*)
                0x00000000c000e772                doubleFault(regs*, void*)
                0x00000000c000e78c                InterruptController::installIRQHandler(int, void (*)(regs*, void*), bool, void*)
                0x00000000c000e828                InterruptController::clearAllHandlers(int, bool)
                0x00000000c000e8d0                InterruptController::uninstallIRQHandler(int, void (*)(regs*, void*), bool)
                0x00000000c000e957                nmiHandler(regs*, void*)
                0x00000000c000e965                int_handler
                0x00000000c000ea06                InterruptController::InterruptController(char const*)
                0x00000000c000ea06                InterruptController::InterruptController(char const*)
                0x00000000c000eaac                InterruptController::~InterruptController()
                0x00000000c000eaac                InterruptController::~InterruptController()
                0x00000000c000ead0                InterruptController::~InterruptController()
                0x00000000c000eafa                displayDebugInfo(regs*)
                0x00000000c000ef89                x87EmulHandler(regs*, void*)
                0x00000000c000effc                gpFault(regs*, void*)
                0x00000000c000f035                pgFault(regs*, void*)
                0x00000000c000f084                otherISRHandler(regs*, void*)
                0x00000000c000f0a3                opcodeFault(regs*, void*)
                0x00000000c000f466                displayProgramFault(char const*)
                0x00000000c000f48e                setupInterruptController()
                0x00000000c000f87c                InterruptController::convertLegacyIRQNumber(int)
 *fill*         0x00000000c000f8c9        0x1 
 .text          0x00000000c000f8ca      0x784 hal/keybrd.32
                0x00000000c000f8ca                startGUI(void*)
                0x00000000c000f936                startGUIVESA(void*)
                0x00000000c000f9a2                sendKeyToTerminal(unsigned char)
                0x00000000c000fa60                sendKeyboardToken(KeyboardToken)
                0x00000000c000fe9d                clearInternalKeybuffer(VgaText*)
                0x00000000c000fed2                readKeyboard(VgaText*, char*, unsigned long)
                0x00000000c000ffc4                Keyboard::Keyboard(char const*)
                0x00000000c000ffc4                Keyboard::Keyboard(char const*)
                0x00000000c0010000                Keyboard::~Keyboard()
                0x00000000c0010000                Keyboard::~Keyboard()
                0x00000000c0010024                Keyboard::~Keyboard()
 .text          0x00000000c001004e      0x3ea hal/logidisk.32
                0x00000000c001004e                LogicalDisk::close(int, int, void*)
                0x00000000c0010052                LogicalDisk::~LogicalDisk()
                0x00000000c0010052                LogicalDisk::~LogicalDisk()
                0x00000000c0010076                LogicalDisk::~LogicalDisk()
                0x00000000c00100a0                LogicalDisk::open(int, int, void*)
                0x00000000c00100b4                LogicalDisk::absoluteToRelative(unsigned long long)
                0x00000000c00100ec                LogicalDisk::relativeToAbsolute(unsigned long long)
                0x00000000c0010132                LogicalDisk::LogicalDisk(char const*, PhysicalDisk*, unsigned long long, unsigned long long)
                0x00000000c0010132                LogicalDisk::LogicalDisk(char const*, PhysicalDisk*, unsigned long long, unsigned long long)
                0x00000000c00101e8                LogicalDisk::assignDriveLetter()
                0x00000000c001029e                LogicalDisk::mount()
                0x00000000c00102e6                LogicalDisk::unmount()
                0x00000000c00102f6                LogicalDisk::eject()
                0x00000000c001030a                LogicalDisk::unassignDriveLetter()
                0x00000000c0010360                LogicalDisk::read(unsigned long long, int, void*)
                0x00000000c00103cc                LogicalDisk::write(unsigned long long, int, void*)
 .text          0x00000000c0010438       0x86 hal/mouse.32
                0x00000000c0010438                Mouse::Mouse(char const*)
                0x00000000c0010438                Mouse::Mouse(char const*)
                0x00000000c0010470                Mouse::~Mouse()
                0x00000000c0010470                Mouse::~Mouse()
                0x00000000c0010494                Mouse::~Mouse()
 .text          0x00000000c00104be      0x339 hal/partition.32
                0x00000000c00104be                makePartition(PhysicalDisk*, unsigned long long, unsigned long long)
                0x00000000c0010566                createPartitionsForDisk(PhysicalDisk*)
 *fill*         0x00000000c00107f7        0x1 
 .text          0x00000000c00107f8       0x86 hal/serial.32
                0x00000000c00107f8                Serial::Serial(char const*)
                0x00000000c00107f8                Serial::Serial(char const*)
                0x00000000c0010830                Serial::~Serial()
                0x00000000c0010830                Serial::~Serial()
                0x00000000c0010854                Serial::~Serial()
 *fill*         0x00000000c001087e        0x2 
 .text          0x00000000c0010880      0x2f2 hal/timer.32
                0x00000000c0010880                Timer::Timer(char const*)
                0x00000000c0010880                Timer::Timer(char const*)
                0x00000000c00108b8                Timer::~Timer()
                0x00000000c00108b8                Timer::~Timer()
                0x00000000c00108dc                Timer::~Timer()
                0x00000000c0010906                Timer::read()
                0x00000000c0010911                timerHandler(unsigned int)
                0x00000000c0010a78                setupTimer(int)
 *fill*         0x00000000c0010b72        0x2 
 .text          0x00000000c0010b74      0x42e hal/vcache.32
                0x00000000c0010b74                VCache::VCache(PhysicalDisk*)
                0x00000000c0010b74                VCache::VCache(PhysicalDisk*)
                0x00000000c0010cdc                VCache::invalidateReadBuffer()
                0x00000000c0010cec                VCache::writeWriteBuffer()
                0x00000000c0010d28                VCache::~VCache()
                0x00000000c0010d28                VCache::~VCache()
                0x00000000c0010d7c                VCache::~VCache()
                0x00000000c0010da4                VCache::write(unsigned long long, int, void*)
                0x00000000c0010e9e                VCache::read(unsigned long long, int, void*)
 .text          0x00000000c0010fa2      0x4b3 hal/video.32
                0x00000000c0010fa2                Video::putrect(int, int, int, int, unsigned int)
                0x00000000c0010fee                Video::bitblit(int, int, int, int, int, int, int, unsigned int*)
                0x00000000c001105e                Video::blit(unsigned int*, int, int, int, int)
                0x00000000c00110dc                Video::clearScreen(unsigned int)
                0x00000000c0011110                Video::putpixel(int, int, unsigned int)
                0x00000000c001111e                Video::Video(char const*)
                0x00000000c001111e                Video::Video(char const*)
                0x00000000c0011154                Video::~Video()
                0x00000000c0011154                Video::~Video()
                0x00000000c0011178                Video::~Video()
                0x00000000c00111a2                Video::isMonochrome()
                0x00000000c00111ae                Video::getWidth()
                0x00000000c00111ba                Video::getHeight()
                0x00000000c00111c6                Video::drawCursor(int, int, unsigned char*, int)
                0x00000000c0011282                Video::tgaParse(unsigned char*, int, int*, int*)
                0x00000000c00113ea                Video::putTGA(int, int, unsigned char*, int)
 *fill*         0x00000000c0011455        0x3 
 .text          0x00000000c0011458     0x169b hw/acpi.32
                0x00000000c0011458                ACPI::close(int, int, void*)
                0x00000000c001150c                findRSDP()
                0x00000000c00115e0                loadACPITables(unsigned char*)
                0x00000000c0011844                findRSDT(unsigned char*)
                0x00000000c0011a04                findDataTable(unsigned char*, char*)
                0x00000000c0011a7c                scanMADT()
                0x00000000c0011f58                ACPI::ACPI()
                0x00000000c0011f58                ACPI::ACPI()
                0x00000000c0011fbc                ACPI::getPCIIRQAssignment(unsigned char, unsigned short, unsigned char)
                0x00000000c00120a4                ACPI::registerPCIIRQAssignment(void*, unsigned short, unsigned char, unsigned char)
                0x00000000c001216c                ACPI::setScreenBrightnessLevel(void*, int)
                0x00000000c0012174                ACPI::detectPCI()
                0x00000000c001260c                ACPI::writeSimpleBootFlag(SimpleBootFlagTable*)
                0x00000000c0012654                ACPI::sleep()
                0x00000000c0012670                ACPI::open(int, int, void*)
 *fill*         0x00000000c0012af3        0x1 
 .text          0x00000000c0012af4     0x1583 hw/cpu.32
                0x00000000c0012af4                CPU::close(int, int, void*)
                0x00000000c0012af8                CPU::lookupAMDName(unsigned char, unsigned char)
                0x00000000c0012c8c                CPU::lookupIntelName(unsigned char, unsigned char)
                0x00000000c0012f3a                CPU::AMD_K6_write_msr(unsigned int, unsigned int, unsigned int, CPU::REGS*)
                0x00000000c0012f56                CPU::AMD_K6_read_msr(unsigned int, CPU::REGS*)
                0x00000000c0012f6e                CPU::AMD_K6_writeback(int, int, int)
                0x00000000c0012fe2                CPU::cpuid(int, unsigned long*, unsigned long*, unsigned long*, unsigned long*)
                0x00000000c0013066                CPU::cpuidCheckEDX(unsigned int)
                0x00000000c0013094                CPU::cpuidCheckECX(unsigned int)
                0x00000000c00130c2                CPU::cpuidCheckExtendedEBX(unsigned int)
                0x00000000c00130f0                CPU::cpuidCheckExtendedECX(unsigned int)
                0x00000000c001311e                CPU::CPU()
                0x00000000c001311e                CPU::CPU()
                0x00000000c00131ac                CPU::displayFeatures()
                0x00000000c00131ae                CPU::detectFeatures()
                0x00000000c0013ba0                CPU::setupSMEP()
                0x00000000c0013bac                CPU::setupUMIP()
                0x00000000c0013bb6                CPU::setupTSC()
                0x00000000c0013bc0                CPU::setupLargePages()
                0x00000000c0013bca                CPU::setupPAT()
                0x00000000c0013c06                CPU::setupMTRR()
                0x00000000c0013c08                CPU::setupGlobalPages()
                0x00000000c0013c12                CPU::allowUsermodeDataAccess()
                0x00000000c0013c24                CPU::prohibitUsermodeDataAccess()
                0x00000000c0013c36                CPU::setupSMAP()
                0x00000000c0013c44                CPU::setupFeatures()
                0x00000000c0013d10                CPU::open(int, int, void*)
                0x00000000c0013e7c                CPU::decodeAddress(regs*, int*, bool*, unsigned char*)
 .text          0x00000000c0014077        0x0 hw/ports.32
 .text          0x00000000c0014077      0x16a hw/smp.32
                0x00000000c0014077                Krnl::smpEntry()
                0x00000000c0014079                Krnl::startCPU(int)
                0x00000000c00141c2                Krnl::startCPUs()
 *fill*         0x00000000c00141e1        0x1 
 .text          0x00000000c00141e2      0x581 krnl/env.32
                0x00000000c00141e2                EnvVarContainer::getEnv(char const*)
                0x00000000c0014220                EnvVarContainer::setEnv(char const*, char const*)
                0x00000000c00142e2                EnvVarContainer::deleteEnv(char const*)
                0x00000000c00142e4                EnvVarContainer::loadFrom(char const*, char const*)
                0x00000000c00144ca                EnvVarContainer::__loadSystem()
                0x00000000c00144e4                EnvVarContainer::__loadUser()
                0x00000000c00144e6                EnvVarContainer::EnvVarContainer(Process*)
                0x00000000c00144e6                EnvVarContainer::EnvVarContainer(Process*)
                0x00000000c0014508                EnvVarContainer::~EnvVarContainer()
                0x00000000c0014508                EnvVarContainer::~EnvVarContainer()
                0x00000000c0014538                Krnl::getEnv(Process*, char const*)
                0x00000000c001459d                Krnl::setEnvSystem(char const*, char const*)
                0x00000000c00145b7                Krnl::setEnvUser(char const*, char const*)
                0x00000000c00145d6                Krnl::setEnvProcess(Process*, char const*, char const*)
                0x00000000c00145e9                Krnl::deleteEnvSystem(char const*)
                0x00000000c00145ea                Krnl::deleteEnvUser(char const*)
                0x00000000c00145eb                Krnl::deleteEnvProcess(Process*, char const*)
                0x00000000c00145ec                Krnl::newProcessEnv(Process*)
                0x00000000c001460e                Krnl::copyProcessEnv(Process*, Process*)
                0x00000000c001465a                Krnl::loadSystemEnv()
                0x00000000c0014688                Krnl::loadUserEnv()
                0x00000000c00146ae                Krnl::flushEnv()
                0x00000000c00146af                Krnl::getProcessTotalEnvCount(Process*)
                0x00000000c00146cf                Krnl::getProcessEnvPair(Process*, int)
 .text          0x00000000c0014763      0x39c krnl/panic.32
                0x00000000c0014763                Krnl::panic(char const*)
 *fill*         0x00000000c0014aff        0x1 
 .text          0x00000000c0014b00      0x5a0 net/ethernet.32
                0x00000000c0014b00                Net::switchEndian16(unsigned short)
                0x00000000c0014b24                Net::switchEndian32(unsigned int)
                0x00000000c0014b54                Net::crc32Calc(unsigned char*, int)
                0x00000000c0014bf8                Net::wrapEthernetFrame(Net::UnwrappedEthernetFrame, unsigned char*)
                0x00000000c0014e14                Net::unwrapEthernetFrame(unsigned char*, int)
 .text          0x00000000c00150a0      0x50e reg/registry.32
                0x00000000c00150a0                Reg::findLineFromLoadedData(char*, char*, char*)
                0x00000000c00151f8                Reg::getLineFromRegistry(char*, char*, char*, char*)
                0x00000000c001534d                Reg::getLine(char*, char*, char*)
                0x00000000c0015384                Reg::readInt(char*, char*, int*)
                0x00000000c001546f                Reg::readString(char*, char*, char*, int)
                0x00000000c00154f0                Reg::readBool(char*, char*, bool*)
                0x00000000c0015515                Reg::readBoolWithDefault(char*, char*, bool)
                0x00000000c0015541                Reg::readIntWithDefault(char*, char*, int)
                0x00000000c001556d                Reg::readStringWithDefault(char*, char*, char*, int, char*)
 .text          0x00000000c00155ae       0x36 sys/sc_eject.32
                0x00000000c00155ae                Sys::eject(regs*)
 .text          0x00000000c00155e4       0x18 sys/sc_exit.32
                0x00000000c00155e4                Sys::exit(regs*)
 .text          0x00000000c00155fc       0x1f sys/sc_getcwd.32
                0x00000000c00155fc                Sys::getCwd(regs*)
 .text          0x00000000c001561b        0xc sys/sc_getpid.32
                0x00000000c001561b                Sys::getPID(regs*)
 .text          0x00000000c0015627       0x1a sys/sc_getramdata.32
                0x00000000c0015627                Sys::getRAMData(regs*)
 .text          0x00000000c0015641       0x84 sys/sc_getvgaptr.32
                0x00000000c0015641                Sys::getVGAPtr(regs*)
 .text          0x00000000c00156c5       0xa8 sys/sc_loaddll.32
                0x00000000c00156c5                Sys::loadDLL(regs*)
 .text          0x00000000c001576d       0x68 sys/sc_read.32
                0x00000000c001576d                Sys::read(regs*)
 .text          0x00000000c00157d5       0x55 sys/sc_sbrk.32
                0x00000000c00157d5                Sys::sbrk(regs*)
 .text          0x00000000c001582a       0x1c sys/sc_setcwd.32
                0x00000000c001582a                Sys::setCwd(regs*)
 .text          0x00000000c0015846       0x95 sys/sc_settime.32
                0x00000000c0015846                Sys::setTime(regs*)
 .text          0x00000000c00158db       0x4a sys/sc_timezone.32
                0x00000000c00158db                Sys::timezone(regs*)
 .text          0x00000000c0015925       0x68 sys/sc_write.32
                0x00000000c0015925                Sys::write(regs*)
 .text          0x00000000c001598d       0x62 sys/sc_wsbe.32
                0x00000000c001598d                Sys::wsbe(regs*)
 .text          0x00000000c00159ef       0x38 sys/sc_yield.32
                0x00000000c00159ef                Sys::yield(regs*)
 .text          0x00000000c0015a27      0xf8e sys/syscalls.32
                0x00000000c0015a27                sysCallSeekDir(regs*)
                0x00000000c0015a2c                sysCallTellDir(regs*)
                0x00000000c0015a31                sysCallVerify(regs*)
                0x00000000c0015a3b                sysCallGetArgc(regs*)
                0x00000000c0015a4b                sysFormatDisk(regs*)
                0x00000000c0015ab5                sysSetDiskVolumeLabel(regs*)
                0x00000000c0015aff                sysGetDiskVolumeLabel(regs*)
                0x00000000c0015b54                sysShutdown(regs*)
                0x00000000c0015bb2                sysCallRealpath(regs*)
                0x00000000c0015bf5                sysCallReadDir(regs*)
                0x00000000c0015c74                sysCallIsATTY(regs*)
                0x00000000c0015cce                sysCallSeek(regs*)
                0x00000000c0015d25                sysCallTell(regs*)
                0x00000000c0015d91                sysCallSize(regs*)
                0x00000000c0015e03                sysCallSizeFromFilename(regs*)
                0x00000000c0015eb2                sysCallClose(regs*)
                0x00000000c0015f12                sysCallOpenDir(regs*)
                0x00000000c0015f87                sysCallCloseDir(regs*)
                0x00000000c0015fdb                sysCallMakeDir(regs*)
                0x00000000c001604b                sysCallWait(regs*)
                0x00000000c0016065                sysCallNotImpl(regs*)
                0x00000000c0016080                sysPanic(regs*)
                0x00000000c001609a                sysCallRmdir(regs*)
                0x00000000c00160fe                sysCallUnlink(regs*)
                0x00000000c0016162                sysCallGetArgv(regs*)
                0x00000000c00161ae                sysCallTTYName(regs*)
                0x00000000c0016231                sysCallUSleep(regs*)
                0x00000000c001625a                sysCallSpawn(regs*)
                0x00000000c00162c2                sysCallGetEnv(regs*)
                0x00000000c001636f                sysAppSettings(regs*)
                0x00000000c0016483                sysSetFatAttrib(regs*)
                0x00000000c00164f5                sysPipe(regs*)
                0x00000000c001653a                sysGetUnixTime(regs*)
                0x00000000c001654e                string_ends_with(char const*, char const*)
                0x00000000c0016596                sysCallOpen(regs*)
                0x00000000c001677e                Sys::loadSyscalls()
                0x00000000c0016973                Sys::systemCall(regs*, void*)
 .text          0x00000000c00169b5     0x1203 thr/elf.32
                0x00000000c00169b5                Thr::allocateMemoryForTask(Process*, File*, unsigned long, unsigned long, unsigned long)
                0x00000000c0016c5f                Thr::loadProgramIntoMemory(Process*, char const*)
                0x00000000c0016e75                Thr::runtimeReferenceHelper()
                0x00000000c0016e88                Thr::getAddressOfKernelSymbol(char const*)
                0x00000000c0016ed7                Thr::loadKernelSymbolTable(char const*)
                0x00000000c0017195                Thr::loadDriverIntoMemory(char const*, unsigned long, bool)
                0x00000000c00178cb                Thr::getDriverBaseFromAddress(unsigned long)
                0x00000000c00178fd                Thr::getDriverNameFromAddress(unsigned long)
                0x00000000c0017934                Thr::getDriverOffsetFromAddress(unsigned long)
                0x00000000c001794e                Thr::loadDLL(char const*, bool)
                0x00000000c0017b7f                Thr::executeDLL(unsigned long, void*)
 .text          0x00000000c0017bb8     0x12a9 thr/prcssthr.32
                0x00000000c0017bb8                userModeEntryPoint(void*)
                0x00000000c0017be0                changeTSS
                0x00000000c0017c10                switchToThread(ThreadControlBlock*)
                0x00000000c0017cc4                Process::addArgs(char**)
                0x00000000c0017d24                Process::Process(char const*, Process*, char**)
                0x00000000c0017d24                Process::Process(char const*, Process*, char**)
                0x00000000c0017f10                Process::Process(bool, char const*, Process*, char**)
                0x00000000c0017f10                Process::Process(bool, char const*, Process*, char**)
                0x00000000c00180c8                taskStartupFunction
                0x00000000c00180d4                Semaphore::Semaphore(int)
                0x00000000c00180d4                Semaphore::Semaphore(int)
                0x00000000c0018104                Mutex::Mutex()
                0x00000000c0018104                Mutex::Mutex()
                0x00000000c0018118                Process::createThread(void (*)(void*), void*, int)
                0x00000000c0018210                Process::createUserThread()
                0x00000000c001822c                setupMultitasking(void (*)())
                0x00000000c0018334                schedule()
                0x00000000c00183c0                Semaphore::tryAcquire()
                0x00000000c001848c                Semaphore::assertLocked(char const*)
                0x00000000c0018504                blockTaskWithSchedulerLockAlreadyHeld(TaskState)
                0x00000000c001852c                blockTask(TaskState)
                0x00000000c001855c                waitTask(int, int*, int)
                0x00000000c00185a0                milliTenthSleepUntil(unsigned int)
                0x00000000c001862c                milliTenthSleep(unsigned int)
                0x00000000c001863c                sleep(unsigned int)
                0x00000000c0018658                Semaphore::acquire()
                0x00000000c0018714                taskReturned
                0x00000000c0018750                Thr::processFromPID(int)
                0x00000000c00187f0                unblockTask(ThreadControlBlock*)
                0x00000000c0018894                cleanupTerminatedTask(ThreadControlBlock*)
                0x00000000c0018b5c                cleanerTaskFunction(void*)
                0x00000000c0018c4c                terminateTask(int)
                0x00000000c0018d18                Thr::terminateFromIRQ(int)
                0x00000000c0018d24                Semaphore::release()
 .text          0x00000000c0018e61      0xada vm86/vm8086.32
                0x00000000c0018e61                Vm::inbv(unsigned short)
                0x00000000c0018e74                Vm::outbv(unsigned short, unsigned char)
                0x00000000c0018eaa                Vm::realToLinear(unsigned short, unsigned short)
                0x00000000c0018eba                Vm::getSegment(unsigned int)
                0x00000000c0018ec2                Vm::getOffset(unsigned int)
                0x00000000c0018ec7                Vm::mainloop2()
                0x00000000c0018f01                Vm::mainVm8086Loop(void*)
                0x00000000c0018f11                Vm::mainloop3(unsigned long)
                0x00000000c0018f37                Vm::initialise8086()
                0x00000000c0018f7a                Vm::finish8086()
                0x00000000c0018fdb                Vm::getOutput8086(unsigned char*)
                0x00000000c0019000                Vm::start8086(char const*, unsigned short, unsigned short, unsigned short, unsigned short)
                0x00000000c0019168                Vm::doISR(regs*, int, unsigned char*, unsigned short, unsigned short)
                0x00000000c00191f2                Vm::readByteFromReal(unsigned short, unsigned short)
                0x00000000c0019203                Vm::readWordFromReal(unsigned short, unsigned short)
                0x00000000c0019215                Vm::readDwordFromReal(unsigned short, unsigned short)
                0x00000000c0019226                Vm::writeByteFromReal(unsigned short, unsigned short, unsigned char)
                0x00000000c001923b                Vm::writeWordFromReal(unsigned short, unsigned short, unsigned short)
                0x00000000c0019251                Vm::writeDwordFromReal(unsigned short, unsigned short, unsigned int)
                0x00000000c0019266                Vm::faultHandler(regs*)
 *fill*         0x00000000c001993b        0x1 
 .text          0x00000000c001993c      0xfcd vm86/x87em.32
                0x00000000c001993c                Vm::fpuInternalTo32(unsigned long long)
                0x00000000c001999a                Vm::fpuInternalTo64(unsigned long long)
                0x00000000c00199a3                Vm::fpu32ToInternal(unsigned int)
                0x00000000c00199e8                Vm::fpu64ToInternal(unsigned long long)
                0x00000000c00199f1                Vm::fpuFloatToLong(unsigned long long)
                0x00000000c0019a50                Vm::fpuULongToFloat(unsigned long long)
                0x00000000c0019a8c                Vm::fpuLongToFloat(long long)
                0x00000000c0019aeb                Vm::fpuGet0()
                0x00000000c0019af0                Vm::fpuGet1()
                0x00000000c0019af8                Vm::fpuGetPi()
                0x00000000c0019b00                Vm::fpuGetLog2E()
                0x00000000c0019b18                Vm::fpuGetLogE2()
                0x00000000c0019b30                Vm::fpuGetLog210()
                0x00000000c0019b48                Vm::fpuGetLog102()
                0x00000000c0019b60                Vm::fpuIsSecondLarger(unsigned long long, unsigned long long)
                0x00000000c0019b74                Vm::fpuAreEqual(unsigned long long, unsigned long long)
                0x00000000c0019b8a                Vm::fpuUnorderedCompare(unsigned long long, unsigned long long)
                0x00000000c0019be0                Vm::fpuAdd(unsigned long long, unsigned long long)
                0x00000000c0019bf1                Vm::fpuAbs(unsigned long long)
                0x00000000c0019bfa                Vm::fpuChs(unsigned long long)
                0x00000000c0019c0a                Vm::fpuSub(unsigned long long, unsigned long long)
                0x00000000c0019c19                Vm::fpuMultiply(unsigned long long, unsigned long long)
                0x00000000c0019c38                Vm::fpuDivide(unsigned long long, unsigned long long)
                0x00000000c0019c54                Vm::fpuSquare(unsigned long long)
                0x00000000c0019c6a                Vm::fpuGetReg(int)
                0x00000000c0019cad                Vm::fpuSetReg(int, unsigned long long)
                0x00000000c0019cf9                Vm::fpuPush(unsigned long long)
                0x00000000c0019d57                Vm::fpuPop()
                0x00000000c0019daa                Vm::x87Handler(regs*)
 *fill*         0x00000000c001a909        0x3 
 .text          0x00000000c001a90c     0x13b7 fs/fat/vfslink.32
                0x00000000c001a90c                FAT::getName()
                0x00000000c001a914                FAT::tell(void*, unsigned long long*)
                0x00000000c001a950                FAT::stat(void*, unsigned long long*)
                0x00000000c001a98c                FAT::~FAT()
                0x00000000c001a98c                FAT::~FAT()
                0x00000000c001a9b0                FAT::~FAT()
                0x00000000c001a9d8                FAT::getlabel(LogicalDisk*, int, char*, unsigned int*)
                0x00000000c001aa7c                FAT::setlabel(LogicalDisk*, int, char*)
                0x00000000c001ab40                FAT::format(LogicalDisk*, int, char const*, int)
                0x00000000c001ad14                FAT::tryMount(LogicalDisk*, int)
                0x00000000c001af2c                FAT::allocateSwapfile(char const*, int)
                0x00000000c001b0e8                FAT::readDir(void*, unsigned long, void*, int*)
                0x00000000c001b254                FAT::read(void*, unsigned long, void*, int*)
                0x00000000c001b2b4                FAT::write(void*, unsigned long, void*, int*)
                0x00000000c001b314                FAT::close(void*)
                0x00000000c001b368                FAT::closeDir(void*)
                0x00000000c001b3bc                FAT::seek(void*, unsigned long long)
                0x00000000c001b418                fatWrapperReadDisk
                0x00000000c001b460                fatWrapperWriteDisk
                0x00000000c001b4a8                fatWrapperIoctl
                0x00000000c001b5b8                FAT::FAT()
                0x00000000c001b5b8                FAT::FAT()
                0x00000000c001b60c                FAT::fixFilepath(char*)
                0x00000000c001b648                FAT::open(char const*, void**, FileOpenMode)
                0x00000000c001b77c                FAT::openDir(char const*, void**)
                0x00000000c001b82c                FAT::stat(char const*, unsigned long long*, bool*)
                0x00000000c001b920                FAT::unlink(char const*)
                0x00000000c001b9a0                FAT::chfatattr(char const*, unsigned char, unsigned char)
                0x00000000c001bb08                FAT::rename(char const*, char const*)
                0x00000000c001bbd4                FAT::mkdir(char const*)
                0x00000000c001bc54                FAT::exists(char const*)
 *fill*         0x00000000c001bcc3        0x1 
 .text          0x00000000c001bcc4      0xb75 fs/iso9660/vfslink.32
                0x00000000c001bcc4                ISO9660::format(LogicalDisk*, int, char const*, int)
                0x00000000c001bcca                ISO9660::seek(void*, unsigned long long)
                0x00000000c001bcfa                ISO9660::tell(void*, unsigned long long*)
                0x00000000c001bd1e                ISO9660::getName()
                0x00000000c001bd24                ISO9660::stat(void*, unsigned long long*)
                0x00000000c001bd48                ISO9660::chfatattr(char const*, unsigned char, unsigned char)
                0x00000000c001bd4e                ISO9660::unlink(char const*)
                0x00000000c001bd54                ISO9660::write(void*, unsigned long, void*, int*)
                0x00000000c001bd5a                ISO9660::rename(char const*, char const*)
                0x00000000c001bd60                ISO9660::mkdir(char const*)
                0x00000000c001bd66                ISO9660::close(void*)
                0x00000000c001bd88                ISO9660::closeDir(void*)
                0x00000000c001bdaa                ISO9660::~ISO9660()
                0x00000000c001bdaa                ISO9660::~ISO9660()
                0x00000000c001bdce                ISO9660::~ISO9660()
                0x00000000c001bdf5                __memmem(unsigned char*, int, unsigned char*, int)
                0x00000000c001be37                readSectorFromCDROM(unsigned int, unsigned char*, char)
                0x00000000c001be92                ISO9660::tryMount(LogicalDisk*, int)
                0x00000000c001bee2                ISO9660::read(void*, unsigned long, void*, int*)
                0x00000000c001c0e6                ISO9660::readDir(void*, unsigned long, void*, int*)
                0x00000000c001c360                readRoot(unsigned int*, unsigned int*, char)
                0x00000000c001c3b4                readRecursively(char*, unsigned int, unsigned int, unsigned int*, unsigned int*, char, int*)
                0x00000000c001c587                getFileData(char*, unsigned int*, unsigned int*, char, int*)
                0x00000000c001c616                ISO9660::open(char const*, void**, FileOpenMode)
                0x00000000c001c6c4                ISO9660::exists(char const*)
                0x00000000c001c6e8                ISO9660::stat(char const*, unsigned long long*, bool*)
                0x00000000c001c77c                ISO9660::openDir(char const*, void**)
                0x00000000c001c816                ISO9660::ISO9660()
                0x00000000c001c816                ISO9660::ISO9660()
 *fill*         0x00000000c001c839        0x1 
 .text          0x00000000c001c83a      0x298 hal/sound/sndcard.32
                0x00000000c001c83a                SoundCard::beginPlayback()
                0x00000000c001c848                SoundCard::stopPlayback()
                0x00000000c001c856                SoundCard::SoundCard(char const*)
                0x00000000c001c856                SoundCard::SoundCard(char const*)
                0x00000000c001c8f4                SoundCard::~SoundCard()
                0x00000000c001c8f4                SoundCard::~SoundCard()
                0x00000000c001c918                SoundCard::~SoundCard()
                0x00000000c001c942                SoundCard::configureRates(int, int, int)
                0x00000000c001c972                SoundCard::getSamples16(int, short*)
                0x00000000c001c9dc                SoundCard::getSamples32(int, int*)
                0x00000000c001ca62                SoundCard::addChannel(SoundPort*)
                0x00000000c001cabe                SoundCard::removeChannel(int)
 *fill*         0x00000000c001cad2        0x2 
 .text          0x00000000c001cad4      0x3fb hal/sound/sndport.32
                0x00000000c001cad4                SoundPort::SoundPort(int, int, int, int)
                0x00000000c001cad4                SoundPort::SoundPort(int, int, int, int)
                0x00000000c001cb60                SoundPort::~SoundPort()
                0x00000000c001cb60                SoundPort::~SoundPort()
                0x00000000c001cb94                SoundPort::unpause()
                0x00000000c001cba0                SoundPort::pause()
                0x00000000c001cbac                SoundPort::getBufferUsed()
                0x00000000c001cbb4                SoundPort::getBufferSize()
                0x00000000c001cbbc                SoundPort::buffer16(short*, int)
                0x00000000c001cc70                SoundPort::buffer32(int*, int)
                0x00000000c001cd1c                SoundPort::unbufferAndAdd16(int, short*, SoundCard*)
                0x00000000c001ce18                SoundPort::unbufferAndAdd32(int, int*, SoundCard*)
 .text          0x00000000c001cecf        0x0 hw/bus/isa.32
 *fill*         0x00000000c001cecf        0x1 
 .text          0x00000000c001ced0     0x17f2 hw/bus/pci.32
                0x00000000c001ced0                PCI::open(int, int, void*)
                0x00000000c001ceee                PCI::close(int, int, void*)
                0x00000000c001cef2                PCI::PCI()
                0x00000000c001cef2                PCI::PCI()
                0x00000000c001cf88                PCI::readBAR8(unsigned int, int)
                0x00000000c001cfa4                PCI::readBAR16(unsigned int, int)
                0x00000000c001cfc2                PCI::readBAR32(unsigned int, int)
                0x00000000c001cfde                PCI::writeBAR8(unsigned int, unsigned char, int)
                0x00000000c001cffe                PCI::writeBAR16(unsigned int, unsigned short, int)
                0x00000000c001d020                PCI::writeBAR32(unsigned int, unsigned int, int)
                0x00000000c001d040                PCI::legacyMechanism(unsigned char, unsigned char, unsigned char, unsigned char)
                0x00000000c001d0ae                PCI::pciReadWord(unsigned char, unsigned char, unsigned char, unsigned char)
                0x00000000c001d156                PCI::getVendorID(unsigned char, unsigned char, unsigned char)
                0x00000000c001d17a                PCI::getHeaderType(unsigned char, unsigned char, unsigned char)
                0x00000000c001d1a2                PCI::getClassCode(unsigned char, unsigned char, unsigned char)
                0x00000000c001d1ec                PCI::getProgIF(unsigned char, unsigned char, unsigned char)
                0x00000000c001d214                PCI::getRevisionID(unsigned char, unsigned char, unsigned char)
                0x00000000c001d238                PCI::getInterruptNumber(unsigned char, unsigned char, unsigned char)
                0x00000000c001d25c                PCI::getSecondaryBus(unsigned char, unsigned char, unsigned char)
                0x00000000c001d284                PCI::getBARAddress(unsigned char, unsigned char, unsigned char, unsigned char)
                0x00000000c001d2e8                PCI::pciWriteWord(unsigned char, unsigned char, unsigned char, unsigned char, unsigned short)
                0x00000000c001d3d0                PCI::pciDetailsToFilepath(PCIDeviceInfo, char*)
                0x00000000c001d776                PCI::checkBus(unsigned char)
                0x00000000c001d866                PCI::foundDevice(PCIDeviceInfo)
                0x00000000c001ddcc                PCI::getDeviceData(unsigned char, unsigned char, unsigned char)
                0x00000000c001e2fa                PCI::checkDevice(unsigned char, unsigned char)
                0x00000000c001e55c                PCI::detect()
 .text          0x00000000c001e6c2      0xb4a hw/diskctrl/ide.32
                0x00000000c001e6c2                IDE::close(int, int, void*)
                0x00000000c001e6c6                IDE::IDE()
                0x00000000c001e6c6                IDE::IDE()
                0x00000000c001e6fa                IDE::prepareInterrupt(unsigned char)
                0x00000000c001e70c                selectDrive(unsigned char, unsigned char)
                0x00000000c001e70e                IDE::getBase(unsigned char)
                0x00000000c001e720                IDE::write(unsigned char, unsigned char, unsigned char)
                0x00000000c001e7e0                IDE::read(unsigned char, unsigned char)
                0x00000000c001e88e                IDE::waitInterrupt(unsigned char)
                0x00000000c001e8f0                ideChannel0IRQHandler(regs*, void*)
                0x00000000c001e90c                ideChannel1IRQHandler(regs*, void*)
                0x00000000c001e928                IDE::enableIRQs(unsigned char, bool)
                0x00000000c001e96e                IDE::open(int, int, void*)
                0x00000000c001ed7c                IDE::readBuffer(unsigned char, unsigned char, unsigned int, unsigned int)
                0x00000000c001ee48                IDE::detect()
                0x00000000c001f108                IDE::printError(unsigned char, unsigned char, unsigned char)
                0x00000000c001f1b8                IDE::polling(unsigned char, unsigned int)
 .text          0x00000000c001f20c      0x336 hw/diskctrl/satabus.32
                0x00000000c001f20c                SATABus::close(int, int, void*)
                0x00000000c001f210                SATABus::detect()
                0x00000000c001f212                SATABus::SATABus()
                0x00000000c001f212                SATABus::SATABus()
                0x00000000c001f298                SATABus::findCmdslot(SATABus::tagHBA_PORT volatile*)
                0x00000000c001f2e0                SATABus::checkType(SATABus::tagHBA_PORT volatile*)
                0x00000000c001f328                SATABus::startCmd(SATABus::tagHBA_PORT volatile*)
                0x00000000c001f348                SATABus::stopCmd(SATABus::tagHBA_PORT volatile*)
                0x00000000c001f372                SATABus::portRebase(SATABus::tagHBA_PORT volatile*, int)
                0x00000000c001f478                SATABus::probePort(SATABus::tagHBA_MEM volatile*)
                0x00000000c001f522                SATABus::open(int, int, void*)
 .text          0x00000000c001f542      0x684 hw/diskphys/ata.32
                0x00000000c001f542                ATA::close(int, int, void*)
                0x00000000c001f566                ATA::powerSaving(PowerSavingLevel)
                0x00000000c001f568                ATA::ATA()
                0x00000000c001f568                ATA::ATA()
                0x00000000c001f596                ATA::flush(bool)
                0x00000000c001f5e0                ATA::readyForCommand()
                0x00000000c001f62c                ATA::access(unsigned long long, int, void*, bool)
                0x00000000c001fa22                ATA::read(unsigned long long, int, void*)
                0x00000000c001fa6e                ATA::write(unsigned long long, int, void*)
                0x00000000c001fad0                ATA::detectCHS()
                0x00000000c001fafa                ATA::open(int, int, void*)
 .text          0x00000000c001fbc6      0x5b9 hw/diskphys/atapi.32
                0x00000000c001fbc6                ATAPI::write(unsigned long long, int, void*)
                0x00000000c001fbcc                ATAPI::close(int, int, void*)
                0x00000000c001fbf0                ATAPI::ATAPI()
                0x00000000c001fbf0                ATAPI::ATAPI()
                0x00000000c001fc1e                ATAPI::readyForCommand()
                0x00000000c001fc6a                ATAPI::sendPacket(unsigned char*, int, bool, unsigned short*, int)
                0x00000000c001ff2a                ATAPI::diskRemoved()
                0x00000000c001ff46                ATAPI::eject()
                0x00000000c001ff8e                ATAPI::diskInserted()
                0x00000000c001ffbc                ATAPI::detectMedia()
                0x00000000c0020078                ATAPI::open(int, int, void*)
                0x00000000c0020100                ATAPI::read(unsigned long long, int, void*)
 *fill*         0x00000000c002017f        0x1 
 .text          0x00000000c0020180      0x41c hw/diskphys/sata.32
                0x00000000c0020180                SATA::close(int, int, void*)
                0x00000000c00201a4                SATA::powerSaving(PowerSavingLevel)
                0x00000000c00201a6                SATA::open(int, int, void*)
                0x00000000c0020250                SATA::SATA()
                0x00000000c0020250                SATA::SATA()
                0x00000000c002027e                SATA::access(unsigned long long, int, void*, bool)
                0x00000000c00204e4                SATA::read(unsigned long long, int, void*)
                0x00000000c0020530                SATA::write(unsigned long long, int, void*)
 .text          0x00000000c002059c      0x4fe hw/diskphys/satapi.32
                0x00000000c002059c                SATAPI::write(unsigned long long, int, void*)
                0x00000000c00205a2                SATAPI::close(int, int, void*)
                0x00000000c00205c6                SATAPI::SATAPI()
                0x00000000c00205c6                SATAPI::SATAPI()
                0x00000000c00205f4                SATAPI::diskRemoved()
                0x00000000c0020610                SATAPI::diskInserted()
                0x00000000c002063e                SATAPI::sendPacket(unsigned char*, int, unsigned long long, unsigned short*, int)
                0x00000000c0020846                SATAPI::eject()
                0x00000000c002088e                SATAPI::detectMedia()
                0x00000000c0020950                SATAPI::open(int, int, void*)
                0x00000000c00209f8                SATAPI::read(unsigned long long, int, void*)
 *fill*         0x00000000c0020a9a        0x2 
 .text          0x00000000c0020a9c       0x94 hw/fpu/avx.32
                0x00000000c0020a9c                AVX::open(int, int, void*)
                0x00000000c0020ab0                AVX::close(int, int, void*)
                0x00000000c0020ac4                AVX::available()
                0x00000000c0020ad8                AVX::save(void*)
                0x00000000c0020af0                AVX::load(void*)
                0x00000000c0020b08                AVX::AVX()
                0x00000000c0020b08                AVX::AVX()
 .text          0x00000000c0020b30       0x94 hw/fpu/mmx.32
                0x00000000c0020b30                MMX::available()
                0x00000000c0020b44                MMX::open(int, int, void*)
                0x00000000c0020b58                MMX::close(int, int, void*)
                0x00000000c0020b6c                MMX::save(void*)
                0x00000000c0020b84                MMX::load(void*)
                0x00000000c0020b9c                MMX::MMX()
                0x00000000c0020b9c                MMX::MMX()
 .text          0x00000000c0020bc4       0x9c hw/fpu/sse.32
                0x00000000c0020bc4                SSE::open(int, int, void*)
                0x00000000c0020bd8                SSE::close(int, int, void*)
                0x00000000c0020bec                SSE::available()
                0x00000000c0020c08                SSE::save(void*)
                0x00000000c0020c20                SSE::load(void*)
                0x00000000c0020c38                SSE::SSE()
                0x00000000c0020c38                SSE::SSE()
 .text          0x00000000c0020c60       0x94 hw/fpu/x87.32
                0x00000000c0020c60                x87::open(int, int, void*)
                0x00000000c0020c74                x87::close(int, int, void*)
                0x00000000c0020c88                x87::available()
                0x00000000c0020c9c                x87::save(void*)
                0x00000000c0020cb4                x87::load(void*)
                0x00000000c0020ccc                x87::x87()
                0x00000000c0020ccc                x87::x87()
 .text          0x00000000c0020cf4      0x71e hw/intctrl/apic.32
                0x00000000c0020cf4                APIC::disable()
                0x00000000c0020cf6                APIC::close(int, int, void*)
                0x00000000c0020d18                IOAPIC::close(int, int, void*)
                0x00000000c0020d1e                APIC::io_wait()
                0x00000000c0020d24                APIC::getBase()
                0x00000000c0020d66                APIC::eoi(unsigned char)
                0x00000000c0020d94                APIC::open(int, int, void*)
                0x00000000c0020ee2                IOAPIC::IOAPIC()
                0x00000000c0020ee2                IOAPIC::IOAPIC()
                0x00000000c0020f0a                APIC::APIC()
                0x00000000c0020f0a                APIC::APIC()
                0x00000000c0020fe6                IOAPIC::handlesGSIWithNumber(unsigned int)
                0x00000000c0021018                IOAPIC::read(int)
                0x00000000c0021040                IOAPIC::open(int, int, void*)
                0x00000000c0021136                IOAPIC::write(int, int)
                0x00000000c0021162                IOAPIC::redirect(unsigned char, unsigned long long, unsigned char, bool, bool)
                0x00000000c002125c                APIC::installIRQHandler(int, void (*)(regs*, void*), bool, void*)
 .text          0x00000000c0021412      0x3d3 hw/intctrl/pic.32
                0x00000000c0021412                PIC::disable()
                0x00000000c0021440                PIC::close(int, int, void*)
                0x00000000c0021462                PIC::PIC()
                0x00000000c0021462                PIC::PIC()
                0x00000000c0021538                PIC::ioWait()
                0x00000000c002153e                PIC::getIRQReg(int)
                0x00000000c00215a8                PIC::eoi(unsigned char)
                0x00000000c002163a                PIC::remap()
                0x00000000c00217a6                PIC::open(int, int, void*)
 *fill*         0x00000000c00217e5        0x3 
 .text          0x00000000c00217e8      0x240 hw/timer/apictimer.32
                0x00000000c00217e8                APICTimer::close(int, int, void*)
                0x00000000c00217f0                apicTimerHandler(regs*, void*)
                0x00000000c0021818                APICTimer::write(int)
                0x00000000c0021900                APICTimer::open(int, int, void*)
                0x00000000c0021a00                APICTimer::APICTimer()
                0x00000000c0021a00                APICTimer::APICTimer()
 .text          0x00000000c0021a28      0x1a3 hw/timer/pit.32
                0x00000000c0021a28                PIT::write(int)
                0x00000000c0021aa8                pitHandler(regs*, void*)
                0x00000000c0021acc                PIT::open(int, int, void*)
                0x00000000c0021b1c                PIT::close(int, int, void*)
                0x00000000c0021b4c                PIT::PIT()
                0x00000000c0021b4c                PIT::PIT()
 *fill*         0x00000000c0021bcb        0x5 
 .text          0x00000000c0021bd0       0x1e hw/fpu/x86/avx.32
                0x00000000c0021bd0                avxDetect
                0x00000000c0021bd6                avxSave
                0x00000000c0021bd7                avxLoad
                0x00000000c0021bd8                avxInit
                0x00000000c0021bd9                avxClose
                0x00000000c0021bda                wouldSheSayYes
 *fill*         0x00000000c0021bee        0x2 
 .text          0x00000000c0021bf0       0x35 hw/fpu/x86/sse.32
                0x00000000c0021bf0                absolutelyNoChanceInHell
                0x00000000c0021bf0                sseDetect
                0x00000000c0021c08                sseSave
                0x00000000c0021c0e                sseLoad
                0x00000000c0021c14                sseInit
                0x00000000c0021c24                sseClose
 *fill*         0x00000000c0021c25        0xb 
 .text          0x00000000c0021c30       0x4d hw/fpu/x86/x87.32
                0x00000000c0021c36                x87Detect
                0x00000000c0021c51                x87Save
                0x00000000c0021c5a                x87Load
                0x00000000c0021c62                x87Init
                0x00000000c0021c7c                x87Close
 *fill*         0x00000000c0021c7d        0x3 
 .text          0x00000000c0021c80       0x25 /cygdrive/d/Users/Alex/Desktop/Toolchain/Output/bin/../lib/gcc/i386-banana/8.1.0/crtend.o
 .text          0x00000000c0021ca5        0x0 crtn.32
 *fill*         0x00000000c0021ca5        0x3 
 .text          0x00000000c0021ca8      0x14b /cygdrive/d/Users/Alex/Desktop/Toolchain/Output/bin/../lib/gcc/i386-banana/8.1.0/libkgcc.a(_divdi3.o)
                0x00000000c0021ca8                __divdi3
 *fill*         0x00000000c0021df3        0x1 
 .text          0x00000000c0021df4      0x17e /cygdrive/d/Users/Alex/Desktop/Toolchain/Output/bin/../lib/gcc/i386-banana/8.1.0/libkgcc.a(_moddi3.o)
                0x00000000c0021df4                __moddi3
 *fill*         0x00000000c0021f72        0x2 
 .text          0x00000000c0021f74       0xff /cygdrive/d/Users/Alex/Desktop/Toolchain/Output/bin/../lib/gcc/i386-banana/8.1.0/libkgcc.a(_udivdi3.o)
                0x00000000c0021f74                __udivdi3
 *fill*         0x00000000c0022073        0x1 
 .text          0x00000000c0022074      0x11a /cygdrive/d/Users/Alex/Desktop/Toolchain/Output/bin/../lib/gcc/i386-banana/8.1.0/libkgcc.a(_umoddi3.o)
                0x00000000c0022074                __umoddi3
 *(.gnu.linkonce.t*)

.iplt           0x00000000c0022190        0x0
 .iplt          0x00000000c0022190        0x0 D:/Users/Alex/Desktop/Banana/kernel/boot.32

.init           0x00000000c002218e        0xf
 .init          0x00000000c002218e        0x3 crti.32
                0x00000000c002218e                _init
 .init          0x00000000c0022191        0x5 /cygdrive/d/Users/Alex/Desktop/Toolchain/Output/bin/../lib/gcc/i386-banana/8.1.0/crtbegin.o
 .init          0x00000000c0022196        0x5 /cygdrive/d/Users/Alex/Desktop/Toolchain/Output/bin/../lib/gcc/i386-banana/8.1.0/crtend.o
 .init          0x00000000c002219b        0x2 crtn.32

.fini           0x00000000c002219d        0xa
 .fini          0x00000000c002219d        0x3 crti.32
                0x00000000c002219d                _fini
 .fini          0x00000000c00221a0        0x5 /cygdrive/d/Users/Alex/Desktop/Toolchain/Output/bin/../lib/gcc/i386-banana/8.1.0/crtbegin.o
 .fini          0x00000000c00221a5        0x2 crtn.32

.text._ZN8ComputerD2Ev
                0x00000000c00221a8       0x23
 .text._ZN8ComputerD2Ev
                0x00000000c00221a8       0x23 core/computer.32
                0x00000000c00221a8                Computer::~Computer()
                0x00000000c00221a8                Computer::~Computer()

.text._ZN8ComputerD0Ev
                0x00000000c00221cc       0x2a
 .text._ZN8ComputerD0Ev
                0x00000000c00221cc       0x2a core/computer.32
                0x00000000c00221cc                Computer::~Computer()

.text._Z10idleCommonv
                0x00000000c00221f6       0x21
 .text._Z10idleCommonv
                0x00000000c00221f6       0x21 core/idle.32
                0x00000000c00221f6                idleCommon()

.text._ZN10LinkedListI8UnixFileED2Ev
                0x00000000c0022218        0x2
 .text._ZN10LinkedListI8UnixFileED2Ev
                0x00000000c0022218        0x2 core/unixfile.32
                0x00000000c0022218                LinkedList<UnixFile>::~LinkedList()
                0x00000000c0022218                LinkedList<UnixFile>::~LinkedList()

.text._ZN10LinkedListI8UnixFileEC2Ev
                0x00000000c002221a       0x42
 .text._ZN10LinkedListI8UnixFileEC2Ev
                0x00000000c002221a       0x42 core/unixfile.32
                0x00000000c002221a                LinkedList<UnixFile>::LinkedList()
                0x00000000c002221a                LinkedList<UnixFile>::LinkedList()

.text._ZN10LinkedListI8UnixFileE10addElementEPS0_
                0x00000000c002225c       0xd3
 .text._ZN10LinkedListI8UnixFileE10addElementEPS0_
                0x00000000c002225c       0xd3 core/unixfile.32
                0x00000000c002225c                LinkedList<UnixFile>::addElement(UnixFile*)

.text._ZN10LinkedListI8UnixFileE15getFirstElementEv
                0x00000000c0022330        0x7
 .text._ZN10LinkedListI8UnixFileE15getFirstElementEv
                0x00000000c0022330        0x7 core/unixfile.32
                0x00000000c0022330                LinkedList<UnixFile>::getFirstElement()

.text._ZN10LinkedListI8UnixFileE11removeFirstEv
                0x00000000c0022338       0xa1
 .text._ZN10LinkedListI8UnixFileE11removeFirstEv