Archive member included to satisfy reference by file (symbol)

/cygdrive/d/Users/Alex/Desktop/Toolchain/Output/bin/../lib/gcc/i386-banana/8.1.0/libkgcc.a(_divdi3.o)
                              fs/fat/ff.32 (__divdi3)
/cygdrive/d/Users/Alex/Desktop/Toolchain/Output/bin/../lib/gcc/i386-banana/8.1.0/libkgcc.a(_moddi3.o)
                              thr/elf.32 (__moddi3)
/cygdrive/d/Users/Alex/Desktop/Toolchain/Output/bin/../lib/gcc/i386-banana/8.1.0/libkgcc.a(_udivdi3.o)
                              fs/fat/ff.32 (__udivdi3)
/cygdrive/d/Users/Alex/Desktop/Toolchain/Output/bin/../lib/gcc/i386-banana/8.1.0/libkgcc.a(_umoddi3.o)
                              core/pipe.32 (__umoddi3)
D:/Users/Alex/Desktop/Banana/kernel/libsoftfp.a(sfieeelib.o)
                              hal/sound/sndhw.32 (__addsf3)
D:/Users/Alex/Desktop/Banana/kernel/libsoftfp.a(dfieeelib.o)
                              hal/libresample/src_linear.32 (__adddf3)
D:/Users/Alex/Desktop/Banana/kernel/libsoftfp.a(sfdfcvt.o)
                              hal/libresample/samplerate.32 (__truncdfsf2)
D:/Users/Alex/Desktop/Banana/kernel/libk/libm32.a(s_fabs.c.o)
                              hal/libresample/samplerate.32 (fabs)
D:/Users/Alex/Desktop/Banana/kernel/libk/libm32.a(s_lrint.S.o)
                              hal/libresample/samplerate.32 (lrint)
D:/Users/Alex/Desktop/Banana/kernel/libk/libm32.a(s_lrintf.S.o)
                              hal/sound/sndhw.32 (lrintf)

Discarded input sections

 .comment       0x0000000000000000       0x12 /cygdrive/d/Users/Alex/Desktop/Toolchain/Output/bin/../lib/gcc/i386-banana/8.1.0/crtbegin.o
 .comment       0x0000000000000000       0x12 acpica/utclib.32
 .comment       0x0000000000000000       0x12 core/malloc.32
 .comment       0x0000000000000000       0x12 libk/string.32
 .comment       0x0000000000000000       0x12 fs/fat/diskio.32
 .comment       0x0000000000000000       0x12 fs/fat/ff.32
 .comment       0x0000000000000000       0x12 fs/fat/ffsystem.32
 .comment       0x0000000000000000       0x12 fs/fat/ffunicode.32
 .comment       0x0000000000000000       0x12 hal/libresample/samplerate.32
 .comment       0x0000000000000000       0x12 hal/libresample/src_linear.32
 .comment       0x0000000000000000       0x12 hal/libresample/src_sinc.32
 .comment       0x0000000000000000       0x12 hal/libresample/src_zoh.32
 .comment       0x0000000000000000       0x12 compat/inlines.32
 .group         0x0000000000000000       0x14 core/computer.32
 .group         0x0000000000000000        0xc core/computer.32
 .comment       0x0000000000000000       0x12 core/computer.32
 .comment       0x0000000000000000       0x12 core/gdt.32
 .group         0x0000000000000000        0xc core/idle.32
 .comment       0x0000000000000000       0x12 core/idle.32
 .comment       0x0000000000000000       0x12 core/idt.32
 .comment       0x0000000000000000       0x12 core/kheap.32
 .comment       0x0000000000000000       0x12 core/main.32
 .comment       0x0000000000000000       0x12 core/physmgr.32
 .group         0x0000000000000000        0xc core/pipe.32
 .comment       0x0000000000000000       0x12 core/pipe.32
 .group         0x0000000000000000        0xc core/terminal.32
 .comment       0x0000000000000000       0x12 core/terminal.32
 .comment       0x0000000000000000       0x12 core/tss.32
 .group         0x0000000000000000        0x8 core/unixfile.32
 .group         0x0000000000000000        0xc core/unixfile.32
 .group         0x0000000000000000        0xc core/unixfile.32
 .group         0x0000000000000000        0x8 core/unixfile.32
 .group         0x0000000000000000        0xc core/unixfile.32
 .group         0x0000000000000000        0x8 core/unixfile.32
 .group         0x0000000000000000        0xc core/unixfile.32
 .group         0x0000000000000000        0xc core/unixfile.32
 .comment       0x0000000000000000       0x12 core/unixfile.32
 .comment       0x0000000000000000       0x12 core/virtmgr.32
 .comment       0x0000000000000000       0x12 coreobjs/c++.32
 .comment       0x0000000000000000       0x12 dbg/kconsole.32
 .group         0x0000000000000000        0xc fs/vfs.32
 .group         0x0000000000000000        0xc fs/vfs.32
 .group         0x0000000000000000        0xc fs/vfs.32
 .comment       0x0000000000000000       0x12 fs/vfs.32
 .group         0x0000000000000000        0xc hal/bus.32
 .comment       0x0000000000000000       0x12 hal/bus.32
 .group         0x0000000000000000        0xc hal/buzzer.32
 .comment       0x0000000000000000       0x12 hal/buzzer.32
 .group         0x0000000000000000        0xc hal/clock.32
 .comment       0x0000000000000000       0x12 hal/clock.32
 .group         0x0000000000000000       0x14 hal/device.32
 .group         0x0000000000000000        0xc hal/device.32
 .group         0x0000000000000000        0xc hal/device.32
 .group         0x0000000000000000        0xc hal/device.32
 .group         0x0000000000000000        0xc hal/device.32
[...]
Memory Configuration

Name             Origin             Length             Attributes
*default*        0x0000000000000000 0xffffffffffffffff

Linker script and memory map

LOAD D:/Users/Alex/Desktop/Banana/kernel/boot.32
LOAD crti.32
LOAD /cygdrive/d/Users/Alex/Desktop/Toolchain/Output/bin/../lib/gcc/i386-banana/8.1.0/crtbegin.o
LOAD D:/Users/Alex/Desktop/Banana/kernel/morenasm.32
LOAD acpica/utclib.32
LOAD core/malloc.32
LOAD libk/string.32
LOAD fs/fat/diskio.32
LOAD fs/fat/ff.32
LOAD fs/fat/ffsystem.32
LOAD fs/fat/ffunicode.32
LOAD hal/libresample/samplerate.32
LOAD hal/libresample/src_linear.32
LOAD hal/libresample/src_sinc.32
LOAD hal/libresample/src_zoh.32
LOAD compat/inlines.32
LOAD core/computer.32
LOAD core/gdt.32
LOAD core/idle.32
LOAD core/idt.32
LOAD core/kheap.32
LOAD core/main.32
LOAD core/physmgr.32
LOAD core/pipe.32
LOAD core/terminal.32
LOAD core/tss.32
LOAD core/unixfile.32
LOAD core/virtmgr.32
LOAD coreobjs/c++.32
LOAD dbg/kconsole.32
LOAD fs/vfs.32
LOAD hal/bus.32
LOAD hal/buzzer.32
LOAD hal/clock.32
LOAD hal/device.32
LOAD hal/diskctrl.32
LOAD hal/diskphys.32
LOAD hal/fpu.32
LOAD hal/intctrl.32
LOAD hal/keybrd.32
LOAD hal/logidisk.32
LOAD hal/mouse.32
LOAD hal/partition.32
LOAD hal/serial.32
LOAD hal/timer.32
LOAD hal/vcache.32
LOAD hal/video.32
LOAD hw/acpi.32
LOAD hw/cpu.32
LOAD hw/ports.32
LOAD krnl/env.32
LOAD krnl/panic.32
LOAD net/ethernet.32
LOAD reg/registry.32
LOAD sys/sc_exit.32
LOAD sys/sc_getcwd.32
LOAD sys/sc_getpid.32
LOAD sys/sc_loaddll.32
LOAD sys/sc_read.32
LOAD sys/sc_sbrk.32
LOAD sys/sc_setcwd.32
LOAD sys/sc_settime.32
LOAD sys/sc_timezone.32
LOAD sys/sc_write.32
LOAD sys/sc_yield.32
LOAD sys/syscalls.32
LOAD thr/elf.32
LOAD thr/prcssthr.32
LOAD vm86/vm8086.32
LOAD vm86/x87em.32
LOAD fs/fat/vfslink.32
LOAD fs/iso9660/vfslink.32
LOAD hal/sound/sndchannel.32
LOAD hal/sound/sndhw.32
LOAD hw/bus/isa.32
LOAD hw/bus/pci.32
LOAD hw/diskctrl/ide.32
LOAD hw/diskctrl/satabus.32
LOAD hw/diskphys/ata.32
LOAD hw/diskphys/atapi.32
LOAD hw/diskphys/sata.32
LOAD hw/fpu/avx.32
LOAD hw/fpu/mmx.32
LOAD hw/fpu/sse.32
LOAD hw/fpu/x87.32
LOAD hw/intctrl/apic.32
LOAD hw/intctrl/pic.32
LOAD hw/timer/apictimer.32
LOAD hw/timer/pit.32
LOAD hw/fpu/x86/avx.32
LOAD hw/fpu/x86/sse.32
LOAD hw/fpu/x86/x87.32
LOAD /cygdrive/d/Users/Alex/Desktop/Toolchain/Output/bin/../lib/gcc/i386-banana/8.1.0/crtend.o
LOAD crtn.32
LOAD /cygdrive/d/Users/Alex/Desktop/Toolchain/Output/bin/../lib/gcc/i386-banana/8.1.0/libkgcc.a
LOAD D:/Users/Alex/Desktop/Banana/kernel/libsoftfp.a
LOAD D:/Users/Alex/Desktop/Banana/kernel/libk/libm32.a
                0x00000000c0000000                . = 0xc0000000

.text           0x00000000c0000000    0x271c8
 *(.text)
 .text          0x00000000c0000000       0x41 D:/Users/Alex/Desktop/Banana/kernel/boot.32
                0x00000000c0000020                callGlobalConstructors
 .text          0x00000000c0000041        0x0 crti.32
 *fill*         0x00000000c0000041        0x3 
 .text          0x00000000c0000044      0x101 /cygdrive/d/Users/Alex/Desktop/Toolchain/Output/bin/../lib/gcc/i386-banana/8.1.0/crtbegin.o
 *fill*         0x00000000c0000145        0xb 
 .text          0x00000000c0000150      0x4a2 D:/Users/Alex/Desktop/Banana/kernel/morenasm.32
                0x00000000c0000150                prepareTramp
                0x00000000c0000169                voodooXADD
                0x00000000c0000234                doTPAUSE
                0x00000000c000023e                hasLegacyFPU
                0x00000000c0000263                is486
                0x00000000c0000299                detectCPUID
                0x00000000c00002af                goToVM86
                0x00000000c00002df                goToUsermode
                0x00000000c0000309                switchToThreadASMFirstTime
                0x00000000c0000317                switchToThreadASM
                0x00000000c000039f                asmQuickAcquireLock
                0x00000000c00003bd                asmQuickReleaseLock
                0x00000000c00003c9                asmAcquireLock
                0x00000000c00003ea                asmReleaseLock
                0x00000000c00003fd                loadGDT
                0x00000000c000041d                isr0
                0x00000000c000042d                isr1
                0x00000000c0000437                isr2
                0x00000000c0000441                isr3
                0x00000000c000044b                isr4
                0x00000000c0000455                isr5
                0x00000000c000045f                isr6
                0x00000000c0000469                isr7
                0x00000000c0000473                isr8
                0x00000000c000047b                isr9
                0x00000000c0000485                isr10
                0x00000000c000048d                isr11
                0x00000000c0000495                isr12
                0x00000000c000049d                isr13
                0x00000000c00004a5                isr14
                0x00000000c00004ad                isr15
                0x00000000c00004b7                isr16
                0x00000000c00004c1                isr17
                0x00000000c00004cb                isr18
                0x00000000c00004d5                irq3
                0x00000000c00004df                irq4
                0x00000000c00004e9                irq5
                0x00000000c00004f3                irq6
                0x00000000c00004fd                irq7
                0x00000000c0000507                irq8
                0x00000000c0000511                irq9
                0x00000000c000051b                irq10
                0x00000000c0000525                irq11
                0x00000000c000052f                irq12
                0x00000000c0000539                irq13
                0x00000000c0000543                irq14
                0x00000000c000054d                irq15
                0x00000000c0000557                irq1
                0x00000000c000055e                irq2
                0x00000000c0000565                isr96
                0x00000000c000056c                irq0
                0x00000000c0000571                syscall_common_stub
                0x00000000c0000571                int_common_stub
                0x00000000c00005a2                irq16
                0x00000000c00005ac                irq17
                0x00000000c00005b6                irq18
                0x00000000c00005c0                irq19
                0x00000000c00005ca                irq20
                0x00000000c00005d4                irq21
                0x00000000c00005de                irq22
                0x00000000c00005e8                irq23
 .text          0x00000000c00005f2      0x40f acpica/utclib.32
                0x00000000c00005f2                memcmp
                0x00000000c000061d                memmove
                0x00000000c0000655                memcpy
                0x00000000c000068b                memset
                0x00000000c00006a8                strlen
                0x00000000c00006b8                strpbrk
                0x00000000c00006db                strtok
                0x00000000c000072a                strcpy
                0x00000000c000074a                strncpy
                0x00000000c000077b                strcmp
                0x00000000c000079c                strchr
                0x00000000c00007b2                strncmp
                0x00000000c00007e1                strcat
                0x00000000c0000808                strncat
                0x00000000c0000842                strstr
                0x00000000c000087f                toupper
                0x00000000c0000893                tolower
                0x00000000c00008a7                simple_strtoul
 .text          0x00000000c0000a01      0xfbf core/malloc.32
                0x00000000c0000b6c                dlfree
                0x00000000c0000ec7                dlmalloc
                0x00000000c0001404                dlrealloc
                0x00000000c00015b9                dlmemalign
                0x00000000c00016dc                dlcalloc
                0x00000000c0001776                dlcfree
                0x00000000c000177b                dlindependent_calloc
                0x00000000c00017a0                dlindependent_comalloc
                0x00000000c00017b7                dlvalloc
                0x00000000c00017e2                dlpvalloc
                0x00000000c0001818                dlmalloc_trim
                0x00000000c0001825                dlmalloc_usable_size
                0x00000000c0001856                dlmallinfo
                0x00000000c0001925                dlmalloc_stats
                0x00000000c0001936                dlmallopt
 .text          0x00000000c00019c0        0x0 libk/string.32
 .text          0x00000000c00019c0       0x51 fs/fat/diskio.32
                0x00000000c00019c0                disk_status
                0x00000000c00019c3                disk_initialize
                0x00000000c00019c6                disk_read
                0x00000000c00019dc                disk_write
                0x00000000c00019f2                disk_ioctl
 .text          0x00000000c0001a11     0x6833 fs/fat/ff.32
                0x00000000c0004cdf                f_mount
                0x00000000c0004d41                f_open
                0x00000000c000517d                f_read
                0x00000000c00053fd                f_write
                0x00000000c00056b7                f_sync
                0x00000000c0005893                f_close
                0x00000000c00058c2                f_lseek
                0x00000000c0005d79                f_opendir
                0x00000000c0005e7b                f_closedir
                0x00000000c0005e9d                f_readdir
                0x00000000c0005f38                f_stat
                0x00000000c0005fc7                f_getfree
                0x00000000c0006192                f_truncate
                0x00000000c000628a                f_unlink
                0x00000000c000640d                f_mkdir
                0x00000000c0006639                f_rename
                0x00000000c000692c                f_chmod
                0x00000000c0006a0a                f_utime
                0x00000000c0006ae8                f_getlabel
                0x00000000c0006cd6                f_setlabel
                0x00000000c0006f43                f_forward
                0x00000000c0007121                f_mkfs
 .text          0x00000000c0008244       0x2d fs/fat/ffsystem.32
                0x00000000c0008244                ff_memalloc
                0x00000000c000825a                ff_memfree
 .text          0x00000000c0008271      0x253 fs/fat/ffunicode.32
                0x00000000c0008271                ff_uni2oem
                0x00000000c0008301                ff_oem2uni
                0x00000000c000836d                ff_wtoupper
 .text          0x00000000c00084c4      0x8fb hal/libresample/samplerate.32
                0x00000000c0008508                src_delete
                0x00000000c0008544                src_process
                0x00000000c00086fa                src_callback_read
                0x00000000c0008877                src_set_ratio
                0x00000000c00088e1                src_get_channels
                0x00000000c0008903                src_reset
                0x00000000c000894f                src_new
                0x00000000c00089dd                src_callback_new
                0x00000000c0008a3f                src_get_name
                0x00000000c0008a76                src_get_description
                0x00000000c0008aad                src_get_version
                0x00000000c0008ab3                src_is_valid_ratio
                0x00000000c0008b07                src_error
                0x00000000c0008b15                src_strerror
                0x00000000c0008b28                src_simple
                0x00000000c0008b7b                src_short_to_float_array
                0x00000000c0008be0                src_float_to_short_array
                0x00000000c0008c9f                src_int_to_float_array
                0x00000000c0008d02                src_float_to_int_array
 .text          0x00000000c0008dbf      0x8cb hal/libresample/src_linear.32
                0x00000000c00095e5                linear_get_name
                0x00000000c00095f4                linear_get_description
                0x00000000c0009603                linear_set_converter
 .text          0x00000000c000968a     0x447c hal/libresample/src_sinc.32
                0x00000000c000da1d                sinc_get_name
                0x00000000c000da30                sinc_get_description
                0x00000000c000da43                sinc_set_converter
 .text          0x00000000c000db06      0x77c hal/libresample/src_zoh.32
                0x00000000c000e1dd                zoh_get_name
                0x00000000c000e1ec                zoh_get_description
                0x00000000c000e1fb                zoh_set_converter
 .text          0x00000000c000e282       0x23 compat/inlines.32
                0x00000000c000e282                CPU::current()
                0x00000000c000e28f                operator new(unsigned long)
 *fill*         0x00000000c000e2a5        0x1 
 .text          0x00000000c000e2a6      0xa0b core/computer.32
                0x00000000c000e2a6                Computer::close(int, int, void*)
                0x00000000c000e2ea                Computer::Computer()
                0x00000000c000e2ea                Computer::Computer()
                0x00000000c000e446                Computer::setBootMessage(char const*)
                0x00000000c000e448                Computer::start()
                0x00000000c000e51e                firstTask()
                0x00000000c000e52c                Computer::detectFeatures()
                0x00000000c000e736                Computer::displayFeatures()
                0x00000000c000ea7c                Computer::rdmsr(unsigned int)
                0x00000000c000eaa8                Computer::wrmsr(unsigned int, unsigned long long)
                0x00000000c000eae0                Computer::nmiEnabled()
                0x00000000c000eaec                Computer::readCMOS(unsigned char)
                0x00000000c000eb06                Computer::enableNMI(bool)
                0x00000000c000eb1e                Computer::open(int, int, void*)
                0x00000000c000ebf4                Computer::disableNMI()
                0x00000000c000ec02                Computer::writeCMOS(unsigned char, unsigned char)
                0x00000000c000ec20                Computer::handleNMI()
                0x00000000c000ec86                Computer::setDiskActivityLight(int, bool)
 *fill*         0x00000000c000ecb1        0x1 
 .text          0x00000000c000ecb2      0x1b7 core/gdt.32
                0x00000000c000ecb2                GDTEntry::setBase(unsigned int)
                0x00000000c000ecce                GDTEntry::setLimit(unsigned int)
                0x00000000c000ecec                GDT::GDT()
                0x00000000c000ecec                GDT::GDT()
                0x00000000c000ed02                GDT::addEntry(GDTEntry)
                0x00000000c000ed3e                GDT::getNumberOfEntries()
                0x00000000c000ed46                GDT::flush()
                0x00000000c000ed68                GDT::setup()
 .text          0x00000000c000ee69       0x62 core/idle.32
                0x00000000c000ee69                idleFunction(void*)
 *fill*         0x00000000c000eecb        0x1 
 .text          0x00000000c000eecc      0x45f core/idt.32
                0x00000000c000eecc                IDTEntry::IDTEntry(bool)
                0x00000000c000eecc                IDTEntry::IDTEntry(bool)
                0x00000000c000ef3a                IDTEntry::setOffset(unsigned int)
                0x00000000c000ef4e                IDT::IDT()
                0x00000000c000ef4e                IDT::IDT()
                0x00000000c000ef50                IDT::getPointerToInvalidOpcodeEntryForF00F()
                0x00000000c000ef58                IDT::addEntry(IDTEntry, int)
                0x00000000c000ef72                IDT::addEntry(int, void (*)(), bool)
                0x00000000c000efaa                IDT::flush()
                0x00000000c000efc4                IDT::setup()
 .text          0x00000000c000f32b      0x203 core/kheap.32
                0x00000000c000f32b                sbrk
                0x00000000c000f439                mmap
                0x00000000c000f44f                munmap
                0x00000000c000f465                liballoc_lock()
                0x00000000c000f476                liballoc_unlock()
                0x00000000c000f487                liballoc_alloc(int)
                0x00000000c000f4a2                liballoc_free(void*, int)
                0x00000000c000f4c0                realloc
                0x00000000c000f4d4                malloc
                0x00000000c000f4e4                free
                0x00000000c000f4f4                rfree
                0x00000000c000f504                calloc
 .text          0x00000000c000f52e      0x456 core/main.32
                0x00000000c000f52e                hwTextMode_loadInData(VgaText*)
                0x00000000c000f579                hwTextMode_loadInTitle(VgaText*, char*)
                0x00000000c000f5f7                hwTextMode_showCursor(VgaText*, bool)
                0x00000000c000f655                hwTextMode_update(VgaText*)
                0x00000000c000f656                hwTextMode_updateCursor(VgaText*)
                0x00000000c000f6a7                hwTextMode_disableBlink(VgaText*, bool)
                0x00000000c000f6ed                hwTextMode_scrollScreen(VgaText*)
                0x00000000c000f79a                hwTextMode_writeCharacter(VgaText*, char, VgaColour, VgaColour, int, int)
                0x00000000c000f81c                setupTextMode()
                0x00000000c000f88c                kernel_main
 .text          0x00000000c000f984      0x54d core/physmgr.32
                0x00000000c000f984                Phys::allocateDMA(unsigned long)
                0x00000000c000fa27                Phys::freeDMA(unsigned long, unsigned long)
                0x00000000c000fa6f                Phys::setPageState(unsigned long, bool)
                0x00000000c000faa1                Phys::getPageState(unsigned long)
                0x00000000c000fabd                Phys::freePage(unsigned long)
                0x00000000c000fb47                Phys::allocatePage()
                0x00000000c000fc0f                Phys::allocateContiguousPages(int)
                0x00000000c000fc69                Phys::allowSegmentToBeUsed(unsigned long, unsigned long)
                0x00000000c000fca1                Phys::physicalMemorySetup(unsigned int)
 *fill*         0x00000000c000fed1        0x1 
 .text          0x00000000c000fed2      0x273 core/pipe.32
                0x00000000c000fed2                Pipe::isAtty()
                0x00000000c000fed6                Pipe::~Pipe()
                0x00000000c000fed6                Pipe::~Pipe()
                0x00000000c000fefa                Pipe::~Pipe()
                0x00000000c000ff22                Pipe::read(unsigned long long, void*, int*)
                0x00000000c0010016                Pipe::write(unsigned long long, void*, int*)
                0x00000000c00100de                Pipe::Pipe(int)
                0x00000000c00100de                Pipe::Pipe(int)
 *fill*         0x00000000c0010145        0x1 
 .text          0x00000000c0010146      0xf73 core/terminal.32
                0x00000000c0010146                VgaText::isAtty()
                0x00000000c001014a                VgaText::~VgaText()
                0x00000000c001014a                VgaText::~VgaText()
                0x00000000c001016e                VgaText::~VgaText()
                0x00000000c0010198                VgaText::read(unsigned long long, void*, int*)
                0x00000000c00101b8                setTerminalScrollLock(bool)
                0x00000000c00101b9                addToTerminalCycle(VgaText*)
                0x00000000c00101e6                installVgaTextImplementation()
                0x00000000c00101fb                scrollTerminalScrollLock(int)
                0x00000000c00101fc                VgaText::load()
                0x00000000c0010250                VgaText::updateCursor()
                0x00000000c001026a                VgaText::showCursor(bool)
                0x00000000c001027a                VgaText::disableBlink(bool)
                0x00000000c00102b4                VgaText::doANSI_SGR(int)
                0x00000000c0010340                VgaText::setDefaultBgColour(VgaColour)
                0x00000000c0010356                VgaText::setDefaultFgColour(VgaColour)
                0x00000000c001036c                VgaText::setDefaultColours(VgaColour, VgaColour)
                0x00000000c001038c                VgaText::combineColours(unsigned char, unsigned char)
                0x00000000c001039e                VgaText::scrollScreen()
                0x00000000c0010432                VgaText::combineCharAndColour(char, unsigned char)
                0x00000000c0010444                VgaText::writeCharacter(char, VgaColour, VgaColour, int, int)
                0x00000000c00104a4                VgaText::getCursorX()
                0x00000000c00104b0                VgaText::getCursorY()
                0x00000000c00104bc                VgaText::setCursor(int, int)
                0x00000000c00104da                VgaText::setCursorX(int)
                0x00000000c00104f6                VgaText::setCursorY(int)
                0x00000000c0010512                VgaText::incrementCursor(bool)
                0x00000000c001057a                VgaText::updateRAMUsageDisplay(int)
                0x00000000c00105de                VgaText::updateDiskUsage()
                0x00000000c0010748                VgaText::updateTitle()
                0x00000000c001078e                VgaText::setTitleTextColour(VgaColour)
                0x00000000c001079e                VgaText::setTitleColour(VgaColour)
                0x00000000c00107ae                VgaText::setTitle(char*)
                0x00000000c00107d4                VgaText::decrementCursor(bool)
                0x00000000c00107fc                VgaText::putchar(char, VgaColour, VgaColour)
                0x00000000c00108f8                VgaText::isShowingCursor()
                0x00000000c0010904                VgaText::isBlinkDisabled()
                0x00000000c0010912                VgaText::setCursorHeight(int)
                0x00000000c0010930                VgaText::getCursorHeight()
                0x00000000c001093b                setActiveTerminal(VgaText*)
                0x00000000c00109ed                doTerminalCycle()
                0x00000000c0010a0a                VgaText::doUpdate()
                0x00000000c0010a1c                VgaText::puts(char const*, VgaColour, VgaColour)
                0x00000000c0010bdc                VgaText::clearScreen()
                0x00000000c0010c40                VgaText::putchar(char)
                0x00000000c0010d5a                VgaText::puts(char const*)
                0x00000000c0010d80                VgaText::putx(unsigned int)
                0x00000000c0010dc6                VgaText::VgaText(char const*)
                0x00000000c0010dc6                VgaText::VgaText(char const*)
                0x00000000c0010f58                VgaText::receiveKey(unsigned char)
                0x00000000c0011040                VgaText::write(unsigned long long, void*, int*)
                0x00000000c0011094                newTerminal(char*)
 *fill*         0x00000000c00110b9        0x1 
 .text          0x00000000c00110ba      0x1b3 core/tss.32
                0x00000000c00110ba                TSS::TSS()
                0x00000000c00110ba                TSS::TSS()
                0x00000000c00110c8                TSS::setESP(unsigned long)
                0x00000000c00110da                TSS::flush()
                0x00000000c00110fa                TSS::setup(unsigned long, unsigned long)
 *fill*         0x00000000c001126d        0x1 
 .text          0x00000000c001126e      0x4c2 core/unixfile.32
                0x00000000c001126e                ReservedFilename::read(unsigned long long, void*, int*)
                0x00000000c00112c4                ReservedFilename::isAtty()
                0x00000000c00112e0                ReservedFilename::write(unsigned long long, void*, int*)
                0x00000000c001133e                UnixFile::getFileDescriptor()
                0x00000000c0011346                UnixFile::UnixFile(int)
                0x00000000c0011346                UnixFile::UnixFile(int)
                0x00000000c00114f6                ReservedFilename::ReservedFilename(int)
                0x00000000c00114f6                ReservedFilename::ReservedFilename(int)
                0x00000000c0011528                UnixFile::~UnixFile()
                0x00000000c0011528                UnixFile::~UnixFile()
                0x00000000c00115c0                UnixFile::~UnixFile()
                0x00000000c00115e8                ReservedFilename::~ReservedFilename()
                0x00000000c00115e8                ReservedFilename::~ReservedFilename()
                0x00000000c001160c                ReservedFilename::~ReservedFilename()
                0x00000000c0011633                getFromFileDescriptor(int)
 .text          0x00000000c0011730      0xee3 core/virtmgr.32
                0x00000000c0011730                Virt::setPageState(unsigned long, Virt::VirtPageState)
                0x00000000c0011765                Virt::getPageState(unsigned long)
                0x00000000c0011789                Virt::allocateKernelVirtualPages(int)
                0x00000000c001189a                Virt::virtualMemorySetup()
                0x00000000c0011919                Virt::getAKernelVAS()
                0x00000000c001191f                Virt::setupPageSwapping(int)
                0x00000000c0011a4e                VAS::VAS()
                0x00000000c0011a4e                VAS::VAS()
                0x00000000c0011a7e                VAS::VAS(VAS*)
                0x00000000c0011a7e                VAS::VAS(VAS*)
                0x00000000c0011aa2                VAS::getForeignPageTableEntry(bool, unsigned long)
                0x00000000c0011ace                VAS::getPageTableEntry(unsigned long)
                0x00000000c0011aed                Virt::freeKernelVirtualPages(unsigned long)
                0x00000000c0011c10                VAS::freeAllocatedPages(unsigned long)
                0x00000000c0011c34                VAS::virtualToPhysical(unsigned long)
                0x00000000c0011c4c                VAS::reflagRange(unsigned long, int, int, int)
                0x00000000c0011c8c                VAS::setToWriteCombining(unsigned long, int)
                0x00000000c0011cbe                VAS::mapOtherVASIn(bool, VAS*)
                0x00000000c0011ce8                VAS::~VAS()
                0x00000000c0011ce8                VAS::~VAS()
                0x00000000c0011e54                VAS::mapPage(unsigned long, unsigned long, int)
                0x00000000c0011f54                VAS::allocatePages(int, int)
                0x00000000c001212c                VAS::setCPUSpecific(unsigned long)
                0x00000000c0012148                VAS::mapRange(unsigned long, unsigned long, int, int)
                0x00000000c001220e                VAS::mapForeignPage(bool, VAS*, unsigned long, unsigned long, int)
                0x00000000c00122fc                VAS::VAS(bool)
                0x00000000c00122fc                VAS::VAS(bool)
                0x00000000c0012557                mapVASFirstTime
 .text          0x00000000c0012613       0x95 coreobjs/c++.32
                0x00000000c0012613                __cxa_atexit
                0x00000000c0012616                __cxa_finalize
                0x00000000c0012617                __stack_chk_fail
                0x00000000c0012683                __cxa_pure_virtual
                0x00000000c0012694                operator new[](unsigned long)
                0x00000000c0012699                operator delete(void*, unsigned long)
                0x00000000c001269e                operator delete[](void*)
                0x00000000c00126a3                operator delete[](void*, unsigned long)
 .text          0x00000000c00126a8      0x1ef dbg/kconsole.32
                0x00000000c00126a8                Dbg::stringifyxWithBase(unsigned int, char*, int)
                0x00000000c0012709                Dbg::logc(char)
                0x00000000c0012720                Dbg::logs(char*)
                0x00000000c001273d                Dbg::logWriteInt(unsigned int)
                0x00000000c001275a                Dbg::logWriteIntBase(unsigned int, int)
                0x00000000c0012779                Dbg::kprintf(char const*, ...)
 *fill*         0x00000000c0012897        0x1 
 .text          0x00000000c0012898      0xb7c fs/vfs.32
                0x00000000c0012898                File::read(unsigned long long, void*, int*)
                0x00000000c00128f0                File::write(unsigned long long, void*, int*)
                0x00000000c0012948                Directory::read(unsigned long long, void*, int*)
                0x00000000c00129a0                Directory::write(unsigned long long, void*, int*)
                0x00000000c00129ce                File::isAtty()
                0x00000000c00129d2                Directory::isAtty()
                0x00000000c00129d6                Filesystem::getlabel(LogicalDisk*, int, char*, unsigned int*)
                0x00000000c00129dc                Filesystem::setlabel(LogicalDisk*, int, char*)
                0x00000000c00129e2                File::~File()
                0x00000000c00129e2                File::~File()
                0x00000000c0012a06                File::~File()
                0x00000000c0012a30                Directory::~Directory()
                0x00000000c0012a30                Directory::~Directory()
                0x00000000c0012a54                Directory::~Directory()
                0x00000000c0012a7e                Filesystem::Filesystem()
                0x00000000c0012a7e                Filesystem::Filesystem()
                0x00000000c0012aa2                Filesystem::~Filesystem()
                0x00000000c0012aa2                Filesystem::~Filesystem()
                0x00000000c0012ab0                Filesystem::~Filesystem()
                0x00000000c0012ad4                initVFS()
                0x00000000c0012afe                standardiseFiles(char*, char const*, char const*)
                0x00000000c0012ca8                File::File(char const*, Process*)
                0x00000000c0012ca8                File::File(char const*, Process*)
                0x00000000c0012d0c                File::open(FileOpenMode)
                0x00000000c0012d6a                File::close()
                0x00000000c0012dca                File::seek(unsigned long long)
                0x00000000c0012e20                File::tell(unsigned long long*)
                0x00000000c0012e70                File::rewind()
                0x00000000c0012e84                File::unlink()
                0x00000000c0012ed0                File::rename(char const*)
                0x00000000c0012f1e                File::chfatattr(unsigned char, unsigned char)
                0x00000000c0012f7a                File::exists()
                0x00000000c0012fb8                File::stat(unsigned long long*, bool*)
                0x00000000c0013019                getcwd(Process*, char*, int)
                0x00000000c0013043                setcwd(Process*, char*)
                0x00000000c001317e                Directory::Directory(char const*, Process*)
                0x00000000c001317e                Directory::Directory(char const*, Process*)
                0x00000000c00131e2                Directory::open()
                0x00000000c001323e                Directory::close()
                0x00000000c001329e                Directory::unlink()
                0x00000000c00132ea                Directory::rename(char const*)
                0x00000000c0013338                Directory::exists()
                0x00000000c0013376                Directory::read(dirent*)
                0x00000000c00133c2                Directory::create()
                0x00000000c001340e                Filesystem::chfatattr(char const*, unsigned char, unsigned char)
 .text          0x00000000c0013414       0x84 hal/bus.32
                0x00000000c0013414                Bus::Bus(char const*)
                0x00000000c0013414                Bus::Bus(char const*)
                0x00000000c001344a                Bus::~Bus()
                0x00000000c001344a                Bus::~Bus()
                0x00000000c001346e                Bus::~Bus()
 .text          0x00000000c0013498      0x14e hal/buzzer.32
                0x00000000c0013498                Buzzer::Buzzer(char const*)
                0x00000000c0013498                Buzzer::Buzzer(char const*)
                0x00000000c00134dc                Buzzer::~Buzzer()
                0x00000000c00134dc                Buzzer::~Buzzer()
                0x00000000c0013500                Buzzer::~Buzzer()
                0x00000000c001352a                Buzzer::stop()
                0x00000000c001353d                beepThread(void*)
                0x00000000c0013578                Buzzer::beep(int, int, bool)
 .text          0x00000000c00135e6      0x45b hal/clock.32
                0x00000000c00135e6                loadClockSettings()
                0x00000000c00135e8                Clock::Clock(char const*)
                0x00000000c00135e8                Clock::Clock(char const*)
                0x00000000c001361e                Clock::~Clock()
                0x00000000c001361e                Clock::~Clock()
                0x00000000c0013642                Clock::~Clock()
                0x00000000c001366c                Clock::timeInSecondsLocal()
                0x00000000c00136b4                Clock::setTimeInSecondsLocal(unsigned long long)
                0x00000000c001370d                datetimeToSeconds(datetime_t)
                0x00000000c0013834                Clock::setTimeInDatetimeLocal(datetime_t)
                0x00000000c00138d8                secondsToDatetime(unsigned long long)
                0x00000000c0013a1c                Clock::timeInDatetimeLocal()
 *fill*         0x00000000c0013a41        0x1 
 .text          0x00000000c0013a42      0x4de hal/device.32
                0x00000000c0013a42                Device::hibernate()
                0x00000000c0013a44                Device::wake()
                0x00000000c0013a46                Device::detect()
                0x00000000c0013a48                Device::disableLegacy()
                0x00000000c0013a4a                Device::powerSaving(PowerSavingLevel)
                0x00000000c0013a4c                DriverlessDevice::close(int, int, void*)
                0x00000000c0013a50                DriverlessDevice::detect()
                0x00000000c0013a52                DriverlessDevice::open(int, int, void*)
                0x00000000c0013a66                Device::~Device()
                0x00000000c0013a66                Device::~Device()
                0x00000000c0013a74                Device::~Device()
                0x00000000c0013a9c                Device::findAndLoadDriver()
                0x00000000c0013a9e                Device::preOpenPCI(PCIDeviceInfo)
                0x00000000c0013ac4                Device::preOpenACPI(void*, char*, char*)
                0x00000000c0013b18                Device::addIRQHandler(int, void (*)(regs*, void*), bool, void*)
                0x00000000c0013b56                Device::removeIRQHandler(int, void (*)(regs*, void*), bool)
                0x00000000c0013b94                Device::addChild(Device*)
                0x00000000c0013bd8                Device::removeAllChildren()
                0x00000000c0013c1e                Device::hibernateAll()
                0x00000000c0013c4e                Device::wakeAll()
                0x00000000c0013c7e                Device::detectAll()
                0x00000000c0013cae                Device::disableLegacyAll()
                0x00000000c0013cde                Device::loadDriversForAll()
                0x00000000c0013d0a                Device::closeAll()
                0x00000000c0013d40                Device::powerSavingAll(PowerSavingLevel)
                0x00000000c0013d76                Device::setName(char const*)
                0x00000000c0013d84                Device::Device(char const*)
                0x00000000c0013d84                Device::Device(char const*)
                0x00000000c0013e80                Device::getName()
                0x00000000c0013e8a                DriverlessDevice::DriverlessDevice(char const*)
                0x00000000c0013e8a                DriverlessDevice::DriverlessDevice(char const*)
                0x00000000c0013eb2                Device::addToLinkedList(LinkedList<Device>&, DeviceType)
                0x00000000c0013ef6                getDevicesOfType(DeviceType)
 .text          0x00000000c0013f20       0x84 hal/diskctrl.32
                0x00000000c0013f20                HardDiskController::HardDiskController(char const*)
                0x00000000c0013f20                HardDiskController::HardDiskController(char const*)
                0x00000000c0013f56                HardDiskController::~HardDiskController()
                0x00000000c0013f56                HardDiskController::~HardDiskController()
                0x00000000c0013f7a                HardDiskController::~HardDiskController()
 .text          0x00000000c0013fa4       0xde hal/diskphys.32
                0x00000000c0013fa4                PhysicalDisk::PhysicalDisk(char const*, int)
                0x00000000c0013fa4                PhysicalDisk::PhysicalDisk(char const*, int)
                0x00000000c001400c                PhysicalDisk::startCache()
                0x00000000c0014034                PhysicalDisk::~PhysicalDisk()
                0x00000000c0014034                PhysicalDisk::~PhysicalDisk()
                0x00000000c0014058                PhysicalDisk::~PhysicalDisk()
 .text          0x00000000c0014082      0x13b hal/fpu.32
                0x00000000c0014082                FPU::FPU(char const*)
                0x00000000c0014082                FPU::FPU(char const*)
                0x00000000c00140b8                FPU::~FPU()
                0x00000000c00140b8                FPU::~FPU()
                0x00000000c00140dc                FPU::~FPU()
                0x00000000c0014106                setupFPU()
 *fill*         0x00000000c00141bd        0x1 
 .text          0x00000000c00141be     0x12b1 hal/intctrl.32
                0x00000000c00141be                InterruptController::uninstallISRHandler(int, void (*)(regs*, void*))
                0x00000000c00141f6                InterruptController::installISRHandler(int, void (*)(regs*, void*), void*)
                0x00000000c0014248                doubleFault(regs*, void*)
                0x00000000c0014262                InterruptController::installIRQHandler(int, void (*)(regs*, void*), bool, void*)
                0x00000000c00142fe                InterruptController::clearAllHandlers(int, bool)
                0x00000000c00143a6                InterruptController::uninstallIRQHandler(int, void (*)(regs*, void*), bool)
                0x00000000c001442d                nmiHandler(regs*, void*)
                0x00000000c001443b                int_handler
                0x00000000c00144dc                InterruptController::InterruptController(char const*)
                0x00000000c00144dc                InterruptController::InterruptController(char const*)
                0x00000000c0014582                InterruptController::~InterruptController()
                0x00000000c0014582                InterruptController::~InterruptController()
                0x00000000c00145a6                InterruptController::~InterruptController()
                0x00000000c00145d0                displayDebugInfo(regs*)
                0x00000000c00149d5                x87EmulHandler(regs*, void*)
                0x00000000c0014a04                gpFault(regs*, void*)
                0x00000000c0014a3d                pgFault(regs*, void*)
                0x00000000c0014a54                otherISRHandler(regs*, void*)
                0x00000000c0014a73                opcodeFault(regs*, void*)
                0x00000000c0015032                displayProgramFault(char const*)
                0x00000000c001505a                setupInterruptController()
                0x00000000c0015422                InterruptController::convertLegacyIRQNumber(int)
 *fill*         0x00000000c001546f        0x1 
 .text          0x00000000c0015470      0x69a hal/keybrd.32
                0x00000000c0015470                startGUI(void*)
                0x00000000c00154cc                startGUIVESA(void*)
                0x00000000c0015528                sendKeyToTerminal(unsigned char)
                0x00000000c0015594                sendKeyboardToken(KeyboardToken)
                0x00000000c00159a4                clearInternalKeybuffer(VgaText*)
                0x00000000c00159d9                readKeyboard(VgaText*, char*, unsigned long)
                0x00000000c0015a80                Keyboard::Keyboard(char const*)
                0x00000000c0015a80                Keyboard::Keyboard(char const*)
                0x00000000c0015abc                Keyboard::~Keyboard()
                0x00000000c0015abc                Keyboard::~Keyboard()
                0x00000000c0015ae0                Keyboard::~Keyboard()
 .text          0x00000000c0015b0a      0x400 hal/logidisk.32
                0x00000000c0015b0a                LogicalDisk::close(int, int, void*)
                0x00000000c0015b0e                LogicalDisk::~LogicalDisk()
                0x00000000c0015b0e                LogicalDisk::~LogicalDisk()
                0x00000000c0015b32                LogicalDisk::~LogicalDisk()
                0x00000000c0015b5c                LogicalDisk::open(int, int, void*)
                0x00000000c0015b70                LogicalDisk::absoluteToRelative(unsigned long long)
                0x00000000c0015ba8                LogicalDisk::relativeToAbsolute(unsigned long long)
                0x00000000c0015bee                LogicalDisk::LogicalDisk(char const*, PhysicalDisk*, unsigned long long, unsigned long long)
                0x00000000c0015bee                LogicalDisk::LogicalDisk(char const*, PhysicalDisk*, unsigned long long, unsigned long long)
                0x00000000c0015ca4                LogicalDisk::assignDriveLetter()
                0x00000000c0015d5a                LogicalDisk::mount()
                0x00000000c0015dcc                LogicalDisk::unmount()
                0x00000000c0015ddc                LogicalDisk::unassignDriveLetter()
                0x00000000c0015e32                LogicalDisk::read(unsigned long long, int, void*)
                0x00000000c0015e9e                LogicalDisk::write(unsigned long long, int, void*)
 .text          0x00000000c0015f0a       0x84 hal/mouse.32
                0x00000000c0015f0a                Mouse::Mouse(char const*)
                0x00000000c0015f0a                Mouse::Mouse(char const*)
                0x00000000c0015f40                Mouse::~Mouse()
                0x00000000c0015f40                Mouse::~Mouse()
                0x00000000c0015f64                Mouse::~Mouse()
 .text          0x00000000c0015f8e      0x339 hal/partition.32
                0x00000000c0015f8e                makePartition(PhysicalDisk*, unsigned long long, unsigned long long)
                0x00000000c0016036                createPartitionsForDisk(PhysicalDisk*)
 *fill*         0x00000000c00162c7        0x1 
 .text          0x00000000c00162c8       0x84 hal/serial.32
                0x00000000c00162c8                Serial::Serial(char const*)
                0x00000000c00162c8                Serial::Serial(char const*)
                0x00000000c00162fe                Serial::~Serial()
                0x00000000c00162fe                Serial::~Serial()
                0x00000000c0016322                Serial::~Serial()
 .text          0x00000000c001634c      0x2b8 hal/timer.32
                0x00000000c001634c                Timer::Timer(char const*)
                0x00000000c001634c                Timer::Timer(char const*)
                0x00000000c0016382                Timer::~Timer()
                0x00000000c0016382                Timer::~Timer()
                0x00000000c00163a6                Timer::~Timer()
                0x00000000c00163d0                Timer::read()
                0x00000000c00163db                timerHandler(unsigned long long)
                0x00000000c0016512                setupTimer(int)
 .text          0x00000000c0016604      0x2db hal/vcache.32
                0x00000000c0016604                VCache::VCache(PhysicalDisk*)
                0x00000000c0016604                VCache::VCache(PhysicalDisk*)
                0x00000000c00166fe                VCache::writeWriteBuffer()
                0x00000000c001673a                VCache::~VCache()
                0x00000000c001673a                VCache::~VCache()
                0x00000000c001677a                VCache::~VCache()
                0x00000000c00167a2                VCache::write(unsigned long long, int, void*)
                0x00000000c0016886                VCache::read(unsigned long long, int, void*)
 *fill*         0x00000000c00168df        0x1 
 .text          0x00000000c00168e0      0x4cd hal/video.32
                0x00000000c00168e0                Video::putrect(int, int, int, int, unsigned int)
                0x00000000c001692c                Video::bitblit(int, int, int, int, int, int, int, unsigned int*)
                0x00000000c001699c                Video::blit(unsigned int*, int, int, int, int)
                0x00000000c0016a1a                Video::clearScreen(unsigned int)
                0x00000000c0016a4e                Video::putpixel(int, int, unsigned int)
                0x00000000c0016a5c                Video::Video(char const*)
                0x00000000c0016a5c                Video::Video(char const*)
                0x00000000c0016a92                Video::~Video()
                0x00000000c0016a92                Video::~Video()
                0x00000000c0016ab6                Video::~Video()
                0x00000000c0016ae0                Video::isMonochrome()
                0x00000000c0016aec                Video::getWidth()
                0x00000000c0016af8                Video::getHeight()
                0x00000000c0016b04                Video::drawCursor(int, int, unsigned char*, int)
                0x00000000c0016bc0                Video::tgaParse(unsigned char*, int, int*, int*)
                0x00000000c0016d42                Video::putTGA(int, int, unsigned char*, int)
 *fill*         0x00000000c0016dad        0x1 
 .text          0x00000000c0016dae      0xe28 hw/acpi.32
                0x00000000c0016dae                ACPI::close(int, int, void*)
                0x00000000c0016e63                findRSDP()
                0x00000000c0016eed                loadACPITables(unsigned char*)
                0x00000000c0017114                findRSDT(unsigned char*)
                0x00000000c0017232                findDataTable(unsigned char*, char*)
                0x00000000c00172ce                scanMADT()
                0x00000000c0017754                ACPI::ACPI()
                0x00000000c0017754                ACPI::ACPI()
                0x00000000c00177b4                ACPI::getPCIIRQAssignment(unsigned char, unsigned short, unsigned char)
                0x00000000c0017896                ACPI::registerPCIIRQAssignment(void*, unsigned short, unsigned char, unsigned char)
                0x00000000c001799c                ACPI::setScreenBrightnessLevel(void*, int)
                0x00000000c00179a2                ACPI::writeSimpleBootFlag(SimpleBootFlagTable*)
                0x00000000c00179ea                ACPI::open(int, int, void*)
                0x00000000c0017bbe                ACPI::sleep()
 .text          0x00000000c0017bd6     0x1715 hw/cpu.32
                0x00000000c0017bd6                CPU::close(int, int, void*)
                0x00000000c0017bda                CPU::lookupAMDName(unsigned char, unsigned char)
                0x00000000c0017d6e                CPU::lookupIntelName(unsigned char, unsigned char)
                0x00000000c001801c                CPU::AMD_K6_write_msr(unsigned int, unsigned int, unsigned int, CPU::REGS*)
                0x00000000c0018038                CPU::AMD_K6_read_msr(unsigned int, CPU::REGS*)
                0x00000000c0018050                CPU::AMD_K6_writeback(int, int, int)
                0x00000000c00180c4                CPU::cpuid(int, unsigned long*, unsigned long*, unsigned long*, unsigned long*)
                0x00000000c0018148                CPU::cpuidCheckEDX(unsigned int)
                0x00000000c0018176                CPU::cpuidCheckECX(unsigned int)
                0x00000000c00181a4                CPU::cpuidCheckExtendedEBX(unsigned int)
                0x00000000c00181d2                CPU::cpuidCheckExtendedECX(unsigned int)
                0x00000000c0018200                CPU::CPU()
                0x00000000c0018200                CPU::CPU()
                0x00000000c001828e                CPU::displayFeatures()
                0x00000000c001850a                CPU::detectFeatures()
                0x00000000c0018efa                CPU::setupSMEP()
                0x00000000c0018f06                CPU::setupUMIP()
                0x00000000c0018f10                CPU::setupTSC()
                0x00000000c0018f1a                CPU::setupLargePages()
                0x00000000c0018f24                CPU::setupPAT()
                0x00000000c0018f60                CPU::setupMTRR()
                0x00000000c0018f62                CPU::setupGlobalPages()
                0x00000000c0018f6c                CPU::allowUsermodeDataAccess()
                0x00000000c0018f7e                CPU::prohibitUsermodeDataAccess()
                0x00000000c0018f90                CPU::setupSMAP()
                0x00000000c0018f9e                CPU::setupFeatures()
                0x00000000c001901e                CPU::open(int, int, void*)
                0x00000000c00190f0                CPU::decodeAddress(regs*, int*, bool*, unsigned char*)
 .text          0x00000000c00192eb        0x0 hw/ports.32
 *fill*         0x00000000c00192eb        0x1 
 .text          0x00000000c00192ec      0x5d3 krnl/env.32
                0x00000000c00192ec                EnvVarContainer::getEnv(char const*)
                0x00000000c001932a                EnvVarContainer::setEnv(char const*, char const*)
                0x00000000c00193f6                EnvVarContainer::deleteEnv(char const*)
                0x00000000c00193f8                EnvVarContainer::loadFrom(char const*, char const*)
                0x00000000c00195ee                EnvVarContainer::__loadSystem()
                0x00000000c0019608                EnvVarContainer::__loadUser()
                0x00000000c001960a                EnvVarContainer::EnvVarContainer(Process*)
                0x00000000c001960a                EnvVarContainer::EnvVarContainer(Process*)
                0x00000000c001962c                EnvVarContainer::~EnvVarContainer()
                0x00000000c001962c                EnvVarContainer::~EnvVarContainer()
                0x00000000c001965c                Krnl::getEnv(Process*, char const*)
                0x00000000c00196c1                Krnl::setEnvSystem(char const*, char const*)
                0x00000000c00196db                Krnl::setEnvUser(char const*, char const*)
                0x00000000c00196fa                Krnl::setEnvProcess(Process*, char const*, char const*)
                0x00000000c001970d                Krnl::deleteEnvSystem(char const*)
                0x00000000c001970e                Krnl::deleteEnvUser(char const*)
                0x00000000c001970f                Krnl::deleteEnvProcess(Process*, char const*)
                0x00000000c0019710                Krnl::newProcessEnv(Process*)
                0x00000000c0019732                Krnl::copyProcessEnv(Process*, Process*)
                0x00000000c0019786                Krnl::loadSystemEnv()
                0x00000000c00197b4                Krnl::loadUserEnv()
                0x00000000c00197da                Krnl::flushEnv()
                0x00000000c00197db                Krnl::getProcessTotalEnvCount(Process*)
                0x00000000c00197fb                Krnl::getProcessEnvPair(Process*, int)
 .text          0x00000000c00198bf      0x32c krnl/panic.32
                0x00000000c00198bf                Krnl::panic(char const*)
 .text          0x00000000c0019beb      0x3b6 net/ethernet.32
                0x00000000c0019beb                Net::switchEndian16(unsigned short)
                0x00000000c0019c0c                Net::switchEndian32(unsigned int)
                0x00000000c0019c3b                Net::crc32Calc(unsigned char*, int)
                0x00000000c0019ccc                Net::wrapEthernetFrame(Net::UnwrappedEthernetFrame, unsigned char*)
                0x00000000c0019e08                Net::unwrapEthernetFrame(unsigned char*, int)
 .text          0x00000000c0019fa1      0x513 reg/registry.32
                0x00000000c0019fa1                Reg::findLineFromLoadedData(char*, char*, char*)
                0x00000000c001a0f9                Reg::getLineFromRegistry(char*, char*, char*, char*)
                0x00000000c001a24e                Reg::getLine(char*, char*, char*)
                0x00000000c001a285                Reg::readInt(char*, char*, int*)
                0x00000000c001a370                Reg::readString(char*, char*, char*, int)
                0x00000000c001a3f1                Reg::readBool(char*, char*, bool*)
                0x00000000c001a416                Reg::readBoolWithDefault(char*, char*, bool)
                0x00000000c001a442                Reg::readIntWithDefault(char*, char*, int)
                0x00000000c001a46e                Reg::readStringWithDefault(char*, char*, char*, int, char*)
 .text          0x00000000c001a4b4       0x18 sys/sc_exit.32
                0x00000000c001a4b4                Sys::exit(regs*)
 .text          0x00000000c001a4cc       0x1f sys/sc_getcwd.32
                0x00000000c001a4cc                Sys::getCwd(regs*)
 .text          0x00000000c001a4eb        0xc sys/sc_getpid.32
                0x00000000c001a4eb                Sys::getPID(regs*)
 .text          0x00000000c001a4f7       0xa8 sys/sc_loaddll.32
                0x00000000c001a4f7                Sys::loadDLL(regs*)
 .text          0x00000000c001a59f       0x68 sys/sc_read.32
                0x00000000c001a59f                Sys::read(regs*)
 .text          0x00000000c001a607       0x55 sys/sc_sbrk.32
                0x00000000c001a607                Sys::sbrk(regs*)
 .text          0x00000000c001a65c       0x1c sys/sc_setcwd.32
                0x00000000c001a65c                Sys::setCwd(regs*)
 .text          0x00000000c001a678      0x128 sys/sc_settime.32
                0x00000000c001a678                Sys::setTime(regs*)
 .text          0x00000000c001a7a0       0x3f sys/sc_timezone.32
                0x00000000c001a7a0                Sys::timezone(regs*)
 .text          0x00000000c001a7df       0x68 sys/sc_write.32
                0x00000000c001a7df                Sys::write(regs*)
 .text          0x00000000c001a847       0x3b sys/sc_yield.32
                0x00000000c001a847                Sys::yield(regs*)
 .text          0x00000000c001a882     0x101e sys/syscalls.32
                0x00000000c001a882                sysCallSeekDir(regs*)
                0x00000000c001a887                sysCallTellDir(regs*)
                0x00000000c001a88c                sysCallVerify(regs*)
                0x00000000c001a896                sysCallGetArgc(regs*)
                0x00000000c001a8a6                sysFormatDisk(regs*)
                0x00000000c001a910                sysSetDiskVolumeLabel(regs*)
                0x00000000c001a956                sysGetDiskVolumeLabel(regs*)
                0x00000000c001a9a7                sysShutdown(regs*)
                0x00000000c001aa05                sysCallRealpath(regs*)
                0x00000000c001aa48                sysCallReadDir(regs*)
                0x00000000c001aad6                sysCallIsATTY(regs*)
                0x00000000c001ab30                sysCallSeek(regs*)
                0x00000000c001ab99                sysCallTell(regs*)
                0x00000000c001ac16                sysCallSize(regs*)
                0x00000000c001ac99                sysCallSizeFromFilename(regs*)
                0x00000000c001ad59                sysCallClose(regs*)
                0x00000000c001ade1                sysCallOpenDir(regs*)
                0x00000000c001ae56                sysCallCloseDir(regs*)
                0x00000000c001aebc                sysCallMakeDir(regs*)
                0x00000000c001af2c                sysCallWait(regs*)
                0x00000000c001af46                sysCallNotImpl(regs*)
                0x00000000c001af61                sysPanic(regs*)
                0x00000000c001af87                sysCallRmdir(regs*)
                0x00000000c001afeb                sysCallUnlink(regs*)
                0x00000000c001b04f                sysCallGetArgv(regs*)
                0x00000000c001b09b                sysCallTTYName(regs*)
                0x00000000c001b11e                sysCallUSleep(regs*)
                0x00000000c001b145                sysCallSpawn(regs*)
                0x00000000c001b19d                sysCallGetEnv(regs*)
                0x00000000c001b24a                sysAppSettings(regs*)
                0x00000000c001b369                sysSetFatAttrib(regs*)
                0x00000000c001b3db                sysPipe(regs*)
                0x00000000c001b420                sysGetUnixTime(regs*)
                0x00000000c001b434                string_ends_with(char const*, char const*)
                0x00000000c001b47c                sysCallOpen(regs*)
                0x00000000c001b691                setupSystemCalls()
                0x00000000c001b85e                systemCall(regs*, void*)
 .text          0x00000000c001b8a0     0x11ee thr/elf.32
                0x00000000c001b8a0                Thr::allocateMemoryForTask(Process*, File*, unsigned long, unsigned long, unsigned long)
                0x00000000c001bb1d                Thr::loadProgramIntoMemory(Process*, char const*)
                0x00000000c001bd33                Thr::runtimeReferenceHelper()
                0x00000000c001bd46                Thr::getAddressOfKernelSymbol(char const*)
                0x00000000c001bd95                Thr::loadKernelSymbolTable(char const*)
                0x00000000c001c051                Thr::loadDriverIntoMemory(char const*, unsigned long, bool)
                0x00000000c001c7d2                Thr::getDriverBaseFromAddress(unsigned long)
                0x00000000c001c804                Thr::getDriverNameFromAddress(unsigned long)
                0x00000000c001c83b                Thr::getDriverOffsetFromAddress(unsigned long)
                0x00000000c001c855                Thr::loadDLL(char const*, bool)
                0x00000000c001ca64                Thr::executeDLL(unsigned long, void*)
 .text          0x00000000c001ca8e     0x1056 thr/prcssthr.32
                0x00000000c001ca8e                changeTSS
                0x00000000c001cabe                Process::addArgs(char**)
                0x00000000c001cb18                Process::Process(char const*, Process*, char**)
                0x00000000c001cb18                Process::Process(char const*, Process*, char**)
                0x00000000c001ccfc                Process::Process(bool, char const*, Process*, char**)
                0x00000000c001ccfc                Process::Process(bool, char const*, Process*, char**)
                0x00000000c001ceab                disableIRQs()
                0x00000000c001ceb3                getIRQNestingLevel()
                0x00000000c001ceb9                enableIRQs()
                0x00000000c001cec8                lockScheduler()
                0x00000000c001ceca                unlockScheduler()
                0x00000000c001cecc                userModeEntryPoint(void*)
                0x00000000c001ceef                lockStuff()
                0x00000000c001cefb                taskStartupFunction
                0x00000000c001cf04                updateTimeUsed()
                0x00000000c001cf69                switchToThread(ThreadControlBlock*)
                0x00000000c001cfba                Semaphore::Semaphore(int)
                0x00000000c001cfba                Semaphore::Semaphore(int)
                0x00000000c001cfe8                Mutex::Mutex()
                0x00000000c001cfe8                Mutex::Mutex()
                0x00000000c001cffa                Process::createThread(void (*)(void*), void*, int)
                0x00000000c001d0de                Process::createUserThread()
                0x00000000c001d0fa                setupMultitasking(void (*)())
                0x00000000c001d204                schedule()
                0x00000000c001d289                unlockStuff()
                0x00000000c001d2be                Semaphore::tryAcquire()
                0x00000000c001d2ec                Semaphore::assertLocked(char const*)
                0x00000000c001d31c                blockTaskWithSchedulerLockAlreadyHeld(TaskState)
                0x00000000c001d35e                blockTask(TaskState)
                0x00000000c001d37f                waitTask(int, int*, int)
                0x00000000c001d3c1                nanoSleepUntil(unsigned long long)
                0x00000000c001d418                nanoSleep(unsigned long long)
                0x00000000c001d42d                sleep(unsigned long long)
                0x00000000c001d44a                Semaphore::acquire()
                0x00000000c001d4b2                taskReturned
                0x00000000c001d4e0                unblockTask(ThreadControlBlock*)
                0x00000000c001d58f                cleanupTerminatedTask(ThreadControlBlock*)
                0x00000000c001d858                cleanerTaskFunction(void*)
                0x00000000c001d90b                terminateTask(int)
                0x00000000c001d9eb                Thr::terminateFromIRQ(int)
                0x00000000c001d9f8                Semaphore::release()
 .text          0x00000000c001dae4      0xc26 vm86/vm8086.32
                0x00000000c001dae4                Vm::inbv(unsigned short)
                0x00000000c001daf7                Vm::outbv(unsigned short, unsigned char)
                0x00000000c001db4a                Vm::realToLinear(unsigned short, unsigned short)
                0x00000000c001db5a                Vm::getSegment(unsigned int)
                0x00000000c001db62                Vm::getOffset(unsigned int)
                0x00000000c001db67                Vm::mainloop2()
                0x00000000c001dba2                Vm::mainVm8086Loop(void*)
                0x00000000c001dbaf                Vm::mainloop3(unsigned long)
                0x00000000c001dbd9                Vm::initialise8086()
                0x00000000c001dc1c                Vm::finish8086()
                0x00000000c001dc61                Vm::getOutput8086(unsigned char*)
                0x00000000c001dc8b                Vm::start8086(char const*, unsigned short, unsigned short, unsigned short, unsigned short)
                0x00000000c001dddb                Vm::doISR(regs*, int, unsigned char*, unsigned short, unsigned short)
                0x00000000c001de65                Vm::readByteFromReal(unsigned short, unsigned short)
                0x00000000c001de76                Vm::readWordFromReal(unsigned short, unsigned short)
                0x00000000c001de88                Vm::readDwordFromReal(unsigned short, unsigned short)
                0x00000000c001de99                Vm::writeByteFromReal(unsigned short, unsigned short, unsigned char)
                0x00000000c001deae                Vm::writeWordFromReal(unsigned short, unsigned short, unsigned short)
                0x00000000c001dec4                Vm::writeDwordFromReal(unsigned short, unsigned short, unsigned int)
                0x00000000c001ded9                Vm::faultHandler(regs*)
 .text          0x00000000c001e70a      0xefd vm86/x87em.32
                0x00000000c001e70a                Vm::fpuInternalTo32(unsigned long long)
                0x00000000c001e765                Vm::fpuInternalTo64(unsigned long long)
                0x00000000c001e76e                Vm::fpu32ToInternal(unsigned int)
                0x00000000c001e7b3                Vm::fpu64ToInternal(unsigned long long)
                0x00000000c001e7bc                Vm::fpuFloatToLong(unsigned long long)
                0x00000000c001e817                Vm::fpuULongToFloat(unsigned long long)
                0x00000000c001e84d                Vm::fpuLongToFloat(long long)
                0x00000000c001e8a3                Vm::fpuGet0()
                0x00000000c001e8a8                Vm::fpuGet1()
                0x00000000c001e8b0                Vm::fpuGetPi()
                0x00000000c001e8b8                Vm::fpuGetLog2E()
                0x00000000c001e8d0                Vm::fpuGetLogE2()
                0x00000000c001e8e8                Vm::fpuGetLog210()
                0x00000000c001e900                Vm::fpuGetLog102()
                0x00000000c001e918                Vm::fpuIsSecondLarger(unsigned long long, unsigned long long)
                0x00000000c001e92c                Vm::fpuAreEqual(unsigned long long, unsigned long long)
                0x00000000c001e942                Vm::fpuUnorderedCompare(unsigned long long, unsigned long long)
                0x00000000c001e995                Vm::fpuAdd(unsigned long long, unsigned long long)
                0x00000000c001e9a6                Vm::fpuAbs(unsigned long long)
                0x00000000c001e9af                Vm::fpuChs(unsigned long long)
                0x00000000c001e9bf                Vm::fpuSub(unsigned long long, unsigned long long)
                0x00000000c001e9ce                Vm::fpuMultiply(unsigned long long, unsigned long long)
                0x00000000c001e9ed                Vm::fpuDivide(unsigned long long, unsigned long long)
                0x00000000c001ea09                Vm::fpuSquare(unsigned long long)
                0x00000000c001ea1f                Vm::fpuGetReg(int)
                0x00000000c001ea62                Vm::fpuSetReg(int, unsigned long long)
                0x00000000c001eaad                Vm::fpuPush(unsigned long long)
                0x00000000c001eb0a                Vm::fpuPop()
                0x00000000c001eb5c                Vm::x87Handler(regs*)
 *fill*         0x00000000c001f607        0x1 
 .text          0x00000000c001f608     0x10ed fs/fat/vfslink.32
                0x00000000c001f608                FAT::getName()
                0x00000000c001f60e                FAT::tell(void*, unsigned long long*)
                0x00000000c001f642                FAT::stat(void*, unsigned long long*)
                0x00000000c001f676                FAT::~FAT()
                0x00000000c001f676                FAT::~FAT()
                0x00000000c001f69a                FAT::~FAT()
                0x00000000c001f6c2                FAT::getlabel(LogicalDisk*, int, char*, unsigned int*)
                0x00000000c001f760                FAT::setlabel(LogicalDisk*, int, char*)
                0x00000000c001f81a                FAT::format(LogicalDisk*, int, char const*, int)
                0x00000000c001f9fe                FAT::tryMount(LogicalDisk*, int)
                0x00000000c001fc04                FAT::readDir(void*, unsigned long, void*, int*)
                0x00000000c001fd0a                FAT::read(void*, unsigned long, void*, int*)
                0x00000000c001fd64                FAT::write(void*, unsigned long, void*, int*)
                0x00000000c001fdbe                FAT::close(void*)
                0x00000000c001fe0a                FAT::closeDir(void*)
                0x00000000c001fe56                FAT::seek(void*, unsigned long long)
                0x00000000c001feaa                fatWrapperReadDisk
                0x00000000c001fef1                fatWrapperWriteDisk
                0x00000000c001ff38                fatWrapperIoctl
                0x00000000c002003c                FAT::FAT()
                0x00000000c002003c                FAT::FAT()
                0x00000000c002008e                FAT::fixFilepath(char*)
                0x00000000c00200c6                FAT::open(char const*, void**, FileOpenMode)
                0x00000000c00201ee                FAT::openDir(char const*, void**)
                0x00000000c0020294                FAT::stat(char const*, unsigned long long*, bool*)
                0x00000000c002037e                FAT::unlink(char const*)
                0x00000000c00203f8                FAT::chfatattr(char const*, unsigned char, unsigned char)
                0x00000000c002054c                FAT::rename(char const*, char const*)
                0x00000000c0020610                FAT::mkdir(char const*)
                0x00000000c002068a                FAT::exists(char const*)
 *fill*         0x00000000c00206f5        0x1 
 .text          0x00000000c00206f6      0xbc1 fs/iso9660/vfslink.32
                0x00000000c00206f6                ISO9660::format(LogicalDisk*, int, char const*, int)
                0x00000000c00206fc                ISO9660::seek(void*, unsigned long long)
                0x00000000c002072c                ISO9660::tell(void*, unsigned long long*)
                0x00000000c0020750                ISO9660::getName()
                0x00000000c0020756                ISO9660::stat(void*, unsigned long long*)
                0x00000000c002077a                ISO9660::chfatattr(char const*, unsigned char, unsigned char)
                0x00000000c0020780                ISO9660::unlink(char const*)
                0x00000000c0020786                ISO9660::write(void*, unsigned long, void*, int*)
                0x00000000c002078c                ISO9660::rename(char const*, char const*)
                0x00000000c0020792                ISO9660::mkdir(char const*)
                0x00000000c0020798                ISO9660::close(void*)
                0x00000000c00207ba                ISO9660::closeDir(void*)
                0x00000000c00207dc                ISO9660::~ISO9660()
                0x00000000c00207dc                ISO9660::~ISO9660()
                0x00000000c0020800                ISO9660::~ISO9660()
                0x00000000c0020827                __memmem(unsigned char*, int, unsigned char*, int)
                0x00000000c0020869                readSectorFromCDROM(unsigned int, unsigned char*, char)
                0x00000000c00208d0                ISO9660::tryMount(LogicalDisk*, int)
                0x00000000c0020920                ISO9660::read(void*, unsigned long, void*, int*)
                0x00000000c0020b20                ISO9660::readDir(void*, unsigned long, void*, int*)
                0x00000000c0020dad                readRoot(unsigned int*, unsigned int*, char)
                0x00000000c0020e02                readRecursively(char*, unsigned int, unsigned int, unsigned int*, unsigned int*, char, int*)
                0x00000000c0020fd5                getFileData(char*, unsigned int*, unsigned int*, char, int*)
                0x00000000c0021064                ISO9660::open(char const*, void**, FileOpenMode)
                0x00000000c0021124                ISO9660::exists(char const*)
                0x00000000c0021148                ISO9660::stat(char const*, unsigned long long*, bool*)
                0x00000000c00211dc                ISO9660::openDir(char const*, void**)
                0x00000000c0021294                ISO9660::ISO9660()
                0x00000000c0021294                ISO9660::ISO9660()
 *fill*         0x00000000c00212b7        0x1 
 .text          0x00000000c00212b8      0x326 hal/sound/sndchannel.32
                0x00000000c00212b8                SoundChannel::~SoundChannel()
                0x00000000c00212b8                SoundChannel::~SoundChannel()
                0x00000000c00212d4                SoundChannel::setSpeed(float)
                0x00000000c00212e0                SoundChannel::getSpeed()
                0x00000000c00212e8                SoundChannel::setVolume(int)
                0x00000000c0021304                SoundChannel::getVolume()
                0x00000000c002130c                SoundChannel::pause()
                0x00000000c0021316                SoundChannel::SoundChannel(int, int, int, int)
                0x00000000c0021316                SoundChannel::SoundChannel(int, int, int, int)
                0x00000000c002146c                SoundChannel::play()
                0x00000000c0021476                SoundChannel::paused()
                0x00000000c002147e                SoundChannel::getSampleRate()
                0x00000000c0021486                SoundChannel::getBits()
                0x00000000c002148e                SoundChannel::getBufferUsed()
                0x00000000c0021496                SoundChannel::getBufferSize()
                0x00000000c002149e                SoundChannel::unbuffer(float*, int, int)
                0x00000000c002153e                SoundChannel::buffer8(unsigned char*, int)
 .text          0x00000000c00215de      0x3d5 hal/sound/sndhw.32
                0x00000000c00215de                SoundDevice::SoundDevice(char const*)
                0x00000000c00215de                SoundDevice::SoundDevice(char const*)
                0x00000000c002164a                SoundDevice::~SoundDevice()
                0x00000000c002164a                SoundDevice::~SoundDevice()
                0x00000000c00216c4                SoundDevice::~SoundDevice()
                0x00000000c00216ee                SoundDevice::getFreeChannelNum()
                0x00000000c0021708                SoundDevice::addChannel(SoundChannel*)
                0x00000000c0021778                SoundDevice::removeChannel(int)
                0x00000000c00217aa                SoundDevice::floatTo8(float*, unsigned char*, int)
                0x00000000c0021892                SoundDevice::getAudio(int, float*, float*)
 .text          0x00000000c00219b3        0x0 hw/bus/isa.32
 *fill*         0x00000000c00219b3        0x1 
 .text          0x00000000c00219b4      0x6c3 hw/bus/pci.32
                0x00000000c00219b4                PCI::open(int, int, void*)
                0x00000000c00219c8                PCI::close(int, int, void*)
                0x00000000c00219cc                PCI::PCI()
                0x00000000c00219cc                PCI::PCI()
                0x00000000c0021a4c                PCI::pciReadWord(unsigned char, unsigned char, unsigned char, unsigned char)
                0x00000000c0021a94                PCI::getVendorID(unsigned char, unsigned char, unsigned char)
                0x00000000c0021ab6                PCI::getHeaderType(unsigned char, unsigned char, unsigned char)
                0x00000000c0021ada                PCI::getClassCode(unsigned char, unsigned char, unsigned char)
                0x00000000c0021b1e                PCI::getProgIF(unsigned char, unsigned char, unsigned char)
                0x00000000c0021b42                PCI::getRevisionID(unsigned char, unsigned char, unsigned char)
                0x00000000c0021b64                PCI::getInterruptNumber(unsigned char, unsigned char, unsigned char)
                0x00000000c0021b86                PCI::getSecondaryBus(unsigned char, unsigned char, unsigned char)
                0x00000000c0021baa                PCI::getBARAddress(unsigned char, unsigned char, unsigned char, unsigned char)
                0x00000000c0021c0a                PCI::pciWriteWord(unsigned char, unsigned char, unsigned char, unsigned char, unsigned short)
                0x00000000c0021c76                PCI::checkBus(unsigned char)
                0x00000000c0021c9a                PCI::foundDevice(PCIDeviceInfo)
                0x00000000c0021e0c                PCI::getDeviceData(unsigned char, unsigned char, unsigned char)
                0x00000000c0021fb8                PCI::checkDevice(unsigned char, unsigned char)
                0x00000000c0022024                PCI::detect()
 *fill*         0x00000000c0022077        0x1 
 .text          0x00000000c0022078      0xc70 hw/diskctrl/ide.32
                0x00000000c0022078                IDE::close(int, int, void*)
                0x00000000c002207c                IDE::IDE()
                0x00000000c002207c                IDE::IDE()
                0x00000000c00220b0                IDE::prepareInterrupt(unsigned char)
                0x00000000c00220c2                selectDrive(unsigned char, unsigned char)
                0x00000000c00220c4                IDE::getBase(unsigned char)
                0x00000000c00220d6                IDE::write(unsigned char, unsigned char, unsigned char)
                0x00000000c0022196                IDE::read(unsigned char, unsigned char)
                0x00000000c0022244                IDE::waitInterrupt(unsigned char)
                0x00000000c00222aa                ideChannel0IRQHandler(regs*, void*)
                0x00000000c00222c6                ideChannel1IRQHandler(regs*, void*)
                0x00000000c00222e2                IDE::enableIRQs(unsigned char, bool)
                0x00000000c0022328                IDE::open(int, int, void*)
                0x00000000c0022738                IDE::readBuffer(unsigned char, unsigned char, unsigned int, unsigned int)
                0x00000000c0022804                IDE::detect()
                0x00000000c0022aec                IDE::printError(unsigned char, unsigned char, unsigned char)
                0x00000000c0022c82                IDE::polling(unsigned char, unsigned int)
 .text          0x00000000c0022ce8      0x37a hw/diskctrl/satabus.32
                0x00000000c0022ce8                SATABus::close(int, int, void*)
                0x00000000c0022cec                SATABus::detect()
                0x00000000c0022cee                SATABus::SATABus()
                0x00000000c0022cee                SATABus::SATABus()
                0x00000000c0022d9a                SATABus::findCmdslot(SATABus::tagHBA_PORT volatile*)
                0x00000000c0022de2                SATABus::checkType(SATABus::tagHBA_PORT volatile*)
                0x00000000c0022e2a                SATABus::startCmd(SATABus::tagHBA_PORT volatile*)
                0x00000000c0022e4a                SATABus::stopCmd(SATABus::tagHBA_PORT volatile*)
                0x00000000c0022e74                SATABus::portRebase(SATABus::tagHBA_PORT volatile*, int)
                0x00000000c0022f7a                SATABus::probePort(SATABus::tagHBA_MEM volatile*)
                0x00000000c0023042                SATABus::open(int, int, void*)
 .text          0x00000000c0023062      0x62b hw/diskphys/ata.32
                0x00000000c0023062                ATA::close(int, int, void*)
                0x00000000c0023086                ATA::powerSaving(PowerSavingLevel)
                0x00000000c0023088                ATA::ATA()
                0x00000000c0023088                ATA::ATA()
                0x00000000c00230b6                ATA::flush(bool)
                0x00000000c0023100                ATA::readyForCommand()
                0x00000000c0023150                ATA::access(unsigned long long, int, void*, bool)
                0x00000000c00234ce                ATA::read(unsigned long long, int, void*)
                0x00000000c0023536                ATA::write(unsigned long long, int, void*)
                0x00000000c002359e                ATA::detectCHS()
                0x00000000c00235c8                ATA::open(int, int, void*)
 *fill*         0x00000000c002368d        0x1 
 .text          0x00000000c002368e      0x5b3 hw/diskphys/atapi.32
                0x00000000c002368e                ATAPI::write(unsigned long long, int, void*)
                0x00000000c0023694                ATAPI::close(int, int, void*)
                0x00000000c00236b8                ATAPI::ATAPI()
                0x00000000c00236b8                ATAPI::ATAPI()
                0x00000000c00236e6                ATAPI::readyForCommand()
                0x00000000c0023736                ATAPI::sendPacket(unsigned char*, int, bool, unsigned short*, int)
                0x00000000c00239f6                ATAPI::diskRemoved()
                0x00000000c0023a12                ATAPI::eject()
                0x00000000c0023a58                ATAPI::diskInserted()
                0x00000000c0023a86                ATAPI::detectMedia()
                0x00000000c0023b42                ATAPI::open(int, int, void*)
                0x00000000c0023bc2                ATAPI::read(unsigned long long, int, void*)
 *fill*         0x00000000c0023c41        0x1 
 .text          0x00000000c0023c42      0x414 hw/diskphys/sata.32
                0x00000000c0023c42                SATA::close(int, int, void*)
                0x00000000c0023c66                SATA::powerSaving(PowerSavingLevel)
                0x00000000c0023c68                SATA::open(int, int, void*)
                0x00000000c0023cc4                SATA::SATA()
                0x00000000c0023cc4                SATA::SATA()
                0x00000000c0023cf2                SATA::access(unsigned long long, int, void*, bool)
                0x00000000c0023f86                SATA::read(unsigned long long, int, void*)
                0x00000000c0023fee                SATA::write(unsigned long long, int, void*)
 .text          0x00000000c0024056       0x8e hw/fpu/avx.32
                0x00000000c0024056                AVX::open(int, int, void*)
                0x00000000c0024068                AVX::close(int, int, void*)
                0x00000000c002407a                AVX::available()
                0x00000000c002408c                AVX::save(void*)
                0x00000000c00240a4                AVX::load(void*)
                0x00000000c00240bc                AVX::AVX()
                0x00000000c00240bc                AVX::AVX()
 .text          0x00000000c00240e4       0x90 hw/fpu/mmx.32
                0x00000000c00240e4                MMX::available()
                0x00000000c00240f8                MMX::open(int, int, void*)
                0x00000000c002410a                MMX::close(int, int, void*)
                0x00000000c002411c                MMX::save(void*)
                0x00000000c0024134                MMX::load(void*)
                0x00000000c002414c                MMX::MMX()
                0x00000000c002414c                MMX::MMX()
 .text          0x00000000c0024174       0x96 hw/fpu/sse.32
                0x00000000c0024174                SSE::open(int, int, void*)
                0x00000000c0024186                SSE::close(int, int, void*)
                0x00000000c0024198                SSE::available()
                0x00000000c00241b2                SSE::save(void*)
                0x00000000c00241ca                SSE::load(void*)
                0x00000000c00241e2                SSE::SSE()
                0x00000000c00241e2                SSE::SSE()
 .text          0x00000000c002420a       0x8e hw/fpu/x87.32
                0x00000000c002420a                x87::open(int, int, void*)
                0x00000000c002421c                x87::close(int, int, void*)
                0x00000000c002422e                x87::available()
                0x00000000c0024240                x87::save(void*)
                0x00000000c0024258                x87::load(void*)
                0x00000000c0024270                x87::x87()
                0x00000000c0024270                x87::x87()
 .text          0x00000000c0024298      0x71e hw/intctrl/apic.32
                0x00000000c0024298                APIC::disable()
                0x00000000c002429a                APIC::close(int, int, void*)
                0x00000000c00242bc                IOAPIC::close(int, int, void*)
                0x00000000c00242c2                APIC::io_wait()
                0x00000000c00242c8                APIC::getBase()
                0x00000000c002430a                APIC::eoi(unsigned char)
                0x00000000c0024338                APIC::open(int, int, void*)
                0x00000000c0024486                IOAPIC::IOAPIC()
                0x00000000c0024486                IOAPIC::IOAPIC()
                0x00000000c00244ae                APIC::APIC()
                0x00000000c00244ae                APIC::APIC()
                0x00000000c002458a                IOAPIC::handlesGSIWithNumber(unsigned int)
                0x00000000c00245bc                IOAPIC::read(int)
                0x00000000c00245e4                IOAPIC::open(int, int, void*)
                0x00000000c00246da                IOAPIC::write(int, int)
                0x00000000c0024706                IOAPIC::redirect(unsigned char, unsigned long long, unsigned char, bool, bool)
                0x00000000c0024800                APIC::installIRQHandler(int, void (*)(regs*, void*), bool, void*)
 .text          0x00000000c00249b6      0x3d3 hw/intctrl/pic.32
                0x00000000c00249b6                PIC::disable()
                0x00000000c00249e4                PIC::close(int, int, void*)
                0x00000000c0024a06                PIC::PIC()
                0x00000000c0024a06                PIC::PIC()
                0x00000000c0024adc                PIC::ioWait()
                0x00000000c0024ae2                PIC::getIRQReg(int)
                0x00000000c0024b4c                PIC::eoi(unsigned char)
                0x00000000c0024bde                PIC::remap()
                0x00000000c0024d4a                PIC::open(int, int, void*)
 *fill*         0x00000000c0024d89        0x1 
 .text          0x00000000c0024d8a      0x25e hw/timer/apictimer.32
                0x00000000c0024d8a                APICTimer::close(int, int, void*)
                0x00000000c0024d90                apicTimerHandler(regs*, void*)
                0x00000000c0024dbe                APICTimer::write(int)
                0x00000000c0024ec2                APICTimer::open(int, int, void*)
                0x00000000c0024fc0                APICTimer::APICTimer()
                0x00000000c0024fc0                APICTimer::APICTimer()
 .text          0x00000000c0024fe8      0x1a7 hw/timer/pit.32
                0x00000000c0024fe8                PIT::write(int)
                0x00000000c0025066                pitHandler(regs*, void*)
                0x00000000c0025092                PIT::open(int, int, void*)
                0x00000000c00250e0                PIT::close(int, int, void*)
                0x00000000c0025110                PIT::PIT()
                0x00000000c0025110                PIT::PIT()
 *fill*         0x00000000c002518f        0x1 
 .text          0x00000000c0025190       0x1e hw/fpu/x86/avx.32
                0x00000000c0025190                avxDetect
                0x00000000c0025196                avxSave
                0x00000000c0025197                avxLoad
                0x00000000c0025198                avxInit
                0x00000000c0025199                avxClose
                0x00000000c002519a                wouldSheSayYes
 *fill*         0x00000000c00251ae        0x2 
 .text          0x00000000c00251b0       0x35 hw/fpu/x86/sse.32
                0x00000000c00251b0                absolutelyNoChanceInHell
                0x00000000c00251b0                sseDetect
                0x00000000c00251c8                sseSave
                0x00000000c00251ce                sseLoad
                0x00000000c00251d4                sseInit
                0x00000000c00251e4                sseClose
 *fill*         0x00000000c00251e5        0xb 
 .text          0x00000000c00251f0       0x47 hw/fpu/x86/x87.32
                0x00000000c00251f6                x87Detect
                0x00000000c0025211                x87Save
                0x00000000c0025217                x87Load
                0x00000000c002521c                x87Init
                0x00000000c0025236                x87Close
 *fill*         0x00000000c0025237        0x1 
 .text          0x00000000c0025238       0x25 /cygdrive/d/Users/Alex/Desktop/Toolchain/Output/bin/../lib/gcc/i386-banana/8.1.0/crtend.o
 .text          0x00000000c002525d        0x0 crtn.32
 *fill*         0x00000000c002525d        0x3 
 .text          0x00000000c0025260      0x14b /cygdrive/d/Users/Alex/Desktop/Toolchain/Output/bin/../lib/gcc/i386-banana/8.1.0/libkgcc.a(_divdi3.o)
                0x00000000c0025260                __divdi3
 *fill*         0x00000000c00253ab        0x1 
 .text          0x00000000c00253ac      0x17e /cygdrive/d/Users/Alex/Desktop/Toolchain/Output/bin/../lib/gcc/i386-banana/8.1.0/libkgcc.a(_moddi3.o)
                0x00000000c00253ac                __moddi3
 *fill*         0x00000000c002552a        0x2 
 .text          0x00000000c002552c       0xff /cygdrive/d/Users/Alex/Desktop/Toolchain/Output/bin/../lib/gcc/i386-banana/8.1.0/libkgcc.a(_udivdi3.o)
                0x00000000c002552c                __udivdi3
 *fill*         0x00000000c002562b        0x1 
 .text          0x00000000c002562c      0x11a /cygdrive/d/Users/Alex/Desktop/Toolchain/Output/bin/../lib/gcc/i386-banana/8.1.0/libkgcc.a(_umoddi3.o)
                0x00000000c002562c                __umoddi3
 .text          0x00000000c0025746      0x96d D:/Users/Alex/Desktop/Banana/kernel/libsoftfp.a(sfieeelib.o)
                0x00000000c0025746                __addsf3
                0x00000000c0025a48                __subsf3
                0x00000000c0025a5c                __negsf2
                0x00000000c0025a69                __mulsf3
                0x00000000c0025c2c                __divsf3
                0x00000000c0025e57                __floatsisf
                0x00000000c0025ecb                __floatunsisf
                0x00000000c0025f0d                __fixsfsi
                0x00000000c0025f6f                __fixunssfsi
                0x00000000c0025fa0                __cmpsf2
                0x00000000c0026035                __eqsf2
                0x00000000c0026070                __nesf2
                0x00000000c0026072                __gtsf2
                0x00000000c00260ad                __gesf2
                0x00000000c00260af                __ltsf2
                0x00000000c00260b1                __lesf2
 .text          0x00000000c00260b3      0xf50 D:/Users/Alex/Desktop/Banana/kernel/libsoftfp.a(dfieeelib.o)
                0x00000000c00260b3                __adddf3
                0x00000000c0026704                __subdf3
                0x00000000c002671f                __negdf2
                0x00000000c0026730                __muldf3
                0x00000000c0026a14                __divdf3
                0x00000000c0026d93                __floatsidf
                0x00000000c0026dee                __floatunsidf
                0x00000000c0026e2c                __fixdfsi
                0x00000000c0026e99                __fixunsdfsi
                0x00000000c0026ed5                __cmpdf2
                0x00000000c0026fc3                __eqdf2
                0x00000000c0026fdf                __nedf2
                0x00000000c0026fe1                __gtdf2
                0x00000000c0026ffd                __gedf2
                0x00000000c0026fff                __ltdf2
                0x00000000c0027001                __ledf2
 .text          0x00000000c0027003      0x18d D:/Users/Alex/Desktop/Banana/kernel/libsoftfp.a(sfdfcvt.o)
                0x00000000c0027003                __truncdfsf2
                0x00000000c0027127                __extendsfdf2
 .text          0x00000000c0027190       0x1e D:/Users/Alex/Desktop/Banana/kernel/libk/libm32.a(s_fabs.c.o)
                0x00000000c0027190                fabs
 *fill*         0x00000000c00271ae        0x2 
 .text          0x00000000c00271b0        0xc D:/Users/Alex/Desktop/Banana/kernel/libk/libm32.a(s_lrint.S.o)
                0x00000000c00271b0                lrint
 .text          0x00000000c00271bc        0xc D:/Users/Alex/Desktop/Banana/kernel/libk/libm32.a(s_lrintf.S.o)
                0x00000000c00271bc                lrintf
 *(.gnu.linkonce.t*)

.iplt           0x00000000c00271c8        0x0
 .iplt          0x00000000c00271c8        0x0 D:/Users/Alex/Desktop/Banana/kernel/boot.32

.init           0x00000000c00271c8        0xf
 .init          0x00000000c00271c8        0x3 crti.32
                0x00000000c00271c8                _init
 .init          0x00000000c00271cb        0x5 /cygdrive/d/Users/Alex/Desktop/Toolchain/Output/bin/../lib/gcc/i386-banana/8.1.0/crtbegin.o
 .init          0x00000000c00271d0        0x5 /cygdrive/d/Users/Alex/Desktop/Toolchain/Output/bin/../lib/gcc/i386-banana/8.1.0/crtend.o