Archive member included to satisfy reference by file (symbol)

/cygdrive/d/Users/Alex/Desktop/Toolchain/Output/bin/../lib/gcc/i386-banana/8.1.0/libkgcc.a(_divdi3.o)
                              fs/fat/ff.32 (__divdi3)
/cygdrive/d/Users/Alex/Desktop/Toolchain/Output/bin/../lib/gcc/i386-banana/8.1.0/libkgcc.a(_moddi3.o)
                              thr/elf.32 (__moddi3)
/cygdrive/d/Users/Alex/Desktop/Toolchain/Output/bin/../lib/gcc/i386-banana/8.1.0/libkgcc.a(_udivdi3.o)
                              fs/fat/ff.32 (__udivdi3)
/cygdrive/d/Users/Alex/Desktop/Toolchain/Output/bin/../lib/gcc/i386-banana/8.1.0/libkgcc.a(_umoddi3.o)
                              core/pipe.32 (__umoddi3)
D:/Users/Alex/Desktop/Banana/kernel/libsoftfp.a(sfieeelib.o)
                              hal/sound/sndhw.32 (__addsf3)
D:/Users/Alex/Desktop/Banana/kernel/libsoftfp.a(dfieeelib.o)
                              hal/libresample/src_linear.32 (__adddf3)
D:/Users/Alex/Desktop/Banana/kernel/libsoftfp.a(sfdfcvt.o)
                              hal/libresample/samplerate.32 (__truncdfsf2)
D:/Users/Alex/Desktop/Banana/kernel/libk/libm32.a(s_fabs.c.o)
                              hal/libresample/samplerate.32 (fabs)
D:/Users/Alex/Desktop/Banana/kernel/libk/libm32.a(s_lrint.S.o)
                              hal/libresample/samplerate.32 (lrint)
D:/Users/Alex/Desktop/Banana/kernel/libk/libm32.a(s_lrintf.S.o)
                              hal/sound/sndhw.32 (lrintf)

Discarded input sections

 .comment       0x0000000000000000       0x12 /cygdrive/d/Users/Alex/Desktop/Toolchain/Output/bin/../lib/gcc/i386-banana/8.1.0/crtbegin.o
 .comment       0x0000000000000000       0x12 acpica/utclib.32
 .comment       0x0000000000000000       0x12 core/malloc.32
 .comment       0x0000000000000000       0x12 libk/string.32
 .comment       0x0000000000000000       0x12 fs/fat/diskio.32
 .comment       0x0000000000000000       0x12 fs/fat/ff.32
 .comment       0x0000000000000000       0x12 fs/fat/ffsystem.32
 .comment       0x0000000000000000       0x12 fs/fat/ffunicode.32
 .comment       0x0000000000000000       0x12 hal/libresample/samplerate.32
 .comment       0x0000000000000000       0x12 hal/libresample/src_linear.32
 .comment       0x0000000000000000       0x12 hal/libresample/src_sinc.32
 .comment       0x0000000000000000       0x12 hal/libresample/src_zoh.32
 .comment       0x0000000000000000       0x12 compat/inlines.32
 .group         0x0000000000000000       0x14 core/computer.32
 .group         0x0000000000000000        0xc core/computer.32
 .comment       0x0000000000000000       0x12 core/computer.32
 .comment       0x0000000000000000       0x12 core/gdt.32
 .group         0x0000000000000000        0xc core/idle.32
 .comment       0x0000000000000000       0x12 core/idle.32
 .comment       0x0000000000000000       0x12 core/idt.32
 .comment       0x0000000000000000       0x12 core/kheap.32
 .comment       0x0000000000000000       0x12 core/main.32
 .comment       0x0000000000000000       0x12 core/physmgr.32
 .group         0x0000000000000000        0xc core/pipe.32
 .comment       0x0000000000000000       0x12 core/pipe.32
 .group         0x0000000000000000        0xc core/terminal.32
 .comment       0x0000000000000000       0x12 core/terminal.32
 .comment       0x0000000000000000       0x12 core/tss.32
 .group         0x0000000000000000        0x8 core/unixfile.32
 .group         0x0000000000000000        0xc core/unixfile.32
 .group         0x0000000000000000        0xc core/unixfile.32
 .group         0x0000000000000000        0x8 core/unixfile.32
 .group         0x0000000000000000        0xc core/unixfile.32
 .group         0x0000000000000000        0x8 core/unixfile.32
 .group         0x0000000000000000        0xc core/unixfile.32
 .group         0x0000000000000000        0xc core/unixfile.32
 .comment       0x0000000000000000       0x12 core/unixfile.32
 .comment       0x0000000000000000       0x12 core/virtmgr.32
 .comment       0x0000000000000000       0x12 coreobjs/c++.32
 .comment       0x0000000000000000       0x12 dbg/kconsole.32
 .group         0x0000000000000000        0xc fs/vfs.32
 .group         0x0000000000000000        0xc fs/vfs.32
 .group         0x0000000000000000        0xc fs/vfs.32
 .comment       0x0000000000000000       0x12 fs/vfs.32
 .group         0x0000000000000000        0xc hal/bus.32
 .comment       0x0000000000000000       0x12 hal/bus.32
 .group         0x0000000000000000        0xc hal/buzzer.32
 .comment       0x0000000000000000       0x12 hal/buzzer.32
 .group         0x0000000000000000        0xc hal/clock.32
 .comment       0x0000000000000000       0x12 hal/clock.32
 .group         0x0000000000000000       0x14 hal/device.32
 .group         0x0000000000000000        0xc hal/device.32
 .group         0x0000000000000000        0xc hal/device.32
 .group         0x0000000000000000        0xc hal/device.32
 .group         0x0000000000000000        0xc hal/device.32
[...]
Memory Configuration

Name             Origin             Length             Attributes
*default*        0x0000000000000000 0xffffffffffffffff

Linker script and memory map

LOAD D:/Users/Alex/Desktop/Banana/kernel/boot.32
LOAD crti.32
LOAD /cygdrive/d/Users/Alex/Desktop/Toolchain/Output/bin/../lib/gcc/i386-banana/8.1.0/crtbegin.o
LOAD D:/Users/Alex/Desktop/Banana/kernel/morenasm.32
LOAD acpica/utclib.32
LOAD core/malloc.32
LOAD libk/string.32
LOAD fs/fat/diskio.32
LOAD fs/fat/ff.32
LOAD fs/fat/ffsystem.32
LOAD fs/fat/ffunicode.32
LOAD hal/libresample/samplerate.32
LOAD hal/libresample/src_linear.32
LOAD hal/libresample/src_sinc.32
LOAD hal/libresample/src_zoh.32
LOAD compat/inlines.32
LOAD core/computer.32
LOAD core/gdt.32
LOAD core/idle.32
LOAD core/idt.32
LOAD core/kheap.32
LOAD core/main.32
LOAD core/physmgr.32
LOAD core/pipe.32
LOAD core/terminal.32
LOAD core/tss.32
LOAD core/unixfile.32
LOAD core/virtmgr.32
LOAD coreobjs/c++.32
LOAD dbg/kconsole.32
LOAD fs/vfs.32
LOAD hal/bus.32
LOAD hal/buzzer.32
LOAD hal/clock.32
LOAD hal/device.32
LOAD hal/diskctrl.32
LOAD hal/diskphys.32
LOAD hal/fpu.32
LOAD hal/intctrl.32
LOAD hal/keybrd.32
LOAD hal/logidisk.32
LOAD hal/mouse.32
LOAD hal/partition.32
LOAD hal/serial.32
LOAD hal/timer.32
LOAD hal/vcache.32
LOAD hal/video.32
LOAD hw/acpi.32
LOAD hw/cpu.32
LOAD hw/ports.32
LOAD krnl/env.32
LOAD krnl/panic.32
LOAD net/ethernet.32
LOAD reg/registry.32
LOAD sys/sc_exit.32
LOAD sys/sc_getcwd.32
LOAD sys/sc_getpid.32
LOAD sys/sc_loaddll.32
LOAD sys/sc_read.32
LOAD sys/sc_sbrk.32
LOAD sys/sc_setcwd.32
LOAD sys/sc_write.32
LOAD sys/sc_yield.32
LOAD sys/syscalls.32
LOAD thr/elf.32
LOAD thr/prcssthr.32
LOAD vm86/vm8086.32
LOAD vm86/x87em.32
LOAD fs/fat/vfslink.32
LOAD fs/iso9660/vfslink.32
LOAD hal/sound/sndchannel.32
LOAD hal/sound/sndhw.32
LOAD hw/bus/isa.32
LOAD hw/bus/pci.32
LOAD hw/diskctrl/ide.32
LOAD hw/diskctrl/satabus.32
LOAD hw/diskphys/ata.32
LOAD hw/diskphys/atapi.32
LOAD hw/diskphys/sata.32
LOAD hw/fpu/avx.32
LOAD hw/fpu/mmx.32
LOAD hw/fpu/sse.32
LOAD hw/fpu/x87.32
LOAD hw/intctrl/apic.32
LOAD hw/intctrl/pic.32
LOAD hw/timer/apictimer.32
LOAD hw/timer/pit.32
LOAD hw/fpu/x86/avx.32
LOAD hw/fpu/x86/sse.32
LOAD hw/fpu/x86/x87.32
LOAD /cygdrive/d/Users/Alex/Desktop/Toolchain/Output/bin/../lib/gcc/i386-banana/8.1.0/crtend.o
LOAD crtn.32
LOAD /cygdrive/d/Users/Alex/Desktop/Toolchain/Output/bin/../lib/gcc/i386-banana/8.1.0/libkgcc.a
LOAD D:/Users/Alex/Desktop/Banana/kernel/libsoftfp.a
LOAD D:/Users/Alex/Desktop/Banana/kernel/libk/libm32.a
                0x00000000c0000000                . = 0xc0000000

.text           0x00000000c0000000    0x27068
 *(.text)
 .text          0x00000000c0000000       0x41 D:/Users/Alex/Desktop/Banana/kernel/boot.32
                0x00000000c0000020                callGlobalConstructors
 .text          0x00000000c0000041        0x0 crti.32
 *fill*         0x00000000c0000041        0x3 
 .text          0x00000000c0000044      0x101 /cygdrive/d/Users/Alex/Desktop/Toolchain/Output/bin/../lib/gcc/i386-banana/8.1.0/crtbegin.o
 *fill*         0x00000000c0000145        0xb 
 .text          0x00000000c0000150      0x4a2 D:/Users/Alex/Desktop/Banana/kernel/morenasm.32
                0x00000000c0000150                prepareTramp
                0x00000000c0000169                voodooXADD
                0x00000000c0000234                doTPAUSE
                0x00000000c000023e                hasLegacyFPU
                0x00000000c0000263                is486
                0x00000000c0000299                detectCPUID
                0x00000000c00002af                goToVM86
                0x00000000c00002df                goToUsermode
                0x00000000c0000309                switchToThreadASMFirstTime
                0x00000000c0000317                switchToThreadASM
                0x00000000c000039f                asmQuickAcquireLock
                0x00000000c00003bd                asmQuickReleaseLock
                0x00000000c00003c9                asmAcquireLock
                0x00000000c00003ea                asmReleaseLock
                0x00000000c00003fd                loadGDT
                0x00000000c000041d                isr0
                0x00000000c000042d                isr1
                0x00000000c0000437                isr2
                0x00000000c0000441                isr3
                0x00000000c000044b                isr4
                0x00000000c0000455                isr5
                0x00000000c000045f                isr6
                0x00000000c0000469                isr7
                0x00000000c0000473                isr8
                0x00000000c000047b                isr9
                0x00000000c0000485                isr10
                0x00000000c000048d                isr11
                0x00000000c0000495                isr12
                0x00000000c000049d                isr13
                0x00000000c00004a5                isr14
                0x00000000c00004ad                isr15
                0x00000000c00004b7                isr16
                0x00000000c00004c1                isr17
                0x00000000c00004cb                isr18
                0x00000000c00004d5                irq3
                0x00000000c00004df                irq4
                0x00000000c00004e9                irq5
                0x00000000c00004f3                irq6
                0x00000000c00004fd                irq7
                0x00000000c0000507                irq8
                0x00000000c0000511                irq9
                0x00000000c000051b                irq10
                0x00000000c0000525                irq11
                0x00000000c000052f                irq12
                0x00000000c0000539                irq13
                0x00000000c0000543                irq14
                0x00000000c000054d                irq15
                0x00000000c0000557                irq1
                0x00000000c000055e                irq2
                0x00000000c0000565                isr96
                0x00000000c000056c                irq0
                0x00000000c0000571                syscall_common_stub
                0x00000000c0000571                int_common_stub
                0x00000000c00005a2                irq16
                0x00000000c00005ac                irq17
                0x00000000c00005b6                irq18
                0x00000000c00005c0                irq19
                0x00000000c00005ca                irq20
                0x00000000c00005d4                irq21
                0x00000000c00005de                irq22
                0x00000000c00005e8                irq23
 .text          0x00000000c00005f2      0x40f acpica/utclib.32
                0x00000000c00005f2                memcmp
                0x00000000c000061d                memmove
                0x00000000c0000655                memcpy
                0x00000000c000068b                memset
                0x00000000c00006a8                strlen
                0x00000000c00006b8                strpbrk
                0x00000000c00006db                strtok
                0x00000000c000072a                strcpy
                0x00000000c000074a                strncpy
                0x00000000c000077b                strcmp
                0x00000000c000079c                strchr
                0x00000000c00007b2                strncmp
                0x00000000c00007e1                strcat
                0x00000000c0000808                strncat
                0x00000000c0000842                strstr
                0x00000000c000087f                toupper
                0x00000000c0000893                tolower
                0x00000000c00008a7                simple_strtoul
 .text          0x00000000c0000a01      0xfbf core/malloc.32
                0x00000000c0000b6c                dlfree
                0x00000000c0000ec7                dlmalloc
                0x00000000c0001404                dlrealloc
                0x00000000c00015b9                dlmemalign
                0x00000000c00016dc                dlcalloc
                0x00000000c0001776                dlcfree
                0x00000000c000177b                dlindependent_calloc
                0x00000000c00017a0                dlindependent_comalloc
                0x00000000c00017b7                dlvalloc
                0x00000000c00017e2                dlpvalloc
                0x00000000c0001818                dlmalloc_trim
                0x00000000c0001825                dlmalloc_usable_size
                0x00000000c0001856                dlmallinfo
                0x00000000c0001925                dlmalloc_stats
                0x00000000c0001936                dlmallopt
 .text          0x00000000c00019c0        0x0 libk/string.32
 .text          0x00000000c00019c0       0x51 fs/fat/diskio.32
                0x00000000c00019c0                disk_status
                0x00000000c00019c3                disk_initialize
                0x00000000c00019c6                disk_read
                0x00000000c00019dc                disk_write
                0x00000000c00019f2                disk_ioctl
 .text          0x00000000c0001a11     0x6833 fs/fat/ff.32
                0x00000000c0004cdf                f_mount
                0x00000000c0004d41                f_open
                0x00000000c000517d                f_read
                0x00000000c00053fd                f_write
                0x00000000c00056b7                f_sync
                0x00000000c0005893                f_close
                0x00000000c00058c2                f_lseek
                0x00000000c0005d79                f_opendir
                0x00000000c0005e7b                f_closedir
                0x00000000c0005e9d                f_readdir
                0x00000000c0005f38                f_stat
                0x00000000c0005fc7                f_getfree
                0x00000000c0006192                f_truncate
                0x00000000c000628a                f_unlink
                0x00000000c000640d                f_mkdir
                0x00000000c0006639                f_rename
                0x00000000c000692c                f_chmod
                0x00000000c0006a0a                f_utime
                0x00000000c0006ae8                f_getlabel
                0x00000000c0006cd6                f_setlabel
                0x00000000c0006f43                f_forward
                0x00000000c0007121                f_mkfs
 .text          0x00000000c0008244       0x2d fs/fat/ffsystem.32
                0x00000000c0008244                ff_memalloc
                0x00000000c000825a                ff_memfree
 .text          0x00000000c0008271      0x253 fs/fat/ffunicode.32
                0x00000000c0008271                ff_uni2oem
                0x00000000c0008301                ff_oem2uni
                0x00000000c000836d                ff_wtoupper
 .text          0x00000000c00084c4      0x8fb hal/libresample/samplerate.32
                0x00000000c0008508                src_delete
                0x00000000c0008544                src_process
                0x00000000c00086fa                src_callback_read
                0x00000000c0008877                src_set_ratio
                0x00000000c00088e1                src_get_channels
                0x00000000c0008903                src_reset
                0x00000000c000894f                src_new
                0x00000000c00089dd                src_callback_new
                0x00000000c0008a3f                src_get_name
                0x00000000c0008a76                src_get_description
                0x00000000c0008aad                src_get_version
                0x00000000c0008ab3                src_is_valid_ratio
                0x00000000c0008b07                src_error
                0x00000000c0008b15                src_strerror
                0x00000000c0008b28                src_simple
                0x00000000c0008b7b                src_short_to_float_array
                0x00000000c0008be0                src_float_to_short_array
                0x00000000c0008c9f                src_int_to_float_array
                0x00000000c0008d02                src_float_to_int_array
 .text          0x00000000c0008dbf      0x8cb hal/libresample/src_linear.32
                0x00000000c00095e5                linear_get_name
                0x00000000c00095f4                linear_get_description
                0x00000000c0009603                linear_set_converter
 .text          0x00000000c000968a     0x447c hal/libresample/src_sinc.32
                0x00000000c000da1d                sinc_get_name
                0x00000000c000da30                sinc_get_description
                0x00000000c000da43                sinc_set_converter
 .text          0x00000000c000db06      0x77c hal/libresample/src_zoh.32
                0x00000000c000e1dd                zoh_get_name
                0x00000000c000e1ec                zoh_get_description
                0x00000000c000e1fb                zoh_set_converter
 .text          0x00000000c000e282       0x23 compat/inlines.32
                0x00000000c000e282                CPU::current()
                0x00000000c000e28f                operator new(unsigned long)
 *fill*         0x00000000c000e2a5        0x1 
 .text          0x00000000c000e2a6      0xa0b core/computer.32
                0x00000000c000e2a6                Computer::close(int, int, void*)
                0x00000000c000e2ea                Computer::Computer()
                0x00000000c000e2ea                Computer::Computer()
                0x00000000c000e446                Computer::setBootMessage(char const*)
                0x00000000c000e448                Computer::start()
                0x00000000c000e51e                firstTask()
                0x00000000c000e52c                Computer::detectFeatures()
                0x00000000c000e736                Computer::displayFeatures()
                0x00000000c000ea7c                Computer::rdmsr(unsigned int)
                0x00000000c000eaa8                Computer::wrmsr(unsigned int, unsigned long long)
                0x00000000c000eae0                Computer::nmiEnabled()
                0x00000000c000eaec                Computer::readCMOS(unsigned char)
                0x00000000c000eb06                Computer::enableNMI(bool)
                0x00000000c000eb1e                Computer::open(int, int, void*)
                0x00000000c000ebf4                Computer::disableNMI()
                0x00000000c000ec02                Computer::writeCMOS(unsigned char, unsigned char)
                0x00000000c000ec20                Computer::handleNMI()
                0x00000000c000ec86                Computer::setDiskActivityLight(int, bool)
 *fill*         0x00000000c000ecb1        0x1 
 .text          0x00000000c000ecb2      0x1b7 core/gdt.32
                0x00000000c000ecb2                GDTEntry::setBase(unsigned int)
                0x00000000c000ecce                GDTEntry::setLimit(unsigned int)
                0x00000000c000ecec                GDT::GDT()
                0x00000000c000ecec                GDT::GDT()
                0x00000000c000ed02                GDT::addEntry(GDTEntry)
                0x00000000c000ed3e                GDT::getNumberOfEntries()
                0x00000000c000ed46                GDT::flush()
                0x00000000c000ed68                GDT::setup()
 .text          0x00000000c000ee69       0x62 core/idle.32
                0x00000000c000ee69                idleFunction(void*)
 *fill*         0x00000000c000eecb        0x1 
 .text          0x00000000c000eecc      0x45f core/idt.32
                0x00000000c000eecc                IDTEntry::IDTEntry(bool)
                0x00000000c000eecc                IDTEntry::IDTEntry(bool)
                0x00000000c000ef3a                IDTEntry::setOffset(unsigned int)
                0x00000000c000ef4e                IDT::IDT()
                0x00000000c000ef4e                IDT::IDT()
                0x00000000c000ef50                IDT::getPointerToInvalidOpcodeEntryForF00F()
                0x00000000c000ef58                IDT::addEntry(IDTEntry, int)
                0x00000000c000ef72                IDT::addEntry(int, void (*)(), bool)
                0x00000000c000efaa                IDT::flush()
                0x00000000c000efc4                IDT::setup()
 .text          0x00000000c000f32b      0x203 core/kheap.32
                0x00000000c000f32b                sbrk
                0x00000000c000f439                mmap
                0x00000000c000f44f                munmap
                0x00000000c000f465                liballoc_lock()
                0x00000000c000f476                liballoc_unlock()
                0x00000000c000f487                liballoc_alloc(int)
                0x00000000c000f4a2                liballoc_free(void*, int)
                0x00000000c000f4c0                realloc
                0x00000000c000f4d4                malloc
                0x00000000c000f4e4                free
                0x00000000c000f4f4                rfree
                0x00000000c000f504                calloc
 .text          0x00000000c000f52e      0x3a0 core/main.32
                0x00000000c000f52e                hwTextMode_loadInData(VgaText*)
                0x00000000c000f579                hwTextMode_loadInTitle(VgaText*, char*)
                0x00000000c000f5c0                hwTextMode_showCursor(VgaText*, bool)
                0x00000000c000f614                hwTextMode_update(VgaText*)
                0x00000000c000f615                hwTextMode_updateCursor(VgaText*)
                0x00000000c000f65d                hwTextMode_disableBlink(VgaText*, bool)
                0x00000000c000f699                hwTextMode_scrollScreen(VgaText*)
                0x00000000c000f725                hwTextMode_writeCharacter(VgaText*, char, VgaColour, VgaColour, int, int)
                0x00000000c000f785                setupTextMode()
                0x00000000c000f7d6                kernel_main
 .text          0x00000000c000f8ce      0x54d core/physmgr.32
                0x00000000c000f8ce                Phys::allocateDMA(unsigned long)
                0x00000000c000f971                Phys::freeDMA(unsigned long, unsigned long)
                0x00000000c000f9b9                Phys::setPageState(unsigned long, bool)
                0x00000000c000f9eb                Phys::getPageState(unsigned long)
                0x00000000c000fa07                Phys::freePage(unsigned long)
                0x00000000c000fa91                Phys::allocatePage()
                0x00000000c000fb59                Phys::allocateContiguousPages(int)
                0x00000000c000fbb3                Phys::allowSegmentToBeUsed(unsigned long, unsigned long)
                0x00000000c000fbeb                Phys::physicalMemorySetup(unsigned int)
 *fill*         0x00000000c000fe1b        0x1 
 .text          0x00000000c000fe1c      0x273 core/pipe.32
                0x00000000c000fe1c                Pipe::isAtty()
                0x00000000c000fe20                Pipe::~Pipe()
                0x00000000c000fe20                Pipe::~Pipe()
                0x00000000c000fe44                Pipe::~Pipe()
                0x00000000c000fe6c                Pipe::read(unsigned long long, void*, int*)
                0x00000000c000ff60                Pipe::write(unsigned long long, void*, int*)
                0x00000000c0010028                Pipe::Pipe(int)
                0x00000000c0010028                Pipe::Pipe(int)
 *fill*         0x00000000c001008f        0x1 
 .text          0x00000000c0010090     0x1045 core/terminal.32
                0x00000000c0010090                VgaText::isAtty()
                0x00000000c0010094                VgaText::~VgaText()
                0x00000000c0010094                VgaText::~VgaText()
                0x00000000c00100b8                VgaText::~VgaText()
                0x00000000c00100e2                VgaText::read(unsigned long long, void*, int*)
                0x00000000c0010102                setTerminalScrollLock(bool)
                0x00000000c0010103                addToTerminalCycle(VgaText*)
                0x00000000c0010130                installVgaTextImplementation()
                0x00000000c0010145                scrollTerminalScrollLock(int)
                0x00000000c0010146                VgaText::load()
                0x00000000c001019a                VgaText::updateCursor()
                0x00000000c00101b4                VgaText::showCursor(bool)
                0x00000000c00101c4                VgaText::disableBlink(bool)
                0x00000000c00101fe                VgaText::doANSI_SGR(int)
                0x00000000c001028a                VgaText::setDefaultBgColour(VgaColour)
                0x00000000c00102a0                VgaText::setDefaultFgColour(VgaColour)
                0x00000000c00102b6                VgaText::setDefaultColours(VgaColour, VgaColour)
                0x00000000c00102d6                VgaText::combineColours(unsigned char, unsigned char)
                0x00000000c00102f4                VgaText::scrollScreen()
                0x00000000c0010390                VgaText::combineCharAndColour(char, unsigned char)
                0x00000000c00103a2                VgaText::writeCharacter(char, VgaColour, VgaColour, int, int)
                0x00000000c0010402                VgaText::getCursorX()
                0x00000000c001040e                VgaText::getCursorY()
                0x00000000c001041a                VgaText::setCursor(int, int)
                0x00000000c0010438                VgaText::setCursorX(int)
                0x00000000c0010454                VgaText::setCursorY(int)
                0x00000000c0010470                VgaText::incrementCursor(bool)
                0x00000000c00104d8                VgaText::updateRAMUsageDisplay(int)
                0x00000000c0010558                VgaText::updateDiskUsage()
                0x00000000c001073a                VgaText::updateTitle()
                0x00000000c0010780                VgaText::setTitleTextColour(VgaColour)
                0x00000000c0010790                VgaText::setTitleColour(VgaColour)
                0x00000000c00107a0                VgaText::setTitle(char*)
                0x00000000c00107c6                VgaText::decrementCursor(bool)
                0x00000000c00107ee                VgaText::putchar(char, VgaColour, VgaColour)
                0x00000000c00108ea                VgaText::isShowingCursor()
                0x00000000c00108f6                VgaText::isBlinkDisabled()
                0x00000000c0010904                VgaText::setCursorHeight(int)
                0x00000000c0010922                VgaText::getCursorHeight()
                0x00000000c001092d                setActiveTerminal(VgaText*)
                0x00000000c00109df                doTerminalCycle()
                0x00000000c00109fc                VgaText::doUpdate()
                0x00000000c0010a0e                VgaText::puts(char const*, VgaColour, VgaColour)
                0x00000000c0010bce                VgaText::clearScreen()
                0x00000000c0010c32                VgaText::putchar(char)
                0x00000000c0010d4c                VgaText::puts(char const*)
                0x00000000c0010d72                VgaText::putx(unsigned int)
                0x00000000c0010db8                VgaText::VgaText(char const*)
                0x00000000c0010db8                VgaText::VgaText(char const*)
                0x00000000c0010f74                VgaText::receiveKey(unsigned char)
                0x00000000c001105c                VgaText::write(unsigned long long, void*, int*)
                0x00000000c00110b0                newTerminal(char*)
 *fill*         0x00000000c00110d5        0x1 
 .text          0x00000000c00110d6      0x1b3 core/tss.32
                0x00000000c00110d6                TSS::TSS()
                0x00000000c00110d6                TSS::TSS()
                0x00000000c00110e4                TSS::setESP(unsigned long)
                0x00000000c00110f6                TSS::flush()
                0x00000000c0011116                TSS::setup(unsigned long, unsigned long)
 *fill*         0x00000000c0011289        0x1 
 .text          0x00000000c001128a      0x4c2 core/unixfile.32
                0x00000000c001128a                ReservedFilename::read(unsigned long long, void*, int*)
                0x00000000c00112e0                ReservedFilename::isAtty()
                0x00000000c00112fc                ReservedFilename::write(unsigned long long, void*, int*)
                0x00000000c001135a                UnixFile::getFileDescriptor()
                0x00000000c0011362                UnixFile::UnixFile(int)
                0x00000000c0011362                UnixFile::UnixFile(int)
                0x00000000c0011512                ReservedFilename::ReservedFilename(int)
                0x00000000c0011512                ReservedFilename::ReservedFilename(int)
                0x00000000c0011544                UnixFile::~UnixFile()
                0x00000000c0011544                UnixFile::~UnixFile()
                0x00000000c00115dc                UnixFile::~UnixFile()
                0x00000000c0011604                ReservedFilename::~ReservedFilename()
                0x00000000c0011604                ReservedFilename::~ReservedFilename()
                0x00000000c0011628                ReservedFilename::~ReservedFilename()
                0x00000000c001164f                getFromFileDescriptor(int)
 .text          0x00000000c001174c      0xee3 core/virtmgr.32
                0x00000000c001174c                Virt::setPageState(unsigned long, Virt::VirtPageState)
                0x00000000c0011781                Virt::getPageState(unsigned long)
                0x00000000c00117a5                Virt::allocateKernelVirtualPages(int)
                0x00000000c00118b6                Virt::virtualMemorySetup()
                0x00000000c0011935                Virt::getAKernelVAS()
                0x00000000c001193b                Virt::setupPageSwapping(int)
                0x00000000c0011a6a                VAS::VAS()
                0x00000000c0011a6a                VAS::VAS()
                0x00000000c0011a9a                VAS::VAS(VAS*)
                0x00000000c0011a9a                VAS::VAS(VAS*)
                0x00000000c0011abe                VAS::getForeignPageTableEntry(bool, unsigned long)
                0x00000000c0011aea                VAS::getPageTableEntry(unsigned long)
                0x00000000c0011b09                Virt::freeKernelVirtualPages(unsigned long)
                0x00000000c0011c2c                VAS::freeAllocatedPages(unsigned long)
                0x00000000c0011c50                VAS::virtualToPhysical(unsigned long)
                0x00000000c0011c68                VAS::reflagRange(unsigned long, int, int, int)
                0x00000000c0011ca8                VAS::setToWriteCombining(unsigned long, int)
                0x00000000c0011cda                VAS::mapOtherVASIn(bool, VAS*)
                0x00000000c0011d04                VAS::~VAS()
                0x00000000c0011d04                VAS::~VAS()
                0x00000000c0011e70                VAS::mapPage(unsigned long, unsigned long, int)
                0x00000000c0011f70                VAS::allocatePages(int, int)
                0x00000000c0012148                VAS::setCPUSpecific(unsigned long)
                0x00000000c0012164                VAS::mapRange(unsigned long, unsigned long, int, int)
                0x00000000c001222a                VAS::mapForeignPage(bool, VAS*, unsigned long, unsigned long, int)
                0x00000000c0012318                VAS::VAS(bool)
                0x00000000c0012318                VAS::VAS(bool)
                0x00000000c0012573                mapVASFirstTime
 .text          0x00000000c001262f       0x95 coreobjs/c++.32
                0x00000000c001262f                __cxa_atexit
                0x00000000c0012632                __cxa_finalize
                0x00000000c0012633                __stack_chk_fail
                0x00000000c001269f                __cxa_pure_virtual
                0x00000000c00126b0                operator new[](unsigned long)
                0x00000000c00126b5                operator delete(void*, unsigned long)
                0x00000000c00126ba                operator delete[](void*)
                0x00000000c00126bf                operator delete[](void*, unsigned long)
 .text          0x00000000c00126c4      0x1ef dbg/kconsole.32
                0x00000000c00126c4                Dbg::stringifyxWithBase(unsigned int, char*, int)
                0x00000000c0012725                Dbg::logc(char)
                0x00000000c001273c                Dbg::logs(char*)
                0x00000000c0012759                Dbg::logWriteInt(unsigned int)
                0x00000000c0012776                Dbg::logWriteIntBase(unsigned int, int)
                0x00000000c0012795                Dbg::kprintf(char const*, ...)
 *fill*         0x00000000c00128b3        0x1 
 .text          0x00000000c00128b4      0xb7c fs/vfs.32
                0x00000000c00128b4                File::read(unsigned long long, void*, int*)
                0x00000000c001290c                File::write(unsigned long long, void*, int*)
                0x00000000c0012964                Directory::read(unsigned long long, void*, int*)
                0x00000000c00129bc                Directory::write(unsigned long long, void*, int*)
                0x00000000c00129ea                File::isAtty()
                0x00000000c00129ee                Directory::isAtty()
                0x00000000c00129f2                Filesystem::getlabel(LogicalDisk*, int, char*, unsigned int*)
                0x00000000c00129f8                Filesystem::setlabel(LogicalDisk*, int, char*)
                0x00000000c00129fe                File::~File()
                0x00000000c00129fe                File::~File()
                0x00000000c0012a22                File::~File()
                0x00000000c0012a4c                Directory::~Directory()
                0x00000000c0012a4c                Directory::~Directory()
                0x00000000c0012a70                Directory::~Directory()
                0x00000000c0012a9a                Filesystem::Filesystem()
                0x00000000c0012a9a                Filesystem::Filesystem()
                0x00000000c0012abe                Filesystem::~Filesystem()
                0x00000000c0012abe                Filesystem::~Filesystem()
                0x00000000c0012acc                Filesystem::~Filesystem()
                0x00000000c0012af0                initVFS()
                0x00000000c0012b1a                standardiseFiles(char*, char const*, char const*)
                0x00000000c0012cc4                File::File(char const*, Process*)
                0x00000000c0012cc4                File::File(char const*, Process*)
                0x00000000c0012d28                File::open(FileOpenMode)
                0x00000000c0012d86                File::close()
                0x00000000c0012de6                File::seek(unsigned long long)
                0x00000000c0012e3c                File::tell(unsigned long long*)
                0x00000000c0012e8c                File::rewind()
                0x00000000c0012ea0                File::unlink()
                0x00000000c0012eec                File::rename(char const*)
                0x00000000c0012f3a                File::chfatattr(unsigned char, unsigned char)
                0x00000000c0012f96                File::exists()
                0x00000000c0012fd4                File::stat(unsigned long long*, bool*)
                0x00000000c0013035                getcwd(Process*, char*, int)
                0x00000000c001305f                setcwd(Process*, char*)
                0x00000000c001319a                Directory::Directory(char const*, Process*)
                0x00000000c001319a                Directory::Directory(char const*, Process*)
                0x00000000c00131fe                Directory::open()
                0x00000000c001325a                Directory::close()
                0x00000000c00132ba                Directory::unlink()
                0x00000000c0013306                Directory::rename(char const*)
                0x00000000c0013354                Directory::exists()
                0x00000000c0013392                Directory::read(dirent*)
                0x00000000c00133de                Directory::create()
                0x00000000c001342a                Filesystem::chfatattr(char const*, unsigned char, unsigned char)
 .text          0x00000000c0013430       0x84 hal/bus.32
                0x00000000c0013430                Bus::Bus(char const*)
                0x00000000c0013430                Bus::Bus(char const*)
                0x00000000c0013466                Bus::~Bus()
                0x00000000c0013466                Bus::~Bus()
                0x00000000c001348a                Bus::~Bus()
 .text          0x00000000c00134b4      0x14e hal/buzzer.32
                0x00000000c00134b4                Buzzer::Buzzer(char const*)
                0x00000000c00134b4                Buzzer::Buzzer(char const*)
                0x00000000c00134f8                Buzzer::~Buzzer()
                0x00000000c00134f8                Buzzer::~Buzzer()
                0x00000000c001351c                Buzzer::~Buzzer()
                0x00000000c0013546                Buzzer::stop()
                0x00000000c0013559                beepThread(void*)
                0x00000000c0013594                Buzzer::beep(int, int, bool)
 .text          0x00000000c0013602      0x42f hal/clock.32
                0x00000000c0013602                loadClockSettings()
                0x00000000c001361c                Clock::Clock(char const*)
                0x00000000c001361c                Clock::Clock(char const*)
                0x00000000c0013652                Clock::~Clock()
                0x00000000c0013652                Clock::~Clock()
                0x00000000c0013676                Clock::~Clock()
                0x00000000c00136a0                Clock::timeInSecondsLocal()
                0x00000000c00136e8                Clock::setTimeInSecondsLocal(unsigned long long)
                0x00000000c0013741                datetimeToSeconds(datetime_t)
                0x00000000c0013868                Clock::setTimeInDatetimeLocal(datetime_t)
                0x00000000c00138c8                secondsToDatetime(unsigned long long)
                0x00000000c0013a0c                Clock::timeInDatetimeLocal()
 *fill*         0x00000000c0013a31        0x1 
 .text          0x00000000c0013a32      0x4de hal/device.32
                0x00000000c0013a32                Device::hibernate()
                0x00000000c0013a34                Device::wake()
                0x00000000c0013a36                Device::detect()
                0x00000000c0013a38                Device::disableLegacy()
                0x00000000c0013a3a                Device::powerSaving(PowerSavingLevel)
                0x00000000c0013a3c                DriverlessDevice::close(int, int, void*)
                0x00000000c0013a40                DriverlessDevice::detect()
                0x00000000c0013a42                DriverlessDevice::open(int, int, void*)
                0x00000000c0013a56                Device::~Device()
                0x00000000c0013a56                Device::~Device()
                0x00000000c0013a64                Device::~Device()
                0x00000000c0013a8c                Device::findAndLoadDriver()
                0x00000000c0013a8e                Device::preOpenPCI(PCIDeviceInfo)
                0x00000000c0013ab4                Device::preOpenACPI(void*, char*, char*)
                0x00000000c0013b08                Device::addIRQHandler(int, void (*)(regs*, void*), bool, void*)
                0x00000000c0013b46                Device::removeIRQHandler(int, void (*)(regs*, void*), bool)
                0x00000000c0013b84                Device::addChild(Device*)
                0x00000000c0013bc8                Device::removeAllChildren()
                0x00000000c0013c0e                Device::hibernateAll()
                0x00000000c0013c3e                Device::wakeAll()
                0x00000000c0013c6e                Device::detectAll()
                0x00000000c0013c9e                Device::disableLegacyAll()
                0x00000000c0013cce                Device::loadDriversForAll()
                0x00000000c0013cfa                Device::closeAll()
                0x00000000c0013d30                Device::powerSavingAll(PowerSavingLevel)
                0x00000000c0013d66                Device::setName(char const*)
                0x00000000c0013d74                Device::Device(char const*)
                0x00000000c0013d74                Device::Device(char const*)
                0x00000000c0013e70                Device::getName()
                0x00000000c0013e7a                DriverlessDevice::DriverlessDevice(char const*)
                0x00000000c0013e7a                DriverlessDevice::DriverlessDevice(char const*)
                0x00000000c0013ea2                Device::addToLinkedList(LinkedList<Device>&, DeviceType)
                0x00000000c0013ee6                getDevicesOfType(DeviceType)
 .text          0x00000000c0013f10       0x84 hal/diskctrl.32
                0x00000000c0013f10                HardDiskController::HardDiskController(char const*)
                0x00000000c0013f10                HardDiskController::HardDiskController(char const*)
                0x00000000c0013f46                HardDiskController::~HardDiskController()
                0x00000000c0013f46                HardDiskController::~HardDiskController()
                0x00000000c0013f6a                HardDiskController::~HardDiskController()
 .text          0x00000000c0013f94       0xde hal/diskphys.32
                0x00000000c0013f94                PhysicalDisk::PhysicalDisk(char const*, int)
                0x00000000c0013f94                PhysicalDisk::PhysicalDisk(char const*, int)
                0x00000000c0013ffc                PhysicalDisk::startCache()
                0x00000000c0014024                PhysicalDisk::~PhysicalDisk()
                0x00000000c0014024                PhysicalDisk::~PhysicalDisk()
                0x00000000c0014048                PhysicalDisk::~PhysicalDisk()
 .text          0x00000000c0014072      0x13b hal/fpu.32
                0x00000000c0014072                FPU::FPU(char const*)
                0x00000000c0014072                FPU::FPU(char const*)
                0x00000000c00140a8                FPU::~FPU()
                0x00000000c00140a8                FPU::~FPU()
                0x00000000c00140cc                FPU::~FPU()
                0x00000000c00140f6                setupFPU()
 *fill*         0x00000000c00141ad        0x1 
 .text          0x00000000c00141ae     0x12b1 hal/intctrl.32
                0x00000000c00141ae                InterruptController::uninstallISRHandler(int, void (*)(regs*, void*))
                0x00000000c00141e6                InterruptController::installISRHandler(int, void (*)(regs*, void*), void*)
                0x00000000c0014238                doubleFault(regs*, void*)
                0x00000000c0014252                InterruptController::installIRQHandler(int, void (*)(regs*, void*), bool, void*)
                0x00000000c00142ee                InterruptController::clearAllHandlers(int, bool)
                0x00000000c0014396                InterruptController::uninstallIRQHandler(int, void (*)(regs*, void*), bool)
                0x00000000c001441d                nmiHandler(regs*, void*)
                0x00000000c001442b                int_handler
                0x00000000c00144cc                InterruptController::InterruptController(char const*)
                0x00000000c00144cc                InterruptController::InterruptController(char const*)
                0x00000000c0014572                InterruptController::~InterruptController()
                0x00000000c0014572                InterruptController::~InterruptController()
                0x00000000c0014596                InterruptController::~InterruptController()
                0x00000000c00145c0                displayDebugInfo(regs*)
                0x00000000c00149c5                x87EmulHandler(regs*, void*)
                0x00000000c00149f4                gpFault(regs*, void*)
                0x00000000c0014a2d                pgFault(regs*, void*)
                0x00000000c0014a44                otherISRHandler(regs*, void*)
                0x00000000c0014a63                opcodeFault(regs*, void*)
                0x00000000c0015022                displayProgramFault(char const*)
                0x00000000c001504a                setupInterruptController()
                0x00000000c0015412                InterruptController::convertLegacyIRQNumber(int)
 *fill*         0x00000000c001545f        0x1 
 .text          0x00000000c0015460      0x69a hal/keybrd.32
                0x00000000c0015460                startGUI(void*)
                0x00000000c00154bc                startGUIVESA(void*)
                0x00000000c0015518                sendKeyToTerminal(unsigned char)
                0x00000000c0015584                sendKeyboardToken(KeyboardToken)
                0x00000000c0015994                clearInternalKeybuffer(VgaText*)
                0x00000000c00159c9                readKeyboard(VgaText*, char*, unsigned long)
                0x00000000c0015a70                Keyboard::Keyboard(char const*)
                0x00000000c0015a70                Keyboard::Keyboard(char const*)
                0x00000000c0015aac                Keyboard::~Keyboard()
                0x00000000c0015aac                Keyboard::~Keyboard()
                0x00000000c0015ad0                Keyboard::~Keyboard()
 .text          0x00000000c0015afa      0x400 hal/logidisk.32
                0x00000000c0015afa                LogicalDisk::close(int, int, void*)
                0x00000000c0015afe                LogicalDisk::~LogicalDisk()
                0x00000000c0015afe                LogicalDisk::~LogicalDisk()
                0x00000000c0015b22                LogicalDisk::~LogicalDisk()
                0x00000000c0015b4c                LogicalDisk::open(int, int, void*)
                0x00000000c0015b60                LogicalDisk::absoluteToRelative(unsigned long long)
                0x00000000c0015b98                LogicalDisk::relativeToAbsolute(unsigned long long)
                0x00000000c0015bde                LogicalDisk::LogicalDisk(char const*, PhysicalDisk*, unsigned long long, unsigned long long)
                0x00000000c0015bde                LogicalDisk::LogicalDisk(char const*, PhysicalDisk*, unsigned long long, unsigned long long)
                0x00000000c0015c94                LogicalDisk::assignDriveLetter()
                0x00000000c0015d4a                LogicalDisk::mount()
                0x00000000c0015dbc                LogicalDisk::unmount()
                0x00000000c0015dcc                LogicalDisk::unassignDriveLetter()
                0x00000000c0015e22                LogicalDisk::read(unsigned long long, int, void*)
                0x00000000c0015e8e                LogicalDisk::write(unsigned long long, int, void*)
 .text          0x00000000c0015efa       0x84 hal/mouse.32
                0x00000000c0015efa                Mouse::Mouse(char const*)
                0x00000000c0015efa                Mouse::Mouse(char const*)
                0x00000000c0015f30                Mouse::~Mouse()
                0x00000000c0015f30                Mouse::~Mouse()
                0x00000000c0015f54                Mouse::~Mouse()
 .text          0x00000000c0015f7e      0x339 hal/partition.32
                0x00000000c0015f7e                makePartition(PhysicalDisk*, unsigned long long, unsigned long long)
                0x00000000c0016026                createPartitionsForDisk(PhysicalDisk*)
 *fill*         0x00000000c00162b7        0x1 
 .text          0x00000000c00162b8       0x84 hal/serial.32
                0x00000000c00162b8                Serial::Serial(char const*)
                0x00000000c00162b8                Serial::Serial(char const*)
                0x00000000c00162ee                Serial::~Serial()
                0x00000000c00162ee                Serial::~Serial()
                0x00000000c0016312                Serial::~Serial()
 .text          0x00000000c001633c      0x2b8 hal/timer.32
                0x00000000c001633c                Timer::Timer(char const*)
                0x00000000c001633c                Timer::Timer(char const*)
                0x00000000c0016372                Timer::~Timer()
                0x00000000c0016372                Timer::~Timer()
                0x00000000c0016396                Timer::~Timer()
                0x00000000c00163c0                Timer::read()
                0x00000000c00163cb                timerHandler(unsigned long long)
                0x00000000c0016502                setupTimer(int)
 .text          0x00000000c00165f4      0x2db hal/vcache.32
                0x00000000c00165f4                VCache::VCache(PhysicalDisk*)
                0x00000000c00165f4                VCache::VCache(PhysicalDisk*)
                0x00000000c00166ee                VCache::writeWriteBuffer()
                0x00000000c001672a                VCache::~VCache()
                0x00000000c001672a                VCache::~VCache()
                0x00000000c001676a                VCache::~VCache()
                0x00000000c0016792                VCache::write(unsigned long long, int, void*)
                0x00000000c0016876                VCache::read(unsigned long long, int, void*)
 *fill*         0x00000000c00168cf        0x1 
 .text          0x00000000c00168d0      0x4cd hal/video.32
                0x00000000c00168d0                Video::putrect(int, int, int, int, unsigned int)
                0x00000000c001691c                Video::bitblit(int, int, int, int, int, int, int, unsigned int*)
                0x00000000c001698c                Video::blit(unsigned int*, int, int, int, int)
                0x00000000c0016a0a                Video::clearScreen(unsigned int)
                0x00000000c0016a3e                Video::putpixel(int, int, unsigned int)
                0x00000000c0016a4c                Video::Video(char const*)
                0x00000000c0016a4c                Video::Video(char const*)
                0x00000000c0016a82                Video::~Video()
                0x00000000c0016a82                Video::~Video()
                0x00000000c0016aa6                Video::~Video()
                0x00000000c0016ad0                Video::isMonochrome()
                0x00000000c0016adc                Video::getWidth()
                0x00000000c0016ae8                Video::getHeight()
                0x00000000c0016af4                Video::drawCursor(int, int, unsigned char*, int)
                0x00000000c0016bb0                Video::tgaParse(unsigned char*, int, int*, int*)
                0x00000000c0016d32                Video::putTGA(int, int, unsigned char*, int)
 *fill*         0x00000000c0016d9d        0x1 
 .text          0x00000000c0016d9e      0xe28 hw/acpi.32
                0x00000000c0016d9e                ACPI::close(int, int, void*)
                0x00000000c0016e53                findRSDP()
                0x00000000c0016edd                loadACPITables(unsigned char*)
                0x00000000c0017104                findRSDT(unsigned char*)
                0x00000000c0017222                findDataTable(unsigned char*, char*)
                0x00000000c00172be                scanMADT()
                0x00000000c0017744                ACPI::ACPI()
                0x00000000c0017744                ACPI::ACPI()
                0x00000000c00177a4                ACPI::getPCIIRQAssignment(unsigned char, unsigned short, unsigned char)
                0x00000000c0017886                ACPI::registerPCIIRQAssignment(void*, unsigned short, unsigned char, unsigned char)
                0x00000000c001798c                ACPI::setScreenBrightnessLevel(void*, int)
                0x00000000c0017992                ACPI::writeSimpleBootFlag(SimpleBootFlagTable*)
                0x00000000c00179da                ACPI::open(int, int, void*)
                0x00000000c0017bae                ACPI::sleep()
 .text          0x00000000c0017bc6     0x1715 hw/cpu.32
                0x00000000c0017bc6                CPU::close(int, int, void*)
                0x00000000c0017bca                CPU::lookupAMDName(unsigned char, unsigned char)
                0x00000000c0017d5e                CPU::lookupIntelName(unsigned char, unsigned char)
                0x00000000c001800c                CPU::AMD_K6_write_msr(unsigned int, unsigned int, unsigned int, CPU::REGS*)
                0x00000000c0018028                CPU::AMD_K6_read_msr(unsigned int, CPU::REGS*)
                0x00000000c0018040                CPU::AMD_K6_writeback(int, int, int)
                0x00000000c00180b4                CPU::cpuid(int, unsigned long*, unsigned long*, unsigned long*, unsigned long*)
                0x00000000c0018138                CPU::cpuidCheckEDX(unsigned int)
                0x00000000c0018166                CPU::cpuidCheckECX(unsigned int)
                0x00000000c0018194                CPU::cpuidCheckExtendedEBX(unsigned int)
                0x00000000c00181c2                CPU::cpuidCheckExtendedECX(unsigned int)
                0x00000000c00181f0                CPU::CPU()
                0x00000000c00181f0                CPU::CPU()
                0x00000000c001827e                CPU::displayFeatures()
                0x00000000c00184fa                CPU::detectFeatures()
                0x00000000c0018eea                CPU::setupSMEP()
                0x00000000c0018ef6                CPU::setupUMIP()
                0x00000000c0018f00                CPU::setupTSC()
                0x00000000c0018f0a                CPU::setupLargePages()
                0x00000000c0018f14                CPU::setupPAT()
                0x00000000c0018f50                CPU::setupMTRR()
                0x00000000c0018f52                CPU::setupGlobalPages()
                0x00000000c0018f5c                CPU::allowUsermodeDataAccess()
                0x00000000c0018f6e                CPU::prohibitUsermodeDataAccess()
                0x00000000c0018f80                CPU::setupSMAP()
                0x00000000c0018f8e                CPU::setupFeatures()
                0x00000000c001900e                CPU::open(int, int, void*)
                0x00000000c00190e0                CPU::decodeAddress(regs*, int*, bool*, unsigned char*)
 .text          0x00000000c00192db        0x0 hw/ports.32
 *fill*         0x00000000c00192db        0x1 
 .text          0x00000000c00192dc      0x5d3 krnl/env.32
                0x00000000c00192dc                EnvVarContainer::getEnv(char const*)
                0x00000000c001931a                EnvVarContainer::setEnv(char const*, char const*)
                0x00000000c00193e6                EnvVarContainer::deleteEnv(char const*)
                0x00000000c00193e8                EnvVarContainer::loadFrom(char const*, char const*)
                0x00000000c00195de                EnvVarContainer::__loadSystem()
                0x00000000c00195f8                EnvVarContainer::__loadUser()
                0x00000000c00195fa                EnvVarContainer::EnvVarContainer(Process*)
                0x00000000c00195fa                EnvVarContainer::EnvVarContainer(Process*)
                0x00000000c001961c                EnvVarContainer::~EnvVarContainer()
                0x00000000c001961c                EnvVarContainer::~EnvVarContainer()
                0x00000000c001964c                Krnl::getEnv(Process*, char const*)
                0x00000000c00196b1                Krnl::setEnvSystem(char const*, char const*)
                0x00000000c00196cb                Krnl::setEnvUser(char const*, char const*)
                0x00000000c00196ea                Krnl::setEnvProcess(Process*, char const*, char const*)
                0x00000000c00196fd                Krnl::deleteEnvSystem(char const*)
                0x00000000c00196fe                Krnl::deleteEnvUser(char const*)
                0x00000000c00196ff                Krnl::deleteEnvProcess(Process*, char const*)
                0x00000000c0019700                Krnl::newProcessEnv(Process*)
                0x00000000c0019722                Krnl::copyProcessEnv(Process*, Process*)
                0x00000000c0019776                Krnl::loadSystemEnv()
                0x00000000c00197a4                Krnl::loadUserEnv()
                0x00000000c00197ca                Krnl::flushEnv()
                0x00000000c00197cb                Krnl::getProcessTotalEnvCount(Process*)
                0x00000000c00197eb                Krnl::getProcessEnvPair(Process*, int)
 .text          0x00000000c00198af      0x32c krnl/panic.32
                0x00000000c00198af                Krnl::panic(char const*)
 .text          0x00000000c0019bdb      0x3b6 net/ethernet.32
                0x00000000c0019bdb                Net::switchEndian16(unsigned short)
                0x00000000c0019bfc                Net::switchEndian32(unsigned int)
                0x00000000c0019c2b                Net::crc32Calc(unsigned char*, int)
                0x00000000c0019cbc                Net::wrapEthernetFrame(Net::UnwrappedEthernetFrame, unsigned char*)
                0x00000000c0019df8                Net::unwrapEthernetFrame(unsigned char*, int)
 .text          0x00000000c0019f91      0x513 reg/registry.32
                0x00000000c0019f91                Reg::findLineFromLoadedData(char*, char*, char*)
                0x00000000c001a0e9                Reg::getLineFromRegistry(char*, char*, char*, char*)
                0x00000000c001a23e                Reg::getLine(char*, char*, char*)
                0x00000000c001a275                Reg::readInt(char*, char*, int*)
                0x00000000c001a360                Reg::readString(char*, char*, char*, int)
                0x00000000c001a3e1                Reg::readBool(char*, char*, bool*)
                0x00000000c001a406                Reg::readBoolWithDefault(char*, char*, bool)
                0x00000000c001a432                Reg::readIntWithDefault(char*, char*, int)
                0x00000000c001a45e                Reg::readStringWithDefault(char*, char*, char*, int, char*)
 .text          0x00000000c001a4a4       0x18 sys/sc_exit.32
                0x00000000c001a4a4                Sys::exit(regs*)
 .text          0x00000000c001a4bc       0x1f sys/sc_getcwd.32
                0x00000000c001a4bc                Sys::getCwd(regs*)
 .text          0x00000000c001a4db        0xc sys/sc_getpid.32
                0x00000000c001a4db                Sys::getPID(regs*)
 .text          0x00000000c001a4e7       0xa8 sys/sc_loaddll.32
                0x00000000c001a4e7                Sys::loadDLL(regs*)
 .text          0x00000000c001a58f       0x68 sys/sc_read.32
                0x00000000c001a58f                Sys::read(regs*)
 .text          0x00000000c001a5f7       0x55 sys/sc_sbrk.32
                0x00000000c001a5f7                Sys::sbrk(regs*)
 .text          0x00000000c001a64c       0x1c sys/sc_setcwd.32
                0x00000000c001a64c                Sys::setCwd(regs*)
 .text          0x00000000c001a668       0x68 sys/sc_write.32
                0x00000000c001a668                Sys::write(regs*)
 .text          0x00000000c001a6d0       0x3b sys/sc_yield.32
                0x00000000c001a6d0                Sys::yield(regs*)
 .text          0x00000000c001a70b     0x100a sys/syscalls.32
                0x00000000c001a70b                sysCallSeekDir(regs*)
                0x00000000c001a710                sysCallTellDir(regs*)
                0x00000000c001a715                sysCallVerify(regs*)
                0x00000000c001a71f                sysCallGetArgc(regs*)
                0x00000000c001a72f                sysFormatDisk(regs*)
                0x00000000c001a799                sysSetDiskVolumeLabel(regs*)
                0x00000000c001a7df                sysGetDiskVolumeLabel(regs*)
                0x00000000c001a830                sysShutdown(regs*)
                0x00000000c001a88e                sysCallRealpath(regs*)
                0x00000000c001a8d1                sysCallReadDir(regs*)
                0x00000000c001a95f                sysCallIsATTY(regs*)
                0x00000000c001a9b9                sysCallSeek(regs*)
                0x00000000c001aa22                sysCallTell(regs*)
                0x00000000c001aa9f                sysCallSize(regs*)
                0x00000000c001ab22                sysCallSizeFromFilename(regs*)
                0x00000000c001abe2                sysCallClose(regs*)
                0x00000000c001ac6a                sysCallOpenDir(regs*)
                0x00000000c001acdf                sysCallCloseDir(regs*)
                0x00000000c001ad45                sysCallMakeDir(regs*)
                0x00000000c001adb5                sysCallWait(regs*)
                0x00000000c001adcf                sysCallNotImpl(regs*)
                0x00000000c001adea                sysPanic(regs*)
                0x00000000c001ae10                sysCallRmdir(regs*)
                0x00000000c001ae74                sysCallUnlink(regs*)
                0x00000000c001aed8                sysCallGetArgv(regs*)
                0x00000000c001af24                sysCallTTYName(regs*)
                0x00000000c001afa7                sysCallUSleep(regs*)
                0x00000000c001afce                sysCallSpawn(regs*)
                0x00000000c001b026                sysCallGetEnv(regs*)
                0x00000000c001b0d3                sysAppSettings(regs*)
                0x00000000c001b1f2                sysSetFatAttrib(regs*)
                0x00000000c001b264                sysPipe(regs*)
                0x00000000c001b2a9                sysGetUnixTime(regs*)
                0x00000000c001b2bd                string_ends_with(char const*, char const*)
                0x00000000c001b305                sysCallOpen(regs*)
                0x00000000c001b51a                setupSystemCalls()
                0x00000000c001b6d3                systemCall(regs*, void*)
 .text          0x00000000c001b715     0x11ee thr/elf.32
                0x00000000c001b715                Thr::allocateMemoryForTask(Process*, File*, unsigned long, unsigned long, unsigned long)
                0x00000000c001b992                Thr::loadProgramIntoMemory(Process*, char const*)
                0x00000000c001bba8                Thr::runtimeReferenceHelper()
                0x00000000c001bbbb                Thr::getAddressOfKernelSymbol(char const*)
                0x00000000c001bc0a                Thr::loadKernelSymbolTable(char const*)
                0x00000000c001bec6                Thr::loadDriverIntoMemory(char const*, unsigned long, bool)
                0x00000000c001c647                Thr::getDriverBaseFromAddress(unsigned long)
                0x00000000c001c679                Thr::getDriverNameFromAddress(unsigned long)
                0x00000000c001c6b0                Thr::getDriverOffsetFromAddress(unsigned long)
                0x00000000c001c6ca                Thr::loadDLL(char const*, bool)
                0x00000000c001c8d9                Thr::executeDLL(unsigned long, void*)
 *fill*         0x00000000c001c903        0x1 
 .text          0x00000000c001c904     0x1056 thr/prcssthr.32
                0x00000000c001c904                changeTSS
                0x00000000c001c934                Process::addArgs(char**)
                0x00000000c001c98e                Process::Process(char const*, Process*, char**)
                0x00000000c001c98e                Process::Process(char const*, Process*, char**)
                0x00000000c001cb72                Process::Process(bool, char const*, Process*, char**)
                0x00000000c001cb72                Process::Process(bool, char const*, Process*, char**)
                0x00000000c001cd21                disableIRQs()
                0x00000000c001cd29                getIRQNestingLevel()
                0x00000000c001cd2f                enableIRQs()
                0x00000000c001cd3e                lockScheduler()
                0x00000000c001cd40                unlockScheduler()
                0x00000000c001cd42                userModeEntryPoint(void*)
                0x00000000c001cd65                lockStuff()
                0x00000000c001cd71                taskStartupFunction
                0x00000000c001cd7a                updateTimeUsed()
                0x00000000c001cddf                switchToThread(ThreadControlBlock*)
                0x00000000c001ce30                Semaphore::Semaphore(int)
                0x00000000c001ce30                Semaphore::Semaphore(int)
                0x00000000c001ce5e                Mutex::Mutex()
                0x00000000c001ce5e                Mutex::Mutex()
                0x00000000c001ce70                Process::createThread(void (*)(void*), void*, int)
                0x00000000c001cf54                Process::createUserThread()
                0x00000000c001cf70                setupMultitasking(void (*)())
                0x00000000c001d07a                schedule()
                0x00000000c001d0ff                unlockStuff()
                0x00000000c001d134                Semaphore::tryAcquire()
                0x00000000c001d162                Semaphore::assertLocked(char const*)
                0x00000000c001d192                blockTaskWithSchedulerLockAlreadyHeld(TaskState)
                0x00000000c001d1d4                blockTask(TaskState)
                0x00000000c001d1f5                waitTask(int, int*, int)
                0x00000000c001d237                nanoSleepUntil(unsigned long long)
                0x00000000c001d28e                nanoSleep(unsigned long long)
                0x00000000c001d2a3                sleep(unsigned long long)
                0x00000000c001d2c0                Semaphore::acquire()
                0x00000000c001d328                taskReturned
                0x00000000c001d356                unblockTask(ThreadControlBlock*)
                0x00000000c001d405                cleanupTerminatedTask(ThreadControlBlock*)
                0x00000000c001d6ce                cleanerTaskFunction(void*)
                0x00000000c001d781                terminateTask(int)
                0x00000000c001d861                Thr::terminateFromIRQ(int)
                0x00000000c001d86e                Semaphore::release()
 .text          0x00000000c001d95a      0xc26 vm86/vm8086.32
                0x00000000c001d95a                Vm::inbv(unsigned short)
                0x00000000c001d96d                Vm::outbv(unsigned short, unsigned char)
                0x00000000c001d9c0                Vm::realToLinear(unsigned short, unsigned short)
                0x00000000c001d9d0                Vm::getSegment(unsigned int)
                0x00000000c001d9d8                Vm::getOffset(unsigned int)
                0x00000000c001d9dd                Vm::mainloop2()
                0x00000000c001da18                Vm::mainVm8086Loop(void*)
                0x00000000c001da25                Vm::mainloop3(unsigned long)
                0x00000000c001da4f                Vm::initialise8086()
                0x00000000c001da92                Vm::finish8086()
                0x00000000c001dad7                Vm::getOutput8086(unsigned char*)
                0x00000000c001db01                Vm::start8086(char const*, unsigned short, unsigned short, unsigned short, unsigned short)
                0x00000000c001dc51                Vm::doISR(regs*, int, unsigned char*, unsigned short, unsigned short)
                0x00000000c001dcdb                Vm::readByteFromReal(unsigned short, unsigned short)
                0x00000000c001dcec                Vm::readWordFromReal(unsigned short, unsigned short)
                0x00000000c001dcfe                Vm::readDwordFromReal(unsigned short, unsigned short)
                0x00000000c001dd0f                Vm::writeByteFromReal(unsigned short, unsigned short, unsigned char)
                0x00000000c001dd24                Vm::writeWordFromReal(unsigned short, unsigned short, unsigned short)
                0x00000000c001dd3a                Vm::writeDwordFromReal(unsigned short, unsigned short, unsigned int)
                0x00000000c001dd4f                Vm::faultHandler(regs*)
 .text          0x00000000c001e580      0xefd vm86/x87em.32
                0x00000000c001e580                Vm::fpuInternalTo32(unsigned long long)
                0x00000000c001e5db                Vm::fpuInternalTo64(unsigned long long)
                0x00000000c001e5e4                Vm::fpu32ToInternal(unsigned int)
                0x00000000c001e629                Vm::fpu64ToInternal(unsigned long long)
                0x00000000c001e632                Vm::fpuFloatToLong(unsigned long long)
                0x00000000c001e68d                Vm::fpuULongToFloat(unsigned long long)
                0x00000000c001e6c3                Vm::fpuLongToFloat(long long)
                0x00000000c001e719                Vm::fpuGet0()
                0x00000000c001e71e                Vm::fpuGet1()
                0x00000000c001e726                Vm::fpuGetPi()
                0x00000000c001e72e                Vm::fpuGetLog2E()
                0x00000000c001e746                Vm::fpuGetLogE2()
                0x00000000c001e75e                Vm::fpuGetLog210()
                0x00000000c001e776                Vm::fpuGetLog102()
                0x00000000c001e78e                Vm::fpuIsSecondLarger(unsigned long long, unsigned long long)
                0x00000000c001e7a2                Vm::fpuAreEqual(unsigned long long, unsigned long long)
                0x00000000c001e7b8                Vm::fpuUnorderedCompare(unsigned long long, unsigned long long)
                0x00000000c001e80b                Vm::fpuAdd(unsigned long long, unsigned long long)
                0x00000000c001e81c                Vm::fpuAbs(unsigned long long)
                0x00000000c001e825                Vm::fpuChs(unsigned long long)
                0x00000000c001e835                Vm::fpuSub(unsigned long long, unsigned long long)
                0x00000000c001e844                Vm::fpuMultiply(unsigned long long, unsigned long long)
                0x00000000c001e863                Vm::fpuDivide(unsigned long long, unsigned long long)
                0x00000000c001e87f                Vm::fpuSquare(unsigned long long)
                0x00000000c001e895                Vm::fpuGetReg(int)
                0x00000000c001e8d8                Vm::fpuSetReg(int, unsigned long long)
                0x00000000c001e923                Vm::fpuPush(unsigned long long)
                0x00000000c001e980                Vm::fpuPop()
                0x00000000c001e9d2                Vm::x87Handler(regs*)
 *fill*         0x00000000c001f47d        0x1 
 .text          0x00000000c001f47e     0x10ed fs/fat/vfslink.32
                0x00000000c001f47e                FAT::getName()
                0x00000000c001f484                FAT::tell(void*, unsigned long long*)
                0x00000000c001f4b8                FAT::stat(void*, unsigned long long*)
                0x00000000c001f4ec                FAT::~FAT()
                0x00000000c001f4ec                FAT::~FAT()
                0x00000000c001f510                FAT::~FAT()
                0x00000000c001f538                FAT::getlabel(LogicalDisk*, int, char*, unsigned int*)
                0x00000000c001f5d6                FAT::setlabel(LogicalDisk*, int, char*)
                0x00000000c001f690                FAT::format(LogicalDisk*, int, char const*, int)
                0x00000000c001f874                FAT::tryMount(LogicalDisk*, int)
                0x00000000c001fa7a                FAT::readDir(void*, unsigned long, void*, int*)
                0x00000000c001fb80                FAT::read(void*, unsigned long, void*, int*)
                0x00000000c001fbda                FAT::write(void*, unsigned long, void*, int*)
                0x00000000c001fc34                FAT::close(void*)
                0x00000000c001fc80                FAT::closeDir(void*)
                0x00000000c001fccc                FAT::seek(void*, unsigned long long)
                0x00000000c001fd20                fatWrapperReadDisk
                0x00000000c001fd67                fatWrapperWriteDisk
                0x00000000c001fdae                fatWrapperIoctl
                0x00000000c001feb2                FAT::FAT()
                0x00000000c001feb2                FAT::FAT()
                0x00000000c001ff04                FAT::fixFilepath(char*)
                0x00000000c001ff3c                FAT::open(char const*, void**, FileOpenMode)
                0x00000000c0020064                FAT::openDir(char const*, void**)
                0x00000000c002010a                FAT::stat(char const*, unsigned long long*, bool*)
                0x00000000c00201f4                FAT::unlink(char const*)
                0x00000000c002026e                FAT::chfatattr(char const*, unsigned char, unsigned char)
                0x00000000c00203c2                FAT::rename(char const*, char const*)
                0x00000000c0020486                FAT::mkdir(char const*)
                0x00000000c0020500                FAT::exists(char const*)
 *fill*         0x00000000c002056b        0x1 
 .text          0x00000000c002056c      0xbdf fs/iso9660/vfslink.32
                0x00000000c002056c                ISO9660::format(LogicalDisk*, int, char const*, int)
                0x00000000c0020572                ISO9660::seek(void*, unsigned long long)
                0x00000000c00205a2                ISO9660::tell(void*, unsigned long long*)
                0x00000000c00205c6                ISO9660::getName()
                0x00000000c00205cc                ISO9660::stat(void*, unsigned long long*)
                0x00000000c00205f0                ISO9660::chfatattr(char const*, unsigned char, unsigned char)
                0x00000000c00205f6                ISO9660::unlink(char const*)
                0x00000000c00205fc                ISO9660::write(void*, unsigned long, void*, int*)
                0x00000000c0020602                ISO9660::rename(char const*, char const*)
                0x00000000c0020608                ISO9660::mkdir(char const*)
                0x00000000c002060e                ISO9660::close(void*)
                0x00000000c0020630                ISO9660::closeDir(void*)
                0x00000000c0020652                ISO9660::~ISO9660()
                0x00000000c0020652                ISO9660::~ISO9660()
                0x00000000c0020676                ISO9660::~ISO9660()
                0x00000000c002069d                __memmem(unsigned char*, int, unsigned char*, int)
                0x00000000c00206df                readSectorFromCDROM(unsigned int, unsigned char*, char)
                0x00000000c0020746                ISO9660::tryMount(LogicalDisk*, int)
                0x00000000c0020796                ISO9660::read(void*, unsigned long, void*, int*)
                0x00000000c00209da                ISO9660::readDir(void*, unsigned long, void*, int*)
                0x00000000c0020c67                readRoot(unsigned int*, unsigned int*, char)
                0x00000000c0020cbc                readRecursively(char*, unsigned int, unsigned int, unsigned int*, unsigned int*, char, int*)
                0x00000000c0020e8f                getFileData(char*, unsigned int*, unsigned int*, char, int*)
                0x00000000c0020f1e                ISO9660::open(char const*, void**, FileOpenMode)
                0x00000000c0020fb8                ISO9660::exists(char const*)
                0x00000000c0020fdc                ISO9660::stat(char const*, unsigned long long*, bool*)
                0x00000000c0021070                ISO9660::openDir(char const*, void**)
                0x00000000c0021128                ISO9660::ISO9660()
                0x00000000c0021128                ISO9660::ISO9660()
 *fill*         0x00000000c002114b        0x1 
 .text          0x00000000c002114c      0x326 hal/sound/sndchannel.32
                0x00000000c002114c                SoundChannel::~SoundChannel()
                0x00000000c002114c                SoundChannel::~SoundChannel()
                0x00000000c0021168                SoundChannel::setSpeed(float)
                0x00000000c0021174                SoundChannel::getSpeed()
                0x00000000c002117c                SoundChannel::setVolume(int)
                0x00000000c0021198                SoundChannel::getVolume()
                0x00000000c00211a0                SoundChannel::pause()
                0x00000000c00211aa                SoundChannel::SoundChannel(int, int, int, int)
                0x00000000c00211aa                SoundChannel::SoundChannel(int, int, int, int)
                0x00000000c0021300                SoundChannel::play()
                0x00000000c002130a                SoundChannel::paused()
                0x00000000c0021312                SoundChannel::getSampleRate()
                0x00000000c002131a                SoundChannel::getBits()
                0x00000000c0021322                SoundChannel::getBufferUsed()
                0x00000000c002132a                SoundChannel::getBufferSize()
                0x00000000c0021332                SoundChannel::unbuffer(float*, int, int)
                0x00000000c00213d2                SoundChannel::buffer8(unsigned char*, int)
 .text          0x00000000c0021472      0x3d5 hal/sound/sndhw.32
                0x00000000c0021472                SoundDevice::SoundDevice(char const*)
                0x00000000c0021472                SoundDevice::SoundDevice(char const*)
                0x00000000c00214de                SoundDevice::~SoundDevice()
                0x00000000c00214de                SoundDevice::~SoundDevice()
                0x00000000c0021558                SoundDevice::~SoundDevice()
                0x00000000c0021582                SoundDevice::getFreeChannelNum()
                0x00000000c002159c                SoundDevice::addChannel(SoundChannel*)
                0x00000000c002160c                SoundDevice::removeChannel(int)
                0x00000000c002163e                SoundDevice::floatTo8(float*, unsigned char*, int)
                0x00000000c0021726                SoundDevice::getAudio(int, float*, float*)
 .text          0x00000000c0021847        0x0 hw/bus/isa.32
 *fill*         0x00000000c0021847        0x1 
 .text          0x00000000c0021848      0x6c3 hw/bus/pci.32
                0x00000000c0021848                PCI::open(int, int, void*)
                0x00000000c002185c                PCI::close(int, int, void*)
                0x00000000c0021860                PCI::PCI()
                0x00000000c0021860                PCI::PCI()
                0x00000000c00218e0                PCI::pciReadWord(unsigned char, unsigned char, unsigned char, unsigned char)
                0x00000000c0021928                PCI::getVendorID(unsigned char, unsigned char, unsigned char)
                0x00000000c002194a                PCI::getHeaderType(unsigned char, unsigned char, unsigned char)
                0x00000000c002196e                PCI::getClassCode(unsigned char, unsigned char, unsigned char)
                0x00000000c00219b2                PCI::getProgIF(unsigned char, unsigned char, unsigned char)
                0x00000000c00219d6                PCI::getRevisionID(unsigned char, unsigned char, unsigned char)
                0x00000000c00219f8                PCI::getInterruptNumber(unsigned char, unsigned char, unsigned char)
                0x00000000c0021a1a                PCI::getSecondaryBus(unsigned char, unsigned char, unsigned char)
                0x00000000c0021a3e                PCI::getBARAddress(unsigned char, unsigned char, unsigned char, unsigned char)
                0x00000000c0021a9e                PCI::pciWriteWord(unsigned char, unsigned char, unsigned char, unsigned char, unsigned short)
                0x00000000c0021b0a                PCI::checkBus(unsigned char)
                0x00000000c0021b2e                PCI::foundDevice(PCIDeviceInfo)
                0x00000000c0021ca0                PCI::getDeviceData(unsigned char, unsigned char, unsigned char)
                0x00000000c0021e4c                PCI::checkDevice(unsigned char, unsigned char)
                0x00000000c0021eb8                PCI::detect()
 *fill*         0x00000000c0021f0b        0x1 
 .text          0x00000000c0021f0c      0xc70 hw/diskctrl/ide.32
                0x00000000c0021f0c                IDE::close(int, int, void*)
                0x00000000c0021f10                IDE::IDE()
                0x00000000c0021f10                IDE::IDE()
                0x00000000c0021f44                IDE::prepareInterrupt(unsigned char)
                0x00000000c0021f56                selectDrive(unsigned char, unsigned char)
                0x00000000c0021f58                IDE::getBase(unsigned char)
                0x00000000c0021f6a                IDE::write(unsigned char, unsigned char, unsigned char)
                0x00000000c002202a                IDE::read(unsigned char, unsigned char)
                0x00000000c00220d8                IDE::waitInterrupt(unsigned char)
                0x00000000c002213e                ideChannel0IRQHandler(regs*, void*)
                0x00000000c002215a                ideChannel1IRQHandler(regs*, void*)
                0x00000000c0022176                IDE::enableIRQs(unsigned char, bool)
                0x00000000c00221bc                IDE::open(int, int, void*)
                0x00000000c00225cc                IDE::readBuffer(unsigned char, unsigned char, unsigned int, unsigned int)
                0x00000000c0022698                IDE::detect()
                0x00000000c0022980                IDE::printError(unsigned char, unsigned char, unsigned char)
                0x00000000c0022b16                IDE::polling(unsigned char, unsigned int)
 .text          0x00000000c0022b7c      0x37a hw/diskctrl/satabus.32
                0x00000000c0022b7c                SATABus::close(int, int, void*)
                0x00000000c0022b80                SATABus::detect()
                0x00000000c0022b82                SATABus::SATABus()
                0x00000000c0022b82                SATABus::SATABus()
                0x00000000c0022c2e                SATABus::findCmdslot(SATABus::tagHBA_PORT volatile*)
                0x00000000c0022c76                SATABus::checkType(SATABus::tagHBA_PORT volatile*)
                0x00000000c0022cbe                SATABus::startCmd(SATABus::tagHBA_PORT volatile*)
                0x00000000c0022cde                SATABus::stopCmd(SATABus::tagHBA_PORT volatile*)
                0x00000000c0022d08                SATABus::portRebase(SATABus::tagHBA_PORT volatile*, int)
                0x00000000c0022e0e                SATABus::probePort(SATABus::tagHBA_MEM volatile*)
                0x00000000c0022ed6                SATABus::open(int, int, void*)
 .text          0x00000000c0022ef6      0x62b hw/diskphys/ata.32
                0x00000000c0022ef6                ATA::close(int, int, void*)
                0x00000000c0022f1a                ATA::powerSaving(PowerSavingLevel)
                0x00000000c0022f1c                ATA::ATA()
                0x00000000c0022f1c                ATA::ATA()
                0x00000000c0022f4a                ATA::flush(bool)
                0x00000000c0022f94                ATA::readyForCommand()
                0x00000000c0022fe4                ATA::access(unsigned long long, int, void*, bool)
                0x00000000c0023362                ATA::read(unsigned long long, int, void*)
                0x00000000c00233ca                ATA::write(unsigned long long, int, void*)
                0x00000000c0023432                ATA::detectCHS()
                0x00000000c002345c                ATA::open(int, int, void*)
 *fill*         0x00000000c0023521        0x1 
 .text          0x00000000c0023522      0x5b3 hw/diskphys/atapi.32
                0x00000000c0023522                ATAPI::write(unsigned long long, int, void*)
                0x00000000c0023528                ATAPI::close(int, int, void*)
                0x00000000c002354c                ATAPI::ATAPI()
                0x00000000c002354c                ATAPI::ATAPI()
                0x00000000c002357a                ATAPI::readyForCommand()
                0x00000000c00235ca                ATAPI::sendPacket(unsigned char*, int, bool, unsigned short*, int)
                0x00000000c002388a                ATAPI::diskRemoved()
                0x00000000c00238a6                ATAPI::eject()
                0x00000000c00238ec                ATAPI::diskInserted()
                0x00000000c002391a                ATAPI::detectMedia()
                0x00000000c00239d6                ATAPI::open(int, int, void*)
                0x00000000c0023a56                ATAPI::read(unsigned long long, int, void*)
 *fill*         0x00000000c0023ad5        0x1 
 .text          0x00000000c0023ad6      0x414 hw/diskphys/sata.32
                0x00000000c0023ad6                SATA::close(int, int, void*)
                0x00000000c0023afa                SATA::powerSaving(PowerSavingLevel)
                0x00000000c0023afc                SATA::open(int, int, void*)
                0x00000000c0023b58                SATA::SATA()
                0x00000000c0023b58                SATA::SATA()
                0x00000000c0023b86                SATA::access(unsigned long long, int, void*, bool)
                0x00000000c0023e1a                SATA::read(unsigned long long, int, void*)
                0x00000000c0023e82                SATA::write(unsigned long long, int, void*)
 .text          0x00000000c0023eea       0x8e hw/fpu/avx.32
                0x00000000c0023eea                AVX::open(int, int, void*)
                0x00000000c0023efc                AVX::close(int, int, void*)
                0x00000000c0023f0e                AVX::available()
                0x00000000c0023f20                AVX::save(void*)
                0x00000000c0023f38                AVX::load(void*)
                0x00000000c0023f50                AVX::AVX()
                0x00000000c0023f50                AVX::AVX()
 .text          0x00000000c0023f78       0x90 hw/fpu/mmx.32
                0x00000000c0023f78                MMX::available()
                0x00000000c0023f8c                MMX::open(int, int, void*)
                0x00000000c0023f9e                MMX::close(int, int, void*)
                0x00000000c0023fb0                MMX::save(void*)
                0x00000000c0023fc8                MMX::load(void*)
                0x00000000c0023fe0                MMX::MMX()
                0x00000000c0023fe0                MMX::MMX()
 .text          0x00000000c0024008       0x96 hw/fpu/sse.32
                0x00000000c0024008                SSE::open(int, int, void*)
                0x00000000c002401a                SSE::close(int, int, void*)
                0x00000000c002402c                SSE::available()
                0x00000000c0024046                SSE::save(void*)
                0x00000000c002405e                SSE::load(void*)
                0x00000000c0024076                SSE::SSE()
                0x00000000c0024076                SSE::SSE()
 .text          0x00000000c002409e       0x8e hw/fpu/x87.32
                0x00000000c002409e                x87::open(int, int, void*)
                0x00000000c00240b0                x87::close(int, int, void*)
                0x00000000c00240c2                x87::available()
                0x00000000c00240d4                x87::save(void*)
                0x00000000c00240ec                x87::load(void*)
                0x00000000c0024104                x87::x87()
                0x00000000c0024104                x87::x87()
 .text          0x00000000c002412c      0x71e hw/intctrl/apic.32
                0x00000000c002412c                APIC::disable()
                0x00000000c002412e                APIC::close(int, int, void*)
                0x00000000c0024150                IOAPIC::close(int, int, void*)
                0x00000000c0024156                APIC::io_wait()
                0x00000000c002415c                APIC::getBase()
                0x00000000c002419e                APIC::eoi(unsigned char)
                0x00000000c00241cc                APIC::open(int, int, void*)
                0x00000000c002431a                IOAPIC::IOAPIC()
                0x00000000c002431a                IOAPIC::IOAPIC()
                0x00000000c0024342                APIC::APIC()
                0x00000000c0024342                APIC::APIC()
                0x00000000c002441e                IOAPIC::handlesGSIWithNumber(unsigned int)
                0x00000000c0024450                IOAPIC::read(int)
                0x00000000c0024478                IOAPIC::open(int, int, void*)
                0x00000000c002456e                IOAPIC::write(int, int)
                0x00000000c002459a                IOAPIC::redirect(unsigned char, unsigned long long, unsigned char, bool, bool)
                0x00000000c0024694                APIC::installIRQHandler(int, void (*)(regs*, void*), bool, void*)
 .text          0x00000000c002484a      0x3d3 hw/intctrl/pic.32
                0x00000000c002484a                PIC::disable()
                0x00000000c0024878                PIC::close(int, int, void*)
                0x00000000c002489a                PIC::PIC()
                0x00000000c002489a                PIC::PIC()
                0x00000000c0024970                PIC::ioWait()
                0x00000000c0024976                PIC::getIRQReg(int)
                0x00000000c00249e0                PIC::eoi(unsigned char)
                0x00000000c0024a72                PIC::remap()
                0x00000000c0024bde                PIC::open(int, int, void*)
 *fill*         0x00000000c0024c1d        0x1 
 .text          0x00000000c0024c1e      0x25e hw/timer/apictimer.32
                0x00000000c0024c1e                APICTimer::close(int, int, void*)
                0x00000000c0024c24                apicTimerHandler(regs*, void*)
                0x00000000c0024c52                APICTimer::write(int)
                0x00000000c0024d56                APICTimer::open(int, int, void*)
                0x00000000c0024e54                APICTimer::APICTimer()
                0x00000000c0024e54                APICTimer::APICTimer()
 .text          0x00000000c0024e7c      0x1a7 hw/timer/pit.32
                0x00000000c0024e7c                PIT::write(int)
                0x00000000c0024efa                pitHandler(regs*, void*)
                0x00000000c0024f26                PIT::open(int, int, void*)
                0x00000000c0024f74                PIT::close(int, int, void*)
                0x00000000c0024fa4                PIT::PIT()
                0x00000000c0024fa4                PIT::PIT()
 *fill*         0x00000000c0025023        0xd 
 .text          0x00000000c0025030       0x1e hw/fpu/x86/avx.32
                0x00000000c0025030                avxDetect
                0x00000000c0025036                avxSave
                0x00000000c0025037                avxLoad
                0x00000000c0025038                avxInit
                0x00000000c0025039                avxClose
                0x00000000c002503a                wouldSheSayYes
 *fill*         0x00000000c002504e        0x2 
 .text          0x00000000c0025050       0x35 hw/fpu/x86/sse.32
                0x00000000c0025050                absolutelyNoChanceInHell
                0x00000000c0025050                sseDetect
                0x00000000c0025068                sseSave
                0x00000000c002506e                sseLoad
                0x00000000c0025074                sseInit
                0x00000000c0025084                sseClose
 *fill*         0x00000000c0025085        0xb 
 .text          0x00000000c0025090       0x47 hw/fpu/x86/x87.32
                0x00000000c0025096                x87Detect
                0x00000000c00250b1                x87Save
                0x00000000c00250b7                x87Load
                0x00000000c00250bc                x87Init
                0x00000000c00250d6                x87Close
 *fill*         0x00000000c00250d7        0x1 
 .text          0x00000000c00250d8       0x25 /cygdrive/d/Users/Alex/Desktop/Toolchain/Output/bin/../lib/gcc/i386-banana/8.1.0/crtend.o
 .text          0x00000000c00250fd        0x0 crtn.32
 *fill*         0x00000000c00250fd        0x3 
 .text          0x00000000c0025100      0x14b /cygdrive/d/Users/Alex/Desktop/Toolchain/Output/bin/../lib/gcc/i386-banana/8.1.0/libkgcc.a(_divdi3.o)
                0x00000000c0025100                __divdi3
 *fill*         0x00000000c002524b        0x1 
 .text          0x00000000c002524c      0x17e /cygdrive/d/Users/Alex/Desktop/Toolchain/Output/bin/../lib/gcc/i386-banana/8.1.0/libkgcc.a(_moddi3.o)
                0x00000000c002524c                __moddi3
 *fill*         0x00000000c00253ca        0x2 
 .text          0x00000000c00253cc       0xff /cygdrive/d/Users/Alex/Desktop/Toolchain/Output/bin/../lib/gcc/i386-banana/8.1.0/libkgcc.a(_udivdi3.o)
                0x00000000c00253cc                __udivdi3
 *fill*         0x00000000c00254cb        0x1 
 .text          0x00000000c00254cc      0x11a /cygdrive/d/Users/Alex/Desktop/Toolchain/Output/bin/../lib/gcc/i386-banana/8.1.0/libkgcc.a(_umoddi3.o)
                0x00000000c00254cc                __umoddi3
 .text          0x00000000c00255e6      0x96d D:/Users/Alex/Desktop/Banana/kernel/libsoftfp.a(sfieeelib.o)
                0x00000000c00255e6                __addsf3
                0x00000000c00258e8                __subsf3
                0x00000000c00258fc                __negsf2
                0x00000000c0025909                __mulsf3
                0x00000000c0025acc                __divsf3
                0x00000000c0025cf7                __floatsisf
                0x00000000c0025d6b                __floatunsisf
                0x00000000c0025dad                __fixsfsi
                0x00000000c0025e0f                __fixunssfsi
                0x00000000c0025e40                __cmpsf2
                0x00000000c0025ed5                __eqsf2
                0x00000000c0025f10                __nesf2
                0x00000000c0025f12                __gtsf2
                0x00000000c0025f4d                __gesf2
                0x00000000c0025f4f                __ltsf2
                0x00000000c0025f51                __lesf2
 .text          0x00000000c0025f53      0xf50 D:/Users/Alex/Desktop/Banana/kernel/libsoftfp.a(dfieeelib.o)
                0x00000000c0025f53                __adddf3
                0x00000000c00265a4                __subdf3
                0x00000000c00265bf                __negdf2
                0x00000000c00265d0                __muldf3
                0x00000000c00268b4                __divdf3
                0x00000000c0026c33                __floatsidf
                0x00000000c0026c8e                __floatunsidf
                0x00000000c0026ccc                __fixdfsi
                0x00000000c0026d39                __fixunsdfsi
                0x00000000c0026d75                __cmpdf2
                0x00000000c0026e63                __eqdf2
                0x00000000c0026e7f                __nedf2
                0x00000000c0026e81                __gtdf2
                0x00000000c0026e9d                __gedf2
                0x00000000c0026e9f                __ltdf2
                0x00000000c0026ea1                __ledf2
 .text          0x00000000c0026ea3      0x18d D:/Users/Alex/Desktop/Banana/kernel/libsoftfp.a(sfdfcvt.o)
                0x00000000c0026ea3                __truncdfsf2
                0x00000000c0026fc7                __extendsfdf2
 .text          0x00000000c0027030       0x1e D:/Users/Alex/Desktop/Banana/kernel/libk/libm32.a(s_fabs.c.o)
                0x00000000c0027030                fabs
 *fill*         0x00000000c002704e        0x2 
 .text          0x00000000c0027050        0xc D:/Users/Alex/Desktop/Banana/kernel/libk/libm32.a(s_lrint.S.o)
                0x00000000c0027050                lrint
 .text          0x00000000c002705c        0xc D:/Users/Alex/Desktop/Banana/kernel/libk/libm32.a(s_lrintf.S.o)
                0x00000000c002705c                lrintf
 *(.gnu.linkonce.t*)

.iplt           0x00000000c0027068        0x0
 .iplt          0x00000000c0027068        0x0 D:/Users/Alex/Desktop/Banana/kernel/boot.32

.init           0x00000000c0027068        0xf
 .init          0x00000000c0027068        0x3 crti.32
                0x00000000c0027068                _init
 .init          0x00000000c002706b        0x5 /cygdrive/d/Users/Alex/Desktop/Toolchain/Output/bin/../lib/gcc/i386-banana/8.1.0/crtbegin.o
 .init          0x00000000c0027070        0x5 /cygdrive/d/Users/Alex/Desktop/Toolchain/Output/bin/../lib/gcc/i386-banana/8.1.0/crtend.o
 .init          0x00000000c0027075        0x2 crtn.32

.fini           0x00000000c0027077        0xa
 .fini          0x00000000c0027077        0x3 crti.32
                0x00000000c0027077                _fini