Archive member included to satisfy reference by file (symbol)

/cygdrive/d/Users/Alex/Desktop/Toolchain/Output/bin/../lib/gcc/i386-banana/8.1.0/libkgcc.a(_divdi3.o)
                              fs/fat/ff.32 (__divdi3)
/cygdrive/d/Users/Alex/Desktop/Toolchain/Output/bin/../lib/gcc/i386-banana/8.1.0/libkgcc.a(_moddi3.o)
                              compat/resolve.32 (__moddi3)
/cygdrive/d/Users/Alex/Desktop/Toolchain/Output/bin/../lib/gcc/i386-banana/8.1.0/libkgcc.a(_udivdi3.o)
                              fs/fat/ff.32 (__udivdi3)
/cygdrive/d/Users/Alex/Desktop/Toolchain/Output/bin/../lib/gcc/i386-banana/8.1.0/libkgcc.a(_umoddi3.o)
                              compat/resolve.32 (__umoddi3)
D:/Users/Alex/Desktop/Banana/kernel/libsoftfp.a(sfieeelib.o)
                              hal/sound/sndhw.32 (__addsf3)
D:/Users/Alex/Desktop/Banana/kernel/libsoftfp.a(dfieeelib.o)
                              hal/libresample/src_linear.32 (__adddf3)
D:/Users/Alex/Desktop/Banana/kernel/libsoftfp.a(sfdfcvt.o)
                              hal/libresample/samplerate.32 (__truncdfsf2)
D:/Users/Alex/Desktop/Banana/kernel/libk/libm32.a(s_fabs.c.o)
                              hal/libresample/samplerate.32 (fabs)
D:/Users/Alex/Desktop/Banana/kernel/libk/libm32.a(s_lrint.S.o)
                              hal/libresample/samplerate.32 (lrint)
D:/Users/Alex/Desktop/Banana/kernel/libk/libm32.a(s_lrintf.S.o)
                              hal/sound/sndhw.32 (lrintf)

Discarded input sections

 .comment       0x0000000000000000       0x12 /cygdrive/d/Users/Alex/Desktop/Toolchain/Output/bin/../lib/gcc/i386-banana/8.1.0/crtbegin.o
 .comment       0x0000000000000000       0x12 acpica/utclib.32
 .comment       0x0000000000000000       0x12 core/malloc.32
 .comment       0x0000000000000000       0x12 libk/string.32
 .comment       0x0000000000000000       0x12 fs/fat/diskio.32
 .comment       0x0000000000000000       0x12 fs/fat/ff.32
 .comment       0x0000000000000000       0x12 fs/fat/ffsystem.32
 .comment       0x0000000000000000       0x12 fs/fat/ffunicode.32
 .comment       0x0000000000000000       0x12 hal/libresample/samplerate.32
 .comment       0x0000000000000000       0x12 hal/libresample/src_linear.32
 .comment       0x0000000000000000       0x12 hal/libresample/src_sinc.32
 .comment       0x0000000000000000       0x12 hal/libresample/src_zoh.32
 .comment       0x0000000000000000       0x12 compat/inlines.32
 .comment       0x0000000000000000       0x12 compat/resolve.32
 .group         0x0000000000000000       0x14 core/computer.32
 .group         0x0000000000000000        0xc core/computer.32
 .comment       0x0000000000000000       0x12 core/computer.32
 .comment       0x0000000000000000       0x12 core/gdt.32
 .group         0x0000000000000000        0xc core/idle.32
 .comment       0x0000000000000000       0x12 core/idle.32
 .comment       0x0000000000000000       0x12 core/idt.32
 .comment       0x0000000000000000       0x12 core/kheap.32
 .comment       0x0000000000000000       0x12 core/main.32
 .comment       0x0000000000000000       0x12 core/physmgr.32
 .group         0x0000000000000000        0xc core/pipe.32
 .comment       0x0000000000000000       0x12 core/pipe.32
 .group         0x0000000000000000        0xc core/terminal.32
 .comment       0x0000000000000000       0x12 core/terminal.32
 .comment       0x0000000000000000       0x12 core/tss.32
 .group         0x0000000000000000        0x8 core/unixfile.32
 .group         0x0000000000000000        0xc core/unixfile.32
 .group         0x0000000000000000        0xc core/unixfile.32
 .group         0x0000000000000000        0x8 core/unixfile.32
 .group         0x0000000000000000        0xc core/unixfile.32
 .group         0x0000000000000000        0x8 core/unixfile.32
 .group         0x0000000000000000        0xc core/unixfile.32
 .group         0x0000000000000000        0xc core/unixfile.32
 .comment       0x0000000000000000       0x12 core/unixfile.32
 .comment       0x0000000000000000       0x12 core/virtmgr.32
 .comment       0x0000000000000000       0x12 coreobjs/c++.32
 .comment       0x0000000000000000       0x12 dbg/kconsole.32
 .group         0x0000000000000000        0xc fs/vfs.32
 .group         0x0000000000000000        0xc fs/vfs.32
 .group         0x0000000000000000        0xc fs/vfs.32
 .comment       0x0000000000000000       0x12 fs/vfs.32
 .group         0x0000000000000000        0xc hal/bus.32
 .comment       0x0000000000000000       0x12 hal/bus.32
 .group         0x0000000000000000        0xc hal/buzzer.32
 .comment       0x0000000000000000       0x12 hal/buzzer.32
 .group         0x0000000000000000        0xc hal/clock.32
 .comment       0x0000000000000000       0x12 hal/clock.32
 .group         0x0000000000000000       0x14 hal/device.32
 .group         0x0000000000000000        0xc hal/device.32
 .group         0x0000000000000000        0xc hal/device.32
 .group         0x0000000000000000        0xc hal/device.32
[...]
Memory Configuration

Name             Origin             Length             Attributes
*default*        0x0000000000000000 0xffffffffffffffff

Linker script and memory map

LOAD D:/Users/Alex/Desktop/Banana/kernel/boot.32
LOAD crti.32
LOAD /cygdrive/d/Users/Alex/Desktop/Toolchain/Output/bin/../lib/gcc/i386-banana/8.1.0/crtbegin.o
LOAD D:/Users/Alex/Desktop/Banana/kernel/morenasm.32
LOAD acpica/utclib.32
LOAD core/malloc.32
LOAD libk/string.32
LOAD fs/fat/diskio.32
LOAD fs/fat/ff.32
LOAD fs/fat/ffsystem.32
LOAD fs/fat/ffunicode.32
LOAD hal/libresample/samplerate.32
LOAD hal/libresample/src_linear.32
LOAD hal/libresample/src_sinc.32
LOAD hal/libresample/src_zoh.32
LOAD compat/inlines.32
LOAD compat/resolve.32
LOAD core/computer.32
LOAD core/gdt.32
LOAD core/idle.32
LOAD core/idt.32
LOAD core/kheap.32
LOAD core/main.32
LOAD core/physmgr.32
LOAD core/pipe.32
LOAD core/terminal.32
LOAD core/tss.32
LOAD core/unixfile.32
LOAD core/virtmgr.32
LOAD coreobjs/c++.32
LOAD dbg/kconsole.32
LOAD fs/vfs.32
LOAD hal/bus.32
LOAD hal/buzzer.32
LOAD hal/clock.32
LOAD hal/device.32
LOAD hal/diskctrl.32
LOAD hal/diskphys.32
LOAD hal/fpu.32
LOAD hal/intctrl.32
LOAD hal/keybrd.32
LOAD hal/logidisk.32
LOAD hal/mouse.32
LOAD hal/partition.32
LOAD hal/serial.32
LOAD hal/timer.32
LOAD hal/vcache.32
LOAD hal/video.32
LOAD hw/acpi.32
LOAD hw/cpu.32
LOAD hw/ports.32
LOAD hw/smp.32
LOAD krnl/env.32
LOAD krnl/panic.32
LOAD net/ethernet.32
LOAD reg/registry.32
LOAD sys/sc_eject.32
LOAD sys/sc_exit.32
LOAD sys/sc_getcwd.32
LOAD sys/sc_getpid.32
LOAD sys/sc_getramdata.32
LOAD sys/sc_getvgaptr.32
LOAD sys/sc_loaddll.32
LOAD sys/sc_read.32
LOAD sys/sc_sbrk.32
LOAD sys/sc_setcwd.32
LOAD sys/sc_settime.32
LOAD sys/sc_timezone.32
LOAD sys/sc_write.32
LOAD sys/sc_wsbe.32
LOAD sys/sc_yield.32
LOAD sys/syscalls.32
LOAD thr/elf.32
LOAD thr/prcssthr.32
LOAD vm86/vm8086.32
LOAD vm86/x87em.32
LOAD fs/fat/vfslink.32
LOAD fs/iso9660/vfslink.32
LOAD hal/sound/sndchannel.32
LOAD hal/sound/sndhw.32
LOAD hw/bus/isa.32
LOAD hw/bus/pci.32
LOAD hw/diskctrl/ide.32
LOAD hw/diskctrl/satabus.32
LOAD hw/diskphys/ata.32
LOAD hw/diskphys/atapi.32
LOAD hw/diskphys/sata.32
LOAD hw/diskphys/satapi.32
LOAD hw/fpu/avx.32
LOAD hw/fpu/mmx.32
LOAD hw/fpu/sse.32
LOAD hw/fpu/x87.32
LOAD hw/intctrl/apic.32
LOAD hw/intctrl/pic.32
LOAD hw/timer/apictimer.32
LOAD hw/timer/pit.32
LOAD hw/fpu/x86/avx.32
LOAD hw/fpu/x86/sse.32
LOAD hw/fpu/x86/x87.32
LOAD /cygdrive/d/Users/Alex/Desktop/Toolchain/Output/bin/../lib/gcc/i386-banana/8.1.0/crtend.o
LOAD crtn.32
LOAD /cygdrive/d/Users/Alex/Desktop/Toolchain/Output/bin/../lib/gcc/i386-banana/8.1.0/libkgcc.a
LOAD D:/Users/Alex/Desktop/Banana/kernel/libsoftfp.a
LOAD D:/Users/Alex/Desktop/Banana/kernel/libk/libm32.a
                0x00000000c0000000                . = 0xc0000000

.text           0x00000000c0000000    0x28948
 *(.text)
 .text          0x00000000c0000000       0x41 D:/Users/Alex/Desktop/Banana/kernel/boot.32
                0x00000000c0000020                callGlobalConstructors
 .text          0x00000000c0000041        0x0 crti.32
 *fill*         0x00000000c0000041        0x3 
 .text          0x00000000c0000044      0x101 /cygdrive/d/Users/Alex/Desktop/Toolchain/Output/bin/../lib/gcc/i386-banana/8.1.0/crtbegin.o
 *fill*         0x00000000c0000145        0xb 
 .text          0x00000000c0000150      0x4f5 D:/Users/Alex/Desktop/Banana/kernel/morenasm.32
                0x00000000c0000150                manualPCIProbe
                0x00000000c000019b                prepareTramp
                0x00000000c00001b4                voodooXADD
                0x00000000c000027f                doTPAUSE
                0x00000000c0000289                hasLegacyFPU
                0x00000000c00002ae                is486
                0x00000000c00002e4                detectCPUID
                0x00000000c00002fa                goToVM86
                0x00000000c000032a                goToUsermode
                0x00000000c0000354                switchToThreadASMFirstTime
                0x00000000c0000362                switchToThreadASM
                0x00000000c00003f2                asmQuickAcquireLock
                0x00000000c0000410                asmQuickReleaseLock
                0x00000000c000041c                asmAcquireLock
                0x00000000c000043d                asmReleaseLock
                0x00000000c0000450                loadGDT
                0x00000000c0000470                isr0
                0x00000000c0000480                isr1
                0x00000000c000048a                isr2
                0x00000000c0000494                isr3
                0x00000000c000049e                isr4
                0x00000000c00004a8                isr5
                0x00000000c00004b2                isr6
                0x00000000c00004bc                isr7
                0x00000000c00004c6                isr8
                0x00000000c00004ce                isr9
                0x00000000c00004d8                isr10
                0x00000000c00004e0                isr11
                0x00000000c00004e8                isr12
                0x00000000c00004f0                isr13
                0x00000000c00004f8                isr14
                0x00000000c0000500                isr15
                0x00000000c000050a                isr16
                0x00000000c0000514                isr17
                0x00000000c000051e                isr18
                0x00000000c0000528                irq3
                0x00000000c0000532                irq4
                0x00000000c000053c                irq5
                0x00000000c0000546                irq6
                0x00000000c0000550                irq7
                0x00000000c000055a                irq8
                0x00000000c0000564                irq9
                0x00000000c000056e                irq10
                0x00000000c0000578                irq11
                0x00000000c0000582                irq12
                0x00000000c000058c                irq13
                0x00000000c0000596                irq14
                0x00000000c00005a0                irq15
                0x00000000c00005aa                irq1
                0x00000000c00005b1                irq2
                0x00000000c00005b8                isr96
                0x00000000c00005bf                irq0
                0x00000000c00005c4                int_common_stub
                0x00000000c00005c4                syscall_common_stub
                0x00000000c00005f5                irq16
                0x00000000c00005ff                irq17
                0x00000000c0000609                irq18
                0x00000000c0000613                irq19
                0x00000000c000061d                irq20
                0x00000000c0000627                irq21
                0x00000000c0000631                irq22
                0x00000000c000063b                irq23
 *fill*         0x00000000c0000645        0x3 
 .text          0x00000000c0000648      0x611 acpica/utclib.32
                0x00000000c0000648                memcmp
                0x00000000c0000684                memmove
                0x00000000c000074c                memcpy
                0x00000000c0000780                memset
                0x00000000c000079c                strlen
                0x00000000c00007b4                strpbrk
                0x00000000c00007f0                strtok
                0x00000000c000083c                strcpy
                0x00000000c0000860                strncpy
                0x00000000c00008c8                strcmp
                0x00000000c0000908                strchr
                0x00000000c000092c                strncmp
                0x00000000c000097c                strcat
                0x00000000c00009ac                strncat
                0x00000000c00009e8                strstr
                0x00000000c0000a30                toupper
                0x00000000c0000a44                tolower
                0x00000000c0000a58                simple_strtoul
 .text          0x00000000c0000c59      0xfbf core/malloc.32
                0x00000000c0000dc4                dlfree
                0x00000000c000111f                dlmalloc
                0x00000000c000165c                dlrealloc
                0x00000000c0001811                dlmemalign
                0x00000000c0001934                dlcalloc
                0x00000000c00019ce                dlcfree
                0x00000000c00019d3                dlindependent_calloc
                0x00000000c00019f8                dlindependent_comalloc
                0x00000000c0001a0f                dlvalloc
                0x00000000c0001a3a                dlpvalloc
                0x00000000c0001a70                dlmalloc_trim
                0x00000000c0001a7d                dlmalloc_usable_size
                0x00000000c0001aae                dlmallinfo
                0x00000000c0001b7d                dlmalloc_stats
                0x00000000c0001b8e                dlmallopt
 .text          0x00000000c0001c18        0x0 libk/string.32
 .text          0x00000000c0001c18       0x51 fs/fat/diskio.32
                0x00000000c0001c18                disk_status
                0x00000000c0001c1b                disk_initialize
                0x00000000c0001c1e                disk_read
                0x00000000c0001c34                disk_write
                0x00000000c0001c4a                disk_ioctl
 .text          0x00000000c0001c69     0x6833 fs/fat/ff.32
                0x00000000c0004f37                f_mount
                0x00000000c0004f99                f_open
                0x00000000c00053d5                f_read
                0x00000000c0005655                f_write
                0x00000000c000590f                f_sync
                0x00000000c0005aeb                f_close
                0x00000000c0005b1a                f_lseek
                0x00000000c0005fd1                f_opendir
                0x00000000c00060d3                f_closedir
                0x00000000c00060f5                f_readdir
                0x00000000c0006190                f_stat
                0x00000000c000621f                f_getfree
                0x00000000c00063ea                f_truncate
                0x00000000c00064e2                f_unlink
                0x00000000c0006665                f_mkdir
                0x00000000c0006891                f_rename
                0x00000000c0006b84                f_chmod
                0x00000000c0006c62                f_utime
                0x00000000c0006d40                f_getlabel
                0x00000000c0006f2e                f_setlabel
                0x00000000c000719b                f_forward
                0x00000000c0007379                f_mkfs
 .text          0x00000000c000849c       0x2d fs/fat/ffsystem.32
                0x00000000c000849c                ff_memalloc
                0x00000000c00084b2                ff_memfree
 .text          0x00000000c00084c9      0x253 fs/fat/ffunicode.32
                0x00000000c00084c9                ff_uni2oem
                0x00000000c0008559                ff_oem2uni
                0x00000000c00085c5                ff_wtoupper
 .text          0x00000000c000871c      0x8fb hal/libresample/samplerate.32
                0x00000000c0008760                src_delete
                0x00000000c000879c                src_process
                0x00000000c0008952                src_callback_read
                0x00000000c0008acf                src_set_ratio
                0x00000000c0008b39                src_get_channels
                0x00000000c0008b5b                src_reset
                0x00000000c0008ba7                src_new
                0x00000000c0008c35                src_callback_new
                0x00000000c0008c97                src_get_name
                0x00000000c0008cce                src_get_description
                0x00000000c0008d05                src_get_version
                0x00000000c0008d0b                src_is_valid_ratio
                0x00000000c0008d5f                src_error
                0x00000000c0008d6d                src_strerror
                0x00000000c0008d80                src_simple
                0x00000000c0008dd3                src_short_to_float_array
                0x00000000c0008e38                src_float_to_short_array
                0x00000000c0008ef7                src_int_to_float_array
                0x00000000c0008f5a                src_float_to_int_array
 .text          0x00000000c0009017      0x8cb hal/libresample/src_linear.32
                0x00000000c000983d                linear_get_name
                0x00000000c000984c                linear_get_description
                0x00000000c000985b                linear_set_converter
 .text          0x00000000c00098e2     0x447c hal/libresample/src_sinc.32
                0x00000000c000dc75                sinc_get_name
                0x00000000c000dc88                sinc_get_description
                0x00000000c000dc9b                sinc_set_converter
 .text          0x00000000c000dd5e      0x77c hal/libresample/src_zoh.32
                0x00000000c000e435                zoh_get_name
                0x00000000c000e444                zoh_get_description
                0x00000000c000e453                zoh_set_converter
 .text          0x00000000c000e4da       0x23 compat/inlines.32
                0x00000000c000e4da                CPU::current()
                0x00000000c000e4e7                operator new(unsigned long)
 .text          0x00000000c000e4fd      0x111 compat/resolve.32
                0x00000000c000e4fd                Krnl::resolveCompatibilitySymbol(char*)
 .text          0x00000000c000e60e      0xa17 core/computer.32
                0x00000000c000e60e                Computer::close(int, int, void*)
                0x00000000c000e652                Krnl::firstTask()
                0x00000000c000e742                Computer::Computer()
                0x00000000c000e742                Computer::Computer()
                0x00000000c000e89e                Computer::setBootMessage(char const*)
                0x00000000c000e8a0                Computer::detectFeatures()
                0x00000000c000eaaa                Computer::displayFeatures()
                0x00000000c000edf0                Computer::rdmsr(unsigned int)
                0x00000000c000ee1c                Computer::wrmsr(unsigned int, unsigned long long)
                0x00000000c000ee54                Computer::nmiEnabled()
                0x00000000c000ee60                Computer::readCMOS(unsigned char)
                0x00000000c000ee7a                Computer::enableNMI(bool)
                0x00000000c000ee92                Computer::open(int, int, void*)
                0x00000000c000ef68                Computer::disableNMI()
                0x00000000c000ef76                Computer::writeCMOS(unsigned char, unsigned char)
                0x00000000c000ef94                Computer::handleNMI()
                0x00000000c000effa                Computer::setDiskActivityLight(int, bool)
 *fill*         0x00000000c000f025        0x1 
 .text          0x00000000c000f026      0x1b7 core/gdt.32
                0x00000000c000f026                GDTEntry::setBase(unsigned int)
                0x00000000c000f042                GDTEntry::setLimit(unsigned int)
                0x00000000c000f060                GDT::GDT()
                0x00000000c000f060                GDT::GDT()
                0x00000000c000f076                GDT::addEntry(GDTEntry)
                0x00000000c000f0b2                GDT::getNumberOfEntries()
                0x00000000c000f0ba                GDT::flush()
                0x00000000c000f0dc                GDT::setup()
 .text          0x00000000c000f1dd       0x62 core/idle.32
                0x00000000c000f1dd                idleFunction(void*)
 *fill*         0x00000000c000f23f        0x1 
 .text          0x00000000c000f240      0x45f core/idt.32
                0x00000000c000f240                IDTEntry::IDTEntry(bool)
                0x00000000c000f240                IDTEntry::IDTEntry(bool)
                0x00000000c000f2ae                IDTEntry::setOffset(unsigned int)
                0x00000000c000f2c2                IDT::IDT()
                0x00000000c000f2c2                IDT::IDT()
                0x00000000c000f2c4                IDT::getPointerToInvalidOpcodeEntryForF00F()
                0x00000000c000f2cc                IDT::addEntry(IDTEntry, int)
                0x00000000c000f2e6                IDT::addEntry(int, void (*)(), bool)
                0x00000000c000f31e                IDT::flush()
                0x00000000c000f338                IDT::setup()
 .text          0x00000000c000f69f      0x206 core/kheap.32
                0x00000000c000f69f                sbrk
                0x00000000c000f7ad                mmap
                0x00000000c000f7c3                munmap
                0x00000000c000f7d9                liballoc_lock()
                0x00000000c000f7ea                liballoc_unlock()
                0x00000000c000f7fb                liballoc_alloc(int)
                0x00000000c000f819                liballoc_free(void*, int)
                0x00000000c000f837                realloc
                0x00000000c000f84b                malloc
                0x00000000c000f85b                free
                0x00000000c000f86b                rfree
                0x00000000c000f87b                calloc
 .text          0x00000000c000f8a5      0x44f core/main.32
                0x00000000c000f8a5                hwTextMode_loadInData(VgaText*)
                0x00000000c000f8ea                hwTextMode_loadInTitle(VgaText*, char*)
                0x00000000c000f956                hwTextMode_showCursor(VgaText*, bool)
                0x00000000c000f9b1                hwTextMode_update(VgaText*)
                0x00000000c000f9b2                hwTextMode_updateCursor(VgaText*)
                0x00000000c000f9fa                hwTextMode_disableBlink(VgaText*, bool)
                0x00000000c000fa40                hwTextMode_scrollScreen(VgaText*)
                0x00000000c000fae1                hwTextMode_writeCharacter(VgaText*, char, VgaColour, VgaColour, int, int)
                0x00000000c000fb60                setupTextMode()
                0x00000000c000fbd0                kernel_main
 .text          0x00000000c000fcf4      0x56a core/physmgr.32
                0x00000000c000fcf4                Phys::allocateDMA(unsigned long)
                0x00000000c000fd97                Phys::freeDMA(unsigned long, unsigned long)
                0x00000000c000fddf                Phys::setPageState(unsigned long, bool)
                0x00000000c000fe11                Phys::getPageState(unsigned long)
                0x00000000c000fe2d                Phys::freePage(unsigned long)
                0x00000000c000feb7                Phys::allocatePage()
                0x00000000c000ff9c                Phys::allocateContiguousPages(int)
                0x00000000c000fff6                Phys::allowSegmentToBeUsed(unsigned long, unsigned long)
                0x00000000c001002e                Phys::physicalMemorySetup(unsigned int)
 .text          0x00000000c001025e      0x273 core/pipe.32
                0x00000000c001025e                Pipe::isAtty()
                0x00000000c0010262                Pipe::~Pipe()
                0x00000000c0010262                Pipe::~Pipe()
                0x00000000c0010286                Pipe::~Pipe()
                0x00000000c00102ae                Pipe::read(unsigned long long, void*, int*)
                0x00000000c00103a2                Pipe::write(unsigned long long, void*, int*)
                0x00000000c001046a                Pipe::Pipe(int)
                0x00000000c001046a                Pipe::Pipe(int)
 *fill*         0x00000000c00104d1        0x1 
 .text          0x00000000c00104d2      0xe4d core/terminal.32
                0x00000000c00104d2                VgaText::isAtty()
                0x00000000c00104d6                VgaText::~VgaText()
                0x00000000c00104d6                VgaText::~VgaText()
                0x00000000c00104fa                VgaText::~VgaText()
                0x00000000c0010524                VgaText::read(unsigned long long, void*, int*)
                0x00000000c0010544                setTerminalScrollLock(bool)
                0x00000000c0010545                addToTerminalCycle(VgaText*)
                0x00000000c0010566                installVgaTextImplementation()
                0x00000000c001057b                scrollTerminalScrollLock(int)
                0x00000000c001057c                VgaText::load()
                0x00000000c00105ca                VgaText::updateCursor()
                0x00000000c00105e0                VgaText::showCursor(bool)
                0x00000000c00105ec                VgaText::disableBlink(bool)
                0x00000000c0010620                VgaText::doANSI_SGR(int)
                0x00000000c0010694                VgaText::setDefaultBgColour(VgaColour)
                0x00000000c00106a4                VgaText::setDefaultFgColour(VgaColour)
                0x00000000c00106b4                VgaText::setDefaultColours(VgaColour, VgaColour)
                0x00000000c00106d4                VgaText::combineColours(unsigned char, unsigned char)
                0x00000000c00106e6                VgaText::scrollScreen()
                0x00000000c001077a                VgaText::combineCharAndColour(char, unsigned char)
                0x00000000c001078c                VgaText::writeCharacter(char, VgaColour, VgaColour, int, int)
                0x00000000c00107e8                VgaText::getCursorX()
                0x00000000c00107f0                VgaText::getCursorY()
                0x00000000c00107f8                VgaText::setCursor(int, int)
                0x00000000c0010810                VgaText::setCursorX(int)
                0x00000000c0010828                VgaText::setCursorY(int)
                0x00000000c0010840                VgaText::incrementCursor(bool)
                0x00000000c0010894                VgaText::updateRAMUsageDisplay(int)
                0x00000000c00108f8                VgaText::updateDiskUsage()
                0x00000000c0010a62                VgaText::updateTitle()
                0x00000000c0010aa6                VgaText::setTitleTextColour(VgaColour)
                0x00000000c0010ab4                VgaText::setTitleColour(VgaColour)
                0x00000000c0010ac2                VgaText::setTitle(char*)
                0x00000000c0010ae8                VgaText::decrementCursor(bool)
                0x00000000c0010b0a                VgaText::putchar(char, VgaColour, VgaColour)
                0x00000000c0010be2                VgaText::isShowingCursor()
                0x00000000c0010bea                VgaText::isBlinkDisabled()
                0x00000000c0010bf6                VgaText::setCursorHeight(int)
                0x00000000c0010c0e                VgaText::getCursorHeight()
                0x00000000c0010c16                setActiveTerminal(VgaText*)
                0x00000000c0010cbc                doTerminalCycle()
                0x00000000c0010cd6                VgaText::doUpdate()
                0x00000000c0010ce4                VgaText::puts(char const*, VgaColour, VgaColour)
                0x00000000c0010e5c                VgaText::clearScreen()
                0x00000000c0010eb6                VgaText::putchar(char)
                0x00000000c0010fa2                VgaText::puts(char const*)
                0x00000000c0010fc8                VgaText::putx(unsigned int)
                0x00000000c001100e                VgaText::VgaText(char const*)
                0x00000000c001100e                VgaText::VgaText(char const*)
                0x00000000c00111be                VgaText::receiveKey(unsigned char)
                0x00000000c00112a6                VgaText::write(unsigned long long, void*, int*)
                0x00000000c00112fa                newTerminal(char*)
 *fill*         0x00000000c001131f        0x1 
 .text          0x00000000c0011320      0x1b3 core/tss.32
                0x00000000c0011320                TSS::TSS()
                0x00000000c0011320                TSS::TSS()
                0x00000000c001132e                TSS::setESP(unsigned long)
                0x00000000c0011340                TSS::flush()
                0x00000000c0011360                TSS::setup(unsigned long, unsigned long)
 *fill*         0x00000000c00114d3        0x1 
 .text          0x00000000c00114d4      0x4c2 core/unixfile.32
                0x00000000c00114d4                ReservedFilename::read(unsigned long long, void*, int*)
                0x00000000c001152a                ReservedFilename::isAtty()
                0x00000000c0011546                ReservedFilename::write(unsigned long long, void*, int*)
                0x00000000c00115a4                UnixFile::getFileDescriptor()
                0x00000000c00115ac                UnixFile::UnixFile(int)
                0x00000000c00115ac                UnixFile::UnixFile(int)
                0x00000000c001175c                ReservedFilename::ReservedFilename(int)
                0x00000000c001175c                ReservedFilename::ReservedFilename(int)
                0x00000000c001178e                UnixFile::~UnixFile()
                0x00000000c001178e                UnixFile::~UnixFile()
                0x00000000c0011826                UnixFile::~UnixFile()
                0x00000000c001184e                ReservedFilename::~ReservedFilename()
                0x00000000c001184e                ReservedFilename::~ReservedFilename()
                0x00000000c0011872                ReservedFilename::~ReservedFilename()
                0x00000000c0011899                getFromFileDescriptor(int)
 .text          0x00000000c0011996     0x12c7 core/virtmgr.32
                0x00000000c0011996                Virt::setPageState(unsigned long, Virt::VirtPageState)
                0x00000000c00119cb                Virt::getPageState(unsigned long)
                0x00000000c00119ef                Virt::allocateKernelVirtualPages(int)
                0x00000000c0011b00                Virt::freeSwapfilePage(unsigned long)
                0x00000000c0011b1e                Virt::swapIDToSector(unsigned long)
                0x00000000c0011b30                Virt::allocateSwapfilePage()
                0x00000000c0011bae                Virt::virtualMemorySetup()
                0x00000000c0011c2d                Virt::swappingSetup()
                0x00000000c0011c2e                Virt::getAKernelVAS()
                0x00000000c0011c34                Virt::setupPageSwapping(int)
                0x00000000c0011e00                VAS::VAS()
                0x00000000c0011e00                VAS::VAS()
                0x00000000c0011e3c                VAS::VAS(VAS*)
                0x00000000c0011e3c                VAS::VAS(VAS*)
                0x00000000c0011e6a                VAS::getForeignPageTableEntry(bool, unsigned long)
                0x00000000c0011e96                VAS::getPageTableEntry(unsigned long)
                0x00000000c0011eb5                Virt::freeKernelVirtualPages(unsigned long)
                0x00000000c0011fd8                VAS::freeAllocatedPages(unsigned long)
                0x00000000c0011ffc                VAS::virtualToPhysical(unsigned long)
                0x00000000c0012014                VAS::reflagRange(unsigned long, int, int, int)
                0x00000000c0012054                VAS::setToWriteCombining(unsigned long, int)
                0x00000000c0012086                VAS::mapOtherVASIn(bool, VAS*)
                0x00000000c00120b0                VAS::~VAS()
                0x00000000c00120b0                VAS::~VAS()
                0x00000000c001221c                VAS::mapPage(unsigned long, unsigned long, int)
                0x00000000c001231c                VAS::allocatePages(int, int)
                0x00000000c00124f4                VAS::setCPUSpecific(unsigned long)
                0x00000000c0012510                VAS::mapRange(unsigned long, unsigned long, int, int)
                0x00000000c00125d6                VAS::mapForeignPage(bool, VAS*, unsigned long, unsigned long, int)
                0x00000000c00126c4                VAS::VAS(bool)
                0x00000000c00126c4                VAS::VAS(bool)
                0x00000000c001292a                VAS::evict(unsigned long)
                0x00000000c00129ec                VAS::tryLoadBackOffDisk(unsigned long)
                0x00000000c0012af0                VAS::scanForEviction()
                0x00000000c0012ba1                mapVASFirstTime
 .text          0x00000000c0012c5d       0x95 coreobjs/c++.32
                0x00000000c0012c5d                __cxa_atexit
                0x00000000c0012c60                __cxa_finalize
                0x00000000c0012c61                __stack_chk_fail
                0x00000000c0012ccd                __cxa_pure_virtual
                0x00000000c0012cde                operator new[](unsigned long)
                0x00000000c0012ce3                operator delete(void*, unsigned long)
                0x00000000c0012ce8                operator delete[](void*)
                0x00000000c0012ced                operator delete[](void*, unsigned long)
 .text          0x00000000c0012cf2      0x1ef dbg/kconsole.32
                0x00000000c0012cf2                Dbg::stringifyxWithBase(unsigned int, char*, int)
                0x00000000c0012d53                Dbg::logc(char)
                0x00000000c0012d6a                Dbg::logs(char*)
                0x00000000c0012d87                Dbg::logWriteInt(unsigned int)
                0x00000000c0012da4                Dbg::logWriteIntBase(unsigned int, int)
                0x00000000c0012dc3                Dbg::kprintf(char const*, ...)
 *fill*         0x00000000c0012ee1        0x1 
 .text          0x00000000c0012ee2      0xb82 fs/vfs.32
                0x00000000c0012ee2                File::read(unsigned long long, void*, int*)
                0x00000000c0012f3a                File::write(unsigned long long, void*, int*)
                0x00000000c0012f92                Directory::read(unsigned long long, void*, int*)
                0x00000000c0012fea                Directory::write(unsigned long long, void*, int*)
                0x00000000c0013018                File::isAtty()
                0x00000000c001301c                Directory::isAtty()
                0x00000000c0013020                Filesystem::getlabel(LogicalDisk*, int, char*, unsigned int*)
                0x00000000c0013026                Filesystem::setlabel(LogicalDisk*, int, char*)
                0x00000000c001302c                Filesystem::getFileFirstSector(char const*)
                0x00000000c0013032                File::~File()
                0x00000000c0013032                File::~File()
                0x00000000c0013056                File::~File()
                0x00000000c0013080                Directory::~Directory()
                0x00000000c0013080                Directory::~Directory()
                0x00000000c00130a4                Directory::~Directory()
                0x00000000c00130ce                Filesystem::Filesystem()
                0x00000000c00130ce                Filesystem::Filesystem()
                0x00000000c00130f2                Filesystem::~Filesystem()
                0x00000000c00130f2                Filesystem::~Filesystem()
                0x00000000c0013100                Filesystem::~Filesystem()
                0x00000000c0013124                Fs::getcwd(Process*, char*, int)
                0x00000000c001314e                Fs::initVFS()
                0x00000000c0013178                Fs::standardiseFiles(char*, char const*, char const*)
                0x00000000c0013322                File::File(char const*, Process*)
                0x00000000c0013322                File::File(char const*, Process*)
                0x00000000c0013386                File::open(FileOpenMode)
                0x00000000c00133e4                File::close()
                0x00000000c0013444                File::seek(unsigned long long)
                0x00000000c001349a                File::tell(unsigned long long*)
                0x00000000c00134ea                File::rewind()
                0x00000000c00134fe                File::unlink()
                0x00000000c001354a                File::rename(char const*)
                0x00000000c0013598                File::chfatattr(unsigned char, unsigned char)
                0x00000000c00135f4                File::exists()
                0x00000000c0013632                File::stat(unsigned long long*, bool*)
                0x00000000c0013693                Fs::setcwd(Process*, char*)
                0x00000000c00137ce                Directory::Directory(char const*, Process*)
                0x00000000c00137ce                Directory::Directory(char const*, Process*)
                0x00000000c0013832                Directory::open()
                0x00000000c001388e                Directory::close()
                0x00000000c00138ee                Directory::unlink()
                0x00000000c001393a                Directory::rename(char const*)
                0x00000000c0013988                Directory::exists()
                0x00000000c00139c6                Directory::read(dirent*)
                0x00000000c0013a12                Directory::create()
                0x00000000c0013a5e                Filesystem::chfatattr(char const*, unsigned char, unsigned char)
 .text          0x00000000c0013a64       0x84 hal/bus.32
                0x00000000c0013a64                Bus::Bus(char const*)
                0x00000000c0013a64                Bus::Bus(char const*)
                0x00000000c0013a9a                Bus::~Bus()
                0x00000000c0013a9a                Bus::~Bus()
                0x00000000c0013abe                Bus::~Bus()
 .text          0x00000000c0013ae8      0x14e hal/buzzer.32
                0x00000000c0013ae8                Buzzer::Buzzer(char const*)
                0x00000000c0013ae8                Buzzer::Buzzer(char const*)
                0x00000000c0013b2c                Buzzer::~Buzzer()
                0x00000000c0013b2c                Buzzer::~Buzzer()
                0x00000000c0013b50                Buzzer::~Buzzer()
                0x00000000c0013b7a                Buzzer::stop()
                0x00000000c0013b8d                beepThread(void*)
                0x00000000c0013bc8                Buzzer::beep(int, int, bool)
 .text          0x00000000c0013c36      0x467 hal/clock.32
                0x00000000c0013c36                User::loadClockSettings(int)
                0x00000000c0013c88                Clock::Clock(char const*)
                0x00000000c0013c88                Clock::Clock(char const*)
                0x00000000c0013cbe                Clock::~Clock()
                0x00000000c0013cbe                Clock::~Clock()
                0x00000000c0013ce2                Clock::~Clock()
                0x00000000c0013d0c                Clock::timeInSecondsLocal()
                0x00000000c0013d54                Clock::setTimeInSecondsLocal(unsigned long long)
                0x00000000c0013dad                datetimeToSeconds(datetime_t)
                0x00000000c0013ed4                Clock::setTimeInDatetimeLocal(datetime_t)
                0x00000000c0013f34                secondsToDatetime(unsigned long long)
                0x00000000c0014078                Clock::timeInDatetimeLocal()
 *fill*         0x00000000c001409d        0x1 
 .text          0x00000000c001409e      0x4ec hal/device.32
                0x00000000c001409e                Device::hibernate()
                0x00000000c00140a0                Device::wake()
                0x00000000c00140a2                Device::detect()
                0x00000000c00140a4                Device::disableLegacy()
                0x00000000c00140a6                Device::powerSaving(PowerSavingLevel)
                0x00000000c00140a8                DriverlessDevice::close(int, int, void*)
                0x00000000c00140ac                DriverlessDevice::detect()
                0x00000000c00140ae                DriverlessDevice::open(int, int, void*)
                0x00000000c00140c2                Device::~Device()
                0x00000000c00140c2                Device::~Device()
                0x00000000c00140d0                Device::~Device()
                0x00000000c00140f8                Device::findAndLoadDriver()
                0x00000000c00140fa                Device::preOpenPCI(PCIDeviceInfo)
                0x00000000c0014120                Device::preOpenACPI(void*, char*, char*)
                0x00000000c0014174                Device::addIRQHandler(int, void (*)(regs*, void*), bool, void*)
                0x00000000c00141b2                Device::removeIRQHandler(int, void (*)(regs*, void*), bool)
                0x00000000c00141f0                Device::addChild(Device*)
                0x00000000c0014234                Device::removeAllChildren()
                0x00000000c001427a                Device::hibernateAll()
                0x00000000c00142aa                Device::wakeAll()
                0x00000000c00142da                Device::detectAll()
                0x00000000c001430a                Device::disableLegacyAll()
                0x00000000c001433a                Device::loadDriversForAll()
                0x00000000c0014366                Device::closeAll()
                0x00000000c001439c                Device::powerSavingAll(PowerSavingLevel)
                0x00000000c00143d2                Device::setName(char const*)
                0x00000000c00143e0                Device::Device(char const*)
                0x00000000c00143e0                Device::Device(char const*)
                0x00000000c00144dc                Device::getName()
                0x00000000c00144e6                DriverlessDevice::DriverlessDevice(char const*)
                0x00000000c00144e6                DriverlessDevice::DriverlessDevice(char const*)
                0x00000000c001451c                Device::addToLinkedList(LinkedList<Device>&, DeviceType)
                0x00000000c0014560                getDevicesOfType(DeviceType)
 .text          0x00000000c001458a       0x84 hal/diskctrl.32
                0x00000000c001458a                HardDiskController::HardDiskController(char const*)
                0x00000000c001458a                HardDiskController::HardDiskController(char const*)
                0x00000000c00145c0                HardDiskController::~HardDiskController()
                0x00000000c00145c0                HardDiskController::~HardDiskController()
                0x00000000c00145e4                HardDiskController::~HardDiskController()
 .text          0x00000000c001460e       0xf2 hal/diskphys.32
                0x00000000c001460e                PhysicalDisk::eject()
                0x00000000c0014622                PhysicalDisk::PhysicalDisk(char const*, int)
                0x00000000c0014622                PhysicalDisk::PhysicalDisk(char const*, int)
                0x00000000c001468a                PhysicalDisk::startCache()
                0x00000000c00146b2                PhysicalDisk::~PhysicalDisk()
                0x00000000c00146b2                PhysicalDisk::~PhysicalDisk()
                0x00000000c00146d6                PhysicalDisk::~PhysicalDisk()
 .text          0x00000000c0014700      0x13b hal/fpu.32
                0x00000000c0014700                FPU::FPU(char const*)
                0x00000000c0014700                FPU::FPU(char const*)
                0x00000000c0014736                FPU::~FPU()
                0x00000000c0014736                FPU::~FPU()
                0x00000000c001475a                FPU::~FPU()
                0x00000000c0014784                setupFPU()
 *fill*         0x00000000c001483b        0x1 
 .text          0x00000000c001483c     0x1421 hal/intctrl.32
                0x00000000c001483c                InterruptController::uninstallISRHandler(int, void (*)(regs*, void*))
                0x00000000c0014874                InterruptController::installISRHandler(int, void (*)(regs*, void*), void*)
                0x00000000c00148c6                doubleFault(regs*, void*)
                0x00000000c00148e0                InterruptController::installIRQHandler(int, void (*)(regs*, void*), bool, void*)
                0x00000000c001497c                InterruptController::clearAllHandlers(int, bool)
                0x00000000c0014a24                InterruptController::uninstallIRQHandler(int, void (*)(regs*, void*), bool)
                0x00000000c0014aab                nmiHandler(regs*, void*)
                0x00000000c0014ab9                int_handler
                0x00000000c0014b5a                InterruptController::InterruptController(char const*)
                0x00000000c0014b5a                InterruptController::InterruptController(char const*)
                0x00000000c0014c00                InterruptController::~InterruptController()
                0x00000000c0014c00                InterruptController::~InterruptController()
                0x00000000c0014c24                InterruptController::~InterruptController()
                0x00000000c0014c4e                displayDebugInfo(regs*)
                0x00000000c00150dd                x87EmulHandler(regs*, void*)
                0x00000000c0015150                gpFault(regs*, void*)
                0x00000000c0015189                pgFault(regs*, void*)
                0x00000000c00151c5                otherISRHandler(regs*, void*)
                0x00000000c00151e4                opcodeFault(regs*, void*)
                0x00000000c00157ea                displayProgramFault(char const*)
                0x00000000c0015812                setupInterruptController()
                0x00000000c0015c10                InterruptController::convertLegacyIRQNumber(int)
 *fill*         0x00000000c0015c5d        0x1 
 .text          0x00000000c0015c5e      0x70a hal/keybrd.32
                0x00000000c0015c5e                startGUI(void*)
                0x00000000c0015cba                startGUIVESA(void*)
                0x00000000c0015d16                sendKeyToTerminal(unsigned char)
                0x00000000c0015d82                sendKeyboardToken(KeyboardToken)
                0x00000000c00161bf                clearInternalKeybuffer(VgaText*)
                0x00000000c00161f4                readKeyboard(VgaText*, char*, unsigned long)
                0x00000000c00162de                Keyboard::Keyboard(char const*)
                0x00000000c00162de                Keyboard::Keyboard(char const*)
                0x00000000c001631a                Keyboard::~Keyboard()
                0x00000000c001631a                Keyboard::~Keyboard()
                0x00000000c001633e                Keyboard::~Keyboard()
 .text          0x00000000c0016368      0x414 hal/logidisk.32
                0x00000000c0016368                LogicalDisk::close(int, int, void*)
                0x00000000c001636c                LogicalDisk::~LogicalDisk()
                0x00000000c001636c                LogicalDisk::~LogicalDisk()
                0x00000000c0016390                LogicalDisk::~LogicalDisk()
                0x00000000c00163ba                LogicalDisk::open(int, int, void*)
                0x00000000c00163ce                LogicalDisk::absoluteToRelative(unsigned long long)
                0x00000000c0016406                LogicalDisk::relativeToAbsolute(unsigned long long)
                0x00000000c001644c                LogicalDisk::LogicalDisk(char const*, PhysicalDisk*, unsigned long long, unsigned long long)
                0x00000000c001644c                LogicalDisk::LogicalDisk(char const*, PhysicalDisk*, unsigned long long, unsigned long long)
                0x00000000c0016502                LogicalDisk::assignDriveLetter()
                0x00000000c00165b8                LogicalDisk::mount()
                0x00000000c001662a                LogicalDisk::unmount()
                0x00000000c001663a                LogicalDisk::eject()
                0x00000000c001664e                LogicalDisk::unassignDriveLetter()
                0x00000000c00166a4                LogicalDisk::read(unsigned long long, int, void*)
                0x00000000c0016710                LogicalDisk::write(unsigned long long, int, void*)
 .text          0x00000000c001677c       0x84 hal/mouse.32
                0x00000000c001677c                Mouse::Mouse(char const*)
                0x00000000c001677c                Mouse::Mouse(char const*)
                0x00000000c00167b2                Mouse::~Mouse()
                0x00000000c00167b2                Mouse::~Mouse()
                0x00000000c00167d6                Mouse::~Mouse()
 .text          0x00000000c0016800      0x359 hal/partition.32
                0x00000000c0016800                makePartition(PhysicalDisk*, unsigned long long, unsigned long long)
                0x00000000c00168c8                createPartitionsForDisk(PhysicalDisk*)
 *fill*         0x00000000c0016b59        0x1 
 .text          0x00000000c0016b5a       0x84 hal/serial.32
                0x00000000c0016b5a                Serial::Serial(char const*)
                0x00000000c0016b5a                Serial::Serial(char const*)
                0x00000000c0016b90                Serial::~Serial()
                0x00000000c0016b90                Serial::~Serial()
                0x00000000c0016bb4                Serial::~Serial()
 .text          0x00000000c0016bde      0x2b8 hal/timer.32
                0x00000000c0016bde                Timer::Timer(char const*)
                0x00000000c0016bde                Timer::Timer(char const*)
                0x00000000c0016c14                Timer::~Timer()
                0x00000000c0016c14                Timer::~Timer()
                0x00000000c0016c38                Timer::~Timer()
                0x00000000c0016c62                Timer::read()
                0x00000000c0016c6d                timerHandler(unsigned long long)
                0x00000000c0016da4                setupTimer(int)
 .text          0x00000000c0016e96      0x425 hal/vcache.32
                0x00000000c0016e96                VCache::VCache(PhysicalDisk*)
                0x00000000c0016e96                VCache::VCache(PhysicalDisk*)
                0x00000000c0016ffe                VCache::invalidateReadBuffer()
                0x00000000c001700e                VCache::writeWriteBuffer()
                0x00000000c001704a                VCache::~VCache()
                0x00000000c001704a                VCache::~VCache()
                0x00000000c001709e                VCache::~VCache()
                0x00000000c00170c6                VCache::write(unsigned long long, int, void*)
                0x00000000c00171bc                VCache::read(unsigned long long, int, void*)
 *fill*         0x00000000c00172bb        0x1 
 .text          0x00000000c00172bc      0x4cd hal/video.32
                0x00000000c00172bc                Video::putrect(int, int, int, int, unsigned int)
                0x00000000c0017308                Video::bitblit(int, int, int, int, int, int, int, unsigned int*)
                0x00000000c0017378                Video::blit(unsigned int*, int, int, int, int)
                0x00000000c00173f6                Video::clearScreen(unsigned int)
                0x00000000c001742a                Video::putpixel(int, int, unsigned int)
                0x00000000c0017438                Video::Video(char const*)
                0x00000000c0017438                Video::Video(char const*)
                0x00000000c001746e                Video::~Video()
                0x00000000c001746e                Video::~Video()
                0x00000000c0017492                Video::~Video()
                0x00000000c00174bc                Video::isMonochrome()
                0x00000000c00174c8                Video::getWidth()
                0x00000000c00174d4                Video::getHeight()
                0x00000000c00174e0                Video::drawCursor(int, int, unsigned char*, int)
                0x00000000c001759c                Video::tgaParse(unsigned char*, int, int*, int*)
                0x00000000c001771e                Video::putTGA(int, int, unsigned char*, int)
 *fill*         0x00000000c0017789        0x1 
 .text          0x00000000c001778a      0xfea hw/acpi.32
                0x00000000c001778a                ACPI::close(int, int, void*)
                0x00000000c001783f                findRSDP()
                0x00000000c00178d9                loadACPITables(unsigned char*)
                0x00000000c0017b00                findRSDT(unsigned char*)
                0x00000000c0017c1e                findDataTable(unsigned char*, char*)
                0x00000000c0017cba                scanMADT()
                0x00000000c0018140                ACPI::ACPI()
                0x00000000c0018140                ACPI::ACPI()
                0x00000000c00181aa                ACPI::getPCIIRQAssignment(unsigned char, unsigned short, unsigned char)
                0x00000000c001828c                ACPI::registerPCIIRQAssignment(void*, unsigned short, unsigned char, unsigned char)
                0x00000000c0018352                ACPI::setScreenBrightnessLevel(void*, int)
                0x00000000c0018358                ACPI::writeSimpleBootFlag(SimpleBootFlagTable*)
                0x00000000c00183a0                ACPI::sleep()
                0x00000000c00183b8                ACPI::open(int, int, void*)
 .text          0x00000000c0018774     0x1715 hw/cpu.32
                0x00000000c0018774                CPU::close(int, int, void*)
                0x00000000c0018778                CPU::lookupAMDName(unsigned char, unsigned char)
                0x00000000c001890c                CPU::lookupIntelName(unsigned char, unsigned char)
                0x00000000c0018bba                CPU::AMD_K6_write_msr(unsigned int, unsigned int, unsigned int, CPU::REGS*)
                0x00000000c0018bd6                CPU::AMD_K6_read_msr(unsigned int, CPU::REGS*)
                0x00000000c0018bee                CPU::AMD_K6_writeback(int, int, int)
                0x00000000c0018c62                CPU::cpuid(int, unsigned long*, unsigned long*, unsigned long*, unsigned long*)
                0x00000000c0018ce6                CPU::cpuidCheckEDX(unsigned int)
                0x00000000c0018d14                CPU::cpuidCheckECX(unsigned int)
                0x00000000c0018d42                CPU::cpuidCheckExtendedEBX(unsigned int)
                0x00000000c0018d70                CPU::cpuidCheckExtendedECX(unsigned int)
                0x00000000c0018d9e                CPU::CPU()
                0x00000000c0018d9e                CPU::CPU()
                0x00000000c0018e2c                CPU::displayFeatures()
                0x00000000c00190a8                CPU::detectFeatures()
                0x00000000c0019a98                CPU::setupSMEP()
                0x00000000c0019aa4                CPU::setupUMIP()
                0x00000000c0019aae                CPU::setupTSC()
                0x00000000c0019ab8                CPU::setupLargePages()
                0x00000000c0019ac2                CPU::setupPAT()
                0x00000000c0019afe                CPU::setupMTRR()
                0x00000000c0019b00                CPU::setupGlobalPages()
                0x00000000c0019b0a                CPU::allowUsermodeDataAccess()
                0x00000000c0019b1c                CPU::prohibitUsermodeDataAccess()
                0x00000000c0019b2e                CPU::setupSMAP()
                0x00000000c0019b3c                CPU::setupFeatures()
                0x00000000c0019bbc                CPU::open(int, int, void*)
                0x00000000c0019c8e                CPU::decodeAddress(regs*, int*, bool*, unsigned char*)
 .text          0x00000000c0019e89        0x0 hw/ports.32
 .text          0x00000000c0019e89      0x16a hw/smp.32
                0x00000000c0019e89                Krnl::smpEntry()
                0x00000000c0019e8b                Krnl::startCPU(int)
                0x00000000c0019fd4                Krnl::startCPUs()
 *fill*         0x00000000c0019ff3        0x1 
 .text          0x00000000c0019ff4      0x5d3 krnl/env.32
                0x00000000c0019ff4                EnvVarContainer::getEnv(char const*)
                0x00000000c001a032                EnvVarContainer::setEnv(char const*, char const*)
                0x00000000c001a0fe                EnvVarContainer::deleteEnv(char const*)
                0x00000000c001a100                EnvVarContainer::loadFrom(char const*, char const*)
                0x00000000c001a2f6                EnvVarContainer::__loadSystem()
                0x00000000c001a310                EnvVarContainer::__loadUser()
                0x00000000c001a312                EnvVarContainer::EnvVarContainer(Process*)
                0x00000000c001a312                EnvVarContainer::EnvVarContainer(Process*)
                0x00000000c001a334                EnvVarContainer::~EnvVarContainer()
                0x00000000c001a334                EnvVarContainer::~EnvVarContainer()
                0x00000000c001a364                Krnl::getEnv(Process*, char const*)
                0x00000000c001a3c9                Krnl::setEnvSystem(char const*, char const*)
                0x00000000c001a3e3                Krnl::setEnvUser(char const*, char const*)
                0x00000000c001a402                Krnl::setEnvProcess(Process*, char const*, char const*)
                0x00000000c001a415                Krnl::deleteEnvSystem(char const*)
                0x00000000c001a416                Krnl::deleteEnvUser(char const*)
                0x00000000c001a417                Krnl::deleteEnvProcess(Process*, char const*)
                0x00000000c001a418                Krnl::newProcessEnv(Process*)
                0x00000000c001a43a                Krnl::copyProcessEnv(Process*, Process*)
                0x00000000c001a48e                Krnl::loadSystemEnv()
                0x00000000c001a4bc                Krnl::loadUserEnv()
                0x00000000c001a4e2                Krnl::flushEnv()
                0x00000000c001a4e3                Krnl::getProcessTotalEnvCount(Process*)
                0x00000000c001a503                Krnl::getProcessEnvPair(Process*, int)
 .text          0x00000000c001a5c7      0x396 krnl/panic.32
                0x00000000c001a5c7                Krnl::panic(char const*)
 .text          0x00000000c001a95d      0x3b6 net/ethernet.32
                0x00000000c001a95d                Net::switchEndian16(unsigned short)
                0x00000000c001a97e                Net::switchEndian32(unsigned int)
                0x00000000c001a9ad                Net::crc32Calc(unsigned char*, int)
                0x00000000c001aa3e                Net::wrapEthernetFrame(Net::UnwrappedEthernetFrame, unsigned char*)
                0x00000000c001ab7a                Net::unwrapEthernetFrame(unsigned char*, int)
 .text          0x00000000c001ad13      0x513 reg/registry.32
                0x00000000c001ad13                Reg::findLineFromLoadedData(char*, char*, char*)
                0x00000000c001ae6b                Reg::getLineFromRegistry(char*, char*, char*, char*)
                0x00000000c001afc0                Reg::getLine(char*, char*, char*)
                0x00000000c001aff7                Reg::readInt(char*, char*, int*)
                0x00000000c001b0e2                Reg::readString(char*, char*, char*, int)
                0x00000000c001b163                Reg::readBool(char*, char*, bool*)
                0x00000000c001b188                Reg::readBoolWithDefault(char*, char*, bool)
                0x00000000c001b1b4                Reg::readIntWithDefault(char*, char*, int)
                0x00000000c001b1e0                Reg::readStringWithDefault(char*, char*, char*, int, char*)
 .text          0x00000000c001b226       0x36 sys/sc_eject.32
                0x00000000c001b226                Sys::eject(regs*)
 .text          0x00000000c001b25c       0x18 sys/sc_exit.32
                0x00000000c001b25c                Sys::exit(regs*)
 .text          0x00000000c001b274       0x1f sys/sc_getcwd.32
                0x00000000c001b274                Sys::getCwd(regs*)
 .text          0x00000000c001b293        0xc sys/sc_getpid.32
                0x00000000c001b293                Sys::getPID(regs*)
 .text          0x00000000c001b29f       0x17 sys/sc_getramdata.32
                0x00000000c001b29f                Sys::getRAMData(regs*)
 .text          0x00000000c001b2b6       0x82 sys/sc_getvgaptr.32
                0x00000000c001b2b6                Sys::getVGAPtr(regs*)
 .text          0x00000000c001b338       0xa8 sys/sc_loaddll.32
                0x00000000c001b338                Sys::loadDLL(regs*)
 .text          0x00000000c001b3e0       0x68 sys/sc_read.32
                0x00000000c001b3e0                Sys::read(regs*)
 .text          0x00000000c001b448       0x55 sys/sc_sbrk.32
                0x00000000c001b448                Sys::sbrk(regs*)
 .text          0x00000000c001b49d       0x1c sys/sc_setcwd.32
                0x00000000c001b49d                Sys::setCwd(regs*)
 .text          0x00000000c001b4b9      0x128 sys/sc_settime.32
                0x00000000c001b4b9                Sys::setTime(regs*)
 .text          0x00000000c001b5e1       0x4a sys/sc_timezone.32
                0x00000000c001b5e1                Sys::timezone(regs*)
 .text          0x00000000c001b62b       0x68 sys/sc_write.32
                0x00000000c001b62b                Sys::write(regs*)
 .text          0x00000000c001b693       0x62 sys/sc_wsbe.32
                0x00000000c001b693                Sys::wsbe(regs*)
 .text          0x00000000c001b6f5       0x3b sys/sc_yield.32
                0x00000000c001b6f5                Sys::yield(regs*)
 .text          0x00000000c001b730     0x110c sys/syscalls.32
                0x00000000c001b730                sysCallSeekDir(regs*)
                0x00000000c001b735                sysCallTellDir(regs*)
                0x00000000c001b73a                sysCallVerify(regs*)
                0x00000000c001b744                sysFormatDisk(regs*)
                0x00000000c001b7ae                sysSetDiskVolumeLabel(regs*)
                0x00000000c001b7f4                sysGetDiskVolumeLabel(regs*)
                0x00000000c001b845                sysShutdown(regs*)
                0x00000000c001b8a3                sysCallRealpath(regs*)
                0x00000000c001b8e6                sysCallGetArgc(regs*)
                0x00000000c001b914                sysCallReadDir(regs*)
                0x00000000c001b9a2                sysCallIsATTY(regs*)
                0x00000000c001b9fc                sysCallSeek(regs*)
                0x00000000c001ba65                sysCallTell(regs*)
                0x00000000c001bae2                sysCallSize(regs*)
                0x00000000c001bb65                sysCallSizeFromFilename(regs*)
                0x00000000c001bc25                sysCallClose(regs*)
                0x00000000c001bcad                sysCallOpenDir(regs*)
                0x00000000c001bd22                sysCallCloseDir(regs*)
                0x00000000c001bd88                sysCallMakeDir(regs*)
                0x00000000c001bdf8                sysCallWait(regs*)
                0x00000000c001be12                sysCallNotImpl(regs*)
                0x00000000c001be2d                sysPanic(regs*)
                0x00000000c001be53                sysCallRmdir(regs*)
                0x00000000c001beb7                sysCallUnlink(regs*)
                0x00000000c001bf1b                sysCallGetArgv(regs*)
                0x00000000c001bf67                sysCallTTYName(regs*)
                0x00000000c001bfea                sysCallUSleep(regs*)
                0x00000000c001c011                sysCallSpawn(regs*)
                0x00000000c001c086                sysCallGetEnv(regs*)
                0x00000000c001c1be                sysAppSettings(regs*)
                0x00000000c001c2dd                sysSetFatAttrib(regs*)
                0x00000000c001c34f                sysPipe(regs*)
                0x00000000c001c394                sysGetUnixTime(regs*)
                0x00000000c001c3a8                string_ends_with(char const*, char const*)
                0x00000000c001c3f0                sysCallOpen(regs*)
                0x00000000c001c605                Sys::loadSyscalls()
                0x00000000c001c7fa                Sys::systemCall(regs*, void*)
 .text          0x00000000c001c83c     0x11ee thr/elf.32
                0x00000000c001c83c                Thr::allocateMemoryForTask(Process*, File*, unsigned long, unsigned long, unsigned long)
                0x00000000c001cace                Thr::loadProgramIntoMemory(Process*, char const*)
                0x00000000c001cce4                Thr::runtimeReferenceHelper()
                0x00000000c001ccf7                Thr::getAddressOfKernelSymbol(char const*)
                0x00000000c001cd46                Thr::loadKernelSymbolTable(char const*)
                0x00000000c001d004                Thr::loadDriverIntoMemory(char const*, unsigned long, bool)
                0x00000000c001d73a                Thr::getDriverBaseFromAddress(unsigned long)
                0x00000000c001d76c                Thr::getDriverNameFromAddress(unsigned long)
                0x00000000c001d7a3                Thr::getDriverOffsetFromAddress(unsigned long)
                0x00000000c001d7bd                Thr::loadDLL(char const*, bool)
                0x00000000c001d9f1                Thr::executeDLL(unsigned long, void*)
 .text          0x00000000c001da2a     0x1128 thr/prcssthr.32
                0x00000000c001da2a                changeTSS
                0x00000000c001da5a                Process::addArgs(char**)
                0x00000000c001dab4                Process::Process(char const*, Process*, char**)
                0x00000000c001dab4                Process::Process(char const*, Process*, char**)
                0x00000000c001dc98                Process::Process(bool, char const*, Process*, char**)
                0x00000000c001dc98                Process::Process(bool, char const*, Process*, char**)
                0x00000000c001de47                disableIRQs()
                0x00000000c001de4f                getIRQNestingLevel()
                0x00000000c001de55                enableIRQs()
                0x00000000c001de64                lockScheduler()
                0x00000000c001de66                unlockScheduler()
                0x00000000c001de68                userModeEntryPoint(void*)
                0x00000000c001de8b                lockStuff()
                0x00000000c001de97                taskStartupFunction
                0x00000000c001dea0                updateTimeUsed()
                0x00000000c001df05                switchToThread(ThreadControlBlock*)
                0x00000000c001df56                Semaphore::Semaphore(int)
                0x00000000c001df56                Semaphore::Semaphore(int)
                0x00000000c001df84                Mutex::Mutex()
                0x00000000c001df84                Mutex::Mutex()
                0x00000000c001df96                Process::createThread(void (*)(void*), void*, int)
                0x00000000c001e09c                Process::createUserThread()
                0x00000000c001e0b8                setupMultitasking(void (*)())
                0x00000000c001e1da                schedule()
                0x00000000c001e25f                unlockStuff()
                0x00000000c001e294                Semaphore::tryAcquire()
                0x00000000c001e2c2                Semaphore::assertLocked(char const*)
                0x00000000c001e2f2                blockTaskWithSchedulerLockAlreadyHeld(TaskState)
                0x00000000c001e334                blockTask(TaskState)
                0x00000000c001e355                waitTask(int, int*, int)
                0x00000000c001e397                nanoSleepUntil(unsigned long long)
                0x00000000c001e3ee                nanoSleep(unsigned long long)
                0x00000000c001e403                sleep(unsigned long long)
                0x00000000c001e420                Semaphore::acquire()
                0x00000000c001e488                taskReturned
                0x00000000c001e4b6                Thr::processFromPID(int)
                0x00000000c001e54f                unblockTask(ThreadControlBlock*)
                0x00000000c001e5fe                cleanupTerminatedTask(ThreadControlBlock*)
                0x00000000c001e8c7                cleanerTaskFunction(void*)
                0x00000000c001e97a                terminateTask(int)
                0x00000000c001ea5a                Thr::terminateFromIRQ(int)
                0x00000000c001ea66                Semaphore::release()
 .text          0x00000000c001eb52      0xc26 vm86/vm8086.32
                0x00000000c001eb52                Vm::inbv(unsigned short)
                0x00000000c001eb65                Vm::outbv(unsigned short, unsigned char)
                0x00000000c001ebb8                Vm::realToLinear(unsigned short, unsigned short)
                0x00000000c001ebc8                Vm::getSegment(unsigned int)
                0x00000000c001ebd0                Vm::getOffset(unsigned int)
                0x00000000c001ebd5                Vm::mainloop2()
                0x00000000c001ec10                Vm::mainVm8086Loop(void*)
                0x00000000c001ec1d                Vm::mainloop3(unsigned long)
                0x00000000c001ec47                Vm::initialise8086()
                0x00000000c001ec8a                Vm::finish8086()
                0x00000000c001eccf                Vm::getOutput8086(unsigned char*)
                0x00000000c001ecf9                Vm::start8086(char const*, unsigned short, unsigned short, unsigned short, unsigned short)
                0x00000000c001ee49                Vm::doISR(regs*, int, unsigned char*, unsigned short, unsigned short)
                0x00000000c001eed3                Vm::readByteFromReal(unsigned short, unsigned short)
                0x00000000c001eee4                Vm::readWordFromReal(unsigned short, unsigned short)
                0x00000000c001eef6                Vm::readDwordFromReal(unsigned short, unsigned short)
                0x00000000c001ef07                Vm::writeByteFromReal(unsigned short, unsigned short, unsigned char)
                0x00000000c001ef1c                Vm::writeWordFromReal(unsigned short, unsigned short, unsigned short)
                0x00000000c001ef32                Vm::writeDwordFromReal(unsigned short, unsigned short, unsigned int)
                0x00000000c001ef47                Vm::faultHandler(regs*)
 .text          0x00000000c001f778      0xefd vm86/x87em.32
                0x00000000c001f778                Vm::fpuInternalTo32(unsigned long long)
                0x00000000c001f7d3                Vm::fpuInternalTo64(unsigned long long)
                0x00000000c001f7dc                Vm::fpu32ToInternal(unsigned int)
                0x00000000c001f821                Vm::fpu64ToInternal(unsigned long long)
                0x00000000c001f82a                Vm::fpuFloatToLong(unsigned long long)
                0x00000000c001f885                Vm::fpuULongToFloat(unsigned long long)
                0x00000000c001f8bb                Vm::fpuLongToFloat(long long)
                0x00000000c001f911                Vm::fpuGet0()
                0x00000000c001f916                Vm::fpuGet1()
                0x00000000c001f91e                Vm::fpuGetPi()
                0x00000000c001f926                Vm::fpuGetLog2E()
                0x00000000c001f93e                Vm::fpuGetLogE2()
                0x00000000c001f956                Vm::fpuGetLog210()
                0x00000000c001f96e                Vm::fpuGetLog102()
                0x00000000c001f986                Vm::fpuIsSecondLarger(unsigned long long, unsigned long long)
                0x00000000c001f99a                Vm::fpuAreEqual(unsigned long long, unsigned long long)
                0x00000000c001f9b0                Vm::fpuUnorderedCompare(unsigned long long, unsigned long long)
                0x00000000c001fa03                Vm::fpuAdd(unsigned long long, unsigned long long)
                0x00000000c001fa14                Vm::fpuAbs(unsigned long long)
                0x00000000c001fa1d                Vm::fpuChs(unsigned long long)
                0x00000000c001fa2d                Vm::fpuSub(unsigned long long, unsigned long long)
                0x00000000c001fa3c                Vm::fpuMultiply(unsigned long long, unsigned long long)
                0x00000000c001fa5b                Vm::fpuDivide(unsigned long long, unsigned long long)
                0x00000000c001fa77                Vm::fpuSquare(unsigned long long)
                0x00000000c001fa8d                Vm::fpuGetReg(int)
                0x00000000c001fad0                Vm::fpuSetReg(int, unsigned long long)
                0x00000000c001fb1b                Vm::fpuPush(unsigned long long)
                0x00000000c001fb78                Vm::fpuPop()
                0x00000000c001fbca                Vm::x87Handler(regs*)
 *fill*         0x00000000c0020675        0x1 
 .text          0x00000000c0020676     0x11af fs/fat/vfslink.32
                0x00000000c0020676                FAT::getName()
                0x00000000c002067c                FAT::tell(void*, unsigned long long*)
                0x00000000c00206b0                FAT::stat(void*, unsigned long long*)
                0x00000000c00206e4                FAT::~FAT()
                0x00000000c00206e4                FAT::~FAT()
                0x00000000c0020708                FAT::~FAT()
                0x00000000c0020730                FAT::getlabel(LogicalDisk*, int, char*, unsigned int*)
                0x00000000c00207ce                FAT::setlabel(LogicalDisk*, int, char*)
                0x00000000c0020888                FAT::format(LogicalDisk*, int, char const*, int)
                0x00000000c0020a6c                FAT::tryMount(LogicalDisk*, int)
                0x00000000c0020c72                FAT::getFileFirstSector(char const*)
                0x00000000c0020d34                FAT::readDir(void*, unsigned long, void*, int*)
                0x00000000c0020e3a                FAT::read(void*, unsigned long, void*, int*)
                0x00000000c0020e94                FAT::write(void*, unsigned long, void*, int*)
                0x00000000c0020eee                FAT::close(void*)
                0x00000000c0020f3a                FAT::closeDir(void*)
                0x00000000c0020f86                FAT::seek(void*, unsigned long long)
                0x00000000c0020fda                fatWrapperReadDisk
                0x00000000c0021021                fatWrapperWriteDisk
                0x00000000c0021068                fatWrapperIoctl
                0x00000000c002116c                FAT::FAT()
                0x00000000c002116c                FAT::FAT()
                0x00000000c00211be                FAT::fixFilepath(char*)
                0x00000000c00211f6                FAT::open(char const*, void**, FileOpenMode)
                0x00000000c002131e                FAT::openDir(char const*, void**)
                0x00000000c00213c4                FAT::stat(char const*, unsigned long long*, bool*)
                0x00000000c00214ae                FAT::unlink(char const*)
                0x00000000c0021528                FAT::chfatattr(char const*, unsigned char, unsigned char)
                0x00000000c002167c                FAT::rename(char const*, char const*)
                0x00000000c0021740                FAT::mkdir(char const*)
                0x00000000c00217ba                FAT::exists(char const*)
 *fill*         0x00000000c0021825        0x1 
 .text          0x00000000c0021826      0xbc1 fs/iso9660/vfslink.32
                0x00000000c0021826                ISO9660::format(LogicalDisk*, int, char const*, int)
                0x00000000c002182c                ISO9660::seek(void*, unsigned long long)
                0x00000000c002185c                ISO9660::tell(void*, unsigned long long*)
                0x00000000c0021880                ISO9660::getName()
                0x00000000c0021886                ISO9660::stat(void*, unsigned long long*)
                0x00000000c00218aa                ISO9660::chfatattr(char const*, unsigned char, unsigned char)
                0x00000000c00218b0                ISO9660::unlink(char const*)
                0x00000000c00218b6                ISO9660::write(void*, unsigned long, void*, int*)
                0x00000000c00218bc                ISO9660::rename(char const*, char const*)
                0x00000000c00218c2                ISO9660::mkdir(char const*)
                0x00000000c00218c8                ISO9660::close(void*)
                0x00000000c00218ea                ISO9660::closeDir(void*)
                0x00000000c002190c                ISO9660::~ISO9660()
                0x00000000c002190c                ISO9660::~ISO9660()
                0x00000000c0021930                ISO9660::~ISO9660()
                0x00000000c0021957                __memmem(unsigned char*, int, unsigned char*, int)
                0x00000000c0021999                readSectorFromCDROM(unsigned int, unsigned char*, char)
                0x00000000c0021a00                ISO9660::tryMount(LogicalDisk*, int)
                0x00000000c0021a50                ISO9660::read(void*, unsigned long, void*, int*)
                0x00000000c0021c50                ISO9660::readDir(void*, unsigned long, void*, int*)
                0x00000000c0021edd                readRoot(unsigned int*, unsigned int*, char)
                0x00000000c0021f32                readRecursively(char*, unsigned int, unsigned int, unsigned int*, unsigned int*, char, int*)
                0x00000000c0022105                getFileData(char*, unsigned int*, unsigned int*, char, int*)
                0x00000000c0022194                ISO9660::open(char const*, void**, FileOpenMode)
                0x00000000c0022254                ISO9660::exists(char const*)
                0x00000000c0022278                ISO9660::stat(char const*, unsigned long long*, bool*)
                0x00000000c002230c                ISO9660::openDir(char const*, void**)
                0x00000000c00223c4                ISO9660::ISO9660()
                0x00000000c00223c4                ISO9660::ISO9660()
 *fill*         0x00000000c00223e7        0x1 
 .text          0x00000000c00223e8      0x326 hal/sound/sndchannel.32
                0x00000000c00223e8                SoundChannel::~SoundChannel()
                0x00000000c00223e8                SoundChannel::~SoundChannel()
                0x00000000c0022404                SoundChannel::setSpeed(float)
                0x00000000c0022410                SoundChannel::getSpeed()
                0x00000000c0022418                SoundChannel::setVolume(int)
                0x00000000c0022434                SoundChannel::getVolume()
                0x00000000c002243c                SoundChannel::pause()
                0x00000000c0022446                SoundChannel::SoundChannel(int, int, int, int)
                0x00000000c0022446                SoundChannel::SoundChannel(int, int, int, int)
                0x00000000c002259c                SoundChannel::play()
                0x00000000c00225a6                SoundChannel::paused()
                0x00000000c00225ae                SoundChannel::getSampleRate()
                0x00000000c00225b6                SoundChannel::getBits()
                0x00000000c00225be                SoundChannel::getBufferUsed()
                0x00000000c00225c6                SoundChannel::getBufferSize()
                0x00000000c00225ce                SoundChannel::unbuffer(float*, int, int)
                0x00000000c002266e                SoundChannel::buffer8(unsigned char*, int)
 .text          0x00000000c002270e      0x3d5 hal/sound/sndhw.32
                0x00000000c002270e                SoundDevice::SoundDevice(char const*)
                0x00000000c002270e                SoundDevice::SoundDevice(char const*)
                0x00000000c002277a                SoundDevice::~SoundDevice()
                0x00000000c002277a                SoundDevice::~SoundDevice()
                0x00000000c00227f4                SoundDevice::~SoundDevice()
                0x00000000c002281e                SoundDevice::getFreeChannelNum()
                0x00000000c0022838                SoundDevice::addChannel(SoundChannel*)
                0x00000000c00228a8                SoundDevice::removeChannel(int)
                0x00000000c00228da                SoundDevice::floatTo8(float*, unsigned char*, int)
                0x00000000c00229c2                SoundDevice::getAudio(int, float*, float*)
 .text          0x00000000c0022ae3        0x0 hw/bus/isa.32
 *fill*         0x00000000c0022ae3        0x1 
 .text          0x00000000c0022ae4      0x791 hw/bus/pci.32
                0x00000000c0022ae4                PCI::open(int, int, void*)
                0x00000000c0022af8                PCI::close(int, int, void*)
                0x00000000c0022afc                PCI::PCI()
                0x00000000c0022afc                PCI::PCI()
                0x00000000c0022b7c                PCI::readBAR8(unsigned int, int)
                0x00000000c0022b98                PCI::readBAR16(unsigned int, int)
                0x00000000c0022bb6                PCI::readBAR32(unsigned int, int)
                0x00000000c0022bd2                PCI::writeBAR8(unsigned int, unsigned char, int)
                0x00000000c0022bf2                PCI::writeBAR16(unsigned int, unsigned short, int)
                0x00000000c0022c14                PCI::writeBAR32(unsigned int, unsigned int, int)
                0x00000000c0022c34                PCI::pciReadWord(unsigned char, unsigned char, unsigned char, unsigned char)
                0x00000000c0022c7c                PCI::getVendorID(unsigned char, unsigned char, unsigned char)
                0x00000000c0022c9e                PCI::getHeaderType(unsigned char, unsigned char, unsigned char)
                0x00000000c0022cc2                PCI::getClassCode(unsigned char, unsigned char, unsigned char)
                0x00000000c0022d06                PCI::getProgIF(unsigned char, unsigned char, unsigned char)
                0x00000000c0022d2a                PCI::getRevisionID(unsigned char, unsigned char, unsigned char)
                0x00000000c0022d4c                PCI::getInterruptNumber(unsigned char, unsigned char, unsigned char)
                0x00000000c0022d6e                PCI::getSecondaryBus(unsigned char, unsigned char, unsigned char)
                0x00000000c0022d92                PCI::getBARAddress(unsigned char, unsigned char, unsigned char, unsigned char)
                0x00000000c0022df2                PCI::pciWriteWord(unsigned char, unsigned char, unsigned char, unsigned char, unsigned short)
                0x00000000c0022e5e                PCI::checkBus(unsigned char)
                0x00000000c0022e82                PCI::foundDevice(PCIDeviceInfo)
                0x00000000c002300a                PCI::getDeviceData(unsigned char, unsigned char, unsigned char)
                0x00000000c00231b6                PCI::checkDevice(unsigned char, unsigned char)
                0x00000000c0023222                PCI::detect()
 *fill*         0x00000000c0023275        0x1 
 .text          0x00000000c0023276      0xc70 hw/diskctrl/ide.32
                0x00000000c0023276                IDE::close(int, int, void*)
                0x00000000c002327a                IDE::IDE()
                0x00000000c002327a                IDE::IDE()
                0x00000000c00232ae                IDE::prepareInterrupt(unsigned char)
                0x00000000c00232c0                selectDrive(unsigned char, unsigned char)
                0x00000000c00232c2                IDE::getBase(unsigned char)
                0x00000000c00232d4                IDE::write(unsigned char, unsigned char, unsigned char)
                0x00000000c0023394                IDE::read(unsigned char, unsigned char)
                0x00000000c0023442                IDE::waitInterrupt(unsigned char)
                0x00000000c00234a8                ideChannel0IRQHandler(regs*, void*)
                0x00000000c00234c4                ideChannel1IRQHandler(regs*, void*)
                0x00000000c00234e0                IDE::enableIRQs(unsigned char, bool)
                0x00000000c0023526                IDE::open(int, int, void*)
                0x00000000c0023936                IDE::readBuffer(unsigned char, unsigned char, unsigned int, unsigned int)
                0x00000000c0023a02                IDE::detect()
                0x00000000c0023cea                IDE::printError(unsigned char, unsigned char, unsigned char)
                0x00000000c0023e80                IDE::polling(unsigned char, unsigned int)
 .text          0x00000000c0023ee6      0x390 hw/diskctrl/satabus.32
                0x00000000c0023ee6                SATABus::close(int, int, void*)
                0x00000000c0023eea                SATABus::detect()
                0x00000000c0023eec                SATABus::SATABus()
                0x00000000c0023eec                SATABus::SATABus()
                0x00000000c0023f98                SATABus::findCmdslot(SATABus::tagHBA_PORT volatile*)
                0x00000000c0023fe0                SATABus::checkType(SATABus::tagHBA_PORT volatile*)
                0x00000000c0024028                SATABus::startCmd(SATABus::tagHBA_PORT volatile*)
                0x00000000c0024048                SATABus::stopCmd(SATABus::tagHBA_PORT volatile*)
                0x00000000c0024072                SATABus::portRebase(SATABus::tagHBA_PORT volatile*, int)
                0x00000000c0024178                SATABus::probePort(SATABus::tagHBA_MEM volatile*)
                0x00000000c0024256                SATABus::open(int, int, void*)
 .text          0x00000000c0024276      0x63c hw/diskphys/ata.32
                0x00000000c0024276                ATA::close(int, int, void*)
                0x00000000c002429a                ATA::powerSaving(PowerSavingLevel)
                0x00000000c002429c                ATA::ATA()
                0x00000000c002429c                ATA::ATA()
                0x00000000c00242ca                ATA::flush(bool)
                0x00000000c0024314                ATA::readyForCommand()
                0x00000000c0024364                ATA::access(unsigned long long, int, void*, bool)
                0x00000000c00246ec                ATA::read(unsigned long long, int, void*)
                0x00000000c0024754                ATA::write(unsigned long long, int, void*)
                0x00000000c00247bc                ATA::detectCHS()
                0x00000000c00247e6                ATA::open(int, int, void*)
 .text          0x00000000c00248b2      0x5bd hw/diskphys/atapi.32
                0x00000000c00248b2                ATAPI::write(unsigned long long, int, void*)
                0x00000000c00248b8                ATAPI::close(int, int, void*)
                0x00000000c00248dc                ATAPI::ATAPI()
                0x00000000c00248dc                ATAPI::ATAPI()
                0x00000000c002490a                ATAPI::readyForCommand()
                0x00000000c002495a                ATAPI::sendPacket(unsigned char*, int, bool, unsigned short*, int)
                0x00000000c0024c1a                ATAPI::diskRemoved()
                0x00000000c0024c36                ATAPI::eject()
                0x00000000c0024c7e                ATAPI::diskInserted()
                0x00000000c0024cac                ATAPI::detectMedia()
                0x00000000c0024d68                ATAPI::open(int, int, void*)
                0x00000000c0024df0                ATAPI::read(unsigned long long, int, void*)
 *fill*         0x00000000c0024e6f        0x1 
 .text          0x00000000c0024e70      0x455 hw/diskphys/sata.32
                0x00000000c0024e70                SATA::close(int, int, void*)
                0x00000000c0024e94                SATA::powerSaving(PowerSavingLevel)
                0x00000000c0024e96                SATA::open(int, int, void*)
                0x00000000c0024f44                SATA::SATA()
                0x00000000c0024f44                SATA::SATA()
                0x00000000c0024f72                SATA::access(unsigned long long, int, void*, bool)
                0x00000000c00251d8                SATA::read(unsigned long long, int, void*)
                0x00000000c0025240                SATA::write(unsigned long long, int, void*)
 *fill*         0x00000000c00252c5        0x1 
 .text          0x00000000c00252c6      0x500 hw/diskphys/satapi.32
                0x00000000c00252c6                SATAPI::write(unsigned long long, int, void*)
                0x00000000c00252cc                SATAPI::close(int, int, void*)
                0x00000000c00252f0                SATAPI::SATAPI()
                0x00000000c00252f0                SATAPI::SATAPI()
                0x00000000c002531e                SATAPI::diskRemoved()
                0x00000000c002533a                SATAPI::diskInserted()
                0x00000000c0025368                SATAPI::sendPacket(unsigned char*, int, unsigned long long, unsigned short*, int)
                0x00000000c002556c                SATAPI::eject()
                0x00000000c00255b4                SATAPI::detectMedia()
                0x00000000c0025676                SATAPI::open(int, int, void*)
                0x00000000c0025724                SATAPI::read(unsigned long long, int, void*)
 .text          0x00000000c00257c6       0x8e hw/fpu/avx.32
                0x00000000c00257c6                AVX::open(int, int, void*)
                0x00000000c00257d8                AVX::close(int, int, void*)
                0x00000000c00257ea                AVX::available()
                0x00000000c00257fc                AVX::save(void*)
                0x00000000c0025814                AVX::load(void*)
                0x00000000c002582c                AVX::AVX()
                0x00000000c002582c                AVX::AVX()
 .text          0x00000000c0025854       0x90 hw/fpu/mmx.32
                0x00000000c0025854                MMX::available()
                0x00000000c0025868                MMX::open(int, int, void*)
                0x00000000c002587a                MMX::close(int, int, void*)
                0x00000000c002588c                MMX::save(void*)
                0x00000000c00258a4                MMX::load(void*)
                0x00000000c00258bc                MMX::MMX()
                0x00000000c00258bc                MMX::MMX()
 .text          0x00000000c00258e4       0x96 hw/fpu/sse.32
                0x00000000c00258e4                SSE::open(int, int, void*)
                0x00000000c00258f6                SSE::close(int, int, void*)
                0x00000000c0025908                SSE::available()
                0x00000000c0025922                SSE::save(void*)
                0x00000000c002593a                SSE::load(void*)
                0x00000000c0025952                SSE::SSE()
                0x00000000c0025952                SSE::SSE()
 .text          0x00000000c002597a       0x8e hw/fpu/x87.32
                0x00000000c002597a                x87::open(int, int, void*)
                0x00000000c002598c                x87::close(int, int, void*)
                0x00000000c002599e                x87::available()
                0x00000000c00259b0                x87::save(void*)
                0x00000000c00259c8                x87::load(void*)
                0x00000000c00259e0                x87::x87()
                0x00000000c00259e0                x87::x87()
 .text          0x00000000c0025a08      0x71e hw/intctrl/apic.32
                0x00000000c0025a08                APIC::disable()
                0x00000000c0025a0a                APIC::close(int, int, void*)
                0x00000000c0025a2c                IOAPIC::close(int, int, void*)
                0x00000000c0025a32                APIC::io_wait()
                0x00000000c0025a38                APIC::getBase()
                0x00000000c0025a7a                APIC::eoi(unsigned char)
                0x00000000c0025aa8                APIC::open(int, int, void*)
                0x00000000c0025bf6                IOAPIC::IOAPIC()
                0x00000000c0025bf6                IOAPIC::IOAPIC()
                0x00000000c0025c1e                APIC::APIC()
                0x00000000c0025c1e                APIC::APIC()
                0x00000000c0025cfa                IOAPIC::handlesGSIWithNumber(unsigned int)
                0x00000000c0025d2c                IOAPIC::read(int)
                0x00000000c0025d54                IOAPIC::open(int, int, void*)
                0x00000000c0025e4a                IOAPIC::write(int, int)
                0x00000000c0025e76                IOAPIC::redirect(unsigned char, unsigned long long, unsigned char, bool, bool)
                0x00000000c0025f70                APIC::installIRQHandler(int, void (*)(regs*, void*), bool, void*)
 .text          0x00000000c0026126      0x3d3 hw/intctrl/pic.32
                0x00000000c0026126                PIC::disable()
                0x00000000c0026154                PIC::close(int, int, void*)
                0x00000000c0026176                PIC::PIC()
                0x00000000c0026176                PIC::PIC()
                0x00000000c002624c                PIC::ioWait()
                0x00000000c0026252                PIC::getIRQReg(int)
                0x00000000c00262bc                PIC::eoi(unsigned char)
                0x00000000c002634e                PIC::remap()
                0x00000000c00264ba                PIC::open(int, int, void*)
 *fill*         0x00000000c00264f9        0x1 
 .text          0x00000000c00264fa      0x25e hw/timer/apictimer.32
                0x00000000c00264fa                APICTimer::close(int, int, void*)
                0x00000000c0026500                apicTimerHandler(regs*, void*)
                0x00000000c002652e                APICTimer::write(int)
                0x00000000c0026632                APICTimer::open(int, int, void*)
                0x00000000c0026730                APICTimer::APICTimer()
                0x00000000c0026730                APICTimer::APICTimer()
 .text          0x00000000c0026758      0x1a7 hw/timer/pit.32
                0x00000000c0026758                PIT::write(int)
                0x00000000c00267d6                pitHandler(regs*, void*)
                0x00000000c0026802                PIT::open(int, int, void*)
                0x00000000c0026850                PIT::close(int, int, void*)
                0x00000000c0026880                PIT::PIT()
                0x00000000c0026880                PIT::PIT()
 *fill*         0x00000000c00268ff        0x1 
 .text          0x00000000c0026900       0x1e hw/fpu/x86/avx.32
                0x00000000c0026900                avxDetect
                0x00000000c0026906                avxSave
                0x00000000c0026907                avxLoad
                0x00000000c0026908                avxInit
                0x00000000c0026909                avxClose
                0x00000000c002690a                wouldSheSayYes
 *fill*         0x00000000c002691e        0x2 
 .text          0x00000000c0026920       0x35 hw/fpu/x86/sse.32
                0x00000000c0026920                absolutelyNoChanceInHell
                0x00000000c0026920                sseDetect
                0x00000000c0026938                sseSave
                0x00000000c002693e                sseLoad
                0x00000000c0026944                sseInit
                0x00000000c0026954                sseClose
 *fill*         0x00000000c0026955        0xb 
 .text          0x00000000c0026960       0x4d hw/fpu/x86/x87.32
                0x00000000c0026966                x87Detect
                0x00000000c0026981                x87Save
                0x00000000c002698a                x87Load
                0x00000000c0026992                x87Init
                0x00000000c00269ac                x87Close
 *fill*         0x00000000c00269ad        0x3 
 .text          0x00000000c00269b0       0x25 /cygdrive/d/Users/Alex/Desktop/Toolchain/Output/bin/../lib/gcc/i386-banana/8.1.0/crtend.o
 .text          0x00000000c00269d5        0x0 crtn.32
 *fill*         0x00000000c00269d5        0x3 
 .text          0x00000000c00269d8      0x14b /cygdrive/d/Users/Alex/Desktop/Toolchain/Output/bin/../lib/gcc/i386-banana/8.1.0/libkgcc.a(_divdi3.o)
                0x00000000c00269d8                __divdi3
 *fill*         0x00000000c0026b23        0x1 
 .text          0x00000000c0026b24      0x17e /cygdrive/d/Users/Alex/Desktop/Toolchain/Output/bin/../lib/gcc/i386-banana/8.1.0/libkgcc.a(_moddi3.o)
                0x00000000c0026b24                __moddi3
 *fill*         0x00000000c0026ca2        0x2 
 .text          0x00000000c0026ca4       0xff /cygdrive/d/Users/Alex/Desktop/Toolchain/Output/bin/../lib/gcc/i386-banana/8.1.0/libkgcc.a(_udivdi3.o)
                0x00000000c0026ca4                __udivdi3
 *fill*         0x00000000c0026da3        0x1 