Archive member included to satisfy reference by file (symbol)

/cygdrive/d/Users/Alex/Desktop/Toolchain/Output/bin/../lib/gcc/i386-banana/8.1.0/libkgcc.a(_divdi3.o)
                              fs/fat/ff.32 (__divdi3)
/cygdrive/d/Users/Alex/Desktop/Toolchain/Output/bin/../lib/gcc/i386-banana/8.1.0/libkgcc.a(_moddi3.o)
                              compat/resolve.32 (__moddi3)
/cygdrive/d/Users/Alex/Desktop/Toolchain/Output/bin/../lib/gcc/i386-banana/8.1.0/libkgcc.a(_udivdi3.o)
                              fs/fat/ff.32 (__udivdi3)
/cygdrive/d/Users/Alex/Desktop/Toolchain/Output/bin/../lib/gcc/i386-banana/8.1.0/libkgcc.a(_umoddi3.o)
                              compat/resolve.32 (__umoddi3)
D:/Users/Alex/Desktop/Banana/kernel/libsoftfp.a(sfieeelib.o)
                              hal/libresample/src_linear.32 (__subsf3)
D:/Users/Alex/Desktop/Banana/kernel/libsoftfp.a(dfieeelib.o)
                              hal/libresample/src_linear.32 (__adddf3)
D:/Users/Alex/Desktop/Banana/kernel/libsoftfp.a(sfdfcvt.o)
                              hal/libresample/samplerate.32 (__truncdfsf2)
D:/Users/Alex/Desktop/Banana/kernel/libk/libm32.a(s_fabs.c.o)
                              hal/libresample/samplerate.32 (fabs)
D:/Users/Alex/Desktop/Banana/kernel/libk/libm32.a(s_lrint.S.o)
                              hal/libresample/samplerate.32 (lrint)
D:/Users/Alex/Desktop/Banana/kernel/libk/libm32.a(s_lrintf.S.o)
                              hal/sound/sndhw.32 (lrintf)

Discarded input sections

 .comment       0x0000000000000000       0x12 /cygdrive/d/Users/Alex/Desktop/Toolchain/Output/bin/../lib/gcc/i386-banana/8.1.0/crtbegin.o
 .comment       0x0000000000000000       0x12 acpica/utclib.32
 .comment       0x0000000000000000       0x12 core/malloc.32
 .comment       0x0000000000000000       0x12 libk/string.32
 .comment       0x0000000000000000       0x12 fs/fat/diskio.32
 .comment       0x0000000000000000       0x12 fs/fat/ff.32
 .comment       0x0000000000000000       0x12 fs/fat/ffsystem.32
 .comment       0x0000000000000000       0x12 fs/fat/ffunicode.32
 .comment       0x0000000000000000       0x12 hal/libresample/samplerate.32
 .comment       0x0000000000000000       0x12 hal/libresample/src_linear.32
 .comment       0x0000000000000000       0x12 hal/libresample/src_sinc.32
 .comment       0x0000000000000000       0x12 hal/libresample/src_zoh.32
 .comment       0x0000000000000000       0x12 compat/inlines.32
 .comment       0x0000000000000000       0x12 compat/resolve.32
 .group         0x0000000000000000       0x14 core/computer.32
 .group         0x0000000000000000        0xc core/computer.32
 .comment       0x0000000000000000       0x12 core/computer.32
 .comment       0x0000000000000000       0x12 core/gdt.32
 .group         0x0000000000000000        0xc core/idle.32
 .comment       0x0000000000000000       0x12 core/idle.32
 .comment       0x0000000000000000       0x12 core/idt.32
 .comment       0x0000000000000000       0x12 core/kheap.32
 .comment       0x0000000000000000       0x12 core/main.32
 .comment       0x0000000000000000       0x12 core/physmgr.32
 .group         0x0000000000000000        0xc core/pipe.32
 .comment       0x0000000000000000       0x12 core/pipe.32
 .group         0x0000000000000000        0xc core/terminal.32
 .comment       0x0000000000000000       0x12 core/terminal.32
 .comment       0x0000000000000000       0x12 core/tss.32
 .group         0x0000000000000000        0x8 core/unixfile.32
 .group         0x0000000000000000        0x8 core/unixfile.32
 .group         0x0000000000000000        0xc core/unixfile.32
 .group         0x0000000000000000        0x8 core/unixfile.32
 .group         0x0000000000000000        0xc core/unixfile.32
 .group         0x0000000000000000        0x8 core/unixfile.32
 .group         0x0000000000000000        0xc core/unixfile.32
 .group         0x0000000000000000        0xc core/unixfile.32
 .comment       0x0000000000000000       0x12 core/unixfile.32
 .comment       0x0000000000000000       0x12 core/virtmgr.32
 .comment       0x0000000000000000       0x12 coreobjs/c++.32
 .comment       0x0000000000000000       0x12 dbg/kconsole.32
 .group         0x0000000000000000        0xc fs/vfs.32
 .group         0x0000000000000000        0xc fs/vfs.32
 .group         0x0000000000000000        0xc fs/vfs.32
 .comment       0x0000000000000000       0x12 fs/vfs.32
 .group         0x0000000000000000        0xc hal/bus.32
 .comment       0x0000000000000000       0x12 hal/bus.32
 .group         0x0000000000000000        0xc hal/buzzer.32
 .comment       0x0000000000000000       0x12 hal/buzzer.32
 .group         0x0000000000000000        0xc hal/clock.32
 .comment       0x0000000000000000       0x12 hal/clock.32
 .group         0x0000000000000000       0x14 hal/device.32
 .group         0x0000000000000000        0xc hal/device.32
 .group         0x0000000000000000        0x8 hal/device.32
 .group         0x0000000000000000        0xc hal/device.32
[...]
Memory Configuration

Name             Origin             Length             Attributes
*default*        0x0000000000000000 0xffffffffffffffff

Linker script and memory map

LOAD D:/Users/Alex/Desktop/Banana/kernel/boot.32
LOAD crti.32
LOAD /cygdrive/d/Users/Alex/Desktop/Toolchain/Output/bin/../lib/gcc/i386-banana/8.1.0/crtbegin.o
LOAD D:/Users/Alex/Desktop/Banana/kernel/morenasm.32
LOAD acpica/utclib.32
LOAD core/malloc.32
LOAD libk/string.32
LOAD fs/fat/diskio.32
LOAD fs/fat/ff.32
LOAD fs/fat/ffsystem.32
LOAD fs/fat/ffunicode.32
LOAD hal/libresample/samplerate.32
LOAD hal/libresample/src_linear.32
LOAD hal/libresample/src_sinc.32
LOAD hal/libresample/src_zoh.32
LOAD compat/inlines.32
LOAD compat/resolve.32
LOAD core/computer.32
LOAD core/gdt.32
LOAD core/idle.32
LOAD core/idt.32
LOAD core/kheap.32
LOAD core/main.32
LOAD core/physmgr.32
LOAD core/pipe.32
LOAD core/terminal.32
LOAD core/tss.32
LOAD core/unixfile.32
LOAD core/virtmgr.32
LOAD coreobjs/c++.32
LOAD dbg/kconsole.32
LOAD fs/vfs.32
LOAD hal/bus.32
LOAD hal/buzzer.32
LOAD hal/clock.32
LOAD hal/device.32
LOAD hal/diskctrl.32
LOAD hal/diskphys.32
LOAD hal/fpu.32
LOAD hal/intctrl.32
LOAD hal/keybrd.32
LOAD hal/logidisk.32
LOAD hal/mouse.32
LOAD hal/partition.32
LOAD hal/serial.32
LOAD hal/timer.32
LOAD hal/vcache.32
LOAD hal/video.32
LOAD hw/acpi.32
LOAD hw/cpu.32
LOAD hw/ports.32
LOAD hw/smp.32
LOAD krnl/env.32
LOAD krnl/panic.32
LOAD net/ethernet.32
LOAD reg/registry.32
LOAD sys/sc_eject.32
LOAD sys/sc_exit.32
LOAD sys/sc_getcwd.32
LOAD sys/sc_getpid.32
LOAD sys/sc_getramdata.32
LOAD sys/sc_getvgaptr.32
LOAD sys/sc_loaddll.32
LOAD sys/sc_read.32
LOAD sys/sc_sbrk.32
LOAD sys/sc_setcwd.32
LOAD sys/sc_settime.32
LOAD sys/sc_timezone.32
LOAD sys/sc_write.32
LOAD sys/sc_wsbe.32
LOAD sys/sc_yield.32
LOAD sys/syscalls.32
LOAD thr/elf.32
LOAD thr/prcssthr.32
LOAD vm86/vm8086.32
LOAD vm86/x87em.32
LOAD fs/fat/vfslink.32
LOAD fs/iso9660/vfslink.32
LOAD hal/sound/sndchannel.32
LOAD hal/sound/sndhw.32
LOAD hw/bus/isa.32
LOAD hw/bus/pci.32
LOAD hw/diskctrl/ide.32
LOAD hw/diskctrl/satabus.32
LOAD hw/diskphys/ata.32
LOAD hw/diskphys/atapi.32
LOAD hw/diskphys/sata.32
LOAD hw/diskphys/satapi.32
LOAD hw/fpu/avx.32
LOAD hw/fpu/mmx.32
LOAD hw/fpu/sse.32
LOAD hw/fpu/x87.32
LOAD hw/intctrl/apic.32
LOAD hw/intctrl/pic.32
LOAD hw/timer/apictimer.32
LOAD hw/timer/pit.32
LOAD hw/fpu/x86/avx.32
LOAD hw/fpu/x86/sse.32
LOAD hw/fpu/x86/x87.32
LOAD /cygdrive/d/Users/Alex/Desktop/Toolchain/Output/bin/../lib/gcc/i386-banana/8.1.0/crtend.o
LOAD crtn.32
LOAD /cygdrive/d/Users/Alex/Desktop/Toolchain/Output/bin/../lib/gcc/i386-banana/8.1.0/libkgcc.a
LOAD D:/Users/Alex/Desktop/Banana/kernel/libsoftfp.a
LOAD D:/Users/Alex/Desktop/Banana/kernel/libk/libm32.a
                0x00000000c0000000                . = 0xc0000000

.text           0x00000000c0000000    0x281d8
 *(.text)
 .text          0x00000000c0000000       0x41 D:/Users/Alex/Desktop/Banana/kernel/boot.32
                0x00000000c0000020                callGlobalConstructors
 .text          0x00000000c0000041        0x0 crti.32
 *fill*         0x00000000c0000041        0x3 
 .text          0x00000000c0000044      0x101 /cygdrive/d/Users/Alex/Desktop/Toolchain/Output/bin/../lib/gcc/i386-banana/8.1.0/crtbegin.o
 *fill*         0x00000000c0000145        0xb 
 .text          0x00000000c0000150      0x4fb D:/Users/Alex/Desktop/Banana/kernel/morenasm.32
                0x00000000c0000150                manualPCIProbe
                0x00000000c000019b                prepareTramp
                0x00000000c00001b4                voodooXADD
                0x00000000c000027f                doTPAUSE
                0x00000000c0000289                hasLegacyFPU
                0x00000000c00002ae                is486
                0x00000000c00002e4                detectCPUID
                0x00000000c00002fa                goToVM86
                0x00000000c000032a                goToUsermode
                0x00000000c0000354                switchToThreadASMFirstTime
                0x00000000c0000362                switchToThreadASM
                0x00000000c00003f2                asmQuickAcquireLock
                0x00000000c0000410                asmQuickReleaseLock
                0x00000000c000041c                asmAcquireLock
                0x00000000c000043d                asmReleaseLock
                0x00000000c0000450                loadGDT
                0x00000000c0000470                isr0
                0x00000000c0000480                isr1
                0x00000000c000048a                isr2
                0x00000000c0000494                isr3
                0x00000000c000049e                isr4
                0x00000000c00004a8                isr5
                0x00000000c00004b2                isr6
                0x00000000c00004bc                isr7
                0x00000000c00004c6                isr8
                0x00000000c00004ce                isr9
                0x00000000c00004d8                isr10
                0x00000000c00004e0                isr11
                0x00000000c00004e8                isr12
                0x00000000c00004f0                isr13
                0x00000000c00004f8                isr14
                0x00000000c0000500                isr15
                0x00000000c000050a                isr16
                0x00000000c0000514                isr17
                0x00000000c000051e                isr18
                0x00000000c0000528                irq3
                0x00000000c0000532                irq4
                0x00000000c000053c                irq5
                0x00000000c0000546                irq6
                0x00000000c0000550                irq7
                0x00000000c000055a                irq8
                0x00000000c0000564                irq9
                0x00000000c000056e                irq10
                0x00000000c0000578                irq11
                0x00000000c0000582                irq12
                0x00000000c000058c                irq13
                0x00000000c0000596                irq14
                0x00000000c00005a0                irq15
                0x00000000c00005aa                irq1
                0x00000000c00005b1                irq2
                0x00000000c00005b8                isr96
                0x00000000c00005bf                irq0
                0x00000000c00005c4                syscall_common_stub
                0x00000000c00005c4                int_common_stub
                0x00000000c00005f6                irq16
                0x00000000c0000600                irq17
                0x00000000c000060a                irq18
                0x00000000c0000614                irq19
                0x00000000c000061e                irq20
                0x00000000c0000628                irq21
                0x00000000c0000632                irq22
                0x00000000c000063c                irq23
                0x00000000c0000646                memcpy
 *fill*         0x00000000c000064b        0x1 
 .text          0x00000000c000064c      0x5dd acpica/utclib.32
                0x00000000c000064c                memcmp
                0x00000000c0000688                memmove
                0x00000000c0000750                memset
                0x00000000c000076c                strlen
                0x00000000c0000784                strpbrk
                0x00000000c00007c0                strtok
                0x00000000c000080c                strcpy
                0x00000000c0000830                strncpy
                0x00000000c0000898                strcmp
                0x00000000c00008d8                strchr
                0x00000000c00008fc                strncmp
                0x00000000c000094c                strcat
                0x00000000c000097c                strncat
                0x00000000c00009b8                strstr
                0x00000000c0000a00                toupper
                0x00000000c0000a14                tolower
                0x00000000c0000a28                simple_strtoul
 .text          0x00000000c0000c29      0xfad core/malloc.32
                0x00000000c0000d94                dlfree
                0x00000000c00010ef                dlmalloc
                0x00000000c000162c                dlrealloc
                0x00000000c00017cf                dlmemalign
                0x00000000c00018f2                dlcalloc
                0x00000000c000198c                dlcfree
                0x00000000c0001991                dlindependent_calloc
                0x00000000c00019b6                dlindependent_comalloc
                0x00000000c00019cd                dlvalloc
                0x00000000c00019f8                dlpvalloc
                0x00000000c0001a2e                dlmalloc_trim
                0x00000000c0001a3b                dlmalloc_usable_size
                0x00000000c0001a6c                dlmallinfo
                0x00000000c0001b3b                dlmalloc_stats
                0x00000000c0001b4c                dlmallopt
 .text          0x00000000c0001bd6        0x0 libk/string.32
 .text          0x00000000c0001bd6       0x51 fs/fat/diskio.32
                0x00000000c0001bd6                disk_status
                0x00000000c0001bd9                disk_initialize
                0x00000000c0001bdc                disk_read
                0x00000000c0001bf2                disk_write
                0x00000000c0001c08                disk_ioctl
 .text          0x00000000c0001c27     0x6833 fs/fat/ff.32
                0x00000000c0004ef5                f_mount
                0x00000000c0004f57                f_open
                0x00000000c0005393                f_read
                0x00000000c0005613                f_write
                0x00000000c00058cd                f_sync
                0x00000000c0005aa9                f_close
                0x00000000c0005ad8                f_lseek
                0x00000000c0005f8f                f_opendir
                0x00000000c0006091                f_closedir
                0x00000000c00060b3                f_readdir
                0x00000000c000614e                f_stat
                0x00000000c00061dd                f_getfree
                0x00000000c00063a8                f_truncate
                0x00000000c00064a0                f_unlink
                0x00000000c0006623                f_mkdir
                0x00000000c000684f                f_rename
                0x00000000c0006b42                f_chmod
                0x00000000c0006c20                f_utime
                0x00000000c0006cfe                f_getlabel
                0x00000000c0006eec                f_setlabel
                0x00000000c0007159                f_forward
                0x00000000c0007337                f_mkfs
 .text          0x00000000c000845a       0x2d fs/fat/ffsystem.32
                0x00000000c000845a                ff_memalloc
                0x00000000c0008470                ff_memfree
 .text          0x00000000c0008487      0x253 fs/fat/ffunicode.32
                0x00000000c0008487                ff_uni2oem
                0x00000000c0008517                ff_oem2uni
                0x00000000c0008583                ff_wtoupper
 .text          0x00000000c00086da      0x8fb hal/libresample/samplerate.32
                0x00000000c000871e                src_delete
                0x00000000c000875a                src_process
                0x00000000c0008910                src_callback_read
                0x00000000c0008a8d                src_set_ratio
                0x00000000c0008af7                src_get_channels
                0x00000000c0008b19                src_reset
                0x00000000c0008b65                src_new
                0x00000000c0008bf3                src_callback_new
                0x00000000c0008c55                src_get_name
                0x00000000c0008c8c                src_get_description
                0x00000000c0008cc3                src_get_version
                0x00000000c0008cc9                src_is_valid_ratio
                0x00000000c0008d1d                src_error
                0x00000000c0008d2b                src_strerror
                0x00000000c0008d3e                src_simple
                0x00000000c0008d91                src_short_to_float_array
                0x00000000c0008df6                src_float_to_short_array
                0x00000000c0008eb5                src_int_to_float_array
                0x00000000c0008f18                src_float_to_int_array
 .text          0x00000000c0008fd5      0x8cb hal/libresample/src_linear.32
                0x00000000c00097fb                linear_get_name
                0x00000000c000980a                linear_get_description
                0x00000000c0009819                linear_set_converter
 .text          0x00000000c00098a0     0x447c hal/libresample/src_sinc.32
                0x00000000c000dc33                sinc_get_name
                0x00000000c000dc46                sinc_get_description
                0x00000000c000dc59                sinc_set_converter
 .text          0x00000000c000dd1c      0x77c hal/libresample/src_zoh.32
                0x00000000c000e3f3                zoh_get_name
                0x00000000c000e402                zoh_get_description
                0x00000000c000e411                zoh_set_converter
 .text          0x00000000c000e498       0xa7 compat/inlines.32
                0x00000000c000e498                CPU::current()
                0x00000000c000e4a4                operator new(unsigned long)
                0x00000000c000e4a9                operator delete(void*)
                0x00000000c000e4ae                disableIRQs()
                0x00000000c000e4b6                enableIRQs()
                0x00000000c000e4c5                lockScheduler()
                0x00000000c000e4cd                unlockScheduler()
                0x00000000c000e4dc                lockStuff()
                0x00000000c000e4ea                unlockStuff()
                0x00000000c000e524                Virt::getAKernelVAS()
                0x00000000c000e52a                __not_memcpy
 .text          0x00000000c000e53f      0x111 compat/resolve.32
                0x00000000c000e53f                Krnl::resolveCompatibilitySymbol(char*)
 .text          0x00000000c000e650      0x741 core/computer.32
                0x00000000c000e650                Computer::close(int, int, void*)
                0x00000000c000e694                Krnl::firstTask()
                0x00000000c000e7d6                Computer::Computer()
                0x00000000c000e7d6                Computer::Computer()
                0x00000000c000e932                Computer::setBootMessage(char const*)
                0x00000000c000e934                Computer::detectFeatures()
                0x00000000c000eb3e                Computer::displayFeatures()
                0x00000000c000eb40                Computer::rdmsr(unsigned int)
                0x00000000c000eb6c                Computer::wrmsr(unsigned int, unsigned long long)
                0x00000000c000eba4                Computer::nmiEnabled()
                0x00000000c000ebb0                Computer::readCMOS(unsigned char)
                0x00000000c000ebca                Computer::enableNMI(bool)
                0x00000000c000ebe2                Computer::open(int, int, void*)
                0x00000000c000ecd4                Computer::disableNMI()
                0x00000000c000ece2                Computer::writeCMOS(unsigned char, unsigned char)
                0x00000000c000ed00                Computer::handleNMI()
                0x00000000c000ed66                Computer::setDiskActivityLight(int, bool)
 *fill*         0x00000000c000ed91        0x1 
 .text          0x00000000c000ed92      0x19d core/gdt.32
                0x00000000c000ed92                GDTEntry::setBase(unsigned int)
                0x00000000c000edae                GDTEntry::setLimit(unsigned int)
                0x00000000c000edcc                GDT::GDT()
                0x00000000c000edcc                GDT::GDT()
                0x00000000c000ede2                GDT::addEntry(GDTEntry)
                0x00000000c000ee04                GDT::getNumberOfEntries()
                0x00000000c000ee0c                GDT::flush()
                0x00000000c000ee2e                GDT::setup()
 .text          0x00000000c000ef2f       0x6b core/idle.32
                0x00000000c000ef2f                idleFunction(void*)
 .text          0x00000000c000ef9a      0x45e core/idt.32
                0x00000000c000ef9a                IDTEntry::IDTEntry(bool)
                0x00000000c000ef9a                IDTEntry::IDTEntry(bool)
                0x00000000c000f008                IDTEntry::setOffset(unsigned int)
                0x00000000c000f01c                IDT::IDT()
                0x00000000c000f01c                IDT::IDT()
                0x00000000c000f01e                IDT::getPointerToInvalidOpcodeEntryForF00F()
                0x00000000c000f026                IDT::addEntry(IDTEntry, int)
                0x00000000c000f040                IDT::addEntry(int, void (*)(), bool)
                0x00000000c000f078                IDT::flush()
                0x00000000c000f092                IDT::setup()
 .text          0x00000000c000f3f8      0x1fe core/kheap.32
                0x00000000c000f3f8                sbrk
                0x00000000c000f505                mmap
                0x00000000c000f51b                munmap
                0x00000000c000f531                liballoc_lock()
                0x00000000c000f53e                liballoc_unlock()
                0x00000000c000f552                liballoc_alloc(int)
                0x00000000c000f56d                liballoc_free(void*, int)
                0x00000000c000f588                realloc
                0x00000000c000f59c                malloc
                0x00000000c000f5ac                free
                0x00000000c000f5bc                rfree
                0x00000000c000f5cc                calloc
 .text          0x00000000c000f5f6      0x1b6 core/main.32
                0x00000000c000f5f6                Krnl::setBootMessage(char const*)
                0x00000000c000f662                kernel_main
 .text          0x00000000c000f7ac      0x535 core/physmgr.32
                0x00000000c000f7ac                Phys::allocateDMA(unsigned long)
                0x00000000c000f84f                Phys::freeDMA(unsigned long, unsigned long)
                0x00000000c000f897                Phys::setPageState(unsigned long, bool)
                0x00000000c000f8c9                Phys::getPageState(unsigned long)
                0x00000000c000f8e5                Phys::freePage(unsigned long)
                0x00000000c000f940                Phys::allocatePage()
                0x00000000c000f9e9                Phys::allocateContiguousPages(int)
                0x00000000c000fa45                Phys::allowSegmentToBeUsed(unsigned long, unsigned long)
                0x00000000c000fa7d                Phys::physicalMemorySetup(unsigned int)
 *fill*         0x00000000c000fce1        0x1 
 .text          0x00000000c000fce2      0x273 core/pipe.32
                0x00000000c000fce2                Pipe::isAtty()
                0x00000000c000fce6                Pipe::~Pipe()
                0x00000000c000fce6                Pipe::~Pipe()
                0x00000000c000fd0a                Pipe::~Pipe()
                0x00000000c000fd32                Pipe::read(unsigned long long, void*, int*)
                0x00000000c000fe2e                Pipe::write(unsigned long long, void*, int*)
                0x00000000c000feee                Pipe::Pipe(int)
                0x00000000c000feee                Pipe::Pipe(int)
 *fill*         0x00000000c000ff55        0x1 
 .text          0x00000000c000ff56      0xb91 core/terminal.32
                0x00000000c000ff56                VgaText::isAtty()
                0x00000000c000ff5a                VgaText::~VgaText()
                0x00000000c000ff5a                VgaText::~VgaText()
                0x00000000c000ff7e                VgaText::~VgaText()
                0x00000000c000ffa8                VgaText::read(unsigned long long, void*, int*)
                0x00000000c000ffc8                setTerminalScrollLock(bool)
                0x00000000c000ffc9                addToTerminalCycle(VgaText*)
                0x00000000c000ffea                installVgaTextImplementation()
                0x00000000c000ffff                scrollTerminalScrollLock(int)
                0x00000000c0010000                VgaText::updateTitle()
                0x00000000c001003e                VgaText::load()
                0x00000000c001008c                VgaText::updateCursor()
                0x00000000c00100a2                VgaText::doANSI_SGR(int)
                0x00000000c0010116                VgaText::setDefaultBgColour(VgaColour)
                0x00000000c0010126                VgaText::setDefaultFgColour(VgaColour)
                0x00000000c0010136                VgaText::setDefaultColours(VgaColour, VgaColour)
                0x00000000c0010156                VgaText::setTitleTextColour(VgaColour)
                0x00000000c0010166                VgaText::setTitleColour(VgaColour)
                0x00000000c0010176                VgaText::setTitle(char*)
                0x00000000c001019c                VgaText::combineColours(unsigned char, unsigned char)
                0x00000000c00101ae                VgaText::scrollScreen()
                0x00000000c0010242                VgaText::combineCharAndColour(char, unsigned char)
                0x00000000c0010254                VgaText::writeCharacter(char, VgaColour, VgaColour, int, int)
                0x00000000c00102b0                VgaText::getCursorX()
                0x00000000c00102b8                VgaText::getCursorY()
                0x00000000c00102c0                VgaText::setCursor(int, int)
                0x00000000c00102d7                setActiveTerminal(VgaText*)
                0x00000000c0010339                doTerminalCycle()
                0x00000000c0010354                VgaText::setCursorX(int)
                0x00000000c001036c                VgaText::setCursorY(int)
                0x00000000c0010384                VgaText::incrementCursor(bool)
                0x00000000c00103d8                VgaText::decrementCursor(bool)
                0x00000000c00103fa                VgaText::putchar(char, VgaColour, VgaColour)
                0x00000000c00104d2                VgaText::doUpdate()
                0x00000000c00104e0                VgaText::puts(char const*, VgaColour, VgaColour)
                0x00000000c0010658                VgaText::clearScreen()
                0x00000000c00106b2                VgaText::putchar(char)
                0x00000000c001079e                VgaText::putx(unsigned int)
                0x00000000c00107e4                VgaText::puts(char const*)
                0x00000000c001080a                VgaText::VgaText(char const*)
                0x00000000c001080a                VgaText::VgaText(char const*)
                0x00000000c0010986                VgaText::receiveKey(unsigned char)
                0x00000000c0010a6e                VgaText::write(unsigned long long, void*, int*)
                0x00000000c0010ac2                newTerminal(char*)
 *fill*         0x00000000c0010ae7        0x1 
 .text          0x00000000c0010ae8      0x19d core/tss.32
                0x00000000c0010ae8                TSS::TSS()
                0x00000000c0010ae8                TSS::TSS()
                0x00000000c0010af6                TSS::setESP(unsigned long)
                0x00000000c0010b08                TSS::flush()
                0x00000000c0010b28                TSS::setup(unsigned long, unsigned long)
 *fill*         0x00000000c0010c85        0x1 
 .text          0x00000000c0010c86      0x4c2 core/unixfile.32
                0x00000000c0010c86                ReservedFilename::read(unsigned long long, void*, int*)
                0x00000000c0010cdc                ReservedFilename::isAtty()
                0x00000000c0010cf8                ReservedFilename::write(unsigned long long, void*, int*)
                0x00000000c0010d56                UnixFile::getFileDescriptor()
                0x00000000c0010d5e                UnixFile::UnixFile(int)
                0x00000000c0010d5e                UnixFile::UnixFile(int)
                0x00000000c0010f0e                ReservedFilename::ReservedFilename(int)
                0x00000000c0010f0e                ReservedFilename::ReservedFilename(int)
                0x00000000c0010f40                UnixFile::~UnixFile()
                0x00000000c0010f40                UnixFile::~UnixFile()
                0x00000000c0010fd8                UnixFile::~UnixFile()
                0x00000000c0011000                ReservedFilename::~ReservedFilename()
                0x00000000c0011000                ReservedFilename::~ReservedFilename()
                0x00000000c0011024                ReservedFilename::~ReservedFilename()
                0x00000000c001104b                getFromFileDescriptor(int)
 .text          0x00000000c0011148     0x127f core/virtmgr.32
                0x00000000c0011148                Virt::setPageState(unsigned long, Virt::VirtPageState)
                0x00000000c001117d                Virt::getPageState(unsigned long)
                0x00000000c00111a1                Virt::allocateKernelVirtualPages(int)
                0x00000000c00112b2                Virt::freeSwapfilePage(unsigned long)
                0x00000000c00112d0                Virt::swapIDToSector(unsigned long)
                0x00000000c00112e2                Virt::allocateSwapfilePage()
                0x00000000c0011360                Virt::virtualMemorySetup()
                0x00000000c00113ab                Virt::setupPageSwapping(int)
                0x00000000c0011532                VAS::VAS()
                0x00000000c0011532                VAS::VAS()
                0x00000000c001156e                VAS::VAS(VAS*)
                0x00000000c001156e                VAS::VAS(VAS*)
                0x00000000c001159c                VAS::getForeignPageTableEntry(bool, unsigned long)
                0x00000000c00115c8                VAS::getPageTableEntry(unsigned long)
                0x00000000c00115e7                Virt::freeKernelVirtualPages(unsigned long)
                0x00000000c001170a                VAS::freeAllocatedPages(unsigned long)
                0x00000000c001172e                VAS::virtualToPhysical(unsigned long)
                0x00000000c0011746                VAS::reflagRange(unsigned long, int, int, int)
                0x00000000c0011786                VAS::setToWriteCombining(unsigned long, int)
                0x00000000c00117b8                VAS::mapOtherVASIn(bool, VAS*)
                0x00000000c00117e2                VAS::~VAS()
                0x00000000c00117e2                VAS::~VAS()
                0x00000000c001195e                VAS::mapPage(unsigned long, unsigned long, int)
                0x00000000c0011a60                VAS::allocatePages(int, int)
                0x00000000c0011c38                VAS::setCPUSpecific(unsigned long)
                0x00000000c0011c54                VAS::mapRange(unsigned long, unsigned long, int, int)
                0x00000000c0011d1a                VAS::mapForeignPage(bool, VAS*, unsigned long, unsigned long, int)
                0x00000000c0011e08                VAS::VAS(bool)
                0x00000000c0011e08                VAS::VAS(bool)
                0x00000000c0012088                VAS::evict(unsigned long)
                0x00000000c001214a                VAS::tryLoadBackOffDisk(unsigned long)
                0x00000000c001225a                VAS::scanForEviction()
                0x00000000c001230b                mapVASFirstTime
 .text          0x00000000c00123c7       0x95 coreobjs/c++.32
                0x00000000c00123c7                __cxa_atexit
                0x00000000c00123ca                __cxa_finalize
                0x00000000c00123cb                __stack_chk_fail
                0x00000000c0012437                __cxa_pure_virtual
                0x00000000c0012448                operator new[](unsigned long)
                0x00000000c001244d                operator delete(void*, unsigned long)
                0x00000000c0012452                operator delete[](void*)
                0x00000000c0012457                operator delete[](void*, unsigned long)
 .text          0x00000000c001245c      0x1e7 dbg/kconsole.32
                0x00000000c001245c                Dbg::stringifyxWithBase(unsigned int, char*, int)
                0x00000000c00124b5                Dbg::logc(char)
                0x00000000c00124cc                Dbg::logs(char*)
                0x00000000c00124e9                Dbg::logWriteInt(unsigned int)
                0x00000000c0012506                Dbg::logWriteIntBase(unsigned int, int)
                0x00000000c0012525                Dbg::kprintf(char const*, ...)
 *fill*         0x00000000c0012643        0x1 
 .text          0x00000000c0012644      0xb82 fs/vfs.32
                0x00000000c0012644                File::read(unsigned long long, void*, int*)
                0x00000000c001269c                File::write(unsigned long long, void*, int*)
                0x00000000c00126f4                Directory::read(unsigned long long, void*, int*)
                0x00000000c001274c                Directory::write(unsigned long long, void*, int*)
                0x00000000c001277a                File::isAtty()
                0x00000000c001277e                Directory::isAtty()
                0x00000000c0012782                Filesystem::getlabel(LogicalDisk*, int, char*, unsigned int*)
                0x00000000c0012788                Filesystem::setlabel(LogicalDisk*, int, char*)
                0x00000000c001278e                Filesystem::getFileFirstSector(char const*)
                0x00000000c0012794                File::~File()
                0x00000000c0012794                File::~File()
                0x00000000c00127b8                File::~File()
                0x00000000c00127e2                Directory::~Directory()
                0x00000000c00127e2                Directory::~Directory()
                0x00000000c0012806                Directory::~Directory()
                0x00000000c0012830                Filesystem::Filesystem()
                0x00000000c0012830                Filesystem::Filesystem()
                0x00000000c0012854                Filesystem::~Filesystem()
                0x00000000c0012854                Filesystem::~Filesystem()
                0x00000000c0012862                Filesystem::~Filesystem()
                0x00000000c0012886                Fs::getcwd(Process*, char*, int)
                0x00000000c00128b0                Fs::initVFS()
                0x00000000c00128da                Fs::standardiseFiles(char*, char const*, char const*)
                0x00000000c0012a84                File::File(char const*, Process*)
                0x00000000c0012a84                File::File(char const*, Process*)
                0x00000000c0012ae8                File::open(FileOpenMode)
                0x00000000c0012b46                File::close()
                0x00000000c0012ba6                File::seek(unsigned long long)
                0x00000000c0012bfc                File::tell(unsigned long long*)
                0x00000000c0012c4c                File::rewind()
                0x00000000c0012c60                File::unlink()
                0x00000000c0012cac                File::rename(char const*)
                0x00000000c0012cfa                File::chfatattr(unsigned char, unsigned char)
                0x00000000c0012d56                File::exists()
                0x00000000c0012d94                File::stat(unsigned long long*, bool*)
                0x00000000c0012df5                Fs::setcwd(Process*, char*)
                0x00000000c0012f30                Directory::Directory(char const*, Process*)
                0x00000000c0012f30                Directory::Directory(char const*, Process*)
                0x00000000c0012f94                Directory::open()
                0x00000000c0012ff0                Directory::close()
                0x00000000c0013050                Directory::unlink()
                0x00000000c001309c                Directory::rename(char const*)
                0x00000000c00130ea                Directory::exists()
                0x00000000c0013128                Directory::read(dirent*)
                0x00000000c0013174                Directory::create()
                0x00000000c00131c0                Filesystem::chfatattr(char const*, unsigned char, unsigned char)
 .text          0x00000000c00131c6       0x84 hal/bus.32
                0x00000000c00131c6                Bus::Bus(char const*)
                0x00000000c00131c6                Bus::Bus(char const*)
                0x00000000c00131fc                Bus::~Bus()
                0x00000000c00131fc                Bus::~Bus()
                0x00000000c0013220                Bus::~Bus()
 .text          0x00000000c001324a      0x156 hal/buzzer.32
                0x00000000c001324a                Buzzer::Buzzer(char const*)
                0x00000000c001324a                Buzzer::Buzzer(char const*)
                0x00000000c001328e                Buzzer::~Buzzer()
                0x00000000c001328e                Buzzer::~Buzzer()
                0x00000000c00132b2                Buzzer::~Buzzer()
                0x00000000c00132dc                Buzzer::stop()
                0x00000000c00132ef                beepThread(void*)
                0x00000000c0013332                Buzzer::beep(int, int, bool)
 .text          0x00000000c00133a0      0x467 hal/clock.32
                0x00000000c00133a0                User::loadClockSettings(int)
                0x00000000c00133f2                Clock::Clock(char const*)
                0x00000000c00133f2                Clock::Clock(char const*)
                0x00000000c0013428                Clock::~Clock()
                0x00000000c0013428                Clock::~Clock()
                0x00000000c001344c                Clock::~Clock()
                0x00000000c0013476                Clock::timeInSecondsLocal()
                0x00000000c00134be                Clock::setTimeInSecondsLocal(unsigned long long)
                0x00000000c0013517                datetimeToSeconds(datetime_t)
                0x00000000c001363e                Clock::setTimeInDatetimeLocal(datetime_t)
                0x00000000c001369e                secondsToDatetime(unsigned long long)
                0x00000000c00137e2                Clock::timeInDatetimeLocal()
 *fill*         0x00000000c0013807        0x1 
 .text          0x00000000c0013808      0x504 hal/device.32
                0x00000000c0013808                Device::hibernate()
                0x00000000c001380a                Device::wake()
                0x00000000c001380c                Device::detect()
                0x00000000c001380e                Device::disableLegacy()
                0x00000000c0013810                Device::powerSaving(PowerSavingLevel)
                0x00000000c0013812                DriverlessDevice::close(int, int, void*)
                0x00000000c0013816                DriverlessDevice::detect()
                0x00000000c0013818                DriverlessDevice::open(int, int, void*)
                0x00000000c001382c                Device::~Device()
                0x00000000c001382c                Device::~Device()
                0x00000000c001383a                Device::~Device()
                0x00000000c0013862                Device::findAndLoadDriver()
                0x00000000c0013870                Device::preOpenPCI(PCIDeviceInfo)
                0x00000000c0013896                Device::preOpenACPI(void*, char*, char*)
                0x00000000c00138d6                Device::addIRQHandler(int, void (*)(regs*, void*), bool, void*)
                0x00000000c0013914                Device::getParent()
                0x00000000c0013920                Device::removeIRQHandler(int, void (*)(regs*, void*), bool)
                0x00000000c001395e                Device::addChild(Device*)
                0x00000000c00139a2                Device::removeAllChildren()
                0x00000000c00139e8                Device::hibernateAll()
                0x00000000c0013a18                Device::wakeAll()
                0x00000000c0013a48                Device::detectAll()
                0x00000000c0013a78                Device::disableLegacyAll()
                0x00000000c0013aa8                Device::loadDriversForAll()
                0x00000000c0013ae8                Device::closeAll()
                0x00000000c0013b1e                Device::powerSavingAll(PowerSavingLevel)
                0x00000000c0013b54                Device::setName(char const*)
                0x00000000c0013b62                Device::Device(char const*)
                0x00000000c0013b62                Device::Device(char const*)
                0x00000000c0013c5e                Device::getName()
                0x00000000c0013c68                DriverlessDevice::DriverlessDevice(char const*)
                0x00000000c0013c68                DriverlessDevice::DriverlessDevice(char const*)
                0x00000000c0013c9e                Device::addToLinkedList(LinkedList<Device>&, DeviceType)
                0x00000000c0013ce2                getDevicesOfType(DeviceType)
 .text          0x00000000c0013d0c       0x84 hal/diskctrl.32
                0x00000000c0013d0c                HardDiskController::HardDiskController(char const*)
                0x00000000c0013d0c                HardDiskController::HardDiskController(char const*)
                0x00000000c0013d42                HardDiskController::~HardDiskController()
                0x00000000c0013d42                HardDiskController::~HardDiskController()
                0x00000000c0013d66                HardDiskController::~HardDiskController()
 .text          0x00000000c0013d90       0xe2 hal/diskphys.32
                0x00000000c0013d90                PhysicalDisk::eject()
                0x00000000c0013d94                PhysicalDisk::PhysicalDisk(char const*, int)
                0x00000000c0013d94                PhysicalDisk::PhysicalDisk(char const*, int)
                0x00000000c0013dfc                PhysicalDisk::startCache()
                0x00000000c0013e24                PhysicalDisk::~PhysicalDisk()
                0x00000000c0013e24                PhysicalDisk::~PhysicalDisk()
                0x00000000c0013e48                PhysicalDisk::~PhysicalDisk()
 .text          0x00000000c0013e72      0x13b hal/fpu.32
                0x00000000c0013e72                FPU::FPU(char const*)
                0x00000000c0013e72                FPU::FPU(char const*)
                0x00000000c0013ea8                FPU::~FPU()
                0x00000000c0013ea8                FPU::~FPU()
                0x00000000c0013ecc                FPU::~FPU()
                0x00000000c0013ef6                setupFPU()
 *fill*         0x00000000c0013fad        0x1 
 .text          0x00000000c0013fae     0x1403 hal/intctrl.32
                0x00000000c0013fae                InterruptController::uninstallISRHandler(int, void (*)(regs*, void*))
                0x00000000c0013fe6                InterruptController::installISRHandler(int, void (*)(regs*, void*), void*)
                0x00000000c0014038                doubleFault(regs*, void*)
                0x00000000c0014052                InterruptController::installIRQHandler(int, void (*)(regs*, void*), bool, void*)
                0x00000000c00140ee                InterruptController::clearAllHandlers(int, bool)
                0x00000000c0014196                InterruptController::uninstallIRQHandler(int, void (*)(regs*, void*), bool)
                0x00000000c001421d                nmiHandler(regs*, void*)
                0x00000000c001422b                int_handler
                0x00000000c00142cc                InterruptController::InterruptController(char const*)
                0x00000000c00142cc                InterruptController::InterruptController(char const*)
                0x00000000c0014372                InterruptController::~InterruptController()
                0x00000000c0014372                InterruptController::~InterruptController()
                0x00000000c0014396                InterruptController::~InterruptController()
                0x00000000c00143c0                displayDebugInfo(regs*)
                0x00000000c001484f                x87EmulHandler(regs*, void*)
                0x00000000c00148c2                gpFault(regs*, void*)
                0x00000000c00148fb                pgFault(regs*, void*)
                0x00000000c0014912                otherISRHandler(regs*, void*)
                0x00000000c0014931                opcodeFault(regs*, void*)
                0x00000000c0014f4e                displayProgramFault(char const*)
                0x00000000c0014f76                setupInterruptController()
                0x00000000c0015364                InterruptController::convertLegacyIRQNumber(int)
 *fill*         0x00000000c00153b1        0x1 
 .text          0x00000000c00153b2      0x784 hal/keybrd.32
                0x00000000c00153b2                startGUI(void*)
                0x00000000c001541e                startGUIVESA(void*)
                0x00000000c001548a                sendKeyToTerminal(unsigned char)
                0x00000000c0015548                sendKeyboardToken(KeyboardToken)
                0x00000000c0015985                clearInternalKeybuffer(VgaText*)
                0x00000000c00159ba                readKeyboard(VgaText*, char*, unsigned long)
                0x00000000c0015aac                Keyboard::Keyboard(char const*)
                0x00000000c0015aac                Keyboard::Keyboard(char const*)
                0x00000000c0015ae8                Keyboard::~Keyboard()
                0x00000000c0015ae8                Keyboard::~Keyboard()
                0x00000000c0015b0c                Keyboard::~Keyboard()
 .text          0x00000000c0015b36      0x3ea hal/logidisk.32
                0x00000000c0015b36                LogicalDisk::close(int, int, void*)
                0x00000000c0015b3a                LogicalDisk::~LogicalDisk()
                0x00000000c0015b3a                LogicalDisk::~LogicalDisk()
                0x00000000c0015b5e                LogicalDisk::~LogicalDisk()
                0x00000000c0015b88                LogicalDisk::open(int, int, void*)
                0x00000000c0015b9c                LogicalDisk::absoluteToRelative(unsigned long long)
                0x00000000c0015bd4                LogicalDisk::relativeToAbsolute(unsigned long long)
                0x00000000c0015c1a                LogicalDisk::LogicalDisk(char const*, PhysicalDisk*, unsigned long long, unsigned long long)
                0x00000000c0015c1a                LogicalDisk::LogicalDisk(char const*, PhysicalDisk*, unsigned long long, unsigned long long)
                0x00000000c0015cd0                LogicalDisk::assignDriveLetter()
                0x00000000c0015d86                LogicalDisk::mount()
                0x00000000c0015dce                LogicalDisk::unmount()
                0x00000000c0015dde                LogicalDisk::eject()
                0x00000000c0015df2                LogicalDisk::unassignDriveLetter()
                0x00000000c0015e48                LogicalDisk::read(unsigned long long, int, void*)
                0x00000000c0015eb4                LogicalDisk::write(unsigned long long, int, void*)
 .text          0x00000000c0015f20       0x84 hal/mouse.32
                0x00000000c0015f20                Mouse::Mouse(char const*)
                0x00000000c0015f20                Mouse::Mouse(char const*)
                0x00000000c0015f56                Mouse::~Mouse()
                0x00000000c0015f56                Mouse::~Mouse()
                0x00000000c0015f7a                Mouse::~Mouse()
 .text          0x00000000c0015fa4      0x339 hal/partition.32
                0x00000000c0015fa4                makePartition(PhysicalDisk*, unsigned long long, unsigned long long)
                0x00000000c001604c                createPartitionsForDisk(PhysicalDisk*)
 *fill*         0x00000000c00162dd        0x1 
 .text          0x00000000c00162de       0x84 hal/serial.32
                0x00000000c00162de                Serial::Serial(char const*)
                0x00000000c00162de                Serial::Serial(char const*)
                0x00000000c0016314                Serial::~Serial()
                0x00000000c0016314                Serial::~Serial()
                0x00000000c0016338                Serial::~Serial()
 .text          0x00000000c0016362      0x2f3 hal/timer.32
                0x00000000c0016362                Timer::Timer(char const*)
                0x00000000c0016362                Timer::Timer(char const*)
                0x00000000c0016398                Timer::~Timer()
                0x00000000c0016398                Timer::~Timer()
                0x00000000c00163bc                Timer::~Timer()
                0x00000000c00163e6                Timer::read()
                0x00000000c00163f1                timerHandler(unsigned long long)
                0x00000000c0016563                setupTimer(int)
 *fill*         0x00000000c0016655        0x1 
 .text          0x00000000c0016656      0x409 hal/vcache.32
                0x00000000c0016656                VCache::VCache(PhysicalDisk*)
                0x00000000c0016656                VCache::VCache(PhysicalDisk*)
                0x00000000c00167be                VCache::invalidateReadBuffer()
                0x00000000c00167ce                VCache::writeWriteBuffer()
                0x00000000c001680a                VCache::~VCache()
                0x00000000c001680a                VCache::~VCache()
                0x00000000c001685e                VCache::~VCache()
                0x00000000c0016886                VCache::write(unsigned long long, int, void*)
                0x00000000c0016970                VCache::read(unsigned long long, int, void*)
 *fill*         0x00000000c0016a5f        0x1 
 .text          0x00000000c0016a60      0x4b3 hal/video.32
                0x00000000c0016a60                Video::putrect(int, int, int, int, unsigned int)
                0x00000000c0016aac                Video::bitblit(int, int, int, int, int, int, int, unsigned int*)
                0x00000000c0016b1c                Video::blit(unsigned int*, int, int, int, int)
                0x00000000c0016b9a                Video::clearScreen(unsigned int)
                0x00000000c0016bce                Video::putpixel(int, int, unsigned int)
                0x00000000c0016bdc                Video::Video(char const*)
                0x00000000c0016bdc                Video::Video(char const*)
                0x00000000c0016c12                Video::~Video()
                0x00000000c0016c12                Video::~Video()
                0x00000000c0016c36                Video::~Video()
                0x00000000c0016c60                Video::isMonochrome()
                0x00000000c0016c6c                Video::getWidth()
                0x00000000c0016c78                Video::getHeight()
                0x00000000c0016c84                Video::drawCursor(int, int, unsigned char*, int)
                0x00000000c0016d40                Video::tgaParse(unsigned char*, int, int*, int*)
                0x00000000c0016ea8                Video::putTGA(int, int, unsigned char*, int)
 *fill*         0x00000000c0016f13        0x1 
 .text          0x00000000c0016f14     0x11c9 hw/acpi.32
                0x00000000c0016f14                ACPI::close(int, int, void*)
                0x00000000c0016fb9                findRSDP()
                0x00000000c0017043                loadACPITables(unsigned char*)
                0x00000000c001729a                findRSDT(unsigned char*)
                0x00000000c00173e4                findDataTable(unsigned char*, char*)
                0x00000000c0017456                scanMADT()
                0x00000000c00178c4                ACPI::ACPI()
                0x00000000c00178c4                ACPI::ACPI()
                0x00000000c0017918                ACPI::getPCIIRQAssignment(unsigned char, unsigned short, unsigned char)
                0x00000000c00179fa                ACPI::registerPCIIRQAssignment(void*, unsigned short, unsigned char, unsigned char)
                0x00000000c0017ac0                ACPI::setScreenBrightnessLevel(void*, int)
                0x00000000c0017ac6                ACPI::detectPCI()
                0x00000000c0017cc8                ACPI::writeSimpleBootFlag(SimpleBootFlagTable*)
                0x00000000c0017d10                ACPI::sleep()
                0x00000000c0017d28                ACPI::open(int, int, void*)
 *fill*         0x00000000c00180dd        0x1 
 .text          0x00000000c00180de     0x1495 hw/cpu.32
                0x00000000c00180de                CPU::close(int, int, void*)
                0x00000000c00180e2                CPU::lookupAMDName(unsigned char, unsigned char)
                0x00000000c0018276                CPU::lookupIntelName(unsigned char, unsigned char)
                0x00000000c0018524                CPU::AMD_K6_write_msr(unsigned int, unsigned int, unsigned int, CPU::REGS*)
                0x00000000c0018540                CPU::AMD_K6_read_msr(unsigned int, CPU::REGS*)
                0x00000000c0018558                CPU::AMD_K6_writeback(int, int, int)
                0x00000000c00185cc                CPU::cpuid(int, unsigned long*, unsigned long*, unsigned long*, unsigned long*)
                0x00000000c0018650                CPU::cpuidCheckEDX(unsigned int)
                0x00000000c001867e                CPU::cpuidCheckECX(unsigned int)
                0x00000000c00186ac                CPU::cpuidCheckExtendedEBX(unsigned int)
                0x00000000c00186da                CPU::cpuidCheckExtendedECX(unsigned int)
                0x00000000c0018708                CPU::CPU()
                0x00000000c0018708                CPU::CPU()
                0x00000000c0018796                CPU::displayFeatures()
                0x00000000c0018798                CPU::detectFeatures()
                0x00000000c001918a                CPU::setupSMEP()
                0x00000000c0019196                CPU::setupUMIP()
                0x00000000c00191a0                CPU::setupTSC()
                0x00000000c00191aa                CPU::setupLargePages()
                0x00000000c00191b4                CPU::setupPAT()
                0x00000000c00191f0                CPU::setupMTRR()
                0x00000000c00191f2                CPU::setupGlobalPages()
                0x00000000c00191fc                CPU::allowUsermodeDataAccess()
                0x00000000c001920e                CPU::prohibitUsermodeDataAccess()
                0x00000000c0019220                CPU::setupSMAP()
                0x00000000c001922e                CPU::setupFeatures()
                0x00000000c00192ae                CPU::open(int, int, void*)
                0x00000000c0019378                CPU::decodeAddress(regs*, int*, bool*, unsigned char*)
 .text          0x00000000c0019573        0x0 hw/ports.32
 .text          0x00000000c0019573      0x16a hw/smp.32
                0x00000000c0019573                Krnl::smpEntry()
                0x00000000c0019575                Krnl::startCPU(int)
                0x00000000c00196be                Krnl::startCPUs()
 *fill*         0x00000000c00196dd        0x1 
 .text          0x00000000c00196de      0x581 krnl/env.32
                0x00000000c00196de                EnvVarContainer::getEnv(char const*)
                0x00000000c001971c                EnvVarContainer::setEnv(char const*, char const*)
                0x00000000c00197de                EnvVarContainer::deleteEnv(char const*)
                0x00000000c00197e0                EnvVarContainer::loadFrom(char const*, char const*)
                0x00000000c00199c6                EnvVarContainer::__loadSystem()
                0x00000000c00199e0                EnvVarContainer::__loadUser()
                0x00000000c00199e2                EnvVarContainer::EnvVarContainer(Process*)
                0x00000000c00199e2                EnvVarContainer::EnvVarContainer(Process*)
                0x00000000c0019a04                EnvVarContainer::~EnvVarContainer()
                0x00000000c0019a04                EnvVarContainer::~EnvVarContainer()
                0x00000000c0019a34                Krnl::getEnv(Process*, char const*)
                0x00000000c0019a99                Krnl::setEnvSystem(char const*, char const*)
                0x00000000c0019ab3                Krnl::setEnvUser(char const*, char const*)
                0x00000000c0019ad2                Krnl::setEnvProcess(Process*, char const*, char const*)
                0x00000000c0019ae5                Krnl::deleteEnvSystem(char const*)
                0x00000000c0019ae6                Krnl::deleteEnvUser(char const*)
                0x00000000c0019ae7                Krnl::deleteEnvProcess(Process*, char const*)
                0x00000000c0019ae8                Krnl::newProcessEnv(Process*)
                0x00000000c0019b0a                Krnl::copyProcessEnv(Process*, Process*)
                0x00000000c0019b56                Krnl::loadSystemEnv()
                0x00000000c0019b84                Krnl::loadUserEnv()
                0x00000000c0019baa                Krnl::flushEnv()
                0x00000000c0019bab                Krnl::getProcessTotalEnvCount(Process*)
                0x00000000c0019bcb                Krnl::getProcessEnvPair(Process*, int)
 .text          0x00000000c0019c5f      0x39c krnl/panic.32
                0x00000000c0019c5f                Krnl::panic(char const*)
 .text          0x00000000c0019ffb      0x57f net/ethernet.32
                0x00000000c0019ffb                Net::switchEndian16(unsigned short)
                0x00000000c001a01c                Net::switchEndian32(unsigned int)
                0x00000000c001a04b                Net::crc32Calc(unsigned char*, int)
                0x00000000c001a0dc                Net::wrapEthernetFrame(Net::UnwrappedEthernetFrame, unsigned char*)
                0x00000000c001a2ef                Net::unwrapEthernetFrame(unsigned char*, int)
 .text          0x00000000c001a57a      0x50e reg/registry.32
                0x00000000c001a57a                Reg::findLineFromLoadedData(char*, char*, char*)
                0x00000000c001a6d2                Reg::getLineFromRegistry(char*, char*, char*, char*)
                0x00000000c001a827                Reg::getLine(char*, char*, char*)
                0x00000000c001a85e                Reg::readInt(char*, char*, int*)
                0x00000000c001a949                Reg::readString(char*, char*, char*, int)
                0x00000000c001a9ca                Reg::readBool(char*, char*, bool*)
                0x00000000c001a9ef                Reg::readBoolWithDefault(char*, char*, bool)
                0x00000000c001aa1b                Reg::readIntWithDefault(char*, char*, int)
                0x00000000c001aa47                Reg::readStringWithDefault(char*, char*, char*, int, char*)
 .text          0x00000000c001aa88       0x36 sys/sc_eject.32
                0x00000000c001aa88                Sys::eject(regs*)
 .text          0x00000000c001aabe       0x18 sys/sc_exit.32
                0x00000000c001aabe                Sys::exit(regs*)
 .text          0x00000000c001aad6       0x1f sys/sc_getcwd.32
                0x00000000c001aad6                Sys::getCwd(regs*)
 .text          0x00000000c001aaf5        0xc sys/sc_getpid.32
                0x00000000c001aaf5                Sys::getPID(regs*)
 .text          0x00000000c001ab01       0x17 sys/sc_getramdata.32
                0x00000000c001ab01                Sys::getRAMData(regs*)
 .text          0x00000000c001ab18       0x84 sys/sc_getvgaptr.32
                0x00000000c001ab18                Sys::getVGAPtr(regs*)
 .text          0x00000000c001ab9c       0xa8 sys/sc_loaddll.32
                0x00000000c001ab9c                Sys::loadDLL(regs*)
 .text          0x00000000c001ac44       0x68 sys/sc_read.32
                0x00000000c001ac44                Sys::read(regs*)
 .text          0x00000000c001acac       0x55 sys/sc_sbrk.32
                0x00000000c001acac                Sys::sbrk(regs*)
 .text          0x00000000c001ad01       0x1c sys/sc_setcwd.32
                0x00000000c001ad01                Sys::setCwd(regs*)
 .text          0x00000000c001ad1d       0x95 sys/sc_settime.32
                0x00000000c001ad1d                Sys::setTime(regs*)
 .text          0x00000000c001adb2       0x4a sys/sc_timezone.32
                0x00000000c001adb2                Sys::timezone(regs*)
 .text          0x00000000c001adfc       0x68 sys/sc_write.32
                0x00000000c001adfc                Sys::write(regs*)
 .text          0x00000000c001ae64       0x62 sys/sc_wsbe.32
                0x00000000c001ae64                Sys::wsbe(regs*)
 .text          0x00000000c001aec6       0x46 sys/sc_yield.32
                0x00000000c001aec6                Sys::yield(regs*)
 .text          0x00000000c001af0c      0xf84 sys/syscalls.32
                0x00000000c001af0c                sysCallSeekDir(regs*)
                0x00000000c001af11                sysCallTellDir(regs*)
                0x00000000c001af16                sysCallVerify(regs*)
                0x00000000c001af20                sysCallGetArgc(regs*)
                0x00000000c001af30                sysFormatDisk(regs*)
                0x00000000c001af9a                sysSetDiskVolumeLabel(regs*)
                0x00000000c001afe0                sysGetDiskVolumeLabel(regs*)
                0x00000000c001b031                sysShutdown(regs*)
                0x00000000c001b08f                sysCallRealpath(regs*)
                0x00000000c001b0d2                sysCallReadDir(regs*)
                0x00000000c001b151                sysCallIsATTY(regs*)
                0x00000000c001b1ab                sysCallSeek(regs*)
                0x00000000c001b202                sysCallTell(regs*)
                0x00000000c001b26e                sysCallSize(regs*)
                0x00000000c001b2e0                sysCallSizeFromFilename(regs*)
                0x00000000c001b38f                sysCallClose(regs*)
                0x00000000c001b3ef                sysCallOpenDir(regs*)
                0x00000000c001b464                sysCallCloseDir(regs*)
                0x00000000c001b4b8                sysCallMakeDir(regs*)
                0x00000000c001b528                sysCallWait(regs*)
                0x00000000c001b542                sysCallNotImpl(regs*)
                0x00000000c001b55d                sysPanic(regs*)
                0x00000000c001b577                sysCallRmdir(regs*)
                0x00000000c001b5db                sysCallUnlink(regs*)
                0x00000000c001b63f                sysCallGetArgv(regs*)
                0x00000000c001b68b                sysCallTTYName(regs*)
                0x00000000c001b70e                sysCallUSleep(regs*)
                0x00000000c001b735                sysCallSpawn(regs*)
                0x00000000c001b79d                sysCallGetEnv(regs*)
                0x00000000c001b84a                sysAppSettings(regs*)
                0x00000000c001b95e                sysSetFatAttrib(regs*)
                0x00000000c001b9d0                sysPipe(regs*)
                0x00000000c001ba15                sysGetUnixTime(regs*)
                0x00000000c001ba29                string_ends_with(char const*, char const*)
                0x00000000c001ba71                sysCallOpen(regs*)
                0x00000000c001bc59                Sys::loadSyscalls()
                0x00000000c001be4e                Sys::systemCall(regs*, void*)
 .text          0x00000000c001be90     0x11fd thr/elf.32
                0x00000000c001be90                Thr::allocateMemoryForTask(Process*, File*, unsigned long, unsigned long, unsigned long)
                0x00000000c001c13a                Thr::loadProgramIntoMemory(Process*, char const*)
                0x00000000c001c350                Thr::runtimeReferenceHelper()
                0x00000000c001c363                Thr::getAddressOfKernelSymbol(char const*)
                0x00000000c001c3b2                Thr::loadKernelSymbolTable(char const*)
                0x00000000c001c670                Thr::loadDriverIntoMemory(char const*, unsigned long, bool)
                0x00000000c001cda6                Thr::getDriverBaseFromAddress(unsigned long)
                0x00000000c001cdd8                Thr::getDriverNameFromAddress(unsigned long)
                0x00000000c001ce0f                Thr::getDriverOffsetFromAddress(unsigned long)
                0x00000000c001ce29                Thr::loadDLL(char const*, bool)
                0x00000000c001d054                Thr::executeDLL(unsigned long, void*)
 *fill*         0x00000000c001d08d        0x1 
 .text          0x00000000c001d08e     0x11ef thr/prcssthr.32
                0x00000000c001d08e                userModeEntryPoint(void*)
                0x00000000c001d0b4                changeTSS
                0x00000000c001d0e4                switchToThread(ThreadControlBlock*)
                0x00000000c001d18e                Process::addArgs(char**)
                0x00000000c001d1e8                Process::Process(char const*, Process*, char**)
                0x00000000c001d1e8                Process::Process(char const*, Process*, char**)
                0x00000000c001d3cc                Process::Process(bool, char const*, Process*, char**)
                0x00000000c001d3cc                Process::Process(bool, char const*, Process*, char**)
                0x00000000c001d57b                taskStartupFunction
                0x00000000c001d584                Semaphore::Semaphore(int)
                0x00000000c001d584                Semaphore::Semaphore(int)
                0x00000000c001d5b2                Mutex::Mutex()
                0x00000000c001d5b2                Mutex::Mutex()
                0x00000000c001d5c4                Process::createThread(void (*)(void*), void*, int)
                0x00000000c001d6ca                Process::createUserThread()
                0x00000000c001d6e6                setupMultitasking(void (*)())
                0x00000000c001d7e9                schedule()
                0x00000000c001d86e                Semaphore::tryAcquire()
                0x00000000c001d92a                Semaphore::assertLocked(char const*)
                0x00000000c001d999                blockTaskWithSchedulerLockAlreadyHeld(TaskState)
                0x00000000c001d9bf                blockTask(TaskState)
                0x00000000c001d9ec                waitTask(int, int*, int)
                0x00000000c001da2e                nanoSleepUntil(unsigned long long)
                0x00000000c001dac3                nanoSleep(unsigned long long)
                0x00000000c001dadb                sleep(unsigned long long)
                0x00000000c001daf8                Semaphore::acquire()
                0x00000000c001db9a                taskReturned
                0x00000000c001dbd5                Thr::processFromPID(int)
                0x00000000c001dc6c                unblockTask(ThreadControlBlock*)
                0x00000000c001dd01                cleanupTerminatedTask(ThreadControlBlock*)
                0x00000000c001dfa8                cleanerTaskFunction(void*)
                0x00000000c001e089                terminateTask(int)
                0x00000000c001e148                Thr::terminateFromIRQ(int)
                0x00000000c001e154                Semaphore::release()
 .text          0x00000000c001e27d      0xada vm86/vm8086.32
                0x00000000c001e27d                Vm::inbv(unsigned short)
                0x00000000c001e290                Vm::outbv(unsigned short, unsigned char)
                0x00000000c001e2c6                Vm::realToLinear(unsigned short, unsigned short)
                0x00000000c001e2d6                Vm::getSegment(unsigned int)
                0x00000000c001e2de                Vm::getOffset(unsigned int)
                0x00000000c001e2e3                Vm::mainloop2()
                0x00000000c001e31d                Vm::mainVm8086Loop(void*)
                0x00000000c001e32d                Vm::mainloop3(unsigned long)
                0x00000000c001e353                Vm::initialise8086()
                0x00000000c001e396                Vm::finish8086()
                0x00000000c001e3f7                Vm::getOutput8086(unsigned char*)
                0x00000000c001e41c                Vm::start8086(char const*, unsigned short, unsigned short, unsigned short, unsigned short)
                0x00000000c001e584                Vm::doISR(regs*, int, unsigned char*, unsigned short, unsigned short)
                0x00000000c001e60e                Vm::readByteFromReal(unsigned short, unsigned short)
                0x00000000c001e61f                Vm::readWordFromReal(unsigned short, unsigned short)
                0x00000000c001e631                Vm::readDwordFromReal(unsigned short, unsigned short)
                0x00000000c001e642                Vm::writeByteFromReal(unsigned short, unsigned short, unsigned char)
                0x00000000c001e657                Vm::writeWordFromReal(unsigned short, unsigned short, unsigned short)
                0x00000000c001e66d                Vm::writeDwordFromReal(unsigned short, unsigned short, unsigned int)
                0x00000000c001e682                Vm::faultHandler(regs*)
 .text          0x00000000c001ed57      0xefd vm86/x87em.32
                0x00000000c001ed57                Vm::fpuInternalTo32(unsigned long long)
                0x00000000c001edb2                Vm::fpuInternalTo64(unsigned long long)
                0x00000000c001edbb                Vm::fpu32ToInternal(unsigned int)
                0x00000000c001ee00                Vm::fpu64ToInternal(unsigned long long)
                0x00000000c001ee09                Vm::fpuFloatToLong(unsigned long long)
                0x00000000c001ee64                Vm::fpuULongToFloat(unsigned long long)
                0x00000000c001ee9a                Vm::fpuLongToFloat(long long)
                0x00000000c001eef0                Vm::fpuGet0()
                0x00000000c001eef5                Vm::fpuGet1()
                0x00000000c001eefd                Vm::fpuGetPi()
                0x00000000c001ef05                Vm::fpuGetLog2E()
                0x00000000c001ef1d                Vm::fpuGetLogE2()
                0x00000000c001ef35                Vm::fpuGetLog210()
                0x00000000c001ef4d                Vm::fpuGetLog102()
                0x00000000c001ef65                Vm::fpuIsSecondLarger(unsigned long long, unsigned long long)
                0x00000000c001ef79                Vm::fpuAreEqual(unsigned long long, unsigned long long)
                0x00000000c001ef8f                Vm::fpuUnorderedCompare(unsigned long long, unsigned long long)
                0x00000000c001efe2                Vm::fpuAdd(unsigned long long, unsigned long long)
                0x00000000c001eff3                Vm::fpuAbs(unsigned long long)
                0x00000000c001effc                Vm::fpuChs(unsigned long long)
                0x00000000c001f00c                Vm::fpuSub(unsigned long long, unsigned long long)
                0x00000000c001f01b                Vm::fpuMultiply(unsigned long long, unsigned long long)
                0x00000000c001f03a                Vm::fpuDivide(unsigned long long, unsigned long long)
                0x00000000c001f056                Vm::fpuSquare(unsigned long long)
                0x00000000c001f06c                Vm::fpuGetReg(int)
                0x00000000c001f0af                Vm::fpuSetReg(int, unsigned long long)
                0x00000000c001f0fa                Vm::fpuPush(unsigned long long)
                0x00000000c001f157                Vm::fpuPop()
                0x00000000c001f1a9                Vm::x87Handler(regs*)
 .text          0x00000000c001fc54     0x11c1 fs/fat/vfslink.32
                0x00000000c001fc54                FAT::getName()
                0x00000000c001fc5a                FAT::tell(void*, unsigned long long*)
                0x00000000c001fc8e                FAT::stat(void*, unsigned long long*)
                0x00000000c001fcc2                FAT::~FAT()
                0x00000000c001fcc2                FAT::~FAT()
                0x00000000c001fce6                FAT::~FAT()
                0x00000000c001fd0e                FAT::getlabel(LogicalDisk*, int, char*, unsigned int*)
                0x00000000c001fdac                FAT::setlabel(LogicalDisk*, int, char*)
                0x00000000c001fe66                FAT::format(LogicalDisk*, int, char const*, int)
                0x00000000c0020024                FAT::tryMount(LogicalDisk*, int)
                0x00000000c002022a                FAT::getFileFirstSector(char const*)
                0x00000000c00202d0                FAT::readDir(void*, unsigned long, void*, int*)
                0x00000000c002042a                FAT::read(void*, unsigned long, void*, int*)
                0x00000000c0020484                FAT::write(void*, unsigned long, void*, int*)
                0x00000000c00204de                FAT::close(void*)
                0x00000000c002052a                FAT::closeDir(void*)
                0x00000000c0020576                FAT::seek(void*, unsigned long long)
                0x00000000c00205ca                fatWrapperReadDisk
                0x00000000c0020611                fatWrapperWriteDisk
                0x00000000c0020658                fatWrapperIoctl
                0x00000000c002075c                FAT::FAT()
                0x00000000c002075c                FAT::FAT()
                0x00000000c00207ae                FAT::fixFilepath(char*)
                0x00000000c00207e6                FAT::open(char const*, void**, FileOpenMode)
                0x00000000c002090e                FAT::openDir(char const*, void**)
                0x00000000c00209b4                FAT::stat(char const*, unsigned long long*, bool*)
                0x00000000c0020a9e                FAT::unlink(char const*)
                0x00000000c0020b18                FAT::chfatattr(char const*, unsigned char, unsigned char)
                0x00000000c0020c6c                FAT::rename(char const*, char const*)
                0x00000000c0020d30                FAT::mkdir(char const*)
                0x00000000c0020daa                FAT::exists(char const*)
 *fill*         0x00000000c0020e15        0x1 
 .text          0x00000000c0020e16      0xb75 fs/iso9660/vfslink.32
                0x00000000c0020e16                ISO9660::format(LogicalDisk*, int, char const*, int)
                0x00000000c0020e1c                ISO9660::seek(void*, unsigned long long)
                0x00000000c0020e4c                ISO9660::tell(void*, unsigned long long*)
                0x00000000c0020e70                ISO9660::getName()
                0x00000000c0020e76                ISO9660::stat(void*, unsigned long long*)
                0x00000000c0020e9a                ISO9660::chfatattr(char const*, unsigned char, unsigned char)
                0x00000000c0020ea0                ISO9660::unlink(char const*)
                0x00000000c0020ea6                ISO9660::write(void*, unsigned long, void*, int*)
                0x00000000c0020eac                ISO9660::rename(char const*, char const*)
                0x00000000c0020eb2                ISO9660::mkdir(char const*)
                0x00000000c0020eb8                ISO9660::close(void*)
                0x00000000c0020eda                ISO9660::closeDir(void*)
                0x00000000c0020efc                ISO9660::~ISO9660()
                0x00000000c0020efc                ISO9660::~ISO9660()
                0x00000000c0020f20                ISO9660::~ISO9660()
                0x00000000c0020f47                __memmem(unsigned char*, int, unsigned char*, int)
                0x00000000c0020f89                readSectorFromCDROM(unsigned int, unsigned char*, char)
                0x00000000c0020fe4                ISO9660::tryMount(LogicalDisk*, int)
                0x00000000c0021034                ISO9660::read(void*, unsigned long, void*, int*)
                0x00000000c0021238                ISO9660::readDir(void*, unsigned long, void*, int*)
                0x00000000c00214b2                readRoot(unsigned int*, unsigned int*, char)
                0x00000000c0021506                readRecursively(char*, unsigned int, unsigned int, unsigned int*, unsigned int*, char, int*)
                0x00000000c00216d9                getFileData(char*, unsigned int*, unsigned int*, char, int*)
                0x00000000c0021768                ISO9660::open(char const*, void**, FileOpenMode)
                0x00000000c0021816                ISO9660::exists(char const*)
                0x00000000c002183a                ISO9660::stat(char const*, unsigned long long*, bool*)
                0x00000000c00218ce                ISO9660::openDir(char const*, void**)
                0x00000000c0021968                ISO9660::ISO9660()
                0x00000000c0021968                ISO9660::ISO9660()
 *fill*         0x00000000c002198b        0x1 
 .text          0x00000000c002198c      0x396 hal/sound/sndchannel.32
                0x00000000c002198c                SoundChannel::SoundChannel(int, int, int, int)
                0x00000000c002198c                SoundChannel::SoundChannel(int, int, int, int)
                0x00000000c0021ab6                SoundChannel::~SoundChannel()
                0x00000000c0021ab6                SoundChannel::~SoundChannel()
                0x00000000c0021ad2                SoundChannel::getSampleRate()
                0x00000000c0021ada                SoundChannel::getBits()
                0x00000000c0021ae2                SoundChannel::getBufferUsed()
                0x00000000c0021aea                SoundChannel::getBufferSize()
                0x00000000c0021af2                SoundChannel::unbuffer(float*, int, int)
                0x00000000c0021b86                SoundChannel::buffer16(short*, int)
                0x00000000c0021c82                SoundChannel::buffer8(unsigned char*, int)
 .text          0x00000000c0021d22      0x43e hal/sound/sndhw.32
                0x00000000c0021d22                SoundDevice::SoundDevice(char const*)
                0x00000000c0021d22                SoundDevice::SoundDevice(char const*)
                0x00000000c0021d8e                SoundDevice::~SoundDevice()
                0x00000000c0021d8e                SoundDevice::~SoundDevice()
                0x00000000c0021e08                SoundDevice::~SoundDevice()
                0x00000000c0021e32                SoundDevice::getFreeChannelNum()
                0x00000000c0021e4c                SoundDevice::addChannel(SoundChannel*)
                0x00000000c0021ebc                SoundDevice::removeChannel(int)
                0x00000000c0021eee                SoundDevice::floatTo16(float*, short*, int)
                0x00000000c0021fdc                SoundDevice::floatTo8(float*, unsigned char*, int)
                0x00000000c00220c4                SoundDevice::getAudio(int, float*, float*)
 .text          0x00000000c0022160        0x0 hw/bus/isa.32
 .text          0x00000000c0022160      0xb87 hw/bus/pci.32
                0x00000000c0022160                PCI::open(int, int, void*)
                0x00000000c002217e                PCI::close(int, int, void*)
                0x00000000c0022182                PCI::PCI()
                0x00000000c0022182                PCI::PCI()
                0x00000000c0022218                PCI::readBAR8(unsigned int, int)
                0x00000000c0022234                PCI::readBAR16(unsigned int, int)
                0x00000000c0022252                PCI::readBAR32(unsigned int, int)
                0x00000000c002226e                PCI::writeBAR8(unsigned int, unsigned char, int)
                0x00000000c002228e                PCI::writeBAR16(unsigned int, unsigned short, int)
                0x00000000c00222b0                PCI::writeBAR32(unsigned int, unsigned int, int)
                0x00000000c00222d0                PCI::legacyMechanism(unsigned char, unsigned char, unsigned char, unsigned char)
                0x00000000c002233e                PCI::pciReadWord(unsigned char, unsigned char, unsigned char, unsigned char)
                0x00000000c00223e6                PCI::getVendorID(unsigned char, unsigned char, unsigned char)
                0x00000000c002240a                PCI::getHeaderType(unsigned char, unsigned char, unsigned char)
                0x00000000c0022432                PCI::getClassCode(unsigned char, unsigned char, unsigned char)
                0x00000000c002247c                PCI::getProgIF(unsigned char, unsigned char, unsigned char)
                0x00000000c00224a4                PCI::getRevisionID(unsigned char, unsigned char, unsigned char)
                0x00000000c00224c8                PCI::getInterruptNumber(unsigned char, unsigned char, unsigned char)
                0x00000000c00224ec                PCI::getSecondaryBus(unsigned char, unsigned char, unsigned char)
                0x00000000c0022514                PCI::getBARAddress(unsigned char, unsigned char, unsigned char, unsigned char)
                0x00000000c0022578                PCI::pciWriteWord(unsigned char, unsigned char, unsigned char, unsigned char, unsigned short)
                0x00000000c0022660                PCI::pciDetailsToFilepath(PCIDeviceInfo, char*)
                0x00000000c00228da                PCI::checkBus(unsigned char)
                0x00000000c00228fe                PCI::foundDevice(PCIDeviceInfo)
                0x00000000c0022a70                PCI::getDeviceData(unsigned char, unsigned char, unsigned char)
                0x00000000c0022c28                PCI::checkDevice(unsigned char, unsigned char)
                0x00000000c0022c94                PCI::detect()
 *fill*         0x00000000c0022ce7        0x1 
 .text          0x00000000c0022ce8      0xb54 hw/diskctrl/ide.32
                0x00000000c0022ce8                IDE::close(int, int, void*)
                0x00000000c0022cec                IDE::IDE()
                0x00000000c0022cec                IDE::IDE()
                0x00000000c0022d20                IDE::prepareInterrupt(unsigned char)
                0x00000000c0022d32                selectDrive(unsigned char, unsigned char)
                0x00000000c0022d34                IDE::getBase(unsigned char)
                0x00000000c0022d46                IDE::write(unsigned char, unsigned char, unsigned char)
                0x00000000c0022e06                IDE::read(unsigned char, unsigned char)
                0x00000000c0022eb4                IDE::waitInterrupt(unsigned char)
                0x00000000c0022f1a                ideChannel0IRQHandler(regs*, void*)
                0x00000000c0022f36                ideChannel1IRQHandler(regs*, void*)
                0x00000000c0022f52                IDE::enableIRQs(unsigned char, bool)
                0x00000000c0022f98                IDE::open(int, int, void*)
                0x00000000c00233a6                IDE::readBuffer(unsigned char, unsigned char, unsigned int, unsigned int)
                0x00000000c0023472                IDE::detect()
                0x00000000c0023738                IDE::printError(unsigned char, unsigned char, unsigned char)
                0x00000000c00237e8                IDE::polling(unsigned char, unsigned int)
 .text          0x00000000c002383c      0x336 hw/diskctrl/satabus.32
                0x00000000c002383c                SATABus::close(int, int, void*)
                0x00000000c0023840                SATABus::detect()
                0x00000000c0023842                SATABus::SATABus()
                0x00000000c0023842                SATABus::SATABus()
                0x00000000c00238c8                SATABus::findCmdslot(SATABus::tagHBA_PORT volatile*)
                0x00000000c0023910                SATABus::checkType(SATABus::tagHBA_PORT volatile*)
                0x00000000c0023958                SATABus::startCmd(SATABus::tagHBA_PORT volatile*)
                0x00000000c0023978                SATABus::stopCmd(SATABus::tagHBA_PORT volatile*)
                0x00000000c00239a2                SATABus::portRebase(SATABus::tagHBA_PORT volatile*, int)
                0x00000000c0023aa8                SATABus::probePort(SATABus::tagHBA_MEM volatile*)
                0x00000000c0023b52                SATABus::open(int, int, void*)
 .text          0x00000000c0023b72      0x604 hw/diskphys/ata.32
                0x00000000c0023b72                ATA::close(int, int, void*)
                0x00000000c0023b96                ATA::powerSaving(PowerSavingLevel)
                0x00000000c0023b98                ATA::ATA()
                0x00000000c0023b98                ATA::ATA()
                0x00000000c0023bc6                ATA::flush(bool)
                0x00000000c0023c10                ATA::readyForCommand()
                0x00000000c0023c60                ATA::access(unsigned long long, int, void*, bool)
                0x00000000c0023fe8                ATA::read(unsigned long long, int, void*)
                0x00000000c0024034                ATA::write(unsigned long long, int, void*)
                0x00000000c0024080                ATA::detectCHS()
                0x00000000c00240aa                ATA::open(int, int, void*)
 .text          0x00000000c0024176      0x5bd hw/diskphys/atapi.32
                0x00000000c0024176                ATAPI::write(unsigned long long, int, void*)
                0x00000000c002417c                ATAPI::close(int, int, void*)
                0x00000000c00241a0                ATAPI::ATAPI()
                0x00000000c00241a0                ATAPI::ATAPI()
                0x00000000c00241ce                ATAPI::readyForCommand()
                0x00000000c002421e                ATAPI::sendPacket(unsigned char*, int, bool, unsigned short*, int)
                0x00000000c00244de                ATAPI::diskRemoved()
                0x00000000c00244fa                ATAPI::eject()
                0x00000000c0024542                ATAPI::diskInserted()
                0x00000000c0024570                ATAPI::detectMedia()
                0x00000000c002462c                ATAPI::open(int, int, void*)
                0x00000000c00246b4                ATAPI::read(unsigned long long, int, void*)
 *fill*         0x00000000c0024733        0x1 
 .text          0x00000000c0024734      0x41c hw/diskphys/sata.32
                0x00000000c0024734                SATA::close(int, int, void*)
                0x00000000c0024758                SATA::powerSaving(PowerSavingLevel)
                0x00000000c002475a                SATA::open(int, int, void*)
                0x00000000c0024804                SATA::SATA()
                0x00000000c0024804                SATA::SATA()
                0x00000000c0024832                SATA::access(unsigned long long, int, void*, bool)
                0x00000000c0024a98                SATA::read(unsigned long long, int, void*)
                0x00000000c0024ae4                SATA::write(unsigned long long, int, void*)
 .text          0x00000000c0024b50      0x4fe hw/diskphys/satapi.32
                0x00000000c0024b50                SATAPI::write(unsigned long long, int, void*)
                0x00000000c0024b56                SATAPI::close(int, int, void*)
                0x00000000c0024b7a                SATAPI::SATAPI()
                0x00000000c0024b7a                SATAPI::SATAPI()
                0x00000000c0024ba8                SATAPI::diskRemoved()
                0x00000000c0024bc4                SATAPI::diskInserted()
                0x00000000c0024bf2                SATAPI::sendPacket(unsigned char*, int, unsigned long long, unsigned short*, int)
                0x00000000c0024dfa                SATAPI::eject()
                0x00000000c0024e42                SATAPI::detectMedia()
                0x00000000c0024f04                SATAPI::open(int, int, void*)
                0x00000000c0024fac                SATAPI::read(unsigned long long, int, void*)
 .text          0x00000000c002504e       0x8e hw/fpu/avx.32
                0x00000000c002504e                AVX::open(int, int, void*)
                0x00000000c0025060                AVX::close(int, int, void*)
                0x00000000c0025072                AVX::available()
                0x00000000c0025084                AVX::save(void*)
                0x00000000c002509c                AVX::load(void*)
                0x00000000c00250b4                AVX::AVX()
                0x00000000c00250b4                AVX::AVX()
 .text          0x00000000c00250dc       0x90 hw/fpu/mmx.32
                0x00000000c00250dc                MMX::available()
                0x00000000c00250f0                MMX::open(int, int, void*)
                0x00000000c0025102                MMX::close(int, int, void*)
                0x00000000c0025114                MMX::save(void*)
                0x00000000c002512c                MMX::load(void*)
                0x00000000c0025144                MMX::MMX()
                0x00000000c0025144                MMX::MMX()
 .text          0x00000000c002516c       0x96 hw/fpu/sse.32
                0x00000000c002516c                SSE::open(int, int, void*)
                0x00000000c002517e                SSE::close(int, int, void*)
                0x00000000c0025190                SSE::available()
                0x00000000c00251aa                SSE::save(void*)
                0x00000000c00251c2                SSE::load(void*)
                0x00000000c00251da                SSE::SSE()
                0x00000000c00251da                SSE::SSE()
 .text          0x00000000c0025202       0x8e hw/fpu/x87.32
                0x00000000c0025202                x87::open(int, int, void*)
                0x00000000c0025214                x87::close(int, int, void*)
                0x00000000c0025226                x87::available()
                0x00000000c0025238                x87::save(void*)
                0x00000000c0025250                x87::load(void*)
                0x00000000c0025268                x87::x87()
                0x00000000c0025268                x87::x87()
 .text          0x00000000c0025290      0x71e hw/intctrl/apic.32
                0x00000000c0025290                APIC::disable()
                0x00000000c0025292                APIC::close(int, int, void*)
                0x00000000c00252b4                IOAPIC::close(int, int, void*)
                0x00000000c00252ba                APIC::io_wait()
                0x00000000c00252c0                APIC::getBase()
                0x00000000c0025302                APIC::eoi(unsigned char)
                0x00000000c0025330                APIC::open(int, int, void*)
                0x00000000c002547e                IOAPIC::IOAPIC()
                0x00000000c002547e                IOAPIC::IOAPIC()
                0x00000000c00254a6                APIC::APIC()
                0x00000000c00254a6                APIC::APIC()
                0x00000000c0025582                IOAPIC::handlesGSIWithNumber(unsigned int)
                0x00000000c00255b4                IOAPIC::read(int)
                0x00000000c00255dc                IOAPIC::open(int, int, void*)
                0x00000000c00256d2                IOAPIC::write(int, int)
                0x00000000c00256fe                IOAPIC::redirect(unsigned char, unsigned long long, unsigned char, bool, bool)
                0x00000000c00257f8                APIC::installIRQHandler(int, void (*)(regs*, void*), bool, void*)
 .text          0x00000000c00259ae      0x3d3 hw/intctrl/pic.32
                0x00000000c00259ae                PIC::disable()
                0x00000000c00259dc                PIC::close(int, int, void*)
                0x00000000c00259fe                PIC::PIC()
                0x00000000c00259fe                PIC::PIC()
                0x00000000c0025ad4                PIC::ioWait()
                0x00000000c0025ada                PIC::getIRQReg(int)
                0x00000000c0025b44                PIC::eoi(unsigned char)
                0x00000000c0025bd6                PIC::remap()
                0x00000000c0025d42                PIC::open(int, int, void*)
 *fill*         0x00000000c0025d81        0x1 
 .text          0x00000000c0025d82      0x25e hw/timer/apictimer.32
                0x00000000c0025d82                APICTimer::close(int, int, void*)
                0x00000000c0025d88                apicTimerHandler(regs*, void*)
                0x00000000c0025db6                APICTimer::write(int)
                0x00000000c0025eba                APICTimer::open(int, int, void*)
                0x00000000c0025fb8                APICTimer::APICTimer()
                0x00000000c0025fb8                APICTimer::APICTimer()
 .text          0x00000000c0025fe0      0x1a7 hw/timer/pit.32
                0x00000000c0025fe0                PIT::write(int)
                0x00000000c002605e                pitHandler(regs*, void*)
                0x00000000c002608a                PIT::open(int, int, void*)
                0x00000000c00260d8                PIT::close(int, int, void*)
                0x00000000c0026108                PIT::PIT()
                0x00000000c0026108                PIT::PIT()
 *fill*         0x00000000c0026187        0x9 
 .text          0x00000000c0026190       0x1e hw/fpu/x86/avx.32
                0x00000000c0026190                avxDetect
                0x00000000c0026196                avxSave
                0x00000000c0026197                avxLoad
                0x00000000c0026198                avxInit
                0x00000000c0026199                avxClose
                0x00000000c002619a                wouldSheSayYes
 *fill*         0x00000000c00261ae        0x2 
 .text          0x00000000c00261b0       0x35 hw/fpu/x86/sse.32
                0x00000000c00261b0                absolutelyNoChanceInHell
                0x00000000c00261b0                sseDetect
                0x00000000c00261c8                sseSave
                0x00000000c00261ce                sseLoad
                0x00000000c00261d4                sseInit
                0x00000000c00261e4                sseClose
 *fill*         0x00000000c00261e5        0xb 
 .text          0x00000000c00261f0       0x4d hw/fpu/x86/x87.32
                0x00000000c00261f6                x87Detect
                0x00000000c0026211                x87Save
                0x00000000c002621a                x87Load
                0x00000000c0026222                x87Init
                0x00000000c002623c                x87Close
 *fill*         0x00000000c002623d        0x3 
 .text          0x00000000c0026240       0x25 /cygdrive/d/Users/Alex/Desktop/Toolchain/Output/bin/../lib/gcc/i386-banana/8.1.0/crtend.o
 .text          0x00000000c0026265        0x0 crtn.32
 *fill*         0x00000000c0026265        0x3 
 .text          0x00000000c0026268      0x14b /cygdrive/d/Users/Alex/Desktop/Toolchain/Output/bin/../lib/gcc/i386-banana/8.1.0/libkgcc.a(_divdi3.o)
                0x00000000c0026268                __divdi3
 *fill*         0x00000000c00263b3        0x1 
 .text          0x00000000c00263b4      0x17e /cygdrive/d/Users/Alex/Desktop/Toolchain/Output/bin/../lib/gcc/i386-banana/8.1.0/libkgcc.a(_moddi3.o)
                0x00000000c00263b4                __moddi3
 *fill*         0x00000000c0026532        0x2 
 .text          0x00000000c0026534       0xff /cygdrive/d/Users/Alex/Desktop/Toolchain/Output/bin/../lib/gcc/i386-banana/8.1.0/libkgcc.a(_udivdi3.o)
                0x00000000c0026534                __udivdi3
 *fill*         0x00000000c0026633        0x1 
 .text          0x00000000c0026634      0x11a /cygdrive/d/Users/Alex/Desktop/Toolchain/Output/bin/../lib/gcc/i386-banana/8.1.0/libkgcc.a(_umoddi3.o)
                0x00000000c0026634                __umoddi3
 .text          0x00000000c002674e      0x96d D:/Users/Alex/Desktop/Banana/kernel/libsoftfp.a(sfieeelib.o)
                0x00000000c002674e                __addsf3
                0x00000000c0026a50                __subsf3
                0x00000000c0026a64                __negsf2
                0x00000000c0026a71                __mulsf3
                0x00000000c0026c34                __divsf3
                0x00000000c0026e5f                __floatsisf
                0x00000000c0026ed3                __floatunsisf
                0x00000000c0026f15                __fixsfsi
                0x00000000c0026f77                __fixunssfsi
                0x00000000c0026fa8                __cmpsf2
                0x00000000c002703d                __eqsf2
                0x00000000c0027078                __nesf2
                0x00000000c002707a                __gtsf2
                0x00000000c00270b5                __gesf2
                0x00000000c00270b7                __ltsf2
                0x00000000c00270b9                __lesf2
 .text          0x00000000c00270bb      0xf50 D:/Users/Alex/Desktop/Banana/kernel/libsoftfp.a(dfieeelib.o)
                0x00000000c00270bb                __adddf3