Archive member included to satisfy reference by file (symbol)

/cygdrive/d/Users/Alex/Desktop/Toolchain/Output/bin/../lib/gcc/i386-banana/8.1.0/libkgcc.a(_divdi3.o)
                              krnl/resolve.32 (__divdi3)
/cygdrive/d/Users/Alex/Desktop/Toolchain/Output/bin/../lib/gcc/i386-banana/8.1.0/libkgcc.a(_moddi3.o)
                              krnl/resolve.32 (__moddi3)
/cygdrive/d/Users/Alex/Desktop/Toolchain/Output/bin/../lib/gcc/i386-banana/8.1.0/libkgcc.a(_udivdi3.o)
                              hal/clock.32 (__udivdi3)
/cygdrive/d/Users/Alex/Desktop/Toolchain/Output/bin/../lib/gcc/i386-banana/8.1.0/libkgcc.a(_umoddi3.o)
                              core/pipe.32 (__umoddi3)

Allocating common symbols
Common symbol       size              file

dcache              0x40              fs/iso9660/iso9660.32
cdDriveLetter       0x1               fs/iso9660/iso9660.32
icache              0x40              fs/iso9660/iso9660.32

Discarded input sections

 .comment       0x0000000000000000       0x12 /cygdrive/d/Users/Alex/Desktop/Toolchain/Output/bin/../lib/gcc/i386-banana/8.1.0/crtbegin.o
 .comment       0x0000000000000000       0x12 acpica/utclib.32
 .comment       0x0000000000000000       0x12 core/malloc.32
 .comment       0x0000000000000000       0x12 libk/ctype.32
 .comment       0x0000000000000000       0x12 libk/string.32
 .comment       0x0000000000000000       0x12 fs/fat/diskio.32
 .comment       0x0000000000000000       0x12 fs/fat/ff.32
 .comment       0x0000000000000000       0x12 fs/fat/ffsystem.32
 .comment       0x0000000000000000       0x12 fs/fat/ffunicode.32
 .comment       0x0000000000000000       0x12 fs/iso9660/iso9660.32
 .group         0x0000000000000000       0x14 core/computer.32
 .group         0x0000000000000000        0xc core/computer.32
 .comment       0x0000000000000000       0x12 core/computer.32
 .comment       0x0000000000000000       0x12 core/gdt.32
 .group         0x0000000000000000        0xc core/idle.32
 .comment       0x0000000000000000       0x12 core/idle.32
 .comment       0x0000000000000000       0x12 core/idt.32
 .comment       0x0000000000000000       0x12 core/kheap.32
 .comment       0x0000000000000000       0x12 core/main.32
 .comment       0x0000000000000000       0x12 core/physmgr.32
 .group         0x0000000000000000        0xc core/pipe.32
 .comment       0x0000000000000000       0x12 core/pipe.32
 .group         0x0000000000000000        0xc core/terminal.32
 .comment       0x0000000000000000       0x12 core/terminal.32
 .comment       0x0000000000000000       0x12 core/tss.32
 .group         0x0000000000000000        0x8 core/unixfile.32
 .group         0x0000000000000000        0x8 core/unixfile.32
 .group         0x0000000000000000        0xc core/unixfile.32
 .group         0x0000000000000000        0x8 core/unixfile.32
 .group         0x0000000000000000        0xc core/unixfile.32
 .group         0x0000000000000000        0x8 core/unixfile.32
 .group         0x0000000000000000        0xc core/unixfile.32
 .group         0x0000000000000000        0xc core/unixfile.32
 .comment       0x0000000000000000       0x12 core/unixfile.32
 .comment       0x0000000000000000       0x12 core/virtmgr.32
 .comment       0x0000000000000000       0x12 coreobjs/c++.32
 .comment       0x0000000000000000       0x12 dbg/kconsole.32
 .comment       0x0000000000000000       0x12 dbg/usban.32
 .comment       0x0000000000000000       0x12 fs/symlink.32
 .group         0x0000000000000000        0xc fs/vfs.32
 .group         0x0000000000000000        0xc fs/vfs.32
 .group         0x0000000000000000        0xc fs/vfs.32
 .comment       0x0000000000000000       0x12 fs/vfs.32
 .group         0x0000000000000000        0xc hal/bus.32
 .comment       0x0000000000000000       0x12 hal/bus.32
 .comment       0x0000000000000000       0x12 hal/buzzer.32
 .group         0x0000000000000000        0xc hal/clock.32
 .comment       0x0000000000000000       0x12 hal/clock.32
 .group         0x0000000000000000       0x14 hal/device.32
 .group         0x0000000000000000        0xc hal/device.32
 .group         0x0000000000000000        0x8 hal/device.32
 .group         0x0000000000000000        0xc hal/device.32
 .group         0x0000000000000000        0xc hal/device.32
 .comment       0x0000000000000000       0x12 hal/device.32
 .group         0x0000000000000000        0xc hal/diskctrl.32
 .comment       0x0000000000000000       0x12 hal/diskctrl.32
 .group         0x0000000000000000        0xc hal/diskphys.32
 .comment       0x0000000000000000       0x12 hal/diskphys.32
 .comment       0x0000000000000000       0x12 hal/fpu.32
 .comment       0x0000000000000000       0x12 hal/intctrl.32
 .group         0x0000000000000000        0xc hal/keybrd.32
 .comment       0x0000000000000000       0x12 hal/keybrd.32
 .group         0x0000000000000000        0xc hal/logidisk.32
 .comment       0x0000000000000000       0x12 hal/logidisk.32
[...]
Memory Configuration

Name             Origin             Length             Attributes
*default*        0x0000000000000000 0xffffffffffffffff

Linker script and memory map

LOAD D:/Users/Alex/Desktop/Banana/kernel/boot.32
LOAD crti.32
LOAD /cygdrive/d/Users/Alex/Desktop/Toolchain/Output/bin/../lib/gcc/i386-banana/8.1.0/crtbegin.o
LOAD D:/Users/Alex/Desktop/Banana/kernel/morenasm.32
LOAD acpica/utclib.32
LOAD core/malloc.32
LOAD libk/ctype.32
LOAD libk/string.32
LOAD fs/fat/diskio.32
LOAD fs/fat/ff.32
LOAD fs/fat/ffsystem.32
LOAD fs/fat/ffunicode.32
LOAD fs/iso9660/iso9660.32
LOAD core/computer.32
LOAD core/gdt.32
LOAD core/idle.32
LOAD core/idt.32
LOAD core/kheap.32
LOAD core/main.32
LOAD core/physmgr.32
LOAD core/pipe.32
LOAD core/terminal.32
LOAD core/tss.32
LOAD core/unixfile.32
LOAD core/virtmgr.32
LOAD coreobjs/c++.32
LOAD dbg/kconsole.32
LOAD dbg/usban.32
LOAD fs/symlink.32
LOAD fs/vfs.32
LOAD hal/bus.32
LOAD hal/buzzer.32
LOAD hal/clock.32
LOAD hal/device.32
LOAD hal/diskctrl.32
LOAD hal/diskphys.32
LOAD hal/fpu.32
LOAD hal/intctrl.32
LOAD hal/keybrd.32
LOAD hal/logidisk.32
LOAD hal/mouse.32
LOAD hal/nic.32
LOAD hal/partition.32
LOAD hal/serial.32
LOAD hal/timer.32
LOAD hal/vcache.32
LOAD hal/video.32
LOAD hw/acpi.32
LOAD hw/cpu.32
LOAD krnl/atexit.32
LOAD krnl/bootmsg.32
LOAD krnl/compat.32
LOAD krnl/crc32.32
LOAD krnl/env.32
LOAD krnl/inlines.32
LOAD krnl/panic.32
LOAD krnl/powctrl.32
LOAD krnl/random.32
LOAD krnl/resolve.32
LOAD krnl/signal.32
LOAD krnl/syscalls.32
LOAD net/ethernet.32
LOAD reg/cm.32
LOAD reg/registry.32
LOAD sys/eject.32
LOAD sys/exit.32
LOAD sys/getcwd.32
LOAD sys/getpid.32
LOAD sys/getramdata.32
LOAD sys/getvgaptr.32
LOAD sys/kill.32
LOAD sys/loaddll.32
LOAD sys/read.32
LOAD sys/registersignal.32
LOAD sys/registry.32
LOAD sys/sbrk.32
LOAD sys/setcwd.32
LOAD sys/settime.32
LOAD sys/symlink.32
LOAD sys/timezone.32
LOAD sys/truncate.32
LOAD sys/write.32
LOAD sys/wsbe.32
LOAD sys/yield.32
LOAD thr/elf.32
LOAD thr/prcssthr.32
LOAD vm86/vm8086.32
LOAD arch/i386/hal.32
LOAD arch/i386/pic.32
LOAD arch/i386/rtc.32
LOAD arch/i386/vga.32
LOAD fs/fat/vfslink.32
LOAD fs/iso9660/helper.32
LOAD fs/iso9660/vfslink.32
LOAD hal/sound/sndcard.32
LOAD hal/sound/sndport.32
LOAD hw/bus/isa.32
LOAD hw/bus/pci.32
LOAD hw/diskctrl/ide.32
LOAD hw/diskctrl/satabus.32
LOAD hw/diskphys/ata.32
LOAD hw/diskphys/atapi.32
LOAD hw/diskphys/sata.32
LOAD hw/diskphys/satapi.32
LOAD hw/intctrl/apic.32
LOAD hw/timer/apictimer.32
LOAD hw/timer/pit.32
LOAD arch/i386/avx.32
LOAD arch/i386/interrupt.32
LOAD arch/i386/rdrand.32
LOAD arch/i386/sse.32
LOAD arch/i386/x87.32
LOAD /cygdrive/d/Users/Alex/Desktop/Toolchain/Output/bin/../lib/gcc/i386-banana/8.1.0/crtend.o
LOAD crtn.32
LOAD /cygdrive/d/Users/Alex/Desktop/Toolchain/Output/bin/../lib/gcc/i386-banana/8.1.0/libkgcc.a
LOAD D:/Users/Alex/Desktop/Banana/kernel/libsoftfp.a
LOAD D:/Users/Alex/Desktop/Banana/kernel/libk/libm32.a
                0x00000000c0000000                . = 0xc0000000

.text           0x00000000c0000000    0x1f94a
 *(.text)
 .text          0x00000000c0000000       0x20 D:/Users/Alex/Desktop/Banana/kernel/boot.32
 .text          0x00000000c0000020        0x0 crti.32
 .text          0x00000000c0000020      0x101 /cygdrive/d/Users/Alex/Desktop/Toolchain/Output/bin/../lib/gcc/i386-banana/8.1.0/crtbegin.o
 *fill*         0x00000000c0000121        0xf 
 .text          0x00000000c0000130      0x24f D:/Users/Alex/Desktop/Banana/kernel/morenasm.32
                0x00000000c0000130                manualPCIProbe
                0x00000000c000017b                prepareTramp
                0x00000000c0000194                doTPAUSE
                0x00000000c000019e                hasLegacyFPU
                0x00000000c00001c3                is486
                0x00000000c00001f9                detectCPUID
                0x00000000c000020f                goToVM86
                0x00000000c000023f                goToUsermode
                0x00000000c0000269                switchToThreadASMFirstTime
                0x00000000c0000277                switchToThreadASM
                0x00000000c00002fc                asmQuickAcquireLock
                0x00000000c000031a                asmQuickReleaseLock
                0x00000000c0000326                asmAcquireLock
                0x00000000c0000347                asmReleaseLock
                0x00000000c000035a                loadGDT
                0x00000000c000037a                memcpy
 *fill*         0x00000000c000037f        0x1 
 .text          0x00000000c0000380      0x868 acpica/utclib.32
                0x00000000c0000380                memcmp
                0x00000000c00003d0                memmove
                0x00000000c00004f0                memset
                0x00000000c0000570                strlen
                0x00000000c00005a0                strpbrk
                0x00000000c00005f0                strtok
                0x00000000c0000640                strcpy
                0x00000000c0000680                strncpy
                0x00000000c0000750                strcmp
                0x00000000c00007a0                strchr
                0x00000000c00007e0                strncmp
                0x00000000c0000840                strcat
                0x00000000c0000870                strncat
                0x00000000c00008d0                strstr
                0x00000000c0000930                toupper
                0x00000000c0000950                tolower
                0x00000000c0000970                simple_strtoul
 .text          0x00000000c0000be8      0xfaa core/malloc.32
                0x00000000c0000d53                dlfree
                0x00000000c00010ab                dlmalloc
                0x00000000c00015e8                dlrealloc
                0x00000000c000178b                dlmemalign
                0x00000000c00018ae                dlcalloc
                0x00000000c0001948                dlcfree
                0x00000000c000194d                dlindependent_calloc
                0x00000000c0001972                dlindependent_comalloc
                0x00000000c0001989                dlvalloc
                0x00000000c00019b4                dlpvalloc
                0x00000000c00019ea                dlmalloc_trim
                0x00000000c00019f7                dlmalloc_usable_size
                0x00000000c0001a28                dlmallinfo
                0x00000000c0001af7                dlmalloc_stats
                0x00000000c0001b08                dlmallopt
 *fill*         0x00000000c0001b92        0x2 
 .text          0x00000000c0001b94      0x1f2 libk/ctype.32
                0x00000000c0001b94                isblank
                0x00000000c0001bb4                iscntrl
                0x00000000c0001bd4                isdigit
                0x00000000c0001bf0                islower
                0x00000000c0001c0c                isspace
                0x00000000c0001c34                isupper
                0x00000000c0001c50                isalpha
                0x00000000c0001c80                isalnum
                0x00000000c0001cb0                ispunct
                0x00000000c0001cf0                isgraph
                0x00000000c0001d20                isprint
                0x00000000c0001d48                isxdigit
 .text          0x00000000c0001d86        0x0 libk/string.32
 .text          0x00000000c0001d86       0x51 fs/fat/diskio.32
                0x00000000c0001d86                disk_status
                0x00000000c0001d89                disk_initialize
                0x00000000c0001d8c                disk_read
                0x00000000c0001da2                disk_write
                0x00000000c0001db8                disk_ioctl
 .text          0x00000000c0001dd7     0x3e46 fs/fat/ff.32
                0x00000000c0003bf8                f_mount
                0x00000000c0003c5a                f_open
                0x00000000c0003f1d                f_read
                0x00000000c000411c                f_write
                0x00000000c0004364                f_sync
                0x00000000c0004429                f_close
                0x00000000c0004458                f_lseek
                0x00000000c0004609                f_opendir
                0x00000000c00046d4                f_closedir
                0x00000000c00046f6                f_readdir
                0x00000000c0004788                f_stat
                0x00000000c0004807                f_getfree
                0x00000000c0004910                f_truncate
                0x00000000c00049fa                f_unlink
                0x00000000c0004b1c                f_mkdir
                0x00000000c0004cb7                f_rename
                0x00000000c0004e6f                f_chmod
                0x00000000c0004f1f                f_utime
                0x00000000c0004fcf                f_getlabel
                0x00000000c0005120                f_setlabel
                0x00000000c00052b0                f_expand
                0x00000000c000541d                f_mkfs
 *fill*         0x00000000c0005c1d        0x3 
 .text          0x00000000c0005c20       0x2f fs/fat/ffsystem.32
                0x00000000c0005c20                ff_memalloc
                0x00000000c0005c38                ff_memfree
 *fill*         0x00000000c0005c4f        0x1 
 .text          0x00000000c0005c50      0x2dc fs/fat/ffunicode.32
                0x00000000c0005c50                ff_uni2oem
                0x00000000c0005cf0                ff_oem2uni
                0x00000000c0005d68                ff_wtoupper
 .text          0x00000000c0005f2c      0xd32 fs/iso9660/iso9660.32
                0x00000000c0006177                isoReadDiscSector
                0x00000000c0006212                strnicmp
                0x00000000c00064c1                stricmp
                0x00000000c000650d                iso_open
                0x00000000c0006597                iso_close
                0x00000000c00065b5                iso_read
                0x00000000c00066cb                iso_seek
                0x00000000c000674f                iso_tell
                0x00000000c0006780                iso_total
                0x00000000c00067ab                fn_postprocess
                0x00000000c00067d2                iso_readdir
                0x00000000c0006a29                iso_reset
                0x00000000c0006a46                init_percd
                0x00000000c0006b40                iso_ioctl
                0x00000000c0006b58                fs_iso9660_init
                0x00000000c0006bee                fs_iso9660_shutdown
 .text          0x00000000c0006c5e      0x6c3 core/computer.32
                0x00000000c0006c5e                Computer::close(int, int, void*)
                0x00000000c0006ca8                Krnl::firstTask()
                0x00000000c0006de6                Computer::Computer()
                0x00000000c0006de6                Computer::Computer()
                0x00000000c0006e96                Computer::setBootMessage(char const*)
                0x00000000c0006e98                Computer::detectFeatures()
                0x00000000c00070be                Computer::displayFeatures()
                0x00000000c00070c0                Computer::rdmsr(unsigned int)
                0x00000000c00070ec                Computer::wrmsr(unsigned int, unsigned long long)
                0x00000000c0007128                Computer::shutdown()
                0x00000000c0007140                Computer::restart()
                0x00000000c0007158                Computer::sleep()
                0x00000000c000716c                Computer::nmiEnabled()
                0x00000000c0007178                Computer::readCMOS(unsigned char)
                0x00000000c0007196                Computer::enableNMI(bool)
                0x00000000c00071ae                Computer::open(int, int, void*)
                0x00000000c0007282                Computer::disableNMI()
                0x00000000c0007292                Computer::writeCMOS(unsigned char, unsigned char)
                0x00000000c00072b6                Computer::handleNMI()
 *fill*         0x00000000c0007321        0x1 
 .text          0x00000000c0007322      0x1db core/gdt.32
                0x00000000c0007322                GDTEntry::setBase(unsigned int)
                0x00000000c000733e                GDTEntry::setLimit(unsigned int)
                0x00000000c000735c                GDT::GDT()
                0x00000000c000735c                GDT::GDT()
                0x00000000c0007372                GDT::addEntry(GDTEntry)
                0x00000000c0007394                GDT::getNumberOfEntries()
                0x00000000c000739c                GDT::flush()
                0x00000000c00073be                GDT::setup()
 .text          0x00000000c00074fd       0x1d core/idle.32
                0x00000000c00074fd                idleFunction(void*)
 *fill*         0x00000000c000751a        0x2 
 .text          0x00000000c000751c      0x46c core/idt.32
                0x00000000c000751c                IDTEntry::IDTEntry(bool)
                0x00000000c000751c                IDTEntry::IDTEntry(bool)
                0x00000000c0007596                IDTEntry::setOffset(unsigned int)
                0x00000000c00075ac                IDT::IDT()
                0x00000000c00075ac                IDT::IDT()
                0x00000000c00075ae                IDT::getPointerToInvalidOpcodeEntryForF00F()
                0x00000000c00075b6                IDT::addEntry(IDTEntry, int)
                0x00000000c00075d0                IDT::addEntry(int, void (*)(), bool)
                0x00000000c0007608                IDT::flush()
                0x00000000c0007622                IDT::setup()
 .text          0x00000000c0007988      0x188 core/kheap.32
                0x00000000c0007988                sbrk
                0x00000000c0007a1f                mmap
                0x00000000c0007a35                munmap
                0x00000000c0007a4b                liballoc_lock()
                0x00000000c0007a59                liballoc_unlock()
                0x00000000c0007a6f                liballoc_alloc(int)
                0x00000000c0007a87                liballoc_free(void*, int)
                0x00000000c0007aa2                realloc
                0x00000000c0007ab6                malloc
                0x00000000c0007ac6                free
                0x00000000c0007ad6                rfree
                0x00000000c0007ae6                calloc
 .text          0x00000000c0007b10       0xc7 core/main.32
                0x00000000c0007b10                KeEntryPoint
 .text          0x00000000c0007bd7      0x644 core/physmgr.32
                0x00000000c0007bd7                Phys::allocateDMA(unsigned long)
                0x00000000c0007cbf                Phys::freeDMA(unsigned long, unsigned long)
                0x00000000c0007cfa                Phys::setPageState(unsigned long, bool)
                0x00000000c0007d3a                Phys::getPageState(unsigned long)
                0x00000000c0007d56                Phys::freePage(unsigned long)
                0x00000000c0007dbf                Phys::allocatePage()
                0x00000000c0007e8e                Phys::allocateContiguousPages(int)
                0x00000000c0007ef5                Phys::allowSegmentToBeUsed(unsigned long, unsigned long)
                0x00000000c0007f2d                Phys::physicalMemorySetup(unsigned int)
 *fill*         0x00000000c000821b        0x1 
 .text          0x00000000c000821c      0x273 core/pipe.32
                0x00000000c000821c                Pipe::isAtty()
                0x00000000c0008220                Pipe::~Pipe()
                0x00000000c0008220                Pipe::~Pipe()
                0x00000000c0008244                Pipe::~Pipe()
                0x00000000c000826c                Pipe::write(unsigned long long, void*, int*)
                0x00000000c000832c                Pipe::read(unsigned long long, void*, int*)
                0x00000000c0008428                Pipe::Pipe(int)
                0x00000000c0008428                Pipe::Pipe(int)
 *fill*         0x00000000c000848f        0x1 
 .text          0x00000000c0008490      0xab3 core/terminal.32
                0x00000000c0008490                VgaText::isAtty()
                0x00000000c0008494                VgaText::~VgaText()
                0x00000000c0008494                VgaText::~VgaText()
                0x00000000c00084b8                VgaText::~VgaText()
                0x00000000c00084e2                VgaText::read(unsigned long long, void*, int*)
                0x00000000c0008502                setTerminalScrollLock(bool)
                0x00000000c0008503                doTerminalCycle()
                0x00000000c0008504                addToTerminalCycle(VgaText*)
                0x00000000c0008505                scrollTerminalScrollLock(int)
                0x00000000c0008506                VgaText::updateTitle()
                0x00000000c0008508                VgaText::load()
                0x00000000c000850a                VgaText::updateCursor()
                0x00000000c0008520                VgaText::doANSI_SGR(int)
                0x00000000c0008594                VgaText::setDefaultBgColour(VgaColour)
                0x00000000c00085a4                VgaText::setDefaultFgColour(VgaColour)
                0x00000000c00085b4                VgaText::setDefaultColours(VgaColour, VgaColour)
                0x00000000c00085d4                VgaText::setTitleTextColour(VgaColour)
                0x00000000c00085e0                VgaText::setTitleColour(VgaColour)
                0x00000000c00085ec                VgaText::setTitle(char*)
                0x00000000c00085ee                VgaText::combineColours(unsigned char, unsigned char)
                0x00000000c0008600                VgaText::scrollScreen()
                0x00000000c0008692                VgaText::combineCharAndColour(char, unsigned char)
                0x00000000c00086a2                VgaText::writeCharacter(char, VgaColour, VgaColour, int, int)
                0x00000000c0008732                VgaText::getCursorX()
                0x00000000c000873a                VgaText::getCursorY()
                0x00000000c0008742                VgaText::setCursor(int, int)
                0x00000000c0008759                setActiveTerminal(VgaText*)
                0x00000000c00087a4                VgaText::clearScreen()
                0x00000000c00087f2                VgaText::setCursorX(int)
                0x00000000c000880a                VgaText::setCursorY(int)
                0x00000000c0008822                VgaText::incrementCursor(bool)
                0x00000000c0008876                VgaText::decrementCursor(bool)
                0x00000000c0008898                VgaText::putchar(char, VgaColour, VgaColour)
                0x00000000c0008968                VgaText::putchar(char)
                0x00000000c0008a60                VgaText::putx(unsigned int)
                0x00000000c0008aa6                VgaText::puts(char const*)
                0x00000000c0008acc                VgaText::write(unsigned long long, void*, int*)
                0x00000000c0008b18                VgaText::puts(char const*, VgaColour, VgaColour)
                0x00000000c0008c66                VgaText::VgaText(char const*)
                0x00000000c0008c66                VgaText::VgaText(char const*)
                0x00000000c0008db6                VgaText::receiveKey(unsigned char)
                0x00000000c0008f42                VgaText::doUpdate()
 *fill*         0x00000000c0008f43        0x1 
 .text          0x00000000c0008f44      0x1a1 core/tss.32
                0x00000000c0008f44                TSS::TSS()
                0x00000000c0008f44                TSS::TSS()
                0x00000000c0008f54                TSS::setESP(unsigned long)
                0x00000000c0008f68                TSS::flush()
                0x00000000c0008f88                TSS::setup(unsigned long, unsigned long)
 *fill*         0x00000000c00090e5        0x1 
 .text          0x00000000c00090e6      0x4ca core/unixfile.32
                0x00000000c00090e6                ReservedFilename::read(unsigned long long, void*, int*)
                0x00000000c000913c                ReservedFilename::isAtty()
                0x00000000c0009158                ReservedFilename::write(unsigned long long, void*, int*)
                0x00000000c00091b6                UnixFile::getFileDescriptor()
                0x00000000c00091be                UnixFile::UnixFile(int)
                0x00000000c00091be                UnixFile::UnixFile(int)
                0x00000000c0009372                ReservedFilename::ReservedFilename(int)
                0x00000000c0009372                ReservedFilename::ReservedFilename(int)
                0x00000000c00093a4                UnixFile::~UnixFile()
                0x00000000c00093a4                UnixFile::~UnixFile()
                0x00000000c0009440                UnixFile::~UnixFile()
                0x00000000c0009468                ReservedFilename::~ReservedFilename()
                0x00000000c0009468                ReservedFilename::~ReservedFilename()
                0x00000000c000948c                ReservedFilename::~ReservedFilename()
                0x00000000c00094b3                KeGetFileFromDescriptor(int)
 .text          0x00000000c00095b0     0x1218 core/virtmgr.32
                0x00000000c00095b0                Virt::setPageState(unsigned long, Virt::VirtPageState)
                0x00000000c00095ea                Virt::getPageState(unsigned long)
                0x00000000c000960d                Virt::allocateKernelVirtualPages(int)
                0x00000000c0009732                Virt::freeSwapfilePage(unsigned long)
                0x00000000c0009755                Virt::swapIDToSector(unsigned long)
                0x00000000c000976b                Virt::allocateSwapfilePage()
                0x00000000c00097eb                Virt::virtualMemorySetup()
                0x00000000c000983c                Virt::setupPageSwapping(int)
                0x00000000c00098ae                VAS::setCPUSpecific(unsigned long)
                0x00000000c00098b0                VAS::VAS(VAS*)
                0x00000000c00098b0                VAS::VAS(VAS*)
                0x00000000c00098de                VAS::getForeignPageTableEntry(bool, unsigned long)
                0x00000000c000990c                VAS::getPageTableEntry(unsigned long)
                0x00000000c000992b                Virt::freeKernelVirtualPages(unsigned long)
                0x00000000c0009a68                VAS::freeAllocatedPages(unsigned long)
                0x00000000c0009a8c                VAS::virtualToPhysical(unsigned long)
                0x00000000c0009aa6                VAS::reflagRange(unsigned long, int, unsigned long, unsigned long)
                0x00000000c0009ae8                VAS::VAS()
                0x00000000c0009ae8                VAS::VAS()
                0x00000000c0009b52                VAS::setToWriteCombining(unsigned long, int)
                0x00000000c0009b86                VAS::mapOtherVASIn(bool, VAS*)
                0x00000000c0009bb2                VAS::~VAS()
                0x00000000c0009bb2                VAS::~VAS()
                0x00000000c0009d20                VAS::mapPage(unsigned long, unsigned long, int)
                0x00000000c0009e24                VAS::allocatePages(int, int)
                0x00000000c0009f1a                VAS::mapRange(unsigned long, unsigned long, int, int)
                0x00000000c0009f72                VAS::mapForeignPage(bool, VAS*, unsigned long, unsigned long, int)
                0x00000000c000a068                VAS::VAS(bool)
                0x00000000c000a068                VAS::VAS(bool)
                0x00000000c000a2b2                VAS::evict(unsigned long)
                0x00000000c000a390                VAS::tryLoadBackOffDisk(unsigned long)
                0x00000000c000a52a                VAS::allocateSharedMemoryWithKernel(unsigned long, unsigned long*)
                0x00000000c000a59e                VAS::freeSharedMemoryWithKernel(unsigned long, unsigned long)
                0x00000000c000a5ca                VAS::scanForEviction()
                0x00000000c000a6cd                mapVASFirstTime
 .text          0x00000000c000a7c8       0x5f coreobjs/c++.32
                0x00000000c000a7c8                __cxa_atexit
                0x00000000c000a7cb                __cxa_finalize
                0x00000000c000a7cc                __stack_chk_fail
                0x00000000c000a802                __cxa_pure_virtual
                0x00000000c000a813                operator new[](unsigned long)
                0x00000000c000a818                operator delete(void*, unsigned long)
                0x00000000c000a81d                operator delete[](void*)
                0x00000000c000a822                operator delete[](void*, unsigned long)
 .text          0x00000000c000a827      0x254 dbg/kconsole.32
                0x00000000c000a827                Dbg::stringifyxWithBase(unsigned int, char*, int)
                0x00000000c000a8c7                Dbg::logc(char)
                0x00000000c000a8e7                Dbg::logs(char*)
                0x00000000c000a906                Dbg::logWriteInt(unsigned int)
                0x00000000c000a924                Dbg::logWriteIntBase(unsigned int, int)
                0x00000000c000a945                Dbg::kprintf(char const*, ...)
 *fill*         0x00000000c000aa7b        0x1 
 .text          0x00000000c000aa7c      0x2d4 dbg/usban.32
                0x00000000c000aa7c                KiUbsanPrintDetails(char const*, void*)
                0x00000000c000aae8                __ubsan_handle_type_mismatch_v1
                0x00000000c000abc4                __ubsan_handle_pointer_overflow
                0x00000000c000abf0                __ubsan_handle_out_of_bounds
                0x00000000c000ac1c                __ubsan_handle_add_overflow
                0x00000000c000ac48                __ubsan_handle_load_invalid_value
                0x00000000c000ac74                __ubsan_handle_divrem_overflow
                0x00000000c000aca0                __ubsan_handle_mul_overflow
                0x00000000c000accc                __ubsan_handle_sub_overflow
                0x00000000c000acf8                __ubsan_handle_shift_out_of_bounds
                0x00000000c000ad24                __ubsan_handle_negate_overflow
 .text          0x00000000c000ad50      0x86d fs/symlink.32
                0x00000000c000ae9f                KiDeinitialiseSymlinks(void*)
                0x00000000c000af32                KeRegisterSymlink(char const*, unsigned long long)
                0x00000000c000afc4                KeInitialiseSymlinks()
                0x00000000c000b138                KiIsSymlinkRegistered(char const*)
                0x00000000c000b2bc                KeDereferenceSymlink(char const*, char*)
                0x00000000c000b463                KeCreateSymlink(char const*, char const*)
 *fill*         0x00000000c000b5bd        0x1 
 .text          0x00000000c000b5be      0xd68 fs/vfs.32
                0x00000000c000b5be                File::read(unsigned long long, void*, int*)
                0x00000000c000b616                File::write(unsigned long long, void*, int*)
                0x00000000c000b66e                Directory::read(unsigned long long, void*, int*)
                0x00000000c000b6c6                Directory::write(unsigned long long, void*, int*)
                0x00000000c000b6f4                File::isAtty()
                0x00000000c000b6f8                Directory::isAtty()
                0x00000000c000b6fc                Filesystem::getlabel(LogicalDisk*, int, char*, unsigned int*)
                0x00000000c000b702                Filesystem::setlabel(LogicalDisk*, int, char*)
                0x00000000c000b708                Filesystem::allocateSwapfile(char const*, int)
                0x00000000c000b70e                File::~File()
                0x00000000c000b70e                File::~File()
                0x00000000c000b732                File::~File()
                0x00000000c000b75c                Directory::~Directory()
                0x00000000c000b75c                Directory::~Directory()
                0x00000000c000b780                Directory::~Directory()
                0x00000000c000b7aa                Filesystem::Filesystem()
                0x00000000c000b7aa                Filesystem::Filesystem()
                0x00000000c000b7ce                Filesystem::~Filesystem()
                0x00000000c000b7ce                Filesystem::~Filesystem()
                0x00000000c000b7dc                Filesystem::~Filesystem()
                0x00000000c000b800                Fs::getcwd(Process*, char*, int)
                0x00000000c000b82a                Fs::initVFS()
                0x00000000c000b854                Fs::standardiseFiles(char*, char const*, char const*, bool)
                0x00000000c000ba6e                File::File(char const*, Process*, bool)
                0x00000000c000ba6e                File::File(char const*, Process*, bool)
                0x00000000c000bb4c                File::File(char const*, Process*)
                0x00000000c000bb4c                File::File(char const*, Process*)
                0x00000000c000bb6a                File::open(FileOpenMode)
                0x00000000c000bbc8                File::close()
                0x00000000c000bc28                File::seek(unsigned long long)
                0x00000000c000bc7e                File::truncate(unsigned long long)
                0x00000000c000bcd4                File::tell(unsigned long long*)
                0x00000000c000bd24                File::rewind()
                0x00000000c000bd38                File::unlink()
                0x00000000c000bd84                File::rename(char const*)
                0x00000000c000bdd2                File::chfatattr(unsigned char, unsigned char)
                0x00000000c000be2e                File::exists()
                0x00000000c000be6c                File::stat(unsigned long long*, bool*)
                0x00000000c000becd                Fs::setcwd(Process*, char*)
                0x00000000c000c02c                Directory::Directory(char const*, Process*)
                0x00000000c000c02c                Directory::Directory(char const*, Process*)
                0x00000000c000c0f4                Directory::open()
                0x00000000c000c150                Directory::close()
                0x00000000c000c1b0                Directory::unlink()
                0x00000000c000c1fc                Directory::rename(char const*)
                0x00000000c000c24a                Directory::exists()
                0x00000000c000c288                Directory::read(dirent*)
                0x00000000c000c2d4                Directory::create()
                0x00000000c000c320                Filesystem::chfatattr(char const*, unsigned char, unsigned char)
 *fill*         0x00000000c000c326        0x2 
 .text          0x00000000c000c328       0x86 hal/bus.32
                0x00000000c000c328                Bus::Bus(char const*)
                0x00000000c000c328                Bus::Bus(char const*)
                0x00000000c000c360                Bus::~Bus()
                0x00000000c000c360                Bus::~Bus()
                0x00000000c000c384                Bus::~Bus()
 .text          0x00000000c000c3ae       0x96 hal/buzzer.32
                0x00000000c000c3ae                beepThread(void*)
                0x00000000c000c3eb                Krnl::beep(int, int, bool)
 .text          0x00000000c000c444      0x45f hal/clock.32
                0x00000000c000c444                User::loadClockSettings(int)
                0x00000000c000c496                Clock::Clock(char const*)
                0x00000000c000c496                Clock::Clock(char const*)
                0x00000000c000c4cc                Clock::~Clock()
                0x00000000c000c4cc                Clock::~Clock()
                0x00000000c000c4f0                Clock::~Clock()
                0x00000000c000c51a                Clock::timeInSecondsLocal()
                0x00000000c000c562                Clock::setTimeInSecondsLocal(unsigned long long)
                0x00000000c000c5bb                datetimeToSeconds(datetime_t)
                0x00000000c000c6da                Clock::setTimeInDatetimeLocal(datetime_t)
                0x00000000c000c73a                secondsToDatetime(unsigned long long)
                0x00000000c000c87e                Clock::timeInDatetimeLocal()
 *fill*         0x00000000c000c8a3        0x1 
 .text          0x00000000c000c8a4      0x464 hal/device.32
                0x00000000c000c8a4                Device::hibernate()
                0x00000000c000c8a6                Device::wake()
                0x00000000c000c8a8                Device::detect()
                0x00000000c000c8aa                Device::disableLegacy()
                0x00000000c000c8ac                Device::powerSaving(PowerSavingLevel)
                0x00000000c000c8ae                DriverlessDevice::close(int, int, void*)
                0x00000000c000c8b2                DriverlessDevice::detect()
                0x00000000c000c8b4                DriverlessDevice::open(int, int, void*)
                0x00000000c000c8c8                Device::~Device()
                0x00000000c000c8c8                Device::~Device()
                0x00000000c000c8d6                Device::~Device()
                0x00000000c000c8fe                Device::findAndLoadDriver()
                0x00000000c000c90c                Device::preOpenPCI(PCIDeviceInfo)
                0x00000000c000c932                Device::preOpenACPI(void*, char*, char*)
                0x00000000c000c972                Device::addIRQHandler(int, void (*)(regs*, void*), bool, void*)
                0x00000000c000c99c                Device::getParent()
                0x00000000c000c9a8                Device::removeIRQHandler(int, void (*)(regs*, void*), bool)
                0x00000000c000c9c6                Device::addChild(Device*)
                0x00000000c000ca0a                Device::removeAllChildren()
                0x00000000c000ca50                Device::hibernateAll()
                0x00000000c000ca80                Device::wakeAll()
                0x00000000c000cab0                Device::detectAll()
                0x00000000c000cae0                Device::disableLegacyAll()
                0x00000000c000cae2                Device::loadDriversForAll()
                0x00000000c000cae4                Device::closeAll()
                0x00000000c000cb1a                Device::powerSavingAll(PowerSavingLevel)
                0x00000000c000cb50                Device::setName(char const*)
                0x00000000c000cb5e                Device::Device(char const*)
                0x00000000c000cb5e                Device::Device(char const*)
                0x00000000c000cc5a                Device::getName()
                0x00000000c000cc64                DriverlessDevice::DriverlessDevice(char const*)
                0x00000000c000cc64                DriverlessDevice::DriverlessDevice(char const*)
                0x00000000c000cc9a                Device::addToLinkedList(LinkedList<Device>&, DeviceType)
                0x00000000c000ccde                getDevicesOfType(DeviceType)
 .text          0x00000000c000cd08       0x86 hal/diskctrl.32
                0x00000000c000cd08                HardDiskController::HardDiskController(char const*)
                0x00000000c000cd08                HardDiskController::HardDiskController(char const*)
                0x00000000c000cd40                HardDiskController::~HardDiskController()
                0x00000000c000cd40                HardDiskController::~HardDiskController()
                0x00000000c000cd64                HardDiskController::~HardDiskController()
 .text          0x00000000c000cd8e       0xe2 hal/diskphys.32
                0x00000000c000cd8e                PhysicalDisk::eject()
                0x00000000c000cd92                PhysicalDisk::PhysicalDisk(char const*, int)
                0x00000000c000cd92                PhysicalDisk::PhysicalDisk(char const*, int)
                0x00000000c000cdfa                PhysicalDisk::startCache()
                0x00000000c000ce22                PhysicalDisk::~PhysicalDisk()
                0x00000000c000ce22                PhysicalDisk::~PhysicalDisk()
                0x00000000c000ce46                PhysicalDisk::~PhysicalDisk()
 .text          0x00000000c000ce70        0x0 hal/fpu.32
 .text          0x00000000c000ce70      0x359 hal/intctrl.32
                0x00000000c000ce70                int_handler
                0x00000000c000cefa                installISRHandler(int, void (*)(regs*, void*), void*)
                0x00000000c000cf44                installIRQHandler(int, void (*)(regs*, void*), bool, void*)
                0x00000000c000d078                uninstallISRHandler(int, void (*)(regs*, void*))
                0x00000000c000d0ac                uninstallIRQHandler(int, void (*)(regs*, void*), bool)
                0x00000000c000d12a                setupINTS()
                0x00000000c000d187                convertLegacyIRQNumber(int)
 *fill*         0x00000000c000d1c9        0x1 
 .text          0x00000000c000d1ca      0x8be hal/keybrd.32
                0x00000000c000d1ca                startGUI(void*)
                0x00000000c000d238                startGUIVESA(void*)
                0x00000000c000d2a6                sendKeyToTerminal(unsigned char)
                0x00000000c000d381                sendKeyboardToken(KeyboardToken)
                0x00000000c000d86b                clearInternalKeybuffer(VgaText*)
                0x00000000c000d8a0                readKeyboard(VgaText*, char*, unsigned long)
                0x00000000c000d9fe                Keyboard::Keyboard(char const*)
                0x00000000c000d9fe                Keyboard::Keyboard(char const*)
                0x00000000c000da3a                Keyboard::~Keyboard()
                0x00000000c000da3a                Keyboard::~Keyboard()
                0x00000000c000da5e                Keyboard::~Keyboard()
 .text          0x00000000c000da88      0x3f8 hal/logidisk.32
                0x00000000c000da88                LogicalDisk::close(int, int, void*)
                0x00000000c000da8c                LogicalDisk::~LogicalDisk()
                0x00000000c000da8c                LogicalDisk::~LogicalDisk()
                0x00000000c000dab0                LogicalDisk::~LogicalDisk()
                0x00000000c000dada                LogicalDisk::open(int, int, void*)
                0x00000000c000daee                LogicalDisk::absoluteToRelative(unsigned long long)
                0x00000000c000db26                LogicalDisk::relativeToAbsolute(unsigned long long)
                0x00000000c000db6c                LogicalDisk::LogicalDisk(char const*, PhysicalDisk*, unsigned long long, unsigned long long)
                0x00000000c000db6c                LogicalDisk::LogicalDisk(char const*, PhysicalDisk*, unsigned long long, unsigned long long)
                0x00000000c000dc2c                LogicalDisk::assignDriveLetter()
                0x00000000c000dce6                LogicalDisk::mount()
                0x00000000c000dd2e                LogicalDisk::unmount()
                0x00000000c000dd3e                LogicalDisk::eject()
                0x00000000c000dd52                LogicalDisk::unassignDriveLetter()
                0x00000000c000dda8                LogicalDisk::read(unsigned long long, int, void*)
                0x00000000c000de14                LogicalDisk::write(unsigned long long, int, void*)
 .text          0x00000000c000de80       0x86 hal/mouse.32
                0x00000000c000de80                Mouse::Mouse(char const*)
                0x00000000c000de80                Mouse::Mouse(char const*)
                0x00000000c000deb8                Mouse::~Mouse()
                0x00000000c000deb8                Mouse::~Mouse()
                0x00000000c000dedc                Mouse::~Mouse()
 .text          0x00000000c000df06       0x90 hal/nic.32
                0x00000000c000df06                NIC::getMAC()
                0x00000000c000df0c                NIC::write(int, unsigned char*, int*)
                0x00000000c000df12                NIC::NIC(char const*)
                0x00000000c000df12                NIC::NIC(char const*)
                0x00000000c000df48                NIC::~NIC()
                0x00000000c000df48                NIC::~NIC()
                0x00000000c000df6c                NIC::~NIC()
 .text          0x00000000c000df96      0x33b hal/partition.32
                0x00000000c000df96                makePartition(PhysicalDisk*, unsigned long long, unsigned long long)
                0x00000000c000e03e                createPartitionsForDisk(PhysicalDisk*)
 *fill*         0x00000000c000e2d1        0x3 
 .text          0x00000000c000e2d4       0x86 hal/serial.32
                0x00000000c000e2d4                Serial::Serial(char const*)
                0x00000000c000e2d4                Serial::Serial(char const*)
                0x00000000c000e30c                Serial::~Serial()
                0x00000000c000e30c                Serial::~Serial()
                0x00000000c000e330                Serial::~Serial()
 *fill*         0x00000000c000e35a        0x2 
 .text          0x00000000c000e35c      0x234 hal/timer.32
                0x00000000c000e35c                Timer::Timer(char const*)
                0x00000000c000e35c                Timer::Timer(char const*)
                0x00000000c000e394                Timer::~Timer()
                0x00000000c000e394                Timer::~Timer()
                0x00000000c000e3b8                Timer::~Timer()
                0x00000000c000e3e2                Timer::read()
                0x00000000c000e3ed                setupTimer(int)
                0x00000000c000e428                timerHandler(unsigned int)
 .text          0x00000000c000e590      0x444 hal/vcache.32
                0x00000000c000e590                VCache::VCache(PhysicalDisk*)
                0x00000000c000e590                VCache::VCache(PhysicalDisk*)
                0x00000000c000e700                VCache::invalidateReadBuffer()
                0x00000000c000e710                VCache::writeWriteBuffer()
                0x00000000c000e75c                VCache::~VCache()
                0x00000000c000e75c                VCache::~VCache()
                0x00000000c000e7b4                VCache::~VCache()
                0x00000000c000e7dc                VCache::write(unsigned long long, int, void*)
                0x00000000c000e8ca                VCache::read(unsigned long long, int, void*)
 .text          0x00000000c000e9d4      0x4c7 hal/video.32
                0x00000000c000e9d4                Video::putrect(int, int, int, int, unsigned int)
                0x00000000c000ea20                Video::bitblit(int, int, int, int, int, int, int, unsigned int*)
                0x00000000c000ea90                Video::blit(unsigned int*, int, int, int, int)
                0x00000000c000eb0e                Video::clearScreen(unsigned int)
                0x00000000c000eb42                Video::putpixel(int, int, unsigned int)
                0x00000000c000eb50                Video::readPixelApprox(int, int)
                0x00000000c000eb64                Video::Video(char const*)
                0x00000000c000eb64                Video::Video(char const*)
                0x00000000c000eb9a                Video::~Video()
                0x00000000c000eb9a                Video::~Video()
                0x00000000c000ebbe                Video::~Video()
                0x00000000c000ebe8                Video::isMonochrome()
                0x00000000c000ebf4                Video::getWidth()
                0x00000000c000ec00                Video::getHeight()
                0x00000000c000ec0c                Video::drawCursor(int, int, unsigned int*, int)
                0x00000000c000ecc8                Video::tgaParse(unsigned char*, int, int*, int*)
                0x00000000c000ee30                Video::putTGA(int, int, unsigned char*, int)
 *fill*         0x00000000c000ee9b        0x1 
 .text          0x00000000c000ee9c     0x138b hw/acpi.32
                0x00000000c000ee9c                ACPI::close(int, int, void*)
                0x00000000c000ef50                findRSDP()
                0x00000000c000efe8                loadACPITables(unsigned char*)
                0x00000000c000f254                findRSDT(unsigned char*)
                0x00000000c000f3ac                findDataTable(unsigned char*, char*)
                0x00000000c000f42c                scanMADT()
                0x00000000c000f8e4                ACPI::ACPI()
                0x00000000c000f8e4                ACPI::ACPI()
                0x00000000c000f938                ACPI::getPCIIRQAssignment(unsigned char, unsigned short, unsigned char)
                0x00000000c000fa34                ACPI::registerPCIIRQAssignment(void*, unsigned short, unsigned char, unsigned char)
                0x00000000c000fb00                ACPI::setScreenBrightnessLevel(void*, int)
                0x00000000c000fb08                ACPI::detectPCI()
                0x00000000c000fd28                ACPI::writeSimpleBootFlag(SimpleBootFlagTable*)
                0x00000000c000fd70                ACPI::sleep()
                0x00000000c000fd8c                ACPI::open(int, int, void*)
 *fill*         0x00000000c0010227        0x1 
 .text          0x00000000c0010228      0xbc5 hw/cpu.32
                0x00000000c0010228                CPU::close(int, int, void*)
                0x00000000c001022c                CPU::AMD_K6_write_msr(unsigned int, unsigned int, unsigned int, CPU::REGS*)
                0x00000000c0010248                CPU::AMD_K6_read_msr(unsigned int, CPU::REGS*)
                0x00000000c0010260                CPU::AMD_K6_writeback(int, int, int)
                0x00000000c00102d4                CPU::cpuid(int, unsigned long*, unsigned long*, unsigned long*, unsigned long*)
                0x00000000c0010358                CPU::cpuidCheckEDX(unsigned int)
                0x00000000c0010386                CPU::cpuidCheckECX(unsigned int)
                0x00000000c00103b4                CPU::cpuidCheckExtendedEBX(unsigned int)
                0x00000000c00103e2                CPU::cpuidCheckExtendedECX(unsigned int)
                0x00000000c0010410                CPU::CPU()
                0x00000000c0010410                CPU::CPU()
                0x00000000c001049e                CPU::displayFeatures()
                0x00000000c00104a0                CPU::detectFeatures()
                0x00000000c0010b74                CPU::setupSMEP()
                0x00000000c0010b80                CPU::setupUMIP()
                0x00000000c0010b8a                CPU::setupTSC()
                0x00000000c0010b94                CPU::setupLargePages()
                0x00000000c0010b9e                CPU::setupPAT()
                0x00000000c0010bda                CPU::setupMTRR()
                0x00000000c0010bdc                CPU::setupGlobalPages()
                0x00000000c0010be6                CPU::allowUsermodeDataAccess()
                0x00000000c0010bf8                CPU::prohibitUsermodeDataAccess()
                0x00000000c0010c0a                CPU::setupSMAP()
                0x00000000c0010c18                CPU::setupFeatures()
                0x00000000c0010ce4                CPU::open(int, int, void*)
 .text          0x00000000c0010ded       0xb6 krnl/atexit.32
                0x00000000c0010ded                KeInitialiseAtexit()
                0x00000000c0010e0c                KeRegisterAtexit(void (*)(void*), void*)
                0x00000000c0010e40                KeExecuteAtexit()
 .text          0x00000000c0010ea3       0xdf krnl/bootmsg.32
                0x00000000c0010ea3                KeDisplaySplashScreen()
                0x00000000c0010f1f                KeSetBootMessage(char const*)
 *fill*         0x00000000c0010f82        0x2 
 .text          0x00000000c0010f84       0x1d krnl/compat.32
                0x00000000c0010f84                Krnl::handlePowerButton()
                0x00000000c0010f94                Krnl::handleSleepButton()
 .text          0x00000000c0010fa1       0x2b krnl/crc32.32
                0x00000000c0010fa1                KeCalculateCRC32(unsigned char*, int)
 .text          0x00000000c0010fcc      0x5bf krnl/env.32
                0x00000000c0010fcc                EnvVarContainer::getEnv(char const*)
                0x00000000c001100a                EnvVarContainer::setEnv(char const*, char const*)
                0x00000000c00110cc                EnvVarContainer::deleteEnv(char const*)
                0x00000000c00110ce                EnvVarContainer::loadFrom(char const*, char const*)
                0x00000000c00112f2                EnvVarContainer::__loadSystem()
                0x00000000c001130c                EnvVarContainer::__loadUser()
                0x00000000c001130e                EnvVarContainer::EnvVarContainer(Process*)
                0x00000000c001130e                EnvVarContainer::EnvVarContainer(Process*)
                0x00000000c0011330                EnvVarContainer::~EnvVarContainer()
                0x00000000c0011330                EnvVarContainer::~EnvVarContainer()
                0x00000000c0011360                KeGetEnv(Process*, char const*)
                0x00000000c00113c5                KeSetEnvSystem(char const*, char const*)
                0x00000000c00113df                KeSetEnvUser(char const*, char const*)
                0x00000000c00113fe                KeSetEnvProcess(Process*, char const*, char const*)
                0x00000000c0011411                KeDeleteEnvSystem(char const*)
                0x00000000c0011412                KeDeleteEnvUser(char const*)
                0x00000000c0011413                KeDeleteEnvProcess(Process*, char const*)
                0x00000000c0011414                KeNewProcessEnv(Process*)
                0x00000000c0011436                KeCopyProcessEnv(Process*, Process*)
                0x00000000c0011482                KeLoadSystemEnv()
                0x00000000c00114b0                KeLoadUserEnv()
                0x00000000c00114d6                KeFlushEnv()
                0x00000000c00114d7                KeGetProcessTotalEnvCount(Process*)
                0x00000000c00114f7                KeGetProcessEnvPair(Process*, int)
 .text          0x00000000c001158b       0x94 krnl/inlines.32
                0x00000000c001158b                CPU::current()
                0x00000000c0011597                operator new(unsigned long)
                0x00000000c001159c                operator delete(void*)
                0x00000000c00115a1                disableIRQs()
                0x00000000c00115a3                enableIRQs()
                0x00000000c00115a5                lockScheduler()
                0x00000000c00115ad                unlockScheduler()
                0x00000000c00115bc                lockStuff()
                0x00000000c00115ca                unlockStuff()
                0x00000000c0011604                Virt::getAKernelVAS()
                0x00000000c001160a                __not_memcpy
 .text          0x00000000c001161f        0xc krnl/panic.32
                0x00000000c001161f                KePanic(char const*)
 .text          0x00000000c001162b      0x142 krnl/powctrl.32
                0x00000000c001162b                KePowerThread(void*)
                0x00000000c0011659                KeChangePowerSettings(PowerSettings)
                0x00000000c001166f                KeUserIOReceived()
                0x00000000c001167a                KeHandlePowerButton()
                0x00000000c00116af                KeHandleSleepButton()
                0x00000000c00116e4                KeSetupPowerManager()
 .text          0x00000000c001176d       0x9d krnl/random.32
                0x00000000c001176d                KeRand()
                0x00000000c00117af                KeSeedRand(unsigned int)
                0x00000000c00117d8                KeInitRand()
 *fill*         0x00000000c001180a        0x2 
 .text          0x00000000c001180c      0x1bc krnl/resolve.32
                0x00000000c001180c                KeResolveCompatibilitySymbol(char*)
 .text          0x00000000c00119c8      0x322 krnl/signal.32
                0x00000000c00119c8                KiSigKill(int)
                0x00000000c00119dc                KiDefaultSignalHandlerIgnore(int)
                0x00000000c00119dd                KiDefaultSignalHandlerPause(int)
                0x00000000c0011a09                KiDefaultSignalHandlerResume(int)
                0x00000000c0011a35                KeDeinitSignals(SigHandlerBlock*)
                0x00000000c0011a3a                KeInitSignals()
                0x00000000c0011a8c                KeRegisterSignalHandler(SigHandlerBlock*, int, void (*)(int), unsigned int, int)
                0x00000000c0011ac2                KeRaiseSignal(SigHandlerBlock*, int)
                0x00000000c0011b3f                KeCheckSignal(SigHandlerBlock*, int*)
                0x00000000c0011c36                KiCheckSignalZ
                0x00000000c0011c78                KeCompleteSignal(SigHandlerBlock*, int)
                0x00000000c0011cb3                KiFinishSignalZ
 .text          0x00000000c0011cea      0xe10 krnl/syscalls.32
                0x00000000c0011cea                SysSeekDir(regs*)
                0x00000000c0011cef                SysTellDir(regs*)
                0x00000000c0011cf4                SysVerify(regs*)
                0x00000000c0011cfe                SysGetArgc(regs*)
                0x00000000c0011d12                SysTTYName(regs*)
                0x00000000c0011d1a                SysFormatDisk(regs*)
                0x00000000c0011d91                SysSetDiskVolumeLabel(regs*)
                0x00000000c0011de5                SysGetDiskVolumeLabel(regs*)
                0x00000000c0011e3e                SysShutdown(regs*)
                0x00000000c0011e9c                SysRealpath(regs*)
                0x00000000c0011ee0                SysReadDir(regs*)
                0x00000000c0011f60                SysIsATTY(regs*)
                0x00000000c0011fba                SysSeek(regs*)
                0x00000000c0012011                SysTell(regs*)
                0x00000000c001207e                SysSize(regs*)
                0x00000000c00120f1                SysSizeFromFilename(regs*)
                0x00000000c0012222                SysSizeFromFilenameNoSymlink(regs*)
                0x00000000c0012353                SysClose(regs*)
                0x00000000c00123b3                SysOpenDir(regs*)
                0x00000000c0012430                SysMakeDir(regs*)
                0x00000000c001249e                SysCloseDir(regs*)
                0x00000000c00124f2                SysWait(regs*)
                0x00000000c0012513                SysNotImpl(regs*)
                0x00000000c001252e                SysPanic(regs*)
                0x00000000c0012549                SysRmdir(regs*)
                0x00000000c00125ae                SysUnlink(regs*)
                0x00000000c0012613                SysGetArgv(regs*)
                0x00000000c0012660                SysUSleep(regs*)
                0x00000000c0012689                SysSpawn(regs*)
                0x00000000c00126fc                SysGetEnv(regs*)
                0x00000000c00127ad                SysSetFatAttrib(regs*)
                0x00000000c0012820                SysPipe(regs*)
                0x00000000c0012865                SysGetUnixTime(regs*)
                0x00000000c0012879                string_ends_with(char const*, char const*)
                0x00000000c00128c1                SysOpen(regs*)
                0x00000000c0012ab8                KeSystemCall(regs*, void*)
 *fill*         0x00000000c0012afa        0x2 
 .text          0x00000000c0012afc      0x159 net/ethernet.32
                0x00000000c0012afc                KeSwitchEndian16(unsigned short)
                0x00000000c0012b20                KeSwitchEndian32(unsigned int)
                0x00000000c0012b50                EthernetCRC32(unsigned char*, int)
                0x00000000c0012bf4                EthernetReceivedPacket(EthernetUnwrappedFrame*, unsigned short)
 .text          0x00000000c0012c55      0xd56 reg/cm.32
                0x00000000c0012c55                CmOpen(char const*)
                0x00000000c0012d73                CmClose(Reghive_Tag*)
                0x00000000c0012d89                CmReadExtent(Reghive_Tag*, int, unsigned char*)
                0x00000000c0012dc5                CmGetString(Reghive_Tag*, int, char*)
                0x00000000c0012e3c                CmEnterDirectory(Reghive_Tag*, int)
                0x00000000c0012e7b                CmGetNext(Reghive_Tag*, int)
                0x00000000c0012ead                CmWriteExtent(Reghive_Tag*, int, unsigned char*)
                0x00000000c0012ee9                CmFreeExtent(Reghive_Tag*, int)
                0x00000000c0012f11                CmUpdateHeader(Reghive_Tag*)
                0x00000000c0012f32                CmExpand(Reghive_Tag*, int)
                0x00000000c0012fad                CmFindUnusedExtent(Reghive_Tag*)
                0x00000000c0013033                CmCreateExtent(Reghive_Tag*, int, int, unsigned char*)
                0x00000000c0013127                CmSetString(Reghive_Tag*, int, char const*)
                0x00000000c0013263                CmGetMatch(char*, char*, bool, bool*)
                0x00000000c00132c4                CmAddShift(unsigned int*, int*, unsigned char, int)
                0x00000000c00132f4                CmGetShift(unsigned int*, int*, int, bool*)
                0x00000000c001332b                CmGetInteger(Reghive_Tag*, int, unsigned long long*)
                0x00000000c0013355                CmSetInteger(Reghive_Tag*, int, unsigned long long)
                0x00000000c0013395                CmConvertFromInternalFilename(unsigned char const*, char*)
                0x00000000c0013439                CmGetNameAndTypeFromExtent(Reghive_Tag*, int, char*)
                0x00000000c0013467                CmConvertToInternalFilename(char const*, unsigned char*)
                0x00000000c0013605                CmCreateString(Reghive_Tag*, int, char const*)
                0x00000000c0013652                CmFindInDirectory(Reghive_Tag*, int, char const*)
                0x00000000c00136cc                CmCreateInteger(Reghive_Tag*, int, char const*, unsigned long long, int)
                0x00000000c001371f                CmCreateDirectory(Reghive_Tag*, int, char const*)
                0x00000000c00137e3                zStrtok(char*, char const*)
                0x00000000c0013855                CmFindObjectFromPath(Reghive_Tag*, char const*)
                0x00000000c00138d6                CmDisplayTree(Reghive_Tag*, int, int)
                0x00000000c0013979                CmSplitFinalSlashInPlace(char*)
 .text          0x00000000c00139ab      0x52a reg/registry.32
                0x00000000c00139ab                Reg::findLineFromLoadedData(char*, char*, char*)
                0x00000000c0013b1c                Reg::getLineFromRegistry(char*, char*, char*, char*)
                0x00000000c0013c71                Reg::getLine(char*, char*, char*)
                0x00000000c0013ca8                Reg::readInt(char*, char*, int*)
                0x00000000c0013d96                Reg::readString(char*, char*, char*, int)
                0x00000000c0013e17                Reg::readBool(char*, char*, bool*)
                0x00000000c0013e3c                Reg::readBoolWithDefault(char*, char*, bool)
                0x00000000c0013e68                Reg::readIntWithDefault(char*, char*, int)
                0x00000000c0013e94                Reg::readStringWithDefault(char*, char*, char*, int, char*)
 .text          0x00000000c0013ed5       0x36 sys/eject.32
                0x00000000c0013ed5                SysEject(regs*)
 .text          0x00000000c0013f0b       0x18 sys/exit.32
                0x00000000c0013f0b                SysExit(regs*)
 .text          0x00000000c0013f23       0x1f sys/getcwd.32
                0x00000000c0013f23                SysGetCwd(regs*)
 .text          0x00000000c0013f42        0xc sys/getpid.32
                0x00000000c0013f42                SysGetPID(regs*)
 .text          0x00000000c0013f4e       0x1a sys/getramdata.32
                0x00000000c0013f4e                SysGetRAMData(regs*)
 .text          0x00000000c0013f68       0x82 sys/getvgaptr.32
                0x00000000c0013f68                SysGetVGAPtr(regs*)
 *fill*         0x00000000c0013fea        0x2 
 .text          0x00000000c0013fec       0xb9 sys/kill.32
                0x00000000c0013fec                SysKill(regs*)
 .text          0x00000000c00140a5       0xa8 sys/loaddll.32
                0x00000000c00140a5                SysLoadDLL(regs*)
 .text          0x00000000c001414d       0x68 sys/read.32
                0x00000000c001414d                SysRead(regs*)
 .text          0x00000000c00141b5       0x29 sys/registersignal.32
                0x00000000c00141b5                SysRegisterSignal(regs*)
 .text          0x00000000c00141de      0x19c sys/registry.32
                0x00000000c00141de                SysRegistryGetTypeFromPath(regs*)
                0x00000000c0014255                SysRegistryReadExtent(regs*)
                0x00000000c001429d                SysRegistryPathToExtentLookup(regs*)
                0x00000000c00142c5                SysRegistryEnterDirectory(regs*)
                0x00000000c00142ed                SysRegistryGetNext(regs*)
                0x00000000c0014315                SysRegistryGetNameAndTypeFromExtent(regs*)
                0x00000000c001434f                SysRegistryOpen(regs*)
                0x00000000c0014363                SysRegistryClose(regs*)
 .text          0x00000000c001437a       0x55 sys/sbrk.32
                0x00000000c001437a                SysSbrk(regs*)
 .text          0x00000000c00143cf       0x1c sys/setcwd.32
                0x00000000c00143cf                SysSetCwd(regs*)
 .text          0x00000000c00143eb       0x96 sys/settime.32
                0x00000000c00143eb                SysSetTime(regs*)
 .text          0x00000000c0014481       0x2d sys/symlink.32
                0x00000000c0014481                SysSymlink(regs*)
 .text          0x00000000c00144ae       0x4a sys/timezone.32
                0x00000000c00144ae                SysTimezone(regs*)
 .text          0x00000000c00144f8       0xfc sys/truncate.32
                0x00000000c00144f8                SysTruncate(regs*)
 .text          0x00000000c00145f4       0x68 sys/write.32
                0x00000000c00145f4                SysWrite(regs*)
 .text          0x00000000c001465c       0x62 sys/wsbe.32
                0x00000000c001465c                SysWsbe(regs*)
 .text          0x00000000c00146be       0x25 sys/yield.32
                0x00000000c00146be                SysYield(regs*)
 .text          0x00000000c00146e3     0x11e6 thr/elf.32
                0x00000000c00146e3                Thr::allocateMemoryForTask(Process*, File*, unsigned long, unsigned long, unsigned long)
                0x00000000c0014971                Thr::loadProgramIntoMemory(Process*, char const*)
                0x00000000c0014b83                Thr::runtimeReferenceHelper()
                0x00000000c0014b96                Thr::getAddressOfKernelSymbol(char const*)
                0x00000000c0014be5                Thr::loadKernelSymbolTable(char const*)
                0x00000000c0014ea3                Thr::loadDriverIntoMemory(char const*, unsigned long, bool)
                0x00000000c00155dc                Thr::getDriverBaseFromAddress(unsigned long)
                0x00000000c001560e                Thr::getDriverNameFromAddress(unsigned long)
                0x00000000c0015645                Thr::getDriverOffsetFromAddress(unsigned long)
                0x00000000c001565f                Thr::loadDLL(char const*, bool)
                0x00000000c0015890                Thr::executeDLL(unsigned long, void*)
 *fill*         0x00000000c00158c9        0x3 
 .text          0x00000000c00158cc     0x13d9 thr/prcssthr.32
                0x00000000c00158cc                userModeEntryPoint(void*)
                0x00000000c00158f4                changeTSS
                0x00000000c0015924                switchToThread(ThreadControlBlock*)
                0x00000000c00159d4                Process::addArgs(char**)
                0x00000000c0015a40                Process::Process(char const*, Process*, char**)
                0x00000000c0015a40                Process::Process(char const*, Process*, char**)
                0x00000000c0015c4c                Process::Process(bool, char const*, Process*, char**)
                0x00000000c0015c4c                Process::Process(bool, char const*, Process*, char**)
                0x00000000c0015e20                taskStartupFunction
                0x00000000c0015e2c                Semaphore::Semaphore(int)
                0x00000000c0015e2c                Semaphore::Semaphore(int)
                0x00000000c0015e5c                Mutex::Mutex()
                0x00000000c0015e5c                Mutex::Mutex()
                0x00000000c0015e70                Process::createThread(void (*)(void*), void*, int)
                0x00000000c0015f7c                Process::createUserThread()
                0x00000000c0015f9c                setupMultitasking(void (*)())
                0x00000000c00160c0                schedule()
                0x00000000c0016154                Semaphore::tryAcquire()
                0x00000000c0016228                Semaphore::assertLocked(char const*)
                0x00000000c00162ac                blockTaskWithSchedulerLockAlreadyHeld(TaskState)
                0x00000000c00162d4                blockTask(TaskState)
                0x00000000c001630c                waitTask(int, int*, int)
                0x00000000c0016350                milliTenthSleepUntil(unsigned int)
                0x00000000c00163f0                milliTenthSleep(unsigned int)
                0x00000000c0016404                sleep(unsigned int)
                0x00000000c0016420                Semaphore::acquire()
                0x00000000c00164e8                taskReturned
                0x00000000c001652c                Thr::processFromPID(int)
                0x00000000c00165d8                unblockTask(ThreadControlBlock*)
                0x00000000c0016684                cleanupTerminatedTask(ThreadControlBlock*)
                0x00000000c0016958                cleanerTaskFunction(void*)
                0x00000000c0016a60                terminateTask(int)
                0x00000000c0016b4c                Thr::terminateFromIRQ(int)
                0x00000000c0016b5c                Semaphore::release()
 .text          0x00000000c0016ca5      0xc27 vm86/vm8086.32
                0x00000000c0016ca5                Vm::inbv(unsigned short)
                0x00000000c0016cb8                Vm::outbv(unsigned short, unsigned char)
                0x00000000c0016cee                Vm::realToLinear(unsigned short, unsigned short)
                0x00000000c0016cfe                Vm::getSegment(unsigned int)
                0x00000000c0016d06                Vm::getOffset(unsigned int)
                0x00000000c0016d0b                Vm::mainloop2()
                0x00000000c0016d45                Vm::mainVm8086Loop(void*)
                0x00000000c0016d55                Vm::mainloop3(unsigned long)
                0x00000000c0016d7b                Vm::initialise8086()
                0x00000000c0016dbe                Vm::finish8086()
                0x00000000c0016e1f                Vm::getOutput8086(unsigned char*)
                0x00000000c0016e44                Vm::start8086FromBuffer(unsigned char*, int, unsigned short, unsigned short, unsigned short, unsigned short)
                0x00000000c0016efd                Vm::start8086(char const*, unsigned short, unsigned short, unsigned short, unsigned short)
                0x00000000c001709b                Vm::doISR(regs*, int, unsigned char*, unsigned short, unsigned short)
                0x00000000c0017134                Vm::readByteFromReal(unsigned short, unsigned short)
                0x00000000c0017145                Vm::readWordFromReal(unsigned short, unsigned short)
                0x00000000c0017157                Vm::readDwordFromReal(unsigned short, unsigned short)
                0x00000000c0017168                Vm::writeByteFromReal(unsigned short, unsigned short, unsigned char)
                0x00000000c001717d                Vm::writeWordFromReal(unsigned short, unsigned short, unsigned short)
                0x00000000c0017193                Vm::writeDwordFromReal(unsigned short, unsigned short, unsigned int)
                0x00000000c00171a8                Vm::faultHandler(regs*)
 .text          0x00000000c00178cc      0xaf0 arch/i386/hal.32
                0x00000000c00178cc                noCopro(unsigned long)
                0x00000000c00178cd                nmiHandler(regs*, void*)
                0x00000000c00178e6                doubleFault(regs*, void*)
                0x00000000c00178ff                displayDebugInfo(regs*)
                0x00000000c0017c84                HalSystemIdle()
                0x00000000c0017d00                displayProgramFault(char const*)
                0x00000000c0017d4c                gpFault(regs*, void*)
                0x00000000c0017db3                pgFault(regs*, void*)
                0x00000000c0017e3c                otherISRHandler(regs*, void*)
                0x00000000c0017e70                opcodeFault(regs*, void*)
                0x00000000c0017ef3                i386SaveCoprocessor(void*)
                0x00000000c0017f07                i386LoadCoprocessor(void*)
                0x00000000c0017f1b                x87EmulHandler(regs*, void*)
                0x00000000c0017fb8                HalInitialiseCoprocessor()
                0x00000000c0018066                HalPanic(char const*)
                0x00000000c001817a                HalQueryPerformanceCounter()
                0x00000000c0018195                HalInitialise()
                0x00000000c001834b                HalMakeBeep(int)
                0x00000000c0018385                HalGetRand()
                0x00000000c0018388                HalEndOfInterrupt(int)
                0x00000000c00183b9                HalRestart()
                0x00000000c00183ba                HalShutdown()
                0x00000000c00183bb                HalSleep()
 .text          0x00000000c00183bc      0x2dc arch/i386/pic.32
                0x00000000c00183bc                picIoWait()
                0x00000000c00183c4                picDisable()
                0x00000000c00183f8                picGetIRQReg(int)
                0x00000000c0018474                picOpen()
                0x00000000c00185f8                picEOI(int)
 .text          0x00000000c0018698      0x674 arch/i386/rtc.32
                0x00000000c0018698                RTC::open(int, int, void*)
                0x00000000c001869c                RTC::close(int, int, void*)
                0x00000000c00186a0                RTC::timeInSecondsUTC()
                0x00000000c00186b2                RTC::timeInDatetimeUTC()
                0x00000000c00186d8                RTC::setTimeInSecondsUTC(unsigned long long)
                0x00000000c0018716                RTC::~RTC()
                0x00000000c0018716                RTC::~RTC()
                0x00000000c001873a                RTC::~RTC()
                0x00000000c0018764                RTC::get_update_in_progress_flag()
                0x00000000c001877e                RTC::completeRTCRefresh()
                0x00000000c0018a5e                RTC::setTimeInDatetimeUTC(datetime_t)
                0x00000000c0018c0c                rtcIRQHandler(regs*, void*)
                0x00000000c0018c52                RTC::RTC()
                0x00000000c0018c52                RTC::RTC()
 .text          0x00000000c0018d0c      0x1f4 arch/i386/vga.32
                0x00000000c0018d0c                HalConsoleScroll(int, int)
                0x00000000c0018e14                HalConsoleWriteCharacter(char, int, int, int, int)
                0x00000000c0018e78                HalConsoleCursorUpdate(int, int)
 .text          0x00000000c0018f00     0x14cf fs/fat/vfslink.32
                0x00000000c0018f00                FAT::getName()
                0x00000000c0018f08                FAT::tell(void*, unsigned long long*)
                0x00000000c0018f44                FAT::stat(void*, unsigned long long*)
                0x00000000c0018f80                FAT::~FAT()
                0x00000000c0018f80                FAT::~FAT()
                0x00000000c0018fa4                FAT::~FAT()
                0x00000000c0018fcc                FAT::getlabel(LogicalDisk*, int, char*, unsigned int*)
                0x00000000c0019070                FAT::setlabel(LogicalDisk*, int, char*)
                0x00000000c0019134                FAT::format(LogicalDisk*, int, char const*, int)
                0x00000000c0019318                FAT::tryMount(LogicalDisk*, int)
                0x00000000c0019534                FAT::allocateSwapfile(char const*, int)
                0x00000000c00196f4                FAT::readDir(void*, unsigned long, void*, int*)
                0x00000000c0019864                FAT::read(void*, unsigned long, void*, int*)
                0x00000000c00198c4                FAT::write(void*, unsigned long, void*, int*)
                0x00000000c0019924                FAT::close(void*)
                0x00000000c0019978                FAT::closeDir(void*)
                0x00000000c00199cc                FAT::truncate(void*, unsigned long long)
                0x00000000c0019a38                FAT::seek(void*, unsigned long long)
                0x00000000c0019a90                fatWrapperReadDisk
                0x00000000c0019ad0                fatWrapperWriteDisk
                0x00000000c0019b10                fatWrapperIoctl
                0x00000000c0019c2c                FAT::FAT()
                0x00000000c0019c2c                FAT::FAT()
                0x00000000c0019c84                FAT::fixFilepath(char*)
                0x00000000c0019cc4                FAT::open(char const*, void**, FileOpenMode)
                0x00000000c0019e38                FAT::openDir(char const*, void**)
                0x00000000c0019ee8                FAT::stat(char const*, unsigned long long*, bool*)
                0x00000000c0019fe0                FAT::unlink(char const*)
                0x00000000c001a060                FAT::chfatattr(char const*, unsigned char, unsigned char)
                0x00000000c001a214                FAT::rename(char const*, char const*)
                0x00000000c001a2e0                FAT::mkdir(char const*)
                0x00000000c001a360                FAT::exists(char const*)
 *fill*         0x00000000c001a3cf        0x1 
 .text          0x00000000c001a3d0       0x94 fs/iso9660/helper.32
                0x00000000c001a3d0                isoReadDiscSectorHelper
                0x00000000c001a42c                iso_kprintf
                0x00000000c001a448                iso_kprintfd
 .text          0x00000000c001a464      0x71c fs/iso9660/vfslink.32
                0x00000000c001a464                ISO9660::format(LogicalDisk*, int, char const*, int)
                0x00000000c001a46a                ISO9660::truncate(void*, unsigned long long)
                0x00000000c001a470                ISO9660::getName()
                0x00000000c001a476                ISO9660::closeDir(void*)
                0x00000000c001a480                ISO9660::chfatattr(char const*, unsigned char, unsigned char)
                0x00000000c001a486                ISO9660::unlink(char const*)
                0x00000000c001a48c                ISO9660::write(void*, unsigned long, void*, int*)
                0x00000000c001a492                ISO9660::rename(char const*, char const*)
                0x00000000c001a498                ISO9660::mkdir(char const*)
                0x00000000c001a49e                ISO9660::~ISO9660()
                0x00000000c001a49e                ISO9660::~ISO9660()
                0x00000000c001a4c2                ISO9660::~ISO9660()
                0x00000000c001a4ea                ISO9660::exists(char const*)
                0x00000000c001a4fe                ISO9660::open(char const*, void**, FileOpenMode)
                0x00000000c001a5e4                ISO9660::read(void*, unsigned long, void*, int*)
                0x00000000c001a62c                ISO9660::seek(void*, unsigned long long)
                0x00000000c001a66e                ISO9660::tell(void*, unsigned long long*)
                0x00000000c001a6ac                ISO9660::stat(void*, unsigned long long*)
                0x00000000c001a6fe                ISO9660::stat(char const*, unsigned long long*, bool*)
                0x00000000c001a840                ISO9660::close(void*)
                0x00000000c001a870                ISO9660::openDir(char const*, void**)
                0x00000000c001a94a                ISO9660::readDir(void*, unsigned long, void*, int*)
                0x00000000c001aa67                readSectorFromCDROM(unsigned int, unsigned char*, char)
                0x00000000c001aae6                ISO9660::tryMount(LogicalDisk*, int)
                0x00000000c001ab58                ISO9660::ISO9660()
                0x00000000c001ab58                ISO9660::ISO9660()
 .text          0x00000000c001ab80      0x26c hal/sound/sndcard.32
                0x00000000c001ab80                SoundCard::beginPlayback()
                0x00000000c001ab8e                SoundCard::stopPlayback()
                0x00000000c001ab9c                SoundCard::SoundCard(char const*)
                0x00000000c001ab9c                SoundCard::SoundCard(char const*)
                0x00000000c001ac3a                SoundCard::~SoundCard()
                0x00000000c001ac3a                SoundCard::~SoundCard()
                0x00000000c001ac5e                SoundCard::~SoundCard()
                0x00000000c001ac88                SoundCard::configureRates(int, int, int)
                0x00000000c001acb8                SoundCard::getSamples16(int, short*)
                0x00000000c001ad14                SoundCard::getSamples32(int, int*)
                0x00000000c001ad9a                SoundCard::addChannel(SoundPort*)
                0x00000000c001add8                SoundCard::removeChannel(int)
 .text          0x00000000c001adec      0x38a hal/sound/sndport.32
                0x00000000c001adec                SoundPort::SoundPort(int, int, int, int)
                0x00000000c001adec                SoundPort::SoundPort(int, int, int, int)
                0x00000000c001ae78                SoundPort::~SoundPort()
                0x00000000c001ae78                SoundPort::~SoundPort()
                0x00000000c001aeac                SoundPort::unpause()
                0x00000000c001aeb8                SoundPort::pause()
                0x00000000c001aec4                SoundPort::getBufferUsed()
                0x00000000c001aecc                SoundPort::getBufferSize()
                0x00000000c001aed4                SoundPort::buffer16(short*, int)
                0x00000000c001af60                SoundPort::buffer32(int*, int)
                0x00000000c001afec                SoundPort::unbufferAndAdd16(int, short*, SoundCard*)
                0x00000000c001b0b8                SoundPort::unbufferAndAdd32(int, int*, SoundCard*)
 .text          0x00000000c001b176        0x0 hw/bus/isa.32
 .text          0x00000000c001b176      0xbb7 hw/bus/pci.32
                0x00000000c001b176                PCI::open(int, int, void*)
                0x00000000c001b194                PCI::close(int, int, void*)
                0x00000000c001b198                PCI::PCI()
                0x00000000c001b198                PCI::PCI()
                0x00000000c001b230                PCI::readBAR8(unsigned int, int)
                0x00000000c001b24c                PCI::readBAR16(unsigned int, int)
                0x00000000c001b26a                PCI::readBAR32(unsigned int, int)
                0x00000000c001b286                PCI::writeBAR8(unsigned int, unsigned char, int)
                0x00000000c001b2a6                PCI::writeBAR16(unsigned int, unsigned short, int)
                0x00000000c001b2c8                PCI::writeBAR32(unsigned int, unsigned int, int)
                0x00000000c001b2e8                PCI::legacyMechanism(unsigned char, unsigned char, unsigned char, unsigned char)
                0x00000000c001b35e                PCI::pciReadWord(unsigned char, unsigned char, unsigned char, unsigned char)
                0x00000000c001b408                PCI::getVendorID(unsigned char, unsigned char, unsigned char)
                0x00000000c001b42c                PCI::getHeaderType(unsigned char, unsigned char, unsigned char)
                0x00000000c001b454                PCI::getClassCode(unsigned char, unsigned char, unsigned char)
                0x00000000c001b49e                PCI::getProgIF(unsigned char, unsigned char, unsigned char)
                0x00000000c001b4c6                PCI::getRevisionID(unsigned char, unsigned char, unsigned char)
                0x00000000c001b4ea                PCI::getInterruptNumber(unsigned char, unsigned char, unsigned char)
                0x00000000c001b50e                PCI::getSecondaryBus(unsigned char, unsigned char, unsigned char)
                0x00000000c001b536                PCI::getBARAddress(unsigned char, unsigned char, unsigned char, unsigned char)
                0x00000000c001b59a                PCI::pciWriteWord(unsigned char, unsigned char, unsigned char, unsigned char, unsigned short)
                0x00000000c001b682                PCI::pciDetailsToFilepath(PCIDeviceInfo, char*)
                0x00000000c001b948                PCI::checkBus(unsigned char)
                0x00000000c001b96c                PCI::foundDevice(PCIDeviceInfo)
                0x00000000c001bae6                PCI::getDeviceData(unsigned char, unsigned char, unsigned char)
                0x00000000c001bc62                PCI::checkDevice(unsigned char, unsigned char)
                0x00000000c001bcd4                PCI::detect()
 *fill*         0x00000000c001bd2d        0x1 
 .text          0x00000000c001bd2e      0xb9a hw/diskctrl/ide.32
                0x00000000c001bd2e                IDE::close(int, int, void*)
                0x00000000c001bd32                IDE::IDE()
                0x00000000c001bd32                IDE::IDE()
                0x00000000c001bd66                IDE::prepareInterrupt(unsigned char)
                0x00000000c001bd78                selectDrive(unsigned char, unsigned char)
                0x00000000c001bd7a                IDE::getBase(unsigned char)
                0x00000000c001bd8c                IDE::write(unsigned char, unsigned char, unsigned char)
                0x00000000c001be4c                IDE::read(unsigned char, unsigned char)
                0x00000000c001befa                IDE::waitInterrupt(unsigned char)
                0x00000000c001bf5c                ideChannel0IRQHandler(regs*, void*)
                0x00000000c001bf78                ideChannel1IRQHandler(regs*, void*)
                0x00000000c001bf94                IDE::enableIRQs(unsigned char, bool)
                0x00000000c001bfde                IDE::open(int, int, void*)
                0x00000000c001c41c                IDE::readBuffer(unsigned char, unsigned char, unsigned int, unsigned int)
                0x00000000c001c4ec                IDE::detect()
                0x00000000c001c7ba                IDE::printError(unsigned char, unsigned char, unsigned char)
                0x00000000c001c874                IDE::polling(unsigned char, unsigned int)
 .text          0x00000000c001c8c8      0x32a hw/diskctrl/satabus.32
                0x00000000c001c8c8                SATABus::close(int, int, void*)
                0x00000000c001c8cc                SATABus::detect()
                0x00000000c001c8ce                SATABus::SATABus()
                0x00000000c001c8ce                SATABus::SATABus()
                0x00000000c001c954                SATABus::findCmdslot(SATABus::tagHBA_PORT volatile*)
                0x00000000c001c986                SATABus::checkType(SATABus::tagHBA_PORT volatile*)
                0x00000000c001c9ce                SATABus::startCmd(SATABus::tagHBA_PORT volatile*)
                0x00000000c001c9ee                SATABus::stopCmd(SATABus::tagHBA_PORT volatile*)
                0x00000000c001ca18                SATABus::portRebase(SATABus::tagHBA_PORT volatile*, int)
                0x00000000c001cb28                SATABus::probePort(SATABus::tagHBA_MEM volatile*)
                0x00000000c001cbd2                SATABus::open(int, int, void*)
 .text          0x00000000c001cbf2      0x93f hw/diskphys/ata.32
                0x00000000c001cbf2                ATA::close(int, int, void*)
                0x00000000c001cc16                ATA::powerSaving(PowerSavingLevel)
                0x00000000c001cc18                ATA::ATA()
                0x00000000c001cc18                ATA::ATA()
                0x00000000c001cc46                ATA::flush(bool)
                0x00000000c001cc94                ATA::readyForCommand()
                0x00000000c001cce0                ATA::access(unsigned long long, int, void*, bool)
                0x00000000c001d076                ATA::detectCHS()
                0x00000000c001d0a0                ATA::open(int, int, void*)
                0x00000000c001d16c                combineCharAndColour(char, unsigned char)
                0x00000000c001d17d                combineColours(unsigned char, unsigned char)
                0x00000000c001d18a                ATA::read(unsigned long long, int, void*)
                0x00000000c001d360                ATA::write(unsigned long long, int, void*)
 *fill*         0x00000000c001d531        0x1 
 .text          0x00000000c001d532      0x618 hw/diskphys/atapi.32
                0x00000000c001d532                ATAPI::write(unsigned long long, int, void*)
                0x00000000c001d538                ATAPI::close(int, int, void*)
                0x00000000c001d55c                ATAPI::ATAPI()
                0x00000000c001d55c                ATAPI::ATAPI()
                0x00000000c001d58a                ATAPI::readyForCommand()
                0x00000000c001d5dc                ATAPI::sendPacket(unsigned char*, int, bool, unsigned short*, int)
                0x00000000c001d8a4                ATAPI::diskRemoved()
                0x00000000c001d8de                ATAPI::eject()
                0x00000000c001d926                ATAPI::diskInserted()
                0x00000000c001d932                ATAPI::detectMedia()
                0x00000000c001d9f0                ATAPI::open(int, int, void*)
                0x00000000c001dad0                ATAPI::read(unsigned long long, int, void*)
 .text          0x00000000c001db4a      0x807 hw/diskphys/sata.32
                0x00000000c001db4a                SATA::close(int, int, void*)
                0x00000000c001db6e                SATA::powerSaving(PowerSavingLevel)
                0x00000000c001db70                SATA::open(int, int, void*)
                0x00000000c001dc1a                SATA::SATA()
                0x00000000c001dc1a                SATA::SATA()
                0x00000000c001dc48                SATA::access(unsigned long long, int, void*, bool)
                0x00000000c001de9c                SATA::read(unsigned long long, int, void*)
                0x00000000c001e0ec                SATA::write(unsigned long long, int, void*)
 *fill*         0x00000000c001e351        0x1 
 .text          0x00000000c001e352      0x5d0 hw/diskphys/satapi.32
                0x00000000c001e352                SATAPI::write(unsigned long long, int, void*)
                0x00000000c001e358                SATAPI::close(int, int, void*)
                0x00000000c001e37c                SATAPI::SATAPI()
                0x00000000c001e37c                SATAPI::SATAPI()
                0x00000000c001e3aa                SATAPI::diskRemoved()
                0x00000000c001e3ac                SATAPI::diskInserted()
                0x00000000c001e3c8                SATAPI::sendPacket(unsigned char*, int, unsigned long long, unsigned short*, int)
                0x00000000c001e6a6                SATAPI::eject()
                0x00000000c001e6e2                SATAPI::detectMedia()
                0x00000000c001e738                SATAPI::open(int, int, void*)
                0x00000000c001e838                SATAPI::read(unsigned long long, int, void*)
 .text          0x00000000c001e922      0x45b hw/intctrl/apic.32
                0x00000000c001e922                IOAPIC::close(int, int, void*)
                0x00000000c001e928                apicGetBase()
                0x00000000c001e96e                IOAPIC::IOAPIC()
                0x00000000c001e96e                IOAPIC::IOAPIC()
                0x00000000c001e996                apicOpen()
                0x00000000c001eb12                IOAPIC::handlesGSIWithNumber(unsigned int)
                0x00000000c001eb44                IOAPIC::read(int)
                0x00000000c001eb6c                IOAPIC::open(int, int, void*)
                0x00000000c001ec52                IOAPIC::write(int, int)
                0x00000000c001ec7e                IOAPIC::redirect(unsigned char, unsigned long long, unsigned char, bool, bool)
 *fill*         0x00000000c001ed7d        0x3 
 .text          0x00000000c001ed80       0xf0 hw/timer/apictimer.32
                0x00000000c001ed80                APICTimer::close(int, int, void*)
                0x00000000c001ed88                apicTimerHandler(regs*, void*)
                0x00000000c001edb0                APICTimer::open(int, int, void*)
                0x00000000c001ee20                APICTimer::write(int)
                0x00000000c001ee48                APICTimer::APICTimer()
                0x00000000c001ee48                APICTimer::APICTimer()
 .text          0x00000000c001ee70      0x1ad hw/timer/pit.32
                0x00000000c001ee70                PIT::write(int)
                0x00000000c001eef4                pitHandler(regs*, void*)
                0x00000000c001ef1c                PIT::open(int, int, void*)
                0x00000000c001ef6c                PIT::close(int, int, void*)
                0x00000000c001ef9c                PIT::PIT()
                0x00000000c001ef9c                PIT::PIT()
 *fill*         0x00000000c001f01d        0x3 
 .text          0x00000000c001f020       0x83 arch/i386/avx.32
                0x00000000c001f020                avxDetect
                0x00000000c001f04a                avxSave
                0x00000000c001f05b                avxLoad
                0x00000000c001f06c                avxInit
                0x00000000c001f08e                avxClose
                0x00000000c001f08f                wouldSheSayYes
 *fill*         0x00000000c001f0a3        0xd 
 .text          0x00000000c001f0b0      0x2ec arch/i386/interrupt.32
                0x00000000c001f0b0                isr0
                0x00000000c001f0c0                isr1
                0x00000000c001f0ca                isr2
                0x00000000c001f0d4                isr3
                0x00000000c001f0de                isr4
                0x00000000c001f0e8                isr5
                0x00000000c001f0f2                isr6
                0x00000000c001f0fc                isr7
                0x00000000c001f106                isr8
                0x00000000c001f10e                isr9
                0x00000000c001f118                isr10
                0x00000000c001f120                isr11
                0x00000000c001f128                isr12
                0x00000000c001f130                isr13
                0x00000000c001f14a                isr14
                0x00000000c001f152                isr15
                0x00000000c001f15c                isr16
                0x00000000c001f166                isr17
                0x00000000c001f170                isr18
                0x00000000c001f17a                irq3
                0x00000000c001f184                irq4
                0x00000000c001f18e                irq5
                0x00000000c001f198                irq6
                0x00000000c001f1a2                irq7
                0x00000000c001f1ac                irq8
                0x00000000c001f1b6                irq9
                0x00000000c001f1c0                irq10
                0x00000000c001f1ca                irq11
                0x00000000c001f1d4                irq12
                0x00000000c001f1de                irq13
                0x00000000c001f1e8                irq14
                0x00000000c001f1f2                irq15