Archive member included to satisfy reference by file (symbol)

/cygdrive/d/Users/Alex/Desktop/Toolchain/Output/bin/../lib/gcc/i386-banana/8.1.0/libkgcc.a(_divdi3.o)
                              fs/fat/ff.32 (__divdi3)
/cygdrive/d/Users/Alex/Desktop/Toolchain/Output/bin/../lib/gcc/i386-banana/8.1.0/libkgcc.a(_moddi3.o)
                              compat/resolve.32 (__moddi3)
/cygdrive/d/Users/Alex/Desktop/Toolchain/Output/bin/../lib/gcc/i386-banana/8.1.0/libkgcc.a(_udivdi3.o)
                              fs/fat/ff.32 (__udivdi3)
/cygdrive/d/Users/Alex/Desktop/Toolchain/Output/bin/../lib/gcc/i386-banana/8.1.0/libkgcc.a(_umoddi3.o)
                              compat/resolve.32 (__umoddi3)
D:/Users/Alex/Desktop/Banana/kernel/libsoftfp.a(sfieeelib.o)
                              hal/sound/sndhw.32 (__addsf3)
D:/Users/Alex/Desktop/Banana/kernel/libsoftfp.a(dfieeelib.o)
                              hal/libresample/src_linear.32 (__adddf3)
D:/Users/Alex/Desktop/Banana/kernel/libsoftfp.a(sfdfcvt.o)
                              hal/libresample/samplerate.32 (__truncdfsf2)
D:/Users/Alex/Desktop/Banana/kernel/libk/libm32.a(s_fabs.c.o)
                              hal/libresample/samplerate.32 (fabs)
D:/Users/Alex/Desktop/Banana/kernel/libk/libm32.a(s_lrint.S.o)
                              hal/libresample/samplerate.32 (lrint)
D:/Users/Alex/Desktop/Banana/kernel/libk/libm32.a(s_lrintf.S.o)
                              hal/sound/sndhw.32 (lrintf)

Discarded input sections

 .comment       0x0000000000000000       0x12 /cygdrive/d/Users/Alex/Desktop/Toolchain/Output/bin/../lib/gcc/i386-banana/8.1.0/crtbegin.o
 .comment       0x0000000000000000       0x12 acpica/utclib.32
 .comment       0x0000000000000000       0x12 core/malloc.32
 .comment       0x0000000000000000       0x12 libk/string.32
 .comment       0x0000000000000000       0x12 fs/fat/diskio.32
 .comment       0x0000000000000000       0x12 fs/fat/ff.32
 .comment       0x0000000000000000       0x12 fs/fat/ffsystem.32
 .comment       0x0000000000000000       0x12 fs/fat/ffunicode.32
 .comment       0x0000000000000000       0x12 hal/libresample/samplerate.32
 .comment       0x0000000000000000       0x12 hal/libresample/src_linear.32
 .comment       0x0000000000000000       0x12 hal/libresample/src_sinc.32
 .comment       0x0000000000000000       0x12 hal/libresample/src_zoh.32
 .comment       0x0000000000000000       0x12 compat/inlines.32
 .comment       0x0000000000000000       0x12 compat/resolve.32
 .group         0x0000000000000000        0xc core/computer.32
 .group         0x0000000000000000       0x14 core/computer.32
 .comment       0x0000000000000000       0x12 core/computer.32
 .comment       0x0000000000000000       0x12 core/gdt.32
 .group         0x0000000000000000        0xc core/idle.32
 .comment       0x0000000000000000       0x12 core/idle.32
 .comment       0x0000000000000000       0x12 core/idt.32
 .comment       0x0000000000000000       0x12 core/kheap.32
 .comment       0x0000000000000000       0x12 core/main.32
 .comment       0x0000000000000000       0x12 core/physmgr.32
 .group         0x0000000000000000        0xc core/pipe.32
 .comment       0x0000000000000000       0x12 core/pipe.32
 .group         0x0000000000000000        0xc core/terminal.32
 .comment       0x0000000000000000       0x12 core/terminal.32
 .comment       0x0000000000000000       0x12 core/tss.32
 .group         0x0000000000000000        0xc core/unixfile.32
 .group         0x0000000000000000        0xc core/unixfile.32
 .group         0x0000000000000000        0x8 core/unixfile.32
 .group         0x0000000000000000        0xc core/unixfile.32
 .group         0x0000000000000000        0x8 core/unixfile.32
 .group         0x0000000000000000        0xc core/unixfile.32
 .group         0x0000000000000000        0xc core/unixfile.32
 .group         0x0000000000000000        0x8 core/unixfile.32
 .comment       0x0000000000000000       0x12 core/unixfile.32
 .comment       0x0000000000000000       0x12 core/virtmgr.32
 .comment       0x0000000000000000       0x12 coreobjs/c++.32
 .comment       0x0000000000000000       0x12 dbg/kconsole.32
 .group         0x0000000000000000        0xc fs/vfs.32
 .group         0x0000000000000000        0xc fs/vfs.32
 .group         0x0000000000000000        0xc fs/vfs.32
 .comment       0x0000000000000000       0x12 fs/vfs.32
 .group         0x0000000000000000        0xc hal/bus.32
 .comment       0x0000000000000000       0x12 hal/bus.32
 .group         0x0000000000000000        0xc hal/buzzer.32
 .comment       0x0000000000000000       0x12 hal/buzzer.32
 .group         0x0000000000000000        0xc hal/clock.32
 .comment       0x0000000000000000       0x12 hal/clock.32
 .group         0x0000000000000000        0xc hal/device.32
 .group         0x0000000000000000        0xc hal/device.32
 .group         0x0000000000000000        0xc hal/device.32
 .group         0x0000000000000000       0x14 hal/device.32
[...]
Memory Configuration

Name             Origin             Length             Attributes
*default*        0x0000000000000000 0xffffffffffffffff

Linker script and memory map

LOAD D:/Users/Alex/Desktop/Banana/kernel/boot.32
LOAD crti.32
LOAD /cygdrive/d/Users/Alex/Desktop/Toolchain/Output/bin/../lib/gcc/i386-banana/8.1.0/crtbegin.o
LOAD D:/Users/Alex/Desktop/Banana/kernel/morenasm.32
LOAD acpica/utclib.32
LOAD core/malloc.32
LOAD libk/string.32
LOAD fs/fat/diskio.32
LOAD fs/fat/ff.32
LOAD fs/fat/ffsystem.32
LOAD fs/fat/ffunicode.32
LOAD hal/libresample/samplerate.32
LOAD hal/libresample/src_linear.32
LOAD hal/libresample/src_sinc.32
LOAD hal/libresample/src_zoh.32
LOAD compat/inlines.32
LOAD compat/resolve.32
LOAD core/computer.32
LOAD core/gdt.32
LOAD core/idle.32
LOAD core/idt.32
LOAD core/kheap.32
LOAD core/main.32
LOAD core/physmgr.32
LOAD core/pipe.32
LOAD core/terminal.32
LOAD core/tss.32
LOAD core/unixfile.32
LOAD core/virtmgr.32
LOAD coreobjs/c++.32
LOAD dbg/kconsole.32
LOAD fs/vfs.32
LOAD hal/bus.32
LOAD hal/buzzer.32
LOAD hal/clock.32
LOAD hal/device.32
LOAD hal/diskctrl.32
LOAD hal/diskphys.32
LOAD hal/fpu.32
LOAD hal/intctrl.32
LOAD hal/keybrd.32
LOAD hal/logidisk.32
LOAD hal/mouse.32
LOAD hal/partition.32
LOAD hal/serial.32
LOAD hal/timer.32
LOAD hal/vcache.32
LOAD hal/video.32
LOAD hw/acpi.32
LOAD hw/cpu.32
LOAD hw/ports.32
LOAD krnl/env.32
LOAD krnl/panic.32
LOAD net/ethernet.32
LOAD reg/registry.32
LOAD sys/sc_eject.32
LOAD sys/sc_exit.32
LOAD sys/sc_getcwd.32
LOAD sys/sc_getpid.32
LOAD sys/sc_loaddll.32
LOAD sys/sc_read.32
LOAD sys/sc_sbrk.32
LOAD sys/sc_setcwd.32
LOAD sys/sc_settime.32
LOAD sys/sc_timezone.32
LOAD sys/sc_write.32
LOAD sys/sc_yield.32
LOAD sys/syscalls.32
LOAD thr/elf.32
LOAD thr/prcssthr.32
LOAD vm86/vm8086.32
LOAD vm86/x87em.32
LOAD fs/fat/vfslink.32
LOAD fs/iso9660/vfslink.32
LOAD hal/sound/sndchannel.32
LOAD hal/sound/sndhw.32
LOAD hw/bus/isa.32
LOAD hw/bus/pci.32
LOAD hw/diskctrl/ide.32
LOAD hw/diskctrl/satabus.32
LOAD hw/diskphys/ata.32
LOAD hw/diskphys/atapi.32
LOAD hw/diskphys/sata.32
LOAD hw/diskphys/satapi.32
LOAD hw/fpu/avx.32
LOAD hw/fpu/mmx.32
LOAD hw/fpu/sse.32
LOAD hw/fpu/x87.32
LOAD hw/intctrl/apic.32
LOAD hw/intctrl/pic.32
LOAD hw/timer/apictimer.32
LOAD hw/timer/pit.32
LOAD hw/fpu/x86/avx.32
LOAD hw/fpu/x86/sse.32
LOAD hw/fpu/x86/x87.32
LOAD /cygdrive/d/Users/Alex/Desktop/Toolchain/Output/bin/../lib/gcc/i386-banana/8.1.0/crtend.o
LOAD crtn.32
LOAD /cygdrive/d/Users/Alex/Desktop/Toolchain/Output/bin/../lib/gcc/i386-banana/8.1.0/libkgcc.a
LOAD D:/Users/Alex/Desktop/Banana/kernel/libsoftfp.a
LOAD D:/Users/Alex/Desktop/Banana/kernel/libk/libm32.a
                0x00000000c0000000                . = 0xc0000000

.text           0x00000000c0000000    0x28778
 *(.text)
 .text          0x00000000c0000000       0x41 D:/Users/Alex/Desktop/Banana/kernel/boot.32
                0x00000000c0000020                callGlobalConstructors
 .text          0x00000000c0000041        0x0 crti.32
 *fill*         0x00000000c0000041        0x3 
 .text          0x00000000c0000044      0x101 /cygdrive/d/Users/Alex/Desktop/Toolchain/Output/bin/../lib/gcc/i386-banana/8.1.0/crtbegin.o
 *fill*         0x00000000c0000145        0xb 
 .text          0x00000000c0000150      0x4ed D:/Users/Alex/Desktop/Banana/kernel/morenasm.32
                0x00000000c0000150                manualPCIProbe
                0x00000000c000019b                prepareTramp
                0x00000000c00001b4                voodooXADD
                0x00000000c000027f                doTPAUSE
                0x00000000c0000289                hasLegacyFPU
                0x00000000c00002ae                is486
                0x00000000c00002e4                detectCPUID
                0x00000000c00002fa                goToVM86
                0x00000000c000032a                goToUsermode
                0x00000000c0000354                switchToThreadASMFirstTime
                0x00000000c0000362                switchToThreadASM
                0x00000000c00003ea                asmQuickAcquireLock
                0x00000000c0000408                asmQuickReleaseLock
                0x00000000c0000414                asmAcquireLock
                0x00000000c0000435                asmReleaseLock
                0x00000000c0000448                loadGDT
                0x00000000c0000468                isr0
                0x00000000c0000478                isr1
                0x00000000c0000482                isr2
                0x00000000c000048c                isr3
                0x00000000c0000496                isr4
                0x00000000c00004a0                isr5
                0x00000000c00004aa                isr6
                0x00000000c00004b4                isr7
                0x00000000c00004be                isr8
                0x00000000c00004c6                isr9
                0x00000000c00004d0                isr10
                0x00000000c00004d8                isr11
                0x00000000c00004e0                isr12
                0x00000000c00004e8                isr13
                0x00000000c00004f0                isr14
                0x00000000c00004f8                isr15
                0x00000000c0000502                isr16
                0x00000000c000050c                isr17
                0x00000000c0000516                isr18
                0x00000000c0000520                irq3
                0x00000000c000052a                irq4
                0x00000000c0000534                irq5
                0x00000000c000053e                irq6
                0x00000000c0000548                irq7
                0x00000000c0000552                irq8
                0x00000000c000055c                irq9
                0x00000000c0000566                irq10
                0x00000000c0000570                irq11
                0x00000000c000057a                irq12
                0x00000000c0000584                irq13
                0x00000000c000058e                irq14
                0x00000000c0000598                irq15
                0x00000000c00005a2                irq1
                0x00000000c00005a9                irq2
                0x00000000c00005b0                isr96
                0x00000000c00005b7                irq0
                0x00000000c00005bc                int_common_stub
                0x00000000c00005bc                syscall_common_stub
                0x00000000c00005ed                irq16
                0x00000000c00005f7                irq17
                0x00000000c0000601                irq18
                0x00000000c000060b                irq19
                0x00000000c0000615                irq20
                0x00000000c000061f                irq21
                0x00000000c0000629                irq22
                0x00000000c0000633                irq23
 .text          0x00000000c000063d      0x40f acpica/utclib.32
                0x00000000c000063d                memcmp
                0x00000000c0000668                memmove
                0x00000000c00006a0                memcpy
                0x00000000c00006c4                memset
                0x00000000c00006e1                strlen
                0x00000000c00006f1                strpbrk
                0x00000000c0000714                strtok
                0x00000000c0000763                strcpy
                0x00000000c0000783                strncpy
                0x00000000c00007b4                strcmp
                0x00000000c00007d5                strchr
                0x00000000c00007eb                strncmp
                0x00000000c000081a                strcat
                0x00000000c0000841                strncat
                0x00000000c000087b                strstr
                0x00000000c00008b8                simple_strtoul
                0x00000000c0000a24                toupper
                0x00000000c0000a38                tolower
 .text          0x00000000c0000a4c     0x1078 core/malloc.32
                0x00000000c0000dd3                dlmalloc
                0x00000000c0001175                dlfree
                0x00000000c000135c                dlrealloc
                0x00000000c0001511                dlmemalign
                0x00000000c0001634                dlcalloc
                0x00000000c00016ce                dlcfree
                0x00000000c00016d3                dlindependent_calloc
                0x00000000c00016f6                dlindependent_comalloc
                0x00000000c00018b6                dlvalloc
                0x00000000c00018e2                dlpvalloc
                0x00000000c0001919                dlmalloc_trim
                0x00000000c0001927                dlmalloc_usable_size
                0x00000000c0001958                dlmallinfo
                0x00000000c0001a28                dlmalloc_stats
                0x00000000c0001a39                dlmallopt
 .text          0x00000000c0001ac4        0x0 libk/string.32
 .text          0x00000000c0001ac4       0x51 fs/fat/diskio.32
                0x00000000c0001ac4                disk_status
                0x00000000c0001ac7                disk_initialize
                0x00000000c0001aca                disk_read
                0x00000000c0001ae0                disk_write
                0x00000000c0001af6                disk_ioctl
 .text          0x00000000c0001b15     0x708e fs/fat/ff.32
                0x00000000c0004c30                f_mount
                0x00000000c0004c9a                f_open
                0x00000000c0005158                f_read
                0x00000000c00053f5                f_write
                0x00000000c00056c7                f_sync
                0x00000000c00058df                f_close
                0x00000000c0005913                f_lseek
                0x00000000c0005deb                f_opendir
                0x00000000c0005f02                f_closedir
                0x00000000c0005f27                f_readdir
                0x00000000c0005fd5                f_stat
                0x00000000c0006076                f_getfree
                0x00000000c000626d                f_truncate
                0x00000000c0006370                f_unlink
                0x00000000c000651d                f_mkdir
                0x00000000c0006795                f_rename
                0x00000000c0006ab8                f_chmod
                0x00000000c0006bb3                f_utime
                0x00000000c0006cae                f_getlabel
                0x00000000c0006ecc                f_setlabel
                0x00000000c0007167                f_forward
                0x00000000c0007981                f_mkfs
 .text          0x00000000c0008ba3       0x2d fs/fat/ffsystem.32
                0x00000000c0008ba3                ff_memalloc
                0x00000000c0008bb9                ff_memfree
 .text          0x00000000c0008bd0      0x253 fs/fat/ffunicode.32
                0x00000000c0008bd0                ff_uni2oem
                0x00000000c0008c60                ff_oem2uni
                0x00000000c0008ccc                ff_wtoupper
 .text          0x00000000c0008e23      0x905 hal/libresample/samplerate.32
                0x00000000c0008e23                src_new
                0x00000000c0008eb7                src_callback_new
                0x00000000c0008f19                src_delete
                0x00000000c0008f55                src_process
                0x00000000c000910b                src_callback_read
                0x00000000c0009288                src_set_ratio
                0x00000000c00092f2                src_get_channels
                0x00000000c0009314                src_reset
                0x00000000c0009360                src_get_name
                0x00000000c0009397                src_get_description
                0x00000000c00093ce                src_get_version
                0x00000000c00093d4                src_is_valid_ratio
                0x00000000c0009428                src_error
                0x00000000c0009436                src_strerror
                0x00000000c0009449                src_simple
                0x00000000c000949c                src_short_to_float_array
                0x00000000c0009501                src_float_to_short_array
                0x00000000c00095c0                src_int_to_float_array
                0x00000000c0009623                src_float_to_int_array
 .text          0x00000000c0009728      0x8cb hal/libresample/src_linear.32
                0x00000000c0009f1c                linear_get_name
                0x00000000c0009f2b                linear_get_description
                0x00000000c0009f3a                linear_set_converter
 .text          0x00000000c0009ff3     0x447c hal/libresample/src_sinc.32
                0x00000000c000a05c                sinc_get_name
                0x00000000c000a06f                sinc_get_description
                0x00000000c000a082                sinc_set_converter
 .text          0x00000000c000e46f      0x77c hal/libresample/src_zoh.32
                0x00000000c000eb14                zoh_get_name
                0x00000000c000eb23                zoh_get_description
                0x00000000c000eb32                zoh_set_converter
 .text          0x00000000c000ebeb       0x23 compat/inlines.32
                0x00000000c000ebeb                CPU::current()
                0x00000000c000ebf8                operator new(unsigned long)
 .text          0x00000000c000ec0e      0x111 compat/resolve.32
                0x00000000c000ec0e                Krnl::resolveCompatibilitySymbol(char*)
 *fill*         0x00000000c000ed1f        0x1 
 .text          0x00000000c000ed20      0xa19 core/computer.32
                0x00000000c000ed20                Computer::Computer()
                0x00000000c000ed20                Computer::Computer()
                0x00000000c000ee7c                Computer::setBootMessage(char const*)
                0x00000000c000ee7e                Computer::open(int, int, void*)
                0x00000000c000ef54                Computer::detectFeatures()
                0x00000000c000f15e                Computer::displayFeatures()
                0x00000000c000f4a4                Computer::rdmsr(unsigned int)
                0x00000000c000f4d0                Computer::wrmsr(unsigned int, unsigned long long)
                0x00000000c000f508                Computer::close(int, int, void*)
                0x00000000c000f54c                Computer::nmiEnabled()
                0x00000000c000f558                Computer::enableNMI(bool)
                0x00000000c000f574                Computer::disableNMI()
                0x00000000c000f586                Krnl::firstTask()
                0x00000000c000f670                Computer::readCMOS(unsigned char)
                0x00000000c000f68a                Computer::writeCMOS(unsigned char, unsigned char)
                0x00000000c000f6a8                Computer::handleNMI()
                0x00000000c000f70e                Computer::setDiskActivityLight(int, bool)
 *fill*         0x00000000c000f739        0x1 
 .text          0x00000000c000f73a      0x1b7 core/gdt.32
                0x00000000c000f73a                GDTEntry::setBase(unsigned int)
                0x00000000c000f756                GDTEntry::setLimit(unsigned int)
                0x00000000c000f774                GDT::GDT()
                0x00000000c000f774                GDT::GDT()
                0x00000000c000f78a                GDT::addEntry(GDTEntry)
                0x00000000c000f7c6                GDT::getNumberOfEntries()
                0x00000000c000f7ce                GDT::flush()
                0x00000000c000f7f0                GDT::setup()
 .text          0x00000000c000f8f1       0x62 core/idle.32
                0x00000000c000f8f1                idleFunction(void*)
 *fill*         0x00000000c000f953        0x1 
 .text          0x00000000c000f954      0x45f core/idt.32
                0x00000000c000f954                IDTEntry::IDTEntry(bool)
                0x00000000c000f954                IDTEntry::IDTEntry(bool)
                0x00000000c000f9c2                IDTEntry::setOffset(unsigned int)
                0x00000000c000f9d6                IDT::IDT()
                0x00000000c000f9d6                IDT::IDT()
                0x00000000c000f9d8                IDT::getPointerToInvalidOpcodeEntryForF00F()
                0x00000000c000f9e0                IDT::addEntry(IDTEntry, int)
                0x00000000c000f9fa                IDT::addEntry(int, void (*)(), bool)
                0x00000000c000fa32                IDT::flush()
                0x00000000c000fa4c                IDT::setup()
 .text          0x00000000c000fdb3      0x203 core/kheap.32
                0x00000000c000fdb3                sbrk
                0x00000000c000fec1                mmap
                0x00000000c000fed7                munmap
                0x00000000c000feed                liballoc_lock()
                0x00000000c000fefe                liballoc_unlock()
                0x00000000c000ff0f                liballoc_alloc(int)
                0x00000000c000ff2a                liballoc_free(void*, int)
                0x00000000c000ff48                realloc
                0x00000000c000ff5c                malloc
                0x00000000c000ff6c                free
                0x00000000c000ff7c                rfree
                0x00000000c000ff8c                calloc
 .text          0x00000000c000ffb6      0x480 core/main.32
                0x00000000c000ffb6                hwTextMode_loadInData(VgaText*)
                0x00000000c0010001                hwTextMode_loadInTitle(VgaText*, char*)
                0x00000000c001007f                hwTextMode_scrollScreen(VgaText*)
                0x00000000c001012c                hwTextMode_writeCharacter(VgaText*, char, VgaColour, VgaColour, int, int)
                0x00000000c00101ae                hwTextMode_showCursor(VgaText*, bool)
                0x00000000c001020c                hwTextMode_update(VgaText*)
                0x00000000c001020d                hwTextMode_updateCursor(VgaText*)
                0x00000000c001025e                hwTextMode_disableBlink(VgaText*, bool)
                0x00000000c00102a4                setupTextMode()
                0x00000000c0010314                kernel_main
 .text          0x00000000c0010436      0x54d core/physmgr.32
                0x00000000c0010436                Phys::allocateDMA(unsigned long)
                0x00000000c00104d9                Phys::freeDMA(unsigned long, unsigned long)
                0x00000000c0010521                Phys::setPageState(unsigned long, bool)
                0x00000000c0010553                Phys::getPageState(unsigned long)
                0x00000000c001056f                Phys::freePage(unsigned long)
                0x00000000c00105f9                Phys::allocatePage()
                0x00000000c00106c1                Phys::allocateContiguousPages(int)
                0x00000000c001071b                Phys::allowSegmentToBeUsed(unsigned long, unsigned long)
                0x00000000c0010753                Phys::physicalMemorySetup(unsigned int)
 *fill*         0x00000000c0010983        0x1 
 .text          0x00000000c0010984      0x273 core/pipe.32
                0x00000000c0010984                Pipe::Pipe(int)
                0x00000000c0010984                Pipe::Pipe(int)
                0x00000000c00109ec                Pipe::~Pipe()
                0x00000000c00109ec                Pipe::~Pipe()
                0x00000000c0010a10                Pipe::~Pipe()
                0x00000000c0010a38                Pipe::isAtty()
                0x00000000c0010a3c                Pipe::read(unsigned long long, void*, int*)
                0x00000000c0010b30                Pipe::write(unsigned long long, void*, int*)
 *fill*         0x00000000c0010bf7        0x1 
 .text          0x00000000c0010bf8      0xf86 core/terminal.32
                0x00000000c0010bf8                setTerminalScrollLock(bool)
                0x00000000c0010bf9                doTerminalCycle()
                0x00000000c0010c16                addToTerminalCycle(VgaText*)
                0x00000000c0010c43                setActiveTerminal(VgaText*)
                0x00000000c0010cf2                installVgaTextImplementation()
                0x00000000c0010d07                scrollTerminalScrollLock(int)
                0x00000000c0010d08                VgaText::updateTitle()
                0x00000000c0010d4e                VgaText::load()
                0x00000000c0010da2                VgaText::scrollScreen()
                0x00000000c0010e42                VgaText::writeCharacter(char, VgaColour, VgaColour, int, int)
                0x00000000c0010ea2                VgaText::puts(char const*, VgaColour, VgaColour)
                0x00000000c0011064                VgaText::updateCursor()
                0x00000000c001107e                VgaText::showCursor(bool)
                0x00000000c001108e                VgaText::disableBlink(bool)
                0x00000000c00110c8                VgaText::putchar(char, VgaColour, VgaColour)
                0x00000000c00111c4                VgaText::doANSI_SGR(int)
                0x00000000c0011250                VgaText::putchar(char)
                0x00000000c001136a                VgaText::puts(char const*)
                0x00000000c0011390                VgaText::clearScreen()
                0x00000000c00113f4                VgaText::setDefaultBgColour(VgaColour)
                0x00000000c001140a                VgaText::setDefaultFgColour(VgaColour)
                0x00000000c0011420                VgaText::setDefaultColours(VgaColour, VgaColour)
                0x00000000c0011440                VgaText::setTitleTextColour(VgaColour)
                0x00000000c0011454                VgaText::setTitleColour(VgaColour)
                0x00000000c0011468                VgaText::setTitle(char*)
                0x00000000c001148e                VgaText::combineColours(unsigned char, unsigned char)
                0x00000000c00114a0                VgaText::combineCharAndColour(char, unsigned char)
                0x00000000c00114b2                VgaText::getCursorX()
                0x00000000c00114be                VgaText::getCursorY()
                0x00000000c00114ca                VgaText::setCursor(int, int)
                0x00000000c00114e8                VgaText::setCursorX(int)
                0x00000000c0011504                VgaText::setCursorY(int)
                0x00000000c0011520                VgaText::incrementCursor(bool)
                0x00000000c0011588                VgaText::updateRAMUsageDisplay(int)
                0x00000000c00115ec                VgaText::putx(unsigned int)
                0x00000000c0011632                VgaText::updateDiskUsage()
                0x00000000c001179c                VgaText::decrementCursor(bool)
                0x00000000c00117c4                VgaText::isShowingCursor()
                0x00000000c00117d0                VgaText::isBlinkDisabled()
                0x00000000c00117de                VgaText::setCursorHeight(int)
                0x00000000c00117fc                VgaText::getCursorHeight()
                0x00000000c0011808                VgaText::~VgaText()
                0x00000000c0011808                VgaText::~VgaText()
                0x00000000c001182c                VgaText::~VgaText()
                0x00000000c0011856                VgaText::VgaText(char const*)
                0x00000000c0011856                VgaText::VgaText(char const*)
                0x00000000c00119e8                VgaText::receiveKey(unsigned char)
                0x00000000c0011ad0                VgaText::read(unsigned long long, void*, int*)
                0x00000000c0011af0                VgaText::doUpdate()
                0x00000000c0011b02                VgaText::write(unsigned long long, void*, int*)
                0x00000000c0011b56                VgaText::isAtty()
                0x00000000c0011b59                newTerminal(char*)
 .text          0x00000000c0011b7e      0x1b3 core/tss.32
                0x00000000c0011b7e                TSS::TSS()
                0x00000000c0011b7e                TSS::TSS()
                0x00000000c0011b8c                TSS::setESP(unsigned long)
                0x00000000c0011b9e                TSS::flush()
                0x00000000c0011bbe                TSS::setup(unsigned long, unsigned long)
 *fill*         0x00000000c0011d31        0x1 
 .text          0x00000000c0011d32      0x4c4 core/unixfile.32
                0x00000000c0011d32                UnixFile::UnixFile(int)
                0x00000000c0011d32                UnixFile::UnixFile(int)
                0x00000000c0011ee2                UnixFile::~UnixFile()
                0x00000000c0011ee2                UnixFile::~UnixFile()
                0x00000000c0011f7a                UnixFile::~UnixFile()
                0x00000000c0011fa2                UnixFile::getFileDescriptor()
                0x00000000c0011faa                getFromFileDescriptor(int)
                0x00000000c001204c                ReservedFilename::ReservedFilename(int)
                0x00000000c001204c                ReservedFilename::ReservedFilename(int)
                0x00000000c001207e                ReservedFilename::~ReservedFilename()
                0x00000000c001207e                ReservedFilename::~ReservedFilename()
                0x00000000c00120a2                ReservedFilename::~ReservedFilename()
                0x00000000c00120ca                ReservedFilename::read(unsigned long long, void*, int*)
                0x00000000c0012120                ReservedFilename::isAtty()
                0x00000000c001213c                ReservedFilename::write(unsigned long long, void*, int*)
 .text          0x00000000c00121f6      0xeea core/virtmgr.32
                0x00000000c00121f6                Virt::setPageState(unsigned long, Virt::VirtPageState)
                0x00000000c001222b                Virt::getPageState(unsigned long)
                0x00000000c001224f                Virt::allocateKernelVirtualPages(int)
                0x00000000c0012360                Virt::freeKernelVirtualPages(unsigned long)
                0x00000000c0012483                Virt::virtualMemorySetup()
                0x00000000c0012502                Virt::getAKernelVAS()
                0x00000000c0012508                Virt::setupPageSwapping(int)
                0x00000000c0012638                VAS::allocatePages(int, int)
                0x00000000c0012810                VAS::virtualToPhysical(unsigned long)
                0x00000000c001282c                VAS::freeAllocatedPages(unsigned long)
                0x00000000c0012850                VAS::VAS()
                0x00000000c0012850                VAS::VAS()
                0x00000000c0012880                VAS::~VAS()
                0x00000000c0012880                VAS::~VAS()
                0x00000000c00129ec                VAS::setCPUSpecific(unsigned long)
                0x00000000c0012a08                VAS::VAS(VAS*)
                0x00000000c0012a08                VAS::VAS(VAS*)
                0x00000000c0012a2c                VAS::VAS(bool)
                0x00000000c0012a2c                VAS::VAS(bool)
                0x00000000c0012c88                VAS::mapRange(unsigned long, unsigned long, int, int)
                0x00000000c0012d4e                VAS::getForeignPageTableEntry(bool, unsigned long)
                0x00000000c0012d7a                VAS::getPageTableEntry(unsigned long)
                0x00000000c0012d9a                VAS::reflagRange(unsigned long, int, int, int)
                0x00000000c0012dda                VAS::setToWriteCombining(unsigned long, int)
                0x00000000c0012e0c                VAS::mapOtherVASIn(bool, VAS*)
                0x00000000c0012e36                VAS::mapForeignPage(bool, VAS*, unsigned long, unsigned long, int)
                0x00000000c0012f24                VAS::mapPage(unsigned long, unsigned long, int)
                0x00000000c0013024                mapVASFirstTime
 .text          0x00000000c00130e0       0x95 coreobjs/c++.32
                0x00000000c00130e0                __cxa_atexit
                0x00000000c00130e3                __cxa_finalize
                0x00000000c00130e4                __stack_chk_fail
                0x00000000c0013150                __cxa_pure_virtual
                0x00000000c0013161                operator new[](unsigned long)
                0x00000000c0013166                operator delete(void*, unsigned long)
                0x00000000c001316b                operator delete[](void*)
                0x00000000c0013170                operator delete[](void*, unsigned long)
 .text          0x00000000c0013175      0x1ef dbg/kconsole.32
                0x00000000c0013175                Dbg::stringifyxWithBase(unsigned int, char*, int)
                0x00000000c00131d6                Dbg::logc(char)
                0x00000000c00131ed                Dbg::logs(char*)
                0x00000000c001320a                Dbg::logWriteInt(unsigned int)
                0x00000000c0013227                Dbg::logWriteIntBase(unsigned int, int)
                0x00000000c0013246                Dbg::kprintf(char const*, ...)
 .text          0x00000000c0013364      0xb7c fs/vfs.32
                0x00000000c0013364                Filesystem::Filesystem()
                0x00000000c0013364                Filesystem::Filesystem()
                0x00000000c0013388                Filesystem::~Filesystem()
                0x00000000c0013388                Filesystem::~Filesystem()
                0x00000000c0013396                Filesystem::~Filesystem()
                0x00000000c00133ba                Fs::getcwd(Process*, char*, int)
                0x00000000c00133e4                Fs::setcwd(Process*, char*)
                0x00000000c001351f                Fs::initVFS()
                0x00000000c0013549                Fs::standardiseFiles(char*, char const*, char const*)
                0x00000000c00136f2                File::File(char const*, Process*)
                0x00000000c00136f2                File::File(char const*, Process*)
                0x00000000c0013756                File::~File()
                0x00000000c0013756                File::~File()
                0x00000000c001377a                File::~File()
                0x00000000c00137a4                File::open(FileOpenMode)
                0x00000000c0013802                File::read(unsigned long long, void*, int*)
                0x00000000c001385a                File::write(unsigned long long, void*, int*)
                0x00000000c00138b2                File::close()
                0x00000000c0013912                File::seek(unsigned long long)
                0x00000000c0013968                File::tell(unsigned long long*)
                0x00000000c00139b8                File::rewind()
                0x00000000c00139cc                File::unlink()
                0x00000000c0013a18                File::rename(char const*)
                0x00000000c0013a66                File::chfatattr(unsigned char, unsigned char)
                0x00000000c0013ac2                File::exists()
                0x00000000c0013b00                File::stat(unsigned long long*, bool*)
                0x00000000c0013b62                Directory::Directory(char const*, Process*)
                0x00000000c0013b62                Directory::Directory(char const*, Process*)
                0x00000000c0013bc6                Directory::~Directory()
                0x00000000c0013bc6                Directory::~Directory()
                0x00000000c0013bea                Directory::~Directory()
                0x00000000c0013c14                Directory::open()
                0x00000000c0013c70                Directory::read(unsigned long long, void*, int*)
                0x00000000c0013cc8                Directory::write(unsigned long long, void*, int*)
                0x00000000c0013cf6                Directory::close()
                0x00000000c0013d56                Directory::unlink()
                0x00000000c0013da2                Directory::rename(char const*)
                0x00000000c0013df0                Directory::exists()
                0x00000000c0013e2e                Directory::read(dirent*)
                0x00000000c0013e7a                Directory::create()
                0x00000000c0013ec6                File::isAtty()
                0x00000000c0013eca                Directory::isAtty()
                0x00000000c0013ece                Filesystem::getlabel(LogicalDisk*, int, char*, unsigned int*)
                0x00000000c0013ed4                Filesystem::setlabel(LogicalDisk*, int, char*)
                0x00000000c0013eda                Filesystem::chfatattr(char const*, unsigned char, unsigned char)
 .text          0x00000000c0013ee0       0x84 hal/bus.32
                0x00000000c0013ee0                Bus::Bus(char const*)
                0x00000000c0013ee0                Bus::Bus(char const*)
                0x00000000c0013f16                Bus::~Bus()
                0x00000000c0013f16                Bus::~Bus()
                0x00000000c0013f3a                Bus::~Bus()
 .text          0x00000000c0013f64      0x14b hal/buzzer.32
                0x00000000c0013f64                Buzzer::Buzzer(char const*)
                0x00000000c0013f64                Buzzer::Buzzer(char const*)
                0x00000000c0013fa8                Buzzer::~Buzzer()
                0x00000000c0013fa8                Buzzer::~Buzzer()
                0x00000000c0013fcc                Buzzer::~Buzzer()
                0x00000000c0013ff6                beepThread(void*)
                0x00000000c0014030                Buzzer::beep(int, int, bool)
                0x00000000c001409c                Buzzer::stop()
 *fill*         0x00000000c00140af        0x1 
 .text          0x00000000c00140b0      0x46b hal/clock.32
                0x00000000c00140b0                User::loadClockSettings(int)
                0x00000000c0014102                Clock::Clock(char const*)
                0x00000000c0014102                Clock::Clock(char const*)
                0x00000000c0014138                Clock::~Clock()
                0x00000000c0014138                Clock::~Clock()
                0x00000000c001415c                Clock::~Clock()
                0x00000000c0014186                Clock::timeInSecondsLocal()
                0x00000000c00141ce                Clock::timeInDatetimeLocal()
                0x00000000c00141f4                Clock::setTimeInSecondsLocal(unsigned long long)
                0x00000000c001424e                Clock::setTimeInDatetimeLocal(datetime_t)
                0x00000000c00142b1                datetimeToSeconds(datetime_t)
                0x00000000c00143d7                secondsToDatetime(unsigned long long)
 *fill*         0x00000000c001451b        0x1 
 .text          0x00000000c001451c      0x4dd hal/device.32
                0x00000000c001451c                Device::Device(char const*)
                0x00000000c001451c                Device::Device(char const*)
                0x00000000c0014618                Device::~Device()
                0x00000000c0014618                Device::~Device()
                0x00000000c0014626                Device::~Device()
                0x00000000c001464e                Device::findAndLoadDriver()
                0x00000000c0014650                Device::preOpenPCI(PCIDeviceInfo)
                0x00000000c0014676                Device::preOpenACPI(void*, char*, char*)
                0x00000000c00146ca                Device::addIRQHandler(int, void (*)(regs*, void*), bool, void*)
                0x00000000c0014708                Device::removeIRQHandler(int, void (*)(regs*, void*), bool)
                0x00000000c0014746                Device::addChild(Device*)
                0x00000000c001478a                Device::removeAllChildren()
                0x00000000c00147d0                Device::hibernateAll()
                0x00000000c0014800                Device::wakeAll()
                0x00000000c0014830                Device::detectAll()
                0x00000000c0014860                Device::disableLegacyAll()
                0x00000000c0014890                Device::loadDriversForAll()
                0x00000000c00148bc                Device::closeAll()
                0x00000000c00148f2                Device::powerSavingAll(PowerSavingLevel)
                0x00000000c0014928                Device::setName(char const*)
                0x00000000c0014936                Device::getName()
                0x00000000c0014940                Device::addToLinkedList(LinkedList<Device>&, DeviceType)
                0x00000000c0014984                Device::hibernate()
                0x00000000c0014986                Device::wake()
                0x00000000c0014988                Device::detect()
                0x00000000c001498a                Device::disableLegacy()
                0x00000000c001498c                Device::powerSaving(PowerSavingLevel)
                0x00000000c001498d                getDevicesOfType(DeviceType)
                0x00000000c00149b8                DriverlessDevice::DriverlessDevice(char const*)
                0x00000000c00149b8                DriverlessDevice::DriverlessDevice(char const*)
                0x00000000c00149e0                DriverlessDevice::open(int, int, void*)
                0x00000000c00149f4                DriverlessDevice::close(int, int, void*)
                0x00000000c00149f8                DriverlessDevice::detect()
 *fill*         0x00000000c00149f9        0x1 
 .text          0x00000000c00149fa       0x84 hal/diskctrl.32
                0x00000000c00149fa                HardDiskController::HardDiskController(char const*)
                0x00000000c00149fa                HardDiskController::HardDiskController(char const*)
                0x00000000c0014a30                HardDiskController::~HardDiskController()
                0x00000000c0014a30                HardDiskController::~HardDiskController()
                0x00000000c0014a54                HardDiskController::~HardDiskController()
 .text          0x00000000c0014a7e       0xf2 hal/diskphys.32
                0x00000000c0014a7e                PhysicalDisk::PhysicalDisk(char const*, int)
                0x00000000c0014a7e                PhysicalDisk::PhysicalDisk(char const*, int)
                0x00000000c0014ae6                PhysicalDisk::startCache()
                0x00000000c0014b0e                PhysicalDisk::~PhysicalDisk()
                0x00000000c0014b0e                PhysicalDisk::~PhysicalDisk()
                0x00000000c0014b32                PhysicalDisk::~PhysicalDisk()
                0x00000000c0014b5c                PhysicalDisk::eject()
 .text          0x00000000c0014b70      0x13b hal/fpu.32
                0x00000000c0014b70                FPU::FPU(char const*)
                0x00000000c0014b70                FPU::FPU(char const*)
                0x00000000c0014ba6                FPU::~FPU()
                0x00000000c0014ba6                FPU::~FPU()
                0x00000000c0014bca                FPU::~FPU()
                0x00000000c0014bf4                setupFPU()
 *fill*         0x00000000c0014cab        0x1 
 .text          0x00000000c0014cac     0x1381 hal/intctrl.32
                0x00000000c0014cac                int_handler
                0x00000000c0014d4c                InterruptController::installISRHandler(int, void (*)(regs*, void*), void*)
                0x00000000c0014d9e                InterruptController::installIRQHandler(int, void (*)(regs*, void*), bool, void*)
                0x00000000c0014e3a                InterruptController::uninstallISRHandler(int, void (*)(regs*, void*))
                0x00000000c0014e72                InterruptController::clearAllHandlers(int, bool)
                0x00000000c0014f1a                InterruptController::uninstallIRQHandler(int, void (*)(regs*, void*), bool)
                0x00000000c0014fa2                InterruptController::InterruptController(char const*)
                0x00000000c0014fa2                InterruptController::InterruptController(char const*)
                0x00000000c0015048                InterruptController::~InterruptController()
                0x00000000c0015048                InterruptController::~InterruptController()
                0x00000000c001506c                InterruptController::~InterruptController()
                0x00000000c0015096                displayDebugInfo(regs*)
                0x00000000c0015525                displayProgramFault(char const*)
                0x00000000c001554d                x87EmulHandler(regs*, void*)
                0x00000000c001557c                gpFault(regs*, void*)
                0x00000000c00155b5                pgFault(regs*, void*)
                0x00000000c00155cc                nmiHandler(regs*, void*)
                0x00000000c00155da                otherISRHandler(regs*, void*)
                0x00000000c00155f9                opcodeFault(regs*, void*)
                0x00000000c0015bff                doubleFault(regs*, void*)
                0x00000000c0015c18                setupInterruptController()
                0x00000000c0015fe0                InterruptController::convertLegacyIRQNumber(int)
 *fill*         0x00000000c001602d        0x1 
 .text          0x00000000c001602e      0x69a hal/keybrd.32
                0x00000000c001602e                sendKeyToTerminal(unsigned char)
                0x00000000c001609a                startGUI(void*)
                0x00000000c00160f6                startGUIVESA(void*)
                0x00000000c0016152                sendKeyboardToken(KeyboardToken)
                0x00000000c0016562                clearInternalKeybuffer(VgaText*)
                0x00000000c0016597                readKeyboard(VgaText*, char*, unsigned long)
                0x00000000c001663e                Keyboard::Keyboard(char const*)
                0x00000000c001663e                Keyboard::Keyboard(char const*)
                0x00000000c001667a                Keyboard::~Keyboard()
                0x00000000c001667a                Keyboard::~Keyboard()
                0x00000000c001669e                Keyboard::~Keyboard()
 .text          0x00000000c00166c8      0x414 hal/logidisk.32
                0x00000000c00166c8                LogicalDisk::absoluteToRelative(unsigned long long)
                0x00000000c0016700                LogicalDisk::relativeToAbsolute(unsigned long long)
                0x00000000c0016746                LogicalDisk::LogicalDisk(char const*, PhysicalDisk*, unsigned long long, unsigned long long)
                0x00000000c0016746                LogicalDisk::LogicalDisk(char const*, PhysicalDisk*, unsigned long long, unsigned long long)
                0x00000000c00167fc                LogicalDisk::~LogicalDisk()
                0x00000000c00167fc                LogicalDisk::~LogicalDisk()
                0x00000000c0016820                LogicalDisk::~LogicalDisk()
                0x00000000c001684a                LogicalDisk::assignDriveLetter()
                0x00000000c0016900                LogicalDisk::mount()
                0x00000000c0016972                LogicalDisk::unmount()
                0x00000000c0016982                LogicalDisk::open(int, int, void*)
                0x00000000c0016996                LogicalDisk::eject()
                0x00000000c00169aa                LogicalDisk::close(int, int, void*)
                0x00000000c00169ae                LogicalDisk::unassignDriveLetter()
                0x00000000c0016a04                LogicalDisk::read(unsigned long long, int, void*)
                0x00000000c0016a70                LogicalDisk::write(unsigned long long, int, void*)
 .text          0x00000000c0016adc       0x84 hal/mouse.32
                0x00000000c0016adc                Mouse::Mouse(char const*)
                0x00000000c0016adc                Mouse::Mouse(char const*)
                0x00000000c0016b12                Mouse::~Mouse()
                0x00000000c0016b12                Mouse::~Mouse()
                0x00000000c0016b36                Mouse::~Mouse()
 .text          0x00000000c0016b60      0x34d hal/partition.32
                0x00000000c0016b60                makePartition(PhysicalDisk*, unsigned long long, unsigned long long)
                0x00000000c0016c1c                createPartitionsForDisk(PhysicalDisk*)
 *fill*         0x00000000c0016ead        0x1 
 .text          0x00000000c0016eae       0x84 hal/serial.32
                0x00000000c0016eae                Serial::Serial(char const*)
                0x00000000c0016eae                Serial::Serial(char const*)
                0x00000000c0016ee4                Serial::~Serial()
                0x00000000c0016ee4                Serial::~Serial()
                0x00000000c0016f08                Serial::~Serial()
 .text          0x00000000c0016f32      0x2b8 hal/timer.32
                0x00000000c0016f32                Timer::Timer(char const*)
                0x00000000c0016f32                Timer::Timer(char const*)
                0x00000000c0016f68                Timer::~Timer()
                0x00000000c0016f68                Timer::~Timer()
                0x00000000c0016f8c                Timer::~Timer()
                0x00000000c0016fb6                Timer::read()
                0x00000000c0016fc1                setupTimer(int)
                0x00000000c00170b3                timerHandler(unsigned long long)
 .text          0x00000000c00171ea      0x4d0 hal/vcache.32
                0x00000000c00171ea                VCache::VCache(PhysicalDisk*)
                0x00000000c00171ea                VCache::VCache(PhysicalDisk*)
                0x00000000c0017328                VCache::~VCache()
                0x00000000c0017328                VCache::~VCache()
                0x00000000c001739c                VCache::~VCache()
                0x00000000c00173c4                VCache::invalidateReadBuffer()
                0x00000000c00173de                VCache::writeWriteBuffer()
                0x00000000c001741a                VCache::write(unsigned long long, int, void*)
                0x00000000c0017510                VCache::read(unsigned long long, int, void*)
 .text          0x00000000c00176ba      0x4cd hal/video.32
                0x00000000c00176ba                Video::Video(char const*)
                0x00000000c00176ba                Video::Video(char const*)
                0x00000000c00176f0                Video::~Video()
                0x00000000c00176f0                Video::~Video()
                0x00000000c0017714                Video::~Video()
                0x00000000c001773e                Video::isMonochrome()
                0x00000000c001774a                Video::getWidth()
                0x00000000c0017756                Video::getHeight()
                0x00000000c0017762                Video::putpixel(int, int, unsigned int)
                0x00000000c0017770                Video::drawCursor(int, int, unsigned char*, int)
                0x00000000c001782c                Video::putrect(int, int, int, int, unsigned int)
                0x00000000c0017878                Video::bitblit(int, int, int, int, int, int, int, unsigned int*)
                0x00000000c00178e8                Video::blit(unsigned int*, int, int, int, int)
                0x00000000c0017966                Video::clearScreen(unsigned int)
                0x00000000c001799a                Video::tgaParse(unsigned char*, int, int*, int*)
                0x00000000c0017b1c                Video::putTGA(int, int, unsigned char*, int)
 *fill*         0x00000000c0017b87        0x1 
 .text          0x00000000c0017b88      0xf65 hw/acpi.32
                0x00000000c0017b88                findRSDP()
                0x00000000c0017c12                loadACPITables(unsigned char*)
                0x00000000c0017e39                findRSDT(unsigned char*)
                0x00000000c0017f57                findDataTable(unsigned char*, char*)
                0x00000000c0017ff3                scanMADT()
                0x00000000c001847a                ACPI::ACPI()
                0x00000000c001847a                ACPI::ACPI()
                0x00000000c00184e4                ACPI::getPCIIRQAssignment(unsigned char, unsigned short, unsigned char)
                0x00000000c00185c6                ACPI::registerPCIIRQAssignment(void*, unsigned short, unsigned char, unsigned char)
                0x00000000c001868c                ACPI::setScreenBrightnessLevel(void*, int)
                0x00000000c0018692                ACPI::open(int, int, void*)
                0x00000000c00189d8                ACPI::writeSimpleBootFlag(SimpleBootFlagTable*)
                0x00000000c0018a20                ACPI::sleep()
                0x00000000c0018a38                ACPI::close(int, int, void*)
 *fill*         0x00000000c0018aed        0x1 
 .text          0x00000000c0018aee     0x1739 hw/cpu.32
                0x00000000c0018aee                CPU::lookupAMDName(unsigned char, unsigned char)
                0x00000000c0018c82                CPU::lookupIntelName(unsigned char, unsigned char)
                0x00000000c0018f30                CPU::AMD_K6_writeback(int, int, int)
                0x00000000c0018fac                CPU::AMD_K6_write_msr(unsigned int, unsigned int, unsigned int, CPU::REGS*)
                0x00000000c0018fc8                CPU::AMD_K6_read_msr(unsigned int, CPU::REGS*)
                0x00000000c0018fe0                CPU::cpuid(int, unsigned long*, unsigned long*, unsigned long*, unsigned long*)
                0x00000000c0019064                CPU::cpuidCheckEDX(unsigned int)
                0x00000000c0019092                CPU::cpuidCheckECX(unsigned int)
                0x00000000c00190c0                CPU::cpuidCheckExtendedEBX(unsigned int)
                0x00000000c00190ee                CPU::cpuidCheckExtendedECX(unsigned int)
                0x00000000c001911c                CPU::CPU()
                0x00000000c001911c                CPU::CPU()
                0x00000000c00191aa                CPU::open(int, int, void*)
                0x00000000c001927c                CPU::displayFeatures()
                0x00000000c00194f8                CPU::detectFeatures()
                0x00000000c0019ee8                CPU::close(int, int, void*)
                0x00000000c0019eec                CPU::setupSMEP()
                0x00000000c0019ef8                CPU::setupSMAP()
                0x00000000c0019f06                CPU::setupUMIP()
                0x00000000c0019f10                CPU::setupTSC()
                0x00000000c0019f1a                CPU::setupLargePages()
                0x00000000c0019f24                CPU::setupPAT()
                0x00000000c0019f60                CPU::setupMTRR()
                0x00000000c0019f62                CPU::setupGlobalPages()
                0x00000000c0019f6c                CPU::allowUsermodeDataAccess()
                0x00000000c0019f7e                CPU::prohibitUsermodeDataAccess()
                0x00000000c0019f90                CPU::setupFeatures()
                0x00000000c001a02c                CPU::decodeAddress(regs*, int*, bool*, unsigned char*)
 .text          0x00000000c001a227        0x0 hw/ports.32
 *fill*         0x00000000c001a227        0x1 
 .text          0x00000000c001a228      0x5d3 krnl/env.32
                0x00000000c001a228                EnvVarContainer::getEnv(char const*)
                0x00000000c001a266                EnvVarContainer::setEnv(char const*, char const*)
                0x00000000c001a332                EnvVarContainer::deleteEnv(char const*)
                0x00000000c001a334                EnvVarContainer::loadFrom(char const*, char const*)
                0x00000000c001a52a                EnvVarContainer::__loadSystem()
                0x00000000c001a544                EnvVarContainer::__loadUser()
                0x00000000c001a546                EnvVarContainer::EnvVarContainer(Process*)
                0x00000000c001a546                EnvVarContainer::EnvVarContainer(Process*)
                0x00000000c001a568                EnvVarContainer::~EnvVarContainer()
                0x00000000c001a568                EnvVarContainer::~EnvVarContainer()
                0x00000000c001a598                Krnl::getEnv(Process*, char const*)
                0x00000000c001a5fd                Krnl::setEnvSystem(char const*, char const*)
                0x00000000c001a617                Krnl::setEnvUser(char const*, char const*)
                0x00000000c001a636                Krnl::setEnvProcess(Process*, char const*, char const*)
                0x00000000c001a649                Krnl::deleteEnvSystem(char const*)
                0x00000000c001a64a                Krnl::deleteEnvUser(char const*)
                0x00000000c001a64b                Krnl::deleteEnvProcess(Process*, char const*)
                0x00000000c001a64c                Krnl::newProcessEnv(Process*)
                0x00000000c001a66e                Krnl::copyProcessEnv(Process*, Process*)
                0x00000000c001a6c2                Krnl::loadSystemEnv()
                0x00000000c001a6f0                Krnl::loadUserEnv()
                0x00000000c001a716                Krnl::flushEnv()
                0x00000000c001a717                Krnl::getProcessTotalEnvCount(Process*)
                0x00000000c001a737                Krnl::getProcessEnvPair(Process*, int)
 .text          0x00000000c001a7fb      0x396 krnl/panic.32
                0x00000000c001a7fb                Krnl::panic(char const*)
 .text          0x00000000c001ab91      0x3b6 net/ethernet.32
                0x00000000c001ab91                Net::switchEndian16(unsigned short)
                0x00000000c001abb2                Net::switchEndian32(unsigned int)
                0x00000000c001abe1                Net::crc32Calc(unsigned char*, int)
                0x00000000c001ac72                Net::wrapEthernetFrame(Net::UnwrappedEthernetFrame, unsigned char*)
                0x00000000c001adae                Net::unwrapEthernetFrame(unsigned char*, int)
 .text          0x00000000c001af47      0x513 reg/registry.32
                0x00000000c001af47                Reg::findLineFromLoadedData(char*, char*, char*)
                0x00000000c001b09f                Reg::getLineFromRegistry(char*, char*, char*, char*)
                0x00000000c001b1f4                Reg::getLine(char*, char*, char*)
                0x00000000c001b22b                Reg::readInt(char*, char*, int*)
                0x00000000c001b316                Reg::readString(char*, char*, char*, int)
                0x00000000c001b397                Reg::readBool(char*, char*, bool*)
                0x00000000c001b3bc                Reg::readBoolWithDefault(char*, char*, bool)
                0x00000000c001b3e8                Reg::readIntWithDefault(char*, char*, int)
                0x00000000c001b414                Reg::readStringWithDefault(char*, char*, char*, int, char*)
 .text          0x00000000c001b45a       0x36 sys/sc_eject.32
                0x00000000c001b45a                Sys::eject(regs*)
 .text          0x00000000c001b490       0x18 sys/sc_exit.32
                0x00000000c001b490                Sys::exit(regs*)
 .text          0x00000000c001b4a8       0x1f sys/sc_getcwd.32
                0x00000000c001b4a8                Sys::getCwd(regs*)
 .text          0x00000000c001b4c7        0xc sys/sc_getpid.32
                0x00000000c001b4c7                Sys::getPID(regs*)
 .text          0x00000000c001b4d3       0xa8 sys/sc_loaddll.32
                0x00000000c001b4d3                Sys::loadDLL(regs*)
 .text          0x00000000c001b57b       0x68 sys/sc_read.32
                0x00000000c001b57b                Sys::read(regs*)
 .text          0x00000000c001b5e3       0x55 sys/sc_sbrk.32
                0x00000000c001b5e3                Sys::sbrk(regs*)
 .text          0x00000000c001b638       0x1c sys/sc_setcwd.32
                0x00000000c001b638                Sys::setCwd(regs*)
 .text          0x00000000c001b654      0x128 sys/sc_settime.32
                0x00000000c001b654                Sys::setTime(regs*)
 .text          0x00000000c001b77c       0x4a sys/sc_timezone.32
                0x00000000c001b77c                Sys::timezone(regs*)
 .text          0x00000000c001b7c6       0x68 sys/sc_write.32
                0x00000000c001b7c6                Sys::write(regs*)
 .text          0x00000000c001b82e       0x3b sys/sc_yield.32
                0x00000000c001b82e                Sys::yield(regs*)
 .text          0x00000000c001b869     0x1028 sys/syscalls.32
                0x00000000c001b869                string_ends_with(char const*, char const*)
                0x00000000c001b8b1                sysCallOpen(regs*)
                0x00000000c001bac6                sysCallSeek(regs*)
                0x00000000c001bb2f                sysCallTell(regs*)
                0x00000000c001bbac                sysCallSizeFromFilename(regs*)
                0x00000000c001bc6c                sysCallSize(regs*)
                0x00000000c001bcef                sysCallClose(regs*)
                0x00000000c001bd77                sysCallOpenDir(regs*)
                0x00000000c001bdec                sysCallReadDir(regs*)
                0x00000000c001be7a                sysCallSeekDir(regs*)
                0x00000000c001be7f                sysCallTellDir(regs*)
                0x00000000c001be84                sysCallMakeDir(regs*)
                0x00000000c001bef4                sysCallCloseDir(regs*)
                0x00000000c001bf5a                sysCallVerify(regs*)
                0x00000000c001bf64                sysCallWait(regs*)
                0x00000000c001bf7e                sysCallNotImpl(regs*)
                0x00000000c001bf99                sysCallRmdir(regs*)
                0x00000000c001bffd                sysCallUnlink(regs*)
                0x00000000c001c061                sysCallGetArgc(regs*)
                0x00000000c001c071                sysCallGetArgv(regs*)
                0x00000000c001c0bd                sysCallRealpath(regs*)
                0x00000000c001c100                sysCallTTYName(regs*)
                0x00000000c001c183                sysCallIsATTY(regs*)
                0x00000000c001c1dd                sysCallUSleep(regs*)
                0x00000000c001c204                sysCallSpawn(regs*)
                0x00000000c001c25c                sysCallGetEnv(regs*)
                0x00000000c001c309                sysAppSettings(regs*)
                0x00000000c001c428                sysFormatDisk(regs*)
                0x00000000c001c492                sysSetDiskVolumeLabel(regs*)
                0x00000000c001c4d8                sysGetDiskVolumeLabel(regs*)
                0x00000000c001c529                sysSetFatAttrib(regs*)
                0x00000000c001c59b                sysPanic(regs*)
                0x00000000c001c5c1                sysShutdown(regs*)
                0x00000000c001c61f                sysPipe(regs*)
                0x00000000c001c664                sysGetUnixTime(regs*)
                0x00000000c001c678                Sys::loadSyscalls()
                0x00000000c001c84f                Sys::systemCall(regs*, void*)
 .text          0x00000000c001c891     0x1181 thr/elf.32
                0x00000000c001c891                Thr::allocateMemoryForTask(Process*, File*, unsigned long, unsigned long, unsigned long)
                0x00000000c001cb0e                Thr::loadProgramIntoMemory(Process*, char const*)
                0x00000000c001cd24                Thr::runtimeReferenceHelper()
                0x00000000c001cd37                Thr::getAddressOfKernelSymbol(char const*)
                0x00000000c001cd86                Thr::loadKernelSymbolTable(char const*)
                0x00000000c001d03a                Thr::loadDriverIntoMemory(char const*, unsigned long, bool)
                0x00000000c001d756                Thr::getDriverBaseFromAddress(unsigned long)
                0x00000000c001d788                Thr::getDriverNameFromAddress(unsigned long)
                0x00000000c001d7bf                Thr::getDriverOffsetFromAddress(unsigned long)
                0x00000000c001d7d9                Thr::loadDLL(char const*, bool)
                0x00000000c001d9e8                Thr::executeDLL(unsigned long, void*)
 .text          0x00000000c001da12     0x1051 thr/prcssthr.32
                0x00000000c001da12                changeTSS
                0x00000000c001da42                switchToThread(ThreadControlBlock*)
                0x00000000c001da92                Process::createUserThread()
                0x00000000c001daae                Process::createThread(void (*)(void*), void*, int)
                0x00000000c001db92                Process::addArgs(char**)
                0x00000000c001dbec                setupMultitasking(void (*)())
                0x00000000c001dcf6                Process::Process(char const*, Process*, char**)
                0x00000000c001dcf6                Process::Process(char const*, Process*, char**)
                0x00000000c001deda                Process::Process(bool, char const*, Process*, char**)
                0x00000000c001deda                Process::Process(bool, char const*, Process*, char**)
                0x00000000c001e089                disableIRQs()
                0x00000000c001e091                getIRQNestingLevel()
                0x00000000c001e097                enableIRQs()
                0x00000000c001e0a6                lockScheduler()
                0x00000000c001e0a8                unlockScheduler()
                0x00000000c001e0aa                lockStuff()
                0x00000000c001e0b6                unlockStuff()
                0x00000000c001e0e5                userModeEntryPoint(void*)
                0x00000000c001e108                taskStartupFunction
                0x00000000c001e111                schedule()
                0x00000000c001e196                updateTimeUsed()
                0x00000000c001e1fb                cleanupTerminatedTask(ThreadControlBlock*)
                0x00000000c001e4c4                waitTask(int, int*, int)
                0x00000000c001e506                cleanerTaskFunction(void*)
                0x00000000c001e5b9                terminateTask(int)
                0x00000000c001e699                blockTaskWithSchedulerLockAlreadyHeld(TaskState)
                0x00000000c001e6db                blockTask(TaskState)
                0x00000000c001e6fc                unblockTask(ThreadControlBlock*)
                0x00000000c001e7ab                nanoSleepUntil(unsigned long long)
                0x00000000c001e802                nanoSleep(unsigned long long)
                0x00000000c001e817                sleep(unsigned long long)
                0x00000000c001e834                taskReturned
                0x00000000c001e862                Semaphore::Semaphore(int)
                0x00000000c001e862                Semaphore::Semaphore(int)
                0x00000000c001e890                Semaphore::tryAcquire()
                0x00000000c001e8be                Semaphore::assertLocked(char const*)
                0x00000000c001e8f2                Semaphore::acquire()
                0x00000000c001e95a                Semaphore::release()
                0x00000000c001e992                Mutex::Mutex()
                0x00000000c001e992                Mutex::Mutex()
                0x00000000c001e9a3                Thr::terminateFromIRQ(int)
 .text          0x00000000c001ea63      0xc26 vm86/vm8086.32
                0x00000000c001ea63                Vm::inbv(unsigned short)
                0x00000000c001ea76                Vm::outbv(unsigned short, unsigned char)
                0x00000000c001eac9                Vm::realToLinear(unsigned short, unsigned short)
                0x00000000c001ead9                Vm::getSegment(unsigned int)
                0x00000000c001eae1                Vm::getOffset(unsigned int)
                0x00000000c001eae6                Vm::mainloop2()
                0x00000000c001eb21                Vm::mainloop3(unsigned long)
                0x00000000c001eb4b                Vm::mainVm8086Loop(void*)
                0x00000000c001eb58                Vm::initialise8086()
                0x00000000c001eb9b                Vm::finish8086()
                0x00000000c001ebe0                Vm::getOutput8086(unsigned char*)
                0x00000000c001ec0a                Vm::start8086(char const*, unsigned short, unsigned short, unsigned short, unsigned short)
                0x00000000c001ed5a                Vm::doISR(regs*, int, unsigned char*, unsigned short, unsigned short)
                0x00000000c001ede4                Vm::readByteFromReal(unsigned short, unsigned short)
                0x00000000c001edf5                Vm::readWordFromReal(unsigned short, unsigned short)
                0x00000000c001ee07                Vm::readDwordFromReal(unsigned short, unsigned short)
                0x00000000c001ee18                Vm::writeByteFromReal(unsigned short, unsigned short, unsigned char)
                0x00000000c001ee2d                Vm::writeWordFromReal(unsigned short, unsigned short, unsigned short)
                0x00000000c001ee43                Vm::writeDwordFromReal(unsigned short, unsigned short, unsigned int)
                0x00000000c001ee58                Vm::faultHandler(regs*)
 .text          0x00000000c001f689      0xefd vm86/x87em.32
                0x00000000c001f689                Vm::fpuInternalTo32(unsigned long long)
                0x00000000c001f6e4                Vm::fpuInternalTo64(unsigned long long)
                0x00000000c001f6ed                Vm::fpu32ToInternal(unsigned int)
                0x00000000c001f732                Vm::fpu64ToInternal(unsigned long long)
                0x00000000c001f73b                Vm::fpuFloatToLong(unsigned long long)
                0x00000000c001f796                Vm::fpuULongToFloat(unsigned long long)
                0x00000000c001f7cc                Vm::fpuLongToFloat(long long)
                0x00000000c001f822                Vm::fpuGet0()
                0x00000000c001f827                Vm::fpuGet1()
                0x00000000c001f82f                Vm::fpuGetPi()
                0x00000000c001f837                Vm::fpuGetLog2E()
                0x00000000c001f84f                Vm::fpuGetLogE2()
                0x00000000c001f867                Vm::fpuGetLog210()
                0x00000000c001f87f                Vm::fpuGetLog102()
                0x00000000c001f897                Vm::fpuIsSecondLarger(unsigned long long, unsigned long long)
                0x00000000c001f8ab                Vm::fpuAreEqual(unsigned long long, unsigned long long)
                0x00000000c001f8c1                Vm::fpuUnorderedCompare(unsigned long long, unsigned long long)
                0x00000000c001f914                Vm::fpuAdd(unsigned long long, unsigned long long)
                0x00000000c001f925                Vm::fpuAbs(unsigned long long)
                0x00000000c001f92e                Vm::fpuChs(unsigned long long)
                0x00000000c001f93e                Vm::fpuSub(unsigned long long, unsigned long long)
                0x00000000c001f94d                Vm::fpuMultiply(unsigned long long, unsigned long long)
                0x00000000c001f96c                Vm::fpuDivide(unsigned long long, unsigned long long)
                0x00000000c001f988                Vm::fpuSquare(unsigned long long)
                0x00000000c001f99e                Vm::fpuGetReg(int)
                0x00000000c001f9e1                Vm::fpuSetReg(int, unsigned long long)
                0x00000000c001fa2c                Vm::fpuPush(unsigned long long)
                0x00000000c001fa89                Vm::fpuPop()
                0x00000000c001fadb                Vm::x87Handler(regs*)
 .text          0x00000000c0020586     0x10ed fs/fat/vfslink.32
                0x00000000c0020586                fatWrapperReadDisk
                0x00000000c00205cd                fatWrapperWriteDisk
                0x00000000c0020614                fatWrapperIoctl
                0x00000000c0020718                FAT::FAT()
                0x00000000c0020718                FAT::FAT()
                0x00000000c002076a                FAT::~FAT()
                0x00000000c002076a                FAT::~FAT()
                0x00000000c002078e                FAT::~FAT()
                0x00000000c00207b6                FAT::getName()
                0x00000000c00207bc                FAT::getlabel(LogicalDisk*, int, char*, unsigned int*)
                0x00000000c002085a                FAT::setlabel(LogicalDisk*, int, char*)
                0x00000000c0020914                FAT::format(LogicalDisk*, int, char const*, int)
                0x00000000c0020af8                FAT::tryMount(LogicalDisk*, int)
                0x00000000c0020cfe                FAT::fixFilepath(char*)
                0x00000000c0020d36                FAT::open(char const*, void**, FileOpenMode)
                0x00000000c0020e5e                FAT::openDir(char const*, void**)
                0x00000000c0020f04                FAT::readDir(void*, unsigned long, void*, int*)
                0x00000000c002100a                FAT::read(void*, unsigned long, void*, int*)
                0x00000000c0021064                FAT::write(void*, unsigned long, void*, int*)
                0x00000000c00210be                FAT::close(void*)
                0x00000000c002110a                FAT::closeDir(void*)
                0x00000000c0021156                FAT::seek(void*, unsigned long long)
                0x00000000c00211aa                FAT::tell(void*, unsigned long long*)
                0x00000000c00211de                FAT::stat(void*, unsigned long long*)
                0x00000000c0021212                FAT::stat(char const*, unsigned long long*, bool*)
                0x00000000c00212fc                FAT::unlink(char const*)
                0x00000000c0021376                FAT::chfatattr(char const*, unsigned char, unsigned char)
                0x00000000c00214ca                FAT::rename(char const*, char const*)
                0x00000000c002158e                FAT::mkdir(char const*)
                0x00000000c0021608                FAT::exists(char const*)
 *fill*         0x00000000c0021673        0x1 
 .text          0x00000000c0021674      0xbc2 fs/iso9660/vfslink.32
                0x00000000c0021674                __memmem(unsigned char*, int, unsigned char*, int)
                0x00000000c00216b6                readSectorFromCDROM(unsigned int, unsigned char*, char)
                0x00000000c002171c                readRoot(unsigned int*, unsigned int*, char)
                0x00000000c0021771                readRecursively(char*, unsigned int, unsigned int, unsigned int*, unsigned int*, char, int*)
                0x00000000c0021944                getFileData(char*, unsigned int*, unsigned int*, char, int*)
                0x00000000c00219d2                ISO9660::ISO9660()
                0x00000000c00219d2                ISO9660::ISO9660()
                0x00000000c00219f6                ISO9660::~ISO9660()
                0x00000000c00219f6                ISO9660::~ISO9660()
                0x00000000c0021a1a                ISO9660::~ISO9660()
                0x00000000c0021a42                ISO9660::format(LogicalDisk*, int, char const*, int)
                0x00000000c0021a48                ISO9660::tryMount(LogicalDisk*, int)
                0x00000000c0021a98                ISO9660::open(char const*, void**, FileOpenMode)
                0x00000000c0021b58                ISO9660::read(void*, unsigned long, void*, int*)
                0x00000000c0021d58                ISO9660::exists(char const*)
                0x00000000c0021d7c                ISO9660::seek(void*, unsigned long long)
                0x00000000c0021dac                ISO9660::tell(void*, unsigned long long*)
                0x00000000c0021dd0                ISO9660::getName()
                0x00000000c0021dd6                ISO9660::stat(void*, unsigned long long*)
                0x00000000c0021dfa                ISO9660::stat(char const*, unsigned long long*, bool*)
                0x00000000c0021e8e                ISO9660::close(void*)
                0x00000000c0021eb0                ISO9660::openDir(char const*, void**)
                0x00000000c0021f68                ISO9660::readDir(void*, unsigned long, void*, int*)
                0x00000000c00221f6                ISO9660::closeDir(void*)
                0x00000000c0022218                ISO9660::chfatattr(char const*, unsigned char, unsigned char)
                0x00000000c002221e                ISO9660::unlink(char const*)
                0x00000000c0022224                ISO9660::write(void*, unsigned long, void*, int*)
                0x00000000c002222a                ISO9660::rename(char const*, char const*)
                0x00000000c0022230                ISO9660::mkdir(char const*)
 .text          0x00000000c0022236      0x330 hal/sound/sndchannel.32
                0x00000000c0022236                SoundChannel::SoundChannel(int, int, int, int)
                0x00000000c0022236                SoundChannel::SoundChannel(int, int, int, int)
                0x00000000c0022396                SoundChannel::~SoundChannel()
                0x00000000c0022396                SoundChannel::~SoundChannel()
                0x00000000c00223b2                SoundChannel::setSpeed(float)
                0x00000000c00223be                SoundChannel::getSpeed()
                0x00000000c00223c6                SoundChannel::setVolume(int)
                0x00000000c00223e2                SoundChannel::getVolume()
                0x00000000c00223ea                SoundChannel::pause()
                0x00000000c00223f4                SoundChannel::play()
                0x00000000c00223fe                SoundChannel::paused()
                0x00000000c0022406                SoundChannel::getSampleRate()
                0x00000000c002240e                SoundChannel::getBits()
                0x00000000c0022416                SoundChannel::getBufferUsed()
                0x00000000c002241e                SoundChannel::getBufferSize()
                0x00000000c0022426                SoundChannel::unbuffer(float*, int, int)
                0x00000000c00224c6                SoundChannel::buffer8(unsigned char*, int)
 .text          0x00000000c0022566      0x3d5 hal/sound/sndhw.32
                0x00000000c0022566                SoundDevice::SoundDevice(char const*)
                0x00000000c0022566                SoundDevice::SoundDevice(char const*)
                0x00000000c00225d2                SoundDevice::~SoundDevice()
                0x00000000c00225d2                SoundDevice::~SoundDevice()
                0x00000000c002264c                SoundDevice::~SoundDevice()
                0x00000000c0022676                SoundDevice::getFreeChannelNum()
                0x00000000c0022690                SoundDevice::addChannel(SoundChannel*)
                0x00000000c0022700                SoundDevice::removeChannel(int)
                0x00000000c0022732                SoundDevice::floatTo8(float*, unsigned char*, int)
                0x00000000c002281a                SoundDevice::getAudio(int, float*, float*)
 .text          0x00000000c002293b        0x0 hw/bus/isa.32
 *fill*         0x00000000c002293b        0x1 
 .text          0x00000000c002293c      0x6e3 hw/bus/pci.32
                0x00000000c002293c                PCI::PCI()
                0x00000000c002293c                PCI::PCI()
                0x00000000c00229bc                PCI::open(int, int, void*)
                0x00000000c00229d0                PCI::getVendorID(unsigned char, unsigned char, unsigned char)
                0x00000000c00229f4                PCI::getHeaderType(unsigned char, unsigned char, unsigned char)
                0x00000000c0022a1c                PCI::getClassCode(unsigned char, unsigned char, unsigned char)
                0x00000000c0022a66                PCI::getProgIF(unsigned char, unsigned char, unsigned char)
                0x00000000c0022a8e                PCI::getRevisionID(unsigned char, unsigned char, unsigned char)
                0x00000000c0022ab2                PCI::getInterruptNumber(unsigned char, unsigned char, unsigned char)
                0x00000000c0022ad6                PCI::getSecondaryBus(unsigned char, unsigned char, unsigned char)
                0x00000000c0022afe                PCI::getBARAddress(unsigned char, unsigned char, unsigned char, unsigned char)
                0x00000000c0022b62                PCI::pciReadWord(unsigned char, unsigned char, unsigned char, unsigned char)
                0x00000000c0022baa                PCI::pciWriteWord(unsigned char, unsigned char, unsigned char, unsigned char, unsigned short)
                0x00000000c0022c16                PCI::close(int, int, void*)
                0x00000000c0022c1a                PCI::foundDevice(PCIDeviceInfo)
                0x00000000c0022d8e                PCI::getDeviceData(unsigned char, unsigned char, unsigned char)
                0x00000000c0022f3c                PCI::checkDevice(unsigned char, unsigned char)
                0x00000000c0022fa8                PCI::checkBus(unsigned char)
                0x00000000c0022fcc                PCI::detect()
 *fill*         0x00000000c002301f        0x1 
 .text          0x00000000c0023020      0xc6f hw/diskctrl/ide.32
                0x00000000c0023020                IDE::IDE()
                0x00000000c0023020                IDE::IDE()
                0x00000000c0023054                IDE::prepareInterrupt(unsigned char)
                0x00000000c0023066                IDE::waitInterrupt(unsigned char)
                0x00000000c00230cc                ideChannel0IRQHandler(regs*, void*)
                0x00000000c00230e8                ideChannel1IRQHandler(regs*, void*)
                0x00000000c0023104                IDE::open(int, int, void*)
                0x00000000c0023514                IDE::enableIRQs(unsigned char, bool)
                0x00000000c002355a                selectDrive(unsigned char, unsigned char)
                0x00000000c002355c                IDE::getBase(unsigned char)
                0x00000000c002356e                IDE::close(int, int, void*)
                0x00000000c0023572                IDE::read(unsigned char, unsigned char)
                0x00000000c0023620                IDE::write(unsigned char, unsigned char, unsigned char)
                0x00000000c00236e0                IDE::readBuffer(unsigned char, unsigned char, unsigned int, unsigned int)
                0x00000000c00237ac                IDE::printError(unsigned char, unsigned char, unsigned char)
                0x00000000c0023942                IDE::polling(unsigned char, unsigned int)
                0x00000000c00239a8                IDE::detect()
 *fill*         0x00000000c0023c8f        0x1 
 .text          0x00000000c0023c90      0x391 hw/diskctrl/satabus.32
                0x00000000c0023c90                SATABus::SATABus()
                0x00000000c0023c90                SATABus::SATABus()
                0x00000000c0023d3c                SATABus::open(int, int, void*)
                0x00000000c0023d5c                SATABus::close(int, int, void*)
                0x00000000c0023d60                SATABus::detect()
                0x00000000c0023d62                SATABus::findCmdslot(SATABus::tagHBA_PORT volatile*)
                0x00000000c0023daa                SATABus::probePort(SATABus::tagHBA_MEM volatile*)
                0x00000000c0023e8c                SATABus::checkType(SATABus::tagHBA_PORT volatile*)
                0x00000000c0023ed4                SATABus::portRebase(SATABus::tagHBA_PORT volatile*, int)
                0x00000000c0023fd8                SATABus::startCmd(SATABus::tagHBA_PORT volatile*)
                0x00000000c0023ff8                SATABus::stopCmd(SATABus::tagHBA_PORT volatile*)
 *fill*         0x00000000c0024021        0x1 
 .text          0x00000000c0024022      0x631 hw/diskphys/ata.32
                0x00000000c0024022                ATA::ATA()
                0x00000000c0024022                ATA::ATA()
                0x00000000c0024050                ATA::flush(bool)
                0x00000000c002409a                ATA::readyForCommand()
                0x00000000c00240ea                ATA::access(unsigned long long, int, void*, bool)
                0x00000000c0024468                ATA::detectCHS()
                0x00000000c0024492                ATA::open(int, int, void*)
                0x00000000c002455e                ATA::read(unsigned long long, int, void*)
                0x00000000c00245c6                ATA::write(unsigned long long, int, void*)
                0x00000000c002462e                ATA::close(int, int, void*)
                0x00000000c0024652                ATA::powerSaving(PowerSavingLevel)
 *fill*         0x00000000c0024653        0x1 
 .text          0x00000000c0024654      0x5bd hw/diskphys/atapi.32
                0x00000000c0024654                ATAPI::ATAPI()
                0x00000000c0024654                ATAPI::ATAPI()
                0x00000000c0024682                ATAPI::sendPacket(unsigned char*, int, bool, unsigned short*, int)
                0x00000000c0024942                ATAPI::readyForCommand()
                0x00000000c0024992                ATAPI::open(int, int, void*)
                0x00000000c0024a1a                ATAPI::eject()
                0x00000000c0024a62                ATAPI::diskRemoved()
                0x00000000c0024a7e                ATAPI::diskInserted()
                0x00000000c0024aac                ATAPI::detectMedia()
                0x00000000c0024b68                ATAPI::read(unsigned long long, int, void*)
                0x00000000c0024be8                ATAPI::write(unsigned long long, int, void*)
                0x00000000c0024bee                ATAPI::close(int, int, void*)
 *fill*         0x00000000c0024c11        0x1 
 .text          0x00000000c0024c12      0x481 hw/diskphys/sata.32
                0x00000000c0024c12                SATA::SATA()
                0x00000000c0024c12                SATA::SATA()
                0x00000000c0024c40                SATA::open(int, int, void*)
                0x00000000c0024cee                SATA::access(unsigned long long, int, void*, bool)
                0x00000000c0024f9e                SATA::read(unsigned long long, int, void*)
                0x00000000c0025006                SATA::write(unsigned long long, int, void*)
                0x00000000c002506e                SATA::close(int, int, void*)
                0x00000000c0025092                SATA::powerSaving(PowerSavingLevel)
 *fill*         0x00000000c0025093        0x1 
 .text          0x00000000c0025094      0x566 hw/diskphys/satapi.32
                0x00000000c0025094                SATAPI::SATAPI()
                0x00000000c0025094                SATAPI::SATAPI()
                0x00000000c00250c2                SATAPI::diskRemoved()
                0x00000000c00250de                SATAPI::diskInserted()
                0x00000000c002510c                SATAPI::sendPacket(unsigned char*, int, unsigned long long, unsigned short*, int)
                0x00000000c002536a                SATAPI::open(int, int, void*)
                0x00000000c0025424                SATAPI::read(unsigned long long, int, void*)
                0x00000000c00254c6                SATAPI::write(unsigned long long, int, void*)
                0x00000000c00254cc                SATAPI::close(int, int, void*)
                0x00000000c00254f0                SATAPI::detectMedia()
                0x00000000c00255b2                SATAPI::eject()
 .text          0x00000000c00255fa       0x8e hw/fpu/avx.32
                0x00000000c00255fa                AVX::AVX()
                0x00000000c00255fa                AVX::AVX()
                0x00000000c0025622                AVX::open(int, int, void*)
                0x00000000c0025634                AVX::close(int, int, void*)
                0x00000000c0025646                AVX::available()
                0x00000000c0025658                AVX::save(void*)
                0x00000000c0025670                AVX::load(void*)
 .text          0x00000000c0025688       0x90 hw/fpu/mmx.32
                0x00000000c0025688                MMX::MMX()
                0x00000000c0025688                MMX::MMX()
                0x00000000c00256b0                MMX::open(int, int, void*)
                0x00000000c00256c2                MMX::close(int, int, void*)
                0x00000000c00256d4                MMX::available()
                0x00000000c00256e8                MMX::save(void*)
                0x00000000c0025700                MMX::load(void*)
 .text          0x00000000c0025718       0x96 hw/fpu/sse.32
                0x00000000c0025718                SSE::SSE()
                0x00000000c0025718                SSE::SSE()
                0x00000000c0025740                SSE::open(int, int, void*)
                0x00000000c0025752                SSE::close(int, int, void*)
                0x00000000c0025764                SSE::available()
                0x00000000c002577e                SSE::save(void*)
                0x00000000c0025796                SSE::load(void*)
 .text          0x00000000c00257ae       0x8e hw/fpu/x87.32
                0x00000000c00257ae                x87::x87()
                0x00000000c00257ae                x87::x87()
                0x00000000c00257d6                x87::open(int, int, void*)
                0x00000000c00257e8                x87::close(int, int, void*)
                0x00000000c00257fa                x87::available()
                0x00000000c002580c                x87::save(void*)
                0x00000000c0025824                x87::load(void*)
 .text          0x00000000c002583c      0x71e hw/intctrl/apic.32
                0x00000000c002583c                APIC::APIC()
                0x00000000c002583c                APIC::APIC()
                0x00000000c0025918                APIC::io_wait()
                0x00000000c002591e                APIC::disable()
                0x00000000c0025920                APIC::installIRQHandler(int, void (*)(regs*, void*), bool, void*)
                0x00000000c0025ad6                APIC::eoi(unsigned char)
                0x00000000c0025b04                APIC::getBase()
                0x00000000c0025b46                APIC::open(int, int, void*)
                0x00000000c0025c94                APIC::close(int, int, void*)
                0x00000000c0025cb6                IOAPIC::IOAPIC()
                0x00000000c0025cb6                IOAPIC::IOAPIC()
                0x00000000c0025cde                IOAPIC::handlesGSIWithNumber(unsigned int)
                0x00000000c0025d10                IOAPIC::open(int, int, void*)
                0x00000000c0025e06                IOAPIC::read(int)
                0x00000000c0025e2e                IOAPIC::write(int, int)
                0x00000000c0025e5a                IOAPIC::redirect(unsigned char, unsigned long long, unsigned char, bool, bool)
                0x00000000c0025f54                IOAPIC::close(int, int, void*)
 .text          0x00000000c0025f5a      0x3d4 hw/intctrl/pic.32
                0x00000000c0025f5a                PIC::PIC()
                0x00000000c0025f5a                PIC::PIC()
                0x00000000c0026030                PIC::ioWait()
                0x00000000c0026036                PIC::disable()
                0x00000000c0026064                PIC::getIRQReg(int)
                0x00000000c00260ce                PIC::remap()
                0x00000000c002623a                PIC::eoi(unsigned char)
                0x00000000c00262cc                PIC::open(int, int, void*)
                0x00000000c002630c                PIC::close(int, int, void*)
 .text          0x00000000c002632e      0x25e hw/timer/apictimer.32
                0x00000000c002632e                apicTimerHandler(regs*, void*)
                0x00000000c002635c                APICTimer::APICTimer()
                0x00000000c002635c                APICTimer::APICTimer()
                0x00000000c0026384                APICTimer::open(int, int, void*)
                0x00000000c0026482                APICTimer::write(int)
                0x00000000c0026586                APICTimer::close(int, int, void*)
 .text          0x00000000c002658c      0x1a8 hw/timer/pit.32
                0x00000000c002658c                pitHandler(regs*, void*)
                0x00000000c00265b8                PIT::PIT()
                0x00000000c00265b8                PIT::PIT()
                0x00000000c0026638                PIT::open(int, int, void*)
                0x00000000c0026686                PIT::write(int)
                0x00000000c0026704                PIT::close(int, int, void*)
 *fill*         0x00000000c0026734        0xc 
 .text          0x00000000c0026740       0x1e hw/fpu/x86/avx.32
                0x00000000c0026740                avxDetect
                0x00000000c0026746                avxSave
                0x00000000c0026747                avxLoad
                0x00000000c0026748                avxInit
                0x00000000c0026749                avxClose
                0x00000000c002674a                wouldSheSayYes
 *fill*         0x00000000c002675e        0x2 
 .text          0x00000000c0026760       0x35 hw/fpu/x86/sse.32
                0x00000000c0026760                absolutelyNoChanceInHell
                0x00000000c0026760                sseDetect
                0x00000000c0026778                sseSave
                0x00000000c002677e                sseLoad
                0x00000000c0026784                sseInit
                0x00000000c0026794                sseClose
 *fill*         0x00000000c0026795        0xb 
 .text          0x00000000c00267a0       0x47 hw/fpu/x86/x87.32
                0x00000000c00267a6                x87Detect
                0x00000000c00267c1                x87Save
                0x00000000c00267c7                x87Load
                0x00000000c00267cc                x87Init
                0x00000000c00267e6                x87Close
 *fill*         0x00000000c00267e7        0x1 
 .text          0x00000000c00267e8       0x25 /cygdrive/d/Users/Alex/Desktop/Toolchain/Output/bin/../lib/gcc/i386-banana/8.1.0/crtend.o
 .text          0x00000000c002680d        0x0 crtn.32
 *fill*         0x00000000c002680d        0x3 
 .text          0x00000000c0026810      0x14b /cygdrive/d/Users/Alex/Desktop/Toolchain/Output/bin/../lib/gcc/i386-banana/8.1.0/libkgcc.a(_divdi3.o)
                0x00000000c0026810                __divdi3
 *fill*         0x00000000c002695b        0x1 
 .text          0x00000000c002695c      0x17e /cygdrive/d/Users/Alex/Desktop/Toolchain/Output/bin/../lib/gcc/i386-banana/8.1.0/libkgcc.a(_moddi3.o)
                0x00000000c002695c                __moddi3
 *fill*         0x00000000c0026ada        0x2 
 .text          0x00000000c0026adc       0xff /cygdrive/d/Users/Alex/Desktop/Toolchain/Output/bin/../lib/gcc/i386-banana/8.1.0/libkgcc.a(_udivdi3.o)
                0x00000000c0026adc                __udivdi3
 *fill*         0x00000000c0026bdb        0x1 
 .text          0x00000000c0026bdc      0x11a /cygdrive/d/Users/Alex/Desktop/Toolchain/Output/bin/../lib/gcc/i386-banana/8.1.0/libkgcc.a(_umoddi3.o)
                0x00000000c0026bdc                __umoddi3
 .text          0x00000000c0026cf6      0x96d D:/Users/Alex/Desktop/Banana/kernel/libsoftfp.a(sfieeelib.o)
                0x00000000c0026cf6                __addsf3
                0x00000000c0026ff8                __subsf3
                0x00000000c002700c                __negsf2
                0x00000000c0027019                __mulsf3
                0x00000000c00271dc                __divsf3
                0x00000000c0027407                __floatsisf
                0x00000000c002747b                __floatunsisf
                0x00000000c00274bd                __fixsfsi
                0x00000000c002751f                __fixunssfsi
                0x00000000c0027550                __cmpsf2
                0x00000000c00275e5                __eqsf2
                0x00000000c0027620                __nesf2
                0x00000000c0027622                __gtsf2
                0x00000000c002765d                __gesf2
                0x00000000c002765f                __ltsf2
                0x00000000c0027661                __lesf2
 .text          0x00000000c0027663      0xf50 D:/Users/Alex/Desktop/Banana/kernel/libsoftfp.a(dfieeelib.o)
                0x00000000c0027663                __adddf3
                0x00000000c0027cb4                __subdf3
                0x00000000c0027ccf                __negdf2
                0x00000000c0027ce0                __muldf3
                0x00000000c0027fc4                __divdf3
                0x00000000c0028343                __floatsidf
                0x00000000c002839e                __floatunsidf
                0x00000000c00283dc                __fixdfsi
                0x00000000c0028449                __fixunsdfsi
                0x00000000c0028485                __cmpdf2
                0x00000000c0028573                __eqdf2
                0x00000000c002858f                __nedf2