Archive member included to satisfy reference by file (symbol)

/cygdrive/d/Users/Alex/Desktop/Toolchain/Output/bin/../lib/gcc/i386-banana/8.1.0/libkgcc.a(_divdi3.o)
                              krnl/resolve.32 (__divdi3)
/cygdrive/d/Users/Alex/Desktop/Toolchain/Output/bin/../lib/gcc/i386-banana/8.1.0/libkgcc.a(_moddi3.o)
                              krnl/resolve.32 (__moddi3)
/cygdrive/d/Users/Alex/Desktop/Toolchain/Output/bin/../lib/gcc/i386-banana/8.1.0/libkgcc.a(_udivdi3.o)
                              hal/clock.32 (__udivdi3)
/cygdrive/d/Users/Alex/Desktop/Toolchain/Output/bin/../lib/gcc/i386-banana/8.1.0/libkgcc.a(_umoddi3.o)
                              core/pipe.32 (__umoddi3)

Allocating common symbols
Common symbol       size              file

current_iphdr_src   0x4               net/core/ipv4/ip.32
netif_list          0x4               net/core/netif.32
tcp_active_pcbs     0x4               net/core/tcp.32
udp_pcbs            0x4               net/core/udp.32
current_netif       0x4               net/core/ipv4/ip.32
tcp_ticks           0x4               net/core/tcp.32
tcp_listen_pcbs     0x4               net/core/tcp.32
current_iphdr_dest  0x4               net/core/ipv4/ip.32
tcp_tmp_pcb         0x4               net/core/tcp.32
tcp_input_pcb       0x4               net/core/tcp_in.32
dcache              0x40              fs/iso9660/iso9660.32
current_header      0x4               net/core/ipv4/ip.32
tcp_bound_pcbs      0x4               net/core/tcp.32
cdDriveLetter       0x1               fs/iso9660/iso9660.32
tcp_tw_pcbs         0x4               net/core/tcp.32
lwip_stats          0x150             net/core/stats.32
netif_default       0x4               net/core/netif.32
ram_heap            0x64d             net/core/mem.32
icache              0x40              fs/iso9660/iso9660.32

Discarded input sections

 .comment       0x0000000000000000       0x12 /cygdrive/d/Users/Alex/Desktop/Toolchain/Output/bin/../lib/gcc/i386-banana/8.1.0/crtbegin.o
 .comment       0x0000000000000000       0x12 acpica/utclib.32
 .comment       0x0000000000000000       0x12 arch/cc.32
 .comment       0x0000000000000000       0x12 arch/sys_arch.32
 .comment       0x0000000000000000       0x12 core/malloc.32
 .comment       0x0000000000000000       0x12 libk/ctype.32
 .comment       0x0000000000000000       0x12 libk/string.32
 .comment       0x0000000000000000       0x12 fs/fat/diskio.32
 .comment       0x0000000000000000       0x12 fs/fat/ff.32
 .comment       0x0000000000000000       0x12 fs/fat/ffsystem.32
 .comment       0x0000000000000000       0x12 fs/fat/ffunicode.32
 .comment       0x0000000000000000       0x12 fs/iso9660/iso9660.32
 .comment       0x0000000000000000       0x12 net/core/def.32
 .comment       0x0000000000000000       0x12 net/core/dhcp.32
 .comment       0x0000000000000000       0x12 net/core/dns.32
 .comment       0x0000000000000000       0x12 net/core/init.32
 .comment       0x0000000000000000       0x12 net/core/mem.32
 .comment       0x0000000000000000       0x12 net/core/memp.32
 .comment       0x0000000000000000       0x12 net/core/netif.32
 .comment       0x0000000000000000       0x12 net/core/pbuf.32
 .comment       0x0000000000000000       0x12 net/core/raw.32
 .comment       0x0000000000000000       0x12 net/core/stats.32
 .comment       0x0000000000000000       0x12 net/core/sys.32
 .comment       0x0000000000000000       0x12 net/core/tcp.32
 .comment       0x0000000000000000       0x12 net/core/tcp_in.32
 .comment       0x0000000000000000       0x12 net/core/tcp_out.32
 .comment       0x0000000000000000       0x12 net/core/timers.32
 .comment       0x0000000000000000       0x12 net/core/udp.32
 .comment       0x0000000000000000       0x12 net/netif/etharp.32
 .comment       0x0000000000000000       0x12 net/netif/ethernetif.32
 .comment       0x0000000000000000       0x12 net/netif/slipif.32
 .comment       0x0000000000000000       0x12 net/core/ipv4/autoip.32
 .comment       0x0000000000000000       0x12 net/core/ipv4/icmp.32
 .comment       0x0000000000000000       0x12 net/core/ipv4/igmp.32
 .comment       0x0000000000000000       0x12 net/core/ipv4/inet.32
 .comment       0x0000000000000000       0x12 net/core/ipv4/inet_chksum.32
 .comment       0x0000000000000000       0x12 net/core/ipv4/ip.32
 .comment       0x0000000000000000       0x12 net/core/ipv4/ip_addr.32
 .comment       0x0000000000000000       0x12 net/core/ipv4/ip_frag.32
 .comment       0x0000000000000000       0x12 net/core/snmp/asn1_dec.32
 .comment       0x0000000000000000       0x12 net/core/snmp/asn1_enc.32
 .comment       0x0000000000000000       0x12 net/core/snmp/mib2.32
 .comment       0x0000000000000000       0x12 net/core/snmp/mib_structs.32
 .comment       0x0000000000000000       0x12 net/core/snmp/msg_in.32
 .comment       0x0000000000000000       0x12 net/core/snmp/msg_out.32
 .comment       0x0000000000000000       0x12 net/netif/ppp/auth.32
[...]
Memory Configuration

Name             Origin             Length             Attributes
*default*        0x0000000000000000 0xffffffffffffffff

Linker script and memory map

LOAD D:/Users/Alex/Desktop/Banana/kernel/boot.32
LOAD crti.32
LOAD /cygdrive/d/Users/Alex/Desktop/Toolchain/Output/bin/../lib/gcc/i386-banana/8.1.0/crtbegin.o
LOAD D:/Users/Alex/Desktop/Banana/kernel/morenasm.32
LOAD acpica/utclib.32
LOAD arch/cc.32
LOAD arch/sys_arch.32
LOAD core/malloc.32
LOAD libk/ctype.32
LOAD libk/string.32
LOAD fs/fat/diskio.32
LOAD fs/fat/ff.32
LOAD fs/fat/ffsystem.32
LOAD fs/fat/ffunicode.32
LOAD fs/iso9660/iso9660.32
LOAD net/core/def.32
LOAD net/core/dhcp.32
LOAD net/core/dns.32
LOAD net/core/init.32
LOAD net/core/mem.32
LOAD net/core/memp.32
LOAD net/core/netif.32
LOAD net/core/pbuf.32
LOAD net/core/raw.32
LOAD net/core/stats.32
LOAD net/core/sys.32
LOAD net/core/tcp.32
LOAD net/core/tcp_in.32
LOAD net/core/tcp_out.32
LOAD net/core/timers.32
LOAD net/core/udp.32
LOAD net/netif/etharp.32
LOAD net/netif/ethernetif.32
LOAD net/netif/slipif.32
LOAD net/core/ipv4/autoip.32
LOAD net/core/ipv4/icmp.32
LOAD net/core/ipv4/igmp.32
LOAD net/core/ipv4/inet.32
LOAD net/core/ipv4/inet_chksum.32
LOAD net/core/ipv4/ip.32
LOAD net/core/ipv4/ip_addr.32
LOAD net/core/ipv4/ip_frag.32
LOAD net/core/snmp/asn1_dec.32
LOAD net/core/snmp/asn1_enc.32
LOAD net/core/snmp/mib2.32
LOAD net/core/snmp/mib_structs.32
LOAD net/core/snmp/msg_in.32
LOAD net/core/snmp/msg_out.32
LOAD net/netif/ppp/auth.32
LOAD net/netif/ppp/chap.32
LOAD net/netif/ppp/chpms.32
LOAD net/netif/ppp/fsm.32
LOAD net/netif/ppp/ipcp.32
LOAD net/netif/ppp/lcp.32
LOAD net/netif/ppp/magic.32
LOAD net/netif/ppp/md5.32
LOAD net/netif/ppp/pap.32
LOAD net/netif/ppp/ppp.32
LOAD net/netif/ppp/ppp_oe.32
LOAD net/netif/ppp/randm.32
LOAD net/netif/ppp/vj.32
LOAD core/computer.32
LOAD core/gdt.32
LOAD core/idle.32
LOAD core/idt.32
LOAD core/kheap.32
LOAD core/main.32
LOAD core/physmgr.32
LOAD core/pipe.32
LOAD core/terminal.32
LOAD core/tss.32
LOAD core/unixfile.32
LOAD core/virtmgr.32
LOAD coreobjs/c++.32
LOAD dbg/kconsole.32
LOAD dbg/usban.32
LOAD fs/symlink.32
LOAD fs/vfs.32
LOAD hal/bus.32
LOAD hal/buzzer.32
LOAD hal/clock.32
LOAD hal/device.32
LOAD hal/diskctrl.32
LOAD hal/diskphys.32
LOAD hal/fpu.32
LOAD hal/intctrl.32
LOAD hal/keybrd.32
LOAD hal/logidisk.32
LOAD hal/mouse.32
LOAD hal/nic.32
LOAD hal/partition.32
LOAD hal/serial.32
LOAD hal/timer.32
LOAD hal/vcache.32
LOAD hal/video.32
LOAD hw/acpi.32
LOAD hw/cpu.32
LOAD krnl/atexit.32
LOAD krnl/bootmsg.32
LOAD krnl/cdefs.32
LOAD krnl/compat.32
LOAD krnl/crc32.32
LOAD krnl/env.32
LOAD krnl/inlines.32
LOAD krnl/mutex.32
LOAD krnl/panic.32
LOAD krnl/powctrl.32
LOAD krnl/random.32
LOAD krnl/resolve.32
LOAD krnl/semaphore.32
LOAD krnl/signal.32
LOAD krnl/syscalls.32
LOAD net/ethernet.32
LOAD net/netosl.32
LOAD reg/cm.32
LOAD reg/registry.32
LOAD sys/eject.32
LOAD sys/exit.32
LOAD sys/getcwd.32
LOAD sys/getpid.32
LOAD sys/getramdata.32
LOAD sys/getvgaptr.32
LOAD sys/kill.32
LOAD sys/loaddll.32
LOAD sys/read.32
LOAD sys/registersignal.32
LOAD sys/registry.32
LOAD sys/sbrk.32
LOAD sys/setcwd.32
LOAD sys/settime.32
LOAD sys/symlink.32
LOAD sys/timezone.32
LOAD sys/truncate.32
LOAD sys/write.32
LOAD sys/wsbe.32
LOAD sys/yield.32
LOAD thr/elf.32
LOAD thr/prcssthr.32
LOAD vm86/vm8086.32
LOAD arch/i386/hal.32
LOAD arch/i386/pic.32
LOAD arch/i386/rtc.32
LOAD arch/i386/vga.32
LOAD fs/fat/vfslink.32
LOAD fs/iso9660/helper.32
LOAD fs/iso9660/vfslink.32
LOAD hal/sound/sndcard.32
LOAD hal/sound/sndport.32
LOAD hw/bus/isa.32
LOAD hw/bus/pci.32
LOAD hw/diskctrl/ide.32
LOAD hw/diskctrl/satabus.32
LOAD hw/diskphys/ata.32
LOAD hw/diskphys/atapi.32
LOAD hw/diskphys/sata.32
LOAD hw/diskphys/satapi.32
LOAD hw/intctrl/apic.32
LOAD hw/timer/apictimer.32
LOAD hw/timer/pit.32
LOAD arch/i386/avx.32
LOAD arch/i386/interrupt.32
LOAD arch/i386/rdrand.32
LOAD arch/i386/sse.32
LOAD arch/i386/x87.32
LOAD /cygdrive/d/Users/Alex/Desktop/Toolchain/Output/bin/../lib/gcc/i386-banana/8.1.0/crtend.o
LOAD crtn.32
LOAD /cygdrive/d/Users/Alex/Desktop/Toolchain/Output/bin/../lib/gcc/i386-banana/8.1.0/libkgcc.a
LOAD D:/Users/Alex/Desktop/Banana/kernel/libsoftfp.a
LOAD D:/Users/Alex/Desktop/Banana/kernel/libk/libm32.a
                0x00000000c0000000                . = 0xc0000000

.text           0x00000000c0000000    0x2eaca
 *(.text)
 .text          0x00000000c0000000       0x20 D:/Users/Alex/Desktop/Banana/kernel/boot.32
 .text          0x00000000c0000020        0x0 crti.32
 .text          0x00000000c0000020      0x101 /cygdrive/d/Users/Alex/Desktop/Toolchain/Output/bin/../lib/gcc/i386-banana/8.1.0/crtbegin.o
 *fill*         0x00000000c0000121        0xf 
 .text          0x00000000c0000130      0x24f D:/Users/Alex/Desktop/Banana/kernel/morenasm.32
                0x00000000c0000130                manualPCIProbe
                0x00000000c000017b                prepareTramp
                0x00000000c0000194                doTPAUSE
                0x00000000c000019e                hasLegacyFPU
                0x00000000c00001c3                is486
                0x00000000c00001f9                detectCPUID
                0x00000000c000020f                goToVM86
                0x00000000c000023f                goToUsermode
                0x00000000c0000269                switchToThreadASMFirstTime
                0x00000000c0000277                switchToThreadASM
                0x00000000c00002fc                asmQuickAcquireLock
                0x00000000c000031a                asmQuickReleaseLock
                0x00000000c0000326                asmAcquireLock
                0x00000000c0000347                asmReleaseLock
                0x00000000c000035a                loadGDT
                0x00000000c000037a                memcpy
 *fill*         0x00000000c000037f        0x1 
 .text          0x00000000c0000380      0x868 acpica/utclib.32
                0x00000000c0000380                memcmp
                0x00000000c00003d0                memmove
                0x00000000c00004f0                memset
                0x00000000c0000570                strlen
                0x00000000c00005a0                strpbrk
                0x00000000c00005f0                strtok
                0x00000000c0000640                strcpy
                0x00000000c0000680                strncpy
                0x00000000c0000750                strcmp
                0x00000000c00007a0                strchr
                0x00000000c00007e0                strncmp
                0x00000000c0000840                strcat
                0x00000000c0000870                strncat
                0x00000000c00008d0                strstr
                0x00000000c0000930                toupper
                0x00000000c0000950                tolower
                0x00000000c0000970                simple_strtoul
 .text          0x00000000c0000be8       0x53 arch/cc.32
                0x00000000c0000be8                LWIP_PLATFORM_HTONS
                0x00000000c0000c0c                LWIP_PLATFORM_HTONL
 *fill*         0x00000000c0000c3b        0x1 
 .text          0x00000000c0000c3c      0x162 arch/sys_arch.32
                0x00000000c0000c3c                lwip_socket_init
                0x00000000c0000c54                tcpip_callback_with_block
                0x00000000c0000c6c                sys_sem_new
                0x00000000c0000c94                sys_sem_free
                0x00000000c0000cac                sys_sem_signal
                0x00000000c0000cc4                sys_arch_sem_wait
                0x00000000c0000ce0                sys_mbox_new
                0x00000000c0000cfc                sys_mbox_free
                0x00000000c0000d14                sys_mbox_post
                0x00000000c0000d2c                sys_arch_mbox_fetch
                0x00000000c0000d48                sys_arch_mbox_tryfetch
                0x00000000c0000d64                sys_mbox_trypost
                0x00000000c0000d7c                sys_thread_new
                0x00000000c0000d9c                sys_init
 .text          0x00000000c0000d9e     0x1140 core/malloc.32
                0x00000000c0000f09                dlfree
                0x00000000c00013d0                dlmalloc
                0x00000000c000190d                dlrealloc
                0x00000000c0001aea                dlmemalign
                0x00000000c0001c0d                dlcalloc
                0x00000000c0001c9e                dlcfree
                0x00000000c0001ca3                dlindependent_calloc
                0x00000000c0001cc8                dlindependent_comalloc
                0x00000000c0001cdf                dlvalloc
                0x00000000c0001d0a                dlpvalloc
                0x00000000c0001d40                dlmalloc_trim
                0x00000000c0001d4d                dlmalloc_usable_size
                0x00000000c0001d7e                dlmallinfo
                0x00000000c0001e4d                dlmalloc_stats
                0x00000000c0001e5e                dlmallopt
 *fill*         0x00000000c0001ede        0x2 
 .text          0x00000000c0001ee0      0x1f2 libk/ctype.32
                0x00000000c0001ee0                isblank
                0x00000000c0001f00                iscntrl
                0x00000000c0001f20                isdigit
                0x00000000c0001f3c                islower
                0x00000000c0001f58                isspace
                0x00000000c0001f80                isupper
                0x00000000c0001f9c                isalpha
                0x00000000c0001fcc                isalnum
                0x00000000c0001ffc                ispunct
                0x00000000c000203c                isgraph
                0x00000000c000206c                isprint
                0x00000000c0002094                isxdigit
 .text          0x00000000c00020d2        0x0 libk/string.32
 .text          0x00000000c00020d2       0x51 fs/fat/diskio.32
                0x00000000c00020d2                disk_status
                0x00000000c00020d5                disk_initialize
                0x00000000c00020d8                disk_read
                0x00000000c00020ee                disk_write
                0x00000000c0002104                disk_ioctl
 .text          0x00000000c0002123     0x3e46 fs/fat/ff.32
                0x00000000c0003f44                f_mount
                0x00000000c0003fa6                f_open
                0x00000000c0004269                f_read
                0x00000000c0004468                f_write
                0x00000000c00046b0                f_sync
                0x00000000c0004775                f_close
                0x00000000c00047a4                f_lseek
                0x00000000c0004955                f_opendir
                0x00000000c0004a20                f_closedir
                0x00000000c0004a42                f_readdir
                0x00000000c0004ad4                f_stat
                0x00000000c0004b53                f_getfree
                0x00000000c0004c5c                f_truncate
                0x00000000c0004d46                f_unlink
                0x00000000c0004e68                f_mkdir
                0x00000000c0005003                f_rename
                0x00000000c00051bb                f_chmod
                0x00000000c000526b                f_utime
                0x00000000c000531b                f_getlabel
                0x00000000c000546c                f_setlabel
                0x00000000c00055fc                f_expand
                0x00000000c0005769                f_mkfs
 *fill*         0x00000000c0005f69        0x3 
 .text          0x00000000c0005f6c       0x2f fs/fat/ffsystem.32
                0x00000000c0005f6c                ff_memalloc
                0x00000000c0005f84                ff_memfree
 *fill*         0x00000000c0005f9b        0x1 
 .text          0x00000000c0005f9c      0x2dc fs/fat/ffunicode.32
                0x00000000c0005f9c                ff_uni2oem
                0x00000000c000603c                ff_oem2uni
                0x00000000c00060b4                ff_wtoupper
 .text          0x00000000c0006278      0xd32 fs/iso9660/iso9660.32
                0x00000000c00064c3                isoReadDiscSector
                0x00000000c000655e                strnicmp
                0x00000000c000680d                stricmp
                0x00000000c0006859                iso_open
                0x00000000c00068e3                iso_close
                0x00000000c0006901                iso_read
                0x00000000c0006a17                iso_seek
                0x00000000c0006a9b                iso_tell
                0x00000000c0006acc                iso_total
                0x00000000c0006af7                fn_postprocess
                0x00000000c0006b1e                iso_readdir
                0x00000000c0006d75                iso_reset
                0x00000000c0006d92                init_percd
                0x00000000c0006e8c                iso_ioctl
                0x00000000c0006ea4                fs_iso9660_init
                0x00000000c0006f3a                fs_iso9660_shutdown
 .text          0x00000000c0006faa        0x0 net/core/def.32
 .text          0x00000000c0006faa        0x0 net/core/dhcp.32
 .text          0x00000000c0006faa        0x0 net/core/dns.32
 *fill*         0x00000000c0006faa        0x2 
 .text          0x00000000c0006fac       0x2b net/core/init.32
                0x00000000c0006fac                lwip_init
 *fill*         0x00000000c0006fd7        0x1 
 .text          0x00000000c0006fd8      0x9f0 net/core/mem.32
                0x00000000c000716c                mem_init
                0x00000000c0007214                mem_free
                0x00000000c0007338                mem_trim
                0x00000000c0007648                mem_malloc
                0x00000000c0007964                mem_calloc
 .text          0x00000000c00079c8      0x2e8 net/core/memp.32
                0x00000000c00079c8                memp_init
                0x00000000c0007b0c                memp_malloc
                0x00000000c0007c38                memp_free
 .text          0x00000000c0007cb0      0x4ba net/core/netif.32
                0x00000000c0007cb0                netif_init
                0x00000000c0007cb4                netif_find
                0x00000000c0007d4c                netif_set_ipaddr
                0x00000000c0007e44                netif_set_gw
                0x00000000c0007e68                netif_set_netmask
                0x00000000c0007e8c                netif_set_addr
                0x00000000c0007ed0                netif_add
                0x00000000c0007f9c                netif_set_default
                0x00000000c0007fa8                netif_set_up
                0x00000000c000800c                netif_set_down
                0x00000000c0008034                netif_remove
                0x00000000c00080e0                netif_set_link_up
                0x00000000c0008144                netif_set_link_down
 *fill*         0x00000000c000816a        0x2 
 .text          0x00000000c000816c     0x16ac net/core/pbuf.32
                0x00000000c0008234                pbuf_alloced_custom
                0x00000000c0008358                pbuf_header
                0x00000000c00084f4                pbuf_free
                0x00000000c00086cc                pbuf_alloc
                0x00000000c0008ac4                pbuf_realloc
                0x00000000c0008cc8                pbuf_clen
                0x00000000c0008cfc                pbuf_ref
                0x00000000c0008d2c                pbuf_cat
                0x00000000c0008e0c                pbuf_chain
                0x00000000c0008e38                pbuf_dechain
                0x00000000c0008f2c                pbuf_copy
                0x00000000c0009194                pbuf_copy_partial
                0x00000000c0009338                pbuf_take
                0x00000000c00094b8                pbuf_coalesce
                0x00000000c000954c                pbuf_get_at
                0x00000000c00095e4                pbuf_memcmp
                0x00000000c00096f0                pbuf_memfind
                0x00000000c00097a4                pbuf_strstr
 .text          0x00000000c0009818      0x3e4 net/core/raw.32
                0x00000000c0009818                raw_input
                0x00000000c0009924                raw_bind
                0x00000000c0009948                raw_connect
                0x00000000c000996c                raw_recv
                0x00000000c0009984                raw_sendto
                0x00000000c0009af0                raw_send
                0x00000000c0009b14                raw_remove
                0x00000000c0009b94                raw_new
 .text          0x00000000c0009bfc        0x2 net/core/stats.32
                0x00000000c0009bfc                stats_init
 *fill*         0x00000000c0009bfe        0x2 
 .text          0x00000000c0009c00       0x55 net/core/sys.32
                0x00000000c0009c00                sys_msleep
 *fill*         0x00000000c0009c55        0x3 
 .text          0x00000000c0009c58     0x1dec net/core/tcp.32
                0x00000000c0009c68                tcp_listen_with_backlog
                0x00000000c0009e18                tcp_update_rcv_ann_wnd
                0x00000000c0009ef4                tcp_recved
                0x00000000c000a03c                tcp_bind
                0x00000000c000a16c                tcp_seg_free
                0x00000000c000a1b0                tcp_segs_free
                0x00000000c000a1e8                tcp_setprio
                0x00000000c000a204                tcp_seg_copy
                0x00000000c000a258                tcp_arg
                0x00000000c000a268                tcp_recv
                0x00000000c000a278                tcp_sent
                0x00000000c000a288                tcp_err
                0x00000000c000a298                tcp_accept
                0x00000000c000a2a8                tcp_poll
                0x00000000c000a2d0                tcp_pcb_purge
                0x00000000c000a3b4                tcp_slowtmr
                0x00000000c000ab38                tcp_pcb_remove
                0x00000000c000afe0                tcp_close
                0x00000000c000b01c                tcp_recv_null
                0x00000000c000b080                tcp_fasttmr
                0x00000000c000b1a4                tcp_tmr
                0x00000000c000b1d4                tcp_shutdown
                0x00000000c000b280                tcp_abandon
                0x00000000c000b414                tcp_abort
                0x00000000c000b580                tcp_next_iss
                0x00000000c000b598                tcp_alloc
                0x00000000c000b744                tcp_new
                0x00000000c000b758                tcp_eff_send_mss
                0x00000000c000b7c8                tcp_connect
                0x00000000c000ba38                tcp_debug_state_str
 .text          0x00000000c000ba44     0x3131 net/core/tcp_in.32
                0x00000000c000e0a4                tcp_input
 *fill*         0x00000000c000eb75        0x3 
 .text          0x00000000c000eb78     0x1f81 net/core/tcp_out.32
                0x00000000c000f0e8                tcp_write
                0x00000000c000f988                tcp_enqueue_flags
                0x00000000c000fc74                tcp_send_fin
                0x00000000c000fd14                tcp_send_empty_ack
                0x00000000c0010024                tcp_output
                0x00000000c00104b0                tcp_rst
                0x00000000c0010624                tcp_rexmit_rto
                0x00000000c00106b4                tcp_rexmit
                0x00000000c001077c                tcp_rexmit_fast
                0x00000000c0010860                tcp_keepalive
                0x00000000c0010928                tcp_zero_window_probe
 *fill*         0x00000000c0010af9        0x3 
 .text          0x00000000c0010afc      0x44d net/core/timers.32
                0x00000000c0010afc                sys_timeout
                0x00000000c0010cb4                tcp_timer_needed
                0x00000000c0010d48                sys_timeouts_init
                0x00000000c0010d80                sys_untimeout
                0x00000000c0010e4c                sys_timeouts_mbox_fetch
 *fill*         0x00000000c0010f49        0x3 
 .text          0x00000000c0010f4c      0xae8 net/core/udp.32
                0x00000000c0010f4c                udp_input
                0x00000000c00113c0                udp_bind
                0x00000000c0011540                udp_sendto_if
                0x00000000c00117c0                udp_sendto
                0x00000000c0011824                udp_send
                0x00000000c0011850                udp_connect
                0x00000000c0011930                udp_disconnect
                0x00000000c001195c                udp_recv
                0x00000000c0011974                udp_remove
                0x00000000c00119f4                udp_new
 .text          0x00000000c0011a34     0x1204 net/netif/etharp.32
                0x00000000c0011a8c                etharp_tmr
                0x00000000c001205c                etharp_find_addr
                0x00000000c00125bc                etharp_request
                0x00000000c00125f8                etharp_query
                0x00000000c0012934                etharp_output
                0x00000000c0012af4                ethernet_input
 .text          0x00000000c0012c38        0x0 net/netif/ethernetif.32
 .text          0x00000000c0012c38        0x0 net/netif/slipif.32
 .text          0x00000000c0012c38        0x0 net/core/ipv4/autoip.32
 .text          0x00000000c0012c38      0x5dd net/core/ipv4/icmp.32
                0x00000000c0012c38                icmp_input
                0x00000000c00131d0                icmp_dest_unreach
                0x00000000c00131f4                icmp_time_exceeded
 .text          0x00000000c0013215        0x0 net/core/ipv4/igmp.32
 .text          0x00000000c0013215        0x0 net/core/ipv4/inet.32
 *fill*         0x00000000c0013215        0x3 
 .text          0x00000000c0013218      0x582 net/core/ipv4/inet_chksum.32
                0x00000000c0013310                inet_chksum_pseudo
                0x00000000c00134a0                inet_chksum_pseudo_partial
                0x00000000c0013690                inet_chksum
                0x00000000c00136b8                inet_chksum_pbuf
 *fill*         0x00000000c001379a        0x2 
 .text          0x00000000c001379c      0x84c net/core/ipv4/ip.32
                0x00000000c001379c                ip_route
                0x00000000c0013830                ip_input
                0x00000000c0013c74                ip_output_if
                0x00000000c0013f44                ip_output
 .text          0x00000000c0013fe8      0x5ac net/core/ipv4/ip_addr.32
                0x00000000c0013fe8                ip4_addr_isbroadcast
                0x00000000c0014070                ip4_addr_netmask_valid
                0x00000000c00140d4                ipaddr_aton
                0x00000000c0014404                ipaddr_addr
                0x00000000c0014434                ipaddr_ntoa_r
                0x00000000c0014580                ipaddr_ntoa
 .text          0x00000000c0014594     0x1161 net/core/ipv4/ip_frag.32
                0x00000000c00147f8                ip_reass_tmr
                0x00000000c0014e88                ip_reass
                0x00000000c0015348                ip_frag
 .text          0x00000000c00156f5        0x0 net/core/snmp/asn1_dec.32
 .text          0x00000000c00156f5        0x0 net/core/snmp/asn1_enc.32
 .text          0x00000000c00156f5        0x0 net/core/snmp/mib2.32
 .text          0x00000000c00156f5        0x0 net/core/snmp/mib_structs.32
 .text          0x00000000c00156f5        0x0 net/core/snmp/msg_in.32
 .text          0x00000000c00156f5        0x0 net/core/snmp/msg_out.32
 .text          0x00000000c00156f5        0x0 net/netif/ppp/auth.32
 .text          0x00000000c00156f5        0x0 net/netif/ppp/chap.32
 .text          0x00000000c00156f5        0x0 net/netif/ppp/chpms.32
 .text          0x00000000c00156f5        0x0 net/netif/ppp/fsm.32
 .text          0x00000000c00156f5        0x0 net/netif/ppp/ipcp.32
 .text          0x00000000c00156f5        0x0 net/netif/ppp/lcp.32
 .text          0x00000000c00156f5        0x0 net/netif/ppp/magic.32
 .text          0x00000000c00156f5        0x0 net/netif/ppp/md5.32
 .text          0x00000000c00156f5        0x0 net/netif/ppp/pap.32
 .text          0x00000000c00156f5        0x0 net/netif/ppp/ppp.32
 .text          0x00000000c00156f5        0x0 net/netif/ppp/ppp_oe.32
 .text          0x00000000c00156f5        0x0 net/netif/ppp/randm.32
 .text          0x00000000c00156f5        0x0 net/netif/ppp/vj.32
 *fill*         0x00000000c00156f5        0x1 
 .text          0x00000000c00156f6      0x6cb core/computer.32
                0x00000000c00156f6                Computer::close(int, int, void*)
                0x00000000c0015744                Krnl::firstTask()
                0x00000000c0015886                Computer::Computer()
                0x00000000c0015886                Computer::Computer()
                0x00000000c0015936                Computer::setBootMessage(char const*)
                0x00000000c0015938                Computer::detectFeatures()
                0x00000000c0015b5e                Computer::displayFeatures()
                0x00000000c0015b60                Computer::rdmsr(unsigned int)
                0x00000000c0015b8c                Computer::wrmsr(unsigned int, unsigned long long)
                0x00000000c0015bc8                Computer::shutdown()
                0x00000000c0015be0                Computer::restart()
                0x00000000c0015bf8                Computer::sleep()
                0x00000000c0015c0c                Computer::nmiEnabled()
                0x00000000c0015c18                Computer::readCMOS(unsigned char)
                0x00000000c0015c36                Computer::enableNMI(bool)
                0x00000000c0015c4e                Computer::open(int, int, void*)
                0x00000000c0015d22                Computer::disableNMI()
                0x00000000c0015d32                Computer::writeCMOS(unsigned char, unsigned char)
                0x00000000c0015d56                Computer::handleNMI()
 *fill*         0x00000000c0015dc1        0x1 
 .text          0x00000000c0015dc2      0x1db core/gdt.32
                0x00000000c0015dc2                GDTEntry::setBase(unsigned int)
                0x00000000c0015dde                GDTEntry::setLimit(unsigned int)
                0x00000000c0015dfc                GDT::GDT()
                0x00000000c0015dfc                GDT::GDT()
                0x00000000c0015e12                GDT::addEntry(GDTEntry)
                0x00000000c0015e34                GDT::getNumberOfEntries()
                0x00000000c0015e3c                GDT::flush()
                0x00000000c0015e5e                GDT::setup()
 .text          0x00000000c0015f9d       0x1d core/idle.32
                0x00000000c0015f9d                idleFunction(void*)
 *fill*         0x00000000c0015fba        0x2 
 .text          0x00000000c0015fbc      0x46c core/idt.32
                0x00000000c0015fbc                IDTEntry::IDTEntry(bool)
                0x00000000c0015fbc                IDTEntry::IDTEntry(bool)
                0x00000000c0016036                IDTEntry::setOffset(unsigned int)
                0x00000000c001604c                IDT::IDT()
                0x00000000c001604c                IDT::IDT()
                0x00000000c001604e                IDT::getPointerToInvalidOpcodeEntryForF00F()
                0x00000000c0016056                IDT::addEntry(IDTEntry, int)
                0x00000000c0016070                IDT::addEntry(int, void (*)(), bool)
                0x00000000c00160a8                IDT::flush()
                0x00000000c00160c2                IDT::setup()
 .text          0x00000000c0016428      0x228 core/kheap.32
                0x00000000c0016428                sbrk
                0x00000000c00164bf                sbrk_thunk
                0x00000000c00164f5                mmap
                0x00000000c0016575                munmap
                0x00000000c001658b                liballoc_lock()
                0x00000000c0016599                liballoc_unlock()
                0x00000000c00165af                liballoc_alloc(int)
                0x00000000c00165c7                liballoc_free(void*, int)
                0x00000000c00165e2                realloc
                0x00000000c00165f6                malloc
                0x00000000c0016606                free
                0x00000000c0016616                rfree
                0x00000000c0016626                calloc
 .text          0x00000000c0016650       0xc7 core/main.32
                0x00000000c0016650                KeEntryPoint
 .text          0x00000000c0016717      0x644 core/physmgr.32
                0x00000000c0016717                Phys::allocateDMA(unsigned long)
                0x00000000c00167ff                Phys::freeDMA(unsigned long, unsigned long)
                0x00000000c001683a                Phys::setPageState(unsigned long, bool)
                0x00000000c001687a                Phys::getPageState(unsigned long)
                0x00000000c0016896                Phys::freePage(unsigned long)
                0x00000000c00168ff                Phys::allocatePage()
                0x00000000c00169ce                Phys::allocateContiguousPages(int)
                0x00000000c0016a35                Phys::allowSegmentToBeUsed(unsigned long, unsigned long)
                0x00000000c0016a6d                Phys::physicalMemorySetup(unsigned int)
 *fill*         0x00000000c0016d5b        0x1 
 .text          0x00000000c0016d5c      0x273 core/pipe.32
                0x00000000c0016d5c                Pipe::isAtty()
                0x00000000c0016d60                Pipe::~Pipe()
                0x00000000c0016d60                Pipe::~Pipe()
                0x00000000c0016d84                Pipe::~Pipe()
                0x00000000c0016dac                Pipe::write(unsigned long long, void*, int*)
                0x00000000c0016e6c                Pipe::read(unsigned long long, void*, int*)
                0x00000000c0016f68                Pipe::Pipe(int)
                0x00000000c0016f68                Pipe::Pipe(int)
 *fill*         0x00000000c0016fcf        0x1 
 .text          0x00000000c0016fd0      0xab3 core/terminal.32
                0x00000000c0016fd0                VgaText::isAtty()
                0x00000000c0016fd4                VgaText::~VgaText()
                0x00000000c0016fd4                VgaText::~VgaText()
                0x00000000c0016ff8                VgaText::~VgaText()
                0x00000000c0017022                VgaText::read(unsigned long long, void*, int*)
                0x00000000c0017042                setTerminalScrollLock(bool)
                0x00000000c0017043                doTerminalCycle()
                0x00000000c0017044                addToTerminalCycle(VgaText*)
                0x00000000c0017045                scrollTerminalScrollLock(int)
                0x00000000c0017046                VgaText::updateTitle()
                0x00000000c0017048                VgaText::load()
                0x00000000c001704a                VgaText::updateCursor()
                0x00000000c0017060                VgaText::doANSI_SGR(int)
                0x00000000c00170d4                VgaText::setDefaultBgColour(VgaColour)
                0x00000000c00170e4                VgaText::setDefaultFgColour(VgaColour)
                0x00000000c00170f4                VgaText::setDefaultColours(VgaColour, VgaColour)
                0x00000000c0017114                VgaText::setTitleTextColour(VgaColour)
                0x00000000c0017120                VgaText::setTitleColour(VgaColour)
                0x00000000c001712c                VgaText::setTitle(char*)
                0x00000000c001712e                VgaText::combineColours(unsigned char, unsigned char)
                0x00000000c0017140                VgaText::scrollScreen()
                0x00000000c00171d2                VgaText::combineCharAndColour(char, unsigned char)
                0x00000000c00171e2                VgaText::writeCharacter(char, VgaColour, VgaColour, int, int)
                0x00000000c0017272                VgaText::getCursorX()
                0x00000000c001727a                VgaText::getCursorY()
                0x00000000c0017282                VgaText::setCursor(int, int)
                0x00000000c0017299                setActiveTerminal(VgaText*)
                0x00000000c00172e4                VgaText::clearScreen()
                0x00000000c0017332                VgaText::setCursorX(int)
                0x00000000c001734a                VgaText::setCursorY(int)
                0x00000000c0017362                VgaText::incrementCursor(bool)
                0x00000000c00173b6                VgaText::decrementCursor(bool)
                0x00000000c00173d8                VgaText::putchar(char, VgaColour, VgaColour)
                0x00000000c00174a8                VgaText::putchar(char)
                0x00000000c00175a0                VgaText::putx(unsigned int)
                0x00000000c00175e6                VgaText::puts(char const*)
                0x00000000c001760c                VgaText::write(unsigned long long, void*, int*)
                0x00000000c0017658                VgaText::puts(char const*, VgaColour, VgaColour)
                0x00000000c00177a6                VgaText::VgaText(char const*)
                0x00000000c00177a6                VgaText::VgaText(char const*)
                0x00000000c00178f6                VgaText::receiveKey(unsigned char)
                0x00000000c0017a82                VgaText::doUpdate()
 *fill*         0x00000000c0017a83        0x1 
 .text          0x00000000c0017a84      0x1a1 core/tss.32
                0x00000000c0017a84                TSS::TSS()
                0x00000000c0017a84                TSS::TSS()
                0x00000000c0017a94                TSS::setESP(unsigned long)
                0x00000000c0017aa8                TSS::flush()
                0x00000000c0017ac8                TSS::setup(unsigned long, unsigned long)
 *fill*         0x00000000c0017c25        0x1 
 .text          0x00000000c0017c26      0x4ca core/unixfile.32
                0x00000000c0017c26                ReservedFilename::read(unsigned long long, void*, int*)
                0x00000000c0017c7c                ReservedFilename::isAtty()
                0x00000000c0017c98                ReservedFilename::write(unsigned long long, void*, int*)
                0x00000000c0017cf6                UnixFile::getFileDescriptor()
                0x00000000c0017cfe                UnixFile::UnixFile(int)
                0x00000000c0017cfe                UnixFile::UnixFile(int)
                0x00000000c0017eb2                ReservedFilename::ReservedFilename(int)
                0x00000000c0017eb2                ReservedFilename::ReservedFilename(int)
                0x00000000c0017ee4                UnixFile::~UnixFile()
                0x00000000c0017ee4                UnixFile::~UnixFile()
                0x00000000c0017f80                UnixFile::~UnixFile()
                0x00000000c0017fa8                ReservedFilename::~ReservedFilename()
                0x00000000c0017fa8                ReservedFilename::~ReservedFilename()
                0x00000000c0017fcc                ReservedFilename::~ReservedFilename()
                0x00000000c0017ff3                KeGetFileFromDescriptor(int)
 .text          0x00000000c00180f0     0x1218 core/virtmgr.32
                0x00000000c00180f0                Virt::setPageState(unsigned long, Virt::VirtPageState)
                0x00000000c001812a                Virt::getPageState(unsigned long)
                0x00000000c001814d                Virt::allocateKernelVirtualPages(int)
                0x00000000c0018272                Virt::freeSwapfilePage(unsigned long)
                0x00000000c0018295                Virt::swapIDToSector(unsigned long)
                0x00000000c00182ab                Virt::allocateSwapfilePage()
                0x00000000c001832b                Virt::virtualMemorySetup()
                0x00000000c001837c                Virt::setupPageSwapping(int)
                0x00000000c00183ee                VAS::setCPUSpecific(unsigned long)
                0x00000000c00183f0                VAS::VAS(VAS*)
                0x00000000c00183f0                VAS::VAS(VAS*)
                0x00000000c001841e                VAS::getForeignPageTableEntry(bool, unsigned long)
                0x00000000c001844c                VAS::getPageTableEntry(unsigned long)
                0x00000000c001846b                Virt::freeKernelVirtualPages(unsigned long)
                0x00000000c00185a8                VAS::freeAllocatedPages(unsigned long)
                0x00000000c00185cc                VAS::virtualToPhysical(unsigned long)
                0x00000000c00185e6                VAS::reflagRange(unsigned long, int, unsigned long, unsigned long)
                0x00000000c0018628                VAS::VAS()
                0x00000000c0018628                VAS::VAS()
                0x00000000c0018692                VAS::setToWriteCombining(unsigned long, int)
                0x00000000c00186c6                VAS::mapOtherVASIn(bool, VAS*)
                0x00000000c00186f2                VAS::~VAS()
                0x00000000c00186f2                VAS::~VAS()
                0x00000000c0018860                VAS::mapPage(unsigned long, unsigned long, int)
                0x00000000c0018964                VAS::allocatePages(int, int)
                0x00000000c0018a5a                VAS::mapRange(unsigned long, unsigned long, int, int)
                0x00000000c0018ab2                VAS::mapForeignPage(bool, VAS*, unsigned long, unsigned long, int)
                0x00000000c0018ba8                VAS::VAS(bool)
                0x00000000c0018ba8                VAS::VAS(bool)
                0x00000000c0018df2                VAS::evict(unsigned long)
                0x00000000c0018ed0                VAS::tryLoadBackOffDisk(unsigned long)
                0x00000000c001906a                VAS::allocateSharedMemoryWithKernel(unsigned long, unsigned long*)
                0x00000000c00190de                VAS::freeSharedMemoryWithKernel(unsigned long, unsigned long)
                0x00000000c001910a                VAS::scanForEviction()
                0x00000000c001920d                mapVASFirstTime
 .text          0x00000000c0019308       0x5f coreobjs/c++.32
                0x00000000c0019308                __cxa_atexit
                0x00000000c001930b                __cxa_finalize
                0x00000000c001930c                __stack_chk_fail
                0x00000000c0019342                __cxa_pure_virtual
                0x00000000c0019353                operator new[](unsigned long)
                0x00000000c0019358                operator delete(void*, unsigned long)
                0x00000000c001935d                operator delete[](void*)
                0x00000000c0019362                operator delete[](void*, unsigned long)
 .text          0x00000000c0019367      0x254 dbg/kconsole.32
                0x00000000c0019367                Dbg::stringifyxWithBase(unsigned int, char*, int)
                0x00000000c0019407                Dbg::logc(char)
                0x00000000c0019427                Dbg::logs(char*)
                0x00000000c0019446                Dbg::logWriteInt(unsigned int)
                0x00000000c0019464                Dbg::logWriteIntBase(unsigned int, int)
                0x00000000c0019485                Dbg::kprintf(char const*, ...)
 *fill*         0x00000000c00195bb        0x1 
 .text          0x00000000c00195bc      0x2d4 dbg/usban.32
                0x00000000c00195bc                KiUbsanPrintDetails(char const*, void*)
                0x00000000c0019628                __ubsan_handle_type_mismatch_v1
                0x00000000c0019704                __ubsan_handle_pointer_overflow
                0x00000000c0019730                __ubsan_handle_out_of_bounds
                0x00000000c001975c                __ubsan_handle_add_overflow
                0x00000000c0019788                __ubsan_handle_load_invalid_value
                0x00000000c00197b4                __ubsan_handle_divrem_overflow
                0x00000000c00197e0                __ubsan_handle_mul_overflow
                0x00000000c001980c                __ubsan_handle_sub_overflow
                0x00000000c0019838                __ubsan_handle_shift_out_of_bounds
                0x00000000c0019864                __ubsan_handle_negate_overflow
 .text          0x00000000c0019890      0x86d fs/symlink.32
                0x00000000c00199df                KiDeinitialiseSymlinks(void*)
                0x00000000c0019a72                KeRegisterSymlink(char const*, unsigned long long)
                0x00000000c0019b04                KeInitialiseSymlinks()
                0x00000000c0019c78                KiIsSymlinkRegistered(char const*)
                0x00000000c0019dfc                KeDereferenceSymlink(char const*, char*)
                0x00000000c0019fa3                KeCreateSymlink(char const*, char const*)
 *fill*         0x00000000c001a0fd        0x1 
 .text          0x00000000c001a0fe      0xd68 fs/vfs.32
                0x00000000c001a0fe                File::read(unsigned long long, void*, int*)
                0x00000000c001a156                File::write(unsigned long long, void*, int*)
                0x00000000c001a1ae                Directory::read(unsigned long long, void*, int*)
                0x00000000c001a206                Directory::write(unsigned long long, void*, int*)
                0x00000000c001a234                File::isAtty()
                0x00000000c001a238                Directory::isAtty()
                0x00000000c001a23c                Filesystem::getlabel(LogicalDisk*, int, char*, unsigned int*)
                0x00000000c001a242                Filesystem::setlabel(LogicalDisk*, int, char*)
                0x00000000c001a248                Filesystem::allocateSwapfile(char const*, int)
                0x00000000c001a24e                File::~File()
                0x00000000c001a24e                File::~File()
                0x00000000c001a272                File::~File()
                0x00000000c001a29c                Directory::~Directory()
                0x00000000c001a29c                Directory::~Directory()
                0x00000000c001a2c0                Directory::~Directory()
                0x00000000c001a2ea                Filesystem::Filesystem()
                0x00000000c001a2ea                Filesystem::Filesystem()
                0x00000000c001a30e                Filesystem::~Filesystem()
                0x00000000c001a30e                Filesystem::~Filesystem()
                0x00000000c001a31c                Filesystem::~Filesystem()
                0x00000000c001a340                Fs::getcwd(Process*, char*, int)
                0x00000000c001a36a                Fs::initVFS()
                0x00000000c001a394                Fs::standardiseFiles(char*, char const*, char const*, bool)
                0x00000000c001a5ae                File::File(char const*, Process*, bool)
                0x00000000c001a5ae                File::File(char const*, Process*, bool)
                0x00000000c001a68c                File::File(char const*, Process*)
                0x00000000c001a68c                File::File(char const*, Process*)
                0x00000000c001a6aa                File::open(FileOpenMode)
                0x00000000c001a708                File::close()
                0x00000000c001a768                File::seek(unsigned long long)
                0x00000000c001a7be                File::truncate(unsigned long long)
                0x00000000c001a814                File::tell(unsigned long long*)
                0x00000000c001a864                File::rewind()
                0x00000000c001a878                File::unlink()
                0x00000000c001a8c4                File::rename(char const*)
                0x00000000c001a912                File::chfatattr(unsigned char, unsigned char)
                0x00000000c001a96e                File::exists()
                0x00000000c001a9ac                File::stat(unsigned long long*, bool*)
                0x00000000c001aa0d                Fs::setcwd(Process*, char*)
                0x00000000c001ab6c                Directory::Directory(char const*, Process*)
                0x00000000c001ab6c                Directory::Directory(char const*, Process*)
                0x00000000c001ac34                Directory::open()
                0x00000000c001ac90                Directory::close()
                0x00000000c001acf0                Directory::unlink()
                0x00000000c001ad3c                Directory::rename(char const*)
                0x00000000c001ad8a                Directory::exists()
                0x00000000c001adc8                Directory::read(dirent*)
                0x00000000c001ae14                Directory::create()
                0x00000000c001ae60                Filesystem::chfatattr(char const*, unsigned char, unsigned char)
 *fill*         0x00000000c001ae66        0x2 
 .text          0x00000000c001ae68       0x86 hal/bus.32
                0x00000000c001ae68                Bus::Bus(char const*)
                0x00000000c001ae68                Bus::Bus(char const*)
                0x00000000c001aea0                Bus::~Bus()
                0x00000000c001aea0                Bus::~Bus()
                0x00000000c001aec4                Bus::~Bus()
 .text          0x00000000c001aeee       0x96 hal/buzzer.32
                0x00000000c001aeee                beepThread(void*)
                0x00000000c001af2b                Krnl::beep(int, int, bool)
 .text          0x00000000c001af84      0x45f hal/clock.32
                0x00000000c001af84                User::loadClockSettings(int)
                0x00000000c001afd6                Clock::Clock(char const*)
                0x00000000c001afd6                Clock::Clock(char const*)
                0x00000000c001b00c                Clock::~Clock()
                0x00000000c001b00c                Clock::~Clock()
                0x00000000c001b030                Clock::~Clock()
                0x00000000c001b05a                Clock::timeInSecondsLocal()
                0x00000000c001b0a2                Clock::setTimeInSecondsLocal(unsigned long long)
                0x00000000c001b0fb                datetimeToSeconds(datetime_t)
                0x00000000c001b21a                Clock::setTimeInDatetimeLocal(datetime_t)
                0x00000000c001b27a                secondsToDatetime(unsigned long long)
                0x00000000c001b3be                Clock::timeInDatetimeLocal()
 *fill*         0x00000000c001b3e3        0x1 
 .text          0x00000000c001b3e4      0x47a hal/device.32
                0x00000000c001b3e4                Device::hibernate()
                0x00000000c001b3e6                Device::wake()
                0x00000000c001b3e8                Device::detect()
                0x00000000c001b3ea                Device::disableLegacy()
                0x00000000c001b3ec                Device::powerSaving(PowerSavingLevel)
                0x00000000c001b3ee                DriverlessDevice::close(int, int, void*)
                0x00000000c001b3f2                DriverlessDevice::detect()
                0x00000000c001b3f4                DriverlessDevice::open(int, int, void*)
                0x00000000c001b408                Device::~Device()
                0x00000000c001b408                Device::~Device()
                0x00000000c001b416                Device::~Device()
                0x00000000c001b43e                Device::findAndLoadDriver()
                0x00000000c001b44c                Device::preOpenPCI(PCIDeviceInfo)
                0x00000000c001b472                Device::preOpenACPI(void*, char*, char*)
                0x00000000c001b4b2                Device::addIRQHandler(int, void (*)(regs*, void*), bool, void*)
                0x00000000c001b4dc                Device::getParent()
                0x00000000c001b4e8                Device::removeIRQHandler(int, void (*)(regs*, void*), bool)
                0x00000000c001b506                Device::addChild(Device*)
                0x00000000c001b54a                Device::removeAllChildren()
                0x00000000c001b590                Device::hibernateAll()
                0x00000000c001b5c0                Device::wakeAll()
                0x00000000c001b5f0                Device::detectAll()
                0x00000000c001b620                Device::disableLegacyAll()
                0x00000000c001b622                Device::loadDriversForAll()
                0x00000000c001b624                Device::powerSavingAll(PowerSavingLevel)
                0x00000000c001b65a                Device::setName(char const*)
                0x00000000c001b668                Device::Device(char const*)
                0x00000000c001b668                Device::Device(char const*)
                0x00000000c001b764                Device::getName()
                0x00000000c001b76e                Device::closeAll()
                0x00000000c001b7ba                DriverlessDevice::DriverlessDevice(char const*)
                0x00000000c001b7ba                DriverlessDevice::DriverlessDevice(char const*)
                0x00000000c001b7f0                Device::addToLinkedList(LinkedList<Device>&, DeviceType)
                0x00000000c001b834                getDevicesOfType(DeviceType)
 *fill*         0x00000000c001b85e        0x2 
 .text          0x00000000c001b860       0x86 hal/diskctrl.32
                0x00000000c001b860                HardDiskController::HardDiskController(char const*)
                0x00000000c001b860                HardDiskController::HardDiskController(char const*)
                0x00000000c001b898                HardDiskController::~HardDiskController()
                0x00000000c001b898                HardDiskController::~HardDiskController()
                0x00000000c001b8bc                HardDiskController::~HardDiskController()
 .text          0x00000000c001b8e6       0xe2 hal/diskphys.32
                0x00000000c001b8e6                PhysicalDisk::eject()
                0x00000000c001b8ea                PhysicalDisk::PhysicalDisk(char const*, int)
                0x00000000c001b8ea                PhysicalDisk::PhysicalDisk(char const*, int)
                0x00000000c001b952                PhysicalDisk::startCache()
                0x00000000c001b97a                PhysicalDisk::~PhysicalDisk()
                0x00000000c001b97a                PhysicalDisk::~PhysicalDisk()
                0x00000000c001b99e                PhysicalDisk::~PhysicalDisk()
 .text          0x00000000c001b9c8        0x0 hal/fpu.32
 .text          0x00000000c001b9c8      0x359 hal/intctrl.32
                0x00000000c001b9c8                int_handler
                0x00000000c001ba52                installISRHandler(int, void (*)(regs*, void*), void*)
                0x00000000c001ba9c                installIRQHandler(int, void (*)(regs*, void*), bool, void*)
                0x00000000c001bbd0                uninstallISRHandler(int, void (*)(regs*, void*))
                0x00000000c001bc04                uninstallIRQHandler(int, void (*)(regs*, void*), bool)
                0x00000000c001bc82                setupINTS()
                0x00000000c001bcdf                convertLegacyIRQNumber(int)
 *fill*         0x00000000c001bd21        0x1 
 .text          0x00000000c001bd22      0x8b6 hal/keybrd.32
                0x00000000c001bd22                startGUI(void*)
                0x00000000c001bd8c                startGUIVESA(void*)
                0x00000000c001bdf6                sendKeyToTerminal(unsigned char)
                0x00000000c001bed1                sendKeyboardToken(KeyboardToken)
                0x00000000c001c3bb                clearInternalKeybuffer(VgaText*)
                0x00000000c001c3f0                readKeyboard(VgaText*, char*, unsigned long)
                0x00000000c001c54e                Keyboard::Keyboard(char const*)
                0x00000000c001c54e                Keyboard::Keyboard(char const*)
                0x00000000c001c58a                Keyboard::~Keyboard()
                0x00000000c001c58a                Keyboard::~Keyboard()
                0x00000000c001c5ae                Keyboard::~Keyboard()
 .text          0x00000000c001c5d8      0x3f8 hal/logidisk.32
                0x00000000c001c5d8                LogicalDisk::close(int, int, void*)
                0x00000000c001c5dc                LogicalDisk::~LogicalDisk()
                0x00000000c001c5dc                LogicalDisk::~LogicalDisk()
                0x00000000c001c600                LogicalDisk::~LogicalDisk()
                0x00000000c001c62a                LogicalDisk::open(int, int, void*)
                0x00000000c001c63e                LogicalDisk::absoluteToRelative(unsigned long long)
                0x00000000c001c676                LogicalDisk::relativeToAbsolute(unsigned long long)
                0x00000000c001c6bc                LogicalDisk::LogicalDisk(char const*, PhysicalDisk*, unsigned long long, unsigned long long)
                0x00000000c001c6bc                LogicalDisk::LogicalDisk(char const*, PhysicalDisk*, unsigned long long, unsigned long long)
                0x00000000c001c77c                LogicalDisk::assignDriveLetter()
                0x00000000c001c836                LogicalDisk::mount()
                0x00000000c001c87e                LogicalDisk::unmount()
                0x00000000c001c88e                LogicalDisk::eject()
                0x00000000c001c8a2                LogicalDisk::unassignDriveLetter()
                0x00000000c001c8f8                LogicalDisk::read(unsigned long long, int, void*)
                0x00000000c001c964                LogicalDisk::write(unsigned long long, int, void*)
 .text          0x00000000c001c9d0       0x86 hal/mouse.32
                0x00000000c001c9d0                Mouse::Mouse(char const*)
                0x00000000c001c9d0                Mouse::Mouse(char const*)
                0x00000000c001ca08                Mouse::~Mouse()
                0x00000000c001ca08                Mouse::~Mouse()
                0x00000000c001ca2c                Mouse::~Mouse()
 .text          0x00000000c001ca56       0x90 hal/nic.32
                0x00000000c001ca56                NIC::getMAC()
                0x00000000c001ca5c                NIC::write(int, unsigned char*, int*)
                0x00000000c001ca62                NIC::NIC(char const*)
                0x00000000c001ca62                NIC::NIC(char const*)
                0x00000000c001ca98                NIC::~NIC()
                0x00000000c001ca98                NIC::~NIC()
                0x00000000c001cabc                NIC::~NIC()
 .text          0x00000000c001cae6      0x33b hal/partition.32
                0x00000000c001cae6                makePartition(PhysicalDisk*, unsigned long long, unsigned long long)
                0x00000000c001cb8e                createPartitionsForDisk(PhysicalDisk*)
 *fill*         0x00000000c001ce21        0x3 
 .text          0x00000000c001ce24       0x86 hal/serial.32
                0x00000000c001ce24                Serial::Serial(char const*)
                0x00000000c001ce24                Serial::Serial(char const*)
                0x00000000c001ce5c                Serial::~Serial()
                0x00000000c001ce5c                Serial::~Serial()
                0x00000000c001ce80                Serial::~Serial()
 *fill*         0x00000000c001ceaa        0x2 
 .text          0x00000000c001ceac      0x230 hal/timer.32
                0x00000000c001ceac                Timer::Timer(char const*)
                0x00000000c001ceac                Timer::Timer(char const*)
                0x00000000c001cee4                Timer::~Timer()
                0x00000000c001cee4                Timer::~Timer()
                0x00000000c001cf08                Timer::~Timer()
                0x00000000c001cf32                Timer::read()
                0x00000000c001cf3d                setupTimer(int)
                0x00000000c001cf78                timerHandler(unsigned int)
 .text          0x00000000c001d0dc      0x444 hal/vcache.32
                0x00000000c001d0dc                VCache::VCache(PhysicalDisk*)
                0x00000000c001d0dc                VCache::VCache(PhysicalDisk*)
                0x00000000c001d24c                VCache::invalidateReadBuffer()
                0x00000000c001d25c                VCache::writeWriteBuffer()
                0x00000000c001d2a8                VCache::~VCache()
                0x00000000c001d2a8                VCache::~VCache()
                0x00000000c001d300                VCache::~VCache()
                0x00000000c001d328                VCache::write(unsigned long long, int, void*)
                0x00000000c001d41c                VCache::read(unsigned long long, int, void*)
 .text          0x00000000c001d520      0x70e hal/video.32
                0x00000000c001d520                Video::putrect(int, int, int, int, unsigned int)
                0x00000000c001d56c                Video::bitblit(int, int, int, int, int, int, int, unsigned int*)
                0x00000000c001d5dc                Video::blit(unsigned int*, int, int, int, int)
                0x00000000c001d65a                Video::clearScreen(unsigned int)
                0x00000000c001d68e                Video::putpixel(int, int, unsigned int)
                0x00000000c001d69c                Video::readPixelApprox(int, int)
                0x00000000c001d6b0                Video::Video(char const*)
                0x00000000c001d6b0                Video::Video(char const*)
                0x00000000c001d6e6                Video::~Video()
                0x00000000c001d6e6                Video::~Video()
                0x00000000c001d70a                Video::~Video()
                0x00000000c001d734                Video::isMonochrome()
                0x00000000c001d740                Video::getWidth()
                0x00000000c001d74c                Video::getHeight()
                0x00000000c001d758                Video::drawCursor(int, int, unsigned int*, int)
                0x00000000c001d814                Video::tgaParse(unsigned char*, int, int*, int*)
                0x00000000c001dbbe                Video::putTGA(int, int, unsigned char*, int)
 *fill*         0x00000000c001dc2e        0x2 
 .text          0x00000000c001dc30     0x1413 hw/acpi.32
                0x00000000c001dc30                ACPI::close(int, int, void*)
                0x00000000c001dd6c                findRSDP()
                0x00000000c001de04                loadACPITables(unsigned char*)
                0x00000000c001e070                findRSDT(unsigned char*)
                0x00000000c001e1c8                findDataTable(unsigned char*, char*)
                0x00000000c001e248                scanMADT()
                0x00000000c001e700                ACPI::ACPI()
                0x00000000c001e700                ACPI::ACPI()
                0x00000000c001e754                ACPI::getPCIIRQAssignment(unsigned char, unsigned short, unsigned char)
                0x00000000c001e850                ACPI::registerPCIIRQAssignment(void*, unsigned short, unsigned char, unsigned char)
                0x00000000c001e91c                ACPI::setScreenBrightnessLevel(void*, int)
                0x00000000c001e924                ACPI::detectPCI()
                0x00000000c001eb44                ACPI::writeSimpleBootFlag(SimpleBootFlagTable*)
                0x00000000c001eb8c                ACPI::sleep()
                0x00000000c001eba8                ACPI::open(int, int, void*)
 *fill*         0x00000000c001f043        0x1 
 .text          0x00000000c001f044      0xbc5 hw/cpu.32
                0x00000000c001f044                CPU::close(int, int, void*)
                0x00000000c001f048                CPU::AMD_K6_write_msr(unsigned int, unsigned int, unsigned int, CPU::REGS*)
                0x00000000c001f064                CPU::AMD_K6_read_msr(unsigned int, CPU::REGS*)
                0x00000000c001f07c                CPU::AMD_K6_writeback(int, int, int)
                0x00000000c001f0f0                CPU::cpuid(int, unsigned long*, unsigned long*, unsigned long*, unsigned long*)
                0x00000000c001f174                CPU::cpuidCheckEDX(unsigned int)
                0x00000000c001f1a2                CPU::cpuidCheckECX(unsigned int)
                0x00000000c001f1d0                CPU::cpuidCheckExtendedEBX(unsigned int)
                0x00000000c001f1fe                CPU::cpuidCheckExtendedECX(unsigned int)
                0x00000000c001f22c                CPU::CPU()
                0x00000000c001f22c                CPU::CPU()
                0x00000000c001f2ba                CPU::displayFeatures()
                0x00000000c001f2bc                CPU::detectFeatures()
                0x00000000c001f990                CPU::setupSMEP()
                0x00000000c001f99c                CPU::setupUMIP()
                0x00000000c001f9a6                CPU::setupTSC()
                0x00000000c001f9b0                CPU::setupLargePages()
                0x00000000c001f9ba                CPU::setupPAT()
                0x00000000c001f9f6                CPU::setupMTRR()
                0x00000000c001f9f8                CPU::setupGlobalPages()
                0x00000000c001fa02                CPU::allowUsermodeDataAccess()
                0x00000000c001fa14                CPU::prohibitUsermodeDataAccess()
                0x00000000c001fa26                CPU::setupSMAP()
                0x00000000c001fa34                CPU::setupFeatures()
                0x00000000c001fb00                CPU::open(int, int, void*)
 .text          0x00000000c001fc09       0xb6 krnl/atexit.32
                0x00000000c001fc09                KeInitialiseAtexit()
                0x00000000c001fc28                KeRegisterAtexit(void (*)(void*), void*)
                0x00000000c001fc5c                KeExecuteAtexit()
 .text          0x00000000c001fcbf       0xdf krnl/bootmsg.32
                0x00000000c001fcbf                KeDisplaySplashScreen()
                0x00000000c001fd3b                KeSetBootMessage(char const*)
 *fill*         0x00000000c001fd9e        0x2 
 .text          0x00000000c001fda0       0x48 krnl/cdefs.32
                0x00000000c001fda0                CUnlockScheduler
                0x00000000c001fdbc                CLockScheduler
                0x00000000c001fdcc                CPrintf
 .text          0x00000000c001fde8       0x1d krnl/compat.32
                0x00000000c001fde8                Krnl::handlePowerButton()
                0x00000000c001fdf8                Krnl::handleSleepButton()
 .text          0x00000000c001fe05       0x2b krnl/crc32.32
                0x00000000c001fe05                KeCalculateCRC32(unsigned char*, int)
 .text          0x00000000c001fe30      0x5bf krnl/env.32
                0x00000000c001fe30                EnvVarContainer::getEnv(char const*)
                0x00000000c001fe6e                EnvVarContainer::setEnv(char const*, char const*)
                0x00000000c001ff30                EnvVarContainer::deleteEnv(char const*)
                0x00000000c001ff32                EnvVarContainer::loadFrom(char const*, char const*)
                0x00000000c0020156                EnvVarContainer::__loadSystem()
                0x00000000c0020170                EnvVarContainer::__loadUser()
                0x00000000c0020172                EnvVarContainer::EnvVarContainer(Process*)
                0x00000000c0020172                EnvVarContainer::EnvVarContainer(Process*)
                0x00000000c0020194                EnvVarContainer::~EnvVarContainer()
                0x00000000c0020194                EnvVarContainer::~EnvVarContainer()
                0x00000000c00201c4                KeGetEnv(Process*, char const*)
                0x00000000c0020229                KeSetEnvSystem(char const*, char const*)
                0x00000000c0020243                KeSetEnvUser(char const*, char const*)
                0x00000000c0020262                KeSetEnvProcess(Process*, char const*, char const*)
                0x00000000c0020275                KeDeleteEnvSystem(char const*)
                0x00000000c0020276                KeDeleteEnvUser(char const*)
                0x00000000c0020277                KeDeleteEnvProcess(Process*, char const*)
                0x00000000c0020278                KeNewProcessEnv(Process*)
                0x00000000c002029a                KeCopyProcessEnv(Process*, Process*)
                0x00000000c00202e6                KeLoadSystemEnv()
                0x00000000c0020314                KeLoadUserEnv()
                0x00000000c002033a                KeFlushEnv()
                0x00000000c002033b                KeGetProcessTotalEnvCount(Process*)
                0x00000000c002035b                KeGetProcessEnvPair(Process*, int)
 .text          0x00000000c00203ef       0x94 krnl/inlines.32
                0x00000000c00203ef                CPU::current()
                0x00000000c00203fb                operator new(unsigned long)
                0x00000000c0020400                operator delete(void*)
                0x00000000c0020405                disableIRQs()
                0x00000000c0020407                enableIRQs()
                0x00000000c0020409                lockScheduler()
                0x00000000c0020411                unlockScheduler()
                0x00000000c0020420                lockStuff()
                0x00000000c002042e                unlockStuff()
                0x00000000c0020468                Virt::getAKernelVAS()
                0x00000000c002046e                __not_memcpy
 *fill*         0x00000000c0020483        0x1 
 .text          0x00000000c0020484       0x1a krnl/mutex.32
                0x00000000c0020484                Mutex::Mutex()
                0x00000000c0020484                Mutex::Mutex()
 .text          0x00000000c002049e        0xc krnl/panic.32
                0x00000000c002049e                KePanic(char const*)
 .text          0x00000000c00204aa      0x142 krnl/powctrl.32
                0x00000000c00204aa                KePowerThread(void*)
                0x00000000c00204d8                KeChangePowerSettings(PowerSettings)
                0x00000000c00204ee                KeUserIOReceived()
                0x00000000c00204f9                KeHandlePowerButton()
                0x00000000c002052e                KeHandleSleepButton()
                0x00000000c0020563                KeSetupPowerManager()
 .text          0x00000000c00205ec       0x9d krnl/random.32
                0x00000000c00205ec                KeRand()
                0x00000000c002062e                KeSeedRand(unsigned int)
                0x00000000c0020657                KeInitRand()
 *fill*         0x00000000c0020689        0x3 
 .text          0x00000000c002068c      0x1bc krnl/resolve.32
                0x00000000c002068c                KeResolveCompatibilitySymbol(char*)
 .text          0x00000000c0020848      0x415 krnl/semaphore.32
                0x00000000c0020848                Semaphore::Semaphore(int)
                0x00000000c0020848                Semaphore::Semaphore(int)
                0x00000000c0020878                Semaphore::tryAcquire()
                0x00000000c0020954                Semaphore::assertLocked(char const*)
                0x00000000c00209e4                Semaphore::acquire(int)
                0x00000000c0020b8c                Semaphore::acquire()
                0x00000000c0020ba8                Semaphore::release()
 .text          0x00000000c0020c5d      0x322 krnl/signal.32
                0x00000000c0020c5d                KiSigKill(int)
                0x00000000c0020c71                KiDefaultSignalHandlerIgnore(int)
                0x00000000c0020c72                KiDefaultSignalHandlerPause(int)
                0x00000000c0020c9e                KiDefaultSignalHandlerResume(int)
                0x00000000c0020cca                KeDeinitSignals(SigHandlerBlock*)
                0x00000000c0020ccf                KeInitSignals()
                0x00000000c0020d21                KeRegisterSignalHandler(SigHandlerBlock*, int, void (*)(int), unsigned int, int)
                0x00000000c0020d57                KeRaiseSignal(SigHandlerBlock*, int)
                0x00000000c0020dd4                KeCheckSignal(SigHandlerBlock*, int*)
                0x00000000c0020ecb                KiCheckSignalZ
                0x00000000c0020f0d                KeCompleteSignal(SigHandlerBlock*, int)
                0x00000000c0020f48                KiFinishSignalZ
 .text          0x00000000c0020f7f      0xe10 krnl/syscalls.32
                0x00000000c0020f7f                SysSeekDir(regs*)
                0x00000000c0020f84                SysTellDir(regs*)
                0x00000000c0020f89                SysVerify(regs*)
                0x00000000c0020f93                SysGetArgc(regs*)
                0x00000000c0020fa7                SysTTYName(regs*)
                0x00000000c0020faf                SysFormatDisk(regs*)
                0x00000000c0021026                SysSetDiskVolumeLabel(regs*)
                0x00000000c002107a                SysGetDiskVolumeLabel(regs*)
                0x00000000c00210d3                SysShutdown(regs*)
                0x00000000c0021131                SysRealpath(regs*)
                0x00000000c0021175                SysReadDir(regs*)
                0x00000000c00211f5                SysIsATTY(regs*)
                0x00000000c002124f                SysSeek(regs*)
                0x00000000c00212a6                SysTell(regs*)
                0x00000000c0021313                SysSize(regs*)
                0x00000000c0021386                SysSizeFromFilename(regs*)
                0x00000000c00214b7                SysSizeFromFilenameNoSymlink(regs*)
                0x00000000c00215e8                SysClose(regs*)
                0x00000000c0021648                SysOpenDir(regs*)
                0x00000000c00216c5                SysMakeDir(regs*)
                0x00000000c0021733                SysCloseDir(regs*)
                0x00000000c0021787                SysWait(regs*)
                0x00000000c00217a8                SysNotImpl(regs*)
                0x00000000c00217c3                SysPanic(regs*)
                0x00000000c00217de                SysRmdir(regs*)
                0x00000000c0021843                SysUnlink(regs*)
                0x00000000c00218a8                SysGetArgv(regs*)
                0x00000000c00218f5                SysUSleep(regs*)
                0x00000000c002191e                SysSpawn(regs*)
                0x00000000c0021991                SysGetEnv(regs*)
                0x00000000c0021a42                SysSetFatAttrib(regs*)
                0x00000000c0021ab5                SysPipe(regs*)
                0x00000000c0021afa                SysGetUnixTime(regs*)
                0x00000000c0021b0e                string_ends_with(char const*, char const*)
                0x00000000c0021b56                SysOpen(regs*)
                0x00000000c0021d4d                KeSystemCall(regs*, void*)
 *fill*         0x00000000c0021d8f        0x1 
 .text          0x00000000c0021d90      0x159 net/ethernet.32
                0x00000000c0021d90                KeSwitchEndian16(unsigned short)
                0x00000000c0021db4                KeSwitchEndian32(unsigned int)
                0x00000000c0021de4                EthernetCRC32(unsigned char*, int)
                0x00000000c0021e88                EthernetReceivedPacket(EthernetUnwrappedFrame*, unsigned short)
 *fill*         0x00000000c0021ee9        0x3 
 .text          0x00000000c0021eec       0xf4 net/netosl.32
                0x00000000c0021eec                KeNetCreateSemaphore
                0x00000000c0021f30                KeNetFreeSemaphore
                0x00000000c0021f4c                KeNetSignalSemaphore
                0x00000000c0021f68                KeNetWaitSemaphore
                0x00000000c0021f88                KeNetCreateThread
                0x00000000c0021fac                KeCPanic
                0x00000000c0021fc4                KeCPuts
 .text          0x00000000c0021fe0      0xd56 reg/cm.32
                0x00000000c0021fe0                CmOpen(char const*)
                0x00000000c00220fe                CmClose(Reghive_Tag*)
                0x00000000c0022114                CmReadExtent(Reghive_Tag*, int, unsigned char*)
                0x00000000c0022150                CmGetString(Reghive_Tag*, int, char*)
                0x00000000c00221c7                CmEnterDirectory(Reghive_Tag*, int)
                0x00000000c0022206                CmGetNext(Reghive_Tag*, int)
                0x00000000c0022238                CmWriteExtent(Reghive_Tag*, int, unsigned char*)
                0x00000000c0022274                CmFreeExtent(Reghive_Tag*, int)
                0x00000000c002229c                CmUpdateHeader(Reghive_Tag*)
                0x00000000c00222bd                CmExpand(Reghive_Tag*, int)
                0x00000000c0022338                CmFindUnusedExtent(Reghive_Tag*)
                0x00000000c00223be                CmCreateExtent(Reghive_Tag*, int, int, unsigned char*)
                0x00000000c00224b2                CmSetString(Reghive_Tag*, int, char const*)
                0x00000000c00225ee                CmGetMatch(char*, char*, bool, bool*)
                0x00000000c002264f                CmAddShift(unsigned int*, int*, unsigned char, int)
                0x00000000c002267f                CmGetShift(unsigned int*, int*, int, bool*)
                0x00000000c00226b6                CmGetInteger(Reghive_Tag*, int, unsigned long long*)
                0x00000000c00226e0                CmSetInteger(Reghive_Tag*, int, unsigned long long)
                0x00000000c0022720                CmConvertFromInternalFilename(unsigned char const*, char*)
                0x00000000c00227c4                CmGetNameAndTypeFromExtent(Reghive_Tag*, int, char*)
                0x00000000c00227f2                CmConvertToInternalFilename(char const*, unsigned char*)
                0x00000000c0022990                CmCreateString(Reghive_Tag*, int, char const*)
                0x00000000c00229dd                CmFindInDirectory(Reghive_Tag*, int, char const*)
                0x00000000c0022a57                CmCreateInteger(Reghive_Tag*, int, char const*, unsigned long long, int)
                0x00000000c0022aaa                CmCreateDirectory(Reghive_Tag*, int, char const*)
                0x00000000c0022b6e                zStrtok(char*, char const*)
                0x00000000c0022be0                CmFindObjectFromPath(Reghive_Tag*, char const*)
                0x00000000c0022c61                CmDisplayTree(Reghive_Tag*, int, int)
                0x00000000c0022d04                CmSplitFinalSlashInPlace(char*)
 .text          0x00000000c0022d36      0x52a reg/registry.32
                0x00000000c0022d36                Reg::findLineFromLoadedData(char*, char*, char*)
                0x00000000c0022ea7                Reg::getLineFromRegistry(char*, char*, char*, char*)
                0x00000000c0022ffc                Reg::getLine(char*, char*, char*)
                0x00000000c0023033                Reg::readInt(char*, char*, int*)
                0x00000000c0023121                Reg::readString(char*, char*, char*, int)
                0x00000000c00231a2                Reg::readBool(char*, char*, bool*)
                0x00000000c00231c7                Reg::readBoolWithDefault(char*, char*, bool)
                0x00000000c00231f3                Reg::readIntWithDefault(char*, char*, int)
                0x00000000c002321f                Reg::readStringWithDefault(char*, char*, char*, int, char*)
 .text          0x00000000c0023260       0x36 sys/eject.32
                0x00000000c0023260                SysEject(regs*)
 .text          0x00000000c0023296       0x18 sys/exit.32
                0x00000000c0023296                SysExit(regs*)
 .text          0x00000000c00232ae       0x1f sys/getcwd.32
                0x00000000c00232ae                SysGetCwd(regs*)
 .text          0x00000000c00232cd        0xc sys/getpid.32
                0x00000000c00232cd                SysGetPID(regs*)
 .text          0x00000000c00232d9       0x1a sys/getramdata.32
                0x00000000c00232d9                SysGetRAMData(regs*)
 .text          0x00000000c00232f3       0x82 sys/getvgaptr.32
                0x00000000c00232f3                SysGetVGAPtr(regs*)
 *fill*         0x00000000c0023375        0x3 
 .text          0x00000000c0023378       0xb9 sys/kill.32
                0x00000000c0023378                SysKill(regs*)
 .text          0x00000000c0023431       0xa8 sys/loaddll.32
                0x00000000c0023431                SysLoadDLL(regs*)
 .text          0x00000000c00234d9       0x68 sys/read.32
                0x00000000c00234d9                SysRead(regs*)
 .text          0x00000000c0023541       0x29 sys/registersignal.32
                0x00000000c0023541                SysRegisterSignal(regs*)
 .text          0x00000000c002356a      0x19c sys/registry.32
                0x00000000c002356a                SysRegistryGetTypeFromPath(regs*)
                0x00000000c00235e1                SysRegistryReadExtent(regs*)
                0x00000000c0023629                SysRegistryPathToExtentLookup(regs*)
                0x00000000c0023651                SysRegistryEnterDirectory(regs*)
                0x00000000c0023679                SysRegistryGetNext(regs*)
                0x00000000c00236a1                SysRegistryGetNameAndTypeFromExtent(regs*)
                0x00000000c00236db                SysRegistryOpen(regs*)
                0x00000000c00236ef                SysRegistryClose(regs*)
 .text          0x00000000c0023706       0x55 sys/sbrk.32
                0x00000000c0023706                SysSbrk(regs*)
 .text          0x00000000c002375b       0x1c sys/setcwd.32
                0x00000000c002375b                SysSetCwd(regs*)
 .text          0x00000000c0023777       0x96 sys/settime.32
                0x00000000c0023777                SysSetTime(regs*)
 .text          0x00000000c002380d       0x73 sys/symlink.32
                0x00000000c002380d                SysSymlink(regs*)
 .text          0x00000000c0023880       0x4a sys/timezone.32
                0x00000000c0023880                SysTimezone(regs*)
 .text          0x00000000c00238ca       0xfc sys/truncate.32
                0x00000000c00238ca                SysTruncate(regs*)
 .text          0x00000000c00239c6       0x68 sys/write.32
                0x00000000c00239c6                SysWrite(regs*)
 .text          0x00000000c0023a2e       0x62 sys/wsbe.32
                0x00000000c0023a2e                SysWsbe(regs*)
 .text          0x00000000c0023a90       0x25 sys/yield.32
                0x00000000c0023a90                SysYield(regs*)
 .text          0x00000000c0023ab5     0x1207 thr/elf.32
                0x00000000c0023ab5                Thr::allocateMemoryForTask(Process*, File*, unsigned long, unsigned long, unsigned long)
                0x00000000c0023d43                Thr::loadProgramIntoMemory(Process*, char const*)
                0x00000000c0023f55                Thr::runtimeReferenceHelper()
                0x00000000c0023f68                Thr::getAddressOfKernelSymbol(char const*)
                0x00000000c0023fb7                Thr::loadKernelSymbolTable(char const*)
                0x00000000c0024275                Thr::loadDriverIntoMemory(char const*, unsigned long, bool)
                0x00000000c00249ae                Thr::getDriverBaseFromAddress(unsigned long)
                0x00000000c00249e0                Thr::getDriverNameFromAddress(unsigned long)
                0x00000000c0024a17                Thr::getDriverOffsetFromAddress(unsigned long)
                0x00000000c0024a31                Thr::loadDLL(char const*, bool)
                0x00000000c0024c83                Thr::executeDLL(unsigned long, void*)
 .text          0x00000000c0024cbc     0x1131 thr/prcssthr.32
                0x00000000c0024cbc                userModeEntryPoint(void*)
                0x00000000c0024ce4                changeTSS
                0x00000000c0024d14                switchToThread(ThreadControlBlock*)
                0x00000000c0024dc4                Process::addArgs(char**)
                0x00000000c0024e30                Process::Process(char const*, Process*, char**)
                0x00000000c0024e30                Process::Process(char const*, Process*, char**)
                0x00000000c002503c                Process::Process(bool, char const*, Process*, char**)
                0x00000000c002503c                Process::Process(bool, char const*, Process*, char**)
                0x00000000c0025210                taskStartupFunction
                0x00000000c002521c                KeDisablePreemption()
                0x00000000c0025244                KeRestorePreemption()
                0x00000000c0025264                Process::createThread(void (*)(void*), void*, int)
                0x00000000c0025370                Process::createUserThread()
                0x00000000c0025390                setupMultitasking(void (*)())
                0x00000000c00254b4                schedule()
                0x00000000c0025548                blockTaskWithSchedulerLockAlreadyHeld(TaskState)
                0x00000000c0025570                blockTask(TaskState)
                0x00000000c00255a8                waitTask(int, int*, int)
                0x00000000c00255ec                milliTenthSleepUntil(unsigned int)
                0x00000000c002568c                milliTenthSleep(unsigned int)
                0x00000000c00256a0                sleep(unsigned int)
                0x00000000c00256bc                taskReturned
                0x00000000c0025700                Thr::processFromPID(int)
                0x00000000c00257ac                unblockTask(ThreadControlBlock*)
                0x00000000c0025858                cleanupTerminatedTask(ThreadControlBlock*)
                0x00000000c0025b2c                cleanerTaskFunction(void*)
                0x00000000c0025c34                terminateTask(int)
                0x00000000c0025d20                Thr::terminateFromIRQ(int)
 .text          0x00000000c0025ded      0xc27 vm86/vm8086.32
                0x00000000c0025ded                Vm::inbv(unsigned short)
                0x00000000c0025e00                Vm::outbv(unsigned short, unsigned char)
                0x00000000c0025e36                Vm::realToLinear(unsigned short, unsigned short)
                0x00000000c0025e46                Vm::getSegment(unsigned int)
                0x00000000c0025e4e                Vm::getOffset(unsigned int)
                0x00000000c0025e53                Vm::mainloop2()
                0x00000000c0025e8d                Vm::mainVm8086Loop(void*)
                0x00000000c0025e9d                Vm::mainloop3(unsigned long)
                0x00000000c0025ec3                Vm::initialise8086()
                0x00000000c0025f06                Vm::finish8086()
                0x00000000c0025f67                Vm::getOutput8086(unsigned char*)
                0x00000000c0025f8c                Vm::start8086FromBuffer(unsigned char*, int, unsigned short, unsigned short, unsigned short, unsigned short)
                0x00000000c0026045                Vm::start8086(char const*, unsigned short, unsigned short, unsigned short, unsigned short)
                0x00000000c00261e3                Vm::doISR(regs*, int, unsigned char*, unsigned short, unsigned short)
                0x00000000c002627c                Vm::readByteFromReal(unsigned short, unsigned short)
                0x00000000c002628d                Vm::readWordFromReal(unsigned short, unsigned short)
                0x00000000c002629f                Vm::readDwordFromReal(unsigned short, unsigned short)
                0x00000000c00262b0                Vm::writeByteFromReal(unsigned short, unsigned short, unsigned char)
                0x00000000c00262c5                Vm::writeWordFromReal(unsigned short, unsigned short, unsigned short)
                0x00000000c00262db                Vm::writeDwordFromReal(unsigned short, unsigned short, unsigned int)
                0x00000000c00262f0                Vm::faultHandler(regs*)
 .text          0x00000000c0026a14      0xaf0 arch/i386/hal.32
                0x00000000c0026a14                noCopro(unsigned long)
                0x00000000c0026a15                nmiHandler(regs*, void*)
                0x00000000c0026a2e                doubleFault(regs*, void*)
                0x00000000c0026a47                displayDebugInfo(regs*)
                0x00000000c0026dcc                HalSystemIdle()
                0x00000000c0026e48                displayProgramFault(char const*)
                0x00000000c0026e94                gpFault(regs*, void*)
                0x00000000c0026efb                pgFault(regs*, void*)
                0x00000000c0026f84                otherISRHandler(regs*, void*)
                0x00000000c0026fb8                opcodeFault(regs*, void*)
                0x00000000c002703b                i386SaveCoprocessor(void*)
                0x00000000c002704f                i386LoadCoprocessor(void*)
                0x00000000c0027063                x87EmulHandler(regs*, void*)
                0x00000000c0027100                HalInitialiseCoprocessor()
                0x00000000c00271ae                HalPanic(char const*)
                0x00000000c00272c2                HalQueryPerformanceCounter()
                0x00000000c00272dd                HalInitialise()
                0x00000000c0027493                HalMakeBeep(int)
                0x00000000c00274cd                HalGetRand()
                0x00000000c00274d0                HalEndOfInterrupt(int)
                0x00000000c0027501                HalRestart()
                0x00000000c0027502                HalShutdown()
                0x00000000c0027503                HalSleep()
 .text          0x00000000c0027504      0x2dc arch/i386/pic.32
                0x00000000c0027504                picIoWait()
                0x00000000c002750c                picDisable()
                0x00000000c0027540                picGetIRQReg(int)
                0x00000000c00275bc                picOpen()
                0x00000000c0027740                picEOI(int)
 .text          0x00000000c00277e0      0x674 arch/i386/rtc.32
                0x00000000c00277e0                RTC::open(int, int, void*)
                0x00000000c00277e4                RTC::close(int, int, void*)
                0x00000000c00277e8                RTC::timeInSecondsUTC()
                0x00000000c00277fa                RTC::timeInDatetimeUTC()
                0x00000000c0027820                RTC::setTimeInSecondsUTC(unsigned long long)
                0x00000000c002785e                RTC::~RTC()
                0x00000000c002785e                RTC::~RTC()
                0x00000000c0027882                RTC::~RTC()
                0x00000000c00278ac                RTC::get_update_in_progress_flag()
                0x00000000c00278c6                RTC::completeRTCRefresh()
                0x00000000c0027ba6                RTC::setTimeInDatetimeUTC(datetime_t)
                0x00000000c0027d54                rtcIRQHandler(regs*, void*)
                0x00000000c0027d9a                RTC::RTC()
                0x00000000c0027d9a                RTC::RTC()
 .text          0x00000000c0027e54      0x1f4 arch/i386/vga.32
                0x00000000c0027e54                HalConsoleScroll(int, int)
                0x00000000c0027f5c                HalConsoleWriteCharacter(char, int, int, int, int)
                0x00000000c0027fc0                HalConsoleCursorUpdate(int, int)
 .text          0x00000000c0028048     0x14cf fs/fat/vfslink.32
                0x00000000c0028048                FAT::getName()
                0x00000000c0028050                FAT::tell(void*, unsigned long long*)
                0x00000000c002808c                FAT::stat(void*, unsigned long long*)
                0x00000000c00280c8                FAT::~FAT()
                0x00000000c00280c8                FAT::~FAT()
                0x00000000c00280ec                FAT::~FAT()
                0x00000000c0028114                FAT::getlabel(LogicalDisk*, int, char*, unsigned int*)
                0x00000000c00281b8                FAT::setlabel(LogicalDisk*, int, char*)
                0x00000000c002827c                FAT::format(LogicalDisk*, int, char const*, int)
                0x00000000c0028460                FAT::tryMount(LogicalDisk*, int)
                0x00000000c002867c                FAT::allocateSwapfile(char const*, int)
                0x00000000c002883c                FAT::readDir(void*, unsigned long, void*, int*)
                0x00000000c00289ac                FAT::read(void*, unsigned long, void*, int*)
                0x00000000c0028a0c                FAT::write(void*, unsigned long, void*, int*)
                0x00000000c0028a6c                FAT::close(void*)
                0x00000000c0028ac0                FAT::closeDir(void*)
                0x00000000c0028b14                FAT::truncate(void*, unsigned long long)
                0x00000000c0028b80                FAT::seek(void*, unsigned long long)
                0x00000000c0028bd8                fatWrapperReadDisk
                0x00000000c0028c18                fatWrapperWriteDisk
                0x00000000c0028c58                fatWrapperIoctl
                0x00000000c0028d74                FAT::FAT()
                0x00000000c0028d74                FAT::FAT()
                0x00000000c0028dcc                FAT::fixFilepath(char*)
                0x00000000c0028e0c                FAT::open(char const*, void**, FileOpenMode)
                0x00000000c0028f80                FAT::openDir(char const*, void**)
                0x00000000c0029030                FAT::stat(char const*, unsigned long long*, bool*)
                0x00000000c0029128                FAT::unlink(char const*)
                0x00000000c00291a8                FAT::chfatattr(char const*, unsigned char, unsigned char)
                0x00000000c002935c                FAT::rename(char const*, char const*)
                0x00000000c0029428                FAT::mkdir(char const*)
                0x00000000c00294a8                FAT::exists(char const*)
 *fill*         0x00000000c0029517        0x1 
 .text          0x00000000c0029518       0x94 fs/iso9660/helper.32
                0x00000000c0029518                isoReadDiscSectorHelper
                0x00000000c0029574                iso_kprintf
                0x00000000c0029590                iso_kprintfd
 .text          0x00000000c00295ac      0x71c fs/iso9660/vfslink.32
                0x00000000c00295ac                ISO9660::format(LogicalDisk*, int, char const*, int)
                0x00000000c00295b2                ISO9660::truncate(void*, unsigned long long)
                0x00000000c00295b8                ISO9660::getName()
                0x00000000c00295be                ISO9660::closeDir(void*)
                0x00000000c00295c8                ISO9660::chfatattr(char const*, unsigned char, unsigned char)
                0x00000000c00295ce                ISO9660::unlink(char const*)
                0x00000000c00295d4                ISO9660::write(void*, unsigned long, void*, int*)
                0x00000000c00295da                ISO9660::rename(char const*, char const*)
                0x00000000c00295e0                ISO9660::mkdir(char const*)
                0x00000000c00295e6                ISO9660::~ISO9660()
                0x00000000c00295e6                ISO9660::~ISO9660()
                0x00000000c002960a                ISO9660::~ISO9660()
                0x00000000c0029632                ISO9660::exists(char const*)
                0x00000000c0029646                ISO9660::open(char const*, void**, FileOpenMode)
                0x00000000c002972c                ISO9660::read(void*, unsigned long, void*, int*)
                0x00000000c0029774                ISO9660::seek(void*, unsigned long long)
                0x00000000c00297b6                ISO9660::tell(void*, unsigned long long*)
                0x00000000c00297f4                ISO9660::stat(void*, unsigned long long*)
                0x00000000c0029846                ISO9660::stat(char const*, unsigned long long*, bool*)
                0x00000000c0029988                ISO9660::close(void*)
                0x00000000c00299b8                ISO9660::openDir(char const*, void**)
                0x00000000c0029a92                ISO9660::readDir(void*, unsigned long, void*, int*)
                0x00000000c0029baf                readSectorFromCDROM(unsigned int, unsigned char*, char)
                0x00000000c0029c2e                ISO9660::tryMount(LogicalDisk*, int)
                0x00000000c0029ca0                ISO9660::ISO9660()