Archive member included to satisfy reference by file (symbol)

/cygdrive/d/Users/Alex/Desktop/Toolchain/Output/bin/../lib/gcc/i386-banana/8.1.0/libkgcc.a(_divdi3.o)
                              fs/fat/ff.32 (__divdi3)
/cygdrive/d/Users/Alex/Desktop/Toolchain/Output/bin/../lib/gcc/i386-banana/8.1.0/libkgcc.a(_moddi3.o)
                              compat/resolve.32 (__moddi3)
/cygdrive/d/Users/Alex/Desktop/Toolchain/Output/bin/../lib/gcc/i386-banana/8.1.0/libkgcc.a(_udivdi3.o)
                              fs/fat/ff.32 (__udivdi3)
/cygdrive/d/Users/Alex/Desktop/Toolchain/Output/bin/../lib/gcc/i386-banana/8.1.0/libkgcc.a(_umoddi3.o)
                              compat/resolve.32 (__umoddi3)
D:/Users/Alex/Desktop/Banana/kernel/libsoftfp.a(sfieeelib.o)
                              hal/sound/sndhw.32 (__addsf3)
D:/Users/Alex/Desktop/Banana/kernel/libsoftfp.a(dfieeelib.o)
                              hal/libresample/src_linear.32 (__adddf3)
D:/Users/Alex/Desktop/Banana/kernel/libsoftfp.a(sfdfcvt.o)
                              hal/libresample/samplerate.32 (__truncdfsf2)
D:/Users/Alex/Desktop/Banana/kernel/libk/libm32.a(s_fabs.c.o)
                              hal/libresample/samplerate.32 (fabs)
D:/Users/Alex/Desktop/Banana/kernel/libk/libm32.a(s_lrint.S.o)
                              hal/libresample/samplerate.32 (lrint)
D:/Users/Alex/Desktop/Banana/kernel/libk/libm32.a(s_lrintf.S.o)
                              hal/sound/sndhw.32 (lrintf)

Discarded input sections

 .comment       0x0000000000000000       0x12 /cygdrive/d/Users/Alex/Desktop/Toolchain/Output/bin/../lib/gcc/i386-banana/8.1.0/crtbegin.o
 .comment       0x0000000000000000       0x12 acpica/utclib.32
 .comment       0x0000000000000000       0x12 core/malloc.32
 .comment       0x0000000000000000       0x12 libk/string.32
 .comment       0x0000000000000000       0x12 fs/fat/diskio.32
 .comment       0x0000000000000000       0x12 fs/fat/ff.32
 .comment       0x0000000000000000       0x12 fs/fat/ffsystem.32
 .comment       0x0000000000000000       0x12 fs/fat/ffunicode.32
 .comment       0x0000000000000000       0x12 hal/libresample/samplerate.32
 .comment       0x0000000000000000       0x12 hal/libresample/src_linear.32
 .comment       0x0000000000000000       0x12 hal/libresample/src_sinc.32
 .comment       0x0000000000000000       0x12 hal/libresample/src_zoh.32
 .comment       0x0000000000000000       0x12 compat/inlines.32
 .comment       0x0000000000000000       0x12 compat/resolve.32
 .group         0x0000000000000000       0x14 core/computer.32
 .group         0x0000000000000000        0xc core/computer.32
 .comment       0x0000000000000000       0x12 core/computer.32
 .comment       0x0000000000000000       0x12 core/gdt.32
 .group         0x0000000000000000        0xc core/idle.32
 .comment       0x0000000000000000       0x12 core/idle.32
 .comment       0x0000000000000000       0x12 core/idt.32
 .comment       0x0000000000000000       0x12 core/kheap.32
 .comment       0x0000000000000000       0x12 core/main.32
 .comment       0x0000000000000000       0x12 core/physmgr.32
 .group         0x0000000000000000        0xc core/pipe.32
 .comment       0x0000000000000000       0x12 core/pipe.32
 .group         0x0000000000000000        0xc core/terminal.32
 .comment       0x0000000000000000       0x12 core/terminal.32
 .comment       0x0000000000000000       0x12 core/tss.32
 .group         0x0000000000000000        0x8 core/unixfile.32
 .group         0x0000000000000000        0xc core/unixfile.32
 .group         0x0000000000000000        0xc core/unixfile.32
 .group         0x0000000000000000        0x8 core/unixfile.32
 .group         0x0000000000000000        0xc core/unixfile.32
 .group         0x0000000000000000        0x8 core/unixfile.32
 .group         0x0000000000000000        0xc core/unixfile.32
 .group         0x0000000000000000        0xc core/unixfile.32
 .comment       0x0000000000000000       0x12 core/unixfile.32
 .comment       0x0000000000000000       0x12 core/virtmgr.32
 .comment       0x0000000000000000       0x12 coreobjs/c++.32
 .comment       0x0000000000000000       0x12 dbg/kconsole.32
 .group         0x0000000000000000        0xc fs/vfs.32
 .group         0x0000000000000000        0xc fs/vfs.32
 .group         0x0000000000000000        0xc fs/vfs.32
 .comment       0x0000000000000000       0x12 fs/vfs.32
 .group         0x0000000000000000        0xc hal/bus.32
 .comment       0x0000000000000000       0x12 hal/bus.32
 .group         0x0000000000000000        0xc hal/buzzer.32
 .comment       0x0000000000000000       0x12 hal/buzzer.32
 .group         0x0000000000000000        0xc hal/clock.32
 .comment       0x0000000000000000       0x12 hal/clock.32
 .group         0x0000000000000000       0x14 hal/device.32
 .group         0x0000000000000000        0xc hal/device.32
 .group         0x0000000000000000        0xc hal/device.32
 .group         0x0000000000000000        0xc hal/device.32
[...]
Memory Configuration

Name             Origin             Length             Attributes
*default*        0x0000000000000000 0xffffffffffffffff

Linker script and memory map

LOAD D:/Users/Alex/Desktop/Banana/kernel/boot.32
LOAD crti.32
LOAD /cygdrive/d/Users/Alex/Desktop/Toolchain/Output/bin/../lib/gcc/i386-banana/8.1.0/crtbegin.o
LOAD D:/Users/Alex/Desktop/Banana/kernel/morenasm.32
LOAD acpica/utclib.32
LOAD core/malloc.32
LOAD libk/string.32
LOAD fs/fat/diskio.32
LOAD fs/fat/ff.32
LOAD fs/fat/ffsystem.32
LOAD fs/fat/ffunicode.32
LOAD hal/libresample/samplerate.32
LOAD hal/libresample/src_linear.32
LOAD hal/libresample/src_sinc.32
LOAD hal/libresample/src_zoh.32
LOAD compat/inlines.32
LOAD compat/resolve.32
LOAD core/computer.32
LOAD core/gdt.32
LOAD core/idle.32
LOAD core/idt.32
LOAD core/kheap.32
LOAD core/main.32
LOAD core/physmgr.32
LOAD core/pipe.32
LOAD core/terminal.32
LOAD core/tss.32
LOAD core/unixfile.32
LOAD core/virtmgr.32
LOAD coreobjs/c++.32
LOAD dbg/kconsole.32
LOAD fs/vfs.32
LOAD hal/bus.32
LOAD hal/buzzer.32
LOAD hal/clock.32
LOAD hal/device.32
LOAD hal/diskctrl.32
LOAD hal/diskphys.32
LOAD hal/fpu.32
LOAD hal/intctrl.32
LOAD hal/keybrd.32
LOAD hal/logidisk.32
LOAD hal/mouse.32
LOAD hal/partition.32
LOAD hal/serial.32
LOAD hal/timer.32
LOAD hal/vcache.32
LOAD hal/video.32
LOAD hw/acpi.32
LOAD hw/cpu.32
LOAD hw/ports.32
LOAD hw/smp.32
LOAD krnl/env.32
LOAD krnl/panic.32
LOAD net/ethernet.32
LOAD reg/registry.32
LOAD sys/sc_eject.32
LOAD sys/sc_exit.32
LOAD sys/sc_getcwd.32
LOAD sys/sc_getpid.32
LOAD sys/sc_getramdata.32
LOAD sys/sc_loaddll.32
LOAD sys/sc_read.32
LOAD sys/sc_sbrk.32
LOAD sys/sc_setcwd.32
LOAD sys/sc_settime.32
LOAD sys/sc_timezone.32
LOAD sys/sc_write.32
LOAD sys/sc_wsbe.32
LOAD sys/sc_yield.32
LOAD sys/syscalls.32
LOAD thr/elf.32
LOAD thr/prcssthr.32
LOAD vm86/vm8086.32
LOAD vm86/x87em.32
LOAD fs/fat/vfslink.32
LOAD fs/iso9660/vfslink.32
LOAD hal/sound/sndchannel.32
LOAD hal/sound/sndhw.32
LOAD hw/bus/isa.32
LOAD hw/bus/pci.32
LOAD hw/diskctrl/ide.32
LOAD hw/diskctrl/satabus.32
LOAD hw/diskphys/ata.32
LOAD hw/diskphys/atapi.32
LOAD hw/diskphys/sata.32
LOAD hw/diskphys/satapi.32
LOAD hw/fpu/avx.32
LOAD hw/fpu/mmx.32
LOAD hw/fpu/sse.32
LOAD hw/fpu/x87.32
LOAD hw/intctrl/apic.32
LOAD hw/intctrl/pic.32
LOAD hw/timer/apictimer.32
LOAD hw/timer/pit.32
LOAD hw/fpu/x86/avx.32
LOAD hw/fpu/x86/sse.32
LOAD hw/fpu/x86/x87.32
LOAD /cygdrive/d/Users/Alex/Desktop/Toolchain/Output/bin/../lib/gcc/i386-banana/8.1.0/crtend.o
LOAD crtn.32
LOAD /cygdrive/d/Users/Alex/Desktop/Toolchain/Output/bin/../lib/gcc/i386-banana/8.1.0/libkgcc.a
LOAD D:/Users/Alex/Desktop/Banana/kernel/libsoftfp.a
LOAD D:/Users/Alex/Desktop/Banana/kernel/libk/libm32.a
                0x00000000c0000000                . = 0xc0000000

.text           0x00000000c0000000    0x286e8
 *(.text)
 .text          0x00000000c0000000       0x41 D:/Users/Alex/Desktop/Banana/kernel/boot.32
                0x00000000c0000020                callGlobalConstructors
 .text          0x00000000c0000041        0x0 crti.32
 *fill*         0x00000000c0000041        0x3 
 .text          0x00000000c0000044      0x101 /cygdrive/d/Users/Alex/Desktop/Toolchain/Output/bin/../lib/gcc/i386-banana/8.1.0/crtbegin.o
 *fill*         0x00000000c0000145        0xb 
 .text          0x00000000c0000150      0x4ed D:/Users/Alex/Desktop/Banana/kernel/morenasm.32
                0x00000000c0000150                manualPCIProbe
                0x00000000c000019b                prepareTramp
                0x00000000c00001b4                voodooXADD
                0x00000000c000027f                doTPAUSE
                0x00000000c0000289                hasLegacyFPU
                0x00000000c00002ae                is486
                0x00000000c00002e4                detectCPUID
                0x00000000c00002fa                goToVM86
                0x00000000c000032a                goToUsermode
                0x00000000c0000354                switchToThreadASMFirstTime
                0x00000000c0000362                switchToThreadASM
                0x00000000c00003ea                asmQuickAcquireLock
                0x00000000c0000408                asmQuickReleaseLock
                0x00000000c0000414                asmAcquireLock
                0x00000000c0000435                asmReleaseLock
                0x00000000c0000448                loadGDT
                0x00000000c0000468                isr0
                0x00000000c0000478                isr1
                0x00000000c0000482                isr2
                0x00000000c000048c                isr3
                0x00000000c0000496                isr4
                0x00000000c00004a0                isr5
                0x00000000c00004aa                isr6
                0x00000000c00004b4                isr7
                0x00000000c00004be                isr8
                0x00000000c00004c6                isr9
                0x00000000c00004d0                isr10
                0x00000000c00004d8                isr11
                0x00000000c00004e0                isr12
                0x00000000c00004e8                isr13
                0x00000000c00004f0                isr14
                0x00000000c00004f8                isr15
                0x00000000c0000502                isr16
                0x00000000c000050c                isr17
                0x00000000c0000516                isr18
                0x00000000c0000520                irq3
                0x00000000c000052a                irq4
                0x00000000c0000534                irq5
                0x00000000c000053e                irq6
                0x00000000c0000548                irq7
                0x00000000c0000552                irq8
                0x00000000c000055c                irq9
                0x00000000c0000566                irq10
                0x00000000c0000570                irq11
                0x00000000c000057a                irq12
                0x00000000c0000584                irq13
                0x00000000c000058e                irq14
                0x00000000c0000598                irq15
                0x00000000c00005a2                irq1
                0x00000000c00005a9                irq2
                0x00000000c00005b0                isr96
                0x00000000c00005b7                irq0
                0x00000000c00005bc                int_common_stub
                0x00000000c00005bc                syscall_common_stub
                0x00000000c00005ed                irq16
                0x00000000c00005f7                irq17
                0x00000000c0000601                irq18
                0x00000000c000060b                irq19
                0x00000000c0000615                irq20
                0x00000000c000061f                irq21
                0x00000000c0000629                irq22
                0x00000000c0000633                irq23
 *fill*         0x00000000c000063d        0x3 
 .text          0x00000000c0000640      0x611 acpica/utclib.32
                0x00000000c0000640                memcmp
                0x00000000c000067c                memmove
                0x00000000c0000744                memcpy
                0x00000000c0000778                memset
                0x00000000c0000794                strlen
                0x00000000c00007ac                strpbrk
                0x00000000c00007e8                strtok
                0x00000000c0000834                strcpy
                0x00000000c0000858                strncpy
                0x00000000c00008c0                strcmp
                0x00000000c0000900                strchr
                0x00000000c0000924                strncmp
                0x00000000c0000974                strcat
                0x00000000c00009a4                strncat
                0x00000000c00009e0                strstr
                0x00000000c0000a28                toupper
                0x00000000c0000a3c                tolower
                0x00000000c0000a50                simple_strtoul
 .text          0x00000000c0000c51      0xfbf core/malloc.32
                0x00000000c0000dbc                dlfree
                0x00000000c0001117                dlmalloc
                0x00000000c0001654                dlrealloc
                0x00000000c0001809                dlmemalign
                0x00000000c000192c                dlcalloc
                0x00000000c00019c6                dlcfree
                0x00000000c00019cb                dlindependent_calloc
                0x00000000c00019f0                dlindependent_comalloc
                0x00000000c0001a07                dlvalloc
                0x00000000c0001a32                dlpvalloc
                0x00000000c0001a68                dlmalloc_trim
                0x00000000c0001a75                dlmalloc_usable_size
                0x00000000c0001aa6                dlmallinfo
                0x00000000c0001b75                dlmalloc_stats
                0x00000000c0001b86                dlmallopt
 .text          0x00000000c0001c10        0x0 libk/string.32
 .text          0x00000000c0001c10       0x51 fs/fat/diskio.32
                0x00000000c0001c10                disk_status
                0x00000000c0001c13                disk_initialize
                0x00000000c0001c16                disk_read
                0x00000000c0001c2c                disk_write
                0x00000000c0001c42                disk_ioctl
 .text          0x00000000c0001c61     0x6833 fs/fat/ff.32
                0x00000000c0004f2f                f_mount
                0x00000000c0004f91                f_open
                0x00000000c00053cd                f_read
                0x00000000c000564d                f_write
                0x00000000c0005907                f_sync
                0x00000000c0005ae3                f_close
                0x00000000c0005b12                f_lseek
                0x00000000c0005fc9                f_opendir
                0x00000000c00060cb                f_closedir
                0x00000000c00060ed                f_readdir
                0x00000000c0006188                f_stat
                0x00000000c0006217                f_getfree
                0x00000000c00063e2                f_truncate
                0x00000000c00064da                f_unlink
                0x00000000c000665d                f_mkdir
                0x00000000c0006889                f_rename
                0x00000000c0006b7c                f_chmod
                0x00000000c0006c5a                f_utime
                0x00000000c0006d38                f_getlabel
                0x00000000c0006f26                f_setlabel
                0x00000000c0007193                f_forward
                0x00000000c0007371                f_mkfs
 .text          0x00000000c0008494       0x2d fs/fat/ffsystem.32
                0x00000000c0008494                ff_memalloc
                0x00000000c00084aa                ff_memfree
 .text          0x00000000c00084c1      0x253 fs/fat/ffunicode.32
                0x00000000c00084c1                ff_uni2oem
                0x00000000c0008551                ff_oem2uni
                0x00000000c00085bd                ff_wtoupper
 .text          0x00000000c0008714      0x8fb hal/libresample/samplerate.32
                0x00000000c0008758                src_delete
                0x00000000c0008794                src_process
                0x00000000c000894a                src_callback_read
                0x00000000c0008ac7                src_set_ratio
                0x00000000c0008b31                src_get_channels
                0x00000000c0008b53                src_reset
                0x00000000c0008b9f                src_new
                0x00000000c0008c2d                src_callback_new
                0x00000000c0008c8f                src_get_name
                0x00000000c0008cc6                src_get_description
                0x00000000c0008cfd                src_get_version
                0x00000000c0008d03                src_is_valid_ratio
                0x00000000c0008d57                src_error
                0x00000000c0008d65                src_strerror
                0x00000000c0008d78                src_simple
                0x00000000c0008dcb                src_short_to_float_array
                0x00000000c0008e30                src_float_to_short_array
                0x00000000c0008eef                src_int_to_float_array
                0x00000000c0008f52                src_float_to_int_array
 .text          0x00000000c000900f      0x8cb hal/libresample/src_linear.32
                0x00000000c0009835                linear_get_name
                0x00000000c0009844                linear_get_description
                0x00000000c0009853                linear_set_converter
 .text          0x00000000c00098da     0x447c hal/libresample/src_sinc.32
                0x00000000c000dc6d                sinc_get_name
                0x00000000c000dc80                sinc_get_description
                0x00000000c000dc93                sinc_set_converter
 .text          0x00000000c000dd56      0x77c hal/libresample/src_zoh.32
                0x00000000c000e42d                zoh_get_name
                0x00000000c000e43c                zoh_get_description
                0x00000000c000e44b                zoh_set_converter
 .text          0x00000000c000e4d2       0x23 compat/inlines.32
                0x00000000c000e4d2                CPU::current()
                0x00000000c000e4df                operator new(unsigned long)
 .text          0x00000000c000e4f5      0x111 compat/resolve.32
                0x00000000c000e4f5                Krnl::resolveCompatibilitySymbol(char*)
 .text          0x00000000c000e606      0xa17 core/computer.32
                0x00000000c000e606                Computer::close(int, int, void*)
                0x00000000c000e64a                Krnl::firstTask()
                0x00000000c000e73a                Computer::Computer()
                0x00000000c000e73a                Computer::Computer()
                0x00000000c000e896                Computer::setBootMessage(char const*)
                0x00000000c000e898                Computer::detectFeatures()
                0x00000000c000eaa2                Computer::displayFeatures()
                0x00000000c000ede8                Computer::rdmsr(unsigned int)
                0x00000000c000ee14                Computer::wrmsr(unsigned int, unsigned long long)
                0x00000000c000ee4c                Computer::nmiEnabled()
                0x00000000c000ee58                Computer::readCMOS(unsigned char)
                0x00000000c000ee72                Computer::enableNMI(bool)
                0x00000000c000ee8a                Computer::open(int, int, void*)
                0x00000000c000ef60                Computer::disableNMI()
                0x00000000c000ef6e                Computer::writeCMOS(unsigned char, unsigned char)
                0x00000000c000ef8c                Computer::handleNMI()
                0x00000000c000eff2                Computer::setDiskActivityLight(int, bool)
 *fill*         0x00000000c000f01d        0x1 
 .text          0x00000000c000f01e      0x1b7 core/gdt.32
                0x00000000c000f01e                GDTEntry::setBase(unsigned int)
                0x00000000c000f03a                GDTEntry::setLimit(unsigned int)
                0x00000000c000f058                GDT::GDT()
                0x00000000c000f058                GDT::GDT()
                0x00000000c000f06e                GDT::addEntry(GDTEntry)
                0x00000000c000f0aa                GDT::getNumberOfEntries()
                0x00000000c000f0b2                GDT::flush()
                0x00000000c000f0d4                GDT::setup()
 .text          0x00000000c000f1d5       0x62 core/idle.32
                0x00000000c000f1d5                idleFunction(void*)
 *fill*         0x00000000c000f237        0x1 
 .text          0x00000000c000f238      0x45f core/idt.32
                0x00000000c000f238                IDTEntry::IDTEntry(bool)
                0x00000000c000f238                IDTEntry::IDTEntry(bool)
                0x00000000c000f2a6                IDTEntry::setOffset(unsigned int)
                0x00000000c000f2ba                IDT::IDT()
                0x00000000c000f2ba                IDT::IDT()
                0x00000000c000f2bc                IDT::getPointerToInvalidOpcodeEntryForF00F()
                0x00000000c000f2c4                IDT::addEntry(IDTEntry, int)
                0x00000000c000f2de                IDT::addEntry(int, void (*)(), bool)
                0x00000000c000f316                IDT::flush()
                0x00000000c000f330                IDT::setup()
 .text          0x00000000c000f697      0x206 core/kheap.32
                0x00000000c000f697                sbrk
                0x00000000c000f7a5                mmap
                0x00000000c000f7bb                munmap
                0x00000000c000f7d1                liballoc_lock()
                0x00000000c000f7e2                liballoc_unlock()
                0x00000000c000f7f3                liballoc_alloc(int)
                0x00000000c000f811                liballoc_free(void*, int)
                0x00000000c000f82f                realloc
                0x00000000c000f843                malloc
                0x00000000c000f853                free
                0x00000000c000f863                rfree
                0x00000000c000f873                calloc
 .text          0x00000000c000f89d      0x485 core/main.32
                0x00000000c000f89d                hwTextMode_loadInData(VgaText*)
                0x00000000c000f8e8                hwTextMode_loadInTitle(VgaText*, char*)
                0x00000000c000f966                hwTextMode_showCursor(VgaText*, bool)
                0x00000000c000f9c4                hwTextMode_update(VgaText*)
                0x00000000c000f9c5                hwTextMode_updateCursor(VgaText*)
                0x00000000c000fa16                hwTextMode_disableBlink(VgaText*, bool)
                0x00000000c000fa5c                hwTextMode_scrollScreen(VgaText*)
                0x00000000c000fb09                hwTextMode_writeCharacter(VgaText*, char, VgaColour, VgaColour, int, int)
                0x00000000c000fb8b                setupTextMode()
                0x00000000c000fbfb                kernel_main
 .text          0x00000000c000fd22      0x5a6 core/physmgr.32
                0x00000000c000fd22                Phys::allocateDMA(unsigned long)
                0x00000000c000fdc5                Phys::freeDMA(unsigned long, unsigned long)
                0x00000000c000fe0d                Phys::setPageState(unsigned long, bool)
                0x00000000c000fe3f                Phys::getPageState(unsigned long)
                0x00000000c000fe5b                Phys::freePage(unsigned long)
                0x00000000c000fee5                Phys::allocatePage()
                0x00000000c0010006                Phys::allocateContiguousPages(int)
                0x00000000c0010060                Phys::allowSegmentToBeUsed(unsigned long, unsigned long)
                0x00000000c0010098                Phys::physicalMemorySetup(unsigned int)
 .text          0x00000000c00102c8      0x273 core/pipe.32
                0x00000000c00102c8                Pipe::isAtty()
                0x00000000c00102cc                Pipe::~Pipe()
                0x00000000c00102cc                Pipe::~Pipe()
                0x00000000c00102f0                Pipe::~Pipe()
                0x00000000c0010318                Pipe::read(unsigned long long, void*, int*)
                0x00000000c001040c                Pipe::write(unsigned long long, void*, int*)
                0x00000000c00104d4                Pipe::Pipe(int)
                0x00000000c00104d4                Pipe::Pipe(int)
 *fill*         0x00000000c001053b        0x1 
 .text          0x00000000c001053c      0xf73 core/terminal.32
                0x00000000c001053c                VgaText::isAtty()
                0x00000000c0010540                VgaText::~VgaText()
                0x00000000c0010540                VgaText::~VgaText()
                0x00000000c0010564                VgaText::~VgaText()
                0x00000000c001058e                VgaText::read(unsigned long long, void*, int*)
                0x00000000c00105ae                setTerminalScrollLock(bool)
                0x00000000c00105af                addToTerminalCycle(VgaText*)
                0x00000000c00105dc                installVgaTextImplementation()
                0x00000000c00105f1                scrollTerminalScrollLock(int)
                0x00000000c00105f2                VgaText::load()
                0x00000000c0010646                VgaText::updateCursor()
                0x00000000c0010660                VgaText::showCursor(bool)
                0x00000000c0010670                VgaText::disableBlink(bool)
                0x00000000c00106aa                VgaText::doANSI_SGR(int)
                0x00000000c0010736                VgaText::setDefaultBgColour(VgaColour)
                0x00000000c001074c                VgaText::setDefaultFgColour(VgaColour)
                0x00000000c0010762                VgaText::setDefaultColours(VgaColour, VgaColour)
                0x00000000c0010782                VgaText::combineColours(unsigned char, unsigned char)
                0x00000000c0010794                VgaText::scrollScreen()
                0x00000000c0010828                VgaText::combineCharAndColour(char, unsigned char)
                0x00000000c001083a                VgaText::writeCharacter(char, VgaColour, VgaColour, int, int)
                0x00000000c001089a                VgaText::getCursorX()
                0x00000000c00108a6                VgaText::getCursorY()
                0x00000000c00108b2                VgaText::setCursor(int, int)
                0x00000000c00108d0                VgaText::setCursorX(int)
                0x00000000c00108ec                VgaText::setCursorY(int)
                0x00000000c0010908                VgaText::incrementCursor(bool)
                0x00000000c0010970                VgaText::updateRAMUsageDisplay(int)
                0x00000000c00109d4                VgaText::updateDiskUsage()
                0x00000000c0010b3e                VgaText::updateTitle()
                0x00000000c0010b84                VgaText::setTitleTextColour(VgaColour)
                0x00000000c0010b94                VgaText::setTitleColour(VgaColour)
                0x00000000c0010ba4                VgaText::setTitle(char*)
                0x00000000c0010bca                VgaText::decrementCursor(bool)
                0x00000000c0010bf2                VgaText::putchar(char, VgaColour, VgaColour)
                0x00000000c0010cee                VgaText::isShowingCursor()
                0x00000000c0010cfa                VgaText::isBlinkDisabled()
                0x00000000c0010d08                VgaText::setCursorHeight(int)
                0x00000000c0010d26                VgaText::getCursorHeight()
                0x00000000c0010d31                setActiveTerminal(VgaText*)
                0x00000000c0010de3                doTerminalCycle()
                0x00000000c0010e00                VgaText::doUpdate()
                0x00000000c0010e12                VgaText::puts(char const*, VgaColour, VgaColour)
                0x00000000c0010fd2                VgaText::clearScreen()
                0x00000000c0011036                VgaText::putchar(char)
                0x00000000c0011150                VgaText::puts(char const*)
                0x00000000c0011176                VgaText::putx(unsigned int)
                0x00000000c00111bc                VgaText::VgaText(char const*)
                0x00000000c00111bc                VgaText::VgaText(char const*)
                0x00000000c001134e                VgaText::receiveKey(unsigned char)
                0x00000000c0011436                VgaText::write(unsigned long long, void*, int*)
                0x00000000c001148a                newTerminal(char*)
 *fill*         0x00000000c00114af        0x1 
 .text          0x00000000c00114b0      0x1b3 core/tss.32
                0x00000000c00114b0                TSS::TSS()
                0x00000000c00114b0                TSS::TSS()
                0x00000000c00114be                TSS::setESP(unsigned long)
                0x00000000c00114d0                TSS::flush()
                0x00000000c00114f0                TSS::setup(unsigned long, unsigned long)
 *fill*         0x00000000c0011663        0x1 
 .text          0x00000000c0011664      0x4c2 core/unixfile.32
                0x00000000c0011664                ReservedFilename::read(unsigned long long, void*, int*)
                0x00000000c00116ba                ReservedFilename::isAtty()
                0x00000000c00116d6                ReservedFilename::write(unsigned long long, void*, int*)
                0x00000000c0011734                UnixFile::getFileDescriptor()
                0x00000000c001173c                UnixFile::UnixFile(int)
                0x00000000c001173c                UnixFile::UnixFile(int)
                0x00000000c00118ec                ReservedFilename::ReservedFilename(int)
                0x00000000c00118ec                ReservedFilename::ReservedFilename(int)
                0x00000000c001191e                UnixFile::~UnixFile()
                0x00000000c001191e                UnixFile::~UnixFile()
                0x00000000c00119b6                UnixFile::~UnixFile()
                0x00000000c00119de                ReservedFilename::~ReservedFilename()
                0x00000000c00119de                ReservedFilename::~ReservedFilename()
                0x00000000c0011a02                ReservedFilename::~ReservedFilename()
                0x00000000c0011a29                getFromFileDescriptor(int)
 .text          0x00000000c0011b26     0x1337 core/virtmgr.32
                0x00000000c0011b26                Virt::setPageState(unsigned long, Virt::VirtPageState)
                0x00000000c0011b5b                Virt::getPageState(unsigned long)
                0x00000000c0011b7f                Virt::allocateKernelVirtualPages(int)
                0x00000000c0011c90                Virt::freeSwapfilePage(unsigned long)
                0x00000000c0011cae                Virt::swapIDToSector(unsigned long)
                0x00000000c0011cc0                Virt::allocateSwapfilePage()
                0x00000000c0011d3e                Virt::virtualMemorySetup()
                0x00000000c0011dbd                Virt::swappingSetup()
                0x00000000c0011e1a                Virt::getAKernelVAS()
                0x00000000c0011e20                Virt::setupPageSwapping(int)
                0x00000000c0011f50                VAS::VAS()
                0x00000000c0011f50                VAS::VAS()
                0x00000000c0011f8c                VAS::VAS(VAS*)
                0x00000000c0011f8c                VAS::VAS(VAS*)
                0x00000000c0011fba                VAS::getForeignPageTableEntry(bool, unsigned long)
                0x00000000c0011fe6                VAS::getPageTableEntry(unsigned long)
                0x00000000c0012005                Virt::freeKernelVirtualPages(unsigned long)
                0x00000000c0012128                VAS::freeAllocatedPages(unsigned long)
                0x00000000c001214c                VAS::virtualToPhysical(unsigned long)
                0x00000000c0012164                VAS::reflagRange(unsigned long, int, int, int)
                0x00000000c00121a4                VAS::setToWriteCombining(unsigned long, int)
                0x00000000c00121d6                VAS::mapOtherVASIn(bool, VAS*)
                0x00000000c0012200                VAS::~VAS()
                0x00000000c0012200                VAS::~VAS()
                0x00000000c001236c                VAS::mapPage(unsigned long, unsigned long, int)
                0x00000000c001246c                VAS::allocatePages(int, int)
                0x00000000c0012644                VAS::setCPUSpecific(unsigned long)
                0x00000000c0012660                VAS::mapRange(unsigned long, unsigned long, int, int)
                0x00000000c0012726                VAS::mapForeignPage(bool, VAS*, unsigned long, unsigned long, int)
                0x00000000c0012814                VAS::VAS(bool)
                0x00000000c0012814                VAS::VAS(bool)
                0x00000000c0012a7a                VAS::evict(unsigned long)
                0x00000000c0012b16                VAS::tryLoadBackOffDisk(unsigned long)
                0x00000000c0012cbe                VAS::scanForEviction()
                0x00000000c0012da1                mapVASFirstTime
 .text          0x00000000c0012e5d       0x95 coreobjs/c++.32
                0x00000000c0012e5d                __cxa_atexit
                0x00000000c0012e60                __cxa_finalize
                0x00000000c0012e61                __stack_chk_fail
                0x00000000c0012ecd                __cxa_pure_virtual
                0x00000000c0012ede                operator new[](unsigned long)
                0x00000000c0012ee3                operator delete(void*, unsigned long)
                0x00000000c0012ee8                operator delete[](void*)
                0x00000000c0012eed                operator delete[](void*, unsigned long)
 .text          0x00000000c0012ef2      0x1ef dbg/kconsole.32
                0x00000000c0012ef2                Dbg::stringifyxWithBase(unsigned int, char*, int)
                0x00000000c0012f53                Dbg::logc(char)
                0x00000000c0012f6a                Dbg::logs(char*)
                0x00000000c0012f87                Dbg::logWriteInt(unsigned int)
                0x00000000c0012fa4                Dbg::logWriteIntBase(unsigned int, int)
                0x00000000c0012fc3                Dbg::kprintf(char const*, ...)
 *fill*         0x00000000c00130e1        0x1 
 .text          0x00000000c00130e2      0xb7c fs/vfs.32
                0x00000000c00130e2                File::read(unsigned long long, void*, int*)
                0x00000000c001313a                File::write(unsigned long long, void*, int*)
                0x00000000c0013192                Directory::read(unsigned long long, void*, int*)
                0x00000000c00131ea                Directory::write(unsigned long long, void*, int*)
                0x00000000c0013218                File::isAtty()
                0x00000000c001321c                Directory::isAtty()
                0x00000000c0013220                Filesystem::getlabel(LogicalDisk*, int, char*, unsigned int*)
                0x00000000c0013226                Filesystem::setlabel(LogicalDisk*, int, char*)
                0x00000000c001322c                File::~File()
                0x00000000c001322c                File::~File()
                0x00000000c0013250                File::~File()
                0x00000000c001327a                Directory::~Directory()
                0x00000000c001327a                Directory::~Directory()
                0x00000000c001329e                Directory::~Directory()
                0x00000000c00132c8                Filesystem::Filesystem()
                0x00000000c00132c8                Filesystem::Filesystem()
                0x00000000c00132ec                Filesystem::~Filesystem()
                0x00000000c00132ec                Filesystem::~Filesystem()
                0x00000000c00132fa                Filesystem::~Filesystem()
                0x00000000c001331e                Fs::getcwd(Process*, char*, int)
                0x00000000c0013348                Fs::initVFS()
                0x00000000c0013372                Fs::standardiseFiles(char*, char const*, char const*)
                0x00000000c001351c                File::File(char const*, Process*)
                0x00000000c001351c                File::File(char const*, Process*)
                0x00000000c0013580                File::open(FileOpenMode)
                0x00000000c00135de                File::close()
                0x00000000c001363e                File::seek(unsigned long long)
                0x00000000c0013694                File::tell(unsigned long long*)
                0x00000000c00136e4                File::rewind()
                0x00000000c00136f8                File::unlink()
                0x00000000c0013744                File::rename(char const*)
                0x00000000c0013792                File::chfatattr(unsigned char, unsigned char)
                0x00000000c00137ee                File::exists()
                0x00000000c001382c                File::stat(unsigned long long*, bool*)
                0x00000000c001388d                Fs::setcwd(Process*, char*)
                0x00000000c00139c8                Directory::Directory(char const*, Process*)
                0x00000000c00139c8                Directory::Directory(char const*, Process*)
                0x00000000c0013a2c                Directory::open()
                0x00000000c0013a88                Directory::close()
                0x00000000c0013ae8                Directory::unlink()
                0x00000000c0013b34                Directory::rename(char const*)
                0x00000000c0013b82                Directory::exists()
                0x00000000c0013bc0                Directory::read(dirent*)
                0x00000000c0013c0c                Directory::create()
                0x00000000c0013c58                Filesystem::chfatattr(char const*, unsigned char, unsigned char)
 .text          0x00000000c0013c5e       0x84 hal/bus.32
                0x00000000c0013c5e                Bus::Bus(char const*)
                0x00000000c0013c5e                Bus::Bus(char const*)
                0x00000000c0013c94                Bus::~Bus()
                0x00000000c0013c94                Bus::~Bus()
                0x00000000c0013cb8                Bus::~Bus()
 .text          0x00000000c0013ce2      0x14e hal/buzzer.32
                0x00000000c0013ce2                Buzzer::Buzzer(char const*)
                0x00000000c0013ce2                Buzzer::Buzzer(char const*)
                0x00000000c0013d26                Buzzer::~Buzzer()
                0x00000000c0013d26                Buzzer::~Buzzer()
                0x00000000c0013d4a                Buzzer::~Buzzer()
                0x00000000c0013d74                Buzzer::stop()
                0x00000000c0013d87                beepThread(void*)
                0x00000000c0013dc2                Buzzer::beep(int, int, bool)
 .text          0x00000000c0013e30      0x467 hal/clock.32
                0x00000000c0013e30                User::loadClockSettings(int)
                0x00000000c0013e82                Clock::Clock(char const*)
                0x00000000c0013e82                Clock::Clock(char const*)
                0x00000000c0013eb8                Clock::~Clock()
                0x00000000c0013eb8                Clock::~Clock()
                0x00000000c0013edc                Clock::~Clock()
                0x00000000c0013f06                Clock::timeInSecondsLocal()
                0x00000000c0013f4e                Clock::setTimeInSecondsLocal(unsigned long long)
                0x00000000c0013fa7                datetimeToSeconds(datetime_t)
                0x00000000c00140ce                Clock::setTimeInDatetimeLocal(datetime_t)
                0x00000000c001412e                secondsToDatetime(unsigned long long)
                0x00000000c0014272                Clock::timeInDatetimeLocal()
 *fill*         0x00000000c0014297        0x1 
 .text          0x00000000c0014298      0x4de hal/device.32
                0x00000000c0014298                Device::hibernate()
                0x00000000c001429a                Device::wake()
                0x00000000c001429c                Device::detect()
                0x00000000c001429e                Device::disableLegacy()
                0x00000000c00142a0                Device::powerSaving(PowerSavingLevel)
                0x00000000c00142a2                DriverlessDevice::close(int, int, void*)
                0x00000000c00142a6                DriverlessDevice::detect()
                0x00000000c00142a8                DriverlessDevice::open(int, int, void*)
                0x00000000c00142bc                Device::~Device()
                0x00000000c00142bc                Device::~Device()
                0x00000000c00142ca                Device::~Device()
                0x00000000c00142f2                Device::findAndLoadDriver()
                0x00000000c00142f4                Device::preOpenPCI(PCIDeviceInfo)
                0x00000000c001431a                Device::preOpenACPI(void*, char*, char*)
                0x00000000c001436e                Device::addIRQHandler(int, void (*)(regs*, void*), bool, void*)
                0x00000000c00143ac                Device::removeIRQHandler(int, void (*)(regs*, void*), bool)
                0x00000000c00143ea                Device::addChild(Device*)
                0x00000000c001442e                Device::removeAllChildren()
                0x00000000c0014474                Device::hibernateAll()
                0x00000000c00144a4                Device::wakeAll()
                0x00000000c00144d4                Device::detectAll()
                0x00000000c0014504                Device::disableLegacyAll()
                0x00000000c0014534                Device::loadDriversForAll()
                0x00000000c0014560                Device::closeAll()
                0x00000000c0014596                Device::powerSavingAll(PowerSavingLevel)
                0x00000000c00145cc                Device::setName(char const*)
                0x00000000c00145da                Device::Device(char const*)
                0x00000000c00145da                Device::Device(char const*)
                0x00000000c00146d6                Device::getName()
                0x00000000c00146e0                DriverlessDevice::DriverlessDevice(char const*)
                0x00000000c00146e0                DriverlessDevice::DriverlessDevice(char const*)
                0x00000000c0014708                Device::addToLinkedList(LinkedList<Device>&, DeviceType)
                0x00000000c001474c                getDevicesOfType(DeviceType)
 .text          0x00000000c0014776       0x84 hal/diskctrl.32
                0x00000000c0014776                HardDiskController::HardDiskController(char const*)
                0x00000000c0014776                HardDiskController::HardDiskController(char const*)
                0x00000000c00147ac                HardDiskController::~HardDiskController()
                0x00000000c00147ac                HardDiskController::~HardDiskController()
                0x00000000c00147d0                HardDiskController::~HardDiskController()
 .text          0x00000000c00147fa       0xf2 hal/diskphys.32
                0x00000000c00147fa                PhysicalDisk::eject()
                0x00000000c001480e                PhysicalDisk::PhysicalDisk(char const*, int)
                0x00000000c001480e                PhysicalDisk::PhysicalDisk(char const*, int)
                0x00000000c0014876                PhysicalDisk::startCache()
                0x00000000c001489e                PhysicalDisk::~PhysicalDisk()
                0x00000000c001489e                PhysicalDisk::~PhysicalDisk()
                0x00000000c00148c2                PhysicalDisk::~PhysicalDisk()
 .text          0x00000000c00148ec      0x13b hal/fpu.32
                0x00000000c00148ec                FPU::FPU(char const*)
                0x00000000c00148ec                FPU::FPU(char const*)
                0x00000000c0014922                FPU::~FPU()
                0x00000000c0014922                FPU::~FPU()
                0x00000000c0014946                FPU::~FPU()
                0x00000000c0014970                setupFPU()
 *fill*         0x00000000c0014a27        0x1 
 .text          0x00000000c0014a28     0x13c3 hal/intctrl.32
                0x00000000c0014a28                InterruptController::uninstallISRHandler(int, void (*)(regs*, void*))
                0x00000000c0014a60                InterruptController::installISRHandler(int, void (*)(regs*, void*), void*)
                0x00000000c0014ab2                doubleFault(regs*, void*)
                0x00000000c0014acc                InterruptController::installIRQHandler(int, void (*)(regs*, void*), bool, void*)
                0x00000000c0014b68                InterruptController::clearAllHandlers(int, bool)
                0x00000000c0014c10                InterruptController::uninstallIRQHandler(int, void (*)(regs*, void*), bool)
                0x00000000c0014c97                nmiHandler(regs*, void*)
                0x00000000c0014ca5                int_handler
                0x00000000c0014d46                InterruptController::InterruptController(char const*)
                0x00000000c0014d46                InterruptController::InterruptController(char const*)
                0x00000000c0014dec                InterruptController::~InterruptController()
                0x00000000c0014dec                InterruptController::~InterruptController()
                0x00000000c0014e10                InterruptController::~InterruptController()
                0x00000000c0014e3a                displayDebugInfo(regs*)
                0x00000000c00152c9                x87EmulHandler(regs*, void*)
                0x00000000c00152f8                gpFault(regs*, void*)
                0x00000000c0015331                pgFault(regs*, void*)
                0x00000000c0015389                otherISRHandler(regs*, void*)
                0x00000000c00153a8                opcodeFault(regs*, void*)
                0x00000000c00159ae                displayProgramFault(char const*)
                0x00000000c00159d6                setupInterruptController()
                0x00000000c0015d9e                InterruptController::convertLegacyIRQNumber(int)
 *fill*         0x00000000c0015deb        0x1 
 .text          0x00000000c0015dec      0x6c8 hal/keybrd.32
                0x00000000c0015dec                startGUI(void*)
                0x00000000c0015e48                startGUIVESA(void*)
                0x00000000c0015ea4                sendKeyToTerminal(unsigned char)
                0x00000000c0015f10                sendKeyboardToken(KeyboardToken)
                0x00000000c001634d                clearInternalKeybuffer(VgaText*)
                0x00000000c0016382                readKeyboard(VgaText*, char*, unsigned long)
                0x00000000c001642a                Keyboard::Keyboard(char const*)
                0x00000000c001642a                Keyboard::Keyboard(char const*)
                0x00000000c0016466                Keyboard::~Keyboard()
                0x00000000c0016466                Keyboard::~Keyboard()
                0x00000000c001648a                Keyboard::~Keyboard()
 .text          0x00000000c00164b4      0x414 hal/logidisk.32
                0x00000000c00164b4                LogicalDisk::close(int, int, void*)
                0x00000000c00164b8                LogicalDisk::~LogicalDisk()
                0x00000000c00164b8                LogicalDisk::~LogicalDisk()
                0x00000000c00164dc                LogicalDisk::~LogicalDisk()
                0x00000000c0016506                LogicalDisk::open(int, int, void*)
                0x00000000c001651a                LogicalDisk::absoluteToRelative(unsigned long long)
                0x00000000c0016552                LogicalDisk::relativeToAbsolute(unsigned long long)
                0x00000000c0016598                LogicalDisk::LogicalDisk(char const*, PhysicalDisk*, unsigned long long, unsigned long long)
                0x00000000c0016598                LogicalDisk::LogicalDisk(char const*, PhysicalDisk*, unsigned long long, unsigned long long)
                0x00000000c001664e                LogicalDisk::assignDriveLetter()
                0x00000000c0016704                LogicalDisk::mount()
                0x00000000c0016776                LogicalDisk::unmount()
                0x00000000c0016786                LogicalDisk::eject()
                0x00000000c001679a                LogicalDisk::unassignDriveLetter()
                0x00000000c00167f0                LogicalDisk::read(unsigned long long, int, void*)
                0x00000000c001685c                LogicalDisk::write(unsigned long long, int, void*)
 .text          0x00000000c00168c8       0x84 hal/mouse.32
                0x00000000c00168c8                Mouse::Mouse(char const*)
                0x00000000c00168c8                Mouse::Mouse(char const*)
                0x00000000c00168fe                Mouse::~Mouse()
                0x00000000c00168fe                Mouse::~Mouse()
                0x00000000c0016922                Mouse::~Mouse()
 .text          0x00000000c001694c      0x34d hal/partition.32
                0x00000000c001694c                makePartition(PhysicalDisk*, unsigned long long, unsigned long long)
                0x00000000c0016a08                createPartitionsForDisk(PhysicalDisk*)
 *fill*         0x00000000c0016c99        0x1 
 .text          0x00000000c0016c9a       0x84 hal/serial.32
                0x00000000c0016c9a                Serial::Serial(char const*)
                0x00000000c0016c9a                Serial::Serial(char const*)
                0x00000000c0016cd0                Serial::~Serial()
                0x00000000c0016cd0                Serial::~Serial()
                0x00000000c0016cf4                Serial::~Serial()
 .text          0x00000000c0016d1e      0x2b8 hal/timer.32
                0x00000000c0016d1e                Timer::Timer(char const*)
                0x00000000c0016d1e                Timer::Timer(char const*)
                0x00000000c0016d54                Timer::~Timer()
                0x00000000c0016d54                Timer::~Timer()
                0x00000000c0016d78                Timer::~Timer()
                0x00000000c0016da2                Timer::read()
                0x00000000c0016dad                timerHandler(unsigned long long)
                0x00000000c0016ee4                setupTimer(int)
 .text          0x00000000c0016fd6      0x425 hal/vcache.32
                0x00000000c0016fd6                VCache::VCache(PhysicalDisk*)
                0x00000000c0016fd6                VCache::VCache(PhysicalDisk*)
                0x00000000c001713e                VCache::invalidateReadBuffer()
                0x00000000c001714e                VCache::writeWriteBuffer()
                0x00000000c001718a                VCache::~VCache()
                0x00000000c001718a                VCache::~VCache()
                0x00000000c00171de                VCache::~VCache()
                0x00000000c0017206                VCache::write(unsigned long long, int, void*)
                0x00000000c00172fc                VCache::read(unsigned long long, int, void*)
 *fill*         0x00000000c00173fb        0x1 
 .text          0x00000000c00173fc      0x4cd hal/video.32
                0x00000000c00173fc                Video::putrect(int, int, int, int, unsigned int)
                0x00000000c0017448                Video::bitblit(int, int, int, int, int, int, int, unsigned int*)
                0x00000000c00174b8                Video::blit(unsigned int*, int, int, int, int)
                0x00000000c0017536                Video::clearScreen(unsigned int)
                0x00000000c001756a                Video::putpixel(int, int, unsigned int)
                0x00000000c0017578                Video::Video(char const*)
                0x00000000c0017578                Video::Video(char const*)
                0x00000000c00175ae                Video::~Video()
                0x00000000c00175ae                Video::~Video()
                0x00000000c00175d2                Video::~Video()
                0x00000000c00175fc                Video::isMonochrome()
                0x00000000c0017608                Video::getWidth()
                0x00000000c0017614                Video::getHeight()
                0x00000000c0017620                Video::drawCursor(int, int, unsigned char*, int)
                0x00000000c00176dc                Video::tgaParse(unsigned char*, int, int*, int*)
                0x00000000c001785e                Video::putTGA(int, int, unsigned char*, int)
 *fill*         0x00000000c00178c9        0x1 
 .text          0x00000000c00178ca      0xf64 hw/acpi.32
                0x00000000c00178ca                ACPI::close(int, int, void*)
                0x00000000c001797f                findRSDP()
                0x00000000c0017a09                loadACPITables(unsigned char*)
                0x00000000c0017c30                findRSDT(unsigned char*)
                0x00000000c0017d4e                findDataTable(unsigned char*, char*)
                0x00000000c0017dea                scanMADT()
                0x00000000c0018270                ACPI::ACPI()
                0x00000000c0018270                ACPI::ACPI()
                0x00000000c00182da                ACPI::getPCIIRQAssignment(unsigned char, unsigned short, unsigned char)
                0x00000000c00183bc                ACPI::registerPCIIRQAssignment(void*, unsigned short, unsigned char, unsigned char)
                0x00000000c0018482                ACPI::setScreenBrightnessLevel(void*, int)
                0x00000000c0018488                ACPI::writeSimpleBootFlag(SimpleBootFlagTable*)
                0x00000000c00184d0                ACPI::open(int, int, void*)
                0x00000000c0018816                ACPI::sleep()
 .text          0x00000000c001882e     0x1715 hw/cpu.32
                0x00000000c001882e                CPU::close(int, int, void*)
                0x00000000c0018832                CPU::lookupAMDName(unsigned char, unsigned char)
                0x00000000c00189c6                CPU::lookupIntelName(unsigned char, unsigned char)
                0x00000000c0018c74                CPU::AMD_K6_write_msr(unsigned int, unsigned int, unsigned int, CPU::REGS*)
                0x00000000c0018c90                CPU::AMD_K6_read_msr(unsigned int, CPU::REGS*)
                0x00000000c0018ca8                CPU::AMD_K6_writeback(int, int, int)
                0x00000000c0018d1c                CPU::cpuid(int, unsigned long*, unsigned long*, unsigned long*, unsigned long*)
                0x00000000c0018da0                CPU::cpuidCheckEDX(unsigned int)
                0x00000000c0018dce                CPU::cpuidCheckECX(unsigned int)
                0x00000000c0018dfc                CPU::cpuidCheckExtendedEBX(unsigned int)
                0x00000000c0018e2a                CPU::cpuidCheckExtendedECX(unsigned int)
                0x00000000c0018e58                CPU::CPU()
                0x00000000c0018e58                CPU::CPU()
                0x00000000c0018ee6                CPU::displayFeatures()
                0x00000000c0019162                CPU::detectFeatures()
                0x00000000c0019b52                CPU::setupSMEP()
                0x00000000c0019b5e                CPU::setupUMIP()
                0x00000000c0019b68                CPU::setupTSC()
                0x00000000c0019b72                CPU::setupLargePages()
                0x00000000c0019b7c                CPU::setupPAT()
                0x00000000c0019bb8                CPU::setupMTRR()
                0x00000000c0019bba                CPU::setupGlobalPages()
                0x00000000c0019bc4                CPU::allowUsermodeDataAccess()
                0x00000000c0019bd6                CPU::prohibitUsermodeDataAccess()
                0x00000000c0019be8                CPU::setupSMAP()
                0x00000000c0019bf6                CPU::setupFeatures()
                0x00000000c0019c76                CPU::open(int, int, void*)
                0x00000000c0019d48                CPU::decodeAddress(regs*, int*, bool*, unsigned char*)
 .text          0x00000000c0019f43        0x0 hw/ports.32
 .text          0x00000000c0019f43      0x16a hw/smp.32
                0x00000000c0019f43                Krnl::smpEntry()
                0x00000000c0019f45                Krnl::startCPU(int)
                0x00000000c001a08e                Krnl::startCPUs()
 *fill*         0x00000000c001a0ad        0x1 
 .text          0x00000000c001a0ae      0x5d3 krnl/env.32
                0x00000000c001a0ae                EnvVarContainer::getEnv(char const*)
                0x00000000c001a0ec                EnvVarContainer::setEnv(char const*, char const*)
                0x00000000c001a1b8                EnvVarContainer::deleteEnv(char const*)
                0x00000000c001a1ba                EnvVarContainer::loadFrom(char const*, char const*)
                0x00000000c001a3b0                EnvVarContainer::__loadSystem()
                0x00000000c001a3ca                EnvVarContainer::__loadUser()
                0x00000000c001a3cc                EnvVarContainer::EnvVarContainer(Process*)
                0x00000000c001a3cc                EnvVarContainer::EnvVarContainer(Process*)
                0x00000000c001a3ee                EnvVarContainer::~EnvVarContainer()
                0x00000000c001a3ee                EnvVarContainer::~EnvVarContainer()
                0x00000000c001a41e                Krnl::getEnv(Process*, char const*)
                0x00000000c001a483                Krnl::setEnvSystem(char const*, char const*)
                0x00000000c001a49d                Krnl::setEnvUser(char const*, char const*)
                0x00000000c001a4bc                Krnl::setEnvProcess(Process*, char const*, char const*)
                0x00000000c001a4cf                Krnl::deleteEnvSystem(char const*)
                0x00000000c001a4d0                Krnl::deleteEnvUser(char const*)
                0x00000000c001a4d1                Krnl::deleteEnvProcess(Process*, char const*)
                0x00000000c001a4d2                Krnl::newProcessEnv(Process*)
                0x00000000c001a4f4                Krnl::copyProcessEnv(Process*, Process*)
                0x00000000c001a548                Krnl::loadSystemEnv()
                0x00000000c001a576                Krnl::loadUserEnv()
                0x00000000c001a59c                Krnl::flushEnv()
                0x00000000c001a59d                Krnl::getProcessTotalEnvCount(Process*)
                0x00000000c001a5bd                Krnl::getProcessEnvPair(Process*, int)
 .text          0x00000000c001a681      0x396 krnl/panic.32
                0x00000000c001a681                Krnl::panic(char const*)
 .text          0x00000000c001aa17      0x3b6 net/ethernet.32
                0x00000000c001aa17                Net::switchEndian16(unsigned short)
                0x00000000c001aa38                Net::switchEndian32(unsigned int)
                0x00000000c001aa67                Net::crc32Calc(unsigned char*, int)
                0x00000000c001aaf8                Net::wrapEthernetFrame(Net::UnwrappedEthernetFrame, unsigned char*)
                0x00000000c001ac34                Net::unwrapEthernetFrame(unsigned char*, int)
 .text          0x00000000c001adcd      0x513 reg/registry.32
                0x00000000c001adcd                Reg::findLineFromLoadedData(char*, char*, char*)
                0x00000000c001af25                Reg::getLineFromRegistry(char*, char*, char*, char*)
                0x00000000c001b07a                Reg::getLine(char*, char*, char*)
                0x00000000c001b0b1                Reg::readInt(char*, char*, int*)
                0x00000000c001b19c                Reg::readString(char*, char*, char*, int)
                0x00000000c001b21d                Reg::readBool(char*, char*, bool*)
                0x00000000c001b242                Reg::readBoolWithDefault(char*, char*, bool)
                0x00000000c001b26e                Reg::readIntWithDefault(char*, char*, int)
                0x00000000c001b29a                Reg::readStringWithDefault(char*, char*, char*, int, char*)
 .text          0x00000000c001b2e0       0x36 sys/sc_eject.32
                0x00000000c001b2e0                Sys::eject(regs*)
 .text          0x00000000c001b316       0x18 sys/sc_exit.32
                0x00000000c001b316                Sys::exit(regs*)
 .text          0x00000000c001b32e       0x1f sys/sc_getcwd.32
                0x00000000c001b32e                Sys::getCwd(regs*)
 .text          0x00000000c001b34d        0xc sys/sc_getpid.32
                0x00000000c001b34d                Sys::getPID(regs*)
 .text          0x00000000c001b359       0x17 sys/sc_getramdata.32
                0x00000000c001b359                Sys::getRAMData(regs*)
 .text          0x00000000c001b370       0xa8 sys/sc_loaddll.32
                0x00000000c001b370                Sys::loadDLL(regs*)
 .text          0x00000000c001b418       0x68 sys/sc_read.32
                0x00000000c001b418                Sys::read(regs*)
 .text          0x00000000c001b480       0x55 sys/sc_sbrk.32
                0x00000000c001b480                Sys::sbrk(regs*)
 .text          0x00000000c001b4d5       0x1c sys/sc_setcwd.32
                0x00000000c001b4d5                Sys::setCwd(regs*)
 .text          0x00000000c001b4f1      0x128 sys/sc_settime.32
                0x00000000c001b4f1                Sys::setTime(regs*)
 .text          0x00000000c001b619       0x4a sys/sc_timezone.32
                0x00000000c001b619                Sys::timezone(regs*)
 .text          0x00000000c001b663       0x68 sys/sc_write.32
                0x00000000c001b663                Sys::write(regs*)
 .text          0x00000000c001b6cb       0x62 sys/sc_wsbe.32
                0x00000000c001b6cb                Sys::wsbe(regs*)
 .text          0x00000000c001b72d       0x3b sys/sc_yield.32
                0x00000000c001b72d                Sys::yield(regs*)
 .text          0x00000000c001b768     0x10e5 sys/syscalls.32
                0x00000000c001b768                sysCallSeekDir(regs*)
                0x00000000c001b76d                sysCallTellDir(regs*)
                0x00000000c001b772                sysCallVerify(regs*)
                0x00000000c001b77c                sysFormatDisk(regs*)
                0x00000000c001b7e6                sysSetDiskVolumeLabel(regs*)
                0x00000000c001b82c                sysGetDiskVolumeLabel(regs*)
                0x00000000c001b87d                sysShutdown(regs*)
                0x00000000c001b8db                sysCallRealpath(regs*)
                0x00000000c001b91e                sysCallGetArgc(regs*)
                0x00000000c001b94c                sysCallReadDir(regs*)
                0x00000000c001b9da                sysCallIsATTY(regs*)
                0x00000000c001ba34                sysCallSeek(regs*)
                0x00000000c001ba9d                sysCallTell(regs*)
                0x00000000c001bb1a                sysCallSize(regs*)
                0x00000000c001bb9d                sysCallSizeFromFilename(regs*)
                0x00000000c001bc5d                sysCallClose(regs*)
                0x00000000c001bce5                sysCallOpenDir(regs*)
                0x00000000c001bd5a                sysCallCloseDir(regs*)
                0x00000000c001bdc0                sysCallMakeDir(regs*)
                0x00000000c001be30                sysCallWait(regs*)
                0x00000000c001be4a                sysCallNotImpl(regs*)
                0x00000000c001be65                sysPanic(regs*)
                0x00000000c001be8b                sysCallRmdir(regs*)
                0x00000000c001beef                sysCallUnlink(regs*)
                0x00000000c001bf53                sysCallGetArgv(regs*)
                0x00000000c001bf9f                sysCallTTYName(regs*)
                0x00000000c001c022                sysCallUSleep(regs*)
                0x00000000c001c049                sysCallSpawn(regs*)
                0x00000000c001c0a1                sysCallGetEnv(regs*)
                0x00000000c001c1d9                sysAppSettings(regs*)
                0x00000000c001c2f8                sysSetFatAttrib(regs*)
                0x00000000c001c36a                sysPipe(regs*)
                0x00000000c001c3af                sysGetUnixTime(regs*)
                0x00000000c001c3c3                string_ends_with(char const*, char const*)
                0x00000000c001c40b                sysCallOpen(regs*)
                0x00000000c001c620                Sys::loadSyscalls()
                0x00000000c001c80b                Sys::systemCall(regs*, void*)
 .text          0x00000000c001c84d     0x11ef thr/elf.32
                0x00000000c001c84d                Thr::allocateMemoryForTask(Process*, File*, unsigned long, unsigned long, unsigned long)
                0x00000000c001cadf                Thr::loadProgramIntoMemory(Process*, char const*)
                0x00000000c001ccf5                Thr::runtimeReferenceHelper()
                0x00000000c001cd08                Thr::getAddressOfKernelSymbol(char const*)
                0x00000000c001cd57                Thr::loadKernelSymbolTable(char const*)
                0x00000000c001d015                Thr::loadDriverIntoMemory(char const*, unsigned long, bool)
                0x00000000c001d731                Thr::getDriverBaseFromAddress(unsigned long)
                0x00000000c001d763                Thr::getDriverNameFromAddress(unsigned long)
                0x00000000c001d79a                Thr::getDriverOffsetFromAddress(unsigned long)
                0x00000000c001d7b4                Thr::loadDLL(char const*, bool)
                0x00000000c001da03                Thr::executeDLL(unsigned long, void*)
 .text          0x00000000c001da3c     0x1056 thr/prcssthr.32
                0x00000000c001da3c                changeTSS
                0x00000000c001da6c                Process::addArgs(char**)
                0x00000000c001dac6                Process::Process(char const*, Process*, char**)
                0x00000000c001dac6                Process::Process(char const*, Process*, char**)
                0x00000000c001dcaa                Process::Process(bool, char const*, Process*, char**)
                0x00000000c001dcaa                Process::Process(bool, char const*, Process*, char**)
                0x00000000c001de59                disableIRQs()
                0x00000000c001de61                getIRQNestingLevel()
                0x00000000c001de67                enableIRQs()
                0x00000000c001de76                lockScheduler()
                0x00000000c001de78                unlockScheduler()
                0x00000000c001de7a                userModeEntryPoint(void*)
                0x00000000c001de9d                lockStuff()
                0x00000000c001dea9                taskStartupFunction
                0x00000000c001deb2                updateTimeUsed()
                0x00000000c001df17                switchToThread(ThreadControlBlock*)
                0x00000000c001df68                Semaphore::Semaphore(int)
                0x00000000c001df68                Semaphore::Semaphore(int)
                0x00000000c001df96                Mutex::Mutex()
                0x00000000c001df96                Mutex::Mutex()
                0x00000000c001dfa8                Process::createThread(void (*)(void*), void*, int)
                0x00000000c001e08c                Process::createUserThread()
                0x00000000c001e0a8                setupMultitasking(void (*)())
                0x00000000c001e1b2                schedule()
                0x00000000c001e237                unlockStuff()
                0x00000000c001e26c                Semaphore::tryAcquire()
                0x00000000c001e29a                Semaphore::assertLocked(char const*)
                0x00000000c001e2ca                blockTaskWithSchedulerLockAlreadyHeld(TaskState)
                0x00000000c001e30c                blockTask(TaskState)
                0x00000000c001e32d                waitTask(int, int*, int)
                0x00000000c001e36f                nanoSleepUntil(unsigned long long)
                0x00000000c001e3c6                nanoSleep(unsigned long long)
                0x00000000c001e3db                sleep(unsigned long long)
                0x00000000c001e3f8                Semaphore::acquire()
                0x00000000c001e460                taskReturned
                0x00000000c001e48e                unblockTask(ThreadControlBlock*)
                0x00000000c001e53d                cleanupTerminatedTask(ThreadControlBlock*)
                0x00000000c001e806                cleanerTaskFunction(void*)
                0x00000000c001e8b9                terminateTask(int)
                0x00000000c001e999                Thr::terminateFromIRQ(int)
                0x00000000c001e9a6                Semaphore::release()
 .text          0x00000000c001ea92      0xc26 vm86/vm8086.32
                0x00000000c001ea92                Vm::inbv(unsigned short)
                0x00000000c001eaa5                Vm::outbv(unsigned short, unsigned char)
                0x00000000c001eaf8                Vm::realToLinear(unsigned short, unsigned short)
                0x00000000c001eb08                Vm::getSegment(unsigned int)
                0x00000000c001eb10                Vm::getOffset(unsigned int)
                0x00000000c001eb15                Vm::mainloop2()
                0x00000000c001eb50                Vm::mainVm8086Loop(void*)
                0x00000000c001eb5d                Vm::mainloop3(unsigned long)
                0x00000000c001eb87                Vm::initialise8086()
                0x00000000c001ebca                Vm::finish8086()
                0x00000000c001ec0f                Vm::getOutput8086(unsigned char*)
                0x00000000c001ec39                Vm::start8086(char const*, unsigned short, unsigned short, unsigned short, unsigned short)
                0x00000000c001ed89                Vm::doISR(regs*, int, unsigned char*, unsigned short, unsigned short)
                0x00000000c001ee13                Vm::readByteFromReal(unsigned short, unsigned short)
                0x00000000c001ee24                Vm::readWordFromReal(unsigned short, unsigned short)
                0x00000000c001ee36                Vm::readDwordFromReal(unsigned short, unsigned short)
                0x00000000c001ee47                Vm::writeByteFromReal(unsigned short, unsigned short, unsigned char)
                0x00000000c001ee5c                Vm::writeWordFromReal(unsigned short, unsigned short, unsigned short)
                0x00000000c001ee72                Vm::writeDwordFromReal(unsigned short, unsigned short, unsigned int)
                0x00000000c001ee87                Vm::faultHandler(regs*)
 .text          0x00000000c001f6b8      0xefd vm86/x87em.32
                0x00000000c001f6b8                Vm::fpuInternalTo32(unsigned long long)
                0x00000000c001f713                Vm::fpuInternalTo64(unsigned long long)
                0x00000000c001f71c                Vm::fpu32ToInternal(unsigned int)
                0x00000000c001f761                Vm::fpu64ToInternal(unsigned long long)
                0x00000000c001f76a                Vm::fpuFloatToLong(unsigned long long)
                0x00000000c001f7c5                Vm::fpuULongToFloat(unsigned long long)
                0x00000000c001f7fb                Vm::fpuLongToFloat(long long)
                0x00000000c001f851                Vm::fpuGet0()
                0x00000000c001f856                Vm::fpuGet1()
                0x00000000c001f85e                Vm::fpuGetPi()
                0x00000000c001f866                Vm::fpuGetLog2E()
                0x00000000c001f87e                Vm::fpuGetLogE2()
                0x00000000c001f896                Vm::fpuGetLog210()
                0x00000000c001f8ae                Vm::fpuGetLog102()
                0x00000000c001f8c6                Vm::fpuIsSecondLarger(unsigned long long, unsigned long long)
                0x00000000c001f8da                Vm::fpuAreEqual(unsigned long long, unsigned long long)
                0x00000000c001f8f0                Vm::fpuUnorderedCompare(unsigned long long, unsigned long long)
                0x00000000c001f943                Vm::fpuAdd(unsigned long long, unsigned long long)
                0x00000000c001f954                Vm::fpuAbs(unsigned long long)
                0x00000000c001f95d                Vm::fpuChs(unsigned long long)
                0x00000000c001f96d                Vm::fpuSub(unsigned long long, unsigned long long)
                0x00000000c001f97c                Vm::fpuMultiply(unsigned long long, unsigned long long)
                0x00000000c001f99b                Vm::fpuDivide(unsigned long long, unsigned long long)
                0x00000000c001f9b7                Vm::fpuSquare(unsigned long long)
                0x00000000c001f9cd                Vm::fpuGetReg(int)
                0x00000000c001fa10                Vm::fpuSetReg(int, unsigned long long)
                0x00000000c001fa5b                Vm::fpuPush(unsigned long long)
                0x00000000c001fab8                Vm::fpuPop()
                0x00000000c001fb0a                Vm::x87Handler(regs*)
 *fill*         0x00000000c00205b5        0x1 
 .text          0x00000000c00205b6     0x10ed fs/fat/vfslink.32
                0x00000000c00205b6                FAT::getName()
                0x00000000c00205bc                FAT::tell(void*, unsigned long long*)
                0x00000000c00205f0                FAT::stat(void*, unsigned long long*)
                0x00000000c0020624                FAT::~FAT()
                0x00000000c0020624                FAT::~FAT()
                0x00000000c0020648                FAT::~FAT()
                0x00000000c0020670                FAT::getlabel(LogicalDisk*, int, char*, unsigned int*)
                0x00000000c002070e                FAT::setlabel(LogicalDisk*, int, char*)
                0x00000000c00207c8                FAT::format(LogicalDisk*, int, char const*, int)
                0x00000000c00209ac                FAT::tryMount(LogicalDisk*, int)
                0x00000000c0020bb2                FAT::readDir(void*, unsigned long, void*, int*)
                0x00000000c0020cb8                FAT::read(void*, unsigned long, void*, int*)
                0x00000000c0020d12                FAT::write(void*, unsigned long, void*, int*)
                0x00000000c0020d6c                FAT::close(void*)
                0x00000000c0020db8                FAT::closeDir(void*)
                0x00000000c0020e04                FAT::seek(void*, unsigned long long)
                0x00000000c0020e58                fatWrapperReadDisk
                0x00000000c0020e9f                fatWrapperWriteDisk
                0x00000000c0020ee6                fatWrapperIoctl
                0x00000000c0020fea                FAT::FAT()
                0x00000000c0020fea                FAT::FAT()
                0x00000000c002103c                FAT::fixFilepath(char*)
                0x00000000c0021074                FAT::open(char const*, void**, FileOpenMode)
                0x00000000c002119c                FAT::openDir(char const*, void**)
                0x00000000c0021242                FAT::stat(char const*, unsigned long long*, bool*)
                0x00000000c002132c                FAT::unlink(char const*)
                0x00000000c00213a6                FAT::chfatattr(char const*, unsigned char, unsigned char)
                0x00000000c00214fa                FAT::rename(char const*, char const*)
                0x00000000c00215be                FAT::mkdir(char const*)
                0x00000000c0021638                FAT::exists(char const*)
 *fill*         0x00000000c00216a3        0x1 
 .text          0x00000000c00216a4      0xbc1 fs/iso9660/vfslink.32
                0x00000000c00216a4                ISO9660::format(LogicalDisk*, int, char const*, int)
                0x00000000c00216aa                ISO9660::seek(void*, unsigned long long)
                0x00000000c00216da                ISO9660::tell(void*, unsigned long long*)
                0x00000000c00216fe                ISO9660::getName()
                0x00000000c0021704                ISO9660::stat(void*, unsigned long long*)
                0x00000000c0021728                ISO9660::chfatattr(char const*, unsigned char, unsigned char)
                0x00000000c002172e                ISO9660::unlink(char const*)
                0x00000000c0021734                ISO9660::write(void*, unsigned long, void*, int*)
                0x00000000c002173a                ISO9660::rename(char const*, char const*)
                0x00000000c0021740                ISO9660::mkdir(char const*)
                0x00000000c0021746                ISO9660::close(void*)
                0x00000000c0021768                ISO9660::closeDir(void*)
                0x00000000c002178a                ISO9660::~ISO9660()
                0x00000000c002178a                ISO9660::~ISO9660()
                0x00000000c00217ae                ISO9660::~ISO9660()
                0x00000000c00217d5                __memmem(unsigned char*, int, unsigned char*, int)
                0x00000000c0021817                readSectorFromCDROM(unsigned int, unsigned char*, char)
                0x00000000c002187e                ISO9660::tryMount(LogicalDisk*, int)
                0x00000000c00218ce                ISO9660::read(void*, unsigned long, void*, int*)
                0x00000000c0021ace                ISO9660::readDir(void*, unsigned long, void*, int*)
                0x00000000c0021d5b                readRoot(unsigned int*, unsigned int*, char)
                0x00000000c0021db0                readRecursively(char*, unsigned int, unsigned int, unsigned int*, unsigned int*, char, int*)
                0x00000000c0021f83                getFileData(char*, unsigned int*, unsigned int*, char, int*)
                0x00000000c0022012                ISO9660::open(char const*, void**, FileOpenMode)
                0x00000000c00220d2                ISO9660::exists(char const*)
                0x00000000c00220f6                ISO9660::stat(char const*, unsigned long long*, bool*)
                0x00000000c002218a                ISO9660::openDir(char const*, void**)
                0x00000000c0022242                ISO9660::ISO9660()
                0x00000000c0022242                ISO9660::ISO9660()
 *fill*         0x00000000c0022265        0x1 
 .text          0x00000000c0022266      0x326 hal/sound/sndchannel.32
                0x00000000c0022266                SoundChannel::~SoundChannel()
                0x00000000c0022266                SoundChannel::~SoundChannel()
                0x00000000c0022282                SoundChannel::setSpeed(float)
                0x00000000c002228e                SoundChannel::getSpeed()
                0x00000000c0022296                SoundChannel::setVolume(int)
                0x00000000c00222b2                SoundChannel::getVolume()
                0x00000000c00222ba                SoundChannel::pause()
                0x00000000c00222c4                SoundChannel::SoundChannel(int, int, int, int)
                0x00000000c00222c4                SoundChannel::SoundChannel(int, int, int, int)
                0x00000000c002241a                SoundChannel::play()
                0x00000000c0022424                SoundChannel::paused()
                0x00000000c002242c                SoundChannel::getSampleRate()
                0x00000000c0022434                SoundChannel::getBits()
                0x00000000c002243c                SoundChannel::getBufferUsed()
                0x00000000c0022444                SoundChannel::getBufferSize()
                0x00000000c002244c                SoundChannel::unbuffer(float*, int, int)
                0x00000000c00224ec                SoundChannel::buffer8(unsigned char*, int)
 .text          0x00000000c002258c      0x3d5 hal/sound/sndhw.32
                0x00000000c002258c                SoundDevice::SoundDevice(char const*)
                0x00000000c002258c                SoundDevice::SoundDevice(char const*)
                0x00000000c00225f8                SoundDevice::~SoundDevice()
                0x00000000c00225f8                SoundDevice::~SoundDevice()
                0x00000000c0022672                SoundDevice::~SoundDevice()
                0x00000000c002269c                SoundDevice::getFreeChannelNum()
                0x00000000c00226b6                SoundDevice::addChannel(SoundChannel*)
                0x00000000c0022726                SoundDevice::removeChannel(int)
                0x00000000c0022758                SoundDevice::floatTo8(float*, unsigned char*, int)
                0x00000000c0022840                SoundDevice::getAudio(int, float*, float*)
 .text          0x00000000c0022961        0x0 hw/bus/isa.32
 *fill*         0x00000000c0022961        0x1 
 .text          0x00000000c0022962      0x6c3 hw/bus/pci.32
                0x00000000c0022962                PCI::open(int, int, void*)
                0x00000000c0022976                PCI::close(int, int, void*)
                0x00000000c002297a                PCI::PCI()
                0x00000000c002297a                PCI::PCI()
                0x00000000c00229fa                PCI::pciReadWord(unsigned char, unsigned char, unsigned char, unsigned char)
                0x00000000c0022a42                PCI::getVendorID(unsigned char, unsigned char, unsigned char)
                0x00000000c0022a64                PCI::getHeaderType(unsigned char, unsigned char, unsigned char)
                0x00000000c0022a88                PCI::getClassCode(unsigned char, unsigned char, unsigned char)
                0x00000000c0022acc                PCI::getProgIF(unsigned char, unsigned char, unsigned char)
                0x00000000c0022af0                PCI::getRevisionID(unsigned char, unsigned char, unsigned char)
                0x00000000c0022b12                PCI::getInterruptNumber(unsigned char, unsigned char, unsigned char)
                0x00000000c0022b34                PCI::getSecondaryBus(unsigned char, unsigned char, unsigned char)
                0x00000000c0022b58                PCI::getBARAddress(unsigned char, unsigned char, unsigned char, unsigned char)
                0x00000000c0022bb8                PCI::pciWriteWord(unsigned char, unsigned char, unsigned char, unsigned char, unsigned short)
                0x00000000c0022c24                PCI::checkBus(unsigned char)
                0x00000000c0022c48                PCI::foundDevice(PCIDeviceInfo)
                0x00000000c0022dba                PCI::getDeviceData(unsigned char, unsigned char, unsigned char)
                0x00000000c0022f66                PCI::checkDevice(unsigned char, unsigned char)
                0x00000000c0022fd2                PCI::detect()
 *fill*         0x00000000c0023025        0x1 
 .text          0x00000000c0023026      0xc70 hw/diskctrl/ide.32
                0x00000000c0023026                IDE::close(int, int, void*)
                0x00000000c002302a                IDE::IDE()
                0x00000000c002302a                IDE::IDE()
                0x00000000c002305e                IDE::prepareInterrupt(unsigned char)
                0x00000000c0023070                selectDrive(unsigned char, unsigned char)
                0x00000000c0023072                IDE::getBase(unsigned char)
                0x00000000c0023084                IDE::write(unsigned char, unsigned char, unsigned char)
                0x00000000c0023144                IDE::read(unsigned char, unsigned char)
                0x00000000c00231f2                IDE::waitInterrupt(unsigned char)
                0x00000000c0023258                ideChannel0IRQHandler(regs*, void*)
                0x00000000c0023274                ideChannel1IRQHandler(regs*, void*)
                0x00000000c0023290                IDE::enableIRQs(unsigned char, bool)
                0x00000000c00232d6                IDE::open(int, int, void*)
                0x00000000c00236e6                IDE::readBuffer(unsigned char, unsigned char, unsigned int, unsigned int)
                0x00000000c00237b2                IDE::detect()
                0x00000000c0023a9a                IDE::printError(unsigned char, unsigned char, unsigned char)
                0x00000000c0023c30                IDE::polling(unsigned char, unsigned int)
 .text          0x00000000c0023c96      0x390 hw/diskctrl/satabus.32
                0x00000000c0023c96                SATABus::close(int, int, void*)
                0x00000000c0023c9a                SATABus::detect()
                0x00000000c0023c9c                SATABus::SATABus()
                0x00000000c0023c9c                SATABus::SATABus()
                0x00000000c0023d48                SATABus::findCmdslot(SATABus::tagHBA_PORT volatile*)
                0x00000000c0023d90                SATABus::checkType(SATABus::tagHBA_PORT volatile*)
                0x00000000c0023dd8                SATABus::startCmd(SATABus::tagHBA_PORT volatile*)
                0x00000000c0023df8                SATABus::stopCmd(SATABus::tagHBA_PORT volatile*)
                0x00000000c0023e22                SATABus::portRebase(SATABus::tagHBA_PORT volatile*, int)
                0x00000000c0023f28                SATABus::probePort(SATABus::tagHBA_MEM volatile*)
                0x00000000c0024006                SATABus::open(int, int, void*)
 .text          0x00000000c0024026      0x63c hw/diskphys/ata.32
                0x00000000c0024026                ATA::close(int, int, void*)
                0x00000000c002404a                ATA::powerSaving(PowerSavingLevel)
                0x00000000c002404c                ATA::ATA()
                0x00000000c002404c                ATA::ATA()
                0x00000000c002407a                ATA::flush(bool)
                0x00000000c00240c4                ATA::readyForCommand()
                0x00000000c0024114                ATA::access(unsigned long long, int, void*, bool)
                0x00000000c002449c                ATA::read(unsigned long long, int, void*)
                0x00000000c0024504                ATA::write(unsigned long long, int, void*)
                0x00000000c002456c                ATA::detectCHS()
                0x00000000c0024596                ATA::open(int, int, void*)
 .text          0x00000000c0024662      0x5bd hw/diskphys/atapi.32
                0x00000000c0024662                ATAPI::write(unsigned long long, int, void*)
                0x00000000c0024668                ATAPI::close(int, int, void*)
                0x00000000c002468c                ATAPI::ATAPI()
                0x00000000c002468c                ATAPI::ATAPI()
                0x00000000c00246ba                ATAPI::readyForCommand()
                0x00000000c002470a                ATAPI::sendPacket(unsigned char*, int, bool, unsigned short*, int)
                0x00000000c00249ca                ATAPI::diskRemoved()
                0x00000000c00249e6                ATAPI::eject()
                0x00000000c0024a2e                ATAPI::diskInserted()
                0x00000000c0024a5c                ATAPI::detectMedia()
                0x00000000c0024b18                ATAPI::open(int, int, void*)
                0x00000000c0024ba0                ATAPI::read(unsigned long long, int, void*)
 *fill*         0x00000000c0024c1f        0x1 
 .text          0x00000000c0024c20      0x455 hw/diskphys/sata.32
                0x00000000c0024c20                SATA::close(int, int, void*)
                0x00000000c0024c44                SATA::powerSaving(PowerSavingLevel)
                0x00000000c0024c46                SATA::open(int, int, void*)
                0x00000000c0024cf4                SATA::SATA()
                0x00000000c0024cf4                SATA::SATA()
                0x00000000c0024d22                SATA::access(unsigned long long, int, void*, bool)
                0x00000000c0024f88                SATA::read(unsigned long long, int, void*)
                0x00000000c0024ff0                SATA::write(unsigned long long, int, void*)
 *fill*         0x00000000c0025075        0x1 
 .text          0x00000000c0025076      0x500 hw/diskphys/satapi.32
                0x00000000c0025076                SATAPI::write(unsigned long long, int, void*)
                0x00000000c002507c                SATAPI::close(int, int, void*)
                0x00000000c00250a0                SATAPI::SATAPI()
                0x00000000c00250a0                SATAPI::SATAPI()
                0x00000000c00250ce                SATAPI::diskRemoved()
                0x00000000c00250ea                SATAPI::diskInserted()
                0x00000000c0025118                SATAPI::sendPacket(unsigned char*, int, unsigned long long, unsigned short*, int)
                0x00000000c002531c                SATAPI::eject()
                0x00000000c0025364                SATAPI::detectMedia()
                0x00000000c0025426                SATAPI::open(int, int, void*)
                0x00000000c00254d4                SATAPI::read(unsigned long long, int, void*)
 .text          0x00000000c0025576       0x8e hw/fpu/avx.32
                0x00000000c0025576                AVX::open(int, int, void*)
                0x00000000c0025588                AVX::close(int, int, void*)
                0x00000000c002559a                AVX::available()
                0x00000000c00255ac                AVX::save(void*)
                0x00000000c00255c4                AVX::load(void*)
                0x00000000c00255dc                AVX::AVX()
                0x00000000c00255dc                AVX::AVX()
 .text          0x00000000c0025604       0x90 hw/fpu/mmx.32
                0x00000000c0025604                MMX::available()
                0x00000000c0025618                MMX::open(int, int, void*)
                0x00000000c002562a                MMX::close(int, int, void*)
                0x00000000c002563c                MMX::save(void*)
                0x00000000c0025654                MMX::load(void*)
                0x00000000c002566c                MMX::MMX()
                0x00000000c002566c                MMX::MMX()
 .text          0x00000000c0025694       0x96 hw/fpu/sse.32
                0x00000000c0025694                SSE::open(int, int, void*)
                0x00000000c00256a6                SSE::close(int, int, void*)
                0x00000000c00256b8                SSE::available()
                0x00000000c00256d2                SSE::save(void*)
                0x00000000c00256ea                SSE::load(void*)
                0x00000000c0025702                SSE::SSE()
                0x00000000c0025702                SSE::SSE()
 .text          0x00000000c002572a       0x8e hw/fpu/x87.32
                0x00000000c002572a                x87::open(int, int, void*)
                0x00000000c002573c                x87::close(int, int, void*)
                0x00000000c002574e                x87::available()
                0x00000000c0025760                x87::save(void*)
                0x00000000c0025778                x87::load(void*)
                0x00000000c0025790                x87::x87()
                0x00000000c0025790                x87::x87()
 .text          0x00000000c00257b8      0x71e hw/intctrl/apic.32
                0x00000000c00257b8                APIC::disable()
                0x00000000c00257ba                APIC::close(int, int, void*)
                0x00000000c00257dc                IOAPIC::close(int, int, void*)
                0x00000000c00257e2                APIC::io_wait()
                0x00000000c00257e8                APIC::getBase()
                0x00000000c002582a                APIC::eoi(unsigned char)
                0x00000000c0025858                APIC::open(int, int, void*)
                0x00000000c00259a6                IOAPIC::IOAPIC()
                0x00000000c00259a6                IOAPIC::IOAPIC()
                0x00000000c00259ce                APIC::APIC()
                0x00000000c00259ce                APIC::APIC()
                0x00000000c0025aaa                IOAPIC::handlesGSIWithNumber(unsigned int)
                0x00000000c0025adc                IOAPIC::read(int)
                0x00000000c0025b04                IOAPIC::open(int, int, void*)
                0x00000000c0025bfa                IOAPIC::write(int, int)
                0x00000000c0025c26                IOAPIC::redirect(unsigned char, unsigned long long, unsigned char, bool, bool)
                0x00000000c0025d20                APIC::installIRQHandler(int, void (*)(regs*, void*), bool, void*)
 .text          0x00000000c0025ed6      0x3d3 hw/intctrl/pic.32
                0x00000000c0025ed6                PIC::disable()
                0x00000000c0025f04                PIC::close(int, int, void*)
                0x00000000c0025f26                PIC::PIC()
                0x00000000c0025f26                PIC::PIC()
                0x00000000c0025ffc                PIC::ioWait()
                0x00000000c0026002                PIC::getIRQReg(int)
                0x00000000c002606c                PIC::eoi(unsigned char)
                0x00000000c00260fe                PIC::remap()
                0x00000000c002626a                PIC::open(int, int, void*)
 *fill*         0x00000000c00262a9        0x1 
 .text          0x00000000c00262aa      0x25e hw/timer/apictimer.32
                0x00000000c00262aa                APICTimer::close(int, int, void*)
                0x00000000c00262b0                apicTimerHandler(regs*, void*)
                0x00000000c00262de                APICTimer::write(int)
                0x00000000c00263e2                APICTimer::open(int, int, void*)
                0x00000000c00264e0                APICTimer::APICTimer()
                0x00000000c00264e0                APICTimer::APICTimer()
 .text          0x00000000c0026508      0x1a7 hw/timer/pit.32
                0x00000000c0026508                PIT::write(int)
                0x00000000c0026586                pitHandler(regs*, void*)
                0x00000000c00265b2                PIT::open(int, int, void*)
                0x00000000c0026600                PIT::close(int, int, void*)
                0x00000000c0026630                PIT::PIT()
                0x00000000c0026630                PIT::PIT()
 *fill*         0x00000000c00266af        0x1 
 .text          0x00000000c00266b0       0x1e hw/fpu/x86/avx.32
                0x00000000c00266b0                avxDetect
                0x00000000c00266b6                avxSave
                0x00000000c00266b7                avxLoad
                0x00000000c00266b8                avxInit
                0x00000000c00266b9                avxClose
                0x00000000c00266ba                wouldSheSayYes
 *fill*         0x00000000c00266ce        0x2 
 .text          0x00000000c00266d0       0x35 hw/fpu/x86/sse.32
                0x00000000c00266d0                absolutelyNoChanceInHell
                0x00000000c00266d0                sseDetect
                0x00000000c00266e8                sseSave
                0x00000000c00266ee                sseLoad
                0x00000000c00266f4                sseInit
                0x00000000c0026704                sseClose
 *fill*         0x00000000c0026705        0xb 
 .text          0x00000000c0026710       0x47 hw/fpu/x86/x87.32
                0x00000000c0026716                x87Detect
                0x00000000c0026731                x87Save
                0x00000000c0026737                x87Load
                0x00000000c002673c                x87Init
                0x00000000c0026756                x87Close
 *fill*         0x00000000c0026757        0x1 
 .text          0x00000000c0026758       0x25 /cygdrive/d/Users/Alex/Desktop/Toolchain/Output/bin/../lib/gcc/i386-banana/8.1.0/crtend.o
 .text          0x00000000c002677d        0x0 crtn.32
 *fill*         0x00000000c002677d        0x3 
 .text          0x00000000c0026780      0x14b /cygdrive/d/Users/Alex/Desktop/Toolchain/Output/bin/../lib/gcc/i386-banana/8.1.0/libkgcc.a(_divdi3.o)
                0x00000000c0026780                __divdi3
 *fill*         0x00000000c00268cb        0x1 
 .text          0x00000000c00268cc      0x17e /cygdrive/d/Users/Alex/Desktop/Toolchain/Output/bin/../lib/gcc/i386-banana/8.1.0/libkgcc.a(_moddi3.o)
                0x00000000c00268cc                __moddi3
 *fill*         0x00000000c0026a4a        0x2 
 .text          0x00000000c0026a4c       0xff /cygdrive/d/Users/Alex/Desktop/Toolchain/Output/bin/../lib/gcc/i386-banana/8.1.0/libkgcc.a(_udivdi3.o)
                0x00000000c0026a4c                __udivdi3
 *fill*         0x00000000c0026b4b        0x1 
 .text          0x00000000c0026b4c      0x11a /cygdrive/d/Users/Alex/Desktop/Toolchain/Output/bin/../lib/gcc/i386-banana/8.1.0/libkgcc.a(_umoddi3.o)
                0x00000000c0026b4c                __umoddi3
 .text          0x00000000c0026c66      0x96d D:/Users/Alex/Desktop/Banana/kernel/libsoftfp.a(sfieeelib.o)
                0x00000000c0026c66                __addsf3
                0x00000000c0026f68                __subsf3
                0x00000000c0026f7c                __negsf2
                0x00000000c0026f89                __mulsf3
                0x00000000c002714c                __divsf3
                0x00000000c0027377                __floatsisf
                0x00000000c00273eb                __floatunsisf
                0x00000000c002742d                __fixsfsi
                0x00000000c002748f                __fixunssfsi
                0x00000000c00274c0                __cmpsf2
                0x00000000c0027555                __eqsf2
                0x00000000c0027590                __nesf2