Archive member included to satisfy reference by file (symbol)

/cygdrive/d/Users/Alex/Desktop/Toolchain/Output/bin/../lib/gcc/i386-banana/8.1.0/libkgcc.a(_divdi3.o)
                              fs/fat/ff.32 (__divdi3)
/cygdrive/d/Users/Alex/Desktop/Toolchain/Output/bin/../lib/gcc/i386-banana/8.1.0/libkgcc.a(_moddi3.o)
                              compat/resolve.32 (__moddi3)
/cygdrive/d/Users/Alex/Desktop/Toolchain/Output/bin/../lib/gcc/i386-banana/8.1.0/libkgcc.a(_udivdi3.o)
                              fs/fat/ff.32 (__udivdi3)
/cygdrive/d/Users/Alex/Desktop/Toolchain/Output/bin/../lib/gcc/i386-banana/8.1.0/libkgcc.a(_umoddi3.o)
                              compat/resolve.32 (__umoddi3)
D:/Users/Alex/Desktop/Banana/kernel/libsoftfp.a(sfieeelib.o)
                              hal/sound/sndhw.32 (__addsf3)
D:/Users/Alex/Desktop/Banana/kernel/libsoftfp.a(dfieeelib.o)
                              hal/libresample/src_linear.32 (__adddf3)
D:/Users/Alex/Desktop/Banana/kernel/libsoftfp.a(sfdfcvt.o)
                              hal/libresample/samplerate.32 (__truncdfsf2)
D:/Users/Alex/Desktop/Banana/kernel/libk/libm32.a(s_fabs.c.o)
                              hal/libresample/samplerate.32 (fabs)
D:/Users/Alex/Desktop/Banana/kernel/libk/libm32.a(s_lrint.S.o)
                              hal/libresample/samplerate.32 (lrint)
D:/Users/Alex/Desktop/Banana/kernel/libk/libm32.a(s_lrintf.S.o)
                              hal/sound/sndhw.32 (lrintf)

Discarded input sections

 .comment       0x0000000000000000       0x12 /cygdrive/d/Users/Alex/Desktop/Toolchain/Output/bin/../lib/gcc/i386-banana/8.1.0/crtbegin.o
 .comment       0x0000000000000000       0x12 acpica/utclib.32
 .comment       0x0000000000000000       0x12 core/malloc.32
 .comment       0x0000000000000000       0x12 libk/string.32
 .comment       0x0000000000000000       0x12 fs/fat/diskio.32
 .comment       0x0000000000000000       0x12 fs/fat/ff.32
 .comment       0x0000000000000000       0x12 fs/fat/ffsystem.32
 .comment       0x0000000000000000       0x12 fs/fat/ffunicode.32
 .comment       0x0000000000000000       0x12 hal/libresample/samplerate.32
 .comment       0x0000000000000000       0x12 hal/libresample/src_linear.32
 .comment       0x0000000000000000       0x12 hal/libresample/src_sinc.32
 .comment       0x0000000000000000       0x12 hal/libresample/src_zoh.32
 .comment       0x0000000000000000       0x12 compat/inlines.32
 .comment       0x0000000000000000       0x12 compat/resolve.32
 .group         0x0000000000000000       0x14 core/computer.32
 .group         0x0000000000000000        0xc core/computer.32
 .comment       0x0000000000000000       0x12 core/computer.32
 .comment       0x0000000000000000       0x12 core/gdt.32
 .group         0x0000000000000000        0xc core/idle.32
 .comment       0x0000000000000000       0x12 core/idle.32
 .comment       0x0000000000000000       0x12 core/idt.32
 .comment       0x0000000000000000       0x12 core/kheap.32
 .comment       0x0000000000000000       0x12 core/main.32
 .comment       0x0000000000000000       0x12 core/physmgr.32
 .group         0x0000000000000000        0xc core/pipe.32
 .comment       0x0000000000000000       0x12 core/pipe.32
 .group         0x0000000000000000        0xc core/terminal.32
 .comment       0x0000000000000000       0x12 core/terminal.32
 .comment       0x0000000000000000       0x12 core/tss.32
 .group         0x0000000000000000        0x8 core/unixfile.32
 .group         0x0000000000000000        0xc core/unixfile.32
 .group         0x0000000000000000        0xc core/unixfile.32
 .group         0x0000000000000000        0x8 core/unixfile.32
 .group         0x0000000000000000        0xc core/unixfile.32
 .group         0x0000000000000000        0x8 core/unixfile.32
 .group         0x0000000000000000        0xc core/unixfile.32
 .group         0x0000000000000000        0xc core/unixfile.32
 .comment       0x0000000000000000       0x12 core/unixfile.32
 .comment       0x0000000000000000       0x12 core/virtmgr.32
 .comment       0x0000000000000000       0x12 coreobjs/c++.32
 .comment       0x0000000000000000       0x12 dbg/kconsole.32
 .group         0x0000000000000000        0xc fs/vfs.32
 .group         0x0000000000000000        0xc fs/vfs.32
 .group         0x0000000000000000        0xc fs/vfs.32
 .comment       0x0000000000000000       0x12 fs/vfs.32
 .group         0x0000000000000000        0xc hal/bus.32
 .comment       0x0000000000000000       0x12 hal/bus.32
 .group         0x0000000000000000        0xc hal/buzzer.32
 .comment       0x0000000000000000       0x12 hal/buzzer.32
 .group         0x0000000000000000        0xc hal/clock.32
 .comment       0x0000000000000000       0x12 hal/clock.32
 .group         0x0000000000000000       0x14 hal/device.32
 .group         0x0000000000000000        0xc hal/device.32
 .group         0x0000000000000000        0xc hal/device.32
 .group         0x0000000000000000        0xc hal/device.32
[...]
Memory Configuration

Name             Origin             Length             Attributes
*default*        0x0000000000000000 0xffffffffffffffff

Linker script and memory map

LOAD D:/Users/Alex/Desktop/Banana/kernel/boot.32
LOAD crti.32
LOAD /cygdrive/d/Users/Alex/Desktop/Toolchain/Output/bin/../lib/gcc/i386-banana/8.1.0/crtbegin.o
LOAD D:/Users/Alex/Desktop/Banana/kernel/morenasm.32
LOAD acpica/utclib.32
LOAD core/malloc.32
LOAD libk/string.32
LOAD fs/fat/diskio.32
LOAD fs/fat/ff.32
LOAD fs/fat/ffsystem.32
LOAD fs/fat/ffunicode.32
LOAD hal/libresample/samplerate.32
LOAD hal/libresample/src_linear.32
LOAD hal/libresample/src_sinc.32
LOAD hal/libresample/src_zoh.32
LOAD compat/inlines.32
LOAD compat/resolve.32
LOAD core/computer.32
LOAD core/gdt.32
LOAD core/idle.32
LOAD core/idt.32
LOAD core/kheap.32
LOAD core/main.32
LOAD core/physmgr.32
LOAD core/pipe.32
LOAD core/terminal.32
LOAD core/tss.32
LOAD core/unixfile.32
LOAD core/virtmgr.32
LOAD coreobjs/c++.32
LOAD dbg/kconsole.32
LOAD fs/vfs.32
LOAD hal/bus.32
LOAD hal/buzzer.32
LOAD hal/clock.32
LOAD hal/device.32
LOAD hal/diskctrl.32
LOAD hal/diskphys.32
LOAD hal/fpu.32
LOAD hal/intctrl.32
LOAD hal/keybrd.32
LOAD hal/logidisk.32
LOAD hal/mouse.32
LOAD hal/partition.32
LOAD hal/serial.32
LOAD hal/timer.32
LOAD hal/vcache.32
LOAD hal/video.32
LOAD hw/acpi.32
LOAD hw/cpu.32
LOAD hw/ports.32
LOAD hw/smp.32
LOAD krnl/env.32
LOAD krnl/panic.32
LOAD net/ethernet.32
LOAD reg/registry.32
LOAD sys/sc_eject.32
LOAD sys/sc_exit.32
LOAD sys/sc_getcwd.32
LOAD sys/sc_getpid.32
LOAD sys/sc_getramdata.32
LOAD sys/sc_getvgaptr.32
LOAD sys/sc_loaddll.32
LOAD sys/sc_read.32
LOAD sys/sc_sbrk.32
LOAD sys/sc_setcwd.32
LOAD sys/sc_settime.32
LOAD sys/sc_timezone.32
LOAD sys/sc_write.32
LOAD sys/sc_wsbe.32
LOAD sys/sc_yield.32
LOAD sys/syscalls.32
LOAD thr/elf.32
LOAD thr/prcssthr.32
LOAD vm86/vm8086.32
LOAD vm86/x87em.32
LOAD fs/fat/vfslink.32
LOAD fs/iso9660/vfslink.32
LOAD hal/sound/sndchannel.32
LOAD hal/sound/sndhw.32
LOAD hw/bus/isa.32
LOAD hw/bus/pci.32
LOAD hw/diskctrl/ide.32
LOAD hw/diskctrl/satabus.32
LOAD hw/diskphys/ata.32
LOAD hw/diskphys/atapi.32
LOAD hw/diskphys/sata.32
LOAD hw/diskphys/satapi.32
LOAD hw/fpu/avx.32
LOAD hw/fpu/mmx.32
LOAD hw/fpu/sse.32
LOAD hw/fpu/x87.32
LOAD hw/intctrl/apic.32
LOAD hw/intctrl/pic.32
LOAD hw/timer/apictimer.32
LOAD hw/timer/pit.32
LOAD hw/fpu/x86/avx.32
LOAD hw/fpu/x86/sse.32
LOAD hw/fpu/x86/x87.32
LOAD /cygdrive/d/Users/Alex/Desktop/Toolchain/Output/bin/../lib/gcc/i386-banana/8.1.0/crtend.o
LOAD crtn.32
LOAD /cygdrive/d/Users/Alex/Desktop/Toolchain/Output/bin/../lib/gcc/i386-banana/8.1.0/libkgcc.a
LOAD D:/Users/Alex/Desktop/Banana/kernel/libsoftfp.a
LOAD D:/Users/Alex/Desktop/Banana/kernel/libk/libm32.a
                0x00000000c0000000                . = 0xc0000000

.text           0x00000000c0000000    0x29038
 *(.text)
 .text          0x00000000c0000000       0x41 D:/Users/Alex/Desktop/Banana/kernel/boot.32
                0x00000000c0000020                callGlobalConstructors
 .text          0x00000000c0000041        0x0 crti.32
 *fill*         0x00000000c0000041        0x3 
 .text          0x00000000c0000044      0x101 /cygdrive/d/Users/Alex/Desktop/Toolchain/Output/bin/../lib/gcc/i386-banana/8.1.0/crtbegin.o
 *fill*         0x00000000c0000145        0xb 
 .text          0x00000000c0000150      0x518 D:/Users/Alex/Desktop/Banana/kernel/morenasm.32
                0x00000000c0000150                manualPCIProbe
                0x00000000c000019b                prepareTramp
                0x00000000c00001b4                voodooXADD
                0x00000000c000027f                doTPAUSE
                0x00000000c0000289                hasLegacyFPU
                0x00000000c00002ae                is486
                0x00000000c00002e4                detectCPUID
                0x00000000c00002fa                goToVM86
                0x00000000c000032a                goToUsermode
                0x00000000c0000354                switchToThreadASMFirstTime
                0x00000000c0000362                switchToThreadASM
                0x00000000c00003f2                asmQuickAcquireLock
                0x00000000c0000410                asmQuickReleaseLock
                0x00000000c000041c                asmAcquireLock
                0x00000000c000043d                asmReleaseLock
                0x00000000c0000450                loadGDT
                0x00000000c0000470                isr0
                0x00000000c0000480                isr1
                0x00000000c000048a                isr2
                0x00000000c0000494                isr3
                0x00000000c000049e                isr4
                0x00000000c00004a8                isr5
                0x00000000c00004b2                isr6
                0x00000000c00004bc                isr7
                0x00000000c00004c6                isr8
                0x00000000c00004ce                isr9
                0x00000000c00004d8                isr10
                0x00000000c00004e0                isr11
                0x00000000c00004e8                isr12
                0x00000000c00004f0                isr13
                0x00000000c00004f8                isr14
                0x00000000c0000500                isr15
                0x00000000c000050a                isr16
                0x00000000c0000514                isr17
                0x00000000c000051e                isr18
                0x00000000c0000528                irq3
                0x00000000c0000532                irq4
                0x00000000c000053c                irq5
                0x00000000c0000546                irq6
                0x00000000c0000550                irq7
                0x00000000c000055a                irq8
                0x00000000c0000564                irq9
                0x00000000c000056e                irq10
                0x00000000c0000578                irq11
                0x00000000c0000582                irq12
                0x00000000c000058c                irq13
                0x00000000c0000596                irq14
                0x00000000c00005a0                irq15
                0x00000000c00005aa                irq1
                0x00000000c00005b1                irq2
                0x00000000c00005b8                isr96
                0x00000000c00005bf                irq0
                0x00000000c00005c4                int_common_stub
                0x00000000c00005c4                syscall_common_stub
                0x00000000c00005f6                irq16
                0x00000000c0000600                irq17
                0x00000000c000060a                irq18
                0x00000000c0000614                irq19
                0x00000000c000061e                irq20
                0x00000000c0000628                irq21
                0x00000000c0000632                irq22
                0x00000000c000063c                irq23
                0x00000000c0000646                hexStrToInt
                0x00000000c0000663                memcpy
 .text          0x00000000c0000668      0x5dd acpica/utclib.32
                0x00000000c0000668                memcmp
                0x00000000c00006a4                memmove
                0x00000000c000076c                memset
                0x00000000c0000788                strlen
                0x00000000c00007a0                strpbrk
                0x00000000c00007dc                strtok
                0x00000000c0000828                strcpy
                0x00000000c000084c                strncpy
                0x00000000c00008b4                strcmp
                0x00000000c00008f4                strchr
                0x00000000c0000918                strncmp
                0x00000000c0000968                strcat
                0x00000000c0000998                strncat
                0x00000000c00009d4                strstr
                0x00000000c0000a1c                toupper
                0x00000000c0000a30                tolower
                0x00000000c0000a44                simple_strtoul
 .text          0x00000000c0000c45      0xfad core/malloc.32
                0x00000000c0000db0                dlfree
                0x00000000c000110b                dlmalloc
                0x00000000c0001648                dlrealloc
                0x00000000c00017eb                dlmemalign
                0x00000000c000190e                dlcalloc
                0x00000000c00019a8                dlcfree
                0x00000000c00019ad                dlindependent_calloc
                0x00000000c00019d2                dlindependent_comalloc
                0x00000000c00019e9                dlvalloc
                0x00000000c0001a14                dlpvalloc
                0x00000000c0001a4a                dlmalloc_trim
                0x00000000c0001a57                dlmalloc_usable_size
                0x00000000c0001a88                dlmallinfo
                0x00000000c0001b57                dlmalloc_stats
                0x00000000c0001b68                dlmallopt
 .text          0x00000000c0001bf2        0x0 libk/string.32
 .text          0x00000000c0001bf2       0x51 fs/fat/diskio.32
                0x00000000c0001bf2                disk_status
                0x00000000c0001bf5                disk_initialize
                0x00000000c0001bf8                disk_read
                0x00000000c0001c0e                disk_write
                0x00000000c0001c24                disk_ioctl
 .text          0x00000000c0001c43     0x6833 fs/fat/ff.32
                0x00000000c0004f11                f_mount
                0x00000000c0004f73                f_open
                0x00000000c00053af                f_read
                0x00000000c000562f                f_write
                0x00000000c00058e9                f_sync
                0x00000000c0005ac5                f_close
                0x00000000c0005af4                f_lseek
                0x00000000c0005fab                f_opendir
                0x00000000c00060ad                f_closedir
                0x00000000c00060cf                f_readdir
                0x00000000c000616a                f_stat
                0x00000000c00061f9                f_getfree
                0x00000000c00063c4                f_truncate
                0x00000000c00064bc                f_unlink
                0x00000000c000663f                f_mkdir
                0x00000000c000686b                f_rename
                0x00000000c0006b5e                f_chmod
                0x00000000c0006c3c                f_utime
                0x00000000c0006d1a                f_getlabel
                0x00000000c0006f08                f_setlabel
                0x00000000c0007175                f_forward
                0x00000000c0007353                f_mkfs
 .text          0x00000000c0008476       0x2d fs/fat/ffsystem.32
                0x00000000c0008476                ff_memalloc
                0x00000000c000848c                ff_memfree
 .text          0x00000000c00084a3      0x253 fs/fat/ffunicode.32
                0x00000000c00084a3                ff_uni2oem
                0x00000000c0008533                ff_oem2uni
                0x00000000c000859f                ff_wtoupper
 .text          0x00000000c00086f6      0x8fb hal/libresample/samplerate.32
                0x00000000c000873a                src_delete
                0x00000000c0008776                src_process
                0x00000000c000892c                src_callback_read
                0x00000000c0008aa9                src_set_ratio
                0x00000000c0008b13                src_get_channels
                0x00000000c0008b35                src_reset
                0x00000000c0008b81                src_new
                0x00000000c0008c0f                src_callback_new
                0x00000000c0008c71                src_get_name
                0x00000000c0008ca8                src_get_description
                0x00000000c0008cdf                src_get_version
                0x00000000c0008ce5                src_is_valid_ratio
                0x00000000c0008d39                src_error
                0x00000000c0008d47                src_strerror
                0x00000000c0008d5a                src_simple
                0x00000000c0008dad                src_short_to_float_array
                0x00000000c0008e12                src_float_to_short_array
                0x00000000c0008ed1                src_int_to_float_array
                0x00000000c0008f34                src_float_to_int_array
 .text          0x00000000c0008ff1      0x8cb hal/libresample/src_linear.32
                0x00000000c0009817                linear_get_name
                0x00000000c0009826                linear_get_description
                0x00000000c0009835                linear_set_converter
 .text          0x00000000c00098bc     0x447c hal/libresample/src_sinc.32
                0x00000000c000dc4f                sinc_get_name
                0x00000000c000dc62                sinc_get_description
                0x00000000c000dc75                sinc_set_converter
 .text          0x00000000c000dd38      0x77c hal/libresample/src_zoh.32
                0x00000000c000e40f                zoh_get_name
                0x00000000c000e41e                zoh_get_description
                0x00000000c000e42d                zoh_set_converter
 .text          0x00000000c000e4b4       0xa7 compat/inlines.32
                0x00000000c000e4b4                CPU::current()
                0x00000000c000e4c0                operator new(unsigned long)
                0x00000000c000e4c5                operator delete(void*)
                0x00000000c000e4ca                disableIRQs()
                0x00000000c000e4d2                enableIRQs()
                0x00000000c000e4e1                lockScheduler()
                0x00000000c000e4e9                unlockScheduler()
                0x00000000c000e4f8                lockStuff()
                0x00000000c000e506                unlockStuff()
                0x00000000c000e540                Virt::getAKernelVAS()
                0x00000000c000e546                __not_memcpy
 .text          0x00000000c000e55b      0x111 compat/resolve.32
                0x00000000c000e55b                Krnl::resolveCompatibilitySymbol(char*)
 .text          0x00000000c000e66c      0xa63 core/computer.32
                0x00000000c000e66c                Computer::close(int, int, void*)
                0x00000000c000e6b0                Krnl::firstTask()
                0x00000000c000e7a0                Computer::Computer()
                0x00000000c000e7a0                Computer::Computer()
                0x00000000c000e8fc                Computer::setBootMessage(char const*)
                0x00000000c000e8fe                Computer::detectFeatures()
                0x00000000c000eb08                Computer::displayFeatures()
                0x00000000c000ee9a                Computer::rdmsr(unsigned int)
                0x00000000c000eec6                Computer::wrmsr(unsigned int, unsigned long long)
                0x00000000c000eefe                Computer::nmiEnabled()
                0x00000000c000ef0a                Computer::readCMOS(unsigned char)
                0x00000000c000ef24                Computer::enableNMI(bool)
                0x00000000c000ef3c                Computer::open(int, int, void*)
                0x00000000c000f012                Computer::disableNMI()
                0x00000000c000f020                Computer::writeCMOS(unsigned char, unsigned char)
                0x00000000c000f03e                Computer::handleNMI()
                0x00000000c000f0a4                Computer::setDiskActivityLight(int, bool)
 *fill*         0x00000000c000f0cf        0x1 
 .text          0x00000000c000f0d0      0x1b7 core/gdt.32
                0x00000000c000f0d0                GDTEntry::setBase(unsigned int)
                0x00000000c000f0ec                GDTEntry::setLimit(unsigned int)
                0x00000000c000f10a                GDT::GDT()
                0x00000000c000f10a                GDT::GDT()
                0x00000000c000f120                GDT::addEntry(GDTEntry)
                0x00000000c000f15c                GDT::getNumberOfEntries()
                0x00000000c000f164                GDT::flush()
                0x00000000c000f186                GDT::setup()
 .text          0x00000000c000f287       0x6b core/idle.32
                0x00000000c000f287                idleFunction(void*)
 .text          0x00000000c000f2f2      0x45e core/idt.32
                0x00000000c000f2f2                IDTEntry::IDTEntry(bool)
                0x00000000c000f2f2                IDTEntry::IDTEntry(bool)
                0x00000000c000f360                IDTEntry::setOffset(unsigned int)
                0x00000000c000f374                IDT::IDT()
                0x00000000c000f374                IDT::IDT()
                0x00000000c000f376                IDT::getPointerToInvalidOpcodeEntryForF00F()
                0x00000000c000f37e                IDT::addEntry(IDTEntry, int)
                0x00000000c000f398                IDT::addEntry(int, void (*)(), bool)
                0x00000000c000f3d0                IDT::flush()
                0x00000000c000f3ea                IDT::setup()
 .text          0x00000000c000f750      0x1fe core/kheap.32
                0x00000000c000f750                sbrk
                0x00000000c000f85d                mmap
                0x00000000c000f873                munmap
                0x00000000c000f889                liballoc_lock()
                0x00000000c000f896                liballoc_unlock()
                0x00000000c000f8aa                liballoc_alloc(int)
                0x00000000c000f8c5                liballoc_free(void*, int)
                0x00000000c000f8e0                realloc
                0x00000000c000f8f4                malloc
                0x00000000c000f904                free
                0x00000000c000f914                rfree
                0x00000000c000f924                calloc
 .text          0x00000000c000f94e      0x44f core/main.32
                0x00000000c000f94e                hwTextMode_loadInData(VgaText*)
                0x00000000c000f993                hwTextMode_loadInTitle(VgaText*, char*)
                0x00000000c000f9ff                hwTextMode_showCursor(VgaText*, bool)
                0x00000000c000fa5a                hwTextMode_update(VgaText*)
                0x00000000c000fa5b                hwTextMode_updateCursor(VgaText*)
                0x00000000c000faa3                hwTextMode_disableBlink(VgaText*, bool)
                0x00000000c000fae9                hwTextMode_scrollScreen(VgaText*)
                0x00000000c000fb8a                hwTextMode_writeCharacter(VgaText*, char, VgaColour, VgaColour, int, int)
                0x00000000c000fc09                setupTextMode()
                0x00000000c000fc79                kernel_main
 .text          0x00000000c000fd9d      0x56c core/physmgr.32
                0x00000000c000fd9d                Phys::allocateDMA(unsigned long)
                0x00000000c000fe40                Phys::freeDMA(unsigned long, unsigned long)
                0x00000000c000fe88                Phys::setPageState(unsigned long, bool)
                0x00000000c000feba                Phys::getPageState(unsigned long)
                0x00000000c000fed6                Phys::freePage(unsigned long)
                0x00000000c000ff60                Phys::allocatePage()
                0x00000000c0010045                Phys::allocateContiguousPages(int)
                0x00000000c00100a1                Phys::allowSegmentToBeUsed(unsigned long, unsigned long)
                0x00000000c00100d9                Phys::physicalMemorySetup(unsigned int)
 *fill*         0x00000000c0010309        0x1 
 .text          0x00000000c001030a      0x273 core/pipe.32
                0x00000000c001030a                Pipe::isAtty()
                0x00000000c001030e                Pipe::~Pipe()
                0x00000000c001030e                Pipe::~Pipe()
                0x00000000c0010332                Pipe::~Pipe()
                0x00000000c001035a                Pipe::read(unsigned long long, void*, int*)
                0x00000000c0010456                Pipe::write(unsigned long long, void*, int*)
                0x00000000c0010516                Pipe::Pipe(int)
                0x00000000c0010516                Pipe::Pipe(int)
 *fill*         0x00000000c001057d        0x1 
 .text          0x00000000c001057e      0xe4b core/terminal.32
                0x00000000c001057e                VgaText::isAtty()
                0x00000000c0010582                VgaText::~VgaText()
                0x00000000c0010582                VgaText::~VgaText()
                0x00000000c00105a6                VgaText::~VgaText()
                0x00000000c00105d0                VgaText::read(unsigned long long, void*, int*)
                0x00000000c00105f0                setTerminalScrollLock(bool)
                0x00000000c00105f1                addToTerminalCycle(VgaText*)
                0x00000000c0010612                installVgaTextImplementation()
                0x00000000c0010627                scrollTerminalScrollLock(int)
                0x00000000c0010628                VgaText::load()
                0x00000000c0010676                VgaText::updateCursor()
                0x00000000c001068c                VgaText::showCursor(bool)
                0x00000000c0010698                VgaText::disableBlink(bool)
                0x00000000c00106cc                VgaText::doANSI_SGR(int)
                0x00000000c0010740                VgaText::setDefaultBgColour(VgaColour)
                0x00000000c0010750                VgaText::setDefaultFgColour(VgaColour)
                0x00000000c0010760                VgaText::setDefaultColours(VgaColour, VgaColour)
                0x00000000c0010780                VgaText::combineColours(unsigned char, unsigned char)
                0x00000000c0010792                VgaText::scrollScreen()
                0x00000000c0010826                VgaText::combineCharAndColour(char, unsigned char)
                0x00000000c0010838                VgaText::writeCharacter(char, VgaColour, VgaColour, int, int)
                0x00000000c0010894                VgaText::getCursorX()
                0x00000000c001089c                VgaText::getCursorY()
                0x00000000c00108a4                VgaText::setCursor(int, int)
                0x00000000c00108bc                VgaText::setCursorX(int)
                0x00000000c00108d4                VgaText::setCursorY(int)
                0x00000000c00108ec                VgaText::incrementCursor(bool)
                0x00000000c0010940                VgaText::updateRAMUsageDisplay(int)
                0x00000000c00109a4                VgaText::updateDiskUsage()
                0x00000000c0010b0e                VgaText::updateTitle()
                0x00000000c0010b52                VgaText::setTitleTextColour(VgaColour)
                0x00000000c0010b60                VgaText::setTitleColour(VgaColour)
                0x00000000c0010b6e                VgaText::setTitle(char*)
                0x00000000c0010b94                VgaText::decrementCursor(bool)
                0x00000000c0010bb6                VgaText::putchar(char, VgaColour, VgaColour)
                0x00000000c0010c8e                VgaText::isShowingCursor()
                0x00000000c0010c96                VgaText::isBlinkDisabled()
                0x00000000c0010ca2                VgaText::setCursorHeight(int)
                0x00000000c0010cba                VgaText::getCursorHeight()
                0x00000000c0010cc2                setActiveTerminal(VgaText*)
                0x00000000c0010d68                doTerminalCycle()
                0x00000000c0010d82                VgaText::doUpdate()
                0x00000000c0010d90                VgaText::puts(char const*, VgaColour, VgaColour)
                0x00000000c0010f08                VgaText::clearScreen()
                0x00000000c0010f62                VgaText::putchar(char)
                0x00000000c001104e                VgaText::puts(char const*)
                0x00000000c0011074                VgaText::putx(unsigned int)
                0x00000000c00110ba                VgaText::VgaText(char const*)
                0x00000000c00110ba                VgaText::VgaText(char const*)
                0x00000000c0011268                VgaText::receiveKey(unsigned char)
                0x00000000c0011350                VgaText::write(unsigned long long, void*, int*)
                0x00000000c00113a4                newTerminal(char*)
 *fill*         0x00000000c00113c9        0x1 
 .text          0x00000000c00113ca      0x1b3 core/tss.32
                0x00000000c00113ca                TSS::TSS()
                0x00000000c00113ca                TSS::TSS()
                0x00000000c00113d8                TSS::setESP(unsigned long)
                0x00000000c00113ea                TSS::flush()
                0x00000000c001140a                TSS::setup(unsigned long, unsigned long)
 *fill*         0x00000000c001157d        0x1 
 .text          0x00000000c001157e      0x4c2 core/unixfile.32
                0x00000000c001157e                ReservedFilename::read(unsigned long long, void*, int*)
                0x00000000c00115d4                ReservedFilename::isAtty()
                0x00000000c00115f0                ReservedFilename::write(unsigned long long, void*, int*)
                0x00000000c001164e                UnixFile::getFileDescriptor()
                0x00000000c0011656                UnixFile::UnixFile(int)
                0x00000000c0011656                UnixFile::UnixFile(int)
                0x00000000c0011806                ReservedFilename::ReservedFilename(int)
                0x00000000c0011806                ReservedFilename::ReservedFilename(int)
                0x00000000c0011838                UnixFile::~UnixFile()
                0x00000000c0011838                UnixFile::~UnixFile()
                0x00000000c00118d0                UnixFile::~UnixFile()
                0x00000000c00118f8                ReservedFilename::~ReservedFilename()
                0x00000000c00118f8                ReservedFilename::~ReservedFilename()
                0x00000000c001191c                ReservedFilename::~ReservedFilename()
                0x00000000c0011943                getFromFileDescriptor(int)
 .text          0x00000000c0011a40     0x12f9 core/virtmgr.32
                0x00000000c0011a40                Virt::setPageState(unsigned long, Virt::VirtPageState)
                0x00000000c0011a75                Virt::getPageState(unsigned long)
                0x00000000c0011a99                Virt::allocateKernelVirtualPages(int)
                0x00000000c0011baa                Virt::freeSwapfilePage(unsigned long)
                0x00000000c0011bc8                Virt::swapIDToSector(unsigned long)
                0x00000000c0011bda                Virt::allocateSwapfilePage()
                0x00000000c0011c58                Virt::virtualMemorySetup()
                0x00000000c0011cd7                Virt::swappingSetup()
                0x00000000c0011cd8                Virt::setupPageSwapping(int)
                0x00000000c0011ea4                VAS::VAS()
                0x00000000c0011ea4                VAS::VAS()
                0x00000000c0011ee0                VAS::VAS(VAS*)
                0x00000000c0011ee0                VAS::VAS(VAS*)
                0x00000000c0011f0e                VAS::getForeignPageTableEntry(bool, unsigned long)
                0x00000000c0011f3a                VAS::getPageTableEntry(unsigned long)
                0x00000000c0011f59                Virt::freeKernelVirtualPages(unsigned long)
                0x00000000c001207c                VAS::freeAllocatedPages(unsigned long)
                0x00000000c00120a0                VAS::virtualToPhysical(unsigned long)
                0x00000000c00120b8                VAS::reflagRange(unsigned long, int, int, int)
                0x00000000c00120f8                VAS::setToWriteCombining(unsigned long, int)
                0x00000000c001212a                VAS::mapOtherVASIn(bool, VAS*)
                0x00000000c0012154                VAS::~VAS()
                0x00000000c0012154                VAS::~VAS()
                0x00000000c00122d0                VAS::mapPage(unsigned long, unsigned long, int)
                0x00000000c00123d2                VAS::allocatePages(int, int)
                0x00000000c00125aa                VAS::setCPUSpecific(unsigned long)
                0x00000000c00125c6                VAS::mapRange(unsigned long, unsigned long, int, int)
                0x00000000c001268c                VAS::mapForeignPage(bool, VAS*, unsigned long, unsigned long, int)
                0x00000000c001277a                VAS::VAS(bool)
                0x00000000c001277a                VAS::VAS(bool)
                0x00000000c00129fa                VAS::evict(unsigned long)
                0x00000000c0012abc                VAS::tryLoadBackOffDisk(unsigned long)
                0x00000000c0012bcc                VAS::scanForEviction()
                0x00000000c0012c7d                mapVASFirstTime
 .text          0x00000000c0012d39       0x95 coreobjs/c++.32
                0x00000000c0012d39                __cxa_atexit
                0x00000000c0012d3c                __cxa_finalize
                0x00000000c0012d3d                __stack_chk_fail
                0x00000000c0012da9                __cxa_pure_virtual
                0x00000000c0012dba                operator new[](unsigned long)
                0x00000000c0012dbf                operator delete(void*, unsigned long)
                0x00000000c0012dc4                operator delete[](void*)
                0x00000000c0012dc9                operator delete[](void*, unsigned long)
 .text          0x00000000c0012dce      0x1ef dbg/kconsole.32
                0x00000000c0012dce                Dbg::stringifyxWithBase(unsigned int, char*, int)
                0x00000000c0012e2f                Dbg::logc(char)
                0x00000000c0012e46                Dbg::logs(char*)
                0x00000000c0012e63                Dbg::logWriteInt(unsigned int)
                0x00000000c0012e80                Dbg::logWriteIntBase(unsigned int, int)
                0x00000000c0012e9f                Dbg::kprintf(char const*, ...)
 *fill*         0x00000000c0012fbd        0x1 
 .text          0x00000000c0012fbe      0xb82 fs/vfs.32
                0x00000000c0012fbe                File::read(unsigned long long, void*, int*)
                0x00000000c0013016                File::write(unsigned long long, void*, int*)
                0x00000000c001306e                Directory::read(unsigned long long, void*, int*)
                0x00000000c00130c6                Directory::write(unsigned long long, void*, int*)
                0x00000000c00130f4                File::isAtty()
                0x00000000c00130f8                Directory::isAtty()
                0x00000000c00130fc                Filesystem::getlabel(LogicalDisk*, int, char*, unsigned int*)
                0x00000000c0013102                Filesystem::setlabel(LogicalDisk*, int, char*)
                0x00000000c0013108                Filesystem::getFileFirstSector(char const*)
                0x00000000c001310e                File::~File()
                0x00000000c001310e                File::~File()
                0x00000000c0013132                File::~File()
                0x00000000c001315c                Directory::~Directory()
                0x00000000c001315c                Directory::~Directory()
                0x00000000c0013180                Directory::~Directory()
                0x00000000c00131aa                Filesystem::Filesystem()
                0x00000000c00131aa                Filesystem::Filesystem()
                0x00000000c00131ce                Filesystem::~Filesystem()
                0x00000000c00131ce                Filesystem::~Filesystem()
                0x00000000c00131dc                Filesystem::~Filesystem()
                0x00000000c0013200                Fs::getcwd(Process*, char*, int)
                0x00000000c001322a                Fs::initVFS()
                0x00000000c0013254                Fs::standardiseFiles(char*, char const*, char const*)
                0x00000000c00133fe                File::File(char const*, Process*)
                0x00000000c00133fe                File::File(char const*, Process*)
                0x00000000c0013462                File::open(FileOpenMode)
                0x00000000c00134c0                File::close()
                0x00000000c0013520                File::seek(unsigned long long)
                0x00000000c0013576                File::tell(unsigned long long*)
                0x00000000c00135c6                File::rewind()
                0x00000000c00135da                File::unlink()
                0x00000000c0013626                File::rename(char const*)
                0x00000000c0013674                File::chfatattr(unsigned char, unsigned char)
                0x00000000c00136d0                File::exists()
                0x00000000c001370e                File::stat(unsigned long long*, bool*)
                0x00000000c001376f                Fs::setcwd(Process*, char*)
                0x00000000c00138aa                Directory::Directory(char const*, Process*)
                0x00000000c00138aa                Directory::Directory(char const*, Process*)
                0x00000000c001390e                Directory::open()
                0x00000000c001396a                Directory::close()
                0x00000000c00139ca                Directory::unlink()
                0x00000000c0013a16                Directory::rename(char const*)
                0x00000000c0013a64                Directory::exists()
                0x00000000c0013aa2                Directory::read(dirent*)
                0x00000000c0013aee                Directory::create()
                0x00000000c0013b3a                Filesystem::chfatattr(char const*, unsigned char, unsigned char)
 .text          0x00000000c0013b40       0x84 hal/bus.32
                0x00000000c0013b40                Bus::Bus(char const*)
                0x00000000c0013b40                Bus::Bus(char const*)
                0x00000000c0013b76                Bus::~Bus()
                0x00000000c0013b76                Bus::~Bus()
                0x00000000c0013b9a                Bus::~Bus()
 .text          0x00000000c0013bc4      0x156 hal/buzzer.32
                0x00000000c0013bc4                Buzzer::Buzzer(char const*)
                0x00000000c0013bc4                Buzzer::Buzzer(char const*)
                0x00000000c0013c08                Buzzer::~Buzzer()
                0x00000000c0013c08                Buzzer::~Buzzer()
                0x00000000c0013c2c                Buzzer::~Buzzer()
                0x00000000c0013c56                Buzzer::stop()
                0x00000000c0013c69                beepThread(void*)
                0x00000000c0013cac                Buzzer::beep(int, int, bool)
 .text          0x00000000c0013d1a      0x467 hal/clock.32
                0x00000000c0013d1a                User::loadClockSettings(int)
                0x00000000c0013d6c                Clock::Clock(char const*)
                0x00000000c0013d6c                Clock::Clock(char const*)
                0x00000000c0013da2                Clock::~Clock()
                0x00000000c0013da2                Clock::~Clock()
                0x00000000c0013dc6                Clock::~Clock()
                0x00000000c0013df0                Clock::timeInSecondsLocal()
                0x00000000c0013e38                Clock::setTimeInSecondsLocal(unsigned long long)
                0x00000000c0013e91                datetimeToSeconds(datetime_t)
                0x00000000c0013fb8                Clock::setTimeInDatetimeLocal(datetime_t)
                0x00000000c0014018                secondsToDatetime(unsigned long long)
                0x00000000c001415c                Clock::timeInDatetimeLocal()
 *fill*         0x00000000c0014181        0x1 
 .text          0x00000000c0014182      0x4d8 hal/device.32
                0x00000000c0014182                Device::hibernate()
                0x00000000c0014184                Device::wake()
                0x00000000c0014186                Device::detect()
                0x00000000c0014188                Device::disableLegacy()
                0x00000000c001418a                Device::powerSaving(PowerSavingLevel)
                0x00000000c001418c                DriverlessDevice::close(int, int, void*)
                0x00000000c0014190                DriverlessDevice::detect()
                0x00000000c0014192                DriverlessDevice::open(int, int, void*)
                0x00000000c00141a6                Device::~Device()
                0x00000000c00141a6                Device::~Device()
                0x00000000c00141b4                Device::~Device()
                0x00000000c00141dc                Device::findAndLoadDriver()
                0x00000000c00141de                Device::preOpenPCI(PCIDeviceInfo)
                0x00000000c0014204                Device::preOpenACPI(void*, char*, char*)
                0x00000000c0014244                Device::addIRQHandler(int, void (*)(regs*, void*), bool, void*)
                0x00000000c0014282                Device::removeIRQHandler(int, void (*)(regs*, void*), bool)
                0x00000000c00142c0                Device::addChild(Device*)
                0x00000000c0014304                Device::removeAllChildren()
                0x00000000c001434a                Device::hibernateAll()
                0x00000000c001437a                Device::wakeAll()
                0x00000000c00143aa                Device::detectAll()
                0x00000000c00143da                Device::disableLegacyAll()
                0x00000000c001440a                Device::loadDriversForAll()
                0x00000000c0014436                Device::closeAll()
                0x00000000c001446c                Device::powerSavingAll(PowerSavingLevel)
                0x00000000c00144a2                Device::setName(char const*)
                0x00000000c00144b0                Device::Device(char const*)
                0x00000000c00144b0                Device::Device(char const*)
                0x00000000c00145ac                Device::getName()
                0x00000000c00145b6                DriverlessDevice::DriverlessDevice(char const*)
                0x00000000c00145b6                DriverlessDevice::DriverlessDevice(char const*)
                0x00000000c00145ec                Device::addToLinkedList(LinkedList<Device>&, DeviceType)
                0x00000000c0014630                getDevicesOfType(DeviceType)
 .text          0x00000000c001465a       0x84 hal/diskctrl.32
                0x00000000c001465a                HardDiskController::HardDiskController(char const*)
                0x00000000c001465a                HardDiskController::HardDiskController(char const*)
                0x00000000c0014690                HardDiskController::~HardDiskController()
                0x00000000c0014690                HardDiskController::~HardDiskController()
                0x00000000c00146b4                HardDiskController::~HardDiskController()
 .text          0x00000000c00146de       0xf2 hal/diskphys.32
                0x00000000c00146de                PhysicalDisk::eject()
                0x00000000c00146f2                PhysicalDisk::PhysicalDisk(char const*, int)
                0x00000000c00146f2                PhysicalDisk::PhysicalDisk(char const*, int)
                0x00000000c001475a                PhysicalDisk::startCache()
                0x00000000c0014782                PhysicalDisk::~PhysicalDisk()
                0x00000000c0014782                PhysicalDisk::~PhysicalDisk()
                0x00000000c00147a6                PhysicalDisk::~PhysicalDisk()
 .text          0x00000000c00147d0      0x13b hal/fpu.32
                0x00000000c00147d0                FPU::FPU(char const*)
                0x00000000c00147d0                FPU::FPU(char const*)
                0x00000000c0014806                FPU::~FPU()
                0x00000000c0014806                FPU::~FPU()
                0x00000000c001482a                FPU::~FPU()
                0x00000000c0014854                setupFPU()
 *fill*         0x00000000c001490b        0x1 
 .text          0x00000000c001490c     0x1439 hal/intctrl.32
                0x00000000c001490c                InterruptController::uninstallISRHandler(int, void (*)(regs*, void*))
                0x00000000c0014944                InterruptController::installISRHandler(int, void (*)(regs*, void*), void*)
                0x00000000c0014996                doubleFault(regs*, void*)
                0x00000000c00149b0                InterruptController::installIRQHandler(int, void (*)(regs*, void*), bool, void*)
                0x00000000c0014a4c                InterruptController::clearAllHandlers(int, bool)
                0x00000000c0014af4                InterruptController::uninstallIRQHandler(int, void (*)(regs*, void*), bool)
                0x00000000c0014b7b                nmiHandler(regs*, void*)
                0x00000000c0014b89                int_handler
                0x00000000c0014c2a                InterruptController::InterruptController(char const*)
                0x00000000c0014c2a                InterruptController::InterruptController(char const*)
                0x00000000c0014cd0                InterruptController::~InterruptController()
                0x00000000c0014cd0                InterruptController::~InterruptController()
                0x00000000c0014cf4                InterruptController::~InterruptController()
                0x00000000c0014d1e                displayDebugInfo(regs*)
                0x00000000c00151ad                x87EmulHandler(regs*, void*)
                0x00000000c0015220                gpFault(regs*, void*)
                0x00000000c0015259                pgFault(regs*, void*)
                0x00000000c0015295                otherISRHandler(regs*, void*)
                0x00000000c00152b4                opcodeFault(regs*, void*)
                0x00000000c00158d1                displayProgramFault(char const*)
                0x00000000c00158f9                setupInterruptController()
                0x00000000c0015cf8                InterruptController::convertLegacyIRQNumber(int)
 *fill*         0x00000000c0015d45        0x1 
 .text          0x00000000c0015d46      0x794 hal/keybrd.32
                0x00000000c0015d46                startGUI(void*)
                0x00000000c0015db2                startGUIVESA(void*)
                0x00000000c0015e1e                sendKeyToTerminal(unsigned char)
                0x00000000c0015edc                sendKeyboardToken(KeyboardToken)
                0x00000000c0016319                clearInternalKeybuffer(VgaText*)
                0x00000000c001634e                readKeyboard(VgaText*, char*, unsigned long)
                0x00000000c0016450                Keyboard::Keyboard(char const*)
                0x00000000c0016450                Keyboard::Keyboard(char const*)
                0x00000000c001648c                Keyboard::~Keyboard()
                0x00000000c001648c                Keyboard::~Keyboard()
                0x00000000c00164b0                Keyboard::~Keyboard()
 .text          0x00000000c00164da      0x414 hal/logidisk.32
                0x00000000c00164da                LogicalDisk::close(int, int, void*)
                0x00000000c00164de                LogicalDisk::~LogicalDisk()
                0x00000000c00164de                LogicalDisk::~LogicalDisk()
                0x00000000c0016502                LogicalDisk::~LogicalDisk()
                0x00000000c001652c                LogicalDisk::open(int, int, void*)
                0x00000000c0016540                LogicalDisk::absoluteToRelative(unsigned long long)
                0x00000000c0016578                LogicalDisk::relativeToAbsolute(unsigned long long)
                0x00000000c00165be                LogicalDisk::LogicalDisk(char const*, PhysicalDisk*, unsigned long long, unsigned long long)
                0x00000000c00165be                LogicalDisk::LogicalDisk(char const*, PhysicalDisk*, unsigned long long, unsigned long long)
                0x00000000c0016674                LogicalDisk::assignDriveLetter()
                0x00000000c001672a                LogicalDisk::mount()
                0x00000000c001679c                LogicalDisk::unmount()
                0x00000000c00167ac                LogicalDisk::eject()
                0x00000000c00167c0                LogicalDisk::unassignDriveLetter()
                0x00000000c0016816                LogicalDisk::read(unsigned long long, int, void*)
                0x00000000c0016882                LogicalDisk::write(unsigned long long, int, void*)
 .text          0x00000000c00168ee       0x84 hal/mouse.32
                0x00000000c00168ee                Mouse::Mouse(char const*)
                0x00000000c00168ee                Mouse::Mouse(char const*)
                0x00000000c0016924                Mouse::~Mouse()
                0x00000000c0016924                Mouse::~Mouse()
                0x00000000c0016948                Mouse::~Mouse()
 .text          0x00000000c0016972      0x359 hal/partition.32
                0x00000000c0016972                makePartition(PhysicalDisk*, unsigned long long, unsigned long long)
                0x00000000c0016a3a                createPartitionsForDisk(PhysicalDisk*)
 *fill*         0x00000000c0016ccb        0x1 
 .text          0x00000000c0016ccc       0x84 hal/serial.32
                0x00000000c0016ccc                Serial::Serial(char const*)
                0x00000000c0016ccc                Serial::Serial(char const*)
                0x00000000c0016d02                Serial::~Serial()
                0x00000000c0016d02                Serial::~Serial()
                0x00000000c0016d26                Serial::~Serial()
 .text          0x00000000c0016d50      0x2f3 hal/timer.32
                0x00000000c0016d50                Timer::Timer(char const*)
                0x00000000c0016d50                Timer::Timer(char const*)
                0x00000000c0016d86                Timer::~Timer()
                0x00000000c0016d86                Timer::~Timer()
                0x00000000c0016daa                Timer::~Timer()
                0x00000000c0016dd4                Timer::read()
                0x00000000c0016ddf                timerHandler(unsigned long long)
                0x00000000c0016f51                setupTimer(int)
 *fill*         0x00000000c0017043        0x1 
 .text          0x00000000c0017044      0x409 hal/vcache.32
                0x00000000c0017044                VCache::VCache(PhysicalDisk*)
                0x00000000c0017044                VCache::VCache(PhysicalDisk*)
                0x00000000c00171ac                VCache::invalidateReadBuffer()
                0x00000000c00171bc                VCache::writeWriteBuffer()
                0x00000000c00171f8                VCache::~VCache()
                0x00000000c00171f8                VCache::~VCache()
                0x00000000c001724c                VCache::~VCache()
                0x00000000c0017274                VCache::write(unsigned long long, int, void*)
                0x00000000c001735e                VCache::read(unsigned long long, int, void*)
 *fill*         0x00000000c001744d        0x1 
 .text          0x00000000c001744e      0x4cd hal/video.32
                0x00000000c001744e                Video::putrect(int, int, int, int, unsigned int)
                0x00000000c001749a                Video::bitblit(int, int, int, int, int, int, int, unsigned int*)
                0x00000000c001750a                Video::blit(unsigned int*, int, int, int, int)
                0x00000000c0017588                Video::clearScreen(unsigned int)
                0x00000000c00175bc                Video::putpixel(int, int, unsigned int)
                0x00000000c00175ca                Video::Video(char const*)
                0x00000000c00175ca                Video::Video(char const*)
                0x00000000c0017600                Video::~Video()
                0x00000000c0017600                Video::~Video()
                0x00000000c0017624                Video::~Video()
                0x00000000c001764e                Video::isMonochrome()
                0x00000000c001765a                Video::getWidth()
                0x00000000c0017666                Video::getHeight()
                0x00000000c0017672                Video::drawCursor(int, int, unsigned char*, int)
                0x00000000c001772e                Video::tgaParse(unsigned char*, int, int*, int*)
                0x00000000c00178b0                Video::putTGA(int, int, unsigned char*, int)
 *fill*         0x00000000c001791b        0x1 
 .text          0x00000000c001791c     0x111b hw/acpi.32
                0x00000000c001791c                ACPI::close(int, int, void*)
                0x00000000c00179d1                findRSDP()
                0x00000000c0017a6b                loadACPITables(unsigned char*)
                0x00000000c0017cc2                findRSDT(unsigned char*)
                0x00000000c0017e0c                findDataTable(unsigned char*, char*)
                0x00000000c0017ea8                scanMADT()
                0x00000000c001832e                ACPI::ACPI()
                0x00000000c001832e                ACPI::ACPI()
                0x00000000c0018398                ACPI::getPCIIRQAssignment(unsigned char, unsigned short, unsigned char)
                0x00000000c001847a                ACPI::registerPCIIRQAssignment(void*, unsigned short, unsigned char, unsigned char)
                0x00000000c0018540                ACPI::setScreenBrightnessLevel(void*, int)
                0x00000000c0018546                ACPI::writeSimpleBootFlag(SimpleBootFlagTable*)
                0x00000000c001858e                ACPI::sleep()
                0x00000000c00185a6                ACPI::open(int, int, void*)
 *fill*         0x00000000c0018a37        0x1 
 .text          0x00000000c0018a38     0x1717 hw/cpu.32
                0x00000000c0018a38                CPU::close(int, int, void*)
                0x00000000c0018a3c                CPU::lookupAMDName(unsigned char, unsigned char)
                0x00000000c0018bd0                CPU::lookupIntelName(unsigned char, unsigned char)
                0x00000000c0018e7e                CPU::AMD_K6_write_msr(unsigned int, unsigned int, unsigned int, CPU::REGS*)
                0x00000000c0018e9a                CPU::AMD_K6_read_msr(unsigned int, CPU::REGS*)
                0x00000000c0018eb2                CPU::AMD_K6_writeback(int, int, int)
                0x00000000c0018f26                CPU::cpuid(int, unsigned long*, unsigned long*, unsigned long*, unsigned long*)
                0x00000000c0018faa                CPU::cpuidCheckEDX(unsigned int)
                0x00000000c0018fd8                CPU::cpuidCheckECX(unsigned int)
                0x00000000c0019006                CPU::cpuidCheckExtendedEBX(unsigned int)
                0x00000000c0019034                CPU::cpuidCheckExtendedECX(unsigned int)
                0x00000000c0019062                CPU::CPU()
                0x00000000c0019062                CPU::CPU()
                0x00000000c00190f0                CPU::displayFeatures()
                0x00000000c001936c                CPU::detectFeatures()
                0x00000000c0019d5e                CPU::setupSMEP()
                0x00000000c0019d6a                CPU::setupUMIP()
                0x00000000c0019d74                CPU::setupTSC()
                0x00000000c0019d7e                CPU::setupLargePages()
                0x00000000c0019d88                CPU::setupPAT()
                0x00000000c0019dc4                CPU::setupMTRR()
                0x00000000c0019dc6                CPU::setupGlobalPages()
                0x00000000c0019dd0                CPU::allowUsermodeDataAccess()
                0x00000000c0019de2                CPU::prohibitUsermodeDataAccess()
                0x00000000c0019df4                CPU::setupSMAP()
                0x00000000c0019e02                CPU::setupFeatures()
                0x00000000c0019e82                CPU::open(int, int, void*)
                0x00000000c0019f54                CPU::decodeAddress(regs*, int*, bool*, unsigned char*)
 .text          0x00000000c001a14f        0x0 hw/ports.32
 .text          0x00000000c001a14f      0x16a hw/smp.32
                0x00000000c001a14f                Krnl::smpEntry()
                0x00000000c001a151                Krnl::startCPU(int)
                0x00000000c001a29a                Krnl::startCPUs()
 *fill*         0x00000000c001a2b9        0x1 
 .text          0x00000000c001a2ba      0x5cd krnl/env.32
                0x00000000c001a2ba                EnvVarContainer::getEnv(char const*)
                0x00000000c001a2f8                EnvVarContainer::setEnv(char const*, char const*)
                0x00000000c001a3ba                EnvVarContainer::deleteEnv(char const*)
                0x00000000c001a3bc                EnvVarContainer::loadFrom(char const*, char const*)
                0x00000000c001a5be                EnvVarContainer::__loadSystem()
                0x00000000c001a5d8                EnvVarContainer::__loadUser()
                0x00000000c001a5da                EnvVarContainer::EnvVarContainer(Process*)
                0x00000000c001a5da                EnvVarContainer::EnvVarContainer(Process*)
                0x00000000c001a5fc                EnvVarContainer::~EnvVarContainer()
                0x00000000c001a5fc                EnvVarContainer::~EnvVarContainer()
                0x00000000c001a62c                Krnl::getEnv(Process*, char const*)
                0x00000000c001a691                Krnl::setEnvSystem(char const*, char const*)
                0x00000000c001a6ab                Krnl::setEnvUser(char const*, char const*)
                0x00000000c001a6ca                Krnl::setEnvProcess(Process*, char const*, char const*)
                0x00000000c001a6dd                Krnl::deleteEnvSystem(char const*)
                0x00000000c001a6de                Krnl::deleteEnvUser(char const*)
                0x00000000c001a6df                Krnl::deleteEnvProcess(Process*, char const*)
                0x00000000c001a6e0                Krnl::newProcessEnv(Process*)
                0x00000000c001a702                Krnl::copyProcessEnv(Process*, Process*)
                0x00000000c001a74e                Krnl::loadSystemEnv()
                0x00000000c001a77c                Krnl::loadUserEnv()
                0x00000000c001a7a2                Krnl::flushEnv()
                0x00000000c001a7a3                Krnl::getProcessTotalEnvCount(Process*)
                0x00000000c001a7c3                Krnl::getProcessEnvPair(Process*, int)
 .text          0x00000000c001a887      0x396 krnl/panic.32
                0x00000000c001a887                Krnl::panic(char const*)
 .text          0x00000000c001ac1d      0x57f net/ethernet.32
                0x00000000c001ac1d                Net::switchEndian16(unsigned short)
                0x00000000c001ac3e                Net::switchEndian32(unsigned int)
                0x00000000c001ac6d                Net::crc32Calc(unsigned char*, int)
                0x00000000c001acfe                Net::wrapEthernetFrame(Net::UnwrappedEthernetFrame, unsigned char*)
                0x00000000c001af11                Net::unwrapEthernetFrame(unsigned char*, int)
 .text          0x00000000c001b19c      0x50e reg/registry.32
                0x00000000c001b19c                Reg::findLineFromLoadedData(char*, char*, char*)
                0x00000000c001b2f4                Reg::getLineFromRegistry(char*, char*, char*, char*)
                0x00000000c001b449                Reg::getLine(char*, char*, char*)
                0x00000000c001b480                Reg::readInt(char*, char*, int*)
                0x00000000c001b56b                Reg::readString(char*, char*, char*, int)
                0x00000000c001b5ec                Reg::readBool(char*, char*, bool*)
                0x00000000c001b611                Reg::readBoolWithDefault(char*, char*, bool)
                0x00000000c001b63d                Reg::readIntWithDefault(char*, char*, int)
                0x00000000c001b669                Reg::readStringWithDefault(char*, char*, char*, int, char*)
 .text          0x00000000c001b6aa       0x36 sys/sc_eject.32
                0x00000000c001b6aa                Sys::eject(regs*)
 .text          0x00000000c001b6e0       0x18 sys/sc_exit.32
                0x00000000c001b6e0                Sys::exit(regs*)
 .text          0x00000000c001b6f8       0x1f sys/sc_getcwd.32
                0x00000000c001b6f8                Sys::getCwd(regs*)
 .text          0x00000000c001b717        0xc sys/sc_getpid.32
                0x00000000c001b717                Sys::getPID(regs*)
 .text          0x00000000c001b723       0x17 sys/sc_getramdata.32
                0x00000000c001b723                Sys::getRAMData(regs*)
 .text          0x00000000c001b73a       0x84 sys/sc_getvgaptr.32
                0x00000000c001b73a                Sys::getVGAPtr(regs*)
 .text          0x00000000c001b7be       0xa8 sys/sc_loaddll.32
                0x00000000c001b7be                Sys::loadDLL(regs*)
 .text          0x00000000c001b866       0x68 sys/sc_read.32
                0x00000000c001b866                Sys::read(regs*)
 .text          0x00000000c001b8ce       0x55 sys/sc_sbrk.32
                0x00000000c001b8ce                Sys::sbrk(regs*)
 .text          0x00000000c001b923       0x1c sys/sc_setcwd.32
                0x00000000c001b923                Sys::setCwd(regs*)
 .text          0x00000000c001b93f      0x128 sys/sc_settime.32
                0x00000000c001b93f                Sys::setTime(regs*)
 .text          0x00000000c001ba67       0x4a sys/sc_timezone.32
                0x00000000c001ba67                Sys::timezone(regs*)
 .text          0x00000000c001bab1       0x68 sys/sc_write.32
                0x00000000c001bab1                Sys::write(regs*)
 .text          0x00000000c001bb19       0x62 sys/sc_wsbe.32
                0x00000000c001bb19                Sys::wsbe(regs*)
 .text          0x00000000c001bb7b       0x46 sys/sc_yield.32
                0x00000000c001bb7b                Sys::yield(regs*)
 .text          0x00000000c001bbc1     0x1101 sys/syscalls.32
                0x00000000c001bbc1                sysCallSeekDir(regs*)
                0x00000000c001bbc6                sysCallTellDir(regs*)
                0x00000000c001bbcb                sysCallVerify(regs*)
                0x00000000c001bbd5                sysFormatDisk(regs*)
                0x00000000c001bc3f                sysSetDiskVolumeLabel(regs*)
                0x00000000c001bc85                sysGetDiskVolumeLabel(regs*)
                0x00000000c001bcd6                sysShutdown(regs*)
                0x00000000c001bd34                sysCallRealpath(regs*)
                0x00000000c001bd77                sysCallGetArgc(regs*)
                0x00000000c001bda5                sysCallReadDir(regs*)
                0x00000000c001be33                sysCallIsATTY(regs*)
                0x00000000c001be8d                sysCallSeek(regs*)
                0x00000000c001bef6                sysCallTell(regs*)
                0x00000000c001bf73                sysCallSize(regs*)
                0x00000000c001bff6                sysCallSizeFromFilename(regs*)
                0x00000000c001c0b6                sysCallClose(regs*)
                0x00000000c001c13e                sysCallOpenDir(regs*)
                0x00000000c001c1b3                sysCallCloseDir(regs*)
                0x00000000c001c219                sysCallMakeDir(regs*)
                0x00000000c001c289                sysCallWait(regs*)
                0x00000000c001c2a3                sysCallNotImpl(regs*)
                0x00000000c001c2be                sysPanic(regs*)
                0x00000000c001c2e4                sysCallRmdir(regs*)
                0x00000000c001c348                sysCallUnlink(regs*)
                0x00000000c001c3ac                sysCallGetArgv(regs*)
                0x00000000c001c3f8                sysCallTTYName(regs*)
                0x00000000c001c47b                sysCallUSleep(regs*)
                0x00000000c001c4a2                sysCallSpawn(regs*)
                0x00000000c001c517                sysCallGetEnv(regs*)
                0x00000000c001c64f                sysAppSettings(regs*)
                0x00000000c001c763                sysSetFatAttrib(regs*)
                0x00000000c001c7d5                sysPipe(regs*)
                0x00000000c001c81a                sysGetUnixTime(regs*)
                0x00000000c001c82e                string_ends_with(char const*, char const*)
                0x00000000c001c876                sysCallOpen(regs*)
                0x00000000c001ca8b                Sys::loadSyscalls()
                0x00000000c001cc80                Sys::systemCall(regs*, void*)
 .text          0x00000000c001ccc2     0x11fd thr/elf.32
                0x00000000c001ccc2                Thr::allocateMemoryForTask(Process*, File*, unsigned long, unsigned long, unsigned long)
                0x00000000c001cf6c                Thr::loadProgramIntoMemory(Process*, char const*)
                0x00000000c001d182                Thr::runtimeReferenceHelper()
                0x00000000c001d195                Thr::getAddressOfKernelSymbol(char const*)
                0x00000000c001d1e4                Thr::loadKernelSymbolTable(char const*)
                0x00000000c001d4a2                Thr::loadDriverIntoMemory(char const*, unsigned long, bool)
                0x00000000c001dbd8                Thr::getDriverBaseFromAddress(unsigned long)
                0x00000000c001dc0a                Thr::getDriverNameFromAddress(unsigned long)
                0x00000000c001dc41                Thr::getDriverOffsetFromAddress(unsigned long)
                0x00000000c001dc5b                Thr::loadDLL(char const*, bool)
                0x00000000c001de86                Thr::executeDLL(unsigned long, void*)
 *fill*         0x00000000c001debf        0x1 
 .text          0x00000000c001dec0     0x1315 thr/prcssthr.32
                0x00000000c001dec0                userModeEntryPoint(void*)
                0x00000000c001dee6                changeTSS
                0x00000000c001df16                switchToThread(ThreadControlBlock*)
                0x00000000c001dfc0                Process::addArgs(char**)
                0x00000000c001e01a                Process::Process(char const*, Process*, char**)
                0x00000000c001e01a                Process::Process(char const*, Process*, char**)
                0x00000000c001e1fe                Process::Process(bool, char const*, Process*, char**)
                0x00000000c001e1fe                Process::Process(bool, char const*, Process*, char**)
                0x00000000c001e3ad                taskStartupFunction
                0x00000000c001e3b6                Semaphore::Semaphore(int)
                0x00000000c001e3b6                Semaphore::Semaphore(int)
                0x00000000c001e3e4                Mutex::Mutex()
                0x00000000c001e3e4                Mutex::Mutex()
                0x00000000c001e3f6                Process::createThread(void (*)(void*), void*, int)
                0x00000000c001e4fc                Process::createUserThread()
                0x00000000c001e518                setupMultitasking(void (*)())
                0x00000000c001e63a                schedule()
                0x00000000c001e6c0                Semaphore::tryAcquire()
                0x00000000c001e77c                Semaphore::assertLocked(char const*)
                0x00000000c001e7eb                blockTaskWithSchedulerLockAlreadyHeld(TaskState)
                0x00000000c001e839                blockTask(TaskState)
                0x00000000c001e866                waitTask(int, int*, int)
                0x00000000c001e8a8                nanoSleepUntil(unsigned long long)
                0x00000000c001e93d                nanoSleep(unsigned long long)
                0x00000000c001e955                sleep(unsigned long long)
                0x00000000c001e972                Semaphore::acquire()
                0x00000000c001ea14                taskReturned
                0x00000000c001ea4f                Thr::processFromPID(int)
                0x00000000c001eafe                unblockTask(ThreadControlBlock*)
                0x00000000c001ebab                cleanupTerminatedTask(ThreadControlBlock*)
                0x00000000c001ee74                cleanerTaskFunction(void*)
                0x00000000c001ef6d                terminateTask(int)
                0x00000000c001f09f                Thr::terminateFromIRQ(int)
                0x00000000c001f0ac                Semaphore::release()
 .text          0x00000000c001f1d5      0xc53 vm86/vm8086.32
                0x00000000c001f1d5                Vm::inbv(unsigned short)
                0x00000000c001f1e8                Vm::outbv(unsigned short, unsigned char)
                0x00000000c001f23b                Vm::realToLinear(unsigned short, unsigned short)
                0x00000000c001f24b                Vm::getSegment(unsigned int)
                0x00000000c001f253                Vm::getOffset(unsigned int)
                0x00000000c001f258                Vm::mainloop2()
                0x00000000c001f292                Vm::mainVm8086Loop(void*)
                0x00000000c001f2a2                Vm::mainloop3(unsigned long)
                0x00000000c001f2c8                Vm::initialise8086()
                0x00000000c001f30b                Vm::finish8086()
                0x00000000c001f36c                Vm::getOutput8086(unsigned char*)
                0x00000000c001f391                Vm::start8086(char const*, unsigned short, unsigned short, unsigned short, unsigned short)
                0x00000000c001f4f9                Vm::doISR(regs*, int, unsigned char*, unsigned short, unsigned short)
                0x00000000c001f583                Vm::readByteFromReal(unsigned short, unsigned short)
                0x00000000c001f594                Vm::readWordFromReal(unsigned short, unsigned short)
                0x00000000c001f5a6                Vm::readDwordFromReal(unsigned short, unsigned short)
                0x00000000c001f5b7                Vm::writeByteFromReal(unsigned short, unsigned short, unsigned char)
                0x00000000c001f5cc                Vm::writeWordFromReal(unsigned short, unsigned short, unsigned short)
                0x00000000c001f5e2                Vm::writeDwordFromReal(unsigned short, unsigned short, unsigned int)
                0x00000000c001f5f7                Vm::faultHandler(regs*)
 .text          0x00000000c001fe28      0xefd vm86/x87em.32
                0x00000000c001fe28                Vm::fpuInternalTo32(unsigned long long)
                0x00000000c001fe83                Vm::fpuInternalTo64(unsigned long long)
                0x00000000c001fe8c                Vm::fpu32ToInternal(unsigned int)
                0x00000000c001fed1                Vm::fpu64ToInternal(unsigned long long)
                0x00000000c001feda                Vm::fpuFloatToLong(unsigned long long)
                0x00000000c001ff35                Vm::fpuULongToFloat(unsigned long long)
                0x00000000c001ff6b                Vm::fpuLongToFloat(long long)
                0x00000000c001ffc1                Vm::fpuGet0()
                0x00000000c001ffc6                Vm::fpuGet1()
                0x00000000c001ffce                Vm::fpuGetPi()
                0x00000000c001ffd6                Vm::fpuGetLog2E()
                0x00000000c001ffee                Vm::fpuGetLogE2()
                0x00000000c0020006                Vm::fpuGetLog210()
                0x00000000c002001e                Vm::fpuGetLog102()
                0x00000000c0020036                Vm::fpuIsSecondLarger(unsigned long long, unsigned long long)
                0x00000000c002004a                Vm::fpuAreEqual(unsigned long long, unsigned long long)
                0x00000000c0020060                Vm::fpuUnorderedCompare(unsigned long long, unsigned long long)
                0x00000000c00200b3                Vm::fpuAdd(unsigned long long, unsigned long long)
                0x00000000c00200c4                Vm::fpuAbs(unsigned long long)
                0x00000000c00200cd                Vm::fpuChs(unsigned long long)
                0x00000000c00200dd                Vm::fpuSub(unsigned long long, unsigned long long)
                0x00000000c00200ec                Vm::fpuMultiply(unsigned long long, unsigned long long)
                0x00000000c002010b                Vm::fpuDivide(unsigned long long, unsigned long long)
                0x00000000c0020127                Vm::fpuSquare(unsigned long long)
                0x00000000c002013d                Vm::fpuGetReg(int)
                0x00000000c0020180                Vm::fpuSetReg(int, unsigned long long)
                0x00000000c00201cb                Vm::fpuPush(unsigned long long)
                0x00000000c0020228                Vm::fpuPop()
                0x00000000c002027a                Vm::x87Handler(regs*)
 *fill*         0x00000000c0020d25        0x1 
 .text          0x00000000c0020d26     0x1203 fs/fat/vfslink.32
                0x00000000c0020d26                FAT::getName()
                0x00000000c0020d2c                FAT::tell(void*, unsigned long long*)
                0x00000000c0020d60                FAT::stat(void*, unsigned long long*)
                0x00000000c0020d94                FAT::~FAT()
                0x00000000c0020d94                FAT::~FAT()
                0x00000000c0020db8                FAT::~FAT()
                0x00000000c0020de0                FAT::getlabel(LogicalDisk*, int, char*, unsigned int*)
                0x00000000c0020e7e                FAT::setlabel(LogicalDisk*, int, char*)
                0x00000000c0020f38                FAT::format(LogicalDisk*, int, char const*, int)
                0x00000000c002111c                FAT::tryMount(LogicalDisk*, int)
                0x00000000c0021322                FAT::getFileFirstSector(char const*)
                0x00000000c00213e4                FAT::readDir(void*, unsigned long, void*, int*)
                0x00000000c002153e                FAT::read(void*, unsigned long, void*, int*)
                0x00000000c0021598                FAT::write(void*, unsigned long, void*, int*)
                0x00000000c00215f2                FAT::close(void*)
                0x00000000c002163e                FAT::closeDir(void*)
                0x00000000c002168a                FAT::seek(void*, unsigned long long)
                0x00000000c00216de                fatWrapperReadDisk
                0x00000000c0021725                fatWrapperWriteDisk
                0x00000000c002176c                fatWrapperIoctl
                0x00000000c0021870                FAT::FAT()
                0x00000000c0021870                FAT::FAT()
                0x00000000c00218c2                FAT::fixFilepath(char*)
                0x00000000c00218fa                FAT::open(char const*, void**, FileOpenMode)
                0x00000000c0021a22                FAT::openDir(char const*, void**)
                0x00000000c0021ac8                FAT::stat(char const*, unsigned long long*, bool*)
                0x00000000c0021bb2                FAT::unlink(char const*)
                0x00000000c0021c2c                FAT::chfatattr(char const*, unsigned char, unsigned char)
                0x00000000c0021d80                FAT::rename(char const*, char const*)
                0x00000000c0021e44                FAT::mkdir(char const*)
                0x00000000c0021ebe                FAT::exists(char const*)
 *fill*         0x00000000c0021f29        0x1 
 .text          0x00000000c0021f2a      0xba5 fs/iso9660/vfslink.32
                0x00000000c0021f2a                ISO9660::format(LogicalDisk*, int, char const*, int)
                0x00000000c0021f30                ISO9660::seek(void*, unsigned long long)
                0x00000000c0021f60                ISO9660::tell(void*, unsigned long long*)
                0x00000000c0021f84                ISO9660::getName()
                0x00000000c0021f8a                ISO9660::stat(void*, unsigned long long*)
                0x00000000c0021fae                ISO9660::chfatattr(char const*, unsigned char, unsigned char)
                0x00000000c0021fb4                ISO9660::unlink(char const*)
                0x00000000c0021fba                ISO9660::write(void*, unsigned long, void*, int*)
                0x00000000c0021fc0                ISO9660::rename(char const*, char const*)
                0x00000000c0021fc6                ISO9660::mkdir(char const*)
                0x00000000c0021fcc                ISO9660::close(void*)
                0x00000000c0021fee                ISO9660::closeDir(void*)
                0x00000000c0022010                ISO9660::~ISO9660()
                0x00000000c0022010                ISO9660::~ISO9660()
                0x00000000c0022034                ISO9660::~ISO9660()
                0x00000000c002205b                __memmem(unsigned char*, int, unsigned char*, int)
                0x00000000c002209d                readSectorFromCDROM(unsigned int, unsigned char*, char)
                0x00000000c00220f8                ISO9660::tryMount(LogicalDisk*, int)
                0x00000000c0022148                ISO9660::read(void*, unsigned long, void*, int*)
                0x00000000c002234c                ISO9660::readDir(void*, unsigned long, void*, int*)
                0x00000000c00225c6                readRoot(unsigned int*, unsigned int*, char)
                0x00000000c002261a                readRecursively(char*, unsigned int, unsigned int, unsigned int*, unsigned int*, char, int*)
                0x00000000c00227ed                getFileData(char*, unsigned int*, unsigned int*, char, int*)
                0x00000000c002287c                ISO9660::open(char const*, void**, FileOpenMode)
                0x00000000c002293c                ISO9660::exists(char const*)
                0x00000000c0022960                ISO9660::stat(char const*, unsigned long long*, bool*)
                0x00000000c00229f4                ISO9660::openDir(char const*, void**)
                0x00000000c0022aac                ISO9660::ISO9660()
                0x00000000c0022aac                ISO9660::ISO9660()
 *fill*         0x00000000c0022acf        0x1 
 .text          0x00000000c0022ad0      0x326 hal/sound/sndchannel.32
                0x00000000c0022ad0                SoundChannel::~SoundChannel()
                0x00000000c0022ad0                SoundChannel::~SoundChannel()
                0x00000000c0022aec                SoundChannel::setSpeed(float)
                0x00000000c0022af8                SoundChannel::getSpeed()
                0x00000000c0022b00                SoundChannel::setVolume(int)
                0x00000000c0022b1c                SoundChannel::getVolume()
                0x00000000c0022b24                SoundChannel::pause()
                0x00000000c0022b2e                SoundChannel::SoundChannel(int, int, int, int)
                0x00000000c0022b2e                SoundChannel::SoundChannel(int, int, int, int)
                0x00000000c0022c84                SoundChannel::play()
                0x00000000c0022c8e                SoundChannel::paused()
                0x00000000c0022c96                SoundChannel::getSampleRate()
                0x00000000c0022c9e                SoundChannel::getBits()
                0x00000000c0022ca6                SoundChannel::getBufferUsed()
                0x00000000c0022cae                SoundChannel::getBufferSize()
                0x00000000c0022cb6                SoundChannel::unbuffer(float*, int, int)
                0x00000000c0022d56                SoundChannel::buffer8(unsigned char*, int)
 .text          0x00000000c0022df6      0x3d5 hal/sound/sndhw.32
                0x00000000c0022df6                SoundDevice::SoundDevice(char const*)
                0x00000000c0022df6                SoundDevice::SoundDevice(char const*)
                0x00000000c0022e62                SoundDevice::~SoundDevice()
                0x00000000c0022e62                SoundDevice::~SoundDevice()
                0x00000000c0022edc                SoundDevice::~SoundDevice()
                0x00000000c0022f06                SoundDevice::getFreeChannelNum()
                0x00000000c0022f20                SoundDevice::addChannel(SoundChannel*)
                0x00000000c0022f90                SoundDevice::removeChannel(int)
                0x00000000c0022fc2                SoundDevice::floatTo8(float*, unsigned char*, int)
                0x00000000c00230aa                SoundDevice::getAudio(int, float*, float*)
 .text          0x00000000c00231cb        0x0 hw/bus/isa.32
 *fill*         0x00000000c00231cb        0x1 
 .text          0x00000000c00231cc      0x795 hw/bus/pci.32
                0x00000000c00231cc                PCI::open(int, int, void*)
                0x00000000c00231e0                PCI::close(int, int, void*)
                0x00000000c00231e4                PCI::PCI()
                0x00000000c00231e4                PCI::PCI()
                0x00000000c0023264                PCI::readBAR8(unsigned int, int)
                0x00000000c0023280                PCI::readBAR16(unsigned int, int)
                0x00000000c002329e                PCI::readBAR32(unsigned int, int)
                0x00000000c00232ba                PCI::writeBAR8(unsigned int, unsigned char, int)
                0x00000000c00232da                PCI::writeBAR16(unsigned int, unsigned short, int)
                0x00000000c00232fc                PCI::writeBAR32(unsigned int, unsigned int, int)
                0x00000000c002331c                PCI::pciReadWord(unsigned char, unsigned char, unsigned char, unsigned char)
                0x00000000c0023364                PCI::getVendorID(unsigned char, unsigned char, unsigned char)
                0x00000000c0023386                PCI::getHeaderType(unsigned char, unsigned char, unsigned char)
                0x00000000c00233aa                PCI::getClassCode(unsigned char, unsigned char, unsigned char)
                0x00000000c00233ee                PCI::getProgIF(unsigned char, unsigned char, unsigned char)
                0x00000000c0023412                PCI::getRevisionID(unsigned char, unsigned char, unsigned char)
                0x00000000c0023434                PCI::getInterruptNumber(unsigned char, unsigned char, unsigned char)
                0x00000000c0023456                PCI::getSecondaryBus(unsigned char, unsigned char, unsigned char)
                0x00000000c002347a                PCI::getBARAddress(unsigned char, unsigned char, unsigned char, unsigned char)
                0x00000000c00234da                PCI::pciWriteWord(unsigned char, unsigned char, unsigned char, unsigned char, unsigned short)
                0x00000000c0023546                PCI::pciDetailsToFilepath(PCIDeviceInfo)
                0x00000000c002354a                PCI::checkBus(unsigned char)
                0x00000000c002356e                PCI::foundDevice(PCIDeviceInfo)
                0x00000000c00236f6                PCI::getDeviceData(unsigned char, unsigned char, unsigned char)
                0x00000000c00238a2                PCI::checkDevice(unsigned char, unsigned char)
                0x00000000c002390e                PCI::detect()
 *fill*         0x00000000c0023961        0x1 
 .text          0x00000000c0023962      0xc70 hw/diskctrl/ide.32
                0x00000000c0023962                IDE::close(int, int, void*)
                0x00000000c0023966                IDE::IDE()
                0x00000000c0023966                IDE::IDE()
                0x00000000c002399a                IDE::prepareInterrupt(unsigned char)
                0x00000000c00239ac                selectDrive(unsigned char, unsigned char)
                0x00000000c00239ae                IDE::getBase(unsigned char)
                0x00000000c00239c0                IDE::write(unsigned char, unsigned char, unsigned char)
                0x00000000c0023a80                IDE::read(unsigned char, unsigned char)
                0x00000000c0023b2e                IDE::waitInterrupt(unsigned char)
                0x00000000c0023b94                ideChannel0IRQHandler(regs*, void*)
                0x00000000c0023bb0                ideChannel1IRQHandler(regs*, void*)
                0x00000000c0023bcc                IDE::enableIRQs(unsigned char, bool)
                0x00000000c0023c12                IDE::open(int, int, void*)
                0x00000000c0024022                IDE::readBuffer(unsigned char, unsigned char, unsigned int, unsigned int)
                0x00000000c00240ee                IDE::detect()
                0x00000000c00243d6                IDE::printError(unsigned char, unsigned char, unsigned char)
                0x00000000c002456c                IDE::polling(unsigned char, unsigned int)
 .text          0x00000000c00245d2      0x390 hw/diskctrl/satabus.32
                0x00000000c00245d2                SATABus::close(int, int, void*)
                0x00000000c00245d6                SATABus::detect()
                0x00000000c00245d8                SATABus::SATABus()
                0x00000000c00245d8                SATABus::SATABus()
                0x00000000c0024684                SATABus::findCmdslot(SATABus::tagHBA_PORT volatile*)
                0x00000000c00246cc                SATABus::checkType(SATABus::tagHBA_PORT volatile*)
                0x00000000c0024714                SATABus::startCmd(SATABus::tagHBA_PORT volatile*)
                0x00000000c0024734                SATABus::stopCmd(SATABus::tagHBA_PORT volatile*)
                0x00000000c002475e                SATABus::portRebase(SATABus::tagHBA_PORT volatile*, int)
                0x00000000c0024864                SATABus::probePort(SATABus::tagHBA_MEM volatile*)
                0x00000000c0024942                SATABus::open(int, int, void*)
 .text          0x00000000c0024962      0x63c hw/diskphys/ata.32
                0x00000000c0024962                ATA::close(int, int, void*)
                0x00000000c0024986                ATA::powerSaving(PowerSavingLevel)
                0x00000000c0024988                ATA::ATA()
                0x00000000c0024988                ATA::ATA()
                0x00000000c00249b6                ATA::flush(bool)
                0x00000000c0024a00                ATA::readyForCommand()
                0x00000000c0024a50                ATA::access(unsigned long long, int, void*, bool)
                0x00000000c0024dd8                ATA::read(unsigned long long, int, void*)
                0x00000000c0024e40                ATA::write(unsigned long long, int, void*)
                0x00000000c0024ea8                ATA::detectCHS()
                0x00000000c0024ed2                ATA::open(int, int, void*)
 .text          0x00000000c0024f9e      0x5bd hw/diskphys/atapi.32
                0x00000000c0024f9e                ATAPI::write(unsigned long long, int, void*)
                0x00000000c0024fa4                ATAPI::close(int, int, void*)
                0x00000000c0024fc8                ATAPI::ATAPI()
                0x00000000c0024fc8                ATAPI::ATAPI()
                0x00000000c0024ff6                ATAPI::readyForCommand()
                0x00000000c0025046                ATAPI::sendPacket(unsigned char*, int, bool, unsigned short*, int)
                0x00000000c0025306                ATAPI::diskRemoved()
                0x00000000c0025322                ATAPI::eject()
                0x00000000c002536a                ATAPI::diskInserted()
                0x00000000c0025398                ATAPI::detectMedia()
                0x00000000c0025454                ATAPI::open(int, int, void*)
                0x00000000c00254dc                ATAPI::read(unsigned long long, int, void*)
 *fill*         0x00000000c002555b        0x1 
 .text          0x00000000c002555c      0x451 hw/diskphys/sata.32
                0x00000000c002555c                SATA::close(int, int, void*)
                0x00000000c0025580                SATA::powerSaving(PowerSavingLevel)
                0x00000000c0025582                SATA::open(int, int, void*)
                0x00000000c002562c                SATA::SATA()
                0x00000000c002562c                SATA::SATA()
                0x00000000c002565a                SATA::access(unsigned long long, int, void*, bool)
                0x00000000c00258c0                SATA::read(unsigned long long, int, void*)
                0x00000000c0025928                SATA::write(unsigned long long, int, void*)
 *fill*         0x00000000c00259ad        0x1 
 .text          0x00000000c00259ae      0x4fe hw/diskphys/satapi.32
                0x00000000c00259ae                SATAPI::write(unsigned long long, int, void*)
                0x00000000c00259b4                SATAPI::close(int, int, void*)
                0x00000000c00259d8                SATAPI::SATAPI()
                0x00000000c00259d8                SATAPI::SATAPI()
                0x00000000c0025a06                SATAPI::diskRemoved()
                0x00000000c0025a22                SATAPI::diskInserted()
                0x00000000c0025a50                SATAPI::sendPacket(unsigned char*, int, unsigned long long, unsigned short*, int)
                0x00000000c0025c58                SATAPI::eject()
                0x00000000c0025ca0                SATAPI::detectMedia()
                0x00000000c0025d62                SATAPI::open(int, int, void*)
                0x00000000c0025e0a                SATAPI::read(unsigned long long, int, void*)
 .text          0x00000000c0025eac       0x8e hw/fpu/avx.32
                0x00000000c0025eac                AVX::open(int, int, void*)
                0x00000000c0025ebe                AVX::close(int, int, void*)
                0x00000000c0025ed0                AVX::available()
                0x00000000c0025ee2                AVX::save(void*)
                0x00000000c0025efa                AVX::load(void*)
                0x00000000c0025f12                AVX::AVX()
                0x00000000c0025f12                AVX::AVX()
 .text          0x00000000c0025f3a       0x90 hw/fpu/mmx.32
                0x00000000c0025f3a                MMX::available()
                0x00000000c0025f4e                MMX::open(int, int, void*)
                0x00000000c0025f60                MMX::close(int, int, void*)
                0x00000000c0025f72                MMX::save(void*)
                0x00000000c0025f8a                MMX::load(void*)
                0x00000000c0025fa2                MMX::MMX()
                0x00000000c0025fa2                MMX::MMX()
 .text          0x00000000c0025fca       0x96 hw/fpu/sse.32
                0x00000000c0025fca                SSE::open(int, int, void*)
                0x00000000c0025fdc                SSE::close(int, int, void*)
                0x00000000c0025fee                SSE::available()
                0x00000000c0026008                SSE::save(void*)
                0x00000000c0026020                SSE::load(void*)
                0x00000000c0026038                SSE::SSE()
                0x00000000c0026038                SSE::SSE()
 .text          0x00000000c0026060       0x8e hw/fpu/x87.32
                0x00000000c0026060                x87::open(int, int, void*)
                0x00000000c0026072                x87::close(int, int, void*)
                0x00000000c0026084                x87::available()
                0x00000000c0026096                x87::save(void*)
                0x00000000c00260ae                x87::load(void*)
                0x00000000c00260c6                x87::x87()
                0x00000000c00260c6                x87::x87()
 .text          0x00000000c00260ee      0x71e hw/intctrl/apic.32
                0x00000000c00260ee                APIC::disable()
                0x00000000c00260f0                APIC::close(int, int, void*)
                0x00000000c0026112                IOAPIC::close(int, int, void*)
                0x00000000c0026118                APIC::io_wait()
                0x00000000c002611e                APIC::getBase()
                0x00000000c0026160                APIC::eoi(unsigned char)
                0x00000000c002618e                APIC::open(int, int, void*)
                0x00000000c00262dc                IOAPIC::IOAPIC()
                0x00000000c00262dc                IOAPIC::IOAPIC()
                0x00000000c0026304                APIC::APIC()
                0x00000000c0026304                APIC::APIC()
                0x00000000c00263e0                IOAPIC::handlesGSIWithNumber(unsigned int)
                0x00000000c0026412                IOAPIC::read(int)
                0x00000000c002643a                IOAPIC::open(int, int, void*)
                0x00000000c0026530                IOAPIC::write(int, int)
                0x00000000c002655c                IOAPIC::redirect(unsigned char, unsigned long long, unsigned char, bool, bool)
                0x00000000c0026656                APIC::installIRQHandler(int, void (*)(regs*, void*), bool, void*)
 .text          0x00000000c002680c      0x3d3 hw/intctrl/pic.32
                0x00000000c002680c                PIC::disable()
                0x00000000c002683a                PIC::close(int, int, void*)
                0x00000000c002685c                PIC::PIC()
                0x00000000c002685c                PIC::PIC()
                0x00000000c0026932                PIC::ioWait()
                0x00000000c0026938                PIC::getIRQReg(int)
                0x00000000c00269a2                PIC::eoi(unsigned char)
                0x00000000c0026a34                PIC::remap()
                0x00000000c0026ba0                PIC::open(int, int, void*)
 *fill*         0x00000000c0026bdf        0x1 
 .text          0x00000000c0026be0      0x25e hw/timer/apictimer.32
                0x00000000c0026be0                APICTimer::close(int, int, void*)
                0x00000000c0026be6                apicTimerHandler(regs*, void*)
                0x00000000c0026c14                APICTimer::write(int)
                0x00000000c0026d18                APICTimer::open(int, int, void*)
                0x00000000c0026e16                APICTimer::APICTimer()
                0x00000000c0026e16                APICTimer::APICTimer()
 .text          0x00000000c0026e3e      0x1a7 hw/timer/pit.32
                0x00000000c0026e3e                PIT::write(int)
                0x00000000c0026ebc                pitHandler(regs*, void*)
                0x00000000c0026ee8                PIT::open(int, int, void*)
                0x00000000c0026f36                PIT::close(int, int, void*)
                0x00000000c0026f66                PIT::PIT()
                0x00000000c0026f66                PIT::PIT()
 *fill*         0x00000000c0026fe5        0xb 
 .text          0x00000000c0026ff0       0x1e hw/fpu/x86/avx.32
                0x00000000c0026ff0                avxDetect
                0x00000000c0026ff6                avxSave
                0x00000000c0026ff7                avxLoad
                0x00000000c0026ff8                avxInit
                0x00000000c0026ff9                avxClose
                0x00000000c0026ffa                wouldSheSayYes
 *fill*         0x00000000c002700e        0x2 
 .text          0x00000000c0027010       0x35 hw/fpu/x86/sse.32
                0x00000000c0027010                absolutelyNoChanceInHell
                0x00000000c0027010                sseDetect
                0x00000000c0027028                sseSave
                0x00000000c002702e                sseLoad
                0x00000000c0027034                sseInit
                0x00000000c0027044                sseClose
 *fill*         0x00000000c0027045        0xb 
 .text          0x00000000c0027050       0x4d hw/fpu/x86/x87.32
                0x00000000c0027056                x87Detect
                0x00000000c0027071                x87Save
                0x00000000c002707a                x87Load
                0x00000000c0027082                x87Init
                0x00000000c002709c                x87Close
 *fill*         0x00000000c002709d        0x3 
 .text          0x00000000c00270a0       0x25 /cygdrive/d/Users/Alex/Desktop/Toolchain/Output/bin/../lib/gcc/i386-banana/8.1.0/crtend.o
 .text          0x00000000c00270c5        0x0 crtn.32
 *fill*         0x00000000c00270c5        0x3 
 .text          0x00000000c00270c8      0x14b /cygdrive/d/Users/Alex/Desktop/Toolchain/Output/bin/../lib/gcc/i386-banana/8.1.0/libkgcc.a(_divdi3.o)
                0x00000000c00270c8                __divdi3
 *fill*         0x00000000c0027213        0x1 
 .text          0x00000000c0027214      0x17e /cygdrive/d/Users/Alex/Desktop/Toolchain/Output/bin/../lib/gcc/i386-banana/8.1.0/libkgcc.a(_moddi3.o)
                0x00000000c0027214                __moddi3
 *fill*         0x00000000c0027392        0x2 