Archive member included to satisfy reference by file (symbol)

/cygdrive/d/Users/Alex/Desktop/Toolchain/Output/bin/../lib/gcc/i386-banana/8.1.0/libgcc.a(_divdi3.o)
                              fs/fat/ff.32 (__divdi3)
/cygdrive/d/Users/Alex/Desktop/Toolchain/Output/bin/../lib/gcc/i386-banana/8.1.0/libgcc.a(_moddi3.o)
                              core/elf.32 (__moddi3)
/cygdrive/d/Users/Alex/Desktop/Toolchain/Output/bin/../lib/gcc/i386-banana/8.1.0/libgcc.a(_udivdi3.o)
                              fs/fat/ff.32 (__udivdi3)
/cygdrive/d/Users/Alex/Desktop/Toolchain/Output/bin/../lib/gcc/i386-banana/8.1.0/libgcc.a(_umoddi3.o)
                              core/elf.32 (__umoddi3)
D:/Users/Alex/Desktop/Banana/kernel/libk/libm32.a(s_fabs.c.o)
                              hal/libresample/samplerate.32 (fabs)
D:/Users/Alex/Desktop/Banana/kernel/libk/libm32.a(s_lrint.S.o)
                              hal/libresample/samplerate.32 (lrint)
D:/Users/Alex/Desktop/Banana/kernel/libk/libm32.a(s_lrintf.S.o)
                              hal/sound/sndhw.32 (lrintf)

Discarded input sections

 .comment       0x0000000000000000       0x12 /cygdrive/d/Users/Alex/Desktop/Toolchain/Output/bin/../lib/gcc/i386-banana/8.1.0/crtbegin.o
 .comment       0x0000000000000000       0x12 acpica/utclib.32
 .comment       0x0000000000000000       0x12 core/malloc.32
 .comment       0x0000000000000000       0x12 libk/string.32
 .comment       0x0000000000000000       0x12 fs/fat/diskio.32
 .comment       0x0000000000000000       0x12 fs/fat/ff.32
 .comment       0x0000000000000000       0x12 fs/fat/ffsystem.32
 .comment       0x0000000000000000       0x12 fs/fat/ffunicode.32
 .comment       0x0000000000000000       0x12 hal/libresample/samplerate.32
 .comment       0x0000000000000000       0x12 hal/libresample/src_linear.32
 .comment       0x0000000000000000       0x12 hal/libresample/src_sinc.32
 .comment       0x0000000000000000       0x12 hal/libresample/src_zoh.32
 .group         0x0000000000000000       0x14 core/computer.32
 .group         0x0000000000000000        0xc core/computer.32
 .comment       0x0000000000000000       0x12 core/computer.32
 .comment       0x0000000000000000       0x12 core/elf.32
 .comment       0x0000000000000000       0x12 core/gdt.32
 .group         0x0000000000000000        0xc core/idle.32
 .comment       0x0000000000000000       0x12 core/idle.32
 .comment       0x0000000000000000       0x12 core/idt.32
 .group         0x0000000000000000        0x8 core/kconsole.32
 .group         0x0000000000000000        0x8 core/kconsole.32
 .group         0x0000000000000000        0x8 core/kconsole.32
 .group         0x0000000000000000        0x8 core/kconsole.32
 .comment       0x0000000000000000       0x12 core/kconsole.32
 .group         0x0000000000000000        0x8 core/kheap.32
 .group         0x0000000000000000        0x8 core/kheap.32
 .text._ZN3CPU7readCR3Ev
                0x0000000000000000       0x12 core/kheap.32
 .comment       0x0000000000000000       0x12 core/kheap.32
 .comment       0x0000000000000000       0x12 core/main.32
 .comment       0x0000000000000000       0x12 core/physmgr.32
 .group         0x0000000000000000        0xc core/pipe.32
 .comment       0x0000000000000000       0x12 core/pipe.32
 .group         0x0000000000000000        0x8 core/prcssthr.32
 .group         0x0000000000000000        0x8 core/prcssthr.32
 .group         0x0000000000000000        0xc core/prcssthr.32
 .group         0x0000000000000000        0xc core/prcssthr.32
 .group         0x0000000000000000        0x8 core/prcssthr.32
 .group         0x0000000000000000        0xc core/prcssthr.32
 .group         0x0000000000000000        0x8 core/prcssthr.32
 .group         0x0000000000000000        0x8 core/prcssthr.32
 .comment       0x0000000000000000       0x12 core/prcssthr.32
 .comment       0x0000000000000000       0x12 core/syscalls.32
 .group         0x0000000000000000        0xc core/terminal.32
 .comment       0x0000000000000000       0x12 core/terminal.32
 .group         0x0000000000000000        0x8 core/tss.32
 .text._ZN3CPU7readCR3Ev
                0x0000000000000000       0x12 core/tss.32
 .comment       0x0000000000000000       0x12 core/tss.32
 .group         0x0000000000000000        0x8 core/unixfile.32
 .group         0x0000000000000000        0xc core/unixfile.32
 .group         0x0000000000000000        0x8 core/unixfile.32
 .group         0x0000000000000000        0xc core/unixfile.32
 .group         0x0000000000000000        0x8 core/unixfile.32
 .group         0x0000000000000000        0xc core/unixfile.32
 .group         0x0000000000000000        0xc core/unixfile.32
 .group         0x0000000000000000        0xc core/unixfile.32
 .comment       0x0000000000000000       0x12 core/unixfile.32
 .group         0x0000000000000000        0x8 core/virtmgr.32
 .group         0x0000000000000000        0x8 core/virtmgr.32
 .text._ZN3CPU7readCR3Ev
[...]
Memory Configuration

Name             Origin             Length             Attributes
*default*        0x0000000000000000 0xffffffffffffffff

Linker script and memory map

LOAD D:/Users/Alex/Desktop/Banana/kernel/boot.32
LOAD crti.32
LOAD /cygdrive/d/Users/Alex/Desktop/Toolchain/Output/bin/../lib/gcc/i386-banana/8.1.0/crtbegin.o
LOAD D:/Users/Alex/Desktop/Banana/kernel/morenasm.32
LOAD acpica/utclib.32
LOAD core/malloc.32
LOAD libk/string.32
LOAD fs/fat/diskio.32
LOAD fs/fat/ff.32
LOAD fs/fat/ffsystem.32
LOAD fs/fat/ffunicode.32
LOAD hal/libresample/samplerate.32
LOAD hal/libresample/src_linear.32
LOAD hal/libresample/src_sinc.32
LOAD hal/libresample/src_zoh.32
LOAD core/computer.32
LOAD core/elf.32
LOAD core/gdt.32
LOAD core/idle.32
LOAD core/idt.32
LOAD core/kconsole.32
LOAD core/kheap.32
LOAD core/main.32
LOAD core/physmgr.32
LOAD core/pipe.32
LOAD core/prcssthr.32
LOAD core/syscalls.32
LOAD core/terminal.32
LOAD core/tss.32
LOAD core/unixfile.32
LOAD core/virtmgr.32
LOAD coreobjs/c++.32
LOAD debugger/debug.32
LOAD fs/vfs.32
LOAD hal/bus.32
LOAD hal/buzzer.32
LOAD hal/clock.32
LOAD hal/device.32
LOAD hal/diskctrl.32
LOAD hal/diskphys.32
LOAD hal/fpu.32
LOAD hal/intctrl.32
LOAD hal/keybrd.32
LOAD hal/logidisk.32
LOAD hal/mouse.32
LOAD hal/partition.32
LOAD hal/timer.32
LOAD hal/vcache.32
LOAD hal/video.32
LOAD hw/acpi.32
LOAD hw/cpu.32
LOAD hw/ports.32
LOAD registry/registry.32
LOAD syscalls/sc_exit.32
LOAD syscalls/sc_read.32
LOAD syscalls/sc_sbrk.32
LOAD syscalls/sc_write.32
LOAD syscalls/sc_yield.32
LOAD vm86/vm8086.32
LOAD fs/fat/vfslink.32
LOAD fs/iso9660/vfslink.32
LOAD hal/sound/sndchannel.32
LOAD hal/sound/sndhw.32
LOAD hw/bus/isa.32
LOAD hw/bus/pci.32
LOAD hw/clock/rtc.32
LOAD hw/diskctrl/ide.32
LOAD hw/diskphys/ata.32
LOAD hw/diskphys/atapi.32
LOAD hw/fpu/avx.32
LOAD hw/fpu/mmx.32
LOAD hw/fpu/sse.32
LOAD hw/fpu/x87.32
LOAD hw/intctrl/apic.32
LOAD hw/intctrl/pic.32
LOAD hw/timer/apictimer.32
LOAD hw/timer/pit.32
LOAD hw/fpu/x86/avx.32
LOAD hw/fpu/x86/sse.32
LOAD hw/fpu/x86/x87.32
LOAD /cygdrive/d/Users/Alex/Desktop/Toolchain/Output/bin/../lib/gcc/i386-banana/8.1.0/crtend.o
LOAD crtn.32
LOAD /cygdrive/d/Users/Alex/Desktop/Toolchain/Output/bin/../lib/gcc/i386-banana/8.1.0/libgcc.a
LOAD D:/Users/Alex/Desktop/Banana/kernel/libk/libm32.a
                0x00000000c0000000                . = 0xc0000000

.text           0x00000000c0000000    0x1e898
 *(.text)
 .text          0x00000000c0000000       0x41 D:/Users/Alex/Desktop/Banana/kernel/boot.32
                0x00000000c0000020                callGlobalConstructors
 .text          0x00000000c0000041        0x0 crti.32
 *fill*         0x00000000c0000041        0x3 
 .text          0x00000000c0000044      0x101 /cygdrive/d/Users/Alex/Desktop/Toolchain/Output/bin/../lib/gcc/i386-banana/8.1.0/crtbegin.o
 *fill*         0x00000000c0000145        0xb 
 .text          0x00000000c0000150      0x41f D:/Users/Alex/Desktop/Banana/kernel/morenasm.32
                0x00000000c0000150                doTPAUSE
                0x00000000c000015a                hasLegacyFPU
                0x00000000c000017f                is486
                0x00000000c00001b5                goToVM86
                0x00000000c00001e6                goToUsermode
                0x00000000c0000211                switchToThreadASMFirstTime
                0x00000000c000021f                switchToThreadASM
                0x00000000c00002bf                detectCPUID
                0x00000000c00002d5                asmQuickAcquireLock
                0x00000000c00002f3                asmQuickReleaseLock
                0x00000000c00002ff                asmAcquireLock
                0x00000000c0000320                asmReleaseLock
                0x00000000c0000333                loadGDT
                0x00000000c0000353                isr0
                0x00000000c0000363                isr1
                0x00000000c000036d                isr2
                0x00000000c0000377                isr3
                0x00000000c0000381                isr4
                0x00000000c000038b                isr5
                0x00000000c0000395                isr6
                0x00000000c000039f                isr7
                0x00000000c00003a9                isr8
                0x00000000c00003b1                isr9
                0x00000000c00003bb                isr10
                0x00000000c00003c3                isr11
                0x00000000c00003cb                isr12
                0x00000000c00003d3                isr13
                0x00000000c00003db                isr14
                0x00000000c00003e3                isr15
                0x00000000c00003ed                isr16
                0x00000000c00003f7                isr17
                0x00000000c0000401                isr18
                0x00000000c000040b                isr96
                0x00000000c0000415                irq0
                0x00000000c000041f                irq1
                0x00000000c0000429                irq2
                0x00000000c0000433                irq3
                0x00000000c000043d                irq4
                0x00000000c0000447                irq5
                0x00000000c0000451                irq6
                0x00000000c000045b                irq7
                0x00000000c0000465                irq8
                0x00000000c000046f                irq9
                0x00000000c0000479                irq10
                0x00000000c0000483                irq11
                0x00000000c000048d                irq12
                0x00000000c0000497                irq13
                0x00000000c00004a1                irq14
                0x00000000c00004ab                irq15
                0x00000000c00004b5                irq16
                0x00000000c00004bf                irq17
                0x00000000c00004c9                irq18
                0x00000000c00004d3                irq19
                0x00000000c00004dd                irq20
                0x00000000c00004e7                irq21
                0x00000000c00004f1                irq22
                0x00000000c00004fb                irq23
                0x00000000c0000505                int_common_stub
                0x00000000c0000535                syscall_common_stub
 *fill*         0x00000000c000056f        0x1 
 .text          0x00000000c0000570      0x629 acpica/utclib.32
                0x00000000c0000570                memcmp
                0x00000000c00005ac                memmove
                0x00000000c0000674                memcpy
                0x00000000c00006c0                memset
                0x00000000c00006dc                strlen
                0x00000000c00006f4                strpbrk
                0x00000000c0000730                strtok
                0x00000000c000077c                strcpy
                0x00000000c00007a0                strncpy
                0x00000000c0000808                strcmp
                0x00000000c0000848                strchr
                0x00000000c000086c                strncmp
                0x00000000c00008bc                strcat
                0x00000000c00008ec                strncat
                0x00000000c0000928                strstr
                0x00000000c0000970                toupper
                0x00000000c0000984                tolower
                0x00000000c0000998                simple_strtoul
 .text          0x00000000c0000b99      0xfbf core/malloc.32
                0x00000000c0000d04                dlfree
                0x00000000c000105f                dlmalloc
                0x00000000c000159c                dlrealloc
                0x00000000c0001751                dlmemalign
                0x00000000c0001874                dlcalloc
                0x00000000c000190e                dlcfree
                0x00000000c0001913                dlindependent_calloc
                0x00000000c0001938                dlindependent_comalloc
                0x00000000c000194f                dlvalloc
                0x00000000c000197a                dlpvalloc
                0x00000000c00019b0                dlmalloc_trim
                0x00000000c00019bd                dlmalloc_usable_size
                0x00000000c00019ee                dlmallinfo
                0x00000000c0001abd                dlmalloc_stats
                0x00000000c0001ace                dlmallopt
 .text          0x00000000c0001b58        0x0 libk/string.32
 .text          0x00000000c0001b58       0x51 fs/fat/diskio.32
                0x00000000c0001b58                disk_status
                0x00000000c0001b5b                disk_initialize
                0x00000000c0001b5e                disk_read
                0x00000000c0001b74                disk_write
                0x00000000c0001b8a                disk_ioctl
 .text          0x00000000c0001ba9     0x6833 fs/fat/ff.32
                0x00000000c0004e77                f_mount
                0x00000000c0004ed9                f_open
                0x00000000c0005315                f_read
                0x00000000c0005595                f_write
                0x00000000c000584f                f_sync
                0x00000000c0005a2b                f_close
                0x00000000c0005a5a                f_lseek
                0x00000000c0005f11                f_opendir
                0x00000000c0006013                f_closedir
                0x00000000c0006035                f_readdir
                0x00000000c00060d0                f_stat
                0x00000000c000615f                f_getfree
                0x00000000c000632a                f_truncate
                0x00000000c0006422                f_unlink
                0x00000000c00065a5                f_mkdir
                0x00000000c00067d1                f_rename
                0x00000000c0006ac4                f_chmod
                0x00000000c0006ba2                f_utime
                0x00000000c0006c80                f_getlabel
                0x00000000c0006e6e                f_setlabel
                0x00000000c00070db                f_forward
                0x00000000c00072b9                f_mkfs
 .text          0x00000000c00083dc       0x2d fs/fat/ffsystem.32
                0x00000000c00083dc                ff_memalloc
                0x00000000c00083f2                ff_memfree
 .text          0x00000000c0008409      0x253 fs/fat/ffunicode.32
                0x00000000c0008409                ff_uni2oem
                0x00000000c0008499                ff_oem2uni
                0x00000000c0008505                ff_wtoupper
 .text          0x00000000c000865c      0x70e hal/libresample/samplerate.32
                0x00000000c00086e4                src_delete
                0x00000000c0008720                src_process
                0x00000000c0008848                src_callback_read
                0x00000000c00089a9                src_set_ratio
                0x00000000c0008a00                src_get_channels
                0x00000000c0008a22                src_reset
                0x00000000c0008a66                src_new
                0x00000000c0008af4                src_callback_new
                0x00000000c0008b56                src_get_name
                0x00000000c0008b8d                src_get_description
                0x00000000c0008bc4                src_get_version
                0x00000000c0008bca                src_is_valid_ratio
                0x00000000c0008be4                src_error
                0x00000000c0008bf2                src_strerror
                0x00000000c0008c05                src_simple
                0x00000000c0008c58                src_short_to_float_array
                0x00000000c0008c7e                src_float_to_short_array
                0x00000000c0008ce2                src_int_to_float_array
                0x00000000c0008d08                src_float_to_int_array
 .text          0x00000000c0008d6a      0x3fd hal/libresample/src_linear.32
                0x00000000c00090c2                linear_get_name
                0x00000000c00090d1                linear_get_description
                0x00000000c00090e0                linear_set_converter
 .text          0x00000000c0009167     0x1b46 hal/libresample/src_sinc.32
                0x00000000c000aabd                sinc_get_name
                0x00000000c000aad0                sinc_get_description
                0x00000000c000aae3                sinc_set_converter
 .text          0x00000000c000acad      0x3d3 hal/libresample/src_zoh.32
                0x00000000c000afdb                zoh_get_name
                0x00000000c000afea                zoh_get_description
                0x00000000c000aff9                zoh_set_converter
 .text          0x00000000c000b080      0x68d core/computer.32
                0x00000000c000b080                Computer::close(int, int, void*)
                0x00000000c000b0c4                Computer::Computer()
                0x00000000c000b0c4                Computer::Computer()
                0x00000000c000b220                Computer::setBootMessage(char const*)
                0x00000000c000b222                Computer::start()
                0x00000000c000b2fc                firstTask()
                0x00000000c000b30a                Computer::detectFeatures()
                0x00000000c000b4e4                Computer::displayFeatures()
                0x00000000c000b4e6                Computer::rdmsr(unsigned int)
                0x00000000c000b512                Computer::wrmsr(unsigned int, unsigned long long)
                0x00000000c000b54a                Computer::nmiEnabled()
                0x00000000c000b556                Computer::readCMOS(unsigned char)
                0x00000000c000b570                Computer::enableNMI(bool)
                0x00000000c000b588                Computer::open(int, int, void*)
                0x00000000c000b650                Computer::disableNMI()
                0x00000000c000b65e                Computer::writeCMOS(unsigned char, unsigned char)
                0x00000000c000b67c                Computer::handleNMI()
                0x00000000c000b6e2                Computer::setDiskActivityLight(int, bool)
 .text          0x00000000c000b70d      0xf95 core/elf.32
                0x00000000c000b70d                allocateMemoryForTask(Process*, File*, unsigned long, unsigned long, unsigned long)
                0x00000000c000b98a                loadProgramIntoMemory(Process*, char const*)
                0x00000000c000bba0                runtimeReferenceHelper()
                0x00000000c000bbb3                getAddressOfKernelSymbol(char const*)
                0x00000000c000bc02                loadKernelSymbolTable(char const*)
                0x00000000c000bec3                loadDriverIntoMemory(char const*, unsigned long)
                0x00000000c000c5cb                loadDLL(char const*)
                0x00000000c000c694                executeDLL(unsigned long, void*)
 .text          0x00000000c000c6a2      0x1b7 core/gdt.32
                0x00000000c000c6a2                GDTEntry::setBase(unsigned int)
                0x00000000c000c6be                GDTEntry::setLimit(unsigned int)
                0x00000000c000c6dc                GDT::GDT()
                0x00000000c000c6dc                GDT::GDT()
                0x00000000c000c6f2                GDT::addEntry(GDTEntry)
                0x00000000c000c72e                GDT::getNumberOfEntries()
                0x00000000c000c736                GDT::flush()
                0x00000000c000c758                GDT::setup()
 .text          0x00000000c000c859       0x61 core/idle.32
                0x00000000c000c859                idleFunction(void*)
 .text          0x00000000c000c8ba      0x45f core/idt.32
                0x00000000c000c8ba                IDTEntry::IDTEntry(bool)
                0x00000000c000c8ba                IDTEntry::IDTEntry(bool)
                0x00000000c000c928                IDTEntry::setOffset(unsigned int)
                0x00000000c000c93c                IDT::IDT()
                0x00000000c000c93c                IDT::IDT()
                0x00000000c000c93e                IDT::getPointerToInvalidOpcodeEntryForF00F()
                0x00000000c000c946                IDT::addEntry(IDTEntry, int)
                0x00000000c000c960                IDT::addEntry(int, void (*)(), bool)
                0x00000000c000c998                IDT::flush()
                0x00000000c000c9b2                IDT::setup()
 .text          0x00000000c000cd19      0x519 core/kconsole.32
                0x00000000c000cd19                stringifyxWithBase(unsigned int, char*, int)
                0x00000000c000cd7a                logc(char)
                0x00000000c000cd91                logs(char*)
                0x00000000c000cdae                logWriteInt(unsigned int)
                0x00000000c000cdcb                logWriteIntBase(unsigned int, int)
                0x00000000c000cdea                kprintf(char const*, ...)
                0x00000000c000cf08                panic(char const*)
 .text          0x00000000c000d232      0x20d core/kheap.32
                0x00000000c000d232                sbrk
                0x00000000c000d34a                mmap
                0x00000000c000d360                munmap
                0x00000000c000d376                liballoc_lock()
                0x00000000c000d387                liballoc_unlock()
                0x00000000c000d398                liballoc_alloc(int)
                0x00000000c000d3b3                liballoc_free(void*, int)
                0x00000000c000d3d1                realloc
                0x00000000c000d3e5                malloc
                0x00000000c000d3f5                free
                0x00000000c000d405                rfree
                0x00000000c000d415                calloc
 .text          0x00000000c000d43f      0x38d core/main.32
                0x00000000c000d43f                hwTextMode_loadInData(VgaText*)
                0x00000000c000d484                hwTextMode_loadInTitle(VgaText*, char*)
                0x00000000c000d4c6                hwTextMode_showCursor(VgaText*, bool)
                0x00000000c000d51a                hwTextMode_update(VgaText*)
                0x00000000c000d51b                hwTextMode_updateCursor(VgaText*)
                0x00000000c000d563                hwTextMode_disableBlink(VgaText*, bool)
                0x00000000c000d59f                hwTextMode_scrollScreen(VgaText*)
                0x00000000c000d625                hwTextMode_writeCharacter(VgaText*, char, VgaColour, VgaColour, int, int)
                0x00000000c000d683                setupTextMode()
                0x00000000c000d6d4                kernel_main
 .text          0x00000000c000d7cc      0x46c core/physmgr.32
                0x00000000c000d7cc                Phys::allocateDMA(unsigned long)
                0x00000000c000d86f                Phys::freeDMA(unsigned long, unsigned long)
                0x00000000c000d8b7                Phys::setPageState(unsigned long, bool)
                0x00000000c000d8e9                Phys::getPageState(unsigned long)
                0x00000000c000d905                Phys::freePage(unsigned long)
                0x00000000c000d98f                Phys::allocatePage()
                0x00000000c000da4b                Phys::allowSegmentToBeUsed(unsigned long, unsigned long)
                0x00000000c000da83                Phys::physicalMemorySetup(unsigned int)
 .text          0x00000000c000dc38      0x273 core/pipe.32
                0x00000000c000dc38                Pipe::isAtty()
                0x00000000c000dc3c                Pipe::~Pipe()
                0x00000000c000dc3c                Pipe::~Pipe()
                0x00000000c000dc60                Pipe::~Pipe()
                0x00000000c000dc88                Pipe::read(unsigned long long, void*, int*)
                0x00000000c000dd7c                Pipe::write(unsigned long long, void*, int*)
                0x00000000c000de44                Pipe::Pipe(int)
                0x00000000c000de44                Pipe::Pipe(int)
 *fill*         0x00000000c000deab        0x1 
 .text          0x00000000c000deac     0x1154 core/prcssthr.32
                0x00000000c000deac                changeTSS
                0x00000000c000deda                Process::addArgs(char**)
                0x00000000c000df34                Process::Process(char const*, Process*, char**)
                0x00000000c000df34                Process::Process(char const*, Process*, char**)
                0x00000000c000e0ec                Process::Process(bool, char const*, Process*, char**)
                0x00000000c000e0ec                Process::Process(bool, char const*, Process*, char**)
                0x00000000c000e26f                disableIRQs()
                0x00000000c000e277                getIRQNestingLevel()
                0x00000000c000e27d                enableIRQs()
                0x00000000c000e28c                lockScheduler()
                0x00000000c000e28e                unlockScheduler()
                0x00000000c000e290                userModeEntryPoint(void*)
                0x00000000c000e2b3                lockStuff()
                0x00000000c000e2bf                taskStartupFunction
                0x00000000c000e2c8                updateTimeUsed()
                0x00000000c000e326                switchToThread(ThreadControlBlock*)
                0x00000000c000e376                Semaphore::Semaphore(int)
                0x00000000c000e376                Semaphore::Semaphore(int)
                0x00000000c000e3a4                Mutex::Mutex()
                0x00000000c000e3a4                Mutex::Mutex()
                0x00000000c000e3b6                Process::createThread(void (*)(void*), void*, int)
                0x00000000c000e49a                Process::createUserThread()
                0x00000000c000e4b6                setupMultitasking(void (*)())
                0x00000000c000e5c0                schedule()
                0x00000000c000e645                unlockStuff()
                0x00000000c000e67a                forkProcess(regs*)
                0x00000000c000e7e8                Semaphore::tryAcquire()
                0x00000000c000e816                Semaphore::assertLocked(char const*)
                0x00000000c000e849                blockTaskWithSchedulerLockAlreadyHeld(TaskState)
                0x00000000c000e88b                blockTask(TaskState)
                0x00000000c000e8ac                waitTask(int, int*, int)
                0x00000000c000e8ee                nanoSleepUntil(unsigned long long)
                0x00000000c000e945                nanoSleep(unsigned long long)
                0x00000000c000e95a                sleep(unsigned long long)
                0x00000000c000e978                Semaphore::acquire()
                0x00000000c000e9e0                execveProcess(char const*, char* const*, char* const*)
                0x00000000c000ea6e                taskReturned
                0x00000000c000eab0                unblockTask(ThreadControlBlock*)
                0x00000000c000eb5f                cleanupTerminatedTask(ThreadControlBlock*)
                0x00000000c000edfc                cleanerTaskFunction(void*)
                0x00000000c000ee8c                terminateTask(int)
                0x00000000c000ef14                Semaphore::release()
 .text          0x00000000c000f000      0xd8a core/syscalls.32
                0x00000000c000f000                sysCallGetPID(regs*)
                0x00000000c000f00c                sysCallSeekDir(regs*)
                0x00000000c000f011                sysCallTellDir(regs*)
                0x00000000c000f016                sysCallVerify(regs*)
                0x00000000c000f020                sysCallGetArgc(regs*)
                0x00000000c000f030                sysFormatDisk(regs*)
                0x00000000c000f09a                sysSetDiskVolumeLabel(regs*)
                0x00000000c000f0e0                sysGetDiskVolumeLabel(regs*)
                0x00000000c000f131                sysShutdown(regs*)
                0x00000000c000f179                sysCallGetCwd(regs*)
                0x00000000c000f198                sysCallSetCwd(regs*)
                0x00000000c000f1b4                sysCallRealpath(regs*)
                0x00000000c000f1f7                sysCallOpen(regs*)
                0x00000000c000f2e7                sysCallReadDir(regs*)
                0x00000000c000f356                sysCallIsATTY(regs*)
                0x00000000c000f3a9                sysCallSeek(regs*)
                0x00000000c000f3fa                sysCallTell(regs*)
                0x00000000c000f446                sysCallSizeFromFilename(regs*)
                0x00000000c000f4bf                sysCallSize(regs*)
                0x00000000c000f511                sysCallClose(regs*)
                0x00000000c000f55f                sysCallOpenDir(regs*)
                0x00000000c000f5cc                sysCallMakeDir(regs*)
                0x00000000c000f625                sysCallCloseDir(regs*)
                0x00000000c000f673                sysCallWait(regs*)
                0x00000000c000f68d                sysCallFork(regs*)
                0x00000000c000f6a9                sysCallExecve(regs*)
                0x00000000c000f6fe                sysCallRmdir(regs*)
                0x00000000c000f750                sysCallUnlink(regs*)
                0x00000000c000f7a2                sysCallGetArgv(regs*)
                0x00000000c000f7ee                sysCallTTYName(regs*)
                0x00000000c000f86a                sysCallGetEnv(regs*)
                0x00000000c000f8bc                sysCallUSleep(regs*)
                0x00000000c000f8e3                sysCallSpawn(regs*)
                0x00000000c000f953                sysAppSettings(regs*)
                0x00000000c000fa72                sysSetFatAttrib(regs*)
                0x00000000c000fad2                sysPanic(regs*)
                0x00000000c000faf8                sysPipe(regs*)
                0x00000000c000fb3d                sysGetUnixTime(regs*)
                0x00000000c000fb51                string_ends_with(char const*, char const*)
                0x00000000c000fb99                setupSystemCalls()
                0x00000000c000fd48                systemCall(regs*, void*)
 .text          0x00000000c000fd8a      0xf65 core/terminal.32
                0x00000000c000fd8a                VgaText::isAtty()
                0x00000000c000fd8e                VgaText::~VgaText()
                0x00000000c000fd8e                VgaText::~VgaText()
                0x00000000c000fdb2                VgaText::~VgaText()
                0x00000000c000fddc                VgaText::read(unsigned long long, void*, int*)
                0x00000000c000fdfc                setTerminalScrollLock(bool)
                0x00000000c000fdfd                addToTerminalCycle(VgaText*)
                0x00000000c000fe2a                installVgaTextImplementation()
                0x00000000c000fe3f                scrollTerminalScrollLock(int)
                0x00000000c000fe40                VgaText::load()
                0x00000000c000fe94                VgaText::updateCursor()
                0x00000000c000feae                VgaText::showCursor(bool)
                0x00000000c000febe                VgaText::disableBlink(bool)
                0x00000000c000fef8                VgaText::doANSI_SGR(int)
                0x00000000c000ff84                VgaText::setDefaultBgColour(VgaColour)
                0x00000000c000ff9a                VgaText::setDefaultFgColour(VgaColour)
                0x00000000c000ffb0                VgaText::setDefaultColours(VgaColour, VgaColour)
                0x00000000c000ffd0                VgaText::combineColours(unsigned char, unsigned char)
                0x00000000c000ffe2                VgaText::scrollScreen()
                0x00000000c0010076                VgaText::combineCharAndColour(char, unsigned char)
                0x00000000c0010088                VgaText::writeCharacter(char, VgaColour, VgaColour, int, int)
                0x00000000c00100e8                VgaText::getCursorX()
                0x00000000c00100f4                VgaText::getCursorY()
                0x00000000c0010100                VgaText::setCursor(int, int)
                0x00000000c001011e                VgaText::setCursorX(int)
                0x00000000c001013a                VgaText::setCursorY(int)
                0x00000000c0010156                VgaText::incrementCursor(bool)
                0x00000000c00101be                VgaText::updateRAMUsageDisplay(int)
                0x00000000c0010218                VgaText::updateDiskUsage()
                0x00000000c001037e                VgaText::updateTitle()
                0x00000000c00103c4                VgaText::setTitleTextColour(VgaColour)
                0x00000000c00103d4                VgaText::setTitleColour(VgaColour)
                0x00000000c00103e4                VgaText::setTitle(char*)
                0x00000000c001040a                VgaText::decrementCursor(bool)
                0x00000000c0010432                VgaText::putchar(char, VgaColour, VgaColour)
                0x00000000c001052e                VgaText::isShowingCursor()
                0x00000000c001053a                VgaText::isBlinkDisabled()
                0x00000000c0010548                VgaText::setCursorHeight(int)
                0x00000000c0010566                VgaText::getCursorHeight()
                0x00000000c0010571                setActiveTerminal(VgaText*)
                0x00000000c0010623                doTerminalCycle()
                0x00000000c0010640                VgaText::doUpdate()
                0x00000000c0010652                VgaText::puts(char const*, VgaColour, VgaColour)
                0x00000000c0010812                VgaText::clearScreen()
                0x00000000c0010876                VgaText::putchar(char)
                0x00000000c0010990                VgaText::puts(char const*)
                0x00000000c00109b6                VgaText::putx(unsigned int)
                0x00000000c00109fc                VgaText::VgaText(char const*)
                0x00000000c00109fc                VgaText::VgaText(char const*)
                0x00000000c0010b8e                VgaText::receiveKey(unsigned char)
                0x00000000c0010c76                VgaText::write(unsigned long long, void*, int*)
                0x00000000c0010cca                newTerminal(char*)
 *fill*         0x00000000c0010cef        0x1 
 .text          0x00000000c0010cf0      0x18f core/tss.32
                0x00000000c0010cf0                TSS::TSS()
                0x00000000c0010cf0                TSS::TSS()
                0x00000000c0010cfe                TSS::setESP(unsigned long)
                0x00000000c0010d10                TSS::flush()
                0x00000000c0010d30                TSS::setup(unsigned long, unsigned long)
 *fill*         0x00000000c0010e7f        0x1 
 .text          0x00000000c0010e80      0x32f core/unixfile.32
                0x00000000c0010e80                ReservedFilename::isAtty()
                0x00000000c0010e96                ReservedFilename::read(unsigned long long, void*, int*)
                0x00000000c0010f28                ReservedFilename::write(unsigned long long, void*, int*)
                0x00000000c0010fbe                UnixFile::getFileDescriptor()
                0x00000000c0010fc6                UnixFile::UnixFile(int)
                0x00000000c0010fc6                UnixFile::UnixFile(int)
                0x00000000c0011002                ReservedFilename::ReservedFilename(int)
                0x00000000c0011002                ReservedFilename::ReservedFilename(int)
                0x00000000c001102a                UnixFile::~UnixFile()
                0x00000000c001102a                UnixFile::~UnixFile()
                0x00000000c00110b0                UnixFile::~UnixFile()
                0x00000000c00110d8                ReservedFilename::~ReservedFilename()
                0x00000000c00110d8                ReservedFilename::~ReservedFilename()
                0x00000000c00110fc                ReservedFilename::~ReservedFilename()
                0x00000000c0011123                getFromFileDescriptor(int)
 *fill*         0x00000000c00111af        0x1 
 .text          0x00000000c00111b0     0x1175 core/virtmgr.32
                0x00000000c00111b0                Virt::setPageState(unsigned long, Virt::VirtPageState)
                0x00000000c00111e5                Virt::getPageState(unsigned long)
                0x00000000c0011209                Virt::allocateKernelVirtualPages(int)
                0x00000000c001131a                Virt::virtualMemorySetup()
                0x00000000c0011399                Virt::getAKernelVAS()
                0x00000000c001139f                Virt::setupPageSwapping(int)
                0x00000000c00114c4                VAS::VAS()
                0x00000000c00114c4                VAS::VAS()
                0x00000000c00114f4                VAS::getForeignPageTableEntry(bool, unsigned long)
                0x00000000c0011520                VAS::getPageTableEntry(unsigned long)
                0x00000000c001153f                Virt::freeKernelVirtualPages(unsigned long)
                0x00000000c0011662                VAS::freeAllocatedPages(unsigned long)
                0x00000000c0011686                VAS::virtualToPhysical(unsigned long)
                0x00000000c001169e                VAS::mapOtherVASIn(bool, VAS*)
                0x00000000c00116d4                VAS::~VAS()
                0x00000000c00116d4                VAS::~VAS()
                0x00000000c0011840                VAS::mapPage(unsigned long, unsigned long, int)
                0x00000000c0011940                VAS::allocatePages(int, int)
                0x00000000c0011b10                VAS::setCPUSpecific(unsigned long)
                0x00000000c0011b2c                VAS::mapRange(unsigned long, unsigned long, int, int)
                0x00000000c0011bf6                VAS::VAS(VAS*)
                0x00000000c0011bf6                VAS::VAS(VAS*)
                0x00000000c0011f40                VAS::mapForeignPage(bool, VAS*, unsigned long, unsigned long, int)
                0x00000000c001202e                VAS::VAS(bool)
                0x00000000c001202e                VAS::VAS(bool)
                0x00000000c001225e                mapVASFirstTime
 .text          0x00000000c0012325       0x93 coreobjs/c++.32
                0x00000000c0012325                __cxa_atexit
                0x00000000c0012328                __cxa_finalize
                0x00000000c0012329                __stack_chk_fail
                0x00000000c0012389                __cxa_pure_virtual
                0x00000000c001239a                operator new(unsigned long)
                0x00000000c001239f                operator new[](unsigned long)
                0x00000000c00123a4                operator delete(void*)
                0x00000000c00123a9                operator delete(void*, unsigned long)
                0x00000000c00123ae                operator delete[](void*)
                0x00000000c00123b3                operator delete[](void*, unsigned long)
 .text          0x00000000c00123b8        0x0 debugger/debug.32
 .text          0x00000000c00123b8      0xb68 fs/vfs.32
                0x00000000c00123b8                File::read(unsigned long long, void*, int*)
                0x00000000c0012410                File::write(unsigned long long, void*, int*)
                0x00000000c0012468                Directory::read(unsigned long long, void*, int*)
                0x00000000c00124c0                Directory::write(unsigned long long, void*, int*)
                0x00000000c00124ee                File::isAtty()
                0x00000000c00124f2                Directory::isAtty()
                0x00000000c00124f6                Filesystem::getlabel(LogicalDisk*, int, char*, unsigned int*)
                0x00000000c00124fc                Filesystem::setlabel(LogicalDisk*, int, char*)
                0x00000000c0012502                File::~File()
                0x00000000c0012502                File::~File()
                0x00000000c0012526                File::~File()
                0x00000000c0012550                Directory::~Directory()
                0x00000000c0012550                Directory::~Directory()
                0x00000000c0012574                Directory::~Directory()
                0x00000000c001259e                Filesystem::Filesystem()
                0x00000000c001259e                Filesystem::Filesystem()
                0x00000000c00125c2                Filesystem::~Filesystem()
                0x00000000c00125c2                Filesystem::~Filesystem()
                0x00000000c00125d0                Filesystem::~Filesystem()
                0x00000000c00125f4                initVFS()
                0x00000000c001261e                standardiseFiles(char*, char const*, char const*)
                0x00000000c00127c8                File::File(char const*, Process*)
                0x00000000c00127c8                File::File(char const*, Process*)
                0x00000000c001282c                File::open(FileOpenMode)
                0x00000000c001288a                File::close()
                0x00000000c00128ea                File::seek(unsigned long long)
                0x00000000c0012940                File::tell(unsigned long long*)
                0x00000000c0012990                File::rewind()
                0x00000000c00129a4                File::unlink()
                0x00000000c00129f0                File::rename(char const*)
                0x00000000c0012a3e                File::chfatattr(unsigned char, unsigned char)
                0x00000000c0012a9a                File::exists()
                0x00000000c0012ad8                File::stat(unsigned long long*, bool*)
                0x00000000c0012b39                getcwd(Process*, char*, int)
                0x00000000c0012b63                setcwd(Process*, char*)
                0x00000000c0012c8a                Directory::Directory(char const*, Process*)
                0x00000000c0012c8a                Directory::Directory(char const*, Process*)
                0x00000000c0012cee                Directory::open()
                0x00000000c0012d4a                Directory::close()
                0x00000000c0012daa                Directory::unlink()
                0x00000000c0012df6                Directory::rename(char const*)
                0x00000000c0012e44                Directory::exists()
                0x00000000c0012e82                Directory::read(dirent*)
                0x00000000c0012ece                Directory::create()
                0x00000000c0012f1a                Filesystem::chfatattr(char const*, unsigned char, unsigned char)
 .text          0x00000000c0012f20       0x84 hal/bus.32
                0x00000000c0012f20                Bus::Bus(char const*)
                0x00000000c0012f20                Bus::Bus(char const*)
                0x00000000c0012f56                Bus::~Bus()
                0x00000000c0012f56                Bus::~Bus()
                0x00000000c0012f7a                Bus::~Bus()
 .text          0x00000000c0012fa4      0x14e hal/buzzer.32
                0x00000000c0012fa4                Buzzer::Buzzer(char const*)
                0x00000000c0012fa4                Buzzer::Buzzer(char const*)
                0x00000000c0012fe8                Buzzer::~Buzzer()
                0x00000000c0012fe8                Buzzer::~Buzzer()
                0x00000000c001300c                Buzzer::~Buzzer()
                0x00000000c0013036                Buzzer::stop()
                0x00000000c0013049                beepThread(void*)
                0x00000000c0013084                Buzzer::beep(int, int, bool)
 .text          0x00000000c00130f2      0x42f hal/clock.32
                0x00000000c00130f2                loadClockSettings()
                0x00000000c001310c                Clock::Clock(char const*)
                0x00000000c001310c                Clock::Clock(char const*)
                0x00000000c0013142                Clock::~Clock()
                0x00000000c0013142                Clock::~Clock()
                0x00000000c0013166                Clock::~Clock()
                0x00000000c0013190                Clock::timeInSecondsLocal()
                0x00000000c00131d8                Clock::setTimeInSecondsLocal(unsigned long long)
                0x00000000c0013231                datetimeToSeconds(datetime_t)
                0x00000000c0013358                Clock::setTimeInDatetimeLocal(datetime_t)
                0x00000000c00133b8                secondsToDatetime(unsigned long long)
                0x00000000c00134fc                Clock::timeInDatetimeLocal()
 *fill*         0x00000000c0013521        0x1 
 .text          0x00000000c0013522      0x504 hal/device.32
                0x00000000c0013522                Device::hibernate()
                0x00000000c0013524                Device::wake()
                0x00000000c0013526                Device::detect()
                0x00000000c0013528                Device::disableLegacy()
                0x00000000c001352a                Device::powerSaving(PowerSavingLevel)
                0x00000000c001352c                DriverlessDevice::close(int, int, void*)
                0x00000000c0013530                DriverlessDevice::detect()
                0x00000000c0013532                DriverlessDevice::open(int, int, void*)
                0x00000000c0013546                Device::~Device()
                0x00000000c0013546                Device::~Device()
                0x00000000c0013554                Device::~Device()
                0x00000000c001357c                Device::findAndLoadDriver()
                0x00000000c001357e                Device::preOpenPCI(PCIDeviceInfo)
                0x00000000c00135a4                Device::preOpenACPI(void*, char*, char*)
                0x00000000c00135f8                Device::addIRQHandler(int, void (*)(regs*, void*), bool, void*)
                0x00000000c0013656                Device::removeIRQHandler(int, void (*)(regs*, void*), bool)
                0x00000000c00136a4                Device::addChild(Device*)
                0x00000000c00136e8                Device::removeAllChildren()
                0x00000000c001372e                Device::hibernateAll()
                0x00000000c001375e                Device::wakeAll()
                0x00000000c001378e                Device::detectAll()
                0x00000000c00137be                Device::disableLegacyAll()
                0x00000000c00137ee                Device::loadDriversForAll()
                0x00000000c001381a                Device::closeAll()
                0x00000000c0013850                Device::powerSavingAll(PowerSavingLevel)
                0x00000000c0013886                Device::setName(char const*)
                0x00000000c0013894                Device::Device(char const*)
                0x00000000c0013894                Device::Device(char const*)
                0x00000000c0013986                Device::getName()
                0x00000000c0013990                DriverlessDevice::DriverlessDevice(char const*)
                0x00000000c0013990                DriverlessDevice::DriverlessDevice(char const*)
                0x00000000c00139b8                Device::addToLinkedList(LinkedList<Device>&, DeviceType)
                0x00000000c00139fc                getDevicesOfType(DeviceType)
 .text          0x00000000c0013a26       0x84 hal/diskctrl.32
                0x00000000c0013a26                HardDiskController::HardDiskController(char const*)
                0x00000000c0013a26                HardDiskController::HardDiskController(char const*)
                0x00000000c0013a5c                HardDiskController::~HardDiskController()
                0x00000000c0013a5c                HardDiskController::~HardDiskController()
                0x00000000c0013a80                HardDiskController::~HardDiskController()
 .text          0x00000000c0013aaa       0xde hal/diskphys.32
                0x00000000c0013aaa                PhysicalDisk::PhysicalDisk(char const*, int)
                0x00000000c0013aaa                PhysicalDisk::PhysicalDisk(char const*, int)
                0x00000000c0013b12                PhysicalDisk::startCache()
                0x00000000c0013b3a                PhysicalDisk::~PhysicalDisk()
                0x00000000c0013b3a                PhysicalDisk::~PhysicalDisk()
                0x00000000c0013b5e                PhysicalDisk::~PhysicalDisk()
 .text          0x00000000c0013b88      0x128 hal/fpu.32
                0x00000000c0013b88                FPU::FPU(char const*)
                0x00000000c0013b88                FPU::FPU(char const*)
                0x00000000c0013bbe                FPU::~FPU()
                0x00000000c0013bbe                FPU::~FPU()
                0x00000000c0013be2                FPU::~FPU()
                0x00000000c0013c0c                setupFPU()
 .text          0x00000000c0013cb0      0xb89 hal/intctrl.32
                0x00000000c0013cb0                InterruptController::uninstallISRHandler(int, void (*)(regs*, void*))
                0x00000000c0013ce8                InterruptController::installISRHandler(int, void (*)(regs*, void*), void*)
                0x00000000c0013d3a                doubleFault(regs*, void*)
                0x00000000c0013d48                InterruptController::installIRQHandler(int, void (*)(regs*, void*), bool, void*)
                0x00000000c0013de4                InterruptController::clearAllHandlers(int, bool)
                0x00000000c0013e8c                InterruptController::uninstallIRQHandler(int, void (*)(regs*, void*), bool)
                0x00000000c0013f13                nmiHandler(regs*, void*)
                0x00000000c0013f21                int_handler
                0x00000000c0013fbc                InterruptController::InterruptController(char const*)
                0x00000000c0013fbc                InterruptController::InterruptController(char const*)
                0x00000000c0014062                InterruptController::~InterruptController()
                0x00000000c0014062                InterruptController::~InterruptController()
                0x00000000c0014086                InterruptController::~InterruptController()
                0x00000000c00140b0                displayDebugInfo(regs*)
                0x00000000c0014492                gpFault(regs*, void*)
                0x00000000c00144cb                pgFault(regs*, void*)
                0x00000000c00144e2                otherISRHandler(regs*, void*)
                0x00000000c0014501                opcodeFault(regs*, void*)
                0x00000000c001456b                displayProgramFault(char const*)
                0x00000000c0014594                InterruptController::convertLegacyIRQNumber(int)
                0x00000000c00145de                setupInterruptController()
 *fill*         0x00000000c0014839        0x1 
 .text          0x00000000c001483a      0x604 hal/keybrd.32
                0x00000000c001483a                startGUI(void*)
                0x00000000c00148a8                sendKeyToTerminal(unsigned char)
                0x00000000c0014914                sendKeyboardToken(KeyboardToken)
                0x00000000c0014cef                clearInternalKeybuffer(VgaText*)
                0x00000000c0014d24                readKeyboard(VgaText*, char*, unsigned long)
                0x00000000c0014db4                Keyboard::Keyboard(char const*)
                0x00000000c0014db4                Keyboard::Keyboard(char const*)
                0x00000000c0014df0                Keyboard::~Keyboard()
                0x00000000c0014df0                Keyboard::~Keyboard()
                0x00000000c0014e14                Keyboard::~Keyboard()
 .text          0x00000000c0014e3e      0x400 hal/logidisk.32
                0x00000000c0014e3e                LogicalDisk::close(int, int, void*)
                0x00000000c0014e42                LogicalDisk::~LogicalDisk()
                0x00000000c0014e42                LogicalDisk::~LogicalDisk()
                0x00000000c0014e66                LogicalDisk::~LogicalDisk()
                0x00000000c0014e90                LogicalDisk::open(int, int, void*)
                0x00000000c0014ea4                LogicalDisk::absoluteToRelative(unsigned long long)
                0x00000000c0014edc                LogicalDisk::relativeToAbsolute(unsigned long long)
                0x00000000c0014f22                LogicalDisk::LogicalDisk(char const*, PhysicalDisk*, unsigned long long, unsigned long long)
                0x00000000c0014f22                LogicalDisk::LogicalDisk(char const*, PhysicalDisk*, unsigned long long, unsigned long long)
                0x00000000c0014fd8                LogicalDisk::assignDriveLetter()
                0x00000000c001508e                LogicalDisk::mount()
                0x00000000c0015100                LogicalDisk::unmount()
                0x00000000c0015110                LogicalDisk::unassignDriveLetter()
                0x00000000c0015166                LogicalDisk::read(unsigned long long, int, void*)
                0x00000000c00151d2                LogicalDisk::write(unsigned long long, int, void*)
 .text          0x00000000c001523e       0x84 hal/mouse.32
                0x00000000c001523e                Mouse::Mouse(char const*)
                0x00000000c001523e                Mouse::Mouse(char const*)
                0x00000000c0015274                Mouse::~Mouse()
                0x00000000c0015274                Mouse::~Mouse()
                0x00000000c0015298                Mouse::~Mouse()
 .text          0x00000000c00152c2      0x339 hal/partition.32
                0x00000000c00152c2                makePartition(PhysicalDisk*, unsigned long long, unsigned long long)
                0x00000000c001536a                createPartitionsForDisk(PhysicalDisk*)
 *fill*         0x00000000c00155fb        0x1 
 .text          0x00000000c00155fc      0x2e7 hal/timer.32
                0x00000000c00155fc                Timer::Timer(char const*)
                0x00000000c00155fc                Timer::Timer(char const*)
                0x00000000c0015632                Timer::~Timer()
                0x00000000c0015632                Timer::~Timer()
                0x00000000c0015656                Timer::~Timer()
                0x00000000c0015680                Timer::read()
                0x00000000c001568b                timerHandler(unsigned long long)
                0x00000000c00157c2                setupTimer(int)
 *fill*         0x00000000c00158e3        0x1 
 .text          0x00000000c00158e4      0x2d1 hal/vcache.32
                0x00000000c00158e4                VCache::VCache(PhysicalDisk*)
                0x00000000c00158e4                VCache::VCache(PhysicalDisk*)
                0x00000000c00159d4                VCache::writeWriteBuffer()
                0x00000000c0015a10                VCache::~VCache()
                0x00000000c0015a10                VCache::~VCache()
                0x00000000c0015a50                VCache::~VCache()
                0x00000000c0015a78                VCache::write(unsigned long long, int, void*)
                0x00000000c0015b5c                VCache::read(unsigned long long, int, void*)
 *fill*         0x00000000c0015bb5        0x1 
 .text          0x00000000c0015bb6      0x26d hal/video.32
                0x00000000c0015bb6                Video::putrect(int, int, int, int, unsigned int)
                0x00000000c0015c00                Video::blit(unsigned int*, int, int, int, int)
                0x00000000c0015c7e                Video::clearScreen(unsigned int)
                0x00000000c0015cb2                Video::putpixel(int, int, unsigned int)
                0x00000000c0015cc0                Video::Video(char const*)
                0x00000000c0015cc0                Video::Video(char const*)
                0x00000000c0015cf6                Video::~Video()
                0x00000000c0015cf6                Video::~Video()
                0x00000000c0015d1a                Video::~Video()
                0x00000000c0015d44                Video::isMonochrome()
                0x00000000c0015d50                Video::getWidth()
                0x00000000c0015d5c                Video::getHeight()
                0x00000000c0015d68                Video::drawCursor(int, int, unsigned char*, int)
 *fill*         0x00000000c0015e23        0x1 
 .text          0x00000000c0015e24      0xc86 hw/acpi.32
                0x00000000c0015e24                ACPI::close(int, int, void*)
                0x00000000c0015ed9                findRSDP()
                0x00000000c0015f63                loadACPITables(unsigned char*)
                0x00000000c001618a                findRSDT(unsigned char*)
                0x00000000c00162a8                findDataTable(unsigned char*, char*)
                0x00000000c0016344                scanMADT()
                0x00000000c00166d8                ACPI::ACPI()
                0x00000000c00166d8                ACPI::ACPI()
                0x00000000c0016738                ACPI::getPCIIRQAssignment(unsigned char, unsigned short, unsigned char)
                0x00000000c001681a                ACPI::registerPCIIRQAssignment(void*, unsigned short, unsigned char, unsigned char)
                0x00000000c0016920                ACPI::setScreenBrightnessLevel(void*, int)
                0x00000000c0016926                ACPI::writeSimpleBootFlag(SimpleBootFlagTable*)
                0x00000000c001696e                ACPI::open(int, int, void*)
                0x00000000c0016a92                ACPI::sleep()
 .text          0x00000000c0016aaa     0x132c hw/cpu.32
                0x00000000c0016aaa                CPU::close(int, int, void*)
                0x00000000c0016aad                lookupAMDCPUName(unsigned char, unsigned char)
                0x00000000c0016c41                lookupIntelCPUName(unsigned char, unsigned char)
                0x00000000c0016eef                AMD_K6_write_msr(unsigned int, unsigned int, unsigned int, REGS*)
                0x00000000c0016f0b                AMD_K6_read_msr(unsigned int, REGS*)
                0x00000000c0016f23                AMD_K6_writeback(int, int, int)
                0x00000000c0016f96                cpuid(int, unsigned long*, unsigned long*, unsigned long*, unsigned long*)
                0x00000000c0017019                cpuidCheckEDX(unsigned int)
                0x00000000c0017046                cpuidCheckECX(unsigned int)
                0x00000000c0017073                cpuidCheckExtendedEBX(unsigned int)
                0x00000000c00170a0                cpuidCheckExtendedECX(unsigned int)
                0x00000000c00170cd                getCPUNumber()
                0x00000000c00170d0                thisCPU()
                0x00000000c00170e4                CPU::CPU()
                0x00000000c00170e4                CPU::CPU()
                0x00000000c0017172                CPU::displayFeatures()
                0x00000000c0017174                CPU::detectFeatures()
                0x00000000c0017b66                CPU::setupSMEP()
                0x00000000c0017b80                CPU::setupUMIP()
                0x00000000c0017b98                CPU::setupTSC()
                0x00000000c0017bb0                CPU::setupLargePages()
                0x00000000c0017bc8                CPU::setupPAT()
                0x00000000c0017c04                CPU::setupMTRR()
                0x00000000c0017c06                CPU::setupGlobalPages()
                0x00000000c0017c1c                CPU::allowUsermodeDataAccess()
                0x00000000c0017c2e                CPU::prohibitUsermodeDataAccess()
                0x00000000c0017c40                CPU::setupSMAP()
                0x00000000c0017c66                CPU::setupFeatures()
                0x00000000c0017d08                CPU::open(int, int, void*)
 .text          0x00000000c0017dd6        0x0 hw/ports.32
 .text          0x00000000c0017dd6      0x503 registry/registry.32
                0x00000000c0017dd6                Reg::findLineFromLoadedData(char*, char*, char*)
                0x00000000c0017f2e                Reg::getLineFromRegistry(char*, char*, char*, char*)
                0x00000000c001808d                Reg::getLine(char*, char*, char*)
                0x00000000c00180c4                Reg::readInt(char*, char*, int*)
                0x00000000c00181af                Reg::readString(char*, char*, char*, int)
                0x00000000c0018230                Reg::readBool(char*, char*, bool*)
                0x00000000c0018255                Reg::readBoolWithDefault(char*, char*, bool)
                0x00000000c0018281                Reg::readIntWithDefault(char*, char*, int)
                0x00000000c00182ad                Reg::readStringWithDefault(char*, char*, char*, int, char*)
 .text          0x00000000c00182d9       0x18 syscalls/sc_exit.32
                0x00000000c00182d9                Sys::exit(regs*)
 .text          0x00000000c00182f1       0x68 syscalls/sc_read.32
                0x00000000c00182f1                Sys::read(regs*)
 .text          0x00000000c0018359       0x55 syscalls/sc_sbrk.32
                0x00000000c0018359                Sys::sbrk(regs*)
 .text          0x00000000c00183ae       0x68 syscalls/sc_write.32
                0x00000000c00183ae                Sys::write(regs*)
 .text          0x00000000c0018416       0x1a syscalls/sc_yield.32
                0x00000000c0018416                Sys::yield(regs*)
 .text          0x00000000c0018430      0x8bf vm86/vm8086.32
                0x00000000c0018430                vm8086EntryPoint(void*)
                0x00000000c001845b                inbv(unsigned short)
                0x00000000c0018461                outbv(unsigned short, unsigned char)
                0x00000000c001846b                realToLinear(unsigned short, unsigned short)
                0x00000000c001847b                getSegment(unsigned int)
                0x00000000c0018483                getOffset(unsigned int)
                0x00000000c0018488                loadVM8086FileAsThread(Process*, char const*, unsigned short, unsigned short, unsigned short, unsigned short)
                0x00000000c00185b7                vm8086DoISR(regs*, int, unsigned char*, unsigned short, unsigned short)
                0x00000000c0018641                readByteFromReal(unsigned short, unsigned short)
                0x00000000c0018652                readWordFromReal(unsigned short, unsigned short)
                0x00000000c0018664                readDwordFromReal(unsigned short, unsigned short)
                0x00000000c0018675                writeByteFromReal(unsigned short, unsigned short, unsigned char)
                0x00000000c001868a                writeWordFromReal(unsigned short, unsigned short, unsigned short)
                0x00000000c00186a0                writeDwordFromReal(unsigned short, unsigned short, unsigned int)
                0x00000000c00186b5                vm8086FaultHandler(regs*)
 *fill*         0x00000000c0018cef        0x1 
 .text          0x00000000c0018cf0     0x1088 fs/fat/vfslink.32
                0x00000000c0018cf0                FAT::getName()
                0x00000000c0018cf6                FAT::tell(void*, unsigned long long*)
                0x00000000c0018d2a                FAT::stat(void*, unsigned long long*)
                0x00000000c0018d5e                FAT::exists(char const*)
                0x00000000c0018d62                FAT::~FAT()
                0x00000000c0018d62                FAT::~FAT()
                0x00000000c0018d86                FAT::~FAT()
                0x00000000c0018dae                FAT::getlabel(LogicalDisk*, int, char*, unsigned int*)
                0x00000000c0018e4c                FAT::setlabel(LogicalDisk*, int, char*)
                0x00000000c0018f06                FAT::format(LogicalDisk*, int, char const*, int)
                0x00000000c00190ea                FAT::tryMount(LogicalDisk*, int)
                0x00000000c00192f0                FAT::readDir(void*, unsigned long, void*, int*)
                0x00000000c00193f8                FAT::read(void*, unsigned long, void*, int*)
                0x00000000c0019452                FAT::write(void*, unsigned long, void*, int*)
                0x00000000c00194ac                FAT::close(void*)
                0x00000000c00194f8                FAT::closeDir(void*)
                0x00000000c0019544                FAT::seek(void*, unsigned long long)
                0x00000000c0019598                fatWrapperReadDisk
                0x00000000c00195df                fatWrapperWriteDisk
                0x00000000c0019626                fatWrapperIoctl
                0x00000000c001972a                FAT::FAT()
                0x00000000c001972a                FAT::FAT()
                0x00000000c001977c                FAT::fixFilepath(char*)
                0x00000000c00197b4                FAT::open(char const*, void**, FileOpenMode)
                0x00000000c00198dc                FAT::openDir(char const*, void**)
                0x00000000c0019982                FAT::stat(char const*, unsigned long long*, bool*)
                0x00000000c0019a6c                FAT::unlink(char const*)
                0x00000000c0019ae6                FAT::chfatattr(char const*, unsigned char, unsigned char)
                0x00000000c0019c3a                FAT::rename(char const*, char const*)
                0x00000000c0019cfe                FAT::mkdir(char const*)
 .text          0x00000000c0019d78      0xbdf fs/iso9660/vfslink.32
                0x00000000c0019d78                ISO9660::format(LogicalDisk*, int, char const*, int)
                0x00000000c0019d7e                ISO9660::seek(void*, unsigned long long)
                0x00000000c0019dae                ISO9660::tell(void*, unsigned long long*)
                0x00000000c0019dd2                ISO9660::getName()
                0x00000000c0019dd8                ISO9660::stat(void*, unsigned long long*)
                0x00000000c0019dfc                ISO9660::chfatattr(char const*, unsigned char, unsigned char)
                0x00000000c0019e02                ISO9660::unlink(char const*)
                0x00000000c0019e08                ISO9660::write(void*, unsigned long, void*, int*)
                0x00000000c0019e0e                ISO9660::rename(char const*, char const*)
                0x00000000c0019e14                ISO9660::mkdir(char const*)
                0x00000000c0019e1a                ISO9660::close(void*)
                0x00000000c0019e3c                ISO9660::closeDir(void*)
                0x00000000c0019e5e                ISO9660::~ISO9660()
                0x00000000c0019e5e                ISO9660::~ISO9660()
                0x00000000c0019e82                ISO9660::~ISO9660()
                0x00000000c0019ea9                __memmem(unsigned char*, int, unsigned char*, int)
                0x00000000c0019eeb                readSectorFromCDROM(unsigned int, unsigned char*, char)
                0x00000000c0019f52                ISO9660::tryMount(LogicalDisk*, int)
                0x00000000c0019fa2                ISO9660::read(void*, unsigned long, void*, int*)
                0x00000000c001a1e6                ISO9660::readDir(void*, unsigned long, void*, int*)
                0x00000000c001a474                readRoot(unsigned int*, unsigned int*, char)
                0x00000000c001a4c9                readRecursively(char*, unsigned int, unsigned int, unsigned int*, unsigned int*, char, int*)
                0x00000000c001a69c                getFileData(char*, unsigned int*, unsigned int*, char, int*)
                0x00000000c001a72a                ISO9660::open(char const*, void**, FileOpenMode)
                0x00000000c001a7c4                ISO9660::exists(char const*)
                0x00000000c001a7e8                ISO9660::stat(char const*, unsigned long long*, bool*)
                0x00000000c001a87c                ISO9660::openDir(char const*, void**)
                0x00000000c001a934                ISO9660::ISO9660()
                0x00000000c001a934                ISO9660::ISO9660()
 *fill*         0x00000000c001a957        0x1 
 .text          0x00000000c001a958      0x244 hal/sound/sndchannel.32
                0x00000000c001a958                SoundChannel::~SoundChannel()
                0x00000000c001a958                SoundChannel::~SoundChannel()
                0x00000000c001a974                SoundChannel::setSpeed(float)
                0x00000000c001a980                SoundChannel::getSpeed()
                0x00000000c001a988                SoundChannel::setVolume(int)
                0x00000000c001a9a4                SoundChannel::getVolume()
                0x00000000c001a9ac                SoundChannel::pause()
                0x00000000c001a9b6                SoundChannel::SoundChannel(int, int, int, int)
                0x00000000c001a9b6                SoundChannel::SoundChannel(int, int, int, int)
                0x00000000c001aaac                SoundChannel::play()
                0x00000000c001aab6                SoundChannel::paused()
                0x00000000c001aabe                SoundChannel::getSampleRate()
                0x00000000c001aac6                SoundChannel::getBits()
                0x00000000c001aace                SoundChannel::getBufferUsed()
                0x00000000c001aad6                SoundChannel::getBufferSize()
                0x00000000c001aade                SoundChannel::unbuffer(float*, int, int)
                0x00000000c001ab50                SoundChannel::buffer8(unsigned char*, int)
 .text          0x00000000c001ab9c      0x317 hal/sound/sndhw.32
                0x00000000c001ab9c                SoundDevice::SoundDevice(char const*)
                0x00000000c001ab9c                SoundDevice::SoundDevice(char const*)
                0x00000000c001ac08                SoundDevice::~SoundDevice()
                0x00000000c001ac08                SoundDevice::~SoundDevice()
                0x00000000c001ac82                SoundDevice::~SoundDevice()
                0x00000000c001acac                SoundDevice::getFreeChannelNum()
                0x00000000c001acc6                SoundDevice::addChannel(SoundChannel*)
                0x00000000c001ad36                SoundDevice::removeChannel(int)
                0x00000000c001ad68                SoundDevice::floatTo8(float*, unsigned char*, int)
                0x00000000c001add4                SoundDevice::getAudio(int, float*, float*)
 .text          0x00000000c001aeb3        0x0 hw/bus/isa.32
 *fill*         0x00000000c001aeb3        0x1 
 .text          0x00000000c001aeb4      0x6e5 hw/bus/pci.32
                0x00000000c001aeb4                PCI::open(int, int, void*)
                0x00000000c001aec8                PCI::close(int, int, void*)
                0x00000000c001aecc                PCI::PCI()
                0x00000000c001aecc                PCI::PCI()
                0x00000000c001af4c                PCI::pciReadWord(unsigned char, unsigned char, unsigned char, unsigned char)
                0x00000000c001af94                PCI::getVendorID(unsigned char, unsigned char, unsigned char)
                0x00000000c001afb6                PCI::getHeaderType(unsigned char, unsigned char, unsigned char)
                0x00000000c001afda                PCI::getClassCode(unsigned char, unsigned char, unsigned char)
                0x00000000c001b01e                PCI::getProgIF(unsigned char, unsigned char, unsigned char)
                0x00000000c001b042                PCI::getRevisionID(unsigned char, unsigned char, unsigned char)
                0x00000000c001b064                PCI::getInterruptNumber(unsigned char, unsigned char, unsigned char)
                0x00000000c001b086                PCI::getSecondaryBus(unsigned char, unsigned char, unsigned char)
                0x00000000c001b0aa                PCI::getBARAddress(unsigned char, unsigned char, unsigned char, unsigned char)
                0x00000000c001b10a                PCI::pciWriteWord(unsigned char, unsigned char, unsigned char, unsigned char, unsigned short)
                0x00000000c001b176                PCI::checkBus(unsigned char)
                0x00000000c001b19a                PCI::foundDevice(PCIDeviceInfo)
                0x00000000c001b30a                PCI::getDeviceData(unsigned char, unsigned char, unsigned char)
                0x00000000c001b4da                PCI::checkDevice(unsigned char, unsigned char)
                0x00000000c001b546                PCI::detect()
 *fill*         0x00000000c001b599        0x1 
 .text          0x00000000c001b59a      0x4b9 hw/clock/rtc.32
                0x00000000c001b59a                RTC::open(int, int, void*)
                0x00000000c001b59e                RTC::close(int, int, void*)
                0x00000000c001b5a2                RTC::timeInSecondsUTC()
                0x00000000c001b5b4                RTC::setTimeInDatetimeUTC(datetime_t)
                0x00000000c001b5b8                RTC::timeInDatetimeUTC()
                0x00000000c001b5de                RTC::setTimeInSecondsUTC(unsigned long long)
                0x00000000c001b61c                RTC::~RTC()
                0x00000000c001b61c                RTC::~RTC()
                0x00000000c001b640                RTC::~RTC()
                0x00000000c001b66a                RTC::get_update_in_progress_flag()
                0x00000000c001b682                RTC::completeRTCRefresh()
                0x00000000c001b96e                rtcIRQHandler(regs*, void*)
                0x00000000c001b9b4                RTC::RTC()
                0x00000000c001b9b4                RTC::RTC()
 *fill*         0x00000000c001ba53        0x1 
 .text          0x00000000c001ba54      0xc70 hw/diskctrl/ide.32
                0x00000000c001ba54                IDE::close(int, int, void*)
                0x00000000c001ba58                IDE::IDE()
                0x00000000c001ba58                IDE::IDE()
                0x00000000c001ba8c                IDE::prepareInterrupt(unsigned char)
                0x00000000c001ba9e                selectDrive(unsigned char, unsigned char)
                0x00000000c001baa0                IDE::getBase(unsigned char)
                0x00000000c001bab2                IDE::write(unsigned char, unsigned char, unsigned char)
                0x00000000c001bb72                IDE::read(unsigned char, unsigned char)
                0x00000000c001bc20                IDE::waitInterrupt(unsigned char)
                0x00000000c001bc86                ideChannel0IRQHandler(regs*, void*)
                0x00000000c001bca2                ideChannel1IRQHandler(regs*, void*)
                0x00000000c001bcbe                IDE::enableIRQs(unsigned char, bool)
                0x00000000c001bd04                IDE::open(int, int, void*)
                0x00000000c001c114                IDE::readBuffer(unsigned char, unsigned char, unsigned int, unsigned int)
                0x00000000c001c1e0                IDE::detect()
                0x00000000c001c4c8                IDE::printError(unsigned char, unsigned char, unsigned char)
                0x00000000c001c65e                IDE::polling(unsigned char, unsigned int)
 .text          0x00000000c001c6c4      0x62b hw/diskphys/ata.32
                0x00000000c001c6c4                ATA::close(int, int, void*)
                0x00000000c001c6e8                ATA::powerSaving(PowerSavingLevel)
                0x00000000c001c6ea                ATA::ATA()
                0x00000000c001c6ea                ATA::ATA()
                0x00000000c001c718                ATA::flush(bool)
                0x00000000c001c762                ATA::readyForCommand()
                0x00000000c001c7b2                ATA::access(unsigned long long, int, void*, bool)
                0x00000000c001cb30                ATA::read(unsigned long long, int, void*)
                0x00000000c001cb98                ATA::write(unsigned long long, int, void*)
                0x00000000c001cc00                ATA::detectCHS()
                0x00000000c001cc2a                ATA::open(int, int, void*)
 *fill*         0x00000000c001ccef        0x1 
 .text          0x00000000c001ccf0      0x5b3 hw/diskphys/atapi.32
                0x00000000c001ccf0                ATAPI::write(unsigned long long, int, void*)
                0x00000000c001ccf6                ATAPI::close(int, int, void*)
                0x00000000c001cd1a                ATAPI::ATAPI()
                0x00000000c001cd1a                ATAPI::ATAPI()
                0x00000000c001cd48                ATAPI::readyForCommand()
                0x00000000c001cd98                ATAPI::sendPacket(unsigned char*, int, bool, unsigned short*, int)
                0x00000000c001d058                ATAPI::diskRemoved()
                0x00000000c001d074                ATAPI::eject()
                0x00000000c001d0ba                ATAPI::diskInserted()
                0x00000000c001d0e8                ATAPI::detectMedia()
                0x00000000c001d1a4                ATAPI::open(int, int, void*)
                0x00000000c001d224                ATAPI::read(unsigned long long, int, void*)
 *fill*         0x00000000c001d2a3        0x1 
 .text          0x00000000c001d2a4       0x8e hw/fpu/avx.32
                0x00000000c001d2a4                AVX::open(int, int, void*)
                0x00000000c001d2b6                AVX::close(int, int, void*)
                0x00000000c001d2c8                AVX::available()
                0x00000000c001d2da                AVX::save(void*)
                0x00000000c001d2f2                AVX::load(void*)
                0x00000000c001d30a                AVX::AVX()
                0x00000000c001d30a                AVX::AVX()
 .text          0x00000000c001d332       0x90 hw/fpu/mmx.32
                0x00000000c001d332                MMX::available()
                0x00000000c001d346                MMX::open(int, int, void*)
                0x00000000c001d358                MMX::close(int, int, void*)
                0x00000000c001d36a                MMX::save(void*)
                0x00000000c001d382                MMX::load(void*)
                0x00000000c001d39a                MMX::MMX()
                0x00000000c001d39a                MMX::MMX()
 .text          0x00000000c001d3c2       0x96 hw/fpu/sse.32
                0x00000000c001d3c2                SSE::open(int, int, void*)
                0x00000000c001d3d4                SSE::close(int, int, void*)
                0x00000000c001d3e6                SSE::available()
                0x00000000c001d400                SSE::save(void*)
                0x00000000c001d418                SSE::load(void*)
                0x00000000c001d430                SSE::SSE()
                0x00000000c001d430                SSE::SSE()
 .text          0x00000000c001d458       0x8e hw/fpu/x87.32
                0x00000000c001d458                x87::open(int, int, void*)
                0x00000000c001d46a                x87::close(int, int, void*)
                0x00000000c001d47c                x87::available()
                0x00000000c001d48e                x87::save(void*)
                0x00000000c001d4a6                x87::load(void*)
                0x00000000c001d4be                x87::x87()
                0x00000000c001d4be                x87::x87()
 .text          0x00000000c001d4e6      0x5f3 hw/intctrl/apic.32
                0x00000000c001d4e6                APIC::disable()
                0x00000000c001d4e8                APIC::close(int, int, void*)
                0x00000000c001d50a                IOAPIC::close(int, int, void*)
                0x00000000c001d510                APIC::io_wait()
                0x00000000c001d516                APIC::getBase()
                0x00000000c001d558                APIC::eoi(unsigned char)
                0x00000000c001d586                APIC::open(int, int, void*)
                0x00000000c001d640                IOAPIC::IOAPIC()
                0x00000000c001d640                IOAPIC::IOAPIC()
                0x00000000c001d668                APIC::APIC()
                0x00000000c001d668                APIC::APIC()
                0x00000000c001d738                IOAPIC::handlesGSIWithNumber(unsigned int)
                0x00000000c001d76a                IOAPIC::read(int)
                0x00000000c001d792                IOAPIC::open(int, int, void*)
                0x00000000c001d888                IOAPIC::write(int, int)
                0x00000000c001d8b4                IOAPIC::redirect(unsigned char, unsigned long long, unsigned char)
                0x00000000c001d96e                APIC::installIRQHandler(int, void (*)(regs*, void*), bool, void*)
 *fill*         0x00000000c001dad9        0x1 
 .text          0x00000000c001dada      0x3d3 hw/intctrl/pic.32
                0x00000000c001dada                PIC::disable()
                0x00000000c001db08                PIC::close(int, int, void*)
                0x00000000c001db2a                PIC::PIC()
                0x00000000c001db2a                PIC::PIC()
                0x00000000c001dc00                PIC::ioWait()
                0x00000000c001dc06                PIC::getIRQReg(int)
                0x00000000c001dc70                PIC::eoi(unsigned char)
                0x00000000c001dd02                PIC::remap()
                0x00000000c001de6e                PIC::open(int, int, void*)
 *fill*         0x00000000c001dead        0x1 
 .text          0x00000000c001deae      0x252 hw/timer/apictimer.32
                0x00000000c001deae                APICTimer::close(int, int, void*)
                0x00000000c001deb4                apicTimerHandler(regs*, void*)
                0x00000000c001dee2                APICTimer::write(int)
                0x00000000c001dfe0                APICTimer::open(int, int, void*)
                0x00000000c001e0d8                APICTimer::APICTimer()
                0x00000000c001e0d8                APICTimer::APICTimer()
 .text          0x00000000c001e100      0x1a7 hw/timer/pit.32
                0x00000000c001e100                PIT::write(int)
                0x00000000c001e17e                pitHandler(regs*, void*)
                0x00000000c001e1aa                PIT::open(int, int, void*)
                0x00000000c001e1f8                PIT::close(int, int, void*)
                0x00000000c001e228                PIT::PIT()
                0x00000000c001e228                PIT::PIT()
 *fill*         0x00000000c001e2a7        0x9 
 .text          0x00000000c001e2b0        0xa hw/fpu/x86/avx.32
                0x00000000c001e2b0                avxDetect
                0x00000000c001e2b6                avxSave
                0x00000000c001e2b7                avxLoad
                0x00000000c001e2b8                avxInit
                0x00000000c001e2b9                avxClose
 *fill*         0x00000000c001e2ba        0x6 
 .text          0x00000000c001e2c0       0x38 hw/fpu/x86/sse.32
                0x00000000c001e2c0                sseDetect
                0x00000000c001e2db                sseSave
                0x00000000c001e2e1                sseLoad
                0x00000000c001e2e7                sseInit
                0x00000000c001e2f7                sseClose
 *fill*         0x00000000c001e2f8        0x8 
 .text          0x00000000c001e300       0x47 hw/fpu/x86/x87.32
                0x00000000c001e306                x87Detect
                0x00000000c001e321                x87Save
                0x00000000c001e327                x87Load
                0x00000000c001e32c                x87Init
                0x00000000c001e346                x87Close
 *fill*         0x00000000c001e347        0x1 
 .text          0x00000000c001e348       0x25 /cygdrive/d/Users/Alex/Desktop/Toolchain/Output/bin/../lib/gcc/i386-banana/8.1.0/crtend.o
 .text          0x00000000c001e36d        0x0 crtn.32
 *fill*         0x00000000c001e36d        0x3 
 .text          0x00000000c001e370      0x14b /cygdrive/d/Users/Alex/Desktop/Toolchain/Output/bin/../lib/gcc/i386-banana/8.1.0/libgcc.a(_divdi3.o)
                0x00000000c001e370                __divdi3
 *fill*         0x00000000c001e4bb        0x1 
 .text          0x00000000c001e4bc      0x17e /cygdrive/d/Users/Alex/Desktop/Toolchain/Output/bin/../lib/gcc/i386-banana/8.1.0/libgcc.a(_moddi3.o)
                0x00000000c001e4bc                __moddi3
 *fill*         0x00000000c001e63a        0x2 
 .text          0x00000000c001e63c       0xff /cygdrive/d/Users/Alex/Desktop/Toolchain/Output/bin/../lib/gcc/i386-banana/8.1.0/libgcc.a(_udivdi3.o)
                0x00000000c001e63c                __udivdi3
 *fill*         0x00000000c001e73b        0x1 
 .text          0x00000000c001e73c      0x11a /cygdrive/d/Users/Alex/Desktop/Toolchain/Output/bin/../lib/gcc/i386-banana/8.1.0/libgcc.a(_umoddi3.o)
                0x00000000c001e73c                __umoddi3
 *fill*         0x00000000c001e856        0xa 
 .text          0x00000000c001e860       0x1e D:/Users/Alex/Desktop/Banana/kernel/libk/libm32.a(s_fabs.c.o)
                0x00000000c001e860                fabs
 *fill*         0x00000000c001e87e        0x2 
 .text          0x00000000c001e880        0xc D:/Users/Alex/Desktop/Banana/kernel/libk/libm32.a(s_lrint.S.o)
                0x00000000c001e880                lrint
 .text          0x00000000c001e88c        0xc D:/Users/Alex/Desktop/Banana/kernel/libk/libm32.a(s_lrintf.S.o)
                0x00000000c001e88c                lrintf
 *(.gnu.linkonce.t*)

.iplt           0x00000000c001e898        0x0
 .iplt          0x00000000c001e898        0x0 D:/Users/Alex/Desktop/Banana/kernel/boot.32

.init           0x00000000c001e898        0xf
 .init          0x00000000c001e898        0x3 crti.32
                0x00000000c001e898                _init
 .init          0x00000000c001e89b        0x5 /cygdrive/d/Users/Alex/Desktop/Toolchain/Output/bin/../lib/gcc/i386-banana/8.1.0/crtbegin.o
 .init          0x00000000c001e8a0        0x5 /cygdrive/d/Users/Alex/Desktop/Toolchain/Output/bin/../lib/gcc/i386-banana/8.1.0/crtend.o
 .init          0x00000000c001e8a5        0x2 crtn.32

.fini           0x00000000c001e8a7        0xa
 .fini          0x00000000c001e8a7        0x3 crti.32
                0x00000000c001e8a7                _fini
 .fini          0x00000000c001e8aa        0x5 /cygdrive/d/Users/Alex/Desktop/Toolchain/Output/bin/../lib/gcc/i386-banana/8.1.0/crtbegin.o
 .fini          0x00000000c001e8af        0x2 crtn.32

.text._ZN8ComputerD2Ev
                0x00000000c001e8b2       0x23
 .text._ZN8ComputerD2Ev
                0x00000000c001e8b2       0x23 core/computer.32
                0x00000000c001e8b2                Computer::~Computer()
                0x00000000c001e8b2                Computer::~Computer()

.text._ZN8ComputerD0Ev
                0x00000000c001e8d6       0x2a
 .text._ZN8ComputerD0Ev
                0x00000000c001e8d6       0x2a core/computer.32
                0x00000000c001e8d6                Computer::~Computer()

.text._Z10idleCommonv
                0x00000000c001e900       0x15
 .text._Z10idleCommonv
                0x00000000c001e900       0x15 core/idle.32
                0x00000000c001e900                idleCommon()

.text._ZN3CPU7readCR0Ev
                0x00000000c001e915       0x12
 .text._ZN3CPU7readCR0Ev
                0x00000000c001e915       0x12 core/kconsole.32
                0x00000000c001e915                CPU::readCR0()

.text._ZN3CPU7readCR2Ev
                0x00000000c001e927       0x12
 .text._ZN3CPU7readCR2Ev
                0x00000000c001e927       0x12 core/kconsole.32
                0x00000000c001e927                CPU::readCR2()

.text._ZN3CPU7readCR3Ev
                0x00000000c001e939       0x12
 .text._ZN3CPU7readCR3Ev
                0x00000000c001e939       0x12 core/kconsole.32
                0x00000000c001e939                CPU::readCR3()

.text._ZN3CPU7readCR4Ev
                0x00000000c001e94b       0x12
 .text._ZN3CPU7readCR4Ev
                0x00000000c001e94b       0x12 core/kconsole.32
                0x00000000c001e94b                CPU::readCR4()

.text._ZN3CPU8writeCR3Em
                0x00000000c001e95d        0x9
 .text._ZN3CPU8writeCR3Em
                0x00000000c001e95d        0x9 core/kheap.32
                0x00000000c001e95d                CPU::writeCR3(unsigned long)

.text._ZN10LinkedListIV18ThreadControlBlockED2Ev
                0x00000000c001e966        0x2
 .text._ZN10LinkedListIV18ThreadControlBlockED2Ev
                0x00000000c001e966        0x2 core/prcssthr.32
                0x00000000c001e966                LinkedList<ThreadControlBlock volatile>::~LinkedList()
                0x00000000c001e966                LinkedList<ThreadControlBlock volatile>::~LinkedList()

.text._ZN18ThreadControlBlockC2Ev
                0x00000000c001e968       0x3e
 .text._ZN18ThreadControlBlockC2Ev
                0x00000000c001e968       0x3e core/prcssthr.32
                0x00000000c001e968                ThreadControlBlock::ThreadControlBlock()
                0x00000000c001e968                ThreadControlBlock::ThreadControlBlock()

.text._ZN10LinkedListIV18ThreadControlBlockEC2Ev
                0x00000000c001e9a6       0x58
 .text._ZN10LinkedListIV18ThreadControlBlockEC2Ev
                0x00000000c001e9a6       0x58 core/prcssthr.32
                0x00000000c001e9a6                LinkedList<ThreadControlBlock volatile>::LinkedList()
                0x00000000c001e9a6                LinkedList<ThreadControlBlock volatile>::LinkedList()

.text._ZN10LinkedListIV18ThreadControlBlockE10addElementEPS1_
                0x00000000c001e9fe       0xd3
 .text._ZN10LinkedListIV18ThreadControlBlockE10addElementEPS1_
                0x00000000c001e9fe       0xd3 core/prcssthr.32
                0x00000000c001e9fe                LinkedList<ThreadControlBlock volatile>::addElement(ThreadControlBlock volatile*)

.text._ZN10LinkedListIV18ThreadControlBlockE7isEmptyEv
                0x00000000c001ead2       0x1c
 .text._ZN10LinkedListIV18ThreadControlBlockE7isEmptyEv
                0x00000000c001ead2       0x1c core/prcssthr.32
                0x00000000c001ead2                LinkedList<ThreadControlBlock volatile>::isEmpty()

.text._ZN10LinkedListIV18ThreadControlBlockE11removeFirstEv
                0x00000000c001eaee       0xae
 .text._ZN10LinkedListIV18ThreadControlBlockE11removeFirstEv
                0x00000000c001eaee       0xae core/prcssthr.32
                0x00000000c001eaee                LinkedList<ThreadControlBlock volatile>::removeFirst()

.text._ZN10LinkedListIV18ThreadControlBlockE15getFirstElementEv
                0x00000000c001eb9c        0x7
 .text._ZN10LinkedListIV18ThreadControlBlockE15getFirstElementEv
                0x00000000c001eb9c        0x7 core/prcssthr.32
                0x00000000c001eb9c                LinkedList<ThreadControlBlock volatile>::getFirstElement()

.text._ZN10LinkedListIV18ThreadControlBlockE7getNextEPS1_
                0x00000000c001eba4        0x8
 .text._ZN10LinkedListIV18ThreadControlBlockE7getNextEPS1_
                0x00000000c001eba4        0x8 core/prcssthr.32
                0x00000000c001eba4                LinkedList<ThreadControlBlock volatile>::getNext(ThreadControlBlock volatile*)

.text._ZN10LinkedListI8UnixFileED2Ev
                0x00000000c001ebac        0x2
 .text._ZN10LinkedListI8UnixFileED2Ev
                0x00000000c001ebac        0x2 core/unixfile.32
                0x00000000c001ebac                LinkedList<UnixFile>::~LinkedList()
                0x00000000c001ebac                LinkedList<UnixFile>::~LinkedList()

.text._ZN10LinkedListI8UnixFileEC2Ev
                0x00000000c001ebae       0x58
 .text._ZN10LinkedListI8UnixFileEC2Ev
                0x00000000c001ebae       0x58 core/unixfile.32
                0x00000000c001ebae                LinkedList<UnixFile>::LinkedList()
                0x00000000c001ebae                LinkedList<UnixFile>::LinkedList()

.text._ZN10LinkedListI8UnixFileE15getFirstElementEv
                0x00000000c001ec06        0x7
 .text._ZN10LinkedListI8UnixFileE15getFirstElementEv
                0x00000000c001ec06        0x7 core/unixfile.32
                0x00000000c001ec06                LinkedList<UnixFile>::getFirstElement()

.text._ZN10LinkedListI8UnixFileE11removeFirstEv
                0x00000000c001ec0e       0xa1
 .text._ZN10LinkedListI8UnixFileE11removeFirstEv
                0x00000000c001ec0e       0xa1 core/unixfile.32
                0x00000000c001ec0e                LinkedList<UnixFile>::removeFirst()

.text._ZN10LinkedListI8UnixFileE7getNextEPS0_
                0x00000000c001ecb0        0x8
 .text._ZN10LinkedListI8UnixFileE7getNextEPS0_
                0x00000000c001ecb0        0x8 core/unixfile.32
                0x00000000c001ecb0                LinkedList<UnixFile>::getNext(UnixFile*)

.text._ZN10LinkedListI8UnixFileE10addElementEPS0_
                0x00000000c001ecb8      0x130
 .text._ZN10LinkedListI8UnixFileE10addElementEPS0_
                0x00000000c001ecb8      0x130 core/unixfile.32
                0x00000000c001ecb8                LinkedList<UnixFile>::addElement(UnixFile*)

.text._ZN16DriverlessDeviceD2Ev
                0x00000000c001ede8       0x1a
 .text._ZN16DriverlessDeviceD2Ev
                0x00000000c001ede8       0x1a hal/device.32
                0x00000000c001ede8                DriverlessDevice::~DriverlessDevice()
                0x00000000c001ede8                DriverlessDevice::~DriverlessDevice()

.text._ZN16DriverlessDeviceD0Ev
                0x00000000c001ee02       0x2a
 .text._ZN16DriverlessDeviceD0Ev
                0x00000000c001ee02       0x2a hal/device.32
                0x00000000c001ee02                DriverlessDevice::~DriverlessDevice()

.text._ZN10LinkedListI6DeviceE10addElementEPS0_
                0x00000000c001ee2c       0xdc
 .text._ZN10LinkedListI6DeviceE10addElementEPS0_
                0x00000000c001ee2c       0xdc hal/device.32
                0x00000000c001ee2c                LinkedList<Device>::addElement(Device*)

.text._ZN10LinkedListI6DeviceEC2Ev
                0x00000000c001ef08       0x58
 .text._ZN10LinkedListI6DeviceEC2Ev
                0x00000000c001ef08       0x58 hal/device.32
                0x00000000c001ef08                LinkedList<Device>::LinkedList()
                0x00000000c001ef08                LinkedList<Device>::LinkedList()

.text._ZN3CPU7readDR0Ev
                0x00000000c001ef60       0x12
 .text._ZN3CPU7readDR0Ev
                0x00000000c001ef60       0x12 hal/intctrl.32
                0x00000000c001ef60                CPU::readDR0()

.text._ZN3CPU7readDR1Ev
                0x00000000c001ef72       0x12
 .text._ZN3CPU7readDR1Ev
                0x00000000c001ef72       0x12 hal/intctrl.32
                0x00000000c001ef72                CPU::readDR1()

.text._ZN3CPU7readDR2Ev
                0x00000000c001ef84       0x12
 .text._ZN3CPU7readDR2Ev
                0x00000000c001ef84       0x12 hal/intctrl.32
                0x00000000c001ef84                CPU::readDR2()

.text._ZN3CPU7readDR3Ev
                0x00000000c001ef96       0x12
 .text._ZN3CPU7readDR3Ev
                0x00000000c001ef96       0x12 hal/intctrl.32
                0x00000000c001ef96                CPU::readDR3()

.text._ZN3CPU7readDR6Ev
                0x00000000c001efa8       0x12
 .text._ZN3CPU7readDR6Ev
                0x00000000c001efa8       0x12 hal/intctrl.32
                0x00000000c001efa8                CPU::readDR6()

.text._ZN3CPU7readDR7Ev
                0x00000000c001efba       0x12
 .text._ZN3CPU7readDR7Ev
                0x00000000c001efba       0x12 hal/intctrl.32
                0x00000000c001efba                CPU::readDR7()

.text._ZN4ACPID2Ev
                0x00000000c001efcc       0x23
 .text._ZN4ACPID2Ev
                0x00000000c001efcc       0x23 hw/acpi.32
                0x00000000c001efcc                ACPI::~ACPI()
                0x00000000c001efcc                ACPI::~ACPI()

.text._ZN4ACPID0Ev
                0x00000000c001eff0       0x2a
 .text._ZN4ACPID0Ev
                0x00000000c001eff0       0x2a hw/acpi.32
                0x00000000c001eff0                ACPI::~ACPI()

.text._ZN3CPUD2Ev
                0x00000000c001f01a       0x23
 .text._ZN3CPUD2Ev
                0x00000000c001f01a       0x23 hw/cpu.32
                0x00000000c001f01a                CPU::~CPU()
                0x00000000c001f01a                CPU::~CPU()

.text._ZN3CPUD0Ev
                0x00000000c001f03e       0x2a
 .text._ZN3CPUD0Ev
                0x00000000c001f03e       0x2a hw/cpu.32
                0x00000000c001f03e                CPU::~CPU()

.text._ZN3CPU8writeDR7Em
                0x00000000c001f068        0x9
 .text._ZN3CPU8writeDR7Em
                0x00000000c001f068        0x9 hw/cpu.32
                0x00000000c001f068                CPU::writeDR7(unsigned long)

.text._ZN3CPU8writeCR4Em
                0x00000000c001f071        0x9
 .text._ZN3CPU8writeCR4Em
                0x00000000c001f071        0x9 hw/cpu.32
                0x00000000c001f071                CPU::writeCR4(unsigned long)

.text._ZN3PCID2Ev
                0x00000000c001f07a       0x23
 .text._ZN3PCID2Ev
                0x00000000c001f07a       0x23 hw/bus/pci.32
                0x00000000c001f07a                PCI::~PCI()