Archive member included to satisfy reference by file (symbol)

/cygdrive/d/Users/Alex/Desktop/Toolchain/Output/bin/../lib/gcc/i386-banana/8.1.0/libkgcc.a(_divdi3.o)
                              fs/fat/ff.32 (__divdi3)
/cygdrive/d/Users/Alex/Desktop/Toolchain/Output/bin/../lib/gcc/i386-banana/8.1.0/libkgcc.a(_moddi3.o)
                              compat/resolve.32 (__moddi3)
/cygdrive/d/Users/Alex/Desktop/Toolchain/Output/bin/../lib/gcc/i386-banana/8.1.0/libkgcc.a(_udivdi3.o)
                              fs/fat/ff.32 (__udivdi3)
/cygdrive/d/Users/Alex/Desktop/Toolchain/Output/bin/../lib/gcc/i386-banana/8.1.0/libkgcc.a(_umoddi3.o)
                              compat/resolve.32 (__umoddi3)
D:/Users/Alex/Desktop/Banana/kernel/libsoftfp.a(sfieeelib.o)
                              hal/sound/sndhw.32 (__addsf3)
D:/Users/Alex/Desktop/Banana/kernel/libsoftfp.a(dfieeelib.o)
                              hal/libresample/src_linear.32 (__adddf3)
D:/Users/Alex/Desktop/Banana/kernel/libsoftfp.a(sfdfcvt.o)
                              hal/libresample/samplerate.32 (__truncdfsf2)
D:/Users/Alex/Desktop/Banana/kernel/libk/libm32.a(s_fabs.c.o)
                              hal/libresample/samplerate.32 (fabs)
D:/Users/Alex/Desktop/Banana/kernel/libk/libm32.a(s_lrint.S.o)
                              hal/libresample/samplerate.32 (lrint)
D:/Users/Alex/Desktop/Banana/kernel/libk/libm32.a(s_lrintf.S.o)
                              hal/sound/sndhw.32 (lrintf)

Discarded input sections

 .comment       0x0000000000000000       0x12 /cygdrive/d/Users/Alex/Desktop/Toolchain/Output/bin/../lib/gcc/i386-banana/8.1.0/crtbegin.o
 .comment       0x0000000000000000       0x12 acpica/utclib.32
 .comment       0x0000000000000000       0x12 core/malloc.32
 .comment       0x0000000000000000       0x12 libk/string.32
 .comment       0x0000000000000000       0x12 fs/fat/diskio.32
 .comment       0x0000000000000000       0x12 fs/fat/ff.32
 .comment       0x0000000000000000       0x12 fs/fat/ffsystem.32
 .comment       0x0000000000000000       0x12 fs/fat/ffunicode.32
 .comment       0x0000000000000000       0x12 hal/libresample/samplerate.32
 .comment       0x0000000000000000       0x12 hal/libresample/src_linear.32
 .comment       0x0000000000000000       0x12 hal/libresample/src_sinc.32
 .comment       0x0000000000000000       0x12 hal/libresample/src_zoh.32
 .comment       0x0000000000000000       0x12 compat/inlines.32
 .comment       0x0000000000000000       0x12 compat/resolve.32
 .group         0x0000000000000000       0x14 core/computer.32
 .group         0x0000000000000000        0xc core/computer.32
 .comment       0x0000000000000000       0x12 core/computer.32
 .comment       0x0000000000000000       0x12 core/gdt.32
 .group         0x0000000000000000        0xc core/idle.32
 .comment       0x0000000000000000       0x12 core/idle.32
 .comment       0x0000000000000000       0x12 core/idt.32
 .comment       0x0000000000000000       0x12 core/kheap.32
 .comment       0x0000000000000000       0x12 core/main.32
 .comment       0x0000000000000000       0x12 core/physmgr.32
 .group         0x0000000000000000        0xc core/pipe.32
 .comment       0x0000000000000000       0x12 core/pipe.32
 .group         0x0000000000000000        0xc core/terminal.32
 .comment       0x0000000000000000       0x12 core/terminal.32
 .comment       0x0000000000000000       0x12 core/tss.32
 .group         0x0000000000000000        0x8 core/unixfile.32
 .group         0x0000000000000000        0xc core/unixfile.32
 .group         0x0000000000000000        0xc core/unixfile.32
 .group         0x0000000000000000        0x8 core/unixfile.32
 .group         0x0000000000000000        0xc core/unixfile.32
 .group         0x0000000000000000        0x8 core/unixfile.32
 .group         0x0000000000000000        0xc core/unixfile.32
 .group         0x0000000000000000        0xc core/unixfile.32
 .comment       0x0000000000000000       0x12 core/unixfile.32
 .comment       0x0000000000000000       0x12 core/virtmgr.32
 .comment       0x0000000000000000       0x12 coreobjs/c++.32
 .comment       0x0000000000000000       0x12 dbg/kconsole.32
 .group         0x0000000000000000        0xc fs/vfs.32
 .group         0x0000000000000000        0xc fs/vfs.32
 .group         0x0000000000000000        0xc fs/vfs.32
 .comment       0x0000000000000000       0x12 fs/vfs.32
 .group         0x0000000000000000        0xc hal/bus.32
 .comment       0x0000000000000000       0x12 hal/bus.32
 .group         0x0000000000000000        0xc hal/buzzer.32
 .comment       0x0000000000000000       0x12 hal/buzzer.32
 .group         0x0000000000000000        0xc hal/clock.32
 .comment       0x0000000000000000       0x12 hal/clock.32
 .group         0x0000000000000000       0x14 hal/device.32
 .group         0x0000000000000000        0xc hal/device.32
 .group         0x0000000000000000        0xc hal/device.32
 .group         0x0000000000000000        0xc hal/device.32
[...]
Memory Configuration

Name             Origin             Length             Attributes
*default*        0x0000000000000000 0xffffffffffffffff

Linker script and memory map

LOAD D:/Users/Alex/Desktop/Banana/kernel/boot.32
LOAD crti.32
LOAD /cygdrive/d/Users/Alex/Desktop/Toolchain/Output/bin/../lib/gcc/i386-banana/8.1.0/crtbegin.o
LOAD D:/Users/Alex/Desktop/Banana/kernel/morenasm.32
LOAD acpica/utclib.32
LOAD core/malloc.32
LOAD libk/string.32
LOAD fs/fat/diskio.32
LOAD fs/fat/ff.32
LOAD fs/fat/ffsystem.32
LOAD fs/fat/ffunicode.32
LOAD hal/libresample/samplerate.32
LOAD hal/libresample/src_linear.32
LOAD hal/libresample/src_sinc.32
LOAD hal/libresample/src_zoh.32
LOAD compat/inlines.32
LOAD compat/resolve.32
LOAD core/computer.32
LOAD core/gdt.32
LOAD core/idle.32
LOAD core/idt.32
LOAD core/kheap.32
LOAD core/main.32
LOAD core/physmgr.32
LOAD core/pipe.32
LOAD core/terminal.32
LOAD core/tss.32
LOAD core/unixfile.32
LOAD core/virtmgr.32
LOAD coreobjs/c++.32
LOAD dbg/kconsole.32
LOAD fs/vfs.32
LOAD hal/bus.32
LOAD hal/buzzer.32
LOAD hal/clock.32
LOAD hal/device.32
LOAD hal/diskctrl.32
LOAD hal/diskphys.32
LOAD hal/fpu.32
LOAD hal/intctrl.32
LOAD hal/keybrd.32
LOAD hal/logidisk.32
LOAD hal/mouse.32
LOAD hal/partition.32
LOAD hal/serial.32
LOAD hal/timer.32
LOAD hal/vcache.32
LOAD hal/video.32
LOAD hw/acpi.32
LOAD hw/cpu.32
LOAD hw/ports.32
LOAD hw/smp.32
LOAD krnl/env.32
LOAD krnl/panic.32
LOAD net/ethernet.32
LOAD reg/registry.32
LOAD sys/sc_eject.32
LOAD sys/sc_exit.32
LOAD sys/sc_getcwd.32
LOAD sys/sc_getpid.32
LOAD sys/sc_getramdata.32
LOAD sys/sc_getvgaptr.32
LOAD sys/sc_loaddll.32
LOAD sys/sc_read.32
LOAD sys/sc_sbrk.32
LOAD sys/sc_setcwd.32
LOAD sys/sc_settime.32
LOAD sys/sc_timezone.32
LOAD sys/sc_write.32
LOAD sys/sc_wsbe.32
LOAD sys/sc_yield.32
LOAD sys/syscalls.32
LOAD thr/elf.32
LOAD thr/prcssthr.32
LOAD vm86/vm8086.32
LOAD vm86/x87em.32
LOAD fs/fat/vfslink.32
LOAD fs/iso9660/vfslink.32
LOAD hal/sound/sndchannel.32
LOAD hal/sound/sndhw.32
LOAD hw/bus/isa.32
LOAD hw/bus/pci.32
LOAD hw/diskctrl/ide.32
LOAD hw/diskctrl/satabus.32
LOAD hw/diskphys/ata.32
LOAD hw/diskphys/atapi.32
LOAD hw/diskphys/sata.32
LOAD hw/diskphys/satapi.32
LOAD hw/fpu/avx.32
LOAD hw/fpu/mmx.32
LOAD hw/fpu/sse.32
LOAD hw/fpu/x87.32
LOAD hw/intctrl/apic.32
LOAD hw/intctrl/pic.32
LOAD hw/timer/apictimer.32
LOAD hw/timer/pit.32
LOAD hw/fpu/x86/avx.32
LOAD hw/fpu/x86/sse.32
LOAD hw/fpu/x86/x87.32
LOAD /cygdrive/d/Users/Alex/Desktop/Toolchain/Output/bin/../lib/gcc/i386-banana/8.1.0/crtend.o
LOAD crtn.32
LOAD /cygdrive/d/Users/Alex/Desktop/Toolchain/Output/bin/../lib/gcc/i386-banana/8.1.0/libkgcc.a
LOAD D:/Users/Alex/Desktop/Banana/kernel/libsoftfp.a
LOAD D:/Users/Alex/Desktop/Banana/kernel/libk/libm32.a
                0x00000000c0000000                . = 0xc0000000

.text           0x00000000c0000000    0x28dd8
 *(.text)
 .text          0x00000000c0000000       0x41 D:/Users/Alex/Desktop/Banana/kernel/boot.32
                0x00000000c0000020                callGlobalConstructors
 .text          0x00000000c0000041        0x0 crti.32
 *fill*         0x00000000c0000041        0x3 
 .text          0x00000000c0000044      0x101 /cygdrive/d/Users/Alex/Desktop/Toolchain/Output/bin/../lib/gcc/i386-banana/8.1.0/crtbegin.o
 *fill*         0x00000000c0000145        0xb 
 .text          0x00000000c0000150      0x512 D:/Users/Alex/Desktop/Banana/kernel/morenasm.32
                0x00000000c0000150                manualPCIProbe
                0x00000000c000019b                prepareTramp
                0x00000000c00001b4                voodooXADD
                0x00000000c000027f                doTPAUSE
                0x00000000c0000289                hasLegacyFPU
                0x00000000c00002ae                is486
                0x00000000c00002e4                detectCPUID
                0x00000000c00002fa                goToVM86
                0x00000000c000032a                goToUsermode
                0x00000000c0000354                switchToThreadASMFirstTime
                0x00000000c0000362                switchToThreadASM
                0x00000000c00003f2                asmQuickAcquireLock
                0x00000000c0000410                asmQuickReleaseLock
                0x00000000c000041c                asmAcquireLock
                0x00000000c000043d                asmReleaseLock
                0x00000000c0000450                loadGDT
                0x00000000c0000470                isr0
                0x00000000c0000480                isr1
                0x00000000c000048a                isr2
                0x00000000c0000494                isr3
                0x00000000c000049e                isr4
                0x00000000c00004a8                isr5
                0x00000000c00004b2                isr6
                0x00000000c00004bc                isr7
                0x00000000c00004c6                isr8
                0x00000000c00004ce                isr9
                0x00000000c00004d8                isr10
                0x00000000c00004e0                isr11
                0x00000000c00004e8                isr12
                0x00000000c00004f0                isr13
                0x00000000c00004f8                isr14
                0x00000000c0000500                isr15
                0x00000000c000050a                isr16
                0x00000000c0000514                isr17
                0x00000000c000051e                isr18
                0x00000000c0000528                irq3
                0x00000000c0000532                irq4
                0x00000000c000053c                irq5
                0x00000000c0000546                irq6
                0x00000000c0000550                irq7
                0x00000000c000055a                irq8
                0x00000000c0000564                irq9
                0x00000000c000056e                irq10
                0x00000000c0000578                irq11
                0x00000000c0000582                irq12
                0x00000000c000058c                irq13
                0x00000000c0000596                irq14
                0x00000000c00005a0                irq15
                0x00000000c00005aa                irq1
                0x00000000c00005b1                irq2
                0x00000000c00005b8                isr96
                0x00000000c00005bf                irq0
                0x00000000c00005c4                int_common_stub
                0x00000000c00005c4                syscall_common_stub
                0x00000000c00005f5                irq16
                0x00000000c00005ff                irq17
                0x00000000c0000609                irq18
                0x00000000c0000613                irq19
                0x00000000c000061d                irq20
                0x00000000c0000627                irq21
                0x00000000c0000631                irq22
                0x00000000c000063b                irq23
                0x00000000c0000645                hexStrToInt
 *fill*         0x00000000c0000662        0x2 
 .text          0x00000000c0000664      0x611 acpica/utclib.32
                0x00000000c0000664                memcmp
                0x00000000c00006a0                memmove
                0x00000000c0000768                memcpy
                0x00000000c000079c                memset
                0x00000000c00007b8                strlen
                0x00000000c00007d0                strpbrk
                0x00000000c000080c                strtok
                0x00000000c0000858                strcpy
                0x00000000c000087c                strncpy
                0x00000000c00008e4                strcmp
                0x00000000c0000924                strchr
                0x00000000c0000948                strncmp
                0x00000000c0000998                strcat
                0x00000000c00009c8                strncat
                0x00000000c0000a04                strstr
                0x00000000c0000a4c                toupper
                0x00000000c0000a60                tolower
                0x00000000c0000a74                simple_strtoul
 .text          0x00000000c0000c75      0xfbf core/malloc.32
                0x00000000c0000de0                dlfree
                0x00000000c000113b                dlmalloc
                0x00000000c0001678                dlrealloc
                0x00000000c000182d                dlmemalign
                0x00000000c0001950                dlcalloc
                0x00000000c00019ea                dlcfree
                0x00000000c00019ef                dlindependent_calloc
                0x00000000c0001a14                dlindependent_comalloc
                0x00000000c0001a2b                dlvalloc
                0x00000000c0001a56                dlpvalloc
                0x00000000c0001a8c                dlmalloc_trim
                0x00000000c0001a99                dlmalloc_usable_size
                0x00000000c0001aca                dlmallinfo
                0x00000000c0001b99                dlmalloc_stats
                0x00000000c0001baa                dlmallopt
 .text          0x00000000c0001c34        0x0 libk/string.32
 .text          0x00000000c0001c34       0x51 fs/fat/diskio.32
                0x00000000c0001c34                disk_status
                0x00000000c0001c37                disk_initialize
                0x00000000c0001c3a                disk_read
                0x00000000c0001c50                disk_write
                0x00000000c0001c66                disk_ioctl
 .text          0x00000000c0001c85     0x6833 fs/fat/ff.32
                0x00000000c0004f53                f_mount
                0x00000000c0004fb5                f_open
                0x00000000c00053f1                f_read
                0x00000000c0005671                f_write
                0x00000000c000592b                f_sync
                0x00000000c0005b07                f_close
                0x00000000c0005b36                f_lseek
                0x00000000c0005fed                f_opendir
                0x00000000c00060ef                f_closedir
                0x00000000c0006111                f_readdir
                0x00000000c00061ac                f_stat
                0x00000000c000623b                f_getfree
                0x00000000c0006406                f_truncate
                0x00000000c00064fe                f_unlink
                0x00000000c0006681                f_mkdir
                0x00000000c00068ad                f_rename
                0x00000000c0006ba0                f_chmod
                0x00000000c0006c7e                f_utime
                0x00000000c0006d5c                f_getlabel
                0x00000000c0006f4a                f_setlabel
                0x00000000c00071b7                f_forward
                0x00000000c0007395                f_mkfs
 .text          0x00000000c00084b8       0x2d fs/fat/ffsystem.32
                0x00000000c00084b8                ff_memalloc
                0x00000000c00084ce                ff_memfree
 .text          0x00000000c00084e5      0x253 fs/fat/ffunicode.32
                0x00000000c00084e5                ff_uni2oem
                0x00000000c0008575                ff_oem2uni
                0x00000000c00085e1                ff_wtoupper
 .text          0x00000000c0008738      0x8fb hal/libresample/samplerate.32
                0x00000000c000877c                src_delete
                0x00000000c00087b8                src_process
                0x00000000c000896e                src_callback_read
                0x00000000c0008aeb                src_set_ratio
                0x00000000c0008b55                src_get_channels
                0x00000000c0008b77                src_reset
                0x00000000c0008bc3                src_new
                0x00000000c0008c51                src_callback_new
                0x00000000c0008cb3                src_get_name
                0x00000000c0008cea                src_get_description
                0x00000000c0008d21                src_get_version
                0x00000000c0008d27                src_is_valid_ratio
                0x00000000c0008d7b                src_error
                0x00000000c0008d89                src_strerror
                0x00000000c0008d9c                src_simple
                0x00000000c0008def                src_short_to_float_array
                0x00000000c0008e54                src_float_to_short_array
                0x00000000c0008f13                src_int_to_float_array
                0x00000000c0008f76                src_float_to_int_array
 .text          0x00000000c0009033      0x8cb hal/libresample/src_linear.32
                0x00000000c0009859                linear_get_name
                0x00000000c0009868                linear_get_description
                0x00000000c0009877                linear_set_converter
 .text          0x00000000c00098fe     0x447c hal/libresample/src_sinc.32
                0x00000000c000dc91                sinc_get_name
                0x00000000c000dca4                sinc_get_description
                0x00000000c000dcb7                sinc_set_converter
 .text          0x00000000c000dd7a      0x77c hal/libresample/src_zoh.32
                0x00000000c000e451                zoh_get_name
                0x00000000c000e460                zoh_get_description
                0x00000000c000e46f                zoh_set_converter
 .text          0x00000000c000e4f6       0x3a compat/inlines.32
                0x00000000c000e4f6                CPU::current()
                0x00000000c000e503                operator new(unsigned long)
                0x00000000c000e519                operator delete(void*)
 .text          0x00000000c000e530      0x111 compat/resolve.32
                0x00000000c000e530                Krnl::resolveCompatibilitySymbol(char*)
 *fill*         0x00000000c000e641        0x1 
 .text          0x00000000c000e642      0xa17 core/computer.32
                0x00000000c000e642                Computer::close(int, int, void*)
                0x00000000c000e686                Krnl::firstTask()
                0x00000000c000e776                Computer::Computer()
                0x00000000c000e776                Computer::Computer()
                0x00000000c000e8d2                Computer::setBootMessage(char const*)
                0x00000000c000e8d4                Computer::detectFeatures()
                0x00000000c000eade                Computer::displayFeatures()
                0x00000000c000ee24                Computer::rdmsr(unsigned int)
                0x00000000c000ee50                Computer::wrmsr(unsigned int, unsigned long long)
                0x00000000c000ee88                Computer::nmiEnabled()
                0x00000000c000ee94                Computer::readCMOS(unsigned char)
                0x00000000c000eeae                Computer::enableNMI(bool)
                0x00000000c000eec6                Computer::open(int, int, void*)
                0x00000000c000ef9c                Computer::disableNMI()
                0x00000000c000efaa                Computer::writeCMOS(unsigned char, unsigned char)
                0x00000000c000efc8                Computer::handleNMI()
                0x00000000c000f02e                Computer::setDiskActivityLight(int, bool)
 *fill*         0x00000000c000f059        0x1 
 .text          0x00000000c000f05a      0x1b7 core/gdt.32
                0x00000000c000f05a                GDTEntry::setBase(unsigned int)
                0x00000000c000f076                GDTEntry::setLimit(unsigned int)
                0x00000000c000f094                GDT::GDT()
                0x00000000c000f094                GDT::GDT()
                0x00000000c000f0aa                GDT::addEntry(GDTEntry)
                0x00000000c000f0e6                GDT::getNumberOfEntries()
                0x00000000c000f0ee                GDT::flush()
                0x00000000c000f110                GDT::setup()
 .text          0x00000000c000f211       0x6b core/idle.32
                0x00000000c000f211                idleFunction(void*)
 .text          0x00000000c000f27c      0x45f core/idt.32
                0x00000000c000f27c                IDTEntry::IDTEntry(bool)
                0x00000000c000f27c                IDTEntry::IDTEntry(bool)
                0x00000000c000f2ea                IDTEntry::setOffset(unsigned int)
                0x00000000c000f2fe                IDT::IDT()
                0x00000000c000f2fe                IDT::IDT()
                0x00000000c000f300                IDT::getPointerToInvalidOpcodeEntryForF00F()
                0x00000000c000f308                IDT::addEntry(IDTEntry, int)
                0x00000000c000f322                IDT::addEntry(int, void (*)(), bool)
                0x00000000c000f35a                IDT::flush()
                0x00000000c000f374                IDT::setup()
 .text          0x00000000c000f6db      0x205 core/kheap.32
                0x00000000c000f6db                sbrk
                0x00000000c000f7e9                mmap
                0x00000000c000f7ff                munmap
                0x00000000c000f815                liballoc_lock()
                0x00000000c000f822                liballoc_unlock()
                0x00000000c000f836                liballoc_alloc(int)
                0x00000000c000f854                liballoc_free(void*, int)
                0x00000000c000f872                realloc
                0x00000000c000f886                malloc
                0x00000000c000f896                free
                0x00000000c000f8a6                rfree
                0x00000000c000f8b6                calloc
 .text          0x00000000c000f8e0      0x44f core/main.32
                0x00000000c000f8e0                hwTextMode_loadInData(VgaText*)
                0x00000000c000f925                hwTextMode_loadInTitle(VgaText*, char*)
                0x00000000c000f991                hwTextMode_showCursor(VgaText*, bool)
                0x00000000c000f9ec                hwTextMode_update(VgaText*)
                0x00000000c000f9ed                hwTextMode_updateCursor(VgaText*)
                0x00000000c000fa35                hwTextMode_disableBlink(VgaText*, bool)
                0x00000000c000fa7b                hwTextMode_scrollScreen(VgaText*)
                0x00000000c000fb1c                hwTextMode_writeCharacter(VgaText*, char, VgaColour, VgaColour, int, int)
                0x00000000c000fb9b                setupTextMode()
                0x00000000c000fc0b                kernel_main
 .text          0x00000000c000fd2f      0x56c core/physmgr.32
                0x00000000c000fd2f                Phys::allocateDMA(unsigned long)
                0x00000000c000fdd2                Phys::freeDMA(unsigned long, unsigned long)
                0x00000000c000fe1a                Phys::setPageState(unsigned long, bool)
                0x00000000c000fe4c                Phys::getPageState(unsigned long)
                0x00000000c000fe68                Phys::freePage(unsigned long)
                0x00000000c000fef2                Phys::allocatePage()
                0x00000000c000ffd7                Phys::allocateContiguousPages(int)
                0x00000000c0010033                Phys::allowSegmentToBeUsed(unsigned long, unsigned long)
                0x00000000c001006b                Phys::physicalMemorySetup(unsigned int)
 *fill*         0x00000000c001029b        0x1 
 .text          0x00000000c001029c      0x27f core/pipe.32
                0x00000000c001029c                Pipe::isAtty()
                0x00000000c00102a0                Pipe::~Pipe()
                0x00000000c00102a0                Pipe::~Pipe()
                0x00000000c00102c4                Pipe::~Pipe()
                0x00000000c00102ec                Pipe::read(unsigned long long, void*, int*)
                0x00000000c00103ec                Pipe::write(unsigned long long, void*, int*)
                0x00000000c00104b4                Pipe::Pipe(int)
                0x00000000c00104b4                Pipe::Pipe(int)
 *fill*         0x00000000c001051b        0x1 
 .text          0x00000000c001051c      0xe4d core/terminal.32
                0x00000000c001051c                VgaText::isAtty()
                0x00000000c0010520                VgaText::~VgaText()
                0x00000000c0010520                VgaText::~VgaText()
                0x00000000c0010544                VgaText::~VgaText()
                0x00000000c001056e                VgaText::read(unsigned long long, void*, int*)
                0x00000000c001058e                setTerminalScrollLock(bool)
                0x00000000c001058f                addToTerminalCycle(VgaText*)
                0x00000000c00105b0                installVgaTextImplementation()
                0x00000000c00105c5                scrollTerminalScrollLock(int)
                0x00000000c00105c6                VgaText::load()
                0x00000000c0010614                VgaText::updateCursor()
                0x00000000c001062a                VgaText::showCursor(bool)
                0x00000000c0010636                VgaText::disableBlink(bool)
                0x00000000c001066a                VgaText::doANSI_SGR(int)
                0x00000000c00106de                VgaText::setDefaultBgColour(VgaColour)
                0x00000000c00106ee                VgaText::setDefaultFgColour(VgaColour)
                0x00000000c00106fe                VgaText::setDefaultColours(VgaColour, VgaColour)
                0x00000000c001071e                VgaText::combineColours(unsigned char, unsigned char)
                0x00000000c0010730                VgaText::scrollScreen()
                0x00000000c00107c4                VgaText::combineCharAndColour(char, unsigned char)
                0x00000000c00107d6                VgaText::writeCharacter(char, VgaColour, VgaColour, int, int)
                0x00000000c0010832                VgaText::getCursorX()
                0x00000000c001083a                VgaText::getCursorY()
                0x00000000c0010842                VgaText::setCursor(int, int)
                0x00000000c001085a                VgaText::setCursorX(int)
                0x00000000c0010872                VgaText::setCursorY(int)
                0x00000000c001088a                VgaText::incrementCursor(bool)
                0x00000000c00108de                VgaText::updateRAMUsageDisplay(int)
                0x00000000c0010942                VgaText::updateDiskUsage()
                0x00000000c0010aac                VgaText::updateTitle()
                0x00000000c0010af0                VgaText::setTitleTextColour(VgaColour)
                0x00000000c0010afe                VgaText::setTitleColour(VgaColour)
                0x00000000c0010b0c                VgaText::setTitle(char*)
                0x00000000c0010b32                VgaText::decrementCursor(bool)
                0x00000000c0010b54                VgaText::putchar(char, VgaColour, VgaColour)
                0x00000000c0010c2c                VgaText::isShowingCursor()
                0x00000000c0010c34                VgaText::isBlinkDisabled()
                0x00000000c0010c40                VgaText::setCursorHeight(int)
                0x00000000c0010c58                VgaText::getCursorHeight()
                0x00000000c0010c60                setActiveTerminal(VgaText*)
                0x00000000c0010d06                doTerminalCycle()
                0x00000000c0010d20                VgaText::doUpdate()
                0x00000000c0010d2e                VgaText::puts(char const*, VgaColour, VgaColour)
                0x00000000c0010ea6                VgaText::clearScreen()
                0x00000000c0010f00                VgaText::putchar(char)
                0x00000000c0010fec                VgaText::puts(char const*)
                0x00000000c0011012                VgaText::putx(unsigned int)
                0x00000000c0011058                VgaText::VgaText(char const*)
                0x00000000c0011058                VgaText::VgaText(char const*)
                0x00000000c0011208                VgaText::receiveKey(unsigned char)
                0x00000000c00112f0                VgaText::write(unsigned long long, void*, int*)
                0x00000000c0011344                newTerminal(char*)
 *fill*         0x00000000c0011369        0x1 
 .text          0x00000000c001136a      0x1b3 core/tss.32
                0x00000000c001136a                TSS::TSS()
                0x00000000c001136a                TSS::TSS()
                0x00000000c0011378                TSS::setESP(unsigned long)
                0x00000000c001138a                TSS::flush()
                0x00000000c00113aa                TSS::setup(unsigned long, unsigned long)
 *fill*         0x00000000c001151d        0x1 
 .text          0x00000000c001151e      0x4c2 core/unixfile.32
                0x00000000c001151e                ReservedFilename::read(unsigned long long, void*, int*)
                0x00000000c0011574                ReservedFilename::isAtty()
                0x00000000c0011590                ReservedFilename::write(unsigned long long, void*, int*)
                0x00000000c00115ee                UnixFile::getFileDescriptor()
                0x00000000c00115f6                UnixFile::UnixFile(int)
                0x00000000c00115f6                UnixFile::UnixFile(int)
                0x00000000c00117a6                ReservedFilename::ReservedFilename(int)
                0x00000000c00117a6                ReservedFilename::ReservedFilename(int)
                0x00000000c00117d8                UnixFile::~UnixFile()
                0x00000000c00117d8                UnixFile::~UnixFile()
                0x00000000c0011870                UnixFile::~UnixFile()
                0x00000000c0011898                ReservedFilename::~ReservedFilename()
                0x00000000c0011898                ReservedFilename::~ReservedFilename()
                0x00000000c00118bc                ReservedFilename::~ReservedFilename()
                0x00000000c00118e3                getFromFileDescriptor(int)
 .text          0x00000000c00119e0     0x12ff core/virtmgr.32
                0x00000000c00119e0                Virt::setPageState(unsigned long, Virt::VirtPageState)
                0x00000000c0011a15                Virt::getPageState(unsigned long)
                0x00000000c0011a39                Virt::allocateKernelVirtualPages(int)
                0x00000000c0011b4a                Virt::freeSwapfilePage(unsigned long)
                0x00000000c0011b68                Virt::swapIDToSector(unsigned long)
                0x00000000c0011b7a                Virt::allocateSwapfilePage()
                0x00000000c0011bf8                Virt::virtualMemorySetup()
                0x00000000c0011c77                Virt::swappingSetup()
                0x00000000c0011c78                Virt::getAKernelVAS()
                0x00000000c0011c7e                Virt::setupPageSwapping(int)
                0x00000000c0011e4a                VAS::VAS()
                0x00000000c0011e4a                VAS::VAS()
                0x00000000c0011e86                VAS::VAS(VAS*)
                0x00000000c0011e86                VAS::VAS(VAS*)
                0x00000000c0011eb4                VAS::getForeignPageTableEntry(bool, unsigned long)
                0x00000000c0011ee0                VAS::getPageTableEntry(unsigned long)
                0x00000000c0011eff                Virt::freeKernelVirtualPages(unsigned long)
                0x00000000c0012022                VAS::freeAllocatedPages(unsigned long)
                0x00000000c0012046                VAS::virtualToPhysical(unsigned long)
                0x00000000c001205e                VAS::reflagRange(unsigned long, int, int, int)
                0x00000000c001209e                VAS::setToWriteCombining(unsigned long, int)
                0x00000000c00120d0                VAS::mapOtherVASIn(bool, VAS*)
                0x00000000c00120fa                VAS::~VAS()
                0x00000000c00120fa                VAS::~VAS()
                0x00000000c0012276                VAS::mapPage(unsigned long, unsigned long, int)
                0x00000000c0012376                VAS::allocatePages(int, int)
                0x00000000c001254e                VAS::setCPUSpecific(unsigned long)
                0x00000000c001256a                VAS::mapRange(unsigned long, unsigned long, int, int)
                0x00000000c0012630                VAS::mapForeignPage(bool, VAS*, unsigned long, unsigned long, int)
                0x00000000c001271e                VAS::VAS(bool)
                0x00000000c001271e                VAS::VAS(bool)
                0x00000000c00129a0                VAS::evict(unsigned long)
                0x00000000c0012a62                VAS::tryLoadBackOffDisk(unsigned long)
                0x00000000c0012b72                VAS::scanForEviction()
                0x00000000c0012c23                mapVASFirstTime
 .text          0x00000000c0012cdf       0x95 coreobjs/c++.32
                0x00000000c0012cdf                __cxa_atexit
                0x00000000c0012ce2                __cxa_finalize
                0x00000000c0012ce3                __stack_chk_fail
                0x00000000c0012d4f                __cxa_pure_virtual
                0x00000000c0012d60                operator new[](unsigned long)
                0x00000000c0012d65                operator delete(void*, unsigned long)
                0x00000000c0012d6a                operator delete[](void*)
                0x00000000c0012d6f                operator delete[](void*, unsigned long)
 .text          0x00000000c0012d74      0x1ef dbg/kconsole.32
                0x00000000c0012d74                Dbg::stringifyxWithBase(unsigned int, char*, int)
                0x00000000c0012dd5                Dbg::logc(char)
                0x00000000c0012dec                Dbg::logs(char*)
                0x00000000c0012e09                Dbg::logWriteInt(unsigned int)
                0x00000000c0012e26                Dbg::logWriteIntBase(unsigned int, int)
                0x00000000c0012e45                Dbg::kprintf(char const*, ...)
 *fill*         0x00000000c0012f63        0x1 
 .text          0x00000000c0012f64      0xb82 fs/vfs.32
                0x00000000c0012f64                File::read(unsigned long long, void*, int*)
                0x00000000c0012fbc                File::write(unsigned long long, void*, int*)
                0x00000000c0013014                Directory::read(unsigned long long, void*, int*)
                0x00000000c001306c                Directory::write(unsigned long long, void*, int*)
                0x00000000c001309a                File::isAtty()
                0x00000000c001309e                Directory::isAtty()
                0x00000000c00130a2                Filesystem::getlabel(LogicalDisk*, int, char*, unsigned int*)
                0x00000000c00130a8                Filesystem::setlabel(LogicalDisk*, int, char*)
                0x00000000c00130ae                Filesystem::getFileFirstSector(char const*)
                0x00000000c00130b4                File::~File()
                0x00000000c00130b4                File::~File()
                0x00000000c00130d8                File::~File()
                0x00000000c0013102                Directory::~Directory()
                0x00000000c0013102                Directory::~Directory()
                0x00000000c0013126                Directory::~Directory()
                0x00000000c0013150                Filesystem::Filesystem()
                0x00000000c0013150                Filesystem::Filesystem()
                0x00000000c0013174                Filesystem::~Filesystem()
                0x00000000c0013174                Filesystem::~Filesystem()
                0x00000000c0013182                Filesystem::~Filesystem()
                0x00000000c00131a6                Fs::getcwd(Process*, char*, int)
                0x00000000c00131d0                Fs::initVFS()
                0x00000000c00131fa                Fs::standardiseFiles(char*, char const*, char const*)
                0x00000000c00133a4                File::File(char const*, Process*)
                0x00000000c00133a4                File::File(char const*, Process*)
                0x00000000c0013408                File::open(FileOpenMode)
                0x00000000c0013466                File::close()
                0x00000000c00134c6                File::seek(unsigned long long)
                0x00000000c001351c                File::tell(unsigned long long*)
                0x00000000c001356c                File::rewind()
                0x00000000c0013580                File::unlink()
                0x00000000c00135cc                File::rename(char const*)
                0x00000000c001361a                File::chfatattr(unsigned char, unsigned char)
                0x00000000c0013676                File::exists()
                0x00000000c00136b4                File::stat(unsigned long long*, bool*)
                0x00000000c0013715                Fs::setcwd(Process*, char*)
                0x00000000c0013850                Directory::Directory(char const*, Process*)
                0x00000000c0013850                Directory::Directory(char const*, Process*)
                0x00000000c00138b4                Directory::open()
                0x00000000c0013910                Directory::close()
                0x00000000c0013970                Directory::unlink()
                0x00000000c00139bc                Directory::rename(char const*)
                0x00000000c0013a0a                Directory::exists()
                0x00000000c0013a48                Directory::read(dirent*)
                0x00000000c0013a94                Directory::create()
                0x00000000c0013ae0                Filesystem::chfatattr(char const*, unsigned char, unsigned char)
 .text          0x00000000c0013ae6       0x84 hal/bus.32
                0x00000000c0013ae6                Bus::Bus(char const*)
                0x00000000c0013ae6                Bus::Bus(char const*)
                0x00000000c0013b1c                Bus::~Bus()
                0x00000000c0013b1c                Bus::~Bus()
                0x00000000c0013b40                Bus::~Bus()
 .text          0x00000000c0013b6a      0x156 hal/buzzer.32
                0x00000000c0013b6a                Buzzer::Buzzer(char const*)
                0x00000000c0013b6a                Buzzer::Buzzer(char const*)
                0x00000000c0013bae                Buzzer::~Buzzer()
                0x00000000c0013bae                Buzzer::~Buzzer()
                0x00000000c0013bd2                Buzzer::~Buzzer()
                0x00000000c0013bfc                Buzzer::stop()
                0x00000000c0013c0f                beepThread(void*)
                0x00000000c0013c52                Buzzer::beep(int, int, bool)
 .text          0x00000000c0013cc0      0x467 hal/clock.32
                0x00000000c0013cc0                User::loadClockSettings(int)
                0x00000000c0013d12                Clock::Clock(char const*)
                0x00000000c0013d12                Clock::Clock(char const*)
                0x00000000c0013d48                Clock::~Clock()
                0x00000000c0013d48                Clock::~Clock()
                0x00000000c0013d6c                Clock::~Clock()
                0x00000000c0013d96                Clock::timeInSecondsLocal()
                0x00000000c0013dde                Clock::setTimeInSecondsLocal(unsigned long long)
                0x00000000c0013e37                datetimeToSeconds(datetime_t)
                0x00000000c0013f5e                Clock::setTimeInDatetimeLocal(datetime_t)
                0x00000000c0013fbe                secondsToDatetime(unsigned long long)
                0x00000000c0014102                Clock::timeInDatetimeLocal()
 *fill*         0x00000000c0014127        0x1 
 .text          0x00000000c0014128      0x4ec hal/device.32
                0x00000000c0014128                Device::hibernate()
                0x00000000c001412a                Device::wake()
                0x00000000c001412c                Device::detect()
                0x00000000c001412e                Device::disableLegacy()
                0x00000000c0014130                Device::powerSaving(PowerSavingLevel)
                0x00000000c0014132                DriverlessDevice::close(int, int, void*)
                0x00000000c0014136                DriverlessDevice::detect()
                0x00000000c0014138                DriverlessDevice::open(int, int, void*)
                0x00000000c001414c                Device::~Device()
                0x00000000c001414c                Device::~Device()
                0x00000000c001415a                Device::~Device()
                0x00000000c0014182                Device::findAndLoadDriver()
                0x00000000c0014184                Device::preOpenPCI(PCIDeviceInfo)
                0x00000000c00141aa                Device::preOpenACPI(void*, char*, char*)
                0x00000000c00141fe                Device::addIRQHandler(int, void (*)(regs*, void*), bool, void*)
                0x00000000c001423c                Device::removeIRQHandler(int, void (*)(regs*, void*), bool)
                0x00000000c001427a                Device::addChild(Device*)
                0x00000000c00142be                Device::removeAllChildren()
                0x00000000c0014304                Device::hibernateAll()
                0x00000000c0014334                Device::wakeAll()
                0x00000000c0014364                Device::detectAll()
                0x00000000c0014394                Device::disableLegacyAll()
                0x00000000c00143c4                Device::loadDriversForAll()
                0x00000000c00143f0                Device::closeAll()
                0x00000000c0014426                Device::powerSavingAll(PowerSavingLevel)
                0x00000000c001445c                Device::setName(char const*)
                0x00000000c001446a                Device::Device(char const*)
                0x00000000c001446a                Device::Device(char const*)
                0x00000000c0014566                Device::getName()
                0x00000000c0014570                DriverlessDevice::DriverlessDevice(char const*)
                0x00000000c0014570                DriverlessDevice::DriverlessDevice(char const*)
                0x00000000c00145a6                Device::addToLinkedList(LinkedList<Device>&, DeviceType)
                0x00000000c00145ea                getDevicesOfType(DeviceType)
 .text          0x00000000c0014614       0x84 hal/diskctrl.32
                0x00000000c0014614                HardDiskController::HardDiskController(char const*)
                0x00000000c0014614                HardDiskController::HardDiskController(char const*)
                0x00000000c001464a                HardDiskController::~HardDiskController()
                0x00000000c001464a                HardDiskController::~HardDiskController()
                0x00000000c001466e                HardDiskController::~HardDiskController()
 .text          0x00000000c0014698       0xf2 hal/diskphys.32
                0x00000000c0014698                PhysicalDisk::eject()
                0x00000000c00146ac                PhysicalDisk::PhysicalDisk(char const*, int)
                0x00000000c00146ac                PhysicalDisk::PhysicalDisk(char const*, int)
                0x00000000c0014714                PhysicalDisk::startCache()
                0x00000000c001473c                PhysicalDisk::~PhysicalDisk()
                0x00000000c001473c                PhysicalDisk::~PhysicalDisk()
                0x00000000c0014760                PhysicalDisk::~PhysicalDisk()
 .text          0x00000000c001478a      0x13b hal/fpu.32
                0x00000000c001478a                FPU::FPU(char const*)
                0x00000000c001478a                FPU::FPU(char const*)
                0x00000000c00147c0                FPU::~FPU()
                0x00000000c00147c0                FPU::~FPU()
                0x00000000c00147e4                FPU::~FPU()
                0x00000000c001480e                setupFPU()
 *fill*         0x00000000c00148c5        0x1 
 .text          0x00000000c00148c6     0x1439 hal/intctrl.32
                0x00000000c00148c6                InterruptController::uninstallISRHandler(int, void (*)(regs*, void*))
                0x00000000c00148fe                InterruptController::installISRHandler(int, void (*)(regs*, void*), void*)
                0x00000000c0014950                doubleFault(regs*, void*)
                0x00000000c001496a                InterruptController::installIRQHandler(int, void (*)(regs*, void*), bool, void*)
                0x00000000c0014a06                InterruptController::clearAllHandlers(int, bool)
                0x00000000c0014aae                InterruptController::uninstallIRQHandler(int, void (*)(regs*, void*), bool)
                0x00000000c0014b35                nmiHandler(regs*, void*)
                0x00000000c0014b43                int_handler
                0x00000000c0014be4                InterruptController::InterruptController(char const*)
                0x00000000c0014be4                InterruptController::InterruptController(char const*)
                0x00000000c0014c8a                InterruptController::~InterruptController()
                0x00000000c0014c8a                InterruptController::~InterruptController()
                0x00000000c0014cae                InterruptController::~InterruptController()
                0x00000000c0014cd8                displayDebugInfo(regs*)
                0x00000000c0015167                x87EmulHandler(regs*, void*)
                0x00000000c00151da                gpFault(regs*, void*)
                0x00000000c0015213                pgFault(regs*, void*)
                0x00000000c001524f                otherISRHandler(regs*, void*)
                0x00000000c001526e                opcodeFault(regs*, void*)
                0x00000000c001588b                displayProgramFault(char const*)
                0x00000000c00158b3                setupInterruptController()
                0x00000000c0015cb2                InterruptController::convertLegacyIRQNumber(int)
 *fill*         0x00000000c0015cff        0x1 
 .text          0x00000000c0015d00      0x794 hal/keybrd.32
                0x00000000c0015d00                startGUI(void*)
                0x00000000c0015d6c                startGUIVESA(void*)
                0x00000000c0015dd8                sendKeyToTerminal(unsigned char)
                0x00000000c0015e96                sendKeyboardToken(KeyboardToken)
                0x00000000c00162d3                clearInternalKeybuffer(VgaText*)
                0x00000000c0016308                readKeyboard(VgaText*, char*, unsigned long)
                0x00000000c001640a                Keyboard::Keyboard(char const*)
                0x00000000c001640a                Keyboard::Keyboard(char const*)
                0x00000000c0016446                Keyboard::~Keyboard()
                0x00000000c0016446                Keyboard::~Keyboard()
                0x00000000c001646a                Keyboard::~Keyboard()
 .text          0x00000000c0016494      0x414 hal/logidisk.32
                0x00000000c0016494                LogicalDisk::close(int, int, void*)
                0x00000000c0016498                LogicalDisk::~LogicalDisk()
                0x00000000c0016498                LogicalDisk::~LogicalDisk()
                0x00000000c00164bc                LogicalDisk::~LogicalDisk()
                0x00000000c00164e6                LogicalDisk::open(int, int, void*)
                0x00000000c00164fa                LogicalDisk::absoluteToRelative(unsigned long long)
                0x00000000c0016532                LogicalDisk::relativeToAbsolute(unsigned long long)
                0x00000000c0016578                LogicalDisk::LogicalDisk(char const*, PhysicalDisk*, unsigned long long, unsigned long long)
                0x00000000c0016578                LogicalDisk::LogicalDisk(char const*, PhysicalDisk*, unsigned long long, unsigned long long)
                0x00000000c001662e                LogicalDisk::assignDriveLetter()
                0x00000000c00166e4                LogicalDisk::mount()
                0x00000000c0016756                LogicalDisk::unmount()
                0x00000000c0016766                LogicalDisk::eject()
                0x00000000c001677a                LogicalDisk::unassignDriveLetter()
                0x00000000c00167d0                LogicalDisk::read(unsigned long long, int, void*)
                0x00000000c001683c                LogicalDisk::write(unsigned long long, int, void*)
 .text          0x00000000c00168a8       0x84 hal/mouse.32
                0x00000000c00168a8                Mouse::Mouse(char const*)
                0x00000000c00168a8                Mouse::Mouse(char const*)
                0x00000000c00168de                Mouse::~Mouse()
                0x00000000c00168de                Mouse::~Mouse()
                0x00000000c0016902                Mouse::~Mouse()
 .text          0x00000000c001692c      0x359 hal/partition.32
                0x00000000c001692c                makePartition(PhysicalDisk*, unsigned long long, unsigned long long)
                0x00000000c00169f4                createPartitionsForDisk(PhysicalDisk*)
 *fill*         0x00000000c0016c85        0x1 
 .text          0x00000000c0016c86       0x84 hal/serial.32
                0x00000000c0016c86                Serial::Serial(char const*)
                0x00000000c0016c86                Serial::Serial(char const*)
                0x00000000c0016cbc                Serial::~Serial()
                0x00000000c0016cbc                Serial::~Serial()
                0x00000000c0016ce0                Serial::~Serial()
 .text          0x00000000c0016d0a      0x2f3 hal/timer.32
                0x00000000c0016d0a                Timer::Timer(char const*)
                0x00000000c0016d0a                Timer::Timer(char const*)
                0x00000000c0016d40                Timer::~Timer()
                0x00000000c0016d40                Timer::~Timer()
                0x00000000c0016d64                Timer::~Timer()
                0x00000000c0016d8e                Timer::read()
                0x00000000c0016d99                timerHandler(unsigned long long)
                0x00000000c0016f0b                setupTimer(int)
 *fill*         0x00000000c0016ffd        0x1 
 .text          0x00000000c0016ffe      0x425 hal/vcache.32
                0x00000000c0016ffe                VCache::VCache(PhysicalDisk*)
                0x00000000c0016ffe                VCache::VCache(PhysicalDisk*)
                0x00000000c0017166                VCache::invalidateReadBuffer()
                0x00000000c0017176                VCache::writeWriteBuffer()
                0x00000000c00171b2                VCache::~VCache()
                0x00000000c00171b2                VCache::~VCache()
                0x00000000c0017206                VCache::~VCache()
                0x00000000c001722e                VCache::write(unsigned long long, int, void*)
                0x00000000c0017324                VCache::read(unsigned long long, int, void*)
 *fill*         0x00000000c0017423        0x1 
 .text          0x00000000c0017424      0x4cd hal/video.32
                0x00000000c0017424                Video::putrect(int, int, int, int, unsigned int)
                0x00000000c0017470                Video::bitblit(int, int, int, int, int, int, int, unsigned int*)
                0x00000000c00174e0                Video::blit(unsigned int*, int, int, int, int)
                0x00000000c001755e                Video::clearScreen(unsigned int)
                0x00000000c0017592                Video::putpixel(int, int, unsigned int)
                0x00000000c00175a0                Video::Video(char const*)
                0x00000000c00175a0                Video::Video(char const*)
                0x00000000c00175d6                Video::~Video()
                0x00000000c00175d6                Video::~Video()
                0x00000000c00175fa                Video::~Video()
                0x00000000c0017624                Video::isMonochrome()
                0x00000000c0017630                Video::getWidth()
                0x00000000c001763c                Video::getHeight()
                0x00000000c0017648                Video::drawCursor(int, int, unsigned char*, int)
                0x00000000c0017704                Video::tgaParse(unsigned char*, int, int*, int*)
                0x00000000c0017886                Video::putTGA(int, int, unsigned char*, int)
 *fill*         0x00000000c00178f1        0x1 
 .text          0x00000000c00178f2     0x10bf hw/acpi.32
                0x00000000c00178f2                ACPI::close(int, int, void*)
                0x00000000c00179a7                findRSDP()
                0x00000000c0017a41                loadACPITables(unsigned char*)
                0x00000000c0017c68                findRSDT(unsigned char*)
                0x00000000c0017d86                findDataTable(unsigned char*, char*)
                0x00000000c0017e22                scanMADT()
                0x00000000c00182a8                ACPI::ACPI()
                0x00000000c00182a8                ACPI::ACPI()
                0x00000000c0018312                ACPI::getPCIIRQAssignment(unsigned char, unsigned short, unsigned char)
                0x00000000c00183f4                ACPI::registerPCIIRQAssignment(void*, unsigned short, unsigned char, unsigned char)
                0x00000000c00184ba                ACPI::setScreenBrightnessLevel(void*, int)
                0x00000000c00184c0                ACPI::writeSimpleBootFlag(SimpleBootFlagTable*)
                0x00000000c0018508                ACPI::sleep()
                0x00000000c0018520                ACPI::open(int, int, void*)
 *fill*         0x00000000c00189b1        0x1 
 .text          0x00000000c00189b2     0x1715 hw/cpu.32
                0x00000000c00189b2                CPU::close(int, int, void*)
                0x00000000c00189b6                CPU::lookupAMDName(unsigned char, unsigned char)
                0x00000000c0018b4a                CPU::lookupIntelName(unsigned char, unsigned char)
                0x00000000c0018df8                CPU::AMD_K6_write_msr(unsigned int, unsigned int, unsigned int, CPU::REGS*)
                0x00000000c0018e14                CPU::AMD_K6_read_msr(unsigned int, CPU::REGS*)
                0x00000000c0018e2c                CPU::AMD_K6_writeback(int, int, int)
                0x00000000c0018ea0                CPU::cpuid(int, unsigned long*, unsigned long*, unsigned long*, unsigned long*)
                0x00000000c0018f24                CPU::cpuidCheckEDX(unsigned int)
                0x00000000c0018f52                CPU::cpuidCheckECX(unsigned int)
                0x00000000c0018f80                CPU::cpuidCheckExtendedEBX(unsigned int)
                0x00000000c0018fae                CPU::cpuidCheckExtendedECX(unsigned int)
                0x00000000c0018fdc                CPU::CPU()
                0x00000000c0018fdc                CPU::CPU()
                0x00000000c001906a                CPU::displayFeatures()
                0x00000000c00192e6                CPU::detectFeatures()
                0x00000000c0019cd6                CPU::setupSMEP()
                0x00000000c0019ce2                CPU::setupUMIP()
                0x00000000c0019cec                CPU::setupTSC()
                0x00000000c0019cf6                CPU::setupLargePages()
                0x00000000c0019d00                CPU::setupPAT()
                0x00000000c0019d3c                CPU::setupMTRR()
                0x00000000c0019d3e                CPU::setupGlobalPages()
                0x00000000c0019d48                CPU::allowUsermodeDataAccess()
                0x00000000c0019d5a                CPU::prohibitUsermodeDataAccess()
                0x00000000c0019d6c                CPU::setupSMAP()
                0x00000000c0019d7a                CPU::setupFeatures()
                0x00000000c0019dfa                CPU::open(int, int, void*)
                0x00000000c0019ecc                CPU::decodeAddress(regs*, int*, bool*, unsigned char*)
 .text          0x00000000c001a0c7        0x0 hw/ports.32
 .text          0x00000000c001a0c7      0x16a hw/smp.32
                0x00000000c001a0c7                Krnl::smpEntry()
                0x00000000c001a0c9                Krnl::startCPU(int)
                0x00000000c001a212                Krnl::startCPUs()
 *fill*         0x00000000c001a231        0x1 
 .text          0x00000000c001a232      0x5d3 krnl/env.32
                0x00000000c001a232                EnvVarContainer::getEnv(char const*)
                0x00000000c001a270                EnvVarContainer::setEnv(char const*, char const*)
                0x00000000c001a33c                EnvVarContainer::deleteEnv(char const*)
                0x00000000c001a33e                EnvVarContainer::loadFrom(char const*, char const*)
                0x00000000c001a534                EnvVarContainer::__loadSystem()
                0x00000000c001a54e                EnvVarContainer::__loadUser()
                0x00000000c001a550                EnvVarContainer::EnvVarContainer(Process*)
                0x00000000c001a550                EnvVarContainer::EnvVarContainer(Process*)
                0x00000000c001a572                EnvVarContainer::~EnvVarContainer()
                0x00000000c001a572                EnvVarContainer::~EnvVarContainer()
                0x00000000c001a5a2                Krnl::getEnv(Process*, char const*)
                0x00000000c001a607                Krnl::setEnvSystem(char const*, char const*)
                0x00000000c001a621                Krnl::setEnvUser(char const*, char const*)
                0x00000000c001a640                Krnl::setEnvProcess(Process*, char const*, char const*)
                0x00000000c001a653                Krnl::deleteEnvSystem(char const*)
                0x00000000c001a654                Krnl::deleteEnvUser(char const*)
                0x00000000c001a655                Krnl::deleteEnvProcess(Process*, char const*)
                0x00000000c001a656                Krnl::newProcessEnv(Process*)
                0x00000000c001a678                Krnl::copyProcessEnv(Process*, Process*)
                0x00000000c001a6cc                Krnl::loadSystemEnv()
                0x00000000c001a6fa                Krnl::loadUserEnv()
                0x00000000c001a720                Krnl::flushEnv()
                0x00000000c001a721                Krnl::getProcessTotalEnvCount(Process*)
                0x00000000c001a741                Krnl::getProcessEnvPair(Process*, int)
 .text          0x00000000c001a805      0x396 krnl/panic.32
                0x00000000c001a805                Krnl::panic(char const*)
 .text          0x00000000c001ab9b      0x3b6 net/ethernet.32
                0x00000000c001ab9b                Net::switchEndian16(unsigned short)
                0x00000000c001abbc                Net::switchEndian32(unsigned int)
                0x00000000c001abeb                Net::crc32Calc(unsigned char*, int)
                0x00000000c001ac7c                Net::wrapEthernetFrame(Net::UnwrappedEthernetFrame, unsigned char*)
                0x00000000c001adb8                Net::unwrapEthernetFrame(unsigned char*, int)
 .text          0x00000000c001af51      0x513 reg/registry.32
                0x00000000c001af51                Reg::findLineFromLoadedData(char*, char*, char*)
                0x00000000c001b0a9                Reg::getLineFromRegistry(char*, char*, char*, char*)
                0x00000000c001b1fe                Reg::getLine(char*, char*, char*)
                0x00000000c001b235                Reg::readInt(char*, char*, int*)
                0x00000000c001b320                Reg::readString(char*, char*, char*, int)
                0x00000000c001b3a1                Reg::readBool(char*, char*, bool*)
                0x00000000c001b3c6                Reg::readBoolWithDefault(char*, char*, bool)
                0x00000000c001b3f2                Reg::readIntWithDefault(char*, char*, int)
                0x00000000c001b41e                Reg::readStringWithDefault(char*, char*, char*, int, char*)
 .text          0x00000000c001b464       0x36 sys/sc_eject.32
                0x00000000c001b464                Sys::eject(regs*)
 .text          0x00000000c001b49a       0x18 sys/sc_exit.32
                0x00000000c001b49a                Sys::exit(regs*)
 .text          0x00000000c001b4b2       0x1f sys/sc_getcwd.32
                0x00000000c001b4b2                Sys::getCwd(regs*)
 .text          0x00000000c001b4d1        0xc sys/sc_getpid.32
                0x00000000c001b4d1                Sys::getPID(regs*)
 .text          0x00000000c001b4dd       0x17 sys/sc_getramdata.32
                0x00000000c001b4dd                Sys::getRAMData(regs*)
 .text          0x00000000c001b4f4       0x82 sys/sc_getvgaptr.32
                0x00000000c001b4f4                Sys::getVGAPtr(regs*)
 .text          0x00000000c001b576       0xa8 sys/sc_loaddll.32
                0x00000000c001b576                Sys::loadDLL(regs*)
 .text          0x00000000c001b61e       0x68 sys/sc_read.32
                0x00000000c001b61e                Sys::read(regs*)
 .text          0x00000000c001b686       0x55 sys/sc_sbrk.32
                0x00000000c001b686                Sys::sbrk(regs*)
 .text          0x00000000c001b6db       0x1c sys/sc_setcwd.32
                0x00000000c001b6db                Sys::setCwd(regs*)
 .text          0x00000000c001b6f7      0x128 sys/sc_settime.32
                0x00000000c001b6f7                Sys::setTime(regs*)
 .text          0x00000000c001b81f       0x4a sys/sc_timezone.32
                0x00000000c001b81f                Sys::timezone(regs*)
 .text          0x00000000c001b869       0x68 sys/sc_write.32
                0x00000000c001b869                Sys::write(regs*)
 .text          0x00000000c001b8d1       0x62 sys/sc_wsbe.32
                0x00000000c001b8d1                Sys::wsbe(regs*)
 .text          0x00000000c001b933       0x46 sys/sc_yield.32
                0x00000000c001b933                Sys::yield(regs*)
 .text          0x00000000c001b979     0x110c sys/syscalls.32
                0x00000000c001b979                sysCallSeekDir(regs*)
                0x00000000c001b97e                sysCallTellDir(regs*)
                0x00000000c001b983                sysCallVerify(regs*)
                0x00000000c001b98d                sysFormatDisk(regs*)
                0x00000000c001b9f7                sysSetDiskVolumeLabel(regs*)
                0x00000000c001ba3d                sysGetDiskVolumeLabel(regs*)
                0x00000000c001ba8e                sysShutdown(regs*)
                0x00000000c001baec                sysCallRealpath(regs*)
                0x00000000c001bb2f                sysCallGetArgc(regs*)
                0x00000000c001bb5d                sysCallReadDir(regs*)
                0x00000000c001bbeb                sysCallIsATTY(regs*)
                0x00000000c001bc45                sysCallSeek(regs*)
                0x00000000c001bcae                sysCallTell(regs*)
                0x00000000c001bd2b                sysCallSize(regs*)
                0x00000000c001bdae                sysCallSizeFromFilename(regs*)
                0x00000000c001be6e                sysCallClose(regs*)
                0x00000000c001bef6                sysCallOpenDir(regs*)
                0x00000000c001bf6b                sysCallCloseDir(regs*)
                0x00000000c001bfd1                sysCallMakeDir(regs*)
                0x00000000c001c041                sysCallWait(regs*)
                0x00000000c001c05b                sysCallNotImpl(regs*)
                0x00000000c001c076                sysPanic(regs*)
                0x00000000c001c09c                sysCallRmdir(regs*)
                0x00000000c001c100                sysCallUnlink(regs*)
                0x00000000c001c164                sysCallGetArgv(regs*)
                0x00000000c001c1b0                sysCallTTYName(regs*)
                0x00000000c001c233                sysCallUSleep(regs*)
                0x00000000c001c25a                sysCallSpawn(regs*)
                0x00000000c001c2cf                sysCallGetEnv(regs*)
                0x00000000c001c407                sysAppSettings(regs*)
                0x00000000c001c526                sysSetFatAttrib(regs*)
                0x00000000c001c598                sysPipe(regs*)
                0x00000000c001c5dd                sysGetUnixTime(regs*)
                0x00000000c001c5f1                string_ends_with(char const*, char const*)
                0x00000000c001c639                sysCallOpen(regs*)
                0x00000000c001c84e                Sys::loadSyscalls()
                0x00000000c001ca43                Sys::systemCall(regs*, void*)
 .text          0x00000000c001ca85     0x1206 thr/elf.32
                0x00000000c001ca85                Thr::allocateMemoryForTask(Process*, File*, unsigned long, unsigned long, unsigned long)
                0x00000000c001cd2f                Thr::loadProgramIntoMemory(Process*, char const*)
                0x00000000c001cf45                Thr::runtimeReferenceHelper()
                0x00000000c001cf58                Thr::getAddressOfKernelSymbol(char const*)
                0x00000000c001cfa7                Thr::loadKernelSymbolTable(char const*)
                0x00000000c001d265                Thr::loadDriverIntoMemory(char const*, unsigned long, bool)
                0x00000000c001d99b                Thr::getDriverBaseFromAddress(unsigned long)
                0x00000000c001d9cd                Thr::getDriverNameFromAddress(unsigned long)
                0x00000000c001da04                Thr::getDriverOffsetFromAddress(unsigned long)
                0x00000000c001da1e                Thr::loadDLL(char const*, bool)
                0x00000000c001dc52                Thr::executeDLL(unsigned long, void*)
 *fill*         0x00000000c001dc8b        0x1 
 .text          0x00000000c001dc8c     0x1315 thr/prcssthr.32
                0x00000000c001dc8c                userModeEntryPoint(void*)
                0x00000000c001dcb2                changeTSS
                0x00000000c001dce2                switchToThread(ThreadControlBlock*)
                0x00000000c001dd8c                Process::addArgs(char**)
                0x00000000c001dde6                Process::Process(char const*, Process*, char**)
                0x00000000c001dde6                Process::Process(char const*, Process*, char**)
                0x00000000c001dfca                Process::Process(bool, char const*, Process*, char**)
                0x00000000c001dfca                Process::Process(bool, char const*, Process*, char**)
                0x00000000c001e179                taskStartupFunction
                0x00000000c001e182                Semaphore::Semaphore(int)
                0x00000000c001e182                Semaphore::Semaphore(int)
                0x00000000c001e1b0                Mutex::Mutex()
                0x00000000c001e1b0                Mutex::Mutex()
                0x00000000c001e1c2                Process::createThread(void (*)(void*), void*, int)
                0x00000000c001e2c8                Process::createUserThread()
                0x00000000c001e2e4                setupMultitasking(void (*)())
                0x00000000c001e406                schedule()
                0x00000000c001e48c                Semaphore::tryAcquire()
                0x00000000c001e548                Semaphore::assertLocked(char const*)
                0x00000000c001e5b7                blockTaskWithSchedulerLockAlreadyHeld(TaskState)
                0x00000000c001e605                blockTask(TaskState)
                0x00000000c001e632                waitTask(int, int*, int)
                0x00000000c001e674                nanoSleepUntil(unsigned long long)
                0x00000000c001e709                nanoSleep(unsigned long long)
                0x00000000c001e721                sleep(unsigned long long)
                0x00000000c001e73e                Semaphore::acquire()
                0x00000000c001e7e0                taskReturned
                0x00000000c001e81b                Thr::processFromPID(int)
                0x00000000c001e8ca                unblockTask(ThreadControlBlock*)
                0x00000000c001e977                cleanupTerminatedTask(ThreadControlBlock*)
                0x00000000c001ec40                cleanerTaskFunction(void*)
                0x00000000c001ed39                terminateTask(int)
                0x00000000c001ee6b                Thr::terminateFromIRQ(int)
                0x00000000c001ee78                Semaphore::release()
 .text          0x00000000c001efa1      0xc58 vm86/vm8086.32
                0x00000000c001efa1                Vm::inbv(unsigned short)
                0x00000000c001efb4                Vm::outbv(unsigned short, unsigned char)
                0x00000000c001f007                Vm::realToLinear(unsigned short, unsigned short)
                0x00000000c001f017                Vm::getSegment(unsigned int)
                0x00000000c001f01f                Vm::getOffset(unsigned int)
                0x00000000c001f024                Vm::mainloop2()
                0x00000000c001f05e                Vm::mainVm8086Loop(void*)
                0x00000000c001f06e                Vm::mainloop3(unsigned long)
                0x00000000c001f094                Vm::initialise8086()
                0x00000000c001f0d7                Vm::finish8086()
                0x00000000c001f138                Vm::getOutput8086(unsigned char*)
                0x00000000c001f162                Vm::start8086(char const*, unsigned short, unsigned short, unsigned short, unsigned short)
                0x00000000c001f2ca                Vm::doISR(regs*, int, unsigned char*, unsigned short, unsigned short)
                0x00000000c001f354                Vm::readByteFromReal(unsigned short, unsigned short)
                0x00000000c001f365                Vm::readWordFromReal(unsigned short, unsigned short)
                0x00000000c001f377                Vm::readDwordFromReal(unsigned short, unsigned short)
                0x00000000c001f388                Vm::writeByteFromReal(unsigned short, unsigned short, unsigned char)
                0x00000000c001f39d                Vm::writeWordFromReal(unsigned short, unsigned short, unsigned short)
                0x00000000c001f3b3                Vm::writeDwordFromReal(unsigned short, unsigned short, unsigned int)
                0x00000000c001f3c8                Vm::faultHandler(regs*)
 .text          0x00000000c001fbf9      0xefd vm86/x87em.32
                0x00000000c001fbf9                Vm::fpuInternalTo32(unsigned long long)
                0x00000000c001fc54                Vm::fpuInternalTo64(unsigned long long)
                0x00000000c001fc5d                Vm::fpu32ToInternal(unsigned int)
                0x00000000c001fca2                Vm::fpu64ToInternal(unsigned long long)
                0x00000000c001fcab                Vm::fpuFloatToLong(unsigned long long)
                0x00000000c001fd06                Vm::fpuULongToFloat(unsigned long long)
                0x00000000c001fd3c                Vm::fpuLongToFloat(long long)
                0x00000000c001fd92                Vm::fpuGet0()
                0x00000000c001fd97                Vm::fpuGet1()
                0x00000000c001fd9f                Vm::fpuGetPi()
                0x00000000c001fda7                Vm::fpuGetLog2E()
                0x00000000c001fdbf                Vm::fpuGetLogE2()
                0x00000000c001fdd7                Vm::fpuGetLog210()
                0x00000000c001fdef                Vm::fpuGetLog102()
                0x00000000c001fe07                Vm::fpuIsSecondLarger(unsigned long long, unsigned long long)
                0x00000000c001fe1b                Vm::fpuAreEqual(unsigned long long, unsigned long long)
                0x00000000c001fe31                Vm::fpuUnorderedCompare(unsigned long long, unsigned long long)
                0x00000000c001fe84                Vm::fpuAdd(unsigned long long, unsigned long long)
                0x00000000c001fe95                Vm::fpuAbs(unsigned long long)
                0x00000000c001fe9e                Vm::fpuChs(unsigned long long)
                0x00000000c001feae                Vm::fpuSub(unsigned long long, unsigned long long)
                0x00000000c001febd                Vm::fpuMultiply(unsigned long long, unsigned long long)
                0x00000000c001fedc                Vm::fpuDivide(unsigned long long, unsigned long long)
                0x00000000c001fef8                Vm::fpuSquare(unsigned long long)
                0x00000000c001ff0e                Vm::fpuGetReg(int)
                0x00000000c001ff51                Vm::fpuSetReg(int, unsigned long long)
                0x00000000c001ff9c                Vm::fpuPush(unsigned long long)
                0x00000000c001fff9                Vm::fpuPop()
                0x00000000c002004b                Vm::x87Handler(regs*)
 .text          0x00000000c0020af6     0x11af fs/fat/vfslink.32
                0x00000000c0020af6                FAT::getName()
                0x00000000c0020afc                FAT::tell(void*, unsigned long long*)
                0x00000000c0020b30                FAT::stat(void*, unsigned long long*)
                0x00000000c0020b64                FAT::~FAT()
                0x00000000c0020b64                FAT::~FAT()
                0x00000000c0020b88                FAT::~FAT()
                0x00000000c0020bb0                FAT::getlabel(LogicalDisk*, int, char*, unsigned int*)
                0x00000000c0020c4e                FAT::setlabel(LogicalDisk*, int, char*)
                0x00000000c0020d08                FAT::format(LogicalDisk*, int, char const*, int)
                0x00000000c0020eec                FAT::tryMount(LogicalDisk*, int)
                0x00000000c00210f2                FAT::getFileFirstSector(char const*)
                0x00000000c00211b4                FAT::readDir(void*, unsigned long, void*, int*)
                0x00000000c00212ba                FAT::read(void*, unsigned long, void*, int*)
                0x00000000c0021314                FAT::write(void*, unsigned long, void*, int*)
                0x00000000c002136e                FAT::close(void*)
                0x00000000c00213ba                FAT::closeDir(void*)
                0x00000000c0021406                FAT::seek(void*, unsigned long long)
                0x00000000c002145a                fatWrapperReadDisk
                0x00000000c00214a1                fatWrapperWriteDisk
                0x00000000c00214e8                fatWrapperIoctl
                0x00000000c00215ec                FAT::FAT()
                0x00000000c00215ec                FAT::FAT()
                0x00000000c002163e                FAT::fixFilepath(char*)
                0x00000000c0021676                FAT::open(char const*, void**, FileOpenMode)
                0x00000000c002179e                FAT::openDir(char const*, void**)
                0x00000000c0021844                FAT::stat(char const*, unsigned long long*, bool*)
                0x00000000c002192e                FAT::unlink(char const*)
                0x00000000c00219a8                FAT::chfatattr(char const*, unsigned char, unsigned char)
                0x00000000c0021afc                FAT::rename(char const*, char const*)
                0x00000000c0021bc0                FAT::mkdir(char const*)
                0x00000000c0021c3a                FAT::exists(char const*)
 *fill*         0x00000000c0021ca5        0x1 
 .text          0x00000000c0021ca6      0xbc1 fs/iso9660/vfslink.32
                0x00000000c0021ca6                ISO9660::format(LogicalDisk*, int, char const*, int)
                0x00000000c0021cac                ISO9660::seek(void*, unsigned long long)
                0x00000000c0021cdc                ISO9660::tell(void*, unsigned long long*)
                0x00000000c0021d00                ISO9660::getName()
                0x00000000c0021d06                ISO9660::stat(void*, unsigned long long*)
                0x00000000c0021d2a                ISO9660::chfatattr(char const*, unsigned char, unsigned char)
                0x00000000c0021d30                ISO9660::unlink(char const*)
                0x00000000c0021d36                ISO9660::write(void*, unsigned long, void*, int*)
                0x00000000c0021d3c                ISO9660::rename(char const*, char const*)
                0x00000000c0021d42                ISO9660::mkdir(char const*)
                0x00000000c0021d48                ISO9660::close(void*)
                0x00000000c0021d6a                ISO9660::closeDir(void*)
                0x00000000c0021d8c                ISO9660::~ISO9660()
                0x00000000c0021d8c                ISO9660::~ISO9660()
                0x00000000c0021db0                ISO9660::~ISO9660()
                0x00000000c0021dd7                __memmem(unsigned char*, int, unsigned char*, int)
                0x00000000c0021e19                readSectorFromCDROM(unsigned int, unsigned char*, char)
                0x00000000c0021e80                ISO9660::tryMount(LogicalDisk*, int)
                0x00000000c0021ed0                ISO9660::read(void*, unsigned long, void*, int*)
                0x00000000c00220d0                ISO9660::readDir(void*, unsigned long, void*, int*)
                0x00000000c002235d                readRoot(unsigned int*, unsigned int*, char)
                0x00000000c00223b2                readRecursively(char*, unsigned int, unsigned int, unsigned int*, unsigned int*, char, int*)
                0x00000000c0022585                getFileData(char*, unsigned int*, unsigned int*, char, int*)
                0x00000000c0022614                ISO9660::open(char const*, void**, FileOpenMode)
                0x00000000c00226d4                ISO9660::exists(char const*)
                0x00000000c00226f8                ISO9660::stat(char const*, unsigned long long*, bool*)
                0x00000000c002278c                ISO9660::openDir(char const*, void**)
                0x00000000c0022844                ISO9660::ISO9660()
                0x00000000c0022844                ISO9660::ISO9660()
 *fill*         0x00000000c0022867        0x1 
 .text          0x00000000c0022868      0x326 hal/sound/sndchannel.32
                0x00000000c0022868                SoundChannel::~SoundChannel()
                0x00000000c0022868                SoundChannel::~SoundChannel()
                0x00000000c0022884                SoundChannel::setSpeed(float)
                0x00000000c0022890                SoundChannel::getSpeed()
                0x00000000c0022898                SoundChannel::setVolume(int)
                0x00000000c00228b4                SoundChannel::getVolume()
                0x00000000c00228bc                SoundChannel::pause()
                0x00000000c00228c6                SoundChannel::SoundChannel(int, int, int, int)
                0x00000000c00228c6                SoundChannel::SoundChannel(int, int, int, int)
                0x00000000c0022a1c                SoundChannel::play()
                0x00000000c0022a26                SoundChannel::paused()
                0x00000000c0022a2e                SoundChannel::getSampleRate()
                0x00000000c0022a36                SoundChannel::getBits()
                0x00000000c0022a3e                SoundChannel::getBufferUsed()
                0x00000000c0022a46                SoundChannel::getBufferSize()
                0x00000000c0022a4e                SoundChannel::unbuffer(float*, int, int)
                0x00000000c0022aee                SoundChannel::buffer8(unsigned char*, int)
 .text          0x00000000c0022b8e      0x3d5 hal/sound/sndhw.32
                0x00000000c0022b8e                SoundDevice::SoundDevice(char const*)
                0x00000000c0022b8e                SoundDevice::SoundDevice(char const*)
                0x00000000c0022bfa                SoundDevice::~SoundDevice()
                0x00000000c0022bfa                SoundDevice::~SoundDevice()
                0x00000000c0022c74                SoundDevice::~SoundDevice()
                0x00000000c0022c9e                SoundDevice::getFreeChannelNum()
                0x00000000c0022cb8                SoundDevice::addChannel(SoundChannel*)
                0x00000000c0022d28                SoundDevice::removeChannel(int)
                0x00000000c0022d5a                SoundDevice::floatTo8(float*, unsigned char*, int)
                0x00000000c0022e42                SoundDevice::getAudio(int, float*, float*)
 .text          0x00000000c0022f63        0x0 hw/bus/isa.32
 *fill*         0x00000000c0022f63        0x1 
 .text          0x00000000c0022f64      0x795 hw/bus/pci.32
                0x00000000c0022f64                PCI::open(int, int, void*)
                0x00000000c0022f78                PCI::close(int, int, void*)
                0x00000000c0022f7c                PCI::PCI()
                0x00000000c0022f7c                PCI::PCI()
                0x00000000c0022ffc                PCI::readBAR8(unsigned int, int)
                0x00000000c0023018                PCI::readBAR16(unsigned int, int)
                0x00000000c0023036                PCI::readBAR32(unsigned int, int)
                0x00000000c0023052                PCI::writeBAR8(unsigned int, unsigned char, int)
                0x00000000c0023072                PCI::writeBAR16(unsigned int, unsigned short, int)
                0x00000000c0023094                PCI::writeBAR32(unsigned int, unsigned int, int)
                0x00000000c00230b4                PCI::pciReadWord(unsigned char, unsigned char, unsigned char, unsigned char)
                0x00000000c00230fc                PCI::getVendorID(unsigned char, unsigned char, unsigned char)
                0x00000000c002311e                PCI::getHeaderType(unsigned char, unsigned char, unsigned char)
                0x00000000c0023142                PCI::getClassCode(unsigned char, unsigned char, unsigned char)
                0x00000000c0023186                PCI::getProgIF(unsigned char, unsigned char, unsigned char)
                0x00000000c00231aa                PCI::getRevisionID(unsigned char, unsigned char, unsigned char)
                0x00000000c00231cc                PCI::getInterruptNumber(unsigned char, unsigned char, unsigned char)
                0x00000000c00231ee                PCI::getSecondaryBus(unsigned char, unsigned char, unsigned char)
                0x00000000c0023212                PCI::getBARAddress(unsigned char, unsigned char, unsigned char, unsigned char)
                0x00000000c0023272                PCI::pciWriteWord(unsigned char, unsigned char, unsigned char, unsigned char, unsigned short)
                0x00000000c00232de                PCI::pciDetailsToFilepath(PCIDeviceInfo)
                0x00000000c00232e2                PCI::checkBus(unsigned char)
                0x00000000c0023306                PCI::foundDevice(PCIDeviceInfo)
                0x00000000c002348e                PCI::getDeviceData(unsigned char, unsigned char, unsigned char)
                0x00000000c002363a                PCI::checkDevice(unsigned char, unsigned char)
                0x00000000c00236a6                PCI::detect()
 *fill*         0x00000000c00236f9        0x1 
 .text          0x00000000c00236fa      0xc70 hw/diskctrl/ide.32
                0x00000000c00236fa                IDE::close(int, int, void*)
                0x00000000c00236fe                IDE::IDE()
                0x00000000c00236fe                IDE::IDE()
                0x00000000c0023732                IDE::prepareInterrupt(unsigned char)
                0x00000000c0023744                selectDrive(unsigned char, unsigned char)
                0x00000000c0023746                IDE::getBase(unsigned char)
                0x00000000c0023758                IDE::write(unsigned char, unsigned char, unsigned char)
                0x00000000c0023818                IDE::read(unsigned char, unsigned char)
                0x00000000c00238c6                IDE::waitInterrupt(unsigned char)
                0x00000000c002392c                ideChannel0IRQHandler(regs*, void*)
                0x00000000c0023948                ideChannel1IRQHandler(regs*, void*)
                0x00000000c0023964                IDE::enableIRQs(unsigned char, bool)
                0x00000000c00239aa                IDE::open(int, int, void*)
                0x00000000c0023dba                IDE::readBuffer(unsigned char, unsigned char, unsigned int, unsigned int)
                0x00000000c0023e86                IDE::detect()
                0x00000000c002416e                IDE::printError(unsigned char, unsigned char, unsigned char)
                0x00000000c0024304                IDE::polling(unsigned char, unsigned int)
 .text          0x00000000c002436a      0x390 hw/diskctrl/satabus.32
                0x00000000c002436a                SATABus::close(int, int, void*)
                0x00000000c002436e                SATABus::detect()
                0x00000000c0024370                SATABus::SATABus()
                0x00000000c0024370                SATABus::SATABus()
                0x00000000c002441c                SATABus::findCmdslot(SATABus::tagHBA_PORT volatile*)
                0x00000000c0024464                SATABus::checkType(SATABus::tagHBA_PORT volatile*)
                0x00000000c00244ac                SATABus::startCmd(SATABus::tagHBA_PORT volatile*)
                0x00000000c00244cc                SATABus::stopCmd(SATABus::tagHBA_PORT volatile*)
                0x00000000c00244f6                SATABus::portRebase(SATABus::tagHBA_PORT volatile*, int)
                0x00000000c00245fc                SATABus::probePort(SATABus::tagHBA_MEM volatile*)
                0x00000000c00246da                SATABus::open(int, int, void*)
 .text          0x00000000c00246fa      0x63c hw/diskphys/ata.32
                0x00000000c00246fa                ATA::close(int, int, void*)
                0x00000000c002471e                ATA::powerSaving(PowerSavingLevel)
                0x00000000c0024720                ATA::ATA()
                0x00000000c0024720                ATA::ATA()
                0x00000000c002474e                ATA::flush(bool)
                0x00000000c0024798                ATA::readyForCommand()
                0x00000000c00247e8                ATA::access(unsigned long long, int, void*, bool)
                0x00000000c0024b70                ATA::read(unsigned long long, int, void*)
                0x00000000c0024bd8                ATA::write(unsigned long long, int, void*)
                0x00000000c0024c40                ATA::detectCHS()
                0x00000000c0024c6a                ATA::open(int, int, void*)
 .text          0x00000000c0024d36      0x5bd hw/diskphys/atapi.32
                0x00000000c0024d36                ATAPI::write(unsigned long long, int, void*)
                0x00000000c0024d3c                ATAPI::close(int, int, void*)
                0x00000000c0024d60                ATAPI::ATAPI()
                0x00000000c0024d60                ATAPI::ATAPI()
                0x00000000c0024d8e                ATAPI::readyForCommand()
                0x00000000c0024dde                ATAPI::sendPacket(unsigned char*, int, bool, unsigned short*, int)
                0x00000000c002509e                ATAPI::diskRemoved()
                0x00000000c00250ba                ATAPI::eject()
                0x00000000c0025102                ATAPI::diskInserted()
                0x00000000c0025130                ATAPI::detectMedia()
                0x00000000c00251ec                ATAPI::open(int, int, void*)
                0x00000000c0025274                ATAPI::read(unsigned long long, int, void*)
 *fill*         0x00000000c00252f3        0x1 
 .text          0x00000000c00252f4      0x455 hw/diskphys/sata.32
                0x00000000c00252f4                SATA::close(int, int, void*)
                0x00000000c0025318                SATA::powerSaving(PowerSavingLevel)
                0x00000000c002531a                SATA::open(int, int, void*)
                0x00000000c00253c8                SATA::SATA()
                0x00000000c00253c8                SATA::SATA()
                0x00000000c00253f6                SATA::access(unsigned long long, int, void*, bool)
                0x00000000c002565c                SATA::read(unsigned long long, int, void*)
                0x00000000c00256c4                SATA::write(unsigned long long, int, void*)
 *fill*         0x00000000c0025749        0x1 
 .text          0x00000000c002574a      0x500 hw/diskphys/satapi.32
                0x00000000c002574a                SATAPI::write(unsigned long long, int, void*)
                0x00000000c0025750                SATAPI::close(int, int, void*)
                0x00000000c0025774                SATAPI::SATAPI()
                0x00000000c0025774                SATAPI::SATAPI()
                0x00000000c00257a2                SATAPI::diskRemoved()
                0x00000000c00257be                SATAPI::diskInserted()
                0x00000000c00257ec                SATAPI::sendPacket(unsigned char*, int, unsigned long long, unsigned short*, int)
                0x00000000c00259f0                SATAPI::eject()
                0x00000000c0025a38                SATAPI::detectMedia()
                0x00000000c0025afa                SATAPI::open(int, int, void*)
                0x00000000c0025ba8                SATAPI::read(unsigned long long, int, void*)
 .text          0x00000000c0025c4a       0x8e hw/fpu/avx.32
                0x00000000c0025c4a                AVX::open(int, int, void*)
                0x00000000c0025c5c                AVX::close(int, int, void*)
                0x00000000c0025c6e                AVX::available()
                0x00000000c0025c80                AVX::save(void*)
                0x00000000c0025c98                AVX::load(void*)
                0x00000000c0025cb0                AVX::AVX()
                0x00000000c0025cb0                AVX::AVX()
 .text          0x00000000c0025cd8       0x90 hw/fpu/mmx.32
                0x00000000c0025cd8                MMX::available()
                0x00000000c0025cec                MMX::open(int, int, void*)
                0x00000000c0025cfe                MMX::close(int, int, void*)
                0x00000000c0025d10                MMX::save(void*)
                0x00000000c0025d28                MMX::load(void*)
                0x00000000c0025d40                MMX::MMX()
                0x00000000c0025d40                MMX::MMX()
 .text          0x00000000c0025d68       0x96 hw/fpu/sse.32
                0x00000000c0025d68                SSE::open(int, int, void*)
                0x00000000c0025d7a                SSE::close(int, int, void*)
                0x00000000c0025d8c                SSE::available()
                0x00000000c0025da6                SSE::save(void*)
                0x00000000c0025dbe                SSE::load(void*)
                0x00000000c0025dd6                SSE::SSE()
                0x00000000c0025dd6                SSE::SSE()
 .text          0x00000000c0025dfe       0x8e hw/fpu/x87.32
                0x00000000c0025dfe                x87::open(int, int, void*)
                0x00000000c0025e10                x87::close(int, int, void*)
                0x00000000c0025e22                x87::available()
                0x00000000c0025e34                x87::save(void*)
                0x00000000c0025e4c                x87::load(void*)
                0x00000000c0025e64                x87::x87()
                0x00000000c0025e64                x87::x87()
 .text          0x00000000c0025e8c      0x71e hw/intctrl/apic.32
                0x00000000c0025e8c                APIC::disable()
                0x00000000c0025e8e                APIC::close(int, int, void*)
                0x00000000c0025eb0                IOAPIC::close(int, int, void*)
                0x00000000c0025eb6                APIC::io_wait()
                0x00000000c0025ebc                APIC::getBase()
                0x00000000c0025efe                APIC::eoi(unsigned char)
                0x00000000c0025f2c                APIC::open(int, int, void*)
                0x00000000c002607a                IOAPIC::IOAPIC()
                0x00000000c002607a                IOAPIC::IOAPIC()
                0x00000000c00260a2                APIC::APIC()
                0x00000000c00260a2                APIC::APIC()
                0x00000000c002617e                IOAPIC::handlesGSIWithNumber(unsigned int)
                0x00000000c00261b0                IOAPIC::read(int)
                0x00000000c00261d8                IOAPIC::open(int, int, void*)
                0x00000000c00262ce                IOAPIC::write(int, int)
                0x00000000c00262fa                IOAPIC::redirect(unsigned char, unsigned long long, unsigned char, bool, bool)
                0x00000000c00263f4                APIC::installIRQHandler(int, void (*)(regs*, void*), bool, void*)
 .text          0x00000000c00265aa      0x3d3 hw/intctrl/pic.32
                0x00000000c00265aa                PIC::disable()
                0x00000000c00265d8                PIC::close(int, int, void*)
                0x00000000c00265fa                PIC::PIC()
                0x00000000c00265fa                PIC::PIC()
                0x00000000c00266d0                PIC::ioWait()
                0x00000000c00266d6                PIC::getIRQReg(int)
                0x00000000c0026740                PIC::eoi(unsigned char)
                0x00000000c00267d2                PIC::remap()
                0x00000000c002693e                PIC::open(int, int, void*)
 *fill*         0x00000000c002697d        0x1 
 .text          0x00000000c002697e      0x25e hw/timer/apictimer.32
                0x00000000c002697e                APICTimer::close(int, int, void*)
                0x00000000c0026984                apicTimerHandler(regs*, void*)
                0x00000000c00269b2                APICTimer::write(int)
                0x00000000c0026ab6                APICTimer::open(int, int, void*)
                0x00000000c0026bb4                APICTimer::APICTimer()
                0x00000000c0026bb4                APICTimer::APICTimer()
 .text          0x00000000c0026bdc      0x1a7 hw/timer/pit.32
                0x00000000c0026bdc                PIT::write(int)
                0x00000000c0026c5a                pitHandler(regs*, void*)
                0x00000000c0026c86                PIT::open(int, int, void*)
                0x00000000c0026cd4                PIT::close(int, int, void*)
                0x00000000c0026d04                PIT::PIT()
                0x00000000c0026d04                PIT::PIT()
 *fill*         0x00000000c0026d83        0xd 
 .text          0x00000000c0026d90       0x1e hw/fpu/x86/avx.32
                0x00000000c0026d90                avxDetect
                0x00000000c0026d96                avxSave
                0x00000000c0026d97                avxLoad
                0x00000000c0026d98                avxInit
                0x00000000c0026d99                avxClose
                0x00000000c0026d9a                wouldSheSayYes
 *fill*         0x00000000c0026dae        0x2 
 .text          0x00000000c0026db0       0x35 hw/fpu/x86/sse.32
                0x00000000c0026db0                absolutelyNoChanceInHell
                0x00000000c0026db0                sseDetect
                0x00000000c0026dc8                sseSave
                0x00000000c0026dce                sseLoad
                0x00000000c0026dd4                sseInit
                0x00000000c0026de4                sseClose
 *fill*         0x00000000c0026de5        0xb 
 .text          0x00000000c0026df0       0x4d hw/fpu/x86/x87.32
                0x00000000c0026df6                x87Detect
                0x00000000c0026e11                x87Save
                0x00000000c0026e1a                x87Load
                0x00000000c0026e22                x87Init
                0x00000000c0026e3c                x87Close
 *fill*         0x00000000c0026e3d        0x3 
 .text          0x00000000c0026e40       0x25 /cygdrive/d/Users/Alex/Desktop/Toolchain/Output/bin/../lib/gcc/i386-banana/8.1.0/crtend.o
 .text          0x00000000c0026e65        0x0 crtn.32
 *fill*         0x00000000c0026e65        0x3 
 .text          0x00000000c0026e68      0x14b /cygdrive/d/Users/Alex/Desktop/Toolchain/Output/bin/../lib/gcc/i386-banana/8.1.0/libkgcc.a(_divdi3.o)
                0x00000000c0026e68                __divdi3
 *fill*         0x00000000c0026fb3        0x1 
 .text          0x00000000c0026fb4      0x17e /cygdrive/d/Users/Alex/Desktop/Toolchain/Output/bin/../lib/gcc/i386-banana/8.1.0/libkgcc.a(_moddi3.o)
                0x00000000c0026fb4                __moddi3
 *fill*         0x00000000c0027132        0x2 
 .text          0x00000000c0027134       0xff /cygdrive/d/Users/Alex/Desktop/Toolchain/Output/bin/../lib/gcc/i386-banana/8.1.0/libkgcc.a(_udivdi3.o)
                0x00000000c0027134                __udivdi3
 *fill*         0x00000000c0027233        0x1 
 .text          0x00000000c0027234      0x11a /cygdrive/d/Users/Alex/Desktop/Toolchain/Output/bin/../lib/gcc/i386-banana/8.1.0/libkgcc.a(_umoddi3.o)
                0x00000000c0027234                __umoddi3