Archive member included to satisfy reference by file (symbol)

/cygdrive/d/Users/Alex/Desktop/Toolchain/Output/bin/../lib/gcc/i386-banana/8.1.0/libkgcc.a(_divdi3.o)
                              fs/fat/ff.32 (__divdi3)
/cygdrive/d/Users/Alex/Desktop/Toolchain/Output/bin/../lib/gcc/i386-banana/8.1.0/libkgcc.a(_moddi3.o)
                              compat/resolve.32 (__moddi3)
/cygdrive/d/Users/Alex/Desktop/Toolchain/Output/bin/../lib/gcc/i386-banana/8.1.0/libkgcc.a(_udivdi3.o)
                              fs/fat/ff.32 (__udivdi3)
/cygdrive/d/Users/Alex/Desktop/Toolchain/Output/bin/../lib/gcc/i386-banana/8.1.0/libkgcc.a(_umoddi3.o)
                              compat/resolve.32 (__umoddi3)
D:/Users/Alex/Desktop/Banana/kernel/libsoftfp.a(sfieeelib.o)
                              hal/libresample/src_linear.32 (__subsf3)
D:/Users/Alex/Desktop/Banana/kernel/libsoftfp.a(dfieeelib.o)
                              hal/libresample/src_linear.32 (__adddf3)
D:/Users/Alex/Desktop/Banana/kernel/libsoftfp.a(sfdfcvt.o)
                              hal/libresample/samplerate.32 (__truncdfsf2)
D:/Users/Alex/Desktop/Banana/kernel/libk/libm32.a(s_fabs.c.o)
                              hal/libresample/samplerate.32 (fabs)
D:/Users/Alex/Desktop/Banana/kernel/libk/libm32.a(s_lrint.S.o)
                              hal/libresample/samplerate.32 (lrint)
D:/Users/Alex/Desktop/Banana/kernel/libk/libm32.a(s_lrintf.S.o)
                              hal/sound/sndhw.32 (lrintf)

Discarded input sections

 .comment       0x0000000000000000       0x12 /cygdrive/d/Users/Alex/Desktop/Toolchain/Output/bin/../lib/gcc/i386-banana/8.1.0/crtbegin.o
 .comment       0x0000000000000000       0x12 acpica/utclib.32
 .comment       0x0000000000000000       0x12 core/malloc.32
 .comment       0x0000000000000000       0x12 libk/string.32
 .comment       0x0000000000000000       0x12 fs/fat/diskio.32
 .comment       0x0000000000000000       0x12 fs/fat/ff.32
 .comment       0x0000000000000000       0x12 fs/fat/ffsystem.32
 .comment       0x0000000000000000       0x12 fs/fat/ffunicode.32
 .comment       0x0000000000000000       0x12 hal/libresample/samplerate.32
 .comment       0x0000000000000000       0x12 hal/libresample/src_linear.32
 .comment       0x0000000000000000       0x12 hal/libresample/src_sinc.32
 .comment       0x0000000000000000       0x12 hal/libresample/src_zoh.32
 .comment       0x0000000000000000       0x12 compat/inlines.32
 .comment       0x0000000000000000       0x12 compat/resolve.32
 .group         0x0000000000000000       0x14 core/computer.32
 .group         0x0000000000000000        0xc core/computer.32
 .comment       0x0000000000000000       0x12 core/computer.32
 .comment       0x0000000000000000       0x12 core/gdt.32
 .group         0x0000000000000000        0xc core/idle.32
 .comment       0x0000000000000000       0x12 core/idle.32
 .comment       0x0000000000000000       0x12 core/idt.32
 .comment       0x0000000000000000       0x12 core/kheap.32
 .comment       0x0000000000000000       0x12 core/main.32
 .comment       0x0000000000000000       0x12 core/physmgr.32
 .group         0x0000000000000000        0xc core/pipe.32
 .comment       0x0000000000000000       0x12 core/pipe.32
 .group         0x0000000000000000        0xc core/terminal.32
 .comment       0x0000000000000000       0x12 core/terminal.32
 .comment       0x0000000000000000       0x12 core/tss.32
 .group         0x0000000000000000        0x8 core/unixfile.32
 .group         0x0000000000000000        0x8 core/unixfile.32
 .group         0x0000000000000000        0xc core/unixfile.32
 .group         0x0000000000000000        0x8 core/unixfile.32
 .group         0x0000000000000000        0xc core/unixfile.32
 .group         0x0000000000000000        0x8 core/unixfile.32
 .group         0x0000000000000000        0xc core/unixfile.32
 .group         0x0000000000000000        0xc core/unixfile.32
 .comment       0x0000000000000000       0x12 core/unixfile.32
 .comment       0x0000000000000000       0x12 core/virtmgr.32
 .comment       0x0000000000000000       0x12 coreobjs/c++.32
 .comment       0x0000000000000000       0x12 dbg/kconsole.32
 .group         0x0000000000000000        0xc fs/vfs.32
 .group         0x0000000000000000        0xc fs/vfs.32
 .group         0x0000000000000000        0xc fs/vfs.32
 .comment       0x0000000000000000       0x12 fs/vfs.32
 .group         0x0000000000000000        0xc hal/bus.32
 .comment       0x0000000000000000       0x12 hal/bus.32
 .group         0x0000000000000000        0xc hal/buzzer.32
 .comment       0x0000000000000000       0x12 hal/buzzer.32
 .group         0x0000000000000000        0xc hal/clock.32
 .comment       0x0000000000000000       0x12 hal/clock.32
 .group         0x0000000000000000       0x14 hal/device.32
 .group         0x0000000000000000        0xc hal/device.32
 .group         0x0000000000000000        0x8 hal/device.32
 .group         0x0000000000000000        0xc hal/device.32
[...]
Memory Configuration

Name             Origin             Length             Attributes
*default*        0x0000000000000000 0xffffffffffffffff

Linker script and memory map

LOAD D:/Users/Alex/Desktop/Banana/kernel/boot.32
LOAD crti.32
LOAD /cygdrive/d/Users/Alex/Desktop/Toolchain/Output/bin/../lib/gcc/i386-banana/8.1.0/crtbegin.o
LOAD D:/Users/Alex/Desktop/Banana/kernel/morenasm.32
LOAD acpica/utclib.32
LOAD core/malloc.32
LOAD libk/string.32
LOAD fs/fat/diskio.32
LOAD fs/fat/ff.32
LOAD fs/fat/ffsystem.32
LOAD fs/fat/ffunicode.32
LOAD hal/libresample/samplerate.32
LOAD hal/libresample/src_linear.32
LOAD hal/libresample/src_sinc.32
LOAD hal/libresample/src_zoh.32
LOAD compat/inlines.32
LOAD compat/resolve.32
LOAD core/computer.32
LOAD core/gdt.32
LOAD core/idle.32
LOAD core/idt.32
LOAD core/kheap.32
LOAD core/main.32
LOAD core/physmgr.32
LOAD core/pipe.32
LOAD core/terminal.32
LOAD core/tss.32
LOAD core/unixfile.32
LOAD core/virtmgr.32
LOAD coreobjs/c++.32
LOAD dbg/kconsole.32
LOAD fs/vfs.32
LOAD hal/bus.32
LOAD hal/buzzer.32
LOAD hal/clock.32
LOAD hal/device.32
LOAD hal/diskctrl.32
LOAD hal/diskphys.32
LOAD hal/fpu.32
LOAD hal/intctrl.32
LOAD hal/keybrd.32
LOAD hal/logidisk.32
LOAD hal/mouse.32
LOAD hal/partition.32
LOAD hal/serial.32
LOAD hal/timer.32
LOAD hal/vcache.32
LOAD hal/video.32
LOAD hw/acpi.32
LOAD hw/cpu.32
LOAD hw/ports.32
LOAD hw/smp.32
LOAD krnl/env.32
LOAD krnl/panic.32
LOAD net/ethernet.32
LOAD reg/registry.32
LOAD sys/sc_eject.32
LOAD sys/sc_exit.32
LOAD sys/sc_getcwd.32
LOAD sys/sc_getpid.32
LOAD sys/sc_getramdata.32
LOAD sys/sc_getvgaptr.32
LOAD sys/sc_loaddll.32
LOAD sys/sc_read.32
LOAD sys/sc_sbrk.32
LOAD sys/sc_setcwd.32
LOAD sys/sc_settime.32
LOAD sys/sc_timezone.32
LOAD sys/sc_write.32
LOAD sys/sc_wsbe.32
LOAD sys/sc_yield.32
LOAD sys/syscalls.32
LOAD thr/elf.32
LOAD thr/prcssthr.32
LOAD vm86/vm8086.32
LOAD vm86/x87em.32
LOAD fs/fat/vfslink.32
LOAD fs/iso9660/vfslink.32
LOAD hal/sound/sndchannel.32
LOAD hal/sound/sndhw.32
LOAD hw/bus/isa.32
LOAD hw/bus/pci.32
LOAD hw/diskctrl/ide.32
LOAD hw/diskctrl/satabus.32
LOAD hw/diskphys/ata.32
LOAD hw/diskphys/atapi.32
LOAD hw/diskphys/sata.32
LOAD hw/diskphys/satapi.32
LOAD hw/fpu/avx.32
LOAD hw/fpu/mmx.32
LOAD hw/fpu/sse.32
LOAD hw/fpu/x87.32
LOAD hw/intctrl/apic.32
LOAD hw/intctrl/pic.32
LOAD hw/timer/apictimer.32
LOAD hw/timer/pit.32
LOAD hw/fpu/x86/avx.32
LOAD hw/fpu/x86/sse.32
LOAD hw/fpu/x86/x87.32
LOAD /cygdrive/d/Users/Alex/Desktop/Toolchain/Output/bin/../lib/gcc/i386-banana/8.1.0/crtend.o
LOAD crtn.32
LOAD /cygdrive/d/Users/Alex/Desktop/Toolchain/Output/bin/../lib/gcc/i386-banana/8.1.0/libkgcc.a
LOAD D:/Users/Alex/Desktop/Banana/kernel/libsoftfp.a
LOAD D:/Users/Alex/Desktop/Banana/kernel/libk/libm32.a
                0x00000000c0000000                . = 0xc0000000

.text           0x00000000c0000000    0x28ab8
 *(.text)
 .text          0x00000000c0000000       0x41 D:/Users/Alex/Desktop/Banana/kernel/boot.32
                0x00000000c0000020                callGlobalConstructors
 .text          0x00000000c0000041        0x0 crti.32
 *fill*         0x00000000c0000041        0x3 
 .text          0x00000000c0000044      0x101 /cygdrive/d/Users/Alex/Desktop/Toolchain/Output/bin/../lib/gcc/i386-banana/8.1.0/crtbegin.o
 *fill*         0x00000000c0000145        0xb 
 .text          0x00000000c0000150      0x4fb D:/Users/Alex/Desktop/Banana/kernel/morenasm.32
                0x00000000c0000150                manualPCIProbe
                0x00000000c000019b                prepareTramp
                0x00000000c00001b4                voodooXADD
                0x00000000c000027f                doTPAUSE
                0x00000000c0000289                hasLegacyFPU
                0x00000000c00002ae                is486
                0x00000000c00002e4                detectCPUID
                0x00000000c00002fa                goToVM86
                0x00000000c000032a                goToUsermode
                0x00000000c0000354                switchToThreadASMFirstTime
                0x00000000c0000362                switchToThreadASM
                0x00000000c00003f2                asmQuickAcquireLock
                0x00000000c0000410                asmQuickReleaseLock
                0x00000000c000041c                asmAcquireLock
                0x00000000c000043d                asmReleaseLock
                0x00000000c0000450                loadGDT
                0x00000000c0000470                isr0
                0x00000000c0000480                isr1
                0x00000000c000048a                isr2
                0x00000000c0000494                isr3
                0x00000000c000049e                isr4
                0x00000000c00004a8                isr5
                0x00000000c00004b2                isr6
                0x00000000c00004bc                isr7
                0x00000000c00004c6                isr8
                0x00000000c00004ce                isr9
                0x00000000c00004d8                isr10
                0x00000000c00004e0                isr11
                0x00000000c00004e8                isr12
                0x00000000c00004f0                isr13
                0x00000000c00004f8                isr14
                0x00000000c0000500                isr15
                0x00000000c000050a                isr16
                0x00000000c0000514                isr17
                0x00000000c000051e                isr18
                0x00000000c0000528                irq3
                0x00000000c0000532                irq4
                0x00000000c000053c                irq5
                0x00000000c0000546                irq6
                0x00000000c0000550                irq7
                0x00000000c000055a                irq8
                0x00000000c0000564                irq9
                0x00000000c000056e                irq10
                0x00000000c0000578                irq11
                0x00000000c0000582                irq12
                0x00000000c000058c                irq13
                0x00000000c0000596                irq14
                0x00000000c00005a0                irq15
                0x00000000c00005aa                irq1
                0x00000000c00005b1                irq2
                0x00000000c00005b8                isr96
                0x00000000c00005bf                irq0
                0x00000000c00005c4                syscall_common_stub
                0x00000000c00005c4                int_common_stub
                0x00000000c00005f6                irq16
                0x00000000c0000600                irq17
                0x00000000c000060a                irq18
                0x00000000c0000614                irq19
                0x00000000c000061e                irq20
                0x00000000c0000628                irq21
                0x00000000c0000632                irq22
                0x00000000c000063c                irq23
                0x00000000c0000646                memcpy
 *fill*         0x00000000c000064b        0x1 
 .text          0x00000000c000064c      0x5dd acpica/utclib.32
                0x00000000c000064c                memcmp
                0x00000000c0000688                memmove
                0x00000000c0000750                memset
                0x00000000c000076c                strlen
                0x00000000c0000784                strpbrk
                0x00000000c00007c0                strtok
                0x00000000c000080c                strcpy
                0x00000000c0000830                strncpy
                0x00000000c0000898                strcmp
                0x00000000c00008d8                strchr
                0x00000000c00008fc                strncmp
                0x00000000c000094c                strcat
                0x00000000c000097c                strncat
                0x00000000c00009b8                strstr
                0x00000000c0000a00                toupper
                0x00000000c0000a14                tolower
                0x00000000c0000a28                simple_strtoul
 .text          0x00000000c0000c29      0xfad core/malloc.32
                0x00000000c0000d94                dlfree
                0x00000000c00010ef                dlmalloc
                0x00000000c000162c                dlrealloc
                0x00000000c00017cf                dlmemalign
                0x00000000c00018f2                dlcalloc
                0x00000000c000198c                dlcfree
                0x00000000c0001991                dlindependent_calloc
                0x00000000c00019b6                dlindependent_comalloc
                0x00000000c00019cd                dlvalloc
                0x00000000c00019f8                dlpvalloc
                0x00000000c0001a2e                dlmalloc_trim
                0x00000000c0001a3b                dlmalloc_usable_size
                0x00000000c0001a6c                dlmallinfo
                0x00000000c0001b3b                dlmalloc_stats
                0x00000000c0001b4c                dlmallopt
 .text          0x00000000c0001bd6        0x0 libk/string.32
 .text          0x00000000c0001bd6       0x51 fs/fat/diskio.32
                0x00000000c0001bd6                disk_status
                0x00000000c0001bd9                disk_initialize
                0x00000000c0001bdc                disk_read
                0x00000000c0001bf2                disk_write
                0x00000000c0001c08                disk_ioctl
 .text          0x00000000c0001c27     0x6a69 fs/fat/ff.32
                0x00000000c0004ef5                f_mount
                0x00000000c0004f57                f_open
                0x00000000c0005393                f_read
                0x00000000c0005613                f_write
                0x00000000c00058cd                f_sync
                0x00000000c0005aa9                f_close
                0x00000000c0005ad8                f_lseek
                0x00000000c0005f8f                f_opendir
                0x00000000c0006091                f_closedir
                0x00000000c00060b3                f_readdir
                0x00000000c000614e                f_stat
                0x00000000c00061dd                f_getfree
                0x00000000c00063a8                f_truncate
                0x00000000c00064a0                f_unlink
                0x00000000c0006623                f_mkdir
                0x00000000c000684f                f_rename
                0x00000000c0006b42                f_chmod
                0x00000000c0006c20                f_utime
                0x00000000c0006cfe                f_getlabel
                0x00000000c0006eec                f_setlabel
                0x00000000c0007159                f_expand
                0x00000000c000738f                f_forward
                0x00000000c000756d                f_mkfs
 .text          0x00000000c0008690       0x2d fs/fat/ffsystem.32
                0x00000000c0008690                ff_memalloc
                0x00000000c00086a6                ff_memfree
 .text          0x00000000c00086bd      0x253 fs/fat/ffunicode.32
                0x00000000c00086bd                ff_uni2oem
                0x00000000c000874d                ff_oem2uni
                0x00000000c00087b9                ff_wtoupper
 .text          0x00000000c0008910      0x8fb hal/libresample/samplerate.32
                0x00000000c0008954                src_delete
                0x00000000c0008990                src_process
                0x00000000c0008b46                src_callback_read
                0x00000000c0008cc3                src_set_ratio
                0x00000000c0008d2d                src_get_channels
                0x00000000c0008d4f                src_reset
                0x00000000c0008d9b                src_new
                0x00000000c0008e29                src_callback_new
                0x00000000c0008e8b                src_get_name
                0x00000000c0008ec2                src_get_description
                0x00000000c0008ef9                src_get_version
                0x00000000c0008eff                src_is_valid_ratio
                0x00000000c0008f53                src_error
                0x00000000c0008f61                src_strerror
                0x00000000c0008f74                src_simple
                0x00000000c0008fc7                src_short_to_float_array
                0x00000000c000902c                src_float_to_short_array
                0x00000000c00090eb                src_int_to_float_array
                0x00000000c000914e                src_float_to_int_array
 .text          0x00000000c000920b      0x8cb hal/libresample/src_linear.32
                0x00000000c0009a31                linear_get_name
                0x00000000c0009a40                linear_get_description
                0x00000000c0009a4f                linear_set_converter
 .text          0x00000000c0009ad6     0x447c hal/libresample/src_sinc.32
                0x00000000c000de69                sinc_get_name
                0x00000000c000de7c                sinc_get_description
                0x00000000c000de8f                sinc_set_converter
 .text          0x00000000c000df52      0x77c hal/libresample/src_zoh.32
                0x00000000c000e629                zoh_get_name
                0x00000000c000e638                zoh_get_description
                0x00000000c000e647                zoh_set_converter
 .text          0x00000000c000e6ce       0xa7 compat/inlines.32
                0x00000000c000e6ce                CPU::current()
                0x00000000c000e6da                operator new(unsigned long)
                0x00000000c000e6df                operator delete(void*)
                0x00000000c000e6e4                disableIRQs()
                0x00000000c000e6ec                enableIRQs()
                0x00000000c000e6fb                lockScheduler()
                0x00000000c000e703                unlockScheduler()
                0x00000000c000e712                lockStuff()
                0x00000000c000e720                unlockStuff()
                0x00000000c000e75a                Virt::getAKernelVAS()
                0x00000000c000e760                __not_memcpy
 .text          0x00000000c000e775      0x111 compat/resolve.32
                0x00000000c000e775                Krnl::resolveCompatibilitySymbol(char*)
 .text          0x00000000c000e886      0x807 core/computer.32
                0x00000000c000e886                Computer::close(int, int, void*)
                0x00000000c000e8ca                Krnl::firstTask()
                0x00000000c000ea18                Computer::Computer()
                0x00000000c000ea18                Computer::Computer()
                0x00000000c000eb74                Computer::setBootMessage(char const*)
                0x00000000c000eb76                Computer::detectFeatures()
                0x00000000c000ed80                Computer::displayFeatures()
                0x00000000c000ed82                Computer::rdmsr(unsigned int)
                0x00000000c000edae                Computer::wrmsr(unsigned int, unsigned long long)
                0x00000000c000ede6                Computer::nmiEnabled()
                0x00000000c000edf2                Computer::readCMOS(unsigned char)
                0x00000000c000ee0c                Computer::enableNMI(bool)
                0x00000000c000ee24                Computer::open(int, int, void*)
                0x00000000c000efd0                Computer::disableNMI()
                0x00000000c000efde                Computer::writeCMOS(unsigned char, unsigned char)
                0x00000000c000effc                Computer::handleNMI()
                0x00000000c000f062                Computer::setDiskActivityLight(int, bool)
 *fill*         0x00000000c000f08d        0x1 
 .text          0x00000000c000f08e      0x19d core/gdt.32
                0x00000000c000f08e                GDTEntry::setBase(unsigned int)
                0x00000000c000f0aa                GDTEntry::setLimit(unsigned int)
                0x00000000c000f0c8                GDT::GDT()
                0x00000000c000f0c8                GDT::GDT()
                0x00000000c000f0de                GDT::addEntry(GDTEntry)
                0x00000000c000f100                GDT::getNumberOfEntries()
                0x00000000c000f108                GDT::flush()
                0x00000000c000f12a                GDT::setup()
 .text          0x00000000c000f22b       0x6b core/idle.32
                0x00000000c000f22b                idleFunction(void*)
 .text          0x00000000c000f296      0x45e core/idt.32
                0x00000000c000f296                IDTEntry::IDTEntry(bool)
                0x00000000c000f296                IDTEntry::IDTEntry(bool)
                0x00000000c000f304                IDTEntry::setOffset(unsigned int)
                0x00000000c000f318                IDT::IDT()
                0x00000000c000f318                IDT::IDT()
                0x00000000c000f31a                IDT::getPointerToInvalidOpcodeEntryForF00F()
                0x00000000c000f322                IDT::addEntry(IDTEntry, int)
                0x00000000c000f33c                IDT::addEntry(int, void (*)(), bool)
                0x00000000c000f374                IDT::flush()
                0x00000000c000f38e                IDT::setup()
 .text          0x00000000c000f6f4      0x349 core/kheap.32
                0x00000000c000f6f4                sbrk
                0x00000000c000f94f                mmap
                0x00000000c000f965                munmap
                0x00000000c000f97b                liballoc_lock()
                0x00000000c000f988                liballoc_unlock()
                0x00000000c000f99c                liballoc_alloc(int)
                0x00000000c000f9b4                liballoc_free(void*, int)
                0x00000000c000f9cf                realloc
                0x00000000c000f9e3                malloc
                0x00000000c000f9f3                free
                0x00000000c000fa03                rfree
                0x00000000c000fa13                calloc
 .text          0x00000000c000fa3d      0x1b6 core/main.32
                0x00000000c000fa3d                Krnl::setBootMessage(char const*)
                0x00000000c000faa9                kernel_main
 .text          0x00000000c000fbf3      0x5b5 core/physmgr.32
                0x00000000c000fbf3                Phys::allocateDMA(unsigned long)
                0x00000000c000fcc1                Phys::freeDMA(unsigned long, unsigned long)
                0x00000000c000fd20                Phys::setPageState(unsigned long, bool)
                0x00000000c000fd52                Phys::getPageState(unsigned long)
                0x00000000c000fd6e                Phys::freePage(unsigned long)
                0x00000000c000fddf                Phys::allocatePage()
                0x00000000c000fed7                Phys::allocateContiguousPages(int)
                0x00000000c000ff33                Phys::allowSegmentToBeUsed(unsigned long, unsigned long)
                0x00000000c000ff6b                Phys::physicalMemorySetup(unsigned int)
 .text          0x00000000c00101a8      0x273 core/pipe.32
                0x00000000c00101a8                Pipe::isAtty()
                0x00000000c00101ac                Pipe::~Pipe()
                0x00000000c00101ac                Pipe::~Pipe()
                0x00000000c00101d0                Pipe::~Pipe()
                0x00000000c00101f8                Pipe::read(unsigned long long, void*, int*)
                0x00000000c00102f4                Pipe::write(unsigned long long, void*, int*)
                0x00000000c00103b4                Pipe::Pipe(int)
                0x00000000c00103b4                Pipe::Pipe(int)
 *fill*         0x00000000c001041b        0x1 
 .text          0x00000000c001041c      0xb93 core/terminal.32
                0x00000000c001041c                VgaText::isAtty()
                0x00000000c0010420                VgaText::~VgaText()
                0x00000000c0010420                VgaText::~VgaText()
                0x00000000c0010444                VgaText::~VgaText()
                0x00000000c001046e                VgaText::read(unsigned long long, void*, int*)
                0x00000000c001048e                setTerminalScrollLock(bool)
                0x00000000c001048f                addToTerminalCycle(VgaText*)
                0x00000000c00104b0                installVgaTextImplementation()
                0x00000000c00104c5                scrollTerminalScrollLock(int)
                0x00000000c00104c6                VgaText::updateTitle()
                0x00000000c0010504                VgaText::load()
                0x00000000c0010552                VgaText::updateCursor()
                0x00000000c0010568                VgaText::doANSI_SGR(int)
                0x00000000c00105dc                VgaText::setDefaultBgColour(VgaColour)
                0x00000000c00105ec                VgaText::setDefaultFgColour(VgaColour)
                0x00000000c00105fc                VgaText::setDefaultColours(VgaColour, VgaColour)
                0x00000000c001061c                VgaText::setTitleTextColour(VgaColour)
                0x00000000c001062c                VgaText::setTitleColour(VgaColour)
                0x00000000c001063c                VgaText::setTitle(char*)
                0x00000000c0010662                VgaText::combineColours(unsigned char, unsigned char)
                0x00000000c0010674                VgaText::scrollScreen()
                0x00000000c0010708                VgaText::combineCharAndColour(char, unsigned char)
                0x00000000c001071a                VgaText::writeCharacter(char, VgaColour, VgaColour, int, int)
                0x00000000c0010776                VgaText::getCursorX()
                0x00000000c001077e                VgaText::getCursorY()
                0x00000000c0010786                VgaText::setCursor(int, int)
                0x00000000c001079d                setActiveTerminal(VgaText*)
                0x00000000c00107ff                doTerminalCycle()
                0x00000000c001081a                VgaText::setCursorX(int)
                0x00000000c0010832                VgaText::setCursorY(int)
                0x00000000c001084a                VgaText::incrementCursor(bool)
                0x00000000c001089e                VgaText::decrementCursor(bool)
                0x00000000c00108c0                VgaText::putchar(char, VgaColour, VgaColour)
                0x00000000c0010998                VgaText::doUpdate()
                0x00000000c00109a6                VgaText::puts(char const*, VgaColour, VgaColour)
                0x00000000c0010b1e                VgaText::clearScreen()
                0x00000000c0010b78                VgaText::putchar(char)
                0x00000000c0010c64                VgaText::putx(unsigned int)
                0x00000000c0010caa                VgaText::puts(char const*)
                0x00000000c0010cd0                VgaText::VgaText(char const*)
                0x00000000c0010cd0                VgaText::VgaText(char const*)
                0x00000000c0010e4e                VgaText::receiveKey(unsigned char)
                0x00000000c0010f36                VgaText::write(unsigned long long, void*, int*)
                0x00000000c0010f8a                newTerminal(char*)
 *fill*         0x00000000c0010faf        0x1 
 .text          0x00000000c0010fb0      0x19d core/tss.32
                0x00000000c0010fb0                TSS::TSS()
                0x00000000c0010fb0                TSS::TSS()
                0x00000000c0010fbe                TSS::setESP(unsigned long)
                0x00000000c0010fd0                TSS::flush()
                0x00000000c0010ff0                TSS::setup(unsigned long, unsigned long)
 *fill*         0x00000000c001114d        0x1 
 .text          0x00000000c001114e      0x4c2 core/unixfile.32
                0x00000000c001114e                ReservedFilename::read(unsigned long long, void*, int*)
                0x00000000c00111a4                ReservedFilename::isAtty()
                0x00000000c00111c0                ReservedFilename::write(unsigned long long, void*, int*)
                0x00000000c001121e                UnixFile::getFileDescriptor()
                0x00000000c0011226                UnixFile::UnixFile(int)
                0x00000000c0011226                UnixFile::UnixFile(int)
                0x00000000c00113d6                ReservedFilename::ReservedFilename(int)
                0x00000000c00113d6                ReservedFilename::ReservedFilename(int)
                0x00000000c0011408                UnixFile::~UnixFile()
                0x00000000c0011408                UnixFile::~UnixFile()
                0x00000000c00114a0                UnixFile::~UnixFile()
                0x00000000c00114c8                ReservedFilename::~ReservedFilename()
                0x00000000c00114c8                ReservedFilename::~ReservedFilename()
                0x00000000c00114ec                ReservedFilename::~ReservedFilename()
                0x00000000c0011513                getFromFileDescriptor(int)
 .text          0x00000000c0011610     0x12cd core/virtmgr.32
                0x00000000c0011610                Virt::setPageState(unsigned long, Virt::VirtPageState)
                0x00000000c0011645                Virt::getPageState(unsigned long)
                0x00000000c0011669                Virt::allocateKernelVirtualPages(int)
                0x00000000c001177a                Virt::freeSwapfilePage(unsigned long)
                0x00000000c0011798                Virt::swapIDToSector(unsigned long)
                0x00000000c00117aa                Virt::allocateSwapfilePage()
                0x00000000c0011828                Virt::virtualMemorySetup()
                0x00000000c0011873                Virt::setupPageSwapping(int)
                0x00000000c00118e4                VAS::VAS()
                0x00000000c00118e4                VAS::VAS()
                0x00000000c0011920                VAS::VAS(VAS*)
                0x00000000c0011920                VAS::VAS(VAS*)
                0x00000000c001194e                VAS::getForeignPageTableEntry(bool, unsigned long)
                0x00000000c001197a                VAS::getPageTableEntry(unsigned long)
                0x00000000c0011999                Virt::freeKernelVirtualPages(unsigned long)
                0x00000000c0011abc                VAS::freeAllocatedPages(unsigned long)
                0x00000000c0011ae0                VAS::virtualToPhysical(unsigned long)
                0x00000000c0011af8                VAS::reflagRange(unsigned long, int, int, int)
                0x00000000c0011b38                VAS::setToWriteCombining(unsigned long, int)
                0x00000000c0011b6a                VAS::mapOtherVASIn(bool, VAS*)
                0x00000000c0011b94                VAS::~VAS()
                0x00000000c0011b94                VAS::~VAS()
                0x00000000c0011d10                VAS::mapPage(unsigned long, unsigned long, int)
                0x00000000c0011e12                VAS::allocatePages(int, int)
                0x00000000c0011fea                VAS::setCPUSpecific(unsigned long)
                0x00000000c0012006                VAS::mapRange(unsigned long, unsigned long, int, int)
                0x00000000c00120cc                VAS::mapForeignPage(bool, VAS*, unsigned long, unsigned long, int)
                0x00000000c00121ba                VAS::VAS(bool)
                0x00000000c00121ba                VAS::VAS(bool)
                0x00000000c001243a                VAS::evict(unsigned long)
                0x00000000c0012542                VAS::tryLoadBackOffDisk(unsigned long)
                0x00000000c00126ca                VAS::scanForEviction()
                0x00000000c00127b1                mapVASFirstTime
 .text          0x00000000c00128dd       0x95 coreobjs/c++.32
                0x00000000c00128dd                __cxa_atexit
                0x00000000c00128e0                __cxa_finalize
                0x00000000c00128e1                __stack_chk_fail
                0x00000000c001294d                __cxa_pure_virtual
                0x00000000c001295e                operator new[](unsigned long)
                0x00000000c0012963                operator delete(void*, unsigned long)
                0x00000000c0012968                operator delete[](void*)
                0x00000000c001296d                operator delete[](void*, unsigned long)
 .text          0x00000000c0012972      0x1e7 dbg/kconsole.32
                0x00000000c0012972                Dbg::stringifyxWithBase(unsigned int, char*, int)
                0x00000000c00129cb                Dbg::logc(char)
                0x00000000c00129e2                Dbg::logs(char*)
                0x00000000c00129ff                Dbg::logWriteInt(unsigned int)
                0x00000000c0012a1c                Dbg::logWriteIntBase(unsigned int, int)
                0x00000000c0012a3b                Dbg::kprintf(char const*, ...)
 *fill*         0x00000000c0012b59        0x1 
 .text          0x00000000c0012b5a      0xb82 fs/vfs.32
                0x00000000c0012b5a                File::read(unsigned long long, void*, int*)
                0x00000000c0012bb2                File::write(unsigned long long, void*, int*)
                0x00000000c0012c0a                Directory::read(unsigned long long, void*, int*)
                0x00000000c0012c62                Directory::write(unsigned long long, void*, int*)
                0x00000000c0012c90                File::isAtty()
                0x00000000c0012c94                Directory::isAtty()
                0x00000000c0012c98                Filesystem::getlabel(LogicalDisk*, int, char*, unsigned int*)
                0x00000000c0012c9e                Filesystem::setlabel(LogicalDisk*, int, char*)
                0x00000000c0012ca4                Filesystem::allocateSwapfile(char const*, int)
                0x00000000c0012caa                File::~File()
                0x00000000c0012caa                File::~File()
                0x00000000c0012cce                File::~File()
                0x00000000c0012cf8                Directory::~Directory()
                0x00000000c0012cf8                Directory::~Directory()
                0x00000000c0012d1c                Directory::~Directory()
                0x00000000c0012d46                Filesystem::Filesystem()
                0x00000000c0012d46                Filesystem::Filesystem()
                0x00000000c0012d6a                Filesystem::~Filesystem()
                0x00000000c0012d6a                Filesystem::~Filesystem()
                0x00000000c0012d78                Filesystem::~Filesystem()
                0x00000000c0012d9c                Fs::getcwd(Process*, char*, int)
                0x00000000c0012dc6                Fs::initVFS()
                0x00000000c0012df0                Fs::standardiseFiles(char*, char const*, char const*)
                0x00000000c0012f9a                File::File(char const*, Process*)
                0x00000000c0012f9a                File::File(char const*, Process*)
                0x00000000c0012ffe                File::open(FileOpenMode)
                0x00000000c001305c                File::close()
                0x00000000c00130bc                File::seek(unsigned long long)
                0x00000000c0013112                File::tell(unsigned long long*)
                0x00000000c0013162                File::rewind()
                0x00000000c0013176                File::unlink()
                0x00000000c00131c2                File::rename(char const*)
                0x00000000c0013210                File::chfatattr(unsigned char, unsigned char)
                0x00000000c001326c                File::exists()
                0x00000000c00132aa                File::stat(unsigned long long*, bool*)
                0x00000000c001330b                Fs::setcwd(Process*, char*)
                0x00000000c0013446                Directory::Directory(char const*, Process*)
                0x00000000c0013446                Directory::Directory(char const*, Process*)
                0x00000000c00134aa                Directory::open()
                0x00000000c0013506                Directory::close()
                0x00000000c0013566                Directory::unlink()
                0x00000000c00135b2                Directory::rename(char const*)
                0x00000000c0013600                Directory::exists()
                0x00000000c001363e                Directory::read(dirent*)
                0x00000000c001368a                Directory::create()
                0x00000000c00136d6                Filesystem::chfatattr(char const*, unsigned char, unsigned char)
 .text          0x00000000c00136dc       0x84 hal/bus.32
                0x00000000c00136dc                Bus::Bus(char const*)
                0x00000000c00136dc                Bus::Bus(char const*)
                0x00000000c0013712                Bus::~Bus()
                0x00000000c0013712                Bus::~Bus()
                0x00000000c0013736                Bus::~Bus()
 .text          0x00000000c0013760      0x156 hal/buzzer.32
                0x00000000c0013760                Buzzer::Buzzer(char const*)
                0x00000000c0013760                Buzzer::Buzzer(char const*)
                0x00000000c00137a4                Buzzer::~Buzzer()
                0x00000000c00137a4                Buzzer::~Buzzer()
                0x00000000c00137c8                Buzzer::~Buzzer()
                0x00000000c00137f2                Buzzer::stop()
                0x00000000c0013805                beepThread(void*)
                0x00000000c0013848                Buzzer::beep(int, int, bool)
 .text          0x00000000c00138b6      0x467 hal/clock.32
                0x00000000c00138b6                User::loadClockSettings(int)
                0x00000000c0013908                Clock::Clock(char const*)
                0x00000000c0013908                Clock::Clock(char const*)
                0x00000000c001393e                Clock::~Clock()
                0x00000000c001393e                Clock::~Clock()
                0x00000000c0013962                Clock::~Clock()
                0x00000000c001398c                Clock::timeInSecondsLocal()
                0x00000000c00139d4                Clock::setTimeInSecondsLocal(unsigned long long)
                0x00000000c0013a2d                datetimeToSeconds(datetime_t)
                0x00000000c0013b54                Clock::setTimeInDatetimeLocal(datetime_t)
                0x00000000c0013bb4                secondsToDatetime(unsigned long long)
                0x00000000c0013cf8                Clock::timeInDatetimeLocal()
 *fill*         0x00000000c0013d1d        0x1 
 .text          0x00000000c0013d1e      0x504 hal/device.32
                0x00000000c0013d1e                Device::hibernate()
                0x00000000c0013d20                Device::wake()
                0x00000000c0013d22                Device::detect()
                0x00000000c0013d24                Device::disableLegacy()
                0x00000000c0013d26                Device::powerSaving(PowerSavingLevel)
                0x00000000c0013d28                DriverlessDevice::close(int, int, void*)
                0x00000000c0013d2c                DriverlessDevice::detect()
                0x00000000c0013d2e                DriverlessDevice::open(int, int, void*)
                0x00000000c0013d42                Device::~Device()
                0x00000000c0013d42                Device::~Device()
                0x00000000c0013d50                Device::~Device()
                0x00000000c0013d78                Device::findAndLoadDriver()
                0x00000000c0013d86                Device::preOpenPCI(PCIDeviceInfo)
                0x00000000c0013dac                Device::preOpenACPI(void*, char*, char*)
                0x00000000c0013dec                Device::addIRQHandler(int, void (*)(regs*, void*), bool, void*)
                0x00000000c0013e2a                Device::getParent()
                0x00000000c0013e36                Device::removeIRQHandler(int, void (*)(regs*, void*), bool)
                0x00000000c0013e74                Device::addChild(Device*)
                0x00000000c0013eb8                Device::removeAllChildren()
                0x00000000c0013efe                Device::hibernateAll()
                0x00000000c0013f2e                Device::wakeAll()
                0x00000000c0013f5e                Device::detectAll()
                0x00000000c0013f8e                Device::disableLegacyAll()
                0x00000000c0013fbe                Device::loadDriversForAll()
                0x00000000c0013ffe                Device::closeAll()
                0x00000000c0014034                Device::powerSavingAll(PowerSavingLevel)
                0x00000000c001406a                Device::setName(char const*)
                0x00000000c0014078                Device::Device(char const*)
                0x00000000c0014078                Device::Device(char const*)
                0x00000000c0014174                Device::getName()
                0x00000000c001417e                DriverlessDevice::DriverlessDevice(char const*)
                0x00000000c001417e                DriverlessDevice::DriverlessDevice(char const*)
                0x00000000c00141b4                Device::addToLinkedList(LinkedList<Device>&, DeviceType)
                0x00000000c00141f8                getDevicesOfType(DeviceType)
 .text          0x00000000c0014222       0x84 hal/diskctrl.32
                0x00000000c0014222                HardDiskController::HardDiskController(char const*)
                0x00000000c0014222                HardDiskController::HardDiskController(char const*)
                0x00000000c0014258                HardDiskController::~HardDiskController()
                0x00000000c0014258                HardDiskController::~HardDiskController()
                0x00000000c001427c                HardDiskController::~HardDiskController()
 .text          0x00000000c00142a6       0xe2 hal/diskphys.32
                0x00000000c00142a6                PhysicalDisk::eject()
                0x00000000c00142aa                PhysicalDisk::PhysicalDisk(char const*, int)
                0x00000000c00142aa                PhysicalDisk::PhysicalDisk(char const*, int)
                0x00000000c0014312                PhysicalDisk::startCache()
                0x00000000c001433a                PhysicalDisk::~PhysicalDisk()
                0x00000000c001433a                PhysicalDisk::~PhysicalDisk()
                0x00000000c001435e                PhysicalDisk::~PhysicalDisk()
 .text          0x00000000c0014388      0x13b hal/fpu.32
                0x00000000c0014388                FPU::FPU(char const*)
                0x00000000c0014388                FPU::FPU(char const*)
                0x00000000c00143be                FPU::~FPU()
                0x00000000c00143be                FPU::~FPU()
                0x00000000c00143e2                FPU::~FPU()
                0x00000000c001440c                setupFPU()
 *fill*         0x00000000c00144c3        0x1 
 .text          0x00000000c00144c4     0x143b hal/intctrl.32
                0x00000000c00144c4                InterruptController::uninstallISRHandler(int, void (*)(regs*, void*))
                0x00000000c00144fc                InterruptController::installISRHandler(int, void (*)(regs*, void*), void*)
                0x00000000c001454e                doubleFault(regs*, void*)
                0x00000000c0014568                InterruptController::installIRQHandler(int, void (*)(regs*, void*), bool, void*)
                0x00000000c0014604                InterruptController::clearAllHandlers(int, bool)
                0x00000000c00146ac                InterruptController::uninstallIRQHandler(int, void (*)(regs*, void*), bool)
                0x00000000c0014733                nmiHandler(regs*, void*)
                0x00000000c0014741                int_handler
                0x00000000c00147e2                InterruptController::InterruptController(char const*)
                0x00000000c00147e2                InterruptController::InterruptController(char const*)
                0x00000000c0014888                InterruptController::~InterruptController()
                0x00000000c0014888                InterruptController::~InterruptController()
                0x00000000c00148ac                InterruptController::~InterruptController()
                0x00000000c00148d6                displayDebugInfo(regs*)
                0x00000000c0014d65                x87EmulHandler(regs*, void*)
                0x00000000c0014dd8                gpFault(regs*, void*)
                0x00000000c0014e11                pgFault(regs*, void*)
                0x00000000c0014e60                otherISRHandler(regs*, void*)
                0x00000000c0014e7f                opcodeFault(regs*, void*)
                0x00000000c001549c                displayProgramFault(char const*)
                0x00000000c00154c4                setupInterruptController()
                0x00000000c00158b2                InterruptController::convertLegacyIRQNumber(int)
 *fill*         0x00000000c00158ff        0x1 
 .text          0x00000000c0015900      0x784 hal/keybrd.32
                0x00000000c0015900                startGUI(void*)
                0x00000000c001596c                startGUIVESA(void*)
                0x00000000c00159d8                sendKeyToTerminal(unsigned char)
                0x00000000c0015a96                sendKeyboardToken(KeyboardToken)
                0x00000000c0015ed3                clearInternalKeybuffer(VgaText*)
                0x00000000c0015f08                readKeyboard(VgaText*, char*, unsigned long)
                0x00000000c0015ffa                Keyboard::Keyboard(char const*)
                0x00000000c0015ffa                Keyboard::Keyboard(char const*)
                0x00000000c0016036                Keyboard::~Keyboard()
                0x00000000c0016036                Keyboard::~Keyboard()
                0x00000000c001605a                Keyboard::~Keyboard()
 .text          0x00000000c0016084      0x3ea hal/logidisk.32
                0x00000000c0016084                LogicalDisk::close(int, int, void*)
                0x00000000c0016088                LogicalDisk::~LogicalDisk()
                0x00000000c0016088                LogicalDisk::~LogicalDisk()
                0x00000000c00160ac                LogicalDisk::~LogicalDisk()
                0x00000000c00160d6                LogicalDisk::open(int, int, void*)
                0x00000000c00160ea                LogicalDisk::absoluteToRelative(unsigned long long)
                0x00000000c0016122                LogicalDisk::relativeToAbsolute(unsigned long long)
                0x00000000c0016168                LogicalDisk::LogicalDisk(char const*, PhysicalDisk*, unsigned long long, unsigned long long)
                0x00000000c0016168                LogicalDisk::LogicalDisk(char const*, PhysicalDisk*, unsigned long long, unsigned long long)
                0x00000000c001621e                LogicalDisk::assignDriveLetter()
                0x00000000c00162d4                LogicalDisk::mount()
                0x00000000c001631c                LogicalDisk::unmount()
                0x00000000c001632c                LogicalDisk::eject()
                0x00000000c0016340                LogicalDisk::unassignDriveLetter()
                0x00000000c0016396                LogicalDisk::read(unsigned long long, int, void*)
                0x00000000c0016402                LogicalDisk::write(unsigned long long, int, void*)
 .text          0x00000000c001646e       0x84 hal/mouse.32
                0x00000000c001646e                Mouse::Mouse(char const*)
                0x00000000c001646e                Mouse::Mouse(char const*)
                0x00000000c00164a4                Mouse::~Mouse()
                0x00000000c00164a4                Mouse::~Mouse()
                0x00000000c00164c8                Mouse::~Mouse()
 .text          0x00000000c00164f2      0x339 hal/partition.32
                0x00000000c00164f2                makePartition(PhysicalDisk*, unsigned long long, unsigned long long)
                0x00000000c001659a                createPartitionsForDisk(PhysicalDisk*)
 *fill*         0x00000000c001682b        0x1 
 .text          0x00000000c001682c       0x84 hal/serial.32
                0x00000000c001682c                Serial::Serial(char const*)
                0x00000000c001682c                Serial::Serial(char const*)
                0x00000000c0016862                Serial::~Serial()
                0x00000000c0016862                Serial::~Serial()
                0x00000000c0016886                Serial::~Serial()
 .text          0x00000000c00168b0      0x2f3 hal/timer.32
                0x00000000c00168b0                Timer::Timer(char const*)
                0x00000000c00168b0                Timer::Timer(char const*)
                0x00000000c00168e6                Timer::~Timer()
                0x00000000c00168e6                Timer::~Timer()
                0x00000000c001690a                Timer::~Timer()
                0x00000000c0016934                Timer::read()
                0x00000000c001693f                timerHandler(unsigned long long)
                0x00000000c0016ab1                setupTimer(int)
 *fill*         0x00000000c0016ba3        0x1 
 .text          0x00000000c0016ba4      0x484 hal/vcache.32
                0x00000000c0016ba4                VCache::VCache(PhysicalDisk*)
                0x00000000c0016ba4                VCache::VCache(PhysicalDisk*)
                0x00000000c0016d0c                VCache::invalidateReadBuffer()
                0x00000000c0016d1c                VCache::writeWriteBuffer()
                0x00000000c0016d68                VCache::~VCache()
                0x00000000c0016d68                VCache::~VCache()
                0x00000000c0016dbc                VCache::~VCache()
                0x00000000c0016de4                VCache::write(unsigned long long, int, void*)
                0x00000000c0016f0e                VCache::read(unsigned long long, int, void*)
 .text          0x00000000c0017028      0x4b3 hal/video.32
                0x00000000c0017028                Video::putrect(int, int, int, int, unsigned int)
                0x00000000c0017074                Video::bitblit(int, int, int, int, int, int, int, unsigned int*)
                0x00000000c00170e4                Video::blit(unsigned int*, int, int, int, int)
                0x00000000c0017162                Video::clearScreen(unsigned int)
                0x00000000c0017196                Video::putpixel(int, int, unsigned int)
                0x00000000c00171a4                Video::Video(char const*)
                0x00000000c00171a4                Video::Video(char const*)
                0x00000000c00171da                Video::~Video()
                0x00000000c00171da                Video::~Video()
                0x00000000c00171fe                Video::~Video()
                0x00000000c0017228                Video::isMonochrome()
                0x00000000c0017234                Video::getWidth()
                0x00000000c0017240                Video::getHeight()
                0x00000000c001724c                Video::drawCursor(int, int, unsigned char*, int)
                0x00000000c0017308                Video::tgaParse(unsigned char*, int, int*, int*)
                0x00000000c0017470                Video::putTGA(int, int, unsigned char*, int)
 *fill*         0x00000000c00174db        0x1 
 .text          0x00000000c00174dc     0x12eb hw/acpi.32
                0x00000000c00174dc                ACPI::close(int, int, void*)
                0x00000000c0017581                findRSDP()
                0x00000000c001764e                loadACPITables(unsigned char*)
                0x00000000c00178a5                findRSDT(unsigned char*)
                0x00000000c0017a5f                findDataTable(unsigned char*, char*)
                0x00000000c0017ad1                scanMADT()
                0x00000000c0017f9e                ACPI::ACPI()
                0x00000000c0017f9e                ACPI::ACPI()
                0x00000000c0018002                ACPI::getPCIIRQAssignment(unsigned char, unsigned short, unsigned char)
                0x00000000c00180e4                ACPI::registerPCIIRQAssignment(void*, unsigned short, unsigned char, unsigned char)
                0x00000000c00181aa                ACPI::setScreenBrightnessLevel(void*, int)
                0x00000000c00181b0                ACPI::detectPCI()
                0x00000000c00183b2                ACPI::writeSimpleBootFlag(SimpleBootFlagTable*)
                0x00000000c00183fa                ACPI::sleep()
                0x00000000c0018412                ACPI::open(int, int, void*)
 *fill*         0x00000000c00187c7        0x1 
 .text          0x00000000c00187c8     0x1525 hw/cpu.32
                0x00000000c00187c8                CPU::close(int, int, void*)
                0x00000000c00187cc                CPU::lookupAMDName(unsigned char, unsigned char)
                0x00000000c0018960                CPU::lookupIntelName(unsigned char, unsigned char)
                0x00000000c0018c0e                CPU::AMD_K6_write_msr(unsigned int, unsigned int, unsigned int, CPU::REGS*)
                0x00000000c0018c2a                CPU::AMD_K6_read_msr(unsigned int, CPU::REGS*)
                0x00000000c0018c42                CPU::AMD_K6_writeback(int, int, int)
                0x00000000c0018cb6                CPU::cpuid(int, unsigned long*, unsigned long*, unsigned long*, unsigned long*)
                0x00000000c0018d3a                CPU::cpuidCheckEDX(unsigned int)
                0x00000000c0018d68                CPU::cpuidCheckECX(unsigned int)
                0x00000000c0018d96                CPU::cpuidCheckExtendedEBX(unsigned int)
                0x00000000c0018dc4                CPU::cpuidCheckExtendedECX(unsigned int)
                0x00000000c0018df2                CPU::CPU()
                0x00000000c0018df2                CPU::CPU()
                0x00000000c0018e80                CPU::displayFeatures()
                0x00000000c0018e82                CPU::detectFeatures()
                0x00000000c0019874                CPU::setupSMEP()
                0x00000000c0019880                CPU::setupUMIP()
                0x00000000c001988a                CPU::setupTSC()
                0x00000000c0019894                CPU::setupLargePages()
                0x00000000c001989e                CPU::setupPAT()
                0x00000000c00198da                CPU::setupMTRR()
                0x00000000c00198dc                CPU::setupGlobalPages()
                0x00000000c00198e6                CPU::allowUsermodeDataAccess()
                0x00000000c00198f8                CPU::prohibitUsermodeDataAccess()
                0x00000000c001990a                CPU::setupSMAP()
                0x00000000c0019918                CPU::setupFeatures()
                0x00000000c0019998                CPU::open(int, int, void*)
                0x00000000c0019af2                CPU::decodeAddress(regs*, int*, bool*, unsigned char*)
 .text          0x00000000c0019ced        0x0 hw/ports.32
 .text          0x00000000c0019ced      0x16a hw/smp.32
                0x00000000c0019ced                Krnl::smpEntry()
                0x00000000c0019cef                Krnl::startCPU(int)
                0x00000000c0019e38                Krnl::startCPUs()
 *fill*         0x00000000c0019e57        0x1 
 .text          0x00000000c0019e58      0x581 krnl/env.32
                0x00000000c0019e58                EnvVarContainer::getEnv(char const*)
                0x00000000c0019e96                EnvVarContainer::setEnv(char const*, char const*)
                0x00000000c0019f58                EnvVarContainer::deleteEnv(char const*)
                0x00000000c0019f5a                EnvVarContainer::loadFrom(char const*, char const*)
                0x00000000c001a140                EnvVarContainer::__loadSystem()
                0x00000000c001a15a                EnvVarContainer::__loadUser()
                0x00000000c001a15c                EnvVarContainer::EnvVarContainer(Process*)
                0x00000000c001a15c                EnvVarContainer::EnvVarContainer(Process*)
                0x00000000c001a17e                EnvVarContainer::~EnvVarContainer()
                0x00000000c001a17e                EnvVarContainer::~EnvVarContainer()
                0x00000000c001a1ae                Krnl::getEnv(Process*, char const*)
                0x00000000c001a213                Krnl::setEnvSystem(char const*, char const*)
                0x00000000c001a22d                Krnl::setEnvUser(char const*, char const*)
                0x00000000c001a24c                Krnl::setEnvProcess(Process*, char const*, char const*)
                0x00000000c001a25f                Krnl::deleteEnvSystem(char const*)
                0x00000000c001a260                Krnl::deleteEnvUser(char const*)
                0x00000000c001a261                Krnl::deleteEnvProcess(Process*, char const*)
                0x00000000c001a262                Krnl::newProcessEnv(Process*)
                0x00000000c001a284                Krnl::copyProcessEnv(Process*, Process*)
                0x00000000c001a2d0                Krnl::loadSystemEnv()
                0x00000000c001a2fe                Krnl::loadUserEnv()
                0x00000000c001a324                Krnl::flushEnv()
                0x00000000c001a325                Krnl::getProcessTotalEnvCount(Process*)
                0x00000000c001a345                Krnl::getProcessEnvPair(Process*, int)
 .text          0x00000000c001a3d9      0x39c krnl/panic.32
                0x00000000c001a3d9                Krnl::panic(char const*)
 .text          0x00000000c001a775      0x57f net/ethernet.32
                0x00000000c001a775                Net::switchEndian16(unsigned short)
                0x00000000c001a796                Net::switchEndian32(unsigned int)
                0x00000000c001a7c5                Net::crc32Calc(unsigned char*, int)
                0x00000000c001a856                Net::wrapEthernetFrame(Net::UnwrappedEthernetFrame, unsigned char*)
                0x00000000c001aa69                Net::unwrapEthernetFrame(unsigned char*, int)
 .text          0x00000000c001acf4      0x50e reg/registry.32
                0x00000000c001acf4                Reg::findLineFromLoadedData(char*, char*, char*)
                0x00000000c001ae4c                Reg::getLineFromRegistry(char*, char*, char*, char*)
                0x00000000c001afa1                Reg::getLine(char*, char*, char*)
                0x00000000c001afd8                Reg::readInt(char*, char*, int*)
                0x00000000c001b0c3                Reg::readString(char*, char*, char*, int)
                0x00000000c001b144                Reg::readBool(char*, char*, bool*)
                0x00000000c001b169                Reg::readBoolWithDefault(char*, char*, bool)
                0x00000000c001b195                Reg::readIntWithDefault(char*, char*, int)
                0x00000000c001b1c1                Reg::readStringWithDefault(char*, char*, char*, int, char*)
 .text          0x00000000c001b202       0x36 sys/sc_eject.32
                0x00000000c001b202                Sys::eject(regs*)
 .text          0x00000000c001b238       0x18 sys/sc_exit.32
                0x00000000c001b238                Sys::exit(regs*)
 .text          0x00000000c001b250       0x1f sys/sc_getcwd.32
                0x00000000c001b250                Sys::getCwd(regs*)
 .text          0x00000000c001b26f        0xc sys/sc_getpid.32
                0x00000000c001b26f                Sys::getPID(regs*)
 .text          0x00000000c001b27b       0x1a sys/sc_getramdata.32
                0x00000000c001b27b                Sys::getRAMData(regs*)
 .text          0x00000000c001b295       0x84 sys/sc_getvgaptr.32
                0x00000000c001b295                Sys::getVGAPtr(regs*)
 .text          0x00000000c001b319       0xa8 sys/sc_loaddll.32
                0x00000000c001b319                Sys::loadDLL(regs*)
 .text          0x00000000c001b3c1       0x68 sys/sc_read.32
                0x00000000c001b3c1                Sys::read(regs*)
 .text          0x00000000c001b429       0x55 sys/sc_sbrk.32
                0x00000000c001b429                Sys::sbrk(regs*)
 .text          0x00000000c001b47e       0x1c sys/sc_setcwd.32
                0x00000000c001b47e                Sys::setCwd(regs*)
 .text          0x00000000c001b49a       0x95 sys/sc_settime.32
                0x00000000c001b49a                Sys::setTime(regs*)
 .text          0x00000000c001b52f       0x4a sys/sc_timezone.32
                0x00000000c001b52f                Sys::timezone(regs*)
 .text          0x00000000c001b579       0x68 sys/sc_write.32
                0x00000000c001b579                Sys::write(regs*)
 .text          0x00000000c001b5e1       0x62 sys/sc_wsbe.32
                0x00000000c001b5e1                Sys::wsbe(regs*)
 .text          0x00000000c001b643       0x46 sys/sc_yield.32
                0x00000000c001b643                Sys::yield(regs*)
 .text          0x00000000c001b689      0xf84 sys/syscalls.32
                0x00000000c001b689                sysCallSeekDir(regs*)
                0x00000000c001b68e                sysCallTellDir(regs*)
                0x00000000c001b693                sysCallVerify(regs*)
                0x00000000c001b69d                sysCallGetArgc(regs*)
                0x00000000c001b6ad                sysFormatDisk(regs*)
                0x00000000c001b717                sysSetDiskVolumeLabel(regs*)
                0x00000000c001b75d                sysGetDiskVolumeLabel(regs*)
                0x00000000c001b7ae                sysShutdown(regs*)
                0x00000000c001b80c                sysCallRealpath(regs*)
                0x00000000c001b84f                sysCallReadDir(regs*)
                0x00000000c001b8ce                sysCallIsATTY(regs*)
                0x00000000c001b928                sysCallSeek(regs*)
                0x00000000c001b97f                sysCallTell(regs*)
                0x00000000c001b9eb                sysCallSize(regs*)
                0x00000000c001ba5d                sysCallSizeFromFilename(regs*)
                0x00000000c001bb0c                sysCallClose(regs*)
                0x00000000c001bb6c                sysCallOpenDir(regs*)
                0x00000000c001bbe1                sysCallCloseDir(regs*)
                0x00000000c001bc35                sysCallMakeDir(regs*)
                0x00000000c001bca5                sysCallWait(regs*)
                0x00000000c001bcbf                sysCallNotImpl(regs*)
                0x00000000c001bcda                sysPanic(regs*)
                0x00000000c001bcf4                sysCallRmdir(regs*)
                0x00000000c001bd58                sysCallUnlink(regs*)
                0x00000000c001bdbc                sysCallGetArgv(regs*)
                0x00000000c001be08                sysCallTTYName(regs*)
                0x00000000c001be8b                sysCallUSleep(regs*)
                0x00000000c001beb2                sysCallSpawn(regs*)
                0x00000000c001bf1a                sysCallGetEnv(regs*)
                0x00000000c001bfc7                sysAppSettings(regs*)
                0x00000000c001c0db                sysSetFatAttrib(regs*)
                0x00000000c001c14d                sysPipe(regs*)
                0x00000000c001c192                sysGetUnixTime(regs*)
                0x00000000c001c1a6                string_ends_with(char const*, char const*)
                0x00000000c001c1ee                sysCallOpen(regs*)
                0x00000000c001c3d6                Sys::loadSyscalls()
                0x00000000c001c5cb                Sys::systemCall(regs*, void*)
 .text          0x00000000c001c60d     0x1203 thr/elf.32
                0x00000000c001c60d                Thr::allocateMemoryForTask(Process*, File*, unsigned long, unsigned long, unsigned long)
                0x00000000c001c8b7                Thr::loadProgramIntoMemory(Process*, char const*)
                0x00000000c001cacd                Thr::runtimeReferenceHelper()
                0x00000000c001cae0                Thr::getAddressOfKernelSymbol(char const*)
                0x00000000c001cb2f                Thr::loadKernelSymbolTable(char const*)
                0x00000000c001cded                Thr::loadDriverIntoMemory(char const*, unsigned long, bool)
                0x00000000c001d523                Thr::getDriverBaseFromAddress(unsigned long)
                0x00000000c001d555                Thr::getDriverNameFromAddress(unsigned long)
                0x00000000c001d58c                Thr::getDriverOffsetFromAddress(unsigned long)
                0x00000000c001d5a6                Thr::loadDLL(char const*, bool)
                0x00000000c001d7d7                Thr::executeDLL(unsigned long, void*)
 .text          0x00000000c001d810     0x11ff thr/prcssthr.32
                0x00000000c001d810                userModeEntryPoint(void*)
                0x00000000c001d836                changeTSS
                0x00000000c001d866                switchToThread(ThreadControlBlock*)
                0x00000000c001d910                Process::addArgs(char**)
                0x00000000c001d96a                Process::Process(char const*, Process*, char**)
                0x00000000c001d96a                Process::Process(char const*, Process*, char**)
                0x00000000c001db4e                Process::Process(bool, char const*, Process*, char**)
                0x00000000c001db4e                Process::Process(bool, char const*, Process*, char**)
                0x00000000c001dcfd                taskStartupFunction
                0x00000000c001dd06                Semaphore::Semaphore(int)
                0x00000000c001dd06                Semaphore::Semaphore(int)
                0x00000000c001dd34                Mutex::Mutex()
                0x00000000c001dd34                Mutex::Mutex()
                0x00000000c001dd46                Process::createThread(void (*)(void*), void*, int)
                0x00000000c001de4c                Process::createUserThread()
                0x00000000c001de68                setupMultitasking(void (*)())
                0x00000000c001df6b                schedule()
                0x00000000c001dff0                Semaphore::tryAcquire()
                0x00000000c001e0ac                Semaphore::assertLocked(char const*)
                0x00000000c001e11b                blockTaskWithSchedulerLockAlreadyHeld(TaskState)
                0x00000000c001e141                blockTask(TaskState)
                0x00000000c001e16e                waitTask(int, int*, int)
                0x00000000c001e1b0                nanoSleepUntil(unsigned long long)
                0x00000000c001e245                nanoSleep(unsigned long long)
                0x00000000c001e25d                sleep(unsigned long long)
                0x00000000c001e27a                Semaphore::acquire()
                0x00000000c001e32b                taskReturned
                0x00000000c001e366                Thr::processFromPID(int)
                0x00000000c001e3fd                unblockTask(ThreadControlBlock*)
                0x00000000c001e492                cleanupTerminatedTask(ThreadControlBlock*)
                0x00000000c001e739                cleanerTaskFunction(void*)
                0x00000000c001e81a                terminateTask(int)
                0x00000000c001e8d9                Thr::terminateFromIRQ(int)
                0x00000000c001e8e6                Semaphore::release()
 .text          0x00000000c001ea0f      0xada vm86/vm8086.32
                0x00000000c001ea0f                Vm::inbv(unsigned short)
                0x00000000c001ea22                Vm::outbv(unsigned short, unsigned char)
                0x00000000c001ea58                Vm::realToLinear(unsigned short, unsigned short)
                0x00000000c001ea68                Vm::getSegment(unsigned int)
                0x00000000c001ea70                Vm::getOffset(unsigned int)
                0x00000000c001ea75                Vm::mainloop2()
                0x00000000c001eaaf                Vm::mainVm8086Loop(void*)
                0x00000000c001eabf                Vm::mainloop3(unsigned long)
                0x00000000c001eae5                Vm::initialise8086()
                0x00000000c001eb28                Vm::finish8086()
                0x00000000c001eb89                Vm::getOutput8086(unsigned char*)
                0x00000000c001ebae                Vm::start8086(char const*, unsigned short, unsigned short, unsigned short, unsigned short)
                0x00000000c001ed16                Vm::doISR(regs*, int, unsigned char*, unsigned short, unsigned short)
                0x00000000c001eda0                Vm::readByteFromReal(unsigned short, unsigned short)
                0x00000000c001edb1                Vm::readWordFromReal(unsigned short, unsigned short)
                0x00000000c001edc3                Vm::readDwordFromReal(unsigned short, unsigned short)
                0x00000000c001edd4                Vm::writeByteFromReal(unsigned short, unsigned short, unsigned char)
                0x00000000c001ede9                Vm::writeWordFromReal(unsigned short, unsigned short, unsigned short)
                0x00000000c001edff                Vm::writeDwordFromReal(unsigned short, unsigned short, unsigned int)
                0x00000000c001ee14                Vm::faultHandler(regs*)
 .text          0x00000000c001f4e9      0xefd vm86/x87em.32
                0x00000000c001f4e9                Vm::fpuInternalTo32(unsigned long long)
                0x00000000c001f544                Vm::fpuInternalTo64(unsigned long long)
                0x00000000c001f54d                Vm::fpu32ToInternal(unsigned int)
                0x00000000c001f592                Vm::fpu64ToInternal(unsigned long long)
                0x00000000c001f59b                Vm::fpuFloatToLong(unsigned long long)
                0x00000000c001f5f6                Vm::fpuULongToFloat(unsigned long long)
                0x00000000c001f62c                Vm::fpuLongToFloat(long long)
                0x00000000c001f682                Vm::fpuGet0()
                0x00000000c001f687                Vm::fpuGet1()
                0x00000000c001f68f                Vm::fpuGetPi()
                0x00000000c001f697                Vm::fpuGetLog2E()
                0x00000000c001f6af                Vm::fpuGetLogE2()
                0x00000000c001f6c7                Vm::fpuGetLog210()
                0x00000000c001f6df                Vm::fpuGetLog102()
                0x00000000c001f6f7                Vm::fpuIsSecondLarger(unsigned long long, unsigned long long)
                0x00000000c001f70b                Vm::fpuAreEqual(unsigned long long, unsigned long long)
                0x00000000c001f721                Vm::fpuUnorderedCompare(unsigned long long, unsigned long long)
                0x00000000c001f774                Vm::fpuAdd(unsigned long long, unsigned long long)
                0x00000000c001f785                Vm::fpuAbs(unsigned long long)
                0x00000000c001f78e                Vm::fpuChs(unsigned long long)
                0x00000000c001f79e                Vm::fpuSub(unsigned long long, unsigned long long)
                0x00000000c001f7ad                Vm::fpuMultiply(unsigned long long, unsigned long long)
                0x00000000c001f7cc                Vm::fpuDivide(unsigned long long, unsigned long long)
                0x00000000c001f7e8                Vm::fpuSquare(unsigned long long)
                0x00000000c001f7fe                Vm::fpuGetReg(int)
                0x00000000c001f841                Vm::fpuSetReg(int, unsigned long long)
                0x00000000c001f88c                Vm::fpuPush(unsigned long long)
                0x00000000c001f8e9                Vm::fpuPop()
                0x00000000c001f93b                Vm::x87Handler(regs*)
 .text          0x00000000c00203e6     0x1287 fs/fat/vfslink.32
                0x00000000c00203e6                FAT::getName()
                0x00000000c00203ec                FAT::tell(void*, unsigned long long*)
                0x00000000c0020420                FAT::stat(void*, unsigned long long*)
                0x00000000c0020454                FAT::~FAT()
                0x00000000c0020454                FAT::~FAT()
                0x00000000c0020478                FAT::~FAT()
                0x00000000c00204a0                FAT::getlabel(LogicalDisk*, int, char*, unsigned int*)
                0x00000000c002053e                FAT::setlabel(LogicalDisk*, int, char*)
                0x00000000c00205f8                FAT::format(LogicalDisk*, int, char const*, int)
                0x00000000c00207b6                FAT::tryMount(LogicalDisk*, int)
                0x00000000c00209bc                FAT::allocateSwapfile(char const*, int)
                0x00000000c0020b28                FAT::readDir(void*, unsigned long, void*, int*)
                0x00000000c0020c82                FAT::read(void*, unsigned long, void*, int*)
                0x00000000c0020cdc                FAT::write(void*, unsigned long, void*, int*)
                0x00000000c0020d36                FAT::close(void*)
                0x00000000c0020d82                FAT::closeDir(void*)
                0x00000000c0020dce                FAT::seek(void*, unsigned long long)
                0x00000000c0020e22                fatWrapperReadDisk
                0x00000000c0020e69                fatWrapperWriteDisk
                0x00000000c0020eb0                fatWrapperIoctl
                0x00000000c0020fb4                FAT::FAT()
                0x00000000c0020fb4                FAT::FAT()
                0x00000000c0021006                FAT::fixFilepath(char*)
                0x00000000c002103e                FAT::open(char const*, void**, FileOpenMode)
                0x00000000c0021166                FAT::openDir(char const*, void**)
                0x00000000c002120c                FAT::stat(char const*, unsigned long long*, bool*)
                0x00000000c00212f6                FAT::unlink(char const*)
                0x00000000c0021370                FAT::chfatattr(char const*, unsigned char, unsigned char)
                0x00000000c00214c4                FAT::rename(char const*, char const*)
                0x00000000c0021588                FAT::mkdir(char const*)
                0x00000000c0021602                FAT::exists(char const*)
 *fill*         0x00000000c002166d        0x1 
 .text          0x00000000c002166e      0xb75 fs/iso9660/vfslink.32
                0x00000000c002166e                ISO9660::format(LogicalDisk*, int, char const*, int)
                0x00000000c0021674                ISO9660::seek(void*, unsigned long long)
                0x00000000c00216a4                ISO9660::tell(void*, unsigned long long*)
                0x00000000c00216c8                ISO9660::getName()
                0x00000000c00216ce                ISO9660::stat(void*, unsigned long long*)
                0x00000000c00216f2                ISO9660::chfatattr(char const*, unsigned char, unsigned char)
                0x00000000c00216f8                ISO9660::unlink(char const*)
                0x00000000c00216fe                ISO9660::write(void*, unsigned long, void*, int*)
                0x00000000c0021704                ISO9660::rename(char const*, char const*)
                0x00000000c002170a                ISO9660::mkdir(char const*)
                0x00000000c0021710                ISO9660::close(void*)
                0x00000000c0021732                ISO9660::closeDir(void*)
                0x00000000c0021754                ISO9660::~ISO9660()
                0x00000000c0021754                ISO9660::~ISO9660()
                0x00000000c0021778                ISO9660::~ISO9660()
                0x00000000c002179f                __memmem(unsigned char*, int, unsigned char*, int)
                0x00000000c00217e1                readSectorFromCDROM(unsigned int, unsigned char*, char)
                0x00000000c002183c                ISO9660::tryMount(LogicalDisk*, int)
                0x00000000c002188c                ISO9660::read(void*, unsigned long, void*, int*)
                0x00000000c0021a90                ISO9660::readDir(void*, unsigned long, void*, int*)
                0x00000000c0021d0a                readRoot(unsigned int*, unsigned int*, char)
                0x00000000c0021d5e                readRecursively(char*, unsigned int, unsigned int, unsigned int*, unsigned int*, char, int*)
                0x00000000c0021f31                getFileData(char*, unsigned int*, unsigned int*, char, int*)
                0x00000000c0021fc0                ISO9660::open(char const*, void**, FileOpenMode)
                0x00000000c002206e                ISO9660::exists(char const*)
                0x00000000c0022092                ISO9660::stat(char const*, unsigned long long*, bool*)
                0x00000000c0022126                ISO9660::openDir(char const*, void**)
                0x00000000c00221c0                ISO9660::ISO9660()
                0x00000000c00221c0                ISO9660::ISO9660()
 *fill*         0x00000000c00221e3        0x1 
 .text          0x00000000c00221e4      0x396 hal/sound/sndchannel.32
                0x00000000c00221e4                SoundChannel::SoundChannel(int, int, int, int)
                0x00000000c00221e4                SoundChannel::SoundChannel(int, int, int, int)
                0x00000000c002230e                SoundChannel::~SoundChannel()
                0x00000000c002230e                SoundChannel::~SoundChannel()
                0x00000000c002232a                SoundChannel::getSampleRate()
                0x00000000c0022332                SoundChannel::getBits()
                0x00000000c002233a                SoundChannel::getBufferUsed()
                0x00000000c0022342                SoundChannel::getBufferSize()
                0x00000000c002234a                SoundChannel::unbuffer(float*, int, int)
                0x00000000c00223de                SoundChannel::buffer16(short*, int)
                0x00000000c00224da                SoundChannel::buffer8(unsigned char*, int)
 .text          0x00000000c002257a      0x43e hal/sound/sndhw.32
                0x00000000c002257a                SoundDevice::SoundDevice(char const*)
                0x00000000c002257a                SoundDevice::SoundDevice(char const*)
                0x00000000c00225e6                SoundDevice::~SoundDevice()
                0x00000000c00225e6                SoundDevice::~SoundDevice()
                0x00000000c0022660                SoundDevice::~SoundDevice()
                0x00000000c002268a                SoundDevice::getFreeChannelNum()
                0x00000000c00226a4                SoundDevice::addChannel(SoundChannel*)
                0x00000000c0022714                SoundDevice::removeChannel(int)
                0x00000000c0022746                SoundDevice::floatTo16(float*, short*, int)
                0x00000000c0022834                SoundDevice::floatTo8(float*, unsigned char*, int)
                0x00000000c002291c                SoundDevice::getAudio(int, float*, float*)
 .text          0x00000000c00229b8        0x0 hw/bus/isa.32
 .text          0x00000000c00229b8      0xb87 hw/bus/pci.32
                0x00000000c00229b8                PCI::open(int, int, void*)
                0x00000000c00229d6                PCI::close(int, int, void*)
                0x00000000c00229da                PCI::PCI()
                0x00000000c00229da                PCI::PCI()
                0x00000000c0022a70                PCI::readBAR8(unsigned int, int)
                0x00000000c0022a8c                PCI::readBAR16(unsigned int, int)
                0x00000000c0022aaa                PCI::readBAR32(unsigned int, int)
                0x00000000c0022ac6                PCI::writeBAR8(unsigned int, unsigned char, int)
                0x00000000c0022ae6                PCI::writeBAR16(unsigned int, unsigned short, int)
                0x00000000c0022b08                PCI::writeBAR32(unsigned int, unsigned int, int)
                0x00000000c0022b28                PCI::legacyMechanism(unsigned char, unsigned char, unsigned char, unsigned char)
                0x00000000c0022b96                PCI::pciReadWord(unsigned char, unsigned char, unsigned char, unsigned char)
                0x00000000c0022c3e                PCI::getVendorID(unsigned char, unsigned char, unsigned char)
                0x00000000c0022c62                PCI::getHeaderType(unsigned char, unsigned char, unsigned char)
                0x00000000c0022c8a                PCI::getClassCode(unsigned char, unsigned char, unsigned char)
                0x00000000c0022cd4                PCI::getProgIF(unsigned char, unsigned char, unsigned char)
                0x00000000c0022cfc                PCI::getRevisionID(unsigned char, unsigned char, unsigned char)
                0x00000000c0022d20                PCI::getInterruptNumber(unsigned char, unsigned char, unsigned char)
                0x00000000c0022d44                PCI::getSecondaryBus(unsigned char, unsigned char, unsigned char)
                0x00000000c0022d6c                PCI::getBARAddress(unsigned char, unsigned char, unsigned char, unsigned char)
                0x00000000c0022dd0                PCI::pciWriteWord(unsigned char, unsigned char, unsigned char, unsigned char, unsigned short)
                0x00000000c0022eb8                PCI::pciDetailsToFilepath(PCIDeviceInfo, char*)
                0x00000000c0023132                PCI::checkBus(unsigned char)
                0x00000000c0023156                PCI::foundDevice(PCIDeviceInfo)
                0x00000000c00232c8                PCI::getDeviceData(unsigned char, unsigned char, unsigned char)
                0x00000000c0023480                PCI::checkDevice(unsigned char, unsigned char)
                0x00000000c00234ec                PCI::detect()
 *fill*         0x00000000c002353f        0x1 
 .text          0x00000000c0023540      0xb54 hw/diskctrl/ide.32
                0x00000000c0023540                IDE::close(int, int, void*)
                0x00000000c0023544                IDE::IDE()
                0x00000000c0023544                IDE::IDE()
                0x00000000c0023578                IDE::prepareInterrupt(unsigned char)
                0x00000000c002358a                selectDrive(unsigned char, unsigned char)
                0x00000000c002358c                IDE::getBase(unsigned char)
                0x00000000c002359e                IDE::write(unsigned char, unsigned char, unsigned char)
                0x00000000c002365e                IDE::read(unsigned char, unsigned char)
                0x00000000c002370c                IDE::waitInterrupt(unsigned char)
                0x00000000c0023772                ideChannel0IRQHandler(regs*, void*)
                0x00000000c002378e                ideChannel1IRQHandler(regs*, void*)
                0x00000000c00237aa                IDE::enableIRQs(unsigned char, bool)
                0x00000000c00237f0                IDE::open(int, int, void*)
                0x00000000c0023bfe                IDE::readBuffer(unsigned char, unsigned char, unsigned int, unsigned int)
                0x00000000c0023cca                IDE::detect()
                0x00000000c0023f90                IDE::printError(unsigned char, unsigned char, unsigned char)
                0x00000000c0024040                IDE::polling(unsigned char, unsigned int)
 .text          0x00000000c0024094      0x336 hw/diskctrl/satabus.32
                0x00000000c0024094                SATABus::close(int, int, void*)
                0x00000000c0024098                SATABus::detect()
                0x00000000c002409a                SATABus::SATABus()
                0x00000000c002409a                SATABus::SATABus()
                0x00000000c0024120                SATABus::findCmdslot(SATABus::tagHBA_PORT volatile*)
                0x00000000c0024168                SATABus::checkType(SATABus::tagHBA_PORT volatile*)
                0x00000000c00241b0                SATABus::startCmd(SATABus::tagHBA_PORT volatile*)
                0x00000000c00241d0                SATABus::stopCmd(SATABus::tagHBA_PORT volatile*)
                0x00000000c00241fa                SATABus::portRebase(SATABus::tagHBA_PORT volatile*, int)
                0x00000000c0024300                SATABus::probePort(SATABus::tagHBA_MEM volatile*)
                0x00000000c00243aa                SATABus::open(int, int, void*)
 .text          0x00000000c00243ca      0x688 hw/diskphys/ata.32
                0x00000000c00243ca                ATA::close(int, int, void*)
                0x00000000c00243ee                ATA::powerSaving(PowerSavingLevel)
                0x00000000c00243f0                ATA::ATA()
                0x00000000c00243f0                ATA::ATA()
                0x00000000c002441e                ATA::flush(bool)
                0x00000000c0024468                ATA::readyForCommand()
                0x00000000c00244b8                ATA::access(unsigned long long, int, void*, bool)
                0x00000000c00248ae                ATA::read(unsigned long long, int, void*)
                0x00000000c00248fa                ATA::write(unsigned long long, int, void*)
                0x00000000c002495c                ATA::detectCHS()
                0x00000000c0024986                ATA::open(int, int, void*)
 .text          0x00000000c0024a52      0x5bd hw/diskphys/atapi.32
                0x00000000c0024a52                ATAPI::write(unsigned long long, int, void*)
                0x00000000c0024a58                ATAPI::close(int, int, void*)
                0x00000000c0024a7c                ATAPI::ATAPI()
                0x00000000c0024a7c                ATAPI::ATAPI()
                0x00000000c0024aaa                ATAPI::readyForCommand()
                0x00000000c0024afa                ATAPI::sendPacket(unsigned char*, int, bool, unsigned short*, int)
                0x00000000c0024dba                ATAPI::diskRemoved()
                0x00000000c0024dd6                ATAPI::eject()
                0x00000000c0024e1e                ATAPI::diskInserted()
                0x00000000c0024e4c                ATAPI::detectMedia()
                0x00000000c0024f08                ATAPI::open(int, int, void*)
                0x00000000c0024f90                ATAPI::read(unsigned long long, int, void*)
 *fill*         0x00000000c002500f        0x1 
 .text          0x00000000c0025010      0x41c hw/diskphys/sata.32
                0x00000000c0025010                SATA::close(int, int, void*)
                0x00000000c0025034                SATA::powerSaving(PowerSavingLevel)
                0x00000000c0025036                SATA::open(int, int, void*)
                0x00000000c00250e0                SATA::SATA()
                0x00000000c00250e0                SATA::SATA()
                0x00000000c002510e                SATA::access(unsigned long long, int, void*, bool)
                0x00000000c0025374                SATA::read(unsigned long long, int, void*)
                0x00000000c00253c0                SATA::write(unsigned long long, int, void*)
 .text          0x00000000c002542c      0x4fe hw/diskphys/satapi.32
                0x00000000c002542c                SATAPI::write(unsigned long long, int, void*)
                0x00000000c0025432                SATAPI::close(int, int, void*)
                0x00000000c0025456                SATAPI::SATAPI()
                0x00000000c0025456                SATAPI::SATAPI()
                0x00000000c0025484                SATAPI::diskRemoved()
                0x00000000c00254a0                SATAPI::diskInserted()
                0x00000000c00254ce                SATAPI::sendPacket(unsigned char*, int, unsigned long long, unsigned short*, int)
                0x00000000c00256d6                SATAPI::eject()
                0x00000000c002571e                SATAPI::detectMedia()
                0x00000000c00257e0                SATAPI::open(int, int, void*)
                0x00000000c0025888                SATAPI::read(unsigned long long, int, void*)
 .text          0x00000000c002592a       0x8e hw/fpu/avx.32
                0x00000000c002592a                AVX::open(int, int, void*)
                0x00000000c002593c                AVX::close(int, int, void*)
                0x00000000c002594e                AVX::available()
                0x00000000c0025960                AVX::save(void*)
                0x00000000c0025978                AVX::load(void*)
                0x00000000c0025990                AVX::AVX()
                0x00000000c0025990                AVX::AVX()
 .text          0x00000000c00259b8       0x90 hw/fpu/mmx.32
                0x00000000c00259b8                MMX::available()
                0x00000000c00259cc                MMX::open(int, int, void*)
                0x00000000c00259de                MMX::close(int, int, void*)
                0x00000000c00259f0                MMX::save(void*)
                0x00000000c0025a08                MMX::load(void*)
                0x00000000c0025a20                MMX::MMX()
                0x00000000c0025a20                MMX::MMX()
 .text          0x00000000c0025a48       0x96 hw/fpu/sse.32
                0x00000000c0025a48                SSE::open(int, int, void*)
                0x00000000c0025a5a                SSE::close(int, int, void*)
                0x00000000c0025a6c                SSE::available()
                0x00000000c0025a86                SSE::save(void*)
                0x00000000c0025a9e                SSE::load(void*)
                0x00000000c0025ab6                SSE::SSE()
                0x00000000c0025ab6                SSE::SSE()
 .text          0x00000000c0025ade       0x8e hw/fpu/x87.32
                0x00000000c0025ade                x87::open(int, int, void*)
                0x00000000c0025af0                x87::close(int, int, void*)
                0x00000000c0025b02                x87::available()
                0x00000000c0025b14                x87::save(void*)
                0x00000000c0025b2c                x87::load(void*)
                0x00000000c0025b44                x87::x87()
                0x00000000c0025b44                x87::x87()
 .text          0x00000000c0025b6c      0x71e hw/intctrl/apic.32
                0x00000000c0025b6c                APIC::disable()
                0x00000000c0025b6e                APIC::close(int, int, void*)
                0x00000000c0025b90                IOAPIC::close(int, int, void*)
                0x00000000c0025b96                APIC::io_wait()
                0x00000000c0025b9c                APIC::getBase()
                0x00000000c0025bde                APIC::eoi(unsigned char)
                0x00000000c0025c0c                APIC::open(int, int, void*)
                0x00000000c0025d5a                IOAPIC::IOAPIC()
                0x00000000c0025d5a                IOAPIC::IOAPIC()
                0x00000000c0025d82                APIC::APIC()
                0x00000000c0025d82                APIC::APIC()
                0x00000000c0025e5e                IOAPIC::handlesGSIWithNumber(unsigned int)
                0x00000000c0025e90                IOAPIC::read(int)
                0x00000000c0025eb8                IOAPIC::open(int, int, void*)
                0x00000000c0025fae                IOAPIC::write(int, int)
                0x00000000c0025fda                IOAPIC::redirect(unsigned char, unsigned long long, unsigned char, bool, bool)
                0x00000000c00260d4                APIC::installIRQHandler(int, void (*)(regs*, void*), bool, void*)
 .text          0x00000000c002628a      0x3d3 hw/intctrl/pic.32
                0x00000000c002628a                PIC::disable()
                0x00000000c00262b8                PIC::close(int, int, void*)
                0x00000000c00262da                PIC::PIC()
                0x00000000c00262da                PIC::PIC()
                0x00000000c00263b0                PIC::ioWait()
                0x00000000c00263b6                PIC::getIRQReg(int)
                0x00000000c0026420                PIC::eoi(unsigned char)
                0x00000000c00264b2                PIC::remap()
                0x00000000c002661e                PIC::open(int, int, void*)
 *fill*         0x00000000c002665d        0x1 
 .text          0x00000000c002665e      0x25e hw/timer/apictimer.32
                0x00000000c002665e                APICTimer::close(int, int, void*)
                0x00000000c0026664                apicTimerHandler(regs*, void*)
                0x00000000c0026692                APICTimer::write(int)
                0x00000000c0026796                APICTimer::open(int, int, void*)
                0x00000000c0026894                APICTimer::APICTimer()
                0x00000000c0026894                APICTimer::APICTimer()
 .text          0x00000000c00268bc      0x1a7 hw/timer/pit.32
                0x00000000c00268bc                PIT::write(int)
                0x00000000c002693a                pitHandler(regs*, void*)
                0x00000000c0026966                PIT::open(int, int, void*)
                0x00000000c00269b4                PIT::close(int, int, void*)
                0x00000000c00269e4                PIT::PIT()
                0x00000000c00269e4                PIT::PIT()
 *fill*         0x00000000c0026a63        0xd 
 .text          0x00000000c0026a70       0x1e hw/fpu/x86/avx.32
                0x00000000c0026a70                avxDetect
                0x00000000c0026a76                avxSave
                0x00000000c0026a77                avxLoad
                0x00000000c0026a78                avxInit
                0x00000000c0026a79                avxClose
                0x00000000c0026a7a                wouldSheSayYes
 *fill*         0x00000000c0026a8e        0x2 
 .text          0x00000000c0026a90       0x35 hw/fpu/x86/sse.32
                0x00000000c0026a90                absolutelyNoChanceInHell
                0x00000000c0026a90                sseDetect
                0x00000000c0026aa8                sseSave
                0x00000000c0026aae                sseLoad
                0x00000000c0026ab4                sseInit
                0x00000000c0026ac4                sseClose
 *fill*         0x00000000c0026ac5        0xb 
 .text          0x00000000c0026ad0       0x4d hw/fpu/x86/x87.32
                0x00000000c0026ad6                x87Detect
                0x00000000c0026af1                x87Save
                0x00000000c0026afa                x87Load
                0x00000000c0026b02                x87Init
                0x00000000c0026b1c                x87Close
 *fill*         0x00000000c0026b1d        0x3 
 .text          0x00000000c0026b20       0x25 /cygdrive/d/Users/Alex/Desktop/Toolchain/Output/bin/../lib/gcc/i386-banana/8.1.0/crtend.o
 .text          0x00000000c0026b45        0x0 crtn.32
 *fill*         0x00000000c0026b45        0x3 
 .text          0x00000000c0026b48      0x14b /cygdrive/d/Users/Alex/Desktop/Toolchain/Output/bin/../lib/gcc/i386-banana/8.1.0/libkgcc.a(_divdi3.o)
                0x00000000c0026b48                __divdi3
 *fill*         0x00000000c0026c93        0x1 
 .text          0x00000000c0026c94      0x17e /cygdrive/d/Users/Alex/Desktop/Toolchain/Output/bin/../lib/gcc/i386-banana/8.1.0/libkgcc.a(_moddi3.o)
                0x00000000c0026c94                __moddi3
 *fill*         0x00000000c0026e12        0x2 
 .text          0x00000000c0026e14       0xff /cygdrive/d/Users/Alex/Desktop/Toolchain/Output/bin/../lib/gcc/i386-banana/8.1.0/libkgcc.a(_udivdi3.o)
                0x00000000c0026e14                __udivdi3
 *fill*         0x00000000c0026f13        0x1 
 .text          0x00000000c0026f14      0x11a /cygdrive/d/Users/Alex/Desktop/Toolchain/Output/bin/../lib/gcc/i386-banana/8.1.0/libkgcc.a(_umoddi3.o)
                0x00000000c0026f14                __umoddi3
 .text          0x00000000c002702e      0x96d D:/Users/Alex/Desktop/Banana/kernel/libsoftfp.a(sfieeelib.o)
                0x00000000c002702e                __addsf3
                0x00000000c0027330                __subsf3
                0x00000000c0027344                __negsf2
                0x00000000c0027351                __mulsf3
                0x00000000c0027514                __divsf3
                0x00000000c002773f                __floatsisf
                0x00000000c00277b3                __floatunsisf
                0x00000000c00277f5                __fixsfsi
                0x00000000c0027857                __fixunssfsi
                0x00000000c0027888                __cmpsf2
                0x00000000c002791d                __eqsf2
                0x00000000c0027958                __nesf2
                0x00000000c002795a                __gtsf2
                0x00000000c0027995                __gesf2
                0x00000000c0027997                __ltsf2
                0x00000000c0027999                __lesf2
 .text          0x00000000c002799b      0xf50 D:/Users/Alex/Desktop/Banana/kernel/libsoftfp.a(dfieeelib.o)
                0x00000000c002799b                __adddf3
                0x00000000c0027fec                __subdf3