Archive member included to satisfy reference by file (symbol)

/cygdrive/d/Users/Alex/Desktop/Toolchain/Output/bin/../lib/gcc/i386-banana/8.1.0/libgcc.a(_divdi3.o)
                              fs/fat/ff.32 (__divdi3)
/cygdrive/d/Users/Alex/Desktop/Toolchain/Output/bin/../lib/gcc/i386-banana/8.1.0/libgcc.a(_moddi3.o)
                              acpica/osl.32 (__moddi3)
/cygdrive/d/Users/Alex/Desktop/Toolchain/Output/bin/../lib/gcc/i386-banana/8.1.0/libgcc.a(_udivdi3.o)
                              acpica/utmath.32 (__udivdi3)
/cygdrive/d/Users/Alex/Desktop/Toolchain/Output/bin/../lib/gcc/i386-banana/8.1.0/libgcc.a(_umoddi3.o)
                              acpica/utmath.32 (__umoddi3)
D:/Users/Alex/Desktop/Banana/kernel/libk/libm32.a(s_fabs.c.o)
                              hal/libresample/samplerate.32 (fabs)
D:/Users/Alex/Desktop/Banana/kernel/libk/libm32.a(s_lrint.S.o)
                              hal/libresample/samplerate.32 (lrint)
D:/Users/Alex/Desktop/Banana/kernel/libk/libm32.a(s_lrintf.S.o)
                              hal/sound/sndhw.32 (lrintf)

Allocating common symbols
Common symbol       size              file

AcpiGbl_StateCache  0x4               acpica/utglobal.32
AcpiGbl_OwnerIdMask
                    0x200             acpica/utglobal.32
AcpiGbl_StepToNextCall
                    0x1               acpica/utglobal.32
AcpiGbl_RootTableList
                    0x10              acpica/utglobal.32
AcpiGbl_FadtGpeDevice
                    0x4               acpica/utglobal.32
AcpiGbl_GpeXruptListHead
                    0x4               acpica/utglobal.32
AcpiGbl_GlobalLockHandle
                    0x2               acpica/utglobal.32
AcpiGbl_RootNodeStruct
                    0x1c              acpica/utglobal.32
AcpiGbl_FACS        0x4               acpica/utglobal.32
AcpiGbl_AllGpesInitialized
                    0x1               acpica/utglobal.32
AcpiGbl_GlobalLockMutex
                    0x4               acpica/utglobal.32
AcpiGbl_IntegerByteWidth
                    0x1               acpica/utglobal.32
AcpiGbl_Pm1EnableRegisterSave
                    0x2               acpica/utglobal.32
AcpiGbl_NsLookupCount
                    0x4               acpica/utglobal.32
AcpiCurrentGpeCount
                    0x4               acpica/utglobal.32
AcpiGbl_IntegerBitWidth
                    0x1               acpica/utglobal.32
AcpiGbl_NamespaceCache
                    0x4               acpica/utglobal.32
AcpiGbl_TableHandler
                    0x4               acpica/utglobal.32
AcpiGbl_HardwareLock
                    0x4               acpica/utglobal.32
AcpiGbl_FixedEventHandlers
                    0x28              acpica/utglobal.32
AcpiSciCount        0x4               acpica/utglobal.32
AcpiGbl_DSDT        0x4               acpica/utglobal.32
AcpiGbl_GlobalNotify
                    0x10              acpica/utglobal.32
AcpiGbl_GlobalLockSemaphore
                    0x4               acpica/utglobal.32
AcpiGbl_SystemAwakeAndRunning
                    0x1               acpica/utglobal.32
AcpiGbl_InterfaceHandler
                    0x4               acpica/utglobal.32
AcpiGbl_EventsInitialized
                    0x1               acpica/utglobal.32
AcpiGbl_SupportedInterfaces
                    0x4               acpica/utglobal.32
AcpiGbl_GpeLock     0x4               acpica/utglobal.32
AcpiGbl_SleepTypeB  0x1               acpica/utglobal.32
AcpiGbl_InitHandler
                    0x4               acpica/utglobal.32
AcpiGbl_GlobalLockAcquired
                    0x1               acpica/utglobal.32
AcpiGbl_XPm1bEnable
                    0xc               acpica/utglobal.32
AcpiGbl_OriginalDsdtHeader
                    0x24              acpica/utglobal.32
AcpiGbl_ReferenceCountLock
                    0x4               acpica/utglobal.32
AcpiGpeCount        0x4               acpica/utglobal.32
AcpiGbl_TableHandlerContext
                    0x4               acpica/utglobal.32
AcpiGbl_XPm1aStatus
                    0xc               acpica/utglobal.32
AcpiGbl_OriginalMode
                    0x4               acpica/utglobal.32
AcpiGbl_CmSingleStep
                    0x1               acpica/utglobal.32
AcpiGbl_GlobalEventHandlerContext
                    0x4               acpica/utglobal.32
AcpiGbl_PsFindCount
                    0x4               acpica/utglobal.32
AcpiFixedEventCount
                    0x14              acpica/utglobal.32
AcpiGbl_AcpiHardwarePresent
                    0x1               acpica/utglobal.32
AcpiGbl_MutexInfo   0x60              acpica/utglobal.32
AcpiGbl_RootNode    0x4               acpica/utglobal.32
AcpiGbl_AddressRangeList
                    0x8               acpica/utglobal.32
AcpiGbl_FADT        0x114             acpica/utglobal.32
AcpiGbl_IntegerNybbleWidth
                    0x1               acpica/utglobal.32
AcpiGbl_XPm1aEnable
                    0xc               acpica/utglobal.32
AcpiGbl_OperandCache
[...]
Memory Configuration

Name             Origin             Length             Attributes
*default*        0x0000000000000000 0xffffffffffffffff

Linker script and memory map

LOAD D:/Users/Alex/Desktop/Banana/kernel/boot.32
LOAD crti.32
LOAD /cygdrive/d/Users/Alex/Desktop/Toolchain/Output/bin/../lib/gcc/i386-banana/8.1.0/crtbegin.o
LOAD D:/Users/Alex/Desktop/Banana/kernel/morenasm.32
LOAD acpica/dsargs.32
LOAD acpica/dscontrol.32
LOAD acpica/dsdebug.32
LOAD acpica/dsfield.32
LOAD acpica/dsinit.32
LOAD acpica/dsmethod.32
LOAD acpica/dsmthdat.32
LOAD acpica/dsobject.32
LOAD acpica/dsopcode.32
LOAD acpica/dspkginit.32
LOAD acpica/dsutils.32
LOAD acpica/dswexec.32
LOAD acpica/dswload.32
LOAD acpica/dswload2.32
LOAD acpica/dswscope.32
LOAD acpica/dswstate.32
LOAD acpica/evevent.32
LOAD acpica/evglock.32
LOAD acpica/evgpe.32
LOAD acpica/evgpeblk.32
LOAD acpica/evgpeinit.32
LOAD acpica/evgpeutil.32
LOAD acpica/evhandler.32
LOAD acpica/evmisc.32
LOAD acpica/evregion.32
LOAD acpica/evrgnini.32
LOAD acpica/evsci.32
LOAD acpica/evxface.32
LOAD acpica/evxfevnt.32
LOAD acpica/evxfgpe.32
LOAD acpica/evxfregn.32
LOAD acpica/exconcat.32
LOAD acpica/exconfig.32
LOAD acpica/exconvrt.32
LOAD acpica/excreate.32
LOAD acpica/exdebug.32
LOAD acpica/exdump.32
LOAD acpica/exfield.32
LOAD acpica/exfldio.32
LOAD acpica/exmisc.32
LOAD acpica/exmutex.32
LOAD acpica/exnames.32
LOAD acpica/exoparg1.32
LOAD acpica/exoparg2.32
LOAD acpica/exoparg3.32
LOAD acpica/exoparg6.32
LOAD acpica/exprep.32
LOAD acpica/exregion.32
LOAD acpica/exresnte.32
LOAD acpica/exresolv.32
LOAD acpica/exresop.32
LOAD acpica/exserial.32
LOAD acpica/exstore.32
LOAD acpica/exstoren.32
LOAD acpica/exstorob.32
LOAD acpica/exsystem.32
LOAD acpica/extrace.32
LOAD acpica/exutils.32
LOAD acpica/hwacpi.32
LOAD acpica/hwesleep.32
LOAD acpica/hwgpe.32
LOAD acpica/hwpci.32
LOAD acpica/hwregs.32
LOAD acpica/hwsleep.32
LOAD acpica/hwtimer.32
LOAD acpica/hwvalid.32
LOAD acpica/hwxface.32
LOAD acpica/hwxfsleep.32
LOAD acpica/nsaccess.32
LOAD acpica/nsalloc.32
LOAD acpica/nsarguments.32
LOAD acpica/nsconvert.32
LOAD acpica/nsdump.32
LOAD acpica/nsdumpdv.32
LOAD acpica/nseval.32
LOAD acpica/nsinit.32
LOAD acpica/nsload.32
LOAD acpica/nsnames.32
LOAD acpica/nsobject.32
LOAD acpica/nsparse.32
LOAD acpica/nspredef.32
LOAD acpica/nsprepkg.32
LOAD acpica/nsrepair.32
LOAD acpica/nsrepair2.32
LOAD acpica/nssearch.32
LOAD acpica/nsutils.32
LOAD acpica/nswalk.32
LOAD acpica/nsxfeval.32
LOAD acpica/nsxfname.32
LOAD acpica/nsxfobj.32
LOAD acpica/psargs.32
LOAD acpica/psloop.32
LOAD acpica/psobject.32
LOAD acpica/psopcode.32
LOAD acpica/psopinfo.32
LOAD acpica/psparse.32
LOAD acpica/psscope.32
LOAD acpica/pstree.32
LOAD acpica/psutils.32
LOAD acpica/pswalk.32
LOAD acpica/psxface.32
LOAD acpica/rsaddr.32
LOAD acpica/rscalc.32
LOAD acpica/rscreate.32
LOAD acpica/rsdump.32
LOAD acpica/rsdumpinfo.32
LOAD acpica/rsinfo.32
LOAD acpica/rsio.32
LOAD acpica/rsirq.32
LOAD acpica/rslist.32
LOAD acpica/rsmemory.32
LOAD acpica/rsmisc.32
LOAD acpica/rsserial.32
LOAD acpica/rsutils.32
LOAD acpica/rsxface.32
LOAD acpica/tbdata.32
LOAD acpica/tbfadt.32
LOAD acpica/tbfind.32
LOAD acpica/tbinstal.32
LOAD acpica/tbprint.32
LOAD acpica/tbutils.32
LOAD acpica/tbxface.32
LOAD acpica/tbxfload.32
LOAD acpica/tbxfroot.32
LOAD acpica/utaddress.32
LOAD acpica/utalloc.32
LOAD acpica/utascii.32
LOAD acpica/utbuffer.32
LOAD acpica/utcache.32
LOAD acpica/utclib.32
LOAD acpica/utcopy.32
LOAD acpica/utdebug.32
LOAD acpica/utdecode.32
LOAD acpica/utdelete.32
LOAD acpica/uterror.32
LOAD acpica/uteval.32
LOAD acpica/utexcep.32
LOAD acpica/utglobal.32
LOAD acpica/uthex.32
LOAD acpica/utids.32
LOAD acpica/utinit.32
LOAD acpica/utlock.32
LOAD acpica/utmath.32
LOAD acpica/utmisc.32
LOAD acpica/utmutex.32
LOAD acpica/utnonansi.32
LOAD acpica/utobject.32
LOAD acpica/utosi.32
LOAD acpica/utownerid.32
LOAD acpica/utpredef.32
LOAD acpica/utprint.32
LOAD acpica/utresdecode.32
LOAD acpica/utresrc.32
LOAD acpica/utstate.32
LOAD acpica/utstring.32
LOAD acpica/utstrsuppt.32
LOAD acpica/utstrtoul64.32
LOAD acpica/uttrack.32
LOAD acpica/utuuid.32
LOAD acpica/utxface.32
LOAD acpica/utxferror.32
LOAD acpica/utxfinit.32
LOAD acpica/utxfmutex.32
LOAD core/malloc.32
LOAD libk/string.32
LOAD fs/fat/diskio.32
LOAD fs/fat/ff.32
LOAD fs/fat/ffsystem.32
LOAD fs/fat/ffunicode.32
LOAD hal/libresample/samplerate.32
LOAD hal/libresample/src_linear.32
LOAD hal/libresample/src_sinc.32
LOAD hal/libresample/src_zoh.32
LOAD acpica/osl.32
LOAD core/computer.32
LOAD core/elf.32
LOAD core/gdt.32
LOAD core/idle.32
LOAD core/idt.32
LOAD core/kconsole.32
LOAD core/kheap.32
LOAD core/main.32
LOAD core/physmgr.32
LOAD core/pipe.32
LOAD core/prcssthr.32
LOAD core/syscalls.32
LOAD core/terminal.32
LOAD core/tss.32
LOAD core/unixfile.32
LOAD core/virtmgr.32
LOAD coreobjs/c++.32
LOAD debugger/debug.32
LOAD fs/vfs.32
LOAD hal/bus.32
LOAD hal/buzzer.32
LOAD hal/clock.32
LOAD hal/device.32
LOAD hal/diskctrl.32
LOAD hal/diskphys.32
LOAD hal/fpu.32
LOAD hal/intctrl.32
LOAD hal/keybrd.32
LOAD hal/logidisk.32
LOAD hal/partition.32
LOAD hal/timer.32
LOAD hal/vcache.32
LOAD hw/acpi.32
LOAD hw/cpu.32
LOAD hw/ports.32
LOAD registry/registry.32
LOAD syscalls/sc_exit.32
LOAD syscalls/sc_sbrk.32
LOAD syscalls/sc_yield.32
LOAD vm86/vm8086.32
LOAD fs/fat/vfslink.32
LOAD fs/iso9660/vfslink.32
LOAD hal/sound/sndchannel.32
LOAD hal/sound/sndhw.32
LOAD hw/audio/sb16.32
LOAD hw/bus/isa.32
LOAD hw/bus/pci.32
LOAD hw/bus/ps2.32
LOAD hw/bus/ps2port.32
LOAD hw/buzzer/pcspk.32
LOAD hw/clock/rtc.32
LOAD hw/diskctrl/ide.32
LOAD hw/diskphys/ata.32
LOAD hw/diskphys/atapi.32
LOAD hw/dma/isadma.32
LOAD hw/fpu/avx.32
LOAD hw/fpu/mmx.32
LOAD hw/fpu/sse.32
LOAD hw/fpu/x87.32
LOAD hw/intctrl/apic.32
LOAD hw/intctrl/pic.32
LOAD hw/keybrd/ps2key.32
LOAD hw/timer/apictimer.32
LOAD hw/timer/pit.32
LOAD hw/fpu/x86/avx.32
LOAD hw/fpu/x86/sse.32
LOAD hw/fpu/x86/x87.32
LOAD /cygdrive/d/Users/Alex/Desktop/Toolchain/Output/bin/../lib/gcc/i386-banana/8.1.0/crtend.o
LOAD crtn.32
LOAD /cygdrive/d/Users/Alex/Desktop/Toolchain/Output/bin/../lib/gcc/i386-banana/8.1.0/libgcc.a
LOAD D:/Users/Alex/Desktop/Banana/kernel/libk/libm32.a
                0x00000000c0000000                . = 0xc0000000

.text           0x00000000c0000000    0x47848
 *(.text)
 .text          0x00000000c0000000       0x39 D:/Users/Alex/Desktop/Banana/kernel/boot.32
                0x00000000c000001e                callGlobalConstructors
 .text          0x00000000c0000039        0x0 crti.32
 *fill*         0x00000000c0000039        0x3 
 .text          0x00000000c000003c      0x101 /cygdrive/d/Users/Alex/Desktop/Toolchain/Output/bin/../lib/gcc/i386-banana/8.1.0/crtbegin.o
 *fill*         0x00000000c000013d        0x3 
 .text          0x00000000c0000140      0x54f D:/Users/Alex/Desktop/Banana/kernel/morenasm.32
                0x00000000c0000140                doTPAUSE
                0x00000000c000014a                hasLegacyFPU
                0x00000000c000017c                is486
                0x00000000c00001e4                goToVM86
                0x00000000c0000215                goToUsermode
                0x00000000c0000240                switchToThreadASMFirstTime
                0x00000000c000024e                switchToThreadASM
                0x00000000c00002f0                detectCPUID
                0x00000000c0000306                asmQuickAcquireLock
                0x00000000c0000324                asmQuickReleaseLock
                0x00000000c0000330                asmAcquireLock
                0x00000000c0000351                asmReleaseLock
                0x00000000c0000364                loadGDT
                0x00000000c0000384                isr0
                0x00000000c0000394                isr1
                0x00000000c00003a4                isr2
                0x00000000c00003b4                isr3
                0x00000000c00003c4                isr4
                0x00000000c00003d4                isr5
                0x00000000c00003e4                isr6
                0x00000000c00003f4                isr7
                0x00000000c0000404                isr8
                0x00000000c000040f                isr9
                0x00000000c000041f                isr10
                0x00000000c000042a                isr11
                0x00000000c0000435                isr12
                0x00000000c0000440                isr13
                0x00000000c000044b                isr14
                0x00000000c0000456                isr15
                0x00000000c0000466                isr16
                0x00000000c0000476                isr17
                0x00000000c0000486                isr18
                0x00000000c0000496                isr96
                0x00000000c00004a6                irq0
                0x00000000c00004b6                irq1
                0x00000000c00004c6                irq2
                0x00000000c00004d6                irq3
                0x00000000c00004e6                irq4
                0x00000000c00004f6                irq5
                0x00000000c0000506                irq6
                0x00000000c0000516                irq7
                0x00000000c0000526                irq8
                0x00000000c0000536                irq9
                0x00000000c0000546                irq10
                0x00000000c0000556                irq11
                0x00000000c0000566                irq12
                0x00000000c0000576                irq13
                0x00000000c0000586                irq14
                0x00000000c0000596                irq15
                0x00000000c00005a6                irq16
                0x00000000c00005b6                irq17
                0x00000000c00005c6                irq18
                0x00000000c00005d6                irq19
                0x00000000c00005e6                irq20
                0x00000000c00005f6                irq21
                0x00000000c0000606                irq22
                0x00000000c0000616                irq23
                0x00000000c0000626                int_common_stub
                0x00000000c0000656                syscall_common_stub
 .text          0x00000000c000068f      0x2ae acpica/dsargs.32
                0x00000000c00007d0                AcpiDsGetBufferFieldArguments
                0x00000000c0000809                AcpiDsGetBankFieldArguments
                0x00000000c0000842                AcpiDsGetBufferArguments
                0x00000000c000088f                AcpiDsGetPackageArguments
                0x00000000c00008dc                AcpiDsGetRegionArguments
 .text          0x00000000c000093d      0x2f2 acpica/dscontrol.32
                0x00000000c000093d                AcpiDsExecBeginControlOp
                0x00000000c00009f3                AcpiDsExecEndControlOp
 .text          0x00000000c0000c2f        0x1 acpica/dsdebug.32
                0x00000000c0000c2f                AcpiDsDumpMethodStack
 .text          0x00000000c0000c30      0x708 acpica/dsfield.32
                0x00000000c0000e4e                AcpiDsCreateBufferField
                0x00000000c0000f9b                AcpiDsCreateField
                0x00000000c0001066                AcpiDsInitFieldObjects
                0x00000000c00011a3                AcpiDsCreateBankField
                0x00000000c0001276                AcpiDsCreateIndexField
 .text          0x00000000c0001338      0x153 acpica/dsinit.32
                0x00000000c0001402                AcpiDsInitializeObjects
 .text          0x00000000c000148b      0x687 acpica/dsmethod.32
                0x00000000c0001515                AcpiDsAutoSerializeMethod
                0x00000000c00015d9                AcpiDsMethodError
                0x00000000c0001664                AcpiDsBeginMethodExecution
                0x00000000c00017f4                AcpiDsRestartControlMethod
                0x00000000c000186a                AcpiDsTerminateControlMethod
                0x00000000c00019a4                AcpiDsCallControlMethod
 .text          0x00000000c0001b12      0x41e acpica/dsmthdat.32
                0x00000000c0001b12                AcpiDsMethodDataInit
                0x00000000c0001b77                AcpiDsMethodDataDeleteAll
                0x00000000c0001bcc                AcpiDsMethodDataGetNode
                0x00000000c0001ca8                AcpiDsMethodDataInitArgs
                0x00000000c0001d3b                AcpiDsMethodDataGetValue
                0x00000000c0001e37                AcpiDsStoreObjectToLocal
 .text          0x00000000c0001f30      0x4dd acpica/dsobject.32
                0x00000000c0001f30                AcpiDsBuildInternalBufferObj
                0x00000000c000201e                AcpiDsInitObjectFromOp
                0x00000000c0002281                AcpiDsBuildInternalObject
                0x00000000c00023a4                AcpiDsCreateNode
 .text          0x00000000c000240d      0x6e7 acpica/dsopcode.32
                0x00000000c000262b                AcpiDsInitializeRegion
                0x00000000c0002643                AcpiDsEvalBufferFieldOperands
                0x00000000c000271c                AcpiDsEvalRegionOperands
                0x00000000c0002818                AcpiDsEvalTableRegionOperands
                0x00000000c0002949                AcpiDsEvalDataObjectOperands
                0x00000000c0002a54                AcpiDsEvalBankFieldOperands
 .text          0x00000000c0002af4      0x3f5 acpica/dspkginit.32
                0x00000000c0002c4e                AcpiDsInitPackageElement
                0x00000000c0002c86                AcpiDsBuildInternalPackageObj
 .text          0x00000000c0002ee9      0x605 acpica/dsutils.32
                0x00000000c0002ee9                AcpiDsClearImplicitReturn
                0x00000000c0002f1f                AcpiDsDoImplicitReturn
                0x00000000c0002f88                AcpiDsIsResultUsed
                0x00000000c0003088                AcpiDsDeleteResultIfNotUsed
                0x00000000c00030ee                AcpiDsResolveOperands
                0x00000000c0003121                AcpiDsClearOperands
                0x00000000c000315a                AcpiDsCreateOperand
                0x00000000c0003366                AcpiDsCreateOperands
                0x00000000c00033fd                AcpiDsEvaluateNamePath
 .text          0x00000000c00034ee      0x689 acpica/dswexec.32
                0x00000000c00034f1                AcpiDsGetPredicateValue
                0x00000000c0003679                AcpiDsExecBeginOp
                0x00000000c0003792                AcpiDsExecEndOp
 .text          0x00000000c0003b77      0x460 acpica/dswload.32
                0x00000000c0003b77                AcpiDsLoad1BeginOp
                0x00000000c0003dc4                AcpiDsLoad1EndOp
                0x00000000c0003f44                AcpiDsInitCallbacks
 .text          0x00000000c0003fd7      0x5d1 acpica/dswload2.32
                0x00000000c0003fd7                AcpiDsLoad2BeginOp
                0x00000000c00042c4                AcpiDsLoad2EndOp
 .text          0x00000000c00045a8       0xf5 acpica/dswscope.32
                0x00000000c00045a8                AcpiDsScopeStackClear
                0x00000000c00045d5                AcpiDsScopeStackPush
                0x00000000c0004665                AcpiDsScopeStackPop
 .text          0x00000000c000469d      0x5a5 acpica/dswstate.32
                0x00000000c0004767                AcpiDsResultPop
                0x00000000c0004810                AcpiDsResultPush
                0x00000000c00048dd                AcpiDsObjStackPush
                0x00000000c000492e                AcpiDsObjStackPop
                0x00000000c0004987                AcpiDsObjStackPopAndDelete
                0x00000000c00049d1                AcpiDsGetCurrentWalkState
                0x00000000c00049df                AcpiDsPushWalkState
                0x00000000c00049f0                AcpiDsPopWalkState
                0x00000000c0004a01                AcpiDsCreateWalkState
                0x00000000c0004a6e                AcpiDsInitAmlWalk
                0x00000000c0004b77                AcpiDsDeleteWalkState
 .text          0x00000000c0004c42      0x1f4 acpica/evevent.32
                0x00000000c0004d01                AcpiEvInitializeEvents
                0x00000000c0004d57                AcpiEvInstallXruptHandlers
                0x00000000c0004db6                AcpiEvFixedEventDetect
 .text          0x00000000c0004e36      0x1d7 acpica/evglock.32
                0x00000000c0004ea0                AcpiEvInitGlobalLockHandler
                0x00000000c0004f12                AcpiEvRemoveGlobalLockHandler
                0x00000000c0004f40                AcpiEvAcquireGlobalLock
                0x00000000c0004fc1                AcpiEvReleaseGlobalLock
 .text          0x00000000c000500d      0x62a acpica/evgpe.32
                0x00000000c000500d                AcpiEvUpdateGpeEnableMask
                0x00000000c000504f                AcpiEvEnableGpe
                0x00000000c0005061                AcpiEvMaskGpe
                0x00000000c00050f0                AcpiEvAddGpeReference
                0x00000000c000514d                AcpiEvRemoveGpeReference
                0x00000000c0005196                AcpiEvLowGetGpeInfo
                0x00000000c00051c1                AcpiEvGetGpeEventInfo
                0x00000000c0005216                AcpiEvFinishGpe
                0x00000000c0005338                AcpiEvGpeDispatch
                0x00000000c0005441                AcpiEvDetectGpe
                0x00000000c0005560                AcpiEvGpeDetect
 .text          0x00000000c0005637      0x4e8 acpica/evgpeblk.32
                0x00000000c0005851                AcpiEvDeleteGpeBlock
                0x00000000c0005921                AcpiEvCreateGpeBlock
                0x00000000c0005a3c                AcpiEvInitializeGpeBlock
 .text          0x00000000c0005b1f      0x2d2 acpica/evgpeinit.32
                0x00000000c0005b1f                AcpiEvMatchGpeMethod
                0x00000000c0005c00                AcpiEvGpeInitialize
                0x00000000c0005d3b                AcpiEvUpdateGpes
 .text          0x00000000c0005df1      0x28a acpica/evgpeutil.32
                0x00000000c0005df1                AcpiEvWalkGpeList
                0x00000000c0005e5c                AcpiEvGetGpeDevice
                0x00000000c0005e8e                AcpiEvGetGpeXruptBlock
                0x00000000c0005f69                AcpiEvDeleteGpeXrupt
                0x00000000c0005fec                AcpiEvDeleteGpeHandlers
 .text          0x00000000c000607b      0x362 acpica/evhandler.32
                0x00000000c000607b                AcpiEvHasDefaultHandler
                0x00000000c00060b9                AcpiEvFindRegionHandler
                0x00000000c0006172                AcpiEvInstallSpaceHandler
                0x00000000c0006377                AcpiEvInstallRegionHandlers
 .text          0x00000000c00063dd      0x245 acpica/evmisc.32
                0x00000000c000642d                AcpiEvIsNotifyObject
                0x00000000c000644b                AcpiEvQueueNotifyRequest
                0x00000000c000650e                AcpiEvTerminate
 .text          0x00000000c0006622      0x6f8 acpica/evregion.32
                0x00000000c00066de                AcpiEvAddressSpaceDispatch
                0x00000000c0006920                AcpiEvAttachRegion
                0x00000000c0006954                AcpiEvExecuteRegMethod
                0x00000000c0006a97                AcpiEvDetachRegion
                0x00000000c0006c5b                AcpiEvExecuteRegMethods
                0x00000000c0006cb5                AcpiEvInitializeOpRegions
 .text          0x00000000c0006d1a      0x389 acpica/evrgnini.32
                0x00000000c0006d1a                AcpiEvSystemMemoryRegionSetup
                0x00000000c0006d8e                AcpiEvIoSpaceRegionSetup
                0x00000000c0006da4                AcpiEvIsPciRootBridge
                0x00000000c0006e48                AcpiEvPciConfigRegionSetup
                0x00000000c0006fe4                AcpiEvPciBarRegionSetup
                0x00000000c0006fe7                AcpiEvCmosRegionSetup
                0x00000000c0006fea                AcpiEvDefaultRegionSetup
                0x00000000c0007000                AcpiEvInitializeRegion
 .text          0x00000000c00070a3      0x10b acpica/evsci.32
                0x00000000c00070a3                AcpiEvSciDispatch
                0x00000000c000711f                AcpiEvGpeXruptHandler
                0x00000000c0007124                AcpiEvInstallSciHandler
                0x00000000c0007143                AcpiEvRemoveAllSciHandlers
 .text          0x00000000c00071ae      0x9a4 acpica/evxface.32
                0x00000000c000731f                AcpiInstallNotifyHandler
                0x00000000c0007504                AcpiRemoveNotifyHandler
                0x00000000c0007674                AcpiInstallExceptionHandler
                0x00000000c00076b5                AcpiInstallSciHandler
                0x00000000c0007766                AcpiRemoveSciHandler
                0x00000000c0007809                AcpiInstallGlobalEventHandler
                0x00000000c000785e                AcpiInstallFixedEventHandler
                0x00000000c000790b                AcpiRemoveFixedEventHandler
                0x00000000c000798f                AcpiInstallGpeHandler
                0x00000000c00079ba                AcpiInstallGpeRawHandler
                0x00000000c00079e5                AcpiRemoveGpeHandler
                0x00000000c0007ad7                AcpiAcquireGlobalLock
                0x00000000c0007b2b                AcpiReleaseGlobalLock
 .text          0x00000000c0007b52      0x283 acpica/evxfevnt.32
                0x00000000c0007b52                AcpiEnable
                0x00000000c0007bb0                AcpiDisable
                0x00000000c0007c02                AcpiEnableEvent
                0x00000000c0007c8e                AcpiDisableEvent
                0x00000000c0007d1a                AcpiClearEvent
                0x00000000c0007d51                AcpiGetEventStatus
 .text          0x00000000c0007dd5      0x799 acpica/evxfgpe.32
                0x00000000c0007dd5                AcpiUpdateAllGpes
                0x00000000c0007e4d                AcpiEnableGpe
                0x00000000c0007eaa                AcpiDisableGpe
                0x00000000c0007efb                AcpiSetGpe
                0x00000000c0007f7b                AcpiMaskGpe
                0x00000000c0007fd5                AcpiMarkGpeForWake
                0x00000000c000801e                AcpiSetupGpeForWake
                0x00000000c000811e                AcpiSetGpeWakeMask
                0x00000000c00081c8                AcpiClearGpe
                0x00000000c0008219                AcpiGetGpeStatus
                0x00000000c000826d                AcpiDispatchGpe
                0x00000000c0008283                AcpiFinishGpe
                0x00000000c00082d4                AcpiDisableAllGpes
                0x00000000c0008303                AcpiEnableAllRuntimeGpes
                0x00000000c0008332                AcpiEnableAllWakeupGpes
                0x00000000c0008361                AcpiInstallGpeBlock
                0x00000000c000847b                AcpiRemoveGpeBlock
                0x00000000c000850a                AcpiGetGpeDevice
 .text          0x00000000c000856e      0x160 acpica/evxfregn.32
                0x00000000c000856e                AcpiInstallAddressSpaceHandler
                0x00000000c00085f0                AcpiRemoveAddressSpaceHandler
 .text          0x00000000c00086ce      0x373 acpica/exconcat.32
                0x00000000c0008738                AcpiExDoConcatenate
                0x00000000c0008984                AcpiExConcatTemplate
 .text          0x00000000c0008a41      0x42c acpica/exconfig.32
                0x00000000c0008ac2                AcpiExUnloadTable
                0x00000000c0008b3e                AcpiExLoadTableOp
                0x00000000c0008cc8                AcpiExLoadOp
 .text          0x00000000c0008e6d      0x4ef acpica/exconvrt.32
                0x00000000c0008f60                AcpiExConvertToInteger
                0x00000000c0009053                AcpiExConvertToBuffer
                0x00000000c00090e3                AcpiExConvertToString
                0x00000000c0009271                AcpiExConvertToTargetType
 .text          0x00000000c000935c      0x39f acpica/excreate.32
                0x00000000c000935c                AcpiExCreateAlias
                0x00000000c0009393                AcpiExCreateEvent
                0x00000000c00093fc                AcpiExCreateMutex
                0x00000000c0009477                AcpiExCreateRegion
                0x00000000c0009579                AcpiExCreateProcessor
                0x00000000c00095f8                AcpiExCreatePowerResource
                0x00000000c0009667                AcpiExCreateMethod
 .text          0x00000000c00096fb      0x365 acpica/exdebug.32
                0x00000000c00096fb                AcpiExDoDebugObject
 .text          0x00000000c0009a60        0x0 acpica/exdump.32
 .text          0x00000000c0009a60      0x300 acpica/exfield.32
                0x00000000c0009a60                AcpiExGetProtocolBufferLength
                0x00000000c0009aa2                AcpiExReadDataFromField
                0x00000000c0009c18                AcpiExWriteDataToField
 .text          0x00000000c0009d60      0x9f1 acpica/exfldio.32
                0x00000000c0009f4d                AcpiExAccessRegion
                0x00000000c0009fed                AcpiExInsertIntoField
                0x00000000c000a40e                AcpiExWriteWithUpdateRule
                0x00000000c000a509                AcpiExExtractFromField
 .text          0x00000000c000a751      0x41c acpica/exmisc.32
                0x00000000c000a751                AcpiExGetObjectReference
                0x00000000c000a803                AcpiExDoMathOp
                0x00000000c000a973                AcpiExDoLogicalNumericOp
                0x00000000c000a9dd                AcpiExDoLogicalOp
 .text          0x00000000c000ab6d      0x3ab acpica/exmutex.32
                0x00000000c000ab83                AcpiExUnlinkMutex
                0x00000000c000abb3                AcpiExAcquireMutexObject
                0x00000000c000ac24                AcpiExAcquireMutex
                0x00000000c000ad01                AcpiExReleaseMutexObject
                0x00000000c000ad6a                AcpiExReleaseMutex
                0x00000000c000aeb2                AcpiExReleaseAllMutexes
 .text          0x00000000c000af18      0x30f acpica/exnames.32
                0x00000000c000b05c                AcpiExGetNameString
 .text          0x00000000c000b227      0xc64 acpica/exoparg1.32
                0x00000000c000b227                AcpiExOpcode_0A_0T_1R
                0x00000000c000b2a8                AcpiExOpcode_1A_0T_0R
                0x00000000c000b35d                AcpiExOpcode_1A_1T_0R
                0x00000000c000b3a7                AcpiExOpcode_1A_1T_1R
                0x00000000c000b992                AcpiExOpcode_1A_0T_1R
 .text          0x00000000c000be8b      0x653 acpica/exoparg2.32
                0x00000000c000be8b                AcpiExOpcode_2A_0T_0R
                0x00000000c000bf16                AcpiExOpcode_2A_2T_1R
                0x00000000c000c02e                AcpiExOpcode_2A_1T_1R
                0x00000000c000c3a7                AcpiExOpcode_2A_0T_1R
 .text          0x00000000c000c4de      0x22e acpica/exoparg3.32
                0x00000000c000c4de                AcpiExOpcode_3A_0T_0R
                0x00000000c000c58b                AcpiExOpcode_3A_1T_1R
 .text          0x00000000c000c70c      0x225 acpica/exoparg6.32
                0x00000000c000c78f                AcpiExOpcode_6A_0T_1R
 .text          0x00000000c000c931      0x317 acpica/exprep.32
                0x00000000c000c97e                AcpiExPrepCommonFieldObject
                0x00000000c000c9df                AcpiExPrepFieldValue
 .text          0x00000000c000cc48      0x307 acpica/exregion.32
                0x00000000c000cc48                AcpiExSystemMemorySpaceHandler
                0x00000000c000ce47                AcpiExSystemIoSpaceHandler
                0x00000000c000ce9d                AcpiExPciConfigSpaceHandler
                0x00000000c000cf08                AcpiExCmosSpaceHandler
                0x00000000c000cf0b                AcpiExPciBarSpaceHandler
                0x00000000c000cf0e                AcpiExDataTableSpaceHandler
 .text          0x00000000c000cf4f      0x1ef acpica/exresnte.32
                0x00000000c000cf4f                AcpiExResolveNodeToValue
 .text          0x00000000c000d13e      0x438 acpica/exresolv.32
                0x00000000c000d2c3                AcpiExResolveToValue
                0x00000000c000d33a                AcpiExResolveMultiple
 .text          0x00000000c000d576      0x4ba acpica/exresop.32
                0x00000000c000d5d6                AcpiExResolveOperands
 .text          0x00000000c000da30      0x2bc acpica/exserial.32
                0x00000000c000da30                AcpiExReadGpio
                0x00000000c000da6a                AcpiExWriteGpio
                0x00000000c000dabb                AcpiExReadSerialBus
                0x00000000c000dbb7                AcpiExWriteSerialBus
 .text          0x00000000c000dcec      0x3b6 acpica/exstore.32
                0x00000000c000de5d                AcpiExStoreObjectToNode
                0x00000000c000dfa8                AcpiExStore
 .text          0x00000000c000e0a2      0x1d7 acpica/exstoren.32
                0x00000000c000e0a2                AcpiExResolveObject
                0x00000000c000e163                AcpiExStoreObjectToObject
 .text          0x00000000c000e279      0x109 acpica/exstorob.32
                0x00000000c000e279                AcpiExStoreBufferToBuffer
                0x00000000c000e2fa                AcpiExStoreStringToString
 .text          0x00000000c000e382      0x196 acpica/exsystem.32
                0x00000000c000e382                AcpiExSystemWaitSemaphore
                0x00000000c000e3cd                AcpiExSystemWaitMutex
                0x00000000c000e418                AcpiExSystemDoStall
                0x00000000c000e457                AcpiExSystemDoSleep
                0x00000000c000e498                AcpiExSystemSignalEvent
                0x00000000c000e4b8                AcpiExSystemWaitEvent
                0x00000000c000e4db                AcpiExSystemResetEvent
 .text          0x00000000c000e518      0x17f acpica/extrace.32
                0x00000000c000e582                AcpiExTracePoint
                0x00000000c000e583                AcpiExStartTraceMethod
                0x00000000c000e615                AcpiExStopTraceMethod
                0x00000000c000e689                AcpiExStartTraceOpcode
                0x00000000c000e690                AcpiExStopTraceOpcode
 .text          0x00000000c000e697      0x350 acpica/exutils.32
                0x00000000c000e6e1                AcpiExEnterInterpreter
                0x00000000c000e737                AcpiExExitInterpreter
                0x00000000c000e78d                AcpiExTruncateFor32bitTable
                0x00000000c000e7b8                AcpiExAcquireGlobalLock
                0x00000000c000e7fc                AcpiExReleaseGlobalLock
                0x00000000c000e837                AcpiExEisaIdToString
                0x00000000c000e8e4                AcpiExIntegerToString
                0x00000000c000e94b                AcpiExPciClsToString
                0x00000000c000e9da                AcpiIsValidSpaceId
 .text          0x00000000c000e9e7      0x136 acpica/hwacpi.32
                0x00000000c000e9e7                AcpiHwGetMode
                0x00000000c000ea2e                AcpiHwSetMode
 .text          0x00000000c000eb1d      0x2a5 acpica/hwesleep.32
                0x00000000c000eb1d                AcpiHwExecuteSleepMethod
                0x00000000c000eb95                AcpiHwExtendedSleep
                0x00000000c000ece4                AcpiHwExtendedWakePrep
                0x00000000c000ed4f                AcpiHwExtendedWake
 .text          0x00000000c000edc2      0x2a3 acpica/hwgpe.32
                0x00000000c000eddc                AcpiHwDisableGpeBlock
                0x00000000c000ee04                AcpiHwEnableRuntimeGpeBlock
                0x00000000c000ee67                AcpiHwGetGpeRegisterBit
                0x00000000c000ee7d                AcpiHwLowSetGpe
                0x00000000c000ef36                AcpiHwClearGpe
                0x00000000c000ef60                AcpiHwGetGpeStatus
                0x00000000c000effa                AcpiHwClearGpeBlock
                0x00000000c000f02c                AcpiHwDisableAllGpes
                0x00000000c000f03f                AcpiHwEnableAllRuntimeGpes
                0x00000000c000f052                AcpiHwEnableAllWakeupGpes
 .text          0x00000000c000f065      0x22c acpica/hwpci.32
                0x00000000c000f24a                AcpiHwDerivePciId
 .text          0x00000000c000f291      0x7de acpica/hwregs.32
                0x00000000c000f36b                AcpiHwValidateRegister
                0x00000000c000f42e                AcpiHwRead
                0x00000000c000f62a                AcpiHwWrite
                0x00000000c000f7d4                AcpiHwGetBitRegisterInfo
                0x00000000c000f807                AcpiHwWritePm1Control
                0x00000000c000f84b                AcpiHwRegisterRead
                0x00000000c000f926                AcpiHwRegisterWrite
                0x00000000c000fa1d                AcpiHwClearAcpiStatus
 .text          0x00000000c000fa6f      0x417 acpica/hwsleep.32
                0x00000000c000fa6f                AcpiHwLegacySleep
                0x00000000c000fcca                AcpiHwLegacyWakePrep
                0x00000000c000fdc1                AcpiHwLegacyWake
 .text          0x00000000c000fe86      0x1a6 acpica/hwtimer.32
                0x00000000c000fe86                AcpiGetTimerResolution
                0x00000000c000febb                AcpiGetTimer
                0x00000000c000ff2a                AcpiGetTimerDuration
 .text          0x00000000c001002c      0x268 acpica/hwvalid.32
                0x00000000c001013c                AcpiHwReadPort
                0x00000000c00101e2                AcpiHwWritePort
 .text          0x00000000c0010294      0x2cd acpica/hwxface.32
                0x00000000c0010294                AcpiReset
                0x00000000c00102ec                AcpiRead
                0x00000000c00102f1                AcpiWrite
                0x00000000c00102f6                AcpiReadBitRegister
                0x00000000c0010341                AcpiWriteBitRegister
                0x00000000c0010401                AcpiGetSleepTypeData
 .text          0x00000000c0010561      0x3c1 acpica/hwxfsleep.32
                0x00000000c00105d3                AcpiSetFirmwareWakingVector
                0x00000000c0010628                AcpiEnterSleepStateS4bios
                0x00000000c0010770                AcpiEnterSleepStatePrep
                0x00000000c001085f                AcpiEnterSleepState
                0x00000000c00108ce                AcpiLeaveSleepStatePrep
                0x00000000c00108f8                AcpiLeaveSleepState
 .text          0x00000000c0010922      0x612 acpica/nsaccess.32
                0x00000000c0010922                AcpiNsRootInitialize
                0x00000000c0010b7e                AcpiNsLookup
 .text          0x00000000c0010f34      0x2b1 acpica/nsalloc.32
                0x00000000c0010f34                AcpiNsCreateNode
                0x00000000c0010f58                AcpiNsDeleteNode
                0x00000000c0010fbc                AcpiNsRemoveNode
                0x00000000c0010fed                AcpiNsInstallNode
                0x00000000c001104c                AcpiNsDeleteChildren
                0x00000000c001109e                AcpiNsDeleteNamespaceSubtree
                0x00000000c0011116                AcpiNsDeleteNamespaceByOwner
 .text          0x00000000c00111e5      0x236 acpica/nsarguments.32
                0x00000000c00111e5                AcpiNsCheckArgumentTypes
                0x00000000c0011288                AcpiNsCheckAcpiCompliance
                0x00000000c001134c                AcpiNsCheckArgumentCount
 .text          0x00000000c001141b      0x3e9 acpica/nsconvert.32
                0x00000000c001141b                AcpiNsConvertToInteger
                0x00000000c00114e0                AcpiNsConvertToString
                0x00000000c0011585                AcpiNsConvertToBuffer
                0x00000000c001165e                AcpiNsConvertToUnicode
                0x00000000c00116cd                AcpiNsConvertToResource
                0x00000000c0011737                AcpiNsConvertToReference
 .text          0x00000000c0011804        0x0 acpica/nsdump.32
 .text          0x00000000c0011804        0x0 acpica/nsdumpdv.32
 .text          0x00000000c0011804      0x25e acpica/nseval.32
                0x00000000c0011804                AcpiNsEvaluate
 .text          0x00000000c0011a62      0x42d acpica/nsinit.32
                0x00000000c0011b71                AcpiNsInitializeObjects
                0x00000000c0011bc1                AcpiNsInitializeDevices
                0x00000000c0011d38                AcpiNsInitOnePackage
 .text          0x00000000c0011e8f       0x8c acpica/nsload.32
                0x00000000c0011e8f                AcpiNsLoadTable
 .text          0x00000000c0011f1b      0x3e4 acpica/nsnames.32
                0x00000000c0011fad                AcpiNsHandleToName
                0x00000000c0011ffe                AcpiNsBuildNormalizedPath
                0x00000000c00120e0                AcpiNsGetPathnameLength
                0x00000000c0012122                AcpiNsHandleToPathname
                0x00000000c001218e                AcpiNsGetNormalizedPathname
                0x00000000c00121f3                AcpiNsGetExternalPathname
                0x00000000c0012205                AcpiNsBuildPrefixedPathname
 .text          0x00000000c00122ff      0x297 acpica/nsobject.32
                0x00000000c00122ff                AcpiNsDetachObject
                0x00000000c0012385                AcpiNsAttachObject
                0x00000000c001245d                AcpiNsGetAttachedObject
                0x00000000c001249f                AcpiNsGetSecondaryObject
                0x00000000c00124bc                AcpiNsAttachData
                0x00000000c0012522                AcpiNsDetachData
                0x00000000c001256b                AcpiNsGetAttachedData
 .text          0x00000000c0012596      0x26b acpica/nsparse.32
                0x00000000c0012596                AcpiNsExecuteTable
                0x00000000c00126bb                AcpiNsOneCompleteParse
                0x00000000c00127fc                AcpiNsParseTable
 .text          0x00000000c0012801      0x246 acpica/nspredef.32
                0x00000000c0012873                AcpiNsCheckObjectType
                0x00000000c0012997                AcpiNsCheckReturnValue
 .text          0x00000000c0012a47      0x5a8 acpica/nsprepkg.32
                0x00000000c0012d54                AcpiNsCheckPackage
 .text          0x00000000c0012fef      0x31c acpica/nsrepair.32
                0x00000000c001301c                AcpiNsRepairNullElement
                0x00000000c001308b                AcpiNsRemoveNullElements
                0x00000000c00130de                AcpiNsWrapWithPackage
                0x00000000c0013115                AcpiNsSimpleRepair
 .text          0x00000000c001330b      0x626 acpica/nsrepair2.32
                0x00000000c0013904                AcpiNsComplexRepairs
 .text          0x00000000c0013931      0x1e4 acpica/nssearch.32
                0x00000000c0013931                AcpiNsSearchOneScope
                0x00000000c00139b9                AcpiNsSearchAndEnter
 .text          0x00000000c0013b15      0x573 acpica/nsutils.32
                0x00000000c0013b15                AcpiNsPrintNodePathname
                0x00000000c0013b87                AcpiNsGetType
                0x00000000c0013bb6                AcpiNsLocal
                0x00000000c0013bf8                AcpiNsGetInternalNameLength
                0x00000000c0013c62                AcpiNsBuildInternalName
                0x00000000c0013d33                AcpiNsInternalizeName
                0x00000000c0013db4                AcpiNsExternalizeName
                0x00000000c0013f27                AcpiNsValidateHandle
                0x00000000c0013f42                AcpiNsTerminate
                0x00000000c0013f84                AcpiNsOpensScope
                0x00000000c0013fb9                AcpiNsGetNodeUnlocked
                0x00000000c0014047                AcpiNsGetNode
 .text          0x00000000c0014088      0x1e1 acpica/nswalk.32
                0x00000000c0014088                AcpiNsGetNextNode
                0x00000000c001409c                AcpiNsGetNextNodeTyped
                0x00000000c00140c4                AcpiNsWalkNamespace
 .text          0x00000000c0014269      0x71d acpica/nsxfeval.32
                0x00000000c00143fd                AcpiEvaluateObject
                0x00000000c00145ea                AcpiEvaluateObjectTyped
                0x00000000c001470f                AcpiWalkNamespace
                0x00000000c00147c6                AcpiGetDevices
                0x00000000c0014831                AcpiAttachData
                0x00000000c00148aa                AcpiDetachData
                0x00000000c001490d                AcpiGetData
 .text          0x00000000c0014986      0x613 acpica/nsxfname.32
                0x00000000c00149ab                AcpiGetHandle
                0x00000000c0014a3c                AcpiGetName
                0x00000000c0014abd                AcpiGetObjectInfo
                0x00000000c0014df7                AcpiInstallMethod
 .text          0x00000000c0014f99      0x16e acpica/nsxfobj.32
                0x00000000c0014f99                AcpiGetType
                0x00000000c0015006                AcpiGetParent
                0x00000000c001506f                AcpiGetNextObject
 .text          0x00000000c0015107      0x6f9 acpica/psargs.32
                0x00000000c001513f                AcpiPsGetNextPackageEnd
                0x00000000c0015153                AcpiPsGetNextNamestring
                0x00000000c001536c                AcpiPsGetNextNamepath
                0x00000000c0015525                AcpiPsGetNextSimpleArg
                0x00000000c00155fe                AcpiPsGetNextArg
 .text          0x00000000c0015800      0x564 acpica/psloop.32
                0x00000000c0015939                AcpiPsParseLoop
 .text          0x00000000c0015d64      0x6d9 acpica/psobject.32
                0x00000000c0015e23                AcpiPsBuildNamedOp
                0x00000000c0015f4f                AcpiPsCreateOp
                0x00000000c00160c8                AcpiPsCompleteOp
                0x00000000c0016315                AcpiPsCompleteFinalOp
 .text          0x00000000c001643d        0x0 acpica/psopcode.32
 .text          0x00000000c001643d       0x55 acpica/psopinfo.32
                0x00000000c001643d                AcpiPsGetOpcodeInfo
                0x00000000c001647a                AcpiPsGetOpcodeName
                0x00000000c0016480                AcpiPsGetArgumentCount
 .text          0x00000000c0016492      0x554 acpica/psparse.32
                0x00000000c0016492                AcpiPsGetOpcodeSize
                0x00000000c00164a0                AcpiPsPeekOpcode
                0x00000000c00164b8                AcpiPsCompleteThisOp
                0x00000000c001662b                AcpiPsNextParseState
                0x00000000c0016718                AcpiPsParseAml
 .text          0x00000000c00169e6      0x165 acpica/psscope.32
                0x00000000c00169e6                AcpiPsGetParentScope
                0x00000000c00169f1                AcpiPsHasCompletedScope
                0x00000000c0016a14                AcpiPsInitScope
                0x00000000c0016a52                AcpiPsPushScope
                0x00000000c0016aaf                AcpiPsPopScope
                0x00000000c0016b1b                AcpiPsCleanupScope
 .text          0x00000000c0016b4b      0x118 acpica/pstree.32
                0x00000000c0016b4b                AcpiPsGetArg
                0x00000000c0016b8a                AcpiPsAppendArg
                0x00000000c0016bff                AcpiPsGetDepthNext
 .text          0x00000000c0016c63      0x126 acpica/psutils.32
                0x00000000c0016c63                AcpiPsInitOp
                0x00000000c0016c74                AcpiPsAllocOp
                0x00000000c0016cfd                AcpiPsCreateScopeOp
                0x00000000c0016d1d                AcpiPsFreeOp
                0x00000000c0016d4a                AcpiPsIsLeadingChar
                0x00000000c0016d67                AcpiPsGetName
                0x00000000c0016d77                AcpiPsSetName
 .text          0x00000000c0016d89       0x4d acpica/pswalk.32
                0x00000000c0016d89                AcpiPsDeleteParseTree
 .text          0x00000000c0016dd6      0x2f4 acpica/psxface.32
                0x00000000c0016e06                AcpiDebugTrace
                0x00000000c0016e52                AcpiPsExecuteMethod
                0x00000000c0016fd8                AcpiPsExecuteTable
 .text          0x00000000c00170ca       0xa4 acpica/rsaddr.32
                0x00000000c00170ca                AcpiRsGetAddressCommon
                0x00000000c0017123                AcpiRsSetAddressCommon
 .text          0x00000000c001716e      0x469 acpica/rscalc.32
                0x00000000c00171a1                AcpiRsGetAmlLength
                0x00000000c00172d7                AcpiRsGetListLength
                0x00000000c001750a                AcpiRsGetPciRoutingTableLength
 .text          0x00000000c00175d7      0x390 acpica/rscreate.32
                0x00000000c00175d7                AcpiBufferToResource
                0x00000000c0017667                AcpiRsCreateResourceList
                0x00000000c00176d0                AcpiRsCreatePciRoutingTable
                0x00000000c0017910                AcpiRsCreateAmlResources
 .text          0x00000000c0017967        0x0 acpica/rsdump.32
 .text          0x00000000c0017967        0x0 acpica/rsdumpinfo.32
 .text          0x00000000c0017967        0x0 acpica/rsinfo.32
 .text          0x00000000c0017967        0x0 acpica/rsio.32
 .text          0x00000000c0017967        0x0 acpica/rsirq.32
 .text          0x00000000c0017967      0x1ed acpica/rslist.32
                0x00000000c0017967                AcpiRsConvertAmlToResources
                0x00000000c0017a36                AcpiRsConvertResourcesToAml
 .text          0x00000000c0017b54        0x0 acpica/rsmemory.32
 .text          0x00000000c0017b54      0x5dc acpica/rsmisc.32
                0x00000000c0017b54                AcpiRsConvertAmlToResource
                0x00000000c0017ec9                AcpiRsConvertResourceToAml
 .text          0x00000000c0018130        0x0 acpica/rsserial.32
 .text          0x00000000c0018130      0x431 acpica/rsutils.32
                0x00000000c001814f                AcpiRsDecodeBitmask
                0x00000000c0018177                AcpiRsEncodeBitmask
                0x00000000c00181a1                AcpiRsMoveData
                0x00000000c001821e                AcpiRsSetResourceLength
                0x00000000c0018252                AcpiRsSetResourceHeader
                0x00000000c001826a                AcpiRsGetResourceSource
                0x00000000c00182e9                AcpiRsSetResourceSource
                0x00000000c0018323                AcpiRsGetPrtMethodData
                0x00000000c001836a                AcpiRsGetCrsMethodData
                0x00000000c00183b1                AcpiRsGetPrsMethodData
                0x00000000c00183f8                AcpiRsGetAeiMethodData
                0x00000000c001843f                AcpiRsGetMethodData
                0x00000000c0018485                AcpiRsSetSrsMethodData
 .text          0x00000000c0018561      0x45d acpica/rsxface.32
                0x00000000c001861d                AcpiGetIrqRoutingTable
                0x00000000c001864c                AcpiGetCurrentResources
                0x00000000c001867b                AcpiGetPossibleResources
                0x00000000c00186aa                AcpiSetCurrentResources
                0x00000000c00186ed                AcpiGetEventResources
                0x00000000c001871c                AcpiResourceToAddress64
                0x00000000c001885d                AcpiWalkResourceBuffer
                0x00000000c00188cb                AcpiWalkResources
                0x00000000c001896e                AcpiGetVendorResource
 .text          0x00000000c00189be      0x8cd acpica/tbdata.32
                0x00000000c00189be                AcpiTbInitTableDescriptor
                0x00000000c0018a07                AcpiTbAcquireTable
                0x00000000c0018a67                AcpiTbReleaseTable
                0x00000000c0018b45                AcpiTbAcquireTempTable
                0x00000000c0018bcb                AcpiTbValidateTable
                0x00000000c0018c00                AcpiTbInvalidateTable
                0x00000000c0018c2d                AcpiTbReleaseTempTable
                0x00000000c0018c2f                AcpiTbValidateTempTable
                0x00000000c0018c52                AcpiTbVerifyTempTable
                0x00000000c0018d92                AcpiTbResizeRootTableList
                0x00000000c0018e89                AcpiTbGetNextTableDescriptor
                0x00000000c0018ed7                AcpiTbTerminate
                0x00000000c0018f4b                AcpiTbDeleteNamespaceByOwner
                0x00000000c0018fcc                AcpiTbAllocateOwnerId
                0x00000000c0019018                AcpiTbReleaseOwnerId
                0x00000000c0019064                AcpiTbGetOwnerId
                0x00000000c00190ab                AcpiTbIsTableLoaded
                0x00000000c00190ec                AcpiTbSetTableLoadedFlag
                0x00000000c0019138                AcpiTbNotifyTable
                0x00000000c0019159                AcpiTbLoadTable
                0x00000000c00191d0                AcpiTbInstallAndLoadTable
                0x00000000c001921c                AcpiTbUnloadTable
 .text          0x00000000c001928b      0x51c acpica/tbfadt.32
                0x00000000c0019658                AcpiTbCreateLocalFadt
                0x00000000c00196e2                AcpiTbParseFadt
 .text          0x00000000c00197a7      0x19b acpica/tbfind.32
                0x00000000c00197a7                AcpiTbFindTable
 .text          0x00000000c0019942      0x30c acpica/tbinstal.32
                0x00000000c0019942                AcpiTbUninstallTable
                0x00000000c0019986                AcpiTbOverrideTable
                0x00000000c0019a82                AcpiTbInstallTableWithOverride
                0x00000000c0019b13                AcpiTbInstallStandardTable
 .text          0x00000000c0019c4e      0x19d acpica/tbprint.32
                0x00000000c0019cae                AcpiTbPrintTableHeader
                0x00000000c0019d7d                AcpiTbChecksum
                0x00000000c0019d94                AcpiTbVerifyChecksum
 .text          0x00000000c0019deb      0x3cd acpica/tbutils.32
                0x00000000c0019e2d                AcpiTbInitializeFacs
                0x00000000c0019e9d                AcpiTbCheckDsdtHeader
                0x00000000c0019f0d                AcpiTbCopyDsdt
                0x00000000c0019f91                AcpiTbParseRootTable
                0x00000000c001a115                AcpiTbGetTable
                0x00000000c001a172                AcpiTbPutTable
 .text          0x00000000c001a1b8      0x3e9 acpica/tbxface.32
                0x00000000c001a1b8                AcpiAllocateRootTable
                0x00000000c001a1cd                AcpiInitializeTables
                0x00000000c001a240                AcpiReallocateRootTable
                0x00000000c001a31d                AcpiGetTableHeader
                0x00000000c001a3d0                AcpiGetTable
                0x00000000c001a454                AcpiPutTable
                0x00000000c001a4aa                AcpiGetTableByIndex
                0x00000000c001a503                AcpiInstallTableHandler
                0x00000000c001a558                AcpiRemoveTableHandler
 .text          0x00000000c001a5a1      0x364 acpica/tbxfload.32
                0x00000000c001a5a1                AcpiTbLoadNamespace
                0x00000000c001a77b                AcpiLoadTables
                0x00000000c001a7e5                AcpiInstallTable
                0x00000000c001a808                AcpiLoadTable
                0x00000000c001a860                AcpiUnloadParentTable
                0x00000000c001a8f3                AcpiUnloadTable
 .text          0x00000000c001a905      0x209 acpica/tbxfroot.32
                0x00000000c001a905                AcpiTbGetRsdpLength
                0x00000000c001a938                AcpiTbValidateRsdp
                0x00000000c001a991                AcpiTbScanMemoryForRsdp
                0x00000000c001a9bf                AcpiFindRootPointer
 .text          0x00000000c001ab0e      0x238 acpica/utaddress.32
                0x00000000c001ab0e                AcpiUtAddAddressRange
                0x00000000c001ab88                AcpiUtRemoveAddressRange
                0x00000000c001abd1                AcpiUtCheckAddressRange
                0x00000000c001acf3                AcpiUtDeleteAddressLists
 .text          0x00000000c001ad46      0x1b0 acpica/utalloc.32
                0x00000000c001ad46                AcpiOsAllocateZeroed
                0x00000000c001ad71                AcpiUtCreateCaches
                0x00000000c001adf6                AcpiUtDeleteCaches
                0x00000000c001ae6c                AcpiUtValidateBuffer
                0x00000000c001ae91                AcpiUtInitializeBuffer
 .text          0x00000000c001aef6       0x81 acpica/utascii.32
                0x00000000c001aef6                AcpiUtValidNameChar
                0x00000000c001af24                AcpiUtValidNameseg
                0x00000000c001af44                AcpiUtCheckAndRepairAscii
 .text          0x00000000c001af77      0x1d5 acpica/utbuffer.32
                0x00000000c001af77                AcpiUtDumpBuffer
                0x00000000c001b129                AcpiUtDebugDumpBuffer
 .text          0x00000000c001b14c      0x1ea acpica/utcache.32
                0x00000000c001b14c                AcpiOsCreateCache
                0x00000000c001b1bc                AcpiOsPurgeCache
                0x00000000c001b210                AcpiOsDeleteCache
                0x00000000c001b23e                AcpiOsReleaseObject
                0x00000000c001b2bb                AcpiOsAcquireObject
 .text          0x00000000c001b336      0x40f acpica/utclib.32
                0x00000000c001b336                memcmp
                0x00000000c001b361                memmove
                0x00000000c001b399                memcpy
                0x00000000c001b3cf                memset
                0x00000000c001b3ec                strlen
                0x00000000c001b3fc                strpbrk
                0x00000000c001b41f                strtok
                0x00000000c001b46e                strcpy
                0x00000000c001b48e                strncpy
                0x00000000c001b4bf                strcmp
                0x00000000c001b4e0                strchr
                0x00000000c001b4f6                strncmp
                0x00000000c001b525                strcat
                0x00000000c001b54c                strncat
                0x00000000c001b586                strstr
                0x00000000c001b5c3                toupper
                0x00000000c001b5d7                tolower
                0x00000000c001b5eb                simple_strtoul
 .text          0x00000000c001b745      0x67c acpica/utcopy.32
                0x00000000c001bc84                AcpiUtCopyIobjectToEobject
                0x00000000c001bcb8                AcpiUtCopyEobjectToIobject
                0x00000000c001bd55                AcpiUtCopyIobjectToIobject
 .text          0x00000000c001bdc1        0x0 acpica/utdebug.32
 .text          0x00000000c001bdc1      0x14a acpica/utdecode.32
                0x00000000c001bdc1                AcpiUtGetRegionName
                0x00000000c001bdf7                AcpiUtGetEventName
                0x00000000c001be0d                AcpiUtGetTypeName
                0x00000000c001be23                AcpiUtGetObjectTypeName
                0x00000000c001be4c                AcpiUtGetNodeName
                0x00000000c001be90                AcpiUtGetDescriptorName
                0x00000000c001beb3                AcpiUtGetReferenceName
                0x00000000c001beec                AcpiUtGetMutexName
                0x00000000c001bf02                AcpiUtValidObjectType
 .text          0x00000000c001bf0b      0x509 acpica/utdelete.32
                0x00000000c001bf0b                AcpiUtRemoveReference
                0x00000000c001bf3f                AcpiUtDeleteInternalObjectList
                0x00000000c001c27b                AcpiUtUpdateObjectReference
                0x00000000c001c3ed                AcpiUtAddReference
 .text          0x00000000c001c414      0x23f acpica/uterror.32
                0x00000000c001c414                AcpiUtPredefinedWarning
                0x00000000c001c45c                AcpiUtPredefinedInfo
                0x00000000c001c4a4                AcpiUtPredefinedBiosError
                0x00000000c001c4ec                AcpiUtPrefixedNamespaceError
                0x00000000c001c5c9                AcpiUtMethodError
 .text          0x00000000c001c653      0x252 acpica/uteval.32
                0x00000000c001c653                AcpiUtEvaluateObject
                0x00000000c001c79f                AcpiUtEvaluateNumericObject
                0x00000000c001c7ec                AcpiUtExecute_STA
                0x00000000c001c841                AcpiUtExecutePowerMethods
 .text          0x00000000c001c8a5       0xc5 acpica/utexcep.32
                0x00000000c001c8a5                AcpiUtValidateException
                0x00000000c001c933                AcpiFormatException
 .text          0x00000000c001c96a        0x0 acpica/utglobal.32
 .text          0x00000000c001c96a       0x8e acpica/uthex.32
                0x00000000c001c96a                AcpiUtHexToAsciiChar
                0x00000000c001c994                AcpiUtAsciiCharToHex
                0x00000000c001c9ad                AcpiUtAsciiToHexByte
 .text          0x00000000c001c9f8      0x33a acpica/utids.32
                0x00000000c001c9f8                AcpiUtExecute_HID
                0x00000000c001ca98                AcpiUtExecute_UID
                0x00000000c001cb38                AcpiUtExecute_CID
                0x00000000c001cc5f                AcpiUtExecute_CLS
 .text          0x00000000c001cd32      0x2ca acpica/utinit.32
                0x00000000c001cd93                AcpiUtInitGlobals
                0x00000000c001cfa5                AcpiUtSubsystemShutdown
 .text          0x00000000c001cffc      0x135 acpica/utlock.32
                0x00000000c001cffc                AcpiUtCreateRwLock
                0x00000000c001d032                AcpiUtDeleteRwLock
                0x00000000c001d063                AcpiUtAcquireReadLock
                0x00000000c001d0b7                AcpiUtReleaseReadLock
                0x00000000c001d104                AcpiUtAcquireWriteLock
                0x00000000c001d11d                AcpiUtReleaseWriteLock
 .text          0x00000000c001d131      0x194 acpica/utmath.32
                0x00000000c001d131                AcpiUtShortMultiply
                0x00000000c001d156                AcpiUtShortShiftLeft
                0x00000000c001d18a                AcpiUtShortShiftRight
                0x00000000c001d1be                AcpiUtShortDivide
                0x00000000c001d237                AcpiUtDivide
 .text          0x00000000c001d2c5      0x1b0 acpica/utmisc.32
                0x00000000c001d2c5                AcpiUtIsPciRootBridge
                0x00000000c001d2fd                AcpiUtDwordByteSwap
                0x00000000c001d309                AcpiUtSetIntegerWidth
                0x00000000c001d33c                AcpiUtCreateUpdateStateAndPush
                0x00000000c001d37c                AcpiUtWalkPackageTree
 .text          0x00000000c001d475      0x254 acpica/utmutex.32
                0x00000000c001d4eb                AcpiUtMutexInitialize
                0x00000000c001d569                AcpiUtMutexTerminate
                0x00000000c001d5bf                AcpiUtAcquireMutex
                0x00000000c001d646                AcpiUtReleaseMutex
 .text          0x00000000c001d6c9       0x90 acpica/utnonansi.32
                0x00000000c001d6c9                AcpiUtStrlwr
                0x00000000c001d6f3                AcpiUtStrupr
                0x00000000c001d71d                AcpiUtStricmp
 .text          0x00000000c001d759      0x42d acpica/utobject.32
                0x00000000c001d8fb                AcpiUtValidInternalObject
                0x00000000c001d90d                AcpiUtAllocateObjectDescDbg
                0x00000000c001d94a                AcpiUtDeleteObjectDesc
                0x00000000c001d994                AcpiUtCreateInternalObjectDbg
                0x00000000c001da14                AcpiUtCreatePackageObject
                0x00000000c001da6a                AcpiUtCreateIntegerObject
                0x00000000c001da99                AcpiUtCreateBufferObject
                0x00000000c001db06                AcpiUtCreateStringObject
                0x00000000c001db6c                AcpiUtGetObjectSize
 .text          0x00000000c001db86      0x32f acpica/utosi.32
                0x00000000c001db86                AcpiUtInitializeInterfaces
                0x00000000c001dbda                AcpiUtInterfaceTerminate
                0x00000000c001dc53                AcpiUtInstallInterface
                0x00000000c001dcc3                AcpiUtRemoveInterface
                0x00000000c001dd35                AcpiUtUpdateInterfaces
                0x00000000c001dd80                AcpiUtGetInterface
                0x00000000c001ddae                AcpiUtOsiImplementation
 .text          0x00000000c001deb5      0x18d acpica/utownerid.32
                0x00000000c001deb5                AcpiUtAllocateOwnerId
                0x00000000c001dfa4                AcpiUtReleaseOwnerId
 .text          0x00000000c001e042       0x9e acpica/utpredef.32
                0x00000000c001e042                AcpiUtGetNextPredefinedMethod
                0x00000000c001e05a                AcpiUtMatchPredefinedMethod
                0x00000000c001e081                AcpiUtGetExpectedReturnTypes
 .text          0x00000000c001e0e0      0x78c acpica/utprint.32
                0x00000000c001e3a5                AcpiUtScanNumber
                0x00000000c001e405                AcpiUtPrintNumber
                0x00000000c001e44f                vsnprintf
                0x00000000c001e834                snprintf
                0x00000000c001e851                sprintf
 .text          0x00000000c001e86c        0x0 acpica/utresdecode.32
 .text          0x00000000c001e86c      0x299 acpica/utresrc.32
                0x00000000c001e86c                AcpiUtGetResourceType
                0x00000000c001e87a                AcpiUtGetResourceLength
                0x00000000c001e88e                AcpiUtValidateResource
                0x00000000c001e9ad                AcpiUtGetResourceHeaderLength
                0x00000000c001e9bb                AcpiUtGetDescriptorLength
                0x00000000c001e9d9                AcpiUtWalkAmlResources
                0x00000000c001ead4                AcpiUtGetResourceEndTag
 .text          0x00000000c001eb05      0x119 acpica/utstate.32
                0x00000000c001eb05                AcpiUtPushGenericState
                0x00000000c001eb14                AcpiUtPopGenericState
                0x00000000c001eb23                AcpiUtCreateGenericState
                0x00000000c001eb40                AcpiUtCreateThreadState
                0x00000000c001eb8f                AcpiUtCreateUpdateState
                0x00000000c001ebb4                AcpiUtCreatePkgState
                0x00000000c001ebe4                AcpiUtCreateControlState
                0x00000000c001ebfe                AcpiUtDeleteGenericState
 .text          0x00000000c001ec1e      0x192 acpica/utstring.32
                0x00000000c001ec1e                AcpiUtPrintString
                0x00000000c001ed41                AcpiUtRepairName
 .text          0x00000000c001edb0      0x2b8 acpica/utstrsuppt.32
                0x00000000c001eec7                AcpiUtConvertOctalString
                0x00000000c001ef1d                AcpiUtConvertDecimalString
                0x00000000c001ef7e                AcpiUtConvertHexString
                0x00000000c001efdf                AcpiUtRemoveLeadingZeros
                0x00000000c001eff1                AcpiUtRemoveWhitespace
                0x00000000c001f00d                AcpiUtRemoveHexPrefix
                0x00000000c001f039                AcpiUtDetectHexPrefix
                0x00000000c001f055                AcpiUtDetectOctalPrefix
 .text          0x00000000c001f068      0x1b6 acpica/utstrtoul64.32
                0x00000000c001f068                AcpiUtStrtoul64
                0x00000000c001f131                AcpiUtImplicitStrtoul64
                0x00000000c001f199                AcpiUtExplicitStrtoul64
 .text          0x00000000c001f21e        0x0 acpica/uttrack.32
 .text          0x00000000c001f21e        0x0 acpica/utuuid.32
 .text          0x00000000c001f21e      0x457 acpica/utxface.32
                0x00000000c001f21e                AcpiTerminate
                0x00000000c001f233                AcpiSubsystemStatus
                0x00000000c001f241                AcpiGetSystemInfo
                0x00000000c001f2b6                AcpiGetStatistics
                0x00000000c001f2f9                AcpiInstallInitializationHandler
                0x00000000c001f31d                AcpiPurgeCachedObjects
                0x00000000c001f355                AcpiInstallInterface
                0x00000000c001f3e0                AcpiRemoveInterface
                0x00000000c001f441                AcpiInstallInterfaceHandler
                0x00000000c001f497                AcpiUpdateInterfaces
                0x00000000c001f4e3                AcpiCheckAddressRange
                0x00000000c001f53f                AcpiDecodePldBuffer
 .text          0x00000000c001f675      0x1bf acpica/utxferror.32
                0x00000000c001f675                AcpiError
                0x00000000c001f6ad                AcpiException
                0x00000000c001f706                AcpiWarning
                0x00000000c001f73e                AcpiInfo
                0x00000000c001f76b                AcpiBiosError
                0x00000000c001f7a3                AcpiBiosException
                0x00000000c001f7fc                AcpiBiosWarning
 .text          0x00000000c001f834      0x154 acpica/utxfinit.32
                0x00000000c001f834                AcpiInitializeSubsystem
                0x00000000c001f8cc                AcpiEnableSubsystem
                0x00000000c001f95b                AcpiInitializeObjects
 .text          0x00000000c001f988       0xde acpica/utxfmutex.32
                0x00000000c001f9f9                AcpiAcquireMutex
                0x00000000c001fa31                AcpiReleaseMutex
 .text          0x00000000c001fa66      0xfd0 core/malloc.32
                0x00000000c001fbd1                dlfree
                0x00000000c001ff2e                dlmalloc
                0x00000000c002047a                dlrealloc
                0x00000000c002062f                dlmemalign
                0x00000000c0020752                dlcalloc
                0x00000000c00207ec                dlcfree
                0x00000000c00207f1                dlindependent_calloc
                0x00000000c0020816                dlindependent_comalloc
                0x00000000c002082d                dlvalloc
                0x00000000c0020858                dlpvalloc
                0x00000000c002088e                dlmalloc_trim
                0x00000000c002089b                dlmalloc_usable_size
                0x00000000c00208cc                dlmallinfo
                0x00000000c002099b                dlmalloc_stats
                0x00000000c00209ac                dlmallopt
 .text          0x00000000c0020a36        0x0 libk/string.32
 .text          0x00000000c0020a36       0x51 fs/fat/diskio.32
                0x00000000c0020a36                disk_status
                0x00000000c0020a39                disk_initialize
                0x00000000c0020a3c                disk_read
                0x00000000c0020a52                disk_write
                0x00000000c0020a68                disk_ioctl
 .text          0x00000000c0020a87     0x681b fs/fat/ff.32
                0x00000000c0023d50                f_mount
                0x00000000c0023dae                f_open
                0x00000000c00241e6                f_read
                0x00000000c0024466                f_write
                0x00000000c0024720                f_sync
                0x00000000c00248f8                f_close
                0x00000000c0024927                f_lseek
                0x00000000c0024dde                f_opendir
                0x00000000c0024ee0                f_closedir
                0x00000000c0024f02                f_readdir
                0x00000000c0024f9d                f_stat
                0x00000000c002502c                f_getfree
                0x00000000c00251f7                f_truncate
                0x00000000c00252ef                f_unlink
                0x00000000c0025473                f_mkdir
                0x00000000c002569f                f_rename
                0x00000000c002598e                f_chmod
                0x00000000c0025a6c                f_utime
                0x00000000c0025b4a                f_getlabel
                0x00000000c0025d38                f_setlabel
                0x00000000c0025fa1                f_forward
                0x00000000c002617f                f_mkfs
 .text          0x00000000c00272a2       0x2d fs/fat/ffsystem.32
                0x00000000c00272a2                ff_memalloc
                0x00000000c00272b8                ff_memfree
 .text          0x00000000c00272cf      0x253 fs/fat/ffunicode.32
                0x00000000c00272cf                ff_uni2oem
                0x00000000c002735f                ff_oem2uni
                0x00000000c00273cb                ff_wtoupper
 .text          0x00000000c0027522      0xc07 hal/libresample/samplerate.32
                0x00000000c0027566                src_delete
                0x00000000c00275c1                src_process
                0x00000000c00277b0                src_callback_read
                0x00000000c00279ea                src_set_ratio
                0x00000000c0027a5c                src_get_channels
                0x00000000c0027a9d                src_reset
                0x00000000c0027b0f                src_get_name
                0x00000000c0027b7b                src_get_description
                0x00000000c0027be7                src_get_version
                0x00000000c0027bed                src_is_valid_ratio
                0x00000000c0027c23                src_error
                0x00000000c0027c38                src_strerror
                0x00000000c0027ce9                src_short_to_float_array
                0x00000000c0027d3b                src_float_to_short_array
                0x00000000c0027deb                src_int_to_float_array
                0x00000000c0027e3c                src_float_to_int_array
                0x00000000c0027f5c                src_new
                0x00000000c0028030                src_callback_new
                0x00000000c00280c4                src_simple
 .text          0x00000000c0028129      0x7bb hal/libresample/src_linear.32
                0x00000000c00287e5                linear_get_name
                0x00000000c00287f8                linear_get_description
                0x00000000c002880b                linear_set_converter
 .text          0x00000000c00288e4     0x3a11 hal/libresample/src_sinc.32
                0x00000000c002a31e                sinc_get_name
                0x00000000c002a34b                sinc_get_description
                0x00000000c002a37a                sinc_set_converter
 .text          0x00000000c002c2f5      0x743 hal/libresample/src_zoh.32
                0x00000000c002c939                zoh_get_name
                0x00000000c002c94c                zoh_get_description
                0x00000000c002c95f                zoh_set_converter
 .text          0x00000000c002ca38     0x1053 acpica/osl.32
                0x00000000c002ca38                Subhandler
                0x00000000c002ca74                isblank
                0x00000000c002ca8c                iscntrl
                0x00000000c002caa4                isdigit
                0x00000000c002cabc                islower
                0x00000000c002cad4                isspace
                0x00000000c002caf5                isupper
                0x00000000c002cb0d                isalpha
                0x00000000c002cb37                isalnum
                0x00000000c002cb61                ispunct
                0x00000000c002cb9b                isgraph
                0x00000000c002cbc5                isprint
                0x00000000c002cbe6                isxdigit
                0x00000000c002cc1c                AcpiOsInitialize
                0x00000000c002cc22                AcpiOsTerminate
                0x00000000c002cc28                AcpiOsGetRootPointer
                0x00000000c002cc57                AcpiOsPredefinedOverride
                0x00000000c002cc7b                AcpiOsTableOverride
                0x00000000c002cc8b                AcpiOsPhysicalTableOverride
                0x00000000c002cca2                AcpiOsReadPort
                0x00000000c002cd33                AcpiOsWritePort
                0x00000000c002cdbe                AcpiOsGetTimer
                0x00000000c002cdde                AcpiOsWaitEventsComplete
                0x00000000c002cdf6                AcpiOsReadPciConfiguration
                0x00000000c002cebe                AcpiOsWritePciConfiguration
                0x00000000c002cfa0                AcpiOsSignal
                0x00000000c002cfd6                AcpiOsReadMemory
                0x00000000c002d0a2                AcpiOsEnterSleep
                0x00000000c002d0b5                AcpiOsWriteMemory
                0x00000000c002d169                AcpiOsMapMemory
                0x00000000c002d262                AcpiOsUnmapMemory
                0x00000000c002d264                AcpiOsGetPhysicalAddress
                0x00000000c002d294                AcpiOsAllocate
                0x00000000c002d2b2                AcpiOsFree
                0x00000000c002d2c9                AcpiOsReadable
                0x00000000c002d2e2                AcpiOsWritable
                0x00000000c002d2fb                AcpiOsGetThreadId
                0x00000000c002d306                AcpiOsExecute
                0x00000000c002d322                AcpiOsSleep
                0x00000000c002d368                AcpiOsStall
                0x00000000c002d3c2                AcpiOsCreateSemaphore
                0x00000000c002d409                AcpiOsDeleteSemaphore
                0x00000000c002d426                AcpiOsWaitSemaphore
                0x00000000c002d4fa                AcpiOsSignalSemaphore
                0x00000000c002d523                AcpiOsCreateLock
                0x00000000c002d550                AcpiOsDeleteLock
                0x00000000c002d552                AcpiOsAcquireLock
                0x00000000c002d568                AcpiOsReleaseLock
                0x00000000c002d583                AcpiOsInstallInterruptHandler
                0x00000000c002d5e2                AcpiOsRemoveInterruptHandler
                0x00000000c002d5fe                __i__int_str
                0x00000000c002d9bb                __i_displayCharacter
                0x00000000c002da11                __i_displayString
                0x00000000c002da62                __i_internal_printf
                0x00000000c002da68                AcpiOsVprintf
                0x00000000c002da6a                AcpiOsPrintf
 *fill*         0x00000000c002da8b        0x1 
 .text          0x00000000c002da8c      0xc10 core/computer.32
                0x00000000c002da8c                Computer::close(int, int, void*)
                0x00000000c002dad4                Computer::Computer()
                0x00000000c002dad4                Computer::Computer()
                0x00000000c002dc30                Computer::setBootMessage(char const*)
                0x00000000c002dc32                Computer::start()
                0x00000000c002de01                firstTask()
                0x00000000c002de1c                Computer::detectFeatures()
                0x00000000c002e2da                Computer::displayFeatures()
                0x00000000c002e2dc                Computer::rdmsr(unsigned int)
                0x00000000c002e318                Computer::wrmsr(unsigned int, unsigned long long)
                0x00000000c002e358                Computer::nmiEnabled()
                0x00000000c002e366                Computer::readCMOS(unsigned char)
                0x00000000c002e3aa                Computer::enableNMI(bool)
                0x00000000c002e3d6                Computer::open(int, int, void*)
                0x00000000c002e532                Computer::disableNMI()
                0x00000000c002e54c                Computer::writeCMOS(unsigned char, unsigned char)
                0x00000000c002e59c                Computer::handleNMI()
                0x00000000c002e626                Computer::setDiskActivityLight(int, bool)
 .text          0x00000000c002e69c      0xe65 core/elf.32
                0x00000000c002e69c                allocateMemoryForTask(Process*, File*, unsigned long, unsigned long, unsigned long)
                0x00000000c002e919                loadProgramIntoMemory(Process*, char const*)
                0x00000000c002eb3d                runtimeReferenceHelper()
                0x00000000c002eb50                getAddressOfKernelSymbol(char const*)
                0x00000000c002eb9f                loadKernelSymbolTable(char const*)
                0x00000000c002ee67                loadDriverIntoMemory(char const*, unsigned long)
                0x00000000c002f42a                loadDLL(char const*)
                0x00000000c002f4f3                executeDLL(unsigned long, void*)
 *fill*         0x00000000c002f501        0x3 
 .text          0x00000000c002f504      0x19f core/gdt.32
                0x00000000c002f504                GDTEntry::setBase(unsigned int)
                0x00000000c002f520                GDTEntry::setLimit(unsigned int)
                0x00000000c002f540                GDT::GDT()
                0x00000000c002f540                GDT::GDT()
                0x00000000c002f556                GDT::addEntry(GDTEntry)
                0x00000000c002f578                GDT::getNumberOfEntries()
                0x00000000c002f580                GDT::flush()
                0x00000000c002f5a2                GDT::setup()
 .text          0x00000000c002f6a3       0x61 core/idle.32
                0x00000000c002f6a3                idleFunction(void*)
 .text          0x00000000c002f704      0x3dd core/idt.32
                0x00000000c002f704                IDTEntry::IDTEntry(bool)
                0x00000000c002f704                IDTEntry::IDTEntry(bool)
                0x00000000c002f772                IDTEntry::setOffset(unsigned int)
                0x00000000c002f786                IDT::IDT()
                0x00000000c002f786                IDT::IDT()
                0x00000000c002f788                IDT::getPointerToInvalidOpcodeEntryForF00F()
                0x00000000c002f790                IDT::addEntry(IDTEntry, int)
                0x00000000c002f7aa                IDT::addEntry(int, void (*)(), bool)
                0x00000000c002f7e2                IDT::flush()
                0x00000000c002f7fc                IDT::setup()
 .text          0x00000000c002fae1      0x6fa core/kconsole.32
                0x00000000c002fae1                stringifyxWithBase(unsigned int, char*, int)
                0x00000000c002fb78                logc(char)
                0x00000000c002fbbf                logs(char*)
                0x00000000c002fbed                logWriteInt(unsigned int)
                0x00000000c002fc13                logWriteIntBase(unsigned int, int)
                0x00000000c002fc3a                kprintf(char const*, ...)
                0x00000000c002fd9e                panic(char const*)
 .text          0x00000000c00301db      0x1d6 core/kheap.32
                0x00000000c00301db                sbrk
                0x00000000c00302bc                mmap
                0x00000000c00302d2                munmap
                0x00000000c00302e8                liballoc_lock()
                0x00000000c00302f9                liballoc_unlock()
                0x00000000c003030a                liballoc_alloc(int)
                0x00000000c0030325                liballoc_free(void*, int)
                0x00000000c0030343                realloc
                0x00000000c0030357                malloc
                0x00000000c0030367                free
                0x00000000c0030377                rfree
                0x00000000c0030387                calloc
 .text          0x00000000c00303b1      0x647 core/main.32
                0x00000000c00303b1                hwTextMode_loadInData(VgaText*)
                0x00000000c0030415                hwTextMode_loadInTitle(VgaText*, char*)
                0x00000000c0030477                hwTextMode_update(VgaText*)
                0x00000000c0030479                hwTextMode_scrollScreen(VgaText*)
                0x00000000c0030573                hwTextMode_writeCharacter(VgaText*, char, VgaColour, VgaColour, int, int)
                0x00000000c00305fa                hwTextMode_updateCursor(VgaText*)
                0x00000000c0030699                hwTextMode_showCursor(VgaText*, bool)
                0x00000000c0030760                hwTextMode_disableBlink(VgaText*, bool)
                0x00000000c003080f                setupTextMode()
                0x00000000c0030861                kernel_main
 .text          0x00000000c00309f8      0x67d core/physmgr.32
                0x00000000c00309f8                PhysMem::allocateDMA(unsigned long)
                0x00000000c0030afe                PhysMem::freeDMA(unsigned long, unsigned long)
                0x00000000c0030b67                PhysMem::setPageState(unsigned long, bool)
                0x00000000c0030bee                PhysMem::getPageState(unsigned long)
                0x00000000c0030c2e                PhysMem::freePage(unsigned long)
                0x00000000c0030ce1                PhysMem::allocatePage()
                0x00000000c0030dd2                PhysMem::allowSegmentToBeUsed(unsigned long, unsigned long)
                0x00000000c0030e25                PhysMem::physicalMemorySetup(unsigned int)
 *fill*         0x00000000c0031075        0x3 
 .text          0x00000000c0031078      0x273 core/pipe.32
                0x00000000c0031078                Pipe::isAtty()
                0x00000000c003107c                Pipe::~Pipe()
                0x00000000c003107c                Pipe::~Pipe()
                0x00000000c00310a0                Pipe::~Pipe()
                0x00000000c00310c8                Pipe::read(unsigned long long, void*, int*)
                0x00000000c00311bc                Pipe::write(unsigned long long, void*, int*)
                0x00000000c0031284                Pipe::Pipe(int)
                0x00000000c0031284                Pipe::Pipe(int)
 *fill*         0x00000000c00312eb        0x1 
 .text          0x00000000c00312ec     0x1859 core/prcssthr.32
                0x00000000c00312ec                changeTSS
                0x00000000c0031324                Process::addArgs(char**)
                0x00000000c003140a                Process::Process(char const*, Process*, char**)
                0x00000000c003140a                Process::Process(char const*, Process*, char**)
                0x00000000c00315c2                Process::Process(bool, char const*, Process*, char**)
                0x00000000c00315c2                Process::Process(bool, char const*, Process*, char**)
                0x00000000c0031745                disableIRQs()
                0x00000000c0031753                getIRQNestingLevel()
                0x00000000c0031759                enableIRQs()
                0x00000000c0031770                lockScheduler()
                0x00000000c003177e                unlockScheduler()
                0x00000000c003178c                userModeEntryPoint(void*)
                0x00000000c00317b7                lockStuff()
                0x00000000c00317d0                taskStartupFunction
                0x00000000c00317db                updateTimeUsed()
                0x00000000c0031874                switchToThread(ThreadControlBlock*)
                0x00000000c00318de                Semaphore::Semaphore(int)
                0x00000000c00318de                Semaphore::Semaphore(int)
                0x00000000c003190c                Mutex::Mutex()
                0x00000000c003190c                Mutex::Mutex()
                0x00000000c003191e                Process::createThread(void (*)(void*), void*, int)
                0x00000000c0031b36                Process::createUserThread()
                0x00000000c0031b55                setupMultitasking(void (*)())
                0x00000000c0031cc4                schedule()
                0x00000000c0031d70                unlockStuff()
                0x00000000c0031daa                forkProcess(regs*)
                0x00000000c0031fb2                Semaphore::tryAcquire()
                0x00000000c0031fee                Semaphore::assertLocked(char const*)
                0x00000000c003201e                blockTaskWithSchedulerLockAlreadyHeld(TaskState)
                0x00000000c003206a                blockTask(TaskState)
                0x00000000c003208f                waitTask(int, int*, int)
                0x00000000c00320ec                nanoSleepUntil(unsigned long long)
                0x00000000c003215a                nanoSleep(unsigned long long)
                0x00000000c0032196                sleep(unsigned long long)
                0x00000000c00321d6                Semaphore::acquire()
                0x00000000c003225a                execveProcess(char const*, char* const*, char* const*)
                0x00000000c003231c                taskReturned
                0x00000000c003235e                unblockTask(ThreadControlBlock*)
                0x00000000c0032433                cleanupTerminatedTask(ThreadControlBlock*)
                0x00000000c003290a                cleanerTaskFunction(void*)
                0x00000000c00329a4                terminateTask(int)
                0x00000000c0032a40                Semaphore::release()
 .text          0x00000000c0032b45     0x15ba core/syscalls.32
                0x00000000c0032b45                sysCallGetPID(regs*)
                0x00000000c0032b53                sysCallSeekDir(regs*)
                0x00000000c0032b5e                sysCallTellDir(regs*)
                0x00000000c0032b69                sysCallVerify(regs*)
                0x00000000c0032b79                sysCallGetArgc(regs*)
                0x00000000c0032b8b                sysFormatDisk(regs*)
                0x00000000c0032c3b                sysSetDiskVolumeLabel(regs*)
                0x00000000c0032ccd                sysGetDiskVolumeLabel(regs*)
                0x00000000c0032d7a                sysShutdown(regs*)
                0x00000000c0032de7                sysCallWrite(regs*)
                0x00000000c0032e81                sysCallRead(regs*)
                0x00000000c0032f1b                sysCallReadDir(regs*)
                0x00000000c0032fd5                sysCallIsATTY(regs*)
                0x00000000c0033040                sysCallGetCwd(regs*)
                0x00000000c0033071                sysCallSetCwd(regs*)
                0x00000000c0033099                sysCallRealpath(regs*)
                0x00000000c00330fa                sysCallOpen(regs*)
                0x00000000c00332a8                sysCallSeek(regs*)
                0x00000000c003331d                sysCallTell(regs*)
                0x00000000c003338c                sysCallSizeFromFilename(regs*)
                0x00000000c0033446                sysCallSize(regs*)
                0x00000000c00334bb                sysCallClose(regs*)
                0x00000000c0033529                sysCallOpenDir(regs*)
                0x00000000c00335dc                sysCallMakeDir(regs*)
                0x00000000c0033677                sysCallCloseDir(regs*)
                0x00000000c00336e5                sysCallWait(regs*)
                0x00000000c0033712                sysCallFork(regs*)
                0x00000000c0033739                sysCallExecve(regs*)
                0x00000000c00337a4                sysCallRmdir(regs*)
                0x00000000c0033830                sysCallUnlink(regs*)
                0x00000000c00338bc                sysCallGetArgv(regs*)
                0x00000000c0033957                sysCallTTYName(regs*)
                0x00000000c0033a10                sysCallGetEnv(regs*)
                0x00000000c0033a7c                sysCallUSleep(regs*)
                0x00000000c0033b01                sysCallSpawn(regs*)
                0x00000000c0033bac                sysAppSettings(regs*)
                0x00000000c0033d46                sysSetFatAttrib(regs*)
                0x00000000c0033de9                sysPanic(regs*)
                0x00000000c0033e1d                sysPipe(regs*)
                0x00000000c0033e94                sysGetUnixTime(regs*)
                0x00000000c0033eb3                string_ends_with(char const*, char const*)
                0x00000000c0033f0e                setupSystemCalls()
                0x00000000c00340bd                systemCall(regs*, void*)
 *fill*         0x00000000c00340ff        0x1 
 .text          0x00000000c0034100      0xf53 core/terminal.32
                0x00000000c0034100                VgaText::isAtty()
                0x00000000c0034104                VgaText::~VgaText()
                0x00000000c0034104                VgaText::~VgaText()
                0x00000000c0034128                VgaText::~VgaText()
                0x00000000c0034152                VgaText::read(unsigned long long, void*, int*)
                0x00000000c0034172                setTerminalScrollLock(bool)
                0x00000000c0034173                addToTerminalCycle(VgaText*)
                0x00000000c00341a0                installVgaTextImplementation()
                0x00000000c00341b5                scrollTerminalScrollLock(int)
                0x00000000c00341b6                VgaText::load()
                0x00000000c003420a                VgaText::updateCursor()
                0x00000000c0034224                VgaText::showCursor(bool)
                0x00000000c0034234                VgaText::disableBlink(bool)
                0x00000000c003426e                VgaText::doANSI_SGR(int)
                0x00000000c00342fa                VgaText::setDefaultBgColour(VgaColour)
                0x00000000c0034310                VgaText::setDefaultFgColour(VgaColour)
                0x00000000c0034326                VgaText::setDefaultColours(VgaColour, VgaColour)
                0x00000000c0034346                VgaText::combineColours(unsigned char, unsigned char)
                0x00000000c0034358                VgaText::scrollScreen()
                0x00000000c00343ec                VgaText::combineCharAndColour(char, unsigned char)
                0x00000000c00343fe                VgaText::writeCharacter(char, VgaColour, VgaColour, int, int)
                0x00000000c003445e                VgaText::getCursorX()
                0x00000000c003446a                VgaText::getCursorY()
                0x00000000c0034476                VgaText::setCursor(int, int)
                0x00000000c0034494                VgaText::setCursorX(int)
                0x00000000c00344b0                VgaText::setCursorY(int)
                0x00000000c00344cc                VgaText::incrementCursor(bool)
                0x00000000c0034534                VgaText::updateRAMUsageDisplay(int)
                0x00000000c003458e                VgaText::updateDiskUsage()
                0x00000000c00346e0                VgaText::updateTitle()
                0x00000000c0034726                VgaText::setTitleTextColour(VgaColour)
                0x00000000c0034736                VgaText::setTitleColour(VgaColour)