Archive member included to satisfy reference by file (symbol)

/cygdrive/d/Users/Alex/Desktop/Toolchain/Output/bin/../lib/gcc/i386-banana/8.1.0/libkgcc.a(_divdi3.o)
                              fs/fat/ff.32 (__divdi3)
/cygdrive/d/Users/Alex/Desktop/Toolchain/Output/bin/../lib/gcc/i386-banana/8.1.0/libkgcc.a(_moddi3.o)
                              compat/resolve.32 (__moddi3)
/cygdrive/d/Users/Alex/Desktop/Toolchain/Output/bin/../lib/gcc/i386-banana/8.1.0/libkgcc.a(_udivdi3.o)
                              fs/fat/ff.32 (__udivdi3)
/cygdrive/d/Users/Alex/Desktop/Toolchain/Output/bin/../lib/gcc/i386-banana/8.1.0/libkgcc.a(_umoddi3.o)
                              compat/resolve.32 (__umoddi3)
D:/Users/Alex/Desktop/Banana/kernel/libsoftfp.a(sfieeelib.o)
                              hal/sound/sndhw.32 (__addsf3)
D:/Users/Alex/Desktop/Banana/kernel/libsoftfp.a(dfieeelib.o)
                              hal/libresample/src_linear.32 (__adddf3)
D:/Users/Alex/Desktop/Banana/kernel/libsoftfp.a(sfdfcvt.o)
                              hal/libresample/samplerate.32 (__truncdfsf2)
D:/Users/Alex/Desktop/Banana/kernel/libk/libm32.a(s_fabs.c.o)
                              hal/libresample/samplerate.32 (fabs)
D:/Users/Alex/Desktop/Banana/kernel/libk/libm32.a(s_lrint.S.o)
                              hal/libresample/samplerate.32 (lrint)
D:/Users/Alex/Desktop/Banana/kernel/libk/libm32.a(s_lrintf.S.o)
                              hal/sound/sndhw.32 (lrintf)

Discarded input sections

 .comment       0x0000000000000000       0x12 /cygdrive/d/Users/Alex/Desktop/Toolchain/Output/bin/../lib/gcc/i386-banana/8.1.0/crtbegin.o
 .comment       0x0000000000000000       0x12 acpica/utclib.32
 .comment       0x0000000000000000       0x12 core/malloc.32
 .comment       0x0000000000000000       0x12 libk/string.32
 .comment       0x0000000000000000       0x12 fs/fat/diskio.32
 .comment       0x0000000000000000       0x12 fs/fat/ff.32
 .comment       0x0000000000000000       0x12 fs/fat/ffsystem.32
 .comment       0x0000000000000000       0x12 fs/fat/ffunicode.32
 .comment       0x0000000000000000       0x12 hal/libresample/samplerate.32
 .comment       0x0000000000000000       0x12 hal/libresample/src_linear.32
 .comment       0x0000000000000000       0x12 hal/libresample/src_sinc.32
 .comment       0x0000000000000000       0x12 hal/libresample/src_zoh.32
 .comment       0x0000000000000000       0x12 compat/inlines.32
 .comment       0x0000000000000000       0x12 compat/resolve.32
 .group         0x0000000000000000       0x14 core/computer.32
 .group         0x0000000000000000        0xc core/computer.32
 .comment       0x0000000000000000       0x12 core/computer.32
 .comment       0x0000000000000000       0x12 core/gdt.32
 .group         0x0000000000000000        0xc core/idle.32
 .comment       0x0000000000000000       0x12 core/idle.32
 .comment       0x0000000000000000       0x12 core/idt.32
 .comment       0x0000000000000000       0x12 core/kheap.32
 .comment       0x0000000000000000       0x12 core/main.32
 .comment       0x0000000000000000       0x12 core/physmgr.32
 .group         0x0000000000000000        0xc core/pipe.32
 .comment       0x0000000000000000       0x12 core/pipe.32
 .group         0x0000000000000000        0xc core/terminal.32
 .comment       0x0000000000000000       0x12 core/terminal.32
 .comment       0x0000000000000000       0x12 core/tss.32
 .group         0x0000000000000000        0x8 core/unixfile.32
 .group         0x0000000000000000        0xc core/unixfile.32
 .group         0x0000000000000000        0xc core/unixfile.32
 .group         0x0000000000000000        0x8 core/unixfile.32
 .group         0x0000000000000000        0xc core/unixfile.32
 .group         0x0000000000000000        0x8 core/unixfile.32
 .group         0x0000000000000000        0xc core/unixfile.32
 .group         0x0000000000000000        0xc core/unixfile.32
 .comment       0x0000000000000000       0x12 core/unixfile.32
 .comment       0x0000000000000000       0x12 core/virtmgr.32
 .comment       0x0000000000000000       0x12 coreobjs/c++.32
 .comment       0x0000000000000000       0x12 dbg/kconsole.32
 .group         0x0000000000000000        0xc fs/vfs.32
 .group         0x0000000000000000        0xc fs/vfs.32
 .group         0x0000000000000000        0xc fs/vfs.32
 .comment       0x0000000000000000       0x12 fs/vfs.32
 .group         0x0000000000000000        0xc hal/bus.32
 .comment       0x0000000000000000       0x12 hal/bus.32
 .group         0x0000000000000000        0xc hal/buzzer.32
 .comment       0x0000000000000000       0x12 hal/buzzer.32
 .group         0x0000000000000000        0xc hal/clock.32
 .comment       0x0000000000000000       0x12 hal/clock.32
 .group         0x0000000000000000       0x14 hal/device.32
 .group         0x0000000000000000        0xc hal/device.32
 .group         0x0000000000000000        0xc hal/device.32
 .group         0x0000000000000000        0xc hal/device.32
[...]
Memory Configuration

Name             Origin             Length             Attributes
*default*        0x0000000000000000 0xffffffffffffffff

Linker script and memory map

LOAD D:/Users/Alex/Desktop/Banana/kernel/boot.32
LOAD crti.32
LOAD /cygdrive/d/Users/Alex/Desktop/Toolchain/Output/bin/../lib/gcc/i386-banana/8.1.0/crtbegin.o
LOAD D:/Users/Alex/Desktop/Banana/kernel/morenasm.32
LOAD acpica/utclib.32
LOAD core/malloc.32
LOAD libk/string.32
LOAD fs/fat/diskio.32
LOAD fs/fat/ff.32
LOAD fs/fat/ffsystem.32
LOAD fs/fat/ffunicode.32
LOAD hal/libresample/samplerate.32
LOAD hal/libresample/src_linear.32
LOAD hal/libresample/src_sinc.32
LOAD hal/libresample/src_zoh.32
LOAD compat/inlines.32
LOAD compat/resolve.32
LOAD core/computer.32
LOAD core/gdt.32
LOAD core/idle.32
LOAD core/idt.32
LOAD core/kheap.32
LOAD core/main.32
LOAD core/physmgr.32
LOAD core/pipe.32
LOAD core/terminal.32
LOAD core/tss.32
LOAD core/unixfile.32
LOAD core/virtmgr.32
LOAD coreobjs/c++.32
LOAD dbg/kconsole.32
LOAD fs/vfs.32
LOAD hal/bus.32
LOAD hal/buzzer.32
LOAD hal/clock.32
LOAD hal/device.32
LOAD hal/diskctrl.32
LOAD hal/diskphys.32
LOAD hal/fpu.32
LOAD hal/intctrl.32
LOAD hal/keybrd.32
LOAD hal/logidisk.32
LOAD hal/mouse.32
LOAD hal/partition.32
LOAD hal/serial.32
LOAD hal/timer.32
LOAD hal/vcache.32
LOAD hal/video.32
LOAD hw/acpi.32
LOAD hw/cpu.32
LOAD hw/ports.32
LOAD hw/smp.32
LOAD krnl/env.32
LOAD krnl/panic.32
LOAD net/ethernet.32
LOAD reg/registry.32
LOAD sys/sc_eject.32
LOAD sys/sc_exit.32
LOAD sys/sc_getcwd.32
LOAD sys/sc_getpid.32
LOAD sys/sc_getramdata.32
LOAD sys/sc_getvgaptr.32
LOAD sys/sc_loaddll.32
LOAD sys/sc_read.32
LOAD sys/sc_sbrk.32
LOAD sys/sc_setcwd.32
LOAD sys/sc_settime.32
LOAD sys/sc_timezone.32
LOAD sys/sc_write.32
LOAD sys/sc_wsbe.32
LOAD sys/sc_yield.32
LOAD sys/syscalls.32
LOAD thr/elf.32
LOAD thr/prcssthr.32
LOAD vm86/vm8086.32
LOAD vm86/x87em.32
LOAD fs/fat/vfslink.32
LOAD fs/iso9660/vfslink.32
LOAD hal/sound/sndchannel.32
LOAD hal/sound/sndhw.32
LOAD hw/bus/isa.32
LOAD hw/bus/pci.32
LOAD hw/diskctrl/ide.32
LOAD hw/diskctrl/satabus.32
LOAD hw/diskphys/ata.32
LOAD hw/diskphys/atapi.32
LOAD hw/diskphys/sata.32
LOAD hw/diskphys/satapi.32
LOAD hw/fpu/avx.32
LOAD hw/fpu/mmx.32
LOAD hw/fpu/sse.32
LOAD hw/fpu/x87.32
LOAD hw/intctrl/apic.32
LOAD hw/intctrl/pic.32
LOAD hw/timer/apictimer.32
LOAD hw/timer/pit.32
LOAD hw/fpu/x86/avx.32
LOAD hw/fpu/x86/sse.32
LOAD hw/fpu/x86/x87.32
LOAD /cygdrive/d/Users/Alex/Desktop/Toolchain/Output/bin/../lib/gcc/i386-banana/8.1.0/crtend.o
LOAD crtn.32
LOAD /cygdrive/d/Users/Alex/Desktop/Toolchain/Output/bin/../lib/gcc/i386-banana/8.1.0/libkgcc.a
LOAD D:/Users/Alex/Desktop/Banana/kernel/libsoftfp.a
LOAD D:/Users/Alex/Desktop/Banana/kernel/libk/libm32.a
                0x00000000c0000000                . = 0xc0000000

.text           0x00000000c0000000    0x287f8
 *(.text)
 .text          0x00000000c0000000       0x41 D:/Users/Alex/Desktop/Banana/kernel/boot.32
                0x00000000c0000020                callGlobalConstructors
 .text          0x00000000c0000041        0x0 crti.32
 *fill*         0x00000000c0000041        0x3 
 .text          0x00000000c0000044      0x101 /cygdrive/d/Users/Alex/Desktop/Toolchain/Output/bin/../lib/gcc/i386-banana/8.1.0/crtbegin.o
 *fill*         0x00000000c0000145        0xb 
 .text          0x00000000c0000150      0x4f5 D:/Users/Alex/Desktop/Banana/kernel/morenasm.32
                0x00000000c0000150                manualPCIProbe
                0x00000000c000019b                prepareTramp
                0x00000000c00001b4                voodooXADD
                0x00000000c000027f                doTPAUSE
                0x00000000c0000289                hasLegacyFPU
                0x00000000c00002ae                is486
                0x00000000c00002e4                detectCPUID
                0x00000000c00002fa                goToVM86
                0x00000000c000032a                goToUsermode
                0x00000000c0000354                switchToThreadASMFirstTime
                0x00000000c0000362                switchToThreadASM
                0x00000000c00003f2                asmQuickAcquireLock
                0x00000000c0000410                asmQuickReleaseLock
                0x00000000c000041c                asmAcquireLock
                0x00000000c000043d                asmReleaseLock
                0x00000000c0000450                loadGDT
                0x00000000c0000470                isr0
                0x00000000c0000480                isr1
                0x00000000c000048a                isr2
                0x00000000c0000494                isr3
                0x00000000c000049e                isr4
                0x00000000c00004a8                isr5
                0x00000000c00004b2                isr6
                0x00000000c00004bc                isr7
                0x00000000c00004c6                isr8
                0x00000000c00004ce                isr9
                0x00000000c00004d8                isr10
                0x00000000c00004e0                isr11
                0x00000000c00004e8                isr12
                0x00000000c00004f0                isr13
                0x00000000c00004f8                isr14
                0x00000000c0000500                isr15
                0x00000000c000050a                isr16
                0x00000000c0000514                isr17
                0x00000000c000051e                isr18
                0x00000000c0000528                irq3
                0x00000000c0000532                irq4
                0x00000000c000053c                irq5
                0x00000000c0000546                irq6
                0x00000000c0000550                irq7
                0x00000000c000055a                irq8
                0x00000000c0000564                irq9
                0x00000000c000056e                irq10
                0x00000000c0000578                irq11
                0x00000000c0000582                irq12
                0x00000000c000058c                irq13
                0x00000000c0000596                irq14
                0x00000000c00005a0                irq15
                0x00000000c00005aa                irq1
                0x00000000c00005b1                irq2
                0x00000000c00005b8                isr96
                0x00000000c00005bf                irq0
                0x00000000c00005c4                int_common_stub
                0x00000000c00005c4                syscall_common_stub
                0x00000000c00005f5                irq16
                0x00000000c00005ff                irq17
                0x00000000c0000609                irq18
                0x00000000c0000613                irq19
                0x00000000c000061d                irq20
                0x00000000c0000627                irq21
                0x00000000c0000631                irq22
                0x00000000c000063b                irq23
 *fill*         0x00000000c0000645        0x3 
 .text          0x00000000c0000648      0x611 acpica/utclib.32
                0x00000000c0000648                memcmp
                0x00000000c0000684                memmove
                0x00000000c000074c                memcpy
                0x00000000c0000780                memset
                0x00000000c000079c                strlen
                0x00000000c00007b4                strpbrk
                0x00000000c00007f0                strtok
                0x00000000c000083c                strcpy
                0x00000000c0000860                strncpy
                0x00000000c00008c8                strcmp
                0x00000000c0000908                strchr
                0x00000000c000092c                strncmp
                0x00000000c000097c                strcat
                0x00000000c00009ac                strncat
                0x00000000c00009e8                strstr
                0x00000000c0000a30                toupper
                0x00000000c0000a44                tolower
                0x00000000c0000a58                simple_strtoul
 .text          0x00000000c0000c59      0xfbf core/malloc.32
                0x00000000c0000dc4                dlfree
                0x00000000c000111f                dlmalloc
                0x00000000c000165c                dlrealloc
                0x00000000c0001811                dlmemalign
                0x00000000c0001934                dlcalloc
                0x00000000c00019ce                dlcfree
                0x00000000c00019d3                dlindependent_calloc
                0x00000000c00019f8                dlindependent_comalloc
                0x00000000c0001a0f                dlvalloc
                0x00000000c0001a3a                dlpvalloc
                0x00000000c0001a70                dlmalloc_trim
                0x00000000c0001a7d                dlmalloc_usable_size
                0x00000000c0001aae                dlmallinfo
                0x00000000c0001b7d                dlmalloc_stats
                0x00000000c0001b8e                dlmallopt
 .text          0x00000000c0001c18        0x0 libk/string.32
 .text          0x00000000c0001c18       0x51 fs/fat/diskio.32
                0x00000000c0001c18                disk_status
                0x00000000c0001c1b                disk_initialize
                0x00000000c0001c1e                disk_read
                0x00000000c0001c34                disk_write
                0x00000000c0001c4a                disk_ioctl
 .text          0x00000000c0001c69     0x6833 fs/fat/ff.32
                0x00000000c0004f37                f_mount
                0x00000000c0004f99                f_open
                0x00000000c00053d5                f_read
                0x00000000c0005655                f_write
                0x00000000c000590f                f_sync
                0x00000000c0005aeb                f_close
                0x00000000c0005b1a                f_lseek
                0x00000000c0005fd1                f_opendir
                0x00000000c00060d3                f_closedir
                0x00000000c00060f5                f_readdir
                0x00000000c0006190                f_stat
                0x00000000c000621f                f_getfree
                0x00000000c00063ea                f_truncate
                0x00000000c00064e2                f_unlink
                0x00000000c0006665                f_mkdir
                0x00000000c0006891                f_rename
                0x00000000c0006b84                f_chmod
                0x00000000c0006c62                f_utime
                0x00000000c0006d40                f_getlabel
                0x00000000c0006f2e                f_setlabel
                0x00000000c000719b                f_forward
                0x00000000c0007379                f_mkfs
 .text          0x00000000c000849c       0x2d fs/fat/ffsystem.32
                0x00000000c000849c                ff_memalloc
                0x00000000c00084b2                ff_memfree
 .text          0x00000000c00084c9      0x253 fs/fat/ffunicode.32
                0x00000000c00084c9                ff_uni2oem
                0x00000000c0008559                ff_oem2uni
                0x00000000c00085c5                ff_wtoupper
 .text          0x00000000c000871c      0x8fb hal/libresample/samplerate.32
                0x00000000c0008760                src_delete
                0x00000000c000879c                src_process
                0x00000000c0008952                src_callback_read
                0x00000000c0008acf                src_set_ratio
                0x00000000c0008b39                src_get_channels
                0x00000000c0008b5b                src_reset
                0x00000000c0008ba7                src_new
                0x00000000c0008c35                src_callback_new
                0x00000000c0008c97                src_get_name
                0x00000000c0008cce                src_get_description
                0x00000000c0008d05                src_get_version
                0x00000000c0008d0b                src_is_valid_ratio
                0x00000000c0008d5f                src_error
                0x00000000c0008d6d                src_strerror
                0x00000000c0008d80                src_simple
                0x00000000c0008dd3                src_short_to_float_array
                0x00000000c0008e38                src_float_to_short_array
                0x00000000c0008ef7                src_int_to_float_array
                0x00000000c0008f5a                src_float_to_int_array
 .text          0x00000000c0009017      0x8cb hal/libresample/src_linear.32
                0x00000000c000983d                linear_get_name
                0x00000000c000984c                linear_get_description
                0x00000000c000985b                linear_set_converter
 .text          0x00000000c00098e2     0x447c hal/libresample/src_sinc.32
                0x00000000c000dc75                sinc_get_name
                0x00000000c000dc88                sinc_get_description
                0x00000000c000dc9b                sinc_set_converter
 .text          0x00000000c000dd5e      0x77c hal/libresample/src_zoh.32
                0x00000000c000e435                zoh_get_name
                0x00000000c000e444                zoh_get_description
                0x00000000c000e453                zoh_set_converter
 .text          0x00000000c000e4da       0x23 compat/inlines.32
                0x00000000c000e4da                CPU::current()
                0x00000000c000e4e7                operator new(unsigned long)
 .text          0x00000000c000e4fd      0x111 compat/resolve.32
                0x00000000c000e4fd                Krnl::resolveCompatibilitySymbol(char*)
 .text          0x00000000c000e60e      0xa17 core/computer.32
                0x00000000c000e60e                Computer::close(int, int, void*)
                0x00000000c000e652                Krnl::firstTask()
                0x00000000c000e742                Computer::Computer()
                0x00000000c000e742                Computer::Computer()
                0x00000000c000e89e                Computer::setBootMessage(char const*)
                0x00000000c000e8a0                Computer::detectFeatures()
                0x00000000c000eaaa                Computer::displayFeatures()
                0x00000000c000edf0                Computer::rdmsr(unsigned int)
                0x00000000c000ee1c                Computer::wrmsr(unsigned int, unsigned long long)
                0x00000000c000ee54                Computer::nmiEnabled()
                0x00000000c000ee60                Computer::readCMOS(unsigned char)
                0x00000000c000ee7a                Computer::enableNMI(bool)
                0x00000000c000ee92                Computer::open(int, int, void*)
                0x00000000c000ef68                Computer::disableNMI()
                0x00000000c000ef76                Computer::writeCMOS(unsigned char, unsigned char)
                0x00000000c000ef94                Computer::handleNMI()
                0x00000000c000effa                Computer::setDiskActivityLight(int, bool)
 *fill*         0x00000000c000f025        0x1 
 .text          0x00000000c000f026      0x1b7 core/gdt.32
                0x00000000c000f026                GDTEntry::setBase(unsigned int)
                0x00000000c000f042                GDTEntry::setLimit(unsigned int)
                0x00000000c000f060                GDT::GDT()
                0x00000000c000f060                GDT::GDT()
                0x00000000c000f076                GDT::addEntry(GDTEntry)
                0x00000000c000f0b2                GDT::getNumberOfEntries()
                0x00000000c000f0ba                GDT::flush()
                0x00000000c000f0dc                GDT::setup()
 .text          0x00000000c000f1dd       0x62 core/idle.32
                0x00000000c000f1dd                idleFunction(void*)
 *fill*         0x00000000c000f23f        0x1 
 .text          0x00000000c000f240      0x45f core/idt.32
                0x00000000c000f240                IDTEntry::IDTEntry(bool)
                0x00000000c000f240                IDTEntry::IDTEntry(bool)
                0x00000000c000f2ae                IDTEntry::setOffset(unsigned int)
                0x00000000c000f2c2                IDT::IDT()
                0x00000000c000f2c2                IDT::IDT()
                0x00000000c000f2c4                IDT::getPointerToInvalidOpcodeEntryForF00F()
                0x00000000c000f2cc                IDT::addEntry(IDTEntry, int)
                0x00000000c000f2e6                IDT::addEntry(int, void (*)(), bool)
                0x00000000c000f31e                IDT::flush()
                0x00000000c000f338                IDT::setup()
 .text          0x00000000c000f69f      0x206 core/kheap.32
                0x00000000c000f69f                sbrk
                0x00000000c000f7ad                mmap
                0x00000000c000f7c3                munmap
                0x00000000c000f7d9                liballoc_lock()
                0x00000000c000f7ea                liballoc_unlock()
                0x00000000c000f7fb                liballoc_alloc(int)
                0x00000000c000f819                liballoc_free(void*, int)
                0x00000000c000f837                realloc
                0x00000000c000f84b                malloc
                0x00000000c000f85b                free
                0x00000000c000f86b                rfree
                0x00000000c000f87b                calloc
 .text          0x00000000c000f8a5      0x44f core/main.32
                0x00000000c000f8a5                hwTextMode_loadInData(VgaText*)
                0x00000000c000f8ea                hwTextMode_loadInTitle(VgaText*, char*)
                0x00000000c000f956                hwTextMode_showCursor(VgaText*, bool)
                0x00000000c000f9b1                hwTextMode_update(VgaText*)
                0x00000000c000f9b2                hwTextMode_updateCursor(VgaText*)
                0x00000000c000f9fa                hwTextMode_disableBlink(VgaText*, bool)
                0x00000000c000fa40                hwTextMode_scrollScreen(VgaText*)
                0x00000000c000fae1                hwTextMode_writeCharacter(VgaText*, char, VgaColour, VgaColour, int, int)
                0x00000000c000fb60                setupTextMode()
                0x00000000c000fbd0                kernel_main
 .text          0x00000000c000fcf4      0x56a core/physmgr.32
                0x00000000c000fcf4                Phys::allocateDMA(unsigned long)
                0x00000000c000fd97                Phys::freeDMA(unsigned long, unsigned long)
                0x00000000c000fddf                Phys::setPageState(unsigned long, bool)
                0x00000000c000fe11                Phys::getPageState(unsigned long)
                0x00000000c000fe2d                Phys::freePage(unsigned long)
                0x00000000c000feb7                Phys::allocatePage()
                0x00000000c000ff9c                Phys::allocateContiguousPages(int)
                0x00000000c000fff6                Phys::allowSegmentToBeUsed(unsigned long, unsigned long)
                0x00000000c001002e                Phys::physicalMemorySetup(unsigned int)
 .text          0x00000000c001025e      0x273 core/pipe.32
                0x00000000c001025e                Pipe::isAtty()
                0x00000000c0010262                Pipe::~Pipe()
                0x00000000c0010262                Pipe::~Pipe()
                0x00000000c0010286                Pipe::~Pipe()
                0x00000000c00102ae                Pipe::read(unsigned long long, void*, int*)
                0x00000000c00103a2                Pipe::write(unsigned long long, void*, int*)
                0x00000000c001046a                Pipe::Pipe(int)
                0x00000000c001046a                Pipe::Pipe(int)
 *fill*         0x00000000c00104d1        0x1 
 .text          0x00000000c00104d2      0xe4d core/terminal.32
                0x00000000c00104d2                VgaText::isAtty()
                0x00000000c00104d6                VgaText::~VgaText()
                0x00000000c00104d6                VgaText::~VgaText()
                0x00000000c00104fa                VgaText::~VgaText()
                0x00000000c0010524                VgaText::read(unsigned long long, void*, int*)
                0x00000000c0010544                setTerminalScrollLock(bool)
                0x00000000c0010545                addToTerminalCycle(VgaText*)
                0x00000000c0010566                installVgaTextImplementation()
                0x00000000c001057b                scrollTerminalScrollLock(int)
                0x00000000c001057c                VgaText::load()
                0x00000000c00105ca                VgaText::updateCursor()
                0x00000000c00105e0                VgaText::showCursor(bool)
                0x00000000c00105ec                VgaText::disableBlink(bool)
                0x00000000c0010620                VgaText::doANSI_SGR(int)
                0x00000000c0010694                VgaText::setDefaultBgColour(VgaColour)
                0x00000000c00106a4                VgaText::setDefaultFgColour(VgaColour)
                0x00000000c00106b4                VgaText::setDefaultColours(VgaColour, VgaColour)
                0x00000000c00106d4                VgaText::combineColours(unsigned char, unsigned char)
                0x00000000c00106e6                VgaText::scrollScreen()
                0x00000000c001077a                VgaText::combineCharAndColour(char, unsigned char)
                0x00000000c001078c                VgaText::writeCharacter(char, VgaColour, VgaColour, int, int)
                0x00000000c00107e8                VgaText::getCursorX()
                0x00000000c00107f0                VgaText::getCursorY()
                0x00000000c00107f8                VgaText::setCursor(int, int)
                0x00000000c0010810                VgaText::setCursorX(int)
                0x00000000c0010828                VgaText::setCursorY(int)
                0x00000000c0010840                VgaText::incrementCursor(bool)
                0x00000000c0010894                VgaText::updateRAMUsageDisplay(int)
                0x00000000c00108f8                VgaText::updateDiskUsage()
                0x00000000c0010a62                VgaText::updateTitle()
                0x00000000c0010aa6                VgaText::setTitleTextColour(VgaColour)
                0x00000000c0010ab4                VgaText::setTitleColour(VgaColour)
                0x00000000c0010ac2                VgaText::setTitle(char*)
                0x00000000c0010ae8                VgaText::decrementCursor(bool)
                0x00000000c0010b0a                VgaText::putchar(char, VgaColour, VgaColour)
                0x00000000c0010be2                VgaText::isShowingCursor()
                0x00000000c0010bea                VgaText::isBlinkDisabled()
                0x00000000c0010bf6                VgaText::setCursorHeight(int)
                0x00000000c0010c0e                VgaText::getCursorHeight()
                0x00000000c0010c16                setActiveTerminal(VgaText*)
                0x00000000c0010cbc                doTerminalCycle()
                0x00000000c0010cd6                VgaText::doUpdate()
                0x00000000c0010ce4                VgaText::puts(char const*, VgaColour, VgaColour)
                0x00000000c0010e5c                VgaText::clearScreen()
                0x00000000c0010eb6                VgaText::putchar(char)
                0x00000000c0010fa2                VgaText::puts(char const*)
                0x00000000c0010fc8                VgaText::putx(unsigned int)
                0x00000000c001100e                VgaText::VgaText(char const*)
                0x00000000c001100e                VgaText::VgaText(char const*)
                0x00000000c00111be                VgaText::receiveKey(unsigned char)
                0x00000000c00112a6                VgaText::write(unsigned long long, void*, int*)
                0x00000000c00112fa                newTerminal(char*)
 *fill*         0x00000000c001131f        0x1 
 .text          0x00000000c0011320      0x1b3 core/tss.32
                0x00000000c0011320                TSS::TSS()
                0x00000000c0011320                TSS::TSS()
                0x00000000c001132e                TSS::setESP(unsigned long)
                0x00000000c0011340                TSS::flush()
                0x00000000c0011360                TSS::setup(unsigned long, unsigned long)
 *fill*         0x00000000c00114d3        0x1 
 .text          0x00000000c00114d4      0x4c2 core/unixfile.32
                0x00000000c00114d4                ReservedFilename::read(unsigned long long, void*, int*)
                0x00000000c001152a                ReservedFilename::isAtty()
                0x00000000c0011546                ReservedFilename::write(unsigned long long, void*, int*)
                0x00000000c00115a4                UnixFile::getFileDescriptor()
                0x00000000c00115ac                UnixFile::UnixFile(int)
                0x00000000c00115ac                UnixFile::UnixFile(int)
                0x00000000c001175c                ReservedFilename::ReservedFilename(int)
                0x00000000c001175c                ReservedFilename::ReservedFilename(int)
                0x00000000c001178e                UnixFile::~UnixFile()
                0x00000000c001178e                UnixFile::~UnixFile()
                0x00000000c0011826                UnixFile::~UnixFile()
                0x00000000c001184e                ReservedFilename::~ReservedFilename()
                0x00000000c001184e                ReservedFilename::~ReservedFilename()
                0x00000000c0011872                ReservedFilename::~ReservedFilename()
                0x00000000c0011899                getFromFileDescriptor(int)
 .text          0x00000000c0011996     0x12c7 core/virtmgr.32
                0x00000000c0011996                Virt::setPageState(unsigned long, Virt::VirtPageState)
                0x00000000c00119cb                Virt::getPageState(unsigned long)
                0x00000000c00119ef                Virt::allocateKernelVirtualPages(int)
                0x00000000c0011b00                Virt::freeSwapfilePage(unsigned long)
                0x00000000c0011b1e                Virt::swapIDToSector(unsigned long)
                0x00000000c0011b30                Virt::allocateSwapfilePage()
                0x00000000c0011bae                Virt::virtualMemorySetup()
                0x00000000c0011c2d                Virt::swappingSetup()
                0x00000000c0011c2e                Virt::getAKernelVAS()
                0x00000000c0011c34                Virt::setupPageSwapping(int)
                0x00000000c0011e00                VAS::VAS()
                0x00000000c0011e00                VAS::VAS()
                0x00000000c0011e3c                VAS::VAS(VAS*)
                0x00000000c0011e3c                VAS::VAS(VAS*)
                0x00000000c0011e6a                VAS::getForeignPageTableEntry(bool, unsigned long)
                0x00000000c0011e96                VAS::getPageTableEntry(unsigned long)
                0x00000000c0011eb5                Virt::freeKernelVirtualPages(unsigned long)
                0x00000000c0011fd8                VAS::freeAllocatedPages(unsigned long)
                0x00000000c0011ffc                VAS::virtualToPhysical(unsigned long)
                0x00000000c0012014                VAS::reflagRange(unsigned long, int, int, int)
                0x00000000c0012054                VAS::setToWriteCombining(unsigned long, int)
                0x00000000c0012086                VAS::mapOtherVASIn(bool, VAS*)
                0x00000000c00120b0                VAS::~VAS()
                0x00000000c00120b0                VAS::~VAS()
                0x00000000c001221c                VAS::mapPage(unsigned long, unsigned long, int)
                0x00000000c001231c                VAS::allocatePages(int, int)
                0x00000000c00124f4                VAS::setCPUSpecific(unsigned long)
                0x00000000c0012510                VAS::mapRange(unsigned long, unsigned long, int, int)
                0x00000000c00125d6                VAS::mapForeignPage(bool, VAS*, unsigned long, unsigned long, int)
                0x00000000c00126c4                VAS::VAS(bool)
                0x00000000c00126c4                VAS::VAS(bool)
                0x00000000c001292a                VAS::evict(unsigned long)
                0x00000000c00129ec                VAS::tryLoadBackOffDisk(unsigned long)
                0x00000000c0012af0                VAS::scanForEviction()
                0x00000000c0012ba1                mapVASFirstTime
 .text          0x00000000c0012c5d       0x95 coreobjs/c++.32
                0x00000000c0012c5d                __cxa_atexit
                0x00000000c0012c60                __cxa_finalize
                0x00000000c0012c61                __stack_chk_fail
                0x00000000c0012ccd                __cxa_pure_virtual
                0x00000000c0012cde                operator new[](unsigned long)
                0x00000000c0012ce3                operator delete(void*, unsigned long)
                0x00000000c0012ce8                operator delete[](void*)
                0x00000000c0012ced                operator delete[](void*, unsigned long)
 .text          0x00000000c0012cf2      0x1ef dbg/kconsole.32
                0x00000000c0012cf2                Dbg::stringifyxWithBase(unsigned int, char*, int)
                0x00000000c0012d53                Dbg::logc(char)
                0x00000000c0012d6a                Dbg::logs(char*)
                0x00000000c0012d87                Dbg::logWriteInt(unsigned int)
                0x00000000c0012da4                Dbg::logWriteIntBase(unsigned int, int)
                0x00000000c0012dc3                Dbg::kprintf(char const*, ...)
 *fill*         0x00000000c0012ee1        0x1 
 .text          0x00000000c0012ee2      0xb82 fs/vfs.32
                0x00000000c0012ee2                File::read(unsigned long long, void*, int*)
                0x00000000c0012f3a                File::write(unsigned long long, void*, int*)
                0x00000000c0012f92                Directory::read(unsigned long long, void*, int*)
                0x00000000c0012fea                Directory::write(unsigned long long, void*, int*)
                0x00000000c0013018                File::isAtty()
                0x00000000c001301c                Directory::isAtty()
                0x00000000c0013020                Filesystem::getlabel(LogicalDisk*, int, char*, unsigned int*)
                0x00000000c0013026                Filesystem::setlabel(LogicalDisk*, int, char*)
                0x00000000c001302c                Filesystem::getFileFirstSector(char const*)
                0x00000000c0013032                File::~File()
                0x00000000c0013032                File::~File()
                0x00000000c0013056                File::~File()
                0x00000000c0013080                Directory::~Directory()
                0x00000000c0013080                Directory::~Directory()
                0x00000000c00130a4                Directory::~Directory()
                0x00000000c00130ce                Filesystem::Filesystem()
                0x00000000c00130ce                Filesystem::Filesystem()
                0x00000000c00130f2                Filesystem::~Filesystem()
                0x00000000c00130f2                Filesystem::~Filesystem()
                0x00000000c0013100                Filesystem::~Filesystem()
                0x00000000c0013124                Fs::getcwd(Process*, char*, int)
                0x00000000c001314e                Fs::initVFS()
                0x00000000c0013178                Fs::standardiseFiles(char*, char const*, char const*)
                0x00000000c0013322                File::File(char const*, Process*)
                0x00000000c0013322                File::File(char const*, Process*)
                0x00000000c0013386                File::open(FileOpenMode)
                0x00000000c00133e4                File::close()
                0x00000000c0013444                File::seek(unsigned long long)
                0x00000000c001349a                File::tell(unsigned long long*)
                0x00000000c00134ea                File::rewind()
                0x00000000c00134fe                File::unlink()
                0x00000000c001354a                File::rename(char const*)
                0x00000000c0013598                File::chfatattr(unsigned char, unsigned char)
                0x00000000c00135f4                File::exists()
                0x00000000c0013632                File::stat(unsigned long long*, bool*)
                0x00000000c0013693                Fs::setcwd(Process*, char*)
                0x00000000c00137ce                Directory::Directory(char const*, Process*)
                0x00000000c00137ce                Directory::Directory(char const*, Process*)
                0x00000000c0013832                Directory::open()
                0x00000000c001388e                Directory::close()
                0x00000000c00138ee                Directory::unlink()
                0x00000000c001393a                Directory::rename(char const*)
                0x00000000c0013988                Directory::exists()
                0x00000000c00139c6                Directory::read(dirent*)
                0x00000000c0013a12                Directory::create()
                0x00000000c0013a5e                Filesystem::chfatattr(char const*, unsigned char, unsigned char)
 .text          0x00000000c0013a64       0x84 hal/bus.32
                0x00000000c0013a64                Bus::Bus(char const*)
                0x00000000c0013a64                Bus::Bus(char const*)
                0x00000000c0013a9a                Bus::~Bus()
                0x00000000c0013a9a                Bus::~Bus()
                0x00000000c0013abe                Bus::~Bus()
 .text          0x00000000c0013ae8      0x14e hal/buzzer.32
                0x00000000c0013ae8                Buzzer::Buzzer(char const*)
                0x00000000c0013ae8                Buzzer::Buzzer(char const*)
                0x00000000c0013b2c                Buzzer::~Buzzer()
                0x00000000c0013b2c                Buzzer::~Buzzer()
                0x00000000c0013b50                Buzzer::~Buzzer()
                0x00000000c0013b7a                Buzzer::stop()
                0x00000000c0013b8d                beepThread(void*)
                0x00000000c0013bc8                Buzzer::beep(int, int, bool)
 .text          0x00000000c0013c36      0x467 hal/clock.32
                0x00000000c0013c36                User::loadClockSettings(int)
                0x00000000c0013c88                Clock::Clock(char const*)
                0x00000000c0013c88                Clock::Clock(char const*)
                0x00000000c0013cbe                Clock::~Clock()
                0x00000000c0013cbe                Clock::~Clock()
                0x00000000c0013ce2                Clock::~Clock()
                0x00000000c0013d0c                Clock::timeInSecondsLocal()
                0x00000000c0013d54                Clock::setTimeInSecondsLocal(unsigned long long)
                0x00000000c0013dad                datetimeToSeconds(datetime_t)
                0x00000000c0013ed4                Clock::setTimeInDatetimeLocal(datetime_t)
                0x00000000c0013f34                secondsToDatetime(unsigned long long)
                0x00000000c0014078                Clock::timeInDatetimeLocal()
 *fill*         0x00000000c001409d        0x1 
 .text          0x00000000c001409e      0x4de hal/device.32
                0x00000000c001409e                Device::hibernate()
                0x00000000c00140a0                Device::wake()
                0x00000000c00140a2                Device::detect()
                0x00000000c00140a4                Device::disableLegacy()
                0x00000000c00140a6                Device::powerSaving(PowerSavingLevel)
                0x00000000c00140a8                DriverlessDevice::close(int, int, void*)
                0x00000000c00140ac                DriverlessDevice::detect()
                0x00000000c00140ae                DriverlessDevice::open(int, int, void*)
                0x00000000c00140c2                Device::~Device()
                0x00000000c00140c2                Device::~Device()
                0x00000000c00140d0                Device::~Device()
                0x00000000c00140f8                Device::findAndLoadDriver()
                0x00000000c00140fa                Device::preOpenPCI(PCIDeviceInfo)
                0x00000000c0014120                Device::preOpenACPI(void*, char*, char*)
                0x00000000c0014174                Device::addIRQHandler(int, void (*)(regs*, void*), bool, void*)
                0x00000000c00141b2                Device::removeIRQHandler(int, void (*)(regs*, void*), bool)
                0x00000000c00141f0                Device::addChild(Device*)
                0x00000000c0014234                Device::removeAllChildren()
                0x00000000c001427a                Device::hibernateAll()
                0x00000000c00142aa                Device::wakeAll()
                0x00000000c00142da                Device::detectAll()
                0x00000000c001430a                Device::disableLegacyAll()
                0x00000000c001433a                Device::loadDriversForAll()
                0x00000000c0014366                Device::closeAll()
                0x00000000c001439c                Device::powerSavingAll(PowerSavingLevel)
                0x00000000c00143d2                Device::setName(char const*)
                0x00000000c00143e0                Device::Device(char const*)
                0x00000000c00143e0                Device::Device(char const*)
                0x00000000c00144dc                Device::getName()
                0x00000000c00144e6                DriverlessDevice::DriverlessDevice(char const*)
                0x00000000c00144e6                DriverlessDevice::DriverlessDevice(char const*)
                0x00000000c001450e                Device::addToLinkedList(LinkedList<Device>&, DeviceType)
                0x00000000c0014552                getDevicesOfType(DeviceType)
 .text          0x00000000c001457c       0x84 hal/diskctrl.32
                0x00000000c001457c                HardDiskController::HardDiskController(char const*)
                0x00000000c001457c                HardDiskController::HardDiskController(char const*)
                0x00000000c00145b2                HardDiskController::~HardDiskController()
                0x00000000c00145b2                HardDiskController::~HardDiskController()
                0x00000000c00145d6                HardDiskController::~HardDiskController()
 .text          0x00000000c0014600       0xf2 hal/diskphys.32
                0x00000000c0014600                PhysicalDisk::eject()
                0x00000000c0014614                PhysicalDisk::PhysicalDisk(char const*, int)
                0x00000000c0014614                PhysicalDisk::PhysicalDisk(char const*, int)
                0x00000000c001467c                PhysicalDisk::startCache()
                0x00000000c00146a4                PhysicalDisk::~PhysicalDisk()
                0x00000000c00146a4                PhysicalDisk::~PhysicalDisk()
                0x00000000c00146c8                PhysicalDisk::~PhysicalDisk()
 .text          0x00000000c00146f2      0x13b hal/fpu.32
                0x00000000c00146f2                FPU::FPU(char const*)
                0x00000000c00146f2                FPU::FPU(char const*)
                0x00000000c0014728                FPU::~FPU()
                0x00000000c0014728                FPU::~FPU()
                0x00000000c001474c                FPU::~FPU()
                0x00000000c0014776                setupFPU()
 *fill*         0x00000000c001482d        0x1 
 .text          0x00000000c001482e     0x1421 hal/intctrl.32
                0x00000000c001482e                InterruptController::uninstallISRHandler(int, void (*)(regs*, void*))
                0x00000000c0014866                InterruptController::installISRHandler(int, void (*)(regs*, void*), void*)
                0x00000000c00148b8                doubleFault(regs*, void*)
                0x00000000c00148d2                InterruptController::installIRQHandler(int, void (*)(regs*, void*), bool, void*)
                0x00000000c001496e                InterruptController::clearAllHandlers(int, bool)
                0x00000000c0014a16                InterruptController::uninstallIRQHandler(int, void (*)(regs*, void*), bool)
                0x00000000c0014a9d                nmiHandler(regs*, void*)
                0x00000000c0014aab                int_handler
                0x00000000c0014b4c                InterruptController::InterruptController(char const*)
                0x00000000c0014b4c                InterruptController::InterruptController(char const*)
                0x00000000c0014bf2                InterruptController::~InterruptController()
                0x00000000c0014bf2                InterruptController::~InterruptController()
                0x00000000c0014c16                InterruptController::~InterruptController()
                0x00000000c0014c40                displayDebugInfo(regs*)
                0x00000000c00150cf                x87EmulHandler(regs*, void*)
                0x00000000c0015142                gpFault(regs*, void*)
                0x00000000c001517b                pgFault(regs*, void*)
                0x00000000c00151b7                otherISRHandler(regs*, void*)
                0x00000000c00151d6                opcodeFault(regs*, void*)
                0x00000000c00157dc                displayProgramFault(char const*)
                0x00000000c0015804                setupInterruptController()
                0x00000000c0015c02                InterruptController::convertLegacyIRQNumber(int)
 *fill*         0x00000000c0015c4f        0x1 
 .text          0x00000000c0015c50      0x6d8 hal/keybrd.32
                0x00000000c0015c50                startGUI(void*)
                0x00000000c0015cac                startGUIVESA(void*)
                0x00000000c0015d08                sendKeyToTerminal(unsigned char)
                0x00000000c0015d74                sendKeyboardToken(KeyboardToken)
                0x00000000c00161b1                clearInternalKeybuffer(VgaText*)
                0x00000000c00161e6                readKeyboard(VgaText*, char*, unsigned long)
                0x00000000c001629e                Keyboard::Keyboard(char const*)
                0x00000000c001629e                Keyboard::Keyboard(char const*)
                0x00000000c00162da                Keyboard::~Keyboard()
                0x00000000c00162da                Keyboard::~Keyboard()
                0x00000000c00162fe                Keyboard::~Keyboard()
 .text          0x00000000c0016328      0x414 hal/logidisk.32
                0x00000000c0016328                LogicalDisk::close(int, int, void*)
                0x00000000c001632c                LogicalDisk::~LogicalDisk()
                0x00000000c001632c                LogicalDisk::~LogicalDisk()
                0x00000000c0016350                LogicalDisk::~LogicalDisk()
                0x00000000c001637a                LogicalDisk::open(int, int, void*)
                0x00000000c001638e                LogicalDisk::absoluteToRelative(unsigned long long)
                0x00000000c00163c6                LogicalDisk::relativeToAbsolute(unsigned long long)
                0x00000000c001640c                LogicalDisk::LogicalDisk(char const*, PhysicalDisk*, unsigned long long, unsigned long long)
                0x00000000c001640c                LogicalDisk::LogicalDisk(char const*, PhysicalDisk*, unsigned long long, unsigned long long)
                0x00000000c00164c2                LogicalDisk::assignDriveLetter()
                0x00000000c0016578                LogicalDisk::mount()
                0x00000000c00165ea                LogicalDisk::unmount()
                0x00000000c00165fa                LogicalDisk::eject()
                0x00000000c001660e                LogicalDisk::unassignDriveLetter()
                0x00000000c0016664                LogicalDisk::read(unsigned long long, int, void*)
                0x00000000c00166d0                LogicalDisk::write(unsigned long long, int, void*)
 .text          0x00000000c001673c       0x84 hal/mouse.32
                0x00000000c001673c                Mouse::Mouse(char const*)
                0x00000000c001673c                Mouse::Mouse(char const*)
                0x00000000c0016772                Mouse::~Mouse()
                0x00000000c0016772                Mouse::~Mouse()
                0x00000000c0016796                Mouse::~Mouse()
 .text          0x00000000c00167c0      0x34d hal/partition.32
                0x00000000c00167c0                makePartition(PhysicalDisk*, unsigned long long, unsigned long long)
                0x00000000c001687c                createPartitionsForDisk(PhysicalDisk*)
 *fill*         0x00000000c0016b0d        0x1 
 .text          0x00000000c0016b0e       0x84 hal/serial.32
                0x00000000c0016b0e                Serial::Serial(char const*)
                0x00000000c0016b0e                Serial::Serial(char const*)
                0x00000000c0016b44                Serial::~Serial()
                0x00000000c0016b44                Serial::~Serial()
                0x00000000c0016b68                Serial::~Serial()
 .text          0x00000000c0016b92      0x2b8 hal/timer.32
                0x00000000c0016b92                Timer::Timer(char const*)
                0x00000000c0016b92                Timer::Timer(char const*)
                0x00000000c0016bc8                Timer::~Timer()
                0x00000000c0016bc8                Timer::~Timer()
                0x00000000c0016bec                Timer::~Timer()
                0x00000000c0016c16                Timer::read()
                0x00000000c0016c21                timerHandler(unsigned long long)
                0x00000000c0016d58                setupTimer(int)
 .text          0x00000000c0016e4a      0x425 hal/vcache.32
                0x00000000c0016e4a                VCache::VCache(PhysicalDisk*)
                0x00000000c0016e4a                VCache::VCache(PhysicalDisk*)
                0x00000000c0016fb2                VCache::invalidateReadBuffer()
                0x00000000c0016fc2                VCache::writeWriteBuffer()
                0x00000000c0016ffe                VCache::~VCache()
                0x00000000c0016ffe                VCache::~VCache()
                0x00000000c0017052                VCache::~VCache()
                0x00000000c001707a                VCache::write(unsigned long long, int, void*)
                0x00000000c0017170                VCache::read(unsigned long long, int, void*)
 *fill*         0x00000000c001726f        0x1 
 .text          0x00000000c0017270      0x4cd hal/video.32
                0x00000000c0017270                Video::putrect(int, int, int, int, unsigned int)
                0x00000000c00172bc                Video::bitblit(int, int, int, int, int, int, int, unsigned int*)
                0x00000000c001732c                Video::blit(unsigned int*, int, int, int, int)
                0x00000000c00173aa                Video::clearScreen(unsigned int)
                0x00000000c00173de                Video::putpixel(int, int, unsigned int)
                0x00000000c00173ec                Video::Video(char const*)
                0x00000000c00173ec                Video::Video(char const*)
                0x00000000c0017422                Video::~Video()
                0x00000000c0017422                Video::~Video()
                0x00000000c0017446                Video::~Video()
                0x00000000c0017470                Video::isMonochrome()
                0x00000000c001747c                Video::getWidth()
                0x00000000c0017488                Video::getHeight()
                0x00000000c0017494                Video::drawCursor(int, int, unsigned char*, int)
                0x00000000c0017550                Video::tgaParse(unsigned char*, int, int*, int*)
                0x00000000c00176d2                Video::putTGA(int, int, unsigned char*, int)
 *fill*         0x00000000c001773d        0x1 
 .text          0x00000000c001773e      0xf80 hw/acpi.32
                0x00000000c001773e                ACPI::close(int, int, void*)
                0x00000000c00177f3                findRSDP()
                0x00000000c001788d                loadACPITables(unsigned char*)
                0x00000000c0017ab4                findRSDT(unsigned char*)
                0x00000000c0017bd2                findDataTable(unsigned char*, char*)
                0x00000000c0017c6e                scanMADT()
                0x00000000c00180f4                ACPI::ACPI()
                0x00000000c00180f4                ACPI::ACPI()
                0x00000000c001815e                ACPI::getPCIIRQAssignment(unsigned char, unsigned short, unsigned char)
                0x00000000c0018240                ACPI::registerPCIIRQAssignment(void*, unsigned short, unsigned char, unsigned char)
                0x00000000c0018306                ACPI::setScreenBrightnessLevel(void*, int)
                0x00000000c001830c                ACPI::writeSimpleBootFlag(SimpleBootFlagTable*)
                0x00000000c0018354                ACPI::open(int, int, void*)
                0x00000000c00186a6                ACPI::sleep()
 .text          0x00000000c00186be     0x1715 hw/cpu.32
                0x00000000c00186be                CPU::close(int, int, void*)
                0x00000000c00186c2                CPU::lookupAMDName(unsigned char, unsigned char)
                0x00000000c0018856                CPU::lookupIntelName(unsigned char, unsigned char)
                0x00000000c0018b04                CPU::AMD_K6_write_msr(unsigned int, unsigned int, unsigned int, CPU::REGS*)
                0x00000000c0018b20                CPU::AMD_K6_read_msr(unsigned int, CPU::REGS*)
                0x00000000c0018b38                CPU::AMD_K6_writeback(int, int, int)
                0x00000000c0018bac                CPU::cpuid(int, unsigned long*, unsigned long*, unsigned long*, unsigned long*)
                0x00000000c0018c30                CPU::cpuidCheckEDX(unsigned int)
                0x00000000c0018c5e                CPU::cpuidCheckECX(unsigned int)
                0x00000000c0018c8c                CPU::cpuidCheckExtendedEBX(unsigned int)
                0x00000000c0018cba                CPU::cpuidCheckExtendedECX(unsigned int)
                0x00000000c0018ce8                CPU::CPU()
                0x00000000c0018ce8                CPU::CPU()
                0x00000000c0018d76                CPU::displayFeatures()
                0x00000000c0018ff2                CPU::detectFeatures()
                0x00000000c00199e2                CPU::setupSMEP()
                0x00000000c00199ee                CPU::setupUMIP()
                0x00000000c00199f8                CPU::setupTSC()
                0x00000000c0019a02                CPU::setupLargePages()
                0x00000000c0019a0c                CPU::setupPAT()
                0x00000000c0019a48                CPU::setupMTRR()
                0x00000000c0019a4a                CPU::setupGlobalPages()
                0x00000000c0019a54                CPU::allowUsermodeDataAccess()
                0x00000000c0019a66                CPU::prohibitUsermodeDataAccess()
                0x00000000c0019a78                CPU::setupSMAP()
                0x00000000c0019a86                CPU::setupFeatures()
                0x00000000c0019b06                CPU::open(int, int, void*)
                0x00000000c0019bd8                CPU::decodeAddress(regs*, int*, bool*, unsigned char*)
 .text          0x00000000c0019dd3        0x0 hw/ports.32
 .text          0x00000000c0019dd3      0x16a hw/smp.32
                0x00000000c0019dd3                Krnl::smpEntry()
                0x00000000c0019dd5                Krnl::startCPU(int)
                0x00000000c0019f1e                Krnl::startCPUs()
 *fill*         0x00000000c0019f3d        0x1 
 .text          0x00000000c0019f3e      0x5d3 krnl/env.32
                0x00000000c0019f3e                EnvVarContainer::getEnv(char const*)
                0x00000000c0019f7c                EnvVarContainer::setEnv(char const*, char const*)
                0x00000000c001a048                EnvVarContainer::deleteEnv(char const*)
                0x00000000c001a04a                EnvVarContainer::loadFrom(char const*, char const*)
                0x00000000c001a240                EnvVarContainer::__loadSystem()
                0x00000000c001a25a                EnvVarContainer::__loadUser()
                0x00000000c001a25c                EnvVarContainer::EnvVarContainer(Process*)
                0x00000000c001a25c                EnvVarContainer::EnvVarContainer(Process*)
                0x00000000c001a27e                EnvVarContainer::~EnvVarContainer()
                0x00000000c001a27e                EnvVarContainer::~EnvVarContainer()
                0x00000000c001a2ae                Krnl::getEnv(Process*, char const*)
                0x00000000c001a313                Krnl::setEnvSystem(char const*, char const*)
                0x00000000c001a32d                Krnl::setEnvUser(char const*, char const*)
                0x00000000c001a34c                Krnl::setEnvProcess(Process*, char const*, char const*)
                0x00000000c001a35f                Krnl::deleteEnvSystem(char const*)
                0x00000000c001a360                Krnl::deleteEnvUser(char const*)
                0x00000000c001a361                Krnl::deleteEnvProcess(Process*, char const*)
                0x00000000c001a362                Krnl::newProcessEnv(Process*)
                0x00000000c001a384                Krnl::copyProcessEnv(Process*, Process*)
                0x00000000c001a3d8                Krnl::loadSystemEnv()
                0x00000000c001a406                Krnl::loadUserEnv()
                0x00000000c001a42c                Krnl::flushEnv()
                0x00000000c001a42d                Krnl::getProcessTotalEnvCount(Process*)
                0x00000000c001a44d                Krnl::getProcessEnvPair(Process*, int)
 .text          0x00000000c001a511      0x396 krnl/panic.32
                0x00000000c001a511                Krnl::panic(char const*)
 .text          0x00000000c001a8a7      0x3b6 net/ethernet.32
                0x00000000c001a8a7                Net::switchEndian16(unsigned short)
                0x00000000c001a8c8                Net::switchEndian32(unsigned int)
                0x00000000c001a8f7                Net::crc32Calc(unsigned char*, int)
                0x00000000c001a988                Net::wrapEthernetFrame(Net::UnwrappedEthernetFrame, unsigned char*)
                0x00000000c001aac4                Net::unwrapEthernetFrame(unsigned char*, int)
 .text          0x00000000c001ac5d      0x513 reg/registry.32
                0x00000000c001ac5d                Reg::findLineFromLoadedData(char*, char*, char*)
                0x00000000c001adb5                Reg::getLineFromRegistry(char*, char*, char*, char*)
                0x00000000c001af0a                Reg::getLine(char*, char*, char*)
                0x00000000c001af41                Reg::readInt(char*, char*, int*)
                0x00000000c001b02c                Reg::readString(char*, char*, char*, int)
                0x00000000c001b0ad                Reg::readBool(char*, char*, bool*)
                0x00000000c001b0d2                Reg::readBoolWithDefault(char*, char*, bool)
                0x00000000c001b0fe                Reg::readIntWithDefault(char*, char*, int)
                0x00000000c001b12a                Reg::readStringWithDefault(char*, char*, char*, int, char*)
 .text          0x00000000c001b170       0x36 sys/sc_eject.32
                0x00000000c001b170                Sys::eject(regs*)
 .text          0x00000000c001b1a6       0x18 sys/sc_exit.32
                0x00000000c001b1a6                Sys::exit(regs*)
 .text          0x00000000c001b1be       0x1f sys/sc_getcwd.32
                0x00000000c001b1be                Sys::getCwd(regs*)
 .text          0x00000000c001b1dd        0xc sys/sc_getpid.32
                0x00000000c001b1dd                Sys::getPID(regs*)
 .text          0x00000000c001b1e9       0x17 sys/sc_getramdata.32
                0x00000000c001b1e9                Sys::getRAMData(regs*)
 .text          0x00000000c001b200       0x82 sys/sc_getvgaptr.32
                0x00000000c001b200                Sys::getVGAPtr(regs*)
 .text          0x00000000c001b282       0xa8 sys/sc_loaddll.32
                0x00000000c001b282                Sys::loadDLL(regs*)
 .text          0x00000000c001b32a       0x68 sys/sc_read.32
                0x00000000c001b32a                Sys::read(regs*)
 .text          0x00000000c001b392       0x55 sys/sc_sbrk.32
                0x00000000c001b392                Sys::sbrk(regs*)
 .text          0x00000000c001b3e7       0x1c sys/sc_setcwd.32
                0x00000000c001b3e7                Sys::setCwd(regs*)
 .text          0x00000000c001b403      0x128 sys/sc_settime.32
                0x00000000c001b403                Sys::setTime(regs*)
 .text          0x00000000c001b52b       0x4a sys/sc_timezone.32
                0x00000000c001b52b                Sys::timezone(regs*)
 .text          0x00000000c001b575       0x68 sys/sc_write.32
                0x00000000c001b575                Sys::write(regs*)
 .text          0x00000000c001b5dd       0x62 sys/sc_wsbe.32
                0x00000000c001b5dd                Sys::wsbe(regs*)
 .text          0x00000000c001b63f       0x3b sys/sc_yield.32
                0x00000000c001b63f                Sys::yield(regs*)
 .text          0x00000000c001b67a     0x110c sys/syscalls.32
                0x00000000c001b67a                sysCallSeekDir(regs*)
                0x00000000c001b67f                sysCallTellDir(regs*)
                0x00000000c001b684                sysCallVerify(regs*)
                0x00000000c001b68e                sysFormatDisk(regs*)
                0x00000000c001b6f8                sysSetDiskVolumeLabel(regs*)
                0x00000000c001b73e                sysGetDiskVolumeLabel(regs*)
                0x00000000c001b78f                sysShutdown(regs*)
                0x00000000c001b7ed                sysCallRealpath(regs*)
                0x00000000c001b830                sysCallGetArgc(regs*)
                0x00000000c001b85e                sysCallReadDir(regs*)
                0x00000000c001b8ec                sysCallIsATTY(regs*)
                0x00000000c001b946                sysCallSeek(regs*)
                0x00000000c001b9af                sysCallTell(regs*)
                0x00000000c001ba2c                sysCallSize(regs*)
                0x00000000c001baaf                sysCallSizeFromFilename(regs*)
                0x00000000c001bb6f                sysCallClose(regs*)
                0x00000000c001bbf7                sysCallOpenDir(regs*)
                0x00000000c001bc6c                sysCallCloseDir(regs*)
                0x00000000c001bcd2                sysCallMakeDir(regs*)
                0x00000000c001bd42                sysCallWait(regs*)
                0x00000000c001bd5c                sysCallNotImpl(regs*)
                0x00000000c001bd77                sysPanic(regs*)
                0x00000000c001bd9d                sysCallRmdir(regs*)
                0x00000000c001be01                sysCallUnlink(regs*)
                0x00000000c001be65                sysCallGetArgv(regs*)
                0x00000000c001beb1                sysCallTTYName(regs*)
                0x00000000c001bf34                sysCallUSleep(regs*)
                0x00000000c001bf5b                sysCallSpawn(regs*)
                0x00000000c001bfd0                sysCallGetEnv(regs*)
                0x00000000c001c108                sysAppSettings(regs*)
                0x00000000c001c227                sysSetFatAttrib(regs*)
                0x00000000c001c299                sysPipe(regs*)
                0x00000000c001c2de                sysGetUnixTime(regs*)
                0x00000000c001c2f2                string_ends_with(char const*, char const*)
                0x00000000c001c33a                sysCallOpen(regs*)
                0x00000000c001c54f                Sys::loadSyscalls()
                0x00000000c001c744                Sys::systemCall(regs*, void*)
 .text          0x00000000c001c786     0x1215 thr/elf.32
                0x00000000c001c786                Thr::allocateMemoryForTask(Process*, File*, unsigned long, unsigned long, unsigned long)
                0x00000000c001ca18                Thr::loadProgramIntoMemory(Process*, char const*)
                0x00000000c001cc2e                Thr::runtimeReferenceHelper()
                0x00000000c001cc41                Thr::getAddressOfKernelSymbol(char const*)
                0x00000000c001cc90                Thr::loadKernelSymbolTable(char const*)
                0x00000000c001cf4e                Thr::loadDriverIntoMemory(char const*, unsigned long, bool)
                0x00000000c001d6ab                Thr::getDriverBaseFromAddress(unsigned long)
                0x00000000c001d6dd                Thr::getDriverNameFromAddress(unsigned long)
                0x00000000c001d714                Thr::getDriverOffsetFromAddress(unsigned long)
                0x00000000c001d72e                Thr::loadDLL(char const*, bool)
                0x00000000c001d962                Thr::executeDLL(unsigned long, void*)
 *fill*         0x00000000c001d99b        0x1 
 .text          0x00000000c001d99c     0x1128 thr/prcssthr.32
                0x00000000c001d99c                changeTSS
                0x00000000c001d9cc                Process::addArgs(char**)
                0x00000000c001da26                Process::Process(char const*, Process*, char**)
                0x00000000c001da26                Process::Process(char const*, Process*, char**)
                0x00000000c001dc0a                Process::Process(bool, char const*, Process*, char**)
                0x00000000c001dc0a                Process::Process(bool, char const*, Process*, char**)
                0x00000000c001ddb9                disableIRQs()
                0x00000000c001ddc1                getIRQNestingLevel()
                0x00000000c001ddc7                enableIRQs()
                0x00000000c001ddd6                lockScheduler()
                0x00000000c001ddd8                unlockScheduler()
                0x00000000c001ddda                userModeEntryPoint(void*)
                0x00000000c001ddfd                lockStuff()
                0x00000000c001de09                taskStartupFunction
                0x00000000c001de12                updateTimeUsed()
                0x00000000c001de77                switchToThread(ThreadControlBlock*)
                0x00000000c001dec8                Semaphore::Semaphore(int)
                0x00000000c001dec8                Semaphore::Semaphore(int)
                0x00000000c001def6                Mutex::Mutex()
                0x00000000c001def6                Mutex::Mutex()
                0x00000000c001df08                Process::createThread(void (*)(void*), void*, int)
                0x00000000c001e00e                Process::createUserThread()
                0x00000000c001e02a                setupMultitasking(void (*)())
                0x00000000c001e14c                schedule()
                0x00000000c001e1d1                unlockStuff()
                0x00000000c001e206                Semaphore::tryAcquire()
                0x00000000c001e234                Semaphore::assertLocked(char const*)
                0x00000000c001e264                blockTaskWithSchedulerLockAlreadyHeld(TaskState)
                0x00000000c001e2a6                blockTask(TaskState)
                0x00000000c001e2c7                waitTask(int, int*, int)
                0x00000000c001e309                nanoSleepUntil(unsigned long long)
                0x00000000c001e360                nanoSleep(unsigned long long)
                0x00000000c001e375                sleep(unsigned long long)
                0x00000000c001e392                Semaphore::acquire()
                0x00000000c001e3fa                taskReturned
                0x00000000c001e428                Thr::processFromPID(int)
                0x00000000c001e4c1                unblockTask(ThreadControlBlock*)
                0x00000000c001e570                cleanupTerminatedTask(ThreadControlBlock*)
                0x00000000c001e839                cleanerTaskFunction(void*)
                0x00000000c001e8ec                terminateTask(int)
                0x00000000c001e9cc                Thr::terminateFromIRQ(int)
                0x00000000c001e9d8                Semaphore::release()
 .text          0x00000000c001eac4      0xc26 vm86/vm8086.32
                0x00000000c001eac4                Vm::inbv(unsigned short)
                0x00000000c001ead7                Vm::outbv(unsigned short, unsigned char)
                0x00000000c001eb2a                Vm::realToLinear(unsigned short, unsigned short)
                0x00000000c001eb3a                Vm::getSegment(unsigned int)
                0x00000000c001eb42                Vm::getOffset(unsigned int)
                0x00000000c001eb47                Vm::mainloop2()
                0x00000000c001eb82                Vm::mainVm8086Loop(void*)
                0x00000000c001eb8f                Vm::mainloop3(unsigned long)
                0x00000000c001ebb9                Vm::initialise8086()
                0x00000000c001ebfc                Vm::finish8086()
                0x00000000c001ec41                Vm::getOutput8086(unsigned char*)
                0x00000000c001ec6b                Vm::start8086(char const*, unsigned short, unsigned short, unsigned short, unsigned short)
                0x00000000c001edbb                Vm::doISR(regs*, int, unsigned char*, unsigned short, unsigned short)
                0x00000000c001ee45                Vm::readByteFromReal(unsigned short, unsigned short)
                0x00000000c001ee56                Vm::readWordFromReal(unsigned short, unsigned short)
                0x00000000c001ee68                Vm::readDwordFromReal(unsigned short, unsigned short)
                0x00000000c001ee79                Vm::writeByteFromReal(unsigned short, unsigned short, unsigned char)
                0x00000000c001ee8e                Vm::writeWordFromReal(unsigned short, unsigned short, unsigned short)
                0x00000000c001eea4                Vm::writeDwordFromReal(unsigned short, unsigned short, unsigned int)
                0x00000000c001eeb9                Vm::faultHandler(regs*)
 .text          0x00000000c001f6ea      0xefd vm86/x87em.32
                0x00000000c001f6ea                Vm::fpuInternalTo32(unsigned long long)
                0x00000000c001f745                Vm::fpuInternalTo64(unsigned long long)
                0x00000000c001f74e                Vm::fpu32ToInternal(unsigned int)
                0x00000000c001f793                Vm::fpu64ToInternal(unsigned long long)
                0x00000000c001f79c                Vm::fpuFloatToLong(unsigned long long)
                0x00000000c001f7f7                Vm::fpuULongToFloat(unsigned long long)
                0x00000000c001f82d                Vm::fpuLongToFloat(long long)
                0x00000000c001f883                Vm::fpuGet0()
                0x00000000c001f888                Vm::fpuGet1()
                0x00000000c001f890                Vm::fpuGetPi()
                0x00000000c001f898                Vm::fpuGetLog2E()
                0x00000000c001f8b0                Vm::fpuGetLogE2()
                0x00000000c001f8c8                Vm::fpuGetLog210()
                0x00000000c001f8e0                Vm::fpuGetLog102()
                0x00000000c001f8f8                Vm::fpuIsSecondLarger(unsigned long long, unsigned long long)
                0x00000000c001f90c                Vm::fpuAreEqual(unsigned long long, unsigned long long)
                0x00000000c001f922                Vm::fpuUnorderedCompare(unsigned long long, unsigned long long)
                0x00000000c001f975                Vm::fpuAdd(unsigned long long, unsigned long long)
                0x00000000c001f986                Vm::fpuAbs(unsigned long long)
                0x00000000c001f98f                Vm::fpuChs(unsigned long long)
                0x00000000c001f99f                Vm::fpuSub(unsigned long long, unsigned long long)
                0x00000000c001f9ae                Vm::fpuMultiply(unsigned long long, unsigned long long)
                0x00000000c001f9cd                Vm::fpuDivide(unsigned long long, unsigned long long)
                0x00000000c001f9e9                Vm::fpuSquare(unsigned long long)
                0x00000000c001f9ff                Vm::fpuGetReg(int)
                0x00000000c001fa42                Vm::fpuSetReg(int, unsigned long long)
                0x00000000c001fa8d                Vm::fpuPush(unsigned long long)
                0x00000000c001faea                Vm::fpuPop()
                0x00000000c001fb3c                Vm::x87Handler(regs*)
 *fill*         0x00000000c00205e7        0x1 
 .text          0x00000000c00205e8     0x11af fs/fat/vfslink.32
                0x00000000c00205e8                FAT::getName()
                0x00000000c00205ee                FAT::tell(void*, unsigned long long*)
                0x00000000c0020622                FAT::stat(void*, unsigned long long*)
                0x00000000c0020656                FAT::~FAT()
                0x00000000c0020656                FAT::~FAT()
                0x00000000c002067a                FAT::~FAT()
                0x00000000c00206a2                FAT::getlabel(LogicalDisk*, int, char*, unsigned int*)
                0x00000000c0020740                FAT::setlabel(LogicalDisk*, int, char*)
                0x00000000c00207fa                FAT::format(LogicalDisk*, int, char const*, int)
                0x00000000c00209de                FAT::tryMount(LogicalDisk*, int)
                0x00000000c0020be4                FAT::getFileFirstSector(char const*)
                0x00000000c0020ca6                FAT::readDir(void*, unsigned long, void*, int*)
                0x00000000c0020dac                FAT::read(void*, unsigned long, void*, int*)
                0x00000000c0020e06                FAT::write(void*, unsigned long, void*, int*)
                0x00000000c0020e60                FAT::close(void*)
                0x00000000c0020eac                FAT::closeDir(void*)
                0x00000000c0020ef8                FAT::seek(void*, unsigned long long)
                0x00000000c0020f4c                fatWrapperReadDisk
                0x00000000c0020f93                fatWrapperWriteDisk
                0x00000000c0020fda                fatWrapperIoctl
                0x00000000c00210de                FAT::FAT()
                0x00000000c00210de                FAT::FAT()
                0x00000000c0021130                FAT::fixFilepath(char*)
                0x00000000c0021168                FAT::open(char const*, void**, FileOpenMode)
                0x00000000c0021290                FAT::openDir(char const*, void**)
                0x00000000c0021336                FAT::stat(char const*, unsigned long long*, bool*)
                0x00000000c0021420                FAT::unlink(char const*)
                0x00000000c002149a                FAT::chfatattr(char const*, unsigned char, unsigned char)
                0x00000000c00215ee                FAT::rename(char const*, char const*)
                0x00000000c00216b2                FAT::mkdir(char const*)
                0x00000000c002172c                FAT::exists(char const*)
 *fill*         0x00000000c0021797        0x1 
 .text          0x00000000c0021798      0xbc1 fs/iso9660/vfslink.32
                0x00000000c0021798                ISO9660::format(LogicalDisk*, int, char const*, int)
                0x00000000c002179e                ISO9660::seek(void*, unsigned long long)
                0x00000000c00217ce                ISO9660::tell(void*, unsigned long long*)
                0x00000000c00217f2                ISO9660::getName()
                0x00000000c00217f8                ISO9660::stat(void*, unsigned long long*)
                0x00000000c002181c                ISO9660::chfatattr(char const*, unsigned char, unsigned char)
                0x00000000c0021822                ISO9660::unlink(char const*)
                0x00000000c0021828                ISO9660::write(void*, unsigned long, void*, int*)
                0x00000000c002182e                ISO9660::rename(char const*, char const*)
                0x00000000c0021834                ISO9660::mkdir(char const*)
                0x00000000c002183a                ISO9660::close(void*)
                0x00000000c002185c                ISO9660::closeDir(void*)
                0x00000000c002187e                ISO9660::~ISO9660()
                0x00000000c002187e                ISO9660::~ISO9660()
                0x00000000c00218a2                ISO9660::~ISO9660()
                0x00000000c00218c9                __memmem(unsigned char*, int, unsigned char*, int)
                0x00000000c002190b                readSectorFromCDROM(unsigned int, unsigned char*, char)
                0x00000000c0021972                ISO9660::tryMount(LogicalDisk*, int)
                0x00000000c00219c2                ISO9660::read(void*, unsigned long, void*, int*)
                0x00000000c0021bc2                ISO9660::readDir(void*, unsigned long, void*, int*)
                0x00000000c0021e4f                readRoot(unsigned int*, unsigned int*, char)
                0x00000000c0021ea4                readRecursively(char*, unsigned int, unsigned int, unsigned int*, unsigned int*, char, int*)
                0x00000000c0022077                getFileData(char*, unsigned int*, unsigned int*, char, int*)
                0x00000000c0022106                ISO9660::open(char const*, void**, FileOpenMode)
                0x00000000c00221c6                ISO9660::exists(char const*)
                0x00000000c00221ea                ISO9660::stat(char const*, unsigned long long*, bool*)
                0x00000000c002227e                ISO9660::openDir(char const*, void**)
                0x00000000c0022336                ISO9660::ISO9660()
                0x00000000c0022336                ISO9660::ISO9660()
 *fill*         0x00000000c0022359        0x1 
 .text          0x00000000c002235a      0x326 hal/sound/sndchannel.32
                0x00000000c002235a                SoundChannel::~SoundChannel()
                0x00000000c002235a                SoundChannel::~SoundChannel()
                0x00000000c0022376                SoundChannel::setSpeed(float)
                0x00000000c0022382                SoundChannel::getSpeed()
                0x00000000c002238a                SoundChannel::setVolume(int)
                0x00000000c00223a6                SoundChannel::getVolume()
                0x00000000c00223ae                SoundChannel::pause()
                0x00000000c00223b8                SoundChannel::SoundChannel(int, int, int, int)
                0x00000000c00223b8                SoundChannel::SoundChannel(int, int, int, int)
                0x00000000c002250e                SoundChannel::play()
                0x00000000c0022518                SoundChannel::paused()
                0x00000000c0022520                SoundChannel::getSampleRate()
                0x00000000c0022528                SoundChannel::getBits()
                0x00000000c0022530                SoundChannel::getBufferUsed()
                0x00000000c0022538                SoundChannel::getBufferSize()
                0x00000000c0022540                SoundChannel::unbuffer(float*, int, int)
                0x00000000c00225e0                SoundChannel::buffer8(unsigned char*, int)
 .text          0x00000000c0022680      0x3d5 hal/sound/sndhw.32
                0x00000000c0022680                SoundDevice::SoundDevice(char const*)
                0x00000000c0022680                SoundDevice::SoundDevice(char const*)
                0x00000000c00226ec                SoundDevice::~SoundDevice()
                0x00000000c00226ec                SoundDevice::~SoundDevice()
                0x00000000c0022766                SoundDevice::~SoundDevice()
                0x00000000c0022790                SoundDevice::getFreeChannelNum()
                0x00000000c00227aa                SoundDevice::addChannel(SoundChannel*)
                0x00000000c002281a                SoundDevice::removeChannel(int)
                0x00000000c002284c                SoundDevice::floatTo8(float*, unsigned char*, int)
                0x00000000c0022934                SoundDevice::getAudio(int, float*, float*)
 .text          0x00000000c0022a55        0x0 hw/bus/isa.32
 *fill*         0x00000000c0022a55        0x1 
 .text          0x00000000c0022a56      0x6c3 hw/bus/pci.32
                0x00000000c0022a56                PCI::open(int, int, void*)
                0x00000000c0022a6a                PCI::close(int, int, void*)
                0x00000000c0022a6e                PCI::PCI()
                0x00000000c0022a6e                PCI::PCI()
                0x00000000c0022aee                PCI::pciReadWord(unsigned char, unsigned char, unsigned char, unsigned char)
                0x00000000c0022b36                PCI::getVendorID(unsigned char, unsigned char, unsigned char)
                0x00000000c0022b58                PCI::getHeaderType(unsigned char, unsigned char, unsigned char)
                0x00000000c0022b7c                PCI::getClassCode(unsigned char, unsigned char, unsigned char)
                0x00000000c0022bc0                PCI::getProgIF(unsigned char, unsigned char, unsigned char)
                0x00000000c0022be4                PCI::getRevisionID(unsigned char, unsigned char, unsigned char)
                0x00000000c0022c06                PCI::getInterruptNumber(unsigned char, unsigned char, unsigned char)
                0x00000000c0022c28                PCI::getSecondaryBus(unsigned char, unsigned char, unsigned char)
                0x00000000c0022c4c                PCI::getBARAddress(unsigned char, unsigned char, unsigned char, unsigned char)
                0x00000000c0022cac                PCI::pciWriteWord(unsigned char, unsigned char, unsigned char, unsigned char, unsigned short)
                0x00000000c0022d18                PCI::checkBus(unsigned char)
                0x00000000c0022d3c                PCI::foundDevice(PCIDeviceInfo)
                0x00000000c0022eae                PCI::getDeviceData(unsigned char, unsigned char, unsigned char)
                0x00000000c002305a                PCI::checkDevice(unsigned char, unsigned char)
                0x00000000c00230c6                PCI::detect()
 *fill*         0x00000000c0023119        0x1 
 .text          0x00000000c002311a      0xc70 hw/diskctrl/ide.32
                0x00000000c002311a                IDE::close(int, int, void*)
                0x00000000c002311e                IDE::IDE()
                0x00000000c002311e                IDE::IDE()
                0x00000000c0023152                IDE::prepareInterrupt(unsigned char)
                0x00000000c0023164                selectDrive(unsigned char, unsigned char)
                0x00000000c0023166                IDE::getBase(unsigned char)
                0x00000000c0023178                IDE::write(unsigned char, unsigned char, unsigned char)
                0x00000000c0023238                IDE::read(unsigned char, unsigned char)
                0x00000000c00232e6                IDE::waitInterrupt(unsigned char)
                0x00000000c002334c                ideChannel0IRQHandler(regs*, void*)
                0x00000000c0023368                ideChannel1IRQHandler(regs*, void*)
                0x00000000c0023384                IDE::enableIRQs(unsigned char, bool)
                0x00000000c00233ca                IDE::open(int, int, void*)
                0x00000000c00237da                IDE::readBuffer(unsigned char, unsigned char, unsigned int, unsigned int)
                0x00000000c00238a6                IDE::detect()
                0x00000000c0023b8e                IDE::printError(unsigned char, unsigned char, unsigned char)
                0x00000000c0023d24                IDE::polling(unsigned char, unsigned int)
 .text          0x00000000c0023d8a      0x390 hw/diskctrl/satabus.32
                0x00000000c0023d8a                SATABus::close(int, int, void*)
                0x00000000c0023d8e                SATABus::detect()
                0x00000000c0023d90                SATABus::SATABus()
                0x00000000c0023d90                SATABus::SATABus()
                0x00000000c0023e3c                SATABus::findCmdslot(SATABus::tagHBA_PORT volatile*)
                0x00000000c0023e84                SATABus::checkType(SATABus::tagHBA_PORT volatile*)
                0x00000000c0023ecc                SATABus::startCmd(SATABus::tagHBA_PORT volatile*)
                0x00000000c0023eec                SATABus::stopCmd(SATABus::tagHBA_PORT volatile*)
                0x00000000c0023f16                SATABus::portRebase(SATABus::tagHBA_PORT volatile*, int)
                0x00000000c002401c                SATABus::probePort(SATABus::tagHBA_MEM volatile*)
                0x00000000c00240fa                SATABus::open(int, int, void*)
 .text          0x00000000c002411a      0x63c hw/diskphys/ata.32
                0x00000000c002411a                ATA::close(int, int, void*)
                0x00000000c002413e                ATA::powerSaving(PowerSavingLevel)
                0x00000000c0024140                ATA::ATA()
                0x00000000c0024140                ATA::ATA()
                0x00000000c002416e                ATA::flush(bool)
                0x00000000c00241b8                ATA::readyForCommand()
                0x00000000c0024208                ATA::access(unsigned long long, int, void*, bool)
                0x00000000c0024590                ATA::read(unsigned long long, int, void*)
                0x00000000c00245f8                ATA::write(unsigned long long, int, void*)
                0x00000000c0024660                ATA::detectCHS()
                0x00000000c002468a                ATA::open(int, int, void*)
 .text          0x00000000c0024756      0x5bd hw/diskphys/atapi.32
                0x00000000c0024756                ATAPI::write(unsigned long long, int, void*)
                0x00000000c002475c                ATAPI::close(int, int, void*)
                0x00000000c0024780                ATAPI::ATAPI()
                0x00000000c0024780                ATAPI::ATAPI()
                0x00000000c00247ae                ATAPI::readyForCommand()
                0x00000000c00247fe                ATAPI::sendPacket(unsigned char*, int, bool, unsigned short*, int)
                0x00000000c0024abe                ATAPI::diskRemoved()
                0x00000000c0024ada                ATAPI::eject()
                0x00000000c0024b22                ATAPI::diskInserted()
                0x00000000c0024b50                ATAPI::detectMedia()
                0x00000000c0024c0c                ATAPI::open(int, int, void*)
                0x00000000c0024c94                ATAPI::read(unsigned long long, int, void*)
 *fill*         0x00000000c0024d13        0x1 
 .text          0x00000000c0024d14      0x455 hw/diskphys/sata.32
                0x00000000c0024d14                SATA::close(int, int, void*)
                0x00000000c0024d38                SATA::powerSaving(PowerSavingLevel)
                0x00000000c0024d3a                SATA::open(int, int, void*)
                0x00000000c0024de8                SATA::SATA()
                0x00000000c0024de8                SATA::SATA()
                0x00000000c0024e16                SATA::access(unsigned long long, int, void*, bool)
                0x00000000c002507c                SATA::read(unsigned long long, int, void*)
                0x00000000c00250e4                SATA::write(unsigned long long, int, void*)
 *fill*         0x00000000c0025169        0x1 
 .text          0x00000000c002516a      0x500 hw/diskphys/satapi.32
                0x00000000c002516a                SATAPI::write(unsigned long long, int, void*)
                0x00000000c0025170                SATAPI::close(int, int, void*)
                0x00000000c0025194                SATAPI::SATAPI()
                0x00000000c0025194                SATAPI::SATAPI()
                0x00000000c00251c2                SATAPI::diskRemoved()
                0x00000000c00251de                SATAPI::diskInserted()
                0x00000000c002520c                SATAPI::sendPacket(unsigned char*, int, unsigned long long, unsigned short*, int)
                0x00000000c0025410                SATAPI::eject()
                0x00000000c0025458                SATAPI::detectMedia()
                0x00000000c002551a                SATAPI::open(int, int, void*)
                0x00000000c00255c8                SATAPI::read(unsigned long long, int, void*)
 .text          0x00000000c002566a       0x8e hw/fpu/avx.32
                0x00000000c002566a                AVX::open(int, int, void*)
                0x00000000c002567c                AVX::close(int, int, void*)
                0x00000000c002568e                AVX::available()
                0x00000000c00256a0                AVX::save(void*)
                0x00000000c00256b8                AVX::load(void*)
                0x00000000c00256d0                AVX::AVX()
                0x00000000c00256d0                AVX::AVX()
 .text          0x00000000c00256f8       0x90 hw/fpu/mmx.32
                0x00000000c00256f8                MMX::available()
                0x00000000c002570c                MMX::open(int, int, void*)
                0x00000000c002571e                MMX::close(int, int, void*)
                0x00000000c0025730                MMX::save(void*)
                0x00000000c0025748                MMX::load(void*)
                0x00000000c0025760                MMX::MMX()
                0x00000000c0025760                MMX::MMX()
 .text          0x00000000c0025788       0x96 hw/fpu/sse.32
                0x00000000c0025788                SSE::open(int, int, void*)
                0x00000000c002579a                SSE::close(int, int, void*)
                0x00000000c00257ac                SSE::available()
                0x00000000c00257c6                SSE::save(void*)
                0x00000000c00257de                SSE::load(void*)
                0x00000000c00257f6                SSE::SSE()
                0x00000000c00257f6                SSE::SSE()
 .text          0x00000000c002581e       0x8e hw/fpu/x87.32
                0x00000000c002581e                x87::open(int, int, void*)
                0x00000000c0025830                x87::close(int, int, void*)
                0x00000000c0025842                x87::available()
                0x00000000c0025854                x87::save(void*)
                0x00000000c002586c                x87::load(void*)
                0x00000000c0025884                x87::x87()
                0x00000000c0025884                x87::x87()
 .text          0x00000000c00258ac      0x71e hw/intctrl/apic.32
                0x00000000c00258ac                APIC::disable()
                0x00000000c00258ae                APIC::close(int, int, void*)
                0x00000000c00258d0                IOAPIC::close(int, int, void*)
                0x00000000c00258d6                APIC::io_wait()
                0x00000000c00258dc                APIC::getBase()
                0x00000000c002591e                APIC::eoi(unsigned char)
                0x00000000c002594c                APIC::open(int, int, void*)
                0x00000000c0025a9a                IOAPIC::IOAPIC()
                0x00000000c0025a9a                IOAPIC::IOAPIC()
                0x00000000c0025ac2                APIC::APIC()
                0x00000000c0025ac2                APIC::APIC()
                0x00000000c0025b9e                IOAPIC::handlesGSIWithNumber(unsigned int)
                0x00000000c0025bd0                IOAPIC::read(int)
                0x00000000c0025bf8                IOAPIC::open(int, int, void*)
                0x00000000c0025cee                IOAPIC::write(int, int)
                0x00000000c0025d1a                IOAPIC::redirect(unsigned char, unsigned long long, unsigned char, bool, bool)
                0x00000000c0025e14                APIC::installIRQHandler(int, void (*)(regs*, void*), bool, void*)
 .text          0x00000000c0025fca      0x3d3 hw/intctrl/pic.32
                0x00000000c0025fca                PIC::disable()
                0x00000000c0025ff8                PIC::close(int, int, void*)
                0x00000000c002601a                PIC::PIC()
                0x00000000c002601a                PIC::PIC()
                0x00000000c00260f0                PIC::ioWait()
                0x00000000c00260f6                PIC::getIRQReg(int)
                0x00000000c0026160                PIC::eoi(unsigned char)
                0x00000000c00261f2                PIC::remap()
                0x00000000c002635e                PIC::open(int, int, void*)
 *fill*         0x00000000c002639d        0x1 
 .text          0x00000000c002639e      0x25e hw/timer/apictimer.32
                0x00000000c002639e                APICTimer::close(int, int, void*)
                0x00000000c00263a4                apicTimerHandler(regs*, void*)
                0x00000000c00263d2                APICTimer::write(int)
                0x00000000c00264d6                APICTimer::open(int, int, void*)
                0x00000000c00265d4                APICTimer::APICTimer()
                0x00000000c00265d4                APICTimer::APICTimer()
 .text          0x00000000c00265fc      0x1a7 hw/timer/pit.32
                0x00000000c00265fc                PIT::write(int)
                0x00000000c002667a                pitHandler(regs*, void*)
                0x00000000c00266a6                PIT::open(int, int, void*)
                0x00000000c00266f4                PIT::close(int, int, void*)
                0x00000000c0026724                PIT::PIT()
                0x00000000c0026724                PIT::PIT()
 *fill*         0x00000000c00267a3        0xd 
 .text          0x00000000c00267b0       0x1e hw/fpu/x86/avx.32
                0x00000000c00267b0                avxDetect
                0x00000000c00267b6                avxSave
                0x00000000c00267b7                avxLoad
                0x00000000c00267b8                avxInit
                0x00000000c00267b9                avxClose
                0x00000000c00267ba                wouldSheSayYes
 *fill*         0x00000000c00267ce        0x2 
 .text          0x00000000c00267d0       0x35 hw/fpu/x86/sse.32
                0x00000000c00267d0                absolutelyNoChanceInHell
                0x00000000c00267d0                sseDetect
                0x00000000c00267e8                sseSave
                0x00000000c00267ee                sseLoad
                0x00000000c00267f4                sseInit
                0x00000000c0026804                sseClose
 *fill*         0x00000000c0026805        0xb 
 .text          0x00000000c0026810       0x4d hw/fpu/x86/x87.32
                0x00000000c0026816                x87Detect
                0x00000000c0026831                x87Save
                0x00000000c002683a                x87Load
                0x00000000c0026842                x87Init
                0x00000000c002685c                x87Close
 *fill*         0x00000000c002685d        0x3 
 .text          0x00000000c0026860       0x25 /cygdrive/d/Users/Alex/Desktop/Toolchain/Output/bin/../lib/gcc/i386-banana/8.1.0/crtend.o
 .text          0x00000000c0026885        0x0 crtn.32
 *fill*         0x00000000c0026885        0x3 
 .text          0x00000000c0026888      0x14b /cygdrive/d/Users/Alex/Desktop/Toolchain/Output/bin/../lib/gcc/i386-banana/8.1.0/libkgcc.a(_divdi3.o)
                0x00000000c0026888                __divdi3
 *fill*         0x00000000c00269d3        0x1 
 .text          0x00000000c00269d4      0x17e /cygdrive/d/Users/Alex/Desktop/Toolchain/Output/bin/../lib/gcc/i386-banana/8.1.0/libkgcc.a(_moddi3.o)
                0x00000000c00269d4                __moddi3
 *fill*         0x00000000c0026b52        0x2 
 .text          0x00000000c0026b54       0xff /cygdrive/d/Users/Alex/Desktop/Toolchain/Output/bin/../lib/gcc/i386-banana/8.1.0/libkgcc.a(_udivdi3.o)
                0x00000000c0026b54                __udivdi3
 *fill*         0x00000000c0026c53        0x1 
 .text          0x00000000c0026c54      0x11a /cygdrive/d/Users/Alex/Desktop/Toolchain/Output/bin/../lib/gcc/i386-banana/8.1.0/libkgcc.a(_umoddi3.o)
                0x00000000c0026c54                __umoddi3
 .text          0x00000000c0026d6e      0x96d D:/Users/Alex/Desktop/Banana/kernel/libsoftfp.a(sfieeelib.o)
                0x00000000c0026d6e                __addsf3
                0x00000000c0027070                __subsf3
                0x00000000c0027084                __negsf2
                0x00000000c0027091                __mulsf3