Archive member included to satisfy reference by file (symbol)

/cygdrive/d/Users/Alex/Desktop/Toolchain/Output/bin/../lib/gcc/i386-banana/8.1.0/libkgcc.a(_divdi3.o)
                              fs/fat/ff.32 (__divdi3)
/cygdrive/d/Users/Alex/Desktop/Toolchain/Output/bin/../lib/gcc/i386-banana/8.1.0/libkgcc.a(_moddi3.o)
                              compat/resolve.32 (__moddi3)
/cygdrive/d/Users/Alex/Desktop/Toolchain/Output/bin/../lib/gcc/i386-banana/8.1.0/libkgcc.a(_udivdi3.o)
                              fs/fat/ff.32 (__udivdi3)
/cygdrive/d/Users/Alex/Desktop/Toolchain/Output/bin/../lib/gcc/i386-banana/8.1.0/libkgcc.a(_umoddi3.o)
                              compat/resolve.32 (__umoddi3)
D:/Users/Alex/Desktop/Banana/kernel/libsoftfp.a(sfieeelib.o)
                              hal/sound/sndhw.32 (__addsf3)
D:/Users/Alex/Desktop/Banana/kernel/libsoftfp.a(dfieeelib.o)
                              hal/libresample/src_linear.32 (__adddf3)
D:/Users/Alex/Desktop/Banana/kernel/libsoftfp.a(sfdfcvt.o)
                              hal/libresample/samplerate.32 (__truncdfsf2)
D:/Users/Alex/Desktop/Banana/kernel/libk/libm32.a(s_fabs.c.o)
                              hal/libresample/samplerate.32 (fabs)
D:/Users/Alex/Desktop/Banana/kernel/libk/libm32.a(s_lrint.S.o)
                              hal/libresample/samplerate.32 (lrint)
D:/Users/Alex/Desktop/Banana/kernel/libk/libm32.a(s_lrintf.S.o)
                              hal/sound/sndhw.32 (lrintf)

Discarded input sections

 .comment       0x0000000000000000       0x12 /cygdrive/d/Users/Alex/Desktop/Toolchain/Output/bin/../lib/gcc/i386-banana/8.1.0/crtbegin.o
 .comment       0x0000000000000000       0x12 acpica/utclib.32
 .comment       0x0000000000000000       0x12 core/malloc.32
 .comment       0x0000000000000000       0x12 libk/string.32
 .comment       0x0000000000000000       0x12 fs/fat/diskio.32
 .comment       0x0000000000000000       0x12 fs/fat/ff.32
 .comment       0x0000000000000000       0x12 fs/fat/ffsystem.32
 .comment       0x0000000000000000       0x12 fs/fat/ffunicode.32
 .comment       0x0000000000000000       0x12 hal/libresample/samplerate.32
 .comment       0x0000000000000000       0x12 hal/libresample/src_linear.32
 .comment       0x0000000000000000       0x12 hal/libresample/src_sinc.32
 .comment       0x0000000000000000       0x12 hal/libresample/src_zoh.32
 .comment       0x0000000000000000       0x12 compat/inlines.32
 .comment       0x0000000000000000       0x12 compat/resolve.32
 .group         0x0000000000000000       0x14 core/computer.32
 .group         0x0000000000000000        0xc core/computer.32
 .comment       0x0000000000000000       0x12 core/computer.32
 .comment       0x0000000000000000       0x12 core/gdt.32
 .group         0x0000000000000000        0xc core/idle.32
 .comment       0x0000000000000000       0x12 core/idle.32
 .comment       0x0000000000000000       0x12 core/idt.32
 .comment       0x0000000000000000       0x12 core/kheap.32
 .comment       0x0000000000000000       0x12 core/main.32
 .comment       0x0000000000000000       0x12 core/physmgr.32
 .group         0x0000000000000000        0xc core/pipe.32
 .comment       0x0000000000000000       0x12 core/pipe.32
 .group         0x0000000000000000        0xc core/terminal.32
 .comment       0x0000000000000000       0x12 core/terminal.32
 .comment       0x0000000000000000       0x12 core/tss.32
 .group         0x0000000000000000        0x8 core/unixfile.32
 .group         0x0000000000000000        0xc core/unixfile.32
 .group         0x0000000000000000        0xc core/unixfile.32
 .group         0x0000000000000000        0x8 core/unixfile.32
 .group         0x0000000000000000        0xc core/unixfile.32
 .group         0x0000000000000000        0x8 core/unixfile.32
 .group         0x0000000000000000        0xc core/unixfile.32
 .group         0x0000000000000000        0xc core/unixfile.32
 .comment       0x0000000000000000       0x12 core/unixfile.32
 .comment       0x0000000000000000       0x12 core/virtmgr.32
 .comment       0x0000000000000000       0x12 coreobjs/c++.32
 .comment       0x0000000000000000       0x12 dbg/kconsole.32
 .group         0x0000000000000000        0xc fs/vfs.32
 .group         0x0000000000000000        0xc fs/vfs.32
 .group         0x0000000000000000        0xc fs/vfs.32
 .comment       0x0000000000000000       0x12 fs/vfs.32
 .group         0x0000000000000000        0xc hal/bus.32
 .comment       0x0000000000000000       0x12 hal/bus.32
 .group         0x0000000000000000        0xc hal/buzzer.32
 .comment       0x0000000000000000       0x12 hal/buzzer.32
 .group         0x0000000000000000        0xc hal/clock.32
 .comment       0x0000000000000000       0x12 hal/clock.32
 .group         0x0000000000000000       0x14 hal/device.32
 .group         0x0000000000000000        0xc hal/device.32
 .group         0x0000000000000000        0xc hal/device.32
 .group         0x0000000000000000        0xc hal/device.32
[...]
Memory Configuration

Name             Origin             Length             Attributes
*default*        0x0000000000000000 0xffffffffffffffff

Linker script and memory map

LOAD D:/Users/Alex/Desktop/Banana/kernel/boot.32
LOAD crti.32
LOAD /cygdrive/d/Users/Alex/Desktop/Toolchain/Output/bin/../lib/gcc/i386-banana/8.1.0/crtbegin.o
LOAD D:/Users/Alex/Desktop/Banana/kernel/morenasm.32
LOAD acpica/utclib.32
LOAD core/malloc.32
LOAD libk/string.32
LOAD fs/fat/diskio.32
LOAD fs/fat/ff.32
LOAD fs/fat/ffsystem.32
LOAD fs/fat/ffunicode.32
LOAD hal/libresample/samplerate.32
LOAD hal/libresample/src_linear.32
LOAD hal/libresample/src_sinc.32
LOAD hal/libresample/src_zoh.32
LOAD compat/inlines.32
LOAD compat/resolve.32
LOAD core/computer.32
LOAD core/gdt.32
LOAD core/idle.32
LOAD core/idt.32
LOAD core/kheap.32
LOAD core/main.32
LOAD core/physmgr.32
LOAD core/pipe.32
LOAD core/terminal.32
LOAD core/tss.32
LOAD core/unixfile.32
LOAD core/virtmgr.32
LOAD coreobjs/c++.32
LOAD dbg/kconsole.32
LOAD fs/vfs.32
LOAD hal/bus.32
LOAD hal/buzzer.32
LOAD hal/clock.32
LOAD hal/device.32
LOAD hal/diskctrl.32
LOAD hal/diskphys.32
LOAD hal/fpu.32
LOAD hal/intctrl.32
LOAD hal/keybrd.32
LOAD hal/logidisk.32
LOAD hal/mouse.32
LOAD hal/partition.32
LOAD hal/serial.32
LOAD hal/timer.32
LOAD hal/vcache.32
LOAD hal/video.32
LOAD hw/acpi.32
LOAD hw/cpu.32
LOAD hw/ports.32
LOAD hw/smp.32
LOAD krnl/env.32
LOAD krnl/panic.32
LOAD net/ethernet.32
LOAD reg/registry.32
LOAD sys/sc_eject.32
LOAD sys/sc_exit.32
LOAD sys/sc_getcwd.32
LOAD sys/sc_getpid.32
LOAD sys/sc_getramdata.32
LOAD sys/sc_loaddll.32
LOAD sys/sc_read.32
LOAD sys/sc_sbrk.32
LOAD sys/sc_setcwd.32
LOAD sys/sc_settime.32
LOAD sys/sc_timezone.32
LOAD sys/sc_write.32
LOAD sys/sc_wsbe.32
LOAD sys/sc_yield.32
LOAD sys/syscalls.32
LOAD thr/elf.32
LOAD thr/prcssthr.32
LOAD vm86/vm8086.32
LOAD vm86/x87em.32
LOAD fs/fat/vfslink.32
LOAD fs/iso9660/vfslink.32
LOAD hal/sound/sndchannel.32
LOAD hal/sound/sndhw.32
LOAD hw/bus/isa.32
LOAD hw/bus/pci.32
LOAD hw/diskctrl/ide.32
LOAD hw/diskctrl/satabus.32
LOAD hw/diskphys/ata.32
LOAD hw/diskphys/atapi.32
LOAD hw/diskphys/sata.32
LOAD hw/diskphys/satapi.32
LOAD hw/fpu/avx.32
LOAD hw/fpu/mmx.32
LOAD hw/fpu/sse.32
LOAD hw/fpu/x87.32
LOAD hw/intctrl/apic.32
LOAD hw/intctrl/pic.32
LOAD hw/timer/apictimer.32
LOAD hw/timer/pit.32
LOAD hw/fpu/x86/avx.32
LOAD hw/fpu/x86/sse.32
LOAD hw/fpu/x86/x87.32
LOAD /cygdrive/d/Users/Alex/Desktop/Toolchain/Output/bin/../lib/gcc/i386-banana/8.1.0/crtend.o
LOAD crtn.32
LOAD /cygdrive/d/Users/Alex/Desktop/Toolchain/Output/bin/../lib/gcc/i386-banana/8.1.0/libkgcc.a
LOAD D:/Users/Alex/Desktop/Banana/kernel/libsoftfp.a
LOAD D:/Users/Alex/Desktop/Banana/kernel/libk/libm32.a
                0x00000000c0000000                . = 0xc0000000

.text           0x00000000c0000000    0x28598
 *(.text)
 .text          0x00000000c0000000       0x41 D:/Users/Alex/Desktop/Banana/kernel/boot.32
                0x00000000c0000020                callGlobalConstructors
 .text          0x00000000c0000041        0x0 crti.32
 *fill*         0x00000000c0000041        0x3 
 .text          0x00000000c0000044      0x101 /cygdrive/d/Users/Alex/Desktop/Toolchain/Output/bin/../lib/gcc/i386-banana/8.1.0/crtbegin.o
 *fill*         0x00000000c0000145        0xb 
 .text          0x00000000c0000150      0x4ed D:/Users/Alex/Desktop/Banana/kernel/morenasm.32
                0x00000000c0000150                manualPCIProbe
                0x00000000c000019b                prepareTramp
                0x00000000c00001b4                voodooXADD
                0x00000000c000027f                doTPAUSE
                0x00000000c0000289                hasLegacyFPU
                0x00000000c00002ae                is486
                0x00000000c00002e4                detectCPUID
                0x00000000c00002fa                goToVM86
                0x00000000c000032a                goToUsermode
                0x00000000c0000354                switchToThreadASMFirstTime
                0x00000000c0000362                switchToThreadASM
                0x00000000c00003ea                asmQuickAcquireLock
                0x00000000c0000408                asmQuickReleaseLock
                0x00000000c0000414                asmAcquireLock
                0x00000000c0000435                asmReleaseLock
                0x00000000c0000448                loadGDT
                0x00000000c0000468                isr0
                0x00000000c0000478                isr1
                0x00000000c0000482                isr2
                0x00000000c000048c                isr3
                0x00000000c0000496                isr4
                0x00000000c00004a0                isr5
                0x00000000c00004aa                isr6
                0x00000000c00004b4                isr7
                0x00000000c00004be                isr8
                0x00000000c00004c6                isr9
                0x00000000c00004d0                isr10
                0x00000000c00004d8                isr11
                0x00000000c00004e0                isr12
                0x00000000c00004e8                isr13
                0x00000000c00004f0                isr14
                0x00000000c00004f8                isr15
                0x00000000c0000502                isr16
                0x00000000c000050c                isr17
                0x00000000c0000516                isr18
                0x00000000c0000520                irq3
                0x00000000c000052a                irq4
                0x00000000c0000534                irq5
                0x00000000c000053e                irq6
                0x00000000c0000548                irq7
                0x00000000c0000552                irq8
                0x00000000c000055c                irq9
                0x00000000c0000566                irq10
                0x00000000c0000570                irq11
                0x00000000c000057a                irq12
                0x00000000c0000584                irq13
                0x00000000c000058e                irq14
                0x00000000c0000598                irq15
                0x00000000c00005a2                irq1
                0x00000000c00005a9                irq2
                0x00000000c00005b0                isr96
                0x00000000c00005b7                irq0
                0x00000000c00005bc                int_common_stub
                0x00000000c00005bc                syscall_common_stub
                0x00000000c00005ed                irq16
                0x00000000c00005f7                irq17
                0x00000000c0000601                irq18
                0x00000000c000060b                irq19
                0x00000000c0000615                irq20
                0x00000000c000061f                irq21
                0x00000000c0000629                irq22
                0x00000000c0000633                irq23
 *fill*         0x00000000c000063d        0x3 
 .text          0x00000000c0000640      0x611 acpica/utclib.32
                0x00000000c0000640                memcmp
                0x00000000c000067c                memmove
                0x00000000c0000744                memcpy
                0x00000000c0000778                memset
                0x00000000c0000794                strlen
                0x00000000c00007ac                strpbrk
                0x00000000c00007e8                strtok
                0x00000000c0000834                strcpy
                0x00000000c0000858                strncpy
                0x00000000c00008c0                strcmp
                0x00000000c0000900                strchr
                0x00000000c0000924                strncmp
                0x00000000c0000974                strcat
                0x00000000c00009a4                strncat
                0x00000000c00009e0                strstr
                0x00000000c0000a28                toupper
                0x00000000c0000a3c                tolower
                0x00000000c0000a50                simple_strtoul
 .text          0x00000000c0000c51      0xfbf core/malloc.32
                0x00000000c0000dbc                dlfree
                0x00000000c0001117                dlmalloc
                0x00000000c0001654                dlrealloc
                0x00000000c0001809                dlmemalign
                0x00000000c000192c                dlcalloc
                0x00000000c00019c6                dlcfree
                0x00000000c00019cb                dlindependent_calloc
                0x00000000c00019f0                dlindependent_comalloc
                0x00000000c0001a07                dlvalloc
                0x00000000c0001a32                dlpvalloc
                0x00000000c0001a68                dlmalloc_trim
                0x00000000c0001a75                dlmalloc_usable_size
                0x00000000c0001aa6                dlmallinfo
                0x00000000c0001b75                dlmalloc_stats
                0x00000000c0001b86                dlmallopt
 .text          0x00000000c0001c10        0x0 libk/string.32
 .text          0x00000000c0001c10       0x51 fs/fat/diskio.32
                0x00000000c0001c10                disk_status
                0x00000000c0001c13                disk_initialize
                0x00000000c0001c16                disk_read
                0x00000000c0001c2c                disk_write
                0x00000000c0001c42                disk_ioctl
 .text          0x00000000c0001c61     0x6833 fs/fat/ff.32
                0x00000000c0004f2f                f_mount
                0x00000000c0004f91                f_open
                0x00000000c00053cd                f_read
                0x00000000c000564d                f_write
                0x00000000c0005907                f_sync
                0x00000000c0005ae3                f_close
                0x00000000c0005b12                f_lseek
                0x00000000c0005fc9                f_opendir
                0x00000000c00060cb                f_closedir
                0x00000000c00060ed                f_readdir
                0x00000000c0006188                f_stat
                0x00000000c0006217                f_getfree
                0x00000000c00063e2                f_truncate
                0x00000000c00064da                f_unlink
                0x00000000c000665d                f_mkdir
                0x00000000c0006889                f_rename
                0x00000000c0006b7c                f_chmod
                0x00000000c0006c5a                f_utime
                0x00000000c0006d38                f_getlabel
                0x00000000c0006f26                f_setlabel
                0x00000000c0007193                f_forward
                0x00000000c0007371                f_mkfs
 .text          0x00000000c0008494       0x2d fs/fat/ffsystem.32
                0x00000000c0008494                ff_memalloc
                0x00000000c00084aa                ff_memfree
 .text          0x00000000c00084c1      0x253 fs/fat/ffunicode.32
                0x00000000c00084c1                ff_uni2oem
                0x00000000c0008551                ff_oem2uni
                0x00000000c00085bd                ff_wtoupper
 .text          0x00000000c0008714      0x8fb hal/libresample/samplerate.32
                0x00000000c0008758                src_delete
                0x00000000c0008794                src_process
                0x00000000c000894a                src_callback_read
                0x00000000c0008ac7                src_set_ratio
                0x00000000c0008b31                src_get_channels
                0x00000000c0008b53                src_reset
                0x00000000c0008b9f                src_new
                0x00000000c0008c2d                src_callback_new
                0x00000000c0008c8f                src_get_name
                0x00000000c0008cc6                src_get_description
                0x00000000c0008cfd                src_get_version
                0x00000000c0008d03                src_is_valid_ratio
                0x00000000c0008d57                src_error
                0x00000000c0008d65                src_strerror
                0x00000000c0008d78                src_simple
                0x00000000c0008dcb                src_short_to_float_array
                0x00000000c0008e30                src_float_to_short_array
                0x00000000c0008eef                src_int_to_float_array
                0x00000000c0008f52                src_float_to_int_array
 .text          0x00000000c000900f      0x8cb hal/libresample/src_linear.32
                0x00000000c0009835                linear_get_name
                0x00000000c0009844                linear_get_description
                0x00000000c0009853                linear_set_converter
 .text          0x00000000c00098da     0x447c hal/libresample/src_sinc.32
                0x00000000c000dc6d                sinc_get_name
                0x00000000c000dc80                sinc_get_description
                0x00000000c000dc93                sinc_set_converter
 .text          0x00000000c000dd56      0x77c hal/libresample/src_zoh.32
                0x00000000c000e42d                zoh_get_name
                0x00000000c000e43c                zoh_get_description
                0x00000000c000e44b                zoh_set_converter
 .text          0x00000000c000e4d2       0x23 compat/inlines.32
                0x00000000c000e4d2                CPU::current()
                0x00000000c000e4df                operator new(unsigned long)
 .text          0x00000000c000e4f5      0x111 compat/resolve.32
                0x00000000c000e4f5                Krnl::resolveCompatibilitySymbol(char*)
 .text          0x00000000c000e606      0xa17 core/computer.32
                0x00000000c000e606                Computer::close(int, int, void*)
                0x00000000c000e64a                Krnl::firstTask()
                0x00000000c000e73a                Computer::Computer()
                0x00000000c000e73a                Computer::Computer()
                0x00000000c000e896                Computer::setBootMessage(char const*)
                0x00000000c000e898                Computer::detectFeatures()
                0x00000000c000eaa2                Computer::displayFeatures()
                0x00000000c000ede8                Computer::rdmsr(unsigned int)
                0x00000000c000ee14                Computer::wrmsr(unsigned int, unsigned long long)
                0x00000000c000ee4c                Computer::nmiEnabled()
                0x00000000c000ee58                Computer::readCMOS(unsigned char)
                0x00000000c000ee72                Computer::enableNMI(bool)
                0x00000000c000ee8a                Computer::open(int, int, void*)
                0x00000000c000ef60                Computer::disableNMI()
                0x00000000c000ef6e                Computer::writeCMOS(unsigned char, unsigned char)
                0x00000000c000ef8c                Computer::handleNMI()
                0x00000000c000eff2                Computer::setDiskActivityLight(int, bool)
 *fill*         0x00000000c000f01d        0x1 
 .text          0x00000000c000f01e      0x1b7 core/gdt.32
                0x00000000c000f01e                GDTEntry::setBase(unsigned int)
                0x00000000c000f03a                GDTEntry::setLimit(unsigned int)
                0x00000000c000f058                GDT::GDT()
                0x00000000c000f058                GDT::GDT()
                0x00000000c000f06e                GDT::addEntry(GDTEntry)
                0x00000000c000f0aa                GDT::getNumberOfEntries()
                0x00000000c000f0b2                GDT::flush()
                0x00000000c000f0d4                GDT::setup()
 .text          0x00000000c000f1d5       0x62 core/idle.32
                0x00000000c000f1d5                idleFunction(void*)
 *fill*         0x00000000c000f237        0x1 
 .text          0x00000000c000f238      0x45f core/idt.32
                0x00000000c000f238                IDTEntry::IDTEntry(bool)
                0x00000000c000f238                IDTEntry::IDTEntry(bool)
                0x00000000c000f2a6                IDTEntry::setOffset(unsigned int)
                0x00000000c000f2ba                IDT::IDT()
                0x00000000c000f2ba                IDT::IDT()
                0x00000000c000f2bc                IDT::getPointerToInvalidOpcodeEntryForF00F()
                0x00000000c000f2c4                IDT::addEntry(IDTEntry, int)
                0x00000000c000f2de                IDT::addEntry(int, void (*)(), bool)
                0x00000000c000f316                IDT::flush()
                0x00000000c000f330                IDT::setup()
 .text          0x00000000c000f697      0x203 core/kheap.32
                0x00000000c000f697                sbrk
                0x00000000c000f7a5                mmap
                0x00000000c000f7bb                munmap
                0x00000000c000f7d1                liballoc_lock()
                0x00000000c000f7e2                liballoc_unlock()
                0x00000000c000f7f3                liballoc_alloc(int)
                0x00000000c000f80e                liballoc_free(void*, int)
                0x00000000c000f82c                realloc
                0x00000000c000f840                malloc
                0x00000000c000f850                free
                0x00000000c000f860                rfree
                0x00000000c000f870                calloc
 .text          0x00000000c000f89a      0x480 core/main.32
                0x00000000c000f89a                hwTextMode_loadInData(VgaText*)
                0x00000000c000f8e5                hwTextMode_loadInTitle(VgaText*, char*)
                0x00000000c000f963                hwTextMode_showCursor(VgaText*, bool)
                0x00000000c000f9c1                hwTextMode_update(VgaText*)
                0x00000000c000f9c2                hwTextMode_updateCursor(VgaText*)
                0x00000000c000fa13                hwTextMode_disableBlink(VgaText*, bool)
                0x00000000c000fa59                hwTextMode_scrollScreen(VgaText*)
                0x00000000c000fb06                hwTextMode_writeCharacter(VgaText*, char, VgaColour, VgaColour, int, int)
                0x00000000c000fb88                setupTextMode()
                0x00000000c000fbf8                kernel_main
 .text          0x00000000c000fd1a      0x56a core/physmgr.32
                0x00000000c000fd1a                Phys::allocateDMA(unsigned long)
                0x00000000c000fdbd                Phys::freeDMA(unsigned long, unsigned long)
                0x00000000c000fe05                Phys::setPageState(unsigned long, bool)
                0x00000000c000fe37                Phys::getPageState(unsigned long)
                0x00000000c000fe53                Phys::freePage(unsigned long)
                0x00000000c000fedd                Phys::allocatePage()
                0x00000000c000ffc2                Phys::allocateContiguousPages(int)
                0x00000000c001001c                Phys::allowSegmentToBeUsed(unsigned long, unsigned long)
                0x00000000c0010054                Phys::physicalMemorySetup(unsigned int)
 .text          0x00000000c0010284      0x273 core/pipe.32
                0x00000000c0010284                Pipe::isAtty()
                0x00000000c0010288                Pipe::~Pipe()
                0x00000000c0010288                Pipe::~Pipe()
                0x00000000c00102ac                Pipe::~Pipe()
                0x00000000c00102d4                Pipe::read(unsigned long long, void*, int*)
                0x00000000c00103c8                Pipe::write(unsigned long long, void*, int*)
                0x00000000c0010490                Pipe::Pipe(int)
                0x00000000c0010490                Pipe::Pipe(int)
 *fill*         0x00000000c00104f7        0x1 
 .text          0x00000000c00104f8      0xf73 core/terminal.32
                0x00000000c00104f8                VgaText::isAtty()
                0x00000000c00104fc                VgaText::~VgaText()
                0x00000000c00104fc                VgaText::~VgaText()
                0x00000000c0010520                VgaText::~VgaText()
                0x00000000c001054a                VgaText::read(unsigned long long, void*, int*)
                0x00000000c001056a                setTerminalScrollLock(bool)
                0x00000000c001056b                addToTerminalCycle(VgaText*)
                0x00000000c0010598                installVgaTextImplementation()
                0x00000000c00105ad                scrollTerminalScrollLock(int)
                0x00000000c00105ae                VgaText::load()
                0x00000000c0010602                VgaText::updateCursor()
                0x00000000c001061c                VgaText::showCursor(bool)
                0x00000000c001062c                VgaText::disableBlink(bool)
                0x00000000c0010666                VgaText::doANSI_SGR(int)
                0x00000000c00106f2                VgaText::setDefaultBgColour(VgaColour)
                0x00000000c0010708                VgaText::setDefaultFgColour(VgaColour)
                0x00000000c001071e                VgaText::setDefaultColours(VgaColour, VgaColour)
                0x00000000c001073e                VgaText::combineColours(unsigned char, unsigned char)
                0x00000000c0010750                VgaText::scrollScreen()
                0x00000000c00107e4                VgaText::combineCharAndColour(char, unsigned char)
                0x00000000c00107f6                VgaText::writeCharacter(char, VgaColour, VgaColour, int, int)
                0x00000000c0010856                VgaText::getCursorX()
                0x00000000c0010862                VgaText::getCursorY()
                0x00000000c001086e                VgaText::setCursor(int, int)
                0x00000000c001088c                VgaText::setCursorX(int)
                0x00000000c00108a8                VgaText::setCursorY(int)
                0x00000000c00108c4                VgaText::incrementCursor(bool)
                0x00000000c001092c                VgaText::updateRAMUsageDisplay(int)
                0x00000000c0010990                VgaText::updateDiskUsage()
                0x00000000c0010afa                VgaText::updateTitle()
                0x00000000c0010b40                VgaText::setTitleTextColour(VgaColour)
                0x00000000c0010b50                VgaText::setTitleColour(VgaColour)
                0x00000000c0010b60                VgaText::setTitle(char*)
                0x00000000c0010b86                VgaText::decrementCursor(bool)
                0x00000000c0010bae                VgaText::putchar(char, VgaColour, VgaColour)
                0x00000000c0010caa                VgaText::isShowingCursor()
                0x00000000c0010cb6                VgaText::isBlinkDisabled()
                0x00000000c0010cc4                VgaText::setCursorHeight(int)
                0x00000000c0010ce2                VgaText::getCursorHeight()
                0x00000000c0010ced                setActiveTerminal(VgaText*)
                0x00000000c0010d9f                doTerminalCycle()
                0x00000000c0010dbc                VgaText::doUpdate()
                0x00000000c0010dce                VgaText::puts(char const*, VgaColour, VgaColour)
                0x00000000c0010f8e                VgaText::clearScreen()
                0x00000000c0010ff2                VgaText::putchar(char)
                0x00000000c001110c                VgaText::puts(char const*)
                0x00000000c0011132                VgaText::putx(unsigned int)
                0x00000000c0011178                VgaText::VgaText(char const*)
                0x00000000c0011178                VgaText::VgaText(char const*)
                0x00000000c001130a                VgaText::receiveKey(unsigned char)
                0x00000000c00113f2                VgaText::write(unsigned long long, void*, int*)
                0x00000000c0011446                newTerminal(char*)
 *fill*         0x00000000c001146b        0x1 
 .text          0x00000000c001146c      0x1b3 core/tss.32
                0x00000000c001146c                TSS::TSS()
                0x00000000c001146c                TSS::TSS()
                0x00000000c001147a                TSS::setESP(unsigned long)
                0x00000000c001148c                TSS::flush()
                0x00000000c00114ac                TSS::setup(unsigned long, unsigned long)
 *fill*         0x00000000c001161f        0x1 
 .text          0x00000000c0011620      0x4c2 core/unixfile.32
                0x00000000c0011620                ReservedFilename::read(unsigned long long, void*, int*)
                0x00000000c0011676                ReservedFilename::isAtty()
                0x00000000c0011692                ReservedFilename::write(unsigned long long, void*, int*)
                0x00000000c00116f0                UnixFile::getFileDescriptor()
                0x00000000c00116f8                UnixFile::UnixFile(int)
                0x00000000c00116f8                UnixFile::UnixFile(int)
                0x00000000c00118a8                ReservedFilename::ReservedFilename(int)
                0x00000000c00118a8                ReservedFilename::ReservedFilename(int)
                0x00000000c00118da                UnixFile::~UnixFile()
                0x00000000c00118da                UnixFile::~UnixFile()
                0x00000000c0011972                UnixFile::~UnixFile()
                0x00000000c001199a                ReservedFilename::~ReservedFilename()
                0x00000000c001199a                ReservedFilename::~ReservedFilename()
                0x00000000c00119be                ReservedFilename::~ReservedFilename()
                0x00000000c00119e5                getFromFileDescriptor(int)
 .text          0x00000000c0011ae2     0x123e core/virtmgr.32
                0x00000000c0011ae2                Virt::swappingSetup()
                0x00000000c0011c5c                Virt::setPageState(unsigned long, Virt::VirtPageState)
                0x00000000c0011c91                Virt::getPageState(unsigned long)
                0x00000000c0011cb5                Virt::allocateKernelVirtualPages(int)
                0x00000000c0011dc6                Virt::freeSwapfilePage(unsigned long)
                0x00000000c0011de4                Virt::swapIDToSector(unsigned long)
                0x00000000c0011df6                Virt::allocateSwapfilePage()
                0x00000000c0011e74                Virt::virtualMemorySetup()
                0x00000000c0011ef3                Virt::getAKernelVAS()
                0x00000000c0011efa                VAS::VAS()
                0x00000000c0011efa                VAS::VAS()
                0x00000000c0011f36                VAS::VAS(VAS*)
                0x00000000c0011f36                VAS::VAS(VAS*)
                0x00000000c0011f64                VAS::getForeignPageTableEntry(bool, unsigned long)
                0x00000000c0011f90                VAS::getPageTableEntry(unsigned long)
                0x00000000c0011faf                Virt::freeKernelVirtualPages(unsigned long)
                0x00000000c00120d2                VAS::freeAllocatedPages(unsigned long)
                0x00000000c00120f6                VAS::virtualToPhysical(unsigned long)
                0x00000000c001210e                VAS::reflagRange(unsigned long, int, int, int)
                0x00000000c001214e                VAS::setToWriteCombining(unsigned long, int)
                0x00000000c0012180                VAS::mapOtherVASIn(bool, VAS*)
                0x00000000c00121aa                VAS::~VAS()
                0x00000000c00121aa                VAS::~VAS()
                0x00000000c0012316                VAS::mapPage(unsigned long, unsigned long, int)
                0x00000000c0012416                VAS::allocatePages(int, int)
                0x00000000c00125ee                VAS::setCPUSpecific(unsigned long)
                0x00000000c001260a                VAS::mapRange(unsigned long, unsigned long, int, int)
                0x00000000c00126d0                VAS::mapForeignPage(bool, VAS*, unsigned long, unsigned long, int)
                0x00000000c00127be                VAS::VAS(bool)
                0x00000000c00127be                VAS::VAS(bool)
                0x00000000c0012a24                VAS::evict(unsigned long)
                0x00000000c0012aac                VAS::tryLoadBackOffDisk(unsigned long)
                0x00000000c0012b82                VAS::scanForEviction()
                0x00000000c0012c64                mapVASFirstTime
 .text          0x00000000c0012d20       0x95 coreobjs/c++.32
                0x00000000c0012d20                __cxa_atexit
                0x00000000c0012d23                __cxa_finalize
                0x00000000c0012d24                __stack_chk_fail
                0x00000000c0012d90                __cxa_pure_virtual
                0x00000000c0012da1                operator new[](unsigned long)
                0x00000000c0012da6                operator delete(void*, unsigned long)
                0x00000000c0012dab                operator delete[](void*)
                0x00000000c0012db0                operator delete[](void*, unsigned long)
 .text          0x00000000c0012db5      0x1ef dbg/kconsole.32
                0x00000000c0012db5                Dbg::stringifyxWithBase(unsigned int, char*, int)
                0x00000000c0012e16                Dbg::logc(char)
                0x00000000c0012e2d                Dbg::logs(char*)
                0x00000000c0012e4a                Dbg::logWriteInt(unsigned int)
                0x00000000c0012e67                Dbg::logWriteIntBase(unsigned int, int)
                0x00000000c0012e86                Dbg::kprintf(char const*, ...)
 .text          0x00000000c0012fa4      0xb7c fs/vfs.32
                0x00000000c0012fa4                File::read(unsigned long long, void*, int*)
                0x00000000c0012ffc                File::write(unsigned long long, void*, int*)
                0x00000000c0013054                Directory::read(unsigned long long, void*, int*)
                0x00000000c00130ac                Directory::write(unsigned long long, void*, int*)
                0x00000000c00130da                File::isAtty()
                0x00000000c00130de                Directory::isAtty()
                0x00000000c00130e2                Filesystem::getlabel(LogicalDisk*, int, char*, unsigned int*)
                0x00000000c00130e8                Filesystem::setlabel(LogicalDisk*, int, char*)
                0x00000000c00130ee                File::~File()
                0x00000000c00130ee                File::~File()
                0x00000000c0013112                File::~File()
                0x00000000c001313c                Directory::~Directory()
                0x00000000c001313c                Directory::~Directory()
                0x00000000c0013160                Directory::~Directory()
                0x00000000c001318a                Filesystem::Filesystem()
                0x00000000c001318a                Filesystem::Filesystem()
                0x00000000c00131ae                Filesystem::~Filesystem()
                0x00000000c00131ae                Filesystem::~Filesystem()
                0x00000000c00131bc                Filesystem::~Filesystem()
                0x00000000c00131e0                Fs::getcwd(Process*, char*, int)
                0x00000000c001320a                Fs::initVFS()
                0x00000000c0013234                Fs::standardiseFiles(char*, char const*, char const*)
                0x00000000c00133de                File::File(char const*, Process*)
                0x00000000c00133de                File::File(char const*, Process*)
                0x00000000c0013442                File::open(FileOpenMode)
                0x00000000c00134a0                File::close()
                0x00000000c0013500                File::seek(unsigned long long)
                0x00000000c0013556                File::tell(unsigned long long*)
                0x00000000c00135a6                File::rewind()
                0x00000000c00135ba                File::unlink()
                0x00000000c0013606                File::rename(char const*)
                0x00000000c0013654                File::chfatattr(unsigned char, unsigned char)
                0x00000000c00136b0                File::exists()
                0x00000000c00136ee                File::stat(unsigned long long*, bool*)
                0x00000000c001374f                Fs::setcwd(Process*, char*)
                0x00000000c001388a                Directory::Directory(char const*, Process*)
                0x00000000c001388a                Directory::Directory(char const*, Process*)
                0x00000000c00138ee                Directory::open()
                0x00000000c001394a                Directory::close()
                0x00000000c00139aa                Directory::unlink()
                0x00000000c00139f6                Directory::rename(char const*)
                0x00000000c0013a44                Directory::exists()
                0x00000000c0013a82                Directory::read(dirent*)
                0x00000000c0013ace                Directory::create()
                0x00000000c0013b1a                Filesystem::chfatattr(char const*, unsigned char, unsigned char)
 .text          0x00000000c0013b20       0x84 hal/bus.32
                0x00000000c0013b20                Bus::Bus(char const*)
                0x00000000c0013b20                Bus::Bus(char const*)
                0x00000000c0013b56                Bus::~Bus()
                0x00000000c0013b56                Bus::~Bus()
                0x00000000c0013b7a                Bus::~Bus()
 .text          0x00000000c0013ba4      0x14e hal/buzzer.32
                0x00000000c0013ba4                Buzzer::Buzzer(char const*)
                0x00000000c0013ba4                Buzzer::Buzzer(char const*)
                0x00000000c0013be8                Buzzer::~Buzzer()
                0x00000000c0013be8                Buzzer::~Buzzer()
                0x00000000c0013c0c                Buzzer::~Buzzer()
                0x00000000c0013c36                Buzzer::stop()
                0x00000000c0013c49                beepThread(void*)
                0x00000000c0013c84                Buzzer::beep(int, int, bool)
 .text          0x00000000c0013cf2      0x467 hal/clock.32
                0x00000000c0013cf2                User::loadClockSettings(int)
                0x00000000c0013d44                Clock::Clock(char const*)
                0x00000000c0013d44                Clock::Clock(char const*)
                0x00000000c0013d7a                Clock::~Clock()
                0x00000000c0013d7a                Clock::~Clock()
                0x00000000c0013d9e                Clock::~Clock()
                0x00000000c0013dc8                Clock::timeInSecondsLocal()
                0x00000000c0013e10                Clock::setTimeInSecondsLocal(unsigned long long)
                0x00000000c0013e69                datetimeToSeconds(datetime_t)
                0x00000000c0013f90                Clock::setTimeInDatetimeLocal(datetime_t)
                0x00000000c0013ff0                secondsToDatetime(unsigned long long)
                0x00000000c0014134                Clock::timeInDatetimeLocal()
 *fill*         0x00000000c0014159        0x1 
 .text          0x00000000c001415a      0x4de hal/device.32
                0x00000000c001415a                Device::hibernate()
                0x00000000c001415c                Device::wake()
                0x00000000c001415e                Device::detect()
                0x00000000c0014160                Device::disableLegacy()
                0x00000000c0014162                Device::powerSaving(PowerSavingLevel)
                0x00000000c0014164                DriverlessDevice::close(int, int, void*)
                0x00000000c0014168                DriverlessDevice::detect()
                0x00000000c001416a                DriverlessDevice::open(int, int, void*)
                0x00000000c001417e                Device::~Device()
                0x00000000c001417e                Device::~Device()
                0x00000000c001418c                Device::~Device()
                0x00000000c00141b4                Device::findAndLoadDriver()
                0x00000000c00141b6                Device::preOpenPCI(PCIDeviceInfo)
                0x00000000c00141dc                Device::preOpenACPI(void*, char*, char*)
                0x00000000c0014230                Device::addIRQHandler(int, void (*)(regs*, void*), bool, void*)
                0x00000000c001426e                Device::removeIRQHandler(int, void (*)(regs*, void*), bool)
                0x00000000c00142ac                Device::addChild(Device*)
                0x00000000c00142f0                Device::removeAllChildren()
                0x00000000c0014336                Device::hibernateAll()
                0x00000000c0014366                Device::wakeAll()
                0x00000000c0014396                Device::detectAll()
                0x00000000c00143c6                Device::disableLegacyAll()
                0x00000000c00143f6                Device::loadDriversForAll()
                0x00000000c0014422                Device::closeAll()
                0x00000000c0014458                Device::powerSavingAll(PowerSavingLevel)
                0x00000000c001448e                Device::setName(char const*)
                0x00000000c001449c                Device::Device(char const*)
                0x00000000c001449c                Device::Device(char const*)
                0x00000000c0014598                Device::getName()
                0x00000000c00145a2                DriverlessDevice::DriverlessDevice(char const*)
                0x00000000c00145a2                DriverlessDevice::DriverlessDevice(char const*)
                0x00000000c00145ca                Device::addToLinkedList(LinkedList<Device>&, DeviceType)
                0x00000000c001460e                getDevicesOfType(DeviceType)
 .text          0x00000000c0014638       0x84 hal/diskctrl.32
                0x00000000c0014638                HardDiskController::HardDiskController(char const*)
                0x00000000c0014638                HardDiskController::HardDiskController(char const*)
                0x00000000c001466e                HardDiskController::~HardDiskController()
                0x00000000c001466e                HardDiskController::~HardDiskController()
                0x00000000c0014692                HardDiskController::~HardDiskController()
 .text          0x00000000c00146bc       0xf2 hal/diskphys.32
                0x00000000c00146bc                PhysicalDisk::eject()
                0x00000000c00146d0                PhysicalDisk::PhysicalDisk(char const*, int)
                0x00000000c00146d0                PhysicalDisk::PhysicalDisk(char const*, int)
                0x00000000c0014738                PhysicalDisk::startCache()
                0x00000000c0014760                PhysicalDisk::~PhysicalDisk()
                0x00000000c0014760                PhysicalDisk::~PhysicalDisk()
                0x00000000c0014784                PhysicalDisk::~PhysicalDisk()
 .text          0x00000000c00147ae      0x13b hal/fpu.32
                0x00000000c00147ae                FPU::FPU(char const*)
                0x00000000c00147ae                FPU::FPU(char const*)
                0x00000000c00147e4                FPU::~FPU()
                0x00000000c00147e4                FPU::~FPU()
                0x00000000c0014808                FPU::~FPU()
                0x00000000c0014832                setupFPU()
 *fill*         0x00000000c00148e9        0x1 
 .text          0x00000000c00148ea     0x13a7 hal/intctrl.32
                0x00000000c00148ea                InterruptController::uninstallISRHandler(int, void (*)(regs*, void*))
                0x00000000c0014922                InterruptController::installISRHandler(int, void (*)(regs*, void*), void*)
                0x00000000c0014974                doubleFault(regs*, void*)
                0x00000000c001498e                InterruptController::installIRQHandler(int, void (*)(regs*, void*), bool, void*)
                0x00000000c0014a2a                InterruptController::clearAllHandlers(int, bool)
                0x00000000c0014ad2                InterruptController::uninstallIRQHandler(int, void (*)(regs*, void*), bool)
                0x00000000c0014b59                nmiHandler(regs*, void*)
                0x00000000c0014b67                int_handler
                0x00000000c0014c08                InterruptController::InterruptController(char const*)
                0x00000000c0014c08                InterruptController::InterruptController(char const*)
                0x00000000c0014cae                InterruptController::~InterruptController()
                0x00000000c0014cae                InterruptController::~InterruptController()
                0x00000000c0014cd2                InterruptController::~InterruptController()
                0x00000000c0014cfc                displayDebugInfo(regs*)
                0x00000000c001518b                x87EmulHandler(regs*, void*)
                0x00000000c00151ba                gpFault(regs*, void*)
                0x00000000c00151f3                pgFault(regs*, void*)
                0x00000000c001522f                otherISRHandler(regs*, void*)
                0x00000000c001524e                opcodeFault(regs*, void*)
                0x00000000c0015854                displayProgramFault(char const*)
                0x00000000c001587c                setupInterruptController()
                0x00000000c0015c44                InterruptController::convertLegacyIRQNumber(int)
 *fill*         0x00000000c0015c91        0x1 
 .text          0x00000000c0015c92      0x6c8 hal/keybrd.32
                0x00000000c0015c92                startGUI(void*)
                0x00000000c0015cee                startGUIVESA(void*)
                0x00000000c0015d4a                sendKeyToTerminal(unsigned char)
                0x00000000c0015db6                sendKeyboardToken(KeyboardToken)
                0x00000000c00161f3                clearInternalKeybuffer(VgaText*)
                0x00000000c0016228                readKeyboard(VgaText*, char*, unsigned long)
                0x00000000c00162d0                Keyboard::Keyboard(char const*)
                0x00000000c00162d0                Keyboard::Keyboard(char const*)
                0x00000000c001630c                Keyboard::~Keyboard()
                0x00000000c001630c                Keyboard::~Keyboard()
                0x00000000c0016330                Keyboard::~Keyboard()
 .text          0x00000000c001635a      0x414 hal/logidisk.32
                0x00000000c001635a                LogicalDisk::close(int, int, void*)
                0x00000000c001635e                LogicalDisk::~LogicalDisk()
                0x00000000c001635e                LogicalDisk::~LogicalDisk()
                0x00000000c0016382                LogicalDisk::~LogicalDisk()
                0x00000000c00163ac                LogicalDisk::open(int, int, void*)
                0x00000000c00163c0                LogicalDisk::absoluteToRelative(unsigned long long)
                0x00000000c00163f8                LogicalDisk::relativeToAbsolute(unsigned long long)
                0x00000000c001643e                LogicalDisk::LogicalDisk(char const*, PhysicalDisk*, unsigned long long, unsigned long long)
                0x00000000c001643e                LogicalDisk::LogicalDisk(char const*, PhysicalDisk*, unsigned long long, unsigned long long)
                0x00000000c00164f4                LogicalDisk::assignDriveLetter()
                0x00000000c00165aa                LogicalDisk::mount()
                0x00000000c001661c                LogicalDisk::unmount()
                0x00000000c001662c                LogicalDisk::eject()
                0x00000000c0016640                LogicalDisk::unassignDriveLetter()
                0x00000000c0016696                LogicalDisk::read(unsigned long long, int, void*)
                0x00000000c0016702                LogicalDisk::write(unsigned long long, int, void*)
 .text          0x00000000c001676e       0x84 hal/mouse.32
                0x00000000c001676e                Mouse::Mouse(char const*)
                0x00000000c001676e                Mouse::Mouse(char const*)
                0x00000000c00167a4                Mouse::~Mouse()
                0x00000000c00167a4                Mouse::~Mouse()
                0x00000000c00167c8                Mouse::~Mouse()
 .text          0x00000000c00167f2      0x34d hal/partition.32
                0x00000000c00167f2                makePartition(PhysicalDisk*, unsigned long long, unsigned long long)
                0x00000000c00168ae                createPartitionsForDisk(PhysicalDisk*)
 *fill*         0x00000000c0016b3f        0x1 
 .text          0x00000000c0016b40       0x84 hal/serial.32
                0x00000000c0016b40                Serial::Serial(char const*)
                0x00000000c0016b40                Serial::Serial(char const*)
                0x00000000c0016b76                Serial::~Serial()
                0x00000000c0016b76                Serial::~Serial()
                0x00000000c0016b9a                Serial::~Serial()
 .text          0x00000000c0016bc4      0x2b8 hal/timer.32
                0x00000000c0016bc4                Timer::Timer(char const*)
                0x00000000c0016bc4                Timer::Timer(char const*)
                0x00000000c0016bfa                Timer::~Timer()
                0x00000000c0016bfa                Timer::~Timer()
                0x00000000c0016c1e                Timer::~Timer()
                0x00000000c0016c48                Timer::read()
                0x00000000c0016c53                timerHandler(unsigned long long)
                0x00000000c0016d8a                setupTimer(int)
 .text          0x00000000c0016e7c      0x425 hal/vcache.32
                0x00000000c0016e7c                VCache::VCache(PhysicalDisk*)
                0x00000000c0016e7c                VCache::VCache(PhysicalDisk*)
                0x00000000c0016fe4                VCache::invalidateReadBuffer()
                0x00000000c0016ff4                VCache::writeWriteBuffer()
                0x00000000c0017030                VCache::~VCache()
                0x00000000c0017030                VCache::~VCache()
                0x00000000c0017084                VCache::~VCache()
                0x00000000c00170ac                VCache::write(unsigned long long, int, void*)
                0x00000000c00171a2                VCache::read(unsigned long long, int, void*)
 *fill*         0x00000000c00172a1        0x1 
 .text          0x00000000c00172a2      0x4cd hal/video.32
                0x00000000c00172a2                Video::putrect(int, int, int, int, unsigned int)
                0x00000000c00172ee                Video::bitblit(int, int, int, int, int, int, int, unsigned int*)
                0x00000000c001735e                Video::blit(unsigned int*, int, int, int, int)
                0x00000000c00173dc                Video::clearScreen(unsigned int)
                0x00000000c0017410                Video::putpixel(int, int, unsigned int)
                0x00000000c001741e                Video::Video(char const*)
                0x00000000c001741e                Video::Video(char const*)
                0x00000000c0017454                Video::~Video()
                0x00000000c0017454                Video::~Video()
                0x00000000c0017478                Video::~Video()
                0x00000000c00174a2                Video::isMonochrome()
                0x00000000c00174ae                Video::getWidth()
                0x00000000c00174ba                Video::getHeight()
                0x00000000c00174c6                Video::drawCursor(int, int, unsigned char*, int)
                0x00000000c0017582                Video::tgaParse(unsigned char*, int, int*, int*)
                0x00000000c0017704                Video::putTGA(int, int, unsigned char*, int)
 *fill*         0x00000000c001776f        0x1 
 .text          0x00000000c0017770      0xf68 hw/acpi.32
                0x00000000c0017770                ACPI::close(int, int, void*)
                0x00000000c0017825                findRSDP()
                0x00000000c00178af                loadACPITables(unsigned char*)
                0x00000000c0017ad6                findRSDT(unsigned char*)
                0x00000000c0017bf4                findDataTable(unsigned char*, char*)
                0x00000000c0017c90                scanMADT()
                0x00000000c0018116                ACPI::ACPI()
                0x00000000c0018116                ACPI::ACPI()
                0x00000000c0018180                ACPI::getPCIIRQAssignment(unsigned char, unsigned short, unsigned char)
                0x00000000c0018262                ACPI::registerPCIIRQAssignment(void*, unsigned short, unsigned char, unsigned char)
                0x00000000c0018328                ACPI::setScreenBrightnessLevel(void*, int)
                0x00000000c001832e                ACPI::writeSimpleBootFlag(SimpleBootFlagTable*)
                0x00000000c0018376                ACPI::open(int, int, void*)
                0x00000000c00186c0                ACPI::sleep()
 .text          0x00000000c00186d8     0x1715 hw/cpu.32
                0x00000000c00186d8                CPU::close(int, int, void*)
                0x00000000c00186dc                CPU::lookupAMDName(unsigned char, unsigned char)
                0x00000000c0018870                CPU::lookupIntelName(unsigned char, unsigned char)
                0x00000000c0018b1e                CPU::AMD_K6_write_msr(unsigned int, unsigned int, unsigned int, CPU::REGS*)
                0x00000000c0018b3a                CPU::AMD_K6_read_msr(unsigned int, CPU::REGS*)
                0x00000000c0018b52                CPU::AMD_K6_writeback(int, int, int)
                0x00000000c0018bc6                CPU::cpuid(int, unsigned long*, unsigned long*, unsigned long*, unsigned long*)
                0x00000000c0018c4a                CPU::cpuidCheckEDX(unsigned int)
                0x00000000c0018c78                CPU::cpuidCheckECX(unsigned int)
                0x00000000c0018ca6                CPU::cpuidCheckExtendedEBX(unsigned int)
                0x00000000c0018cd4                CPU::cpuidCheckExtendedECX(unsigned int)
                0x00000000c0018d02                CPU::CPU()
                0x00000000c0018d02                CPU::CPU()
                0x00000000c0018d90                CPU::displayFeatures()
                0x00000000c001900c                CPU::detectFeatures()
                0x00000000c00199fc                CPU::setupSMEP()
                0x00000000c0019a08                CPU::setupUMIP()
                0x00000000c0019a12                CPU::setupTSC()
                0x00000000c0019a1c                CPU::setupLargePages()
                0x00000000c0019a26                CPU::setupPAT()
                0x00000000c0019a62                CPU::setupMTRR()
                0x00000000c0019a64                CPU::setupGlobalPages()
                0x00000000c0019a6e                CPU::allowUsermodeDataAccess()
                0x00000000c0019a80                CPU::prohibitUsermodeDataAccess()
                0x00000000c0019a92                CPU::setupSMAP()
                0x00000000c0019aa0                CPU::setupFeatures()
                0x00000000c0019b20                CPU::open(int, int, void*)
                0x00000000c0019bf2                CPU::decodeAddress(regs*, int*, bool*, unsigned char*)
 .text          0x00000000c0019ded        0x0 hw/ports.32
 .text          0x00000000c0019ded      0x16a hw/smp.32
                0x00000000c0019ded                Krnl::smpEntry()
                0x00000000c0019def                Krnl::startCPU(int)
                0x00000000c0019f38                Krnl::startCPUs()
 *fill*         0x00000000c0019f57        0x1 
 .text          0x00000000c0019f58      0x5d3 krnl/env.32
                0x00000000c0019f58                EnvVarContainer::getEnv(char const*)
                0x00000000c0019f96                EnvVarContainer::setEnv(char const*, char const*)
                0x00000000c001a062                EnvVarContainer::deleteEnv(char const*)
                0x00000000c001a064                EnvVarContainer::loadFrom(char const*, char const*)
                0x00000000c001a25a                EnvVarContainer::__loadSystem()
                0x00000000c001a274                EnvVarContainer::__loadUser()
                0x00000000c001a276                EnvVarContainer::EnvVarContainer(Process*)
                0x00000000c001a276                EnvVarContainer::EnvVarContainer(Process*)
                0x00000000c001a298                EnvVarContainer::~EnvVarContainer()
                0x00000000c001a298                EnvVarContainer::~EnvVarContainer()
                0x00000000c001a2c8                Krnl::getEnv(Process*, char const*)
                0x00000000c001a32d                Krnl::setEnvSystem(char const*, char const*)
                0x00000000c001a347                Krnl::setEnvUser(char const*, char const*)
                0x00000000c001a366                Krnl::setEnvProcess(Process*, char const*, char const*)
                0x00000000c001a379                Krnl::deleteEnvSystem(char const*)
                0x00000000c001a37a                Krnl::deleteEnvUser(char const*)
                0x00000000c001a37b                Krnl::deleteEnvProcess(Process*, char const*)
                0x00000000c001a37c                Krnl::newProcessEnv(Process*)
                0x00000000c001a39e                Krnl::copyProcessEnv(Process*, Process*)
                0x00000000c001a3f2                Krnl::loadSystemEnv()
                0x00000000c001a420                Krnl::loadUserEnv()
                0x00000000c001a446                Krnl::flushEnv()
                0x00000000c001a447                Krnl::getProcessTotalEnvCount(Process*)
                0x00000000c001a467                Krnl::getProcessEnvPair(Process*, int)
 .text          0x00000000c001a52b      0x396 krnl/panic.32
                0x00000000c001a52b                Krnl::panic(char const*)
 .text          0x00000000c001a8c1      0x3b6 net/ethernet.32
                0x00000000c001a8c1                Net::switchEndian16(unsigned short)
                0x00000000c001a8e2                Net::switchEndian32(unsigned int)
                0x00000000c001a911                Net::crc32Calc(unsigned char*, int)
                0x00000000c001a9a2                Net::wrapEthernetFrame(Net::UnwrappedEthernetFrame, unsigned char*)
                0x00000000c001aade                Net::unwrapEthernetFrame(unsigned char*, int)
 .text          0x00000000c001ac77      0x513 reg/registry.32
                0x00000000c001ac77                Reg::findLineFromLoadedData(char*, char*, char*)
                0x00000000c001adcf                Reg::getLineFromRegistry(char*, char*, char*, char*)
                0x00000000c001af24                Reg::getLine(char*, char*, char*)
                0x00000000c001af5b                Reg::readInt(char*, char*, int*)
                0x00000000c001b046                Reg::readString(char*, char*, char*, int)
                0x00000000c001b0c7                Reg::readBool(char*, char*, bool*)
                0x00000000c001b0ec                Reg::readBoolWithDefault(char*, char*, bool)
                0x00000000c001b118                Reg::readIntWithDefault(char*, char*, int)
                0x00000000c001b144                Reg::readStringWithDefault(char*, char*, char*, int, char*)
 .text          0x00000000c001b18a       0x36 sys/sc_eject.32
                0x00000000c001b18a                Sys::eject(regs*)
 .text          0x00000000c001b1c0       0x18 sys/sc_exit.32
                0x00000000c001b1c0                Sys::exit(regs*)
 .text          0x00000000c001b1d8       0x1f sys/sc_getcwd.32
                0x00000000c001b1d8                Sys::getCwd(regs*)
 .text          0x00000000c001b1f7        0xc sys/sc_getpid.32
                0x00000000c001b1f7                Sys::getPID(regs*)
 .text          0x00000000c001b203       0x17 sys/sc_getramdata.32
                0x00000000c001b203                Sys::getRAMData(regs*)
 .text          0x00000000c001b21a       0xa8 sys/sc_loaddll.32
                0x00000000c001b21a                Sys::loadDLL(regs*)
 .text          0x00000000c001b2c2       0x68 sys/sc_read.32
                0x00000000c001b2c2                Sys::read(regs*)
 .text          0x00000000c001b32a       0x55 sys/sc_sbrk.32
                0x00000000c001b32a                Sys::sbrk(regs*)
 .text          0x00000000c001b37f       0x1c sys/sc_setcwd.32
                0x00000000c001b37f                Sys::setCwd(regs*)
 .text          0x00000000c001b39b      0x128 sys/sc_settime.32
                0x00000000c001b39b                Sys::setTime(regs*)
 .text          0x00000000c001b4c3       0x4a sys/sc_timezone.32
                0x00000000c001b4c3                Sys::timezone(regs*)
 .text          0x00000000c001b50d       0x68 sys/sc_write.32
                0x00000000c001b50d                Sys::write(regs*)
 .text          0x00000000c001b575       0x62 sys/sc_wsbe.32
                0x00000000c001b575                Sys::wsbe(regs*)
 .text          0x00000000c001b5d7       0x3b sys/sc_yield.32
                0x00000000c001b5d7                Sys::yield(regs*)
 .text          0x00000000c001b612     0x10e5 sys/syscalls.32
                0x00000000c001b612                sysCallSeekDir(regs*)
                0x00000000c001b617                sysCallTellDir(regs*)
                0x00000000c001b61c                sysCallVerify(regs*)
                0x00000000c001b626                sysFormatDisk(regs*)
                0x00000000c001b690                sysSetDiskVolumeLabel(regs*)
                0x00000000c001b6d6                sysGetDiskVolumeLabel(regs*)
                0x00000000c001b727                sysShutdown(regs*)
                0x00000000c001b785                sysCallRealpath(regs*)
                0x00000000c001b7c8                sysCallGetArgc(regs*)
                0x00000000c001b7f6                sysCallReadDir(regs*)
                0x00000000c001b884                sysCallIsATTY(regs*)
                0x00000000c001b8de                sysCallSeek(regs*)
                0x00000000c001b947                sysCallTell(regs*)
                0x00000000c001b9c4                sysCallSize(regs*)
                0x00000000c001ba47                sysCallSizeFromFilename(regs*)
                0x00000000c001bb07                sysCallClose(regs*)
                0x00000000c001bb8f                sysCallOpenDir(regs*)
                0x00000000c001bc04                sysCallCloseDir(regs*)
                0x00000000c001bc6a                sysCallMakeDir(regs*)
                0x00000000c001bcda                sysCallWait(regs*)
                0x00000000c001bcf4                sysCallNotImpl(regs*)
                0x00000000c001bd0f                sysPanic(regs*)
                0x00000000c001bd35                sysCallRmdir(regs*)
                0x00000000c001bd99                sysCallUnlink(regs*)
                0x00000000c001bdfd                sysCallGetArgv(regs*)
                0x00000000c001be49                sysCallTTYName(regs*)
                0x00000000c001becc                sysCallUSleep(regs*)
                0x00000000c001bef3                sysCallSpawn(regs*)
                0x00000000c001bf4b                sysCallGetEnv(regs*)
                0x00000000c001c083                sysAppSettings(regs*)
                0x00000000c001c1a2                sysSetFatAttrib(regs*)
                0x00000000c001c214                sysPipe(regs*)
                0x00000000c001c259                sysGetUnixTime(regs*)
                0x00000000c001c26d                string_ends_with(char const*, char const*)
                0x00000000c001c2b5                sysCallOpen(regs*)
                0x00000000c001c4ca                Sys::loadSyscalls()
                0x00000000c001c6b5                Sys::systemCall(regs*, void*)
 .text          0x00000000c001c6f7     0x11ef thr/elf.32
                0x00000000c001c6f7                Thr::allocateMemoryForTask(Process*, File*, unsigned long, unsigned long, unsigned long)
                0x00000000c001c989                Thr::loadProgramIntoMemory(Process*, char const*)
                0x00000000c001cb9f                Thr::runtimeReferenceHelper()
                0x00000000c001cbb2                Thr::getAddressOfKernelSymbol(char const*)
                0x00000000c001cc01                Thr::loadKernelSymbolTable(char const*)
                0x00000000c001cebf                Thr::loadDriverIntoMemory(char const*, unsigned long, bool)
                0x00000000c001d5db                Thr::getDriverBaseFromAddress(unsigned long)
                0x00000000c001d60d                Thr::getDriverNameFromAddress(unsigned long)
                0x00000000c001d644                Thr::getDriverOffsetFromAddress(unsigned long)
                0x00000000c001d65e                Thr::loadDLL(char const*, bool)
                0x00000000c001d8ad                Thr::executeDLL(unsigned long, void*)
 .text          0x00000000c001d8e6     0x1056 thr/prcssthr.32
                0x00000000c001d8e6                changeTSS
                0x00000000c001d916                Process::addArgs(char**)
                0x00000000c001d970                Process::Process(char const*, Process*, char**)
                0x00000000c001d970                Process::Process(char const*, Process*, char**)
                0x00000000c001db54                Process::Process(bool, char const*, Process*, char**)
                0x00000000c001db54                Process::Process(bool, char const*, Process*, char**)
                0x00000000c001dd03                disableIRQs()
                0x00000000c001dd0b                getIRQNestingLevel()
                0x00000000c001dd11                enableIRQs()
                0x00000000c001dd20                lockScheduler()
                0x00000000c001dd22                unlockScheduler()
                0x00000000c001dd24                userModeEntryPoint(void*)
                0x00000000c001dd47                lockStuff()
                0x00000000c001dd53                taskStartupFunction
                0x00000000c001dd5c                updateTimeUsed()
                0x00000000c001ddc1                switchToThread(ThreadControlBlock*)
                0x00000000c001de12                Semaphore::Semaphore(int)
                0x00000000c001de12                Semaphore::Semaphore(int)
                0x00000000c001de40                Mutex::Mutex()
                0x00000000c001de40                Mutex::Mutex()
                0x00000000c001de52                Process::createThread(void (*)(void*), void*, int)
                0x00000000c001df36                Process::createUserThread()
                0x00000000c001df52                setupMultitasking(void (*)())
                0x00000000c001e05c                schedule()
                0x00000000c001e0e1                unlockStuff()
                0x00000000c001e116                Semaphore::tryAcquire()
                0x00000000c001e144                Semaphore::assertLocked(char const*)
                0x00000000c001e174                blockTaskWithSchedulerLockAlreadyHeld(TaskState)
                0x00000000c001e1b6                blockTask(TaskState)
                0x00000000c001e1d7                waitTask(int, int*, int)
                0x00000000c001e219                nanoSleepUntil(unsigned long long)
                0x00000000c001e270                nanoSleep(unsigned long long)
                0x00000000c001e285                sleep(unsigned long long)
                0x00000000c001e2a2                Semaphore::acquire()
                0x00000000c001e30a                taskReturned
                0x00000000c001e338                unblockTask(ThreadControlBlock*)
                0x00000000c001e3e7                cleanupTerminatedTask(ThreadControlBlock*)
                0x00000000c001e6b0                cleanerTaskFunction(void*)
                0x00000000c001e763                terminateTask(int)
                0x00000000c001e843                Thr::terminateFromIRQ(int)
                0x00000000c001e850                Semaphore::release()
 .text          0x00000000c001e93c      0xc26 vm86/vm8086.32
                0x00000000c001e93c                Vm::inbv(unsigned short)
                0x00000000c001e94f                Vm::outbv(unsigned short, unsigned char)
                0x00000000c001e9a2                Vm::realToLinear(unsigned short, unsigned short)
                0x00000000c001e9b2                Vm::getSegment(unsigned int)
                0x00000000c001e9ba                Vm::getOffset(unsigned int)
                0x00000000c001e9bf                Vm::mainloop2()
                0x00000000c001e9fa                Vm::mainVm8086Loop(void*)
                0x00000000c001ea07                Vm::mainloop3(unsigned long)
                0x00000000c001ea31                Vm::initialise8086()
                0x00000000c001ea74                Vm::finish8086()
                0x00000000c001eab9                Vm::getOutput8086(unsigned char*)
                0x00000000c001eae3                Vm::start8086(char const*, unsigned short, unsigned short, unsigned short, unsigned short)
                0x00000000c001ec33                Vm::doISR(regs*, int, unsigned char*, unsigned short, unsigned short)
                0x00000000c001ecbd                Vm::readByteFromReal(unsigned short, unsigned short)
                0x00000000c001ecce                Vm::readWordFromReal(unsigned short, unsigned short)
                0x00000000c001ece0                Vm::readDwordFromReal(unsigned short, unsigned short)
                0x00000000c001ecf1                Vm::writeByteFromReal(unsigned short, unsigned short, unsigned char)
                0x00000000c001ed06                Vm::writeWordFromReal(unsigned short, unsigned short, unsigned short)
                0x00000000c001ed1c                Vm::writeDwordFromReal(unsigned short, unsigned short, unsigned int)
                0x00000000c001ed31                Vm::faultHandler(regs*)
 .text          0x00000000c001f562      0xefd vm86/x87em.32
                0x00000000c001f562                Vm::fpuInternalTo32(unsigned long long)
                0x00000000c001f5bd                Vm::fpuInternalTo64(unsigned long long)
                0x00000000c001f5c6                Vm::fpu32ToInternal(unsigned int)
                0x00000000c001f60b                Vm::fpu64ToInternal(unsigned long long)
                0x00000000c001f614                Vm::fpuFloatToLong(unsigned long long)
                0x00000000c001f66f                Vm::fpuULongToFloat(unsigned long long)
                0x00000000c001f6a5                Vm::fpuLongToFloat(long long)
                0x00000000c001f6fb                Vm::fpuGet0()
                0x00000000c001f700                Vm::fpuGet1()
                0x00000000c001f708                Vm::fpuGetPi()
                0x00000000c001f710                Vm::fpuGetLog2E()
                0x00000000c001f728                Vm::fpuGetLogE2()
                0x00000000c001f740                Vm::fpuGetLog210()
                0x00000000c001f758                Vm::fpuGetLog102()
                0x00000000c001f770                Vm::fpuIsSecondLarger(unsigned long long, unsigned long long)
                0x00000000c001f784                Vm::fpuAreEqual(unsigned long long, unsigned long long)
                0x00000000c001f79a                Vm::fpuUnorderedCompare(unsigned long long, unsigned long long)
                0x00000000c001f7ed                Vm::fpuAdd(unsigned long long, unsigned long long)
                0x00000000c001f7fe                Vm::fpuAbs(unsigned long long)
                0x00000000c001f807                Vm::fpuChs(unsigned long long)
                0x00000000c001f817                Vm::fpuSub(unsigned long long, unsigned long long)
                0x00000000c001f826                Vm::fpuMultiply(unsigned long long, unsigned long long)
                0x00000000c001f845                Vm::fpuDivide(unsigned long long, unsigned long long)
                0x00000000c001f861                Vm::fpuSquare(unsigned long long)
                0x00000000c001f877                Vm::fpuGetReg(int)
                0x00000000c001f8ba                Vm::fpuSetReg(int, unsigned long long)
                0x00000000c001f905                Vm::fpuPush(unsigned long long)
                0x00000000c001f962                Vm::fpuPop()
                0x00000000c001f9b4                Vm::x87Handler(regs*)
 *fill*         0x00000000c002045f        0x1 
 .text          0x00000000c0020460     0x10ed fs/fat/vfslink.32
                0x00000000c0020460                FAT::getName()
                0x00000000c0020466                FAT::tell(void*, unsigned long long*)
                0x00000000c002049a                FAT::stat(void*, unsigned long long*)
                0x00000000c00204ce                FAT::~FAT()
                0x00000000c00204ce                FAT::~FAT()
                0x00000000c00204f2                FAT::~FAT()
                0x00000000c002051a                FAT::getlabel(LogicalDisk*, int, char*, unsigned int*)
                0x00000000c00205b8                FAT::setlabel(LogicalDisk*, int, char*)
                0x00000000c0020672                FAT::format(LogicalDisk*, int, char const*, int)
                0x00000000c0020856                FAT::tryMount(LogicalDisk*, int)
                0x00000000c0020a5c                FAT::readDir(void*, unsigned long, void*, int*)
                0x00000000c0020b62                FAT::read(void*, unsigned long, void*, int*)
                0x00000000c0020bbc                FAT::write(void*, unsigned long, void*, int*)
                0x00000000c0020c16                FAT::close(void*)
                0x00000000c0020c62                FAT::closeDir(void*)
                0x00000000c0020cae                FAT::seek(void*, unsigned long long)
                0x00000000c0020d02                fatWrapperReadDisk
                0x00000000c0020d49                fatWrapperWriteDisk
                0x00000000c0020d90                fatWrapperIoctl
                0x00000000c0020e94                FAT::FAT()
                0x00000000c0020e94                FAT::FAT()
                0x00000000c0020ee6                FAT::fixFilepath(char*)
                0x00000000c0020f1e                FAT::open(char const*, void**, FileOpenMode)
                0x00000000c0021046                FAT::openDir(char const*, void**)
                0x00000000c00210ec                FAT::stat(char const*, unsigned long long*, bool*)
                0x00000000c00211d6                FAT::unlink(char const*)
                0x00000000c0021250                FAT::chfatattr(char const*, unsigned char, unsigned char)
                0x00000000c00213a4                FAT::rename(char const*, char const*)
                0x00000000c0021468                FAT::mkdir(char const*)
                0x00000000c00214e2                FAT::exists(char const*)
 *fill*         0x00000000c002154d        0x1 
 .text          0x00000000c002154e      0xbc1 fs/iso9660/vfslink.32
                0x00000000c002154e                ISO9660::format(LogicalDisk*, int, char const*, int)
                0x00000000c0021554                ISO9660::seek(void*, unsigned long long)
                0x00000000c0021584                ISO9660::tell(void*, unsigned long long*)
                0x00000000c00215a8                ISO9660::getName()
                0x00000000c00215ae                ISO9660::stat(void*, unsigned long long*)
                0x00000000c00215d2                ISO9660::chfatattr(char const*, unsigned char, unsigned char)
                0x00000000c00215d8                ISO9660::unlink(char const*)
                0x00000000c00215de                ISO9660::write(void*, unsigned long, void*, int*)
                0x00000000c00215e4                ISO9660::rename(char const*, char const*)
                0x00000000c00215ea                ISO9660::mkdir(char const*)
                0x00000000c00215f0                ISO9660::close(void*)
                0x00000000c0021612                ISO9660::closeDir(void*)
                0x00000000c0021634                ISO9660::~ISO9660()
                0x00000000c0021634                ISO9660::~ISO9660()
                0x00000000c0021658                ISO9660::~ISO9660()
                0x00000000c002167f                __memmem(unsigned char*, int, unsigned char*, int)
                0x00000000c00216c1                readSectorFromCDROM(unsigned int, unsigned char*, char)
                0x00000000c0021728                ISO9660::tryMount(LogicalDisk*, int)
                0x00000000c0021778                ISO9660::read(void*, unsigned long, void*, int*)
                0x00000000c0021978                ISO9660::readDir(void*, unsigned long, void*, int*)
                0x00000000c0021c05                readRoot(unsigned int*, unsigned int*, char)
                0x00000000c0021c5a                readRecursively(char*, unsigned int, unsigned int, unsigned int*, unsigned int*, char, int*)
                0x00000000c0021e2d                getFileData(char*, unsigned int*, unsigned int*, char, int*)
                0x00000000c0021ebc                ISO9660::open(char const*, void**, FileOpenMode)
                0x00000000c0021f7c                ISO9660::exists(char const*)
                0x00000000c0021fa0                ISO9660::stat(char const*, unsigned long long*, bool*)
                0x00000000c0022034                ISO9660::openDir(char const*, void**)
                0x00000000c00220ec                ISO9660::ISO9660()
                0x00000000c00220ec                ISO9660::ISO9660()
 *fill*         0x00000000c002210f        0x1 
 .text          0x00000000c0022110      0x326 hal/sound/sndchannel.32
                0x00000000c0022110                SoundChannel::~SoundChannel()
                0x00000000c0022110                SoundChannel::~SoundChannel()
                0x00000000c002212c                SoundChannel::setSpeed(float)
                0x00000000c0022138                SoundChannel::getSpeed()
                0x00000000c0022140                SoundChannel::setVolume(int)
                0x00000000c002215c                SoundChannel::getVolume()
                0x00000000c0022164                SoundChannel::pause()
                0x00000000c002216e                SoundChannel::SoundChannel(int, int, int, int)
                0x00000000c002216e                SoundChannel::SoundChannel(int, int, int, int)
                0x00000000c00222c4                SoundChannel::play()
                0x00000000c00222ce                SoundChannel::paused()
                0x00000000c00222d6                SoundChannel::getSampleRate()
                0x00000000c00222de                SoundChannel::getBits()
                0x00000000c00222e6                SoundChannel::getBufferUsed()
                0x00000000c00222ee                SoundChannel::getBufferSize()
                0x00000000c00222f6                SoundChannel::unbuffer(float*, int, int)
                0x00000000c0022396                SoundChannel::buffer8(unsigned char*, int)
 .text          0x00000000c0022436      0x3d5 hal/sound/sndhw.32
                0x00000000c0022436                SoundDevice::SoundDevice(char const*)
                0x00000000c0022436                SoundDevice::SoundDevice(char const*)
                0x00000000c00224a2                SoundDevice::~SoundDevice()
                0x00000000c00224a2                SoundDevice::~SoundDevice()
                0x00000000c002251c                SoundDevice::~SoundDevice()
                0x00000000c0022546                SoundDevice::getFreeChannelNum()
                0x00000000c0022560                SoundDevice::addChannel(SoundChannel*)
                0x00000000c00225d0                SoundDevice::removeChannel(int)
                0x00000000c0022602                SoundDevice::floatTo8(float*, unsigned char*, int)
                0x00000000c00226ea                SoundDevice::getAudio(int, float*, float*)
 .text          0x00000000c002280b        0x0 hw/bus/isa.32
 *fill*         0x00000000c002280b        0x1 
 .text          0x00000000c002280c      0x6c3 hw/bus/pci.32
                0x00000000c002280c                PCI::open(int, int, void*)
                0x00000000c0022820                PCI::close(int, int, void*)
                0x00000000c0022824                PCI::PCI()
                0x00000000c0022824                PCI::PCI()
                0x00000000c00228a4                PCI::pciReadWord(unsigned char, unsigned char, unsigned char, unsigned char)
                0x00000000c00228ec                PCI::getVendorID(unsigned char, unsigned char, unsigned char)
                0x00000000c002290e                PCI::getHeaderType(unsigned char, unsigned char, unsigned char)
                0x00000000c0022932                PCI::getClassCode(unsigned char, unsigned char, unsigned char)
                0x00000000c0022976                PCI::getProgIF(unsigned char, unsigned char, unsigned char)
                0x00000000c002299a                PCI::getRevisionID(unsigned char, unsigned char, unsigned char)
                0x00000000c00229bc                PCI::getInterruptNumber(unsigned char, unsigned char, unsigned char)
                0x00000000c00229de                PCI::getSecondaryBus(unsigned char, unsigned char, unsigned char)
                0x00000000c0022a02                PCI::getBARAddress(unsigned char, unsigned char, unsigned char, unsigned char)
                0x00000000c0022a62                PCI::pciWriteWord(unsigned char, unsigned char, unsigned char, unsigned char, unsigned short)
                0x00000000c0022ace                PCI::checkBus(unsigned char)
                0x00000000c0022af2                PCI::foundDevice(PCIDeviceInfo)
                0x00000000c0022c64                PCI::getDeviceData(unsigned char, unsigned char, unsigned char)
                0x00000000c0022e10                PCI::checkDevice(unsigned char, unsigned char)
                0x00000000c0022e7c                PCI::detect()
 *fill*         0x00000000c0022ecf        0x1 
 .text          0x00000000c0022ed0      0xc70 hw/diskctrl/ide.32
                0x00000000c0022ed0                IDE::close(int, int, void*)
                0x00000000c0022ed4                IDE::IDE()
                0x00000000c0022ed4                IDE::IDE()
                0x00000000c0022f08                IDE::prepareInterrupt(unsigned char)
                0x00000000c0022f1a                selectDrive(unsigned char, unsigned char)
                0x00000000c0022f1c                IDE::getBase(unsigned char)
                0x00000000c0022f2e                IDE::write(unsigned char, unsigned char, unsigned char)
                0x00000000c0022fee                IDE::read(unsigned char, unsigned char)
                0x00000000c002309c                IDE::waitInterrupt(unsigned char)
                0x00000000c0023102                ideChannel0IRQHandler(regs*, void*)
                0x00000000c002311e                ideChannel1IRQHandler(regs*, void*)
                0x00000000c002313a                IDE::enableIRQs(unsigned char, bool)
                0x00000000c0023180                IDE::open(int, int, void*)
                0x00000000c0023590                IDE::readBuffer(unsigned char, unsigned char, unsigned int, unsigned int)
                0x00000000c002365c                IDE::detect()
                0x00000000c0023944                IDE::printError(unsigned char, unsigned char, unsigned char)
                0x00000000c0023ada                IDE::polling(unsigned char, unsigned int)
 .text          0x00000000c0023b40      0x390 hw/diskctrl/satabus.32
                0x00000000c0023b40                SATABus::close(int, int, void*)
                0x00000000c0023b44                SATABus::detect()
                0x00000000c0023b46                SATABus::SATABus()
                0x00000000c0023b46                SATABus::SATABus()
                0x00000000c0023bf2                SATABus::findCmdslot(SATABus::tagHBA_PORT volatile*)
                0x00000000c0023c3a                SATABus::checkType(SATABus::tagHBA_PORT volatile*)
                0x00000000c0023c82                SATABus::startCmd(SATABus::tagHBA_PORT volatile*)
                0x00000000c0023ca2                SATABus::stopCmd(SATABus::tagHBA_PORT volatile*)
                0x00000000c0023ccc                SATABus::portRebase(SATABus::tagHBA_PORT volatile*, int)
                0x00000000c0023dd2                SATABus::probePort(SATABus::tagHBA_MEM volatile*)
                0x00000000c0023eb0                SATABus::open(int, int, void*)
 .text          0x00000000c0023ed0      0x63c hw/diskphys/ata.32
                0x00000000c0023ed0                ATA::close(int, int, void*)
                0x00000000c0023ef4                ATA::powerSaving(PowerSavingLevel)
                0x00000000c0023ef6                ATA::ATA()
                0x00000000c0023ef6                ATA::ATA()
                0x00000000c0023f24                ATA::flush(bool)
                0x00000000c0023f6e                ATA::readyForCommand()
                0x00000000c0023fbe                ATA::access(unsigned long long, int, void*, bool)
                0x00000000c0024346                ATA::read(unsigned long long, int, void*)
                0x00000000c00243ae                ATA::write(unsigned long long, int, void*)
                0x00000000c0024416                ATA::detectCHS()
                0x00000000c0024440                ATA::open(int, int, void*)
 .text          0x00000000c002450c      0x5bd hw/diskphys/atapi.32
                0x00000000c002450c                ATAPI::write(unsigned long long, int, void*)
                0x00000000c0024512                ATAPI::close(int, int, void*)
                0x00000000c0024536                ATAPI::ATAPI()
                0x00000000c0024536                ATAPI::ATAPI()
                0x00000000c0024564                ATAPI::readyForCommand()
                0x00000000c00245b4                ATAPI::sendPacket(unsigned char*, int, bool, unsigned short*, int)
                0x00000000c0024874                ATAPI::diskRemoved()
                0x00000000c0024890                ATAPI::eject()
                0x00000000c00248d8                ATAPI::diskInserted()
                0x00000000c0024906                ATAPI::detectMedia()
                0x00000000c00249c2                ATAPI::open(int, int, void*)
                0x00000000c0024a4a                ATAPI::read(unsigned long long, int, void*)
 *fill*         0x00000000c0024ac9        0x1 
 .text          0x00000000c0024aca      0x455 hw/diskphys/sata.32
                0x00000000c0024aca                SATA::close(int, int, void*)
                0x00000000c0024aee                SATA::powerSaving(PowerSavingLevel)
                0x00000000c0024af0                SATA::open(int, int, void*)
                0x00000000c0024b9e                SATA::SATA()
                0x00000000c0024b9e                SATA::SATA()
                0x00000000c0024bcc                SATA::access(unsigned long long, int, void*, bool)
                0x00000000c0024e32                SATA::read(unsigned long long, int, void*)
                0x00000000c0024e9a                SATA::write(unsigned long long, int, void*)
 *fill*         0x00000000c0024f1f        0x1 
 .text          0x00000000c0024f20      0x500 hw/diskphys/satapi.32
                0x00000000c0024f20                SATAPI::write(unsigned long long, int, void*)
                0x00000000c0024f26                SATAPI::close(int, int, void*)
                0x00000000c0024f4a                SATAPI::SATAPI()
                0x00000000c0024f4a                SATAPI::SATAPI()
                0x00000000c0024f78                SATAPI::diskRemoved()
                0x00000000c0024f94                SATAPI::diskInserted()
                0x00000000c0024fc2                SATAPI::sendPacket(unsigned char*, int, unsigned long long, unsigned short*, int)
                0x00000000c00251c6                SATAPI::eject()
                0x00000000c002520e                SATAPI::detectMedia()
                0x00000000c00252d0                SATAPI::open(int, int, void*)
                0x00000000c002537e                SATAPI::read(unsigned long long, int, void*)
 .text          0x00000000c0025420       0x8e hw/fpu/avx.32
                0x00000000c0025420                AVX::open(int, int, void*)
                0x00000000c0025432                AVX::close(int, int, void*)
                0x00000000c0025444                AVX::available()
                0x00000000c0025456                AVX::save(void*)
                0x00000000c002546e                AVX::load(void*)
                0x00000000c0025486                AVX::AVX()
                0x00000000c0025486                AVX::AVX()
 .text          0x00000000c00254ae       0x90 hw/fpu/mmx.32
                0x00000000c00254ae                MMX::available()
                0x00000000c00254c2                MMX::open(int, int, void*)
                0x00000000c00254d4                MMX::close(int, int, void*)
                0x00000000c00254e6                MMX::save(void*)
                0x00000000c00254fe                MMX::load(void*)
                0x00000000c0025516                MMX::MMX()
                0x00000000c0025516                MMX::MMX()
 .text          0x00000000c002553e       0x96 hw/fpu/sse.32
                0x00000000c002553e                SSE::open(int, int, void*)
                0x00000000c0025550                SSE::close(int, int, void*)
                0x00000000c0025562                SSE::available()
                0x00000000c002557c                SSE::save(void*)
                0x00000000c0025594                SSE::load(void*)
                0x00000000c00255ac                SSE::SSE()
                0x00000000c00255ac                SSE::SSE()
 .text          0x00000000c00255d4       0x8e hw/fpu/x87.32
                0x00000000c00255d4                x87::open(int, int, void*)
                0x00000000c00255e6                x87::close(int, int, void*)
                0x00000000c00255f8                x87::available()
                0x00000000c002560a                x87::save(void*)
                0x00000000c0025622                x87::load(void*)
                0x00000000c002563a                x87::x87()
                0x00000000c002563a                x87::x87()
 .text          0x00000000c0025662      0x71e hw/intctrl/apic.32
                0x00000000c0025662                APIC::disable()
                0x00000000c0025664                APIC::close(int, int, void*)
                0x00000000c0025686                IOAPIC::close(int, int, void*)
                0x00000000c002568c                APIC::io_wait()
                0x00000000c0025692                APIC::getBase()
                0x00000000c00256d4                APIC::eoi(unsigned char)
                0x00000000c0025702                APIC::open(int, int, void*)
                0x00000000c0025850                IOAPIC::IOAPIC()
                0x00000000c0025850                IOAPIC::IOAPIC()
                0x00000000c0025878                APIC::APIC()
                0x00000000c0025878                APIC::APIC()
                0x00000000c0025954                IOAPIC::handlesGSIWithNumber(unsigned int)
                0x00000000c0025986                IOAPIC::read(int)
                0x00000000c00259ae                IOAPIC::open(int, int, void*)
                0x00000000c0025aa4                IOAPIC::write(int, int)
                0x00000000c0025ad0                IOAPIC::redirect(unsigned char, unsigned long long, unsigned char, bool, bool)
                0x00000000c0025bca                APIC::installIRQHandler(int, void (*)(regs*, void*), bool, void*)
 .text          0x00000000c0025d80      0x3d3 hw/intctrl/pic.32
                0x00000000c0025d80                PIC::disable()
                0x00000000c0025dae                PIC::close(int, int, void*)
                0x00000000c0025dd0                PIC::PIC()
                0x00000000c0025dd0                PIC::PIC()
                0x00000000c0025ea6                PIC::ioWait()
                0x00000000c0025eac                PIC::getIRQReg(int)
                0x00000000c0025f16                PIC::eoi(unsigned char)
                0x00000000c0025fa8                PIC::remap()
                0x00000000c0026114                PIC::open(int, int, void*)
 *fill*         0x00000000c0026153        0x1 
 .text          0x00000000c0026154      0x25e hw/timer/apictimer.32
                0x00000000c0026154                APICTimer::close(int, int, void*)
                0x00000000c002615a                apicTimerHandler(regs*, void*)
                0x00000000c0026188                APICTimer::write(int)
                0x00000000c002628c                APICTimer::open(int, int, void*)
                0x00000000c002638a                APICTimer::APICTimer()
                0x00000000c002638a                APICTimer::APICTimer()
 .text          0x00000000c00263b2      0x1a7 hw/timer/pit.32
                0x00000000c00263b2                PIT::write(int)
                0x00000000c0026430                pitHandler(regs*, void*)
                0x00000000c002645c                PIT::open(int, int, void*)
                0x00000000c00264aa                PIT::close(int, int, void*)
                0x00000000c00264da                PIT::PIT()
                0x00000000c00264da                PIT::PIT()
 *fill*         0x00000000c0026559        0x7 
 .text          0x00000000c0026560       0x1e hw/fpu/x86/avx.32
                0x00000000c0026560                avxDetect
                0x00000000c0026566                avxSave
                0x00000000c0026567                avxLoad
                0x00000000c0026568                avxInit
                0x00000000c0026569                avxClose
                0x00000000c002656a                wouldSheSayYes
 *fill*         0x00000000c002657e        0x2 
 .text          0x00000000c0026580       0x35 hw/fpu/x86/sse.32
                0x00000000c0026580                absolutelyNoChanceInHell
                0x00000000c0026580                sseDetect
                0x00000000c0026598                sseSave
                0x00000000c002659e                sseLoad
                0x00000000c00265a4                sseInit
                0x00000000c00265b4                sseClose
 *fill*         0x00000000c00265b5        0xb 
 .text          0x00000000c00265c0       0x47 hw/fpu/x86/x87.32
                0x00000000c00265c6                x87Detect
                0x00000000c00265e1                x87Save
                0x00000000c00265e7                x87Load
                0x00000000c00265ec                x87Init
                0x00000000c0026606                x87Close
 *fill*         0x00000000c0026607        0x1 
 .text          0x00000000c0026608       0x25 /cygdrive/d/Users/Alex/Desktop/Toolchain/Output/bin/../lib/gcc/i386-banana/8.1.0/crtend.o
 .text          0x00000000c002662d        0x0 crtn.32
 *fill*         0x00000000c002662d        0x3 
 .text          0x00000000c0026630      0x14b /cygdrive/d/Users/Alex/Desktop/Toolchain/Output/bin/../lib/gcc/i386-banana/8.1.0/libkgcc.a(_divdi3.o)
                0x00000000c0026630                __divdi3
 *fill*         0x00000000c002677b        0x1 
 .text          0x00000000c002677c      0x17e /cygdrive/d/Users/Alex/Desktop/Toolchain/Output/bin/../lib/gcc/i386-banana/8.1.0/libkgcc.a(_moddi3.o)
                0x00000000c002677c                __moddi3
 *fill*         0x00000000c00268fa        0x2 
 .text          0x00000000c00268fc       0xff /cygdrive/d/Users/Alex/Desktop/Toolchain/Output/bin/../lib/gcc/i386-banana/8.1.0/libkgcc.a(_udivdi3.o)
                0x00000000c00268fc                __udivdi3
 *fill*         0x00000000c00269fb        0x1 
 .text          0x00000000c00269fc      0x11a /cygdrive/d/Users/Alex/Desktop/Toolchain/Output/bin/../lib/gcc/i386-banana/8.1.0/libkgcc.a(_umoddi3.o)
                0x00000000c00269fc                __umoddi3
 .text          0x00000000c0026b16      0x96d D:/Users/Alex/Desktop/Banana/kernel/libsoftfp.a(sfieeelib.o)
                0x00000000c0026b16                __addsf3
                0x00000000c0026e18                __subsf3
                0x00000000c0026e2c                __negsf2
                0x00000000c0026e39                __mulsf3
                0x00000000c0026ffc                __divsf3
                0x00000000c0027227                __floatsisf
                0x00000000c002729b                __floatunsisf
                0x00000000c00272dd                __fixsfsi
                0x00000000c002733f                __fixunssfsi
                0x00000000c0027370                __cmpsf2
                0x00000000c0027405                __eqsf2
                0x00000000c0027440                __nesf2
                0x00000000c0027442                __gtsf2
                0x00000000c002747d                __gesf2