Archive member included to satisfy reference by file (symbol)

/cygdrive/d/Users/Alex/Desktop/Toolchain/Output/bin/../lib/gcc/i386-banana/8.1.0/libkgcc.a(_divdi3.o)
                              fs/fat/ff.32 (__divdi3)
/cygdrive/d/Users/Alex/Desktop/Toolchain/Output/bin/../lib/gcc/i386-banana/8.1.0/libkgcc.a(_moddi3.o)
                              compat/resolve.32 (__moddi3)
/cygdrive/d/Users/Alex/Desktop/Toolchain/Output/bin/../lib/gcc/i386-banana/8.1.0/libkgcc.a(_udivdi3.o)
                              fs/fat/ff.32 (__udivdi3)
/cygdrive/d/Users/Alex/Desktop/Toolchain/Output/bin/../lib/gcc/i386-banana/8.1.0/libkgcc.a(_umoddi3.o)
                              compat/resolve.32 (__umoddi3)
D:/Users/Alex/Desktop/Banana/kernel/libsoftfp.a(sfieeelib.o)
                              hal/sound/sndhw.32 (__addsf3)
D:/Users/Alex/Desktop/Banana/kernel/libsoftfp.a(dfieeelib.o)
                              hal/libresample/src_linear.32 (__adddf3)
D:/Users/Alex/Desktop/Banana/kernel/libsoftfp.a(sfdfcvt.o)
                              hal/libresample/samplerate.32 (__truncdfsf2)
D:/Users/Alex/Desktop/Banana/kernel/libk/libm32.a(s_fabs.c.o)
                              hal/libresample/samplerate.32 (fabs)
D:/Users/Alex/Desktop/Banana/kernel/libk/libm32.a(s_lrint.S.o)
                              hal/libresample/samplerate.32 (lrint)
D:/Users/Alex/Desktop/Banana/kernel/libk/libm32.a(s_lrintf.S.o)
                              hal/sound/sndhw.32 (lrintf)

Discarded input sections

 .comment       0x0000000000000000       0x12 /cygdrive/d/Users/Alex/Desktop/Toolchain/Output/bin/../lib/gcc/i386-banana/8.1.0/crtbegin.o
 .comment       0x0000000000000000       0x12 acpica/utclib.32
 .comment       0x0000000000000000       0x12 core/malloc.32
 .comment       0x0000000000000000       0x12 libk/string.32
 .comment       0x0000000000000000       0x12 fs/fat/diskio.32
 .comment       0x0000000000000000       0x12 fs/fat/ff.32
 .comment       0x0000000000000000       0x12 fs/fat/ffsystem.32
 .comment       0x0000000000000000       0x12 fs/fat/ffunicode.32
 .comment       0x0000000000000000       0x12 hal/libresample/samplerate.32
 .comment       0x0000000000000000       0x12 hal/libresample/src_linear.32
 .comment       0x0000000000000000       0x12 hal/libresample/src_sinc.32
 .comment       0x0000000000000000       0x12 hal/libresample/src_zoh.32
 .comment       0x0000000000000000       0x12 compat/inlines.32
 .comment       0x0000000000000000       0x12 compat/resolve.32
 .group         0x0000000000000000       0x14 core/computer.32
 .group         0x0000000000000000        0xc core/computer.32
 .comment       0x0000000000000000       0x12 core/computer.32
 .comment       0x0000000000000000       0x12 core/gdt.32
 .group         0x0000000000000000        0xc core/idle.32
 .comment       0x0000000000000000       0x12 core/idle.32
 .comment       0x0000000000000000       0x12 core/idt.32
 .comment       0x0000000000000000       0x12 core/kheap.32
 .comment       0x0000000000000000       0x12 core/main.32
 .comment       0x0000000000000000       0x12 core/physmgr.32
 .group         0x0000000000000000        0xc core/pipe.32
 .comment       0x0000000000000000       0x12 core/pipe.32
 .group         0x0000000000000000        0xc core/terminal.32
 .comment       0x0000000000000000       0x12 core/terminal.32
 .comment       0x0000000000000000       0x12 core/tss.32
 .group         0x0000000000000000        0x8 core/unixfile.32
 .group         0x0000000000000000        0xc core/unixfile.32
 .group         0x0000000000000000        0xc core/unixfile.32
 .group         0x0000000000000000        0x8 core/unixfile.32
 .group         0x0000000000000000        0xc core/unixfile.32
 .group         0x0000000000000000        0x8 core/unixfile.32
 .group         0x0000000000000000        0xc core/unixfile.32
 .group         0x0000000000000000        0xc core/unixfile.32
 .comment       0x0000000000000000       0x12 core/unixfile.32
 .comment       0x0000000000000000       0x12 core/virtmgr.32
 .comment       0x0000000000000000       0x12 coreobjs/c++.32
 .comment       0x0000000000000000       0x12 dbg/kconsole.32
 .group         0x0000000000000000        0xc fs/vfs.32
 .group         0x0000000000000000        0xc fs/vfs.32
 .group         0x0000000000000000        0xc fs/vfs.32
 .comment       0x0000000000000000       0x12 fs/vfs.32
 .group         0x0000000000000000        0xc hal/bus.32
 .comment       0x0000000000000000       0x12 hal/bus.32
 .group         0x0000000000000000        0xc hal/buzzer.32
 .comment       0x0000000000000000       0x12 hal/buzzer.32
 .group         0x0000000000000000        0xc hal/clock.32
 .comment       0x0000000000000000       0x12 hal/clock.32
 .group         0x0000000000000000       0x14 hal/device.32
 .group         0x0000000000000000        0xc hal/device.32
 .group         0x0000000000000000        0xc hal/device.32
 .group         0x0000000000000000        0xc hal/device.32
[...]
Memory Configuration

Name             Origin             Length             Attributes
*default*        0x0000000000000000 0xffffffffffffffff

Linker script and memory map

LOAD D:/Users/Alex/Desktop/Banana/kernel/boot.32
LOAD crti.32
LOAD /cygdrive/d/Users/Alex/Desktop/Toolchain/Output/bin/../lib/gcc/i386-banana/8.1.0/crtbegin.o
LOAD D:/Users/Alex/Desktop/Banana/kernel/morenasm.32
LOAD acpica/utclib.32
LOAD core/malloc.32
LOAD libk/string.32
LOAD fs/fat/diskio.32
LOAD fs/fat/ff.32
LOAD fs/fat/ffsystem.32
LOAD fs/fat/ffunicode.32
LOAD hal/libresample/samplerate.32
LOAD hal/libresample/src_linear.32
LOAD hal/libresample/src_sinc.32
LOAD hal/libresample/src_zoh.32
LOAD compat/inlines.32
LOAD compat/resolve.32
LOAD core/computer.32
LOAD core/gdt.32
LOAD core/idle.32
LOAD core/idt.32
LOAD core/kheap.32
LOAD core/main.32
LOAD core/physmgr.32
LOAD core/pipe.32
LOAD core/terminal.32
LOAD core/tss.32
LOAD core/unixfile.32
LOAD core/virtmgr.32
LOAD coreobjs/c++.32
LOAD dbg/kconsole.32
LOAD fs/vfs.32
LOAD hal/bus.32
LOAD hal/buzzer.32
LOAD hal/clock.32
LOAD hal/device.32
LOAD hal/diskctrl.32
LOAD hal/diskphys.32
LOAD hal/fpu.32
LOAD hal/intctrl.32
LOAD hal/keybrd.32
LOAD hal/logidisk.32
LOAD hal/mouse.32
LOAD hal/partition.32
LOAD hal/serial.32
LOAD hal/timer.32
LOAD hal/vcache.32
LOAD hal/video.32
LOAD hw/acpi.32
LOAD hw/cpu.32
LOAD hw/ports.32
LOAD hw/smp.32
LOAD krnl/env.32
LOAD krnl/panic.32
LOAD net/ethernet.32
LOAD reg/registry.32
LOAD sys/sc_eject.32
LOAD sys/sc_exit.32
LOAD sys/sc_getcwd.32
LOAD sys/sc_getpid.32
LOAD sys/sc_getramdata.32
LOAD sys/sc_getvgaptr.32
LOAD sys/sc_loaddll.32
LOAD sys/sc_read.32
LOAD sys/sc_sbrk.32
LOAD sys/sc_setcwd.32
LOAD sys/sc_settime.32
LOAD sys/sc_timezone.32
LOAD sys/sc_write.32
LOAD sys/sc_wsbe.32
LOAD sys/sc_yield.32
LOAD sys/syscalls.32
LOAD thr/elf.32
LOAD thr/prcssthr.32
LOAD vm86/vm8086.32
LOAD vm86/x87em.32
LOAD fs/fat/vfslink.32
LOAD fs/iso9660/vfslink.32
LOAD hal/sound/sndchannel.32
LOAD hal/sound/sndhw.32
LOAD hw/bus/isa.32
LOAD hw/bus/pci.32
LOAD hw/diskctrl/ide.32
LOAD hw/diskctrl/satabus.32
LOAD hw/diskphys/ata.32
LOAD hw/diskphys/atapi.32
LOAD hw/diskphys/sata.32
LOAD hw/diskphys/satapi.32
LOAD hw/fpu/avx.32
LOAD hw/fpu/mmx.32
LOAD hw/fpu/sse.32
LOAD hw/fpu/x87.32
LOAD hw/intctrl/apic.32
LOAD hw/intctrl/pic.32
LOAD hw/timer/apictimer.32
LOAD hw/timer/pit.32
LOAD hw/fpu/x86/avx.32
LOAD hw/fpu/x86/sse.32
LOAD hw/fpu/x86/x87.32
LOAD /cygdrive/d/Users/Alex/Desktop/Toolchain/Output/bin/../lib/gcc/i386-banana/8.1.0/crtend.o
LOAD crtn.32
LOAD /cygdrive/d/Users/Alex/Desktop/Toolchain/Output/bin/../lib/gcc/i386-banana/8.1.0/libkgcc.a
LOAD D:/Users/Alex/Desktop/Banana/kernel/libsoftfp.a
LOAD D:/Users/Alex/Desktop/Banana/kernel/libk/libm32.a
                0x00000000c0000000                . = 0xc0000000

.text           0x00000000c0000000    0x28ed8
 *(.text)
 .text          0x00000000c0000000       0x41 D:/Users/Alex/Desktop/Banana/kernel/boot.32
                0x00000000c0000020                callGlobalConstructors
 .text          0x00000000c0000041        0x0 crti.32
 *fill*         0x00000000c0000041        0x3 
 .text          0x00000000c0000044      0x101 /cygdrive/d/Users/Alex/Desktop/Toolchain/Output/bin/../lib/gcc/i386-banana/8.1.0/crtbegin.o
 *fill*         0x00000000c0000145        0xb 
 .text          0x00000000c0000150      0x517 D:/Users/Alex/Desktop/Banana/kernel/morenasm.32
                0x00000000c0000150                manualPCIProbe
                0x00000000c000019b                prepareTramp
                0x00000000c00001b4                voodooXADD
                0x00000000c000027f                doTPAUSE
                0x00000000c0000289                hasLegacyFPU
                0x00000000c00002ae                is486
                0x00000000c00002e4                detectCPUID
                0x00000000c00002fa                goToVM86
                0x00000000c000032a                goToUsermode
                0x00000000c0000354                switchToThreadASMFirstTime
                0x00000000c0000362                switchToThreadASM
                0x00000000c00003f2                asmQuickAcquireLock
                0x00000000c0000410                asmQuickReleaseLock
                0x00000000c000041c                asmAcquireLock
                0x00000000c000043d                asmReleaseLock
                0x00000000c0000450                loadGDT
                0x00000000c0000470                isr0
                0x00000000c0000480                isr1
                0x00000000c000048a                isr2
                0x00000000c0000494                isr3
                0x00000000c000049e                isr4
                0x00000000c00004a8                isr5
                0x00000000c00004b2                isr6
                0x00000000c00004bc                isr7
                0x00000000c00004c6                isr8
                0x00000000c00004ce                isr9
                0x00000000c00004d8                isr10
                0x00000000c00004e0                isr11
                0x00000000c00004e8                isr12
                0x00000000c00004f0                isr13
                0x00000000c00004f8                isr14
                0x00000000c0000500                isr15
                0x00000000c000050a                isr16
                0x00000000c0000514                isr17
                0x00000000c000051e                isr18
                0x00000000c0000528                irq3
                0x00000000c0000532                irq4
                0x00000000c000053c                irq5
                0x00000000c0000546                irq6
                0x00000000c0000550                irq7
                0x00000000c000055a                irq8
                0x00000000c0000564                irq9
                0x00000000c000056e                irq10
                0x00000000c0000578                irq11
                0x00000000c0000582                irq12
                0x00000000c000058c                irq13
                0x00000000c0000596                irq14
                0x00000000c00005a0                irq15
                0x00000000c00005aa                irq1
                0x00000000c00005b1                irq2
                0x00000000c00005b8                isr96
                0x00000000c00005bf                irq0
                0x00000000c00005c4                int_common_stub
                0x00000000c00005c4                syscall_common_stub
                0x00000000c00005f5                irq16
                0x00000000c00005ff                irq17
                0x00000000c0000609                irq18
                0x00000000c0000613                irq19
                0x00000000c000061d                irq20
                0x00000000c0000627                irq21
                0x00000000c0000631                irq22
                0x00000000c000063b                irq23
                0x00000000c0000645                hexStrToInt
                0x00000000c0000662                memcpy
 *fill*         0x00000000c0000667        0x1 
 .text          0x00000000c0000668      0x5dd acpica/utclib.32
                0x00000000c0000668                memcmp
                0x00000000c00006a4                memmove
                0x00000000c000076c                memset
                0x00000000c0000788                strlen
                0x00000000c00007a0                strpbrk
                0x00000000c00007dc                strtok
                0x00000000c0000828                strcpy
                0x00000000c000084c                strncpy
                0x00000000c00008b4                strcmp
                0x00000000c00008f4                strchr
                0x00000000c0000918                strncmp
                0x00000000c0000968                strcat
                0x00000000c0000998                strncat
                0x00000000c00009d4                strstr
                0x00000000c0000a1c                toupper
                0x00000000c0000a30                tolower
                0x00000000c0000a44                simple_strtoul
 .text          0x00000000c0000c45      0xfd5 core/malloc.32
                0x00000000c0000db0                realmemcpy
                0x00000000c0000dc6                dlfree
                0x00000000c0001121                dlmalloc
                0x00000000c000165e                dlrealloc
                0x00000000c0001813                dlmemalign
                0x00000000c0001936                dlcalloc
                0x00000000c00019d0                dlcfree
                0x00000000c00019d5                dlindependent_calloc
                0x00000000c00019fa                dlindependent_comalloc
                0x00000000c0001a11                dlvalloc
                0x00000000c0001a3c                dlpvalloc
                0x00000000c0001a72                dlmalloc_trim
                0x00000000c0001a7f                dlmalloc_usable_size
                0x00000000c0001ab0                dlmallinfo
                0x00000000c0001b7f                dlmalloc_stats
                0x00000000c0001b90                dlmallopt
 .text          0x00000000c0001c1a        0x0 libk/string.32
 .text          0x00000000c0001c1a       0x51 fs/fat/diskio.32
                0x00000000c0001c1a                disk_status
                0x00000000c0001c1d                disk_initialize
                0x00000000c0001c20                disk_read
                0x00000000c0001c36                disk_write
                0x00000000c0001c4c                disk_ioctl
 .text          0x00000000c0001c6b     0x6833 fs/fat/ff.32
                0x00000000c0004f39                f_mount
                0x00000000c0004f9b                f_open
                0x00000000c00053d7                f_read
                0x00000000c0005657                f_write
                0x00000000c0005911                f_sync
                0x00000000c0005aed                f_close
                0x00000000c0005b1c                f_lseek
                0x00000000c0005fd3                f_opendir
                0x00000000c00060d5                f_closedir
                0x00000000c00060f7                f_readdir
                0x00000000c0006192                f_stat
                0x00000000c0006221                f_getfree
                0x00000000c00063ec                f_truncate
                0x00000000c00064e4                f_unlink
                0x00000000c0006667                f_mkdir
                0x00000000c0006893                f_rename
                0x00000000c0006b86                f_chmod
                0x00000000c0006c64                f_utime
                0x00000000c0006d42                f_getlabel
                0x00000000c0006f30                f_setlabel
                0x00000000c000719d                f_forward
                0x00000000c000737b                f_mkfs
 .text          0x00000000c000849e       0x2d fs/fat/ffsystem.32
                0x00000000c000849e                ff_memalloc
                0x00000000c00084b4                ff_memfree
 .text          0x00000000c00084cb      0x253 fs/fat/ffunicode.32
                0x00000000c00084cb                ff_uni2oem
                0x00000000c000855b                ff_oem2uni
                0x00000000c00085c7                ff_wtoupper
 .text          0x00000000c000871e      0x8fb hal/libresample/samplerate.32
                0x00000000c0008762                src_delete
                0x00000000c000879e                src_process
                0x00000000c0008954                src_callback_read
                0x00000000c0008ad1                src_set_ratio
                0x00000000c0008b3b                src_get_channels
                0x00000000c0008b5d                src_reset
                0x00000000c0008ba9                src_new
                0x00000000c0008c37                src_callback_new
                0x00000000c0008c99                src_get_name
                0x00000000c0008cd0                src_get_description
                0x00000000c0008d07                src_get_version
                0x00000000c0008d0d                src_is_valid_ratio
                0x00000000c0008d61                src_error
                0x00000000c0008d6f                src_strerror
                0x00000000c0008d82                src_simple
                0x00000000c0008dd5                src_short_to_float_array
                0x00000000c0008e3a                src_float_to_short_array
                0x00000000c0008ef9                src_int_to_float_array
                0x00000000c0008f5c                src_float_to_int_array
 .text          0x00000000c0009019      0x8cb hal/libresample/src_linear.32
                0x00000000c000983f                linear_get_name
                0x00000000c000984e                linear_get_description
                0x00000000c000985d                linear_set_converter
 .text          0x00000000c00098e4     0x447c hal/libresample/src_sinc.32
                0x00000000c000dc77                sinc_get_name
                0x00000000c000dc8a                sinc_get_description
                0x00000000c000dc9d                sinc_set_converter
 .text          0x00000000c000dd60      0x77c hal/libresample/src_zoh.32
                0x00000000c000e437                zoh_get_name
                0x00000000c000e446                zoh_get_description
                0x00000000c000e455                zoh_set_converter
 .text          0x00000000c000e4dc       0x97 compat/inlines.32
                0x00000000c000e4dc                CPU::current()
                0x00000000c000e4e8                operator new(unsigned long)
                0x00000000c000e4ed                operator delete(void*)
                0x00000000c000e4f2                disableIRQs()
                0x00000000c000e4fa                enableIRQs()
                0x00000000c000e509                lockScheduler()
                0x00000000c000e511                unlockScheduler()
                0x00000000c000e520                lockStuff()
                0x00000000c000e52e                unlockStuff()
                0x00000000c000e568                Virt::getAKernelVAS()
                0x00000000c000e56e                __not_memcpy
 .text          0x00000000c000e573      0x111 compat/resolve.32
                0x00000000c000e573                Krnl::resolveCompatibilitySymbol(char*)
 .text          0x00000000c000e684      0xa17 core/computer.32
                0x00000000c000e684                Computer::close(int, int, void*)
                0x00000000c000e6c8                Krnl::firstTask()
                0x00000000c000e7b8                Computer::Computer()
                0x00000000c000e7b8                Computer::Computer()
                0x00000000c000e914                Computer::setBootMessage(char const*)
                0x00000000c000e916                Computer::detectFeatures()
                0x00000000c000eb20                Computer::displayFeatures()
                0x00000000c000ee66                Computer::rdmsr(unsigned int)
                0x00000000c000ee92                Computer::wrmsr(unsigned int, unsigned long long)
                0x00000000c000eeca                Computer::nmiEnabled()
                0x00000000c000eed6                Computer::readCMOS(unsigned char)
                0x00000000c000eef0                Computer::enableNMI(bool)
                0x00000000c000ef08                Computer::open(int, int, void*)
                0x00000000c000efde                Computer::disableNMI()
                0x00000000c000efec                Computer::writeCMOS(unsigned char, unsigned char)
                0x00000000c000f00a                Computer::handleNMI()
                0x00000000c000f070                Computer::setDiskActivityLight(int, bool)
 *fill*         0x00000000c000f09b        0x1 
 .text          0x00000000c000f09c      0x1b7 core/gdt.32
                0x00000000c000f09c                GDTEntry::setBase(unsigned int)
                0x00000000c000f0b8                GDTEntry::setLimit(unsigned int)
                0x00000000c000f0d6                GDT::GDT()
                0x00000000c000f0d6                GDT::GDT()
                0x00000000c000f0ec                GDT::addEntry(GDTEntry)
                0x00000000c000f128                GDT::getNumberOfEntries()
                0x00000000c000f130                GDT::flush()
                0x00000000c000f152                GDT::setup()
 .text          0x00000000c000f253       0x6b core/idle.32
                0x00000000c000f253                idleFunction(void*)
 .text          0x00000000c000f2be      0x45e core/idt.32
                0x00000000c000f2be                IDTEntry::IDTEntry(bool)
                0x00000000c000f2be                IDTEntry::IDTEntry(bool)
                0x00000000c000f32c                IDTEntry::setOffset(unsigned int)
                0x00000000c000f340                IDT::IDT()
                0x00000000c000f340                IDT::IDT()
                0x00000000c000f342                IDT::getPointerToInvalidOpcodeEntryForF00F()
                0x00000000c000f34a                IDT::addEntry(IDTEntry, int)
                0x00000000c000f364                IDT::addEntry(int, void (*)(), bool)
                0x00000000c000f39c                IDT::flush()
                0x00000000c000f3b6                IDT::setup()
 .text          0x00000000c000f71c      0x1fe core/kheap.32
                0x00000000c000f71c                sbrk
                0x00000000c000f829                mmap
                0x00000000c000f83f                munmap
                0x00000000c000f855                liballoc_lock()
                0x00000000c000f862                liballoc_unlock()
                0x00000000c000f876                liballoc_alloc(int)
                0x00000000c000f891                liballoc_free(void*, int)
                0x00000000c000f8ac                realloc
                0x00000000c000f8c0                malloc
                0x00000000c000f8d0                free
                0x00000000c000f8e0                rfree
                0x00000000c000f8f0                calloc
 .text          0x00000000c000f91a      0x44f core/main.32
                0x00000000c000f91a                hwTextMode_loadInData(VgaText*)
                0x00000000c000f95f                hwTextMode_loadInTitle(VgaText*, char*)
                0x00000000c000f9cb                hwTextMode_showCursor(VgaText*, bool)
                0x00000000c000fa26                hwTextMode_update(VgaText*)
                0x00000000c000fa27                hwTextMode_updateCursor(VgaText*)
                0x00000000c000fa6f                hwTextMode_disableBlink(VgaText*, bool)
                0x00000000c000fab5                hwTextMode_scrollScreen(VgaText*)
                0x00000000c000fb56                hwTextMode_writeCharacter(VgaText*, char, VgaColour, VgaColour, int, int)
                0x00000000c000fbd5                setupTextMode()
                0x00000000c000fc45                kernel_main
 .text          0x00000000c000fd69      0x56c core/physmgr.32
                0x00000000c000fd69                Phys::allocateDMA(unsigned long)
                0x00000000c000fe0c                Phys::freeDMA(unsigned long, unsigned long)
                0x00000000c000fe54                Phys::setPageState(unsigned long, bool)
                0x00000000c000fe86                Phys::getPageState(unsigned long)
                0x00000000c000fea2                Phys::freePage(unsigned long)
                0x00000000c000ff2c                Phys::allocatePage()
                0x00000000c0010011                Phys::allocateContiguousPages(int)
                0x00000000c001006d                Phys::allowSegmentToBeUsed(unsigned long, unsigned long)
                0x00000000c00100a5                Phys::physicalMemorySetup(unsigned int)
 *fill*         0x00000000c00102d5        0x1 
 .text          0x00000000c00102d6      0x27f core/pipe.32
                0x00000000c00102d6                Pipe::isAtty()
                0x00000000c00102da                Pipe::~Pipe()
                0x00000000c00102da                Pipe::~Pipe()
                0x00000000c00102fe                Pipe::~Pipe()
                0x00000000c0010326                Pipe::read(unsigned long long, void*, int*)
                0x00000000c0010426                Pipe::write(unsigned long long, void*, int*)
                0x00000000c00104ee                Pipe::Pipe(int)
                0x00000000c00104ee                Pipe::Pipe(int)
 *fill*         0x00000000c0010555        0x1 
 .text          0x00000000c0010556      0xe4b core/terminal.32
                0x00000000c0010556                VgaText::isAtty()
                0x00000000c001055a                VgaText::~VgaText()
                0x00000000c001055a                VgaText::~VgaText()
                0x00000000c001057e                VgaText::~VgaText()
                0x00000000c00105a8                VgaText::read(unsigned long long, void*, int*)
                0x00000000c00105c8                setTerminalScrollLock(bool)
                0x00000000c00105c9                addToTerminalCycle(VgaText*)
                0x00000000c00105ea                installVgaTextImplementation()
                0x00000000c00105ff                scrollTerminalScrollLock(int)
                0x00000000c0010600                VgaText::load()
                0x00000000c001064e                VgaText::updateCursor()
                0x00000000c0010664                VgaText::showCursor(bool)
                0x00000000c0010670                VgaText::disableBlink(bool)
                0x00000000c00106a4                VgaText::doANSI_SGR(int)
                0x00000000c0010718                VgaText::setDefaultBgColour(VgaColour)
                0x00000000c0010728                VgaText::setDefaultFgColour(VgaColour)
                0x00000000c0010738                VgaText::setDefaultColours(VgaColour, VgaColour)
                0x00000000c0010758                VgaText::combineColours(unsigned char, unsigned char)
                0x00000000c001076a                VgaText::scrollScreen()
                0x00000000c00107fe                VgaText::combineCharAndColour(char, unsigned char)
                0x00000000c0010810                VgaText::writeCharacter(char, VgaColour, VgaColour, int, int)
                0x00000000c001086c                VgaText::getCursorX()
                0x00000000c0010874                VgaText::getCursorY()
                0x00000000c001087c                VgaText::setCursor(int, int)
                0x00000000c0010894                VgaText::setCursorX(int)
                0x00000000c00108ac                VgaText::setCursorY(int)
                0x00000000c00108c4                VgaText::incrementCursor(bool)
                0x00000000c0010918                VgaText::updateRAMUsageDisplay(int)
                0x00000000c001097c                VgaText::updateDiskUsage()
                0x00000000c0010ae6                VgaText::updateTitle()
                0x00000000c0010b2a                VgaText::setTitleTextColour(VgaColour)
                0x00000000c0010b38                VgaText::setTitleColour(VgaColour)
                0x00000000c0010b46                VgaText::setTitle(char*)
                0x00000000c0010b6c                VgaText::decrementCursor(bool)
                0x00000000c0010b8e                VgaText::putchar(char, VgaColour, VgaColour)
                0x00000000c0010c66                VgaText::isShowingCursor()
                0x00000000c0010c6e                VgaText::isBlinkDisabled()
                0x00000000c0010c7a                VgaText::setCursorHeight(int)
                0x00000000c0010c92                VgaText::getCursorHeight()
                0x00000000c0010c9a                setActiveTerminal(VgaText*)
                0x00000000c0010d40                doTerminalCycle()
                0x00000000c0010d5a                VgaText::doUpdate()
                0x00000000c0010d68                VgaText::puts(char const*, VgaColour, VgaColour)
                0x00000000c0010ee0                VgaText::clearScreen()
                0x00000000c0010f3a                VgaText::putchar(char)
                0x00000000c0011026                VgaText::puts(char const*)
                0x00000000c001104c                VgaText::putx(unsigned int)
                0x00000000c0011092                VgaText::VgaText(char const*)
                0x00000000c0011092                VgaText::VgaText(char const*)
                0x00000000c0011240                VgaText::receiveKey(unsigned char)
                0x00000000c0011328                VgaText::write(unsigned long long, void*, int*)
                0x00000000c001137c                newTerminal(char*)
 *fill*         0x00000000c00113a1        0x1 
 .text          0x00000000c00113a2      0x1b3 core/tss.32
                0x00000000c00113a2                TSS::TSS()
                0x00000000c00113a2                TSS::TSS()
                0x00000000c00113b0                TSS::setESP(unsigned long)
                0x00000000c00113c2                TSS::flush()
                0x00000000c00113e2                TSS::setup(unsigned long, unsigned long)
 *fill*         0x00000000c0011555        0x1 
 .text          0x00000000c0011556      0x4c2 core/unixfile.32
                0x00000000c0011556                ReservedFilename::read(unsigned long long, void*, int*)
                0x00000000c00115ac                ReservedFilename::isAtty()
                0x00000000c00115c8                ReservedFilename::write(unsigned long long, void*, int*)
                0x00000000c0011626                UnixFile::getFileDescriptor()
                0x00000000c001162e                UnixFile::UnixFile(int)
                0x00000000c001162e                UnixFile::UnixFile(int)
                0x00000000c00117de                ReservedFilename::ReservedFilename(int)
                0x00000000c00117de                ReservedFilename::ReservedFilename(int)
                0x00000000c0011810                UnixFile::~UnixFile()
                0x00000000c0011810                UnixFile::~UnixFile()
                0x00000000c00118a8                UnixFile::~UnixFile()
                0x00000000c00118d0                ReservedFilename::~ReservedFilename()
                0x00000000c00118d0                ReservedFilename::~ReservedFilename()
                0x00000000c00118f4                ReservedFilename::~ReservedFilename()
                0x00000000c001191b                getFromFileDescriptor(int)
 .text          0x00000000c0011a18     0x12f9 core/virtmgr.32
                0x00000000c0011a18                Virt::setPageState(unsigned long, Virt::VirtPageState)
                0x00000000c0011a4d                Virt::getPageState(unsigned long)
                0x00000000c0011a71                Virt::allocateKernelVirtualPages(int)
                0x00000000c0011b82                Virt::freeSwapfilePage(unsigned long)
                0x00000000c0011ba0                Virt::swapIDToSector(unsigned long)
                0x00000000c0011bb2                Virt::allocateSwapfilePage()
                0x00000000c0011c30                Virt::virtualMemorySetup()
                0x00000000c0011caf                Virt::swappingSetup()
                0x00000000c0011cb0                Virt::setupPageSwapping(int)
                0x00000000c0011e7c                VAS::VAS()
                0x00000000c0011e7c                VAS::VAS()
                0x00000000c0011eb8                VAS::VAS(VAS*)
                0x00000000c0011eb8                VAS::VAS(VAS*)
                0x00000000c0011ee6                VAS::getForeignPageTableEntry(bool, unsigned long)
                0x00000000c0011f12                VAS::getPageTableEntry(unsigned long)
                0x00000000c0011f31                Virt::freeKernelVirtualPages(unsigned long)
                0x00000000c0012054                VAS::freeAllocatedPages(unsigned long)
                0x00000000c0012078                VAS::virtualToPhysical(unsigned long)
                0x00000000c0012090                VAS::reflagRange(unsigned long, int, int, int)
                0x00000000c00120d0                VAS::setToWriteCombining(unsigned long, int)
                0x00000000c0012102                VAS::mapOtherVASIn(bool, VAS*)
                0x00000000c001212c                VAS::~VAS()
                0x00000000c001212c                VAS::~VAS()
                0x00000000c00122a8                VAS::mapPage(unsigned long, unsigned long, int)
                0x00000000c00123aa                VAS::allocatePages(int, int)
                0x00000000c0012582                VAS::setCPUSpecific(unsigned long)
                0x00000000c001259e                VAS::mapRange(unsigned long, unsigned long, int, int)
                0x00000000c0012664                VAS::mapForeignPage(bool, VAS*, unsigned long, unsigned long, int)
                0x00000000c0012752                VAS::VAS(bool)
                0x00000000c0012752                VAS::VAS(bool)
                0x00000000c00129d2                VAS::evict(unsigned long)
                0x00000000c0012a94                VAS::tryLoadBackOffDisk(unsigned long)
                0x00000000c0012ba4                VAS::scanForEviction()
                0x00000000c0012c55                mapVASFirstTime
 .text          0x00000000c0012d11       0x95 coreobjs/c++.32
                0x00000000c0012d11                __cxa_atexit
                0x00000000c0012d14                __cxa_finalize
                0x00000000c0012d15                __stack_chk_fail
                0x00000000c0012d81                __cxa_pure_virtual
                0x00000000c0012d92                operator new[](unsigned long)
                0x00000000c0012d97                operator delete(void*, unsigned long)
                0x00000000c0012d9c                operator delete[](void*)
                0x00000000c0012da1                operator delete[](void*, unsigned long)
 .text          0x00000000c0012da6      0x1ef dbg/kconsole.32
                0x00000000c0012da6                Dbg::stringifyxWithBase(unsigned int, char*, int)
                0x00000000c0012e07                Dbg::logc(char)
                0x00000000c0012e1e                Dbg::logs(char*)
                0x00000000c0012e3b                Dbg::logWriteInt(unsigned int)
                0x00000000c0012e58                Dbg::logWriteIntBase(unsigned int, int)
                0x00000000c0012e77                Dbg::kprintf(char const*, ...)
 *fill*         0x00000000c0012f95        0x1 
 .text          0x00000000c0012f96      0xb82 fs/vfs.32
                0x00000000c0012f96                File::read(unsigned long long, void*, int*)
                0x00000000c0012fee                File::write(unsigned long long, void*, int*)
                0x00000000c0013046                Directory::read(unsigned long long, void*, int*)
                0x00000000c001309e                Directory::write(unsigned long long, void*, int*)
                0x00000000c00130cc                File::isAtty()
                0x00000000c00130d0                Directory::isAtty()
                0x00000000c00130d4                Filesystem::getlabel(LogicalDisk*, int, char*, unsigned int*)
                0x00000000c00130da                Filesystem::setlabel(LogicalDisk*, int, char*)
                0x00000000c00130e0                Filesystem::getFileFirstSector(char const*)
                0x00000000c00130e6                File::~File()
                0x00000000c00130e6                File::~File()
                0x00000000c001310a                File::~File()
                0x00000000c0013134                Directory::~Directory()
                0x00000000c0013134                Directory::~Directory()
                0x00000000c0013158                Directory::~Directory()
                0x00000000c0013182                Filesystem::Filesystem()
                0x00000000c0013182                Filesystem::Filesystem()
                0x00000000c00131a6                Filesystem::~Filesystem()
                0x00000000c00131a6                Filesystem::~Filesystem()
                0x00000000c00131b4                Filesystem::~Filesystem()
                0x00000000c00131d8                Fs::getcwd(Process*, char*, int)
                0x00000000c0013202                Fs::initVFS()
                0x00000000c001322c                Fs::standardiseFiles(char*, char const*, char const*)
                0x00000000c00133d6                File::File(char const*, Process*)
                0x00000000c00133d6                File::File(char const*, Process*)
                0x00000000c001343a                File::open(FileOpenMode)
                0x00000000c0013498                File::close()
                0x00000000c00134f8                File::seek(unsigned long long)
                0x00000000c001354e                File::tell(unsigned long long*)
                0x00000000c001359e                File::rewind()
                0x00000000c00135b2                File::unlink()
                0x00000000c00135fe                File::rename(char const*)
                0x00000000c001364c                File::chfatattr(unsigned char, unsigned char)
                0x00000000c00136a8                File::exists()
                0x00000000c00136e6                File::stat(unsigned long long*, bool*)
                0x00000000c0013747                Fs::setcwd(Process*, char*)
                0x00000000c0013882                Directory::Directory(char const*, Process*)
                0x00000000c0013882                Directory::Directory(char const*, Process*)
                0x00000000c00138e6                Directory::open()
                0x00000000c0013942                Directory::close()
                0x00000000c00139a2                Directory::unlink()
                0x00000000c00139ee                Directory::rename(char const*)
                0x00000000c0013a3c                Directory::exists()
                0x00000000c0013a7a                Directory::read(dirent*)
                0x00000000c0013ac6                Directory::create()
                0x00000000c0013b12                Filesystem::chfatattr(char const*, unsigned char, unsigned char)
 .text          0x00000000c0013b18       0x84 hal/bus.32
                0x00000000c0013b18                Bus::Bus(char const*)
                0x00000000c0013b18                Bus::Bus(char const*)
                0x00000000c0013b4e                Bus::~Bus()
                0x00000000c0013b4e                Bus::~Bus()
                0x00000000c0013b72                Bus::~Bus()
 .text          0x00000000c0013b9c      0x156 hal/buzzer.32
                0x00000000c0013b9c                Buzzer::Buzzer(char const*)
                0x00000000c0013b9c                Buzzer::Buzzer(char const*)
                0x00000000c0013be0                Buzzer::~Buzzer()
                0x00000000c0013be0                Buzzer::~Buzzer()
                0x00000000c0013c04                Buzzer::~Buzzer()
                0x00000000c0013c2e                Buzzer::stop()
                0x00000000c0013c41                beepThread(void*)
                0x00000000c0013c84                Buzzer::beep(int, int, bool)
 .text          0x00000000c0013cf2      0x467 hal/clock.32
                0x00000000c0013cf2                User::loadClockSettings(int)
                0x00000000c0013d44                Clock::Clock(char const*)
                0x00000000c0013d44                Clock::Clock(char const*)
                0x00000000c0013d7a                Clock::~Clock()
                0x00000000c0013d7a                Clock::~Clock()
                0x00000000c0013d9e                Clock::~Clock()
                0x00000000c0013dc8                Clock::timeInSecondsLocal()
                0x00000000c0013e10                Clock::setTimeInSecondsLocal(unsigned long long)
                0x00000000c0013e69                datetimeToSeconds(datetime_t)
                0x00000000c0013f90                Clock::setTimeInDatetimeLocal(datetime_t)
                0x00000000c0013ff0                secondsToDatetime(unsigned long long)
                0x00000000c0014134                Clock::timeInDatetimeLocal()
 *fill*         0x00000000c0014159        0x1 
 .text          0x00000000c001415a      0x4ec hal/device.32
                0x00000000c001415a                Device::hibernate()
                0x00000000c001415c                Device::wake()
                0x00000000c001415e                Device::detect()
                0x00000000c0014160                Device::disableLegacy()
                0x00000000c0014162                Device::powerSaving(PowerSavingLevel)
                0x00000000c0014164                DriverlessDevice::close(int, int, void*)
                0x00000000c0014168                DriverlessDevice::detect()
                0x00000000c001416a                DriverlessDevice::open(int, int, void*)
                0x00000000c001417e                Device::~Device()
                0x00000000c001417e                Device::~Device()
                0x00000000c001418c                Device::~Device()
                0x00000000c00141b4                Device::findAndLoadDriver()
                0x00000000c00141b6                Device::preOpenPCI(PCIDeviceInfo)
                0x00000000c00141dc                Device::preOpenACPI(void*, char*, char*)
                0x00000000c0014230                Device::addIRQHandler(int, void (*)(regs*, void*), bool, void*)
                0x00000000c001426e                Device::removeIRQHandler(int, void (*)(regs*, void*), bool)
                0x00000000c00142ac                Device::addChild(Device*)
                0x00000000c00142f0                Device::removeAllChildren()
                0x00000000c0014336                Device::hibernateAll()
                0x00000000c0014366                Device::wakeAll()
                0x00000000c0014396                Device::detectAll()
                0x00000000c00143c6                Device::disableLegacyAll()
                0x00000000c00143f6                Device::loadDriversForAll()
                0x00000000c0014422                Device::closeAll()
                0x00000000c0014458                Device::powerSavingAll(PowerSavingLevel)
                0x00000000c001448e                Device::setName(char const*)
                0x00000000c001449c                Device::Device(char const*)
                0x00000000c001449c                Device::Device(char const*)
                0x00000000c0014598                Device::getName()
                0x00000000c00145a2                DriverlessDevice::DriverlessDevice(char const*)
                0x00000000c00145a2                DriverlessDevice::DriverlessDevice(char const*)
                0x00000000c00145d8                Device::addToLinkedList(LinkedList<Device>&, DeviceType)
                0x00000000c001461c                getDevicesOfType(DeviceType)
 .text          0x00000000c0014646       0x84 hal/diskctrl.32
                0x00000000c0014646                HardDiskController::HardDiskController(char const*)
                0x00000000c0014646                HardDiskController::HardDiskController(char const*)
                0x00000000c001467c                HardDiskController::~HardDiskController()
                0x00000000c001467c                HardDiskController::~HardDiskController()
                0x00000000c00146a0                HardDiskController::~HardDiskController()
 .text          0x00000000c00146ca       0xf2 hal/diskphys.32
                0x00000000c00146ca                PhysicalDisk::eject()
                0x00000000c00146de                PhysicalDisk::PhysicalDisk(char const*, int)
                0x00000000c00146de                PhysicalDisk::PhysicalDisk(char const*, int)
                0x00000000c0014746                PhysicalDisk::startCache()
                0x00000000c001476e                PhysicalDisk::~PhysicalDisk()
                0x00000000c001476e                PhysicalDisk::~PhysicalDisk()
                0x00000000c0014792                PhysicalDisk::~PhysicalDisk()
 .text          0x00000000c00147bc      0x13b hal/fpu.32
                0x00000000c00147bc                FPU::FPU(char const*)
                0x00000000c00147bc                FPU::FPU(char const*)
                0x00000000c00147f2                FPU::~FPU()
                0x00000000c00147f2                FPU::~FPU()
                0x00000000c0014816                FPU::~FPU()
                0x00000000c0014840                setupFPU()
 *fill*         0x00000000c00148f7        0x1 
 .text          0x00000000c00148f8     0x1439 hal/intctrl.32
                0x00000000c00148f8                InterruptController::uninstallISRHandler(int, void (*)(regs*, void*))
                0x00000000c0014930                InterruptController::installISRHandler(int, void (*)(regs*, void*), void*)
                0x00000000c0014982                doubleFault(regs*, void*)
                0x00000000c001499c                InterruptController::installIRQHandler(int, void (*)(regs*, void*), bool, void*)
                0x00000000c0014a38                InterruptController::clearAllHandlers(int, bool)
                0x00000000c0014ae0                InterruptController::uninstallIRQHandler(int, void (*)(regs*, void*), bool)
                0x00000000c0014b67                nmiHandler(regs*, void*)
                0x00000000c0014b75                int_handler
                0x00000000c0014c16                InterruptController::InterruptController(char const*)
                0x00000000c0014c16                InterruptController::InterruptController(char const*)
                0x00000000c0014cbc                InterruptController::~InterruptController()
                0x00000000c0014cbc                InterruptController::~InterruptController()
                0x00000000c0014ce0                InterruptController::~InterruptController()
                0x00000000c0014d0a                displayDebugInfo(regs*)
                0x00000000c0015199                x87EmulHandler(regs*, void*)
                0x00000000c001520c                gpFault(regs*, void*)
                0x00000000c0015245                pgFault(regs*, void*)
                0x00000000c0015281                otherISRHandler(regs*, void*)
                0x00000000c00152a0                opcodeFault(regs*, void*)
                0x00000000c00158bd                displayProgramFault(char const*)
                0x00000000c00158e5                setupInterruptController()
                0x00000000c0015ce4                InterruptController::convertLegacyIRQNumber(int)
 *fill*         0x00000000c0015d31        0x1 
 .text          0x00000000c0015d32      0x794 hal/keybrd.32
                0x00000000c0015d32                startGUI(void*)
                0x00000000c0015d9e                startGUIVESA(void*)
                0x00000000c0015e0a                sendKeyToTerminal(unsigned char)
                0x00000000c0015ec8                sendKeyboardToken(KeyboardToken)
                0x00000000c0016305                clearInternalKeybuffer(VgaText*)
                0x00000000c001633a                readKeyboard(VgaText*, char*, unsigned long)
                0x00000000c001643c                Keyboard::Keyboard(char const*)
                0x00000000c001643c                Keyboard::Keyboard(char const*)
                0x00000000c0016478                Keyboard::~Keyboard()
                0x00000000c0016478                Keyboard::~Keyboard()
                0x00000000c001649c                Keyboard::~Keyboard()
 .text          0x00000000c00164c6      0x414 hal/logidisk.32
                0x00000000c00164c6                LogicalDisk::close(int, int, void*)
                0x00000000c00164ca                LogicalDisk::~LogicalDisk()
                0x00000000c00164ca                LogicalDisk::~LogicalDisk()
                0x00000000c00164ee                LogicalDisk::~LogicalDisk()
                0x00000000c0016518                LogicalDisk::open(int, int, void*)
                0x00000000c001652c                LogicalDisk::absoluteToRelative(unsigned long long)
                0x00000000c0016564                LogicalDisk::relativeToAbsolute(unsigned long long)
                0x00000000c00165aa                LogicalDisk::LogicalDisk(char const*, PhysicalDisk*, unsigned long long, unsigned long long)
                0x00000000c00165aa                LogicalDisk::LogicalDisk(char const*, PhysicalDisk*, unsigned long long, unsigned long long)
                0x00000000c0016660                LogicalDisk::assignDriveLetter()
                0x00000000c0016716                LogicalDisk::mount()
                0x00000000c0016788                LogicalDisk::unmount()
                0x00000000c0016798                LogicalDisk::eject()
                0x00000000c00167ac                LogicalDisk::unassignDriveLetter()
                0x00000000c0016802                LogicalDisk::read(unsigned long long, int, void*)
                0x00000000c001686e                LogicalDisk::write(unsigned long long, int, void*)
 .text          0x00000000c00168da       0x84 hal/mouse.32
                0x00000000c00168da                Mouse::Mouse(char const*)
                0x00000000c00168da                Mouse::Mouse(char const*)
                0x00000000c0016910                Mouse::~Mouse()
                0x00000000c0016910                Mouse::~Mouse()
                0x00000000c0016934                Mouse::~Mouse()
 .text          0x00000000c001695e      0x359 hal/partition.32
                0x00000000c001695e                makePartition(PhysicalDisk*, unsigned long long, unsigned long long)
                0x00000000c0016a26                createPartitionsForDisk(PhysicalDisk*)
 *fill*         0x00000000c0016cb7        0x1 
 .text          0x00000000c0016cb8       0x84 hal/serial.32
                0x00000000c0016cb8                Serial::Serial(char const*)
                0x00000000c0016cb8                Serial::Serial(char const*)
                0x00000000c0016cee                Serial::~Serial()
                0x00000000c0016cee                Serial::~Serial()
                0x00000000c0016d12                Serial::~Serial()
 .text          0x00000000c0016d3c      0x2f3 hal/timer.32
                0x00000000c0016d3c                Timer::Timer(char const*)
                0x00000000c0016d3c                Timer::Timer(char const*)
                0x00000000c0016d72                Timer::~Timer()
                0x00000000c0016d72                Timer::~Timer()
                0x00000000c0016d96                Timer::~Timer()
                0x00000000c0016dc0                Timer::read()
                0x00000000c0016dcb                timerHandler(unsigned long long)
                0x00000000c0016f3d                setupTimer(int)
 *fill*         0x00000000c001702f        0x1 
 .text          0x00000000c0017030      0x425 hal/vcache.32
                0x00000000c0017030                VCache::VCache(PhysicalDisk*)
                0x00000000c0017030                VCache::VCache(PhysicalDisk*)
                0x00000000c0017198                VCache::invalidateReadBuffer()
                0x00000000c00171a8                VCache::writeWriteBuffer()
                0x00000000c00171e4                VCache::~VCache()
                0x00000000c00171e4                VCache::~VCache()
                0x00000000c0017238                VCache::~VCache()
                0x00000000c0017260                VCache::write(unsigned long long, int, void*)
                0x00000000c0017356                VCache::read(unsigned long long, int, void*)
 *fill*         0x00000000c0017455        0x1 
 .text          0x00000000c0017456      0x4cd hal/video.32
                0x00000000c0017456                Video::putrect(int, int, int, int, unsigned int)
                0x00000000c00174a2                Video::bitblit(int, int, int, int, int, int, int, unsigned int*)
                0x00000000c0017512                Video::blit(unsigned int*, int, int, int, int)
                0x00000000c0017590                Video::clearScreen(unsigned int)
                0x00000000c00175c4                Video::putpixel(int, int, unsigned int)
                0x00000000c00175d2                Video::Video(char const*)
                0x00000000c00175d2                Video::Video(char const*)
                0x00000000c0017608                Video::~Video()
                0x00000000c0017608                Video::~Video()
                0x00000000c001762c                Video::~Video()
                0x00000000c0017656                Video::isMonochrome()
                0x00000000c0017662                Video::getWidth()
                0x00000000c001766e                Video::getHeight()
                0x00000000c001767a                Video::drawCursor(int, int, unsigned char*, int)
                0x00000000c0017736                Video::tgaParse(unsigned char*, int, int*, int*)
                0x00000000c00178b8                Video::putTGA(int, int, unsigned char*, int)
 *fill*         0x00000000c0017923        0x1 
 .text          0x00000000c0017924     0x10ed hw/acpi.32
                0x00000000c0017924                ACPI::close(int, int, void*)
                0x00000000c00179d9                findRSDP()
                0x00000000c0017a73                loadACPITables(unsigned char*)
                0x00000000c0017cb3                findRSDT(unsigned char*)
                0x00000000c0017de6                findDataTable(unsigned char*, char*)
                0x00000000c0017e82                scanMADT()
                0x00000000c0018308                ACPI::ACPI()
                0x00000000c0018308                ACPI::ACPI()
                0x00000000c0018372                ACPI::getPCIIRQAssignment(unsigned char, unsigned short, unsigned char)
                0x00000000c0018454                ACPI::registerPCIIRQAssignment(void*, unsigned short, unsigned char, unsigned char)
                0x00000000c001851a                ACPI::setScreenBrightnessLevel(void*, int)
                0x00000000c0018520                ACPI::writeSimpleBootFlag(SimpleBootFlagTable*)
                0x00000000c0018568                ACPI::sleep()
                0x00000000c0018580                ACPI::open(int, int, void*)
 *fill*         0x00000000c0018a11        0x1 
 .text          0x00000000c0018a12     0x1715 hw/cpu.32
                0x00000000c0018a12                CPU::close(int, int, void*)
                0x00000000c0018a16                CPU::lookupAMDName(unsigned char, unsigned char)
                0x00000000c0018baa                CPU::lookupIntelName(unsigned char, unsigned char)
                0x00000000c0018e58                CPU::AMD_K6_write_msr(unsigned int, unsigned int, unsigned int, CPU::REGS*)
                0x00000000c0018e74                CPU::AMD_K6_read_msr(unsigned int, CPU::REGS*)
                0x00000000c0018e8c                CPU::AMD_K6_writeback(int, int, int)
                0x00000000c0018f00                CPU::cpuid(int, unsigned long*, unsigned long*, unsigned long*, unsigned long*)
                0x00000000c0018f84                CPU::cpuidCheckEDX(unsigned int)
                0x00000000c0018fb2                CPU::cpuidCheckECX(unsigned int)
                0x00000000c0018fe0                CPU::cpuidCheckExtendedEBX(unsigned int)
                0x00000000c001900e                CPU::cpuidCheckExtendedECX(unsigned int)
                0x00000000c001903c                CPU::CPU()
                0x00000000c001903c                CPU::CPU()
                0x00000000c00190ca                CPU::displayFeatures()
                0x00000000c0019346                CPU::detectFeatures()
                0x00000000c0019d36                CPU::setupSMEP()
                0x00000000c0019d42                CPU::setupUMIP()
                0x00000000c0019d4c                CPU::setupTSC()
                0x00000000c0019d56                CPU::setupLargePages()
                0x00000000c0019d60                CPU::setupPAT()
                0x00000000c0019d9c                CPU::setupMTRR()
                0x00000000c0019d9e                CPU::setupGlobalPages()
                0x00000000c0019da8                CPU::allowUsermodeDataAccess()
                0x00000000c0019dba                CPU::prohibitUsermodeDataAccess()
                0x00000000c0019dcc                CPU::setupSMAP()
                0x00000000c0019dda                CPU::setupFeatures()
                0x00000000c0019e5a                CPU::open(int, int, void*)
                0x00000000c0019f2c                CPU::decodeAddress(regs*, int*, bool*, unsigned char*)
 .text          0x00000000c001a127        0x0 hw/ports.32
 .text          0x00000000c001a127      0x16a hw/smp.32
                0x00000000c001a127                Krnl::smpEntry()
                0x00000000c001a129                Krnl::startCPU(int)
                0x00000000c001a272                Krnl::startCPUs()
 *fill*         0x00000000c001a291        0x1 
 .text          0x00000000c001a292      0x5d3 krnl/env.32
                0x00000000c001a292                EnvVarContainer::getEnv(char const*)
                0x00000000c001a2d0                EnvVarContainer::setEnv(char const*, char const*)
                0x00000000c001a39c                EnvVarContainer::deleteEnv(char const*)
                0x00000000c001a39e                EnvVarContainer::loadFrom(char const*, char const*)
                0x00000000c001a594                EnvVarContainer::__loadSystem()
                0x00000000c001a5ae                EnvVarContainer::__loadUser()
                0x00000000c001a5b0                EnvVarContainer::EnvVarContainer(Process*)
                0x00000000c001a5b0                EnvVarContainer::EnvVarContainer(Process*)
                0x00000000c001a5d2                EnvVarContainer::~EnvVarContainer()
                0x00000000c001a5d2                EnvVarContainer::~EnvVarContainer()
                0x00000000c001a602                Krnl::getEnv(Process*, char const*)
                0x00000000c001a667                Krnl::setEnvSystem(char const*, char const*)
                0x00000000c001a681                Krnl::setEnvUser(char const*, char const*)
                0x00000000c001a6a0                Krnl::setEnvProcess(Process*, char const*, char const*)
                0x00000000c001a6b3                Krnl::deleteEnvSystem(char const*)
                0x00000000c001a6b4                Krnl::deleteEnvUser(char const*)
                0x00000000c001a6b5                Krnl::deleteEnvProcess(Process*, char const*)
                0x00000000c001a6b6                Krnl::newProcessEnv(Process*)
                0x00000000c001a6d8                Krnl::copyProcessEnv(Process*, Process*)
                0x00000000c001a72c                Krnl::loadSystemEnv()
                0x00000000c001a75a                Krnl::loadUserEnv()
                0x00000000c001a780                Krnl::flushEnv()
                0x00000000c001a781                Krnl::getProcessTotalEnvCount(Process*)
                0x00000000c001a7a1                Krnl::getProcessEnvPair(Process*, int)
 .text          0x00000000c001a865      0x396 krnl/panic.32
                0x00000000c001a865                Krnl::panic(char const*)
 .text          0x00000000c001abfb      0x444 net/ethernet.32
                0x00000000c001abfb                Net::switchEndian16(unsigned short)
                0x00000000c001ac1c                Net::switchEndian32(unsigned int)
                0x00000000c001ac4b                Net::crc32Calc(unsigned char*, int)
                0x00000000c001acdc                Net::wrapEthernetFrame(Net::UnwrappedEthernetFrame, unsigned char*)
                0x00000000c001ae5f                Net::unwrapEthernetFrame(unsigned char*, int)
 .text          0x00000000c001b03f      0x513 reg/registry.32
                0x00000000c001b03f                Reg::findLineFromLoadedData(char*, char*, char*)
                0x00000000c001b197                Reg::getLineFromRegistry(char*, char*, char*, char*)
                0x00000000c001b2ec                Reg::getLine(char*, char*, char*)
                0x00000000c001b323                Reg::readInt(char*, char*, int*)
                0x00000000c001b40e                Reg::readString(char*, char*, char*, int)
                0x00000000c001b48f                Reg::readBool(char*, char*, bool*)
                0x00000000c001b4b4                Reg::readBoolWithDefault(char*, char*, bool)
                0x00000000c001b4e0                Reg::readIntWithDefault(char*, char*, int)
                0x00000000c001b50c                Reg::readStringWithDefault(char*, char*, char*, int, char*)
 .text          0x00000000c001b552       0x36 sys/sc_eject.32
                0x00000000c001b552                Sys::eject(regs*)
 .text          0x00000000c001b588       0x18 sys/sc_exit.32
                0x00000000c001b588                Sys::exit(regs*)
 .text          0x00000000c001b5a0       0x1f sys/sc_getcwd.32
                0x00000000c001b5a0                Sys::getCwd(regs*)
 .text          0x00000000c001b5bf        0xc sys/sc_getpid.32
                0x00000000c001b5bf                Sys::getPID(regs*)
 .text          0x00000000c001b5cb       0x17 sys/sc_getramdata.32
                0x00000000c001b5cb                Sys::getRAMData(regs*)
 .text          0x00000000c001b5e2       0x82 sys/sc_getvgaptr.32
                0x00000000c001b5e2                Sys::getVGAPtr(regs*)
 .text          0x00000000c001b664       0xa8 sys/sc_loaddll.32
                0x00000000c001b664                Sys::loadDLL(regs*)
 .text          0x00000000c001b70c       0x68 sys/sc_read.32
                0x00000000c001b70c                Sys::read(regs*)
 .text          0x00000000c001b774       0x55 sys/sc_sbrk.32
                0x00000000c001b774                Sys::sbrk(regs*)
 .text          0x00000000c001b7c9       0x1c sys/sc_setcwd.32
                0x00000000c001b7c9                Sys::setCwd(regs*)
 .text          0x00000000c001b7e5      0x128 sys/sc_settime.32
                0x00000000c001b7e5                Sys::setTime(regs*)
 .text          0x00000000c001b90d       0x4a sys/sc_timezone.32
                0x00000000c001b90d                Sys::timezone(regs*)
 .text          0x00000000c001b957       0x68 sys/sc_write.32
                0x00000000c001b957                Sys::write(regs*)
 .text          0x00000000c001b9bf       0x62 sys/sc_wsbe.32
                0x00000000c001b9bf                Sys::wsbe(regs*)
 .text          0x00000000c001ba21       0x46 sys/sc_yield.32
                0x00000000c001ba21                Sys::yield(regs*)
 .text          0x00000000c001ba67     0x110c sys/syscalls.32
                0x00000000c001ba67                sysCallSeekDir(regs*)
                0x00000000c001ba6c                sysCallTellDir(regs*)
                0x00000000c001ba71                sysCallVerify(regs*)
                0x00000000c001ba7b                sysFormatDisk(regs*)
                0x00000000c001bae5                sysSetDiskVolumeLabel(regs*)
                0x00000000c001bb2b                sysGetDiskVolumeLabel(regs*)
                0x00000000c001bb7c                sysShutdown(regs*)
                0x00000000c001bbda                sysCallRealpath(regs*)
                0x00000000c001bc1d                sysCallGetArgc(regs*)
                0x00000000c001bc4b                sysCallReadDir(regs*)
                0x00000000c001bcd9                sysCallIsATTY(regs*)
                0x00000000c001bd33                sysCallSeek(regs*)
                0x00000000c001bd9c                sysCallTell(regs*)
                0x00000000c001be19                sysCallSize(regs*)
                0x00000000c001be9c                sysCallSizeFromFilename(regs*)
                0x00000000c001bf5c                sysCallClose(regs*)
                0x00000000c001bfe4                sysCallOpenDir(regs*)
                0x00000000c001c059                sysCallCloseDir(regs*)
                0x00000000c001c0bf                sysCallMakeDir(regs*)
                0x00000000c001c12f                sysCallWait(regs*)
                0x00000000c001c149                sysCallNotImpl(regs*)
                0x00000000c001c164                sysPanic(regs*)
                0x00000000c001c18a                sysCallRmdir(regs*)
                0x00000000c001c1ee                sysCallUnlink(regs*)
                0x00000000c001c252                sysCallGetArgv(regs*)
                0x00000000c001c29e                sysCallTTYName(regs*)
                0x00000000c001c321                sysCallUSleep(regs*)
                0x00000000c001c348                sysCallSpawn(regs*)
                0x00000000c001c3bd                sysCallGetEnv(regs*)
                0x00000000c001c4f5                sysAppSettings(regs*)
                0x00000000c001c614                sysSetFatAttrib(regs*)
                0x00000000c001c686                sysPipe(regs*)
                0x00000000c001c6cb                sysGetUnixTime(regs*)
                0x00000000c001c6df                string_ends_with(char const*, char const*)
                0x00000000c001c727                sysCallOpen(regs*)
                0x00000000c001c93c                Sys::loadSyscalls()
                0x00000000c001cb31                Sys::systemCall(regs*, void*)
 .text          0x00000000c001cb73     0x11fd thr/elf.32
                0x00000000c001cb73                Thr::allocateMemoryForTask(Process*, File*, unsigned long, unsigned long, unsigned long)
                0x00000000c001ce1d                Thr::loadProgramIntoMemory(Process*, char const*)
                0x00000000c001d033                Thr::runtimeReferenceHelper()
                0x00000000c001d046                Thr::getAddressOfKernelSymbol(char const*)
                0x00000000c001d095                Thr::loadKernelSymbolTable(char const*)
                0x00000000c001d353                Thr::loadDriverIntoMemory(char const*, unsigned long, bool)
                0x00000000c001da89                Thr::getDriverBaseFromAddress(unsigned long)
                0x00000000c001dabb                Thr::getDriverNameFromAddress(unsigned long)
                0x00000000c001daf2                Thr::getDriverOffsetFromAddress(unsigned long)
                0x00000000c001db0c                Thr::loadDLL(char const*, bool)
                0x00000000c001dd37                Thr::executeDLL(unsigned long, void*)
 .text          0x00000000c001dd70     0x1315 thr/prcssthr.32
                0x00000000c001dd70                userModeEntryPoint(void*)
                0x00000000c001dd96                changeTSS
                0x00000000c001ddc6                switchToThread(ThreadControlBlock*)
                0x00000000c001de70                Process::addArgs(char**)
                0x00000000c001deca                Process::Process(char const*, Process*, char**)
                0x00000000c001deca                Process::Process(char const*, Process*, char**)
                0x00000000c001e0ae                Process::Process(bool, char const*, Process*, char**)
                0x00000000c001e0ae                Process::Process(bool, char const*, Process*, char**)
                0x00000000c001e25d                taskStartupFunction
                0x00000000c001e266                Semaphore::Semaphore(int)
                0x00000000c001e266                Semaphore::Semaphore(int)
                0x00000000c001e294                Mutex::Mutex()
                0x00000000c001e294                Mutex::Mutex()
                0x00000000c001e2a6                Process::createThread(void (*)(void*), void*, int)
                0x00000000c001e3ac                Process::createUserThread()
                0x00000000c001e3c8                setupMultitasking(void (*)())
                0x00000000c001e4ea                schedule()
                0x00000000c001e570                Semaphore::tryAcquire()
                0x00000000c001e62c                Semaphore::assertLocked(char const*)
                0x00000000c001e69b                blockTaskWithSchedulerLockAlreadyHeld(TaskState)
                0x00000000c001e6e9                blockTask(TaskState)
                0x00000000c001e716                waitTask(int, int*, int)
                0x00000000c001e758                nanoSleepUntil(unsigned long long)
                0x00000000c001e7ed                nanoSleep(unsigned long long)
                0x00000000c001e805                sleep(unsigned long long)
                0x00000000c001e822                Semaphore::acquire()
                0x00000000c001e8c4                taskReturned
                0x00000000c001e8ff                Thr::processFromPID(int)
                0x00000000c001e9ae                unblockTask(ThreadControlBlock*)
                0x00000000c001ea5b                cleanupTerminatedTask(ThreadControlBlock*)
                0x00000000c001ed24                cleanerTaskFunction(void*)
                0x00000000c001ee1d                terminateTask(int)
                0x00000000c001ef4f                Thr::terminateFromIRQ(int)
                0x00000000c001ef5c                Semaphore::release()
 .text          0x00000000c001f085      0xc58 vm86/vm8086.32
                0x00000000c001f085                Vm::inbv(unsigned short)
                0x00000000c001f098                Vm::outbv(unsigned short, unsigned char)
                0x00000000c001f0eb                Vm::realToLinear(unsigned short, unsigned short)
                0x00000000c001f0fb                Vm::getSegment(unsigned int)
                0x00000000c001f103                Vm::getOffset(unsigned int)
                0x00000000c001f108                Vm::mainloop2()
                0x00000000c001f142                Vm::mainVm8086Loop(void*)
                0x00000000c001f152                Vm::mainloop3(unsigned long)
                0x00000000c001f178                Vm::initialise8086()
                0x00000000c001f1bb                Vm::finish8086()
                0x00000000c001f21c                Vm::getOutput8086(unsigned char*)
                0x00000000c001f246                Vm::start8086(char const*, unsigned short, unsigned short, unsigned short, unsigned short)
                0x00000000c001f3ae                Vm::doISR(regs*, int, unsigned char*, unsigned short, unsigned short)
                0x00000000c001f438                Vm::readByteFromReal(unsigned short, unsigned short)
                0x00000000c001f449                Vm::readWordFromReal(unsigned short, unsigned short)
                0x00000000c001f45b                Vm::readDwordFromReal(unsigned short, unsigned short)
                0x00000000c001f46c                Vm::writeByteFromReal(unsigned short, unsigned short, unsigned char)
                0x00000000c001f481                Vm::writeWordFromReal(unsigned short, unsigned short, unsigned short)
                0x00000000c001f497                Vm::writeDwordFromReal(unsigned short, unsigned short, unsigned int)
                0x00000000c001f4ac                Vm::faultHandler(regs*)
 .text          0x00000000c001fcdd      0xefd vm86/x87em.32
                0x00000000c001fcdd                Vm::fpuInternalTo32(unsigned long long)
                0x00000000c001fd38                Vm::fpuInternalTo64(unsigned long long)
                0x00000000c001fd41                Vm::fpu32ToInternal(unsigned int)
                0x00000000c001fd86                Vm::fpu64ToInternal(unsigned long long)
                0x00000000c001fd8f                Vm::fpuFloatToLong(unsigned long long)
                0x00000000c001fdea                Vm::fpuULongToFloat(unsigned long long)
                0x00000000c001fe20                Vm::fpuLongToFloat(long long)
                0x00000000c001fe76                Vm::fpuGet0()
                0x00000000c001fe7b                Vm::fpuGet1()
                0x00000000c001fe83                Vm::fpuGetPi()
                0x00000000c001fe8b                Vm::fpuGetLog2E()
                0x00000000c001fea3                Vm::fpuGetLogE2()
                0x00000000c001febb                Vm::fpuGetLog210()
                0x00000000c001fed3                Vm::fpuGetLog102()
                0x00000000c001feeb                Vm::fpuIsSecondLarger(unsigned long long, unsigned long long)
                0x00000000c001feff                Vm::fpuAreEqual(unsigned long long, unsigned long long)
                0x00000000c001ff15                Vm::fpuUnorderedCompare(unsigned long long, unsigned long long)
                0x00000000c001ff68                Vm::fpuAdd(unsigned long long, unsigned long long)
                0x00000000c001ff79                Vm::fpuAbs(unsigned long long)
                0x00000000c001ff82                Vm::fpuChs(unsigned long long)
                0x00000000c001ff92                Vm::fpuSub(unsigned long long, unsigned long long)
                0x00000000c001ffa1                Vm::fpuMultiply(unsigned long long, unsigned long long)
                0x00000000c001ffc0                Vm::fpuDivide(unsigned long long, unsigned long long)
                0x00000000c001ffdc                Vm::fpuSquare(unsigned long long)
                0x00000000c001fff2                Vm::fpuGetReg(int)
                0x00000000c0020035                Vm::fpuSetReg(int, unsigned long long)
                0x00000000c0020080                Vm::fpuPush(unsigned long long)
                0x00000000c00200dd                Vm::fpuPop()
                0x00000000c002012f                Vm::x87Handler(regs*)
 .text          0x00000000c0020bda     0x11d9 fs/fat/vfslink.32
                0x00000000c0020bda                FAT::getName()
                0x00000000c0020be0                FAT::tell(void*, unsigned long long*)
                0x00000000c0020c14                FAT::stat(void*, unsigned long long*)
                0x00000000c0020c48                FAT::~FAT()
                0x00000000c0020c48                FAT::~FAT()
                0x00000000c0020c6c                FAT::~FAT()
                0x00000000c0020c94                FAT::getlabel(LogicalDisk*, int, char*, unsigned int*)
                0x00000000c0020d32                FAT::setlabel(LogicalDisk*, int, char*)
                0x00000000c0020dec                FAT::format(LogicalDisk*, int, char const*, int)
                0x00000000c0020fd0                FAT::tryMount(LogicalDisk*, int)
                0x00000000c00211d6                FAT::getFileFirstSector(char const*)
                0x00000000c0021298                FAT::readDir(void*, unsigned long, void*, int*)
                0x00000000c00213c8                FAT::read(void*, unsigned long, void*, int*)
                0x00000000c0021422                FAT::write(void*, unsigned long, void*, int*)
                0x00000000c002147c                FAT::close(void*)
                0x00000000c00214c8                FAT::closeDir(void*)
                0x00000000c0021514                FAT::seek(void*, unsigned long long)
                0x00000000c0021568                fatWrapperReadDisk
                0x00000000c00215af                fatWrapperWriteDisk
                0x00000000c00215f6                fatWrapperIoctl
                0x00000000c00216fa                FAT::FAT()
                0x00000000c00216fa                FAT::FAT()
                0x00000000c002174c                FAT::fixFilepath(char*)
                0x00000000c0021784                FAT::open(char const*, void**, FileOpenMode)
                0x00000000c00218ac                FAT::openDir(char const*, void**)
                0x00000000c0021952                FAT::stat(char const*, unsigned long long*, bool*)
                0x00000000c0021a3c                FAT::unlink(char const*)
                0x00000000c0021ab6                FAT::chfatattr(char const*, unsigned char, unsigned char)
                0x00000000c0021c0a                FAT::rename(char const*, char const*)
                0x00000000c0021cce                FAT::mkdir(char const*)
                0x00000000c0021d48                FAT::exists(char const*)
 *fill*         0x00000000c0021db3        0x1 
 .text          0x00000000c0021db4      0xbc1 fs/iso9660/vfslink.32
                0x00000000c0021db4                ISO9660::format(LogicalDisk*, int, char const*, int)
                0x00000000c0021dba                ISO9660::seek(void*, unsigned long long)
                0x00000000c0021dea                ISO9660::tell(void*, unsigned long long*)
                0x00000000c0021e0e                ISO9660::getName()
                0x00000000c0021e14                ISO9660::stat(void*, unsigned long long*)
                0x00000000c0021e38                ISO9660::chfatattr(char const*, unsigned char, unsigned char)
                0x00000000c0021e3e                ISO9660::unlink(char const*)
                0x00000000c0021e44                ISO9660::write(void*, unsigned long, void*, int*)
                0x00000000c0021e4a                ISO9660::rename(char const*, char const*)
                0x00000000c0021e50                ISO9660::mkdir(char const*)
                0x00000000c0021e56                ISO9660::close(void*)
                0x00000000c0021e78                ISO9660::closeDir(void*)
                0x00000000c0021e9a                ISO9660::~ISO9660()
                0x00000000c0021e9a                ISO9660::~ISO9660()
                0x00000000c0021ebe                ISO9660::~ISO9660()
                0x00000000c0021ee5                __memmem(unsigned char*, int, unsigned char*, int)
                0x00000000c0021f27                readSectorFromCDROM(unsigned int, unsigned char*, char)
                0x00000000c0021f8e                ISO9660::tryMount(LogicalDisk*, int)
                0x00000000c0021fde                ISO9660::read(void*, unsigned long, void*, int*)
                0x00000000c00221de                ISO9660::readDir(void*, unsigned long, void*, int*)
                0x00000000c002246b                readRoot(unsigned int*, unsigned int*, char)
                0x00000000c00224c0                readRecursively(char*, unsigned int, unsigned int, unsigned int*, unsigned int*, char, int*)
                0x00000000c0022693                getFileData(char*, unsigned int*, unsigned int*, char, int*)
                0x00000000c0022722                ISO9660::open(char const*, void**, FileOpenMode)
                0x00000000c00227e2                ISO9660::exists(char const*)
                0x00000000c0022806                ISO9660::stat(char const*, unsigned long long*, bool*)
                0x00000000c002289a                ISO9660::openDir(char const*, void**)
                0x00000000c0022952                ISO9660::ISO9660()
                0x00000000c0022952                ISO9660::ISO9660()
 *fill*         0x00000000c0022975        0x1 
 .text          0x00000000c0022976      0x326 hal/sound/sndchannel.32
                0x00000000c0022976                SoundChannel::~SoundChannel()
                0x00000000c0022976                SoundChannel::~SoundChannel()
                0x00000000c0022992                SoundChannel::setSpeed(float)
                0x00000000c002299e                SoundChannel::getSpeed()
                0x00000000c00229a6                SoundChannel::setVolume(int)
                0x00000000c00229c2                SoundChannel::getVolume()
                0x00000000c00229ca                SoundChannel::pause()
                0x00000000c00229d4                SoundChannel::SoundChannel(int, int, int, int)
                0x00000000c00229d4                SoundChannel::SoundChannel(int, int, int, int)
                0x00000000c0022b2a                SoundChannel::play()
                0x00000000c0022b34                SoundChannel::paused()
                0x00000000c0022b3c                SoundChannel::getSampleRate()
                0x00000000c0022b44                SoundChannel::getBits()
                0x00000000c0022b4c                SoundChannel::getBufferUsed()
                0x00000000c0022b54                SoundChannel::getBufferSize()
                0x00000000c0022b5c                SoundChannel::unbuffer(float*, int, int)
                0x00000000c0022bfc                SoundChannel::buffer8(unsigned char*, int)
 .text          0x00000000c0022c9c      0x3d5 hal/sound/sndhw.32
                0x00000000c0022c9c                SoundDevice::SoundDevice(char const*)
                0x00000000c0022c9c                SoundDevice::SoundDevice(char const*)
                0x00000000c0022d08                SoundDevice::~SoundDevice()
                0x00000000c0022d08                SoundDevice::~SoundDevice()
                0x00000000c0022d82                SoundDevice::~SoundDevice()
                0x00000000c0022dac                SoundDevice::getFreeChannelNum()
                0x00000000c0022dc6                SoundDevice::addChannel(SoundChannel*)
                0x00000000c0022e36                SoundDevice::removeChannel(int)
                0x00000000c0022e68                SoundDevice::floatTo8(float*, unsigned char*, int)
                0x00000000c0022f50                SoundDevice::getAudio(int, float*, float*)
 .text          0x00000000c0023071        0x0 hw/bus/isa.32
 *fill*         0x00000000c0023071        0x1 
 .text          0x00000000c0023072      0x795 hw/bus/pci.32
                0x00000000c0023072                PCI::open(int, int, void*)
                0x00000000c0023086                PCI::close(int, int, void*)
                0x00000000c002308a                PCI::PCI()
                0x00000000c002308a                PCI::PCI()
                0x00000000c002310a                PCI::readBAR8(unsigned int, int)
                0x00000000c0023126                PCI::readBAR16(unsigned int, int)
                0x00000000c0023144                PCI::readBAR32(unsigned int, int)
                0x00000000c0023160                PCI::writeBAR8(unsigned int, unsigned char, int)
                0x00000000c0023180                PCI::writeBAR16(unsigned int, unsigned short, int)
                0x00000000c00231a2                PCI::writeBAR32(unsigned int, unsigned int, int)
                0x00000000c00231c2                PCI::pciReadWord(unsigned char, unsigned char, unsigned char, unsigned char)
                0x00000000c002320a                PCI::getVendorID(unsigned char, unsigned char, unsigned char)
                0x00000000c002322c                PCI::getHeaderType(unsigned char, unsigned char, unsigned char)
                0x00000000c0023250                PCI::getClassCode(unsigned char, unsigned char, unsigned char)
                0x00000000c0023294                PCI::getProgIF(unsigned char, unsigned char, unsigned char)
                0x00000000c00232b8                PCI::getRevisionID(unsigned char, unsigned char, unsigned char)
                0x00000000c00232da                PCI::getInterruptNumber(unsigned char, unsigned char, unsigned char)
                0x00000000c00232fc                PCI::getSecondaryBus(unsigned char, unsigned char, unsigned char)
                0x00000000c0023320                PCI::getBARAddress(unsigned char, unsigned char, unsigned char, unsigned char)
                0x00000000c0023380                PCI::pciWriteWord(unsigned char, unsigned char, unsigned char, unsigned char, unsigned short)
                0x00000000c00233ec                PCI::pciDetailsToFilepath(PCIDeviceInfo)
                0x00000000c00233f0                PCI::checkBus(unsigned char)
                0x00000000c0023414                PCI::foundDevice(PCIDeviceInfo)
                0x00000000c002359c                PCI::getDeviceData(unsigned char, unsigned char, unsigned char)
                0x00000000c0023748                PCI::checkDevice(unsigned char, unsigned char)
                0x00000000c00237b4                PCI::detect()
 *fill*         0x00000000c0023807        0x1 
 .text          0x00000000c0023808      0xc70 hw/diskctrl/ide.32
                0x00000000c0023808                IDE::close(int, int, void*)
                0x00000000c002380c                IDE::IDE()
                0x00000000c002380c                IDE::IDE()
                0x00000000c0023840                IDE::prepareInterrupt(unsigned char)
                0x00000000c0023852                selectDrive(unsigned char, unsigned char)
                0x00000000c0023854                IDE::getBase(unsigned char)
                0x00000000c0023866                IDE::write(unsigned char, unsigned char, unsigned char)
                0x00000000c0023926                IDE::read(unsigned char, unsigned char)
                0x00000000c00239d4                IDE::waitInterrupt(unsigned char)
                0x00000000c0023a3a                ideChannel0IRQHandler(regs*, void*)
                0x00000000c0023a56                ideChannel1IRQHandler(regs*, void*)
                0x00000000c0023a72                IDE::enableIRQs(unsigned char, bool)
                0x00000000c0023ab8                IDE::open(int, int, void*)
                0x00000000c0023ec8                IDE::readBuffer(unsigned char, unsigned char, unsigned int, unsigned int)
                0x00000000c0023f94                IDE::detect()
                0x00000000c002427c                IDE::printError(unsigned char, unsigned char, unsigned char)
                0x00000000c0024412                IDE::polling(unsigned char, unsigned int)
 .text          0x00000000c0024478      0x390 hw/diskctrl/satabus.32
                0x00000000c0024478                SATABus::close(int, int, void*)
                0x00000000c002447c                SATABus::detect()
                0x00000000c002447e                SATABus::SATABus()
                0x00000000c002447e                SATABus::SATABus()
                0x00000000c002452a                SATABus::findCmdslot(SATABus::tagHBA_PORT volatile*)
                0x00000000c0024572                SATABus::checkType(SATABus::tagHBA_PORT volatile*)
                0x00000000c00245ba                SATABus::startCmd(SATABus::tagHBA_PORT volatile*)
                0x00000000c00245da                SATABus::stopCmd(SATABus::tagHBA_PORT volatile*)
                0x00000000c0024604                SATABus::portRebase(SATABus::tagHBA_PORT volatile*, int)
                0x00000000c002470a                SATABus::probePort(SATABus::tagHBA_MEM volatile*)
                0x00000000c00247e8                SATABus::open(int, int, void*)
 .text          0x00000000c0024808      0x63c hw/diskphys/ata.32
                0x00000000c0024808                ATA::close(int, int, void*)
                0x00000000c002482c                ATA::powerSaving(PowerSavingLevel)
                0x00000000c002482e                ATA::ATA()
                0x00000000c002482e                ATA::ATA()
                0x00000000c002485c                ATA::flush(bool)
                0x00000000c00248a6                ATA::readyForCommand()
                0x00000000c00248f6                ATA::access(unsigned long long, int, void*, bool)
                0x00000000c0024c7e                ATA::read(unsigned long long, int, void*)
                0x00000000c0024ce6                ATA::write(unsigned long long, int, void*)
                0x00000000c0024d4e                ATA::detectCHS()
                0x00000000c0024d78                ATA::open(int, int, void*)
 .text          0x00000000c0024e44      0x5bd hw/diskphys/atapi.32
                0x00000000c0024e44                ATAPI::write(unsigned long long, int, void*)
                0x00000000c0024e4a                ATAPI::close(int, int, void*)
                0x00000000c0024e6e                ATAPI::ATAPI()
                0x00000000c0024e6e                ATAPI::ATAPI()
                0x00000000c0024e9c                ATAPI::readyForCommand()
                0x00000000c0024eec                ATAPI::sendPacket(unsigned char*, int, bool, unsigned short*, int)
                0x00000000c00251ac                ATAPI::diskRemoved()
                0x00000000c00251c8                ATAPI::eject()
                0x00000000c0025210                ATAPI::diskInserted()
                0x00000000c002523e                ATAPI::detectMedia()
                0x00000000c00252fa                ATAPI::open(int, int, void*)
                0x00000000c0025382                ATAPI::read(unsigned long long, int, void*)
 *fill*         0x00000000c0025401        0x1 
 .text          0x00000000c0025402      0x451 hw/diskphys/sata.32
                0x00000000c0025402                SATA::close(int, int, void*)
                0x00000000c0025426                SATA::powerSaving(PowerSavingLevel)
                0x00000000c0025428                SATA::open(int, int, void*)
                0x00000000c00254d2                SATA::SATA()
                0x00000000c00254d2                SATA::SATA()
                0x00000000c0025500                SATA::access(unsigned long long, int, void*, bool)
                0x00000000c0025766                SATA::read(unsigned long long, int, void*)
                0x00000000c00257ce                SATA::write(unsigned long long, int, void*)
 *fill*         0x00000000c0025853        0x1 
 .text          0x00000000c0025854      0x4fa hw/diskphys/satapi.32
                0x00000000c0025854                SATAPI::write(unsigned long long, int, void*)
                0x00000000c002585a                SATAPI::close(int, int, void*)
                0x00000000c002587e                SATAPI::SATAPI()
                0x00000000c002587e                SATAPI::SATAPI()
                0x00000000c00258ac                SATAPI::diskRemoved()
                0x00000000c00258c8                SATAPI::diskInserted()
                0x00000000c00258f6                SATAPI::sendPacket(unsigned char*, int, unsigned long long, unsigned short*, int)
                0x00000000c0025afa                SATAPI::eject()
                0x00000000c0025b42                SATAPI::detectMedia()
                0x00000000c0025c04                SATAPI::open(int, int, void*)
                0x00000000c0025cac                SATAPI::read(unsigned long long, int, void*)
 .text          0x00000000c0025d4e       0x8e hw/fpu/avx.32
                0x00000000c0025d4e                AVX::open(int, int, void*)
                0x00000000c0025d60                AVX::close(int, int, void*)
                0x00000000c0025d72                AVX::available()
                0x00000000c0025d84                AVX::save(void*)
                0x00000000c0025d9c                AVX::load(void*)
                0x00000000c0025db4                AVX::AVX()
                0x00000000c0025db4                AVX::AVX()
 .text          0x00000000c0025ddc       0x90 hw/fpu/mmx.32
                0x00000000c0025ddc                MMX::available()
                0x00000000c0025df0                MMX::open(int, int, void*)
                0x00000000c0025e02                MMX::close(int, int, void*)
                0x00000000c0025e14                MMX::save(void*)
                0x00000000c0025e2c                MMX::load(void*)
                0x00000000c0025e44                MMX::MMX()
                0x00000000c0025e44                MMX::MMX()
 .text          0x00000000c0025e6c       0x96 hw/fpu/sse.32
                0x00000000c0025e6c                SSE::open(int, int, void*)
                0x00000000c0025e7e                SSE::close(int, int, void*)
                0x00000000c0025e90                SSE::available()
                0x00000000c0025eaa                SSE::save(void*)
                0x00000000c0025ec2                SSE::load(void*)
                0x00000000c0025eda                SSE::SSE()
                0x00000000c0025eda                SSE::SSE()
 .text          0x00000000c0025f02       0x8e hw/fpu/x87.32
                0x00000000c0025f02                x87::open(int, int, void*)
                0x00000000c0025f14                x87::close(int, int, void*)
                0x00000000c0025f26                x87::available()
                0x00000000c0025f38                x87::save(void*)
                0x00000000c0025f50                x87::load(void*)
                0x00000000c0025f68                x87::x87()
                0x00000000c0025f68                x87::x87()
 .text          0x00000000c0025f90      0x71e hw/intctrl/apic.32
                0x00000000c0025f90                APIC::disable()
                0x00000000c0025f92                APIC::close(int, int, void*)
                0x00000000c0025fb4                IOAPIC::close(int, int, void*)
                0x00000000c0025fba                APIC::io_wait()
                0x00000000c0025fc0                APIC::getBase()
                0x00000000c0026002                APIC::eoi(unsigned char)
                0x00000000c0026030                APIC::open(int, int, void*)
                0x00000000c002617e                IOAPIC::IOAPIC()
                0x00000000c002617e                IOAPIC::IOAPIC()
                0x00000000c00261a6                APIC::APIC()
                0x00000000c00261a6                APIC::APIC()
                0x00000000c0026282                IOAPIC::handlesGSIWithNumber(unsigned int)
                0x00000000c00262b4                IOAPIC::read(int)
                0x00000000c00262dc                IOAPIC::open(int, int, void*)
                0x00000000c00263d2                IOAPIC::write(int, int)
                0x00000000c00263fe                IOAPIC::redirect(unsigned char, unsigned long long, unsigned char, bool, bool)
                0x00000000c00264f8                APIC::installIRQHandler(int, void (*)(regs*, void*), bool, void*)
 .text          0x00000000c00266ae      0x3d3 hw/intctrl/pic.32
                0x00000000c00266ae                PIC::disable()
                0x00000000c00266dc                PIC::close(int, int, void*)
                0x00000000c00266fe                PIC::PIC()
                0x00000000c00266fe                PIC::PIC()
                0x00000000c00267d4                PIC::ioWait()
                0x00000000c00267da                PIC::getIRQReg(int)
                0x00000000c0026844                PIC::eoi(unsigned char)
                0x00000000c00268d6                PIC::remap()
                0x00000000c0026a42                PIC::open(int, int, void*)
 *fill*         0x00000000c0026a81        0x1 
 .text          0x00000000c0026a82      0x25e hw/timer/apictimer.32
                0x00000000c0026a82                APICTimer::close(int, int, void*)
                0x00000000c0026a88                apicTimerHandler(regs*, void*)
                0x00000000c0026ab6                APICTimer::write(int)
                0x00000000c0026bba                APICTimer::open(int, int, void*)
                0x00000000c0026cb8                APICTimer::APICTimer()
                0x00000000c0026cb8                APICTimer::APICTimer()
 .text          0x00000000c0026ce0      0x1a7 hw/timer/pit.32
                0x00000000c0026ce0                PIT::write(int)
                0x00000000c0026d5e                pitHandler(regs*, void*)
                0x00000000c0026d8a                PIT::open(int, int, void*)
                0x00000000c0026dd8                PIT::close(int, int, void*)
                0x00000000c0026e08                PIT::PIT()
                0x00000000c0026e08                PIT::PIT()
 *fill*         0x00000000c0026e87        0x9 
 .text          0x00000000c0026e90       0x1e hw/fpu/x86/avx.32
                0x00000000c0026e90                avxDetect
                0x00000000c0026e96                avxSave
                0x00000000c0026e97                avxLoad
                0x00000000c0026e98                avxInit
                0x00000000c0026e99                avxClose
                0x00000000c0026e9a                wouldSheSayYes
 *fill*         0x00000000c0026eae        0x2 
 .text          0x00000000c0026eb0       0x35 hw/fpu/x86/sse.32
                0x00000000c0026eb0                absolutelyNoChanceInHell
                0x00000000c0026eb0                sseDetect
                0x00000000c0026ec8                sseSave
                0x00000000c0026ece                sseLoad
                0x00000000c0026ed4                sseInit
                0x00000000c0026ee4                sseClose
 *fill*         0x00000000c0026ee5        0xb 
 .text          0x00000000c0026ef0       0x4d hw/fpu/x86/x87.32
                0x00000000c0026ef6                x87Detect
                0x00000000c0026f11                x87Save
                0x00000000c0026f1a                x87Load
                0x00000000c0026f22                x87Init
                0x00000000c0026f3c                x87Close
 *fill*         0x00000000c0026f3d        0x3 
 .text          0x00000000c0026f40       0x25 /cygdrive/d/Users/Alex/Desktop/Toolchain/Output/bin/../lib/gcc/i386-banana/8.1.0/crtend.o
 .text          0x00000000c0026f65        0x0 crtn.32
 *fill*         0x00000000c0026f65        0x3 
 .text          0x00000000c0026f68      0x14b /cygdrive/d/Users/Alex/Desktop/Toolchain/Output/bin/../lib/gcc/i386-banana/8.1.0/libkgcc.a(_divdi3.o)
                0x00000000c0026f68                __divdi3
 *fill*         0x00000000c00270b3        0x1 
 .text          0x00000000c00270b4      0x17e /cygdrive/d/Users/Alex/Desktop/Toolchain/Output/bin/../lib/gcc/i386-banana/8.1.0/libkgcc.a(_moddi3.o)
                0x00000000c00270b4                __moddi3
 *fill*         0x00000000c0027232        0x2 