Archive member included to satisfy reference by file (symbol)

/cygdrive/c/Users/Alex/Toolchain/Output/bin/../lib/gcc/i386-banana/8.1.0/libkgcc.a(_divdi3.o)
                              krnl/intops.32 (__divdi3)
/cygdrive/c/Users/Alex/Toolchain/Output/bin/../lib/gcc/i386-banana/8.1.0/libkgcc.a(_moddi3.o)
                              krnl/intops.32 (__moddi3)
/cygdrive/c/Users/Alex/Toolchain/Output/bin/../lib/gcc/i386-banana/8.1.0/libkgcc.a(_udivdi3.o)
                              hal/clock.32 (__udivdi3)
/cygdrive/c/Users/Alex/Toolchain/Output/bin/../lib/gcc/i386-banana/8.1.0/libkgcc.a(_umoddi3.o)
                              hal/clock.32 (__umoddi3)
C:/Users/Alex/Desktop/Banana/kernel/libk/libm32.a(e_acos.c.o)
                              krnl/mathlinker.32 (acos)
C:/Users/Alex/Desktop/Banana/kernel/libk/libm32.a(e_asin.c.o)
                              krnl/mathlinker.32 (asin)
C:/Users/Alex/Desktop/Banana/kernel/libk/libm32.a(e_atan2.c.o)
                              krnl/mathlinker.32 (atan2)
C:/Users/Alex/Desktop/Banana/kernel/libk/libm32.a(e_cosh.c.o)
                              krnl/mathlinker.32 (cosh)
C:/Users/Alex/Desktop/Banana/kernel/libk/libm32.a(e_pow.c.o)
                              krnl/mathlinker.32 (pow)
C:/Users/Alex/Desktop/Banana/kernel/libk/libm32.a(e_sinh.c.o)
                              krnl/mathlinker.32 (sinh)
C:/Users/Alex/Desktop/Banana/kernel/libk/libm32.a(k_exp.c.o)
                              C:/Users/Alex/Desktop/Banana/kernel/libk/libm32.a(e_cosh.c.o) (__ldexp_exp)
C:/Users/Alex/Desktop/Banana/kernel/libk/libm32.a(s_atan.c.o)
                              krnl/mathlinker.32 (atan)
C:/Users/Alex/Desktop/Banana/kernel/libk/libm32.a(s_cos.c.o)
                              krnl/mathlinker.32 (cos)
C:/Users/Alex/Desktop/Banana/kernel/libk/libm32.a(s_expm1.c.o)
                              C:/Users/Alex/Desktop/Banana/kernel/libk/libm32.a(e_cosh.c.o) (expm1)
C:/Users/Alex/Desktop/Banana/kernel/libk/libm32.a(s_fabs.c.o)
                              C:/Users/Alex/Desktop/Banana/kernel/libk/libm32.a(e_asin.c.o) (fabs)
C:/Users/Alex/Desktop/Banana/kernel/libk/libm32.a(s_frexp.c.o)
                              krnl/mathlinker.32 (frexp)
C:/Users/Alex/Desktop/Banana/kernel/libk/libm32.a(s_modf.c.o)
                              krnl/mathlinker.32 (modf)
C:/Users/Alex/Desktop/Banana/kernel/libk/libm32.a(s_round.c.o)
                              krnl/mathlinker.32 (round)
C:/Users/Alex/Desktop/Banana/kernel/libk/libm32.a(s_sin.c.o)
                              krnl/mathlinker.32 (sin)
C:/Users/Alex/Desktop/Banana/kernel/libk/libm32.a(s_tanh.c.o)
                              krnl/mathlinker.32 (tanh)
C:/Users/Alex/Desktop/Banana/kernel/libk/libm32.a(s_cimag.c.o)
                              C:/Users/Alex/Desktop/Banana/kernel/libk/libm32.a(k_exp.c.o) (cimag)
C:/Users/Alex/Desktop/Banana/kernel/libk/libm32.a(s_creal.c.o)
                              C:/Users/Alex/Desktop/Banana/kernel/libk/libm32.a(k_exp.c.o) (creal)
C:/Users/Alex/Desktop/Banana/kernel/libk/libm32.a(e_exp.S.o)
                              krnl/mathlinker.32 (exp)
C:/Users/Alex/Desktop/Banana/kernel/libk/libm32.a(e_fmod.S.o)
                              krnl/mathlinker.32 (fmod)
C:/Users/Alex/Desktop/Banana/kernel/libk/libm32.a(e_log.S.o)
                              krnl/mathlinker.32 (log)
C:/Users/Alex/Desktop/Banana/kernel/libk/libm32.a(e_log10.S.o)
                              krnl/mathlinker.32 (log10)
C:/Users/Alex/Desktop/Banana/kernel/libk/libm32.a(e_sqrt.S.o)
                              krnl/mathlinker.32 (sqrt)
C:/Users/Alex/Desktop/Banana/kernel/libk/libm32.a(s_ceil.S.o)
                              krnl/mathlinker.32 (ceil)
C:/Users/Alex/Desktop/Banana/kernel/libk/libm32.a(s_floor.S.o)
                              krnl/mathlinker.32 (floor)
C:/Users/Alex/Desktop/Banana/kernel/libk/libm32.a(s_tan.S.o)
                              krnl/mathlinker.32 (tan)
C:/Users/Alex/Desktop/Banana/kernel/libk/libm32.a(s_scalbn.S.o)
                              C:/Users/Alex/Desktop/Banana/kernel/libk/libm32.a(e_pow.c.o) (scalbn)
C:/Users/Alex/Desktop/Banana/kernel/libk/libm32.a(e_rem_pio2.c.o)
                              C:/Users/Alex/Desktop/Banana/kernel/libk/libm32.a(s_cos.c.o) (__ieee754_rem_pio2)
C:/Users/Alex/Desktop/Banana/kernel/libk/libm32.a(k_cos.c.o)
                              C:/Users/Alex/Desktop/Banana/kernel/libk/libm32.a(s_cos.c.o) (__kernel_cos)
C:/Users/Alex/Desktop/Banana/kernel/libk/libm32.a(k_rem_pio2.c.o)
                              C:/Users/Alex/Desktop/Banana/kernel/libk/libm32.a(e_rem_pio2.c.o) (__kernel_rem_pio2)
C:/Users/Alex/Desktop/Banana/kernel/libk/libm32.a(k_sin.c.o)
                              C:/Users/Alex/Desktop/Banana/kernel/libk/libm32.a(s_cos.c.o) (__kernel_sin)

Allocating common symbols
Common symbol       size              file

dcache              0x40              fs/iso9660/iso9660.32
[...]
Memory Configuration

Name             Origin             Length             Attributes
*default*        0x0000000000000000 0xffffffffffffffff

Linker script and memory map

LOAD C:/Users/Alex/Desktop/Banana/kernel/boot.32
LOAD crti.32
LOAD /cygdrive/c/Users/Alex/Toolchain/Output/bin/../lib/gcc/i386-banana/8.1.0/crtbegin.o
LOAD C:/Users/Alex/Desktop/Banana/kernel/morenasm.32
LOAD acpica/utclib.32
LOAD krnl/malloc.32
LOAD libk/ctype.32
LOAD libk/string.32
LOAD arch/i386/cc.32
LOAD fs/fat/diskio.32
LOAD fs/fat/ff.32
LOAD fs/fat/ffsystem.32
LOAD fs/fat/ffunicode.32
LOAD fs/iso9660/iso9660.32
LOAD dbg/kconsole.32
LOAD dbg/usban.32
LOAD drv/device.32
LOAD fs/symlink.32
LOAD fs/vfs.32
LOAD hal/bus.32
LOAD hal/buzzer.32
LOAD hal/clock.32
LOAD hal/device.32
LOAD hal/diskctrl.32
LOAD hal/diskphys.32
LOAD hal/fpu.32
LOAD hal/keybrd.32
LOAD hal/logidisk.32
LOAD hal/mouse.32
LOAD hal/nic.32
LOAD hal/partition.32
LOAD hal/serial.32
LOAD hal/timer.32
LOAD hal/vcache.32
LOAD hal/video.32
LOAD hw/acpi.32
LOAD krnl/assert.32
LOAD krnl/atexit.32
LOAD krnl/bootflags.32
LOAD krnl/bootmsg.32
LOAD krnl/c++.32
LOAD krnl/cdefs.32
LOAD krnl/cm.32
LOAD krnl/computer.32
LOAD krnl/crc32.32
LOAD krnl/env.32
LOAD krnl/fault.32
LOAD krnl/gdt.32
LOAD krnl/idle.32
LOAD krnl/idt.32
LOAD krnl/inlines.32
LOAD krnl/intlformat.32
LOAD krnl/intops.32
LOAD krnl/kheap.32
LOAD krnl/mailbox.32
LOAD krnl/main.32
LOAD krnl/mathlinker.32
LOAD krnl/mutex.32
LOAD krnl/panic.32
LOAD krnl/physmgr.32
LOAD krnl/pipe.32
LOAD krnl/powctrl.32
LOAD krnl/random.32
LOAD krnl/resolve.32
LOAD krnl/semaphore.32
LOAD krnl/signal.32
LOAD krnl/syscalls.32
LOAD krnl/terminal.32
LOAD krnl/tss.32
LOAD krnl/unixfile.32
LOAD krnl/virtmgr.32
LOAD sys/alarm.32
LOAD sys/eject.32
LOAD sys/exit.32
LOAD sys/getcwd.32
LOAD sys/getpid.32
LOAD sys/getramdata.32
LOAD sys/getvgaptr.32
LOAD sys/kill.32
LOAD sys/loaddll.32
LOAD sys/pause.32
LOAD sys/pthread.32
LOAD sys/read.32
LOAD sys/registersignal.32
LOAD sys/registry.32
LOAD sys/sbrk.32
LOAD sys/setcwd.32
LOAD sys/settime.32
LOAD sys/symlink.32
LOAD sys/timezone.32
LOAD sys/truncate.32
LOAD sys/write.32
LOAD sys/wsbe.32
LOAD sys/yield.32
LOAD thr/alarm.32
LOAD thr/elf.32
LOAD thr/elf2.32
LOAD thr/exec.32
LOAD thr/prcssthr.32
LOAD vm86/vm8086.32
LOAD arch/i386/apic.32
LOAD arch/i386/hal.32
LOAD arch/i386/intctrl.32
LOAD arch/i386/pic.32
LOAD arch/i386/rtc.32
LOAD arch/i386/vga.32
LOAD fs/fat/vfslink.32
LOAD fs/iso9660/helper.32
LOAD fs/iso9660/vfslink.32
LOAD hal/sound/sndcard.32
LOAD hal/sound/sndport.32
LOAD hw/bus/pci.32
LOAD hw/diskctrl/ide.32
LOAD hw/diskctrl/satabus.32
LOAD hw/diskphys/ata.32
LOAD hw/diskphys/atapi.32
LOAD hw/diskphys/sata.32
LOAD hw/diskphys/satapi.32
LOAD hw/timer/apictimer.32
LOAD hw/timer/pit.32
LOAD arch/i386/avx.32
LOAD arch/i386/interrupt.32
LOAD arch/i386/rdrand.32
LOAD arch/i386/sse.32
LOAD arch/i386/x87.32
LOAD /cygdrive/c/Users/Alex/Toolchain/Output/bin/../lib/gcc/i386-banana/8.1.0/crtend.o
LOAD crtn.32
LOAD /cygdrive/c/Users/Alex/Toolchain/Output/bin/../lib/gcc/i386-banana/8.1.0/libkgcc.a
LOAD C:/Users/Alex/Desktop/Banana/kernel/libsoftfp.a
LOAD C:/Users/Alex/Desktop/Banana/kernel/libk/libm32.a
                0x00000000c0000000                . = 0xc0000000

.text           0x00000000c0000000    0x25e88
 *(.text)
 .text          0x00000000c0000000       0x20 C:/Users/Alex/Desktop/Banana/kernel/boot.32
 .text          0x00000000c0000020        0x0 crti.32
 .text          0x00000000c0000020      0x101 /cygdrive/c/Users/Alex/Toolchain/Output/bin/../lib/gcc/i386-banana/8.1.0/crtbegin.o
 *fill*         0x00000000c0000121        0xf 
 .text          0x00000000c0000130      0x24f C:/Users/Alex/Desktop/Banana/kernel/morenasm.32
                0x00000000c0000130                manualPCIProbe
                0x00000000c000017b                prepareTramp
                0x00000000c0000194                doTPAUSE
                0x00000000c000019e                hasLegacyFPU
                0x00000000c00001c3                is486
                0x00000000c00001f9                detectCPUID
                0x00000000c000020f                goToVM86
                0x00000000c000023f                goToUsermode
                0x00000000c0000269                switchToThreadASMFirstTime
                0x00000000c0000277                switchToThreadASM
                0x00000000c00002fc                asmQuickAcquireLock
                0x00000000c000031a                asmQuickReleaseLock
                0x00000000c0000326                asmAcquireLock
                0x00000000c0000347                asmReleaseLock
                0x00000000c000035a                loadGDT
                0x00000000c000037a                memcpy
 *fill*         0x00000000c000037f        0x1 
 .text          0x00000000c0000380      0x868 acpica/utclib.32
                0x00000000c0000380                memcmp
                0x00000000c00003d0                memmove
                0x00000000c00004f0                memset
                0x00000000c0000570                strlen
                0x00000000c00005a0                strpbrk
                0x00000000c00005f0                strtok
                0x00000000c0000640                strcpy
                0x00000000c0000680                strncpy
                0x00000000c0000750                strcmp
                0x00000000c00007a0                strchr
                0x00000000c00007e0                strncmp
                0x00000000c0000840                strcat
                0x00000000c0000870                strncat
                0x00000000c00008d0                strstr
                0x00000000c0000930                toupper
                0x00000000c0000950                tolower
                0x00000000c0000970                simple_strtoul
 .text          0x00000000c0000be8     0x1140 krnl/malloc.32
                0x00000000c0000d53                dlfree
                0x00000000c000121a                dlmalloc
                0x00000000c0001757                dlrealloc
                0x00000000c0001934                dlmemalign
                0x00000000c0001a57                dlcalloc
                0x00000000c0001ae8                dlcfree
                0x00000000c0001aed                dlindependent_calloc
                0x00000000c0001b12                dlindependent_comalloc
                0x00000000c0001b29                dlvalloc
                0x00000000c0001b54                dlpvalloc
                0x00000000c0001b8a                dlmalloc_trim
                0x00000000c0001b97                dlmalloc_usable_size
                0x00000000c0001bc8                dlmallinfo
                0x00000000c0001c97                dlmalloc_stats
                0x00000000c0001ca8                dlmallopt
 .text          0x00000000c0001d28      0x1f2 libk/ctype.32
                0x00000000c0001d28                isblank
                0x00000000c0001d48                iscntrl
                0x00000000c0001d68                isdigit
                0x00000000c0001d84                islower
                0x00000000c0001da0                isspace
                0x00000000c0001dc8                isupper
                0x00000000c0001de4                isalpha
                0x00000000c0001e14                isalnum
                0x00000000c0001e44                ispunct
                0x00000000c0001e84                isgraph
                0x00000000c0001eb4                isprint
                0x00000000c0001edc                isxdigit
 .text          0x00000000c0001f1a        0x0 libk/string.32
 *fill*         0x00000000c0001f1a        0x2 
 .text          0x00000000c0001f1c       0x53 arch/i386/cc.32
                0x00000000c0001f1c                LWIP_PLATFORM_HTONS
                0x00000000c0001f40                LWIP_PLATFORM_HTONL
 .text          0x00000000c0001f6f       0x51 fs/fat/diskio.32
                0x00000000c0001f6f                disk_status
                0x00000000c0001f72                disk_initialize
                0x00000000c0001f75                disk_read
                0x00000000c0001f8b                disk_write
                0x00000000c0001fa1                disk_ioctl
 .text          0x00000000c0001fc0     0x3e46 fs/fat/ff.32
                0x00000000c0003de1                f_mount
                0x00000000c0003e43                f_open
                0x00000000c0004106                f_read
                0x00000000c0004305                f_write
                0x00000000c000454d                f_sync
                0x00000000c0004612                f_close
                0x00000000c0004641                f_lseek
                0x00000000c00047f2                f_opendir
                0x00000000c00048bd                f_closedir
                0x00000000c00048df                f_readdir
                0x00000000c0004971                f_stat
                0x00000000c00049f0                f_getfree
                0x00000000c0004af9                f_truncate
                0x00000000c0004be3                f_unlink
                0x00000000c0004d05                f_mkdir
                0x00000000c0004ea0                f_rename
                0x00000000c0005058                f_chmod
                0x00000000c0005108                f_utime
                0x00000000c00051b8                f_getlabel
                0x00000000c0005309                f_setlabel
                0x00000000c0005499                f_expand
                0x00000000c0005606                f_mkfs
 *fill*         0x00000000c0005e06        0x2 
 .text          0x00000000c0005e08       0x2f fs/fat/ffsystem.32
                0x00000000c0005e08                ff_memalloc
                0x00000000c0005e20                ff_memfree
 *fill*         0x00000000c0005e37        0x1 
 .text          0x00000000c0005e38      0x2dc fs/fat/ffunicode.32
                0x00000000c0005e38                ff_uni2oem
                0x00000000c0005ed8                ff_oem2uni
                0x00000000c0005f50                ff_wtoupper
 .text          0x00000000c0006114      0xd32 fs/iso9660/iso9660.32
                0x00000000c000635f                isoReadDiscSector
                0x00000000c00063fa                strnicmp
                0x00000000c00066a9                stricmp
                0x00000000c00066f5                iso_open
                0x00000000c000677f                iso_close
                0x00000000c000679d                iso_read
                0x00000000c00068b3                iso_seek
                0x00000000c0006937                iso_tell
                0x00000000c0006968                iso_total
                0x00000000c0006993                fn_postprocess
                0x00000000c00069ba                iso_readdir
                0x00000000c0006c11                iso_reset
                0x00000000c0006c2e                init_percd
                0x00000000c0006d28                iso_ioctl
                0x00000000c0006d40                fs_iso9660_init
                0x00000000c0006dd6                fs_iso9660_shutdown
 .text          0x00000000c0006e46      0x2ad dbg/kconsole.32
                0x00000000c0006e46                Dbg::stringifyxWithBase(unsigned int, char*, int)
                0x00000000c0006ee6                Dbg::logc(char)
                0x00000000c0006f13                Dbg::logs(char*)
                0x00000000c0006f3d                Dbg::logWriteInt(unsigned int)
                0x00000000c0006f5b                Dbg::logWriteIntBase(unsigned int, int)
                0x00000000c0006f7c                Dbg::kprintf(char const*, ...)
 *fill*         0x00000000c00070f3        0x1 
 .text          0x00000000c00070f4      0x2d4 dbg/usban.32
                0x00000000c00070f4                KiUbsanPrintDetails(char const*, void*)
                0x00000000c0007160                __ubsan_handle_type_mismatch_v1
                0x00000000c000723c                __ubsan_handle_pointer_overflow
                0x00000000c0007268                __ubsan_handle_out_of_bounds
                0x00000000c0007294                __ubsan_handle_add_overflow
                0x00000000c00072c0                __ubsan_handle_load_invalid_value
                0x00000000c00072ec                __ubsan_handle_divrem_overflow
                0x00000000c0007318                __ubsan_handle_mul_overflow
                0x00000000c0007344                __ubsan_handle_sub_overflow
                0x00000000c0007370                __ubsan_handle_shift_out_of_bounds
                0x00000000c000739c                __ubsan_handle_negate_overflow
 .text          0x00000000c00073c8      0x4d8 drv/device.32
                0x00000000c00073c8                Hardware::registerIRQ(int)
                0x00000000c00073f8                Hardware::deregisterIRQ(int)
                0x00000000c0007426                Hardware::setHumanReadableName(char const*)
                0x00000000c0007430                Hardware::~Hardware()
                0x00000000c0007430                Hardware::~Hardware()
                0x00000000c000747c                Hardware::~Hardware()
                0x00000000c00074a6                Hardware::Hardware()
                0x00000000c00074a6                Hardware::Hardware()
                0x00000000c00074f2                Hardware::Hardware(BuiltinDriver)
                0x00000000c00074f2                Hardware::Hardware(BuiltinDriver)
                0x00000000c000753e                Hardware::Hardware(char const*)
                0x00000000c000753e                Hardware::Hardware(char const*)
                0x00000000c000758a                Hardware::detectRecursively()
                0x00000000c000761e                Hardware::deinitialiseRecursively()
                0x00000000c00076b6                Hardware::setPowerStateRecursively(DevicePowerState)
                0x00000000c0007756                Hardware::addChild(Hardware*)
                0x00000000c0007770                Hardware::removeChild(Hardware*)
                0x00000000c0007804                Hardware::registerMemoryRange(unsigned long, unsigned long)
                0x00000000c000782e                Hardware::registerPortRange(unsigned short, unsigned char, int)
 .text          0x00000000c00078a0      0x814 fs/symlink.32
                0x00000000c00079ef                KiDeinitialiseSymlinks(void*)
                0x00000000c0007a82                KeRegisterSymlink(char const*, unsigned long long)
                0x00000000c0007b05                KeInitialiseSymlinks()
                0x00000000c0007c67                KiIsSymlinkRegistered(char const*)
                0x00000000c0007dd1                KeDereferenceSymlink(char const*, char*)
                0x00000000c0007f78                KeCreateSymlink(char const*, char const*)
 .text          0x00000000c00080b4      0xd88 fs/vfs.32
                0x00000000c00080b4                File::read(unsigned long long, void*, int*)
                0x00000000c000810c                File::write(unsigned long long, void*, int*)
                0x00000000c0008164                Directory::read(unsigned long long, void*, int*)
                0x00000000c00081bc                Directory::write(unsigned long long, void*, int*)
                0x00000000c00081ea                File::isAtty()
                0x00000000c00081ee                Directory::isAtty()
                0x00000000c00081f2                Filesystem::getlabel(LogicalDisk*, int, char*, unsigned int*)
                0x00000000c00081f8                Filesystem::setlabel(LogicalDisk*, int, char*)
                0x00000000c00081fe                Filesystem::allocateSwapfile(char const*, int)
                0x00000000c0008204                File::~File()
                0x00000000c0008204                File::~File()
                0x00000000c0008228                File::~File()
                0x00000000c0008252                Directory::~Directory()
                0x00000000c0008252                Directory::~Directory()
                0x00000000c0008276                Directory::~Directory()
                0x00000000c00082a0                Filesystem::Filesystem()
                0x00000000c00082a0                Filesystem::Filesystem()
                0x00000000c00082c4                Filesystem::~Filesystem()
                0x00000000c00082c4                Filesystem::~Filesystem()
                0x00000000c00082d2                Filesystem::~Filesystem()
                0x00000000c00082f6                Fs::getcwd(Process*, char*, int)
                0x00000000c0008320                Fs::initVFS()
                0x00000000c000834a                Fs::standardiseFiles(char*, char const*, char const*, bool)
                0x00000000c0008564                File::File(char const*, Process*, bool)
                0x00000000c0008564                File::File(char const*, Process*, bool)
                0x00000000c0008662                File::File(char const*, Process*)
                0x00000000c0008662                File::File(char const*, Process*)
                0x00000000c0008680                File::open(FileOpenMode)
                0x00000000c00086de                File::close()
                0x00000000c000873e                File::seek(unsigned long long)
                0x00000000c0008794                File::truncate(unsigned long long)
                0x00000000c00087ea                File::tell(unsigned long long*)
                0x00000000c000883a                File::rewind()
                0x00000000c000884e                File::unlink()
                0x00000000c000889a                File::rename(char const*)
                0x00000000c00088e8                File::chfatattr(unsigned char, unsigned char)
                0x00000000c0008944                File::exists()
                0x00000000c0008982                File::stat(unsigned long long*, bool*)
                0x00000000c00089e3                Fs::setcwd(Process*, char*)
                0x00000000c0008b42                Directory::Directory(char const*, Process*)
                0x00000000c0008b42                Directory::Directory(char const*, Process*)
                0x00000000c0008c0a                Directory::open()
                0x00000000c0008c66                Directory::close()
                0x00000000c0008cc6                Directory::unlink()
                0x00000000c0008d12                Directory::rename(char const*)
                0x00000000c0008d60                Directory::exists()
                0x00000000c0008d9e                Directory::read(dirent*)
                0x00000000c0008dea                Directory::create()
                0x00000000c0008e36                Filesystem::chfatattr(char const*, unsigned char, unsigned char)
 .text          0x00000000c0008e3c       0x86 hal/bus.32
                0x00000000c0008e3c                Bus::Bus(char const*)
                0x00000000c0008e3c                Bus::Bus(char const*)
                0x00000000c0008e74                Bus::~Bus()
                0x00000000c0008e74                Bus::~Bus()
                0x00000000c0008e98                Bus::~Bus()
 .text          0x00000000c0008ec2       0x9b hal/buzzer.32
                0x00000000c0008ec2                KeBeepThread(void*)
                0x00000000c0008f03                KeBeep(int, int, bool)
 *fill*         0x00000000c0008f5d        0x1 
 .text          0x00000000c0008f5e      0xeac hal/clock.32
                0x00000000c0008f5e                KeLoadTimezoneStrings()
                0x00000000c00092ed                KeGetTimezoneStringFromID(int)
                0x00000000c000938a                KeUpdateTimezone(char const*)
                0x00000000c0009484                KeSetTimezone(char const*)
                0x00000000c00094e1                KeSetTimezone(int)
                0x00000000c0009514                KeLoadTimezone()
                0x00000000c000958e                Clock::Clock(char const*)
                0x00000000c000958e                Clock::Clock(char const*)
                0x00000000c00095c4                Clock::~Clock()
                0x00000000c00095c4                Clock::~Clock()
                0x00000000c00095e8                Clock::~Clock()
                0x00000000c0009612                Clock::timeInSecondsLocal()
                0x00000000c0009688                Clock::setTimeInSecondsLocal(unsigned long long)
                0x00000000c0009714                KeDatetimeToSeconds(datetime_t)
                0x00000000c0009a54                Clock::setTimeInDatetimeLocal(datetime_t)
                0x00000000c0009b22                KeSecondsToDatetime(unsigned long long)
                0x00000000c0009dde                Clock::timeInDatetimeLocal()
 .text          0x00000000c0009e0a      0x47a hal/device.32
                0x00000000c0009e0a                Device::hibernate()
                0x00000000c0009e0c                Device::wake()
                0x00000000c0009e0e                Device::detect()
                0x00000000c0009e10                Device::disableLegacy()
                0x00000000c0009e12                Device::powerSaving(PowerSavingLevel)
                0x00000000c0009e14                DriverlessDevice::close(int, int, void*)
                0x00000000c0009e18                DriverlessDevice::detect()
                0x00000000c0009e1a                DriverlessDevice::open(int, int, void*)
                0x00000000c0009e2e                Device::~Device()
                0x00000000c0009e2e                Device::~Device()
                0x00000000c0009e3c                Device::~Device()
                0x00000000c0009e64                Device::findAndLoadDriver()
                0x00000000c0009e72                Device::preOpenPCI(PCIDeviceInfo)
                0x00000000c0009e98                Device::preOpenACPI(void*, char*, char*)
                0x00000000c0009ed8                Device::addIRQHandler(int, void (*)(regs*, void*), bool, void*)
                0x00000000c0009f02                Device::getParent()
                0x00000000c0009f0e                Device::removeIRQHandler(int, void (*)(regs*, void*), bool)
                0x00000000c0009f2c                Device::addChild(Device*)
                0x00000000c0009f70                Device::removeAllChildren()
                0x00000000c0009fb6                Device::hibernateAll()
                0x00000000c0009fe6                Device::wakeAll()
                0x00000000c000a016                Device::detectAll()
                0x00000000c000a046                Device::disableLegacyAll()
                0x00000000c000a048                Device::loadDriversForAll()
                0x00000000c000a04a                Device::powerSavingAll(PowerSavingLevel)
                0x00000000c000a080                Device::setName(char const*)
                0x00000000c000a08e                Device::Device(char const*)
                0x00000000c000a08e                Device::Device(char const*)
                0x00000000c000a18a                Device::getName()
                0x00000000c000a194                Device::closeAll()
                0x00000000c000a1e0                DriverlessDevice::DriverlessDevice(char const*)
                0x00000000c000a1e0                DriverlessDevice::DriverlessDevice(char const*)
                0x00000000c000a216                Device::addToLinkedList(LinkedList<Device>&, DeviceType)
                0x00000000c000a25a                getDevicesOfType(DeviceType)
 .text          0x00000000c000a284       0x86 hal/diskctrl.32
                0x00000000c000a284                HardDiskController::HardDiskController(char const*)
                0x00000000c000a284                HardDiskController::HardDiskController(char const*)
                0x00000000c000a2bc                HardDiskController::~HardDiskController()
                0x00000000c000a2bc                HardDiskController::~HardDiskController()
                0x00000000c000a2e0                HardDiskController::~HardDiskController()
 .text          0x00000000c000a30a       0xe2 hal/diskphys.32
                0x00000000c000a30a                PhysicalDisk::eject()
                0x00000000c000a30e                PhysicalDisk::PhysicalDisk(char const*, int)
                0x00000000c000a30e                PhysicalDisk::PhysicalDisk(char const*, int)
                0x00000000c000a376                PhysicalDisk::startCache()
                0x00000000c000a39e                PhysicalDisk::~PhysicalDisk()
                0x00000000c000a39e                PhysicalDisk::~PhysicalDisk()
                0x00000000c000a3c2                PhysicalDisk::~PhysicalDisk()
 .text          0x00000000c000a3ec        0x0 hal/fpu.32
 .text          0x00000000c000a3ec      0x83e hal/keybrd.32
                0x00000000c000a3ec                startGUI(void*)
                0x00000000c000a436                startGUIVESA(void*)
                0x00000000c000a480                sendKeyToTerminal(unsigned char)
                0x00000000c000a556                sendKeyboardToken(KeyboardToken)
                0x00000000c000aa12                clearInternalKeybuffer(VgaText*)
                0x00000000c000aa47                readKeyboard(VgaText*, char*, unsigned long)
                0x00000000c000aba0                Keyboard::Keyboard(char const*)
                0x00000000c000aba0                Keyboard::Keyboard(char const*)
                0x00000000c000abdc                Keyboard::~Keyboard()
                0x00000000c000abdc                Keyboard::~Keyboard()
                0x00000000c000ac00                Keyboard::~Keyboard()
 .text          0x00000000c000ac2a      0x3f8 hal/logidisk.32
                0x00000000c000ac2a                LogicalDisk::close(int, int, void*)
                0x00000000c000ac2e                LogicalDisk::~LogicalDisk()
                0x00000000c000ac2e                LogicalDisk::~LogicalDisk()
                0x00000000c000ac52                LogicalDisk::~LogicalDisk()
                0x00000000c000ac7c                LogicalDisk::open(int, int, void*)
                0x00000000c000ac90                LogicalDisk::absoluteToRelative(unsigned long long)
                0x00000000c000acc8                LogicalDisk::relativeToAbsolute(unsigned long long)
                0x00000000c000ad0e                LogicalDisk::LogicalDisk(char const*, PhysicalDisk*, unsigned long long, unsigned long long)
                0x00000000c000ad0e                LogicalDisk::LogicalDisk(char const*, PhysicalDisk*, unsigned long long, unsigned long long)
                0x00000000c000adce                LogicalDisk::assignDriveLetter()
                0x00000000c000ae88                LogicalDisk::mount()
                0x00000000c000aed0                LogicalDisk::unmount()
                0x00000000c000aee0                LogicalDisk::eject()
                0x00000000c000aef4                LogicalDisk::unassignDriveLetter()
                0x00000000c000af4a                LogicalDisk::read(unsigned long long, int, void*)
                0x00000000c000afb6                LogicalDisk::write(unsigned long long, int, void*)
 *fill*         0x00000000c000b022        0x2 
 .text          0x00000000c000b024       0x86 hal/mouse.32
                0x00000000c000b024                Mouse::Mouse(char const*)
                0x00000000c000b024                Mouse::Mouse(char const*)
                0x00000000c000b05c                Mouse::~Mouse()
                0x00000000c000b05c                Mouse::~Mouse()
                0x00000000c000b080                Mouse::~Mouse()
 .text          0x00000000c000b0aa       0x90 hal/nic.32
                0x00000000c000b0aa                NIC::getMAC()
                0x00000000c000b0b0                NIC::write(int, unsigned char*, int*)
                0x00000000c000b0b6                NIC::NIC(char const*)
                0x00000000c000b0b6                NIC::NIC(char const*)
                0x00000000c000b0ec                NIC::~NIC()
                0x00000000c000b0ec                NIC::~NIC()
                0x00000000c000b110                NIC::~NIC()
 .text          0x00000000c000b13a      0x33b hal/partition.32
                0x00000000c000b13a                makePartition(PhysicalDisk*, unsigned long long, unsigned long long)
                0x00000000c000b1e2                createPartitionsForDisk(PhysicalDisk*)
 *fill*         0x00000000c000b475        0x3 
 .text          0x00000000c000b478       0x86 hal/serial.32
                0x00000000c000b478                Serial::Serial(char const*)
                0x00000000c000b478                Serial::Serial(char const*)
                0x00000000c000b4b0                Serial::~Serial()
                0x00000000c000b4b0                Serial::~Serial()
                0x00000000c000b4d4                Serial::~Serial()
 *fill*         0x00000000c000b4fe        0x2 
 .text          0x00000000c000b500      0x248 hal/timer.32
                0x00000000c000b500                Timer::Timer(char const*)
                0x00000000c000b500                Timer::Timer(char const*)
                0x00000000c000b538                Timer::~Timer()
                0x00000000c000b538                Timer::~Timer()
                0x00000000c000b55c                Timer::~Timer()
                0x00000000c000b586                Timer::read()
                0x00000000c000b591                setupTimer(int)
                0x00000000c000b5cc                timerHandler(unsigned int)
 .text          0x00000000c000b748      0x5fe hal/vcache.32
                0x00000000c000b748                VCache::VCache(PhysicalDisk*)
                0x00000000c000b748                VCache::VCache(PhysicalDisk*)
                0x00000000c000b8b8                VCache::invalidateReadBuffer()
                0x00000000c000b8c8                VCache::writeWriteBuffer()
                0x00000000c000b914                VCache::~VCache()
                0x00000000c000b914                VCache::~VCache()
                0x00000000c000b96c                VCache::~VCache()
                0x00000000c000b994                VCache::write(unsigned long long, int, void*)
                0x00000000c000bb62                VCache::read(unsigned long long, int, void*)
 .text          0x00000000c000bd46      0x71a hal/video.32
                0x00000000c000bd46                Video::putrect(int, int, int, int, unsigned int)
                0x00000000c000bd92                Video::bitblit(int, int, int, int, int, int, int, unsigned int*)
                0x00000000c000be02                Video::blit(unsigned int*, int, int, int, int)
                0x00000000c000be80                Video::clearScreen(unsigned int)
                0x00000000c000bea6                Video::putpixel(int, int, unsigned int)
                0x00000000c000beb4                Video::readPixelApprox(int, int)
                0x00000000c000bec8                Video::Video(char const*)
                0x00000000c000bec8                Video::Video(char const*)
                0x00000000c000befe                Video::~Video()
                0x00000000c000befe                Video::~Video()
                0x00000000c000bf22                Video::~Video()
                0x00000000c000bf4c                Video::isMonochrome()
                0x00000000c000bf58                Video::getWidth()
                0x00000000c000bf64                Video::getHeight()
                0x00000000c000bf70                Video::drawCursor(int, int, unsigned int*, int)
                0x00000000c000c046                Video::tgaParse(unsigned char*, int, int*, int*)
                0x00000000c000c3f0                Video::putTGA(int, int, unsigned char*, int)
 .text          0x00000000c000c460     0x117f hw/acpi.32
                0x00000000c000c460                ACPI::close(int, int, void*)
                0x00000000c000c468                loadACPITables(unsigned char*)
                0x00000000c000c6c8                findRSDT(unsigned char*)
                0x00000000c000c814                findDataTable(unsigned char*, char*)
                0x00000000c000c888                scanMADT()
                0x00000000c000cd38                ACPI::ACPI()
                0x00000000c000cd38                ACPI::ACPI()
                0x00000000c000cd88                ACPI::getPCIIRQAssignment(unsigned char, unsigned short, unsigned char)
                0x00000000c000ce84                ACPI::registerPCIIRQAssignment(void*, unsigned short, unsigned char, unsigned char)
                0x00000000c000cf50                ACPI::setScreenBrightnessLevel(void*, int)
                0x00000000c000cf58                ACPI::detectPCI()
                0x00000000c000d164                ACPI::writeSimpleBootFlag(SimpleBootFlagTable*)
                0x00000000c000d17c                ACPI::open(int, int, void*)
 *fill*         0x00000000c000d5df        0x1 
 .text          0x00000000c000d5e0       0xea krnl/assert.32
                0x00000000c000d5e0                KeAssertionFailed(char*, char const*, char const*, int)
 .text          0x00000000c000d6ca       0x91 krnl/atexit.32
                0x00000000c000d6ca                KeInitialiseAtexit()
                0x00000000c000d6ec                KeRegisterAtexit(void (*)(void*), void*)
                0x00000000c000d720                KeExecuteAtexit()
 *fill*         0x00000000c000d75b        0x1 
 .text          0x00000000c000d75c       0x1e krnl/bootflags.32
                0x00000000c000d75c                KeGetBootConfigurationFlag(BootConfigurationFlag)
                0x00000000c000d76c                KeInitialiseBootConfigurationFlags()
 .text          0x00000000c000d77a       0x8a krnl/bootmsg.32
                0x00000000c000d77a                KeDisplaySplashScreen()
                0x00000000c000d7a9                KeSetBootMessage(char const*)
 .text          0x00000000c000d804       0x5f krnl/c++.32
                0x00000000c000d804                __cxa_atexit
                0x00000000c000d807                __cxa_finalize
                0x00000000c000d808                __stack_chk_fail
                0x00000000c000d83e                __cxa_pure_virtual
                0x00000000c000d84f                operator new[](unsigned long)
                0x00000000c000d854                operator delete(void*, unsigned long)
                0x00000000c000d859                operator delete[](void*)
                0x00000000c000d85e                operator delete[](void*, unsigned long)
 *fill*         0x00000000c000d863        0x1 
 .text          0x00000000c000d864       0x44 krnl/cdefs.32
                0x00000000c000d864                CUnlockScheduler
                0x00000000c000d87c                CLockScheduler
                0x00000000c000d88c                CPrintf
 .text          0x00000000c000d8a8      0xc81 krnl/cm.32
                0x00000000c000d8a8                CmOpen(char const*)
                0x00000000c000d9c6                CmClose(Reghive_Tag*)
                0x00000000c000d9dc                CmReadExtent(Reghive_Tag*, int, unsigned char*)
                0x00000000c000da18                CmGetString(Reghive_Tag*, int, char*)
                0x00000000c000da8f                CmEnterDirectory(Reghive_Tag*, int)
                0x00000000c000dace                CmGetNext(Reghive_Tag*, int)
                0x00000000c000db00                CmWriteExtent(Reghive_Tag*, int, unsigned char*)
                0x00000000c000db3c                CmFreeExtent(Reghive_Tag*, int)
                0x00000000c000db64                CmUpdateHeader(Reghive_Tag*)
                0x00000000c000db85                CmExpand(Reghive_Tag*, int)
                0x00000000c000dc00                CmFindUnusedExtent(Reghive_Tag*)
                0x00000000c000dc86                CmCreateExtent(Reghive_Tag*, int, int, unsigned char*)
                0x00000000c000dd7a                CmSetString(Reghive_Tag*, int, char const*)
                0x00000000c000deb6                CmGetMatch(char*, char*, bool, bool*)
                0x00000000c000df17                CmAddShift(unsigned int*, int*, unsigned char, int)
                0x00000000c000df47                CmGetShift(unsigned int*, int*, int, bool*)
                0x00000000c000df7e                CmGetInteger(Reghive_Tag*, int, unsigned long long*)
                0x00000000c000dfa8                CmSetInteger(Reghive_Tag*, int, unsigned long long)
                0x00000000c000dfe8                CmConvertFromInternalFilename(unsigned char const*, char*)
                0x00000000c000e08c                CmGetNameAndTypeFromExtent(Reghive_Tag*, int, char*)
                0x00000000c000e0ba                CmConvertToInternalFilename(char const*, unsigned char*)
                0x00000000c000e258                CmCreateString(Reghive_Tag*, int, char const*)
                0x00000000c000e2a5                CmFindInDirectory(Reghive_Tag*, int, char const*)
                0x00000000c000e31f                CmCreateInteger(Reghive_Tag*, int, char const*, unsigned long long, int)
                0x00000000c000e372                CmCreateDirectory(Reghive_Tag*, int, char const*)
                0x00000000c000e436                zStrtok(char*, char const*)
                0x00000000c000e4a8                CmFindObjectFromPath(Reghive_Tag*, char const*)
 *fill*         0x00000000c000e529        0x1 
 .text          0x00000000c000e52a       0xe3 krnl/computer.32
                0x00000000c000e52a                Computer::close(int, int, void*)
                0x00000000c000e530                Computer::Computer()
                0x00000000c000e530                Computer::Computer()
                0x00000000c000e574                Computer::open(int, int, void*)
 .text          0x00000000c000e60d       0x2b krnl/crc32.32
                0x00000000c000e60d                KeCalculateCRC32(unsigned char*, int)
 .text          0x00000000c000e638      0x5bf krnl/env.32
                0x00000000c000e638                EnvVarContainer::getEnv(char const*)
                0x00000000c000e676                EnvVarContainer::setEnv(char const*, char const*)
                0x00000000c000e738                EnvVarContainer::deleteEnv(char const*)
                0x00000000c000e73a                EnvVarContainer::loadFrom(char const*, char const*)
                0x00000000c000e95e                EnvVarContainer::__loadSystem()
                0x00000000c000e978                EnvVarContainer::__loadUser()
                0x00000000c000e97a                EnvVarContainer::EnvVarContainer(Process*)
                0x00000000c000e97a                EnvVarContainer::EnvVarContainer(Process*)
                0x00000000c000e99c                EnvVarContainer::~EnvVarContainer()
                0x00000000c000e99c                EnvVarContainer::~EnvVarContainer()
                0x00000000c000e9cc                KeGetEnv(Process*, char const*)
                0x00000000c000ea31                KeSetEnvSystem(char const*, char const*)
                0x00000000c000ea4b                KeSetEnvUser(char const*, char const*)
                0x00000000c000ea6a                KeSetEnvProcess(Process*, char const*, char const*)
                0x00000000c000ea7d                KeDeleteEnvSystem(char const*)
                0x00000000c000ea7e                KeDeleteEnvUser(char const*)
                0x00000000c000ea7f                KeDeleteEnvProcess(Process*, char const*)
                0x00000000c000ea80                KeNewProcessEnv(Process*)
                0x00000000c000eaa2                KeCopyProcessEnv(Process*, Process*)
                0x00000000c000eaee                KeLoadSystemEnv()
                0x00000000c000eb1c                KeLoadUserEnv()
                0x00000000c000eb42                KeFlushEnv()
                0x00000000c000eb43                KeGetProcessTotalEnvCount(Process*)
                0x00000000c000eb63                KeGetProcessEnvPair(Process*, int)
 *fill*         0x00000000c000ebf7        0x1 
 .text          0x00000000c000ebf8      0x1a8 krnl/fault.32
                0x00000000c000ebf8                KeDisplayProgramFault(char const*)
                0x00000000c000ec48                KeGeneralProtectionFault(void*, void*)
                0x00000000c000ec9c                KePageFault(void*, void*)
                0x00000000c000ecf0                KeOpcodeFault(void*, void*)
                0x00000000c000ed44                KeOtherFault(void*, void*)
                0x00000000c000ed78                KeNonMaskableInterrupt(void*, void*)
                0x00000000c000ed88                KeDoubleFault(void*, void*)
 .text          0x00000000c000eda0      0x1db krnl/gdt.32
                0x00000000c000eda0                GDTEntry::setBase(unsigned int)
                0x00000000c000edbc                GDTEntry::setLimit(unsigned int)
                0x00000000c000edda                GDT::GDT()
                0x00000000c000edda                GDT::GDT()
                0x00000000c000edf0                GDT::addEntry(GDTEntry)
                0x00000000c000ee12                GDT::getNumberOfEntries()
                0x00000000c000ee1a                GDT::flush()
                0x00000000c000ee3c                GDT::setup()
 .text          0x00000000c000ef7b       0x20 krnl/idle.32
                0x00000000c000ef7b                idleFunction(void*)
 *fill*         0x00000000c000ef9b        0x1 
 .text          0x00000000c000ef9c      0x46c krnl/idt.32
                0x00000000c000ef9c                IDTEntry::IDTEntry(bool)
                0x00000000c000ef9c                IDTEntry::IDTEntry(bool)
                0x00000000c000f016                IDTEntry::setOffset(unsigned int)
                0x00000000c000f02c                IDT::IDT()
                0x00000000c000f02c                IDT::IDT()
                0x00000000c000f02e                IDT::getPointerToInvalidOpcodeEntryForF00F()
                0x00000000c000f036                IDT::addEntry(IDTEntry, int)
                0x00000000c000f050                IDT::addEntry(int, void (*)(), bool)
                0x00000000c000f088                IDT::flush()
                0x00000000c000f0a2                IDT::setup()
 .text          0x00000000c000f408       0x9a krnl/inlines.32
                0x00000000c000f408                CPU::current()
                0x00000000c000f414                operator new(unsigned long)
                0x00000000c000f419                operator delete(void*)
                0x00000000c000f41e                disableIRQs()
                0x00000000c000f420                enableIRQs()
                0x00000000c000f422                lockScheduler()
                0x00000000c000f42a                unlockScheduler()
                0x00000000c000f43c                lockStuff()
                0x00000000c000f44a                unlockStuff()
                0x00000000c000f487                Virt::getAKernelVAS()
                0x00000000c000f48d                __not_memcpy
 .text          0x00000000c000f4a2      0x2bc krnl/intlformat.32
                0x00000000c000f4a2                KeFormatDate(char*, int, int, int, int, bool)
                0x00000000c000f692                KeFormatShortDate(char*, int, int, int, int)
                0x00000000c000f6b4                KeFormatLongDate(char*, int, int, int, int)
                0x00000000c000f6d6                KeSetLocale(klocale_t)
                0x00000000c000f6ec                KeInitialiseLocale()
                0x00000000c000f75a                KeFormatCurrency(char*, int, long long, long long)
                0x00000000c000f75b                KeFormatCurrency(char*, int, double)
                0x00000000c000f75c                KeFormatNumber(char*, long long, long long)
                0x00000000c000f75d                KeFormatNumber(char*, double)
 *fill*         0x00000000c000f75e        0x2 
 .text          0x00000000c000f760      0x42e krnl/intops.32
                0x00000000c000f760                KeBasedUnsignedIntegerToString(unsigned long long, char*, int)
                0x00000000c000f8e8                KeBasedSignedIntegerToString(long long, char*, int)
                0x00000000c000fa94                KeGetDigitsInNumber(long long)
                0x00000000c000fb00                KeItoa(unsigned long long, char*)
                0x00000000c000fb30                KeItoa(long long, char*)
                0x00000000c000fb60                KeXtoa(unsigned long long, char*)
 .text          0x00000000c000fb8e      0x207 krnl/kheap.32
                0x00000000c000fb8e                sbrk
                0x00000000c000fc25                sbrk_thunk
                0x00000000c000fc5b                mmap
                0x00000000c000fcb9                munmap
                0x00000000c000fcce                liballoc_lock()
                0x00000000c000fcdc                liballoc_unlock()
                0x00000000c000fcf4                liballoc_alloc(int)
                0x00000000c000fd0c                liballoc_free(void*, int)
                0x00000000c000fd27                realloc
                0x00000000c000fd3b                malloc
                0x00000000c000fd4b                free
                0x00000000c000fd5b                rfree
                0x00000000c000fd6b                calloc
 *fill*         0x00000000c000fd95        0x3 
 .text          0x00000000c000fd98      0x1d3 krnl/mailbox.32
                0x00000000c000fd98                KeMailboxTryPost(Mailbox*, void*)
                0x00000000c000fdf8                KeMailboxTryGet(Mailbox*, void**)
                0x00000000c000fe58                KeMailboxCreate()
                0x00000000c000fe8c                KeMailboxPost(Mailbox*, void*)
                0x00000000c000fef0                KeMailboxGet(Mailbox*, void**)
                0x00000000c000ff54                KeMailboxDestroy(Mailbox*)
 .text          0x00000000c000ff6b      0x204 krnl/main.32
                0x00000000c000ff6b                KeFirstTask()
                0x00000000c001006f                KeEntryPoint
 .text          0x00000000c001016f        0x0 krnl/mathlinker.32
 *fill*         0x00000000c001016f        0x1 
 .text          0x00000000c0010170       0x1a krnl/mutex.32
                0x00000000c0010170                Mutex::Mutex()
                0x00000000c0010170                Mutex::Mutex()
 .text          0x00000000c001018a       0x12 krnl/panic.32
                0x00000000c001018a                KeIsKernelInPanic()
                0x00000000c0010190                KePanic(char const*)
 .text          0x00000000c001019c      0x5bc krnl/physmgr.32
                0x00000000c001019c                Phys::allocateDMA(unsigned long)
                0x00000000c0010284                Phys::freeDMA(unsigned long, unsigned long)
                0x00000000c00102bf                Phys::setPageState(unsigned long, bool)
                0x00000000c00102ff                Phys::getPageState(unsigned long)
                0x00000000c001031b                Phys::freePage(unsigned long)
                0x00000000c0010384                Phys::allocatePage()
                0x00000000c001046b                Phys::allocateContiguousPages(int)
                0x00000000c00104e6                Phys::allowSegmentToBeUsed(unsigned long, unsigned long)
                0x00000000c001051e                Phys::physicalMemorySetup(unsigned int)
 .text          0x00000000c0010758      0x275 krnl/pipe.32
                0x00000000c0010758                Pipe::isAtty()
                0x00000000c001075c                Pipe::~Pipe()
                0x00000000c001075c                Pipe::~Pipe()
                0x00000000c0010780                Pipe::~Pipe()
                0x00000000c00107a8                Pipe::write(unsigned long long, void*, int*)
                0x00000000c0010868                Pipe::read(unsigned long long, void*, int*)
                0x00000000c0010966                Pipe::Pipe(int)
                0x00000000c0010966                Pipe::Pipe(int)
 .text          0x00000000c00109cd      0x1a3 krnl/powctrl.32
                0x00000000c00109cd                KePowerThread(void*)
                0x00000000c00109ff                KeChangePowerSettings(PowerSettings)
                0x00000000c0010a15                KeUserIOReceived()
                0x00000000c0010a20                KeSetupPowerManager()
                0x00000000c0010aa9                KePrepareShutdown()
                0x00000000c0010ac8                KeRegisterShutdownHandler(void (*)())
                0x00000000c0010ad2                KeRegisterRestartHandler(void (*)())
                0x00000000c0010adc                KeRegisterSleepHandler(void (*)())
                0x00000000c0010ae6                KeShutdown()
                0x00000000c0010b1c                KeSleep()
                0x00000000c0010b28                KeHandlePowerButton()
                0x00000000c0010b3a                KeHandleSleepButton()
                0x00000000c0010b4c                KeRestart()
 .text          0x00000000c0010b70       0x9d krnl/random.32
                0x00000000c0010b70                KeRand()
                0x00000000c0010bb2                KeSeedRand(unsigned int)
                0x00000000c0010bdb                KeInitRand()
 *fill*         0x00000000c0010c0d        0x3 
 .text          0x00000000c0010c10      0x26c krnl/resolve.32
                0x00000000c0010c10                KeResolveCompatibilitySymbol(char*)
 .text          0x00000000c0010e7c      0x415 krnl/semaphore.32
                0x00000000c0010e7c                Semaphore::Semaphore(int)
                0x00000000c0010e7c                Semaphore::Semaphore(int)
                0x00000000c0010eac                Semaphore::tryAcquire()
                0x00000000c0010f80                Semaphore::assertLocked(char const*)
                0x00000000c001100c                Semaphore::acquire(int)
                0x00000000c00111c4                Semaphore::acquire()
                0x00000000c00111e0                Semaphore::release()
 .text          0x00000000c0011291      0x3a8 krnl/signal.32
                0x00000000c0011291                KiSigKill(int)
                0x00000000c00112a5                KiDefaultSignalHandlerIgnore(int)
                0x00000000c00112a6                KiDefaultSignalHandlerPause(int)
                0x00000000c00112d2                KiDefaultSignalHandlerResume(int)
                0x00000000c00112fe                KeDeinitSignals(SigHandlerBlock*)
                0x00000000c0011303                KeInitSignals()
                0x00000000c0011375                KeRegisterSignalHandler(SigHandlerBlock*, int, void (*)(int), unsigned int, int)
                0x00000000c00113ab                KeRaiseSignal(SigHandlerBlock*, int)
                0x00000000c001142c                KeCheckSignal(SigHandlerBlock*, int*)
                0x00000000c001155b                KiCheckSignalZ
                0x00000000c00115ac                KeCompleteSignal(SigHandlerBlock*, int)
                0x00000000c00115e7                KiFinishSignalZ
 .text          0x00000000c0011639      0xe91 krnl/syscalls.32
                0x00000000c0011639                SysSeekDir(regs*)
                0x00000000c001163e                SysTellDir(regs*)
                0x00000000c0011643                SysVerify(regs*)
                0x00000000c001164d                SysGetArgc(regs*)
                0x00000000c0011661                SysTTYName(regs*)
                0x00000000c0011669                SysFormatDisk(regs*)
                0x00000000c00116e0                SysSetDiskVolumeLabel(regs*)
                0x00000000c0011734                SysGetDiskVolumeLabel(regs*)
                0x00000000c001178d                SysRealpath(regs*)
                0x00000000c00117d1                SysReadDir(regs*)
                0x00000000c0011851                SysIsATTY(regs*)
                0x00000000c00118ab                SysSeek(regs*)
                0x00000000c0011909                SysTell(regs*)
                0x00000000c001197e                SysSize(regs*)
                0x00000000c00119f8                SysSizeFromFilename(regs*)
                0x00000000c0011b22                SysSizeFromFilenameNoSymlink(regs*)
                0x00000000c0011c4c                SysClose(regs*)
                0x00000000c0011cac                SysOpenDir(regs*)
                0x00000000c0011d29                SysMakeDir(regs*)
                0x00000000c0011d97                SysCloseDir(regs*)
                0x00000000c0011deb                SysWait(regs*)
                0x00000000c0011e0c                SysNotImpl(regs*)
                0x00000000c0011e27                SysPanic(regs*)
                0x00000000c0011e42                SysRmdir(regs*)
                0x00000000c0011ea7                SysUnlink(regs*)
                0x00000000c0011f0c                SysGetArgv(regs*)
                0x00000000c0011f59                SysUSleep(regs*)
                0x00000000c0011f83                SysSpawn(regs*)
                0x00000000c0011ff6                SysGetEnv(regs*)
                0x00000000c00120a7                SysSetFatAttrib(regs*)
                0x00000000c001211a                SysShutdown(regs*)
                0x00000000c0012177                SysPipe(regs*)
                0x00000000c00121bc                SysGetUnixTime(regs*)
                0x00000000c0012249                string_ends_with(char const*, char const*)
                0x00000000c0012291                SysOpen(regs*)
                0x00000000c0012488                KeSystemCall(regs*, void*)
 .text          0x00000000c00124ca      0xb0b krnl/terminal.32
                0x00000000c00124ca                VgaText::isAtty()
                0x00000000c00124ce                VgaText::~VgaText()
                0x00000000c00124ce                VgaText::~VgaText()
                0x00000000c00124f2                VgaText::~VgaText()
                0x00000000c001251c                VgaText::read(unsigned long long, void*, int*)
                0x00000000c001253c                setTerminalScrollLock(bool)
                0x00000000c001253d                doTerminalCycle()
                0x00000000c001253e                addToTerminalCycle(VgaText*)
                0x00000000c001253f                scrollTerminalScrollLock(int)
                0x00000000c0012540                VgaText::updateTitle()
                0x00000000c0012542                VgaText::load()
                0x00000000c0012544                VgaText::updateCursor()
                0x00000000c001255a                VgaText::doANSI_SGR(int)
                0x00000000c00125ce                VgaText::setDefaultBgColour(VgaColour)
                0x00000000c00125de                VgaText::setDefaultFgColour(VgaColour)
                0x00000000c00125ee                VgaText::setDefaultColours(VgaColour, VgaColour)
                0x00000000c001260e                VgaText::setTitleTextColour(VgaColour)
                0x00000000c001261a                VgaText::setTitleColour(VgaColour)
                0x00000000c0012626                VgaText::setTitle(char*)
                0x00000000c0012628                VgaText::combineColours(unsigned char, unsigned char)
                0x00000000c001263a                VgaText::scrollScreen()
                0x00000000c00126cc                VgaText::combineCharAndColour(char, unsigned char)
                0x00000000c00126dc                VgaText::writeCharacter(char, VgaColour, VgaColour, int, int)
                0x00000000c0012788                VgaText::getCursorX()
                0x00000000c0012790                VgaText::getCursorY()
                0x00000000c0012798                VgaText::setCursor(int, int)
                0x00000000c00127af                setActiveTerminal(VgaText*)
                0x00000000c00127fa                VgaText::clearScreen()
                0x00000000c0012848                VgaText::setCursorX(int)
                0x00000000c0012860                VgaText::setCursorY(int)
                0x00000000c0012878                VgaText::incrementCursor(bool)
                0x00000000c00128cc                VgaText::decrementCursor(bool)
                0x00000000c00128ee                VgaText::putchar(char, VgaColour, VgaColour)
                0x00000000c00129be                VgaText::putchar(char)
                0x00000000c0012ab6                VgaText::putx(unsigned int)
                0x00000000c0012afc                VgaText::puts(char const*)
                0x00000000c0012b22                VgaText::write(unsigned long long, void*, int*)
                0x00000000c0012b6e                VgaText::puts(char const*, VgaColour, VgaColour)
                0x00000000c0012ce8                VgaText::VgaText(char const*)
                0x00000000c0012ce8                VgaText::VgaText(char const*)
                0x00000000c0012e48                VgaText::receiveKey(unsigned char)
                0x00000000c0012fd4                VgaText::doUpdate()
 *fill*         0x00000000c0012fd5        0x3 
 .text          0x00000000c0012fd8      0x224 krnl/tss.32
                0x00000000c0012fd8                TSS::TSS()
                0x00000000c0012fd8                TSS::TSS()
                0x00000000c0012fe8                TSS::setESP(unsigned long)
                0x00000000c0012ffc                TSS::flush()
                0x00000000c001301c                TSS::setup(unsigned long, unsigned long)
 .text          0x00000000c00131fc      0x4ce krnl/unixfile.32
                0x00000000c00131fc                ReservedFilename::read(unsigned long long, void*, int*)
                0x00000000c0013252                ReservedFilename::isAtty()
                0x00000000c001326e                ReservedFilename::write(unsigned long long, void*, int*)
                0x00000000c00132cc                UnixFile::getFileDescriptor()
                0x00000000c00132d4                UnixFile::UnixFile(int)
                0x00000000c00132d4                UnixFile::UnixFile(int)
                0x00000000c0013488                ReservedFilename::ReservedFilename(int)
                0x00000000c0013488                ReservedFilename::ReservedFilename(int)
                0x00000000c00134ba                UnixFile::~UnixFile()
                0x00000000c00134ba                UnixFile::~UnixFile()
                0x00000000c0013556                UnixFile::~UnixFile()
                0x00000000c001357e                ReservedFilename::~ReservedFilename()
                0x00000000c001357e                ReservedFilename::~ReservedFilename()
                0x00000000c00135a2                ReservedFilename::~ReservedFilename()
                0x00000000c00135c9                KeGetFileFromDescriptor(int)
 .text          0x00000000c00136ca     0x132b krnl/virtmgr.32
                0x00000000c00136ca                Virt::setPageState(unsigned long, Virt::VirtPageState)
                0x00000000c0013704                Virt::getPageState(unsigned long)
                0x00000000c0013727                Virt::allocateKernelVirtualPages(int)
                0x00000000c001384c                Virt::freeSwapfilePage(unsigned long)
                0x00000000c001386f                Virt::swapIDToSector(unsigned long)
                0x00000000c0013885                Virt::allocateSwapfilePage()
                0x00000000c0013905                Virt::virtualMemorySetup()
                0x00000000c0013956                Virt::setupPageSwapping(int)
                0x00000000c00139c8                VAS::setCPUSpecific(unsigned long)
                0x00000000c00139ca                VAS::VAS(VAS*)
                0x00000000c00139ca                VAS::VAS(VAS*)
                0x00000000c00139e2                VAS::getForeignPageTableEntry(bool, unsigned long)
                0x00000000c0013a10                VAS::getPageTableEntry(unsigned long)
                0x00000000c0013a2f                Virt::freeKernelVirtualPages(unsigned long)
                0x00000000c0013b6c                VAS::freeAllocatedPages(unsigned long)
                0x00000000c0013b90                VAS::virtualToPhysical(unsigned long)
                0x00000000c0013baa                VAS::reflagRange(unsigned long, int, unsigned long, unsigned long)
                0x00000000c0013bec                VAS::VAS()
                0x00000000c0013bec                VAS::VAS()
                0x00000000c0013c56                VAS::setToWriteCombining(unsigned long, int)
                0x00000000c0013c76                VAS::mapOtherVASIn(bool, VAS*)
                0x00000000c0013ca2                VAS::~VAS()
                0x00000000c0013ca2                VAS::~VAS()
                0x00000000c0013e0a                VAS::mapPage(unsigned long, unsigned long, int)
                0x00000000c0013f0e                VAS::allocatePages(int, int)
                0x00000000c0013ff4                VAS::mapRange(unsigned long, unsigned long, int, int)
                0x00000000c001404c                VAS::mapForeignPage(bool, VAS*, unsigned long, unsigned long, int)
                0x00000000c0014142                VAS::VAS(bool)
                0x00000000c0014142                VAS::VAS(bool)
                0x00000000c001432a                VAS::evict(unsigned long)
                0x00000000c001442e                VAS::canLockPage(unsigned long)
                0x00000000c0014448                VAS::unlockPage(unsigned long)
                0x00000000c001447c                VAS::canLockPages(unsigned long, int)
                0x00000000c00144b8                VAS::unlockPages(unsigned long, int)
                0x00000000c00144f4                VAS::tryLoadBackOffDisk(unsigned long)
                0x00000000c001466e                VAS::lockPage(unsigned long)
                0x00000000c00146e0                VAS::lockPages(unsigned long, int)
                0x00000000c001471c                VAS::allocateSharedMemoryWithKernel(unsigned long, unsigned long*)
                0x00000000c0014790                VAS::freeSharedMemoryWithKernel(unsigned long, unsigned long)
                0x00000000c00147bc                VAS::scanForEviction()
                0x00000000c00148fa                mapVASFirstTime
 .text          0x00000000c00149f5       0x2f sys/alarm.32
                0x00000000c00149f5                SysAlarm(regs*)
 .text          0x00000000c0014a24       0x36 sys/eject.32
                0x00000000c0014a24                SysEject(regs*)
 .text          0x00000000c0014a5a       0x18 sys/exit.32
                0x00000000c0014a5a                SysExit(regs*)
 .text          0x00000000c0014a72       0x1f sys/getcwd.32
                0x00000000c0014a72                SysGetCwd(regs*)
 .text          0x00000000c0014a91       0x26 sys/getpid.32
                0x00000000c0014a91                SysGetPID(regs*)
 .text          0x00000000c0014ab7       0x21 sys/getramdata.32
                0x00000000c0014ab7                SysGetRAMData(regs*)
 .text          0x00000000c0014ad8       0xbe sys/getvgaptr.32
                0x00000000c0014ad8                SysGetVGAPtr(regs*)
 *fill*         0x00000000c0014b96        0x2 
 .text          0x00000000c0014b98       0xb9 sys/kill.32
                0x00000000c0014b98                SysKill(regs*)
 .text          0x00000000c0014c51       0x9e sys/loaddll.32
                0x00000000c0014c51                SysLoadDLL(regs*)
 .text          0x00000000c0014cef       0x12 sys/pause.32
                0x00000000c0014cef                SysPause(regs*)
 .text          0x00000000c0014d01       0x49 sys/pthread.32
                0x00000000c0014d01                SysPthreadCreate(regs*)
                0x00000000c0014d19                SysPthreadGetTID(regs*)
                0x00000000c0014d23                SysInternalPthreadGetContext(regs*)
                0x00000000c0014d28                SysInternalPthreadGetStartLocation(regs*)
                0x00000000c0014d2d                SysPthreadJoin(regs*)
                0x00000000c0014d32                SysPthreadExit(regs*)
 .text          0x00000000c0014d4a       0x68 sys/read.32
                0x00000000c0014d4a                SysRead(regs*)
 .text          0x00000000c0014db2       0x29 sys/registersignal.32
                0x00000000c0014db2                SysRegisterSignal(regs*)
 .text          0x00000000c0014ddb      0x1cc sys/registry.32
                0x00000000c0014ddb                SysRegistryGetTypeFromPath(regs*)
                0x00000000c0014e1f                SysRegistryReadExtent(regs*)
                0x00000000c0014e67                SysRegistryPathToExtentLookup(regs*)
                0x00000000c0014e7e                SysRegistryEnterDirectory(regs*)
                0x00000000c0014e95                SysRegistryGetNext(regs*)
                0x00000000c0014eac                SysRegistryGetNameAndTypeFromExtent(regs*)
                0x00000000c0014ee6                SysRegistryOpen(regs*)
                0x00000000c0014efa                SysRegistryClose(regs*)
                0x00000000c0014f11                SysRegistryEasyReadString(regs*)
                0x00000000c0014f5d                SysRegistryEasyReadInteger(regs*)
 .text          0x00000000c0014fa7       0x55 sys/sbrk.32
                0x00000000c0014fa7                SysSbrk(regs*)
 .text          0x00000000c0014ffc       0x1c sys/setcwd.32
                0x00000000c0014ffc                SysSetCwd(regs*)
 .text          0x00000000c0015018       0xd7 sys/settime.32
                0x00000000c0015018                SysSetTime(regs*)
 .text          0x00000000c00150ef       0x73 sys/symlink.32
                0x00000000c00150ef                SysSymlink(regs*)
 .text          0x00000000c0015162       0x3e sys/timezone.32
                0x00000000c0015162                SysTimezone(regs*)
 .text          0x00000000c00151a0       0xfc sys/truncate.32
                0x00000000c00151a0                SysTruncate(regs*)
 .text          0x00000000c001529c       0x68 sys/write.32
                0x00000000c001529c                SysWrite(regs*)
 .text          0x00000000c0015304       0x9d sys/wsbe.32
                0x00000000c0015304                SysWsbe(regs*)
 .text          0x00000000c00153a1       0x28 sys/yield.32
                0x00000000c00153a1                SysYield(regs*)
 *fill*         0x00000000c00153c9        0x3 
 .text          0x00000000c00153cc      0x281 thr/alarm.32
                0x00000000c00153cc                KeAlarm(ThreadControlBlock*, unsigned long long)
                0x00000000c001555c                KeCheckAlarm(ThreadControlBlock*)
 .text          0x00000000c001564d      0x84a thr/elf.32
                0x00000000c001564d                Thr::allocateMemoryForTask(Process*, File*, unsigned long, unsigned long, unsigned long)
                0x00000000c00158df                Thr::loadProgramIntoMemory(Process*, char const*)
                0x00000000c0015b77                Thr::runtimeReferenceHelper()
                0x00000000c0015b8a                Thr::getAddressOfKernelSymbol(char const*)
                0x00000000c0015bd9                Thr::loadKernelSymbolTable(char const*)
 .text          0x00000000c0015e97      0x568 thr/elf2.32
                0x00000000c0015e97                KeIsELFValid(Elf32_Ehdr*)
                0x00000000c0015eb6                KeGetELFSectionHeader(unsigned char*, int)
                0x00000000c0015ec5                KeGetELFProgramHeader(unsigned char*, int)
                0x00000000c0015ed6                KeLookupELFString(unsigned char*, int)
                0x00000000c0015ef9                KeLoadELFProgramHeaders(unsigned char*, bool, unsigned long)
                0x00000000c0015fb3                KeGetELFSymbolValue(unsigned char*, int, int, bool*, unsigned long, unsigned long)
                0x00000000c001604f                KePerformRelocation(unsigned char*, unsigned long, Elf32_Shdr*, Elf32_Rel*)
                0x00000000c00160cf                KePerformRelocations(unsigned char*, unsigned long)
                0x00000000c0016184                KeLoadELF(unsigned char*, bool, unsigned long)
                0x00000000c00161f9                KeLoadDriver(char const*)
                0x00000000c0016362                KeExecuteDriver(unsigned long, void*)
                0x00000000c001638c                KeLoadAndExecuteDriver(char const*, void*, bool)
 .text          0x00000000c00163ff       0x5a thr/exec.32
                0x00000000c00163ff                KeProcessExec(Process*, char const*)
 *fill*         0x00000000c0016459        0x3 
 .text          0x00000000c001645c     0x1299 thr/prcssthr.32
                0x00000000c001645c                userModeEntryPoint(void*)
                0x00000000c0016488                changeTSS
                0x00000000c00164b8                switchToThread(ThreadControlBlock*)
                0x00000000c0016578                Process::addArgs(char**)
                0x00000000c00165e4                Process::Process(char const*, Process*, char**)
                0x00000000c00165e4                Process::Process(char const*, Process*, char**)
                0x00000000c001681c                Process::Process(bool, char const*, Process*, char**)
                0x00000000c001681c                Process::Process(bool, char const*, Process*, char**)
                0x00000000c0016a08                taskStartupFunction
                0x00000000c0016a14                KeDisablePreemption()
                0x00000000c0016a3c                KeRestorePreemption()
                0x00000000c0016a5c                Process::createThread(void (*)(void*), void*, int)
                0x00000000c0016bc0                Process::createUserThread()
                0x00000000c0016be0                setupMultitasking(void (*)())
                0x00000000c0016d28                schedule()
                0x00000000c0016dbc                blockTaskWithSchedulerLockAlreadyHeld(TaskState)
                0x00000000c0016de8                blockTask(TaskState)
                0x00000000c0016e24                waitTask(int, int*, int)
                0x00000000c0016e68                milliTenthSleepUntil(unsigned long long)
                0x00000000c0016f1c                milliTenthSleep(unsigned long long)
                0x00000000c0016f34                sleep(unsigned long long)
                0x00000000c0016f54                sleep(unsigned int)
                0x00000000c0016f6c                milliTenthSleep(unsigned int)
                0x00000000c0016f8c                taskReturned
                0x00000000c0016fd4                KeProcessFromPID(int)
                0x00000000c0017084                unblockTask(ThreadControlBlock*)
                0x00000000c0017138                cleanupTerminatedTask(ThreadControlBlock*)
                0x00000000c0017410                cleanerTaskFunction(void*)
                0x00000000c0017528                KeTerminateCurrentThread(int)
 .text          0x00000000c00176f5     0x1899 vm86/vm8086.32
                0x00000000c00176f5                Vm::inbv(unsigned short)
                0x00000000c001772c                Vm::outbv(unsigned short, unsigned char)
                0x00000000c0017793                Vm::realToLinear(unsigned short, unsigned short)
                0x00000000c00177b8                Vm::getSegment(unsigned int)
                0x00000000c00177c3                Vm::getOffset(unsigned int)
                0x00000000c00177cb                Vm::mainloop2()
                0x00000000c001783e                Vm::mainVm8086Loop(void*)
                0x00000000c001785e                Vm::mainloop3(unsigned long)
                0x00000000c0017896                Vm::initialise8086()
                0x00000000c00178e0                Vm::finish8086()
                0x00000000c0017951                Vm::getOutput8086(unsigned char*)
                0x00000000c00179b2                Vm::start8086FromBuffer(unsigned char*, int, unsigned short, unsigned short, unsigned short, unsigned short)
                0x00000000c0017af8                Vm::start8086(char const*, unsigned short, unsigned short, unsigned short, unsigned short)
                0x00000000c0017d34                Vm::doISR(regs*, int, unsigned char*, unsigned short, unsigned short)
                0x00000000c0017f38                Vm::readByteFromReal(unsigned short, unsigned short)
                0x00000000c0017f8b                Vm::readWordFromReal(unsigned short, unsigned short)
                0x00000000c0017fdf                Vm::readDwordFromReal(unsigned short, unsigned short)
                0x00000000c0018032                Vm::writeByteFromReal(unsigned short, unsigned short, unsigned char)
                0x00000000c0018091                Vm::writeWordFromReal(unsigned short, unsigned short, unsigned short)
                0x00000000c00180f0                Vm::writeDwordFromReal(unsigned short, unsigned short, unsigned int)
                0x00000000c0018147                Vm::faultHandler(regs*)
 .text          0x00000000c0018f8e      0x45f arch/i386/apic.32
                0x00000000c0018f8e                IOAPIC::close(int, int, void*)
                0x00000000c0018f94                apicGetBase()
                0x00000000c0018fce                IOAPIC::IOAPIC()
                0x00000000c0018fce                IOAPIC::IOAPIC()
                0x00000000c0018ff6                apicOpen()
                0x00000000c0019182                IOAPIC::handlesGSIWithNumber(unsigned int)
                0x00000000c00191b4                IOAPIC::read(int)
                0x00000000c00191dc                IOAPIC::open(int, int, void*)
                0x00000000c00192c2                IOAPIC::write(int, int)
                0x00000000c00192ee                IOAPIC::redirect(unsigned char, unsigned long long, unsigned char, bool, bool)
 *fill*         0x00000000c00193ed        0x1 
 .text          0x00000000c00193ee     0x1f81 arch/i386/hal.32
                0x00000000c00193ee                noCopro(unsigned long)
                0x00000000c00193ef                HalRestart()
                0x00000000c00193fa                HalShutdown()
                0x00000000c00193fb                HalSleep()
                0x00000000c00193fc                CPU::close(int, int, void*)
                0x00000000c00193ff                x86ReadCMOS(unsigned char)
                0x00000000c0019453                x86WriteCMOS(unsigned char, unsigned char)
                0x00000000c00194b3                AMD_K6_write_msr(unsigned int, unsigned int, unsigned int, REGS*)
                0x00000000c00194d2                AMD_K6_read_msr(unsigned int, REGS*)
                0x00000000c00194ef                AMD_K6_writeback(int, int, int)
                0x00000000c00195af                cpuid(int, unsigned long*, unsigned long*, unsigned long*, unsigned long*)
                0x00000000c001964d                cpuidCheckEDX(unsigned int)
                0x00000000c001967a                cpuidCheckECX(unsigned int)
                0x00000000c00196a8                cpuidCheckExtendedEBX(unsigned int)
                0x00000000c00196d6                cpuidCheckExtendedECX(unsigned int)
                0x00000000c0019704                HalDetectFeatures()
                0x00000000c001a4ef                HalEnableNMI()
                0x00000000c001a502                HalDisableNMI()
                0x00000000c001a515                HalGetNMIState()
                0x00000000c001a51b                HalIsAPICEnabled()
                0x00000000c001a52c                x86rdmsr(unsigned int)
                0x00000000c001a56a                x86wrmsr(unsigned int, unsigned long long)
                0x00000000c001a5af                HalHandleGeneralProtectionFault(void*, void*)
                0x00000000c001a5da                HalFindRSDP()
                0x00000000c001a6b7                HalHandlePageFault(void*, void*)
                0x00000000c001a6e6                HalHandleOpcodeFault(void*, void*)
                0x00000000c001a728                HalDisplayDebugInfo(void*)
                0x00000000c001aab6                HalReceivedNMI()
                0x00000000c001ab51                HalSystemIdle()
                0x00000000c001abb0                i386SaveCoprocessor(void*)
                0x00000000c001abc4                i386LoadCoprocessor(void*)
                0x00000000c001abd8                x87EmulHandler(regs*, void*)
                0x00000000c001ac75                HalInitialiseCoprocessor()
                0x00000000c001ad13                HalPanic(char const*)
                0x00000000c001ae27                HalQueryPerformanceCounter()
                0x00000000c001ae37                HalInitialise()
                0x00000000c001b01f                HalMakeBeep(int)
                0x00000000c001b059                HalGetRand()
                0x00000000c001b05c                HalEndOfInterrupt(int)
                0x00000000c001b088                CPU::CPU()
                0x00000000c001b088                CPU::CPU()
                0x00000000c001b10c                CPU::setupSMEP()
                0x00000000c001b118                CPU::setupUMIP()
                0x00000000c001b122                CPU::setupTSC()
                0x00000000c001b12c                CPU::setupLargePages()
                0x00000000c001b136                CPU::setupPAT()
                0x00000000c001b168                CPU::setupMTRR()
                0x00000000c001b16a                CPU::setupGlobalPages()
                0x00000000c001b174                CPU::allowUsermodeDataAccess()
                0x00000000c001b182                CPU::prohibitUsermodeDataAccess()
                0x00000000c001b190                CPU::setupSMAP()
                0x00000000c001b19e                CPU::setupFeatures()
                0x00000000c001b26a                CPU::open(int, int, void*)
 .text          0x00000000c001b36f      0x341 arch/i386/intctrl.32
                0x00000000c001b36f                convertLegacyIRQNumber(int)
                0x00000000c001b3ab                KeSetupInterrupts()
                0x00000000c001b408                int_handler
                0x00000000c001b48b                HalInstallISRHandler(int, void (*)(regs*, void*), void*)
                0x00000000c001b4d5                HalInstallIRQHandler(int, void (*)(regs*, void*), bool, void*)
                0x00000000c001b603                HalUninstallISRHandler(int, void (*)(regs*, void*))
                0x00000000c001b637                HalUninstallIRQHandler(int, void (*)(regs*, void*), bool)
 .text          0x00000000c001b6b0      0x2dc arch/i386/pic.32
                0x00000000c001b6b0                picIoWait()
                0x00000000c001b6b8                picDisable()
                0x00000000c001b6ec                picGetIRQReg(int)
                0x00000000c001b768                picOpen()
                0x00000000c001b8ec                picEOI(int)
 .text          0x00000000c001b98c      0x5f3 arch/i386/rtc.32
                0x00000000c001b98c                RTC::open(int, int, void*)
                0x00000000c001b990                RTC::close(int, int, void*)
                0x00000000c001b994                RTC::timeInSecondsUTC()
                0x00000000c001b9a6                RTC::timeInDatetimeUTC()
                0x00000000c001b9cc                RTC::setTimeInSecondsUTC(unsigned long long)
                0x00000000c001ba0a                RTC::~RTC()
                0x00000000c001ba0a                RTC::~RTC()
                0x00000000c001ba2e                RTC::~RTC()
                0x00000000c001ba58                RTC::get_update_in_progress_flag()
                0x00000000c001ba6c                RTC::completeRTCRefresh()
                0x00000000c001bd20                RTC::setTimeInDatetimeUTC(datetime_t)
                0x00000000c001be96                rtcIRQHandler(regs*, void*)
                0x00000000c001bed6                RTC::RTC()
                0x00000000c001bed6                RTC::RTC()
 *fill*         0x00000000c001bf7f        0x1 
 .text          0x00000000c001bf80      0x1f4 arch/i386/vga.32
                0x00000000c001bf80                HalConsoleScroll(int, int)
                0x00000000c001c088                HalConsoleWriteCharacter(char, int, int, int, int)
                0x00000000c001c0ec                HalConsoleCursorUpdate(int, int)
 .text          0x00000000c001c174     0x14cf fs/fat/vfslink.32
                0x00000000c001c174                FAT::getName()
                0x00000000c001c17c                FAT::tell(void*, unsigned long long*)
                0x00000000c001c1b8                FAT::stat(void*, unsigned long long*)
                0x00000000c001c1f4                FAT::~FAT()
                0x00000000c001c1f4                FAT::~FAT()
                0x00000000c001c218                FAT::~FAT()
                0x00000000c001c240                FAT::getlabel(LogicalDisk*, int, char*, unsigned int*)
                0x00000000c001c2e4                FAT::setlabel(LogicalDisk*, int, char*)
                0x00000000c001c3a8                FAT::format(LogicalDisk*, int, char const*, int)
                0x00000000c001c58c                FAT::tryMount(LogicalDisk*, int)
                0x00000000c001c7a8                FAT::allocateSwapfile(char const*, int)
                0x00000000c001c968                FAT::readDir(void*, unsigned long, void*, int*)
                0x00000000c001cad8                FAT::read(void*, unsigned long, void*, int*)
                0x00000000c001cb38                FAT::write(void*, unsigned long, void*, int*)
                0x00000000c001cb98                FAT::close(void*)
                0x00000000c001cbec                FAT::closeDir(void*)
                0x00000000c001cc40                FAT::truncate(void*, unsigned long long)
                0x00000000c001ccac                FAT::seek(void*, unsigned long long)
                0x00000000c001cd04                fatWrapperReadDisk
                0x00000000c001cd44                fatWrapperWriteDisk
                0x00000000c001cd84                fatWrapperIoctl
                0x00000000c001cea0                FAT::FAT()
                0x00000000c001cea0                FAT::FAT()
                0x00000000c001cef8                FAT::fixFilepath(char*)
                0x00000000c001cf38                FAT::open(char const*, void**, FileOpenMode)
                0x00000000c001d0ac                FAT::openDir(char const*, void**)
                0x00000000c001d15c                FAT::stat(char const*, unsigned long long*, bool*)
                0x00000000c001d254                FAT::unlink(char const*)
                0x00000000c001d2d4                FAT::chfatattr(char const*, unsigned char, unsigned char)
                0x00000000c001d488                FAT::rename(char const*, char const*)
                0x00000000c001d554                FAT::mkdir(char const*)
                0x00000000c001d5d4                FAT::exists(char const*)
 *fill*         0x00000000c001d643        0x1 
 .text          0x00000000c001d644       0x94 fs/iso9660/helper.32
                0x00000000c001d644                isoReadDiscSectorHelper
                0x00000000c001d6a0                iso_kprintf
                0x00000000c001d6bc                iso_kprintfd
 .text          0x00000000c001d6d8      0x71c fs/iso9660/vfslink.32
                0x00000000c001d6d8                ISO9660::format(LogicalDisk*, int, char const*, int)
                0x00000000c001d6de                ISO9660::truncate(void*, unsigned long long)
                0x00000000c001d6e4                ISO9660::getName()
                0x00000000c001d6ea                ISO9660::closeDir(void*)
                0x00000000c001d6f4                ISO9660::chfatattr(char const*, unsigned char, unsigned char)
                0x00000000c001d6fa                ISO9660::unlink(char const*)
                0x00000000c001d700                ISO9660::write(void*, unsigned long, void*, int*)
                0x00000000c001d706                ISO9660::rename(char const*, char const*)
                0x00000000c001d70c                ISO9660::mkdir(char const*)
                0x00000000c001d712                ISO9660::~ISO9660()
                0x00000000c001d712                ISO9660::~ISO9660()
                0x00000000c001d736                ISO9660::~ISO9660()
                0x00000000c001d75e                ISO9660::exists(char const*)
                0x00000000c001d772                ISO9660::open(char const*, void**, FileOpenMode)
                0x00000000c001d858                ISO9660::read(void*, unsigned long, void*, int*)
                0x00000000c001d8a0                ISO9660::seek(void*, unsigned long long)
                0x00000000c001d8e2                ISO9660::tell(void*, unsigned long long*)
                0x00000000c001d920                ISO9660::stat(void*, unsigned long long*)
                0x00000000c001d972                ISO9660::stat(char const*, unsigned long long*, bool*)
                0x00000000c001dab4                ISO9660::close(void*)
                0x00000000c001dae4                ISO9660::openDir(char const*, void**)
                0x00000000c001dbbe                ISO9660::readDir(void*, unsigned long, void*, int*)
                0x00000000c001dcdb                readSectorFromCDROM(unsigned int, unsigned char*, char)
                0x00000000c001dd5a                ISO9660::tryMount(LogicalDisk*, int)
                0x00000000c001ddcc                ISO9660::ISO9660()
                0x00000000c001ddcc                ISO9660::ISO9660()
 .text          0x00000000c001ddf4      0x26c hal/sound/sndcard.32
                0x00000000c001ddf4                SoundCard::beginPlayback()
                0x00000000c001de02                SoundCard::stopPlayback()
                0x00000000c001de10                SoundCard::SoundCard(char const*)
                0x00000000c001de10                SoundCard::SoundCard(char const*)
                0x00000000c001deae                SoundCard::~SoundCard()
                0x00000000c001deae                SoundCard::~SoundCard()
                0x00000000c001ded2                SoundCard::~SoundCard()
                0x00000000c001defc                SoundCard::configureRates(int, int, int)
                0x00000000c001df2c                SoundCard::getSamples16(int, short*)
                0x00000000c001df88                SoundCard::getSamples32(int, int*)
                0x00000000c001e00e                SoundCard::addChannel(SoundPort*)
                0x00000000c001e04c                SoundCard::removeChannel(int)
 .text          0x00000000c001e060      0x426 hal/sound/sndport.32
                0x00000000c001e060                SoundPort::SoundPort(int, int, int, int)
                0x00000000c001e060                SoundPort::SoundPort(int, int, int, int)
                0x00000000c001e0ec                SoundPort::~SoundPort()
                0x00000000c001e0ec                SoundPort::~SoundPort()
                0x00000000c001e120                SoundPort::unpause()
                0x00000000c001e12c                SoundPort::pause()
                0x00000000c001e138                SoundPort::getBufferUsed()
                0x00000000c001e140                SoundPort::getBufferSize()
                0x00000000c001e148                SoundPort::buffer8(signed char*, int)
                0x00000000c001e1dc                SoundPort::buffer16(short*, int)
                0x00000000c001e270                SoundPort::buffer32(int*, int)
                0x00000000c001e2fc                SoundPort::unbufferAndAdd16(int, short*, SoundCard*)
                0x00000000c001e3c8                SoundPort::unbufferAndAdd32(int, int*, SoundCard*)
 .text          0x00000000c001e486      0xc23 hw/bus/pci.32
                0x00000000c001e486                PCI::open(int, int, void*)
                0x00000000c001e4a4                PCI::close(int, int, void*)
                0x00000000c001e4a8                PCI::PCI()
                0x00000000c001e4a8                PCI::PCI()
                0x00000000c001e540                PCI::readBAR8(unsigned int, int)
                0x00000000c001e55c                PCI::readBAR16(unsigned int, int)
                0x00000000c001e57a                PCI::readBAR32(unsigned int, int)
                0x00000000c001e596                PCI::writeBAR8(unsigned int, unsigned char, int)
                0x00000000c001e5b6                PCI::writeBAR16(unsigned int, unsigned short, int)
                0x00000000c001e5d8                PCI::writeBAR32(unsigned int, unsigned int, int)
                0x00000000c001e5f8                PCI::legacyMechanism(unsigned char, unsigned char, unsigned char, unsigned char)
                0x00000000c001e66e                PCI::pciReadWord(unsigned char, unsigned char, unsigned char, unsigned char)
                0x00000000c001e718                PCI::getVendorID(unsigned char, unsigned char, unsigned char)
                0x00000000c001e73c                PCI::getHeaderType(unsigned char, unsigned char, unsigned char)
                0x00000000c001e764                PCI::getClassCode(unsigned char, unsigned char, unsigned char)
                0x00000000c001e7ae                PCI::getProgIF(unsigned char, unsigned char, unsigned char)
                0x00000000c001e7d6                PCI::getRevisionID(unsigned char, unsigned char, unsigned char)
                0x00000000c001e7fa                PCI::getInterruptNumber(unsigned char, unsigned char, unsigned char)
                0x00000000c001e81e                PCI::getSecondaryBus(unsigned char, unsigned char, unsigned char)
                0x00000000c001e846                PCI::getBARAddress(unsigned char, unsigned char, unsigned char, unsigned char)
                0x00000000c001e8aa                PCI::pciWriteWord(unsigned char, unsigned char, unsigned char, unsigned char, unsigned short)
                0x00000000c001e992                PCI::pciDetailsToFilepath(PCIDeviceInfo, char*)
                0x00000000c001ec58                PCI::checkBus(unsigned char)
                0x00000000c001ec7c                PCI::foundDevice(PCIDeviceInfo)
                0x00000000c001ee62                PCI::getDeviceData(unsigned char, unsigned char, unsigned char)
                0x00000000c001efde                PCI::checkDevice(unsigned char, unsigned char)
                0x00000000c001f050                PCI::detect()
 *fill*         0x00000000c001f0a9        0x1 
 .text          0x00000000c001f0aa      0xe58 hw/diskctrl/ide.32
                0x00000000c001f0aa                IDE::close(int, int, void*)
                0x00000000c001f0ae                IDE::IDE()
                0x00000000c001f0ae                IDE::IDE()
                0x00000000c001f0e2                IDE::prepareInterrupt(unsigned char)
                0x00000000c001f0f4                selectDrive(unsigned char, unsigned char)
                0x00000000c001f0f6                IDE::getBase(unsigned char)
                0x00000000c001f108                IDE::write(unsigned char, unsigned char, unsigned char)
                0x00000000c001f1c8                IDE::read(unsigned char, unsigned char)
                0x00000000c001f276                IDE::waitInterrupt(unsigned char)
                0x00000000c001f2d9                ideChannel0IRQHandler(regs*, void*)
                0x00000000c001f2f5                ideChannel1IRQHandler(regs*, void*)
                0x00000000c001f312                IDE::enableIRQs(unsigned char, bool)
                0x00000000c001f35c                IDE::open(int, int, void*)
                0x00000000c001f8b6                IDE::readBuffer(unsigned char, unsigned char, unsigned int, unsigned int)
                0x00000000c001f986                IDE::detect()
                0x00000000c001fdf4                IDE::printError(unsigned char, unsigned char, unsigned char)
                0x00000000c001feae                IDE::polling(unsigned char, unsigned int)
 .text          0x00000000c001ff02      0x33d hw/diskctrl/satabus.32
                0x00000000c001ff02                SATABus::close(int, int, void*)
                0x00000000c001ff06                SATABus::detect()
                0x00000000c001ff08                SATABus::SATABus()
                0x00000000c001ff08                SATABus::SATABus()
                0x00000000c001ff8e                SATABus::findCmdslot(SATABus::tagHBA_PORT volatile*)
                0x00000000c001ffc0                SATABus::checkType(SATABus::tagHBA_PORT volatile*)
                0x00000000c0020008                SATABus::startCmd(SATABus::tagHBA_PORT volatile*)
                0x00000000c0020028                SATABus::stopCmd(SATABus::tagHBA_PORT volatile*)
                0x00000000c0020052                SATABus::portRebase(SATABus::tagHBA_PORT volatile*, int)
                0x00000000c0020162                SATABus::probePort(SATABus::tagHBA_MEM volatile*)
                0x00000000c002020c                SATABus::open(int, int, void*)
 *fill*         0x00000000c002023f        0x1 
 .text          0x00000000c0020240      0x7a9 hw/diskphys/ata.32
                0x00000000c0020240                ATA::close(int, int, void*)
                0x00000000c0020264                ATA::powerSaving(PowerSavingLevel)
                0x00000000c0020266                ATA::ATA()
                0x00000000c0020266                ATA::ATA()
                0x00000000c0020294                ATA::flush(bool)