Archive member included to satisfy reference by file (symbol)

/cygdrive/d/Users/Alex/Desktop/Toolchain/Output/bin/../lib/gcc/i386-banana/8.1.0/libkgcc.a(_divdi3.o)
                              krnl/resolve.32 (__divdi3)
/cygdrive/d/Users/Alex/Desktop/Toolchain/Output/bin/../lib/gcc/i386-banana/8.1.0/libkgcc.a(_moddi3.o)
                              krnl/resolve.32 (__moddi3)
/cygdrive/d/Users/Alex/Desktop/Toolchain/Output/bin/../lib/gcc/i386-banana/8.1.0/libkgcc.a(_udivdi3.o)
                              hal/clock.32 (__udivdi3)
/cygdrive/d/Users/Alex/Desktop/Toolchain/Output/bin/../lib/gcc/i386-banana/8.1.0/libkgcc.a(_umoddi3.o)
                              core/pipe.32 (__umoddi3)

Allocating common symbols
Common symbol       size              file

current_iphdr_src   0x4               net/core/ipv4/ip.32
netif_list          0x4               net/core/netif.32
tcp_active_pcbs     0x4               net/core/tcp.32
udp_pcbs            0x4               net/core/udp.32
current_netif       0x4               net/core/ipv4/ip.32
tcp_ticks           0x4               net/core/tcp.32
tcp_listen_pcbs     0x4               net/core/tcp.32
current_iphdr_dest  0x4               net/core/ipv4/ip.32
tcp_tmp_pcb         0x4               net/core/tcp.32
tcp_input_pcb       0x4               net/core/tcp_in.32
dcache              0x40              fs/iso9660/iso9660.32
current_header      0x4               net/core/ipv4/ip.32
tcp_bound_pcbs      0x4               net/core/tcp.32
cdDriveLetter       0x1               fs/iso9660/iso9660.32
tcp_tw_pcbs         0x4               net/core/tcp.32
lwip_stats          0x150             net/core/stats.32
netif_default       0x4               net/core/netif.32
ram_heap            0x64d             net/core/mem.32
icache              0x40              fs/iso9660/iso9660.32

Discarded input sections

 .comment       0x0000000000000000       0x12 /cygdrive/d/Users/Alex/Desktop/Toolchain/Output/bin/../lib/gcc/i386-banana/8.1.0/crtbegin.o
 .comment       0x0000000000000000       0x12 acpica/utclib.32
 .comment       0x0000000000000000       0x12 arch/cc.32
 .comment       0x0000000000000000       0x12 arch/sys_arch.32
 .comment       0x0000000000000000       0x12 core/malloc.32
 .comment       0x0000000000000000       0x12 libk/ctype.32
 .comment       0x0000000000000000       0x12 libk/string.32
 .comment       0x0000000000000000       0x12 fs/fat/diskio.32
 .comment       0x0000000000000000       0x12 fs/fat/ff.32
 .comment       0x0000000000000000       0x12 fs/fat/ffsystem.32
 .comment       0x0000000000000000       0x12 fs/fat/ffunicode.32
 .comment       0x0000000000000000       0x12 fs/iso9660/iso9660.32
 .comment       0x0000000000000000       0x12 net/core/def.32
 .comment       0x0000000000000000       0x12 net/core/dhcp.32
 .comment       0x0000000000000000       0x12 net/core/dns.32
 .comment       0x0000000000000000       0x12 net/core/init.32
 .comment       0x0000000000000000       0x12 net/core/mem.32
 .comment       0x0000000000000000       0x12 net/core/memp.32
 .comment       0x0000000000000000       0x12 net/core/netif.32
 .comment       0x0000000000000000       0x12 net/core/pbuf.32
 .comment       0x0000000000000000       0x12 net/core/raw.32
 .comment       0x0000000000000000       0x12 net/core/stats.32
 .comment       0x0000000000000000       0x12 net/core/sys.32
 .comment       0x0000000000000000       0x12 net/core/tcp.32
 .comment       0x0000000000000000       0x12 net/core/tcp_in.32
 .comment       0x0000000000000000       0x12 net/core/tcp_out.32
 .comment       0x0000000000000000       0x12 net/core/timers.32
 .comment       0x0000000000000000       0x12 net/core/udp.32
 .comment       0x0000000000000000       0x12 net/netif/etharp.32
 .comment       0x0000000000000000       0x12 net/netif/ethernetif.32
 .comment       0x0000000000000000       0x12 net/netif/slipif.32
 .comment       0x0000000000000000       0x12 net/core/ipv4/autoip.32
 .comment       0x0000000000000000       0x12 net/core/ipv4/icmp.32
 .comment       0x0000000000000000       0x12 net/core/ipv4/igmp.32
 .comment       0x0000000000000000       0x12 net/core/ipv4/inet.32
 .comment       0x0000000000000000       0x12 net/core/ipv4/inet_chksum.32
 .comment       0x0000000000000000       0x12 net/core/ipv4/ip.32
 .comment       0x0000000000000000       0x12 net/core/ipv4/ip_addr.32
 .comment       0x0000000000000000       0x12 net/core/ipv4/ip_frag.32
 .comment       0x0000000000000000       0x12 net/core/snmp/asn1_dec.32
 .comment       0x0000000000000000       0x12 net/core/snmp/asn1_enc.32
 .comment       0x0000000000000000       0x12 net/core/snmp/mib2.32
 .comment       0x0000000000000000       0x12 net/core/snmp/mib_structs.32
 .comment       0x0000000000000000       0x12 net/core/snmp/msg_in.32
 .comment       0x0000000000000000       0x12 net/core/snmp/msg_out.32
 .comment       0x0000000000000000       0x12 net/netif/ppp/auth.32
[...]
Memory Configuration

Name             Origin             Length             Attributes
*default*        0x0000000000000000 0xffffffffffffffff

Linker script and memory map

LOAD D:/Users/Alex/Desktop/Banana/kernel/boot.32
LOAD crti.32
LOAD /cygdrive/d/Users/Alex/Desktop/Toolchain/Output/bin/../lib/gcc/i386-banana/8.1.0/crtbegin.o
LOAD D:/Users/Alex/Desktop/Banana/kernel/morenasm.32
LOAD acpica/utclib.32
LOAD arch/cc.32
LOAD arch/sys_arch.32
LOAD core/malloc.32
LOAD libk/ctype.32
LOAD libk/string.32
LOAD fs/fat/diskio.32
LOAD fs/fat/ff.32
LOAD fs/fat/ffsystem.32
LOAD fs/fat/ffunicode.32
LOAD fs/iso9660/iso9660.32
LOAD net/core/def.32
LOAD net/core/dhcp.32
LOAD net/core/dns.32
LOAD net/core/init.32
LOAD net/core/mem.32
LOAD net/core/memp.32
LOAD net/core/netif.32
LOAD net/core/pbuf.32
LOAD net/core/raw.32
LOAD net/core/stats.32
LOAD net/core/sys.32
LOAD net/core/tcp.32
LOAD net/core/tcp_in.32
LOAD net/core/tcp_out.32
LOAD net/core/timers.32
LOAD net/core/udp.32
LOAD net/netif/etharp.32
LOAD net/netif/ethernetif.32
LOAD net/netif/slipif.32
LOAD net/core/ipv4/autoip.32
LOAD net/core/ipv4/icmp.32
LOAD net/core/ipv4/igmp.32
LOAD net/core/ipv4/inet.32
LOAD net/core/ipv4/inet_chksum.32
LOAD net/core/ipv4/ip.32
LOAD net/core/ipv4/ip_addr.32
LOAD net/core/ipv4/ip_frag.32
LOAD net/core/snmp/asn1_dec.32
LOAD net/core/snmp/asn1_enc.32
LOAD net/core/snmp/mib2.32
LOAD net/core/snmp/mib_structs.32
LOAD net/core/snmp/msg_in.32
LOAD net/core/snmp/msg_out.32
LOAD net/netif/ppp/auth.32
LOAD net/netif/ppp/chap.32
LOAD net/netif/ppp/chpms.32
LOAD net/netif/ppp/fsm.32
LOAD net/netif/ppp/ipcp.32
LOAD net/netif/ppp/lcp.32
LOAD net/netif/ppp/magic.32
LOAD net/netif/ppp/md5.32
LOAD net/netif/ppp/pap.32
LOAD net/netif/ppp/ppp.32
LOAD net/netif/ppp/ppp_oe.32
LOAD net/netif/ppp/randm.32
LOAD net/netif/ppp/vj.32
LOAD core/computer.32
LOAD core/gdt.32
LOAD core/idle.32
LOAD core/idt.32
LOAD core/kheap.32
LOAD core/main.32
LOAD core/physmgr.32
LOAD core/pipe.32
LOAD core/terminal.32
LOAD core/tss.32
LOAD core/unixfile.32
LOAD core/virtmgr.32
LOAD coreobjs/c++.32
LOAD dbg/kconsole.32
LOAD dbg/usban.32
LOAD fs/symlink.32
LOAD fs/vfs.32
LOAD hal/bus.32
LOAD hal/buzzer.32
LOAD hal/clock.32
LOAD hal/device.32
LOAD hal/diskctrl.32
LOAD hal/diskphys.32
LOAD hal/fpu.32
LOAD hal/intctrl.32
LOAD hal/keybrd.32
LOAD hal/logidisk.32
LOAD hal/mouse.32
LOAD hal/nic.32
LOAD hal/partition.32
LOAD hal/serial.32
LOAD hal/timer.32
LOAD hal/vcache.32
LOAD hal/video.32
LOAD hw/acpi.32
LOAD hw/cpu.32
LOAD krnl/atexit.32
LOAD krnl/bootmsg.32
LOAD krnl/cdefs.32
LOAD krnl/compat.32
LOAD krnl/crc32.32
LOAD krnl/env.32
LOAD krnl/inlines.32
LOAD krnl/mutex.32
LOAD krnl/panic.32
LOAD krnl/powctrl.32
LOAD krnl/random.32
LOAD krnl/resolve.32
LOAD krnl/semaphore.32
LOAD krnl/signal.32
LOAD krnl/syscalls.32
LOAD net/ethernet.32
LOAD net/netosl.32
LOAD reg/cm.32
LOAD reg/registry.32
LOAD sys/eject.32
LOAD sys/exit.32
LOAD sys/getcwd.32
LOAD sys/getpid.32
LOAD sys/getramdata.32
LOAD sys/getvgaptr.32
LOAD sys/kill.32
LOAD sys/loaddll.32
LOAD sys/read.32
LOAD sys/registersignal.32
LOAD sys/registry.32
LOAD sys/sbrk.32
LOAD sys/setcwd.32
LOAD sys/settime.32
LOAD sys/symlink.32
LOAD sys/timezone.32
LOAD sys/truncate.32
LOAD sys/write.32
LOAD sys/wsbe.32
LOAD sys/yield.32
LOAD thr/elf.32
LOAD thr/prcssthr.32
LOAD vm86/vm8086.32
LOAD arch/i386/hal.32
LOAD arch/i386/pic.32
LOAD arch/i386/rtc.32
LOAD arch/i386/vga.32
LOAD fs/fat/vfslink.32
LOAD fs/iso9660/helper.32
LOAD fs/iso9660/vfslink.32
LOAD hal/sound/sndcard.32
LOAD hal/sound/sndport.32
LOAD hw/bus/isa.32
LOAD hw/bus/pci.32
LOAD hw/diskctrl/ide.32
LOAD hw/diskctrl/satabus.32
LOAD hw/diskphys/ata.32
LOAD hw/diskphys/atapi.32
LOAD hw/diskphys/sata.32
LOAD hw/diskphys/satapi.32
LOAD hw/intctrl/apic.32
LOAD hw/timer/apictimer.32
LOAD hw/timer/pit.32
LOAD arch/i386/avx.32
LOAD arch/i386/interrupt.32
LOAD arch/i386/rdrand.32
LOAD arch/i386/sse.32
LOAD arch/i386/x87.32
LOAD /cygdrive/d/Users/Alex/Desktop/Toolchain/Output/bin/../lib/gcc/i386-banana/8.1.0/crtend.o
LOAD crtn.32
LOAD /cygdrive/d/Users/Alex/Desktop/Toolchain/Output/bin/../lib/gcc/i386-banana/8.1.0/libkgcc.a
LOAD D:/Users/Alex/Desktop/Banana/kernel/libsoftfp.a
LOAD D:/Users/Alex/Desktop/Banana/kernel/libk/libm32.a
                0x00000000c0000000                . = 0xc0000000

.text           0x00000000c0000000    0x2ebea
 *(.text)
 .text          0x00000000c0000000       0x20 D:/Users/Alex/Desktop/Banana/kernel/boot.32
 .text          0x00000000c0000020        0x0 crti.32
 .text          0x00000000c0000020      0x101 /cygdrive/d/Users/Alex/Desktop/Toolchain/Output/bin/../lib/gcc/i386-banana/8.1.0/crtbegin.o
 *fill*         0x00000000c0000121        0xf 
 .text          0x00000000c0000130      0x24f D:/Users/Alex/Desktop/Banana/kernel/morenasm.32
                0x00000000c0000130                manualPCIProbe
                0x00000000c000017b                prepareTramp
                0x00000000c0000194                doTPAUSE
                0x00000000c000019e                hasLegacyFPU
                0x00000000c00001c3                is486
                0x00000000c00001f9                detectCPUID
                0x00000000c000020f                goToVM86
                0x00000000c000023f                goToUsermode
                0x00000000c0000269                switchToThreadASMFirstTime
                0x00000000c0000277                switchToThreadASM
                0x00000000c00002fc                asmQuickAcquireLock
                0x00000000c000031a                asmQuickReleaseLock
                0x00000000c0000326                asmAcquireLock
                0x00000000c0000347                asmReleaseLock
                0x00000000c000035a                loadGDT
                0x00000000c000037a                memcpy
 *fill*         0x00000000c000037f        0x1 
 .text          0x00000000c0000380      0x868 acpica/utclib.32
                0x00000000c0000380                memcmp
                0x00000000c00003d0                memmove
                0x00000000c00004f0                memset
                0x00000000c0000570                strlen
                0x00000000c00005a0                strpbrk
                0x00000000c00005f0                strtok
                0x00000000c0000640                strcpy
                0x00000000c0000680                strncpy
                0x00000000c0000750                strcmp
                0x00000000c00007a0                strchr
                0x00000000c00007e0                strncmp
                0x00000000c0000840                strcat
                0x00000000c0000870                strncat
                0x00000000c00008d0                strstr
                0x00000000c0000930                toupper
                0x00000000c0000950                tolower
                0x00000000c0000970                simple_strtoul
 .text          0x00000000c0000be8       0x53 arch/cc.32
                0x00000000c0000be8                LWIP_PLATFORM_HTONS
                0x00000000c0000c0c                LWIP_PLATFORM_HTONL
 *fill*         0x00000000c0000c3b        0x1 
 .text          0x00000000c0000c3c      0x162 arch/sys_arch.32
                0x00000000c0000c3c                lwip_socket_init
                0x00000000c0000c54                tcpip_callback_with_block
                0x00000000c0000c6c                sys_sem_new
                0x00000000c0000c94                sys_sem_free
                0x00000000c0000cac                sys_sem_signal
                0x00000000c0000cc4                sys_arch_sem_wait
                0x00000000c0000ce0                sys_mbox_new
                0x00000000c0000cfc                sys_mbox_free
                0x00000000c0000d14                sys_mbox_post
                0x00000000c0000d2c                sys_arch_mbox_fetch
                0x00000000c0000d48                sys_arch_mbox_tryfetch
                0x00000000c0000d64                sys_mbox_trypost
                0x00000000c0000d7c                sys_thread_new
                0x00000000c0000d9c                sys_init
 .text          0x00000000c0000d9e     0x1140 core/malloc.32
                0x00000000c0000f09                dlfree
                0x00000000c00013d0                dlmalloc
                0x00000000c000190d                dlrealloc
                0x00000000c0001aea                dlmemalign
                0x00000000c0001c0d                dlcalloc
                0x00000000c0001c9e                dlcfree
                0x00000000c0001ca3                dlindependent_calloc
                0x00000000c0001cc8                dlindependent_comalloc
                0x00000000c0001cdf                dlvalloc
                0x00000000c0001d0a                dlpvalloc
                0x00000000c0001d40                dlmalloc_trim
                0x00000000c0001d4d                dlmalloc_usable_size
                0x00000000c0001d7e                dlmallinfo
                0x00000000c0001e4d                dlmalloc_stats
                0x00000000c0001e5e                dlmallopt
 *fill*         0x00000000c0001ede        0x2 
 .text          0x00000000c0001ee0      0x1f2 libk/ctype.32
                0x00000000c0001ee0                isblank
                0x00000000c0001f00                iscntrl
                0x00000000c0001f20                isdigit
                0x00000000c0001f3c                islower
                0x00000000c0001f58                isspace
                0x00000000c0001f80                isupper
                0x00000000c0001f9c                isalpha
                0x00000000c0001fcc                isalnum
                0x00000000c0001ffc                ispunct
                0x00000000c000203c                isgraph
                0x00000000c000206c                isprint
                0x00000000c0002094                isxdigit
 .text          0x00000000c00020d2        0x0 libk/string.32
 .text          0x00000000c00020d2       0x51 fs/fat/diskio.32
                0x00000000c00020d2                disk_status
                0x00000000c00020d5                disk_initialize
                0x00000000c00020d8                disk_read
                0x00000000c00020ee                disk_write
                0x00000000c0002104                disk_ioctl
 .text          0x00000000c0002123     0x3e46 fs/fat/ff.32
                0x00000000c0003f44                f_mount
                0x00000000c0003fa6                f_open
                0x00000000c0004269                f_read
                0x00000000c0004468                f_write
                0x00000000c00046b0                f_sync
                0x00000000c0004775                f_close
                0x00000000c00047a4                f_lseek
                0x00000000c0004955                f_opendir
                0x00000000c0004a20                f_closedir
                0x00000000c0004a42                f_readdir
                0x00000000c0004ad4                f_stat
                0x00000000c0004b53                f_getfree
                0x00000000c0004c5c                f_truncate
                0x00000000c0004d46                f_unlink
                0x00000000c0004e68                f_mkdir
                0x00000000c0005003                f_rename
                0x00000000c00051bb                f_chmod
                0x00000000c000526b                f_utime
                0x00000000c000531b                f_getlabel
                0x00000000c000546c                f_setlabel
                0x00000000c00055fc                f_expand
                0x00000000c0005769                f_mkfs
 *fill*         0x00000000c0005f69        0x3 
 .text          0x00000000c0005f6c       0x2f fs/fat/ffsystem.32
                0x00000000c0005f6c                ff_memalloc
                0x00000000c0005f84                ff_memfree
 *fill*         0x00000000c0005f9b        0x1 
 .text          0x00000000c0005f9c      0x2dc fs/fat/ffunicode.32
                0x00000000c0005f9c                ff_uni2oem
                0x00000000c000603c                ff_oem2uni
                0x00000000c00060b4                ff_wtoupper
 .text          0x00000000c0006278      0xd32 fs/iso9660/iso9660.32
                0x00000000c00064c3                isoReadDiscSector
                0x00000000c000655e                strnicmp
                0x00000000c000680d                stricmp
                0x00000000c0006859                iso_open
                0x00000000c00068e3                iso_close
                0x00000000c0006901                iso_read
                0x00000000c0006a17                iso_seek
                0x00000000c0006a9b                iso_tell
                0x00000000c0006acc                iso_total
                0x00000000c0006af7                fn_postprocess
                0x00000000c0006b1e                iso_readdir
                0x00000000c0006d75                iso_reset
                0x00000000c0006d92                init_percd
                0x00000000c0006e8c                iso_ioctl
                0x00000000c0006ea4                fs_iso9660_init
                0x00000000c0006f3a                fs_iso9660_shutdown
 .text          0x00000000c0006faa        0x0 net/core/def.32
 .text          0x00000000c0006faa        0x0 net/core/dhcp.32
 .text          0x00000000c0006faa        0x0 net/core/dns.32
 *fill*         0x00000000c0006faa        0x2 
 .text          0x00000000c0006fac       0x2b net/core/init.32
                0x00000000c0006fac                lwip_init
 *fill*         0x00000000c0006fd7        0x1 
 .text          0x00000000c0006fd8      0x9f0 net/core/mem.32
                0x00000000c000716c                mem_init
                0x00000000c0007214                mem_free
                0x00000000c0007338                mem_trim
                0x00000000c0007648                mem_malloc
                0x00000000c0007964                mem_calloc
 .text          0x00000000c00079c8      0x2e8 net/core/memp.32
                0x00000000c00079c8                memp_init
                0x00000000c0007b0c                memp_malloc
                0x00000000c0007c38                memp_free
 .text          0x00000000c0007cb0      0x4ba net/core/netif.32
                0x00000000c0007cb0                netif_init
                0x00000000c0007cb4                netif_find
                0x00000000c0007d4c                netif_set_ipaddr
                0x00000000c0007e44                netif_set_gw
                0x00000000c0007e68                netif_set_netmask
                0x00000000c0007e8c                netif_set_addr
                0x00000000c0007ed0                netif_add
                0x00000000c0007f9c                netif_set_default
                0x00000000c0007fa8                netif_set_up
                0x00000000c000800c                netif_set_down
                0x00000000c0008034                netif_remove
                0x00000000c00080e0                netif_set_link_up
                0x00000000c0008144                netif_set_link_down
 *fill*         0x00000000c000816a        0x2 
 .text          0x00000000c000816c     0x16ac net/core/pbuf.32
                0x00000000c0008234                pbuf_alloced_custom
                0x00000000c0008358                pbuf_header
                0x00000000c00084f4                pbuf_free
                0x00000000c00086cc                pbuf_alloc
                0x00000000c0008ac4                pbuf_realloc
                0x00000000c0008cc8                pbuf_clen
                0x00000000c0008cfc                pbuf_ref
                0x00000000c0008d2c                pbuf_cat
                0x00000000c0008e0c                pbuf_chain
                0x00000000c0008e38                pbuf_dechain
                0x00000000c0008f2c                pbuf_copy
                0x00000000c0009194                pbuf_copy_partial
                0x00000000c0009338                pbuf_take
                0x00000000c00094b8                pbuf_coalesce
                0x00000000c000954c                pbuf_get_at
                0x00000000c00095e4                pbuf_memcmp
                0x00000000c00096f0                pbuf_memfind
                0x00000000c00097a4                pbuf_strstr
 .text          0x00000000c0009818      0x3e4 net/core/raw.32
                0x00000000c0009818                raw_input
                0x00000000c0009924                raw_bind
                0x00000000c0009948                raw_connect
                0x00000000c000996c                raw_recv
                0x00000000c0009984                raw_sendto
                0x00000000c0009af0                raw_send
                0x00000000c0009b14                raw_remove
                0x00000000c0009b94                raw_new
 .text          0x00000000c0009bfc        0x2 net/core/stats.32
                0x00000000c0009bfc                stats_init
 *fill*         0x00000000c0009bfe        0x2 
 .text          0x00000000c0009c00       0x55 net/core/sys.32
                0x00000000c0009c00                sys_msleep
 *fill*         0x00000000c0009c55        0x3 
 .text          0x00000000c0009c58     0x1dec net/core/tcp.32
                0x00000000c0009c68                tcp_listen_with_backlog
                0x00000000c0009e18                tcp_update_rcv_ann_wnd
                0x00000000c0009ef4                tcp_recved
                0x00000000c000a03c                tcp_bind
                0x00000000c000a16c                tcp_seg_free
                0x00000000c000a1b0                tcp_segs_free
                0x00000000c000a1e8                tcp_setprio
                0x00000000c000a204                tcp_seg_copy
                0x00000000c000a258                tcp_arg
                0x00000000c000a268                tcp_recv
                0x00000000c000a278                tcp_sent
                0x00000000c000a288                tcp_err
                0x00000000c000a298                tcp_accept
                0x00000000c000a2a8                tcp_poll
                0x00000000c000a2d0                tcp_pcb_purge
                0x00000000c000a3b4                tcp_slowtmr
                0x00000000c000ab38                tcp_pcb_remove
                0x00000000c000afe0                tcp_close
                0x00000000c000b01c                tcp_recv_null
                0x00000000c000b080                tcp_fasttmr
                0x00000000c000b1a4                tcp_tmr
                0x00000000c000b1d4                tcp_shutdown
                0x00000000c000b280                tcp_abandon
                0x00000000c000b414                tcp_abort
                0x00000000c000b580                tcp_next_iss
                0x00000000c000b598                tcp_alloc
                0x00000000c000b744                tcp_new
                0x00000000c000b758                tcp_eff_send_mss
                0x00000000c000b7c8                tcp_connect
                0x00000000c000ba38                tcp_debug_state_str
 .text          0x00000000c000ba44     0x3131 net/core/tcp_in.32
                0x00000000c000e0a4                tcp_input
 *fill*         0x00000000c000eb75        0x3 
 .text          0x00000000c000eb78     0x1f81 net/core/tcp_out.32
                0x00000000c000f0e8                tcp_write
                0x00000000c000f988                tcp_enqueue_flags
                0x00000000c000fc74                tcp_send_fin
                0x00000000c000fd14                tcp_send_empty_ack
                0x00000000c0010024                tcp_output
                0x00000000c00104b0                tcp_rst
                0x00000000c0010624                tcp_rexmit_rto
                0x00000000c00106b4                tcp_rexmit
                0x00000000c001077c                tcp_rexmit_fast
                0x00000000c0010860                tcp_keepalive
                0x00000000c0010928                tcp_zero_window_probe
 *fill*         0x00000000c0010af9        0x3 
 .text          0x00000000c0010afc      0x44d net/core/timers.32
                0x00000000c0010afc                sys_timeout
                0x00000000c0010cb4                tcp_timer_needed
                0x00000000c0010d48                sys_timeouts_init
                0x00000000c0010d80                sys_untimeout
                0x00000000c0010e4c                sys_timeouts_mbox_fetch
 *fill*         0x00000000c0010f49        0x3 
 .text          0x00000000c0010f4c      0xae8 net/core/udp.32
                0x00000000c0010f4c                udp_input
                0x00000000c00113c0                udp_bind
                0x00000000c0011540                udp_sendto_if
                0x00000000c00117c0                udp_sendto
                0x00000000c0011824                udp_send
                0x00000000c0011850                udp_connect
                0x00000000c0011930                udp_disconnect
                0x00000000c001195c                udp_recv
                0x00000000c0011974                udp_remove
                0x00000000c00119f4                udp_new
 .text          0x00000000c0011a34     0x1204 net/netif/etharp.32
                0x00000000c0011a8c                etharp_tmr
                0x00000000c001205c                etharp_find_addr
                0x00000000c00125bc                etharp_request
                0x00000000c00125f8                etharp_query
                0x00000000c0012934                etharp_output
                0x00000000c0012af4                ethernet_input
 .text          0x00000000c0012c38        0x0 net/netif/ethernetif.32
 .text          0x00000000c0012c38        0x0 net/netif/slipif.32
 .text          0x00000000c0012c38        0x0 net/core/ipv4/autoip.32
 .text          0x00000000c0012c38      0x5dd net/core/ipv4/icmp.32
                0x00000000c0012c38                icmp_input
                0x00000000c00131d0                icmp_dest_unreach
                0x00000000c00131f4                icmp_time_exceeded
 .text          0x00000000c0013215        0x0 net/core/ipv4/igmp.32
 .text          0x00000000c0013215        0x0 net/core/ipv4/inet.32
 *fill*         0x00000000c0013215        0x3 
 .text          0x00000000c0013218      0x582 net/core/ipv4/inet_chksum.32
                0x00000000c0013310                inet_chksum_pseudo
                0x00000000c00134a0                inet_chksum_pseudo_partial
                0x00000000c0013690                inet_chksum
                0x00000000c00136b8                inet_chksum_pbuf
 *fill*         0x00000000c001379a        0x2 
 .text          0x00000000c001379c      0x84c net/core/ipv4/ip.32
                0x00000000c001379c                ip_route
                0x00000000c0013830                ip_input
                0x00000000c0013c74                ip_output_if
                0x00000000c0013f44                ip_output
 .text          0x00000000c0013fe8      0x5ac net/core/ipv4/ip_addr.32
                0x00000000c0013fe8                ip4_addr_isbroadcast
                0x00000000c0014070                ip4_addr_netmask_valid
                0x00000000c00140d4                ipaddr_aton
                0x00000000c0014404                ipaddr_addr
                0x00000000c0014434                ipaddr_ntoa_r
                0x00000000c0014580                ipaddr_ntoa
 .text          0x00000000c0014594     0x1161 net/core/ipv4/ip_frag.32
                0x00000000c00147f8                ip_reass_tmr
                0x00000000c0014e88                ip_reass
                0x00000000c0015348                ip_frag
 .text          0x00000000c00156f5        0x0 net/core/snmp/asn1_dec.32
 .text          0x00000000c00156f5        0x0 net/core/snmp/asn1_enc.32
 .text          0x00000000c00156f5        0x0 net/core/snmp/mib2.32
 .text          0x00000000c00156f5        0x0 net/core/snmp/mib_structs.32
 .text          0x00000000c00156f5        0x0 net/core/snmp/msg_in.32
 .text          0x00000000c00156f5        0x0 net/core/snmp/msg_out.32
 .text          0x00000000c00156f5        0x0 net/netif/ppp/auth.32
 .text          0x00000000c00156f5        0x0 net/netif/ppp/chap.32
 .text          0x00000000c00156f5        0x0 net/netif/ppp/chpms.32
 .text          0x00000000c00156f5        0x0 net/netif/ppp/fsm.32
 .text          0x00000000c00156f5        0x0 net/netif/ppp/ipcp.32
 .text          0x00000000c00156f5        0x0 net/netif/ppp/lcp.32
 .text          0x00000000c00156f5        0x0 net/netif/ppp/magic.32
 .text          0x00000000c00156f5        0x0 net/netif/ppp/md5.32
 .text          0x00000000c00156f5        0x0 net/netif/ppp/pap.32
 .text          0x00000000c00156f5        0x0 net/netif/ppp/ppp.32
 .text          0x00000000c00156f5        0x0 net/netif/ppp/ppp_oe.32
 .text          0x00000000c00156f5        0x0 net/netif/ppp/randm.32
 .text          0x00000000c00156f5        0x0 net/netif/ppp/vj.32
 *fill*         0x00000000c00156f5        0x1 
 .text          0x00000000c00156f6      0x6cb core/computer.32
                0x00000000c00156f6                Computer::close(int, int, void*)
                0x00000000c0015744                Krnl::firstTask()
                0x00000000c0015886                Computer::Computer()
                0x00000000c0015886                Computer::Computer()
                0x00000000c0015936                Computer::setBootMessage(char const*)
                0x00000000c0015938                Computer::detectFeatures()
                0x00000000c0015b5e                Computer::displayFeatures()
                0x00000000c0015b60                Computer::rdmsr(unsigned int)
                0x00000000c0015b8c                Computer::wrmsr(unsigned int, unsigned long long)
                0x00000000c0015bc8                Computer::shutdown()
                0x00000000c0015be0                Computer::restart()
                0x00000000c0015bf8                Computer::sleep()
                0x00000000c0015c0c                Computer::nmiEnabled()
                0x00000000c0015c18                Computer::readCMOS(unsigned char)
                0x00000000c0015c36                Computer::enableNMI(bool)
                0x00000000c0015c4e                Computer::open(int, int, void*)
                0x00000000c0015d22                Computer::disableNMI()
                0x00000000c0015d32                Computer::writeCMOS(unsigned char, unsigned char)
                0x00000000c0015d56                Computer::handleNMI()
 *fill*         0x00000000c0015dc1        0x1 
 .text          0x00000000c0015dc2      0x1db core/gdt.32
                0x00000000c0015dc2                GDTEntry::setBase(unsigned int)
                0x00000000c0015dde                GDTEntry::setLimit(unsigned int)
                0x00000000c0015dfc                GDT::GDT()
                0x00000000c0015dfc                GDT::GDT()
                0x00000000c0015e12                GDT::addEntry(GDTEntry)
                0x00000000c0015e34                GDT::getNumberOfEntries()
                0x00000000c0015e3c                GDT::flush()
                0x00000000c0015e5e                GDT::setup()
 .text          0x00000000c0015f9d       0x1d core/idle.32
                0x00000000c0015f9d                idleFunction(void*)
 *fill*         0x00000000c0015fba        0x2 
 .text          0x00000000c0015fbc      0x46c core/idt.32
                0x00000000c0015fbc                IDTEntry::IDTEntry(bool)
                0x00000000c0015fbc                IDTEntry::IDTEntry(bool)
                0x00000000c0016036                IDTEntry::setOffset(unsigned int)
                0x00000000c001604c                IDT::IDT()
                0x00000000c001604c                IDT::IDT()
                0x00000000c001604e                IDT::getPointerToInvalidOpcodeEntryForF00F()
                0x00000000c0016056                IDT::addEntry(IDTEntry, int)
                0x00000000c0016070                IDT::addEntry(int, void (*)(), bool)
                0x00000000c00160a8                IDT::flush()
                0x00000000c00160c2                IDT::setup()
 .text          0x00000000c0016428      0x205 core/kheap.32
                0x00000000c0016428                sbrk
                0x00000000c00164bf                sbrk_thunk
                0x00000000c00164f5                mmap
                0x00000000c0016553                munmap
                0x00000000c0016568                liballoc_lock()
                0x00000000c0016576                liballoc_unlock()
                0x00000000c001658c                liballoc_alloc(int)
                0x00000000c00165a4                liballoc_free(void*, int)
                0x00000000c00165bf                realloc
                0x00000000c00165d3                malloc
                0x00000000c00165e3                free
                0x00000000c00165f3                rfree
                0x00000000c0016603                calloc
 .text          0x00000000c001662d       0xc7 core/main.32
                0x00000000c001662d                KeEntryPoint
 .text          0x00000000c00166f4      0x644 core/physmgr.32
                0x00000000c00166f4                Phys::allocateDMA(unsigned long)
                0x00000000c00167dc                Phys::freeDMA(unsigned long, unsigned long)
                0x00000000c0016817                Phys::setPageState(unsigned long, bool)
                0x00000000c0016857                Phys::getPageState(unsigned long)
                0x00000000c0016873                Phys::freePage(unsigned long)
                0x00000000c00168dc                Phys::allocatePage()
                0x00000000c00169ab                Phys::allocateContiguousPages(int)
                0x00000000c0016a12                Phys::allowSegmentToBeUsed(unsigned long, unsigned long)
                0x00000000c0016a4a                Phys::physicalMemorySetup(unsigned int)
 .text          0x00000000c0016d38      0x273 core/pipe.32
                0x00000000c0016d38                Pipe::isAtty()
                0x00000000c0016d3c                Pipe::~Pipe()
                0x00000000c0016d3c                Pipe::~Pipe()
                0x00000000c0016d60                Pipe::~Pipe()
                0x00000000c0016d88                Pipe::write(unsigned long long, void*, int*)
                0x00000000c0016e48                Pipe::read(unsigned long long, void*, int*)
                0x00000000c0016f44                Pipe::Pipe(int)
                0x00000000c0016f44                Pipe::Pipe(int)
 *fill*         0x00000000c0016fab        0x1 
 .text          0x00000000c0016fac      0xab3 core/terminal.32
                0x00000000c0016fac                VgaText::isAtty()
                0x00000000c0016fb0                VgaText::~VgaText()
                0x00000000c0016fb0                VgaText::~VgaText()
                0x00000000c0016fd4                VgaText::~VgaText()
                0x00000000c0016ffe                VgaText::read(unsigned long long, void*, int*)
                0x00000000c001701e                setTerminalScrollLock(bool)
                0x00000000c001701f                doTerminalCycle()
                0x00000000c0017020                addToTerminalCycle(VgaText*)
                0x00000000c0017021                scrollTerminalScrollLock(int)
                0x00000000c0017022                VgaText::updateTitle()
                0x00000000c0017024                VgaText::load()
                0x00000000c0017026                VgaText::updateCursor()
                0x00000000c001703c                VgaText::doANSI_SGR(int)
                0x00000000c00170b0                VgaText::setDefaultBgColour(VgaColour)
                0x00000000c00170c0                VgaText::setDefaultFgColour(VgaColour)
                0x00000000c00170d0                VgaText::setDefaultColours(VgaColour, VgaColour)
                0x00000000c00170f0                VgaText::setTitleTextColour(VgaColour)
                0x00000000c00170fc                VgaText::setTitleColour(VgaColour)
                0x00000000c0017108                VgaText::setTitle(char*)
                0x00000000c001710a                VgaText::combineColours(unsigned char, unsigned char)
                0x00000000c001711c                VgaText::scrollScreen()
                0x00000000c00171ae                VgaText::combineCharAndColour(char, unsigned char)
                0x00000000c00171be                VgaText::writeCharacter(char, VgaColour, VgaColour, int, int)
                0x00000000c001724e                VgaText::getCursorX()
                0x00000000c0017256                VgaText::getCursorY()
                0x00000000c001725e                VgaText::setCursor(int, int)
                0x00000000c0017275                setActiveTerminal(VgaText*)
                0x00000000c00172c0                VgaText::clearScreen()
                0x00000000c001730e                VgaText::setCursorX(int)
                0x00000000c0017326                VgaText::setCursorY(int)
                0x00000000c001733e                VgaText::incrementCursor(bool)
                0x00000000c0017392                VgaText::decrementCursor(bool)
                0x00000000c00173b4                VgaText::putchar(char, VgaColour, VgaColour)
                0x00000000c0017484                VgaText::putchar(char)
                0x00000000c001757c                VgaText::putx(unsigned int)
                0x00000000c00175c2                VgaText::puts(char const*)
                0x00000000c00175e8                VgaText::write(unsigned long long, void*, int*)
                0x00000000c0017634                VgaText::puts(char const*, VgaColour, VgaColour)
                0x00000000c0017782                VgaText::VgaText(char const*)
                0x00000000c0017782                VgaText::VgaText(char const*)
                0x00000000c00178d2                VgaText::receiveKey(unsigned char)
                0x00000000c0017a5e                VgaText::doUpdate()
 *fill*         0x00000000c0017a5f        0x1 
 .text          0x00000000c0017a60      0x1a1 core/tss.32
                0x00000000c0017a60                TSS::TSS()
                0x00000000c0017a60                TSS::TSS()
                0x00000000c0017a70                TSS::setESP(unsigned long)
                0x00000000c0017a84                TSS::flush()
                0x00000000c0017aa4                TSS::setup(unsigned long, unsigned long)
 *fill*         0x00000000c0017c01        0x1 
 .text          0x00000000c0017c02      0x4ca core/unixfile.32
                0x00000000c0017c02                ReservedFilename::read(unsigned long long, void*, int*)
                0x00000000c0017c58                ReservedFilename::isAtty()
                0x00000000c0017c74                ReservedFilename::write(unsigned long long, void*, int*)
                0x00000000c0017cd2                UnixFile::getFileDescriptor()
                0x00000000c0017cda                UnixFile::UnixFile(int)
                0x00000000c0017cda                UnixFile::UnixFile(int)
                0x00000000c0017e8e                ReservedFilename::ReservedFilename(int)
                0x00000000c0017e8e                ReservedFilename::ReservedFilename(int)
                0x00000000c0017ec0                UnixFile::~UnixFile()
                0x00000000c0017ec0                UnixFile::~UnixFile()
                0x00000000c0017f5c                UnixFile::~UnixFile()
                0x00000000c0017f84                ReservedFilename::~ReservedFilename()
                0x00000000c0017f84                ReservedFilename::~ReservedFilename()
                0x00000000c0017fa8                ReservedFilename::~ReservedFilename()
                0x00000000c0017fcf                KeGetFileFromDescriptor(int)
 .text          0x00000000c00180cc     0x1218 core/virtmgr.32
                0x00000000c00180cc                Virt::setPageState(unsigned long, Virt::VirtPageState)
                0x00000000c0018106                Virt::getPageState(unsigned long)
                0x00000000c0018129                Virt::allocateKernelVirtualPages(int)
                0x00000000c001824e                Virt::freeSwapfilePage(unsigned long)
                0x00000000c0018271                Virt::swapIDToSector(unsigned long)
                0x00000000c0018287                Virt::allocateSwapfilePage()
                0x00000000c0018307                Virt::virtualMemorySetup()
                0x00000000c0018358                Virt::setupPageSwapping(int)
                0x00000000c00183ca                VAS::setCPUSpecific(unsigned long)
                0x00000000c00183cc                VAS::VAS(VAS*)
                0x00000000c00183cc                VAS::VAS(VAS*)
                0x00000000c00183fa                VAS::getForeignPageTableEntry(bool, unsigned long)
                0x00000000c0018428                VAS::getPageTableEntry(unsigned long)
                0x00000000c0018447                Virt::freeKernelVirtualPages(unsigned long)
                0x00000000c0018584                VAS::freeAllocatedPages(unsigned long)
                0x00000000c00185a8                VAS::virtualToPhysical(unsigned long)
                0x00000000c00185c2                VAS::reflagRange(unsigned long, int, unsigned long, unsigned long)
                0x00000000c0018604                VAS::VAS()
                0x00000000c0018604                VAS::VAS()
                0x00000000c001866e                VAS::setToWriteCombining(unsigned long, int)
                0x00000000c00186a2                VAS::mapOtherVASIn(bool, VAS*)
                0x00000000c00186ce                VAS::~VAS()
                0x00000000c00186ce                VAS::~VAS()
                0x00000000c001883c                VAS::mapPage(unsigned long, unsigned long, int)
                0x00000000c0018940                VAS::allocatePages(int, int)
                0x00000000c0018a36                VAS::mapRange(unsigned long, unsigned long, int, int)
                0x00000000c0018a8e                VAS::mapForeignPage(bool, VAS*, unsigned long, unsigned long, int)
                0x00000000c0018b84                VAS::VAS(bool)
                0x00000000c0018b84                VAS::VAS(bool)
                0x00000000c0018dce                VAS::evict(unsigned long)
                0x00000000c0018eac                VAS::tryLoadBackOffDisk(unsigned long)
                0x00000000c0019046                VAS::allocateSharedMemoryWithKernel(unsigned long, unsigned long*)
                0x00000000c00190ba                VAS::freeSharedMemoryWithKernel(unsigned long, unsigned long)
                0x00000000c00190e6                VAS::scanForEviction()
                0x00000000c00191e9                mapVASFirstTime
 .text          0x00000000c00192e4       0x5f coreobjs/c++.32
                0x00000000c00192e4                __cxa_atexit
                0x00000000c00192e7                __cxa_finalize
                0x00000000c00192e8                __stack_chk_fail
                0x00000000c001931e                __cxa_pure_virtual
                0x00000000c001932f                operator new[](unsigned long)
                0x00000000c0019334                operator delete(void*, unsigned long)
                0x00000000c0019339                operator delete[](void*)
                0x00000000c001933e                operator delete[](void*, unsigned long)
 .text          0x00000000c0019343      0x254 dbg/kconsole.32
                0x00000000c0019343                Dbg::stringifyxWithBase(unsigned int, char*, int)
                0x00000000c00193e3                Dbg::logc(char)
                0x00000000c0019403                Dbg::logs(char*)
                0x00000000c0019422                Dbg::logWriteInt(unsigned int)
                0x00000000c0019440                Dbg::logWriteIntBase(unsigned int, int)
                0x00000000c0019461                Dbg::kprintf(char const*, ...)
 *fill*         0x00000000c0019597        0x1 
 .text          0x00000000c0019598      0x2d4 dbg/usban.32
                0x00000000c0019598                KiUbsanPrintDetails(char const*, void*)
                0x00000000c0019604                __ubsan_handle_type_mismatch_v1
                0x00000000c00196e0                __ubsan_handle_pointer_overflow
                0x00000000c001970c                __ubsan_handle_out_of_bounds
                0x00000000c0019738                __ubsan_handle_add_overflow
                0x00000000c0019764                __ubsan_handle_load_invalid_value
                0x00000000c0019790                __ubsan_handle_divrem_overflow
                0x00000000c00197bc                __ubsan_handle_mul_overflow
                0x00000000c00197e8                __ubsan_handle_sub_overflow
                0x00000000c0019814                __ubsan_handle_shift_out_of_bounds
                0x00000000c0019840                __ubsan_handle_negate_overflow
 .text          0x00000000c001986c      0x86d fs/symlink.32
                0x00000000c00199bb                KiDeinitialiseSymlinks(void*)
                0x00000000c0019a4e                KeRegisterSymlink(char const*, unsigned long long)
                0x00000000c0019ae0                KeInitialiseSymlinks()
                0x00000000c0019c54                KiIsSymlinkRegistered(char const*)
                0x00000000c0019dd8                KeDereferenceSymlink(char const*, char*)
                0x00000000c0019f7f                KeCreateSymlink(char const*, char const*)
 *fill*         0x00000000c001a0d9        0x1 
 .text          0x00000000c001a0da      0xd68 fs/vfs.32
                0x00000000c001a0da                File::read(unsigned long long, void*, int*)
                0x00000000c001a132                File::write(unsigned long long, void*, int*)
                0x00000000c001a18a                Directory::read(unsigned long long, void*, int*)
                0x00000000c001a1e2                Directory::write(unsigned long long, void*, int*)
                0x00000000c001a210                File::isAtty()
                0x00000000c001a214                Directory::isAtty()
                0x00000000c001a218                Filesystem::getlabel(LogicalDisk*, int, char*, unsigned int*)
                0x00000000c001a21e                Filesystem::setlabel(LogicalDisk*, int, char*)
                0x00000000c001a224                Filesystem::allocateSwapfile(char const*, int)
                0x00000000c001a22a                File::~File()
                0x00000000c001a22a                File::~File()
                0x00000000c001a24e                File::~File()
                0x00000000c001a278                Directory::~Directory()
                0x00000000c001a278                Directory::~Directory()
                0x00000000c001a29c                Directory::~Directory()
                0x00000000c001a2c6                Filesystem::Filesystem()
                0x00000000c001a2c6                Filesystem::Filesystem()
                0x00000000c001a2ea                Filesystem::~Filesystem()
                0x00000000c001a2ea                Filesystem::~Filesystem()
                0x00000000c001a2f8                Filesystem::~Filesystem()
                0x00000000c001a31c                Fs::getcwd(Process*, char*, int)
                0x00000000c001a346                Fs::initVFS()
                0x00000000c001a370                Fs::standardiseFiles(char*, char const*, char const*, bool)
                0x00000000c001a58a                File::File(char const*, Process*, bool)
                0x00000000c001a58a                File::File(char const*, Process*, bool)
                0x00000000c001a668                File::File(char const*, Process*)
                0x00000000c001a668                File::File(char const*, Process*)
                0x00000000c001a686                File::open(FileOpenMode)
                0x00000000c001a6e4                File::close()
                0x00000000c001a744                File::seek(unsigned long long)
                0x00000000c001a79a                File::truncate(unsigned long long)
                0x00000000c001a7f0                File::tell(unsigned long long*)
                0x00000000c001a840                File::rewind()
                0x00000000c001a854                File::unlink()
                0x00000000c001a8a0                File::rename(char const*)
                0x00000000c001a8ee                File::chfatattr(unsigned char, unsigned char)
                0x00000000c001a94a                File::exists()
                0x00000000c001a988                File::stat(unsigned long long*, bool*)
                0x00000000c001a9e9                Fs::setcwd(Process*, char*)
                0x00000000c001ab48                Directory::Directory(char const*, Process*)
                0x00000000c001ab48                Directory::Directory(char const*, Process*)
                0x00000000c001ac10                Directory::open()
                0x00000000c001ac6c                Directory::close()
                0x00000000c001accc                Directory::unlink()
                0x00000000c001ad18                Directory::rename(char const*)
                0x00000000c001ad66                Directory::exists()
                0x00000000c001ada4                Directory::read(dirent*)
                0x00000000c001adf0                Directory::create()
                0x00000000c001ae3c                Filesystem::chfatattr(char const*, unsigned char, unsigned char)
 *fill*         0x00000000c001ae42        0x2 
 .text          0x00000000c001ae44       0x86 hal/bus.32
                0x00000000c001ae44                Bus::Bus(char const*)
                0x00000000c001ae44                Bus::Bus(char const*)
                0x00000000c001ae7c                Bus::~Bus()
                0x00000000c001ae7c                Bus::~Bus()
                0x00000000c001aea0                Bus::~Bus()
 .text          0x00000000c001aeca       0x96 hal/buzzer.32
                0x00000000c001aeca                beepThread(void*)
                0x00000000c001af07                Krnl::beep(int, int, bool)
 .text          0x00000000c001af60      0x45f hal/clock.32
                0x00000000c001af60                User::loadClockSettings(int)
                0x00000000c001afb2                Clock::Clock(char const*)
                0x00000000c001afb2                Clock::Clock(char const*)
                0x00000000c001afe8                Clock::~Clock()
                0x00000000c001afe8                Clock::~Clock()
                0x00000000c001b00c                Clock::~Clock()
                0x00000000c001b036                Clock::timeInSecondsLocal()
                0x00000000c001b07e                Clock::setTimeInSecondsLocal(unsigned long long)
                0x00000000c001b0d7                datetimeToSeconds(datetime_t)
                0x00000000c001b1f6                Clock::setTimeInDatetimeLocal(datetime_t)
                0x00000000c001b256                secondsToDatetime(unsigned long long)
                0x00000000c001b39a                Clock::timeInDatetimeLocal()
 *fill*         0x00000000c001b3bf        0x1 
 .text          0x00000000c001b3c0      0x47a hal/device.32
                0x00000000c001b3c0                Device::hibernate()
                0x00000000c001b3c2                Device::wake()
                0x00000000c001b3c4                Device::detect()
                0x00000000c001b3c6                Device::disableLegacy()
                0x00000000c001b3c8                Device::powerSaving(PowerSavingLevel)
                0x00000000c001b3ca                DriverlessDevice::close(int, int, void*)
                0x00000000c001b3ce                DriverlessDevice::detect()
                0x00000000c001b3d0                DriverlessDevice::open(int, int, void*)
                0x00000000c001b3e4                Device::~Device()
                0x00000000c001b3e4                Device::~Device()
                0x00000000c001b3f2                Device::~Device()
                0x00000000c001b41a                Device::findAndLoadDriver()
                0x00000000c001b428                Device::preOpenPCI(PCIDeviceInfo)
                0x00000000c001b44e                Device::preOpenACPI(void*, char*, char*)
                0x00000000c001b48e                Device::addIRQHandler(int, void (*)(regs*, void*), bool, void*)
                0x00000000c001b4b8                Device::getParent()
                0x00000000c001b4c4                Device::removeIRQHandler(int, void (*)(regs*, void*), bool)
                0x00000000c001b4e2                Device::addChild(Device*)
                0x00000000c001b526                Device::removeAllChildren()
                0x00000000c001b56c                Device::hibernateAll()
                0x00000000c001b59c                Device::wakeAll()
                0x00000000c001b5cc                Device::detectAll()
                0x00000000c001b5fc                Device::disableLegacyAll()
                0x00000000c001b5fe                Device::loadDriversForAll()
                0x00000000c001b600                Device::powerSavingAll(PowerSavingLevel)
                0x00000000c001b636                Device::setName(char const*)
                0x00000000c001b644                Device::Device(char const*)
                0x00000000c001b644                Device::Device(char const*)
                0x00000000c001b740                Device::getName()
                0x00000000c001b74a                Device::closeAll()
                0x00000000c001b796                DriverlessDevice::DriverlessDevice(char const*)
                0x00000000c001b796                DriverlessDevice::DriverlessDevice(char const*)
                0x00000000c001b7cc                Device::addToLinkedList(LinkedList<Device>&, DeviceType)
                0x00000000c001b810                getDevicesOfType(DeviceType)
 *fill*         0x00000000c001b83a        0x2 
 .text          0x00000000c001b83c       0x86 hal/diskctrl.32
                0x00000000c001b83c                HardDiskController::HardDiskController(char const*)
                0x00000000c001b83c                HardDiskController::HardDiskController(char const*)
                0x00000000c001b874                HardDiskController::~HardDiskController()
                0x00000000c001b874                HardDiskController::~HardDiskController()
                0x00000000c001b898                HardDiskController::~HardDiskController()
 .text          0x00000000c001b8c2       0xe2 hal/diskphys.32
                0x00000000c001b8c2                PhysicalDisk::eject()
                0x00000000c001b8c6                PhysicalDisk::PhysicalDisk(char const*, int)
                0x00000000c001b8c6                PhysicalDisk::PhysicalDisk(char const*, int)
                0x00000000c001b92e                PhysicalDisk::startCache()
                0x00000000c001b956                PhysicalDisk::~PhysicalDisk()
                0x00000000c001b956                PhysicalDisk::~PhysicalDisk()
                0x00000000c001b97a                PhysicalDisk::~PhysicalDisk()
 .text          0x00000000c001b9a4        0x0 hal/fpu.32
 .text          0x00000000c001b9a4      0x359 hal/intctrl.32
                0x00000000c001b9a4                int_handler
                0x00000000c001ba2e                installISRHandler(int, void (*)(regs*, void*), void*)
                0x00000000c001ba78                installIRQHandler(int, void (*)(regs*, void*), bool, void*)
                0x00000000c001bbac                uninstallISRHandler(int, void (*)(regs*, void*))
                0x00000000c001bbe0                uninstallIRQHandler(int, void (*)(regs*, void*), bool)
                0x00000000c001bc5e                setupINTS()
                0x00000000c001bcbb                convertLegacyIRQNumber(int)
 *fill*         0x00000000c001bcfd        0x1 
 .text          0x00000000c001bcfe      0x8b6 hal/keybrd.32
                0x00000000c001bcfe                startGUI(void*)
                0x00000000c001bd68                startGUIVESA(void*)
                0x00000000c001bdd2                sendKeyToTerminal(unsigned char)
                0x00000000c001bead                sendKeyboardToken(KeyboardToken)
                0x00000000c001c397                clearInternalKeybuffer(VgaText*)
                0x00000000c001c3cc                readKeyboard(VgaText*, char*, unsigned long)
                0x00000000c001c52a                Keyboard::Keyboard(char const*)
                0x00000000c001c52a                Keyboard::Keyboard(char const*)
                0x00000000c001c566                Keyboard::~Keyboard()
                0x00000000c001c566                Keyboard::~Keyboard()
                0x00000000c001c58a                Keyboard::~Keyboard()
 .text          0x00000000c001c5b4      0x3f8 hal/logidisk.32
                0x00000000c001c5b4                LogicalDisk::close(int, int, void*)
                0x00000000c001c5b8                LogicalDisk::~LogicalDisk()
                0x00000000c001c5b8                LogicalDisk::~LogicalDisk()
                0x00000000c001c5dc                LogicalDisk::~LogicalDisk()
                0x00000000c001c606                LogicalDisk::open(int, int, void*)
                0x00000000c001c61a                LogicalDisk::absoluteToRelative(unsigned long long)
                0x00000000c001c652                LogicalDisk::relativeToAbsolute(unsigned long long)
                0x00000000c001c698                LogicalDisk::LogicalDisk(char const*, PhysicalDisk*, unsigned long long, unsigned long long)
                0x00000000c001c698                LogicalDisk::LogicalDisk(char const*, PhysicalDisk*, unsigned long long, unsigned long long)
                0x00000000c001c758                LogicalDisk::assignDriveLetter()
                0x00000000c001c812                LogicalDisk::mount()
                0x00000000c001c85a                LogicalDisk::unmount()
                0x00000000c001c86a                LogicalDisk::eject()
                0x00000000c001c87e                LogicalDisk::unassignDriveLetter()
                0x00000000c001c8d4                LogicalDisk::read(unsigned long long, int, void*)
                0x00000000c001c940                LogicalDisk::write(unsigned long long, int, void*)
 .text          0x00000000c001c9ac       0x86 hal/mouse.32
                0x00000000c001c9ac                Mouse::Mouse(char const*)
                0x00000000c001c9ac                Mouse::Mouse(char const*)
                0x00000000c001c9e4                Mouse::~Mouse()
                0x00000000c001c9e4                Mouse::~Mouse()
                0x00000000c001ca08                Mouse::~Mouse()
 .text          0x00000000c001ca32       0x90 hal/nic.32
                0x00000000c001ca32                NIC::getMAC()
                0x00000000c001ca38                NIC::write(int, unsigned char*, int*)
                0x00000000c001ca3e                NIC::NIC(char const*)
                0x00000000c001ca3e                NIC::NIC(char const*)
                0x00000000c001ca74                NIC::~NIC()
                0x00000000c001ca74                NIC::~NIC()
                0x00000000c001ca98                NIC::~NIC()
 .text          0x00000000c001cac2      0x33b hal/partition.32
                0x00000000c001cac2                makePartition(PhysicalDisk*, unsigned long long, unsigned long long)
                0x00000000c001cb6a                createPartitionsForDisk(PhysicalDisk*)
 *fill*         0x00000000c001cdfd        0x3 
 .text          0x00000000c001ce00       0x86 hal/serial.32
                0x00000000c001ce00                Serial::Serial(char const*)
                0x00000000c001ce00                Serial::Serial(char const*)
                0x00000000c001ce38                Serial::~Serial()
                0x00000000c001ce38                Serial::~Serial()
                0x00000000c001ce5c                Serial::~Serial()
 *fill*         0x00000000c001ce86        0x2 
 .text          0x00000000c001ce88      0x230 hal/timer.32
                0x00000000c001ce88                Timer::Timer(char const*)
                0x00000000c001ce88                Timer::Timer(char const*)
                0x00000000c001cec0                Timer::~Timer()
                0x00000000c001cec0                Timer::~Timer()
                0x00000000c001cee4                Timer::~Timer()
                0x00000000c001cf0e                Timer::read()
                0x00000000c001cf19                setupTimer(int)
                0x00000000c001cf54                timerHandler(unsigned int)
 .text          0x00000000c001d0b8      0x444 hal/vcache.32
                0x00000000c001d0b8                VCache::VCache(PhysicalDisk*)
                0x00000000c001d0b8                VCache::VCache(PhysicalDisk*)
                0x00000000c001d228                VCache::invalidateReadBuffer()
                0x00000000c001d238                VCache::writeWriteBuffer()
                0x00000000c001d284                VCache::~VCache()
                0x00000000c001d284                VCache::~VCache()
                0x00000000c001d2dc                VCache::~VCache()
                0x00000000c001d304                VCache::write(unsigned long long, int, void*)
                0x00000000c001d3f8                VCache::read(unsigned long long, int, void*)
 .text          0x00000000c001d4fc      0x70e hal/video.32
                0x00000000c001d4fc                Video::putrect(int, int, int, int, unsigned int)
                0x00000000c001d548                Video::bitblit(int, int, int, int, int, int, int, unsigned int*)
                0x00000000c001d5b8                Video::blit(unsigned int*, int, int, int, int)
                0x00000000c001d636                Video::clearScreen(unsigned int)
                0x00000000c001d66a                Video::putpixel(int, int, unsigned int)
                0x00000000c001d678                Video::readPixelApprox(int, int)
                0x00000000c001d68c                Video::Video(char const*)
                0x00000000c001d68c                Video::Video(char const*)
                0x00000000c001d6c2                Video::~Video()
                0x00000000c001d6c2                Video::~Video()
                0x00000000c001d6e6                Video::~Video()
                0x00000000c001d710                Video::isMonochrome()
                0x00000000c001d71c                Video::getWidth()
                0x00000000c001d728                Video::getHeight()
                0x00000000c001d734                Video::drawCursor(int, int, unsigned int*, int)
                0x00000000c001d7f0                Video::tgaParse(unsigned char*, int, int*, int*)
                0x00000000c001db9a                Video::putTGA(int, int, unsigned char*, int)
 *fill*         0x00000000c001dc0a        0x2 
 .text          0x00000000c001dc0c     0x1413 hw/acpi.32
                0x00000000c001dc0c                ACPI::close(int, int, void*)
                0x00000000c001dd48                findRSDP()
                0x00000000c001dde0                loadACPITables(unsigned char*)
                0x00000000c001e04c                findRSDT(unsigned char*)
                0x00000000c001e1a4                findDataTable(unsigned char*, char*)
                0x00000000c001e224                scanMADT()
                0x00000000c001e6dc                ACPI::ACPI()
                0x00000000c001e6dc                ACPI::ACPI()
                0x00000000c001e730                ACPI::getPCIIRQAssignment(unsigned char, unsigned short, unsigned char)
                0x00000000c001e82c                ACPI::registerPCIIRQAssignment(void*, unsigned short, unsigned char, unsigned char)
                0x00000000c001e8f8                ACPI::setScreenBrightnessLevel(void*, int)
                0x00000000c001e900                ACPI::detectPCI()
                0x00000000c001eb20                ACPI::writeSimpleBootFlag(SimpleBootFlagTable*)
                0x00000000c001eb68                ACPI::sleep()
                0x00000000c001eb84                ACPI::open(int, int, void*)
 *fill*         0x00000000c001f01f        0x1 
 .text          0x00000000c001f020      0xbc5 hw/cpu.32
                0x00000000c001f020                CPU::close(int, int, void*)
                0x00000000c001f024                CPU::AMD_K6_write_msr(unsigned int, unsigned int, unsigned int, CPU::REGS*)
                0x00000000c001f040                CPU::AMD_K6_read_msr(unsigned int, CPU::REGS*)
                0x00000000c001f058                CPU::AMD_K6_writeback(int, int, int)
                0x00000000c001f0cc                CPU::cpuid(int, unsigned long*, unsigned long*, unsigned long*, unsigned long*)
                0x00000000c001f150                CPU::cpuidCheckEDX(unsigned int)
                0x00000000c001f17e                CPU::cpuidCheckECX(unsigned int)
                0x00000000c001f1ac                CPU::cpuidCheckExtendedEBX(unsigned int)
                0x00000000c001f1da                CPU::cpuidCheckExtendedECX(unsigned int)
                0x00000000c001f208                CPU::CPU()
                0x00000000c001f208                CPU::CPU()
                0x00000000c001f296                CPU::displayFeatures()
                0x00000000c001f298                CPU::detectFeatures()
                0x00000000c001f96c                CPU::setupSMEP()
                0x00000000c001f978                CPU::setupUMIP()
                0x00000000c001f982                CPU::setupTSC()
                0x00000000c001f98c                CPU::setupLargePages()
                0x00000000c001f996                CPU::setupPAT()
                0x00000000c001f9d2                CPU::setupMTRR()
                0x00000000c001f9d4                CPU::setupGlobalPages()
                0x00000000c001f9de                CPU::allowUsermodeDataAccess()
                0x00000000c001f9f0                CPU::prohibitUsermodeDataAccess()
                0x00000000c001fa02                CPU::setupSMAP()
                0x00000000c001fa10                CPU::setupFeatures()
                0x00000000c001fadc                CPU::open(int, int, void*)
 .text          0x00000000c001fbe5       0xb6 krnl/atexit.32
                0x00000000c001fbe5                KeInitialiseAtexit()
                0x00000000c001fc04                KeRegisterAtexit(void (*)(void*), void*)
                0x00000000c001fc38                KeExecuteAtexit()
 .text          0x00000000c001fc9b       0xdf krnl/bootmsg.32
                0x00000000c001fc9b                KeDisplaySplashScreen()
                0x00000000c001fd17                KeSetBootMessage(char const*)
 *fill*         0x00000000c001fd7a        0x2 
 .text          0x00000000c001fd7c       0x48 krnl/cdefs.32
                0x00000000c001fd7c                CUnlockScheduler
                0x00000000c001fd98                CLockScheduler
                0x00000000c001fda8                CPrintf
 .text          0x00000000c001fdc4       0x1d krnl/compat.32
                0x00000000c001fdc4                Krnl::handlePowerButton()
                0x00000000c001fdd4                Krnl::handleSleepButton()
 .text          0x00000000c001fde1       0x2b krnl/crc32.32
                0x00000000c001fde1                KeCalculateCRC32(unsigned char*, int)
 .text          0x00000000c001fe0c      0x5bf krnl/env.32
                0x00000000c001fe0c                EnvVarContainer::getEnv(char const*)
                0x00000000c001fe4a                EnvVarContainer::setEnv(char const*, char const*)
                0x00000000c001ff0c                EnvVarContainer::deleteEnv(char const*)
                0x00000000c001ff0e                EnvVarContainer::loadFrom(char const*, char const*)
                0x00000000c0020132                EnvVarContainer::__loadSystem()
                0x00000000c002014c                EnvVarContainer::__loadUser()
                0x00000000c002014e                EnvVarContainer::EnvVarContainer(Process*)
                0x00000000c002014e                EnvVarContainer::EnvVarContainer(Process*)
                0x00000000c0020170                EnvVarContainer::~EnvVarContainer()
                0x00000000c0020170                EnvVarContainer::~EnvVarContainer()
                0x00000000c00201a0                KeGetEnv(Process*, char const*)
                0x00000000c0020205                KeSetEnvSystem(char const*, char const*)
                0x00000000c002021f                KeSetEnvUser(char const*, char const*)
                0x00000000c002023e                KeSetEnvProcess(Process*, char const*, char const*)
                0x00000000c0020251                KeDeleteEnvSystem(char const*)
                0x00000000c0020252                KeDeleteEnvUser(char const*)
                0x00000000c0020253                KeDeleteEnvProcess(Process*, char const*)
                0x00000000c0020254                KeNewProcessEnv(Process*)
                0x00000000c0020276                KeCopyProcessEnv(Process*, Process*)
                0x00000000c00202c2                KeLoadSystemEnv()
                0x00000000c00202f0                KeLoadUserEnv()
                0x00000000c0020316                KeFlushEnv()
                0x00000000c0020317                KeGetProcessTotalEnvCount(Process*)
                0x00000000c0020337                KeGetProcessEnvPair(Process*, int)
 .text          0x00000000c00203cb       0x94 krnl/inlines.32
                0x00000000c00203cb                CPU::current()
                0x00000000c00203d7                operator new(unsigned long)
                0x00000000c00203dc                operator delete(void*)
                0x00000000c00203e1                disableIRQs()
                0x00000000c00203e3                enableIRQs()
                0x00000000c00203e5                lockScheduler()
                0x00000000c00203ed                unlockScheduler()
                0x00000000c00203fc                lockStuff()
                0x00000000c002040a                unlockStuff()
                0x00000000c0020444                Virt::getAKernelVAS()
                0x00000000c002044a                __not_memcpy
 *fill*         0x00000000c002045f        0x1 
 .text          0x00000000c0020460       0x1a krnl/mutex.32
                0x00000000c0020460                Mutex::Mutex()
                0x00000000c0020460                Mutex::Mutex()
 .text          0x00000000c002047a        0xc krnl/panic.32
                0x00000000c002047a                KePanic(char const*)
 .text          0x00000000c0020486      0x142 krnl/powctrl.32
                0x00000000c0020486                KePowerThread(void*)
                0x00000000c00204b4                KeChangePowerSettings(PowerSettings)
                0x00000000c00204ca                KeUserIOReceived()
                0x00000000c00204d5                KeHandlePowerButton()
                0x00000000c002050a                KeHandleSleepButton()
                0x00000000c002053f                KeSetupPowerManager()
 .text          0x00000000c00205c8       0x9d krnl/random.32
                0x00000000c00205c8                KeRand()
                0x00000000c002060a                KeSeedRand(unsigned int)
                0x00000000c0020633                KeInitRand()
 *fill*         0x00000000c0020665        0x3 
 .text          0x00000000c0020668      0x1bc krnl/resolve.32
                0x00000000c0020668                KeResolveCompatibilitySymbol(char*)
 .text          0x00000000c0020824      0x415 krnl/semaphore.32
                0x00000000c0020824                Semaphore::Semaphore(int)
                0x00000000c0020824                Semaphore::Semaphore(int)
                0x00000000c0020854                Semaphore::tryAcquire()
                0x00000000c0020930                Semaphore::assertLocked(char const*)
                0x00000000c00209c0                Semaphore::acquire(int)
                0x00000000c0020b68                Semaphore::acquire()
                0x00000000c0020b84                Semaphore::release()
 .text          0x00000000c0020c39      0x322 krnl/signal.32
                0x00000000c0020c39                KiSigKill(int)
                0x00000000c0020c4d                KiDefaultSignalHandlerIgnore(int)
                0x00000000c0020c4e                KiDefaultSignalHandlerPause(int)
                0x00000000c0020c7a                KiDefaultSignalHandlerResume(int)
                0x00000000c0020ca6                KeDeinitSignals(SigHandlerBlock*)
                0x00000000c0020cab                KeInitSignals()
                0x00000000c0020cfd                KeRegisterSignalHandler(SigHandlerBlock*, int, void (*)(int), unsigned int, int)
                0x00000000c0020d33                KeRaiseSignal(SigHandlerBlock*, int)
                0x00000000c0020db0                KeCheckSignal(SigHandlerBlock*, int*)
                0x00000000c0020ea7                KiCheckSignalZ
                0x00000000c0020ee9                KeCompleteSignal(SigHandlerBlock*, int)
                0x00000000c0020f24                KiFinishSignalZ
 .text          0x00000000c0020f5b      0xe10 krnl/syscalls.32
                0x00000000c0020f5b                SysSeekDir(regs*)
                0x00000000c0020f60                SysTellDir(regs*)
                0x00000000c0020f65                SysVerify(regs*)
                0x00000000c0020f6f                SysGetArgc(regs*)
                0x00000000c0020f83                SysTTYName(regs*)
                0x00000000c0020f8b                SysFormatDisk(regs*)
                0x00000000c0021002                SysSetDiskVolumeLabel(regs*)
                0x00000000c0021056                SysGetDiskVolumeLabel(regs*)
                0x00000000c00210af                SysShutdown(regs*)
                0x00000000c002110d                SysRealpath(regs*)
                0x00000000c0021151                SysReadDir(regs*)
                0x00000000c00211d1                SysIsATTY(regs*)
                0x00000000c002122b                SysSeek(regs*)
                0x00000000c0021282                SysTell(regs*)
                0x00000000c00212ef                SysSize(regs*)
                0x00000000c0021362                SysSizeFromFilename(regs*)
                0x00000000c0021493                SysSizeFromFilenameNoSymlink(regs*)
                0x00000000c00215c4                SysClose(regs*)
                0x00000000c0021624                SysOpenDir(regs*)
                0x00000000c00216a1                SysMakeDir(regs*)
                0x00000000c002170f                SysCloseDir(regs*)
                0x00000000c0021763                SysWait(regs*)
                0x00000000c0021784                SysNotImpl(regs*)
                0x00000000c002179f                SysPanic(regs*)
                0x00000000c00217ba                SysRmdir(regs*)
                0x00000000c002181f                SysUnlink(regs*)
                0x00000000c0021884                SysGetArgv(regs*)
                0x00000000c00218d1                SysUSleep(regs*)
                0x00000000c00218fa                SysSpawn(regs*)
                0x00000000c002196d                SysGetEnv(regs*)
                0x00000000c0021a1e                SysSetFatAttrib(regs*)
                0x00000000c0021a91                SysPipe(regs*)
                0x00000000c0021ad6                SysGetUnixTime(regs*)
                0x00000000c0021aea                string_ends_with(char const*, char const*)
                0x00000000c0021b32                SysOpen(regs*)
                0x00000000c0021d29                KeSystemCall(regs*, void*)
 *fill*         0x00000000c0021d6b        0x1 
 .text          0x00000000c0021d6c      0x159 net/ethernet.32
                0x00000000c0021d6c                KeSwitchEndian16(unsigned short)
                0x00000000c0021d90                KeSwitchEndian32(unsigned int)
                0x00000000c0021dc0                EthernetCRC32(unsigned char*, int)
                0x00000000c0021e64                EthernetReceivedPacket(EthernetUnwrappedFrame*, unsigned short)
 *fill*         0x00000000c0021ec5        0x3 
 .text          0x00000000c0021ec8       0xf4 net/netosl.32
                0x00000000c0021ec8                KeNetCreateSemaphore
                0x00000000c0021f0c                KeNetFreeSemaphore
                0x00000000c0021f28                KeNetSignalSemaphore
                0x00000000c0021f44                KeNetWaitSemaphore
                0x00000000c0021f64                KeNetCreateThread
                0x00000000c0021f88                KeCPanic
                0x00000000c0021fa0                KeCPuts
 .text          0x00000000c0021fbc      0xd56 reg/cm.32
                0x00000000c0021fbc                CmOpen(char const*)
                0x00000000c00220da                CmClose(Reghive_Tag*)
                0x00000000c00220f0                CmReadExtent(Reghive_Tag*, int, unsigned char*)
                0x00000000c002212c                CmGetString(Reghive_Tag*, int, char*)
                0x00000000c00221a3                CmEnterDirectory(Reghive_Tag*, int)
                0x00000000c00221e2                CmGetNext(Reghive_Tag*, int)
                0x00000000c0022214                CmWriteExtent(Reghive_Tag*, int, unsigned char*)
                0x00000000c0022250                CmFreeExtent(Reghive_Tag*, int)
                0x00000000c0022278                CmUpdateHeader(Reghive_Tag*)
                0x00000000c0022299                CmExpand(Reghive_Tag*, int)
                0x00000000c0022314                CmFindUnusedExtent(Reghive_Tag*)
                0x00000000c002239a                CmCreateExtent(Reghive_Tag*, int, int, unsigned char*)
                0x00000000c002248e                CmSetString(Reghive_Tag*, int, char const*)
                0x00000000c00225ca                CmGetMatch(char*, char*, bool, bool*)
                0x00000000c002262b                CmAddShift(unsigned int*, int*, unsigned char, int)
                0x00000000c002265b                CmGetShift(unsigned int*, int*, int, bool*)
                0x00000000c0022692                CmGetInteger(Reghive_Tag*, int, unsigned long long*)
                0x00000000c00226bc                CmSetInteger(Reghive_Tag*, int, unsigned long long)
                0x00000000c00226fc                CmConvertFromInternalFilename(unsigned char const*, char*)
                0x00000000c00227a0                CmGetNameAndTypeFromExtent(Reghive_Tag*, int, char*)
                0x00000000c00227ce                CmConvertToInternalFilename(char const*, unsigned char*)
                0x00000000c002296c                CmCreateString(Reghive_Tag*, int, char const*)
                0x00000000c00229b9                CmFindInDirectory(Reghive_Tag*, int, char const*)
                0x00000000c0022a33                CmCreateInteger(Reghive_Tag*, int, char const*, unsigned long long, int)
                0x00000000c0022a86                CmCreateDirectory(Reghive_Tag*, int, char const*)
                0x00000000c0022b4a                zStrtok(char*, char const*)
                0x00000000c0022bbc                CmFindObjectFromPath(Reghive_Tag*, char const*)
                0x00000000c0022c3d                CmDisplayTree(Reghive_Tag*, int, int)
                0x00000000c0022ce0                CmSplitFinalSlashInPlace(char*)
 .text          0x00000000c0022d12      0x52a reg/registry.32
                0x00000000c0022d12                Reg::findLineFromLoadedData(char*, char*, char*)
                0x00000000c0022e83                Reg::getLineFromRegistry(char*, char*, char*, char*)
                0x00000000c0022fd8                Reg::getLine(char*, char*, char*)
                0x00000000c002300f                Reg::readInt(char*, char*, int*)
                0x00000000c00230fd                Reg::readString(char*, char*, char*, int)
                0x00000000c002317e                Reg::readBool(char*, char*, bool*)
                0x00000000c00231a3                Reg::readBoolWithDefault(char*, char*, bool)
                0x00000000c00231cf                Reg::readIntWithDefault(char*, char*, int)
                0x00000000c00231fb                Reg::readStringWithDefault(char*, char*, char*, int, char*)
 .text          0x00000000c002323c       0x36 sys/eject.32
                0x00000000c002323c                SysEject(regs*)
 .text          0x00000000c0023272       0x18 sys/exit.32
                0x00000000c0023272                SysExit(regs*)
 .text          0x00000000c002328a       0x1f sys/getcwd.32
                0x00000000c002328a                SysGetCwd(regs*)
 .text          0x00000000c00232a9        0xc sys/getpid.32
                0x00000000c00232a9                SysGetPID(regs*)
 .text          0x00000000c00232b5       0x1a sys/getramdata.32
                0x00000000c00232b5                SysGetRAMData(regs*)
 .text          0x00000000c00232cf       0x82 sys/getvgaptr.32
                0x00000000c00232cf                SysGetVGAPtr(regs*)
 *fill*         0x00000000c0023351        0x3 
 .text          0x00000000c0023354       0xb9 sys/kill.32
                0x00000000c0023354                SysKill(regs*)
 .text          0x00000000c002340d       0xa8 sys/loaddll.32
                0x00000000c002340d                SysLoadDLL(regs*)
 .text          0x00000000c00234b5       0x68 sys/read.32
                0x00000000c00234b5                SysRead(regs*)
 .text          0x00000000c002351d       0x29 sys/registersignal.32
                0x00000000c002351d                SysRegisterSignal(regs*)
 .text          0x00000000c0023546      0x19c sys/registry.32
                0x00000000c0023546                SysRegistryGetTypeFromPath(regs*)
                0x00000000c00235bd                SysRegistryReadExtent(regs*)
                0x00000000c0023605                SysRegistryPathToExtentLookup(regs*)
                0x00000000c002362d                SysRegistryEnterDirectory(regs*)
                0x00000000c0023655                SysRegistryGetNext(regs*)
                0x00000000c002367d                SysRegistryGetNameAndTypeFromExtent(regs*)
                0x00000000c00236b7                SysRegistryOpen(regs*)
                0x00000000c00236cb                SysRegistryClose(regs*)
 .text          0x00000000c00236e2       0x55 sys/sbrk.32
                0x00000000c00236e2                SysSbrk(regs*)
 .text          0x00000000c0023737       0x1c sys/setcwd.32
                0x00000000c0023737                SysSetCwd(regs*)
 .text          0x00000000c0023753       0x96 sys/settime.32
                0x00000000c0023753                SysSetTime(regs*)
 .text          0x00000000c00237e9       0x73 sys/symlink.32
                0x00000000c00237e9                SysSymlink(regs*)
 .text          0x00000000c002385c       0x4a sys/timezone.32
                0x00000000c002385c                SysTimezone(regs*)
 .text          0x00000000c00238a6       0xfc sys/truncate.32
                0x00000000c00238a6                SysTruncate(regs*)
 .text          0x00000000c00239a2       0x68 sys/write.32
                0x00000000c00239a2                SysWrite(regs*)
 .text          0x00000000c0023a0a       0x62 sys/wsbe.32
                0x00000000c0023a0a                SysWsbe(regs*)
 .text          0x00000000c0023a6c       0x25 sys/yield.32
                0x00000000c0023a6c                SysYield(regs*)
 .text          0x00000000c0023a91     0x1207 thr/elf.32
                0x00000000c0023a91                Thr::allocateMemoryForTask(Process*, File*, unsigned long, unsigned long, unsigned long)
                0x00000000c0023d1f                Thr::loadProgramIntoMemory(Process*, char const*)
                0x00000000c0023f31                Thr::runtimeReferenceHelper()
                0x00000000c0023f44                Thr::getAddressOfKernelSymbol(char const*)
                0x00000000c0023f93                Thr::loadKernelSymbolTable(char const*)
                0x00000000c0024251                Thr::loadDriverIntoMemory(char const*, unsigned long, bool)
                0x00000000c002498a                Thr::getDriverBaseFromAddress(unsigned long)
                0x00000000c00249bc                Thr::getDriverNameFromAddress(unsigned long)
                0x00000000c00249f3                Thr::getDriverOffsetFromAddress(unsigned long)
                0x00000000c0024a0d                Thr::loadDLL(char const*, bool)
                0x00000000c0024c5f                Thr::executeDLL(unsigned long, void*)
 .text          0x00000000c0024c98     0x1131 thr/prcssthr.32
                0x00000000c0024c98                userModeEntryPoint(void*)
                0x00000000c0024cc0                changeTSS
                0x00000000c0024cf0                switchToThread(ThreadControlBlock*)
                0x00000000c0024da0                Process::addArgs(char**)
                0x00000000c0024e0c                Process::Process(char const*, Process*, char**)
                0x00000000c0024e0c                Process::Process(char const*, Process*, char**)
                0x00000000c0025018                Process::Process(bool, char const*, Process*, char**)
                0x00000000c0025018                Process::Process(bool, char const*, Process*, char**)
                0x00000000c00251ec                taskStartupFunction
                0x00000000c00251f8                KeDisablePreemption()
                0x00000000c0025220                KeRestorePreemption()
                0x00000000c0025240                Process::createThread(void (*)(void*), void*, int)
                0x00000000c002534c                Process::createUserThread()
                0x00000000c002536c                setupMultitasking(void (*)())
                0x00000000c0025490                schedule()
                0x00000000c0025524                blockTaskWithSchedulerLockAlreadyHeld(TaskState)
                0x00000000c002554c                blockTask(TaskState)
                0x00000000c0025584                waitTask(int, int*, int)
                0x00000000c00255c8                milliTenthSleepUntil(unsigned int)
                0x00000000c0025668                milliTenthSleep(unsigned int)
                0x00000000c002567c                sleep(unsigned int)
                0x00000000c0025698                taskReturned
                0x00000000c00256dc                Thr::processFromPID(int)
                0x00000000c0025788                unblockTask(ThreadControlBlock*)
                0x00000000c0025834                cleanupTerminatedTask(ThreadControlBlock*)
                0x00000000c0025b08                cleanerTaskFunction(void*)
                0x00000000c0025c10                terminateTask(int)
                0x00000000c0025cfc                Thr::terminateFromIRQ(int)
 .text          0x00000000c0025dc9      0xd00 vm86/vm8086.32
                0x00000000c0025dc9                Vm::inbv(unsigned short)
                0x00000000c0025ddc                Vm::outbv(unsigned short, unsigned char)
                0x00000000c0025e12                Vm::realToLinear(unsigned short, unsigned short)
                0x00000000c0025e22                Vm::getSegment(unsigned int)
                0x00000000c0025e2a                Vm::getOffset(unsigned int)
                0x00000000c0025e2f                Vm::mainloop2()
                0x00000000c0025e69                Vm::mainVm8086Loop(void*)
                0x00000000c0025e79                Vm::mainloop3(unsigned long)
                0x00000000c0025e9f                Vm::initialise8086()
                0x00000000c0025ee2                Vm::resetConventionalMemory8086()
                0x00000000c0025ee3                Vm::finish8086()
                0x00000000c0025f44                Vm::getOutput8086(unsigned char*)
                0x00000000c0025f69                Vm::start8086FromBuffer(unsigned char*, int, unsigned short, unsigned short, unsigned short, unsigned short)
                0x00000000c0026090                Vm::start8086(char const*, unsigned short, unsigned short, unsigned short, unsigned short)
                0x00000000c0026298                Vm::doISR(regs*, int, unsigned char*, unsigned short, unsigned short)
                0x00000000c0026331                Vm::readByteFromReal(unsigned short, unsigned short)
                0x00000000c0026342                Vm::readWordFromReal(unsigned short, unsigned short)
                0x00000000c0026354                Vm::readDwordFromReal(unsigned short, unsigned short)
                0x00000000c0026365                Vm::writeByteFromReal(unsigned short, unsigned short, unsigned char)
                0x00000000c002637a                Vm::writeWordFromReal(unsigned short, unsigned short, unsigned short)
                0x00000000c0026390                Vm::writeDwordFromReal(unsigned short, unsigned short, unsigned int)
                0x00000000c00263a5                Vm::faultHandler(regs*)
 .text          0x00000000c0026ac9      0xaf0 arch/i386/hal.32
                0x00000000c0026ac9                noCopro(unsigned long)
                0x00000000c0026aca                nmiHandler(regs*, void*)
                0x00000000c0026ae3                doubleFault(regs*, void*)
                0x00000000c0026afc                displayDebugInfo(regs*)
                0x00000000c0026e81                HalSystemIdle()
                0x00000000c0026efd                displayProgramFault(char const*)
                0x00000000c0026f49                gpFault(regs*, void*)
                0x00000000c0026fb0                pgFault(regs*, void*)
                0x00000000c0027039                otherISRHandler(regs*, void*)
                0x00000000c002706d                opcodeFault(regs*, void*)
                0x00000000c00270f0                i386SaveCoprocessor(void*)
                0x00000000c0027104                i386LoadCoprocessor(void*)
                0x00000000c0027118                x87EmulHandler(regs*, void*)
                0x00000000c00271b5                HalInitialiseCoprocessor()
                0x00000000c0027263                HalPanic(char const*)
                0x00000000c0027377                HalQueryPerformanceCounter()
                0x00000000c0027392                HalInitialise()
                0x00000000c0027548                HalMakeBeep(int)
                0x00000000c0027582                HalGetRand()
                0x00000000c0027585                HalEndOfInterrupt(int)
                0x00000000c00275b6                HalRestart()
                0x00000000c00275b7                HalShutdown()
                0x00000000c00275b8                HalSleep()
 *fill*         0x00000000c00275b9        0x3 
 .text          0x00000000c00275bc      0x2dc arch/i386/pic.32
                0x00000000c00275bc                picIoWait()
                0x00000000c00275c4                picDisable()
                0x00000000c00275f8                picGetIRQReg(int)
                0x00000000c0027674                picOpen()
                0x00000000c00277f8                picEOI(int)
 .text          0x00000000c0027898      0x674 arch/i386/rtc.32
                0x00000000c0027898                RTC::open(int, int, void*)
                0x00000000c002789c                RTC::close(int, int, void*)
                0x00000000c00278a0                RTC::timeInSecondsUTC()
                0x00000000c00278b2                RTC::timeInDatetimeUTC()
                0x00000000c00278d8                RTC::setTimeInSecondsUTC(unsigned long long)
                0x00000000c0027916                RTC::~RTC()
                0x00000000c0027916                RTC::~RTC()
                0x00000000c002793a                RTC::~RTC()
                0x00000000c0027964                RTC::get_update_in_progress_flag()
                0x00000000c002797e                RTC::completeRTCRefresh()
                0x00000000c0027c5e                RTC::setTimeInDatetimeUTC(datetime_t)
                0x00000000c0027e0c                rtcIRQHandler(regs*, void*)
                0x00000000c0027e52                RTC::RTC()
                0x00000000c0027e52                RTC::RTC()
 .text          0x00000000c0027f0c      0x1f4 arch/i386/vga.32
                0x00000000c0027f0c                HalConsoleScroll(int, int)
                0x00000000c0028014                HalConsoleWriteCharacter(char, int, int, int, int)
                0x00000000c0028078                HalConsoleCursorUpdate(int, int)
 .text          0x00000000c0028100     0x14cf fs/fat/vfslink.32
                0x00000000c0028100                FAT::getName()
                0x00000000c0028108                FAT::tell(void*, unsigned long long*)
                0x00000000c0028144                FAT::stat(void*, unsigned long long*)
                0x00000000c0028180                FAT::~FAT()
                0x00000000c0028180                FAT::~FAT()
                0x00000000c00281a4                FAT::~FAT()
                0x00000000c00281cc                FAT::getlabel(LogicalDisk*, int, char*, unsigned int*)
                0x00000000c0028270                FAT::setlabel(LogicalDisk*, int, char*)
                0x00000000c0028334                FAT::format(LogicalDisk*, int, char const*, int)
                0x00000000c0028518                FAT::tryMount(LogicalDisk*, int)
                0x00000000c0028734                FAT::allocateSwapfile(char const*, int)
                0x00000000c00288f4                FAT::readDir(void*, unsigned long, void*, int*)
                0x00000000c0028a64                FAT::read(void*, unsigned long, void*, int*)
                0x00000000c0028ac4                FAT::write(void*, unsigned long, void*, int*)
                0x00000000c0028b24                FAT::close(void*)
                0x00000000c0028b78                FAT::closeDir(void*)
                0x00000000c0028bcc                FAT::truncate(void*, unsigned long long)
                0x00000000c0028c38                FAT::seek(void*, unsigned long long)
                0x00000000c0028c90                fatWrapperReadDisk
                0x00000000c0028cd0                fatWrapperWriteDisk
                0x00000000c0028d10                fatWrapperIoctl
                0x00000000c0028e2c                FAT::FAT()
                0x00000000c0028e2c                FAT::FAT()
                0x00000000c0028e84                FAT::fixFilepath(char*)
                0x00000000c0028ec4                FAT::open(char const*, void**, FileOpenMode)
                0x00000000c0029038                FAT::openDir(char const*, void**)
                0x00000000c00290e8                FAT::stat(char const*, unsigned long long*, bool*)
                0x00000000c00291e0                FAT::unlink(char const*)
                0x00000000c0029260                FAT::chfatattr(char const*, unsigned char, unsigned char)
                0x00000000c0029414                FAT::rename(char const*, char const*)
                0x00000000c00294e0                FAT::mkdir(char const*)
                0x00000000c0029560                FAT::exists(char const*)
 *fill*         0x00000000c00295cf        0x1 
 .text          0x00000000c00295d0       0x94 fs/iso9660/helper.32
                0x00000000c00295d0                isoReadDiscSectorHelper
                0x00000000c002962c                iso_kprintf
                0x00000000c0029648                iso_kprintfd
 .text          0x00000000c0029664      0x71c fs/iso9660/vfslink.32
                0x00000000c0029664                ISO9660::format(LogicalDisk*, int, char const*, int)
                0x00000000c002966a                ISO9660::truncate(void*, unsigned long long)
                0x00000000c0029670                ISO9660::getName()
                0x00000000c0029676                ISO9660::closeDir(void*)
                0x00000000c0029680                ISO9660::chfatattr(char const*, unsigned char, unsigned char)
                0x00000000c0029686                ISO9660::unlink(char const*)
                0x00000000c002968c                ISO9660::write(void*, unsigned long, void*, int*)
                0x00000000c0029692                ISO9660::rename(char const*, char const*)
                0x00000000c0029698                ISO9660::mkdir(char const*)
                0x00000000c002969e                ISO9660::~ISO9660()
                0x00000000c002969e                ISO9660::~ISO9660()
                0x00000000c00296c2                ISO9660::~ISO9660()
                0x00000000c00296ea                ISO9660::exists(char const*)
                0x00000000c00296fe                ISO9660::open(char const*, void**, FileOpenMode)
                0x00000000c00297e4                ISO9660::read(void*, unsigned long, void*, int*)
                0x00000000c002982c                ISO9660::seek(void*, unsigned long long)
                0x00000000c002986e                ISO9660::tell(void*, unsigned long long*)
                0x00000000c00298ac                ISO9660::stat(void*, unsigned long long*)
                0x00000000c00298fe                ISO9660::stat(char const*, unsigned long long*, bool*)
                0x00000000c0029a40                ISO9660::close(void*)
                0x00000000c0029a70                ISO9660::openDir(char const*, void**)
                0x00000000c0029b4a                ISO9660::readDir(void*, unsigned long, void*, int*)
                0x00000000c0029c67                readSectorFromCDROM(unsigned int, unsigned char*, char)
                0x00000000c0029ce6                ISO9660::tryMount(LogicalDisk*, int)