Archive member included to satisfy reference by file (symbol)

/cygdrive/d/Users/Alex/Desktop/Toolchain/Output/bin/../lib/gcc/i386-banana/8.1.0/libkgcc.a(_divdi3.o)
                              fs/fat/ff.32 (__divdi3)
/cygdrive/d/Users/Alex/Desktop/Toolchain/Output/bin/../lib/gcc/i386-banana/8.1.0/libkgcc.a(_moddi3.o)
                              compat/resolve.32 (__moddi3)
/cygdrive/d/Users/Alex/Desktop/Toolchain/Output/bin/../lib/gcc/i386-banana/8.1.0/libkgcc.a(_udivdi3.o)
                              fs/fat/ff.32 (__udivdi3)
/cygdrive/d/Users/Alex/Desktop/Toolchain/Output/bin/../lib/gcc/i386-banana/8.1.0/libkgcc.a(_umoddi3.o)
                              compat/resolve.32 (__umoddi3)

Discarded input sections

 .comment       0x0000000000000000       0x12 /cygdrive/d/Users/Alex/Desktop/Toolchain/Output/bin/../lib/gcc/i386-banana/8.1.0/crtbegin.o
 .comment       0x0000000000000000       0x12 acpica/utclib.32
 .comment       0x0000000000000000       0x12 core/malloc.32
 .comment       0x0000000000000000       0x12 libk/string.32
 .comment       0x0000000000000000       0x12 fs/fat/diskio.32
 .comment       0x0000000000000000       0x12 fs/fat/ff.32
 .comment       0x0000000000000000       0x12 fs/fat/ffsystem.32
 .comment       0x0000000000000000       0x12 fs/fat/ffunicode.32
 .comment       0x0000000000000000       0x12 compat/inlines.32
 .comment       0x0000000000000000       0x12 compat/resolve.32
 .group         0x0000000000000000       0x14 core/computer.32
 .group         0x0000000000000000        0xc core/computer.32
 .comment       0x0000000000000000       0x12 core/computer.32
 .comment       0x0000000000000000       0x12 core/gdt.32
 .group         0x0000000000000000        0xc core/idle.32
 .comment       0x0000000000000000       0x12 core/idle.32
 .comment       0x0000000000000000       0x12 core/idt.32
 .comment       0x0000000000000000       0x12 core/kheap.32
 .comment       0x0000000000000000       0x12 core/main.32
 .comment       0x0000000000000000       0x12 core/physmgr.32
 .group         0x0000000000000000        0xc core/pipe.32
 .comment       0x0000000000000000       0x12 core/pipe.32
 .group         0x0000000000000000        0xc core/terminal.32
 .comment       0x0000000000000000       0x12 core/terminal.32
 .comment       0x0000000000000000       0x12 core/tss.32
 .group         0x0000000000000000        0x8 core/unixfile.32
 .group         0x0000000000000000        0x8 core/unixfile.32
 .group         0x0000000000000000        0xc core/unixfile.32
 .group         0x0000000000000000        0x8 core/unixfile.32
 .group         0x0000000000000000        0xc core/unixfile.32
 .group         0x0000000000000000        0x8 core/unixfile.32
 .group         0x0000000000000000        0xc core/unixfile.32
 .group         0x0000000000000000        0xc core/unixfile.32
 .comment       0x0000000000000000       0x12 core/unixfile.32
 .comment       0x0000000000000000       0x12 core/virtmgr.32
 .comment       0x0000000000000000       0x12 coreobjs/c++.32
 .comment       0x0000000000000000       0x12 dbg/kconsole.32
 .group         0x0000000000000000        0xc fs/vfs.32
 .group         0x0000000000000000        0xc fs/vfs.32
 .group         0x0000000000000000        0xc fs/vfs.32
 .comment       0x0000000000000000       0x12 fs/vfs.32
 .group         0x0000000000000000        0xc hal/bus.32
 .comment       0x0000000000000000       0x12 hal/bus.32
 .group         0x0000000000000000        0xc hal/buzzer.32
 .comment       0x0000000000000000       0x12 hal/buzzer.32
 .group         0x0000000000000000        0xc hal/clock.32
 .comment       0x0000000000000000       0x12 hal/clock.32
 .group         0x0000000000000000       0x14 hal/device.32
 .group         0x0000000000000000        0xc hal/device.32
 .group         0x0000000000000000        0x8 hal/device.32
 .group         0x0000000000000000        0xc hal/device.32
 .group         0x0000000000000000        0xc hal/device.32
 .comment       0x0000000000000000       0x12 hal/device.32
 .group         0x0000000000000000        0xc hal/diskctrl.32
 .comment       0x0000000000000000       0x12 hal/diskctrl.32
 .group         0x0000000000000000        0xc hal/diskphys.32
 .comment       0x0000000000000000       0x12 hal/diskphys.32
 .group         0x0000000000000000        0xc hal/fpu.32
 .comment       0x0000000000000000       0x12 hal/fpu.32
 .group         0x0000000000000000        0xc hal/intctrl.32
 .comment       0x0000000000000000       0x12 hal/intctrl.32
 .group         0x0000000000000000        0xc hal/keybrd.32
 .comment       0x0000000000000000       0x12 hal/keybrd.32
 .group         0x0000000000000000        0xc hal/logidisk.32
 .comment       0x0000000000000000       0x12 hal/logidisk.32
 .group         0x0000000000000000        0xc hal/mouse.32
 .comment       0x0000000000000000       0x12 hal/mouse.32
 .comment       0x0000000000000000       0x12 hal/partition.32
 .group         0x0000000000000000        0xc hal/serial.32
[...]
Memory Configuration

Name             Origin             Length             Attributes
*default*        0x0000000000000000 0xffffffffffffffff

Linker script and memory map

LOAD D:/Users/Alex/Desktop/Banana/kernel/boot.32
LOAD crti.32
LOAD /cygdrive/d/Users/Alex/Desktop/Toolchain/Output/bin/../lib/gcc/i386-banana/8.1.0/crtbegin.o
LOAD D:/Users/Alex/Desktop/Banana/kernel/morenasm.32
LOAD acpica/utclib.32
LOAD core/malloc.32
LOAD libk/string.32
LOAD fs/fat/diskio.32
LOAD fs/fat/ff.32
LOAD fs/fat/ffsystem.32
LOAD fs/fat/ffunicode.32
LOAD compat/inlines.32
LOAD compat/resolve.32
LOAD core/computer.32
LOAD core/gdt.32
LOAD core/idle.32
LOAD core/idt.32
LOAD core/kheap.32
LOAD core/main.32
LOAD core/physmgr.32
LOAD core/pipe.32
LOAD core/terminal.32
LOAD core/tss.32
LOAD core/unixfile.32
LOAD core/virtmgr.32
LOAD coreobjs/c++.32
LOAD dbg/kconsole.32
LOAD fs/vfs.32
LOAD hal/bus.32
LOAD hal/buzzer.32
LOAD hal/clock.32
LOAD hal/device.32
LOAD hal/diskctrl.32
LOAD hal/diskphys.32
LOAD hal/fpu.32
LOAD hal/intctrl.32
LOAD hal/keybrd.32
LOAD hal/logidisk.32
LOAD hal/mouse.32
LOAD hal/partition.32
LOAD hal/serial.32
LOAD hal/timer.32
LOAD hal/vcache.32
LOAD hal/video.32
LOAD hw/acpi.32
LOAD hw/cpu.32
LOAD hw/ports.32
LOAD hw/smp.32
LOAD krnl/env.32
LOAD krnl/panic.32
LOAD net/ethernet.32
LOAD reg/registry.32
LOAD sys/sc_eject.32
LOAD sys/sc_exit.32
LOAD sys/sc_getcwd.32
LOAD sys/sc_getpid.32
LOAD sys/sc_getramdata.32
LOAD sys/sc_getvgaptr.32
LOAD sys/sc_loaddll.32
LOAD sys/sc_read.32
LOAD sys/sc_sbrk.32
LOAD sys/sc_setcwd.32
LOAD sys/sc_settime.32
LOAD sys/sc_timezone.32
LOAD sys/sc_write.32
LOAD sys/sc_wsbe.32
LOAD sys/sc_yield.32
LOAD sys/syscalls.32
LOAD thr/elf.32
LOAD thr/prcssthr.32
LOAD vm86/vm8086.32
LOAD vm86/x87em.32
LOAD fs/fat/vfslink.32
LOAD fs/iso9660/vfslink.32
LOAD hal/sound/sndcard.32
LOAD hal/sound/sndport.32
LOAD hw/bus/isa.32
LOAD hw/bus/pci.32
LOAD hw/diskctrl/ide.32
LOAD hw/diskctrl/satabus.32
LOAD hw/diskphys/ata.32
LOAD hw/diskphys/atapi.32
LOAD hw/diskphys/sata.32
LOAD hw/diskphys/satapi.32
LOAD hw/fpu/avx.32
LOAD hw/fpu/mmx.32
LOAD hw/fpu/sse.32
LOAD hw/fpu/x87.32
LOAD hw/intctrl/apic.32
LOAD hw/intctrl/pic.32
LOAD hw/timer/apictimer.32
LOAD hw/timer/pit.32
LOAD hw/fpu/x86/avx.32
LOAD hw/fpu/x86/sse.32
LOAD hw/fpu/x86/x87.32
LOAD /cygdrive/d/Users/Alex/Desktop/Toolchain/Output/bin/../lib/gcc/i386-banana/8.1.0/crtend.o
LOAD crtn.32
LOAD /cygdrive/d/Users/Alex/Desktop/Toolchain/Output/bin/../lib/gcc/i386-banana/8.1.0/libkgcc.a
LOAD D:/Users/Alex/Desktop/Banana/kernel/libsoftfp.a
LOAD D:/Users/Alex/Desktop/Banana/kernel/libk/libm32.a
                0x00000000c0000000                . = 0xc0000000

.text           0x00000000c0000000    0x211be
 *(.text)
 .text          0x00000000c0000000       0x41 D:/Users/Alex/Desktop/Banana/kernel/boot.32
                0x00000000c0000020                callGlobalConstructors
 .text          0x00000000c0000041        0x0 crti.32
 *fill*         0x00000000c0000041        0x3 
 .text          0x00000000c0000044      0x101 /cygdrive/d/Users/Alex/Desktop/Toolchain/Output/bin/../lib/gcc/i386-banana/8.1.0/crtbegin.o
 *fill*         0x00000000c0000145        0xb 
 .text          0x00000000c0000150      0x430 D:/Users/Alex/Desktop/Banana/kernel/morenasm.32
                0x00000000c0000150                manualPCIProbe
                0x00000000c000019b                prepareTramp
                0x00000000c00001b4                doTPAUSE
                0x00000000c00001be                hasLegacyFPU
                0x00000000c00001e3                is486
                0x00000000c0000219                detectCPUID
                0x00000000c000022f                goToVM86
                0x00000000c000025f                goToUsermode
                0x00000000c0000289                switchToThreadASMFirstTime
                0x00000000c0000297                switchToThreadASM
                0x00000000c0000327                asmQuickAcquireLock
                0x00000000c0000345                asmQuickReleaseLock
                0x00000000c0000351                asmAcquireLock
                0x00000000c0000372                asmReleaseLock
                0x00000000c0000385                loadGDT
                0x00000000c00003a5                isr0
                0x00000000c00003b5                isr1
                0x00000000c00003bf                isr2
                0x00000000c00003c9                isr3
                0x00000000c00003d3                isr4
                0x00000000c00003dd                isr5
                0x00000000c00003e7                isr6
                0x00000000c00003f1                isr7
                0x00000000c00003fb                isr8
                0x00000000c0000403                isr9
                0x00000000c000040d                isr10
                0x00000000c0000415                isr11
                0x00000000c000041d                isr12
                0x00000000c0000425                isr13
                0x00000000c000042d                isr14
                0x00000000c0000435                isr15
                0x00000000c000043f                isr16
                0x00000000c0000449                isr17
                0x00000000c0000453                isr18
                0x00000000c000045d                irq3
                0x00000000c0000467                irq4
                0x00000000c0000471                irq5
                0x00000000c000047b                irq6
                0x00000000c0000485                irq7
                0x00000000c000048f                irq8
                0x00000000c0000499                irq9
                0x00000000c00004a3                irq10
                0x00000000c00004ad                irq11
                0x00000000c00004b7                irq12
                0x00000000c00004c1                irq13
                0x00000000c00004cb                irq14
                0x00000000c00004d5                irq15
                0x00000000c00004df                irq1
                0x00000000c00004e6                irq2
                0x00000000c00004ed                isr96
                0x00000000c00004f4                irq0
                0x00000000c00004f9                int_common_stub
                0x00000000c00004f9                syscall_common_stub
                0x00000000c000052b                irq16
                0x00000000c0000535                irq17
                0x00000000c000053f                irq18
                0x00000000c0000549                irq19
                0x00000000c0000553                irq20
                0x00000000c000055d                irq21
                0x00000000c0000567                irq22
                0x00000000c0000571                irq23
                0x00000000c000057b                memcpy
 .text          0x00000000c0000580      0x5dd acpica/utclib.32
                0x00000000c0000580                memcmp
                0x00000000c00005bc                memmove
                0x00000000c0000684                memset
                0x00000000c00006a0                strlen
                0x00000000c00006b8                strpbrk
                0x00000000c00006f4                strtok
                0x00000000c0000740                strcpy
                0x00000000c0000764                strncpy
                0x00000000c00007cc                strcmp
                0x00000000c000080c                strchr
                0x00000000c0000830                strncmp
                0x00000000c0000880                strcat
                0x00000000c00008b0                strncat
                0x00000000c00008ec                strstr
                0x00000000c0000934                toupper
                0x00000000c0000948                tolower
                0x00000000c000095c                simple_strtoul
 .text          0x00000000c0000b5d      0xfad core/malloc.32
                0x00000000c0000cc8                dlfree
                0x00000000c0001023                dlmalloc
                0x00000000c0001560                dlrealloc
                0x00000000c0001703                dlmemalign
                0x00000000c0001826                dlcalloc
                0x00000000c00018c0                dlcfree
                0x00000000c00018c5                dlindependent_calloc
                0x00000000c00018ea                dlindependent_comalloc
                0x00000000c0001901                dlvalloc
                0x00000000c000192c                dlpvalloc
                0x00000000c0001962                dlmalloc_trim
                0x00000000c000196f                dlmalloc_usable_size
                0x00000000c00019a0                dlmallinfo
                0x00000000c0001a6f                dlmalloc_stats
                0x00000000c0001a80                dlmallopt
 .text          0x00000000c0001b0a        0x0 libk/string.32
 .text          0x00000000c0001b0a       0x51 fs/fat/diskio.32
                0x00000000c0001b0a                disk_status
                0x00000000c0001b0d                disk_initialize
                0x00000000c0001b10                disk_read
                0x00000000c0001b26                disk_write
                0x00000000c0001b3c                disk_ioctl
 .text          0x00000000c0001b5b     0x6a69 fs/fat/ff.32
                0x00000000c0004e29                f_mount
                0x00000000c0004e8b                f_open
                0x00000000c00052c7                f_read
                0x00000000c0005547                f_write
                0x00000000c0005801                f_sync
                0x00000000c00059dd                f_close
                0x00000000c0005a0c                f_lseek
                0x00000000c0005ec3                f_opendir
                0x00000000c0005fc5                f_closedir
                0x00000000c0005fe7                f_readdir
                0x00000000c0006082                f_stat
                0x00000000c0006111                f_getfree
                0x00000000c00062dc                f_truncate
                0x00000000c00063d4                f_unlink
                0x00000000c0006557                f_mkdir
                0x00000000c0006783                f_rename
                0x00000000c0006a76                f_chmod
                0x00000000c0006b54                f_utime
                0x00000000c0006c32                f_getlabel
                0x00000000c0006e20                f_setlabel
                0x00000000c000708d                f_expand
                0x00000000c00072c3                f_forward
                0x00000000c00074a1                f_mkfs
 .text          0x00000000c00085c4       0x2f fs/fat/ffsystem.32
                0x00000000c00085c4                ff_memalloc
                0x00000000c00085dc                ff_memfree
 *fill*         0x00000000c00085f3        0x1 
 .text          0x00000000c00085f4      0x274 fs/fat/ffunicode.32
                0x00000000c00085f4                ff_uni2oem
                0x00000000c000868c                ff_oem2uni
                0x00000000c0008700                ff_wtoupper
 .text          0x00000000c0008868       0xa7 compat/inlines.32
                0x00000000c0008868                CPU::current()
                0x00000000c0008874                operator new(unsigned long)
                0x00000000c0008879                operator delete(void*)
                0x00000000c000887e                disableIRQs()
                0x00000000c0008886                enableIRQs()
                0x00000000c0008895                lockScheduler()
                0x00000000c000889d                unlockScheduler()
                0x00000000c00088ac                lockStuff()
                0x00000000c00088ba                unlockStuff()
                0x00000000c00088f4                Virt::getAKernelVAS()
                0x00000000c00088fa                __not_memcpy
 *fill*         0x00000000c000890f        0x1 
 .text          0x00000000c0008910      0x118 compat/resolve.32
                0x00000000c0008910                Krnl::resolveCompatibilitySymbol(char*)
 .text          0x00000000c0008a28      0x7f7 core/computer.32
                0x00000000c0008a28                Computer::close(int, int, void*)
                0x00000000c0008a6c                Krnl::firstTask()
                0x00000000c0008bba                Computer::Computer()
                0x00000000c0008bba                Computer::Computer()
                0x00000000c0008d16                Computer::setBootMessage(char const*)
                0x00000000c0008d18                Computer::detectFeatures()
                0x00000000c0008f22                Computer::displayFeatures()
                0x00000000c0008f24                Computer::rdmsr(unsigned int)
                0x00000000c0008f50                Computer::wrmsr(unsigned int, unsigned long long)
                0x00000000c0008f88                Computer::nmiEnabled()
                0x00000000c0008f94                Computer::readCMOS(unsigned char)
                0x00000000c0008fae                Computer::enableNMI(bool)
                0x00000000c0008fc6                Computer::open(int, int, void*)
                0x00000000c0009162                Computer::disableNMI()
                0x00000000c0009170                Computer::writeCMOS(unsigned char, unsigned char)
                0x00000000c000918e                Computer::handleNMI()
                0x00000000c00091f4                Computer::setDiskActivityLight(int, bool)
 *fill*         0x00000000c000921f        0x1 
 .text          0x00000000c0009220      0x19d core/gdt.32
                0x00000000c0009220                GDTEntry::setBase(unsigned int)
                0x00000000c000923c                GDTEntry::setLimit(unsigned int)
                0x00000000c000925a                GDT::GDT()
                0x00000000c000925a                GDT::GDT()
                0x00000000c0009270                GDT::addEntry(GDTEntry)
                0x00000000c0009292                GDT::getNumberOfEntries()
                0x00000000c000929a                GDT::flush()
                0x00000000c00092bc                GDT::setup()
 .text          0x00000000c00093bd       0x6b core/idle.32
                0x00000000c00093bd                idleFunction(void*)
 .text          0x00000000c0009428      0x464 core/idt.32
                0x00000000c0009428                IDTEntry::IDTEntry(bool)
                0x00000000c0009428                IDTEntry::IDTEntry(bool)
                0x00000000c000949a                IDTEntry::setOffset(unsigned int)
                0x00000000c00094b0                IDT::IDT()
                0x00000000c00094b0                IDT::IDT()
                0x00000000c00094b2                IDT::getPointerToInvalidOpcodeEntryForF00F()
                0x00000000c00094ba                IDT::addEntry(IDTEntry, int)
                0x00000000c00094d4                IDT::addEntry(int, void (*)(), bool)
                0x00000000c000950c                IDT::flush()
                0x00000000c0009526                IDT::setup()
 .text          0x00000000c000988c      0x191 core/kheap.32
                0x00000000c000988c                sbrk
                0x00000000c000992f                mmap
                0x00000000c0009945                munmap
                0x00000000c000995b                liballoc_lock()
                0x00000000c0009968                liballoc_unlock()
                0x00000000c000997c                liballoc_alloc(int)
                0x00000000c0009994                liballoc_free(void*, int)
                0x00000000c00099af                realloc
                0x00000000c00099c3                malloc
                0x00000000c00099d3                free
                0x00000000c00099e3                rfree
                0x00000000c00099f3                calloc
 .text          0x00000000c0009a1d      0x1b6 core/main.32
                0x00000000c0009a1d                Krnl::setBootMessage(char const*)
                0x00000000c0009a89                kernel_main
 .text          0x00000000c0009bd3      0x67b core/physmgr.32
                0x00000000c0009bd3                Phys::allocateDMA(unsigned long)
                0x00000000c0009ce2                Phys::freeDMA(unsigned long, unsigned long)
                0x00000000c0009d28                Phys::setPageState(unsigned long, bool)
                0x00000000c0009d5a                Phys::getPageState(unsigned long)
                0x00000000c0009d76                Phys::freePage(unsigned long)
                0x00000000c0009df9                Phys::allocatePage()
                0x00000000c0009ee4                Phys::allocateContiguousPages(int)
                0x00000000c0009f40                Phys::allowSegmentToBeUsed(unsigned long, unsigned long)
                0x00000000c0009f78                Phys::physicalMemorySetup(unsigned int)
 .text          0x00000000c000a24e      0x273 core/pipe.32
                0x00000000c000a24e                Pipe::isAtty()
                0x00000000c000a252                Pipe::~Pipe()
                0x00000000c000a252                Pipe::~Pipe()
                0x00000000c000a276                Pipe::~Pipe()
                0x00000000c000a29e                Pipe::read(unsigned long long, void*, int*)
                0x00000000c000a39a                Pipe::write(unsigned long long, void*, int*)
                0x00000000c000a45a                Pipe::Pipe(int)
                0x00000000c000a45a                Pipe::Pipe(int)
 *fill*         0x00000000c000a4c1        0x1 
 .text          0x00000000c000a4c2      0xb93 core/terminal.32
                0x00000000c000a4c2                VgaText::isAtty()
                0x00000000c000a4c6                VgaText::~VgaText()
                0x00000000c000a4c6                VgaText::~VgaText()
                0x00000000c000a4ea                VgaText::~VgaText()
                0x00000000c000a514                VgaText::read(unsigned long long, void*, int*)
                0x00000000c000a534                setTerminalScrollLock(bool)
                0x00000000c000a535                addToTerminalCycle(VgaText*)
                0x00000000c000a556                installVgaTextImplementation()
                0x00000000c000a56b                scrollTerminalScrollLock(int)
                0x00000000c000a56c                VgaText::updateTitle()
                0x00000000c000a5aa                VgaText::load()
                0x00000000c000a5f8                VgaText::updateCursor()
                0x00000000c000a60e                VgaText::doANSI_SGR(int)
                0x00000000c000a682                VgaText::setDefaultBgColour(VgaColour)
                0x00000000c000a692                VgaText::setDefaultFgColour(VgaColour)
                0x00000000c000a6a2                VgaText::setDefaultColours(VgaColour, VgaColour)
                0x00000000c000a6c2                VgaText::setTitleTextColour(VgaColour)
                0x00000000c000a6d2                VgaText::setTitleColour(VgaColour)
                0x00000000c000a6e2                VgaText::setTitle(char*)
                0x00000000c000a708                VgaText::combineColours(unsigned char, unsigned char)
                0x00000000c000a71a                VgaText::scrollScreen()
                0x00000000c000a7ae                VgaText::combineCharAndColour(char, unsigned char)
                0x00000000c000a7c0                VgaText::writeCharacter(char, VgaColour, VgaColour, int, int)
                0x00000000c000a81c                VgaText::getCursorX()
                0x00000000c000a824                VgaText::getCursorY()
                0x00000000c000a82c                VgaText::setCursor(int, int)
                0x00000000c000a843                setActiveTerminal(VgaText*)
                0x00000000c000a8a5                doTerminalCycle()
                0x00000000c000a8c0                VgaText::setCursorX(int)
                0x00000000c000a8d8                VgaText::setCursorY(int)
                0x00000000c000a8f0                VgaText::incrementCursor(bool)
                0x00000000c000a944                VgaText::decrementCursor(bool)
                0x00000000c000a966                VgaText::putchar(char, VgaColour, VgaColour)
                0x00000000c000aa3e                VgaText::doUpdate()
                0x00000000c000aa4c                VgaText::puts(char const*, VgaColour, VgaColour)
                0x00000000c000abc4                VgaText::clearScreen()
                0x00000000c000ac1e                VgaText::putchar(char)
                0x00000000c000ad0a                VgaText::putx(unsigned int)
                0x00000000c000ad50                VgaText::puts(char const*)
                0x00000000c000ad76                VgaText::VgaText(char const*)
                0x00000000c000ad76                VgaText::VgaText(char const*)
                0x00000000c000aef4                VgaText::receiveKey(unsigned char)
                0x00000000c000afdc                VgaText::write(unsigned long long, void*, int*)
                0x00000000c000b030                newTerminal(char*)
 *fill*         0x00000000c000b055        0x3 
 .text          0x00000000c000b058      0x1a1 core/tss.32
                0x00000000c000b058                TSS::TSS()
                0x00000000c000b058                TSS::TSS()
                0x00000000c000b068                TSS::setESP(unsigned long)
                0x00000000c000b07c                TSS::flush()
                0x00000000c000b09c                TSS::setup(unsigned long, unsigned long)
 *fill*         0x00000000c000b1f9        0x1 
 .text          0x00000000c000b1fa      0x4c2 core/unixfile.32
                0x00000000c000b1fa                ReservedFilename::read(unsigned long long, void*, int*)
                0x00000000c000b250                ReservedFilename::isAtty()
                0x00000000c000b26c                ReservedFilename::write(unsigned long long, void*, int*)
                0x00000000c000b2ca                UnixFile::getFileDescriptor()
                0x00000000c000b2d2                UnixFile::UnixFile(int)
                0x00000000c000b2d2                UnixFile::UnixFile(int)
                0x00000000c000b482                ReservedFilename::ReservedFilename(int)
                0x00000000c000b482                ReservedFilename::ReservedFilename(int)
                0x00000000c000b4b4                UnixFile::~UnixFile()
                0x00000000c000b4b4                UnixFile::~UnixFile()
                0x00000000c000b54c                UnixFile::~UnixFile()
                0x00000000c000b574                ReservedFilename::~ReservedFilename()
                0x00000000c000b574                ReservedFilename::~ReservedFilename()
                0x00000000c000b598                ReservedFilename::~ReservedFilename()
                0x00000000c000b5bf                getFromFileDescriptor(int)
 .text          0x00000000c000b6bc     0x12c4 core/virtmgr.32
                0x00000000c000b6bc                Virt::setPageState(unsigned long, Virt::VirtPageState)
                0x00000000c000b6f1                Virt::getPageState(unsigned long)
                0x00000000c000b715                Virt::allocateKernelVirtualPages(int)
                0x00000000c000b826                Virt::freeSwapfilePage(unsigned long)
                0x00000000c000b844                Virt::swapIDToSector(unsigned long)
                0x00000000c000b856                Virt::allocateSwapfilePage()
                0x00000000c000b8d4                Virt::virtualMemorySetup()
                0x00000000c000b91f                Virt::setupPageSwapping(int)
                0x00000000c000b990                VAS::VAS()
                0x00000000c000b990                VAS::VAS()
                0x00000000c000b9cc                VAS::VAS(VAS*)
                0x00000000c000b9cc                VAS::VAS(VAS*)
                0x00000000c000b9fa                VAS::getForeignPageTableEntry(bool, unsigned long)
                0x00000000c000ba26                VAS::getPageTableEntry(unsigned long)
                0x00000000c000ba45                Virt::freeKernelVirtualPages(unsigned long)
                0x00000000c000bb68                VAS::freeAllocatedPages(unsigned long)
                0x00000000c000bb8c                VAS::virtualToPhysical(unsigned long)
                0x00000000c000bba4                VAS::reflagRange(unsigned long, int, int, int)
                0x00000000c000bbe4                VAS::setToWriteCombining(unsigned long, int)
                0x00000000c000bc16                VAS::mapOtherVASIn(bool, VAS*)
                0x00000000c000bc40                VAS::~VAS()
                0x00000000c000bc40                VAS::~VAS()
                0x00000000c000bdbc                VAS::mapPage(unsigned long, unsigned long, int)
                0x00000000c000bebe                VAS::allocatePages(int, int)
                0x00000000c000c096                VAS::setCPUSpecific(unsigned long)
                0x00000000c000c0b2                VAS::mapRange(unsigned long, unsigned long, int, int)
                0x00000000c000c178                VAS::mapForeignPage(bool, VAS*, unsigned long, unsigned long, int)
                0x00000000c000c266                VAS::VAS(bool)
                0x00000000c000c266                VAS::VAS(bool)
                0x00000000c000c4e6                VAS::evict(unsigned long)
                0x00000000c000c5ee                VAS::tryLoadBackOffDisk(unsigned long)
                0x00000000c000c776                VAS::scanForEviction()
                0x00000000c000c854                mapVASFirstTime
 .text          0x00000000c000c980       0x95 coreobjs/c++.32
                0x00000000c000c980                __cxa_atexit
                0x00000000c000c983                __cxa_finalize
                0x00000000c000c984                __stack_chk_fail
                0x00000000c000c9f0                __cxa_pure_virtual
                0x00000000c000ca01                operator new[](unsigned long)
                0x00000000c000ca06                operator delete(void*, unsigned long)
                0x00000000c000ca0b                operator delete[](void*)
                0x00000000c000ca10                operator delete[](void*, unsigned long)
 .text          0x00000000c000ca15      0x1fc dbg/kconsole.32
                0x00000000c000ca15                Dbg::stringifyxWithBase(unsigned int, char*, int)
                0x00000000c000ca6e                Dbg::logc(char)
                0x00000000c000ca8e                Dbg::logs(char*)
                0x00000000c000caab                Dbg::logWriteInt(unsigned int)
                0x00000000c000cac8                Dbg::logWriteIntBase(unsigned int, int)
                0x00000000c000cae7                Dbg::kprintf(char const*, ...)
 *fill*         0x00000000c000cc11        0x1 
 .text          0x00000000c000cc12      0xb82 fs/vfs.32
                0x00000000c000cc12                File::read(unsigned long long, void*, int*)
                0x00000000c000cc6a                File::write(unsigned long long, void*, int*)
                0x00000000c000ccc2                Directory::read(unsigned long long, void*, int*)
                0x00000000c000cd1a                Directory::write(unsigned long long, void*, int*)
                0x00000000c000cd48                File::isAtty()
                0x00000000c000cd4c                Directory::isAtty()
                0x00000000c000cd50                Filesystem::getlabel(LogicalDisk*, int, char*, unsigned int*)
                0x00000000c000cd56                Filesystem::setlabel(LogicalDisk*, int, char*)
                0x00000000c000cd5c                Filesystem::allocateSwapfile(char const*, int)
                0x00000000c000cd62                File::~File()
                0x00000000c000cd62                File::~File()
                0x00000000c000cd86                File::~File()
                0x00000000c000cdb0                Directory::~Directory()
                0x00000000c000cdb0                Directory::~Directory()
                0x00000000c000cdd4                Directory::~Directory()
                0x00000000c000cdfe                Filesystem::Filesystem()
                0x00000000c000cdfe                Filesystem::Filesystem()
                0x00000000c000ce22                Filesystem::~Filesystem()
                0x00000000c000ce22                Filesystem::~Filesystem()
                0x00000000c000ce30                Filesystem::~Filesystem()
                0x00000000c000ce54                Fs::getcwd(Process*, char*, int)
                0x00000000c000ce7e                Fs::initVFS()
                0x00000000c000cea8                Fs::standardiseFiles(char*, char const*, char const*)
                0x00000000c000d052                File::File(char const*, Process*)
                0x00000000c000d052                File::File(char const*, Process*)
                0x00000000c000d0b6                File::open(FileOpenMode)
                0x00000000c000d114                File::close()
                0x00000000c000d174                File::seek(unsigned long long)
                0x00000000c000d1ca                File::tell(unsigned long long*)
                0x00000000c000d21a                File::rewind()
                0x00000000c000d22e                File::unlink()
                0x00000000c000d27a                File::rename(char const*)
                0x00000000c000d2c8                File::chfatattr(unsigned char, unsigned char)
                0x00000000c000d324                File::exists()
                0x00000000c000d362                File::stat(unsigned long long*, bool*)
                0x00000000c000d3c3                Fs::setcwd(Process*, char*)
                0x00000000c000d4fe                Directory::Directory(char const*, Process*)
                0x00000000c000d4fe                Directory::Directory(char const*, Process*)
                0x00000000c000d562                Directory::open()
                0x00000000c000d5be                Directory::close()
                0x00000000c000d61e                Directory::unlink()
                0x00000000c000d66a                Directory::rename(char const*)
                0x00000000c000d6b8                Directory::exists()
                0x00000000c000d6f6                Directory::read(dirent*)
                0x00000000c000d742                Directory::create()
                0x00000000c000d78e                Filesystem::chfatattr(char const*, unsigned char, unsigned char)
 .text          0x00000000c000d794       0x86 hal/bus.32
                0x00000000c000d794                Bus::Bus(char const*)
                0x00000000c000d794                Bus::Bus(char const*)
                0x00000000c000d7cc                Bus::~Bus()
                0x00000000c000d7cc                Bus::~Bus()
                0x00000000c000d7f0                Bus::~Bus()
 *fill*         0x00000000c000d81a        0x2 
 .text          0x00000000c000d81c      0x153 hal/buzzer.32
                0x00000000c000d81c                Buzzer::Buzzer(char const*)
                0x00000000c000d81c                Buzzer::Buzzer(char const*)
                0x00000000c000d860                Buzzer::~Buzzer()
                0x00000000c000d860                Buzzer::~Buzzer()
                0x00000000c000d884                Buzzer::~Buzzer()
                0x00000000c000d8ae                Buzzer::stop()
                0x00000000c000d8c1                beepThread(void*)
                0x00000000c000d902                Buzzer::beep(int, int, bool)
 *fill*         0x00000000c000d96f        0x1 
 .text          0x00000000c000d970      0x467 hal/clock.32
                0x00000000c000d970                User::loadClockSettings(int)
                0x00000000c000d9c2                Clock::Clock(char const*)
                0x00000000c000d9c2                Clock::Clock(char const*)
                0x00000000c000d9f8                Clock::~Clock()
                0x00000000c000d9f8                Clock::~Clock()
                0x00000000c000da1c                Clock::~Clock()
                0x00000000c000da46                Clock::timeInSecondsLocal()
                0x00000000c000da8e                Clock::setTimeInSecondsLocal(unsigned long long)
                0x00000000c000dae7                datetimeToSeconds(datetime_t)
                0x00000000c000dc0e                Clock::setTimeInDatetimeLocal(datetime_t)
                0x00000000c000dc6e                secondsToDatetime(unsigned long long)
                0x00000000c000ddb2                Clock::timeInDatetimeLocal()
 *fill*         0x00000000c000ddd7        0x1 
 .text          0x00000000c000ddd8      0x504 hal/device.32
                0x00000000c000ddd8                Device::hibernate()
                0x00000000c000ddda                Device::wake()
                0x00000000c000dddc                Device::detect()
                0x00000000c000ddde                Device::disableLegacy()
                0x00000000c000dde0                Device::powerSaving(PowerSavingLevel)
                0x00000000c000dde2                DriverlessDevice::close(int, int, void*)
                0x00000000c000dde6                DriverlessDevice::detect()
                0x00000000c000dde8                DriverlessDevice::open(int, int, void*)
                0x00000000c000ddfc                Device::~Device()
                0x00000000c000ddfc                Device::~Device()
                0x00000000c000de0a                Device::~Device()
                0x00000000c000de32                Device::findAndLoadDriver()
                0x00000000c000de40                Device::preOpenPCI(PCIDeviceInfo)
                0x00000000c000de66                Device::preOpenACPI(void*, char*, char*)
                0x00000000c000dea6                Device::addIRQHandler(int, void (*)(regs*, void*), bool, void*)
                0x00000000c000dee4                Device::getParent()
                0x00000000c000def0                Device::removeIRQHandler(int, void (*)(regs*, void*), bool)
                0x00000000c000df2e                Device::addChild(Device*)
                0x00000000c000df72                Device::removeAllChildren()
                0x00000000c000dfb8                Device::hibernateAll()
                0x00000000c000dfe8                Device::wakeAll()
                0x00000000c000e018                Device::detectAll()
                0x00000000c000e048                Device::disableLegacyAll()
                0x00000000c000e078                Device::loadDriversForAll()
                0x00000000c000e0b8                Device::closeAll()
                0x00000000c000e0ee                Device::powerSavingAll(PowerSavingLevel)
                0x00000000c000e124                Device::setName(char const*)
                0x00000000c000e132                Device::Device(char const*)
                0x00000000c000e132                Device::Device(char const*)
                0x00000000c000e22e                Device::getName()
                0x00000000c000e238                DriverlessDevice::DriverlessDevice(char const*)
                0x00000000c000e238                DriverlessDevice::DriverlessDevice(char const*)
                0x00000000c000e26e                Device::addToLinkedList(LinkedList<Device>&, DeviceType)
                0x00000000c000e2b2                getDevicesOfType(DeviceType)
 .text          0x00000000c000e2dc       0x86 hal/diskctrl.32
                0x00000000c000e2dc                HardDiskController::HardDiskController(char const*)
                0x00000000c000e2dc                HardDiskController::HardDiskController(char const*)
                0x00000000c000e314                HardDiskController::~HardDiskController()
                0x00000000c000e314                HardDiskController::~HardDiskController()
                0x00000000c000e338                HardDiskController::~HardDiskController()
 .text          0x00000000c000e362       0xe2 hal/diskphys.32
                0x00000000c000e362                PhysicalDisk::eject()
                0x00000000c000e366                PhysicalDisk::PhysicalDisk(char const*, int)
                0x00000000c000e366                PhysicalDisk::PhysicalDisk(char const*, int)
                0x00000000c000e3ce                PhysicalDisk::startCache()
                0x00000000c000e3f6                PhysicalDisk::~PhysicalDisk()
                0x00000000c000e3f6                PhysicalDisk::~PhysicalDisk()
                0x00000000c000e41a                PhysicalDisk::~PhysicalDisk()
 .text          0x00000000c000e444      0x147 hal/fpu.32
                0x00000000c000e444                FPU::FPU(char const*)
                0x00000000c000e444                FPU::FPU(char const*)
                0x00000000c000e47c                FPU::~FPU()
                0x00000000c000e47c                FPU::~FPU()
                0x00000000c000e4a0                FPU::~FPU()
                0x00000000c000e4ca                setupFPU()
 *fill*         0x00000000c000e58b        0x1 
 .text          0x00000000c000e58c     0x11e1 hal/intctrl.32
                0x00000000c000e58c                InterruptController::uninstallISRHandler(int, void (*)(regs*, void*))
                0x00000000c000e5c4                InterruptController::installISRHandler(int, void (*)(regs*, void*), void*)
                0x00000000c000e616                doubleFault(regs*, void*)
                0x00000000c000e630                InterruptController::installIRQHandler(int, void (*)(regs*, void*), bool, void*)
                0x00000000c000e6cc                InterruptController::clearAllHandlers(int, bool)
                0x00000000c000e774                InterruptController::uninstallIRQHandler(int, void (*)(regs*, void*), bool)
                0x00000000c000e7fb                nmiHandler(regs*, void*)
                0x00000000c000e809                int_handler
                0x00000000c000e8aa                InterruptController::InterruptController(char const*)
                0x00000000c000e8aa                InterruptController::InterruptController(char const*)
                0x00000000c000e950                InterruptController::~InterruptController()
                0x00000000c000e950                InterruptController::~InterruptController()
                0x00000000c000e974                InterruptController::~InterruptController()
                0x00000000c000e99e                displayDebugInfo(regs*)
                0x00000000c000ee2d                x87EmulHandler(regs*, void*)
                0x00000000c000eea0                gpFault(regs*, void*)
                0x00000000c000eed9                pgFault(regs*, void*)
                0x00000000c000ef28                otherISRHandler(regs*, void*)
                0x00000000c000ef47                opcodeFault(regs*, void*)
                0x00000000c000f30a                displayProgramFault(char const*)
                0x00000000c000f332                setupInterruptController()
                0x00000000c000f720                InterruptController::convertLegacyIRQNumber(int)
 *fill*         0x00000000c000f76d        0x1 
 .text          0x00000000c000f76e      0x784 hal/keybrd.32
                0x00000000c000f76e                startGUI(void*)
                0x00000000c000f7da                startGUIVESA(void*)
                0x00000000c000f846                sendKeyToTerminal(unsigned char)
                0x00000000c000f904                sendKeyboardToken(KeyboardToken)
                0x00000000c000fd41                clearInternalKeybuffer(VgaText*)
                0x00000000c000fd76                readKeyboard(VgaText*, char*, unsigned long)
                0x00000000c000fe68                Keyboard::Keyboard(char const*)
                0x00000000c000fe68                Keyboard::Keyboard(char const*)
                0x00000000c000fea4                Keyboard::~Keyboard()
                0x00000000c000fea4                Keyboard::~Keyboard()
                0x00000000c000fec8                Keyboard::~Keyboard()
 .text          0x00000000c000fef2      0x3ea hal/logidisk.32
                0x00000000c000fef2                LogicalDisk::close(int, int, void*)
                0x00000000c000fef6                LogicalDisk::~LogicalDisk()
                0x00000000c000fef6                LogicalDisk::~LogicalDisk()
                0x00000000c000ff1a                LogicalDisk::~LogicalDisk()
                0x00000000c000ff44                LogicalDisk::open(int, int, void*)
                0x00000000c000ff58                LogicalDisk::absoluteToRelative(unsigned long long)
                0x00000000c000ff90                LogicalDisk::relativeToAbsolute(unsigned long long)
                0x00000000c000ffd6                LogicalDisk::LogicalDisk(char const*, PhysicalDisk*, unsigned long long, unsigned long long)
                0x00000000c000ffd6                LogicalDisk::LogicalDisk(char const*, PhysicalDisk*, unsigned long long, unsigned long long)
                0x00000000c001008c                LogicalDisk::assignDriveLetter()
                0x00000000c0010142                LogicalDisk::mount()
                0x00000000c001018a                LogicalDisk::unmount()
                0x00000000c001019a                LogicalDisk::eject()
                0x00000000c00101ae                LogicalDisk::unassignDriveLetter()
                0x00000000c0010204                LogicalDisk::read(unsigned long long, int, void*)
                0x00000000c0010270                LogicalDisk::write(unsigned long long, int, void*)
 .text          0x00000000c00102dc       0x86 hal/mouse.32
                0x00000000c00102dc                Mouse::Mouse(char const*)
                0x00000000c00102dc                Mouse::Mouse(char const*)
                0x00000000c0010314                Mouse::~Mouse()
                0x00000000c0010314                Mouse::~Mouse()
                0x00000000c0010338                Mouse::~Mouse()
 .text          0x00000000c0010362      0x339 hal/partition.32
                0x00000000c0010362                makePartition(PhysicalDisk*, unsigned long long, unsigned long long)
                0x00000000c001040a                createPartitionsForDisk(PhysicalDisk*)
 *fill*         0x00000000c001069b        0x1 
 .text          0x00000000c001069c       0x86 hal/serial.32
                0x00000000c001069c                Serial::Serial(char const*)
                0x00000000c001069c                Serial::Serial(char const*)
                0x00000000c00106d4                Serial::~Serial()
                0x00000000c00106d4                Serial::~Serial()
                0x00000000c00106f8                Serial::~Serial()
 *fill*         0x00000000c0010722        0x2 
 .text          0x00000000c0010724      0x2f2 hal/timer.32
                0x00000000c0010724                Timer::Timer(char const*)
                0x00000000c0010724                Timer::Timer(char const*)
                0x00000000c001075c                Timer::~Timer()
                0x00000000c001075c                Timer::~Timer()
                0x00000000c0010780                Timer::~Timer()
                0x00000000c00107aa                Timer::read()
                0x00000000c00107b5                timerHandler(unsigned int)
                0x00000000c001091c                setupTimer(int)
 *fill*         0x00000000c0010a16        0x2 
 .text          0x00000000c0010a18      0x4af hal/vcache.32
                0x00000000c0010a18                VCache::VCache(PhysicalDisk*)
                0x00000000c0010a18                VCache::VCache(PhysicalDisk*)
                0x00000000c0010b80                VCache::invalidateReadBuffer()
                0x00000000c0010b90                VCache::writeWriteBuffer()
                0x00000000c0010bdc                VCache::~VCache()
                0x00000000c0010bdc                VCache::~VCache()
                0x00000000c0010c30                VCache::~VCache()
                0x00000000c0010c58                VCache::write(unsigned long long, int, void*)
                0x00000000c0010d9c                VCache::read(unsigned long long, int, void*)
 *fill*         0x00000000c0010ec7        0x1 
 .text          0x00000000c0010ec8      0x4b3 hal/video.32
                0x00000000c0010ec8                Video::putrect(int, int, int, int, unsigned int)
                0x00000000c0010f14                Video::bitblit(int, int, int, int, int, int, int, unsigned int*)
                0x00000000c0010f84                Video::blit(unsigned int*, int, int, int, int)
                0x00000000c0011002                Video::clearScreen(unsigned int)
                0x00000000c0011036                Video::putpixel(int, int, unsigned int)
                0x00000000c0011044                Video::Video(char const*)
                0x00000000c0011044                Video::Video(char const*)
                0x00000000c001107a                Video::~Video()
                0x00000000c001107a                Video::~Video()
                0x00000000c001109e                Video::~Video()
                0x00000000c00110c8                Video::isMonochrome()
                0x00000000c00110d4                Video::getWidth()
                0x00000000c00110e0                Video::getHeight()
                0x00000000c00110ec                Video::drawCursor(int, int, unsigned char*, int)
                0x00000000c00111a8                Video::tgaParse(unsigned char*, int, int*, int*)
                0x00000000c0011310                Video::putTGA(int, int, unsigned char*, int)
 *fill*         0x00000000c001137b        0x1 
 .text          0x00000000c001137c     0x141b hw/acpi.32
                0x00000000c001137c                ACPI::close(int, int, void*)
                0x00000000c0011430                findRSDP()
                0x00000000c0011504                loadACPITables(unsigned char*)
                0x00000000c0011768                findRSDT(unsigned char*)
                0x00000000c0011928                findDataTable(unsigned char*, char*)
                0x00000000c00119a0                scanMADT()
                0x00000000c0011e7c                ACPI::ACPI()
                0x00000000c0011e7c                ACPI::ACPI()
                0x00000000c0011ee0                ACPI::getPCIIRQAssignment(unsigned char, unsigned short, unsigned char)
                0x00000000c0011fc8                ACPI::registerPCIIRQAssignment(void*, unsigned short, unsigned char, unsigned char)
                0x00000000c0012090                ACPI::setScreenBrightnessLevel(void*, int)
                0x00000000c0012098                ACPI::detectPCI()
                0x00000000c00122b0                ACPI::writeSimpleBootFlag(SimpleBootFlagTable*)
                0x00000000c00122f8                ACPI::sleep()
                0x00000000c0012314                ACPI::open(int, int, void*)
 *fill*         0x00000000c0012797        0x1 
 .text          0x00000000c0012798     0x1525 hw/cpu.32
                0x00000000c0012798                CPU::close(int, int, void*)
                0x00000000c001279c                CPU::lookupAMDName(unsigned char, unsigned char)
                0x00000000c0012930                CPU::lookupIntelName(unsigned char, unsigned char)
                0x00000000c0012bde                CPU::AMD_K6_write_msr(unsigned int, unsigned int, unsigned int, CPU::REGS*)
                0x00000000c0012bfa                CPU::AMD_K6_read_msr(unsigned int, CPU::REGS*)
                0x00000000c0012c12                CPU::AMD_K6_writeback(int, int, int)
                0x00000000c0012c86                CPU::cpuid(int, unsigned long*, unsigned long*, unsigned long*, unsigned long*)
                0x00000000c0012d0a                CPU::cpuidCheckEDX(unsigned int)
                0x00000000c0012d38                CPU::cpuidCheckECX(unsigned int)
                0x00000000c0012d66                CPU::cpuidCheckExtendedEBX(unsigned int)
                0x00000000c0012d94                CPU::cpuidCheckExtendedECX(unsigned int)
                0x00000000c0012dc2                CPU::CPU()
                0x00000000c0012dc2                CPU::CPU()
                0x00000000c0012e50                CPU::displayFeatures()
                0x00000000c0012e52                CPU::detectFeatures()
                0x00000000c0013844                CPU::setupSMEP()
                0x00000000c0013850                CPU::setupUMIP()
                0x00000000c001385a                CPU::setupTSC()
                0x00000000c0013864                CPU::setupLargePages()
                0x00000000c001386e                CPU::setupPAT()
                0x00000000c00138aa                CPU::setupMTRR()
                0x00000000c00138ac                CPU::setupGlobalPages()
                0x00000000c00138b6                CPU::allowUsermodeDataAccess()
                0x00000000c00138c8                CPU::prohibitUsermodeDataAccess()
                0x00000000c00138da                CPU::setupSMAP()
                0x00000000c00138e8                CPU::setupFeatures()
                0x00000000c0013968                CPU::open(int, int, void*)
                0x00000000c0013ac2                CPU::decodeAddress(regs*, int*, bool*, unsigned char*)
 .text          0x00000000c0013cbd        0x0 hw/ports.32
 .text          0x00000000c0013cbd      0x16a hw/smp.32
                0x00000000c0013cbd                Krnl::smpEntry()
                0x00000000c0013cbf                Krnl::startCPU(int)
                0x00000000c0013e08                Krnl::startCPUs()
 *fill*         0x00000000c0013e27        0x1 
 .text          0x00000000c0013e28      0x581 krnl/env.32
                0x00000000c0013e28                EnvVarContainer::getEnv(char const*)
                0x00000000c0013e66                EnvVarContainer::setEnv(char const*, char const*)
                0x00000000c0013f28                EnvVarContainer::deleteEnv(char const*)
                0x00000000c0013f2a                EnvVarContainer::loadFrom(char const*, char const*)
                0x00000000c0014110                EnvVarContainer::__loadSystem()
                0x00000000c001412a                EnvVarContainer::__loadUser()
                0x00000000c001412c                EnvVarContainer::EnvVarContainer(Process*)
                0x00000000c001412c                EnvVarContainer::EnvVarContainer(Process*)
                0x00000000c001414e                EnvVarContainer::~EnvVarContainer()
                0x00000000c001414e                EnvVarContainer::~EnvVarContainer()
                0x00000000c001417e                Krnl::getEnv(Process*, char const*)
                0x00000000c00141e3                Krnl::setEnvSystem(char const*, char const*)
                0x00000000c00141fd                Krnl::setEnvUser(char const*, char const*)
                0x00000000c001421c                Krnl::setEnvProcess(Process*, char const*, char const*)
                0x00000000c001422f                Krnl::deleteEnvSystem(char const*)
                0x00000000c0014230                Krnl::deleteEnvUser(char const*)
                0x00000000c0014231                Krnl::deleteEnvProcess(Process*, char const*)
                0x00000000c0014232                Krnl::newProcessEnv(Process*)
                0x00000000c0014254                Krnl::copyProcessEnv(Process*, Process*)
                0x00000000c00142a0                Krnl::loadSystemEnv()
                0x00000000c00142ce                Krnl::loadUserEnv()
                0x00000000c00142f4                Krnl::flushEnv()
                0x00000000c00142f5                Krnl::getProcessTotalEnvCount(Process*)
                0x00000000c0014315                Krnl::getProcessEnvPair(Process*, int)
 .text          0x00000000c00143a9      0x39c krnl/panic.32
                0x00000000c00143a9                Krnl::panic(char const*)
 *fill*         0x00000000c0014745        0x3 
 .text          0x00000000c0014748      0x5a0 net/ethernet.32
                0x00000000c0014748                Net::switchEndian16(unsigned short)
                0x00000000c001476c                Net::switchEndian32(unsigned int)
                0x00000000c001479c                Net::crc32Calc(unsigned char*, int)
                0x00000000c0014840                Net::wrapEthernetFrame(Net::UnwrappedEthernetFrame, unsigned char*)
                0x00000000c0014a5c                Net::unwrapEthernetFrame(unsigned char*, int)
 .text          0x00000000c0014ce8      0x50e reg/registry.32
                0x00000000c0014ce8                Reg::findLineFromLoadedData(char*, char*, char*)
                0x00000000c0014e40                Reg::getLineFromRegistry(char*, char*, char*, char*)
                0x00000000c0014f95                Reg::getLine(char*, char*, char*)
                0x00000000c0014fcc                Reg::readInt(char*, char*, int*)
                0x00000000c00150b7                Reg::readString(char*, char*, char*, int)
                0x00000000c0015138                Reg::readBool(char*, char*, bool*)
                0x00000000c001515d                Reg::readBoolWithDefault(char*, char*, bool)
                0x00000000c0015189                Reg::readIntWithDefault(char*, char*, int)
                0x00000000c00151b5                Reg::readStringWithDefault(char*, char*, char*, int, char*)
 .text          0x00000000c00151f6       0x36 sys/sc_eject.32
                0x00000000c00151f6                Sys::eject(regs*)
 .text          0x00000000c001522c       0x18 sys/sc_exit.32
                0x00000000c001522c                Sys::exit(regs*)
 .text          0x00000000c0015244       0x1f sys/sc_getcwd.32
                0x00000000c0015244                Sys::getCwd(regs*)
 .text          0x00000000c0015263        0xc sys/sc_getpid.32
                0x00000000c0015263                Sys::getPID(regs*)
 .text          0x00000000c001526f       0x1a sys/sc_getramdata.32
                0x00000000c001526f                Sys::getRAMData(regs*)
 .text          0x00000000c0015289       0x84 sys/sc_getvgaptr.32
                0x00000000c0015289                Sys::getVGAPtr(regs*)
 .text          0x00000000c001530d       0xa8 sys/sc_loaddll.32
                0x00000000c001530d                Sys::loadDLL(regs*)
 .text          0x00000000c00153b5       0x68 sys/sc_read.32
                0x00000000c00153b5                Sys::read(regs*)
 .text          0x00000000c001541d       0x55 sys/sc_sbrk.32
                0x00000000c001541d                Sys::sbrk(regs*)
 .text          0x00000000c0015472       0x1c sys/sc_setcwd.32
                0x00000000c0015472                Sys::setCwd(regs*)
 .text          0x00000000c001548e       0x95 sys/sc_settime.32
                0x00000000c001548e                Sys::setTime(regs*)
 .text          0x00000000c0015523       0x4a sys/sc_timezone.32
                0x00000000c0015523                Sys::timezone(regs*)
 .text          0x00000000c001556d       0x68 sys/sc_write.32
                0x00000000c001556d                Sys::write(regs*)
 .text          0x00000000c00155d5       0x62 sys/sc_wsbe.32
                0x00000000c00155d5                Sys::wsbe(regs*)
 .text          0x00000000c0015637       0x38 sys/sc_yield.32
                0x00000000c0015637                Sys::yield(regs*)
 .text          0x00000000c001566f      0xf8e sys/syscalls.32
                0x00000000c001566f                sysCallSeekDir(regs*)
                0x00000000c0015674                sysCallTellDir(regs*)
                0x00000000c0015679                sysCallVerify(regs*)
                0x00000000c0015683                sysCallGetArgc(regs*)
                0x00000000c0015693                sysFormatDisk(regs*)
                0x00000000c00156fd                sysSetDiskVolumeLabel(regs*)
                0x00000000c0015747                sysGetDiskVolumeLabel(regs*)
                0x00000000c001579c                sysShutdown(regs*)
                0x00000000c00157fa                sysCallRealpath(regs*)
                0x00000000c001583d                sysCallReadDir(regs*)
                0x00000000c00158bc                sysCallIsATTY(regs*)
                0x00000000c0015916                sysCallSeek(regs*)
                0x00000000c001596d                sysCallTell(regs*)
                0x00000000c00159d9                sysCallSize(regs*)
                0x00000000c0015a4b                sysCallSizeFromFilename(regs*)
                0x00000000c0015afa                sysCallClose(regs*)
                0x00000000c0015b5a                sysCallOpenDir(regs*)
                0x00000000c0015bcf                sysCallCloseDir(regs*)
                0x00000000c0015c23                sysCallMakeDir(regs*)
                0x00000000c0015c93                sysCallWait(regs*)
                0x00000000c0015cad                sysCallNotImpl(regs*)
                0x00000000c0015cc8                sysPanic(regs*)
                0x00000000c0015ce2                sysCallRmdir(regs*)
                0x00000000c0015d46                sysCallUnlink(regs*)
                0x00000000c0015daa                sysCallGetArgv(regs*)
                0x00000000c0015df6                sysCallTTYName(regs*)
                0x00000000c0015e79                sysCallUSleep(regs*)
                0x00000000c0015ea2                sysCallSpawn(regs*)
                0x00000000c0015f0a                sysCallGetEnv(regs*)
                0x00000000c0015fb7                sysAppSettings(regs*)
                0x00000000c00160cb                sysSetFatAttrib(regs*)
                0x00000000c001613d                sysPipe(regs*)
                0x00000000c0016182                sysGetUnixTime(regs*)
                0x00000000c0016196                string_ends_with(char const*, char const*)
                0x00000000c00161de                sysCallOpen(regs*)
                0x00000000c00163c6                Sys::loadSyscalls()
                0x00000000c00165bb                Sys::systemCall(regs*, void*)
 .text          0x00000000c00165fd     0x1203 thr/elf.32
                0x00000000c00165fd                Thr::allocateMemoryForTask(Process*, File*, unsigned long, unsigned long, unsigned long)
                0x00000000c00168a7                Thr::loadProgramIntoMemory(Process*, char const*)
                0x00000000c0016abd                Thr::runtimeReferenceHelper()
                0x00000000c0016ad0                Thr::getAddressOfKernelSymbol(char const*)
                0x00000000c0016b1f                Thr::loadKernelSymbolTable(char const*)
                0x00000000c0016ddd                Thr::loadDriverIntoMemory(char const*, unsigned long, bool)
                0x00000000c0017513                Thr::getDriverBaseFromAddress(unsigned long)
                0x00000000c0017545                Thr::getDriverNameFromAddress(unsigned long)
                0x00000000c001757c                Thr::getDriverOffsetFromAddress(unsigned long)
                0x00000000c0017596                Thr::loadDLL(char const*, bool)
                0x00000000c00177c7                Thr::executeDLL(unsigned long, void*)
 .text          0x00000000c0017800     0x12a9 thr/prcssthr.32
                0x00000000c0017800                userModeEntryPoint(void*)
                0x00000000c0017828                changeTSS
                0x00000000c0017858                switchToThread(ThreadControlBlock*)
                0x00000000c001790c                Process::addArgs(char**)
                0x00000000c001796c                Process::Process(char const*, Process*, char**)
                0x00000000c001796c                Process::Process(char const*, Process*, char**)
                0x00000000c0017b58                Process::Process(bool, char const*, Process*, char**)
                0x00000000c0017b58                Process::Process(bool, char const*, Process*, char**)
                0x00000000c0017d10                taskStartupFunction
                0x00000000c0017d1c                Semaphore::Semaphore(int)
                0x00000000c0017d1c                Semaphore::Semaphore(int)
                0x00000000c0017d4c                Mutex::Mutex()
                0x00000000c0017d4c                Mutex::Mutex()
                0x00000000c0017d60                Process::createThread(void (*)(void*), void*, int)
                0x00000000c0017e58                Process::createUserThread()
                0x00000000c0017e74                setupMultitasking(void (*)())
                0x00000000c0017f7c                schedule()
                0x00000000c0018008                Semaphore::tryAcquire()
                0x00000000c00180d4                Semaphore::assertLocked(char const*)
                0x00000000c001814c                blockTaskWithSchedulerLockAlreadyHeld(TaskState)
                0x00000000c0018174                blockTask(TaskState)
                0x00000000c00181a4                waitTask(int, int*, int)
                0x00000000c00181e8                milliTenthSleepUntil(unsigned int)
                0x00000000c0018274                milliTenthSleep(unsigned int)
                0x00000000c0018284                sleep(unsigned int)
                0x00000000c00182a0                Semaphore::acquire()
                0x00000000c001835c                taskReturned
                0x00000000c0018398                Thr::processFromPID(int)
                0x00000000c0018438                unblockTask(ThreadControlBlock*)
                0x00000000c00184dc                cleanupTerminatedTask(ThreadControlBlock*)
                0x00000000c00187a4                cleanerTaskFunction(void*)
                0x00000000c0018894                terminateTask(int)
                0x00000000c0018960                Thr::terminateFromIRQ(int)
                0x00000000c001896c                Semaphore::release()
 .text          0x00000000c0018aa9      0xada vm86/vm8086.32
                0x00000000c0018aa9                Vm::inbv(unsigned short)
                0x00000000c0018abc                Vm::outbv(unsigned short, unsigned char)
                0x00000000c0018af2                Vm::realToLinear(unsigned short, unsigned short)
                0x00000000c0018b02                Vm::getSegment(unsigned int)
                0x00000000c0018b0a                Vm::getOffset(unsigned int)
                0x00000000c0018b0f                Vm::mainloop2()
                0x00000000c0018b49                Vm::mainVm8086Loop(void*)
                0x00000000c0018b59                Vm::mainloop3(unsigned long)
                0x00000000c0018b7f                Vm::initialise8086()
                0x00000000c0018bc2                Vm::finish8086()
                0x00000000c0018c23                Vm::getOutput8086(unsigned char*)
                0x00000000c0018c48                Vm::start8086(char const*, unsigned short, unsigned short, unsigned short, unsigned short)
                0x00000000c0018db0                Vm::doISR(regs*, int, unsigned char*, unsigned short, unsigned short)
                0x00000000c0018e3a                Vm::readByteFromReal(unsigned short, unsigned short)
                0x00000000c0018e4b                Vm::readWordFromReal(unsigned short, unsigned short)
                0x00000000c0018e5d                Vm::readDwordFromReal(unsigned short, unsigned short)
                0x00000000c0018e6e                Vm::writeByteFromReal(unsigned short, unsigned short, unsigned char)
                0x00000000c0018e83                Vm::writeWordFromReal(unsigned short, unsigned short, unsigned short)
                0x00000000c0018e99                Vm::writeDwordFromReal(unsigned short, unsigned short, unsigned int)
                0x00000000c0018eae                Vm::faultHandler(regs*)
 *fill*         0x00000000c0019583        0x1 
 .text          0x00000000c0019584      0xfcd vm86/x87em.32
                0x00000000c0019584                Vm::fpuInternalTo32(unsigned long long)
                0x00000000c00195e2                Vm::fpuInternalTo64(unsigned long long)
                0x00000000c00195eb                Vm::fpu32ToInternal(unsigned int)
                0x00000000c0019630                Vm::fpu64ToInternal(unsigned long long)
                0x00000000c0019639                Vm::fpuFloatToLong(unsigned long long)
                0x00000000c0019698                Vm::fpuULongToFloat(unsigned long long)
                0x00000000c00196d4                Vm::fpuLongToFloat(long long)
                0x00000000c0019733                Vm::fpuGet0()
                0x00000000c0019738                Vm::fpuGet1()
                0x00000000c0019740                Vm::fpuGetPi()
                0x00000000c0019748                Vm::fpuGetLog2E()
                0x00000000c0019760                Vm::fpuGetLogE2()
                0x00000000c0019778                Vm::fpuGetLog210()
                0x00000000c0019790                Vm::fpuGetLog102()
                0x00000000c00197a8                Vm::fpuIsSecondLarger(unsigned long long, unsigned long long)
                0x00000000c00197bc                Vm::fpuAreEqual(unsigned long long, unsigned long long)
                0x00000000c00197d2                Vm::fpuUnorderedCompare(unsigned long long, unsigned long long)
                0x00000000c0019828                Vm::fpuAdd(unsigned long long, unsigned long long)
                0x00000000c0019839                Vm::fpuAbs(unsigned long long)
                0x00000000c0019842                Vm::fpuChs(unsigned long long)
                0x00000000c0019852                Vm::fpuSub(unsigned long long, unsigned long long)
                0x00000000c0019861                Vm::fpuMultiply(unsigned long long, unsigned long long)
                0x00000000c0019880                Vm::fpuDivide(unsigned long long, unsigned long long)
                0x00000000c001989c                Vm::fpuSquare(unsigned long long)
                0x00000000c00198b2                Vm::fpuGetReg(int)
                0x00000000c00198f5                Vm::fpuSetReg(int, unsigned long long)
                0x00000000c0019941                Vm::fpuPush(unsigned long long)
                0x00000000c001999f                Vm::fpuPop()
                0x00000000c00199f2                Vm::x87Handler(regs*)
 *fill*         0x00000000c001a551        0x3 
 .text          0x00000000c001a554     0x13b7 fs/fat/vfslink.32
                0x00000000c001a554                FAT::getName()
                0x00000000c001a55c                FAT::tell(void*, unsigned long long*)
                0x00000000c001a598                FAT::stat(void*, unsigned long long*)
                0x00000000c001a5d4                FAT::~FAT()
                0x00000000c001a5d4                FAT::~FAT()
                0x00000000c001a5f8                FAT::~FAT()
                0x00000000c001a620                FAT::getlabel(LogicalDisk*, int, char*, unsigned int*)
                0x00000000c001a6c4                FAT::setlabel(LogicalDisk*, int, char*)
                0x00000000c001a788                FAT::format(LogicalDisk*, int, char const*, int)
                0x00000000c001a95c                FAT::tryMount(LogicalDisk*, int)
                0x00000000c001ab74                FAT::allocateSwapfile(char const*, int)
                0x00000000c001ad30                FAT::readDir(void*, unsigned long, void*, int*)
                0x00000000c001ae9c                FAT::read(void*, unsigned long, void*, int*)
                0x00000000c001aefc                FAT::write(void*, unsigned long, void*, int*)
                0x00000000c001af5c                FAT::close(void*)
                0x00000000c001afb0                FAT::closeDir(void*)
                0x00000000c001b004                FAT::seek(void*, unsigned long long)
                0x00000000c001b060                fatWrapperReadDisk
                0x00000000c001b0a8                fatWrapperWriteDisk
                0x00000000c001b0f0                fatWrapperIoctl
                0x00000000c001b200                FAT::FAT()
                0x00000000c001b200                FAT::FAT()
                0x00000000c001b254                FAT::fixFilepath(char*)
                0x00000000c001b290                FAT::open(char const*, void**, FileOpenMode)
                0x00000000c001b3c4                FAT::openDir(char const*, void**)
                0x00000000c001b474                FAT::stat(char const*, unsigned long long*, bool*)
                0x00000000c001b568                FAT::unlink(char const*)
                0x00000000c001b5e8                FAT::chfatattr(char const*, unsigned char, unsigned char)
                0x00000000c001b750                FAT::rename(char const*, char const*)
                0x00000000c001b81c                FAT::mkdir(char const*)
                0x00000000c001b89c                FAT::exists(char const*)
 *fill*         0x00000000c001b90b        0x1 
 .text          0x00000000c001b90c      0xb75 fs/iso9660/vfslink.32
                0x00000000c001b90c                ISO9660::format(LogicalDisk*, int, char const*, int)
                0x00000000c001b912                ISO9660::seek(void*, unsigned long long)
                0x00000000c001b942                ISO9660::tell(void*, unsigned long long*)
                0x00000000c001b966                ISO9660::getName()
                0x00000000c001b96c                ISO9660::stat(void*, unsigned long long*)
                0x00000000c001b990                ISO9660::chfatattr(char const*, unsigned char, unsigned char)
                0x00000000c001b996                ISO9660::unlink(char const*)
                0x00000000c001b99c                ISO9660::write(void*, unsigned long, void*, int*)
                0x00000000c001b9a2                ISO9660::rename(char const*, char const*)
                0x00000000c001b9a8                ISO9660::mkdir(char const*)
                0x00000000c001b9ae                ISO9660::close(void*)
                0x00000000c001b9d0                ISO9660::closeDir(void*)
                0x00000000c001b9f2                ISO9660::~ISO9660()
                0x00000000c001b9f2                ISO9660::~ISO9660()
                0x00000000c001ba16                ISO9660::~ISO9660()
                0x00000000c001ba3d                __memmem(unsigned char*, int, unsigned char*, int)
                0x00000000c001ba7f                readSectorFromCDROM(unsigned int, unsigned char*, char)
                0x00000000c001bada                ISO9660::tryMount(LogicalDisk*, int)
                0x00000000c001bb2a                ISO9660::read(void*, unsigned long, void*, int*)
                0x00000000c001bd2e                ISO9660::readDir(void*, unsigned long, void*, int*)
                0x00000000c001bfa8                readRoot(unsigned int*, unsigned int*, char)
                0x00000000c001bffc                readRecursively(char*, unsigned int, unsigned int, unsigned int*, unsigned int*, char, int*)
                0x00000000c001c1cf                getFileData(char*, unsigned int*, unsigned int*, char, int*)
                0x00000000c001c25e                ISO9660::open(char const*, void**, FileOpenMode)
                0x00000000c001c30c                ISO9660::exists(char const*)
                0x00000000c001c330                ISO9660::stat(char const*, unsigned long long*, bool*)
                0x00000000c001c3c4                ISO9660::openDir(char const*, void**)
                0x00000000c001c45e                ISO9660::ISO9660()
                0x00000000c001c45e                ISO9660::ISO9660()
 *fill*         0x00000000c001c481        0x1 
 .text          0x00000000c001c482      0x2f0 hal/sound/sndcard.32
                0x00000000c001c482                SoundCard::beginPlayback()
                0x00000000c001c490                SoundCard::stopPlayback()
                0x00000000c001c49e                SoundCard::SoundCard(char const*)
                0x00000000c001c49e                SoundCard::SoundCard(char const*)
                0x00000000c001c53c                SoundCard::~SoundCard()
                0x00000000c001c53c                SoundCard::~SoundCard()
                0x00000000c001c560                SoundCard::~SoundCard()
                0x00000000c001c58a                SoundCard::configureRates(int, int, int)
                0x00000000c001c5ba                SoundCard::getSamples16(int, short*)
                0x00000000c001c67c                SoundCard::getSamples32(int, int*)
                0x00000000c001c702                SoundCard::addChannel(SoundPort*)
                0x00000000c001c75e                SoundCard::removeChannel(int)
 *fill*         0x00000000c001c772        0x2 
 .text          0x00000000c001c774      0x3fb hal/sound/sndport.32
                0x00000000c001c774                SoundPort::SoundPort(int, int, int, int)
                0x00000000c001c774                SoundPort::SoundPort(int, int, int, int)
                0x00000000c001c800                SoundPort::~SoundPort()
                0x00000000c001c800                SoundPort::~SoundPort()
                0x00000000c001c834                SoundPort::unpause()
                0x00000000c001c840                SoundPort::pause()
                0x00000000c001c84c                SoundPort::getBufferUsed()
                0x00000000c001c854                SoundPort::getBufferSize()
                0x00000000c001c85c                SoundPort::buffer16(short*, int)
                0x00000000c001c910                SoundPort::buffer32(int*, int)
                0x00000000c001c9bc                SoundPort::unbufferAndAdd16(int, short*, SoundCard*)
                0x00000000c001cab8                SoundPort::unbufferAndAdd32(int, int*, SoundCard*)
 .text          0x00000000c001cb6f        0x0 hw/bus/isa.32
 *fill*         0x00000000c001cb6f        0x1 
 .text          0x00000000c001cb70      0xb87 hw/bus/pci.32
                0x00000000c001cb70                PCI::open(int, int, void*)
                0x00000000c001cb8e                PCI::close(int, int, void*)
                0x00000000c001cb92                PCI::PCI()
                0x00000000c001cb92                PCI::PCI()
                0x00000000c001cc28                PCI::readBAR8(unsigned int, int)
                0x00000000c001cc44                PCI::readBAR16(unsigned int, int)
                0x00000000c001cc62                PCI::readBAR32(unsigned int, int)
                0x00000000c001cc7e                PCI::writeBAR8(unsigned int, unsigned char, int)
                0x00000000c001cc9e                PCI::writeBAR16(unsigned int, unsigned short, int)
                0x00000000c001ccc0                PCI::writeBAR32(unsigned int, unsigned int, int)
                0x00000000c001cce0                PCI::legacyMechanism(unsigned char, unsigned char, unsigned char, unsigned char)
                0x00000000c001cd4e                PCI::pciReadWord(unsigned char, unsigned char, unsigned char, unsigned char)
                0x00000000c001cdf6                PCI::getVendorID(unsigned char, unsigned char, unsigned char)
                0x00000000c001ce1a                PCI::getHeaderType(unsigned char, unsigned char, unsigned char)
                0x00000000c001ce42                PCI::getClassCode(unsigned char, unsigned char, unsigned char)
                0x00000000c001ce8c                PCI::getProgIF(unsigned char, unsigned char, unsigned char)
                0x00000000c001ceb4                PCI::getRevisionID(unsigned char, unsigned char, unsigned char)
                0x00000000c001ced8                PCI::getInterruptNumber(unsigned char, unsigned char, unsigned char)
                0x00000000c001cefc                PCI::getSecondaryBus(unsigned char, unsigned char, unsigned char)
                0x00000000c001cf24                PCI::getBARAddress(unsigned char, unsigned char, unsigned char, unsigned char)
                0x00000000c001cf88                PCI::pciWriteWord(unsigned char, unsigned char, unsigned char, unsigned char, unsigned short)
                0x00000000c001d070                PCI::pciDetailsToFilepath(PCIDeviceInfo, char*)
                0x00000000c001d2ea                PCI::checkBus(unsigned char)
                0x00000000c001d30e                PCI::foundDevice(PCIDeviceInfo)
                0x00000000c001d480                PCI::getDeviceData(unsigned char, unsigned char, unsigned char)
                0x00000000c001d638                PCI::checkDevice(unsigned char, unsigned char)
                0x00000000c001d6a4                PCI::detect()
 *fill*         0x00000000c001d6f7        0x1 
 .text          0x00000000c001d6f8      0xb4a hw/diskctrl/ide.32
                0x00000000c001d6f8                IDE::close(int, int, void*)
                0x00000000c001d6fc                IDE::IDE()
                0x00000000c001d6fc                IDE::IDE()
                0x00000000c001d730                IDE::prepareInterrupt(unsigned char)
                0x00000000c001d742                selectDrive(unsigned char, unsigned char)
                0x00000000c001d744                IDE::getBase(unsigned char)
                0x00000000c001d756                IDE::write(unsigned char, unsigned char, unsigned char)
                0x00000000c001d816                IDE::read(unsigned char, unsigned char)
                0x00000000c001d8c4                IDE::waitInterrupt(unsigned char)
                0x00000000c001d926                ideChannel0IRQHandler(regs*, void*)
                0x00000000c001d942                ideChannel1IRQHandler(regs*, void*)
                0x00000000c001d95e                IDE::enableIRQs(unsigned char, bool)
                0x00000000c001d9a4                IDE::open(int, int, void*)
                0x00000000c001ddb2                IDE::readBuffer(unsigned char, unsigned char, unsigned int, unsigned int)
                0x00000000c001de7e                IDE::detect()
                0x00000000c001e13e                IDE::printError(unsigned char, unsigned char, unsigned char)
                0x00000000c001e1ee                IDE::polling(unsigned char, unsigned int)
 .text          0x00000000c001e242      0x336 hw/diskctrl/satabus.32
                0x00000000c001e242                SATABus::close(int, int, void*)
                0x00000000c001e246                SATABus::detect()
                0x00000000c001e248                SATABus::SATABus()
                0x00000000c001e248                SATABus::SATABus()
                0x00000000c001e2ce                SATABus::findCmdslot(SATABus::tagHBA_PORT volatile*)
                0x00000000c001e316                SATABus::checkType(SATABus::tagHBA_PORT volatile*)
                0x00000000c001e35e                SATABus::startCmd(SATABus::tagHBA_PORT volatile*)
                0x00000000c001e37e                SATABus::stopCmd(SATABus::tagHBA_PORT volatile*)
                0x00000000c001e3a8                SATABus::portRebase(SATABus::tagHBA_PORT volatile*, int)
                0x00000000c001e4ae                SATABus::probePort(SATABus::tagHBA_MEM volatile*)
                0x00000000c001e558                SATABus::open(int, int, void*)
 .text          0x00000000c001e578      0x684 hw/diskphys/ata.32
                0x00000000c001e578                ATA::close(int, int, void*)
                0x00000000c001e59c                ATA::powerSaving(PowerSavingLevel)
                0x00000000c001e59e                ATA::ATA()
                0x00000000c001e59e                ATA::ATA()
                0x00000000c001e5cc                ATA::flush(bool)
                0x00000000c001e616                ATA::readyForCommand()
                0x00000000c001e662                ATA::access(unsigned long long, int, void*, bool)
                0x00000000c001ea58                ATA::read(unsigned long long, int, void*)
                0x00000000c001eaa4                ATA::write(unsigned long long, int, void*)
                0x00000000c001eb06                ATA::detectCHS()
                0x00000000c001eb30                ATA::open(int, int, void*)
 .text          0x00000000c001ebfc      0x5b9 hw/diskphys/atapi.32
                0x00000000c001ebfc                ATAPI::write(unsigned long long, int, void*)
                0x00000000c001ec02                ATAPI::close(int, int, void*)
                0x00000000c001ec26                ATAPI::ATAPI()
                0x00000000c001ec26                ATAPI::ATAPI()
                0x00000000c001ec54                ATAPI::readyForCommand()
                0x00000000c001eca0                ATAPI::sendPacket(unsigned char*, int, bool, unsigned short*, int)
                0x00000000c001ef60                ATAPI::diskRemoved()
                0x00000000c001ef7c                ATAPI::eject()
                0x00000000c001efc4                ATAPI::diskInserted()
                0x00000000c001eff2                ATAPI::detectMedia()
                0x00000000c001f0ae                ATAPI::open(int, int, void*)
                0x00000000c001f136                ATAPI::read(unsigned long long, int, void*)
 *fill*         0x00000000c001f1b5        0x1 
 .text          0x00000000c001f1b6      0x41c hw/diskphys/sata.32
                0x00000000c001f1b6                SATA::close(int, int, void*)
                0x00000000c001f1da                SATA::powerSaving(PowerSavingLevel)
                0x00000000c001f1dc                SATA::open(int, int, void*)
                0x00000000c001f286                SATA::SATA()
                0x00000000c001f286                SATA::SATA()
                0x00000000c001f2b4                SATA::access(unsigned long long, int, void*, bool)
                0x00000000c001f51a                SATA::read(unsigned long long, int, void*)
                0x00000000c001f566                SATA::write(unsigned long long, int, void*)
 .text          0x00000000c001f5d2      0x4fe hw/diskphys/satapi.32
                0x00000000c001f5d2                SATAPI::write(unsigned long long, int, void*)
                0x00000000c001f5d8                SATAPI::close(int, int, void*)
                0x00000000c001f5fc                SATAPI::SATAPI()
                0x00000000c001f5fc                SATAPI::SATAPI()
                0x00000000c001f62a                SATAPI::diskRemoved()
                0x00000000c001f646                SATAPI::diskInserted()
                0x00000000c001f674                SATAPI::sendPacket(unsigned char*, int, unsigned long long, unsigned short*, int)
                0x00000000c001f87c                SATAPI::eject()
                0x00000000c001f8c4                SATAPI::detectMedia()
                0x00000000c001f986                SATAPI::open(int, int, void*)
                0x00000000c001fa2e                SATAPI::read(unsigned long long, int, void*)
 .text          0x00000000c001fad0       0x94 hw/fpu/avx.32
                0x00000000c001fad0                AVX::open(int, int, void*)
                0x00000000c001fae4                AVX::close(int, int, void*)
                0x00000000c001faf8                AVX::available()
                0x00000000c001fb0c                AVX::save(void*)
                0x00000000c001fb24                AVX::load(void*)
                0x00000000c001fb3c                AVX::AVX()
                0x00000000c001fb3c                AVX::AVX()
 .text          0x00000000c001fb64       0x94 hw/fpu/mmx.32
                0x00000000c001fb64                MMX::available()
                0x00000000c001fb78                MMX::open(int, int, void*)
                0x00000000c001fb8c                MMX::close(int, int, void*)
                0x00000000c001fba0                MMX::save(void*)
                0x00000000c001fbb8                MMX::load(void*)
                0x00000000c001fbd0                MMX::MMX()
                0x00000000c001fbd0                MMX::MMX()
 .text          0x00000000c001fbf8       0x9c hw/fpu/sse.32
                0x00000000c001fbf8                SSE::open(int, int, void*)
                0x00000000c001fc0c                SSE::close(int, int, void*)
                0x00000000c001fc20                SSE::available()
                0x00000000c001fc3c                SSE::save(void*)
                0x00000000c001fc54                SSE::load(void*)
                0x00000000c001fc6c                SSE::SSE()
                0x00000000c001fc6c                SSE::SSE()
 .text          0x00000000c001fc94       0x94 hw/fpu/x87.32
                0x00000000c001fc94                x87::open(int, int, void*)
                0x00000000c001fca8                x87::close(int, int, void*)
                0x00000000c001fcbc                x87::available()
                0x00000000c001fcd0                x87::save(void*)
                0x00000000c001fce8                x87::load(void*)
                0x00000000c001fd00                x87::x87()
                0x00000000c001fd00                x87::x87()
 .text          0x00000000c001fd28      0x71e hw/intctrl/apic.32
                0x00000000c001fd28                APIC::disable()
                0x00000000c001fd2a                APIC::close(int, int, void*)
                0x00000000c001fd4c                IOAPIC::close(int, int, void*)
                0x00000000c001fd52                APIC::io_wait()
                0x00000000c001fd58                APIC::getBase()
                0x00000000c001fd9a                APIC::eoi(unsigned char)
                0x00000000c001fdc8                APIC::open(int, int, void*)
                0x00000000c001ff16                IOAPIC::IOAPIC()
                0x00000000c001ff16                IOAPIC::IOAPIC()
                0x00000000c001ff3e                APIC::APIC()
                0x00000000c001ff3e                APIC::APIC()
                0x00000000c002001a                IOAPIC::handlesGSIWithNumber(unsigned int)
                0x00000000c002004c                IOAPIC::read(int)
                0x00000000c0020074                IOAPIC::open(int, int, void*)
                0x00000000c002016a                IOAPIC::write(int, int)
                0x00000000c0020196                IOAPIC::redirect(unsigned char, unsigned long long, unsigned char, bool, bool)
                0x00000000c0020290                APIC::installIRQHandler(int, void (*)(regs*, void*), bool, void*)
 .text          0x00000000c0020446      0x3d3 hw/intctrl/pic.32
                0x00000000c0020446                PIC::disable()
                0x00000000c0020474                PIC::close(int, int, void*)
                0x00000000c0020496                PIC::PIC()
                0x00000000c0020496                PIC::PIC()
                0x00000000c002056c                PIC::ioWait()
                0x00000000c0020572                PIC::getIRQReg(int)
                0x00000000c00205dc                PIC::eoi(unsigned char)
                0x00000000c002066e                PIC::remap()
                0x00000000c00207da                PIC::open(int, int, void*)
 *fill*         0x00000000c0020819        0x3 
 .text          0x00000000c002081c      0x240 hw/timer/apictimer.32
                0x00000000c002081c                APICTimer::close(int, int, void*)
                0x00000000c0020824                apicTimerHandler(regs*, void*)
                0x00000000c002084c                APICTimer::write(int)
                0x00000000c0020934                APICTimer::open(int, int, void*)
                0x00000000c0020a34                APICTimer::APICTimer()
                0x00000000c0020a34                APICTimer::APICTimer()
 .text          0x00000000c0020a5c      0x1a3 hw/timer/pit.32
                0x00000000c0020a5c                PIT::write(int)
                0x00000000c0020adc                pitHandler(regs*, void*)
                0x00000000c0020b00                PIT::open(int, int, void*)
                0x00000000c0020b50                PIT::close(int, int, void*)
                0x00000000c0020b80                PIT::PIT()
                0x00000000c0020b80                PIT::PIT()
 *fill*         0x00000000c0020bff        0x1 
 .text          0x00000000c0020c00       0x1e hw/fpu/x86/avx.32
                0x00000000c0020c00                avxDetect
                0x00000000c0020c06                avxSave
                0x00000000c0020c07                avxLoad
                0x00000000c0020c08                avxInit
                0x00000000c0020c09                avxClose
                0x00000000c0020c0a                wouldSheSayYes
 *fill*         0x00000000c0020c1e        0x2 
 .text          0x00000000c0020c20       0x35 hw/fpu/x86/sse.32
                0x00000000c0020c20                absolutelyNoChanceInHell
                0x00000000c0020c20                sseDetect
                0x00000000c0020c38                sseSave
                0x00000000c0020c3e                sseLoad
                0x00000000c0020c44                sseInit
                0x00000000c0020c54                sseClose
 *fill*         0x00000000c0020c55        0xb 
 .text          0x00000000c0020c60       0x4d hw/fpu/x86/x87.32
                0x00000000c0020c66                x87Detect
                0x00000000c0020c81                x87Save
                0x00000000c0020c8a                x87Load
                0x00000000c0020c92                x87Init
                0x00000000c0020cac                x87Close
 *fill*         0x00000000c0020cad        0x3 
 .text          0x00000000c0020cb0       0x25 /cygdrive/d/Users/Alex/Desktop/Toolchain/Output/bin/../lib/gcc/i386-banana/8.1.0/crtend.o
 .text          0x00000000c0020cd5        0x0 crtn.32
 *fill*         0x00000000c0020cd5        0x3 
 .text          0x00000000c0020cd8      0x14b /cygdrive/d/Users/Alex/Desktop/Toolchain/Output/bin/../lib/gcc/i386-banana/8.1.0/libkgcc.a(_divdi3.o)
                0x00000000c0020cd8                __divdi3
 *fill*         0x00000000c0020e23        0x1 
 .text          0x00000000c0020e24      0x17e /cygdrive/d/Users/Alex/Desktop/Toolchain/Output/bin/../lib/gcc/i386-banana/8.1.0/libkgcc.a(_moddi3.o)
                0x00000000c0020e24                __moddi3
 *fill*         0x00000000c0020fa2        0x2 
 .text          0x00000000c0020fa4       0xff /cygdrive/d/Users/Alex/Desktop/Toolchain/Output/bin/../lib/gcc/i386-banana/8.1.0/libkgcc.a(_udivdi3.o)
                0x00000000c0020fa4                __udivdi3
 *fill*         0x00000000c00210a3        0x1 
 .text          0x00000000c00210a4      0x11a /cygdrive/d/Users/Alex/Desktop/Toolchain/Output/bin/../lib/gcc/i386-banana/8.1.0/libkgcc.a(_umoddi3.o)
                0x00000000c00210a4                __umoddi3
 *(.gnu.linkonce.t*)

.iplt           0x00000000c00211c0        0x0
 .iplt          0x00000000c00211c0        0x0 D:/Users/Alex/Desktop/Banana/kernel/boot.32

.init           0x00000000c00211be        0xf
 .init          0x00000000c00211be        0x3 crti.32
                0x00000000c00211be                _init
 .init          0x00000000c00211c1        0x5 /cygdrive/d/Users/Alex/Desktop/Toolchain/Output/bin/../lib/gcc/i386-banana/8.1.0/crtbegin.o
 .init          0x00000000c00211c6        0x5 /cygdrive/d/Users/Alex/Desktop/Toolchain/Output/bin/../lib/gcc/i386-banana/8.1.0/crtend.o
 .init          0x00000000c00211cb        0x2 crtn.32

.fini           0x00000000c00211cd        0xa
 .fini          0x00000000c00211cd        0x3 crti.32
                0x00000000c00211cd                _fini
 .fini          0x00000000c00211d0        0x5 /cygdrive/d/Users/Alex/Desktop/Toolchain/Output/bin/../lib/gcc/i386-banana/8.1.0/crtbegin.o
 .fini          0x00000000c00211d5        0x2 crtn.32

.text._ZN8ComputerD2Ev
                0x00000000c00211d8       0x23
 .text._ZN8ComputerD2Ev
                0x00000000c00211d8       0x23 core/computer.32
                0x00000000c00211d8                Computer::~Computer()
                0x00000000c00211d8                Computer::~Computer()

.text._ZN8ComputerD0Ev
                0x00000000c00211fc       0x2a
 .text._ZN8ComputerD0Ev
                0x00000000c00211fc       0x2a core/computer.32
                0x00000000c00211fc                Computer::~Computer()

.text._Z10idleCommonv
                0x00000000c0021226       0x21
 .text._Z10idleCommonv
                0x00000000c0021226       0x21 core/idle.32
                0x00000000c0021226                idleCommon()

.text._ZN10LinkedListI8UnixFileED2Ev
                0x00000000c0021248        0x2
 .text._ZN10LinkedListI8UnixFileED2Ev
                0x00000000c0021248        0x2 core/unixfile.32
                0x00000000c0021248                LinkedList<UnixFile>::~LinkedList()
                0x00000000c0021248                LinkedList<UnixFile>::~LinkedList()

.text._ZN10LinkedListI8UnixFileEC2Ev
                0x00000000c002124a       0x42
 .text._ZN10LinkedListI8UnixFileEC2Ev
                0x00000000c002124a       0x42 core/unixfile.32
                0x00000000c002124a                LinkedList<UnixFile>::LinkedList()
                0x00000000c002124a                LinkedList<UnixFile>::LinkedList()

.text._ZN10LinkedListI8UnixFileE10addElementEPS0_
                0x00000000c002128c       0xd3
 .text._ZN10LinkedListI8UnixFileE10addElementEPS0_
                0x00000000c002128c       0xd3 core/unixfile.32
                0x00000000c002128c                LinkedList<UnixFile>::addElement(UnixFile*)

.text._ZN10LinkedListI8UnixFileE15getFirstElementEv
                0x00000000c0021360        0x7
 .text._ZN10LinkedListI8UnixFileE15getFirstElementEv
                0x00000000c0021360        0x7 core/unixfile.32
                0x00000000c0021360                LinkedList<UnixFile>::getFirstElement()

.text._ZN10LinkedListI8UnixFileE11removeFirstEv
                0x00000000c0021368       0xa1