Archive member included to satisfy reference by file (symbol)

/cygdrive/d/Users/Alex/Desktop/Toolchain/Output/bin/../lib/gcc/i386-banana/8.1.0/libgcc.a(_divdi3.o)
                              fs/fat/ff.32 (__divdi3)
/cygdrive/d/Users/Alex/Desktop/Toolchain/Output/bin/../lib/gcc/i386-banana/8.1.0/libgcc.a(_moddi3.o)
                              core/elf.32 (__moddi3)
/cygdrive/d/Users/Alex/Desktop/Toolchain/Output/bin/../lib/gcc/i386-banana/8.1.0/libgcc.a(_divmoddi4.o)
                              acpica/osl.32 (__divmoddi4)
/cygdrive/d/Users/Alex/Desktop/Toolchain/Output/bin/../lib/gcc/i386-banana/8.1.0/libgcc.a(_udivdi3.o)
                              acpica/utmath.32 (__udivdi3)
/cygdrive/d/Users/Alex/Desktop/Toolchain/Output/bin/../lib/gcc/i386-banana/8.1.0/libgcc.a(_umoddi3.o)
                              acpica/utmath.32 (__umoddi3)
D:/Users/Alex/Desktop/Banana/kernel/libk/libm32.a(s_fabs.c.o)
                              hal/libresample/samplerate.32 (fabs)
D:/Users/Alex/Desktop/Banana/kernel/libk/libm32.a(s_lrint.S.o)
                              hal/libresample/samplerate.32 (lrint)
D:/Users/Alex/Desktop/Banana/kernel/libk/libm32.a(s_lrintf.S.o)
                              hal/sound/sndhw.32 (lrintf)

Allocating common symbols
Common symbol       size              file

AcpiGbl_StateCache  0x4               acpica/utglobal.32
AcpiGbl_OwnerIdMask
                    0x200             acpica/utglobal.32
AcpiGbl_StepToNextCall
                    0x1               acpica/utglobal.32
AcpiGbl_RootTableList
                    0x10              acpica/utglobal.32
AcpiGbl_FadtGpeDevice
                    0x4               acpica/utglobal.32
AcpiGbl_GpeXruptListHead
                    0x4               acpica/utglobal.32
AcpiGbl_GlobalLockHandle
                    0x2               acpica/utglobal.32
AcpiGbl_RootNodeStruct
                    0x1c              acpica/utglobal.32
AcpiGbl_FACS        0x4               acpica/utglobal.32
AcpiGbl_AllGpesInitialized
                    0x1               acpica/utglobal.32
AcpiGbl_GlobalLockMutex
                    0x4               acpica/utglobal.32
AcpiGbl_IntegerByteWidth
                    0x1               acpica/utglobal.32
AcpiGbl_Pm1EnableRegisterSave
                    0x2               acpica/utglobal.32
AcpiGbl_NsLookupCount
                    0x4               acpica/utglobal.32
AcpiCurrentGpeCount
                    0x4               acpica/utglobal.32
AcpiGbl_IntegerBitWidth
                    0x1               acpica/utglobal.32
AcpiGbl_NamespaceCache
                    0x4               acpica/utglobal.32
AcpiGbl_TableHandler
                    0x4               acpica/utglobal.32
AcpiGbl_HardwareLock
                    0x4               acpica/utglobal.32
AcpiGbl_FixedEventHandlers
                    0x28              acpica/utglobal.32
AcpiSciCount        0x4               acpica/utglobal.32
AcpiGbl_DSDT        0x4               acpica/utglobal.32
AcpiGbl_GlobalNotify
                    0x10              acpica/utglobal.32
AcpiGbl_GlobalLockSemaphore
                    0x4               acpica/utglobal.32
AcpiGbl_SystemAwakeAndRunning
                    0x1               acpica/utglobal.32
AcpiGbl_InterfaceHandler
                    0x4               acpica/utglobal.32
AcpiGbl_EventsInitialized
                    0x1               acpica/utglobal.32
AcpiGbl_SupportedInterfaces
                    0x4               acpica/utglobal.32
AcpiGbl_GpeLock     0x4               acpica/utglobal.32
AcpiGbl_SleepTypeB  0x1               acpica/utglobal.32
AcpiGbl_InitHandler
                    0x4               acpica/utglobal.32
AcpiGbl_GlobalLockAcquired
                    0x1               acpica/utglobal.32
AcpiGbl_XPm1bEnable
                    0xc               acpica/utglobal.32
AcpiGbl_OriginalDsdtHeader
                    0x24              acpica/utglobal.32
AcpiGbl_ReferenceCountLock
                    0x4               acpica/utglobal.32
AcpiGpeCount        0x4               acpica/utglobal.32
AcpiGbl_TableHandlerContext
                    0x4               acpica/utglobal.32
AcpiGbl_XPm1aStatus
                    0xc               acpica/utglobal.32
AcpiGbl_OriginalMode
                    0x4               acpica/utglobal.32
AcpiGbl_CmSingleStep
                    0x1               acpica/utglobal.32
AcpiGbl_GlobalEventHandlerContext
                    0x4               acpica/utglobal.32
AcpiGbl_PsFindCount
                    0x4               acpica/utglobal.32
AcpiFixedEventCount
                    0x14              acpica/utglobal.32
AcpiGbl_AcpiHardwarePresent
                    0x1               acpica/utglobal.32
AcpiGbl_MutexInfo   0x60              acpica/utglobal.32
AcpiGbl_RootNode    0x4               acpica/utglobal.32
AcpiGbl_AddressRangeList
                    0x8               acpica/utglobal.32
AcpiGbl_FADT        0x114             acpica/utglobal.32
AcpiGbl_IntegerNybbleWidth
[...]
Memory Configuration

Name             Origin             Length             Attributes
*default*        0x0000000000000000 0xffffffffffffffff

Linker script and memory map

LOAD D:/Users/Alex/Desktop/Banana/kernel/boot.32
LOAD crti.32
LOAD /cygdrive/d/Users/Alex/Desktop/Toolchain/Output/bin/../lib/gcc/i386-banana/8.1.0/crtbegin.o
LOAD D:/Users/Alex/Desktop/Banana/kernel/morenasm.32
LOAD acpica/dsargs.32
LOAD acpica/dscontrol.32
LOAD acpica/dsdebug.32
LOAD acpica/dsfield.32
LOAD acpica/dsinit.32
LOAD acpica/dsmethod.32
LOAD acpica/dsmthdat.32
LOAD acpica/dsobject.32
LOAD acpica/dsopcode.32
LOAD acpica/dspkginit.32
LOAD acpica/dsutils.32
LOAD acpica/dswexec.32
LOAD acpica/dswload.32
LOAD acpica/dswload2.32
LOAD acpica/dswscope.32
LOAD acpica/dswstate.32
LOAD acpica/evevent.32
LOAD acpica/evglock.32
LOAD acpica/evgpe.32
LOAD acpica/evgpeblk.32
LOAD acpica/evgpeinit.32
LOAD acpica/evgpeutil.32
LOAD acpica/evhandler.32
LOAD acpica/evmisc.32
LOAD acpica/evregion.32
LOAD acpica/evrgnini.32
LOAD acpica/evsci.32
LOAD acpica/evxface.32
LOAD acpica/evxfevnt.32
LOAD acpica/evxfgpe.32
LOAD acpica/evxfregn.32
LOAD acpica/exconcat.32
LOAD acpica/exconfig.32
LOAD acpica/exconvrt.32
LOAD acpica/excreate.32
LOAD acpica/exdebug.32
LOAD acpica/exdump.32
LOAD acpica/exfield.32
LOAD acpica/exfldio.32
LOAD acpica/exmisc.32
LOAD acpica/exmutex.32
LOAD acpica/exnames.32
LOAD acpica/exoparg1.32
LOAD acpica/exoparg2.32
LOAD acpica/exoparg3.32
LOAD acpica/exoparg6.32
LOAD acpica/exprep.32
LOAD acpica/exregion.32
LOAD acpica/exresnte.32
LOAD acpica/exresolv.32
LOAD acpica/exresop.32
LOAD acpica/exserial.32
LOAD acpica/exstore.32
LOAD acpica/exstoren.32
LOAD acpica/exstorob.32
LOAD acpica/exsystem.32
LOAD acpica/extrace.32
LOAD acpica/exutils.32
LOAD acpica/hwacpi.32
LOAD acpica/hwesleep.32
LOAD acpica/hwgpe.32
LOAD acpica/hwpci.32
LOAD acpica/hwregs.32
LOAD acpica/hwsleep.32
LOAD acpica/hwtimer.32
LOAD acpica/hwvalid.32
LOAD acpica/hwxface.32
LOAD acpica/hwxfsleep.32
LOAD acpica/nsaccess.32
LOAD acpica/nsalloc.32
LOAD acpica/nsarguments.32
LOAD acpica/nsconvert.32
LOAD acpica/nsdump.32
LOAD acpica/nsdumpdv.32
LOAD acpica/nseval.32
LOAD acpica/nsinit.32
LOAD acpica/nsload.32
LOAD acpica/nsnames.32
LOAD acpica/nsobject.32
LOAD acpica/nsparse.32
LOAD acpica/nspredef.32
LOAD acpica/nsprepkg.32
LOAD acpica/nsrepair.32
LOAD acpica/nsrepair2.32
LOAD acpica/nssearch.32
LOAD acpica/nsutils.32
LOAD acpica/nswalk.32
LOAD acpica/nsxfeval.32
LOAD acpica/nsxfname.32
LOAD acpica/nsxfobj.32
LOAD acpica/psargs.32
LOAD acpica/psloop.32
LOAD acpica/psobject.32
LOAD acpica/psopcode.32
LOAD acpica/psopinfo.32
LOAD acpica/psparse.32
LOAD acpica/psscope.32
LOAD acpica/pstree.32
LOAD acpica/psutils.32
LOAD acpica/pswalk.32
LOAD acpica/psxface.32
LOAD acpica/rsaddr.32
LOAD acpica/rscalc.32
LOAD acpica/rscreate.32
LOAD acpica/rsdump.32
LOAD acpica/rsdumpinfo.32
LOAD acpica/rsinfo.32
LOAD acpica/rsio.32
LOAD acpica/rsirq.32
LOAD acpica/rslist.32
LOAD acpica/rsmemory.32
LOAD acpica/rsmisc.32
LOAD acpica/rsserial.32
LOAD acpica/rsutils.32
LOAD acpica/rsxface.32
LOAD acpica/tbdata.32
LOAD acpica/tbfadt.32
LOAD acpica/tbfind.32
LOAD acpica/tbinstal.32
LOAD acpica/tbprint.32
LOAD acpica/tbutils.32
LOAD acpica/tbxface.32
LOAD acpica/tbxfload.32
LOAD acpica/tbxfroot.32
LOAD acpica/utaddress.32
LOAD acpica/utalloc.32
LOAD acpica/utascii.32
LOAD acpica/utbuffer.32
LOAD acpica/utcache.32
LOAD acpica/utclib.32
LOAD acpica/utcopy.32
LOAD acpica/utdebug.32
LOAD acpica/utdecode.32
LOAD acpica/utdelete.32
LOAD acpica/uterror.32
LOAD acpica/uteval.32
LOAD acpica/utexcep.32
LOAD acpica/utglobal.32
LOAD acpica/uthex.32
LOAD acpica/utids.32
LOAD acpica/utinit.32
LOAD acpica/utlock.32
LOAD acpica/utmath.32
LOAD acpica/utmisc.32
LOAD acpica/utmutex.32
LOAD acpica/utnonansi.32
LOAD acpica/utobject.32
LOAD acpica/utosi.32
LOAD acpica/utownerid.32
LOAD acpica/utpredef.32
LOAD acpica/utprint.32
LOAD acpica/utresdecode.32
LOAD acpica/utresrc.32
LOAD acpica/utstate.32
LOAD acpica/utstring.32
LOAD acpica/utstrsuppt.32
LOAD acpica/utstrtoul64.32
LOAD acpica/uttrack.32
LOAD acpica/utuuid.32
LOAD acpica/utxface.32
LOAD acpica/utxferror.32
LOAD acpica/utxfinit.32
LOAD acpica/utxfmutex.32
LOAD core/malloc.32
LOAD libk/string.32
LOAD fs/fat/diskio.32
LOAD fs/fat/ff.32
LOAD fs/fat/ffsystem.32
LOAD fs/fat/ffunicode.32
LOAD hal/libresample/samplerate.32
LOAD hal/libresample/src_linear.32
LOAD hal/libresample/src_sinc.32
LOAD hal/libresample/src_zoh.32
LOAD acpica/osl.32
LOAD core/computer.32
LOAD core/elf.32
LOAD core/gdt.32
LOAD core/idle.32
LOAD core/idt.32
LOAD core/kconsole.32
LOAD core/kheap.32
LOAD core/main.32
LOAD core/physmgr.32
LOAD core/pipe.32
LOAD core/prcssthr.32
LOAD core/syscalls.32
LOAD core/terminal.32
LOAD core/tss.32
LOAD core/unixfile.32
LOAD core/virtmgr.32
LOAD coreobjs/c++.32
LOAD debugger/debug.32
LOAD fs/vfs.32
LOAD hal/bus.32
LOAD hal/buzzer.32
LOAD hal/clock.32
LOAD hal/device.32
LOAD hal/diskctrl.32
LOAD hal/diskphys.32
LOAD hal/fpu.32
LOAD hal/intctrl.32
LOAD hal/keybrd.32
LOAD hal/logidisk.32
LOAD hal/partition.32
LOAD hal/timer.32
LOAD hal/vcache.32
LOAD hw/acpi.32
LOAD hw/cpu.32
LOAD hw/ports.32
LOAD registry/registry.32
LOAD syscalls/sc_exit.32
LOAD syscalls/sc_sbrk.32
LOAD syscalls/sc_yield.32
LOAD vm86/vm8086.32
LOAD fs/fat/vfslink.32
LOAD fs/iso9660/vfslink.32
LOAD hal/sound/sndchannel.32
LOAD hal/sound/sndhw.32
LOAD hw/audio/sb16.32
LOAD hw/bus/isa.32
LOAD hw/bus/pci.32
LOAD hw/bus/ps2.32
LOAD hw/bus/ps2port.32
LOAD hw/buzzer/pcspk.32
LOAD hw/clock/rtc.32
LOAD hw/diskctrl/ide.32
LOAD hw/diskphys/ata.32
LOAD hw/diskphys/atapi.32
LOAD hw/dma/isadma.32
LOAD hw/fpu/avx.32
LOAD hw/fpu/mmx.32
LOAD hw/fpu/sse.32
LOAD hw/fpu/x87.32
LOAD hw/intctrl/apic.32
LOAD hw/intctrl/pic.32
LOAD hw/keybrd/ps2key.32
LOAD hw/timer/apictimer.32
LOAD hw/timer/pit.32
LOAD hw/fpu/x86/avx.32
LOAD hw/fpu/x86/sse.32
LOAD hw/fpu/x86/x87.32
LOAD /cygdrive/d/Users/Alex/Desktop/Toolchain/Output/bin/../lib/gcc/i386-banana/8.1.0/crtend.o
LOAD crtn.32
LOAD /cygdrive/d/Users/Alex/Desktop/Toolchain/Output/bin/../lib/gcc/i386-banana/8.1.0/libgcc.a
LOAD D:/Users/Alex/Desktop/Banana/kernel/libk/libm32.a
                0x00000000c0000000                . = 0xc0000000

.text           0x00000000c0000000    0x4e388
 *(.text)
 .text          0x00000000c0000000       0x39 D:/Users/Alex/Desktop/Banana/kernel/boot.32
                0x00000000c000001e                callGlobalConstructors
 .text          0x00000000c0000039        0x0 crti.32
 *fill*         0x00000000c0000039        0x3 
 .text          0x00000000c000003c      0x101 /cygdrive/d/Users/Alex/Desktop/Toolchain/Output/bin/../lib/gcc/i386-banana/8.1.0/crtbegin.o
 *fill*         0x00000000c000013d        0x3 
 .text          0x00000000c0000140      0x443 D:/Users/Alex/Desktop/Banana/kernel/morenasm.32
                0x00000000c0000140                doTPAUSE
                0x00000000c000014a                hasLegacyFPU
                0x00000000c000016f                is486
                0x00000000c00001d2                goToVM86
                0x00000000c0000203                goToUsermode
                0x00000000c000022e                switchToThreadASMFirstTime
                0x00000000c000023c                switchToThreadASM
                0x00000000c00002d4                detectCPUID
                0x00000000c00002ea                asmQuickAcquireLock
                0x00000000c0000308                asmQuickReleaseLock
                0x00000000c0000314                asmAcquireLock
                0x00000000c0000335                asmReleaseLock
                0x00000000c0000348                loadGDT
                0x00000000c0000368                isr0
                0x00000000c0000378                isr1
                0x00000000c0000382                isr2
                0x00000000c000038c                isr3
                0x00000000c0000396                isr4
                0x00000000c00003a0                isr5
                0x00000000c00003aa                isr6
                0x00000000c00003b4                isr7
                0x00000000c00003be                isr8
                0x00000000c00003c6                isr9
                0x00000000c00003d0                isr10
                0x00000000c00003d8                isr11
                0x00000000c00003e0                isr12
                0x00000000c00003e8                isr13
                0x00000000c00003f0                isr14
                0x00000000c00003f8                isr15
                0x00000000c0000402                isr16
                0x00000000c000040c                isr17
                0x00000000c0000416                isr18
                0x00000000c0000420                isr96
                0x00000000c000042a                irq0
                0x00000000c0000434                irq1
                0x00000000c000043e                irq2
                0x00000000c0000448                irq3
                0x00000000c0000452                irq4
                0x00000000c000045c                irq5
                0x00000000c0000466                irq6
                0x00000000c0000470                irq7
                0x00000000c000047a                irq8
                0x00000000c0000484                irq9
                0x00000000c000048e                irq10
                0x00000000c0000498                irq11
                0x00000000c00004a2                irq12
                0x00000000c00004ac                irq13
                0x00000000c00004b6                irq14
                0x00000000c00004c0                irq15
                0x00000000c00004ca                irq16
                0x00000000c00004d4                irq17
                0x00000000c00004de                irq18
                0x00000000c00004e8                irq19
                0x00000000c00004f2                irq20
                0x00000000c00004fc                irq21
                0x00000000c0000506                irq22
                0x00000000c0000510                irq23
                0x00000000c000051a                int_common_stub
                0x00000000c000054a                syscall_common_stub
 .text          0x00000000c0000583      0x3da acpica/dsargs.32
                0x00000000c0000712                AcpiDsGetBufferFieldArguments
                0x00000000c0000771                AcpiDsGetBankFieldArguments
                0x00000000c00007d0                AcpiDsGetBufferArguments
                0x00000000c0000841                AcpiDsGetPackageArguments
                0x00000000c00008b2                AcpiDsGetRegionArguments
 .text          0x00000000c000095d      0x47a acpica/dscontrol.32
                0x00000000c000095f                AcpiDsExecBeginControlOp
                0x00000000c0000a8f                AcpiDsExecEndControlOp
 .text          0x00000000c0000dd7        0x2 acpica/dsdebug.32
                0x00000000c0000dd7                AcpiDsDumpMethodStack
 .text          0x00000000c0000dd9      0x9f6 acpica/dsfield.32
                0x00000000c0000dd9                AcpiDsCreateBufferField
                0x00000000c00012cf                AcpiDsCreateField
                0x00000000c00013d9                AcpiDsInitFieldObjects
                0x00000000c000157a                AcpiDsCreateBankField
                0x00000000c00016ae                AcpiDsCreateIndexField
 .text          0x00000000c00017cf      0x22d acpica/dsinit.32
                0x00000000c000194a                AcpiDsInitializeObjects
 .text          0x00000000c00019fc      0x9d7 acpica/dsmethod.32
                0x00000000c0001a4b                AcpiDsAutoSerializeMethod
                0x00000000c0001b54                AcpiDsMethodError
                0x00000000c0001cb0                AcpiDsBeginMethodExecution
                0x00000000c0001f53                AcpiDsRestartControlMethod
                0x00000000c0001ff2                AcpiDsTerminateControlMethod
                0x00000000c00021d6                AcpiDsCallControlMethod
 .text          0x00000000c00023d3      0x743 acpica/dsmthdat.32
                0x00000000c00023d3                AcpiDsMethodDataInit
                0x00000000c00025bc                AcpiDsMethodDataDeleteAll
                0x00000000c0002689                AcpiDsMethodDataGetNode
                0x00000000c00027c4                AcpiDsMethodDataInitArgs
                0x00000000c000283b                AcpiDsMethodDataGetValue
                0x00000000c00029ca                AcpiDsStoreObjectToLocal
 .text          0x00000000c0002b16      0x736 acpica/dsobject.32
                0x00000000c0002b16                AcpiDsBuildInternalBufferObj
                0x00000000c0002c7f                AcpiDsInitObjectFromOp
                0x00000000c0003014                AcpiDsBuildInternalObject
                0x00000000c00031b6                AcpiDsCreateNode
 .text          0x00000000c000324c      0xa93 acpica/dsopcode.32
                0x00000000c000324c                AcpiDsInitializeRegion
                0x00000000c000355f                AcpiDsEvalBufferFieldOperands
                0x00000000c00036d0                AcpiDsEvalRegionOperands
                0x00000000c0003875                AcpiDsEvalTableRegionOperands
                0x00000000c0003a2f                AcpiDsEvalDataObjectOperands
                0x00000000c0003be3                AcpiDsEvalBankFieldOperands
 .text          0x00000000c0003cdf      0x597 acpica/dspkginit.32
                0x00000000c0003eb1                AcpiDsInitPackageElement
                0x00000000c0003f1d                AcpiDsBuildInternalPackageObj
 .text          0x00000000c0004276      0x956 acpica/dsutils.32
                0x00000000c0004278                AcpiDsClearImplicitReturn
                0x00000000c00042bb                AcpiDsDoImplicitReturn
                0x00000000c000432b                AcpiDsIsResultUsed
                0x00000000c00044bd                AcpiDsDeleteResultIfNotUsed
                0x00000000c0004535                AcpiDsResolveOperands
                0x00000000c0004591                AcpiDsClearOperands
                0x00000000c00045e5                AcpiDsCreateOperand
                0x00000000c0004950                AcpiDsCreateOperands
                0x00000000c0004a40                AcpiDsEvaluateNamePath
 .text          0x00000000c0004bcc      0xa84 acpica/dswexec.32
                0x00000000c0004bd4                AcpiDsGetPredicateValue
                0x00000000c0004df0                AcpiDsExecBeginOp
                0x00000000c0004fed                AcpiDsExecEndOp
 .text          0x00000000c0005650      0x6f7 acpica/dswload.32
                0x00000000c0005650                AcpiDsLoad1BeginOp
                0x00000000c00059b9                AcpiDsLoad1EndOp
                0x00000000c0005c77                AcpiDsInitCallbacks
 .text          0x00000000c0005d47      0x901 acpica/dswload2.32
                0x00000000c0005d47                AcpiDsLoad2BeginOp
                0x00000000c00061b6                AcpiDsLoad2EndOp
 .text          0x00000000c0006648      0x161 acpica/dswscope.32
                0x00000000c0006648                AcpiDsScopeStackClear
                0x00000000c0006688                AcpiDsScopeStackPush
                0x00000000c000674f                AcpiDsScopeStackPop
 .text          0x00000000c00067a9      0x8f5 acpica/dswstate.32
                0x00000000c0006839                AcpiDsResultPush
                0x00000000c0006a0c                AcpiDsResultPop
                0x00000000c0006b3e                AcpiDsObjStackPush
                0x00000000c0006bbd                AcpiDsObjStackPop
                0x00000000c0006c3f                AcpiDsObjStackPopAndDelete
                0x00000000c0006cbe                AcpiDsGetCurrentWalkState
                0x00000000c0006cd6                AcpiDsPushWalkState
                0x00000000c0006cf0                AcpiDsPopWalkState
                0x00000000c0006d15                AcpiDsCreateWalkState
                0x00000000c0006daa                AcpiDsInitAmlWalk
                0x00000000c0006f76                AcpiDsDeleteWalkState
 .text          0x00000000c000709e      0x307 acpica/evevent.32
                0x00000000c000709e                AcpiEvInstallXruptHandlers
                0x00000000c000719c                AcpiEvInitializeEvents
                0x00000000c00072bd                AcpiEvFixedEventDetect
 .text          0x00000000c00073a5      0x2d8 acpica/evglock.32
                0x00000000c0007426                AcpiEvInitGlobalLockHandler
                0x00000000c00074b2                AcpiEvRemoveGlobalLockHandler
                0x00000000c00074ea                AcpiEvAcquireGlobalLock
                0x00000000c00075f8                AcpiEvReleaseGlobalLock
 .text          0x00000000c000767d      0x960 acpica/evgpe.32
                0x00000000c000767d                AcpiEvUpdateGpeEnableMask
                0x00000000c00076eb                AcpiEvEnableGpe
                0x00000000c0007709                AcpiEvMaskGpe
                0x00000000c00077db                AcpiEvAddGpeReference
                0x00000000c000786e                AcpiEvRemoveGpeReference
                0x00000000c00078e9                AcpiEvLowGetGpeInfo
                0x00000000c000794a                AcpiEvGetGpeEventInfo
                0x00000000c00079d2                AcpiEvFinishGpe
                0x00000000c0007b91                AcpiEvGpeDispatch
                0x00000000c0007d03                AcpiEvDetectGpe
                0x00000000c0007e90                AcpiEvGpeDetect
 .text          0x00000000c0007fdd      0x726 acpica/evgpeblk.32
                0x00000000c00080a7                AcpiEvDeleteGpeBlock
                0x00000000c0008423                AcpiEvCreateGpeBlock
                0x00000000c0008598                AcpiEvInitializeGpeBlock
 .text          0x00000000c0008703      0x48d acpica/evgpeinit.32
                0x00000000c0008703                AcpiEvMatchGpeMethod
                0x00000000c000889a                AcpiEvGpeInitialize
                0x00000000c0008a9c                AcpiEvUpdateGpes
 .text          0x00000000c0008b90      0x407 acpica/evgpeutil.32
                0x00000000c0008b90                AcpiEvWalkGpeList
                0x00000000c0008c2f                AcpiEvGetGpeDevice
                0x00000000c0008c90                AcpiEvGetGpeXruptBlock
                0x00000000c0008dbf                AcpiEvDeleteGpeXrupt
                0x00000000c0008e89                AcpiEvDeleteGpeHandlers
 .text          0x00000000c0008f97      0x4a5 acpica/evhandler.32
                0x00000000c0008f97                AcpiEvHasDefaultHandler
                0x00000000c0008ff7                AcpiEvFindRegionHandler
                0x00000000c000912d                AcpiEvInstallSpaceHandler
                0x00000000c00093b2                AcpiEvInstallRegionHandlers
 .text          0x00000000c000943c      0x32c acpica/evmisc.32
                0x00000000c00094e3                AcpiEvIsNotifyObject
                0x00000000c0009509                AcpiEvQueueNotifyRequest
                0x00000000c0009619                AcpiEvTerminate
 .text          0x00000000c0009768      0x9c7 acpica/evregion.32
                0x00000000c0009768                AcpiEvAddressSpaceDispatch
                0x00000000c0009a69                AcpiEvAttachRegion
                0x00000000c0009ab9                AcpiEvExecuteRegMethod
                0x00000000c0009ca0                AcpiEvDetachRegion
                0x00000000c000a03a                AcpiEvExecuteRegMethods
                0x00000000c000a0a6                AcpiEvInitializeOpRegions
 .text          0x00000000c000a12f      0x535 acpica/evrgnini.32
                0x00000000c000a12f                AcpiEvSystemMemoryRegionSetup
                0x00000000c000a1dc                AcpiEvIoSpaceRegionSetup
                0x00000000c000a1ff                AcpiEvIsPciRootBridge
                0x00000000c000a2ca                AcpiEvPciConfigRegionSetup
                0x00000000c000a52b                AcpiEvPciBarRegionSetup
                0x00000000c000a531                AcpiEvCmosRegionSetup
                0x00000000c000a537                AcpiEvDefaultRegionSetup
                0x00000000c000a55a                AcpiEvInitializeRegion
 .text          0x00000000c000a664      0x1a4 acpica/evsci.32
                0x00000000c000a664                AcpiEvSciDispatch
                0x00000000c000a720                AcpiEvGpeXruptHandler
                0x00000000c000a749                AcpiEvInstallSciHandler
                0x00000000c000a77f                AcpiEvRemoveAllSciHandlers
 .text          0x00000000c000a808      0xcf1 acpica/evxface.32
                0x00000000c000a808                AcpiInstallNotifyHandler
                0x00000000c000aa63                AcpiRemoveNotifyHandler
                0x00000000c000ac87                AcpiInstallExceptionHandler
                0x00000000c000acd4                AcpiInstallSciHandler
                0x00000000c000adc2                AcpiRemoveSciHandler
                0x00000000c000aea7                AcpiInstallGlobalEventHandler
                0x00000000c000af09                AcpiInstallFixedEventHandler
                0x00000000c000afe4                AcpiRemoveFixedEventHandler
                0x00000000c000b27c                AcpiInstallGpeHandler
                0x00000000c000b2a6                AcpiInstallGpeRawHandler
                0x00000000c000b2d0                AcpiRemoveGpeHandler
                0x00000000c000b460                AcpiAcquireGlobalLock
                0x00000000c000b4bf                AcpiReleaseGlobalLock
 .text          0x00000000c000b4f9      0x38d acpica/evxfevnt.32
                0x00000000c000b4f9                AcpiEnable
                0x00000000c000b56b                AcpiDisable
                0x00000000c000b5cc                AcpiEnableEvent
                0x00000000c000b69a                AcpiDisableEvent
                0x00000000c000b767                AcpiClearEvent
                0x00000000c000b7bc                AcpiGetEventStatus
 .text          0x00000000c000b886      0xa22 acpica/evxfgpe.32
                0x00000000c000b886                AcpiUpdateAllGpes
                0x00000000c000b911                AcpiEnableGpe
                0x00000000c000b991                AcpiDisableGpe
                0x00000000c000b9f6                AcpiSetGpe
                0x00000000c000baa1                AcpiMaskGpe
                0x00000000c000bb13                AcpiMarkGpeForWake
                0x00000000c000bb7f                AcpiSetupGpeForWake
                0x00000000c000bd05                AcpiSetGpeWakeMask
                0x00000000c000be0f                AcpiClearGpe
                0x00000000c000be7d                AcpiGetGpeStatus
                0x00000000c000beee                AcpiDispatchGpe
                0x00000000c000bf09                AcpiFinishGpe
                0x00000000c000bf70                AcpiDisableAllGpes
                0x00000000c000bfab                AcpiEnableAllRuntimeGpes
                0x00000000c000bfe6                AcpiEnableAllWakeupGpes
                0x00000000c000c021                AcpiInstallGpeBlock
                0x00000000c000c171                AcpiRemoveGpeBlock
                0x00000000c000c23a                AcpiGetGpeDevice
 .text          0x00000000c000c2a8      0x1f7 acpica/evxfregn.32
                0x00000000c000c2a8                AcpiInstallAddressSpaceHandler
                0x00000000c000c34e                AcpiRemoveAddressSpaceHandler
 .text          0x00000000c000c49f      0x4fd acpica/exconcat.32
                0x00000000c000c53c                AcpiExDoConcatenate
                0x00000000c000c89a                AcpiExConcatTemplate
 .text          0x00000000c000c99c      0x62b acpica/exconfig.32
                0x00000000c000ca5f                AcpiExUnloadTable
                0x00000000c000cb16                AcpiExLoadTableOp
                0x00000000c000cd37                AcpiExLoadOp
 .text          0x00000000c000cfc7      0x74e acpica/exconvrt.32
                0x00000000c000cfc7                AcpiExConvertToInteger
                0x00000000c000d126                AcpiExConvertToBuffer
                0x00000000c000d384                AcpiExConvertToString
                0x00000000c000d5ce                AcpiExConvertToTargetType
 .text          0x00000000c000d715      0x52a acpica/excreate.32
                0x00000000c000d715                AcpiExCreateAlias
                0x00000000c000d797                AcpiExCreateEvent
                0x00000000c000d81a                AcpiExCreateMutex
                0x00000000c000d8c7                AcpiExCreateRegion
                0x00000000c000da27                AcpiExCreateProcessor
                0x00000000c000dad0                AcpiExCreatePowerResource
                0x00000000c000db64                AcpiExCreateMethod
 .text          0x00000000c000dc3f      0x557 acpica/exdebug.32
                0x00000000c000dc3f                AcpiExDoDebugObject
 .text          0x00000000c000e196        0x0 acpica/exdump.32
 .text          0x00000000c000e196      0x4d5 acpica/exfield.32
                0x00000000c000e196                AcpiExGetProtocolBufferLength
                0x00000000c000e1ea                AcpiExReadDataFromField
                0x00000000c000e411                AcpiExWriteDataToField
 .text          0x00000000c000e66b      0xed6 acpica/exfldio.32
                0x00000000c000e8ae                AcpiExAccessRegion
                0x00000000c000ea40                AcpiExInsertIntoField
                0x00000000c000f017                AcpiExWriteWithUpdateRule
                0x00000000c000f209                AcpiExExtractFromField
 .text          0x00000000c000f541      0x664 acpica/exmisc.32
                0x00000000c000f541                AcpiExGetObjectReference
                0x00000000c000f63c                AcpiExDoMathOp
                0x00000000c000f80d                AcpiExDoLogicalNumericOp
                0x00000000c000f911                AcpiExDoLogicalOp
 .text          0x00000000c000fba5      0x5d0 acpica/exmutex.32
                0x00000000c000fba5                AcpiExUnlinkMutex
                0x00000000c000fc4b                AcpiExAcquireMutexObject
                0x00000000c000fd20                AcpiExAcquireMutex
                0x00000000c000fe67                AcpiExReleaseMutexObject
                0x00000000c000ff06                AcpiExReleaseMutex
                0x00000000c00100e3                AcpiExReleaseAllMutexes
 .text          0x00000000c0010175      0x457 acpica/exnames.32
                0x00000000c001034d                AcpiExGetNameString
 .text          0x00000000c00105cc     0x1142 acpica/exoparg1.32
                0x00000000c00105cc                AcpiExOpcode_0A_0T_1R
                0x00000000c0010682                AcpiExOpcode_1A_0T_0R
                0x00000000c0010784                AcpiExOpcode_1A_1T_0R
                0x00000000c00107fe                AcpiExOpcode_1A_1T_1R
                0x00000000c0010fce                AcpiExOpcode_1A_0T_1R
 .text          0x00000000c001170e      0x8df acpica/exoparg2.32
                0x00000000c001170e                AcpiExOpcode_2A_0T_0R
                0x00000000c00117df                AcpiExOpcode_2A_2T_1R
                0x00000000c001195f                AcpiExOpcode_2A_1T_1R
                0x00000000c0011e0c                AcpiExOpcode_2A_0T_1R
 .text          0x00000000c0011fed      0x33c acpica/exoparg3.32
                0x00000000c0011fed                AcpiExOpcode_3A_0T_0R
                0x00000000c00120ec                AcpiExOpcode_3A_1T_1R
 .text          0x00000000c0012329      0x36c acpica/exoparg6.32
                0x00000000c0012436                AcpiExOpcode_6A_0T_1R
 .text          0x00000000c0012695      0x53f acpica/exprep.32
                0x00000000c001274f                AcpiExPrepCommonFieldObject
                0x00000000c00127e7                AcpiExPrepFieldValue
 .text          0x00000000c0012bd4      0x4b7 acpica/exregion.32
                0x00000000c0012bd4                AcpiExSystemMemorySpaceHandler
                0x00000000c0012ed9                AcpiExSystemIoSpaceHandler
                0x00000000c0012f56                AcpiExPciConfigSpaceHandler
                0x00000000c0012fe7                AcpiExCmosSpaceHandler
                0x00000000c0013005                AcpiExPciBarSpaceHandler
                0x00000000c0013023                AcpiExDataTableSpaceHandler
 .text          0x00000000c001308b      0x360 acpica/exresnte.32
                0x00000000c001308b                AcpiExResolveNodeToValue
 .text          0x00000000c00133eb      0x61b acpica/exresolv.32
                0x00000000c001362c                AcpiExResolveToValue
                0x00000000c00136ec                AcpiExResolveMultiple
 .text          0x00000000c0013a06      0x7cc acpica/exresop.32
                0x00000000c0013a93                AcpiExResolveOperands
 .text          0x00000000c00141d2      0x3a2 acpica/exserial.32
                0x00000000c00141d2                AcpiExReadGpio
                0x00000000c001421c                AcpiExWriteGpio
                0x00000000c0014280                AcpiExReadSerialBus
                0x00000000c00143d8                AcpiExWriteSerialBus
 .text          0x00000000c0014574      0x588 acpica/exstore.32
                0x00000000c001478b                AcpiExStoreObjectToNode
                0x00000000c001497a                AcpiExStore
 .text          0x00000000c0014afc      0x296 acpica/exstoren.32
                0x00000000c0014afc                AcpiExResolveObject
                0x00000000c0014c1a                AcpiExStoreObjectToObject
 .text          0x00000000c0014d92      0x202 acpica/exstorob.32
                0x00000000c0014d92                AcpiExStoreBufferToBuffer
                0x00000000c0014e89                AcpiExStoreStringToString
 .text          0x00000000c0014f94      0x206 acpica/exsystem.32
                0x00000000c0014f94                AcpiExSystemWaitSemaphore
                0x00000000c0014fee                AcpiExSystemWaitMutex
                0x00000000c0015048                AcpiExSystemDoStall
                0x00000000c0015094                AcpiExSystemDoSleep
                0x00000000c00150e8                AcpiExSystemSignalEvent
                0x00000000c0015117                AcpiExSystemWaitEvent
                0x00000000c0015151                AcpiExSystemResetEvent
 .text          0x00000000c001519a      0x1ec acpica/extrace.32
                0x00000000c0015205                AcpiExTracePoint
                0x00000000c0015214                AcpiExStartTraceMethod
                0x00000000c00152cb                AcpiExStopTraceMethod
                0x00000000c0015356                AcpiExStartTraceOpcode
                0x00000000c001536e                AcpiExStopTraceOpcode
 .text          0x00000000c0015386      0x525 acpica/exutils.32
                0x00000000c0015386                AcpiExEnterInterpreter
                0x00000000c00153f0                AcpiExExitInterpreter
                0x00000000c001545a                AcpiExTruncateFor32bitTable
                0x00000000c00154c0                AcpiExAcquireGlobalLock
                0x00000000c0015517                AcpiExReleaseGlobalLock
                0x00000000c00155ef                AcpiExEisaIdToString
                0x00000000c0015710                AcpiExIntegerToString
                0x00000000c0015789                AcpiExPciClsToString
                0x00000000c001587e                AcpiIsValidSpaceId
 .text          0x00000000c00158ab      0x1ae acpica/hwacpi.32
                0x00000000c00158ab                AcpiHwGetMode
                0x00000000c0015907                AcpiHwSetMode
 .text          0x00000000c0015a59      0x1d2 acpica/hwesleep.32
                0x00000000c0015a59                AcpiHwExecuteSleepMethod
                0x00000000c0015ac5                AcpiHwExtendedSleep
                0x00000000c0015b8d                AcpiHwExtendedWakePrep
                0x00000000c0015bd0                AcpiHwExtendedWake
 .text          0x00000000c0015c2b      0x55c acpica/hwgpe.32
                0x00000000c0015c2b                AcpiHwGetGpeRegisterBit
                0x00000000c0015c55                AcpiHwLowSetGpe
                0x00000000c0015d8c                AcpiHwClearGpe
                0x00000000c0015dda                AcpiHwGetGpeStatus
                0x00000000c0015f7d                AcpiHwDisableGpeBlock
                0x00000000c0015fd9                AcpiHwEnableRuntimeGpeBlock
                0x00000000c00160c6                AcpiHwClearGpeBlock
                0x00000000c0016127                AcpiHwDisableAllGpes
                0x00000000c0016147                AcpiHwEnableAllRuntimeGpes
                0x00000000c0016167                AcpiHwEnableAllWakeupGpes
 .text          0x00000000c0016187      0x338 acpica/hwpci.32
                0x00000000c0016465                AcpiHwDerivePciId
 .text          0x00000000c00164bf      0xbfa acpica/hwregs.32
                0x00000000c00166dc                AcpiHwValidateRegister
                0x00000000c001681d                AcpiHwRead
                0x00000000c0016a13                AcpiHwWrite
                0x00000000c0016bc3                AcpiHwGetBitRegisterInfo
                0x00000000c0016bfd                AcpiHwWritePm1Control
                0x00000000c0016d15                AcpiHwRegisterRead
                0x00000000c0016ec4                AcpiHwRegisterWrite
                0x00000000c001704c                AcpiHwClearAcpiStatus
 .text          0x00000000c00170b9      0x2a5 acpica/hwsleep.32
                0x00000000c00170b9                AcpiHwLegacySleep
                0x00000000c001722d                AcpiHwLegacyWakePrep
                0x00000000c00172cb                AcpiHwLegacyWake
 .text          0x00000000c001735e      0x120 acpica/hwtimer.32
                0x00000000c001735e                AcpiGetTimerResolution
                0x00000000c0017387                AcpiGetTimer
                0x00000000c00173d2                AcpiGetTimerDuration
 .text          0x00000000c001747e      0x331 acpica/hwvalid.32
                0x00000000c00175e7                AcpiHwReadPort
                0x00000000c00176d9                AcpiHwWritePort
 .text          0x00000000c00177af      0x47c acpica/hwxface.32
                0x00000000c00177af                AcpiReset
                0x00000000c0017847                AcpiRead
                0x00000000c0017866                AcpiWrite
                0x00000000c0017894                AcpiReadBitRegister
                0x00000000c001790e                AcpiWriteBitRegister
                0x00000000c0017a2e                AcpiGetSleepTypeData
 .text          0x00000000c0017c2b      0x1fa acpica/hwxfsleep.32
                0x00000000c0017c5c                AcpiSetFirmwareWakingVector
                0x00000000c0017c9b                AcpiEnterSleepStateS4bios
                0x00000000c0017d1f                AcpiEnterSleepStatePrep
                0x00000000c0017db9                AcpiEnterSleepState
                0x00000000c0017e07                AcpiLeaveSleepStatePrep
                0x00000000c0017e16                AcpiLeaveSleepState
 .text          0x00000000c0017e25      0x7cd acpica/nsaccess.32
                0x00000000c0017e25                AcpiNsRootInitialize
                0x00000000c001819c                AcpiNsLookup
 .text          0x00000000c00185f2      0x44a acpica/nsalloc.32
                0x00000000c00185f2                AcpiNsCreateNode
                0x00000000c001862e                AcpiNsDeleteNode
                0x00000000c00186ca                AcpiNsRemoveNode
                0x00000000c0018733                AcpiNsInstallNode
                0x00000000c00187e7                AcpiNsDeleteChildren
                0x00000000c001885b                AcpiNsDeleteNamespaceSubtree
                0x00000000c0018911                AcpiNsDeleteNamespaceByOwner
 .text          0x00000000c0018a3c      0x3ca acpica/nsarguments.32
                0x00000000c0018a3c                AcpiNsCheckArgumentTypes
                0x00000000c0018b44                AcpiNsCheckAcpiCompliance
                0x00000000c0018c97                AcpiNsCheckArgumentCount
 .text          0x00000000c0018e06      0x5e2 acpica/nsconvert.32
                0x00000000c0018e06                AcpiNsConvertToInteger
                0x00000000c0018f1d                AcpiNsConvertToString
                0x00000000c0019020                AcpiNsConvertToBuffer
                0x00000000c0019179                AcpiNsConvertToUnicode
                0x00000000c001923d                AcpiNsConvertToResource
                0x00000000c00192f1                AcpiNsConvertToReference
 .text          0x00000000c00193e8        0x0 acpica/nsdump.32
 .text          0x00000000c00193e8        0x0 acpica/nsdumpdv.32
 .text          0x00000000c00193e8      0x38e acpica/nseval.32
                0x00000000c00193e8                AcpiNsEvaluate
 .text          0x00000000c0019776      0x6b7 acpica/nsinit.32
                0x00000000c001998f                AcpiNsInitializeObjects
                0x00000000c00199f0                AcpiNsInitializeDevices
                0x00000000c0019bba                AcpiNsInitOnePackage
 .text          0x00000000c0019e2d       0xdb acpica/nsload.32
                0x00000000c0019e2d                AcpiNsLoadTable
 .text          0x00000000c0019f08      0x592 acpica/nsnames.32
                0x00000000c0019f08                AcpiNsHandleToName
                0x00000000c0019f7b                AcpiNsBuildNormalizedPath
                0x00000000c001a0d4                AcpiNsGetPathnameLength
                0x00000000c001a12b                AcpiNsHandleToPathname
                0x00000000c001a1b9                AcpiNsGetNormalizedPathname
                0x00000000c001a23c                AcpiNsGetExternalPathname
                0x00000000c001a350                AcpiNsBuildPrefixedPathname
 .text          0x00000000c001a49a      0x45a acpica/nsobject.32
                0x00000000c001a49a                AcpiNsDetachObject
                0x00000000c001a586                AcpiNsAttachObject
                0x00000000c001a6f4                AcpiNsGetAttachedObject
                0x00000000c001a75c                AcpiNsGetSecondaryObject
                0x00000000c001a792                AcpiNsAttachData
                0x00000000c001a830                AcpiNsDetachData
                0x00000000c001a8a8                AcpiNsGetAttachedData
 .text          0x00000000c001a8f4      0x359 acpica/nsparse.32
                0x00000000c001a8f4                AcpiNsExecuteTable
                0x00000000c001aa9e                AcpiNsOneCompleteParse
                0x00000000c001ac2e                AcpiNsParseTable
 .text          0x00000000c001ac4d      0x3b5 acpica/nspredef.32
                0x00000000c001ad1a                AcpiNsCheckObjectType
                0x00000000c001aeeb                AcpiNsCheckReturnValue
 .text          0x00000000c001b002      0x9d3 acpica/nsprepkg.32
                0x00000000c001b54a                AcpiNsCheckPackage
 .text          0x00000000c001b9d5      0x47e acpica/nsrepair.32
                0x00000000c001ba39                AcpiNsRepairNullElement
                0x00000000c001baf2                AcpiNsRemoveNullElements
                0x00000000c001bb86                AcpiNsWrapWithPackage
                0x00000000c001bbd4                AcpiNsSimpleRepair
 .text          0x00000000c001be53      0x9f8 acpica/nsrepair2.32
                0x00000000c001c233                AcpiNsComplexRepairs
 .text          0x00000000c001c84b      0x27a acpica/nssearch.32
                0x00000000c001c84b                AcpiNsSearchOneScope
                0x00000000c001c913                AcpiNsSearchAndEnter
 .text          0x00000000c001cac5      0x819 acpica/nsutils.32
                0x00000000c001cac5                AcpiNsPrintNodePathname
                0x00000000c001cb45                AcpiNsGetType
                0x00000000c001cb7d                AcpiNsLocal
                0x00000000c001cbcb                AcpiNsGetInternalNameLength
                0x00000000c001cca4                AcpiNsBuildInternalName
                0x00000000c001ce4b                AcpiNsInternalizeName
                0x00000000c001cede                AcpiNsExternalizeName
                0x00000000c001d122                AcpiNsValidateHandle
                0x00000000c001d14e                AcpiNsTerminate
                0x00000000c001d19f                AcpiNsOpensScope
                0x00000000c001d1de                AcpiNsGetNodeUnlocked
                0x00000000c001d294                AcpiNsGetNode
 .text          0x00000000c001d2de      0x264 acpica/nswalk.32
                0x00000000c001d2de                AcpiNsGetNextNode
                0x00000000c001d2f7                AcpiNsGetNextNodeTyped
                0x00000000c001d34c                AcpiNsWalkNamespace
 .text          0x00000000c001d542      0x94e acpica/nsxfeval.32
                0x00000000c001d7ae                AcpiEvaluateObject
                0x00000000c001da67                AcpiEvaluateObjectTyped
                0x00000000c001dbdf                AcpiWalkNamespace
                0x00000000c001dc9d                AcpiGetDevices
                0x00000000c001dd10                AcpiAttachData
                0x00000000c001dd93                AcpiDetachData
                0x00000000c001de0d                AcpiGetData
 .text          0x00000000c001de90      0x7f2 acpica/nsxfname.32
                0x00000000c001de90                AcpiGetHandle
                0x00000000c001df47                AcpiGetName
                0x00000000c001e027                AcpiGetObjectInfo
                0x00000000c001e43e                AcpiInstallMethod
 .text          0x00000000c001e682      0x1f1 acpica/nsxfobj.32
                0x00000000c001e682                AcpiGetType
                0x00000000c001e714                AcpiGetParent
                0x00000000c001e7a2                AcpiGetNextObject
 .text          0x00000000c001e873      0xb9c acpica/psargs.32
                0x00000000c001e8ee                AcpiPsGetNextPackageEnd
                0x00000000c001e915                AcpiPsGetNextNamestring
                0x00000000c001e99b                AcpiPsGetNextNamepath
                0x00000000c001ebdd                AcpiPsGetNextSimpleArg
                0x00000000c001f0ef                AcpiPsGetNextArg
 .text          0x00000000c001f40f      0x8ef acpica/psloop.32
                0x00000000c001f632                AcpiPsParseLoop
 .text          0x00000000c001fcfe      0xb0d acpica/psobject.32
                0x00000000c001fe43                AcpiPsBuildNamedOp
                0x00000000c0020005                AcpiPsCreateOp
                0x00000000c0020264                AcpiPsCompleteOp
                0x00000000c002067c                AcpiPsCompleteFinalOp
 .text          0x00000000c002080b        0x0 acpica/psopcode.32
 .text          0x00000000c002080b       0x97 acpica/psopinfo.32
                0x00000000c002080b                AcpiPsGetOpcodeInfo
                0x00000000c0020875                AcpiPsGetOpcodeName
                0x00000000c0020889                AcpiPsGetArgumentCount
 .text          0x00000000c00208a2      0x936 acpica/psparse.32
                0x00000000c00208a2                AcpiPsGetOpcodeSize
                0x00000000c00208bc                AcpiPsPeekOpcode
                0x00000000c00208fe                AcpiPsCompleteThisOp
                0x00000000c0020c14                AcpiPsNextParseState
                0x00000000c0020d6c                AcpiPsParseAml
 .text          0x00000000c00211d8      0x1f4 acpica/psscope.32
                0x00000000c00211d8                AcpiPsGetParentScope
                0x00000000c00211e6                AcpiPsHasCompletedScope
                0x00000000c002121a                AcpiPsInitScope
                0x00000000c0021280                AcpiPsPushScope
                0x00000000c0021303                AcpiPsPopScope
                0x00000000c002138b                AcpiPsCleanupScope
 .text          0x00000000c00213cc      0x218 acpica/pstree.32
                0x00000000c00213cc                AcpiPsGetArg
                0x00000000c0021444                AcpiPsAppendArg
                0x00000000c002151a                AcpiPsGetDepthNext
 .text          0x00000000c00215e4      0x1cc acpica/psutils.32
                0x00000000c00215e4                AcpiPsInitOp
                0x00000000c0021605                AcpiPsAllocOp
                0x00000000c00216cf                AcpiPsCreateScopeOp
                0x00000000c0021704                AcpiPsFreeOp
                0x00000000c0021747                AcpiPsIsLeadingChar
                0x00000000c002176d                AcpiPsGetName
                0x00000000c002178f                AcpiPsSetName
 .text          0x00000000c00217b0       0x99 acpica/pswalk.32
                0x00000000c00217b0                AcpiPsDeleteParseTree
 .text          0x00000000c0021849      0x4a2 acpica/psxface.32
                0x00000000c0021849                AcpiDebugTrace
                0x00000000c00218a3                AcpiPsExecuteTable
                0x00000000c0021a7e                AcpiPsExecuteMethod
 .text          0x00000000c0021ceb       0xf7 acpica/rsaddr.32
                0x00000000c0021ceb                AcpiRsGetAddressCommon
                0x00000000c0021d73                AcpiRsSetAddressCommon
 .text          0x00000000c0021de2      0x7f5 acpica/rscalc.32
                0x00000000c0021e58                AcpiRsGetAmlLength
                0x00000000c0022112                AcpiRsGetListLength
                0x00000000c00224ae                AcpiRsGetPciRoutingTableLength
 .text          0x00000000c00225d7      0x567 acpica/rscreate.32
                0x00000000c00225d7                AcpiBufferToResource
                0x00000000c0022692                AcpiRsCreateResourceList
                0x00000000c002272e                AcpiRsCreatePciRoutingTable
                0x00000000c0022ab5                AcpiRsCreateAmlResources
 .text          0x00000000c0022b3e        0x0 acpica/rsdump.32
 .text          0x00000000c0022b3e        0x0 acpica/rsdumpinfo.32
 .text          0x00000000c0022b3e        0x0 acpica/rsinfo.32
 .text          0x00000000c0022b3e        0x0 acpica/rsio.32
 .text          0x00000000c0022b3e        0x0 acpica/rsirq.32
 .text          0x00000000c0022b3e      0x2a0 acpica/rslist.32
                0x00000000c0022b3e                AcpiRsConvertAmlToResources
                0x00000000c0022c52                AcpiRsConvertResourcesToAml
 .text          0x00000000c0022dde        0x0 acpica/rsmemory.32
 .text          0x00000000c0022dde      0xd8c acpica/rsmisc.32
                0x00000000c0022dde                AcpiRsConvertAmlToResource
                0x00000000c0023569                AcpiRsConvertResourceToAml
 .text          0x00000000c0023b6a        0x0 acpica/rsserial.32
 .text          0x00000000c0023b6a      0x61c acpica/rsutils.32
                0x00000000c0023b6a                AcpiRsDecodeBitmask
                0x00000000c0023bb8                AcpiRsEncodeBitmask
                0x00000000c0023c09                AcpiRsMoveData
                0x00000000c0023ce1                AcpiRsSetResourceLength
                0x00000000c0023d39                AcpiRsSetResourceHeader
                0x00000000c0023db0                AcpiRsGetResourceSource
                0x00000000c0023e89                AcpiRsSetResourceSource
                0x00000000c0023eee                AcpiRsGetPrtMethodData
                0x00000000c0023f41                AcpiRsGetCrsMethodData
                0x00000000c0023f94                AcpiRsGetPrsMethodData
                0x00000000c0023fe7                AcpiRsGetAeiMethodData
                0x00000000c002403a                AcpiRsGetMethodData
                0x00000000c002408b                AcpiRsSetSrsMethodData
 .text          0x00000000c0024186      0x698 acpica/rsxface.32
                0x00000000c00242c5                AcpiGetIrqRoutingTable
                0x00000000c0024308                AcpiGetCurrentResources
                0x00000000c002434b                AcpiGetPossibleResources
                0x00000000c002438e                AcpiSetCurrentResources
                0x00000000c00243f1                AcpiGetEventResources
                0x00000000c0024434                AcpiResourceToAddress64
                0x00000000c0024655                AcpiWalkResourceBuffer
                0x00000000c0024713                AcpiWalkResources
                0x00000000c00247c8                AcpiGetVendorResource
 .text          0x00000000c002481e      0xd8f acpica/tbdata.32
                0x00000000c002481e                AcpiTbInitTableDescriptor
                0x00000000c002487d                AcpiTbAcquireTable
                0x00000000c0024905                AcpiTbReleaseTable
                0x00000000c00249e1                AcpiTbAcquireTempTable
                0x00000000c0024aa8                AcpiTbValidateTable
                0x00000000c0024af8                AcpiTbInvalidateTable
                0x00000000c0024b3b                AcpiTbReleaseTempTable
                0x00000000c0024b52                AcpiTbValidateTempTable
                0x00000000c0024c37                AcpiTbVerifyTempTable
                0x00000000c0024dfd                AcpiTbResizeRootTableList
                0x00000000c0024faf                AcpiTbGetNextTableDescriptor
                0x00000000c002502c                AcpiTbTerminate
                0x00000000c00250cc                AcpiTbDeleteNamespaceByOwner
                0x00000000c0025185                AcpiTbAllocateOwnerId
                0x00000000c00251ed                AcpiTbReleaseOwnerId
                0x00000000c0025259                AcpiTbGetOwnerId
                0x00000000c00252bf                AcpiTbIsTableLoaded
                0x00000000c0025323                AcpiTbSetTableLoadedFlag
                0x00000000c00253ef                AcpiTbNotifyTable
                0x00000000c002541b                AcpiTbLoadTable
                0x00000000c00254a4                AcpiTbInstallAndLoadTable
                0x00000000c0025519                AcpiTbUnloadTable
 .text          0x00000000c00255ad      0x8f3 acpica/tbfadt.32
                0x00000000c0025ccf                AcpiTbCreateLocalFadt
                0x00000000c0025d72                AcpiTbParseFadt
 .text          0x00000000c0025ea0      0x27a acpica/tbfind.32
                0x00000000c0025ea0                AcpiTbFindTable
 .text          0x00000000c002611a      0x47b acpica/tbinstal.32
                0x00000000c002611a                AcpiTbUninstallTable
                0x00000000c0026187                AcpiTbOverrideTable
                0x00000000c002630d                AcpiTbInstallTableWithOverride
                0x00000000c00263ed                AcpiTbInstallStandardTable
 .text          0x00000000c0026595      0x2ae acpica/tbprint.32
                0x00000000c0026639                AcpiTbPrintTableHeader
                0x00000000c0026791                AcpiTbChecksum
                0x00000000c00267c3                AcpiTbVerifyChecksum
 .text          0x00000000c0026843      0x609 acpica/tbutils.32
                0x00000000c0026843                AcpiTbInitializeFacs
                0x00000000c00268e7                AcpiTbCheckDsdtHeader
                0x00000000c0026971                AcpiTbCopyDsdt
                0x00000000c0026ad6                AcpiTbParseRootTable
                0x00000000c0026d68                AcpiTbGetTable
                0x00000000c0026de7                AcpiTbPutTable
 .text          0x00000000c0026e4c      0x62b acpica/tbxface.32
                0x00000000c0026e4c                AcpiAllocateRootTable
                0x00000000c0026e68                AcpiInitializeTables
                0x00000000c0026f32                AcpiReallocateRootTable
                0x00000000c002707c                AcpiGetTableHeader
                0x00000000c00271fc                AcpiGetTable
                0x00000000c00272bd                AcpiPutTable
                0x00000000c002733f                AcpiGetTableByIndex
                0x00000000c00273bf                AcpiInstallTableHandler
                0x00000000c0027421                AcpiRemoveTableHandler
 .text          0x00000000c0027477      0x519 acpica/tbxfload.32
                0x00000000c0027477                AcpiTbLoadNamespace
                0x00000000c0027719                AcpiLoadTables
                0x00000000c002779e                AcpiInstallTable
                0x00000000c00277ee                AcpiLoadTable
                0x00000000c002784f                AcpiUnloadParentTable
                0x00000000c0027967                AcpiUnloadTable
 .text          0x00000000c0027990      0x2e0 acpica/tbxfroot.32
                0x00000000c0027990                AcpiTbGetRsdpLength
                0x00000000c00279d0                AcpiTbValidateRsdp
                0x00000000c0027a3e                AcpiTbScanMemoryForRsdp
                0x00000000c0027a86                AcpiFindRootPointer
 .text          0x00000000c0027c70      0x31c acpica/utaddress.32
                0x00000000c0027c70                AcpiUtAddAddressRange
                0x00000000c0027d1a                AcpiUtRemoveAddressRange
                0x00000000c0027da1                AcpiUtCheckAddressRange
                0x00000000c0027f32                AcpiUtDeleteAddressLists
 .text          0x00000000c0027f8c      0x28d acpica/utalloc.32
                0x00000000c0027f8c                AcpiOsAllocateZeroed
                0x00000000c0027fc1                AcpiUtCreateCaches
                0x00000000c0028085                AcpiUtDeleteCaches
                0x00000000c0028119                AcpiUtValidateBuffer
                0x00000000c0028165                AcpiUtInitializeBuffer
 .text          0x00000000c0028219       0xeb acpica/utascii.32
                0x00000000c0028219                AcpiUtValidNameChar
                0x00000000c002825b                AcpiUtValidNameseg
                0x00000000c002829b                AcpiUtCheckAndRepairAscii
 .text          0x00000000c0028304      0x2b9 acpica/utbuffer.32
                0x00000000c0028304                AcpiUtDumpBuffer
                0x00000000c0028585                AcpiUtDebugDumpBuffer
 .text          0x00000000c00285bd      0x2d4 acpica/utcache.32
                0x00000000c00285bd                AcpiOsCreateCache
                0x00000000c0028645                AcpiOsPurgeCache
                0x00000000c00286c5                AcpiOsDeleteCache
                0x00000000c00286fc                AcpiOsReleaseObject
                0x00000000c00287af                AcpiOsAcquireObject
 .text          0x00000000c0028891      0x6ff acpica/utclib.32
                0x00000000c0028891                memcmp
                0x00000000c00288e9                memmove
                0x00000000c0028956                memcpy
                0x00000000c00289cd                memset
                0x00000000c00289f6                strlen
                0x00000000c0028a19                strpbrk
                0x00000000c0028a5b                strtok
                0x00000000c0028ae9                strcpy
                0x00000000c0028b1b                strncpy
                0x00000000c0028b6f                strcmp
                0x00000000c0028bb1                strchr
                0x00000000c0028bda                strncmp
                0x00000000c0028c36                strcat
                0x00000000c0028c77                strncat
                0x00000000c0028cd3                strstr
                0x00000000c0028d26                toupper
                0x00000000c0028d4c                tolower
                0x00000000c0028d72                simple_strtoul
 .text          0x00000000c0028f90      0xaf8 acpica/utcopy.32
                0x00000000c00292ed                AcpiUtCopyIobjectToEobject
                0x00000000c002951f                AcpiUtCopyEobjectToIobject
                0x00000000c00299ed                AcpiUtCopyIobjectToIobject
 .text          0x00000000c0029a88        0x0 acpica/utdebug.32
 .text          0x00000000c0029a88      0x1db acpica/utdecode.32
                0x00000000c0029a88                AcpiUtGetRegionName
                0x00000000c0029ad6                AcpiUtGetEventName
                0x00000000c0029af2                AcpiUtGetTypeName
                0x00000000c0029b0e                AcpiUtGetObjectTypeName
                0x00000000c0029b53                AcpiUtGetNodeName
                0x00000000c0029bae                AcpiUtGetDescriptorName
                0x00000000c0029be1                AcpiUtGetReferenceName
                0x00000000c0029c36                AcpiUtGetMutexName
                0x00000000c0029c52                AcpiUtValidObjectType
 .text          0x00000000c0029c63      0x83c acpica/utdelete.32
                0x00000000c0029c63                AcpiUtRemoveReference
                0x00000000c002a19a                AcpiUtUpdateObjectReference
                0x00000000c002a431                AcpiUtAddReference
                0x00000000c002a462                AcpiUtDeleteInternalObjectList
 .text          0x00000000c002a49f      0x28c acpica/uterror.32
                0x00000000c002a49f                AcpiUtPredefinedWarning
                0x00000000c002a4ff                AcpiUtPredefinedInfo
                0x00000000c002a55f                AcpiUtPredefinedBiosError
                0x00000000c002a5bf                AcpiUtPrefixedNamespaceError
                0x00000000c002a690                AcpiUtMethodError
 .text          0x00000000c002a72b      0x323 acpica/uteval.32
                0x00000000c002a72b                AcpiUtEvaluateObject
                0x00000000c002a906                AcpiUtEvaluateNumericObject
                0x00000000c002a953                AcpiUtExecute_STA
                0x00000000c002a9b7                AcpiUtExecutePowerMethods
 .text          0x00000000c002aa4e      0x124 acpica/utexcep.32
                0x00000000c002aa4e                AcpiUtValidateException
                0x00000000c002ab30                AcpiFormatException
 .text          0x00000000c002ab72        0x0 acpica/utglobal.32
 .text          0x00000000c002ab72       0xea acpica/uthex.32
                0x00000000c002ab72                AcpiUtHexToAsciiChar
                0x00000000c002abbe                AcpiUtAsciiCharToHex
                0x00000000c002abe5                AcpiUtAsciiToHexByte
 .text          0x00000000c002ac5c      0x4eb acpica/utids.32
                0x00000000c002ac5c                AcpiUtExecute_HID
                0x00000000c002ad3c                AcpiUtExecute_UID
                0x00000000c002ae1c                AcpiUtExecute_CID
                0x00000000c002b015                AcpiUtExecute_CLS
 .text          0x00000000c002b147      0x344 acpica/utinit.32
                0x00000000c002b1cf                AcpiUtInitGlobals
                0x00000000c002b42e                AcpiUtSubsystemShutdown
 .text          0x00000000c002b48b      0x1c7 acpica/utlock.32
                0x00000000c002b48b                AcpiUtCreateRwLock
                0x00000000c002b4da                AcpiUtDeleteRwLock
                0x00000000c002b523                AcpiUtAcquireReadLock
                0x00000000c002b59e                AcpiUtReleaseReadLock
                0x00000000c002b610                AcpiUtAcquireWriteLock
                0x00000000c002b636                AcpiUtReleaseWriteLock
 .text          0x00000000c002b652      0x210 acpica/utmath.32
                0x00000000c002b652                AcpiUtShortMultiply
                0x00000000c002b69d                AcpiUtShortShiftLeft
                0x00000000c002b6e6                AcpiUtShortShiftRight
                0x00000000c002b72f                AcpiUtShortDivide
                0x00000000c002b7c0                AcpiUtDivide
 .text          0x00000000c002b862      0x2ca acpica/utmisc.32
                0x00000000c002b862                AcpiUtIsPciRootBridge
                0x00000000c002b89e                AcpiUtDwordByteSwap
                0x00000000c002b8c7                AcpiUtSetIntegerWidth
                0x00000000c002b908                AcpiUtCreateUpdateStateAndPush
                0x00000000c002b95d                AcpiUtWalkPackageTree
 .text          0x00000000c002bb2c      0x371 acpica/utmutex.32
                0x00000000c002bb97                AcpiUtMutexInitialize
                0x00000000c002bcb9                AcpiUtMutexTerminate
                0x00000000c002bd36                AcpiUtAcquireMutex
                0x00000000c002bdf1                AcpiUtReleaseMutex
 .text          0x00000000c002be9d       0xd0 acpica/utnonansi.32
                0x00000000c002be9d                AcpiUtStrlwr
                0x00000000c002bedd                AcpiUtStrupr
                0x00000000c002bf1d                AcpiUtStricmp
 .text          0x00000000c002bf6d      0x5ff acpica/utobject.32
                0x00000000c002bf6d                AcpiUtValidInternalObject
                0x00000000c002bf91                AcpiUtAllocateObjectDescDbg
                0x00000000c002bfda                AcpiUtDeleteObjectDesc
                0x00000000c002c02f                AcpiUtCreateInternalObjectDbg
                0x00000000c002c0d1                AcpiUtCreatePackageObject
                0x00000000c002c145                AcpiUtCreateIntegerObject
                0x00000000c002c191                AcpiUtCreateBufferObject
                0x00000000c002c238                AcpiUtCreateStringObject
                0x00000000c002c523                AcpiUtGetObjectSize
 .text          0x00000000c002c56c      0x4f3 acpica/utosi.32
                0x00000000c002c56c                AcpiUtInitializeInterfaces
                0x00000000c002c5f6                AcpiUtInterfaceTerminate
                0x00000000c002c6c7                AcpiUtInstallInterface
                0x00000000c002c760                AcpiUtRemoveInterface
                0x00000000c002c836                AcpiUtUpdateInterfaces
                0x00000000c002c8c7                AcpiUtGetInterface
                0x00000000c002c90a                AcpiUtOsiImplementation
 .text          0x00000000c002ca5f      0x246 acpica/utownerid.32
                0x00000000c002ca5f                AcpiUtAllocateOwnerId
                0x00000000c002cbc3                AcpiUtReleaseOwnerId
 .text          0x00000000c002cca5       0xfd acpica/utpredef.32
                0x00000000c002cca5                AcpiUtGetNextPredefinedMethod
                0x00000000c002cccf                AcpiUtMatchPredefinedMethod
                0x00000000c002cd22                AcpiUtGetExpectedReturnTypes
 .text          0x00000000c002cda2      0x9ed acpica/utprint.32
                0x00000000c002cecc                AcpiUtScanNumber
                0x00000000c002cf4f                AcpiUtPrintNumber
                0x00000000c002d225                vsnprintf
                0x00000000c002d73e                snprintf
                0x00000000c002d767                sprintf
 .text          0x00000000c002d78f        0x0 acpica/utresdecode.32
 .text          0x00000000c002d78f      0x3ad acpica/utresrc.32
                0x00000000c002d78f                AcpiUtGetResourceType
                0x00000000c002d7ac                AcpiUtGetResourceLength
                0x00000000c002d7df                AcpiUtValidateResource
                0x00000000c002d972                AcpiUtGetResourceHeaderLength
                0x00000000c002d986                AcpiUtGetDescriptorLength
                0x00000000c002d9b3                AcpiUtWalkAmlResources
                0x00000000c002daf2                AcpiUtGetResourceEndTag
 .text          0x00000000c002db3c      0x1ce acpica/utstate.32
                0x00000000c002db3c                AcpiUtPushGenericState
                0x00000000c002db54                AcpiUtPopGenericState
                0x00000000c002db77                AcpiUtCreateGenericState
                0x00000000c002dba3                AcpiUtCreateThreadState
                0x00000000c002dc29                AcpiUtCreateUpdateState
                0x00000000c002dc6a                AcpiUtCreatePkgState
                0x00000000c002dcb6                AcpiUtCreateControlState
                0x00000000c002dce6                AcpiUtDeleteGenericState
 .text          0x00000000c002dd0a      0x264 acpica/utstring.32
                0x00000000c002dd0a                AcpiUtPrintString
                0x00000000c002ded3                AcpiUtRepairName
 .text          0x00000000c002df6e      0x425 acpica/utstrsuppt.32
                0x00000000c002df6e                AcpiUtRemoveLeadingZeros
                0x00000000c002df94                AcpiUtRemoveWhitespace
                0x00000000c002dfc9                AcpiUtRemoveHexPrefix
                0x00000000c002e006                AcpiUtDetectHexPrefix
                0x00000000c002e034                AcpiUtDetectOctalPrefix
                0x00000000c002e219                AcpiUtConvertOctalString
                0x00000000c002e293                AcpiUtConvertDecimalString
                0x00000000c002e316                AcpiUtConvertHexString
 .text          0x00000000c002e393      0x238 acpica/utstrtoul64.32
                0x00000000c002e393                AcpiUtStrtoul64
                0x00000000c002e4a5                AcpiUtImplicitStrtoul64
                0x00000000c002e521                AcpiUtExplicitStrtoul64
 .text          0x00000000c002e5cb        0x0 acpica/uttrack.32
 .text          0x00000000c002e5cb        0x0 acpica/utuuid.32
 .text          0x00000000c002e5cb      0x641 acpica/utxface.32
                0x00000000c002e5cb                AcpiTerminate
                0x00000000c002e5e8                AcpiSubsystemStatus
                0x00000000c002e600                AcpiGetSystemInfo
                0x00000000c002e6b6                AcpiGetStatistics
                0x00000000c002e70c                AcpiInstallInitializationHandler
                0x00000000c002e73b                AcpiPurgeCachedObjects
                0x00000000c002e78c                AcpiInstallInterface
                0x00000000c002e84d                AcpiRemoveInterface
                0x00000000c002e8c1                AcpiInstallInterfaceHandler
                0x00000000c002e925                AcpiUpdateInterfaces
                0x00000000c002e982                AcpiCheckAddressRange
                0x00000000c002e9f2                AcpiDecodePldBuffer
 .text          0x00000000c002ec0c      0x245 acpica/utxferror.32
                0x00000000c002ec0c                AcpiError
                0x00000000c002ec55                AcpiException
                0x00000000c002ecc5                AcpiWarning
                0x00000000c002ed0e                AcpiInfo
                0x00000000c002ed4f                AcpiBiosError
                0x00000000c002ed98                AcpiBiosException
                0x00000000c002ee08                AcpiBiosWarning
 .text          0x00000000c002ee51      0x218 acpica/utxfinit.32
                0x00000000c002ee51                AcpiInitializeSubsystem
                0x00000000c002ef4f                AcpiEnableSubsystem
                0x00000000c002f01a                AcpiInitializeObjects
 .text          0x00000000c002f069      0x129 acpica/utxfmutex.32
                0x00000000c002f0fd                AcpiAcquireMutex
                0x00000000c002f14e                AcpiReleaseMutex
 .text          0x00000000c002f192      0xf4f core/malloc.32
                0x00000000c002f303                dlfree
                0x00000000c002f3f3                dlmalloc
                0x00000000c002fb40                dlrealloc
                0x00000000c002fcf5                dlmemalign
                0x00000000c002fe18                dlcalloc
                0x00000000c002feb2                dlcfree
                0x00000000c002feb7                dlindependent_calloc
                0x00000000c002fedc                dlindependent_comalloc
                0x00000000c002fef3                dlvalloc
                0x00000000c002ff19                dlpvalloc
                0x00000000c002ff4a                dlmalloc_trim
                0x00000000c002ff52                dlmalloc_usable_size
                0x00000000c002ff83                dlmallinfo
                0x00000000c003004b                dlmalloc_stats
                0x00000000c003005c                dlmallopt
 .text          0x00000000c00300e1        0x0 libk/string.32
 .text          0x00000000c00300e1       0x51 fs/fat/diskio.32
                0x00000000c00300e1                disk_status
                0x00000000c00300e4                disk_initialize
                0x00000000c00300e7                disk_read
                0x00000000c00300fd                disk_write
                0x00000000c0030113                disk_ioctl
 .text          0x00000000c0030132     0x66ce fs/fat/ff.32
                0x00000000c0032dd8                f_mount
                0x00000000c0032e3a                f_open
                0x00000000c0033290                f_read
                0x00000000c00334e2                f_write
                0x00000000c0033771                f_sync
                0x00000000c0033976                f_close
                0x00000000c00339a5                f_lseek
                0x00000000c0033e83                f_opendir
                0x00000000c0033f85                f_closedir
                0x00000000c0033fa7                f_readdir
                0x00000000c0034042                f_stat
                0x00000000c00340d1                f_getfree
                0x00000000c003428c                f_truncate
                0x00000000c0034384                f_unlink
                0x00000000c0034507                f_mkdir
                0x00000000c0034715                f_rename
                0x00000000c00349f1                f_chmod
                0x00000000c0034acf                f_utime
                0x00000000c0034bad                f_getlabel
                0x00000000c0034d4c                f_setlabel
                0x00000000c0034f9c                f_forward
                0x00000000c0035173                f_mkfs
 .text          0x00000000c0036800        0xa fs/fat/ffsystem.32
                0x00000000c0036800                ff_memalloc
                0x00000000c0036805                ff_memfree
 .text          0x00000000c003680a      0x147 fs/fat/ffunicode.32
                0x00000000c003680a                ff_uni2oem
                0x00000000c0036854                ff_oem2uni
                0x00000000c0036881                ff_wtoupper
 .text          0x00000000c0036951      0x71d hal/libresample/samplerate.32
                0x00000000c0036951                src_delete
                0x00000000c003698d                src_process
                0x00000000c0036ad6                src_callback_read
                0x00000000c0036c5f                src_set_ratio
                0x00000000c0036cbf                src_get_channels
                0x00000000c0036ce1                src_reset
                0x00000000c0036d25                src_new
                0x00000000c0036dea                src_callback_new
                0x00000000c0036e4c                src_get_name
                0x00000000c0036e83                src_get_description
                0x00000000c0036eba                src_get_version
                0x00000000c0036ec0                src_is_valid_ratio
                0x00000000c0036ee8                src_error
                0x00000000c0036ef6                src_strerror
                0x00000000c0036f09                src_simple
                0x00000000c0036f5c                src_short_to_float_array
                0x00000000c0036f82                src_float_to_short_array
                0x00000000c0036fe6                src_int_to_float_array
                0x00000000c003700c                src_float_to_int_array
 .text          0x00000000c003706e      0x3c9 hal/libresample/src_linear.32
                0x00000000c0037392                linear_get_name
                0x00000000c00373a1                linear_get_description
                0x00000000c00373b0                linear_set_converter
 .text          0x00000000c0037437     0x1a92 hal/libresample/src_sinc.32
                0x00000000c0038cd9                sinc_get_name
                0x00000000c0038cec                sinc_get_description
                0x00000000c0038cff                sinc_set_converter
 .text          0x00000000c0038ec9      0x397 hal/libresample/src_zoh.32
                0x00000000c00391bb                zoh_get_name
                0x00000000c00391ca                zoh_get_description
                0x00000000c00391d9                zoh_set_converter
 .text          0x00000000c0039260      0xa5c acpica/osl.32
                0x00000000c0039260                Subhandler
                0x00000000c003926d                isalnum
                0x00000000c0039293                isalpha
                0x00000000c00392a7                isblank
                0x00000000c00392bf                iscntrl
                0x00000000c00392d7                isdigit
                0x00000000c00392e8                islower
                0x00000000c00392f9                ispunct
                0x00000000c0039332                isgraph
                0x00000000c0039361                isprint
                0x00000000c003937f                isspace
                0x00000000c00393a0                isupper
                0x00000000c00393b1                isxdigit
                0x00000000c00393d3                AcpiOsInitialize
                0x00000000c00393d6                AcpiOsTerminate
                0x00000000c00393d9                AcpiOsGetRootPointer
                0x00000000c0039402                AcpiOsPredefinedOverride
                0x00000000c0039421                AcpiOsTableOverride
                0x00000000c003942e                AcpiOsPhysicalTableOverride
                0x00000000c0039442                AcpiOsReadPort
                0x00000000c0039484                AcpiOsWritePort
                0x00000000c00394b2                AcpiOsGetTimer
                0x00000000c00394ce                AcpiOsWaitEventsComplete
                0x00000000c00394df                AcpiOsReadPciConfiguration
                0x00000000c0039550                AcpiOsWritePciConfiguration
                0x00000000c00395cb                AcpiOsSignal
                0x00000000c00395fa                AcpiOsReadMemory
                0x00000000c003967e                AcpiOsEnterSleep
                0x00000000c0039681                AcpiOsWriteMemory
                0x00000000c00396e2                AcpiOsMapMemory
                0x00000000c003979e                AcpiOsUnmapMemory
                0x00000000c003979f                AcpiOsGetPhysicalAddress
                0x00000000c00397c7                AcpiOsAllocate
                0x00000000c00397cc                AcpiOsFree
                0x00000000c00397d1                AcpiOsReadable
                0x00000000c00397e4                AcpiOsWritable
                0x00000000c00397f7                AcpiOsGetThreadId
                0x00000000c00397ff                AcpiOsExecute
                0x00000000c0039812                AcpiOsSleep
                0x00000000c0039832                AcpiOsStall
                0x00000000c003987f                AcpiOsCreateSemaphore
                0x00000000c00398ac                AcpiOsDeleteSemaphore
                0x00000000c00398c0                AcpiOsWaitSemaphore
                0x00000000c003994a                AcpiOsSignalSemaphore
                0x00000000c0039970                AcpiOsCreateLock
                0x00000000c003998c                AcpiOsDeleteLock
                0x00000000c003998d                AcpiOsAcquireLock
                0x00000000c0039992                AcpiOsReleaseLock
                0x00000000c0039997                AcpiOsInstallInterruptHandler
                0x00000000c00399d7                AcpiOsRemoveInterruptHandler
                0x00000000c00399ea                __i__int_str
                0x00000000c0039c49                __i_displayCharacter
                0x00000000c0039c68                __i_displayString
                0x00000000c0039cb7                __i_internal_printf
                0x00000000c0039cba                AcpiOsVprintf
                0x00000000c0039cbb                AcpiOsPrintf
 .text          0x00000000c0039cbc      0x5c9 core/computer.32
                0x00000000c0039cbc                Computer::close(int, int, void*)
                0x00000000c0039d00                Computer::Computer()
                0x00000000c0039d00                Computer::Computer()
                0x00000000c0039d8e                Computer::setBootMessage(char const*)
                0x00000000c0039d90                Computer::start()
                0x00000000c0039e6a                firstTask()
                0x00000000c0039e78                Computer::detectFeatures()
                0x00000000c003a052                Computer::open(int, int, void*)
                0x00000000c003a11a                Computer::displayFeatures()
                0x00000000c003a11c                Computer::rdmsr(unsigned int)
                0x00000000c003a148                Computer::wrmsr(unsigned int, unsigned long long)
                0x00000000c003a180                Computer::nmiEnabled()
                0x00000000c003a18c                Computer::enableNMI(bool)
                0x00000000c003a1aa                Computer::disableNMI()
                0x00000000c003a1bc                Computer::readCMOS(unsigned char)
                0x00000000c003a1d6                Computer::writeCMOS(unsigned char, unsigned char)
                0x00000000c003a1f4                Computer::handleNMI()
                0x00000000c003a25a                Computer::setDiskActivityLight(int, bool)
 .text          0x00000000c003a285      0xe6e core/elf.32
                0x00000000c003a285                allocateMemoryForTask(Process*, File*, unsigned long, unsigned long, unsigned long)
                0x00000000c003a50f                loadProgramIntoMemory(Process*, char const*)
                0x00000000c003a734                runtimeReferenceHelper()
                0x00000000c003a747                getAddressOfKernelSymbol(char const*)
                0x00000000c003a796                loadKernelSymbolTable(char const*)
                0x00000000c003aa5a                loadDriverIntoMemory(char const*, unsigned long)
                0x00000000c003b01c                loadDLL(char const*)
                0x00000000c003b0e5                executeDLL(unsigned long, void*)
 *fill*         0x00000000c003b0f3        0x1 
 .text          0x00000000c003b0f4      0x117 core/gdt.32
                0x00000000c003b0f4                GDTEntry::setBase(unsigned int)
                0x00000000c003b110                GDTEntry::setLimit(unsigned int)
                0x00000000c003b12e                GDT::GDT()
                0x00000000c003b12e                GDT::GDT()
                0x00000000c003b13a                GDT::addEntry(GDTEntry)
                0x00000000c003b176                GDT::getNumberOfEntries()
                0x00000000c003b17e                GDT::flush()
                0x00000000c003b1a0                GDT::setup()
 .text          0x00000000c003b20b       0x75 core/idle.32
                0x00000000c003b20b                idleFunction(void*)
 .text          0x00000000c003b280      0x427 core/idt.32
                0x00000000c003b280                IDTEntry::IDTEntry(bool)
                0x00000000c003b280                IDTEntry::IDTEntry(bool)
                0x00000000c003b2ac                IDTEntry::setOffset(unsigned int)
                0x00000000c003b2c0                IDT::IDT()
                0x00000000c003b2c0                IDT::IDT()
                0x00000000c003b2c2                IDT::getPointerToInvalidOpcodeEntryForF00F()
                0x00000000c003b2ca                IDT::addEntry(IDTEntry, int)
                0x00000000c003b2e4                IDT::addEntry(int, void (*)(), bool)
                0x00000000c003b326                IDT::flush()
                0x00000000c003b340                IDT::setup()
 .text          0x00000000c003b6a7      0x665 core/kconsole.32
                0x00000000c003b6a7                stringifyxWithBase(unsigned int, char*, int)
                0x00000000c003b708                logc(char)
                0x00000000c003b71f                logs(char*)
                0x00000000c003b74d                logWriteInt(unsigned int)
                0x00000000c003b7de                logWriteIntBase(unsigned int, int)
                0x00000000c003b864                kprintf(char const*, ...)
                0x00000000c003b9c2                panic(char const*)
 .text          0x00000000c003bd0c      0x1e4 core/kheap.32
                0x00000000c003bd0c                sbrk
                0x00000000c003bdfb                mmap
                0x00000000c003be11                munmap
                0x00000000c003be27                liballoc_lock()
                0x00000000c003be38                liballoc_unlock()
                0x00000000c003be49                liballoc_alloc(int)
                0x00000000c003be64                liballoc_free(void*, int)
                0x00000000c003be82                realloc
                0x00000000c003be96                malloc
                0x00000000c003bea6                free
                0x00000000c003beb6                rfree
                0x00000000c003bec6                calloc
 .text          0x00000000c003bef0      0x3d8 core/main.32
                0x00000000c003bef0                hwTextMode_loadInData(VgaText*)
                0x00000000c003bf35                hwTextMode_loadInTitle(VgaText*, char*)
                0x00000000c003bf77                hwTextMode_update(VgaText*)
                0x00000000c003bf78                hwTextMode_updateCursor(VgaText*)
                0x00000000c003bfc0                hwTextMode_scrollScreen(VgaText*)
                0x00000000c003c046                hwTextMode_writeCharacter(VgaText*, char, VgaColour, VgaColour, int, int)
                0x00000000c003c0a4                hwTextMode_showCursor(VgaText*, bool)
                0x00000000c003c0f8                hwTextMode_disableBlink(VgaText*, bool)
                0x00000000c003c134                setupTextMode()
                0x00000000c003c185                kernel_main
 .text          0x00000000c003c2c8      0x510 core/physmgr.32
                0x00000000c003c2c8                PhysMem::allocateDMA(unsigned long)
                0x00000000c003c36b                PhysMem::freeDMA(unsigned long, unsigned long)
                0x00000000c003c3b3                PhysMem::setPageState(unsigned long, bool)
                0x00000000c003c3e5                PhysMem::getPageState(unsigned long)
                0x00000000c003c401                PhysMem::freePage(unsigned long)
                0x00000000c003c4ad                PhysMem::allocatePage()
                0x00000000c003c58b                PhysMem::allowSegmentToBeUsed(unsigned long, unsigned long)
                0x00000000c003c5d6                PhysMem::physicalMemorySetup(unsigned int)
 .text          0x00000000c003c7d8      0x235 core/pipe.32
                0x00000000c003c7d8                Pipe::isAtty()
                0x00000000c003c7dc                Pipe::~Pipe()
                0x00000000c003c7dc                Pipe::~Pipe()
                0x00000000c003c7ec                Pipe::~Pipe()
                0x00000000c003c810                Pipe::read(unsigned long long, void*, int*)
                0x00000000c003c904                Pipe::write(unsigned long long, void*, int*)
                0x00000000c003c9cc                Pipe::Pipe(int)
                0x00000000c003c9cc                Pipe::Pipe(int)
 *fill*         0x00000000c003ca0d        0x1 
 .text          0x00000000c003ca0e     0x16ac core/prcssthr.32
                0x00000000c003ca0e                userModeEntryPoint(void*)
                0x00000000c003ca34                changeTSS
                0x00000000c003ca62                Process::createThread(void (*)(void*), void*, int)
                0x00000000c003cbc2                Process::createUserThread()
                0x00000000c003cbde                Process::addArgs(char**)
                0x00000000c003cc38                Process::Process(char const*, Process*, char**)
                0x00000000c003cc38                Process::Process(char const*, Process*, char**)
                0x00000000c003cd8a                Process::Process(bool, char const*, Process*, char**)
                0x00000000c003cd8a                Process::Process(bool, char const*, Process*, char**)
                0x00000000c003cec4                setupMultitasking(void (*)())
                0x00000000c003d065                disableIRQs()
                0x00000000c003d06d                getIRQNestingLevel()
                0x00000000c003d073                enableIRQs()
                0x00000000c003d082                lockScheduler()
                0x00000000c003d084                unlockScheduler()
                0x00000000c003d093                lockStuff()
                0x00000000c003d0a1                taskStartupFunction
                0x00000000c003d0aa                updateTimeUsed()
                0x00000000c003d13e                switchToThread(ThreadControlBlock*)
                0x00000000c003d159                schedule()
                0x00000000c003d346                unlockStuff()
                0x00000000c003d382                forkProcess(regs*)
                0x00000000c003d583                blockTaskWithSchedulerLockAlreadyHeld(TaskState)
                0x00000000c003d5d1                blockTask(TaskState)
                0x00000000c003d5fe                waitTask(int, int*, int)
                0x00000000c003d70f                execveProcess(char const*, char* const*, char* const*)
                0x00000000c003d7bb                unblockTask(ThreadControlBlock*)
                0x00000000c003d8a6                cleanupTerminatedTask(ThreadControlBlock*)
                0x00000000c003dc5f                cleanerTaskFunction(void*)
                0x00000000c003dd85                terminateTask(int)
                0x00000000c003de90                nanoSleepUntil(unsigned long long)
                0x00000000c003deae                nanoSleep(unsigned long long)
                0x00000000c003deda                sleep(unsigned long long)
                0x00000000c003df11                taskReturned
                0x00000000c003df58                Semaphore::Semaphore(int)
                0x00000000c003df58                Semaphore::Semaphore(int)
                0x00000000c003df78                Semaphore::tryAcquire()
                0x00000000c003dfae                Semaphore::assertLocked(char const*)
                0x00000000c003dfea                Semaphore::acquire()
                0x00000000c003e05a                Semaphore::release()
                0x00000000c003e09a                Mutex::Mutex()
                0x00000000c003e09a                Mutex::Mutex()
 .text          0x00000000c003e0ba      0xe16 core/syscalls.32
                0x00000000c003e0ba                sysCallGetPID(regs*)
                0x00000000c003e0c6                sysCallSeekDir(regs*)
                0x00000000c003e0cb                sysCallVerify(regs*)
                0x00000000c003e0d5                sysCallGetArgc(regs*)
                0x00000000c003e0e5                sysFormatDisk(regs*)
                0x00000000c003e14f                sysSetDiskVolumeLabel(regs*)
                0x00000000c003e195                sysGetDiskVolumeLabel(regs*)
                0x00000000c003e1e6                sysCallWrite(regs*)
                0x00000000c003e254                sysCallRead(regs*)
                0x00000000c003e2c2                sysCallReadDir(regs*)
                0x00000000c003e331                sysCallIsATTY(regs*)
                0x00000000c003e384                sysCallGetCwd(regs*)
                0x00000000c003e3a3                sysCallSetCwd(regs*)
                0x00000000c003e3bf                sysCallRealpath(regs*)
                0x00000000c003e402                sysCallSeek(regs*)
                0x00000000c003e453                sysCallTell(regs*)
                0x00000000c003e49f                sysCallSizeFromFilename(regs*)
                0x00000000c003e518                sysCallSize(regs*)
                0x00000000c003e56a                sysCallClose(regs*)
                0x00000000c003e5b8                sysCallMakeDir(regs*)
                0x00000000c003e611                sysCallCloseDir(regs*)
                0x00000000c003e65f                sysCallWait(regs*)
                0x00000000c003e679                sysCallFork(regs*)
                0x00000000c003e695                sysCallExecve(regs*)
                0x00000000c003e6ea                sysCallRmdir(regs*)
                0x00000000c003e73c                sysCallUnlink(regs*)
                0x00000000c003e73e                sysCallGetArgv(regs*)
                0x00000000c003e78a                sysCallUSleep(regs*)
                0x00000000c003e7b1                sysAppSettings(regs*)
                0x00000000c003e8d0                sysSetFatAttrib(regs*)
                0x00000000c003e930                sysPanic(regs*)
                0x00000000c003e956                sysPipe(regs*)
                0x00000000c003e99b                sysGetUnixTime(regs*)
                0x00000000c003e9af                sysShutdown(regs*)
                0x00000000c003e9f7                sysCallOpen(regs*)
                0x00000000c003eae7                sysCallOpenDir(regs*)
                0x00000000c003eb54                sysCallTTYName(regs*)
                0x00000000c003ebd0                sysCallGetEnv(regs*)
                0x00000000c003ec22                sysCallSpawn(regs*)
                0x00000000c003ec92                sysCallTellDir(regs*)
                0x00000000c003ec97                string_ends_with(char const*, char const*)
                0x00000000c003ecdf                setupSystemCalls()
                0x00000000c003ee8e                systemCall(regs*, void*)
 .text          0x00000000c003eed0      0xe4b core/terminal.32
                0x00000000c003eed0                VgaText::isAtty()
                0x00000000c003eed4                VgaText::~VgaText()
                0x00000000c003eed4                VgaText::~VgaText()
                0x00000000c003eee4                VgaText::~VgaText()
                0x00000000c003ef0a                VgaText::read(unsigned long long, void*, int*)
                0x00000000c003ef2a                setTerminalScrollLock(bool)
                0x00000000c003ef2b                addToTerminalCycle(VgaText*)
                0x00000000c003ef58                installVgaTextImplementation()
                0x00000000c003ef6d                scrollTerminalScrollLock(int)
                0x00000000c003ef6e                VgaText::load()
                0x00000000c003efc2                VgaText::writeCharacter(char, VgaColour, VgaColour, int, int)
                0x00000000c003f016                VgaText::updateCursor()
                0x00000000c003f030                VgaText::scrollScreen()
                0x00000000c003f0c2                VgaText::showCursor(bool)
                0x00000000c003f0d2                VgaText::disableBlink(bool)
                0x00000000c003f10c                setActiveTerminal(VgaText*)
                0x00000000c003f1a1                doTerminalCycle()
                0x00000000c003f1be                VgaText::doANSI_SGR(int)
                0x00000000c003f24a                VgaText::setDefaultBgColour(VgaColour)
                0x00000000c003f260                VgaText::setDefaultFgColour(VgaColour)
                0x00000000c003f276                VgaText::setDefaultColours(VgaColour, VgaColour)
                0x00000000c003f29c                VgaText::combineColours(unsigned char, unsigned char)
                0x00000000c003f2ae                VgaText::combineCharAndColour(char, unsigned char)
                0x00000000c003f2c0                VgaText::getCursorX()
                0x00000000c003f2cc                VgaText::getCursorY()
                0x00000000c003f2d8                VgaText::setCursor(int, int)
                0x00000000c003f2f6                VgaText::setCursorX(int)
                0x00000000c003f30a                VgaText::setCursorY(int)
                0x00000000c003f31e                VgaText::incrementCursor(bool)
                0x00000000c003f386                VgaText::updateRAMUsageDisplay(int)
                0x00000000c003f3bc                VgaText::updateDiskUsage()
                0x00000000c003f4f4                VgaText::updateTitle()
                0x00000000c003f53a                VgaText::setTitleTextColour(VgaColour)
                0x00000000c003f54a                VgaText::setTitleColour(VgaColour)