Archive member included to satisfy reference by file (symbol)

/cygdrive/d/Users/Alex/Desktop/Toolchain/Output/bin/../lib/gcc/i386-banana/8.1.0/libkgcc.a(_divdi3.o)
                              fs/fat/ff.32 (__divdi3)
/cygdrive/d/Users/Alex/Desktop/Toolchain/Output/bin/../lib/gcc/i386-banana/8.1.0/libkgcc.a(_moddi3.o)
                              thr/elf.32 (__moddi3)
/cygdrive/d/Users/Alex/Desktop/Toolchain/Output/bin/../lib/gcc/i386-banana/8.1.0/libkgcc.a(_udivdi3.o)
                              fs/fat/ff.32 (__udivdi3)
/cygdrive/d/Users/Alex/Desktop/Toolchain/Output/bin/../lib/gcc/i386-banana/8.1.0/libkgcc.a(_umoddi3.o)
                              core/pipe.32 (__umoddi3)
D:/Users/Alex/Desktop/Banana/kernel/libsoftfp.a(sfieeelib.o)
                              hal/sound/sndhw.32 (__addsf3)
D:/Users/Alex/Desktop/Banana/kernel/libsoftfp.a(dfieeelib.o)
                              hal/libresample/src_linear.32 (__adddf3)
D:/Users/Alex/Desktop/Banana/kernel/libsoftfp.a(sfdfcvt.o)
                              hal/libresample/samplerate.32 (__truncdfsf2)
D:/Users/Alex/Desktop/Banana/kernel/libk/libm32.a(s_fabs.c.o)
                              hal/libresample/samplerate.32 (fabs)
D:/Users/Alex/Desktop/Banana/kernel/libk/libm32.a(s_lrint.S.o)
                              hal/libresample/samplerate.32 (lrint)
D:/Users/Alex/Desktop/Banana/kernel/libk/libm32.a(s_lrintf.S.o)
                              hal/sound/sndhw.32 (lrintf)

Discarded input sections

 .comment       0x0000000000000000       0x12 /cygdrive/d/Users/Alex/Desktop/Toolchain/Output/bin/../lib/gcc/i386-banana/8.1.0/crtbegin.o
 .comment       0x0000000000000000       0x12 acpica/utclib.32
 .comment       0x0000000000000000       0x12 core/malloc.32
 .comment       0x0000000000000000       0x12 libk/string.32
 .comment       0x0000000000000000       0x12 fs/fat/diskio.32
 .comment       0x0000000000000000       0x12 fs/fat/ff.32
 .comment       0x0000000000000000       0x12 fs/fat/ffsystem.32
 .comment       0x0000000000000000       0x12 fs/fat/ffunicode.32
 .comment       0x0000000000000000       0x12 hal/libresample/samplerate.32
 .comment       0x0000000000000000       0x12 hal/libresample/src_linear.32
 .comment       0x0000000000000000       0x12 hal/libresample/src_sinc.32
 .comment       0x0000000000000000       0x12 hal/libresample/src_zoh.32
 .group         0x0000000000000000       0x14 core/computer.32
 .group         0x0000000000000000        0xc core/computer.32
 .comment       0x0000000000000000       0x12 core/computer.32
 .comment       0x0000000000000000       0x12 core/gdt.32
 .group         0x0000000000000000        0xc core/idle.32
 .comment       0x0000000000000000       0x12 core/idle.32
 .comment       0x0000000000000000       0x12 core/idt.32
 .group         0x0000000000000000        0x8 core/kheap.32
 .group         0x0000000000000000        0x8 core/kheap.32
 .comment       0x0000000000000000       0x12 core/kheap.32
 .comment       0x0000000000000000       0x12 core/main.32
 .comment       0x0000000000000000       0x12 core/physmgr.32
 .group         0x0000000000000000        0xc core/pipe.32
 .comment       0x0000000000000000       0x12 core/pipe.32
 .group         0x0000000000000000        0xc core/terminal.32
 .comment       0x0000000000000000       0x12 core/terminal.32
 .group         0x0000000000000000        0x8 core/tss.32
 .text._ZN3CPU7readCR3Ev
                0x0000000000000000       0x12 core/tss.32
 .comment       0x0000000000000000       0x12 core/tss.32
 .group         0x0000000000000000        0x8 core/unixfile.32
 .group         0x0000000000000000        0xc core/unixfile.32
 .group         0x0000000000000000        0xc core/unixfile.32
 .group         0x0000000000000000        0x8 core/unixfile.32
 .group         0x0000000000000000        0xc core/unixfile.32
 .group         0x0000000000000000        0x8 core/unixfile.32
 .group         0x0000000000000000        0xc core/unixfile.32
 .group         0x0000000000000000        0xc core/unixfile.32
 .comment       0x0000000000000000       0x12 core/unixfile.32
 .group         0x0000000000000000        0x8 core/virtmgr.32
 .group         0x0000000000000000        0x8 core/virtmgr.32
 .text._ZN3CPU7readCR3Ev
                0x0000000000000000       0x12 core/virtmgr.32
 .text._ZN3CPU8writeCR3Em
                0x0000000000000000        0x9 core/virtmgr.32
 .comment       0x0000000000000000       0x12 core/virtmgr.32
 .comment       0x0000000000000000       0x12 coreobjs/c++.32
 .comment       0x0000000000000000       0x12 dbg/kconsole.32
 .group         0x0000000000000000        0xc fs/vfs.32
 .group         0x0000000000000000        0xc fs/vfs.32
 .group         0x0000000000000000        0xc fs/vfs.32
 .comment       0x0000000000000000       0x12 fs/vfs.32
 .group         0x0000000000000000        0xc hal/bus.32
 .comment       0x0000000000000000       0x12 hal/bus.32
 .group         0x0000000000000000        0xc hal/buzzer.32
[...]
Memory Configuration

Name             Origin             Length             Attributes
*default*        0x0000000000000000 0xffffffffffffffff

Linker script and memory map

LOAD D:/Users/Alex/Desktop/Banana/kernel/boot.32
LOAD crti.32
LOAD /cygdrive/d/Users/Alex/Desktop/Toolchain/Output/bin/../lib/gcc/i386-banana/8.1.0/crtbegin.o
LOAD D:/Users/Alex/Desktop/Banana/kernel/morenasm.32
LOAD acpica/utclib.32
LOAD core/malloc.32
LOAD libk/string.32
LOAD fs/fat/diskio.32
LOAD fs/fat/ff.32
LOAD fs/fat/ffsystem.32
LOAD fs/fat/ffunicode.32
LOAD hal/libresample/samplerate.32
LOAD hal/libresample/src_linear.32
LOAD hal/libresample/src_sinc.32
LOAD hal/libresample/src_zoh.32
LOAD core/computer.32
LOAD core/gdt.32
LOAD core/idle.32
LOAD core/idt.32
LOAD core/kheap.32
LOAD core/main.32
LOAD core/physmgr.32
LOAD core/pipe.32
LOAD core/terminal.32
LOAD core/tss.32
LOAD core/unixfile.32
LOAD core/virtmgr.32
LOAD coreobjs/c++.32
LOAD dbg/kconsole.32
LOAD fs/vfs.32
LOAD hal/bus.32
LOAD hal/buzzer.32
LOAD hal/clock.32
LOAD hal/device.32
LOAD hal/diskctrl.32
LOAD hal/diskphys.32
LOAD hal/fpu.32
LOAD hal/intctrl.32
LOAD hal/keybrd.32
LOAD hal/logidisk.32
LOAD hal/mouse.32
LOAD hal/partition.32
LOAD hal/timer.32
LOAD hal/vcache.32
LOAD hal/video.32
LOAD hw/acpi.32
LOAD hw/cpu.32
LOAD hw/ports.32
LOAD hw/x87em.32
LOAD krnl/panic.32
LOAD reg/registry.32
LOAD sys/sc_exit.32
LOAD sys/sc_loaddll.32
LOAD sys/sc_read.32
LOAD sys/sc_sbrk.32
LOAD sys/sc_write.32
LOAD sys/sc_yield.32
LOAD sys/syscalls.32
LOAD thr/elf.32
LOAD thr/prcssthr.32
LOAD vm86/vm8086.32
LOAD fs/fat/vfslink.32
LOAD fs/iso9660/vfslink.32
LOAD hal/sound/sndchannel.32
LOAD hal/sound/sndhw.32
LOAD hw/bus/isa.32
LOAD hw/bus/pci.32
LOAD hw/diskctrl/ide.32
LOAD hw/diskphys/ata.32
LOAD hw/diskphys/atapi.32
LOAD hw/fpu/avx.32
LOAD hw/fpu/mmx.32
LOAD hw/fpu/sse.32
LOAD hw/fpu/x87.32
LOAD hw/intctrl/apic.32
LOAD hw/intctrl/pic.32
LOAD hw/timer/apictimer.32
LOAD hw/timer/pit.32
LOAD hw/fpu/x86/avx.32
LOAD hw/fpu/x86/sse.32
LOAD hw/fpu/x86/x87.32
LOAD /cygdrive/d/Users/Alex/Desktop/Toolchain/Output/bin/../lib/gcc/i386-banana/8.1.0/crtend.o
LOAD crtn.32
LOAD /cygdrive/d/Users/Alex/Desktop/Toolchain/Output/bin/../lib/gcc/i386-banana/8.1.0/libkgcc.a
LOAD D:/Users/Alex/Desktop/Banana/kernel/libsoftfp.a
LOAD D:/Users/Alex/Desktop/Banana/kernel/libk/libm32.a
                0x00000000c0000000                . = 0xc0000000

.text           0x00000000c0000000    0x250d8
 *(.text)
 .text          0x00000000c0000000       0x41 D:/Users/Alex/Desktop/Banana/kernel/boot.32
                0x00000000c0000020                callGlobalConstructors
 .text          0x00000000c0000041        0x0 crti.32
 *fill*         0x00000000c0000041        0x3 
 .text          0x00000000c0000044      0x101 /cygdrive/d/Users/Alex/Desktop/Toolchain/Output/bin/../lib/gcc/i386-banana/8.1.0/crtbegin.o
 *fill*         0x00000000c0000145        0xb 
 .text          0x00000000c0000150      0x4fd D:/Users/Alex/Desktop/Banana/kernel/morenasm.32
                0x00000000c0000150                prepareTramp
                0x00000000c0000169                voodooXADD
                0x00000000c000022e                doTPAUSE
                0x00000000c0000238                hasLegacyFPU
                0x00000000c000025d                is486
                0x00000000c0000293                goToVM86
                0x00000000c00002c4                goToUsermode
                0x00000000c00002ef                switchToThreadASMFirstTime
                0x00000000c00002fd                switchToThreadASM
                0x00000000c000039d                detectCPUID
                0x00000000c00003b3                asmQuickAcquireLock
                0x00000000c00003d1                asmQuickReleaseLock
                0x00000000c00003dd                asmAcquireLock
                0x00000000c00003fe                asmReleaseLock
                0x00000000c0000411                loadGDT
                0x00000000c0000431                isr0
                0x00000000c0000441                isr1
                0x00000000c000044b                isr2
                0x00000000c0000455                isr3
                0x00000000c000045f                isr4
                0x00000000c0000469                isr5
                0x00000000c0000473                isr6
                0x00000000c000047d                isr7
                0x00000000c0000487                isr8
                0x00000000c000048f                isr9
                0x00000000c0000499                isr10
                0x00000000c00004a1                isr11
                0x00000000c00004a9                isr12
                0x00000000c00004b1                isr13
                0x00000000c00004b9                isr14
                0x00000000c00004c1                isr15
                0x00000000c00004cb                isr16
                0x00000000c00004d5                isr17
                0x00000000c00004df                isr18
                0x00000000c00004e9                isr96
                0x00000000c00004f3                irq0
                0x00000000c00004fd                irq1
                0x00000000c0000507                irq2
                0x00000000c0000511                irq3
                0x00000000c000051b                irq4
                0x00000000c0000525                irq5
                0x00000000c000052f                irq6
                0x00000000c0000539                irq7
                0x00000000c0000543                irq8
                0x00000000c000054d                irq9
                0x00000000c0000557                irq10
                0x00000000c0000561                irq11
                0x00000000c000056b                irq12
                0x00000000c0000575                irq13
                0x00000000c000057f                irq14
                0x00000000c0000589                irq15
                0x00000000c0000593                irq16
                0x00000000c000059d                irq17
                0x00000000c00005a7                irq18
                0x00000000c00005b1                irq19
                0x00000000c00005bb                irq20
                0x00000000c00005c5                irq21
                0x00000000c00005cf                irq22
                0x00000000c00005d9                irq23
                0x00000000c00005e3                int_common_stub
                0x00000000c0000613                syscall_common_stub
 .text          0x00000000c000064d      0x40f acpica/utclib.32
                0x00000000c000064d                memcmp
                0x00000000c0000678                memmove
                0x00000000c00006b0                memcpy
                0x00000000c00006e6                memset
                0x00000000c0000703                strlen
                0x00000000c0000713                strpbrk
                0x00000000c0000736                strtok
                0x00000000c0000785                strcpy
                0x00000000c00007a5                strncpy
                0x00000000c00007d6                strcmp
                0x00000000c00007f7                strchr
                0x00000000c000080d                strncmp
                0x00000000c000083c                strcat
                0x00000000c0000863                strncat
                0x00000000c000089d                strstr
                0x00000000c00008da                toupper
                0x00000000c00008ee                tolower
                0x00000000c0000902                simple_strtoul
 .text          0x00000000c0000a5c      0xfbf core/malloc.32
                0x00000000c0000bc7                dlfree
                0x00000000c0000f22                dlmalloc
                0x00000000c000145f                dlrealloc
                0x00000000c0001614                dlmemalign
                0x00000000c0001737                dlcalloc
                0x00000000c00017d1                dlcfree
                0x00000000c00017d6                dlindependent_calloc
                0x00000000c00017fb                dlindependent_comalloc
                0x00000000c0001812                dlvalloc
                0x00000000c000183d                dlpvalloc
                0x00000000c0001873                dlmalloc_trim
                0x00000000c0001880                dlmalloc_usable_size
                0x00000000c00018b1                dlmallinfo
                0x00000000c0001980                dlmalloc_stats
                0x00000000c0001991                dlmallopt
 .text          0x00000000c0001a1b        0x0 libk/string.32
 .text          0x00000000c0001a1b       0x51 fs/fat/diskio.32
                0x00000000c0001a1b                disk_status
                0x00000000c0001a1e                disk_initialize
                0x00000000c0001a21                disk_read
                0x00000000c0001a37                disk_write
                0x00000000c0001a4d                disk_ioctl
 .text          0x00000000c0001a6c     0x6833 fs/fat/ff.32
                0x00000000c0004d3a                f_mount
                0x00000000c0004d9c                f_open
                0x00000000c00051d8                f_read
                0x00000000c0005458                f_write
                0x00000000c0005712                f_sync
                0x00000000c00058ee                f_close
                0x00000000c000591d                f_lseek
                0x00000000c0005dd4                f_opendir
                0x00000000c0005ed6                f_closedir
                0x00000000c0005ef8                f_readdir
                0x00000000c0005f93                f_stat
                0x00000000c0006022                f_getfree
                0x00000000c00061ed                f_truncate
                0x00000000c00062e5                f_unlink
                0x00000000c0006468                f_mkdir
                0x00000000c0006694                f_rename
                0x00000000c0006987                f_chmod
                0x00000000c0006a65                f_utime
                0x00000000c0006b43                f_getlabel
                0x00000000c0006d31                f_setlabel
                0x00000000c0006f9e                f_forward
                0x00000000c000717c                f_mkfs
 .text          0x00000000c000829f       0x2d fs/fat/ffsystem.32
                0x00000000c000829f                ff_memalloc
                0x00000000c00082b5                ff_memfree
 .text          0x00000000c00082cc      0x253 fs/fat/ffunicode.32
                0x00000000c00082cc                ff_uni2oem
                0x00000000c000835c                ff_oem2uni
                0x00000000c00083c8                ff_wtoupper
 .text          0x00000000c000851f      0x8a1 hal/libresample/samplerate.32
                0x00000000c00085c6                src_delete
                0x00000000c0008602                src_process
                0x00000000c0008776                src_callback_read
                0x00000000c00088d1                src_set_ratio
                0x00000000c000891a                src_get_channels
                0x00000000c000893c                src_reset
                0x00000000c0008988                src_new
                0x00000000c0008a16                src_callback_new
                0x00000000c0008a78                src_get_name
                0x00000000c0008aaf                src_get_description
                0x00000000c0008ae6                src_get_version
                0x00000000c0008aec                src_is_valid_ratio
                0x00000000c0008b08                src_error
                0x00000000c0008b16                src_strerror
                0x00000000c0008b29                src_simple
                0x00000000c0008b7c                src_short_to_float_array
                0x00000000c0008be1                src_float_to_short_array
                0x00000000c0008ca0                src_int_to_float_array
                0x00000000c0008d03                src_float_to_int_array
 .text          0x00000000c0008dc0      0x8f0 hal/libresample/src_linear.32
                0x00000000c000960b                linear_get_name
                0x00000000c000961a                linear_get_description
                0x00000000c0009629                linear_set_converter
 .text          0x00000000c00096b0     0x40fd hal/libresample/src_sinc.32
                0x00000000c000d6c4                sinc_get_name
                0x00000000c000d6d7                sinc_get_description
                0x00000000c000d6ea                sinc_set_converter
 .text          0x00000000c000d7ad      0x7a6 hal/libresample/src_zoh.32
                0x00000000c000deae                zoh_get_name
                0x00000000c000debd                zoh_get_description
                0x00000000c000decc                zoh_set_converter
 *fill*         0x00000000c000df53        0x1 
 .text          0x00000000c000df54      0x9e1 core/computer.32
                0x00000000c000df54                Computer::close(int, int, void*)
                0x00000000c000df98                Computer::Computer()
                0x00000000c000df98                Computer::Computer()
                0x00000000c000e0f4                Computer::setBootMessage(char const*)
                0x00000000c000e0f6                Computer::start()
                0x00000000c000e1d2                firstTask()
                0x00000000c000e1e0                Computer::detectFeatures()
                0x00000000c000e3ba                Computer::displayFeatures()
                0x00000000c000e700                Computer::rdmsr(unsigned int)
                0x00000000c000e72c                Computer::wrmsr(unsigned int, unsigned long long)
                0x00000000c000e764                Computer::nmiEnabled()
                0x00000000c000e770                Computer::readCMOS(unsigned char)
                0x00000000c000e78a                Computer::enableNMI(bool)
                0x00000000c000e7a2                Computer::open(int, int, void*)
                0x00000000c000e878                Computer::disableNMI()
                0x00000000c000e886                Computer::writeCMOS(unsigned char, unsigned char)
                0x00000000c000e8a4                Computer::handleNMI()
                0x00000000c000e90a                Computer::setDiskActivityLight(int, bool)
 *fill*         0x00000000c000e935        0x1 
 .text          0x00000000c000e936      0x1b7 core/gdt.32
                0x00000000c000e936                GDTEntry::setBase(unsigned int)
                0x00000000c000e952                GDTEntry::setLimit(unsigned int)
                0x00000000c000e970                GDT::GDT()
                0x00000000c000e970                GDT::GDT()
                0x00000000c000e986                GDT::addEntry(GDTEntry)
                0x00000000c000e9c2                GDT::getNumberOfEntries()
                0x00000000c000e9ca                GDT::flush()
                0x00000000c000e9ec                GDT::setup()
 .text          0x00000000c000eaed       0x61 core/idle.32
                0x00000000c000eaed                idleFunction(void*)
 .text          0x00000000c000eb4e      0x45f core/idt.32
                0x00000000c000eb4e                IDTEntry::IDTEntry(bool)
                0x00000000c000eb4e                IDTEntry::IDTEntry(bool)
                0x00000000c000ebbc                IDTEntry::setOffset(unsigned int)
                0x00000000c000ebd0                IDT::IDT()
                0x00000000c000ebd0                IDT::IDT()
                0x00000000c000ebd2                IDT::getPointerToInvalidOpcodeEntryForF00F()
                0x00000000c000ebda                IDT::addEntry(IDTEntry, int)
                0x00000000c000ebf4                IDT::addEntry(int, void (*)(), bool)
                0x00000000c000ec2c                IDT::flush()
                0x00000000c000ec46                IDT::setup()
 .text          0x00000000c000efad      0x20d core/kheap.32
                0x00000000c000efad                sbrk
                0x00000000c000f0c5                mmap
                0x00000000c000f0db                munmap
                0x00000000c000f0f1                liballoc_lock()
                0x00000000c000f102                liballoc_unlock()
                0x00000000c000f113                liballoc_alloc(int)
                0x00000000c000f12e                liballoc_free(void*, int)
                0x00000000c000f14c                realloc
                0x00000000c000f160                malloc
                0x00000000c000f170                free
                0x00000000c000f180                rfree
                0x00000000c000f190                calloc
 .text          0x00000000c000f1ba      0x38d core/main.32
                0x00000000c000f1ba                hwTextMode_loadInData(VgaText*)
                0x00000000c000f1ff                hwTextMode_loadInTitle(VgaText*, char*)
                0x00000000c000f241                hwTextMode_showCursor(VgaText*, bool)
                0x00000000c000f295                hwTextMode_update(VgaText*)
                0x00000000c000f296                hwTextMode_updateCursor(VgaText*)
                0x00000000c000f2de                hwTextMode_disableBlink(VgaText*, bool)
                0x00000000c000f31a                hwTextMode_scrollScreen(VgaText*)
                0x00000000c000f3a0                hwTextMode_writeCharacter(VgaText*, char, VgaColour, VgaColour, int, int)
                0x00000000c000f3fe                setupTextMode()
                0x00000000c000f44f                kernel_main
 .text          0x00000000c000f547      0x4f3 core/physmgr.32
                0x00000000c000f547                Phys::allocateDMA(unsigned long)
                0x00000000c000f5ea                Phys::freeDMA(unsigned long, unsigned long)
                0x00000000c000f632                Phys::setPageState(unsigned long, bool)
                0x00000000c000f664                Phys::getPageState(unsigned long)
                0x00000000c000f680                Phys::freePage(unsigned long)
                0x00000000c000f70a                Phys::allocatePage()
                0x00000000c000f7d2                Phys::allowSegmentToBeUsed(unsigned long, unsigned long)
                0x00000000c000f80a                Phys::physicalMemorySetup(unsigned int)
 .text          0x00000000c000fa3a      0x273 core/pipe.32
                0x00000000c000fa3a                Pipe::isAtty()
                0x00000000c000fa3e                Pipe::~Pipe()
                0x00000000c000fa3e                Pipe::~Pipe()
                0x00000000c000fa62                Pipe::~Pipe()
                0x00000000c000fa8a                Pipe::read(unsigned long long, void*, int*)
                0x00000000c000fb7e                Pipe::write(unsigned long long, void*, int*)
                0x00000000c000fc46                Pipe::Pipe(int)
                0x00000000c000fc46                Pipe::Pipe(int)
 *fill*         0x00000000c000fcad        0x1 
 .text          0x00000000c000fcae      0xf65 core/terminal.32
                0x00000000c000fcae                VgaText::isAtty()
                0x00000000c000fcb2                VgaText::~VgaText()
                0x00000000c000fcb2                VgaText::~VgaText()
                0x00000000c000fcd6                VgaText::~VgaText()
                0x00000000c000fd00                VgaText::read(unsigned long long, void*, int*)
                0x00000000c000fd20                setTerminalScrollLock(bool)
                0x00000000c000fd21                addToTerminalCycle(VgaText*)
                0x00000000c000fd4e                installVgaTextImplementation()
                0x00000000c000fd63                scrollTerminalScrollLock(int)
                0x00000000c000fd64                VgaText::load()
                0x00000000c000fdb8                VgaText::updateCursor()
                0x00000000c000fdd2                VgaText::showCursor(bool)
                0x00000000c000fde2                VgaText::disableBlink(bool)
                0x00000000c000fe1c                VgaText::doANSI_SGR(int)
                0x00000000c000fea8                VgaText::setDefaultBgColour(VgaColour)
                0x00000000c000febe                VgaText::setDefaultFgColour(VgaColour)
                0x00000000c000fed4                VgaText::setDefaultColours(VgaColour, VgaColour)
                0x00000000c000fef4                VgaText::combineColours(unsigned char, unsigned char)
                0x00000000c000ff06                VgaText::scrollScreen()
                0x00000000c000ff9a                VgaText::combineCharAndColour(char, unsigned char)
                0x00000000c000ffac                VgaText::writeCharacter(char, VgaColour, VgaColour, int, int)
                0x00000000c001000c                VgaText::getCursorX()
                0x00000000c0010018                VgaText::getCursorY()
                0x00000000c0010024                VgaText::setCursor(int, int)
                0x00000000c0010042                VgaText::setCursorX(int)
                0x00000000c001005e                VgaText::setCursorY(int)
                0x00000000c001007a                VgaText::incrementCursor(bool)
                0x00000000c00100e2                VgaText::updateRAMUsageDisplay(int)
                0x00000000c001013c                VgaText::updateDiskUsage()
                0x00000000c00102a2                VgaText::updateTitle()
                0x00000000c00102e8                VgaText::setTitleTextColour(VgaColour)
                0x00000000c00102f8                VgaText::setTitleColour(VgaColour)
                0x00000000c0010308                VgaText::setTitle(char*)
                0x00000000c001032e                VgaText::decrementCursor(bool)
                0x00000000c0010356                VgaText::putchar(char, VgaColour, VgaColour)
                0x00000000c0010452                VgaText::isShowingCursor()
                0x00000000c001045e                VgaText::isBlinkDisabled()
                0x00000000c001046c                VgaText::setCursorHeight(int)
                0x00000000c001048a                VgaText::getCursorHeight()
                0x00000000c0010495                setActiveTerminal(VgaText*)
                0x00000000c0010547                doTerminalCycle()
                0x00000000c0010564                VgaText::doUpdate()
                0x00000000c0010576                VgaText::puts(char const*, VgaColour, VgaColour)
                0x00000000c0010736                VgaText::clearScreen()
                0x00000000c001079a                VgaText::putchar(char)
                0x00000000c00108b4                VgaText::puts(char const*)
                0x00000000c00108da                VgaText::putx(unsigned int)
                0x00000000c0010920                VgaText::VgaText(char const*)
                0x00000000c0010920                VgaText::VgaText(char const*)
                0x00000000c0010ab2                VgaText::receiveKey(unsigned char)
                0x00000000c0010b9a                VgaText::write(unsigned long long, void*, int*)
                0x00000000c0010bee                newTerminal(char*)
 *fill*         0x00000000c0010c13        0x1 
 .text          0x00000000c0010c14      0x18f core/tss.32
                0x00000000c0010c14                TSS::TSS()
                0x00000000c0010c14                TSS::TSS()
                0x00000000c0010c22                TSS::setESP(unsigned long)
                0x00000000c0010c34                TSS::flush()
                0x00000000c0010c54                TSS::setup(unsigned long, unsigned long)
 *fill*         0x00000000c0010da3        0x1 
 .text          0x00000000c0010da4      0x482 core/unixfile.32
                0x00000000c0010da4                ReservedFilename::read(unsigned long long, void*, int*)
                0x00000000c0010dfa                ReservedFilename::isAtty()
                0x00000000c0010e16                ReservedFilename::write(unsigned long long, void*, int*)
                0x00000000c0010e74                UnixFile::getFileDescriptor()
                0x00000000c0010e7c                UnixFile::UnixFile(int)
                0x00000000c0010e7c                UnixFile::UnixFile(int)
                0x00000000c0010fec                ReservedFilename::ReservedFilename(int)
                0x00000000c0010fec                ReservedFilename::ReservedFilename(int)
                0x00000000c001101e                UnixFile::~UnixFile()
                0x00000000c001101e                UnixFile::~UnixFile()
                0x00000000c00110b6                UnixFile::~UnixFile()
                0x00000000c00110de                ReservedFilename::~ReservedFilename()
                0x00000000c00110de                ReservedFilename::~ReservedFilename()
                0x00000000c0011102                ReservedFilename::~ReservedFilename()
                0x00000000c0011129                getFromFileDescriptor(int)
 .text          0x00000000c0011226      0xec7 core/virtmgr.32
                0x00000000c0011226                Virt::setPageState(unsigned long, Virt::VirtPageState)
                0x00000000c001125b                Virt::getPageState(unsigned long)
                0x00000000c001127f                Virt::allocateKernelVirtualPages(int)
                0x00000000c0011390                Virt::virtualMemorySetup()
                0x00000000c001140f                Virt::getAKernelVAS()
                0x00000000c0011415                Virt::setupPageSwapping(int)
                0x00000000c001153a                VAS::VAS()
                0x00000000c001153a                VAS::VAS()
                0x00000000c001156a                VAS::VAS(VAS*)
                0x00000000c001156a                VAS::VAS(VAS*)
                0x00000000c001158e                VAS::getForeignPageTableEntry(bool, unsigned long)
                0x00000000c00115ba                VAS::getPageTableEntry(unsigned long)
                0x00000000c00115d9                Virt::freeKernelVirtualPages(unsigned long)
                0x00000000c00116fc                VAS::freeAllocatedPages(unsigned long)
                0x00000000c0011720                VAS::virtualToPhysical(unsigned long)
                0x00000000c0011738                VAS::reflagRange(unsigned long, int, int, int)
                0x00000000c0011778                VAS::setToWriteCombining(unsigned long, int)
                0x00000000c00117b0                VAS::mapOtherVASIn(bool, VAS*)
                0x00000000c00117e6                VAS::~VAS()
                0x00000000c00117e6                VAS::~VAS()
                0x00000000c0011952                VAS::mapPage(unsigned long, unsigned long, int)
                0x00000000c0011a52                VAS::allocatePages(int, int)
                0x00000000c0011c22                VAS::setCPUSpecific(unsigned long)
                0x00000000c0011c3e                VAS::mapRange(unsigned long, unsigned long, int, int)
                0x00000000c0011d08                VAS::mapForeignPage(bool, VAS*, unsigned long, unsigned long, int)
                0x00000000c0011df6                VAS::VAS(bool)
                0x00000000c0011df6                VAS::VAS(bool)
                0x00000000c0012026                mapVASFirstTime
 .text          0x00000000c00120ed       0x93 coreobjs/c++.32
                0x00000000c00120ed                __cxa_atexit
                0x00000000c00120f0                __cxa_finalize
                0x00000000c00120f1                __stack_chk_fail
                0x00000000c0012151                __cxa_pure_virtual
                0x00000000c0012162                operator new(unsigned long)
                0x00000000c0012167                operator new[](unsigned long)
                0x00000000c001216c                operator delete(void*)
                0x00000000c0012171                operator delete(void*, unsigned long)
                0x00000000c0012176                operator delete[](void*)
                0x00000000c001217b                operator delete[](void*, unsigned long)
 .text          0x00000000c0012180      0x1ef dbg/kconsole.32
                0x00000000c0012180                Dbg::stringifyxWithBase(unsigned int, char*, int)
                0x00000000c00121e1                Dbg::logc(char)
                0x00000000c00121f8                Dbg::logs(char*)
                0x00000000c0012215                Dbg::logWriteInt(unsigned int)
                0x00000000c0012232                Dbg::logWriteIntBase(unsigned int, int)
                0x00000000c0012251                Dbg::kprintf(char const*, ...)
 *fill*         0x00000000c001236f        0x1 
 .text          0x00000000c0012370      0xb68 fs/vfs.32
                0x00000000c0012370                File::read(unsigned long long, void*, int*)
                0x00000000c00123c8                File::write(unsigned long long, void*, int*)
                0x00000000c0012420                Directory::read(unsigned long long, void*, int*)
                0x00000000c0012478                Directory::write(unsigned long long, void*, int*)
                0x00000000c00124a6                File::isAtty()
                0x00000000c00124aa                Directory::isAtty()
                0x00000000c00124ae                Filesystem::getlabel(LogicalDisk*, int, char*, unsigned int*)
                0x00000000c00124b4                Filesystem::setlabel(LogicalDisk*, int, char*)
                0x00000000c00124ba                File::~File()
                0x00000000c00124ba                File::~File()
                0x00000000c00124de                File::~File()
                0x00000000c0012508                Directory::~Directory()
                0x00000000c0012508                Directory::~Directory()
                0x00000000c001252c                Directory::~Directory()
                0x00000000c0012556                Filesystem::Filesystem()
                0x00000000c0012556                Filesystem::Filesystem()
                0x00000000c001257a                Filesystem::~Filesystem()
                0x00000000c001257a                Filesystem::~Filesystem()
                0x00000000c0012588                Filesystem::~Filesystem()
                0x00000000c00125ac                initVFS()
                0x00000000c00125d6                standardiseFiles(char*, char const*, char const*)
                0x00000000c0012780                File::File(char const*, Process*)
                0x00000000c0012780                File::File(char const*, Process*)
                0x00000000c00127e4                File::open(FileOpenMode)
                0x00000000c0012842                File::close()
                0x00000000c00128a2                File::seek(unsigned long long)
                0x00000000c00128f8                File::tell(unsigned long long*)
                0x00000000c0012948                File::rewind()
                0x00000000c001295c                File::unlink()
                0x00000000c00129a8                File::rename(char const*)
                0x00000000c00129f6                File::chfatattr(unsigned char, unsigned char)
                0x00000000c0012a52                File::exists()
                0x00000000c0012a90                File::stat(unsigned long long*, bool*)
                0x00000000c0012af1                getcwd(Process*, char*, int)
                0x00000000c0012b1b                setcwd(Process*, char*)
                0x00000000c0012c42                Directory::Directory(char const*, Process*)
                0x00000000c0012c42                Directory::Directory(char const*, Process*)
                0x00000000c0012ca6                Directory::open()
                0x00000000c0012d02                Directory::close()
                0x00000000c0012d62                Directory::unlink()
                0x00000000c0012dae                Directory::rename(char const*)
                0x00000000c0012dfc                Directory::exists()
                0x00000000c0012e3a                Directory::read(dirent*)
                0x00000000c0012e86                Directory::create()
                0x00000000c0012ed2                Filesystem::chfatattr(char const*, unsigned char, unsigned char)
 .text          0x00000000c0012ed8       0x84 hal/bus.32
                0x00000000c0012ed8                Bus::Bus(char const*)
                0x00000000c0012ed8                Bus::Bus(char const*)
                0x00000000c0012f0e                Bus::~Bus()
                0x00000000c0012f0e                Bus::~Bus()
                0x00000000c0012f32                Bus::~Bus()
 .text          0x00000000c0012f5c      0x14e hal/buzzer.32
                0x00000000c0012f5c                Buzzer::Buzzer(char const*)
                0x00000000c0012f5c                Buzzer::Buzzer(char const*)
                0x00000000c0012fa0                Buzzer::~Buzzer()
                0x00000000c0012fa0                Buzzer::~Buzzer()
                0x00000000c0012fc4                Buzzer::~Buzzer()
                0x00000000c0012fee                Buzzer::stop()
                0x00000000c0013001                beepThread(void*)
                0x00000000c001303c                Buzzer::beep(int, int, bool)
 .text          0x00000000c00130aa      0x42f hal/clock.32
                0x00000000c00130aa                loadClockSettings()
                0x00000000c00130c4                Clock::Clock(char const*)
                0x00000000c00130c4                Clock::Clock(char const*)
                0x00000000c00130fa                Clock::~Clock()
                0x00000000c00130fa                Clock::~Clock()
                0x00000000c001311e                Clock::~Clock()
                0x00000000c0013148                Clock::timeInSecondsLocal()
                0x00000000c0013190                Clock::setTimeInSecondsLocal(unsigned long long)
                0x00000000c00131e9                datetimeToSeconds(datetime_t)
                0x00000000c0013310                Clock::setTimeInDatetimeLocal(datetime_t)
                0x00000000c0013370                secondsToDatetime(unsigned long long)
                0x00000000c00134b4                Clock::timeInDatetimeLocal()
 *fill*         0x00000000c00134d9        0x1 
 .text          0x00000000c00134da      0x504 hal/device.32
                0x00000000c00134da                Device::hibernate()
                0x00000000c00134dc                Device::wake()
                0x00000000c00134de                Device::detect()
                0x00000000c00134e0                Device::disableLegacy()
                0x00000000c00134e2                Device::powerSaving(PowerSavingLevel)
                0x00000000c00134e4                DriverlessDevice::close(int, int, void*)
                0x00000000c00134e8                DriverlessDevice::detect()
                0x00000000c00134ea                DriverlessDevice::open(int, int, void*)
                0x00000000c00134fe                Device::~Device()
                0x00000000c00134fe                Device::~Device()
                0x00000000c001350c                Device::~Device()
                0x00000000c0013534                Device::findAndLoadDriver()
                0x00000000c0013536                Device::preOpenPCI(PCIDeviceInfo)
                0x00000000c001355c                Device::preOpenACPI(void*, char*, char*)
                0x00000000c00135b0                Device::addIRQHandler(int, void (*)(regs*, void*), bool, void*)
                0x00000000c001360e                Device::removeIRQHandler(int, void (*)(regs*, void*), bool)
                0x00000000c001365c                Device::addChild(Device*)
                0x00000000c00136a0                Device::removeAllChildren()
                0x00000000c00136e6                Device::hibernateAll()
                0x00000000c0013716                Device::wakeAll()
                0x00000000c0013746                Device::detectAll()
                0x00000000c0013776                Device::disableLegacyAll()
                0x00000000c00137a6                Device::loadDriversForAll()
                0x00000000c00137d2                Device::closeAll()
                0x00000000c0013808                Device::powerSavingAll(PowerSavingLevel)
                0x00000000c001383e                Device::setName(char const*)
                0x00000000c001384c                Device::Device(char const*)
                0x00000000c001384c                Device::Device(char const*)
                0x00000000c001393e                Device::getName()
                0x00000000c0013948                DriverlessDevice::DriverlessDevice(char const*)
                0x00000000c0013948                DriverlessDevice::DriverlessDevice(char const*)
                0x00000000c0013970                Device::addToLinkedList(LinkedList<Device>&, DeviceType)
                0x00000000c00139b4                getDevicesOfType(DeviceType)
 .text          0x00000000c00139de       0x84 hal/diskctrl.32
                0x00000000c00139de                HardDiskController::HardDiskController(char const*)
                0x00000000c00139de                HardDiskController::HardDiskController(char const*)
                0x00000000c0013a14                HardDiskController::~HardDiskController()
                0x00000000c0013a14                HardDiskController::~HardDiskController()
                0x00000000c0013a38                HardDiskController::~HardDiskController()
 .text          0x00000000c0013a62       0xde hal/diskphys.32
                0x00000000c0013a62                PhysicalDisk::PhysicalDisk(char const*, int)
                0x00000000c0013a62                PhysicalDisk::PhysicalDisk(char const*, int)
                0x00000000c0013aca                PhysicalDisk::startCache()
                0x00000000c0013af2                PhysicalDisk::~PhysicalDisk()
                0x00000000c0013af2                PhysicalDisk::~PhysicalDisk()
                0x00000000c0013b16                PhysicalDisk::~PhysicalDisk()
 .text          0x00000000c0013b40       0xbd hal/fpu.32
                0x00000000c0013b40                FPU::FPU(char const*)
                0x00000000c0013b40                FPU::FPU(char const*)
                0x00000000c0013b76                FPU::~FPU()
                0x00000000c0013b76                FPU::~FPU()
                0x00000000c0013b9a                FPU::~FPU()
                0x00000000c0013bc4                setupFPU()
 *fill*         0x00000000c0013bfd        0x1 
 .text          0x00000000c0013bfe     0x12c1 hal/intctrl.32
                0x00000000c0013bfe                InterruptController::uninstallISRHandler(int, void (*)(regs*, void*))
                0x00000000c0013c36                InterruptController::installISRHandler(int, void (*)(regs*, void*), void*)
                0x00000000c0013c88                doubleFault(regs*, void*)
                0x00000000c0013ca2                InterruptController::installIRQHandler(int, void (*)(regs*, void*), bool, void*)
                0x00000000c0013d3e                InterruptController::clearAllHandlers(int, bool)
                0x00000000c0013de6                InterruptController::uninstallIRQHandler(int, void (*)(regs*, void*), bool)
                0x00000000c0013e6d                nmiHandler(regs*, void*)
                0x00000000c0013e7b                int_handler
                0x00000000c0013f16                InterruptController::InterruptController(char const*)
                0x00000000c0013f16                InterruptController::InterruptController(char const*)
                0x00000000c0013fbc                InterruptController::~InterruptController()
                0x00000000c0013fbc                InterruptController::~InterruptController()
                0x00000000c0013fe0                InterruptController::~InterruptController()
                0x00000000c001400a                displayDebugInfo(regs*)
                0x00000000c0014421                x87EmulHandler(regs*, void*)
                0x00000000c0014469                gpFault(regs*, void*)
                0x00000000c00144a2                pgFault(regs*, void*)
                0x00000000c00144b9                otherISRHandler(regs*, void*)
                0x00000000c00144d8                opcodeFault(regs*, void*)
                0x00000000c0014a91                displayProgramFault(char const*)
                0x00000000c0014ab9                setupInterruptController()
                0x00000000c0014e72                InterruptController::convertLegacyIRQNumber(int)
 *fill*         0x00000000c0014ebf        0x1 
 .text          0x00000000c0014ec0      0x620 hal/keybrd.32
                0x00000000c0014ec0                startGUI(void*)
                0x00000000c0014f32                sendKeyToTerminal(unsigned char)
                0x00000000c0014f9e                sendKeyboardToken(KeyboardToken)
                0x00000000c0015379                clearInternalKeybuffer(VgaText*)
                0x00000000c00153ae                readKeyboard(VgaText*, char*, unsigned long)
                0x00000000c0015456                Keyboard::Keyboard(char const*)
                0x00000000c0015456                Keyboard::Keyboard(char const*)
                0x00000000c0015492                Keyboard::~Keyboard()
                0x00000000c0015492                Keyboard::~Keyboard()
                0x00000000c00154b6                Keyboard::~Keyboard()
 .text          0x00000000c00154e0      0x400 hal/logidisk.32
                0x00000000c00154e0                LogicalDisk::close(int, int, void*)
                0x00000000c00154e4                LogicalDisk::~LogicalDisk()
                0x00000000c00154e4                LogicalDisk::~LogicalDisk()
                0x00000000c0015508                LogicalDisk::~LogicalDisk()
                0x00000000c0015532                LogicalDisk::open(int, int, void*)
                0x00000000c0015546                LogicalDisk::absoluteToRelative(unsigned long long)
                0x00000000c001557e                LogicalDisk::relativeToAbsolute(unsigned long long)
                0x00000000c00155c4                LogicalDisk::LogicalDisk(char const*, PhysicalDisk*, unsigned long long, unsigned long long)
                0x00000000c00155c4                LogicalDisk::LogicalDisk(char const*, PhysicalDisk*, unsigned long long, unsigned long long)
                0x00000000c001567a                LogicalDisk::assignDriveLetter()
                0x00000000c0015730                LogicalDisk::mount()
                0x00000000c00157a2                LogicalDisk::unmount()
                0x00000000c00157b2                LogicalDisk::unassignDriveLetter()
                0x00000000c0015808                LogicalDisk::read(unsigned long long, int, void*)
                0x00000000c0015874                LogicalDisk::write(unsigned long long, int, void*)
 .text          0x00000000c00158e0       0x84 hal/mouse.32
                0x00000000c00158e0                Mouse::Mouse(char const*)
                0x00000000c00158e0                Mouse::Mouse(char const*)
                0x00000000c0015916                Mouse::~Mouse()
                0x00000000c0015916                Mouse::~Mouse()
                0x00000000c001593a                Mouse::~Mouse()
 .text          0x00000000c0015964      0x339 hal/partition.32
                0x00000000c0015964                makePartition(PhysicalDisk*, unsigned long long, unsigned long long)
                0x00000000c0015a0c                createPartitionsForDisk(PhysicalDisk*)
 *fill*         0x00000000c0015c9d        0x1 
 .text          0x00000000c0015c9e      0x2e7 hal/timer.32
                0x00000000c0015c9e                Timer::Timer(char const*)
                0x00000000c0015c9e                Timer::Timer(char const*)
                0x00000000c0015cd4                Timer::~Timer()
                0x00000000c0015cd4                Timer::~Timer()
                0x00000000c0015cf8                Timer::~Timer()
                0x00000000c0015d22                Timer::read()
                0x00000000c0015d2d                timerHandler(unsigned long long)
                0x00000000c0015e64                setupTimer(int)
 *fill*         0x00000000c0015f85        0x1 
 .text          0x00000000c0015f86      0x2d1 hal/vcache.32
                0x00000000c0015f86                VCache::VCache(PhysicalDisk*)
                0x00000000c0015f86                VCache::VCache(PhysicalDisk*)
                0x00000000c0016076                VCache::writeWriteBuffer()
                0x00000000c00160b2                VCache::~VCache()
                0x00000000c00160b2                VCache::~VCache()
                0x00000000c00160f2                VCache::~VCache()
                0x00000000c001611a                VCache::write(unsigned long long, int, void*)
                0x00000000c00161fe                VCache::read(unsigned long long, int, void*)
 *fill*         0x00000000c0016257        0x1 
 .text          0x00000000c0016258      0x26d hal/video.32
                0x00000000c0016258                Video::putrect(int, int, int, int, unsigned int)
                0x00000000c00162a2                Video::blit(unsigned int*, int, int, int, int)
                0x00000000c0016320                Video::clearScreen(unsigned int)
                0x00000000c0016354                Video::putpixel(int, int, unsigned int)
                0x00000000c0016362                Video::Video(char const*)
                0x00000000c0016362                Video::Video(char const*)
                0x00000000c0016398                Video::~Video()
                0x00000000c0016398                Video::~Video()
                0x00000000c00163bc                Video::~Video()
                0x00000000c00163e6                Video::isMonochrome()
                0x00000000c00163f2                Video::getWidth()
                0x00000000c00163fe                Video::getHeight()
                0x00000000c001640a                Video::drawCursor(int, int, unsigned char*, int)
 *fill*         0x00000000c00164c5        0x1 
 .text          0x00000000c00164c6      0xd04 hw/acpi.32
                0x00000000c00164c6                ACPI::close(int, int, void*)
                0x00000000c001657b                findRSDP()
                0x00000000c0016605                loadACPITables(unsigned char*)
                0x00000000c001682c                findRSDT(unsigned char*)
                0x00000000c001694a                findDataTable(unsigned char*, char*)
                0x00000000c00169e6                scanMADT()
                0x00000000c0016d7a                ACPI::ACPI()
                0x00000000c0016d7a                ACPI::ACPI()
                0x00000000c0016dda                ACPI::getPCIIRQAssignment(unsigned char, unsigned short, unsigned char)
                0x00000000c0016ebc                ACPI::registerPCIIRQAssignment(void*, unsigned short, unsigned char, unsigned char)
                0x00000000c0016fc2                ACPI::setScreenBrightnessLevel(void*, int)
                0x00000000c0016fc8                ACPI::writeSimpleBootFlag(SimpleBootFlagTable*)
                0x00000000c0017010                ACPI::open(int, int, void*)
                0x00000000c00171b2                ACPI::sleep()
 .text          0x00000000c00171ca     0x17a6 hw/cpu.32
                0x00000000c00171ca                CPU::close(int, int, void*)
                0x00000000c00171cd                lookupAMDCPUName(unsigned char, unsigned char)
                0x00000000c0017361                lookupIntelCPUName(unsigned char, unsigned char)
                0x00000000c001760f                AMD_K6_write_msr(unsigned int, unsigned int, unsigned int, REGS*)
                0x00000000c001762b                AMD_K6_read_msr(unsigned int, REGS*)
                0x00000000c0017643                AMD_K6_writeback(int, int, int)
                0x00000000c00176b6                cpuid(int, unsigned long*, unsigned long*, unsigned long*, unsigned long*)
                0x00000000c0017739                cpuidCheckEDX(unsigned int)
                0x00000000c0017766                cpuidCheckECX(unsigned int)
                0x00000000c0017793                cpuidCheckExtendedEBX(unsigned int)
                0x00000000c00177c0                cpuidCheckExtendedECX(unsigned int)
                0x00000000c00177ed                getCPUNumber()
                0x00000000c00177f0                thisCPU()
                0x00000000c0017804                CPU::CPU()
                0x00000000c0017804                CPU::CPU()
                0x00000000c0017892                CPU::displayFeatures()
                0x00000000c0017b0e                CPU::detectFeatures()
                0x00000000c0018500                CPU::setupSMEP()
                0x00000000c001851a                CPU::setupUMIP()
                0x00000000c0018532                CPU::setupTSC()
                0x00000000c001854a                CPU::setupLargePages()
                0x00000000c0018562                CPU::setupPAT()
                0x00000000c001859e                CPU::setupMTRR()
                0x00000000c00185a0                CPU::setupGlobalPages()
                0x00000000c00185b6                CPU::allowUsermodeDataAccess()
                0x00000000c00185c8                CPU::prohibitUsermodeDataAccess()
                0x00000000c00185da                CPU::setupSMAP()
                0x00000000c0018600                CPU::setupFeatures()
                0x00000000c00186a2                CPU::open(int, int, void*)
                0x00000000c0018778                CPU::decodeAddress(regs*, int*, bool*, unsigned char*)
 .text          0x00000000c0018970        0x0 hw/ports.32
 .text          0x00000000c0018970     0x105a hw/x87em.32
                0x00000000c0018970                fpuInternalTo32(unsigned long long)
                0x00000000c0018a70                fpuInternalTo64(unsigned long long)
                0x00000000c0018a8d                fpu32ToInternal(unsigned int)
                0x00000000c0018b09                fpu64ToInternal(unsigned long long)
                0x00000000c0018b26                fpuFloatToLong(unsigned long long)
                0x00000000c0018c03                fpuULongToFloat(unsigned long long)
                0x00000000c0018ccb                fpuLongToFloat(long long)
                0x00000000c0018dee                fpuGet0()
                0x00000000c0018df9                fpuGet1()
                0x00000000c0018e04                fpuGetPi()
                0x00000000c0018e0f                fpuGetLog2E()
                0x00000000c0018e30                fpuGetLogE2()
                0x00000000c0018e51                fpuGetLog210()
                0x00000000c0018e72                fpuGetLog102()
                0x00000000c0018e93                fpuIsSecondLarger(unsigned long long, unsigned long long)
                0x00000000c0018ed4                fpuAreEqual(unsigned long long, unsigned long long)
                0x00000000c0018f12                fpuUnorderedCompare(unsigned long long, unsigned long long)
                0x00000000c0018fca                fpuAdd(unsigned long long, unsigned long long)
                0x00000000c0019005                fpuAbs(unsigned long long)
                0x00000000c0019022                fpuChs(unsigned long long)
                0x00000000c0019046                fpuSub(unsigned long long, unsigned long long)
                0x00000000c001908c                fpuMultiply(unsigned long long, unsigned long long)
                0x00000000c00190d3                fpuDivide(unsigned long long, unsigned long long)
                0x00000000c0019111                fpuSquare(unsigned long long)
                0x00000000c001913f                fpuGetReg(int)
                0x00000000c00191d7                fpuSetReg(int, unsigned long long)
                0x00000000c001928a                fpuPush(unsigned long long)
                0x00000000c0019342                fpuPop()
                0x00000000c00193ee                x87Handler(regs*)
 .text          0x00000000c00199ca      0x338 krnl/panic.32
                0x00000000c00199ca                Krnl::panic(char const*)
 .text          0x00000000c0019d02      0x503 reg/registry.32
                0x00000000c0019d02                Reg::findLineFromLoadedData(char*, char*, char*)
                0x00000000c0019e5a                Reg::getLineFromRegistry(char*, char*, char*, char*)
                0x00000000c0019fb9                Reg::getLine(char*, char*, char*)
                0x00000000c0019ff0                Reg::readInt(char*, char*, int*)
                0x00000000c001a0db                Reg::readString(char*, char*, char*, int)
                0x00000000c001a15c                Reg::readBool(char*, char*, bool*)
                0x00000000c001a181                Reg::readBoolWithDefault(char*, char*, bool)
                0x00000000c001a1ad                Reg::readIntWithDefault(char*, char*, int)
                0x00000000c001a1d9                Reg::readStringWithDefault(char*, char*, char*, int, char*)
 .text          0x00000000c001a205       0x18 sys/sc_exit.32
                0x00000000c001a205                Sys::exit(regs*)
 .text          0x00000000c001a21d       0x95 sys/sc_loaddll.32
                0x00000000c001a21d                Sys::loadDLL(regs*)
 .text          0x00000000c001a2b2       0x68 sys/sc_read.32
                0x00000000c001a2b2                Sys::read(regs*)
 .text          0x00000000c001a31a       0x55 sys/sc_sbrk.32
                0x00000000c001a31a                Sys::sbrk(regs*)
 .text          0x00000000c001a36f       0x68 sys/sc_write.32
                0x00000000c001a36f                Sys::write(regs*)
 .text          0x00000000c001a3d7       0x1a sys/sc_yield.32
                0x00000000c001a3d7                Sys::yield(regs*)
 .text          0x00000000c001a3f1      0xf85 sys/syscalls.32
                0x00000000c001a3f1                sysCallGetPID(regs*)
                0x00000000c001a3fd                sysCallSeekDir(regs*)
                0x00000000c001a402                sysCallTellDir(regs*)
                0x00000000c001a407                sysCallVerify(regs*)
                0x00000000c001a411                sysCallFork(regs*)
                0x00000000c001a41c                sysCallExecve(regs*)
                0x00000000c001a427                sysCallGetArgc(regs*)
                0x00000000c001a437                sysFormatDisk(regs*)
                0x00000000c001a4a1                sysSetDiskVolumeLabel(regs*)
                0x00000000c001a4e7                sysGetDiskVolumeLabel(regs*)
                0x00000000c001a538                sysShutdown(regs*)
                0x00000000c001a596                sysCallGetCwd(regs*)
                0x00000000c001a5b5                sysCallSetCwd(regs*)
                0x00000000c001a5d1                sysCallRealpath(regs*)
                0x00000000c001a614                sysCallReadDir(regs*)
                0x00000000c001a6a2                sysCallIsATTY(regs*)
                0x00000000c001a6fc                sysCallSeek(regs*)
                0x00000000c001a765                sysCallTell(regs*)
                0x00000000c001a7e2                sysCallSizeFromFilename(regs*)
                0x00000000c001a893                sysCallSize(regs*)
                0x00000000c001a916                sysCallClose(regs*)
                0x00000000c001a99e                sysCallOpenDir(regs*)
                0x00000000c001aa0b                sysCallMakeDir(regs*)
                0x00000000c001aa64                sysCallCloseDir(regs*)
                0x00000000c001aaca                sysCallWait(regs*)
                0x00000000c001aae4                sysCallRmdir(regs*)
                0x00000000c001ab36                sysCallUnlink(regs*)
                0x00000000c001ab88                sysCallGetArgv(regs*)
                0x00000000c001abd4                sysCallTTYName(regs*)
                0x00000000c001ac57                sysCallGetEnv(regs*)
                0x00000000c001aca9                sysCallUSleep(regs*)
                0x00000000c001acd0                sysCallSpawn(regs*)
                0x00000000c001ad28                sysAppSettings(regs*)
                0x00000000c001ae47                sysSetFatAttrib(regs*)
                0x00000000c001aea7                sysPanic(regs*)
                0x00000000c001aecd                sysPipe(regs*)
                0x00000000c001af12                sysGetUnixTime(regs*)
                0x00000000c001af26                string_ends_with(char const*, char const*)
                0x00000000c001af6e                sysCallOpen(regs*)
                0x00000000c001b17b                setupSystemCalls()
                0x00000000c001b334                systemCall(regs*, void*)
 .text          0x00000000c001b376     0x11c7 thr/elf.32
                0x00000000c001b376                Thr::allocateMemoryForTask(Process*, File*, unsigned long, unsigned long, unsigned long)
                0x00000000c001b5f3                Thr::loadProgramIntoMemory(Process*, char const*)
                0x00000000c001b809                Thr::runtimeReferenceHelper()
                0x00000000c001b81c                Thr::getAddressOfKernelSymbol(char const*)
                0x00000000c001b86b                Thr::loadKernelSymbolTable(char const*)
                0x00000000c001bb2c                Thr::loadDriverIntoMemory(char const*, unsigned long, bool)
                0x00000000c001c2ca                Thr::getDriverBaseFromAddress(unsigned long)
                0x00000000c001c2fc                Thr::getDriverNameFromAddress(unsigned long)
                0x00000000c001c333                Thr::getDriverOffsetFromAddress(unsigned long)
                0x00000000c001c34d                Thr::loadDLL(char const*, bool)
                0x00000000c001c513                Thr::executeDLL(unsigned long, void*)
 *fill*         0x00000000c001c53d        0x1 
 .text          0x00000000c001c53e      0xfce thr/prcssthr.32
                0x00000000c001c53e                changeTSS
                0x00000000c001c56c                Process::addArgs(char**)
                0x00000000c001c5c6                Process::Process(char const*, Process*, char**)
                0x00000000c001c5c6                Process::Process(char const*, Process*, char**)
                0x00000000c001c77e                Process::Process(bool, char const*, Process*, char**)
                0x00000000c001c77e                Process::Process(bool, char const*, Process*, char**)
                0x00000000c001c901                disableIRQs()
                0x00000000c001c909                getIRQNestingLevel()
                0x00000000c001c90f                enableIRQs()
                0x00000000c001c91e                lockScheduler()
                0x00000000c001c920                unlockScheduler()
                0x00000000c001c922                userModeEntryPoint(void*)
                0x00000000c001c945                lockStuff()
                0x00000000c001c951                taskStartupFunction
                0x00000000c001c95a                updateTimeUsed()
                0x00000000c001c9b8                switchToThread(ThreadControlBlock*)
                0x00000000c001ca08                Semaphore::Semaphore(int)
                0x00000000c001ca08                Semaphore::Semaphore(int)
                0x00000000c001ca36                Mutex::Mutex()
                0x00000000c001ca36                Mutex::Mutex()
                0x00000000c001ca48                Process::createThread(void (*)(void*), void*, int)
                0x00000000c001cb2c                Process::createUserThread()
                0x00000000c001cb48                setupMultitasking(void (*)())
                0x00000000c001cc52                schedule()
                0x00000000c001ccd7                unlockStuff()
                0x00000000c001cd0c                Semaphore::tryAcquire()
                0x00000000c001cd3a                Semaphore::assertLocked(char const*)
                0x00000000c001cd6a                blockTaskWithSchedulerLockAlreadyHeld(TaskState)
                0x00000000c001cdac                blockTask(TaskState)
                0x00000000c001cdcd                waitTask(int, int*, int)
                0x00000000c001ce0f                nanoSleepUntil(unsigned long long)
                0x00000000c001ce66                nanoSleep(unsigned long long)
                0x00000000c001ce7b                sleep(unsigned long long)
                0x00000000c001ce98                Semaphore::acquire()
                0x00000000c001cf00                taskReturned
                0x00000000c001cf2e                unblockTask(ThreadControlBlock*)
                0x00000000c001cfdd                cleanupTerminatedTask(ThreadControlBlock*)
                0x00000000c001d281                cleanerTaskFunction(void*)
                0x00000000c001d334                terminateTask(int)
                0x00000000c001d414                Thr::terminateFromIRQ(int)
                0x00000000c001d420                Semaphore::release()
 .text          0x00000000c001d50c      0x8bf vm86/vm8086.32
                0x00000000c001d50c                Vm::vm8086EntryPoint(void*)
                0x00000000c001d537                Vm::inbv(unsigned short)
                0x00000000c001d53d                Vm::outbv(unsigned short, unsigned char)
                0x00000000c001d547                Vm::realToLinear(unsigned short, unsigned short)
                0x00000000c001d557                Vm::getSegment(unsigned int)
                0x00000000c001d55f                Vm::getOffset(unsigned int)
                0x00000000c001d564                Vm::loadFileAsThread(Process*, char const*, unsigned short, unsigned short, unsigned short, unsigned short)
                0x00000000c001d693                Vm::doISR(regs*, int, unsigned char*, unsigned short, unsigned short)
                0x00000000c001d71d                Vm::readByteFromReal(unsigned short, unsigned short)
                0x00000000c001d72e                Vm::readWordFromReal(unsigned short, unsigned short)
                0x00000000c001d740                Vm::readDwordFromReal(unsigned short, unsigned short)
                0x00000000c001d751                Vm::writeByteFromReal(unsigned short, unsigned short, unsigned char)
                0x00000000c001d766                Vm::writeWordFromReal(unsigned short, unsigned short, unsigned short)
                0x00000000c001d77c                Vm::writeDwordFromReal(unsigned short, unsigned short, unsigned int)
                0x00000000c001d791                Vm::faultHandler(regs*)
 *fill*         0x00000000c001ddcb        0x1 
 .text          0x00000000c001ddcc     0x10ed fs/fat/vfslink.32
                0x00000000c001ddcc                FAT::getName()
                0x00000000c001ddd2                FAT::tell(void*, unsigned long long*)
                0x00000000c001de06                FAT::stat(void*, unsigned long long*)
                0x00000000c001de3a                FAT::~FAT()
                0x00000000c001de3a                FAT::~FAT()
                0x00000000c001de5e                FAT::~FAT()
                0x00000000c001de86                FAT::getlabel(LogicalDisk*, int, char*, unsigned int*)
                0x00000000c001df24                FAT::setlabel(LogicalDisk*, int, char*)
                0x00000000c001dfde                FAT::format(LogicalDisk*, int, char const*, int)
                0x00000000c001e1c2                FAT::tryMount(LogicalDisk*, int)
                0x00000000c001e3c8                FAT::readDir(void*, unsigned long, void*, int*)
                0x00000000c001e4ce                FAT::read(void*, unsigned long, void*, int*)
                0x00000000c001e528                FAT::write(void*, unsigned long, void*, int*)
                0x00000000c001e582                FAT::close(void*)
                0x00000000c001e5ce                FAT::closeDir(void*)
                0x00000000c001e61a                FAT::seek(void*, unsigned long long)
                0x00000000c001e66e                fatWrapperReadDisk
                0x00000000c001e6b5                fatWrapperWriteDisk
                0x00000000c001e6fc                fatWrapperIoctl
                0x00000000c001e800                FAT::FAT()
                0x00000000c001e800                FAT::FAT()
                0x00000000c001e852                FAT::fixFilepath(char*)
                0x00000000c001e88a                FAT::open(char const*, void**, FileOpenMode)
                0x00000000c001e9b2                FAT::openDir(char const*, void**)
                0x00000000c001ea58                FAT::stat(char const*, unsigned long long*, bool*)
                0x00000000c001eb42                FAT::unlink(char const*)
                0x00000000c001ebbc                FAT::chfatattr(char const*, unsigned char, unsigned char)
                0x00000000c001ed10                FAT::rename(char const*, char const*)
                0x00000000c001edd4                FAT::mkdir(char const*)
                0x00000000c001ee4e                FAT::exists(char const*)
 *fill*         0x00000000c001eeb9        0x1 
 .text          0x00000000c001eeba      0xbdf fs/iso9660/vfslink.32
                0x00000000c001eeba                ISO9660::format(LogicalDisk*, int, char const*, int)
                0x00000000c001eec0                ISO9660::seek(void*, unsigned long long)
                0x00000000c001eef0                ISO9660::tell(void*, unsigned long long*)
                0x00000000c001ef14                ISO9660::getName()
                0x00000000c001ef1a                ISO9660::stat(void*, unsigned long long*)
                0x00000000c001ef3e                ISO9660::chfatattr(char const*, unsigned char, unsigned char)
                0x00000000c001ef44                ISO9660::unlink(char const*)
                0x00000000c001ef4a                ISO9660::write(void*, unsigned long, void*, int*)
                0x00000000c001ef50                ISO9660::rename(char const*, char const*)
                0x00000000c001ef56                ISO9660::mkdir(char const*)
                0x00000000c001ef5c                ISO9660::close(void*)
                0x00000000c001ef7e                ISO9660::closeDir(void*)
                0x00000000c001efa0                ISO9660::~ISO9660()
                0x00000000c001efa0                ISO9660::~ISO9660()
                0x00000000c001efc4                ISO9660::~ISO9660()
                0x00000000c001efeb                __memmem(unsigned char*, int, unsigned char*, int)
                0x00000000c001f02d                readSectorFromCDROM(unsigned int, unsigned char*, char)
                0x00000000c001f094                ISO9660::tryMount(LogicalDisk*, int)
                0x00000000c001f0e4                ISO9660::read(void*, unsigned long, void*, int*)
                0x00000000c001f328                ISO9660::readDir(void*, unsigned long, void*, int*)
                0x00000000c001f5b5                readRoot(unsigned int*, unsigned int*, char)
                0x00000000c001f60a                readRecursively(char*, unsigned int, unsigned int, unsigned int*, unsigned int*, char, int*)
                0x00000000c001f7dd                getFileData(char*, unsigned int*, unsigned int*, char, int*)
                0x00000000c001f86c                ISO9660::open(char const*, void**, FileOpenMode)
                0x00000000c001f906                ISO9660::exists(char const*)
                0x00000000c001f92a                ISO9660::stat(char const*, unsigned long long*, bool*)
                0x00000000c001f9be                ISO9660::openDir(char const*, void**)
                0x00000000c001fa76                ISO9660::ISO9660()
                0x00000000c001fa76                ISO9660::ISO9660()
 *fill*         0x00000000c001fa99        0x1 
 .text          0x00000000c001fa9a      0x326 hal/sound/sndchannel.32
                0x00000000c001fa9a                SoundChannel::~SoundChannel()
                0x00000000c001fa9a                SoundChannel::~SoundChannel()
                0x00000000c001fab6                SoundChannel::setSpeed(float)
                0x00000000c001fac2                SoundChannel::getSpeed()
                0x00000000c001faca                SoundChannel::setVolume(int)
                0x00000000c001fae6                SoundChannel::getVolume()
                0x00000000c001faee                SoundChannel::pause()
                0x00000000c001faf8                SoundChannel::SoundChannel(int, int, int, int)
                0x00000000c001faf8                SoundChannel::SoundChannel(int, int, int, int)
                0x00000000c001fc4e                SoundChannel::play()
                0x00000000c001fc58                SoundChannel::paused()
                0x00000000c001fc60                SoundChannel::getSampleRate()
                0x00000000c001fc68                SoundChannel::getBits()
                0x00000000c001fc70                SoundChannel::getBufferUsed()
                0x00000000c001fc78                SoundChannel::getBufferSize()
                0x00000000c001fc80                SoundChannel::unbuffer(float*, int, int)
                0x00000000c001fd20                SoundChannel::buffer8(unsigned char*, int)
 .text          0x00000000c001fdc0      0x3d5 hal/sound/sndhw.32
                0x00000000c001fdc0                SoundDevice::SoundDevice(char const*)
                0x00000000c001fdc0                SoundDevice::SoundDevice(char const*)
                0x00000000c001fe2c                SoundDevice::~SoundDevice()
                0x00000000c001fe2c                SoundDevice::~SoundDevice()
                0x00000000c001fea6                SoundDevice::~SoundDevice()
                0x00000000c001fed0                SoundDevice::getFreeChannelNum()
                0x00000000c001feea                SoundDevice::addChannel(SoundChannel*)
                0x00000000c001ff5a                SoundDevice::removeChannel(int)
                0x00000000c001ff8c                SoundDevice::floatTo8(float*, unsigned char*, int)
                0x00000000c0020074                SoundDevice::getAudio(int, float*, float*)
 .text          0x00000000c0020195        0x0 hw/bus/isa.32
 *fill*         0x00000000c0020195        0x1 
 .text          0x00000000c0020196      0x6c1 hw/bus/pci.32
                0x00000000c0020196                PCI::open(int, int, void*)
                0x00000000c00201aa                PCI::close(int, int, void*)
                0x00000000c00201ae                PCI::PCI()
                0x00000000c00201ae                PCI::PCI()
                0x00000000c002022e                PCI::pciReadWord(unsigned char, unsigned char, unsigned char, unsigned char)
                0x00000000c0020276                PCI::getVendorID(unsigned char, unsigned char, unsigned char)
                0x00000000c0020298                PCI::getHeaderType(unsigned char, unsigned char, unsigned char)
                0x00000000c00202bc                PCI::getClassCode(unsigned char, unsigned char, unsigned char)
                0x00000000c0020300                PCI::getProgIF(unsigned char, unsigned char, unsigned char)
                0x00000000c0020324                PCI::getRevisionID(unsigned char, unsigned char, unsigned char)
                0x00000000c0020346                PCI::getInterruptNumber(unsigned char, unsigned char, unsigned char)
                0x00000000c0020368                PCI::getSecondaryBus(unsigned char, unsigned char, unsigned char)
                0x00000000c002038c                PCI::getBARAddress(unsigned char, unsigned char, unsigned char, unsigned char)
                0x00000000c00203ec                PCI::pciWriteWord(unsigned char, unsigned char, unsigned char, unsigned char, unsigned short)
                0x00000000c0020458                PCI::checkBus(unsigned char)
                0x00000000c002047c                PCI::foundDevice(PCIDeviceInfo)
                0x00000000c00205ec                PCI::getDeviceData(unsigned char, unsigned char, unsigned char)
                0x00000000c0020798                PCI::checkDevice(unsigned char, unsigned char)
                0x00000000c0020804                PCI::detect()
 *fill*         0x00000000c0020857        0x1 
 .text          0x00000000c0020858      0xc70 hw/diskctrl/ide.32
                0x00000000c0020858                IDE::close(int, int, void*)
                0x00000000c002085c                IDE::IDE()
                0x00000000c002085c                IDE::IDE()
                0x00000000c0020890                IDE::prepareInterrupt(unsigned char)
                0x00000000c00208a2                selectDrive(unsigned char, unsigned char)
                0x00000000c00208a4                IDE::getBase(unsigned char)
                0x00000000c00208b6                IDE::write(unsigned char, unsigned char, unsigned char)
                0x00000000c0020976                IDE::read(unsigned char, unsigned char)
                0x00000000c0020a24                IDE::waitInterrupt(unsigned char)
                0x00000000c0020a8a                ideChannel0IRQHandler(regs*, void*)
                0x00000000c0020aa6                ideChannel1IRQHandler(regs*, void*)
                0x00000000c0020ac2                IDE::enableIRQs(unsigned char, bool)
                0x00000000c0020b08                IDE::open(int, int, void*)
                0x00000000c0020f18                IDE::readBuffer(unsigned char, unsigned char, unsigned int, unsigned int)
                0x00000000c0020fe4                IDE::detect()
                0x00000000c00212cc                IDE::printError(unsigned char, unsigned char, unsigned char)
                0x00000000c0021462                IDE::polling(unsigned char, unsigned int)
 .text          0x00000000c00214c8      0x62b hw/diskphys/ata.32
                0x00000000c00214c8                ATA::close(int, int, void*)
                0x00000000c00214ec                ATA::powerSaving(PowerSavingLevel)
                0x00000000c00214ee                ATA::ATA()
                0x00000000c00214ee                ATA::ATA()
                0x00000000c002151c                ATA::flush(bool)
                0x00000000c0021566                ATA::readyForCommand()
                0x00000000c00215b6                ATA::access(unsigned long long, int, void*, bool)
                0x00000000c0021934                ATA::read(unsigned long long, int, void*)
                0x00000000c002199c                ATA::write(unsigned long long, int, void*)
                0x00000000c0021a04                ATA::detectCHS()
                0x00000000c0021a2e                ATA::open(int, int, void*)
 *fill*         0x00000000c0021af3        0x1 
 .text          0x00000000c0021af4      0x5b3 hw/diskphys/atapi.32
                0x00000000c0021af4                ATAPI::write(unsigned long long, int, void*)
                0x00000000c0021afa                ATAPI::close(int, int, void*)
                0x00000000c0021b1e                ATAPI::ATAPI()
                0x00000000c0021b1e                ATAPI::ATAPI()
                0x00000000c0021b4c                ATAPI::readyForCommand()
                0x00000000c0021b9c                ATAPI::sendPacket(unsigned char*, int, bool, unsigned short*, int)
                0x00000000c0021e5c                ATAPI::diskRemoved()
                0x00000000c0021e78                ATAPI::eject()
                0x00000000c0021ebe                ATAPI::diskInserted()
                0x00000000c0021eec                ATAPI::detectMedia()
                0x00000000c0021fa8                ATAPI::open(int, int, void*)
                0x00000000c0022028                ATAPI::read(unsigned long long, int, void*)
 *fill*         0x00000000c00220a7        0x1 
 .text          0x00000000c00220a8       0x8e hw/fpu/avx.32
                0x00000000c00220a8                AVX::open(int, int, void*)
                0x00000000c00220ba                AVX::close(int, int, void*)
                0x00000000c00220cc                AVX::available()
                0x00000000c00220de                AVX::save(void*)
                0x00000000c00220f6                AVX::load(void*)
                0x00000000c002210e                AVX::AVX()
                0x00000000c002210e                AVX::AVX()
 .text          0x00000000c0022136       0x90 hw/fpu/mmx.32
                0x00000000c0022136                MMX::available()
                0x00000000c002214a                MMX::open(int, int, void*)
                0x00000000c002215c                MMX::close(int, int, void*)
                0x00000000c002216e                MMX::save(void*)
                0x00000000c0022186                MMX::load(void*)
                0x00000000c002219e                MMX::MMX()
                0x00000000c002219e                MMX::MMX()
 .text          0x00000000c00221c6       0x96 hw/fpu/sse.32
                0x00000000c00221c6                SSE::open(int, int, void*)
                0x00000000c00221d8                SSE::close(int, int, void*)
                0x00000000c00221ea                SSE::available()
                0x00000000c0022204                SSE::save(void*)
                0x00000000c002221c                SSE::load(void*)
                0x00000000c0022234                SSE::SSE()
                0x00000000c0022234                SSE::SSE()
 .text          0x00000000c002225c       0x8e hw/fpu/x87.32
                0x00000000c002225c                x87::open(int, int, void*)
                0x00000000c002226e                x87::close(int, int, void*)
                0x00000000c0022280                x87::available()
                0x00000000c0022292                x87::save(void*)
                0x00000000c00222aa                x87::load(void*)
                0x00000000c00222c2                x87::x87()
                0x00000000c00222c2                x87::x87()
 .text          0x00000000c00222ea      0x5f3 hw/intctrl/apic.32
                0x00000000c00222ea                APIC::disable()
                0x00000000c00222ec                APIC::close(int, int, void*)
                0x00000000c002230e                IOAPIC::close(int, int, void*)
                0x00000000c0022314                APIC::io_wait()
                0x00000000c002231a                APIC::getBase()
                0x00000000c002235c                APIC::eoi(unsigned char)
                0x00000000c002238a                APIC::open(int, int, void*)
                0x00000000c0022444                IOAPIC::IOAPIC()
                0x00000000c0022444                IOAPIC::IOAPIC()
                0x00000000c002246c                APIC::APIC()
                0x00000000c002246c                APIC::APIC()
                0x00000000c002253c                IOAPIC::handlesGSIWithNumber(unsigned int)
                0x00000000c002256e                IOAPIC::read(int)
                0x00000000c0022596                IOAPIC::open(int, int, void*)
                0x00000000c002268c                IOAPIC::write(int, int)
                0x00000000c00226b8                IOAPIC::redirect(unsigned char, unsigned long long, unsigned char)
                0x00000000c0022772                APIC::installIRQHandler(int, void (*)(regs*, void*), bool, void*)
 *fill*         0x00000000c00228dd        0x1 
 .text          0x00000000c00228de      0x3d3 hw/intctrl/pic.32
                0x00000000c00228de                PIC::disable()
                0x00000000c002290c                PIC::close(int, int, void*)
                0x00000000c002292e                PIC::PIC()
                0x00000000c002292e                PIC::PIC()
                0x00000000c0022a04                PIC::ioWait()
                0x00000000c0022a0a                PIC::getIRQReg(int)
                0x00000000c0022a74                PIC::eoi(unsigned char)
                0x00000000c0022b06                PIC::remap()
                0x00000000c0022c72                PIC::open(int, int, void*)
 *fill*         0x00000000c0022cb1        0x1 
 .text          0x00000000c0022cb2      0x252 hw/timer/apictimer.32
                0x00000000c0022cb2                APICTimer::close(int, int, void*)
                0x00000000c0022cb8                apicTimerHandler(regs*, void*)
                0x00000000c0022ce6                APICTimer::write(int)
                0x00000000c0022de4                APICTimer::open(int, int, void*)
                0x00000000c0022edc                APICTimer::APICTimer()
                0x00000000c0022edc                APICTimer::APICTimer()
 .text          0x00000000c0022f04      0x1a7 hw/timer/pit.32
                0x00000000c0022f04                PIT::write(int)
                0x00000000c0022f82                pitHandler(regs*, void*)
                0x00000000c0022fae                PIT::open(int, int, void*)
                0x00000000c0022ffc                PIT::close(int, int, void*)
                0x00000000c002302c                PIT::PIT()
                0x00000000c002302c                PIT::PIT()
 *fill*         0x00000000c00230ab        0x5 
 .text          0x00000000c00230b0        0xa hw/fpu/x86/avx.32
                0x00000000c00230b0                avxDetect
                0x00000000c00230b6                avxSave
                0x00000000c00230b7                avxLoad
                0x00000000c00230b8                avxInit
                0x00000000c00230b9                avxClose
 *fill*         0x00000000c00230ba        0x6 
 .text          0x00000000c00230c0       0x38 hw/fpu/x86/sse.32
                0x00000000c00230c0                sseDetect
                0x00000000c00230db                sseSave
                0x00000000c00230e1                sseLoad
                0x00000000c00230e7                sseInit
                0x00000000c00230f7                sseClose
 *fill*         0x00000000c00230f8        0x8 
 .text          0x00000000c0023100       0x47 hw/fpu/x86/x87.32
                0x00000000c0023106                x87Detect
                0x00000000c0023121                x87Save
                0x00000000c0023127                x87Load
                0x00000000c002312c                x87Init
                0x00000000c0023146                x87Close
 *fill*         0x00000000c0023147        0x1 
 .text          0x00000000c0023148       0x25 /cygdrive/d/Users/Alex/Desktop/Toolchain/Output/bin/../lib/gcc/i386-banana/8.1.0/crtend.o
 .text          0x00000000c002316d        0x0 crtn.32
 *fill*         0x00000000c002316d        0x3 
 .text          0x00000000c0023170      0x14b /cygdrive/d/Users/Alex/Desktop/Toolchain/Output/bin/../lib/gcc/i386-banana/8.1.0/libkgcc.a(_divdi3.o)
                0x00000000c0023170                __divdi3
 *fill*         0x00000000c00232bb        0x1 
 .text          0x00000000c00232bc      0x17e /cygdrive/d/Users/Alex/Desktop/Toolchain/Output/bin/../lib/gcc/i386-banana/8.1.0/libkgcc.a(_moddi3.o)
                0x00000000c00232bc                __moddi3
 *fill*         0x00000000c002343a        0x2 
 .text          0x00000000c002343c       0xff /cygdrive/d/Users/Alex/Desktop/Toolchain/Output/bin/../lib/gcc/i386-banana/8.1.0/libkgcc.a(_udivdi3.o)
                0x00000000c002343c                __udivdi3
 *fill*         0x00000000c002353b        0x1 
 .text          0x00000000c002353c      0x11a /cygdrive/d/Users/Alex/Desktop/Toolchain/Output/bin/../lib/gcc/i386-banana/8.1.0/libkgcc.a(_umoddi3.o)
                0x00000000c002353c                __umoddi3
 .text          0x00000000c0023656      0x96d D:/Users/Alex/Desktop/Banana/kernel/libsoftfp.a(sfieeelib.o)
                0x00000000c0023656                __addsf3
                0x00000000c0023958                __subsf3
                0x00000000c002396c                __negsf2
                0x00000000c0023979                __mulsf3
                0x00000000c0023b3c                __divsf3
                0x00000000c0023d67                __floatsisf
                0x00000000c0023ddb                __floatunsisf
                0x00000000c0023e1d                __fixsfsi
                0x00000000c0023e7f                __fixunssfsi
                0x00000000c0023eb0                __cmpsf2
                0x00000000c0023f45                __eqsf2
                0x00000000c0023f80                __nesf2
                0x00000000c0023f82                __gtsf2
                0x00000000c0023fbd                __gesf2
                0x00000000c0023fbf                __ltsf2
                0x00000000c0023fc1                __lesf2
 .text          0x00000000c0023fc3      0xf50 D:/Users/Alex/Desktop/Banana/kernel/libsoftfp.a(dfieeelib.o)
                0x00000000c0023fc3                __adddf3
                0x00000000c0024614                __subdf3
                0x00000000c002462f                __negdf2
                0x00000000c0024640                __muldf3
                0x00000000c0024924                __divdf3
                0x00000000c0024ca3                __floatsidf
                0x00000000c0024cfe                __floatunsidf
                0x00000000c0024d3c                __fixdfsi
                0x00000000c0024da9                __fixunsdfsi
                0x00000000c0024de5                __cmpdf2
                0x00000000c0024ed3                __eqdf2
                0x00000000c0024eef                __nedf2
                0x00000000c0024ef1                __gtdf2
                0x00000000c0024f0d                __gedf2
                0x00000000c0024f0f                __ltdf2
                0x00000000c0024f11                __ledf2
 .text          0x00000000c0024f13      0x18d D:/Users/Alex/Desktop/Banana/kernel/libsoftfp.a(sfdfcvt.o)
                0x00000000c0024f13                __truncdfsf2
                0x00000000c0025037                __extendsfdf2
 .text          0x00000000c00250a0       0x1e D:/Users/Alex/Desktop/Banana/kernel/libk/libm32.a(s_fabs.c.o)
                0x00000000c00250a0                fabs
 *fill*         0x00000000c00250be        0x2 
 .text          0x00000000c00250c0        0xc D:/Users/Alex/Desktop/Banana/kernel/libk/libm32.a(s_lrint.S.o)
                0x00000000c00250c0                lrint
 .text          0x00000000c00250cc        0xc D:/Users/Alex/Desktop/Banana/kernel/libk/libm32.a(s_lrintf.S.o)
                0x00000000c00250cc                lrintf
 *(.gnu.linkonce.t*)

.iplt           0x00000000c00250d8        0x0
 .iplt          0x00000000c00250d8        0x0 D:/Users/Alex/Desktop/Banana/kernel/boot.32

.init           0x00000000c00250d8        0xf
 .init          0x00000000c00250d8        0x3 crti.32
                0x00000000c00250d8                _init
 .init          0x00000000c00250db        0x5 /cygdrive/d/Users/Alex/Desktop/Toolchain/Output/bin/../lib/gcc/i386-banana/8.1.0/crtbegin.o
 .init          0x00000000c00250e0        0x5 /cygdrive/d/Users/Alex/Desktop/Toolchain/Output/bin/../lib/gcc/i386-banana/8.1.0/crtend.o
 .init          0x00000000c00250e5        0x2 crtn.32

.fini           0x00000000c00250e7        0xa
 .fini          0x00000000c00250e7        0x3 crti.32
                0x00000000c00250e7                _fini
 .fini          0x00000000c00250ea        0x5 /cygdrive/d/Users/Alex/Desktop/Toolchain/Output/bin/../lib/gcc/i386-banana/8.1.0/crtbegin.o
 .fini          0x00000000c00250ef        0x2 crtn.32

.text._ZN8ComputerD2Ev
                0x00000000c00250f2       0x23
 .text._ZN8ComputerD2Ev
                0x00000000c00250f2       0x23 core/computer.32
                0x00000000c00250f2                Computer::~Computer()
                0x00000000c00250f2                Computer::~Computer()

.text._ZN8ComputerD0Ev
                0x00000000c0025116       0x2a
 .text._ZN8ComputerD0Ev
                0x00000000c0025116       0x2a core/computer.32
                0x00000000c0025116                Computer::~Computer()

.text._Z10idleCommonv
                0x00000000c0025140       0x15
 .text._Z10idleCommonv
                0x00000000c0025140       0x15 core/idle.32
                0x00000000c0025140                idleCommon()

.text._ZN3CPU7readCR3Ev
                0x00000000c0025155       0x12
 .text._ZN3CPU7readCR3Ev
                0x00000000c0025155       0x12 core/kheap.32
                0x00000000c0025155                CPU::readCR3()

.text._ZN3CPU8writeCR3Em
                0x00000000c0025167        0x9
 .text._ZN3CPU8writeCR3Em
                0x00000000c0025167        0x9 core/kheap.32
                0x00000000c0025167                CPU::writeCR3(unsigned long)

.text._ZN10LinkedListI8UnixFileED2Ev
                0x00000000c0025170        0x2
 .text._ZN10LinkedListI8UnixFileED2Ev
                0x00000000c0025170        0x2 core/unixfile.32
                0x00000000c0025170                LinkedList<UnixFile>::~LinkedList()
                0x00000000c0025170                LinkedList<UnixFile>::~LinkedList()

.text._ZN10LinkedListI8UnixFileEC2Ev
                0x00000000c0025172       0x58
 .text._ZN10LinkedListI8UnixFileEC2Ev
                0x00000000c0025172       0x58 core/unixfile.32
                0x00000000c0025172                LinkedList<UnixFile>::LinkedList()
                0x00000000c0025172                LinkedList<UnixFile>::LinkedList()

.text._ZN10LinkedListI8UnixFileE10addElementEPS0_
                0x00000000c00251ca       0xd3
 .text._ZN10LinkedListI8UnixFileE10addElementEPS0_
                0x00000000c00251ca       0xd3 core/unixfile.32
                0x00000000c00251ca                LinkedList<UnixFile>::addElement(UnixFile*)

.text._ZN10LinkedListI8UnixFileE15getFirstElementEv
                0x00000000c002529e        0x7
 .text._ZN10LinkedListI8UnixFileE15getFirstElementEv
                0x00000000c002529e        0x7 core/unixfile.32
                0x00000000c002529e                LinkedList<UnixFile>::getFirstElement()

.text._ZN10LinkedListI8UnixFileE11removeFirstEv
                0x00000000c00252a6       0xa1
 .text._ZN10LinkedListI8UnixFileE11removeFirstEv
                0x00000000c00252a6       0xa1 core/unixfile.32
                0x00000000c00252a6                LinkedList<UnixFile>::removeFirst()

.text._ZN10LinkedListI8UnixFileE7getNextEPS0_
                0x00000000c0025348        0x8
 .text._ZN10LinkedListI8UnixFileE7getNextEPS0_
                0x00000000c0025348        0x8 core/unixfile.32
                0x00000000c0025348                LinkedList<UnixFile>::getNext(UnixFile*)

.text._ZN16DriverlessDeviceD2Ev
                0x00000000c0025350       0x1a
 .text._ZN16DriverlessDeviceD2Ev
                0x00000000c0025350       0x1a hal/device.32
                0x00000000c0025350                DriverlessDevice::~DriverlessDevice()
                0x00000000c0025350                DriverlessDevice::~DriverlessDevice()

.text._ZN16DriverlessDeviceD0Ev
                0x00000000c002536a       0x2a
 .text._ZN16DriverlessDeviceD0Ev
                0x00000000c002536a       0x2a hal/device.32
                0x00000000c002536a                DriverlessDevice::~DriverlessDevice()

.text._ZN10LinkedListI6DeviceE10addElementEPS0_
                0x00000000c0025394       0xdc
 .text._ZN10LinkedListI6DeviceE10addElementEPS0_
                0x00000000c0025394       0xdc hal/device.32
                0x00000000c0025394                LinkedList<Device>::addElement(Device*)

.text._ZN10LinkedListI6DeviceEC2Ev
                0x00000000c0025470       0x58
 .text._ZN10LinkedListI6DeviceEC2Ev
                0x00000000c0025470       0x58 hal/device.32
                0x00000000c0025470                LinkedList<Device>::LinkedList()
                0x00000000c0025470                LinkedList<Device>::LinkedList()

.text._ZN3CPU7readCR0Ev
                0x00000000c00254c8       0x12
 .text._ZN3CPU7readCR0Ev
                0x00000000c00254c8       0x12 hal/fpu.32
                0x00000000c00254c8                CPU::readCR0()

.text._ZN3CPU8writeCR0Em
                0x00000000c00254da        0x9
 .text._ZN3CPU8writeCR0Em
                0x00000000c00254da        0x9 hal/fpu.32
                0x00000000c00254da                CPU::writeCR0(unsigned long)

.text._ZN3CPU7readDR0Ev
                0x00000000c00254e3       0x12
 .text._ZN3CPU7readDR0Ev
                0x00000000c00254e3       0x12 hal/intctrl.32
                0x00000000c00254e3                CPU::readDR0()

.text._ZN3CPU7readDR1Ev
                0x00000000c00254f5       0x12
 .text._ZN3CPU7readDR1Ev
                0x00000000c00254f5       0x12 hal/intctrl.32
                0x00000000c00254f5                CPU::readDR1()

.text._ZN3CPU7readDR2Ev
                0x00000000c0025507       0x12
 .text._ZN3CPU7readDR2Ev
                0x00000000c0025507       0x12 hal/intctrl.32
                0x00000000c0025507                CPU::readDR2()

.text._ZN3CPU7readDR3Ev
                0x00000000c0025519       0x12
 .text._ZN3CPU7readDR3Ev
                0x00000000c0025519       0x12 hal/intctrl.32
                0x00000000c0025519                CPU::readDR3()

.text._ZN3CPU7readDR6Ev
                0x00000000c002552b       0x12
 .text._ZN3CPU7readDR6Ev
                0x00000000c002552b       0x12 hal/intctrl.32
                0x00000000c002552b                CPU::readDR6()

.text._ZN3CPU7readDR7Ev
                0x00000000c002553d       0x12
 .text._ZN3CPU7readDR7Ev
                0x00000000c002553d       0x12 hal/intctrl.32
                0x00000000c002553d                CPU::readDR7()

.text._ZN10LinkedListIV18ThreadControlBlockE15getFirstElementEv