Archive member included to satisfy reference by file (symbol)

/cygdrive/d/Users/Alex/Desktop/Toolchain/Output/bin/../lib/gcc/i386-banana/8.1.0/libkgcc.a(_divdi3.o)
                              krnl/resolve.32 (__divdi3)
/cygdrive/d/Users/Alex/Desktop/Toolchain/Output/bin/../lib/gcc/i386-banana/8.1.0/libkgcc.a(_moddi3.o)
                              krnl/resolve.32 (__moddi3)
/cygdrive/d/Users/Alex/Desktop/Toolchain/Output/bin/../lib/gcc/i386-banana/8.1.0/libkgcc.a(_udivdi3.o)
                              hal/clock.32 (__udivdi3)
/cygdrive/d/Users/Alex/Desktop/Toolchain/Output/bin/../lib/gcc/i386-banana/8.1.0/libkgcc.a(_umoddi3.o)
                              core/pipe.32 (__umoddi3)

Allocating common symbols
Common symbol       size              file

dcache              0x40              fs/iso9660/iso9660.32
cdDriveLetter       0x1               fs/iso9660/iso9660.32
icache              0x40              fs/iso9660/iso9660.32

Discarded input sections

 .comment       0x0000000000000000       0x12 /cygdrive/d/Users/Alex/Desktop/Toolchain/Output/bin/../lib/gcc/i386-banana/8.1.0/crtbegin.o
 .comment       0x0000000000000000       0x12 acpica/utclib.32
 .comment       0x0000000000000000       0x12 core/malloc.32
 .comment       0x0000000000000000       0x12 libk/ctype.32
 .comment       0x0000000000000000       0x12 libk/string.32
 .comment       0x0000000000000000       0x12 fs/fat/diskio.32
 .comment       0x0000000000000000       0x12 fs/fat/ff.32
 .comment       0x0000000000000000       0x12 fs/fat/ffsystem.32
 .comment       0x0000000000000000       0x12 fs/fat/ffunicode.32
 .comment       0x0000000000000000       0x12 fs/iso9660/iso9660.32
 .group         0x0000000000000000       0x14 core/computer.32
 .group         0x0000000000000000        0xc core/computer.32
 .comment       0x0000000000000000       0x12 core/computer.32
 .comment       0x0000000000000000       0x12 core/gdt.32
 .group         0x0000000000000000        0xc core/idle.32
 .comment       0x0000000000000000       0x12 core/idle.32
 .comment       0x0000000000000000       0x12 core/idt.32
 .comment       0x0000000000000000       0x12 core/kheap.32
 .comment       0x0000000000000000       0x12 core/main.32
 .comment       0x0000000000000000       0x12 core/physmgr.32
 .group         0x0000000000000000        0xc core/pipe.32
 .comment       0x0000000000000000       0x12 core/pipe.32
 .group         0x0000000000000000        0xc core/terminal.32
 .comment       0x0000000000000000       0x12 core/terminal.32
 .comment       0x0000000000000000       0x12 core/tss.32
 .group         0x0000000000000000        0x8 core/unixfile.32
 .group         0x0000000000000000        0x8 core/unixfile.32
 .group         0x0000000000000000        0xc core/unixfile.32
 .group         0x0000000000000000        0x8 core/unixfile.32
 .group         0x0000000000000000        0xc core/unixfile.32
 .group         0x0000000000000000        0x8 core/unixfile.32
 .group         0x0000000000000000        0xc core/unixfile.32
 .group         0x0000000000000000        0xc core/unixfile.32
 .comment       0x0000000000000000       0x12 core/unixfile.32
 .comment       0x0000000000000000       0x12 core/virtmgr.32
 .comment       0x0000000000000000       0x12 coreobjs/c++.32
 .comment       0x0000000000000000       0x12 dbg/kconsole.32
 .group         0x0000000000000000        0xc fs/vfs.32
 .group         0x0000000000000000        0xc fs/vfs.32
 .group         0x0000000000000000        0xc fs/vfs.32
 .comment       0x0000000000000000       0x12 fs/vfs.32
 .group         0x0000000000000000        0xc hal/bus.32
 .comment       0x0000000000000000       0x12 hal/bus.32
 .comment       0x0000000000000000       0x12 hal/buzzer.32
 .group         0x0000000000000000        0xc hal/clock.32
 .comment       0x0000000000000000       0x12 hal/clock.32
 .group         0x0000000000000000       0x14 hal/device.32
 .group         0x0000000000000000        0xc hal/device.32
 .group         0x0000000000000000        0x8 hal/device.32
 .group         0x0000000000000000        0xc hal/device.32
 .group         0x0000000000000000        0xc hal/device.32
 .comment       0x0000000000000000       0x12 hal/device.32
 .group         0x0000000000000000        0xc hal/diskctrl.32
 .comment       0x0000000000000000       0x12 hal/diskctrl.32
 .group         0x0000000000000000        0xc hal/diskphys.32
 .comment       0x0000000000000000       0x12 hal/diskphys.32
 .comment       0x0000000000000000       0x12 hal/fpu.32
 .comment       0x0000000000000000       0x12 hal/intctrl.32
 .group         0x0000000000000000        0xc hal/keybrd.32
 .comment       0x0000000000000000       0x12 hal/keybrd.32
 .group         0x0000000000000000        0xc hal/logidisk.32
 .comment       0x0000000000000000       0x12 hal/logidisk.32
 .group         0x0000000000000000        0xc hal/mouse.32
 .comment       0x0000000000000000       0x12 hal/mouse.32
[...]
Memory Configuration

Name             Origin             Length             Attributes
*default*        0x0000000000000000 0xffffffffffffffff

Linker script and memory map

LOAD D:/Users/Alex/Desktop/Banana/kernel/boot.32
LOAD crti.32
LOAD /cygdrive/d/Users/Alex/Desktop/Toolchain/Output/bin/../lib/gcc/i386-banana/8.1.0/crtbegin.o
LOAD D:/Users/Alex/Desktop/Banana/kernel/morenasm.32
LOAD acpica/utclib.32
LOAD core/malloc.32
LOAD libk/ctype.32
LOAD libk/string.32
LOAD fs/fat/diskio.32
LOAD fs/fat/ff.32
LOAD fs/fat/ffsystem.32
LOAD fs/fat/ffunicode.32
LOAD fs/iso9660/iso9660.32
LOAD core/computer.32
LOAD core/gdt.32
LOAD core/idle.32
LOAD core/idt.32
LOAD core/kheap.32
LOAD core/main.32
LOAD core/physmgr.32
LOAD core/pipe.32
LOAD core/terminal.32
LOAD core/tss.32
LOAD core/unixfile.32
LOAD core/virtmgr.32
LOAD coreobjs/c++.32
LOAD dbg/kconsole.32
LOAD fs/vfs.32
LOAD hal/bus.32
LOAD hal/buzzer.32
LOAD hal/clock.32
LOAD hal/device.32
LOAD hal/diskctrl.32
LOAD hal/diskphys.32
LOAD hal/fpu.32
LOAD hal/intctrl.32
LOAD hal/keybrd.32
LOAD hal/logidisk.32
LOAD hal/mouse.32
LOAD hal/partition.32
LOAD hal/serial.32
LOAD hal/timer.32
LOAD hal/vcache.32
LOAD hal/video.32
LOAD hw/acpi.32
LOAD hw/cpu.32
LOAD krnl/bootmsg.32
LOAD krnl/env.32
LOAD krnl/inlines.32
LOAD krnl/panic.32
LOAD krnl/powctrl.32
LOAD krnl/resolve.32
LOAD krnl/syscalls.32
LOAD reg/registry.32
LOAD sys/eject.32
LOAD sys/exit.32
LOAD sys/getcwd.32
LOAD sys/getpid.32
LOAD sys/getramdata.32
LOAD sys/getvgaptr.32
LOAD sys/loaddll.32
LOAD sys/read.32
LOAD sys/sbrk.32
LOAD sys/setcwd.32
LOAD sys/settime.32
LOAD sys/timezone.32
LOAD sys/write.32
LOAD sys/wsbe.32
LOAD sys/yield.32
LOAD thr/elf.32
LOAD thr/prcssthr.32
LOAD vm86/vm8086.32
LOAD arch/i386/hal.32
LOAD arch/i386/pic.32
LOAD arch/i386/rtc.32
LOAD arch/i386/vga.32
LOAD fs/fat/vfslink.32
LOAD fs/iso9660/helper.32
LOAD fs/iso9660/vfslink.32
LOAD hal/sound/sndcard.32
LOAD hal/sound/sndport.32
LOAD hw/bus/isa.32
LOAD hw/bus/pci.32
LOAD hw/diskctrl/ide.32
LOAD hw/diskctrl/satabus.32
LOAD hw/diskphys/ata.32
LOAD hw/diskphys/atapi.32
LOAD hw/diskphys/sata.32
LOAD hw/diskphys/satapi.32
LOAD hw/intctrl/apic.32
LOAD hw/timer/apictimer.32
LOAD hw/timer/pit.32
LOAD arch/i386/avx.32
LOAD arch/i386/interrupt.32
LOAD arch/i386/rdrand.32
LOAD arch/i386/sse.32
LOAD arch/i386/x87.32
LOAD /cygdrive/d/Users/Alex/Desktop/Toolchain/Output/bin/../lib/gcc/i386-banana/8.1.0/crtend.o
LOAD crtn.32
LOAD /cygdrive/d/Users/Alex/Desktop/Toolchain/Output/bin/../lib/gcc/i386-banana/8.1.0/libkgcc.a
LOAD D:/Users/Alex/Desktop/Banana/kernel/libsoftfp.a
LOAD D:/Users/Alex/Desktop/Banana/kernel/libk/libm32.a
                0x00000000c0000000                . = 0xc0000000

.text           0x00000000c0000000    0x1beba
 *(.text)
 .text          0x00000000c0000000       0x20 D:/Users/Alex/Desktop/Banana/kernel/boot.32
 .text          0x00000000c0000020        0x0 crti.32
 .text          0x00000000c0000020      0x101 /cygdrive/d/Users/Alex/Desktop/Toolchain/Output/bin/../lib/gcc/i386-banana/8.1.0/crtbegin.o
 *fill*         0x00000000c0000121        0xf 
 .text          0x00000000c0000130      0x252 D:/Users/Alex/Desktop/Banana/kernel/morenasm.32
                0x00000000c0000130                manualPCIProbe
                0x00000000c000017b                prepareTramp
                0x00000000c0000194                doTPAUSE
                0x00000000c000019e                hasLegacyFPU
                0x00000000c00001c3                is486
                0x00000000c00001f9                detectCPUID
                0x00000000c000020f                goToVM86
                0x00000000c000023f                goToUsermode
                0x00000000c0000269                switchToThreadASMFirstTime
                0x00000000c0000277                switchToThreadASM
                0x00000000c00002ff                asmQuickAcquireLock
                0x00000000c000031d                asmQuickReleaseLock
                0x00000000c0000329                asmAcquireLock
                0x00000000c000034a                asmReleaseLock
                0x00000000c000035d                loadGDT
                0x00000000c000037d                memcpy
 *fill*         0x00000000c0000382        0xe 
 .text          0x00000000c0000390      0x79e acpica/utclib.32
                0x00000000c0000390                memcmp
                0x00000000c00003e0                memmove
                0x00000000c00004d0                memset
                0x00000000c0000540                strlen
                0x00000000c0000570                strpbrk
                0x00000000c00005b0                strtok
                0x00000000c0000600                strcpy
                0x00000000c0000630                strncpy
                0x00000000c00006e0                strcmp
                0x00000000c0000730                strchr
                0x00000000c0000760                strncmp
                0x00000000c00007c0                strcat
                0x00000000c00007f0                strncat
                0x00000000c0000850                strstr
                0x00000000c00008b0                toupper
                0x00000000c00008d0                tolower
                0x00000000c00008f0                simple_strtoul
 .text          0x00000000c0000b2e      0xfad core/malloc.32
                0x00000000c0000c99                dlfree
                0x00000000c0000ff4                dlmalloc
                0x00000000c0001531                dlrealloc
                0x00000000c00016d4                dlmemalign
                0x00000000c00017f7                dlcalloc
                0x00000000c0001891                dlcfree
                0x00000000c0001896                dlindependent_calloc
                0x00000000c00018bb                dlindependent_comalloc
                0x00000000c00018d2                dlvalloc
                0x00000000c00018fd                dlpvalloc
                0x00000000c0001933                dlmalloc_trim
                0x00000000c0001940                dlmalloc_usable_size
                0x00000000c0001971                dlmallinfo
                0x00000000c0001a40                dlmalloc_stats
                0x00000000c0001a51                dlmallopt
 *fill*         0x00000000c0001adb        0x1 
 .text          0x00000000c0001adc      0x1f2 libk/ctype.32
                0x00000000c0001adc                isblank
                0x00000000c0001afc                iscntrl
                0x00000000c0001b1c                isdigit
                0x00000000c0001b38                islower
                0x00000000c0001b54                isspace
                0x00000000c0001b7c                isupper
                0x00000000c0001b98                isalpha
                0x00000000c0001bc8                isalnum
                0x00000000c0001bf8                ispunct
                0x00000000c0001c38                isgraph
                0x00000000c0001c68                isprint
                0x00000000c0001c90                isxdigit
 .text          0x00000000c0001cce        0x0 libk/string.32
 .text          0x00000000c0001cce       0x51 fs/fat/diskio.32
                0x00000000c0001cce                disk_status
                0x00000000c0001cd1                disk_initialize
                0x00000000c0001cd4                disk_read
                0x00000000c0001cea                disk_write
                0x00000000c0001d00                disk_ioctl
 .text          0x00000000c0001d1f     0x3d4b fs/fat/ff.32
                0x00000000c0003abb                f_mount
                0x00000000c0003b1d                f_open
                0x00000000c0003de8                f_read
                0x00000000c0003fe7                f_write
                0x00000000c000421b                f_sync
                0x00000000c00042d0                f_close
                0x00000000c00042ff                f_lseek
                0x00000000c00044a6                f_opendir
                0x00000000c0004571                f_closedir
                0x00000000c0004593                f_readdir
                0x00000000c0004625                f_stat
                0x00000000c00046a4                f_getfree
                0x00000000c00047a6                f_truncate
                0x00000000c000488a                f_unlink
                0x00000000c00049ac                f_mkdir
                0x00000000c0004b47                f_rename
                0x00000000c0004cfd                f_chmod
                0x00000000c0004da6                f_utime
                0x00000000c0004e54                f_getlabel
                0x00000000c0004fa5                f_setlabel
                0x00000000c0005135                f_expand
                0x00000000c0005295                f_mkfs
 *fill*         0x00000000c0005a6a        0x2 
 .text          0x00000000c0005a6c       0x2f fs/fat/ffsystem.32
                0x00000000c0005a6c                ff_memalloc
                0x00000000c0005a84                ff_memfree
 *fill*         0x00000000c0005a9b        0x1 
 .text          0x00000000c0005a9c      0x2a8 fs/fat/ffunicode.32
                0x00000000c0005a9c                ff_uni2oem
                0x00000000c0005b3c                ff_oem2uni
                0x00000000c0005bb4                ff_wtoupper
 .text          0x00000000c0005d44      0xc76 fs/iso9660/iso9660.32
                0x00000000c0005f63                isoReadDiscSector
                0x00000000c0005ffe                strnicmp
                0x00000000c00062b1                stricmp
                0x00000000c00062fd                iso_open
                0x00000000c0006387                iso_close
                0x00000000c00063a5                iso_read
                0x00000000c00064bb                iso_seek
                0x00000000c000653f                iso_tell
                0x00000000c0006570                iso_total
                0x00000000c000659b                fn_postprocess
                0x00000000c00065c1                iso_readdir
                0x00000000c00067b2                iso_reset
                0x00000000c00067bf                init_percd
                0x00000000c00068b9                iso_ioctl
                0x00000000c00068c1                fs_iso9660_init
                0x00000000c000694a                fs_iso9660_shutdown
 .text          0x00000000c00069ba      0x685 core/computer.32
                0x00000000c00069ba                Computer::close(int, int, void*)
                0x00000000c00069ff                Krnl::firstTask()
                0x00000000c0006b32                Computer::Computer()
                0x00000000c0006b32                Computer::Computer()
                0x00000000c0006be4                Computer::setBootMessage(char const*)
                0x00000000c0006be6                Computer::detectFeatures()
                0x00000000c0006df0                Computer::displayFeatures()
                0x00000000c0006df2                Computer::rdmsr(unsigned int)
                0x00000000c0006e1e                Computer::wrmsr(unsigned int, unsigned long long)
                0x00000000c0006e56                Computer::shutdown()
                0x00000000c0006e6e                Computer::restart()
                0x00000000c0006e86                Computer::sleep()
                0x00000000c0006e9a                Computer::nmiEnabled()
                0x00000000c0006ea6                Computer::readCMOS(unsigned char)
                0x00000000c0006ec0                Computer::enableNMI(bool)
                0x00000000c0006ed8                Computer::open(int, int, void*)
                0x00000000c0006fac                Computer::disableNMI()
                0x00000000c0006fbc                Computer::writeCMOS(unsigned char, unsigned char)
                0x00000000c0006fda                Computer::handleNMI()
 *fill*         0x00000000c000703f        0x1 
 .text          0x00000000c0007040      0x1cf core/gdt.32
                0x00000000c0007040                GDTEntry::setBase(unsigned int)
                0x00000000c000705c                GDTEntry::setLimit(unsigned int)
                0x00000000c000707a                GDT::GDT()
                0x00000000c000707a                GDT::GDT()
                0x00000000c0007090                GDT::addEntry(GDTEntry)
                0x00000000c00070b2                GDT::getNumberOfEntries()
                0x00000000c00070ba                GDT::flush()
                0x00000000c00070dc                GDT::setup()
 .text          0x00000000c000720f       0x1d core/idle.32
                0x00000000c000720f                idleFunction(void*)
 .text          0x00000000c000722c      0x464 core/idt.32
                0x00000000c000722c                IDTEntry::IDTEntry(bool)
                0x00000000c000722c                IDTEntry::IDTEntry(bool)
                0x00000000c000729e                IDTEntry::setOffset(unsigned int)
                0x00000000c00072b4                IDT::IDT()
                0x00000000c00072b4                IDT::IDT()
                0x00000000c00072b6                IDT::getPointerToInvalidOpcodeEntryForF00F()
                0x00000000c00072be                IDT::addEntry(IDTEntry, int)
                0x00000000c00072d8                IDT::addEntry(int, void (*)(), bool)
                0x00000000c0007310                IDT::flush()
                0x00000000c000732a                IDT::setup()
 .text          0x00000000c0007690      0x183 core/kheap.32
                0x00000000c0007690                sbrk
                0x00000000c0007725                mmap
                0x00000000c000773b                munmap
                0x00000000c0007751                liballoc_lock()
                0x00000000c000775e                liballoc_unlock()
                0x00000000c0007772                liballoc_alloc(int)
                0x00000000c000778a                liballoc_free(void*, int)
                0x00000000c00077a5                realloc
                0x00000000c00077b9                malloc
                0x00000000c00077c9                free
                0x00000000c00077d9                rfree
                0x00000000c00077e9                calloc
 .text          0x00000000c0007813       0xc3 core/main.32
                0x00000000c0007813                KeEntryPoint
 .text          0x00000000c00078d6      0x5dc core/physmgr.32
                0x00000000c00078d6                Phys::allocateDMA(unsigned long)
                0x00000000c00079ad                Phys::freeDMA(unsigned long, unsigned long)
                0x00000000c00079e0                Phys::setPageState(unsigned long, bool)
                0x00000000c0007a12                Phys::getPageState(unsigned long)
                0x00000000c0007a33                Phys::freePage(unsigned long)
                0x00000000c0007a95                Phys::allocatePage()
                0x00000000c0007b53                Phys::allocateContiguousPages(int)
                0x00000000c0007baf                Phys::allowSegmentToBeUsed(unsigned long, unsigned long)
                0x00000000c0007be7                Phys::physicalMemorySetup(unsigned int)
 .text          0x00000000c0007eb2      0x273 core/pipe.32
                0x00000000c0007eb2                Pipe::isAtty()
                0x00000000c0007eb6                Pipe::~Pipe()
                0x00000000c0007eb6                Pipe::~Pipe()
                0x00000000c0007eda                Pipe::~Pipe()
                0x00000000c0007f02                Pipe::write(unsigned long long, void*, int*)
                0x00000000c0007fc2                Pipe::read(unsigned long long, void*, int*)
                0x00000000c00080be                Pipe::Pipe(int)
                0x00000000c00080be                Pipe::Pipe(int)
 *fill*         0x00000000c0008125        0x1 
 .text          0x00000000c0008126      0xaa0 core/terminal.32
                0x00000000c0008126                VgaText::isAtty()
                0x00000000c000812a                VgaText::~VgaText()
                0x00000000c000812a                VgaText::~VgaText()
                0x00000000c000814e                VgaText::~VgaText()
                0x00000000c0008178                VgaText::read(unsigned long long, void*, int*)
                0x00000000c0008198                setTerminalScrollLock(bool)
                0x00000000c0008199                doTerminalCycle()
                0x00000000c000819a                addToTerminalCycle(VgaText*)
                0x00000000c000819b                scrollTerminalScrollLock(int)
                0x00000000c000819c                VgaText::updateTitle()
                0x00000000c000819e                VgaText::load()
                0x00000000c00081a0                VgaText::updateCursor()
                0x00000000c00081b6                VgaText::doANSI_SGR(int)
                0x00000000c000822a                VgaText::setDefaultBgColour(VgaColour)
                0x00000000c000823a                VgaText::setDefaultFgColour(VgaColour)
                0x00000000c000824a                VgaText::setDefaultColours(VgaColour, VgaColour)
                0x00000000c000826a                VgaText::setTitleTextColour(VgaColour)
                0x00000000c0008276                VgaText::setTitleColour(VgaColour)
                0x00000000c0008282                VgaText::setTitle(char*)
                0x00000000c0008284                VgaText::combineColours(unsigned char, unsigned char)
                0x00000000c0008296                VgaText::scrollScreen()
                0x00000000c000832e                VgaText::combineCharAndColour(char, unsigned char)
                0x00000000c0008340                VgaText::writeCharacter(char, VgaColour, VgaColour, int, int)
                0x00000000c00083d0                VgaText::getCursorX()
                0x00000000c00083d8                VgaText::getCursorY()
                0x00000000c00083e0                VgaText::setCursor(int, int)
                0x00000000c00083f7                setActiveTerminal(VgaText*)
                0x00000000c0008442                VgaText::clearScreen()
                0x00000000c0008490                VgaText::setCursorX(int)
                0x00000000c00084a8                VgaText::setCursorY(int)
                0x00000000c00084c0                VgaText::incrementCursor(bool)
                0x00000000c0008514                VgaText::decrementCursor(bool)
                0x00000000c0008536                VgaText::putchar(char, VgaColour, VgaColour)
                0x00000000c0008604                VgaText::putchar(char)
                0x00000000c00086f0                VgaText::putx(unsigned int)
                0x00000000c0008736                VgaText::puts(char const*)
                0x00000000c000875c                VgaText::write(unsigned long long, void*, int*)
                0x00000000c00087a8                VgaText::puts(char const*, VgaColour, VgaColour)
                0x00000000c00088fa                VgaText::VgaText(char const*)
                0x00000000c00088fa                VgaText::VgaText(char const*)
                0x00000000c0008a46                VgaText::receiveKey(unsigned char)
                0x00000000c0008ba0                VgaText::doUpdate()
                0x00000000c0008ba1                newTerminal(char*)
 *fill*         0x00000000c0008bc6        0x2 
 .text          0x00000000c0008bc8      0x1a1 core/tss.32
                0x00000000c0008bc8                TSS::TSS()
                0x00000000c0008bc8                TSS::TSS()
                0x00000000c0008bd8                TSS::setESP(unsigned long)
                0x00000000c0008bec                TSS::flush()
                0x00000000c0008c0c                TSS::setup(unsigned long, unsigned long)
 *fill*         0x00000000c0008d69        0x1 
 .text          0x00000000c0008d6a      0x4c2 core/unixfile.32
                0x00000000c0008d6a                ReservedFilename::read(unsigned long long, void*, int*)
                0x00000000c0008dc0                ReservedFilename::isAtty()
                0x00000000c0008ddc                ReservedFilename::write(unsigned long long, void*, int*)
                0x00000000c0008e3a                UnixFile::getFileDescriptor()
                0x00000000c0008e42                UnixFile::UnixFile(int)
                0x00000000c0008e42                UnixFile::UnixFile(int)
                0x00000000c0008ff2                ReservedFilename::ReservedFilename(int)
                0x00000000c0008ff2                ReservedFilename::ReservedFilename(int)
                0x00000000c0009024                UnixFile::~UnixFile()
                0x00000000c0009024                UnixFile::~UnixFile()
                0x00000000c00090bc                UnixFile::~UnixFile()
                0x00000000c00090e4                ReservedFilename::~ReservedFilename()
                0x00000000c00090e4                ReservedFilename::~ReservedFilename()
                0x00000000c0009108                ReservedFilename::~ReservedFilename()
                0x00000000c000912f                getFromFileDescriptor(int)
 .text          0x00000000c000922c     0x1166 core/virtmgr.32
                0x00000000c000922c                Virt::setPageState(unsigned long, Virt::VirtPageState)
                0x00000000c0009261                Virt::getPageState(unsigned long)
                0x00000000c0009285                Virt::allocateKernelVirtualPages(int)
                0x00000000c0009396                Virt::freeSwapfilePage(unsigned long)
                0x00000000c00093b4                Virt::swapIDToSector(unsigned long)
                0x00000000c00093c6                Virt::allocateSwapfilePage()
                0x00000000c0009444                Virt::virtualMemorySetup()
                0x00000000c000948f                Virt::setupPageSwapping(int)
                0x00000000c0009500                VAS::VAS()
                0x00000000c0009500                VAS::VAS()
                0x00000000c000953c                VAS::VAS(VAS*)
                0x00000000c000953c                VAS::VAS(VAS*)
                0x00000000c000956a                VAS::getForeignPageTableEntry(bool, unsigned long)
                0x00000000c0009596                VAS::getPageTableEntry(unsigned long)
                0x00000000c00095b5                Virt::freeKernelVirtualPages(unsigned long)
                0x00000000c00096da                VAS::freeAllocatedPages(unsigned long)
                0x00000000c00096fe                VAS::virtualToPhysical(unsigned long)
                0x00000000c0009718                VAS::reflagRange(unsigned long, int, int, int)
                0x00000000c0009758                VAS::setToWriteCombining(unsigned long, int)
                0x00000000c000978c                VAS::mapOtherVASIn(bool, VAS*)
                0x00000000c00097b6                VAS::~VAS()
                0x00000000c00097b6                VAS::~VAS()
                0x00000000c000991a                VAS::mapPage(unsigned long, unsigned long, int)
                0x00000000c0009a1e                VAS::allocatePages(int, int)
                0x00000000c0009bf6                VAS::setCPUSpecific(unsigned long)
                0x00000000c0009c14                VAS::mapRange(unsigned long, unsigned long, int, int)
                0x00000000c0009cda                VAS::mapForeignPage(bool, VAS*, unsigned long, unsigned long, int)
                0x00000000c0009dc8                VAS::VAS(bool)
                0x00000000c0009dc8                VAS::VAS(bool)
                0x00000000c000a048                VAS::evict(unsigned long)
                0x00000000c000a10a                VAS::tryLoadBackOffDisk(unsigned long)
                0x00000000c000a1f8                VAS::scanForEviction()
                0x00000000c000a2d8                mapVASFirstTime
 .text          0x00000000c000a392       0x5f coreobjs/c++.32
                0x00000000c000a392                __cxa_atexit
                0x00000000c000a395                __cxa_finalize
                0x00000000c000a396                __stack_chk_fail
                0x00000000c000a3cc                __cxa_pure_virtual
                0x00000000c000a3dd                operator new[](unsigned long)
                0x00000000c000a3e2                operator delete(void*, unsigned long)
                0x00000000c000a3e7                operator delete[](void*)
                0x00000000c000a3ec                operator delete[](void*, unsigned long)
 .text          0x00000000c000a3f1      0x21c dbg/kconsole.32
                0x00000000c000a3f1                Dbg::stringifyxWithBase(unsigned int, char*, int)
                0x00000000c000a45c                Dbg::logc(char)
                0x00000000c000a47c                Dbg::logs(char*)
                0x00000000c000a499                Dbg::logWriteInt(unsigned int)
                0x00000000c000a4b7                Dbg::logWriteIntBase(unsigned int, int)
                0x00000000c000a4d8                Dbg::kprintf(char const*, ...)
 *fill*         0x00000000c000a60d        0x1 
 .text          0x00000000c000a60e      0xc5c fs/vfs.32
                0x00000000c000a60e                File::read(unsigned long long, void*, int*)
                0x00000000c000a666                File::write(unsigned long long, void*, int*)
                0x00000000c000a6be                Directory::read(unsigned long long, void*, int*)
                0x00000000c000a716                Directory::write(unsigned long long, void*, int*)
                0x00000000c000a744                File::isAtty()
                0x00000000c000a748                Directory::isAtty()
                0x00000000c000a74c                Filesystem::getlabel(LogicalDisk*, int, char*, unsigned int*)
                0x00000000c000a752                Filesystem::setlabel(LogicalDisk*, int, char*)
                0x00000000c000a758                Filesystem::allocateSwapfile(char const*, int)
                0x00000000c000a75e                File::~File()
                0x00000000c000a75e                File::~File()
                0x00000000c000a782                File::~File()
                0x00000000c000a7ac                Directory::~Directory()
                0x00000000c000a7ac                Directory::~Directory()
                0x00000000c000a7d0                Directory::~Directory()
                0x00000000c000a7fa                Filesystem::Filesystem()
                0x00000000c000a7fa                Filesystem::Filesystem()
                0x00000000c000a81e                Filesystem::~Filesystem()
                0x00000000c000a81e                Filesystem::~Filesystem()
                0x00000000c000a82c                Filesystem::~Filesystem()
                0x00000000c000a850                Fs::getcwd(Process*, char*, int)
                0x00000000c000a87a                Fs::initVFS()
                0x00000000c000a8a4                Fs::standardiseFiles(char*, char const*, char const*)
                0x00000000c000aa4e                File::File(char const*, Process*)
                0x00000000c000aa4e                File::File(char const*, Process*)
                0x00000000c000ab0e                File::open(FileOpenMode)
                0x00000000c000ab6c                File::close()
                0x00000000c000abcc                File::seek(unsigned long long)
                0x00000000c000ac22                File::tell(unsigned long long*)
                0x00000000c000ac72                File::rewind()
                0x00000000c000ac86                File::unlink()
                0x00000000c000acd2                File::rename(char const*)
                0x00000000c000ad20                File::chfatattr(unsigned char, unsigned char)
                0x00000000c000ad7c                File::exists()
                0x00000000c000adba                File::stat(unsigned long long*, bool*)
                0x00000000c000ae1b                Fs::setcwd(Process*, char*)
                0x00000000c000af78                Directory::Directory(char const*, Process*)
                0x00000000c000af78                Directory::Directory(char const*, Process*)
                0x00000000c000b038                Directory::open()
                0x00000000c000b094                Directory::close()
                0x00000000c000b0f4                Directory::unlink()
                0x00000000c000b140                Directory::rename(char const*)
                0x00000000c000b18e                Directory::exists()
                0x00000000c000b1cc                Directory::read(dirent*)
                0x00000000c000b218                Directory::create()
                0x00000000c000b264                Filesystem::chfatattr(char const*, unsigned char, unsigned char)
 *fill*         0x00000000c000b26a        0x2 
 .text          0x00000000c000b26c       0x86 hal/bus.32
                0x00000000c000b26c                Bus::Bus(char const*)
                0x00000000c000b26c                Bus::Bus(char const*)
                0x00000000c000b2a4                Bus::~Bus()
                0x00000000c000b2a4                Bus::~Bus()
                0x00000000c000b2c8                Bus::~Bus()
 .text          0x00000000c000b2f2       0x96 hal/buzzer.32
                0x00000000c000b2f2                beepThread(void*)
                0x00000000c000b32f                Krnl::beep(int, int, bool)
 .text          0x00000000c000b388      0x46d hal/clock.32
                0x00000000c000b388                User::loadClockSettings(int)
                0x00000000c000b3da                Clock::Clock(char const*)
                0x00000000c000b3da                Clock::Clock(char const*)
                0x00000000c000b410                Clock::~Clock()
                0x00000000c000b410                Clock::~Clock()
                0x00000000c000b434                Clock::~Clock()
                0x00000000c000b45e                Clock::timeInSecondsLocal()
                0x00000000c000b4a6                Clock::setTimeInSecondsLocal(unsigned long long)
                0x00000000c000b4ff                datetimeToSeconds(datetime_t)
                0x00000000c000b62c                Clock::setTimeInDatetimeLocal(datetime_t)
                0x00000000c000b68c                secondsToDatetime(unsigned long long)
                0x00000000c000b7d0                Clock::timeInDatetimeLocal()
 *fill*         0x00000000c000b7f5        0x1 
 .text          0x00000000c000b7f6      0x464 hal/device.32
                0x00000000c000b7f6                Device::hibernate()
                0x00000000c000b7f8                Device::wake()
                0x00000000c000b7fa                Device::detect()
                0x00000000c000b7fc                Device::disableLegacy()
                0x00000000c000b7fe                Device::powerSaving(PowerSavingLevel)
                0x00000000c000b800                DriverlessDevice::close(int, int, void*)
                0x00000000c000b804                DriverlessDevice::detect()
                0x00000000c000b806                DriverlessDevice::open(int, int, void*)
                0x00000000c000b81a                Device::~Device()
                0x00000000c000b81a                Device::~Device()
                0x00000000c000b828                Device::~Device()
                0x00000000c000b850                Device::findAndLoadDriver()
                0x00000000c000b85e                Device::preOpenPCI(PCIDeviceInfo)
                0x00000000c000b884                Device::preOpenACPI(void*, char*, char*)
                0x00000000c000b8c4                Device::addIRQHandler(int, void (*)(regs*, void*), bool, void*)
                0x00000000c000b8ee                Device::getParent()
                0x00000000c000b8fa                Device::removeIRQHandler(int, void (*)(regs*, void*), bool)
                0x00000000c000b918                Device::addChild(Device*)
                0x00000000c000b95c                Device::removeAllChildren()
                0x00000000c000b9a2                Device::hibernateAll()
                0x00000000c000b9d2                Device::wakeAll()
                0x00000000c000ba02                Device::detectAll()
                0x00000000c000ba32                Device::disableLegacyAll()
                0x00000000c000ba34                Device::loadDriversForAll()
                0x00000000c000ba36                Device::closeAll()
                0x00000000c000ba6c                Device::powerSavingAll(PowerSavingLevel)
                0x00000000c000baa2                Device::setName(char const*)
                0x00000000c000bab0                Device::Device(char const*)
                0x00000000c000bab0                Device::Device(char const*)
                0x00000000c000bbac                Device::getName()
                0x00000000c000bbb6                DriverlessDevice::DriverlessDevice(char const*)
                0x00000000c000bbb6                DriverlessDevice::DriverlessDevice(char const*)
                0x00000000c000bbec                Device::addToLinkedList(LinkedList<Device>&, DeviceType)
                0x00000000c000bc30                getDevicesOfType(DeviceType)
 *fill*         0x00000000c000bc5a        0x2 
 .text          0x00000000c000bc5c       0x86 hal/diskctrl.32
                0x00000000c000bc5c                HardDiskController::HardDiskController(char const*)
                0x00000000c000bc5c                HardDiskController::HardDiskController(char const*)
                0x00000000c000bc94                HardDiskController::~HardDiskController()
                0x00000000c000bc94                HardDiskController::~HardDiskController()
                0x00000000c000bcb8                HardDiskController::~HardDiskController()
 .text          0x00000000c000bce2       0xe2 hal/diskphys.32
                0x00000000c000bce2                PhysicalDisk::eject()
                0x00000000c000bce6                PhysicalDisk::PhysicalDisk(char const*, int)
                0x00000000c000bce6                PhysicalDisk::PhysicalDisk(char const*, int)
                0x00000000c000bd4e                PhysicalDisk::startCache()
                0x00000000c000bd76                PhysicalDisk::~PhysicalDisk()
                0x00000000c000bd76                PhysicalDisk::~PhysicalDisk()
                0x00000000c000bd9a                PhysicalDisk::~PhysicalDisk()
 .text          0x00000000c000bdc4        0x0 hal/fpu.32
 .text          0x00000000c000bdc4      0x35d hal/intctrl.32
                0x00000000c000bdc4                int_handler
                0x00000000c000be4c                installISRHandler(int, void (*)(regs*, void*), void*)
                0x00000000c000be94                installIRQHandler(int, void (*)(regs*, void*), bool, void*)
                0x00000000c000bfcc                uninstallISRHandler(int, void (*)(regs*, void*))
                0x00000000c000c000                uninstallIRQHandler(int, void (*)(regs*, void*), bool)
                0x00000000c000c07f                setupINTS()
                0x00000000c000c0dc                convertLegacyIRQNumber(int)
 *fill*         0x00000000c000c121        0x1 
 .text          0x00000000c000c122      0x7a6 hal/keybrd.32
                0x00000000c000c122                startGUI(void*)
                0x00000000c000c18e                startGUIVESA(void*)
                0x00000000c000c1fa                sendKeyToTerminal(unsigned char)
                0x00000000c000c2bd                sendKeyboardToken(KeyboardToken)
                0x00000000c000c717                clearInternalKeybuffer(VgaText*)
                0x00000000c000c74c                readKeyboard(VgaText*, char*, unsigned long)
                0x00000000c000c83e                Keyboard::Keyboard(char const*)
                0x00000000c000c83e                Keyboard::Keyboard(char const*)
                0x00000000c000c87a                Keyboard::~Keyboard()
                0x00000000c000c87a                Keyboard::~Keyboard()
                0x00000000c000c89e                Keyboard::~Keyboard()
 .text          0x00000000c000c8c8      0x3ea hal/logidisk.32
                0x00000000c000c8c8                LogicalDisk::close(int, int, void*)
                0x00000000c000c8cc                LogicalDisk::~LogicalDisk()
                0x00000000c000c8cc                LogicalDisk::~LogicalDisk()
                0x00000000c000c8f0                LogicalDisk::~LogicalDisk()
                0x00000000c000c91a                LogicalDisk::open(int, int, void*)
                0x00000000c000c92e                LogicalDisk::absoluteToRelative(unsigned long long)
                0x00000000c000c966                LogicalDisk::relativeToAbsolute(unsigned long long)
                0x00000000c000c9ac                LogicalDisk::LogicalDisk(char const*, PhysicalDisk*, unsigned long long, unsigned long long)
                0x00000000c000c9ac                LogicalDisk::LogicalDisk(char const*, PhysicalDisk*, unsigned long long, unsigned long long)
                0x00000000c000ca62                LogicalDisk::assignDriveLetter()
                0x00000000c000cb18                LogicalDisk::mount()
                0x00000000c000cb60                LogicalDisk::unmount()
                0x00000000c000cb70                LogicalDisk::eject()
                0x00000000c000cb84                LogicalDisk::unassignDriveLetter()
                0x00000000c000cbda                LogicalDisk::read(unsigned long long, int, void*)
                0x00000000c000cc46                LogicalDisk::write(unsigned long long, int, void*)
 *fill*         0x00000000c000ccb2        0x2 
 .text          0x00000000c000ccb4       0x86 hal/mouse.32
                0x00000000c000ccb4                Mouse::Mouse(char const*)
                0x00000000c000ccb4                Mouse::Mouse(char const*)
                0x00000000c000ccec                Mouse::~Mouse()
                0x00000000c000ccec                Mouse::~Mouse()
                0x00000000c000cd10                Mouse::~Mouse()
 .text          0x00000000c000cd3a      0x339 hal/partition.32
                0x00000000c000cd3a                makePartition(PhysicalDisk*, unsigned long long, unsigned long long)
                0x00000000c000cde2                createPartitionsForDisk(PhysicalDisk*)
 *fill*         0x00000000c000d073        0x1 
 .text          0x00000000c000d074       0x86 hal/serial.32
                0x00000000c000d074                Serial::Serial(char const*)
                0x00000000c000d074                Serial::Serial(char const*)
                0x00000000c000d0ac                Serial::~Serial()
                0x00000000c000d0ac                Serial::~Serial()
                0x00000000c000d0d0                Serial::~Serial()
 *fill*         0x00000000c000d0fa        0x2 
 .text          0x00000000c000d0fc      0x234 hal/timer.32
                0x00000000c000d0fc                Timer::Timer(char const*)
                0x00000000c000d0fc                Timer::Timer(char const*)
                0x00000000c000d134                Timer::~Timer()
                0x00000000c000d134                Timer::~Timer()
                0x00000000c000d158                Timer::~Timer()
                0x00000000c000d182                Timer::read()
                0x00000000c000d18d                setupTimer(int)
                0x00000000c000d1c8                timerHandler(unsigned int)
 .text          0x00000000c000d330      0x3ee hal/vcache.32
                0x00000000c000d330                VCache::VCache(PhysicalDisk*)
                0x00000000c000d330                VCache::VCache(PhysicalDisk*)
                0x00000000c000d498                VCache::invalidateReadBuffer()
                0x00000000c000d4a8                VCache::writeWriteBuffer()
                0x00000000c000d4f4                VCache::~VCache()
                0x00000000c000d4f4                VCache::~VCache()
                0x00000000c000d548                VCache::~VCache()
                0x00000000c000d570                VCache::write(unsigned long long, int, void*)
                0x00000000c000d686                VCache::read(unsigned long long, int, void*)
 .text          0x00000000c000d71e      0x4b3 hal/video.32
                0x00000000c000d71e                Video::putrect(int, int, int, int, unsigned int)
                0x00000000c000d76a                Video::bitblit(int, int, int, int, int, int, int, unsigned int*)
                0x00000000c000d7da                Video::blit(unsigned int*, int, int, int, int)
                0x00000000c000d858                Video::clearScreen(unsigned int)
                0x00000000c000d88c                Video::putpixel(int, int, unsigned int)
                0x00000000c000d89a                Video::Video(char const*)
                0x00000000c000d89a                Video::Video(char const*)
                0x00000000c000d8d0                Video::~Video()
                0x00000000c000d8d0                Video::~Video()
                0x00000000c000d8f4                Video::~Video()
                0x00000000c000d91e                Video::isMonochrome()
                0x00000000c000d92a                Video::getWidth()
                0x00000000c000d936                Video::getHeight()
                0x00000000c000d942                Video::drawCursor(int, int, unsigned char*, int)
                0x00000000c000d9fe                Video::tgaParse(unsigned char*, int, int*, int*)
                0x00000000c000db66                Video::putTGA(int, int, unsigned char*, int)
 *fill*         0x00000000c000dbd1        0x3 
 .text          0x00000000c000dbd4     0x1307 hw/acpi.32
                0x00000000c000dbd4                ACPI::close(int, int, void*)
                0x00000000c000dc8c                findRSDP()
                0x00000000c000dd1c                loadACPITables(unsigned char*)
                0x00000000c000df80                findRSDT(unsigned char*)
                0x00000000c000e0d0                findDataTable(unsigned char*, char*)
                0x00000000c000e148                scanMADT()
                0x00000000c000e61c                ACPI::ACPI()
                0x00000000c000e61c                ACPI::ACPI()
                0x00000000c000e670                ACPI::getPCIIRQAssignment(unsigned char, unsigned short, unsigned char)
                0x00000000c000e758                ACPI::registerPCIIRQAssignment(void*, unsigned short, unsigned char, unsigned char)
                0x00000000c000e820                ACPI::setScreenBrightnessLevel(void*, int)
                0x00000000c000e828                ACPI::detectPCI()
                0x00000000c000ea30                ACPI::writeSimpleBootFlag(SimpleBootFlagTable*)
                0x00000000c000ea84                ACPI::sleep()
                0x00000000c000eaa0                ACPI::open(int, int, void*)
 *fill*         0x00000000c000eedb        0x1 
 .text          0x00000000c000eedc      0xb95 hw/cpu.32
                0x00000000c000eedc                CPU::close(int, int, void*)
                0x00000000c000eee0                CPU::AMD_K6_write_msr(unsigned int, unsigned int, unsigned int, CPU::REGS*)
                0x00000000c000eefc                CPU::AMD_K6_read_msr(unsigned int, CPU::REGS*)
                0x00000000c000ef14                CPU::AMD_K6_writeback(int, int, int)
                0x00000000c000ef88                CPU::cpuid(int, unsigned long*, unsigned long*, unsigned long*, unsigned long*)
                0x00000000c000f00c                CPU::cpuidCheckEDX(unsigned int)
                0x00000000c000f03a                CPU::cpuidCheckECX(unsigned int)
                0x00000000c000f068                CPU::cpuidCheckExtendedEBX(unsigned int)
                0x00000000c000f096                CPU::cpuidCheckExtendedECX(unsigned int)
                0x00000000c000f0c4                CPU::CPU()
                0x00000000c000f0c4                CPU::CPU()
                0x00000000c000f152                CPU::displayFeatures()
                0x00000000c000f154                CPU::detectFeatures()
                0x00000000c000f818                CPU::setupSMEP()
                0x00000000c000f824                CPU::setupUMIP()
                0x00000000c000f82e                CPU::setupTSC()
                0x00000000c000f838                CPU::setupLargePages()
                0x00000000c000f842                CPU::setupPAT()
                0x00000000c000f87e                CPU::setupMTRR()
                0x00000000c000f880                CPU::setupGlobalPages()
                0x00000000c000f88a                CPU::allowUsermodeDataAccess()
                0x00000000c000f89c                CPU::prohibitUsermodeDataAccess()
                0x00000000c000f8ae                CPU::setupSMAP()
                0x00000000c000f8bc                CPU::setupFeatures()
                0x00000000c000f988                CPU::open(int, int, void*)
 .text          0x00000000c000fa71       0xd1 krnl/bootmsg.32
                0x00000000c000fa71                KeDisplaySplashScreen()
                0x00000000c000fadf                KeSetBootMessage(char const*)
 .text          0x00000000c000fb42      0x581 krnl/env.32
                0x00000000c000fb42                EnvVarContainer::getEnv(char const*)
                0x00000000c000fb80                EnvVarContainer::setEnv(char const*, char const*)
                0x00000000c000fc42                EnvVarContainer::deleteEnv(char const*)
                0x00000000c000fc44                EnvVarContainer::loadFrom(char const*, char const*)
                0x00000000c000fe2a                EnvVarContainer::__loadSystem()
                0x00000000c000fe44                EnvVarContainer::__loadUser()
                0x00000000c000fe46                EnvVarContainer::EnvVarContainer(Process*)
                0x00000000c000fe46                EnvVarContainer::EnvVarContainer(Process*)
                0x00000000c000fe68                EnvVarContainer::~EnvVarContainer()
                0x00000000c000fe68                EnvVarContainer::~EnvVarContainer()
                0x00000000c000fe98                Krnl::getEnv(Process*, char const*)
                0x00000000c000fefd                Krnl::setEnvSystem(char const*, char const*)
                0x00000000c000ff17                Krnl::setEnvUser(char const*, char const*)
                0x00000000c000ff36                Krnl::setEnvProcess(Process*, char const*, char const*)
                0x00000000c000ff49                Krnl::deleteEnvSystem(char const*)
                0x00000000c000ff4a                Krnl::deleteEnvUser(char const*)
                0x00000000c000ff4b                Krnl::deleteEnvProcess(Process*, char const*)
                0x00000000c000ff4c                Krnl::newProcessEnv(Process*)
                0x00000000c000ff6e                Krnl::copyProcessEnv(Process*, Process*)
                0x00000000c000ffba                Krnl::loadSystemEnv()
                0x00000000c000ffe8                Krnl::loadUserEnv()
                0x00000000c001000e                Krnl::flushEnv()
                0x00000000c001000f                Krnl::getProcessTotalEnvCount(Process*)
                0x00000000c001002f                Krnl::getProcessEnvPair(Process*, int)
 .text          0x00000000c00100c3       0x94 krnl/inlines.32
                0x00000000c00100c3                CPU::current()
                0x00000000c00100cf                operator new(unsigned long)
                0x00000000c00100d4                operator delete(void*)
                0x00000000c00100d9                disableIRQs()
                0x00000000c00100db                enableIRQs()
                0x00000000c00100dd                lockScheduler()
                0x00000000c00100e5                unlockScheduler()
                0x00000000c00100f4                lockStuff()
                0x00000000c0010102                unlockStuff()
                0x00000000c001013c                Virt::getAKernelVAS()
                0x00000000c0010142                __not_memcpy
 .text          0x00000000c0010157        0xc krnl/panic.32
                0x00000000c0010157                KePanic(char const*)
 .text          0x00000000c0010163      0x142 krnl/powctrl.32
                0x00000000c0010163                Krnl::powerThread(void*)
                0x00000000c0010191                Krnl::changePowerSettings(Krnl::PowerSettings)
                0x00000000c00101a7                Krnl::userIOReceived()
                0x00000000c00101b2                Krnl::handlePowerButton()
                0x00000000c00101e7                Krnl::handleSleepButton()
                0x00000000c001021c                Krnl::setupPowerManager()
 *fill*         0x00000000c00102a5        0x3 
 .text          0x00000000c00102a8      0x190 krnl/resolve.32
                0x00000000c00102a8                KeResolveCompatibilitySymbol(char*)
 .text          0x00000000c0010438      0xc6f krnl/syscalls.32
                0x00000000c0010438                SysSeekDir(regs*)
                0x00000000c001043d                SysTellDir(regs*)
                0x00000000c0010442                SysVerify(regs*)
                0x00000000c001044c                SysGetArgc(regs*)
                0x00000000c001045c                SysTTYName(regs*)
                0x00000000c0010464                SysFormatDisk(regs*)
                0x00000000c00104d1                SysSetDiskVolumeLabel(regs*)
                0x00000000c001051b                SysGetDiskVolumeLabel(regs*)
                0x00000000c0010570                SysShutdown(regs*)
                0x00000000c00105ce                SysRealpath(regs*)
                0x00000000c0010611                SysReadDir(regs*)
                0x00000000c0010691                SysIsATTY(regs*)
                0x00000000c00106ed                SysSeek(regs*)
                0x00000000c0010746                SysTell(regs*)
                0x00000000c00107b5                SysSize(regs*)
                0x00000000c001082a                SysSizeFromFilename(regs*)
                0x00000000c00108dd                SysClose(regs*)
                0x00000000c001093d                SysOpenDir(regs*)
                0x00000000c00109b4                SysCloseDir(regs*)
                0x00000000c0010a08                SysMakeDir(regs*)
                0x00000000c0010a7a                SysWait(regs*)
                0x00000000c0010a97                SysNotImpl(regs*)
                0x00000000c0010ab2                SysPanic(regs*)
                0x00000000c0010acd                SysRmdir(regs*)
                0x00000000c0010b34                SysUnlink(regs*)
                0x00000000c0010b9b                SysGetArgv(regs*)
                0x00000000c0010be8                SysUSleep(regs*)
                0x00000000c0010c11                SysSpawn(regs*)
                0x00000000c0010c7a                SysGetEnv(regs*)
                0x00000000c0010d29                SysSetFatAttrib(regs*)
                0x00000000c0010da0                SysPipe(regs*)
                0x00000000c0010de5                SysGetUnixTime(regs*)
                0x00000000c0010df9                string_ends_with(char const*, char const*)
                0x00000000c0010e43                SysOpen(regs*)
                0x00000000c0011037                KeSystemCall(regs*, void*)
 .text          0x00000000c00110a7      0x50e reg/registry.32
                0x00000000c00110a7                Reg::findLineFromLoadedData(char*, char*, char*)
                0x00000000c00111ff                Reg::getLineFromRegistry(char*, char*, char*, char*)
                0x00000000c0011354                Reg::getLine(char*, char*, char*)
                0x00000000c001138b                Reg::readInt(char*, char*, int*)
                0x00000000c0011476                Reg::readString(char*, char*, char*, int)
                0x00000000c00114f7                Reg::readBool(char*, char*, bool*)
                0x00000000c001151c                Reg::readBoolWithDefault(char*, char*, bool)
                0x00000000c0011548                Reg::readIntWithDefault(char*, char*, int)
                0x00000000c0011574                Reg::readStringWithDefault(char*, char*, char*, int, char*)
 .text          0x00000000c00115b5       0x36 sys/eject.32
                0x00000000c00115b5                SysEject(regs*)
 .text          0x00000000c00115eb       0x18 sys/exit.32
                0x00000000c00115eb                SysExit(regs*)
 .text          0x00000000c0011603       0x1f sys/getcwd.32
                0x00000000c0011603                SysGetCwd(regs*)
 .text          0x00000000c0011622        0xc sys/getpid.32
                0x00000000c0011622                SysGetPID(regs*)
 .text          0x00000000c001162e       0x1a sys/getramdata.32
                0x00000000c001162e                SysGetRAMData(regs*)
 .text          0x00000000c0011648       0x82 sys/getvgaptr.32
                0x00000000c0011648                SysGetVGAPtr(regs*)
 .text          0x00000000c00116ca       0xa8 sys/loaddll.32
                0x00000000c00116ca                SysLoadDLL(regs*)
 .text          0x00000000c0011772       0x68 sys/read.32
                0x00000000c0011772                SysRead(regs*)
 .text          0x00000000c00117da       0x55 sys/sbrk.32
                0x00000000c00117da                SysSbrk(regs*)
 .text          0x00000000c001182f       0x1c sys/setcwd.32
                0x00000000c001182f                SysSetCwd(regs*)
 .text          0x00000000c001184b       0x95 sys/settime.32
                0x00000000c001184b                SysSetTime(regs*)
 .text          0x00000000c00118e0       0x4a sys/timezone.32
                0x00000000c00118e0                SysTimezone(regs*)
 .text          0x00000000c001192a       0x68 sys/write.32
                0x00000000c001192a                SysWrite(regs*)
 .text          0x00000000c0011992       0x62 sys/wsbe.32
                0x00000000c0011992                SysWsbe(regs*)
 .text          0x00000000c00119f4       0x25 sys/yield.32
                0x00000000c00119f4                SysYield(regs*)
 .text          0x00000000c0011a19     0x11e5 thr/elf.32
                0x00000000c0011a19                Thr::allocateMemoryForTask(Process*, File*, unsigned long, unsigned long, unsigned long)
                0x00000000c0011ca5                Thr::loadProgramIntoMemory(Process*, char const*)
                0x00000000c0011ebb                Thr::runtimeReferenceHelper()
                0x00000000c0011ece                Thr::getAddressOfKernelSymbol(char const*)
                0x00000000c0011f1d                Thr::loadKernelSymbolTable(char const*)
                0x00000000c00121db                Thr::loadDriverIntoMemory(char const*, unsigned long, bool)
                0x00000000c0012911                Thr::getDriverBaseFromAddress(unsigned long)
                0x00000000c0012943                Thr::getDriverNameFromAddress(unsigned long)
                0x00000000c001297a                Thr::getDriverOffsetFromAddress(unsigned long)
                0x00000000c0012994                Thr::loadDLL(char const*, bool)
                0x00000000c0012bc5                Thr::executeDLL(unsigned long, void*)
 *fill*         0x00000000c0012bfe        0x2 
 .text          0x00000000c0012c00     0x12dd thr/prcssthr.32
                0x00000000c0012c00                userModeEntryPoint(void*)
                0x00000000c0012c28                changeTSS
                0x00000000c0012c58                switchToThread(ThreadControlBlock*)
                0x00000000c0012d0c                Process::addArgs(char**)
                0x00000000c0012d6c                Process::Process(char const*, Process*, char**)
                0x00000000c0012d6c                Process::Process(char const*, Process*, char**)
                0x00000000c0012f68                Process::Process(bool, char const*, Process*, char**)
                0x00000000c0012f68                Process::Process(bool, char const*, Process*, char**)
                0x00000000c0013130                taskStartupFunction
                0x00000000c001313c                Semaphore::Semaphore(int)
                0x00000000c001313c                Semaphore::Semaphore(int)
                0x00000000c001316c                Mutex::Mutex()
                0x00000000c001316c                Mutex::Mutex()
                0x00000000c0013180                Process::createThread(void (*)(void*), void*, int)
                0x00000000c0013278                Process::createUserThread()
                0x00000000c0013298                setupMultitasking(void (*)())
                0x00000000c00133a0                schedule()
                0x00000000c0013430                Semaphore::tryAcquire()
                0x00000000c00134fc                Semaphore::assertLocked(char const*)
                0x00000000c0013574                blockTaskWithSchedulerLockAlreadyHeld(TaskState)
                0x00000000c001359c                blockTask(TaskState)
                0x00000000c00135cc                waitTask(int, int*, int)
                0x00000000c0013610                milliTenthSleepUntil(unsigned int)
                0x00000000c00136a0                milliTenthSleep(unsigned int)
                0x00000000c00136b0                sleep(unsigned int)
                0x00000000c00136cc                Semaphore::acquire()
                0x00000000c0013788                taskReturned
                0x00000000c00137c4                Thr::processFromPID(int)
                0x00000000c0013864                unblockTask(ThreadControlBlock*)
                0x00000000c0013908                cleanupTerminatedTask(ThreadControlBlock*)
                0x00000000c0013bd4                cleanerTaskFunction(void*)
                0x00000000c0013cc4                terminateTask(int)
                0x00000000c0013d90                Thr::terminateFromIRQ(int)
                0x00000000c0013da0                Semaphore::release()
 .text          0x00000000c0013edd      0xb93 vm86/vm8086.32
                0x00000000c0013edd                Vm::inbv(unsigned short)
                0x00000000c0013ef0                Vm::outbv(unsigned short, unsigned char)
                0x00000000c0013f26                Vm::realToLinear(unsigned short, unsigned short)
                0x00000000c0013f36                Vm::getSegment(unsigned int)
                0x00000000c0013f3e                Vm::getOffset(unsigned int)
                0x00000000c0013f43                Vm::mainloop2()
                0x00000000c0013f7d                Vm::mainVm8086Loop(void*)
                0x00000000c0013f8d                Vm::mainloop3(unsigned long)
                0x00000000c0013fb3                Vm::initialise8086()
                0x00000000c0013ff6                Vm::finish8086()
                0x00000000c0014057                Vm::getOutput8086(unsigned char*)
                0x00000000c001407c                Vm::start8086FromBuffer(unsigned char*, int, unsigned short, unsigned short, unsigned short, unsigned short)
                0x00000000c0014135                Vm::start8086(char const*, unsigned short, unsigned short, unsigned short, unsigned short)
                0x00000000c001429d                Vm::doISR(regs*, int, unsigned char*, unsigned short, unsigned short)
                0x00000000c0014327                Vm::readByteFromReal(unsigned short, unsigned short)
                0x00000000c0014338                Vm::readWordFromReal(unsigned short, unsigned short)
                0x00000000c001434a                Vm::readDwordFromReal(unsigned short, unsigned short)
                0x00000000c001435b                Vm::writeByteFromReal(unsigned short, unsigned short, unsigned char)
                0x00000000c0014370                Vm::writeWordFromReal(unsigned short, unsigned short, unsigned short)
                0x00000000c0014386                Vm::writeDwordFromReal(unsigned short, unsigned short, unsigned int)
                0x00000000c001439b                Vm::faultHandler(regs*)
 .text          0x00000000c0014a70      0xa53 arch/i386/hal.32
                0x00000000c0014a70                noCopro(unsigned long)
                0x00000000c0014a71                nmiHandler(regs*, void*)
                0x00000000c0014a8a                doubleFault(regs*, void*)
                0x00000000c0014aa3                displayDebugInfo(regs*)
                0x00000000c0014dc4                HalSystemIdle()
                0x00000000c0014e3a                displayProgramFault(char const*)
                0x00000000c0014e86                gpFault(regs*, void*)
                0x00000000c0014eeb                pgFault(regs*, void*)
                0x00000000c0014f71                otherISRHandler(regs*, void*)
                0x00000000c0014fa5                opcodeFault(regs*, void*)
                0x00000000c0015025                i386SaveCoprocessor(void*)
                0x00000000c0015039                i386LoadCoprocessor(void*)
                0x00000000c001504d                x87EmulHandler(regs*, void*)
                0x00000000c00150ea                HalInitialiseCoprocessor()
                0x00000000c0015198                HalPanic(char const*)
                0x00000000c0015291                HalQueryPerformanceCounter()
                0x00000000c00152ac                HalInitialise()
                0x00000000c0015452                HalMakeBeep(int)
                0x00000000c001548c                HalGetRand()
                0x00000000c001548f                HalEndOfInterrupt(int)
                0x00000000c00154c0                HalRestart()
                0x00000000c00154c1                HalShutdown()
                0x00000000c00154c2                HalSleep()
 *fill*         0x00000000c00154c3        0x1 
 .text          0x00000000c00154c4      0x2f4 arch/i386/pic.32
                0x00000000c00154c4                picIoWait()
                0x00000000c00154cc                picDisable()
                0x00000000c0015500                picGetIRQReg(int)
                0x00000000c0015584                picOpen()
                0x00000000c0015714                picEOI(int)
 .text          0x00000000c00157b8      0x64d arch/i386/rtc.32
                0x00000000c00157b8                RTC::open(int, int, void*)
                0x00000000c00157bc                RTC::close(int, int, void*)
                0x00000000c00157c0                RTC::timeInSecondsUTC()
                0x00000000c00157d2                RTC::timeInDatetimeUTC()
                0x00000000c00157f8                RTC::setTimeInSecondsUTC(unsigned long long)
                0x00000000c0015836                RTC::~RTC()
                0x00000000c0015836                RTC::~RTC()
                0x00000000c001585a                RTC::~RTC()
                0x00000000c0015884                RTC::get_update_in_progress_flag()
                0x00000000c001589c                RTC::completeRTCRefresh()
                0x00000000c0015b54                RTC::setTimeInDatetimeUTC(datetime_t)
                0x00000000c0015d07                rtcIRQHandler(regs*, void*)
                0x00000000c0015d4c                RTC::RTC()
                0x00000000c0015d4c                RTC::RTC()
 *fill*         0x00000000c0015e05        0x3 
 .text          0x00000000c0015e08      0x203 arch/i386/vga.32
                0x00000000c0015e08                HalConsoleScroll(int, int)
                0x00000000c0015f10                HalConsoleWriteCharacter(char, int, int, int, int)
                0x00000000c0015f7c                HalConsoleCursorUpdate(int, int)
 *fill*         0x00000000c001600b        0x1 
 .text          0x00000000c001600c     0x13e7 fs/fat/vfslink.32
                0x00000000c001600c                FAT::getName()
                0x00000000c0016014                FAT::tell(void*, unsigned long long*)
                0x00000000c0016050                FAT::stat(void*, unsigned long long*)
                0x00000000c001608c                FAT::~FAT()
                0x00000000c001608c                FAT::~FAT()
                0x00000000c00160b0                FAT::~FAT()
                0x00000000c00160d8                FAT::getlabel(LogicalDisk*, int, char*, unsigned int*)
                0x00000000c001617c                FAT::setlabel(LogicalDisk*, int, char*)
                0x00000000c0016240                FAT::format(LogicalDisk*, int, char const*, int)
                0x00000000c0016414                FAT::tryMount(LogicalDisk*, int)
                0x00000000c001662c                FAT::allocateSwapfile(char const*, int)
                0x00000000c00167ec                FAT::readDir(void*, unsigned long, void*, int*)
                0x00000000c0016958                FAT::read(void*, unsigned long, void*, int*)
                0x00000000c00169b8                FAT::write(void*, unsigned long, void*, int*)
                0x00000000c0016a18                FAT::close(void*)
                0x00000000c0016a6c                FAT::closeDir(void*)
                0x00000000c0016ac0                FAT::seek(void*, unsigned long long)
                0x00000000c0016b18                fatWrapperReadDisk
                0x00000000c0016b5c                fatWrapperWriteDisk
                0x00000000c0016ba0                fatWrapperIoctl
                0x00000000c0016cbc                FAT::FAT()
                0x00000000c0016cbc                FAT::FAT()
                0x00000000c0016d10                FAT::fixFilepath(char*)
                0x00000000c0016d4c                FAT::open(char const*, void**, FileOpenMode)
                0x00000000c0016e84                FAT::openDir(char const*, void**)
                0x00000000c0016f34                FAT::stat(char const*, unsigned long long*, bool*)
                0x00000000c001702c                FAT::unlink(char const*)
                0x00000000c00170ac                FAT::chfatattr(char const*, unsigned char, unsigned char)
                0x00000000c0017238                FAT::rename(char const*, char const*)
                0x00000000c0017304                FAT::mkdir(char const*)
                0x00000000c0017384                FAT::exists(char const*)
 *fill*         0x00000000c00173f3        0x1 
 .text          0x00000000c00173f4       0xc6 fs/iso9660/helper.32
                0x00000000c00173f4                isoReadDiscSectorHelper
                0x00000000c0017450                iso_kprintf
                0x00000000c0017470                iso_kprintfd
 .text          0x00000000c00174ba      0x586 fs/iso9660/vfslink.32
                0x00000000c00174ba                ISO9660::format(LogicalDisk*, int, char const*, int)
                0x00000000c00174c0                ISO9660::getName()
                0x00000000c00174c6                ISO9660::closeDir(void*)
                0x00000000c00174d0                ISO9660::chfatattr(char const*, unsigned char, unsigned char)
                0x00000000c00174d6                ISO9660::unlink(char const*)
                0x00000000c00174dc                ISO9660::write(void*, unsigned long, void*, int*)
                0x00000000c00174e2                ISO9660::rename(char const*, char const*)
                0x00000000c00174e8                ISO9660::mkdir(char const*)
                0x00000000c00174ee                ISO9660::~ISO9660()
                0x00000000c00174ee                ISO9660::~ISO9660()
                0x00000000c0017512                ISO9660::~ISO9660()
                0x00000000c001753a                ISO9660::exists(char const*)
                0x00000000c001754e                ISO9660::open(char const*, void**, FileOpenMode)
                0x00000000c00175ee                ISO9660::openDir(char const*, void**)
                0x00000000c001767e                ISO9660::read(void*, unsigned long, void*, int*)
                0x00000000c00176be                ISO9660::seek(void*, unsigned long long)
                0x00000000c00176f6                ISO9660::tell(void*, unsigned long long*)
                0x00000000c001772c                ISO9660::stat(void*, unsigned long long*)
                0x00000000c0017766                ISO9660::stat(char const*, unsigned long long*, bool*)
                0x00000000c0017838                ISO9660::close(void*)
                0x00000000c001785e                ISO9660::readDir(void*, unsigned long, void*, int*)
                0x00000000c001792b                readSectorFromCDROM(unsigned int, unsigned char*, char)
                0x00000000c00179a6                ISO9660::tryMount(LogicalDisk*, int)
                0x00000000c0017a18                ISO9660::ISO9660()
                0x00000000c0017a18                ISO9660::ISO9660()
 .text          0x00000000c0017a40      0x26c hal/sound/sndcard.32
                0x00000000c0017a40                SoundCard::beginPlayback()
                0x00000000c0017a4e                SoundCard::stopPlayback()
                0x00000000c0017a5c                SoundCard::SoundCard(char const*)
                0x00000000c0017a5c                SoundCard::SoundCard(char const*)
                0x00000000c0017afa                SoundCard::~SoundCard()
                0x00000000c0017afa                SoundCard::~SoundCard()
                0x00000000c0017b1e                SoundCard::~SoundCard()
                0x00000000c0017b48                SoundCard::configureRates(int, int, int)
                0x00000000c0017b78                SoundCard::getSamples16(int, short*)
                0x00000000c0017bd4                SoundCard::getSamples32(int, int*)
                0x00000000c0017c5a                SoundCard::addChannel(SoundPort*)
                0x00000000c0017c98                SoundCard::removeChannel(int)
 .text          0x00000000c0017cac      0x377 hal/sound/sndport.32
                0x00000000c0017cac                SoundPort::SoundPort(int, int, int, int)
                0x00000000c0017cac                SoundPort::SoundPort(int, int, int, int)
                0x00000000c0017d38                SoundPort::~SoundPort()
                0x00000000c0017d38                SoundPort::~SoundPort()
                0x00000000c0017d6c                SoundPort::unpause()
                0x00000000c0017d78                SoundPort::pause()
                0x00000000c0017d84                SoundPort::getBufferUsed()
                0x00000000c0017d8c                SoundPort::getBufferSize()
                0x00000000c0017d94                SoundPort::buffer16(short*, int)
                0x00000000c0017e20                SoundPort::buffer32(int*, int)
                0x00000000c0017ea8                SoundPort::unbufferAndAdd16(int, short*, SoundCard*)
                0x00000000c0017f6c                SoundPort::unbufferAndAdd32(int, int*, SoundCard*)
 .text          0x00000000c0018023        0x0 hw/bus/isa.32
 *fill*         0x00000000c0018023        0x1 
 .text          0x00000000c0018024      0xb49 hw/bus/pci.32
                0x00000000c0018024                PCI::open(int, int, void*)
                0x00000000c0018042                PCI::close(int, int, void*)
                0x00000000c0018046                PCI::PCI()
                0x00000000c0018046                PCI::PCI()
                0x00000000c00180e0                PCI::readBAR8(unsigned int, int)
                0x00000000c00180fc                PCI::readBAR16(unsigned int, int)
                0x00000000c001811a                PCI::readBAR32(unsigned int, int)
                0x00000000c0018136                PCI::writeBAR8(unsigned int, unsigned char, int)
                0x00000000c0018156                PCI::writeBAR16(unsigned int, unsigned short, int)
                0x00000000c0018178                PCI::writeBAR32(unsigned int, unsigned int, int)
                0x00000000c0018198                PCI::legacyMechanism(unsigned char, unsigned char, unsigned char, unsigned char)
                0x00000000c0018206                PCI::pciReadWord(unsigned char, unsigned char, unsigned char, unsigned char)
                0x00000000c00182ae                PCI::getVendorID(unsigned char, unsigned char, unsigned char)
                0x00000000c00182d2                PCI::getHeaderType(unsigned char, unsigned char, unsigned char)
                0x00000000c00182fa                PCI::getClassCode(unsigned char, unsigned char, unsigned char)
                0x00000000c0018344                PCI::getProgIF(unsigned char, unsigned char, unsigned char)
                0x00000000c001836c                PCI::getRevisionID(unsigned char, unsigned char, unsigned char)
                0x00000000c0018390                PCI::getInterruptNumber(unsigned char, unsigned char, unsigned char)
                0x00000000c00183b4                PCI::getSecondaryBus(unsigned char, unsigned char, unsigned char)
                0x00000000c00183dc                PCI::getBARAddress(unsigned char, unsigned char, unsigned char, unsigned char)
                0x00000000c0018440                PCI::pciWriteWord(unsigned char, unsigned char, unsigned char, unsigned char, unsigned short)
                0x00000000c0018528                PCI::pciDetailsToFilepath(PCIDeviceInfo, char*)
                0x00000000c00187a2                PCI::checkBus(unsigned char)
                0x00000000c00187c8                PCI::foundDevice(PCIDeviceInfo)
                0x00000000c001893a                PCI::getDeviceData(unsigned char, unsigned char, unsigned char)
                0x00000000c0018aae                PCI::checkDevice(unsigned char, unsigned char)
                0x00000000c0018b1a                PCI::detect()
 *fill*         0x00000000c0018b6d        0x1 
 .text          0x00000000c0018b6e      0xb5a hw/diskctrl/ide.32
                0x00000000c0018b6e                IDE::close(int, int, void*)
                0x00000000c0018b72                IDE::IDE()
                0x00000000c0018b72                IDE::IDE()
                0x00000000c0018ba6                IDE::prepareInterrupt(unsigned char)
                0x00000000c0018bb8                selectDrive(unsigned char, unsigned char)
                0x00000000c0018bba                IDE::getBase(unsigned char)
                0x00000000c0018bcc                IDE::write(unsigned char, unsigned char, unsigned char)
                0x00000000c0018c8c                IDE::read(unsigned char, unsigned char)
                0x00000000c0018d3a                IDE::waitInterrupt(unsigned char)
                0x00000000c0018da2                ideChannel0IRQHandler(regs*, void*)
                0x00000000c0018dbe                ideChannel1IRQHandler(regs*, void*)
                0x00000000c0018dda                IDE::enableIRQs(unsigned char, bool)
                0x00000000c0018e20                IDE::open(int, int, void*)
                0x00000000c001922e                IDE::readBuffer(unsigned char, unsigned char, unsigned int, unsigned int)
                0x00000000c00192fa                IDE::detect()
                0x00000000c00195ba                IDE::printError(unsigned char, unsigned char, unsigned char)
                0x00000000c001966a                IDE::polling(unsigned char, unsigned int)
 .text          0x00000000c00196c8      0x32a hw/diskctrl/satabus.32
                0x00000000c00196c8                SATABus::close(int, int, void*)
                0x00000000c00196cc                SATABus::detect()
                0x00000000c00196ce                SATABus::SATABus()
                0x00000000c00196ce                SATABus::SATABus()
                0x00000000c0019754                SATABus::findCmdslot(SATABus::tagHBA_PORT volatile*)
                0x00000000c0019786                SATABus::checkType(SATABus::tagHBA_PORT volatile*)
                0x00000000c00197ce                SATABus::startCmd(SATABus::tagHBA_PORT volatile*)
                0x00000000c00197ee                SATABus::stopCmd(SATABus::tagHBA_PORT volatile*)
                0x00000000c0019818                SATABus::portRebase(SATABus::tagHBA_PORT volatile*, int)
                0x00000000c0019928                SATABus::probePort(SATABus::tagHBA_MEM volatile*)
                0x00000000c00199d2                SATABus::open(int, int, void*)
 .text          0x00000000c00199f2      0x5f4 hw/diskphys/ata.32
                0x00000000c00199f2                ATA::close(int, int, void*)
                0x00000000c0019a16                ATA::powerSaving(PowerSavingLevel)
                0x00000000c0019a18                ATA::ATA()
                0x00000000c0019a18                ATA::ATA()
                0x00000000c0019a46                ATA::flush(bool)
                0x00000000c0019a90                ATA::readyForCommand()
                0x00000000c0019adc                ATA::access(unsigned long long, int, void*, bool)
                0x00000000c0019e58                ATA::read(unsigned long long, int, void*)
                0x00000000c0019ea4                ATA::write(unsigned long long, int, void*)
                0x00000000c0019ef0                ATA::detectCHS()
                0x00000000c0019f1a                ATA::open(int, int, void*)
 .text          0x00000000c0019fe6      0x60e hw/diskphys/atapi.32
                0x00000000c0019fe6                ATAPI::write(unsigned long long, int, void*)
                0x00000000c0019fec                ATAPI::close(int, int, void*)
                0x00000000c001a010                ATAPI::ATAPI()
                0x00000000c001a010                ATAPI::ATAPI()
                0x00000000c001a03e                ATAPI::readyForCommand()
                0x00000000c001a090                ATAPI::sendPacket(unsigned char*, int, bool, unsigned short*, int)
                0x00000000c001a350                ATAPI::diskRemoved()
                0x00000000c001a38a                ATAPI::eject()
                0x00000000c001a3d2                ATAPI::diskInserted()
                0x00000000c001a3de                ATAPI::detectMedia()
                0x00000000c001a49a                ATAPI::open(int, int, void*)
                0x00000000c001a57a                ATAPI::read(unsigned long long, int, void*)
 .text          0x00000000c001a5f4      0x402 hw/diskphys/sata.32
                0x00000000c001a5f4                SATA::close(int, int, void*)
                0x00000000c001a618                SATA::powerSaving(PowerSavingLevel)
                0x00000000c001a61a                SATA::open(int, int, void*)
                0x00000000c001a6c4                SATA::SATA()
                0x00000000c001a6c4                SATA::SATA()
                0x00000000c001a6f2                SATA::access(unsigned long long, int, void*, bool)
                0x00000000c001a93e                SATA::read(unsigned long long, int, void*)
                0x00000000c001a98a                SATA::write(unsigned long long, int, void*)
 .text          0x00000000c001a9f6      0x5af hw/diskphys/satapi.32
                0x00000000c001a9f6                SATAPI::write(unsigned long long, int, void*)
                0x00000000c001a9fc                SATAPI::close(int, int, void*)
                0x00000000c001aa20                SATAPI::SATAPI()
                0x00000000c001aa20                SATAPI::SATAPI()
                0x00000000c001aa4e                SATAPI::diskRemoved()
                0x00000000c001aa50                SATAPI::diskInserted()
                0x00000000c001aa6c                SATAPI::sendPacket(unsigned char*, int, unsigned long long, unsigned short*, int)
                0x00000000c001ad4c                SATAPI::eject()
                0x00000000c001ad88                SATAPI::detectMedia()
                0x00000000c001adae                SATAPI::open(int, int, void*)
                0x00000000c001aeae                SATAPI::read(unsigned long long, int, void*)
 *fill*         0x00000000c001afa5        0x1 
 .text          0x00000000c001afa6      0x455 hw/intctrl/apic.32
                0x00000000c001afa6                IOAPIC::close(int, int, void*)
                0x00000000c001afac                apicGetBase()
                0x00000000c001afee                IOAPIC::IOAPIC()
                0x00000000c001afee                IOAPIC::IOAPIC()
                0x00000000c001b016                apicOpen()
                0x00000000c001b17c                IOAPIC::handlesGSIWithNumber(unsigned int)
                0x00000000c001b1ae                IOAPIC::read(int)
                0x00000000c001b1d6                IOAPIC::open(int, int, void*)
                0x00000000c001b2ca                IOAPIC::write(int, int)
                0x00000000c001b2f6                IOAPIC::redirect(unsigned char, unsigned long long, unsigned char, bool, bool)
 *fill*         0x00000000c001b3fb        0x1 
 .text          0x00000000c001b3fc       0xf0 hw/timer/apictimer.32
                0x00000000c001b3fc                APICTimer::close(int, int, void*)
                0x00000000c001b404                apicTimerHandler(regs*, void*)
                0x00000000c001b42c                APICTimer::open(int, int, void*)
                0x00000000c001b49c                APICTimer::write(int)
                0x00000000c001b4c4                APICTimer::APICTimer()
                0x00000000c001b4c4                APICTimer::APICTimer()
 .text          0x00000000c001b4ec      0x1aa hw/timer/pit.32
                0x00000000c001b4ec                PIT::write(int)
                0x00000000c001b570                pitHandler(regs*, void*)
                0x00000000c001b594                PIT::open(int, int, void*)
                0x00000000c001b5e4                PIT::close(int, int, void*)
                0x00000000c001b614                PIT::PIT()
                0x00000000c001b614                PIT::PIT()
 *fill*         0x00000000c001b696        0xa 
 .text          0x00000000c001b6a0       0x83 arch/i386/avx.32
                0x00000000c001b6a0                avxDetect
                0x00000000c001b6ca                avxSave
                0x00000000c001b6db                avxLoad
                0x00000000c001b6ec                avxInit
                0x00000000c001b70e                avxClose
                0x00000000c001b70f                wouldSheSayYes
 *fill*         0x00000000c001b723        0xd 
 .text          0x00000000c001b730      0x1d6 arch/i386/interrupt.32
                0x00000000c001b730                isr0
                0x00000000c001b740                isr1
                0x00000000c001b74a                isr2
                0x00000000c001b754                isr3
                0x00000000c001b75e                isr4
                0x00000000c001b768                isr5
                0x00000000c001b772                isr6
                0x00000000c001b77c                isr7
                0x00000000c001b786                isr8
                0x00000000c001b78e                isr9
                0x00000000c001b798                isr10
                0x00000000c001b7a0                isr11
                0x00000000c001b7a8                isr12
                0x00000000c001b7b0                isr13
                0x00000000c001b7b8                isr14
                0x00000000c001b7c0                isr15
                0x00000000c001b7ca                isr16
                0x00000000c001b7d4                isr17
                0x00000000c001b7de                isr18
                0x00000000c001b7e8                irq3
                0x00000000c001b7f2                irq4
                0x00000000c001b7fc                irq5
                0x00000000c001b806                irq6
                0x00000000c001b810                irq7
                0x00000000c001b81a                irq8
                0x00000000c001b824                irq9
                0x00000000c001b82e                irq10
                0x00000000c001b838                irq11
                0x00000000c001b842                irq12
                0x00000000c001b84c                irq13
                0x00000000c001b856                irq14
                0x00000000c001b860                irq15
                0x00000000c001b86a                irq1
                0x00000000c001b871                irq2
                0x00000000c001b878                isr96
                0x00000000c001b87f                irq0
                0x00000000c001b884                int_common_stub
                0x00000000c001b884                syscall_common_stub
                0x00000000c001b8b6                irq16
                0x00000000c001b8c0                irq17
                0x00000000c001b8ca                irq18
                0x00000000c001b8d4                irq19
                0x00000000c001b8de                irq20
                0x00000000c001b8e8                irq21
                0x00000000c001b8f2                irq22
                0x00000000c001b8fc                irq23
 *fill*         0x00000000c001b906        0xa 
 .text          0x00000000c001b910       0x10 arch/i386/rdrand.32
                0x00000000c001b910                i386GetRDRAND
 .text          0x00000000c001b920       0x39 arch/i386/sse.32
                0x00000000c001b920                absolutelyNoChanceInHell
                0x00000000c001b920                sseDetect
                0x00000000c001b938                sseSave
                0x00000000c001b940                sseLoad
                0x00000000c001b948                sseInit
                0x00000000c001b958                sseClose
 *fill*         0x00000000c001b959        0x7 
 .text          0x00000000c001b960       0x49 arch/i386/x87.32
                0x00000000c001b966                x87Detect
                0x00000000c001b981                x87Save
                0x00000000c001b988                x87Load
                0x00000000c001b98f                x87Init
                0x00000000c001b9a8                x87Close
 *fill*         0x00000000c001b9a9        0x3 
 .text          0x00000000c001b9ac       0x25 /cygdrive/d/Users/Alex/Desktop/Toolchain/Output/bin/../lib/gcc/i386-banana/8.1.0/crtend.o
 .text          0x00000000c001b9d1        0x0 crtn.32
 *fill*         0x00000000c001b9d1        0x3 
 .text          0x00000000c001b9d4      0x14b /cygdrive/d/Users/Alex/Desktop/Toolchain/Output/bin/../lib/gcc/i386-banana/8.1.0/libkgcc.a(_divdi3.o)
                0x00000000c001b9d4                __divdi3
 *fill*         0x00000000c001bb1f        0x1 
 .text          0x00000000c001bb20      0x17e /cygdrive/d/Users/Alex/Desktop/Toolchain/Output/bin/../lib/gcc/i386-banana/8.1.0/libkgcc.a(_moddi3.o)
                0x00000000c001bb20                __moddi3
 *fill*         0x00000000c001bc9e        0x2 
 .text          0x00000000c001bca0       0xff /cygdrive/d/Users/Alex/Desktop/Toolchain/Output/bin/../lib/gcc/i386-banana/8.1.0/libkgcc.a(_udivdi3.o)
                0x00000000c001bca0                __udivdi3
 *fill*         0x00000000c001bd9f        0x1 
 .text          0x00000000c001bda0      0x11a /cygdrive/d/Users/Alex/Desktop/Toolchain/Output/bin/../lib/gcc/i386-banana/8.1.0/libkgcc.a(_umoddi3.o)
                0x00000000c001bda0                __umoddi3
 *(.gnu.linkonce.t*)

.iplt           0x00000000c001bec0        0x0
 .iplt          0x00000000c001bec0        0x0 D:/Users/Alex/Desktop/Banana/kernel/boot.32

.init           0x00000000c001beba        0xf
 .init          0x00000000c001beba        0x3 crti.32
                0x00000000c001beba                _init
 .init          0x00000000c001bebd        0x5 /cygdrive/d/Users/Alex/Desktop/Toolchain/Output/bin/../lib/gcc/i386-banana/8.1.0/crtbegin.o
 .init          0x00000000c001bec2        0x5 /cygdrive/d/Users/Alex/Desktop/Toolchain/Output/bin/../lib/gcc/i386-banana/8.1.0/crtend.o
 .init          0x00000000c001bec7        0x2 crtn.32

.fini           0x00000000c001bec9        0xa
 .fini          0x00000000c001bec9        0x3 crti.32
                0x00000000c001bec9                _fini
 .fini          0x00000000c001becc        0x5 /cygdrive/d/Users/Alex/Desktop/Toolchain/Output/bin/../lib/gcc/i386-banana/8.1.0/crtbegin.o
 .fini          0x00000000c001bed1        0x2 crtn.32

.text._ZN8ComputerD2Ev
                0x00000000c001bed4       0x23
 .text._ZN8ComputerD2Ev
                0x00000000c001bed4       0x23 core/computer.32
                0x00000000c001bed4                Computer::~Computer()
                0x00000000c001bed4                Computer::~Computer()

.text._ZN8ComputerD0Ev
                0x00000000c001bef8       0x2a
 .text._ZN8ComputerD0Ev
                0x00000000c001bef8       0x2a core/computer.32
                0x00000000c001bef8                Computer::~Computer()

.text._Z10idleCommonv
                0x00000000c001bf22       0x21
 .text._Z10idleCommonv
                0x00000000c001bf22       0x21 core/idle.32
                0x00000000c001bf22                idleCommon()

.text._ZN10LinkedListI8UnixFileED2Ev
                0x00000000c001bf44        0x2
 .text._ZN10LinkedListI8UnixFileED2Ev
                0x00000000c001bf44        0x2 core/unixfile.32
                0x00000000c001bf44                LinkedList<UnixFile>::~LinkedList()
                0x00000000c001bf44                LinkedList<UnixFile>::~LinkedList()

.text._ZN10LinkedListI8UnixFileEC2Ev
                0x00000000c001bf46       0x42
 .text._ZN10LinkedListI8UnixFileEC2Ev
                0x00000000c001bf46       0x42 core/unixfile.32
                0x00000000c001bf46                LinkedList<UnixFile>::LinkedList()
                0x00000000c001bf46                LinkedList<UnixFile>::LinkedList()

.text._ZN10LinkedListI8UnixFileE10addElementEPS0_
                0x00000000c001bf88       0xd3
 .text._ZN10LinkedListI8UnixFileE10addElementEPS0_
                0x00000000c001bf88       0xd3 core/unixfile.32
                0x00000000c001bf88                LinkedList<UnixFile>::addElement(UnixFile*)

.text._ZN10LinkedListI8UnixFileE15getFirstElementEv
                0x00000000c001c05c        0x7
 .text._ZN10LinkedListI8UnixFileE15getFirstElementEv
                0x00000000c001c05c        0x7 core/unixfile.32
                0x00000000c001c05c                LinkedList<UnixFile>::getFirstElement()

.text._ZN10LinkedListI8UnixFileE11removeFirstEv
                0x00000000c001c064       0xa1
 .text._ZN10LinkedListI8UnixFileE11removeFirstEv
                0x00000000c001c064       0xa1 core/unixfile.32
                0x00000000c001c064                LinkedList<UnixFile>::removeFirst()

.text._ZN10LinkedListI8UnixFileE7getNextEPS0_
                0x00000000c001c106        0x8
 .text._ZN10LinkedListI8UnixFileE7getNextEPS0_
                0x00000000c001c106        0x8 core/unixfile.32
                0x00000000c001c106                LinkedList<UnixFile>::getNext(UnixFile*)

.text._ZN16DriverlessDeviceD2Ev
                0x00000000c001c10e       0x1a
 .text._ZN16DriverlessDeviceD2Ev
                0x00000000c001c10e       0x1a hal/device.32
                0x00000000c001c10e                DriverlessDevice::~DriverlessDevice()
                0x00000000c001c10e                DriverlessDevice::~DriverlessDevice()

.text._ZN16DriverlessDeviceD0Ev
                0x00000000c001c128       0x2a
 .text._ZN16DriverlessDeviceD0Ev
                0x00000000c001c128       0x2a hal/device.32
                0x00000000c001c128                DriverlessDevice::~DriverlessDevice()

.text._ZN10LinkedListI6DeviceE10addElementEPS0_
                0x00000000c001c152       0xdc
 .text._ZN10LinkedListI6DeviceE10addElementEPS0_
                0x00000000c001c152       0xdc hal/device.32
                0x00000000c001c152                LinkedList<Device>::addElement(Device*)

.text._ZN10LinkedListI6DeviceEC2Ev
                0x00000000c001c22e       0x42
 .text._ZN10LinkedListI6DeviceEC2Ev
                0x00000000c001c22e       0x42 hal/device.32
                0x00000000c001c22e                LinkedList<Device>::LinkedList()
                0x00000000c001c22e                LinkedList<Device>::LinkedList()

.text._ZN10LinkedListIV18ThreadControlBlockE7isEmptyEv
                0x00000000c001c270       0x1c
 .text._ZN10LinkedListIV18ThreadControlBlockE7isEmptyEv
                0x00000000c001c270       0x1c hal/timer.32
                0x00000000c001c270                LinkedList<ThreadControlBlock volatile>::isEmpty()

.text._ZN10LinkedListIV18ThreadControlBlockE15getFirstElementEv
                0x00000000c001c28c        0x7
 .text._ZN10LinkedListIV18ThreadControlBlockE15getFirstElementEv
                0x00000000c001c28c        0x7 hal/timer.32
                0x00000000c001c28c                LinkedList<ThreadControlBlock volatile>::getFirstElement()

.text._ZN10LinkedListIV18ThreadControlBlockE11removeFirstEv
                0x00000000c001c294       0xb8
 .text._ZN10LinkedListIV18ThreadControlBlockE11removeFirstEv
                0x00000000c001c294       0xb8 hal/timer.32
                0x00000000c001c294                LinkedList<ThreadControlBlock volatile>::removeFirst()

.text._ZN10LinkedListIV18ThreadControlBlockE10addElementEPS1_
                0x00000000c001c34c       0xda
 .text._ZN10LinkedListIV18ThreadControlBlockE10addElementEPS1_
                0x00000000c001c34c       0xda hal/timer.32
                0x00000000c001c34c                LinkedList<ThreadControlBlock volatile>::addElement(ThreadControlBlock volatile*)

.text._ZN4ACPID2Ev
                0x00000000c001c428       0x23
 .text._ZN4ACPID2Ev
                0x00000000c001c428       0x23 hw/acpi.32
                0x00000000c001c428                ACPI::~ACPI()
                0x00000000c001c428                ACPI::~ACPI()

.text._ZN4ACPID0Ev
                0x00000000c001c44c       0x2a
 .text._ZN4ACPID0Ev
                0x00000000c001c44c       0x2a hw/acpi.32