Archive member included to satisfy reference by file (symbol)

/cygdrive/d/Users/Alex/Desktop/Toolchain/Output/bin/../lib/gcc/i386-banana/8.1.0/libkgcc.a(_divdi3.o)
                              fs/fat/ff.32 (__divdi3)
/cygdrive/d/Users/Alex/Desktop/Toolchain/Output/bin/../lib/gcc/i386-banana/8.1.0/libkgcc.a(_moddi3.o)
                              compat/resolve.32 (__moddi3)
/cygdrive/d/Users/Alex/Desktop/Toolchain/Output/bin/../lib/gcc/i386-banana/8.1.0/libkgcc.a(_udivdi3.o)
                              fs/fat/ff.32 (__udivdi3)
/cygdrive/d/Users/Alex/Desktop/Toolchain/Output/bin/../lib/gcc/i386-banana/8.1.0/libkgcc.a(_umoddi3.o)
                              compat/resolve.32 (__umoddi3)
D:/Users/Alex/Desktop/Banana/kernel/libsoftfp.a(sfieeelib.o)
                              hal/sound/sndhw.32 (__addsf3)
D:/Users/Alex/Desktop/Banana/kernel/libsoftfp.a(dfieeelib.o)
                              hal/libresample/src_linear.32 (__adddf3)
D:/Users/Alex/Desktop/Banana/kernel/libsoftfp.a(sfdfcvt.o)
                              hal/libresample/samplerate.32 (__truncdfsf2)
D:/Users/Alex/Desktop/Banana/kernel/libk/libm32.a(s_fabs.c.o)
                              hal/libresample/samplerate.32 (fabs)
D:/Users/Alex/Desktop/Banana/kernel/libk/libm32.a(s_lrint.S.o)
                              hal/libresample/samplerate.32 (lrint)
D:/Users/Alex/Desktop/Banana/kernel/libk/libm32.a(s_lrintf.S.o)
                              hal/sound/sndhw.32 (lrintf)

Discarded input sections

 .comment       0x0000000000000000       0x12 /cygdrive/d/Users/Alex/Desktop/Toolchain/Output/bin/../lib/gcc/i386-banana/8.1.0/crtbegin.o
 .comment       0x0000000000000000       0x12 acpica/utclib.32
 .comment       0x0000000000000000       0x12 core/malloc.32
 .comment       0x0000000000000000       0x12 libk/string.32
 .comment       0x0000000000000000       0x12 fs/fat/diskio.32
 .comment       0x0000000000000000       0x12 fs/fat/ff.32
 .comment       0x0000000000000000       0x12 fs/fat/ffsystem.32
 .comment       0x0000000000000000       0x12 fs/fat/ffunicode.32
 .comment       0x0000000000000000       0x12 hal/libresample/samplerate.32
 .comment       0x0000000000000000       0x12 hal/libresample/src_linear.32
 .comment       0x0000000000000000       0x12 hal/libresample/src_sinc.32
 .comment       0x0000000000000000       0x12 hal/libresample/src_zoh.32
 .comment       0x0000000000000000       0x12 compat/inlines.32
 .comment       0x0000000000000000       0x12 compat/resolve.32
 .group         0x0000000000000000       0x14 core/computer.32
 .group         0x0000000000000000        0xc core/computer.32
 .comment       0x0000000000000000       0x12 core/computer.32
 .comment       0x0000000000000000       0x12 core/gdt.32
 .group         0x0000000000000000        0xc core/idle.32
 .comment       0x0000000000000000       0x12 core/idle.32
 .comment       0x0000000000000000       0x12 core/idt.32
 .comment       0x0000000000000000       0x12 core/kheap.32
 .comment       0x0000000000000000       0x12 core/main.32
 .comment       0x0000000000000000       0x12 core/physmgr.32
 .group         0x0000000000000000        0xc core/pipe.32
 .comment       0x0000000000000000       0x12 core/pipe.32
 .group         0x0000000000000000        0xc core/terminal.32
 .comment       0x0000000000000000       0x12 core/terminal.32
 .comment       0x0000000000000000       0x12 core/tss.32
 .group         0x0000000000000000        0x8 core/unixfile.32
 .group         0x0000000000000000        0xc core/unixfile.32
 .group         0x0000000000000000        0xc core/unixfile.32
 .group         0x0000000000000000        0x8 core/unixfile.32
 .group         0x0000000000000000        0xc core/unixfile.32
 .group         0x0000000000000000        0x8 core/unixfile.32
 .group         0x0000000000000000        0xc core/unixfile.32
 .group         0x0000000000000000        0xc core/unixfile.32
 .comment       0x0000000000000000       0x12 core/unixfile.32
 .comment       0x0000000000000000       0x12 core/virtmgr.32
 .comment       0x0000000000000000       0x12 coreobjs/c++.32
 .comment       0x0000000000000000       0x12 dbg/kconsole.32
 .group         0x0000000000000000        0xc fs/vfs.32
 .group         0x0000000000000000        0xc fs/vfs.32
 .group         0x0000000000000000        0xc fs/vfs.32
 .comment       0x0000000000000000       0x12 fs/vfs.32
 .group         0x0000000000000000        0xc hal/bus.32
 .comment       0x0000000000000000       0x12 hal/bus.32
 .group         0x0000000000000000        0xc hal/buzzer.32
 .comment       0x0000000000000000       0x12 hal/buzzer.32
 .group         0x0000000000000000        0xc hal/clock.32
 .comment       0x0000000000000000       0x12 hal/clock.32
 .group         0x0000000000000000       0x14 hal/device.32
 .group         0x0000000000000000        0xc hal/device.32
 .group         0x0000000000000000        0xc hal/device.32
 .group         0x0000000000000000        0xc hal/device.32
[...]
Memory Configuration

Name             Origin             Length             Attributes
*default*        0x0000000000000000 0xffffffffffffffff

Linker script and memory map

LOAD D:/Users/Alex/Desktop/Banana/kernel/boot.32
LOAD crti.32
LOAD /cygdrive/d/Users/Alex/Desktop/Toolchain/Output/bin/../lib/gcc/i386-banana/8.1.0/crtbegin.o
LOAD D:/Users/Alex/Desktop/Banana/kernel/morenasm.32
LOAD acpica/utclib.32
LOAD core/malloc.32
LOAD libk/string.32
LOAD fs/fat/diskio.32
LOAD fs/fat/ff.32
LOAD fs/fat/ffsystem.32
LOAD fs/fat/ffunicode.32
LOAD hal/libresample/samplerate.32
LOAD hal/libresample/src_linear.32
LOAD hal/libresample/src_sinc.32
LOAD hal/libresample/src_zoh.32
LOAD compat/inlines.32
LOAD compat/resolve.32
LOAD core/computer.32
LOAD core/gdt.32
LOAD core/idle.32
LOAD core/idt.32
LOAD core/kheap.32
LOAD core/main.32
LOAD core/physmgr.32
LOAD core/pipe.32
LOAD core/terminal.32
LOAD core/tss.32
LOAD core/unixfile.32
LOAD core/virtmgr.32
LOAD coreobjs/c++.32
LOAD dbg/kconsole.32
LOAD fs/vfs.32
LOAD hal/bus.32
LOAD hal/buzzer.32
LOAD hal/clock.32
LOAD hal/device.32
LOAD hal/diskctrl.32
LOAD hal/diskphys.32
LOAD hal/fpu.32
LOAD hal/intctrl.32
LOAD hal/keybrd.32
LOAD hal/logidisk.32
LOAD hal/mouse.32
LOAD hal/partition.32
LOAD hal/serial.32
LOAD hal/timer.32
LOAD hal/vcache.32
LOAD hal/video.32
LOAD hw/acpi.32
LOAD hw/cpu.32
LOAD hw/ports.32
LOAD hw/smp.32
LOAD krnl/env.32
LOAD krnl/panic.32
LOAD net/ethernet.32
LOAD reg/registry.32
LOAD sys/sc_eject.32
LOAD sys/sc_exit.32
LOAD sys/sc_getcwd.32
LOAD sys/sc_getpid.32
LOAD sys/sc_getramdata.32
LOAD sys/sc_loaddll.32
LOAD sys/sc_read.32
LOAD sys/sc_sbrk.32
LOAD sys/sc_setcwd.32
LOAD sys/sc_settime.32
LOAD sys/sc_timezone.32
LOAD sys/sc_write.32
LOAD sys/sc_wsbe.32
LOAD sys/sc_yield.32
LOAD sys/syscalls.32
LOAD thr/elf.32
LOAD thr/prcssthr.32
LOAD vm86/vm8086.32
LOAD vm86/x87em.32
LOAD fs/fat/vfslink.32
LOAD fs/iso9660/vfslink.32
LOAD hal/sound/sndchannel.32
LOAD hal/sound/sndhw.32
LOAD hw/bus/isa.32
LOAD hw/bus/pci.32
LOAD hw/diskctrl/ide.32
LOAD hw/diskctrl/satabus.32
LOAD hw/diskphys/ata.32
LOAD hw/diskphys/atapi.32
LOAD hw/diskphys/sata.32
LOAD hw/diskphys/satapi.32
LOAD hw/fpu/avx.32
LOAD hw/fpu/mmx.32
LOAD hw/fpu/sse.32
LOAD hw/fpu/x87.32
LOAD hw/intctrl/apic.32
LOAD hw/intctrl/pic.32
LOAD hw/timer/apictimer.32
LOAD hw/timer/pit.32
LOAD hw/fpu/x86/avx.32
LOAD hw/fpu/x86/sse.32
LOAD hw/fpu/x86/x87.32
LOAD /cygdrive/d/Users/Alex/Desktop/Toolchain/Output/bin/../lib/gcc/i386-banana/8.1.0/crtend.o
LOAD crtn.32
LOAD /cygdrive/d/Users/Alex/Desktop/Toolchain/Output/bin/../lib/gcc/i386-banana/8.1.0/libkgcc.a
LOAD D:/Users/Alex/Desktop/Banana/kernel/libsoftfp.a
LOAD D:/Users/Alex/Desktop/Banana/kernel/libk/libm32.a
                0x00000000c0000000                . = 0xc0000000

.text           0x00000000c0000000    0x28638
 *(.text)
 .text          0x00000000c0000000       0x41 D:/Users/Alex/Desktop/Banana/kernel/boot.32
                0x00000000c0000020                callGlobalConstructors
 .text          0x00000000c0000041        0x0 crti.32
 *fill*         0x00000000c0000041        0x3 
 .text          0x00000000c0000044      0x101 /cygdrive/d/Users/Alex/Desktop/Toolchain/Output/bin/../lib/gcc/i386-banana/8.1.0/crtbegin.o
 *fill*         0x00000000c0000145        0xb 
 .text          0x00000000c0000150      0x4ed D:/Users/Alex/Desktop/Banana/kernel/morenasm.32
                0x00000000c0000150                manualPCIProbe
                0x00000000c000019b                prepareTramp
                0x00000000c00001b4                voodooXADD
                0x00000000c000027f                doTPAUSE
                0x00000000c0000289                hasLegacyFPU
                0x00000000c00002ae                is486
                0x00000000c00002e4                detectCPUID
                0x00000000c00002fa                goToVM86
                0x00000000c000032a                goToUsermode
                0x00000000c0000354                switchToThreadASMFirstTime
                0x00000000c0000362                switchToThreadASM
                0x00000000c00003ea                asmQuickAcquireLock
                0x00000000c0000408                asmQuickReleaseLock
                0x00000000c0000414                asmAcquireLock
                0x00000000c0000435                asmReleaseLock
                0x00000000c0000448                loadGDT
                0x00000000c0000468                isr0
                0x00000000c0000478                isr1
                0x00000000c0000482                isr2
                0x00000000c000048c                isr3
                0x00000000c0000496                isr4
                0x00000000c00004a0                isr5
                0x00000000c00004aa                isr6
                0x00000000c00004b4                isr7
                0x00000000c00004be                isr8
                0x00000000c00004c6                isr9
                0x00000000c00004d0                isr10
                0x00000000c00004d8                isr11
                0x00000000c00004e0                isr12
                0x00000000c00004e8                isr13
                0x00000000c00004f0                isr14
                0x00000000c00004f8                isr15
                0x00000000c0000502                isr16
                0x00000000c000050c                isr17
                0x00000000c0000516                isr18
                0x00000000c0000520                irq3
                0x00000000c000052a                irq4
                0x00000000c0000534                irq5
                0x00000000c000053e                irq6
                0x00000000c0000548                irq7
                0x00000000c0000552                irq8
                0x00000000c000055c                irq9
                0x00000000c0000566                irq10
                0x00000000c0000570                irq11
                0x00000000c000057a                irq12
                0x00000000c0000584                irq13
                0x00000000c000058e                irq14
                0x00000000c0000598                irq15
                0x00000000c00005a2                irq1
                0x00000000c00005a9                irq2
                0x00000000c00005b0                isr96
                0x00000000c00005b7                irq0
                0x00000000c00005bc                int_common_stub
                0x00000000c00005bc                syscall_common_stub
                0x00000000c00005ed                irq16
                0x00000000c00005f7                irq17
                0x00000000c0000601                irq18
                0x00000000c000060b                irq19
                0x00000000c0000615                irq20
                0x00000000c000061f                irq21
                0x00000000c0000629                irq22
                0x00000000c0000633                irq23
 *fill*         0x00000000c000063d        0x3 
 .text          0x00000000c0000640      0x611 acpica/utclib.32
                0x00000000c0000640                memcmp
                0x00000000c000067c                memmove
                0x00000000c0000744                memcpy
                0x00000000c0000778                memset
                0x00000000c0000794                strlen
                0x00000000c00007ac                strpbrk
                0x00000000c00007e8                strtok
                0x00000000c0000834                strcpy
                0x00000000c0000858                strncpy
                0x00000000c00008c0                strcmp
                0x00000000c0000900                strchr
                0x00000000c0000924                strncmp
                0x00000000c0000974                strcat
                0x00000000c00009a4                strncat
                0x00000000c00009e0                strstr
                0x00000000c0000a28                toupper
                0x00000000c0000a3c                tolower
                0x00000000c0000a50                simple_strtoul
 .text          0x00000000c0000c51      0xfbf core/malloc.32
                0x00000000c0000dbc                dlfree
                0x00000000c0001117                dlmalloc
                0x00000000c0001654                dlrealloc
                0x00000000c0001809                dlmemalign
                0x00000000c000192c                dlcalloc
                0x00000000c00019c6                dlcfree
                0x00000000c00019cb                dlindependent_calloc
                0x00000000c00019f0                dlindependent_comalloc
                0x00000000c0001a07                dlvalloc
                0x00000000c0001a32                dlpvalloc
                0x00000000c0001a68                dlmalloc_trim
                0x00000000c0001a75                dlmalloc_usable_size
                0x00000000c0001aa6                dlmallinfo
                0x00000000c0001b75                dlmalloc_stats
                0x00000000c0001b86                dlmallopt
 .text          0x00000000c0001c10        0x0 libk/string.32
 .text          0x00000000c0001c10       0x51 fs/fat/diskio.32
                0x00000000c0001c10                disk_status
                0x00000000c0001c13                disk_initialize
                0x00000000c0001c16                disk_read
                0x00000000c0001c2c                disk_write
                0x00000000c0001c42                disk_ioctl
 .text          0x00000000c0001c61     0x6833 fs/fat/ff.32
                0x00000000c0004f2f                f_mount
                0x00000000c0004f91                f_open
                0x00000000c00053cd                f_read
                0x00000000c000564d                f_write
                0x00000000c0005907                f_sync
                0x00000000c0005ae3                f_close
                0x00000000c0005b12                f_lseek
                0x00000000c0005fc9                f_opendir
                0x00000000c00060cb                f_closedir
                0x00000000c00060ed                f_readdir
                0x00000000c0006188                f_stat
                0x00000000c0006217                f_getfree
                0x00000000c00063e2                f_truncate
                0x00000000c00064da                f_unlink
                0x00000000c000665d                f_mkdir
                0x00000000c0006889                f_rename
                0x00000000c0006b7c                f_chmod
                0x00000000c0006c5a                f_utime
                0x00000000c0006d38                f_getlabel
                0x00000000c0006f26                f_setlabel
                0x00000000c0007193                f_forward
                0x00000000c0007371                f_mkfs
 .text          0x00000000c0008494       0x2d fs/fat/ffsystem.32
                0x00000000c0008494                ff_memalloc
                0x00000000c00084aa                ff_memfree
 .text          0x00000000c00084c1      0x253 fs/fat/ffunicode.32
                0x00000000c00084c1                ff_uni2oem
                0x00000000c0008551                ff_oem2uni
                0x00000000c00085bd                ff_wtoupper
 .text          0x00000000c0008714      0x8fb hal/libresample/samplerate.32
                0x00000000c0008758                src_delete
                0x00000000c0008794                src_process
                0x00000000c000894a                src_callback_read
                0x00000000c0008ac7                src_set_ratio
                0x00000000c0008b31                src_get_channels
                0x00000000c0008b53                src_reset
                0x00000000c0008b9f                src_new
                0x00000000c0008c2d                src_callback_new
                0x00000000c0008c8f                src_get_name
                0x00000000c0008cc6                src_get_description
                0x00000000c0008cfd                src_get_version
                0x00000000c0008d03                src_is_valid_ratio
                0x00000000c0008d57                src_error
                0x00000000c0008d65                src_strerror
                0x00000000c0008d78                src_simple
                0x00000000c0008dcb                src_short_to_float_array
                0x00000000c0008e30                src_float_to_short_array
                0x00000000c0008eef                src_int_to_float_array
                0x00000000c0008f52                src_float_to_int_array
 .text          0x00000000c000900f      0x8cb hal/libresample/src_linear.32
                0x00000000c0009835                linear_get_name
                0x00000000c0009844                linear_get_description
                0x00000000c0009853                linear_set_converter
 .text          0x00000000c00098da     0x447c hal/libresample/src_sinc.32
                0x00000000c000dc6d                sinc_get_name
                0x00000000c000dc80                sinc_get_description
                0x00000000c000dc93                sinc_set_converter
 .text          0x00000000c000dd56      0x77c hal/libresample/src_zoh.32
                0x00000000c000e42d                zoh_get_name
                0x00000000c000e43c                zoh_get_description
                0x00000000c000e44b                zoh_set_converter
 .text          0x00000000c000e4d2       0x23 compat/inlines.32
                0x00000000c000e4d2                CPU::current()
                0x00000000c000e4df                operator new(unsigned long)
 .text          0x00000000c000e4f5      0x111 compat/resolve.32
                0x00000000c000e4f5                Krnl::resolveCompatibilitySymbol(char*)
 .text          0x00000000c000e606      0xa17 core/computer.32
                0x00000000c000e606                Computer::close(int, int, void*)
                0x00000000c000e64a                Krnl::firstTask()
                0x00000000c000e73a                Computer::Computer()
                0x00000000c000e73a                Computer::Computer()
                0x00000000c000e896                Computer::setBootMessage(char const*)
                0x00000000c000e898                Computer::detectFeatures()
                0x00000000c000eaa2                Computer::displayFeatures()
                0x00000000c000ede8                Computer::rdmsr(unsigned int)
                0x00000000c000ee14                Computer::wrmsr(unsigned int, unsigned long long)
                0x00000000c000ee4c                Computer::nmiEnabled()
                0x00000000c000ee58                Computer::readCMOS(unsigned char)
                0x00000000c000ee72                Computer::enableNMI(bool)
                0x00000000c000ee8a                Computer::open(int, int, void*)
                0x00000000c000ef60                Computer::disableNMI()
                0x00000000c000ef6e                Computer::writeCMOS(unsigned char, unsigned char)
                0x00000000c000ef8c                Computer::handleNMI()
                0x00000000c000eff2                Computer::setDiskActivityLight(int, bool)
 *fill*         0x00000000c000f01d        0x1 
 .text          0x00000000c000f01e      0x1b7 core/gdt.32
                0x00000000c000f01e                GDTEntry::setBase(unsigned int)
                0x00000000c000f03a                GDTEntry::setLimit(unsigned int)
                0x00000000c000f058                GDT::GDT()
                0x00000000c000f058                GDT::GDT()
                0x00000000c000f06e                GDT::addEntry(GDTEntry)
                0x00000000c000f0aa                GDT::getNumberOfEntries()
                0x00000000c000f0b2                GDT::flush()
                0x00000000c000f0d4                GDT::setup()
 .text          0x00000000c000f1d5       0x62 core/idle.32
                0x00000000c000f1d5                idleFunction(void*)
 *fill*         0x00000000c000f237        0x1 
 .text          0x00000000c000f238      0x45f core/idt.32
                0x00000000c000f238                IDTEntry::IDTEntry(bool)
                0x00000000c000f238                IDTEntry::IDTEntry(bool)
                0x00000000c000f2a6                IDTEntry::setOffset(unsigned int)
                0x00000000c000f2ba                IDT::IDT()
                0x00000000c000f2ba                IDT::IDT()
                0x00000000c000f2bc                IDT::getPointerToInvalidOpcodeEntryForF00F()
                0x00000000c000f2c4                IDT::addEntry(IDTEntry, int)
                0x00000000c000f2de                IDT::addEntry(int, void (*)(), bool)
                0x00000000c000f316                IDT::flush()
                0x00000000c000f330                IDT::setup()
 .text          0x00000000c000f697      0x203 core/kheap.32
                0x00000000c000f697                sbrk
                0x00000000c000f7a5                mmap
                0x00000000c000f7bb                munmap
                0x00000000c000f7d1                liballoc_lock()
                0x00000000c000f7e2                liballoc_unlock()
                0x00000000c000f7f3                liballoc_alloc(int)
                0x00000000c000f80e                liballoc_free(void*, int)
                0x00000000c000f82c                realloc
                0x00000000c000f840                malloc
                0x00000000c000f850                free
                0x00000000c000f860                rfree
                0x00000000c000f870                calloc
 .text          0x00000000c000f89a      0x485 core/main.32
                0x00000000c000f89a                hwTextMode_loadInData(VgaText*)
                0x00000000c000f8e5                hwTextMode_loadInTitle(VgaText*, char*)
                0x00000000c000f963                hwTextMode_showCursor(VgaText*, bool)
                0x00000000c000f9c1                hwTextMode_update(VgaText*)
                0x00000000c000f9c2                hwTextMode_updateCursor(VgaText*)
                0x00000000c000fa13                hwTextMode_disableBlink(VgaText*, bool)
                0x00000000c000fa59                hwTextMode_scrollScreen(VgaText*)
                0x00000000c000fb06                hwTextMode_writeCharacter(VgaText*, char, VgaColour, VgaColour, int, int)
                0x00000000c000fb88                setupTextMode()
                0x00000000c000fbf8                kernel_main
 .text          0x00000000c000fd1f      0x5cb core/physmgr.32
                0x00000000c000fd1f                Phys::allocateDMA(unsigned long)
                0x00000000c000fdc2                Phys::freeDMA(unsigned long, unsigned long)
                0x00000000c000fe0a                Phys::setPageState(unsigned long, bool)
                0x00000000c000fe3c                Phys::getPageState(unsigned long)
                0x00000000c000fe58                Phys::freePage(unsigned long)
                0x00000000c000fee2                Phys::allocatePage()
                0x00000000c0010028                Phys::allocateContiguousPages(int)
                0x00000000c0010082                Phys::allowSegmentToBeUsed(unsigned long, unsigned long)
                0x00000000c00100ba                Phys::physicalMemorySetup(unsigned int)
 .text          0x00000000c00102ea      0x273 core/pipe.32
                0x00000000c00102ea                Pipe::isAtty()
                0x00000000c00102ee                Pipe::~Pipe()
                0x00000000c00102ee                Pipe::~Pipe()
                0x00000000c0010312                Pipe::~Pipe()
                0x00000000c001033a                Pipe::read(unsigned long long, void*, int*)
                0x00000000c001042e                Pipe::write(unsigned long long, void*, int*)
                0x00000000c00104f6                Pipe::Pipe(int)
                0x00000000c00104f6                Pipe::Pipe(int)
 *fill*         0x00000000c001055d        0x1 
 .text          0x00000000c001055e      0xf73 core/terminal.32
                0x00000000c001055e                VgaText::isAtty()
                0x00000000c0010562                VgaText::~VgaText()
                0x00000000c0010562                VgaText::~VgaText()
                0x00000000c0010586                VgaText::~VgaText()
                0x00000000c00105b0                VgaText::read(unsigned long long, void*, int*)
                0x00000000c00105d0                setTerminalScrollLock(bool)
                0x00000000c00105d1                addToTerminalCycle(VgaText*)
                0x00000000c00105fe                installVgaTextImplementation()
                0x00000000c0010613                scrollTerminalScrollLock(int)
                0x00000000c0010614                VgaText::load()
                0x00000000c0010668                VgaText::updateCursor()
                0x00000000c0010682                VgaText::showCursor(bool)
                0x00000000c0010692                VgaText::disableBlink(bool)
                0x00000000c00106cc                VgaText::doANSI_SGR(int)
                0x00000000c0010758                VgaText::setDefaultBgColour(VgaColour)
                0x00000000c001076e                VgaText::setDefaultFgColour(VgaColour)
                0x00000000c0010784                VgaText::setDefaultColours(VgaColour, VgaColour)
                0x00000000c00107a4                VgaText::combineColours(unsigned char, unsigned char)
                0x00000000c00107b6                VgaText::scrollScreen()
                0x00000000c001084a                VgaText::combineCharAndColour(char, unsigned char)
                0x00000000c001085c                VgaText::writeCharacter(char, VgaColour, VgaColour, int, int)
                0x00000000c00108bc                VgaText::getCursorX()
                0x00000000c00108c8                VgaText::getCursorY()
                0x00000000c00108d4                VgaText::setCursor(int, int)
                0x00000000c00108f2                VgaText::setCursorX(int)
                0x00000000c001090e                VgaText::setCursorY(int)
                0x00000000c001092a                VgaText::incrementCursor(bool)
                0x00000000c0010992                VgaText::updateRAMUsageDisplay(int)
                0x00000000c00109f6                VgaText::updateDiskUsage()
                0x00000000c0010b60                VgaText::updateTitle()
                0x00000000c0010ba6                VgaText::setTitleTextColour(VgaColour)
                0x00000000c0010bb6                VgaText::setTitleColour(VgaColour)
                0x00000000c0010bc6                VgaText::setTitle(char*)
                0x00000000c0010bec                VgaText::decrementCursor(bool)
                0x00000000c0010c14                VgaText::putchar(char, VgaColour, VgaColour)
                0x00000000c0010d10                VgaText::isShowingCursor()
                0x00000000c0010d1c                VgaText::isBlinkDisabled()
                0x00000000c0010d2a                VgaText::setCursorHeight(int)
                0x00000000c0010d48                VgaText::getCursorHeight()
                0x00000000c0010d53                setActiveTerminal(VgaText*)
                0x00000000c0010e05                doTerminalCycle()
                0x00000000c0010e22                VgaText::doUpdate()
                0x00000000c0010e34                VgaText::puts(char const*, VgaColour, VgaColour)
                0x00000000c0010ff4                VgaText::clearScreen()
                0x00000000c0011058                VgaText::putchar(char)
                0x00000000c0011172                VgaText::puts(char const*)
                0x00000000c0011198                VgaText::putx(unsigned int)
                0x00000000c00111de                VgaText::VgaText(char const*)
                0x00000000c00111de                VgaText::VgaText(char const*)
                0x00000000c0011370                VgaText::receiveKey(unsigned char)
                0x00000000c0011458                VgaText::write(unsigned long long, void*, int*)
                0x00000000c00114ac                newTerminal(char*)
 *fill*         0x00000000c00114d1        0x1 
 .text          0x00000000c00114d2      0x1b3 core/tss.32
                0x00000000c00114d2                TSS::TSS()
                0x00000000c00114d2                TSS::TSS()
                0x00000000c00114e0                TSS::setESP(unsigned long)
                0x00000000c00114f2                TSS::flush()
                0x00000000c0011512                TSS::setup(unsigned long, unsigned long)
 *fill*         0x00000000c0011685        0x1 
 .text          0x00000000c0011686      0x4c2 core/unixfile.32
                0x00000000c0011686                ReservedFilename::read(unsigned long long, void*, int*)
                0x00000000c00116dc                ReservedFilename::isAtty()
                0x00000000c00116f8                ReservedFilename::write(unsigned long long, void*, int*)
                0x00000000c0011756                UnixFile::getFileDescriptor()
                0x00000000c001175e                UnixFile::UnixFile(int)
                0x00000000c001175e                UnixFile::UnixFile(int)
                0x00000000c001190e                ReservedFilename::ReservedFilename(int)
                0x00000000c001190e                ReservedFilename::ReservedFilename(int)
                0x00000000c0011940                UnixFile::~UnixFile()
                0x00000000c0011940                UnixFile::~UnixFile()
                0x00000000c00119d8                UnixFile::~UnixFile()
                0x00000000c0011a00                ReservedFilename::~ReservedFilename()
                0x00000000c0011a00                ReservedFilename::~ReservedFilename()
                0x00000000c0011a24                ReservedFilename::~ReservedFilename()
                0x00000000c0011a4b                getFromFileDescriptor(int)
 .text          0x00000000c0011b48     0x129a core/virtmgr.32
                0x00000000c0011b48                Virt::setPageState(unsigned long, Virt::VirtPageState)
                0x00000000c0011b7d                Virt::getPageState(unsigned long)
                0x00000000c0011ba1                Virt::allocateKernelVirtualPages(int)
                0x00000000c0011cb2                Virt::freeSwapfilePage(unsigned long)
                0x00000000c0011cd0                Virt::swapIDToSector(unsigned long)
                0x00000000c0011ce2                Virt::allocateSwapfilePage()
                0x00000000c0011d60                Virt::virtualMemorySetup()
                0x00000000c0011ddf                Virt::swappingSetup()
                0x00000000c0011e3c                Virt::getAKernelVAS()
                0x00000000c0011e42                Virt::setupPageSwapping(int)
                0x00000000c0011f72                VAS::VAS()
                0x00000000c0011f72                VAS::VAS()
                0x00000000c0011fa2                VAS::VAS(VAS*)
                0x00000000c0011fa2                VAS::VAS(VAS*)
                0x00000000c0011fc6                VAS::getForeignPageTableEntry(bool, unsigned long)
                0x00000000c0011ff2                VAS::getPageTableEntry(unsigned long)
                0x00000000c0012011                Virt::freeKernelVirtualPages(unsigned long)
                0x00000000c0012134                VAS::freeAllocatedPages(unsigned long)
                0x00000000c0012158                VAS::virtualToPhysical(unsigned long)
                0x00000000c0012170                VAS::reflagRange(unsigned long, int, int, int)
                0x00000000c00121b0                VAS::setToWriteCombining(unsigned long, int)
                0x00000000c00121e2                VAS::mapOtherVASIn(bool, VAS*)
                0x00000000c001220c                VAS::~VAS()
                0x00000000c001220c                VAS::~VAS()
                0x00000000c0012378                VAS::mapPage(unsigned long, unsigned long, int)
                0x00000000c0012478                VAS::allocatePages(int, int)
                0x00000000c0012650                VAS::setCPUSpecific(unsigned long)
                0x00000000c001266c                VAS::mapRange(unsigned long, unsigned long, int, int)
                0x00000000c0012732                VAS::mapForeignPage(bool, VAS*, unsigned long, unsigned long, int)
                0x00000000c0012820                VAS::VAS(bool)
                0x00000000c0012820                VAS::VAS(bool)
                0x00000000c0012a7c                VAS::evict(unsigned long)
                0x00000000c0012b34                VAS::scanForEviction(int, int)
                0x00000000c0012bd6                VAS::tryLoadBackOffDisk(unsigned long)
                0x00000000c0012d26                mapVASFirstTime
 .text          0x00000000c0012de2       0x95 coreobjs/c++.32
                0x00000000c0012de2                __cxa_atexit
                0x00000000c0012de5                __cxa_finalize
                0x00000000c0012de6                __stack_chk_fail
                0x00000000c0012e52                __cxa_pure_virtual
                0x00000000c0012e63                operator new[](unsigned long)
                0x00000000c0012e68                operator delete(void*, unsigned long)
                0x00000000c0012e6d                operator delete[](void*)
                0x00000000c0012e72                operator delete[](void*, unsigned long)
 .text          0x00000000c0012e77      0x1ef dbg/kconsole.32
                0x00000000c0012e77                Dbg::stringifyxWithBase(unsigned int, char*, int)
                0x00000000c0012ed8                Dbg::logc(char)
                0x00000000c0012eef                Dbg::logs(char*)
                0x00000000c0012f0c                Dbg::logWriteInt(unsigned int)
                0x00000000c0012f29                Dbg::logWriteIntBase(unsigned int, int)
                0x00000000c0012f48                Dbg::kprintf(char const*, ...)
 .text          0x00000000c0013066      0xb7c fs/vfs.32
                0x00000000c0013066                File::read(unsigned long long, void*, int*)
                0x00000000c00130be                File::write(unsigned long long, void*, int*)
                0x00000000c0013116                Directory::read(unsigned long long, void*, int*)
                0x00000000c001316e                Directory::write(unsigned long long, void*, int*)
                0x00000000c001319c                File::isAtty()
                0x00000000c00131a0                Directory::isAtty()
                0x00000000c00131a4                Filesystem::getlabel(LogicalDisk*, int, char*, unsigned int*)
                0x00000000c00131aa                Filesystem::setlabel(LogicalDisk*, int, char*)
                0x00000000c00131b0                File::~File()
                0x00000000c00131b0                File::~File()
                0x00000000c00131d4                File::~File()
                0x00000000c00131fe                Directory::~Directory()
                0x00000000c00131fe                Directory::~Directory()
                0x00000000c0013222                Directory::~Directory()
                0x00000000c001324c                Filesystem::Filesystem()
                0x00000000c001324c                Filesystem::Filesystem()
                0x00000000c0013270                Filesystem::~Filesystem()
                0x00000000c0013270                Filesystem::~Filesystem()
                0x00000000c001327e                Filesystem::~Filesystem()
                0x00000000c00132a2                Fs::getcwd(Process*, char*, int)
                0x00000000c00132cc                Fs::initVFS()
                0x00000000c00132f6                Fs::standardiseFiles(char*, char const*, char const*)
                0x00000000c00134a0                File::File(char const*, Process*)
                0x00000000c00134a0                File::File(char const*, Process*)
                0x00000000c0013504                File::open(FileOpenMode)
                0x00000000c0013562                File::close()
                0x00000000c00135c2                File::seek(unsigned long long)
                0x00000000c0013618                File::tell(unsigned long long*)
                0x00000000c0013668                File::rewind()
                0x00000000c001367c                File::unlink()
                0x00000000c00136c8                File::rename(char const*)
                0x00000000c0013716                File::chfatattr(unsigned char, unsigned char)
                0x00000000c0013772                File::exists()
                0x00000000c00137b0                File::stat(unsigned long long*, bool*)
                0x00000000c0013811                Fs::setcwd(Process*, char*)
                0x00000000c001394c                Directory::Directory(char const*, Process*)
                0x00000000c001394c                Directory::Directory(char const*, Process*)
                0x00000000c00139b0                Directory::open()
                0x00000000c0013a0c                Directory::close()
                0x00000000c0013a6c                Directory::unlink()
                0x00000000c0013ab8                Directory::rename(char const*)
                0x00000000c0013b06                Directory::exists()
                0x00000000c0013b44                Directory::read(dirent*)
                0x00000000c0013b90                Directory::create()
                0x00000000c0013bdc                Filesystem::chfatattr(char const*, unsigned char, unsigned char)
 .text          0x00000000c0013be2       0x84 hal/bus.32
                0x00000000c0013be2                Bus::Bus(char const*)
                0x00000000c0013be2                Bus::Bus(char const*)
                0x00000000c0013c18                Bus::~Bus()
                0x00000000c0013c18                Bus::~Bus()
                0x00000000c0013c3c                Bus::~Bus()
 .text          0x00000000c0013c66      0x14e hal/buzzer.32
                0x00000000c0013c66                Buzzer::Buzzer(char const*)
                0x00000000c0013c66                Buzzer::Buzzer(char const*)
                0x00000000c0013caa                Buzzer::~Buzzer()
                0x00000000c0013caa                Buzzer::~Buzzer()
                0x00000000c0013cce                Buzzer::~Buzzer()
                0x00000000c0013cf8                Buzzer::stop()
                0x00000000c0013d0b                beepThread(void*)
                0x00000000c0013d46                Buzzer::beep(int, int, bool)
 .text          0x00000000c0013db4      0x467 hal/clock.32
                0x00000000c0013db4                User::loadClockSettings(int)
                0x00000000c0013e06                Clock::Clock(char const*)
                0x00000000c0013e06                Clock::Clock(char const*)
                0x00000000c0013e3c                Clock::~Clock()
                0x00000000c0013e3c                Clock::~Clock()
                0x00000000c0013e60                Clock::~Clock()
                0x00000000c0013e8a                Clock::timeInSecondsLocal()
                0x00000000c0013ed2                Clock::setTimeInSecondsLocal(unsigned long long)
                0x00000000c0013f2b                datetimeToSeconds(datetime_t)
                0x00000000c0014052                Clock::setTimeInDatetimeLocal(datetime_t)
                0x00000000c00140b2                secondsToDatetime(unsigned long long)
                0x00000000c00141f6                Clock::timeInDatetimeLocal()
 *fill*         0x00000000c001421b        0x1 
 .text          0x00000000c001421c      0x4de hal/device.32
                0x00000000c001421c                Device::hibernate()
                0x00000000c001421e                Device::wake()
                0x00000000c0014220                Device::detect()
                0x00000000c0014222                Device::disableLegacy()
                0x00000000c0014224                Device::powerSaving(PowerSavingLevel)
                0x00000000c0014226                DriverlessDevice::close(int, int, void*)
                0x00000000c001422a                DriverlessDevice::detect()
                0x00000000c001422c                DriverlessDevice::open(int, int, void*)
                0x00000000c0014240                Device::~Device()
                0x00000000c0014240                Device::~Device()
                0x00000000c001424e                Device::~Device()
                0x00000000c0014276                Device::findAndLoadDriver()
                0x00000000c0014278                Device::preOpenPCI(PCIDeviceInfo)
                0x00000000c001429e                Device::preOpenACPI(void*, char*, char*)
                0x00000000c00142f2                Device::addIRQHandler(int, void (*)(regs*, void*), bool, void*)
                0x00000000c0014330                Device::removeIRQHandler(int, void (*)(regs*, void*), bool)
                0x00000000c001436e                Device::addChild(Device*)
                0x00000000c00143b2                Device::removeAllChildren()
                0x00000000c00143f8                Device::hibernateAll()
                0x00000000c0014428                Device::wakeAll()
                0x00000000c0014458                Device::detectAll()
                0x00000000c0014488                Device::disableLegacyAll()
                0x00000000c00144b8                Device::loadDriversForAll()
                0x00000000c00144e4                Device::closeAll()
                0x00000000c001451a                Device::powerSavingAll(PowerSavingLevel)
                0x00000000c0014550                Device::setName(char const*)
                0x00000000c001455e                Device::Device(char const*)
                0x00000000c001455e                Device::Device(char const*)
                0x00000000c001465a                Device::getName()
                0x00000000c0014664                DriverlessDevice::DriverlessDevice(char const*)
                0x00000000c0014664                DriverlessDevice::DriverlessDevice(char const*)
                0x00000000c001468c                Device::addToLinkedList(LinkedList<Device>&, DeviceType)
                0x00000000c00146d0                getDevicesOfType(DeviceType)
 .text          0x00000000c00146fa       0x84 hal/diskctrl.32
                0x00000000c00146fa                HardDiskController::HardDiskController(char const*)
                0x00000000c00146fa                HardDiskController::HardDiskController(char const*)
                0x00000000c0014730                HardDiskController::~HardDiskController()
                0x00000000c0014730                HardDiskController::~HardDiskController()
                0x00000000c0014754                HardDiskController::~HardDiskController()
 .text          0x00000000c001477e       0xf2 hal/diskphys.32
                0x00000000c001477e                PhysicalDisk::eject()
                0x00000000c0014792                PhysicalDisk::PhysicalDisk(char const*, int)
                0x00000000c0014792                PhysicalDisk::PhysicalDisk(char const*, int)
                0x00000000c00147fa                PhysicalDisk::startCache()
                0x00000000c0014822                PhysicalDisk::~PhysicalDisk()
                0x00000000c0014822                PhysicalDisk::~PhysicalDisk()
                0x00000000c0014846                PhysicalDisk::~PhysicalDisk()
 .text          0x00000000c0014870      0x13b hal/fpu.32
                0x00000000c0014870                FPU::FPU(char const*)
                0x00000000c0014870                FPU::FPU(char const*)
                0x00000000c00148a6                FPU::~FPU()
                0x00000000c00148a6                FPU::~FPU()
                0x00000000c00148ca                FPU::~FPU()
                0x00000000c00148f4                setupFPU()
 *fill*         0x00000000c00149ab        0x1 
 .text          0x00000000c00149ac     0x13a7 hal/intctrl.32
                0x00000000c00149ac                InterruptController::uninstallISRHandler(int, void (*)(regs*, void*))
                0x00000000c00149e4                InterruptController::installISRHandler(int, void (*)(regs*, void*), void*)
                0x00000000c0014a36                doubleFault(regs*, void*)
                0x00000000c0014a50                InterruptController::installIRQHandler(int, void (*)(regs*, void*), bool, void*)
                0x00000000c0014aec                InterruptController::clearAllHandlers(int, bool)
                0x00000000c0014b94                InterruptController::uninstallIRQHandler(int, void (*)(regs*, void*), bool)
                0x00000000c0014c1b                nmiHandler(regs*, void*)
                0x00000000c0014c29                int_handler
                0x00000000c0014cca                InterruptController::InterruptController(char const*)
                0x00000000c0014cca                InterruptController::InterruptController(char const*)
                0x00000000c0014d70                InterruptController::~InterruptController()
                0x00000000c0014d70                InterruptController::~InterruptController()
                0x00000000c0014d94                InterruptController::~InterruptController()
                0x00000000c0014dbe                displayDebugInfo(regs*)
                0x00000000c001524d                x87EmulHandler(regs*, void*)
                0x00000000c001527c                gpFault(regs*, void*)
                0x00000000c00152b5                pgFault(regs*, void*)
                0x00000000c00152f1                otherISRHandler(regs*, void*)
                0x00000000c0015310                opcodeFault(regs*, void*)
                0x00000000c0015916                displayProgramFault(char const*)
                0x00000000c001593e                setupInterruptController()
                0x00000000c0015d06                InterruptController::convertLegacyIRQNumber(int)
 *fill*         0x00000000c0015d53        0x1 
 .text          0x00000000c0015d54      0x6c8 hal/keybrd.32
                0x00000000c0015d54                startGUI(void*)
                0x00000000c0015db0                startGUIVESA(void*)
                0x00000000c0015e0c                sendKeyToTerminal(unsigned char)
                0x00000000c0015e78                sendKeyboardToken(KeyboardToken)
                0x00000000c00162b5                clearInternalKeybuffer(VgaText*)
                0x00000000c00162ea                readKeyboard(VgaText*, char*, unsigned long)
                0x00000000c0016392                Keyboard::Keyboard(char const*)
                0x00000000c0016392                Keyboard::Keyboard(char const*)
                0x00000000c00163ce                Keyboard::~Keyboard()
                0x00000000c00163ce                Keyboard::~Keyboard()
                0x00000000c00163f2                Keyboard::~Keyboard()
 .text          0x00000000c001641c      0x414 hal/logidisk.32
                0x00000000c001641c                LogicalDisk::close(int, int, void*)
                0x00000000c0016420                LogicalDisk::~LogicalDisk()
                0x00000000c0016420                LogicalDisk::~LogicalDisk()
                0x00000000c0016444                LogicalDisk::~LogicalDisk()
                0x00000000c001646e                LogicalDisk::open(int, int, void*)
                0x00000000c0016482                LogicalDisk::absoluteToRelative(unsigned long long)
                0x00000000c00164ba                LogicalDisk::relativeToAbsolute(unsigned long long)
                0x00000000c0016500                LogicalDisk::LogicalDisk(char const*, PhysicalDisk*, unsigned long long, unsigned long long)
                0x00000000c0016500                LogicalDisk::LogicalDisk(char const*, PhysicalDisk*, unsigned long long, unsigned long long)
                0x00000000c00165b6                LogicalDisk::assignDriveLetter()
                0x00000000c001666c                LogicalDisk::mount()
                0x00000000c00166de                LogicalDisk::unmount()
                0x00000000c00166ee                LogicalDisk::eject()
                0x00000000c0016702                LogicalDisk::unassignDriveLetter()
                0x00000000c0016758                LogicalDisk::read(unsigned long long, int, void*)
                0x00000000c00167c4                LogicalDisk::write(unsigned long long, int, void*)
 .text          0x00000000c0016830       0x84 hal/mouse.32
                0x00000000c0016830                Mouse::Mouse(char const*)
                0x00000000c0016830                Mouse::Mouse(char const*)
                0x00000000c0016866                Mouse::~Mouse()
                0x00000000c0016866                Mouse::~Mouse()
                0x00000000c001688a                Mouse::~Mouse()
 .text          0x00000000c00168b4      0x34d hal/partition.32
                0x00000000c00168b4                makePartition(PhysicalDisk*, unsigned long long, unsigned long long)
                0x00000000c0016970                createPartitionsForDisk(PhysicalDisk*)
 *fill*         0x00000000c0016c01        0x1 
 .text          0x00000000c0016c02       0x84 hal/serial.32
                0x00000000c0016c02                Serial::Serial(char const*)
                0x00000000c0016c02                Serial::Serial(char const*)
                0x00000000c0016c38                Serial::~Serial()
                0x00000000c0016c38                Serial::~Serial()
                0x00000000c0016c5c                Serial::~Serial()
 .text          0x00000000c0016c86      0x2b8 hal/timer.32
                0x00000000c0016c86                Timer::Timer(char const*)
                0x00000000c0016c86                Timer::Timer(char const*)
                0x00000000c0016cbc                Timer::~Timer()
                0x00000000c0016cbc                Timer::~Timer()
                0x00000000c0016ce0                Timer::~Timer()
                0x00000000c0016d0a                Timer::read()
                0x00000000c0016d15                timerHandler(unsigned long long)
                0x00000000c0016e4c                setupTimer(int)
 .text          0x00000000c0016f3e      0x425 hal/vcache.32
                0x00000000c0016f3e                VCache::VCache(PhysicalDisk*)
                0x00000000c0016f3e                VCache::VCache(PhysicalDisk*)
                0x00000000c00170a6                VCache::invalidateReadBuffer()
                0x00000000c00170b6                VCache::writeWriteBuffer()
                0x00000000c00170f2                VCache::~VCache()
                0x00000000c00170f2                VCache::~VCache()
                0x00000000c0017146                VCache::~VCache()
                0x00000000c001716e                VCache::write(unsigned long long, int, void*)
                0x00000000c0017264                VCache::read(unsigned long long, int, void*)
 *fill*         0x00000000c0017363        0x1 
 .text          0x00000000c0017364      0x4cd hal/video.32
                0x00000000c0017364                Video::putrect(int, int, int, int, unsigned int)
                0x00000000c00173b0                Video::bitblit(int, int, int, int, int, int, int, unsigned int*)
                0x00000000c0017420                Video::blit(unsigned int*, int, int, int, int)
                0x00000000c001749e                Video::clearScreen(unsigned int)
                0x00000000c00174d2                Video::putpixel(int, int, unsigned int)
                0x00000000c00174e0                Video::Video(char const*)
                0x00000000c00174e0                Video::Video(char const*)
                0x00000000c0017516                Video::~Video()
                0x00000000c0017516                Video::~Video()
                0x00000000c001753a                Video::~Video()
                0x00000000c0017564                Video::isMonochrome()
                0x00000000c0017570                Video::getWidth()
                0x00000000c001757c                Video::getHeight()
                0x00000000c0017588                Video::drawCursor(int, int, unsigned char*, int)
                0x00000000c0017644                Video::tgaParse(unsigned char*, int, int*, int*)
                0x00000000c00177c6                Video::putTGA(int, int, unsigned char*, int)
 *fill*         0x00000000c0017831        0x1 
 .text          0x00000000c0017832      0xf64 hw/acpi.32
                0x00000000c0017832                ACPI::close(int, int, void*)
                0x00000000c00178e7                findRSDP()
                0x00000000c0017971                loadACPITables(unsigned char*)
                0x00000000c0017b98                findRSDT(unsigned char*)
                0x00000000c0017cb6                findDataTable(unsigned char*, char*)
                0x00000000c0017d52                scanMADT()
                0x00000000c00181d8                ACPI::ACPI()
                0x00000000c00181d8                ACPI::ACPI()
                0x00000000c0018242                ACPI::getPCIIRQAssignment(unsigned char, unsigned short, unsigned char)
                0x00000000c0018324                ACPI::registerPCIIRQAssignment(void*, unsigned short, unsigned char, unsigned char)
                0x00000000c00183ea                ACPI::setScreenBrightnessLevel(void*, int)
                0x00000000c00183f0                ACPI::writeSimpleBootFlag(SimpleBootFlagTable*)
                0x00000000c0018438                ACPI::open(int, int, void*)
                0x00000000c001877e                ACPI::sleep()
 .text          0x00000000c0018796     0x1715 hw/cpu.32
                0x00000000c0018796                CPU::close(int, int, void*)
                0x00000000c001879a                CPU::lookupAMDName(unsigned char, unsigned char)
                0x00000000c001892e                CPU::lookupIntelName(unsigned char, unsigned char)
                0x00000000c0018bdc                CPU::AMD_K6_write_msr(unsigned int, unsigned int, unsigned int, CPU::REGS*)
                0x00000000c0018bf8                CPU::AMD_K6_read_msr(unsigned int, CPU::REGS*)
                0x00000000c0018c10                CPU::AMD_K6_writeback(int, int, int)
                0x00000000c0018c84                CPU::cpuid(int, unsigned long*, unsigned long*, unsigned long*, unsigned long*)
                0x00000000c0018d08                CPU::cpuidCheckEDX(unsigned int)
                0x00000000c0018d36                CPU::cpuidCheckECX(unsigned int)
                0x00000000c0018d64                CPU::cpuidCheckExtendedEBX(unsigned int)
                0x00000000c0018d92                CPU::cpuidCheckExtendedECX(unsigned int)
                0x00000000c0018dc0                CPU::CPU()
                0x00000000c0018dc0                CPU::CPU()
                0x00000000c0018e4e                CPU::displayFeatures()
                0x00000000c00190ca                CPU::detectFeatures()
                0x00000000c0019aba                CPU::setupSMEP()
                0x00000000c0019ac6                CPU::setupUMIP()
                0x00000000c0019ad0                CPU::setupTSC()
                0x00000000c0019ada                CPU::setupLargePages()
                0x00000000c0019ae4                CPU::setupPAT()
                0x00000000c0019b20                CPU::setupMTRR()
                0x00000000c0019b22                CPU::setupGlobalPages()
                0x00000000c0019b2c                CPU::allowUsermodeDataAccess()
                0x00000000c0019b3e                CPU::prohibitUsermodeDataAccess()
                0x00000000c0019b50                CPU::setupSMAP()
                0x00000000c0019b5e                CPU::setupFeatures()
                0x00000000c0019bde                CPU::open(int, int, void*)
                0x00000000c0019cb0                CPU::decodeAddress(regs*, int*, bool*, unsigned char*)
 .text          0x00000000c0019eab        0x0 hw/ports.32
 .text          0x00000000c0019eab      0x16a hw/smp.32
                0x00000000c0019eab                Krnl::smpEntry()
                0x00000000c0019ead                Krnl::startCPU(int)
                0x00000000c0019ff6                Krnl::startCPUs()
 *fill*         0x00000000c001a015        0x1 
 .text          0x00000000c001a016      0x5d3 krnl/env.32
                0x00000000c001a016                EnvVarContainer::getEnv(char const*)
                0x00000000c001a054                EnvVarContainer::setEnv(char const*, char const*)
                0x00000000c001a120                EnvVarContainer::deleteEnv(char const*)
                0x00000000c001a122                EnvVarContainer::loadFrom(char const*, char const*)
                0x00000000c001a318                EnvVarContainer::__loadSystem()
                0x00000000c001a332                EnvVarContainer::__loadUser()
                0x00000000c001a334                EnvVarContainer::EnvVarContainer(Process*)
                0x00000000c001a334                EnvVarContainer::EnvVarContainer(Process*)
                0x00000000c001a356                EnvVarContainer::~EnvVarContainer()
                0x00000000c001a356                EnvVarContainer::~EnvVarContainer()
                0x00000000c001a386                Krnl::getEnv(Process*, char const*)
                0x00000000c001a3eb                Krnl::setEnvSystem(char const*, char const*)
                0x00000000c001a405                Krnl::setEnvUser(char const*, char const*)
                0x00000000c001a424                Krnl::setEnvProcess(Process*, char const*, char const*)
                0x00000000c001a437                Krnl::deleteEnvSystem(char const*)
                0x00000000c001a438                Krnl::deleteEnvUser(char const*)
                0x00000000c001a439                Krnl::deleteEnvProcess(Process*, char const*)
                0x00000000c001a43a                Krnl::newProcessEnv(Process*)
                0x00000000c001a45c                Krnl::copyProcessEnv(Process*, Process*)
                0x00000000c001a4b0                Krnl::loadSystemEnv()
                0x00000000c001a4de                Krnl::loadUserEnv()
                0x00000000c001a504                Krnl::flushEnv()
                0x00000000c001a505                Krnl::getProcessTotalEnvCount(Process*)
                0x00000000c001a525                Krnl::getProcessEnvPair(Process*, int)
 .text          0x00000000c001a5e9      0x396 krnl/panic.32
                0x00000000c001a5e9                Krnl::panic(char const*)
 .text          0x00000000c001a97f      0x3b6 net/ethernet.32
                0x00000000c001a97f                Net::switchEndian16(unsigned short)
                0x00000000c001a9a0                Net::switchEndian32(unsigned int)
                0x00000000c001a9cf                Net::crc32Calc(unsigned char*, int)
                0x00000000c001aa60                Net::wrapEthernetFrame(Net::UnwrappedEthernetFrame, unsigned char*)
                0x00000000c001ab9c                Net::unwrapEthernetFrame(unsigned char*, int)
 .text          0x00000000c001ad35      0x513 reg/registry.32
                0x00000000c001ad35                Reg::findLineFromLoadedData(char*, char*, char*)
                0x00000000c001ae8d                Reg::getLineFromRegistry(char*, char*, char*, char*)
                0x00000000c001afe2                Reg::getLine(char*, char*, char*)
                0x00000000c001b019                Reg::readInt(char*, char*, int*)
                0x00000000c001b104                Reg::readString(char*, char*, char*, int)
                0x00000000c001b185                Reg::readBool(char*, char*, bool*)
                0x00000000c001b1aa                Reg::readBoolWithDefault(char*, char*, bool)
                0x00000000c001b1d6                Reg::readIntWithDefault(char*, char*, int)
                0x00000000c001b202                Reg::readStringWithDefault(char*, char*, char*, int, char*)
 .text          0x00000000c001b248       0x36 sys/sc_eject.32
                0x00000000c001b248                Sys::eject(regs*)
 .text          0x00000000c001b27e       0x18 sys/sc_exit.32
                0x00000000c001b27e                Sys::exit(regs*)
 .text          0x00000000c001b296       0x1f sys/sc_getcwd.32
                0x00000000c001b296                Sys::getCwd(regs*)
 .text          0x00000000c001b2b5        0xc sys/sc_getpid.32
                0x00000000c001b2b5                Sys::getPID(regs*)
 .text          0x00000000c001b2c1       0x17 sys/sc_getramdata.32
                0x00000000c001b2c1                Sys::getRAMData(regs*)
 .text          0x00000000c001b2d8       0xa8 sys/sc_loaddll.32
                0x00000000c001b2d8                Sys::loadDLL(regs*)
 .text          0x00000000c001b380       0x68 sys/sc_read.32
                0x00000000c001b380                Sys::read(regs*)
 .text          0x00000000c001b3e8       0x55 sys/sc_sbrk.32
                0x00000000c001b3e8                Sys::sbrk(regs*)
 .text          0x00000000c001b43d       0x1c sys/sc_setcwd.32
                0x00000000c001b43d                Sys::setCwd(regs*)
 .text          0x00000000c001b459      0x128 sys/sc_settime.32
                0x00000000c001b459                Sys::setTime(regs*)
 .text          0x00000000c001b581       0x4a sys/sc_timezone.32
                0x00000000c001b581                Sys::timezone(regs*)
 .text          0x00000000c001b5cb       0x68 sys/sc_write.32
                0x00000000c001b5cb                Sys::write(regs*)
 .text          0x00000000c001b633       0x62 sys/sc_wsbe.32
                0x00000000c001b633                Sys::wsbe(regs*)
 .text          0x00000000c001b695       0x3b sys/sc_yield.32
                0x00000000c001b695                Sys::yield(regs*)
 .text          0x00000000c001b6d0     0x10e5 sys/syscalls.32
                0x00000000c001b6d0                sysCallSeekDir(regs*)
                0x00000000c001b6d5                sysCallTellDir(regs*)
                0x00000000c001b6da                sysCallVerify(regs*)
                0x00000000c001b6e4                sysFormatDisk(regs*)
                0x00000000c001b74e                sysSetDiskVolumeLabel(regs*)
                0x00000000c001b794                sysGetDiskVolumeLabel(regs*)
                0x00000000c001b7e5                sysShutdown(regs*)
                0x00000000c001b843                sysCallRealpath(regs*)
                0x00000000c001b886                sysCallGetArgc(regs*)
                0x00000000c001b8b4                sysCallReadDir(regs*)
                0x00000000c001b942                sysCallIsATTY(regs*)
                0x00000000c001b99c                sysCallSeek(regs*)
                0x00000000c001ba05                sysCallTell(regs*)
                0x00000000c001ba82                sysCallSize(regs*)
                0x00000000c001bb05                sysCallSizeFromFilename(regs*)
                0x00000000c001bbc5                sysCallClose(regs*)
                0x00000000c001bc4d                sysCallOpenDir(regs*)
                0x00000000c001bcc2                sysCallCloseDir(regs*)
                0x00000000c001bd28                sysCallMakeDir(regs*)
                0x00000000c001bd98                sysCallWait(regs*)
                0x00000000c001bdb2                sysCallNotImpl(regs*)
                0x00000000c001bdcd                sysPanic(regs*)
                0x00000000c001bdf3                sysCallRmdir(regs*)
                0x00000000c001be57                sysCallUnlink(regs*)
                0x00000000c001bebb                sysCallGetArgv(regs*)
                0x00000000c001bf07                sysCallTTYName(regs*)
                0x00000000c001bf8a                sysCallUSleep(regs*)
                0x00000000c001bfb1                sysCallSpawn(regs*)
                0x00000000c001c009                sysCallGetEnv(regs*)
                0x00000000c001c141                sysAppSettings(regs*)
                0x00000000c001c260                sysSetFatAttrib(regs*)
                0x00000000c001c2d2                sysPipe(regs*)
                0x00000000c001c317                sysGetUnixTime(regs*)
                0x00000000c001c32b                string_ends_with(char const*, char const*)
                0x00000000c001c373                sysCallOpen(regs*)
                0x00000000c001c588                Sys::loadSyscalls()
                0x00000000c001c773                Sys::systemCall(regs*, void*)
 .text          0x00000000c001c7b5     0x11d4 thr/elf.32
                0x00000000c001c7b5                Thr::allocateMemoryForTask(Process*, File*, unsigned long, unsigned long, unsigned long)
                0x00000000c001ca47                Thr::loadProgramIntoMemory(Process*, char const*)
                0x00000000c001cc5d                Thr::runtimeReferenceHelper()
                0x00000000c001cc70                Thr::getAddressOfKernelSymbol(char const*)
                0x00000000c001ccbf                Thr::loadKernelSymbolTable(char const*)
                0x00000000c001cf7d                Thr::loadDriverIntoMemory(char const*, unsigned long, bool)
                0x00000000c001d699                Thr::getDriverBaseFromAddress(unsigned long)
                0x00000000c001d6cb                Thr::getDriverNameFromAddress(unsigned long)
                0x00000000c001d702                Thr::getDriverOffsetFromAddress(unsigned long)
                0x00000000c001d71c                Thr::loadDLL(char const*, bool)
                0x00000000c001d950                Thr::executeDLL(unsigned long, void*)
 *fill*         0x00000000c001d989        0x1 
 .text          0x00000000c001d98a     0x1056 thr/prcssthr.32
                0x00000000c001d98a                changeTSS
                0x00000000c001d9ba                Process::addArgs(char**)
                0x00000000c001da14                Process::Process(char const*, Process*, char**)
                0x00000000c001da14                Process::Process(char const*, Process*, char**)
                0x00000000c001dbf8                Process::Process(bool, char const*, Process*, char**)
                0x00000000c001dbf8                Process::Process(bool, char const*, Process*, char**)
                0x00000000c001dda7                disableIRQs()
                0x00000000c001ddaf                getIRQNestingLevel()
                0x00000000c001ddb5                enableIRQs()
                0x00000000c001ddc4                lockScheduler()
                0x00000000c001ddc6                unlockScheduler()
                0x00000000c001ddc8                userModeEntryPoint(void*)
                0x00000000c001ddeb                lockStuff()
                0x00000000c001ddf7                taskStartupFunction
                0x00000000c001de00                updateTimeUsed()
                0x00000000c001de65                switchToThread(ThreadControlBlock*)
                0x00000000c001deb6                Semaphore::Semaphore(int)
                0x00000000c001deb6                Semaphore::Semaphore(int)
                0x00000000c001dee4                Mutex::Mutex()
                0x00000000c001dee4                Mutex::Mutex()
                0x00000000c001def6                Process::createThread(void (*)(void*), void*, int)
                0x00000000c001dfda                Process::createUserThread()
                0x00000000c001dff6                setupMultitasking(void (*)())
                0x00000000c001e100                schedule()
                0x00000000c001e185                unlockStuff()
                0x00000000c001e1ba                Semaphore::tryAcquire()
                0x00000000c001e1e8                Semaphore::assertLocked(char const*)
                0x00000000c001e218                blockTaskWithSchedulerLockAlreadyHeld(TaskState)
                0x00000000c001e25a                blockTask(TaskState)
                0x00000000c001e27b                waitTask(int, int*, int)
                0x00000000c001e2bd                nanoSleepUntil(unsigned long long)
                0x00000000c001e314                nanoSleep(unsigned long long)
                0x00000000c001e329                sleep(unsigned long long)
                0x00000000c001e346                Semaphore::acquire()
                0x00000000c001e3ae                taskReturned
                0x00000000c001e3dc                unblockTask(ThreadControlBlock*)
                0x00000000c001e48b                cleanupTerminatedTask(ThreadControlBlock*)
                0x00000000c001e754                cleanerTaskFunction(void*)
                0x00000000c001e807                terminateTask(int)
                0x00000000c001e8e7                Thr::terminateFromIRQ(int)
                0x00000000c001e8f4                Semaphore::release()
 .text          0x00000000c001e9e0      0xc26 vm86/vm8086.32
                0x00000000c001e9e0                Vm::inbv(unsigned short)
                0x00000000c001e9f3                Vm::outbv(unsigned short, unsigned char)
                0x00000000c001ea46                Vm::realToLinear(unsigned short, unsigned short)
                0x00000000c001ea56                Vm::getSegment(unsigned int)
                0x00000000c001ea5e                Vm::getOffset(unsigned int)
                0x00000000c001ea63                Vm::mainloop2()
                0x00000000c001ea9e                Vm::mainVm8086Loop(void*)
                0x00000000c001eaab                Vm::mainloop3(unsigned long)
                0x00000000c001ead5                Vm::initialise8086()
                0x00000000c001eb18                Vm::finish8086()
                0x00000000c001eb5d                Vm::getOutput8086(unsigned char*)
                0x00000000c001eb87                Vm::start8086(char const*, unsigned short, unsigned short, unsigned short, unsigned short)
                0x00000000c001ecd7                Vm::doISR(regs*, int, unsigned char*, unsigned short, unsigned short)
                0x00000000c001ed61                Vm::readByteFromReal(unsigned short, unsigned short)
                0x00000000c001ed72                Vm::readWordFromReal(unsigned short, unsigned short)
                0x00000000c001ed84                Vm::readDwordFromReal(unsigned short, unsigned short)
                0x00000000c001ed95                Vm::writeByteFromReal(unsigned short, unsigned short, unsigned char)
                0x00000000c001edaa                Vm::writeWordFromReal(unsigned short, unsigned short, unsigned short)
                0x00000000c001edc0                Vm::writeDwordFromReal(unsigned short, unsigned short, unsigned int)
                0x00000000c001edd5                Vm::faultHandler(regs*)
 .text          0x00000000c001f606      0xefd vm86/x87em.32
                0x00000000c001f606                Vm::fpuInternalTo32(unsigned long long)
                0x00000000c001f661                Vm::fpuInternalTo64(unsigned long long)
                0x00000000c001f66a                Vm::fpu32ToInternal(unsigned int)
                0x00000000c001f6af                Vm::fpu64ToInternal(unsigned long long)
                0x00000000c001f6b8                Vm::fpuFloatToLong(unsigned long long)
                0x00000000c001f713                Vm::fpuULongToFloat(unsigned long long)
                0x00000000c001f749                Vm::fpuLongToFloat(long long)
                0x00000000c001f79f                Vm::fpuGet0()
                0x00000000c001f7a4                Vm::fpuGet1()
                0x00000000c001f7ac                Vm::fpuGetPi()
                0x00000000c001f7b4                Vm::fpuGetLog2E()
                0x00000000c001f7cc                Vm::fpuGetLogE2()
                0x00000000c001f7e4                Vm::fpuGetLog210()
                0x00000000c001f7fc                Vm::fpuGetLog102()
                0x00000000c001f814                Vm::fpuIsSecondLarger(unsigned long long, unsigned long long)
                0x00000000c001f828                Vm::fpuAreEqual(unsigned long long, unsigned long long)
                0x00000000c001f83e                Vm::fpuUnorderedCompare(unsigned long long, unsigned long long)
                0x00000000c001f891                Vm::fpuAdd(unsigned long long, unsigned long long)
                0x00000000c001f8a2                Vm::fpuAbs(unsigned long long)
                0x00000000c001f8ab                Vm::fpuChs(unsigned long long)
                0x00000000c001f8bb                Vm::fpuSub(unsigned long long, unsigned long long)
                0x00000000c001f8ca                Vm::fpuMultiply(unsigned long long, unsigned long long)
                0x00000000c001f8e9                Vm::fpuDivide(unsigned long long, unsigned long long)
                0x00000000c001f905                Vm::fpuSquare(unsigned long long)
                0x00000000c001f91b                Vm::fpuGetReg(int)
                0x00000000c001f95e                Vm::fpuSetReg(int, unsigned long long)
                0x00000000c001f9a9                Vm::fpuPush(unsigned long long)
                0x00000000c001fa06                Vm::fpuPop()
                0x00000000c001fa58                Vm::x87Handler(regs*)
 *fill*         0x00000000c0020503        0x1 
 .text          0x00000000c0020504     0x10ed fs/fat/vfslink.32
                0x00000000c0020504                FAT::getName()
                0x00000000c002050a                FAT::tell(void*, unsigned long long*)
                0x00000000c002053e                FAT::stat(void*, unsigned long long*)
                0x00000000c0020572                FAT::~FAT()
                0x00000000c0020572                FAT::~FAT()
                0x00000000c0020596                FAT::~FAT()
                0x00000000c00205be                FAT::getlabel(LogicalDisk*, int, char*, unsigned int*)
                0x00000000c002065c                FAT::setlabel(LogicalDisk*, int, char*)
                0x00000000c0020716                FAT::format(LogicalDisk*, int, char const*, int)
                0x00000000c00208fa                FAT::tryMount(LogicalDisk*, int)
                0x00000000c0020b00                FAT::readDir(void*, unsigned long, void*, int*)
                0x00000000c0020c06                FAT::read(void*, unsigned long, void*, int*)
                0x00000000c0020c60                FAT::write(void*, unsigned long, void*, int*)
                0x00000000c0020cba                FAT::close(void*)
                0x00000000c0020d06                FAT::closeDir(void*)
                0x00000000c0020d52                FAT::seek(void*, unsigned long long)
                0x00000000c0020da6                fatWrapperReadDisk
                0x00000000c0020ded                fatWrapperWriteDisk
                0x00000000c0020e34                fatWrapperIoctl
                0x00000000c0020f38                FAT::FAT()
                0x00000000c0020f38                FAT::FAT()
                0x00000000c0020f8a                FAT::fixFilepath(char*)
                0x00000000c0020fc2                FAT::open(char const*, void**, FileOpenMode)
                0x00000000c00210ea                FAT::openDir(char const*, void**)
                0x00000000c0021190                FAT::stat(char const*, unsigned long long*, bool*)
                0x00000000c002127a                FAT::unlink(char const*)
                0x00000000c00212f4                FAT::chfatattr(char const*, unsigned char, unsigned char)
                0x00000000c0021448                FAT::rename(char const*, char const*)
                0x00000000c002150c                FAT::mkdir(char const*)
                0x00000000c0021586                FAT::exists(char const*)
 *fill*         0x00000000c00215f1        0x1 
 .text          0x00000000c00215f2      0xbc1 fs/iso9660/vfslink.32
                0x00000000c00215f2                ISO9660::format(LogicalDisk*, int, char const*, int)
                0x00000000c00215f8                ISO9660::seek(void*, unsigned long long)
                0x00000000c0021628                ISO9660::tell(void*, unsigned long long*)
                0x00000000c002164c                ISO9660::getName()
                0x00000000c0021652                ISO9660::stat(void*, unsigned long long*)
                0x00000000c0021676                ISO9660::chfatattr(char const*, unsigned char, unsigned char)
                0x00000000c002167c                ISO9660::unlink(char const*)
                0x00000000c0021682                ISO9660::write(void*, unsigned long, void*, int*)
                0x00000000c0021688                ISO9660::rename(char const*, char const*)
                0x00000000c002168e                ISO9660::mkdir(char const*)
                0x00000000c0021694                ISO9660::close(void*)
                0x00000000c00216b6                ISO9660::closeDir(void*)
                0x00000000c00216d8                ISO9660::~ISO9660()
                0x00000000c00216d8                ISO9660::~ISO9660()
                0x00000000c00216fc                ISO9660::~ISO9660()
                0x00000000c0021723                __memmem(unsigned char*, int, unsigned char*, int)
                0x00000000c0021765                readSectorFromCDROM(unsigned int, unsigned char*, char)
                0x00000000c00217cc                ISO9660::tryMount(LogicalDisk*, int)
                0x00000000c002181c                ISO9660::read(void*, unsigned long, void*, int*)
                0x00000000c0021a1c                ISO9660::readDir(void*, unsigned long, void*, int*)
                0x00000000c0021ca9                readRoot(unsigned int*, unsigned int*, char)
                0x00000000c0021cfe                readRecursively(char*, unsigned int, unsigned int, unsigned int*, unsigned int*, char, int*)
                0x00000000c0021ed1                getFileData(char*, unsigned int*, unsigned int*, char, int*)
                0x00000000c0021f60                ISO9660::open(char const*, void**, FileOpenMode)
                0x00000000c0022020                ISO9660::exists(char const*)
                0x00000000c0022044                ISO9660::stat(char const*, unsigned long long*, bool*)
                0x00000000c00220d8                ISO9660::openDir(char const*, void**)
                0x00000000c0022190                ISO9660::ISO9660()
                0x00000000c0022190                ISO9660::ISO9660()
 *fill*         0x00000000c00221b3        0x1 
 .text          0x00000000c00221b4      0x326 hal/sound/sndchannel.32
                0x00000000c00221b4                SoundChannel::~SoundChannel()
                0x00000000c00221b4                SoundChannel::~SoundChannel()
                0x00000000c00221d0                SoundChannel::setSpeed(float)
                0x00000000c00221dc                SoundChannel::getSpeed()
                0x00000000c00221e4                SoundChannel::setVolume(int)
                0x00000000c0022200                SoundChannel::getVolume()
                0x00000000c0022208                SoundChannel::pause()
                0x00000000c0022212                SoundChannel::SoundChannel(int, int, int, int)
                0x00000000c0022212                SoundChannel::SoundChannel(int, int, int, int)
                0x00000000c0022368                SoundChannel::play()
                0x00000000c0022372                SoundChannel::paused()
                0x00000000c002237a                SoundChannel::getSampleRate()
                0x00000000c0022382                SoundChannel::getBits()
                0x00000000c002238a                SoundChannel::getBufferUsed()
                0x00000000c0022392                SoundChannel::getBufferSize()
                0x00000000c002239a                SoundChannel::unbuffer(float*, int, int)
                0x00000000c002243a                SoundChannel::buffer8(unsigned char*, int)
 .text          0x00000000c00224da      0x3d5 hal/sound/sndhw.32
                0x00000000c00224da                SoundDevice::SoundDevice(char const*)
                0x00000000c00224da                SoundDevice::SoundDevice(char const*)
                0x00000000c0022546                SoundDevice::~SoundDevice()
                0x00000000c0022546                SoundDevice::~SoundDevice()
                0x00000000c00225c0                SoundDevice::~SoundDevice()
                0x00000000c00225ea                SoundDevice::getFreeChannelNum()
                0x00000000c0022604                SoundDevice::addChannel(SoundChannel*)
                0x00000000c0022674                SoundDevice::removeChannel(int)
                0x00000000c00226a6                SoundDevice::floatTo8(float*, unsigned char*, int)
                0x00000000c002278e                SoundDevice::getAudio(int, float*, float*)
 .text          0x00000000c00228af        0x0 hw/bus/isa.32
 *fill*         0x00000000c00228af        0x1 
 .text          0x00000000c00228b0      0x6c3 hw/bus/pci.32
                0x00000000c00228b0                PCI::open(int, int, void*)
                0x00000000c00228c4                PCI::close(int, int, void*)
                0x00000000c00228c8                PCI::PCI()
                0x00000000c00228c8                PCI::PCI()
                0x00000000c0022948                PCI::pciReadWord(unsigned char, unsigned char, unsigned char, unsigned char)
                0x00000000c0022990                PCI::getVendorID(unsigned char, unsigned char, unsigned char)
                0x00000000c00229b2                PCI::getHeaderType(unsigned char, unsigned char, unsigned char)
                0x00000000c00229d6                PCI::getClassCode(unsigned char, unsigned char, unsigned char)
                0x00000000c0022a1a                PCI::getProgIF(unsigned char, unsigned char, unsigned char)
                0x00000000c0022a3e                PCI::getRevisionID(unsigned char, unsigned char, unsigned char)
                0x00000000c0022a60                PCI::getInterruptNumber(unsigned char, unsigned char, unsigned char)
                0x00000000c0022a82                PCI::getSecondaryBus(unsigned char, unsigned char, unsigned char)
                0x00000000c0022aa6                PCI::getBARAddress(unsigned char, unsigned char, unsigned char, unsigned char)
                0x00000000c0022b06                PCI::pciWriteWord(unsigned char, unsigned char, unsigned char, unsigned char, unsigned short)
                0x00000000c0022b72                PCI::checkBus(unsigned char)
                0x00000000c0022b96                PCI::foundDevice(PCIDeviceInfo)
                0x00000000c0022d08                PCI::getDeviceData(unsigned char, unsigned char, unsigned char)
                0x00000000c0022eb4                PCI::checkDevice(unsigned char, unsigned char)
                0x00000000c0022f20                PCI::detect()
 *fill*         0x00000000c0022f73        0x1 
 .text          0x00000000c0022f74      0xc70 hw/diskctrl/ide.32
                0x00000000c0022f74                IDE::close(int, int, void*)
                0x00000000c0022f78                IDE::IDE()
                0x00000000c0022f78                IDE::IDE()
                0x00000000c0022fac                IDE::prepareInterrupt(unsigned char)
                0x00000000c0022fbe                selectDrive(unsigned char, unsigned char)
                0x00000000c0022fc0                IDE::getBase(unsigned char)
                0x00000000c0022fd2                IDE::write(unsigned char, unsigned char, unsigned char)
                0x00000000c0023092                IDE::read(unsigned char, unsigned char)
                0x00000000c0023140                IDE::waitInterrupt(unsigned char)
                0x00000000c00231a6                ideChannel0IRQHandler(regs*, void*)
                0x00000000c00231c2                ideChannel1IRQHandler(regs*, void*)
                0x00000000c00231de                IDE::enableIRQs(unsigned char, bool)
                0x00000000c0023224                IDE::open(int, int, void*)
                0x00000000c0023634                IDE::readBuffer(unsigned char, unsigned char, unsigned int, unsigned int)
                0x00000000c0023700                IDE::detect()
                0x00000000c00239e8                IDE::printError(unsigned char, unsigned char, unsigned char)
                0x00000000c0023b7e                IDE::polling(unsigned char, unsigned int)
 .text          0x00000000c0023be4      0x390 hw/diskctrl/satabus.32
                0x00000000c0023be4                SATABus::close(int, int, void*)
                0x00000000c0023be8                SATABus::detect()
                0x00000000c0023bea                SATABus::SATABus()
                0x00000000c0023bea                SATABus::SATABus()
                0x00000000c0023c96                SATABus::findCmdslot(SATABus::tagHBA_PORT volatile*)
                0x00000000c0023cde                SATABus::checkType(SATABus::tagHBA_PORT volatile*)
                0x00000000c0023d26                SATABus::startCmd(SATABus::tagHBA_PORT volatile*)
                0x00000000c0023d46                SATABus::stopCmd(SATABus::tagHBA_PORT volatile*)
                0x00000000c0023d70                SATABus::portRebase(SATABus::tagHBA_PORT volatile*, int)
                0x00000000c0023e76                SATABus::probePort(SATABus::tagHBA_MEM volatile*)
                0x00000000c0023f54                SATABus::open(int, int, void*)
 .text          0x00000000c0023f74      0x63c hw/diskphys/ata.32
                0x00000000c0023f74                ATA::close(int, int, void*)
                0x00000000c0023f98                ATA::powerSaving(PowerSavingLevel)
                0x00000000c0023f9a                ATA::ATA()
                0x00000000c0023f9a                ATA::ATA()
                0x00000000c0023fc8                ATA::flush(bool)
                0x00000000c0024012                ATA::readyForCommand()
                0x00000000c0024062                ATA::access(unsigned long long, int, void*, bool)
                0x00000000c00243ea                ATA::read(unsigned long long, int, void*)
                0x00000000c0024452                ATA::write(unsigned long long, int, void*)
                0x00000000c00244ba                ATA::detectCHS()
                0x00000000c00244e4                ATA::open(int, int, void*)
 .text          0x00000000c00245b0      0x5bd hw/diskphys/atapi.32
                0x00000000c00245b0                ATAPI::write(unsigned long long, int, void*)
                0x00000000c00245b6                ATAPI::close(int, int, void*)
                0x00000000c00245da                ATAPI::ATAPI()
                0x00000000c00245da                ATAPI::ATAPI()
                0x00000000c0024608                ATAPI::readyForCommand()
                0x00000000c0024658                ATAPI::sendPacket(unsigned char*, int, bool, unsigned short*, int)
                0x00000000c0024918                ATAPI::diskRemoved()
                0x00000000c0024934                ATAPI::eject()
                0x00000000c002497c                ATAPI::diskInserted()
                0x00000000c00249aa                ATAPI::detectMedia()
                0x00000000c0024a66                ATAPI::open(int, int, void*)
                0x00000000c0024aee                ATAPI::read(unsigned long long, int, void*)
 *fill*         0x00000000c0024b6d        0x1 
 .text          0x00000000c0024b6e      0x455 hw/diskphys/sata.32
                0x00000000c0024b6e                SATA::close(int, int, void*)
                0x00000000c0024b92                SATA::powerSaving(PowerSavingLevel)
                0x00000000c0024b94                SATA::open(int, int, void*)
                0x00000000c0024c42                SATA::SATA()
                0x00000000c0024c42                SATA::SATA()
                0x00000000c0024c70                SATA::access(unsigned long long, int, void*, bool)
                0x00000000c0024ed6                SATA::read(unsigned long long, int, void*)
                0x00000000c0024f3e                SATA::write(unsigned long long, int, void*)
 *fill*         0x00000000c0024fc3        0x1 
 .text          0x00000000c0024fc4      0x500 hw/diskphys/satapi.32
                0x00000000c0024fc4                SATAPI::write(unsigned long long, int, void*)
                0x00000000c0024fca                SATAPI::close(int, int, void*)
                0x00000000c0024fee                SATAPI::SATAPI()
                0x00000000c0024fee                SATAPI::SATAPI()
                0x00000000c002501c                SATAPI::diskRemoved()
                0x00000000c0025038                SATAPI::diskInserted()
                0x00000000c0025066                SATAPI::sendPacket(unsigned char*, int, unsigned long long, unsigned short*, int)
                0x00000000c002526a                SATAPI::eject()
                0x00000000c00252b2                SATAPI::detectMedia()
                0x00000000c0025374                SATAPI::open(int, int, void*)
                0x00000000c0025422                SATAPI::read(unsigned long long, int, void*)
 .text          0x00000000c00254c4       0x8e hw/fpu/avx.32
                0x00000000c00254c4                AVX::open(int, int, void*)
                0x00000000c00254d6                AVX::close(int, int, void*)
                0x00000000c00254e8                AVX::available()
                0x00000000c00254fa                AVX::save(void*)
                0x00000000c0025512                AVX::load(void*)
                0x00000000c002552a                AVX::AVX()
                0x00000000c002552a                AVX::AVX()
 .text          0x00000000c0025552       0x90 hw/fpu/mmx.32
                0x00000000c0025552                MMX::available()
                0x00000000c0025566                MMX::open(int, int, void*)
                0x00000000c0025578                MMX::close(int, int, void*)
                0x00000000c002558a                MMX::save(void*)
                0x00000000c00255a2                MMX::load(void*)
                0x00000000c00255ba                MMX::MMX()
                0x00000000c00255ba                MMX::MMX()
 .text          0x00000000c00255e2       0x96 hw/fpu/sse.32
                0x00000000c00255e2                SSE::open(int, int, void*)
                0x00000000c00255f4                SSE::close(int, int, void*)
                0x00000000c0025606                SSE::available()
                0x00000000c0025620                SSE::save(void*)
                0x00000000c0025638                SSE::load(void*)
                0x00000000c0025650                SSE::SSE()
                0x00000000c0025650                SSE::SSE()
 .text          0x00000000c0025678       0x8e hw/fpu/x87.32
                0x00000000c0025678                x87::open(int, int, void*)
                0x00000000c002568a                x87::close(int, int, void*)
                0x00000000c002569c                x87::available()
                0x00000000c00256ae                x87::save(void*)
                0x00000000c00256c6                x87::load(void*)
                0x00000000c00256de                x87::x87()
                0x00000000c00256de                x87::x87()
 .text          0x00000000c0025706      0x71e hw/intctrl/apic.32
                0x00000000c0025706                APIC::disable()
                0x00000000c0025708                APIC::close(int, int, void*)
                0x00000000c002572a                IOAPIC::close(int, int, void*)
                0x00000000c0025730                APIC::io_wait()
                0x00000000c0025736                APIC::getBase()
                0x00000000c0025778                APIC::eoi(unsigned char)
                0x00000000c00257a6                APIC::open(int, int, void*)
                0x00000000c00258f4                IOAPIC::IOAPIC()
                0x00000000c00258f4                IOAPIC::IOAPIC()
                0x00000000c002591c                APIC::APIC()
                0x00000000c002591c                APIC::APIC()
                0x00000000c00259f8                IOAPIC::handlesGSIWithNumber(unsigned int)
                0x00000000c0025a2a                IOAPIC::read(int)
                0x00000000c0025a52                IOAPIC::open(int, int, void*)
                0x00000000c0025b48                IOAPIC::write(int, int)
                0x00000000c0025b74                IOAPIC::redirect(unsigned char, unsigned long long, unsigned char, bool, bool)
                0x00000000c0025c6e                APIC::installIRQHandler(int, void (*)(regs*, void*), bool, void*)
 .text          0x00000000c0025e24      0x3d3 hw/intctrl/pic.32
                0x00000000c0025e24                PIC::disable()
                0x00000000c0025e52                PIC::close(int, int, void*)
                0x00000000c0025e74                PIC::PIC()
                0x00000000c0025e74                PIC::PIC()
                0x00000000c0025f4a                PIC::ioWait()
                0x00000000c0025f50                PIC::getIRQReg(int)
                0x00000000c0025fba                PIC::eoi(unsigned char)
                0x00000000c002604c                PIC::remap()
                0x00000000c00261b8                PIC::open(int, int, void*)
 *fill*         0x00000000c00261f7        0x1 
 .text          0x00000000c00261f8      0x25e hw/timer/apictimer.32
                0x00000000c00261f8                APICTimer::close(int, int, void*)
                0x00000000c00261fe                apicTimerHandler(regs*, void*)
                0x00000000c002622c                APICTimer::write(int)
                0x00000000c0026330                APICTimer::open(int, int, void*)
                0x00000000c002642e                APICTimer::APICTimer()
                0x00000000c002642e                APICTimer::APICTimer()
 .text          0x00000000c0026456      0x1a7 hw/timer/pit.32
                0x00000000c0026456                PIT::write(int)
                0x00000000c00264d4                pitHandler(regs*, void*)
                0x00000000c0026500                PIT::open(int, int, void*)
                0x00000000c002654e                PIT::close(int, int, void*)
                0x00000000c002657e                PIT::PIT()
                0x00000000c002657e                PIT::PIT()
 *fill*         0x00000000c00265fd        0x3 
 .text          0x00000000c0026600       0x1e hw/fpu/x86/avx.32
                0x00000000c0026600                avxDetect
                0x00000000c0026606                avxSave
                0x00000000c0026607                avxLoad
                0x00000000c0026608                avxInit
                0x00000000c0026609                avxClose
                0x00000000c002660a                wouldSheSayYes
 *fill*         0x00000000c002661e        0x2 
 .text          0x00000000c0026620       0x35 hw/fpu/x86/sse.32
                0x00000000c0026620                absolutelyNoChanceInHell
                0x00000000c0026620                sseDetect
                0x00000000c0026638                sseSave
                0x00000000c002663e                sseLoad
                0x00000000c0026644                sseInit
                0x00000000c0026654                sseClose
 *fill*         0x00000000c0026655        0xb 
 .text          0x00000000c0026660       0x47 hw/fpu/x86/x87.32
                0x00000000c0026666                x87Detect
                0x00000000c0026681                x87Save
                0x00000000c0026687                x87Load
                0x00000000c002668c                x87Init
                0x00000000c00266a6                x87Close
 *fill*         0x00000000c00266a7        0x1 
 .text          0x00000000c00266a8       0x25 /cygdrive/d/Users/Alex/Desktop/Toolchain/Output/bin/../lib/gcc/i386-banana/8.1.0/crtend.o
 .text          0x00000000c00266cd        0x0 crtn.32
 *fill*         0x00000000c00266cd        0x3 
 .text          0x00000000c00266d0      0x14b /cygdrive/d/Users/Alex/Desktop/Toolchain/Output/bin/../lib/gcc/i386-banana/8.1.0/libkgcc.a(_divdi3.o)
                0x00000000c00266d0                __divdi3
 *fill*         0x00000000c002681b        0x1 
 .text          0x00000000c002681c      0x17e /cygdrive/d/Users/Alex/Desktop/Toolchain/Output/bin/../lib/gcc/i386-banana/8.1.0/libkgcc.a(_moddi3.o)
                0x00000000c002681c                __moddi3
 *fill*         0x00000000c002699a        0x2 
 .text          0x00000000c002699c       0xff /cygdrive/d/Users/Alex/Desktop/Toolchain/Output/bin/../lib/gcc/i386-banana/8.1.0/libkgcc.a(_udivdi3.o)
                0x00000000c002699c                __udivdi3
 *fill*         0x00000000c0026a9b        0x1 
 .text          0x00000000c0026a9c      0x11a /cygdrive/d/Users/Alex/Desktop/Toolchain/Output/bin/../lib/gcc/i386-banana/8.1.0/libkgcc.a(_umoddi3.o)
                0x00000000c0026a9c                __umoddi3
 .text          0x00000000c0026bb6      0x96d D:/Users/Alex/Desktop/Banana/kernel/libsoftfp.a(sfieeelib.o)
                0x00000000c0026bb6                __addsf3
                0x00000000c0026eb8                __subsf3
                0x00000000c0026ecc                __negsf2
                0x00000000c0026ed9                __mulsf3
                0x00000000c002709c                __divsf3
                0x00000000c00272c7                __floatsisf
                0x00000000c002733b                __floatunsisf
                0x00000000c002737d                __fixsfsi
                0x00000000c00273df                __fixunssfsi
                0x00000000c0027410                __cmpsf2
                0x00000000c00274a5                __eqsf2