Archive member included to satisfy reference by file (symbol)

/cygdrive/d/Users/Alex/Desktop/Toolchain/Output/bin/../lib/gcc/i386-banana/8.1.0/libkgcc.a(_divdi3.o)
                              fs/fat/ff.32 (__divdi3)
/cygdrive/d/Users/Alex/Desktop/Toolchain/Output/bin/../lib/gcc/i386-banana/8.1.0/libkgcc.a(_moddi3.o)
                              compat/resolve.32 (__moddi3)
/cygdrive/d/Users/Alex/Desktop/Toolchain/Output/bin/../lib/gcc/i386-banana/8.1.0/libkgcc.a(_udivdi3.o)
                              fs/fat/ff.32 (__udivdi3)
/cygdrive/d/Users/Alex/Desktop/Toolchain/Output/bin/../lib/gcc/i386-banana/8.1.0/libkgcc.a(_umoddi3.o)
                              compat/resolve.32 (__umoddi3)
D:/Users/Alex/Desktop/Banana/kernel/libsoftfp.a(sfieeelib.o)
                              hal/sound/sndhw.32 (__addsf3)
D:/Users/Alex/Desktop/Banana/kernel/libsoftfp.a(dfieeelib.o)
                              hal/libresample/src_linear.32 (__adddf3)
D:/Users/Alex/Desktop/Banana/kernel/libsoftfp.a(sfdfcvt.o)
                              hal/libresample/samplerate.32 (__truncdfsf2)
D:/Users/Alex/Desktop/Banana/kernel/libk/libm32.a(s_fabs.c.o)
                              hal/libresample/samplerate.32 (fabs)
D:/Users/Alex/Desktop/Banana/kernel/libk/libm32.a(s_lrint.S.o)
                              hal/libresample/samplerate.32 (lrint)
D:/Users/Alex/Desktop/Banana/kernel/libk/libm32.a(s_lrintf.S.o)
                              hal/sound/sndhw.32 (lrintf)

Discarded input sections

 .comment       0x0000000000000000       0x12 /cygdrive/d/Users/Alex/Desktop/Toolchain/Output/bin/../lib/gcc/i386-banana/8.1.0/crtbegin.o
 .comment       0x0000000000000000       0x12 acpica/utclib.32
 .comment       0x0000000000000000       0x12 core/malloc.32
 .comment       0x0000000000000000       0x12 libk/string.32
 .comment       0x0000000000000000       0x12 fs/fat/diskio.32
 .comment       0x0000000000000000       0x12 fs/fat/ff.32
 .comment       0x0000000000000000       0x12 fs/fat/ffsystem.32
 .comment       0x0000000000000000       0x12 fs/fat/ffunicode.32
 .comment       0x0000000000000000       0x12 hal/libresample/samplerate.32
 .comment       0x0000000000000000       0x12 hal/libresample/src_linear.32
 .comment       0x0000000000000000       0x12 hal/libresample/src_sinc.32
 .comment       0x0000000000000000       0x12 hal/libresample/src_zoh.32
 .comment       0x0000000000000000       0x12 compat/inlines.32
 .comment       0x0000000000000000       0x12 compat/resolve.32
 .group         0x0000000000000000       0x14 core/computer.32
 .group         0x0000000000000000        0xc core/computer.32
 .comment       0x0000000000000000       0x12 core/computer.32
 .comment       0x0000000000000000       0x12 core/gdt.32
 .group         0x0000000000000000        0xc core/idle.32
 .comment       0x0000000000000000       0x12 core/idle.32
 .comment       0x0000000000000000       0x12 core/idt.32
 .comment       0x0000000000000000       0x12 core/kheap.32
 .comment       0x0000000000000000       0x12 core/main.32
 .comment       0x0000000000000000       0x12 core/physmgr.32
 .group         0x0000000000000000        0xc core/pipe.32
 .comment       0x0000000000000000       0x12 core/pipe.32
 .group         0x0000000000000000        0xc core/terminal.32
 .comment       0x0000000000000000       0x12 core/terminal.32
 .comment       0x0000000000000000       0x12 core/tss.32
 .group         0x0000000000000000        0x8 core/unixfile.32
 .group         0x0000000000000000        0xc core/unixfile.32
 .group         0x0000000000000000        0xc core/unixfile.32
 .group         0x0000000000000000        0x8 core/unixfile.32
 .group         0x0000000000000000        0xc core/unixfile.32
 .group         0x0000000000000000        0x8 core/unixfile.32
 .group         0x0000000000000000        0xc core/unixfile.32
 .group         0x0000000000000000        0xc core/unixfile.32
 .comment       0x0000000000000000       0x12 core/unixfile.32
 .comment       0x0000000000000000       0x12 core/virtmgr.32
 .comment       0x0000000000000000       0x12 coreobjs/c++.32
 .comment       0x0000000000000000       0x12 dbg/kconsole.32
 .group         0x0000000000000000        0xc fs/vfs.32
 .group         0x0000000000000000        0xc fs/vfs.32
 .group         0x0000000000000000        0xc fs/vfs.32
 .comment       0x0000000000000000       0x12 fs/vfs.32
 .group         0x0000000000000000        0xc hal/bus.32
 .comment       0x0000000000000000       0x12 hal/bus.32
 .group         0x0000000000000000        0xc hal/buzzer.32
 .comment       0x0000000000000000       0x12 hal/buzzer.32
 .group         0x0000000000000000        0xc hal/clock.32
 .comment       0x0000000000000000       0x12 hal/clock.32
 .group         0x0000000000000000       0x14 hal/device.32
 .group         0x0000000000000000        0xc hal/device.32
 .group         0x0000000000000000        0xc hal/device.32
 .group         0x0000000000000000        0xc hal/device.32
[...]
Memory Configuration

Name             Origin             Length             Attributes
*default*        0x0000000000000000 0xffffffffffffffff

Linker script and memory map

LOAD D:/Users/Alex/Desktop/Banana/kernel/boot.32
LOAD crti.32
LOAD /cygdrive/d/Users/Alex/Desktop/Toolchain/Output/bin/../lib/gcc/i386-banana/8.1.0/crtbegin.o
LOAD D:/Users/Alex/Desktop/Banana/kernel/morenasm.32
LOAD acpica/utclib.32
LOAD core/malloc.32
LOAD libk/string.32
LOAD fs/fat/diskio.32
LOAD fs/fat/ff.32
LOAD fs/fat/ffsystem.32
LOAD fs/fat/ffunicode.32
LOAD hal/libresample/samplerate.32
LOAD hal/libresample/src_linear.32
LOAD hal/libresample/src_sinc.32
LOAD hal/libresample/src_zoh.32
LOAD compat/inlines.32
LOAD compat/resolve.32
LOAD core/computer.32
LOAD core/gdt.32
LOAD core/idle.32
LOAD core/idt.32
LOAD core/kheap.32
LOAD core/main.32
LOAD core/physmgr.32
LOAD core/pipe.32
LOAD core/terminal.32
LOAD core/tss.32
LOAD core/unixfile.32
LOAD core/virtmgr.32
LOAD coreobjs/c++.32
LOAD dbg/kconsole.32
LOAD fs/vfs.32
LOAD hal/bus.32
LOAD hal/buzzer.32
LOAD hal/clock.32
LOAD hal/device.32
LOAD hal/diskctrl.32
LOAD hal/diskphys.32
LOAD hal/fpu.32
LOAD hal/intctrl.32
LOAD hal/keybrd.32
LOAD hal/logidisk.32
LOAD hal/mouse.32
LOAD hal/partition.32
LOAD hal/serial.32
LOAD hal/timer.32
LOAD hal/vcache.32
LOAD hal/video.32
LOAD hw/acpi.32
LOAD hw/cpu.32
LOAD hw/ports.32
LOAD hw/smp.32
LOAD krnl/env.32
LOAD krnl/panic.32
LOAD net/ethernet.32
LOAD reg/registry.32
LOAD sys/sc_eject.32
LOAD sys/sc_exit.32
LOAD sys/sc_getcwd.32
LOAD sys/sc_getpid.32
LOAD sys/sc_getramdata.32
LOAD sys/sc_loaddll.32
LOAD sys/sc_read.32
LOAD sys/sc_sbrk.32
LOAD sys/sc_setcwd.32
LOAD sys/sc_settime.32
LOAD sys/sc_timezone.32
LOAD sys/sc_write.32
LOAD sys/sc_wsbe.32
LOAD sys/sc_yield.32
LOAD sys/syscalls.32
LOAD thr/elf.32
LOAD thr/prcssthr.32
LOAD vm86/vm8086.32
LOAD vm86/x87em.32
LOAD fs/fat/vfslink.32
LOAD fs/iso9660/vfslink.32
LOAD hal/sound/sndchannel.32
LOAD hal/sound/sndhw.32
LOAD hw/bus/isa.32
LOAD hw/bus/pci.32
LOAD hw/diskctrl/ide.32
LOAD hw/diskctrl/satabus.32
LOAD hw/diskphys/ata.32
LOAD hw/diskphys/atapi.32
LOAD hw/diskphys/sata.32
LOAD hw/diskphys/satapi.32
LOAD hw/fpu/avx.32
LOAD hw/fpu/mmx.32
LOAD hw/fpu/sse.32
LOAD hw/fpu/x87.32
LOAD hw/intctrl/apic.32
LOAD hw/intctrl/pic.32
LOAD hw/timer/apictimer.32
LOAD hw/timer/pit.32
LOAD hw/fpu/x86/avx.32
LOAD hw/fpu/x86/sse.32
LOAD hw/fpu/x86/x87.32
LOAD /cygdrive/d/Users/Alex/Desktop/Toolchain/Output/bin/../lib/gcc/i386-banana/8.1.0/crtend.o
LOAD crtn.32
LOAD /cygdrive/d/Users/Alex/Desktop/Toolchain/Output/bin/../lib/gcc/i386-banana/8.1.0/libkgcc.a
LOAD D:/Users/Alex/Desktop/Banana/kernel/libsoftfp.a
LOAD D:/Users/Alex/Desktop/Banana/kernel/libk/libm32.a
                0x00000000c0000000                . = 0xc0000000

.text           0x00000000c0000000    0x28668
 *(.text)
 .text          0x00000000c0000000       0x41 D:/Users/Alex/Desktop/Banana/kernel/boot.32
                0x00000000c0000020                callGlobalConstructors
 .text          0x00000000c0000041        0x0 crti.32
 *fill*         0x00000000c0000041        0x3 
 .text          0x00000000c0000044      0x101 /cygdrive/d/Users/Alex/Desktop/Toolchain/Output/bin/../lib/gcc/i386-banana/8.1.0/crtbegin.o
 *fill*         0x00000000c0000145        0xb 
 .text          0x00000000c0000150      0x4ed D:/Users/Alex/Desktop/Banana/kernel/morenasm.32
                0x00000000c0000150                manualPCIProbe
                0x00000000c000019b                prepareTramp
                0x00000000c00001b4                voodooXADD
                0x00000000c000027f                doTPAUSE
                0x00000000c0000289                hasLegacyFPU
                0x00000000c00002ae                is486
                0x00000000c00002e4                detectCPUID
                0x00000000c00002fa                goToVM86
                0x00000000c000032a                goToUsermode
                0x00000000c0000354                switchToThreadASMFirstTime
                0x00000000c0000362                switchToThreadASM
                0x00000000c00003ea                asmQuickAcquireLock
                0x00000000c0000408                asmQuickReleaseLock
                0x00000000c0000414                asmAcquireLock
                0x00000000c0000435                asmReleaseLock
                0x00000000c0000448                loadGDT
                0x00000000c0000468                isr0
                0x00000000c0000478                isr1
                0x00000000c0000482                isr2
                0x00000000c000048c                isr3
                0x00000000c0000496                isr4
                0x00000000c00004a0                isr5
                0x00000000c00004aa                isr6
                0x00000000c00004b4                isr7
                0x00000000c00004be                isr8
                0x00000000c00004c6                isr9
                0x00000000c00004d0                isr10
                0x00000000c00004d8                isr11
                0x00000000c00004e0                isr12
                0x00000000c00004e8                isr13
                0x00000000c00004f0                isr14
                0x00000000c00004f8                isr15
                0x00000000c0000502                isr16
                0x00000000c000050c                isr17
                0x00000000c0000516                isr18
                0x00000000c0000520                irq3
                0x00000000c000052a                irq4
                0x00000000c0000534                irq5
                0x00000000c000053e                irq6
                0x00000000c0000548                irq7
                0x00000000c0000552                irq8
                0x00000000c000055c                irq9
                0x00000000c0000566                irq10
                0x00000000c0000570                irq11
                0x00000000c000057a                irq12
                0x00000000c0000584                irq13
                0x00000000c000058e                irq14
                0x00000000c0000598                irq15
                0x00000000c00005a2                irq1
                0x00000000c00005a9                irq2
                0x00000000c00005b0                isr96
                0x00000000c00005b7                irq0
                0x00000000c00005bc                int_common_stub
                0x00000000c00005bc                syscall_common_stub
                0x00000000c00005ed                irq16
                0x00000000c00005f7                irq17
                0x00000000c0000601                irq18
                0x00000000c000060b                irq19
                0x00000000c0000615                irq20
                0x00000000c000061f                irq21
                0x00000000c0000629                irq22
                0x00000000c0000633                irq23
 *fill*         0x00000000c000063d        0x3 
 .text          0x00000000c0000640      0x611 acpica/utclib.32
                0x00000000c0000640                memcmp
                0x00000000c000067c                memmove
                0x00000000c0000744                memcpy
                0x00000000c0000778                memset
                0x00000000c0000794                strlen
                0x00000000c00007ac                strpbrk
                0x00000000c00007e8                strtok
                0x00000000c0000834                strcpy
                0x00000000c0000858                strncpy
                0x00000000c00008c0                strcmp
                0x00000000c0000900                strchr
                0x00000000c0000924                strncmp
                0x00000000c0000974                strcat
                0x00000000c00009a4                strncat
                0x00000000c00009e0                strstr
                0x00000000c0000a28                toupper
                0x00000000c0000a3c                tolower
                0x00000000c0000a50                simple_strtoul
 .text          0x00000000c0000c51      0xfbf core/malloc.32
                0x00000000c0000dbc                dlfree
                0x00000000c0001117                dlmalloc
                0x00000000c0001654                dlrealloc
                0x00000000c0001809                dlmemalign
                0x00000000c000192c                dlcalloc
                0x00000000c00019c6                dlcfree
                0x00000000c00019cb                dlindependent_calloc
                0x00000000c00019f0                dlindependent_comalloc
                0x00000000c0001a07                dlvalloc
                0x00000000c0001a32                dlpvalloc
                0x00000000c0001a68                dlmalloc_trim
                0x00000000c0001a75                dlmalloc_usable_size
                0x00000000c0001aa6                dlmallinfo
                0x00000000c0001b75                dlmalloc_stats
                0x00000000c0001b86                dlmallopt
 .text          0x00000000c0001c10        0x0 libk/string.32
 .text          0x00000000c0001c10       0x51 fs/fat/diskio.32
                0x00000000c0001c10                disk_status
                0x00000000c0001c13                disk_initialize
                0x00000000c0001c16                disk_read
                0x00000000c0001c2c                disk_write
                0x00000000c0001c42                disk_ioctl
 .text          0x00000000c0001c61     0x6833 fs/fat/ff.32
                0x00000000c0004f2f                f_mount
                0x00000000c0004f91                f_open
                0x00000000c00053cd                f_read
                0x00000000c000564d                f_write
                0x00000000c0005907                f_sync
                0x00000000c0005ae3                f_close
                0x00000000c0005b12                f_lseek
                0x00000000c0005fc9                f_opendir
                0x00000000c00060cb                f_closedir
                0x00000000c00060ed                f_readdir
                0x00000000c0006188                f_stat
                0x00000000c0006217                f_getfree
                0x00000000c00063e2                f_truncate
                0x00000000c00064da                f_unlink
                0x00000000c000665d                f_mkdir
                0x00000000c0006889                f_rename
                0x00000000c0006b7c                f_chmod
                0x00000000c0006c5a                f_utime
                0x00000000c0006d38                f_getlabel
                0x00000000c0006f26                f_setlabel
                0x00000000c0007193                f_forward
                0x00000000c0007371                f_mkfs
 .text          0x00000000c0008494       0x2d fs/fat/ffsystem.32
                0x00000000c0008494                ff_memalloc
                0x00000000c00084aa                ff_memfree
 .text          0x00000000c00084c1      0x253 fs/fat/ffunicode.32
                0x00000000c00084c1                ff_uni2oem
                0x00000000c0008551                ff_oem2uni
                0x00000000c00085bd                ff_wtoupper
 .text          0x00000000c0008714      0x8fb hal/libresample/samplerate.32
                0x00000000c0008758                src_delete
                0x00000000c0008794                src_process
                0x00000000c000894a                src_callback_read
                0x00000000c0008ac7                src_set_ratio
                0x00000000c0008b31                src_get_channels
                0x00000000c0008b53                src_reset
                0x00000000c0008b9f                src_new
                0x00000000c0008c2d                src_callback_new
                0x00000000c0008c8f                src_get_name
                0x00000000c0008cc6                src_get_description
                0x00000000c0008cfd                src_get_version
                0x00000000c0008d03                src_is_valid_ratio
                0x00000000c0008d57                src_error
                0x00000000c0008d65                src_strerror
                0x00000000c0008d78                src_simple
                0x00000000c0008dcb                src_short_to_float_array
                0x00000000c0008e30                src_float_to_short_array
                0x00000000c0008eef                src_int_to_float_array
                0x00000000c0008f52                src_float_to_int_array
 .text          0x00000000c000900f      0x8cb hal/libresample/src_linear.32
                0x00000000c0009835                linear_get_name
                0x00000000c0009844                linear_get_description
                0x00000000c0009853                linear_set_converter
 .text          0x00000000c00098da     0x447c hal/libresample/src_sinc.32
                0x00000000c000dc6d                sinc_get_name
                0x00000000c000dc80                sinc_get_description
                0x00000000c000dc93                sinc_set_converter
 .text          0x00000000c000dd56      0x77c hal/libresample/src_zoh.32
                0x00000000c000e42d                zoh_get_name
                0x00000000c000e43c                zoh_get_description
                0x00000000c000e44b                zoh_set_converter
 .text          0x00000000c000e4d2       0x23 compat/inlines.32
                0x00000000c000e4d2                CPU::current()
                0x00000000c000e4df                operator new(unsigned long)
 .text          0x00000000c000e4f5      0x111 compat/resolve.32
                0x00000000c000e4f5                Krnl::resolveCompatibilitySymbol(char*)
 .text          0x00000000c000e606      0xa17 core/computer.32
                0x00000000c000e606                Computer::close(int, int, void*)
                0x00000000c000e64a                Krnl::firstTask()
                0x00000000c000e73a                Computer::Computer()
                0x00000000c000e73a                Computer::Computer()
                0x00000000c000e896                Computer::setBootMessage(char const*)
                0x00000000c000e898                Computer::detectFeatures()
                0x00000000c000eaa2                Computer::displayFeatures()
                0x00000000c000ede8                Computer::rdmsr(unsigned int)
                0x00000000c000ee14                Computer::wrmsr(unsigned int, unsigned long long)
                0x00000000c000ee4c                Computer::nmiEnabled()
                0x00000000c000ee58                Computer::readCMOS(unsigned char)
                0x00000000c000ee72                Computer::enableNMI(bool)
                0x00000000c000ee8a                Computer::open(int, int, void*)
                0x00000000c000ef60                Computer::disableNMI()
                0x00000000c000ef6e                Computer::writeCMOS(unsigned char, unsigned char)
                0x00000000c000ef8c                Computer::handleNMI()
                0x00000000c000eff2                Computer::setDiskActivityLight(int, bool)
 *fill*         0x00000000c000f01d        0x1 
 .text          0x00000000c000f01e      0x1b7 core/gdt.32
                0x00000000c000f01e                GDTEntry::setBase(unsigned int)
                0x00000000c000f03a                GDTEntry::setLimit(unsigned int)
                0x00000000c000f058                GDT::GDT()
                0x00000000c000f058                GDT::GDT()
                0x00000000c000f06e                GDT::addEntry(GDTEntry)
                0x00000000c000f0aa                GDT::getNumberOfEntries()
                0x00000000c000f0b2                GDT::flush()
                0x00000000c000f0d4                GDT::setup()
 .text          0x00000000c000f1d5       0x62 core/idle.32
                0x00000000c000f1d5                idleFunction(void*)
 *fill*         0x00000000c000f237        0x1 
 .text          0x00000000c000f238      0x45f core/idt.32
                0x00000000c000f238                IDTEntry::IDTEntry(bool)
                0x00000000c000f238                IDTEntry::IDTEntry(bool)
                0x00000000c000f2a6                IDTEntry::setOffset(unsigned int)
                0x00000000c000f2ba                IDT::IDT()
                0x00000000c000f2ba                IDT::IDT()
                0x00000000c000f2bc                IDT::getPointerToInvalidOpcodeEntryForF00F()
                0x00000000c000f2c4                IDT::addEntry(IDTEntry, int)
                0x00000000c000f2de                IDT::addEntry(int, void (*)(), bool)
                0x00000000c000f316                IDT::flush()
                0x00000000c000f330                IDT::setup()
 .text          0x00000000c000f697      0x206 core/kheap.32
                0x00000000c000f697                sbrk
                0x00000000c000f7a5                mmap
                0x00000000c000f7bb                munmap
                0x00000000c000f7d1                liballoc_lock()
                0x00000000c000f7e2                liballoc_unlock()
                0x00000000c000f7f3                liballoc_alloc(int)
                0x00000000c000f811                liballoc_free(void*, int)
                0x00000000c000f82f                realloc
                0x00000000c000f843                malloc
                0x00000000c000f853                free
                0x00000000c000f863                rfree
                0x00000000c000f873                calloc
 .text          0x00000000c000f89d      0x485 core/main.32
                0x00000000c000f89d                hwTextMode_loadInData(VgaText*)
                0x00000000c000f8e8                hwTextMode_loadInTitle(VgaText*, char*)
                0x00000000c000f966                hwTextMode_showCursor(VgaText*, bool)
                0x00000000c000f9c4                hwTextMode_update(VgaText*)
                0x00000000c000f9c5                hwTextMode_updateCursor(VgaText*)
                0x00000000c000fa16                hwTextMode_disableBlink(VgaText*, bool)
                0x00000000c000fa5c                hwTextMode_scrollScreen(VgaText*)
                0x00000000c000fb09                hwTextMode_writeCharacter(VgaText*, char, VgaColour, VgaColour, int, int)
                0x00000000c000fb8b                setupTextMode()
                0x00000000c000fbfb                kernel_main
 .text          0x00000000c000fd22      0x5cb core/physmgr.32
                0x00000000c000fd22                Phys::allocateDMA(unsigned long)
                0x00000000c000fdc5                Phys::freeDMA(unsigned long, unsigned long)
                0x00000000c000fe0d                Phys::setPageState(unsigned long, bool)
                0x00000000c000fe3f                Phys::getPageState(unsigned long)
                0x00000000c000fe5b                Phys::freePage(unsigned long)
                0x00000000c000fee5                Phys::allocatePage()
                0x00000000c001002b                Phys::allocateContiguousPages(int)
                0x00000000c0010085                Phys::allowSegmentToBeUsed(unsigned long, unsigned long)
                0x00000000c00100bd                Phys::physicalMemorySetup(unsigned int)
 *fill*         0x00000000c00102ed        0x1 
 .text          0x00000000c00102ee      0x273 core/pipe.32
                0x00000000c00102ee                Pipe::isAtty()
                0x00000000c00102f2                Pipe::~Pipe()
                0x00000000c00102f2                Pipe::~Pipe()
                0x00000000c0010316                Pipe::~Pipe()
                0x00000000c001033e                Pipe::read(unsigned long long, void*, int*)
                0x00000000c0010432                Pipe::write(unsigned long long, void*, int*)
                0x00000000c00104fa                Pipe::Pipe(int)
                0x00000000c00104fa                Pipe::Pipe(int)
 *fill*         0x00000000c0010561        0x1 
 .text          0x00000000c0010562      0xf73 core/terminal.32
                0x00000000c0010562                VgaText::isAtty()
                0x00000000c0010566                VgaText::~VgaText()
                0x00000000c0010566                VgaText::~VgaText()
                0x00000000c001058a                VgaText::~VgaText()
                0x00000000c00105b4                VgaText::read(unsigned long long, void*, int*)
                0x00000000c00105d4                setTerminalScrollLock(bool)
                0x00000000c00105d5                addToTerminalCycle(VgaText*)
                0x00000000c0010602                installVgaTextImplementation()
                0x00000000c0010617                scrollTerminalScrollLock(int)
                0x00000000c0010618                VgaText::load()
                0x00000000c001066c                VgaText::updateCursor()
                0x00000000c0010686                VgaText::showCursor(bool)
                0x00000000c0010696                VgaText::disableBlink(bool)
                0x00000000c00106d0                VgaText::doANSI_SGR(int)
                0x00000000c001075c                VgaText::setDefaultBgColour(VgaColour)
                0x00000000c0010772                VgaText::setDefaultFgColour(VgaColour)
                0x00000000c0010788                VgaText::setDefaultColours(VgaColour, VgaColour)
                0x00000000c00107a8                VgaText::combineColours(unsigned char, unsigned char)
                0x00000000c00107ba                VgaText::scrollScreen()
                0x00000000c001084e                VgaText::combineCharAndColour(char, unsigned char)
                0x00000000c0010860                VgaText::writeCharacter(char, VgaColour, VgaColour, int, int)
                0x00000000c00108c0                VgaText::getCursorX()
                0x00000000c00108cc                VgaText::getCursorY()
                0x00000000c00108d8                VgaText::setCursor(int, int)
                0x00000000c00108f6                VgaText::setCursorX(int)
                0x00000000c0010912                VgaText::setCursorY(int)
                0x00000000c001092e                VgaText::incrementCursor(bool)
                0x00000000c0010996                VgaText::updateRAMUsageDisplay(int)
                0x00000000c00109fa                VgaText::updateDiskUsage()
                0x00000000c0010b64                VgaText::updateTitle()
                0x00000000c0010baa                VgaText::setTitleTextColour(VgaColour)
                0x00000000c0010bba                VgaText::setTitleColour(VgaColour)
                0x00000000c0010bca                VgaText::setTitle(char*)
                0x00000000c0010bf0                VgaText::decrementCursor(bool)
                0x00000000c0010c18                VgaText::putchar(char, VgaColour, VgaColour)
                0x00000000c0010d14                VgaText::isShowingCursor()
                0x00000000c0010d20                VgaText::isBlinkDisabled()
                0x00000000c0010d2e                VgaText::setCursorHeight(int)
                0x00000000c0010d4c                VgaText::getCursorHeight()
                0x00000000c0010d57                setActiveTerminal(VgaText*)
                0x00000000c0010e09                doTerminalCycle()
                0x00000000c0010e26                VgaText::doUpdate()
                0x00000000c0010e38                VgaText::puts(char const*, VgaColour, VgaColour)
                0x00000000c0010ff8                VgaText::clearScreen()
                0x00000000c001105c                VgaText::putchar(char)
                0x00000000c0011176                VgaText::puts(char const*)
                0x00000000c001119c                VgaText::putx(unsigned int)
                0x00000000c00111e2                VgaText::VgaText(char const*)
                0x00000000c00111e2                VgaText::VgaText(char const*)
                0x00000000c0011374                VgaText::receiveKey(unsigned char)
                0x00000000c001145c                VgaText::write(unsigned long long, void*, int*)
                0x00000000c00114b0                newTerminal(char*)
 *fill*         0x00000000c00114d5        0x1 
 .text          0x00000000c00114d6      0x1b3 core/tss.32
                0x00000000c00114d6                TSS::TSS()
                0x00000000c00114d6                TSS::TSS()
                0x00000000c00114e4                TSS::setESP(unsigned long)
                0x00000000c00114f6                TSS::flush()
                0x00000000c0011516                TSS::setup(unsigned long, unsigned long)
 *fill*         0x00000000c0011689        0x1 
 .text          0x00000000c001168a      0x4c2 core/unixfile.32
                0x00000000c001168a                ReservedFilename::read(unsigned long long, void*, int*)
                0x00000000c00116e0                ReservedFilename::isAtty()
                0x00000000c00116fc                ReservedFilename::write(unsigned long long, void*, int*)
                0x00000000c001175a                UnixFile::getFileDescriptor()
                0x00000000c0011762                UnixFile::UnixFile(int)
                0x00000000c0011762                UnixFile::UnixFile(int)
                0x00000000c0011912                ReservedFilename::ReservedFilename(int)
                0x00000000c0011912                ReservedFilename::ReservedFilename(int)
                0x00000000c0011944                UnixFile::~UnixFile()
                0x00000000c0011944                UnixFile::~UnixFile()
                0x00000000c00119dc                UnixFile::~UnixFile()
                0x00000000c0011a04                ReservedFilename::~ReservedFilename()
                0x00000000c0011a04                ReservedFilename::~ReservedFilename()
                0x00000000c0011a28                ReservedFilename::~ReservedFilename()
                0x00000000c0011a4f                getFromFileDescriptor(int)
 .text          0x00000000c0011b4c     0x12a6 core/virtmgr.32
                0x00000000c0011b4c                Virt::setPageState(unsigned long, Virt::VirtPageState)
                0x00000000c0011b81                Virt::getPageState(unsigned long)
                0x00000000c0011ba5                Virt::allocateKernelVirtualPages(int)
                0x00000000c0011cb6                Virt::freeSwapfilePage(unsigned long)
                0x00000000c0011cd4                Virt::swapIDToSector(unsigned long)
                0x00000000c0011ce6                Virt::allocateSwapfilePage()
                0x00000000c0011d64                Virt::virtualMemorySetup()
                0x00000000c0011de3                Virt::swappingSetup()
                0x00000000c0011e40                Virt::getAKernelVAS()
                0x00000000c0011e46                Virt::setupPageSwapping(int)
                0x00000000c0011f76                VAS::VAS()
                0x00000000c0011f76                VAS::VAS()
                0x00000000c0011fa6                VAS::VAS(VAS*)
                0x00000000c0011fa6                VAS::VAS(VAS*)
                0x00000000c0011fca                VAS::getForeignPageTableEntry(bool, unsigned long)
                0x00000000c0011ff6                VAS::getPageTableEntry(unsigned long)
                0x00000000c0012015                Virt::freeKernelVirtualPages(unsigned long)
                0x00000000c0012138                VAS::freeAllocatedPages(unsigned long)
                0x00000000c001215c                VAS::virtualToPhysical(unsigned long)
                0x00000000c0012174                VAS::reflagRange(unsigned long, int, int, int)
                0x00000000c00121b4                VAS::setToWriteCombining(unsigned long, int)
                0x00000000c00121e6                VAS::mapOtherVASIn(bool, VAS*)
                0x00000000c0012210                VAS::~VAS()
                0x00000000c0012210                VAS::~VAS()
                0x00000000c001237c                VAS::mapPage(unsigned long, unsigned long, int)
                0x00000000c001247c                VAS::allocatePages(int, int)
                0x00000000c0012654                VAS::setCPUSpecific(unsigned long)
                0x00000000c0012670                VAS::mapRange(unsigned long, unsigned long, int, int)
                0x00000000c0012736                VAS::mapForeignPage(bool, VAS*, unsigned long, unsigned long, int)
                0x00000000c0012824                VAS::VAS(bool)
                0x00000000c0012824                VAS::VAS(bool)
                0x00000000c0012a80                VAS::evict(unsigned long)
                0x00000000c0012b3e                VAS::scanForEviction(int, int)
                0x00000000c0012bec                VAS::tryLoadBackOffDisk(unsigned long)
                0x00000000c0012d36                mapVASFirstTime
 .text          0x00000000c0012df2       0x95 coreobjs/c++.32
                0x00000000c0012df2                __cxa_atexit
                0x00000000c0012df5                __cxa_finalize
                0x00000000c0012df6                __stack_chk_fail
                0x00000000c0012e62                __cxa_pure_virtual
                0x00000000c0012e73                operator new[](unsigned long)
                0x00000000c0012e78                operator delete(void*, unsigned long)
                0x00000000c0012e7d                operator delete[](void*)
                0x00000000c0012e82                operator delete[](void*, unsigned long)
 .text          0x00000000c0012e87      0x1ef dbg/kconsole.32
                0x00000000c0012e87                Dbg::stringifyxWithBase(unsigned int, char*, int)
                0x00000000c0012ee8                Dbg::logc(char)
                0x00000000c0012eff                Dbg::logs(char*)
                0x00000000c0012f1c                Dbg::logWriteInt(unsigned int)
                0x00000000c0012f39                Dbg::logWriteIntBase(unsigned int, int)
                0x00000000c0012f58                Dbg::kprintf(char const*, ...)
 .text          0x00000000c0013076      0xb7c fs/vfs.32
                0x00000000c0013076                File::read(unsigned long long, void*, int*)
                0x00000000c00130ce                File::write(unsigned long long, void*, int*)
                0x00000000c0013126                Directory::read(unsigned long long, void*, int*)
                0x00000000c001317e                Directory::write(unsigned long long, void*, int*)
                0x00000000c00131ac                File::isAtty()
                0x00000000c00131b0                Directory::isAtty()
                0x00000000c00131b4                Filesystem::getlabel(LogicalDisk*, int, char*, unsigned int*)
                0x00000000c00131ba                Filesystem::setlabel(LogicalDisk*, int, char*)
                0x00000000c00131c0                File::~File()
                0x00000000c00131c0                File::~File()
                0x00000000c00131e4                File::~File()
                0x00000000c001320e                Directory::~Directory()
                0x00000000c001320e                Directory::~Directory()
                0x00000000c0013232                Directory::~Directory()
                0x00000000c001325c                Filesystem::Filesystem()
                0x00000000c001325c                Filesystem::Filesystem()
                0x00000000c0013280                Filesystem::~Filesystem()
                0x00000000c0013280                Filesystem::~Filesystem()
                0x00000000c001328e                Filesystem::~Filesystem()
                0x00000000c00132b2                Fs::getcwd(Process*, char*, int)
                0x00000000c00132dc                Fs::initVFS()
                0x00000000c0013306                Fs::standardiseFiles(char*, char const*, char const*)
                0x00000000c00134b0                File::File(char const*, Process*)
                0x00000000c00134b0                File::File(char const*, Process*)
                0x00000000c0013514                File::open(FileOpenMode)
                0x00000000c0013572                File::close()
                0x00000000c00135d2                File::seek(unsigned long long)
                0x00000000c0013628                File::tell(unsigned long long*)
                0x00000000c0013678                File::rewind()
                0x00000000c001368c                File::unlink()
                0x00000000c00136d8                File::rename(char const*)
                0x00000000c0013726                File::chfatattr(unsigned char, unsigned char)
                0x00000000c0013782                File::exists()
                0x00000000c00137c0                File::stat(unsigned long long*, bool*)
                0x00000000c0013821                Fs::setcwd(Process*, char*)
                0x00000000c001395c                Directory::Directory(char const*, Process*)
                0x00000000c001395c                Directory::Directory(char const*, Process*)
                0x00000000c00139c0                Directory::open()
                0x00000000c0013a1c                Directory::close()
                0x00000000c0013a7c                Directory::unlink()
                0x00000000c0013ac8                Directory::rename(char const*)
                0x00000000c0013b16                Directory::exists()
                0x00000000c0013b54                Directory::read(dirent*)
                0x00000000c0013ba0                Directory::create()
                0x00000000c0013bec                Filesystem::chfatattr(char const*, unsigned char, unsigned char)
 .text          0x00000000c0013bf2       0x84 hal/bus.32
                0x00000000c0013bf2                Bus::Bus(char const*)
                0x00000000c0013bf2                Bus::Bus(char const*)
                0x00000000c0013c28                Bus::~Bus()
                0x00000000c0013c28                Bus::~Bus()
                0x00000000c0013c4c                Bus::~Bus()
 .text          0x00000000c0013c76      0x14e hal/buzzer.32
                0x00000000c0013c76                Buzzer::Buzzer(char const*)
                0x00000000c0013c76                Buzzer::Buzzer(char const*)
                0x00000000c0013cba                Buzzer::~Buzzer()
                0x00000000c0013cba                Buzzer::~Buzzer()
                0x00000000c0013cde                Buzzer::~Buzzer()
                0x00000000c0013d08                Buzzer::stop()
                0x00000000c0013d1b                beepThread(void*)
                0x00000000c0013d56                Buzzer::beep(int, int, bool)
 .text          0x00000000c0013dc4      0x467 hal/clock.32
                0x00000000c0013dc4                User::loadClockSettings(int)
                0x00000000c0013e16                Clock::Clock(char const*)
                0x00000000c0013e16                Clock::Clock(char const*)
                0x00000000c0013e4c                Clock::~Clock()
                0x00000000c0013e4c                Clock::~Clock()
                0x00000000c0013e70                Clock::~Clock()
                0x00000000c0013e9a                Clock::timeInSecondsLocal()
                0x00000000c0013ee2                Clock::setTimeInSecondsLocal(unsigned long long)
                0x00000000c0013f3b                datetimeToSeconds(datetime_t)
                0x00000000c0014062                Clock::setTimeInDatetimeLocal(datetime_t)
                0x00000000c00140c2                secondsToDatetime(unsigned long long)
                0x00000000c0014206                Clock::timeInDatetimeLocal()
 *fill*         0x00000000c001422b        0x1 
 .text          0x00000000c001422c      0x4de hal/device.32
                0x00000000c001422c                Device::hibernate()
                0x00000000c001422e                Device::wake()
                0x00000000c0014230                Device::detect()
                0x00000000c0014232                Device::disableLegacy()
                0x00000000c0014234                Device::powerSaving(PowerSavingLevel)
                0x00000000c0014236                DriverlessDevice::close(int, int, void*)
                0x00000000c001423a                DriverlessDevice::detect()
                0x00000000c001423c                DriverlessDevice::open(int, int, void*)
                0x00000000c0014250                Device::~Device()
                0x00000000c0014250                Device::~Device()
                0x00000000c001425e                Device::~Device()
                0x00000000c0014286                Device::findAndLoadDriver()
                0x00000000c0014288                Device::preOpenPCI(PCIDeviceInfo)
                0x00000000c00142ae                Device::preOpenACPI(void*, char*, char*)
                0x00000000c0014302                Device::addIRQHandler(int, void (*)(regs*, void*), bool, void*)
                0x00000000c0014340                Device::removeIRQHandler(int, void (*)(regs*, void*), bool)
                0x00000000c001437e                Device::addChild(Device*)
                0x00000000c00143c2                Device::removeAllChildren()
                0x00000000c0014408                Device::hibernateAll()
                0x00000000c0014438                Device::wakeAll()
                0x00000000c0014468                Device::detectAll()
                0x00000000c0014498                Device::disableLegacyAll()
                0x00000000c00144c8                Device::loadDriversForAll()
                0x00000000c00144f4                Device::closeAll()
                0x00000000c001452a                Device::powerSavingAll(PowerSavingLevel)
                0x00000000c0014560                Device::setName(char const*)
                0x00000000c001456e                Device::Device(char const*)
                0x00000000c001456e                Device::Device(char const*)
                0x00000000c001466a                Device::getName()
                0x00000000c0014674                DriverlessDevice::DriverlessDevice(char const*)
                0x00000000c0014674                DriverlessDevice::DriverlessDevice(char const*)
                0x00000000c001469c                Device::addToLinkedList(LinkedList<Device>&, DeviceType)
                0x00000000c00146e0                getDevicesOfType(DeviceType)
 .text          0x00000000c001470a       0x84 hal/diskctrl.32
                0x00000000c001470a                HardDiskController::HardDiskController(char const*)
                0x00000000c001470a                HardDiskController::HardDiskController(char const*)
                0x00000000c0014740                HardDiskController::~HardDiskController()
                0x00000000c0014740                HardDiskController::~HardDiskController()
                0x00000000c0014764                HardDiskController::~HardDiskController()
 .text          0x00000000c001478e       0xf2 hal/diskphys.32
                0x00000000c001478e                PhysicalDisk::eject()
                0x00000000c00147a2                PhysicalDisk::PhysicalDisk(char const*, int)
                0x00000000c00147a2                PhysicalDisk::PhysicalDisk(char const*, int)
                0x00000000c001480a                PhysicalDisk::startCache()
                0x00000000c0014832                PhysicalDisk::~PhysicalDisk()
                0x00000000c0014832                PhysicalDisk::~PhysicalDisk()
                0x00000000c0014856                PhysicalDisk::~PhysicalDisk()
 .text          0x00000000c0014880      0x13b hal/fpu.32
                0x00000000c0014880                FPU::FPU(char const*)
                0x00000000c0014880                FPU::FPU(char const*)
                0x00000000c00148b6                FPU::~FPU()
                0x00000000c00148b6                FPU::~FPU()
                0x00000000c00148da                FPU::~FPU()
                0x00000000c0014904                setupFPU()
 *fill*         0x00000000c00149bb        0x1 
 .text          0x00000000c00149bc     0x13a7 hal/intctrl.32
                0x00000000c00149bc                InterruptController::uninstallISRHandler(int, void (*)(regs*, void*))
                0x00000000c00149f4                InterruptController::installISRHandler(int, void (*)(regs*, void*), void*)
                0x00000000c0014a46                doubleFault(regs*, void*)
                0x00000000c0014a60                InterruptController::installIRQHandler(int, void (*)(regs*, void*), bool, void*)
                0x00000000c0014afc                InterruptController::clearAllHandlers(int, bool)
                0x00000000c0014ba4                InterruptController::uninstallIRQHandler(int, void (*)(regs*, void*), bool)
                0x00000000c0014c2b                nmiHandler(regs*, void*)
                0x00000000c0014c39                int_handler
                0x00000000c0014cda                InterruptController::InterruptController(char const*)
                0x00000000c0014cda                InterruptController::InterruptController(char const*)
                0x00000000c0014d80                InterruptController::~InterruptController()
                0x00000000c0014d80                InterruptController::~InterruptController()
                0x00000000c0014da4                InterruptController::~InterruptController()
                0x00000000c0014dce                displayDebugInfo(regs*)
                0x00000000c001525d                x87EmulHandler(regs*, void*)
                0x00000000c001528c                gpFault(regs*, void*)
                0x00000000c00152c5                pgFault(regs*, void*)
                0x00000000c0015301                otherISRHandler(regs*, void*)
                0x00000000c0015320                opcodeFault(regs*, void*)
                0x00000000c0015926                displayProgramFault(char const*)
                0x00000000c001594e                setupInterruptController()
                0x00000000c0015d16                InterruptController::convertLegacyIRQNumber(int)
 *fill*         0x00000000c0015d63        0x1 
 .text          0x00000000c0015d64      0x6c8 hal/keybrd.32
                0x00000000c0015d64                startGUI(void*)
                0x00000000c0015dc0                startGUIVESA(void*)
                0x00000000c0015e1c                sendKeyToTerminal(unsigned char)
                0x00000000c0015e88                sendKeyboardToken(KeyboardToken)
                0x00000000c00162c5                clearInternalKeybuffer(VgaText*)
                0x00000000c00162fa                readKeyboard(VgaText*, char*, unsigned long)
                0x00000000c00163a2                Keyboard::Keyboard(char const*)
                0x00000000c00163a2                Keyboard::Keyboard(char const*)
                0x00000000c00163de                Keyboard::~Keyboard()
                0x00000000c00163de                Keyboard::~Keyboard()
                0x00000000c0016402                Keyboard::~Keyboard()
 .text          0x00000000c001642c      0x414 hal/logidisk.32
                0x00000000c001642c                LogicalDisk::close(int, int, void*)
                0x00000000c0016430                LogicalDisk::~LogicalDisk()
                0x00000000c0016430                LogicalDisk::~LogicalDisk()
                0x00000000c0016454                LogicalDisk::~LogicalDisk()
                0x00000000c001647e                LogicalDisk::open(int, int, void*)
                0x00000000c0016492                LogicalDisk::absoluteToRelative(unsigned long long)
                0x00000000c00164ca                LogicalDisk::relativeToAbsolute(unsigned long long)
                0x00000000c0016510                LogicalDisk::LogicalDisk(char const*, PhysicalDisk*, unsigned long long, unsigned long long)
                0x00000000c0016510                LogicalDisk::LogicalDisk(char const*, PhysicalDisk*, unsigned long long, unsigned long long)
                0x00000000c00165c6                LogicalDisk::assignDriveLetter()
                0x00000000c001667c                LogicalDisk::mount()
                0x00000000c00166ee                LogicalDisk::unmount()
                0x00000000c00166fe                LogicalDisk::eject()
                0x00000000c0016712                LogicalDisk::unassignDriveLetter()
                0x00000000c0016768                LogicalDisk::read(unsigned long long, int, void*)
                0x00000000c00167d4                LogicalDisk::write(unsigned long long, int, void*)
 .text          0x00000000c0016840       0x84 hal/mouse.32
                0x00000000c0016840                Mouse::Mouse(char const*)
                0x00000000c0016840                Mouse::Mouse(char const*)
                0x00000000c0016876                Mouse::~Mouse()
                0x00000000c0016876                Mouse::~Mouse()
                0x00000000c001689a                Mouse::~Mouse()
 .text          0x00000000c00168c4      0x34d hal/partition.32
                0x00000000c00168c4                makePartition(PhysicalDisk*, unsigned long long, unsigned long long)
                0x00000000c0016980                createPartitionsForDisk(PhysicalDisk*)
 *fill*         0x00000000c0016c11        0x1 
 .text          0x00000000c0016c12       0x84 hal/serial.32
                0x00000000c0016c12                Serial::Serial(char const*)
                0x00000000c0016c12                Serial::Serial(char const*)
                0x00000000c0016c48                Serial::~Serial()
                0x00000000c0016c48                Serial::~Serial()
                0x00000000c0016c6c                Serial::~Serial()
 .text          0x00000000c0016c96      0x2b8 hal/timer.32
                0x00000000c0016c96                Timer::Timer(char const*)
                0x00000000c0016c96                Timer::Timer(char const*)
                0x00000000c0016ccc                Timer::~Timer()
                0x00000000c0016ccc                Timer::~Timer()
                0x00000000c0016cf0                Timer::~Timer()
                0x00000000c0016d1a                Timer::read()
                0x00000000c0016d25                timerHandler(unsigned long long)
                0x00000000c0016e5c                setupTimer(int)
 .text          0x00000000c0016f4e      0x425 hal/vcache.32
                0x00000000c0016f4e                VCache::VCache(PhysicalDisk*)
                0x00000000c0016f4e                VCache::VCache(PhysicalDisk*)
                0x00000000c00170b6                VCache::invalidateReadBuffer()
                0x00000000c00170c6                VCache::writeWriteBuffer()
                0x00000000c0017102                VCache::~VCache()
                0x00000000c0017102                VCache::~VCache()
                0x00000000c0017156                VCache::~VCache()
                0x00000000c001717e                VCache::write(unsigned long long, int, void*)
                0x00000000c0017274                VCache::read(unsigned long long, int, void*)
 *fill*         0x00000000c0017373        0x1 
 .text          0x00000000c0017374      0x4cd hal/video.32
                0x00000000c0017374                Video::putrect(int, int, int, int, unsigned int)
                0x00000000c00173c0                Video::bitblit(int, int, int, int, int, int, int, unsigned int*)
                0x00000000c0017430                Video::blit(unsigned int*, int, int, int, int)
                0x00000000c00174ae                Video::clearScreen(unsigned int)
                0x00000000c00174e2                Video::putpixel(int, int, unsigned int)
                0x00000000c00174f0                Video::Video(char const*)
                0x00000000c00174f0                Video::Video(char const*)
                0x00000000c0017526                Video::~Video()
                0x00000000c0017526                Video::~Video()
                0x00000000c001754a                Video::~Video()
                0x00000000c0017574                Video::isMonochrome()
                0x00000000c0017580                Video::getWidth()
                0x00000000c001758c                Video::getHeight()
                0x00000000c0017598                Video::drawCursor(int, int, unsigned char*, int)
                0x00000000c0017654                Video::tgaParse(unsigned char*, int, int*, int*)
                0x00000000c00177d6                Video::putTGA(int, int, unsigned char*, int)
 *fill*         0x00000000c0017841        0x1 
 .text          0x00000000c0017842      0xf64 hw/acpi.32
                0x00000000c0017842                ACPI::close(int, int, void*)
                0x00000000c00178f7                findRSDP()
                0x00000000c0017981                loadACPITables(unsigned char*)
                0x00000000c0017ba8                findRSDT(unsigned char*)
                0x00000000c0017cc6                findDataTable(unsigned char*, char*)
                0x00000000c0017d62                scanMADT()
                0x00000000c00181e8                ACPI::ACPI()
                0x00000000c00181e8                ACPI::ACPI()
                0x00000000c0018252                ACPI::getPCIIRQAssignment(unsigned char, unsigned short, unsigned char)
                0x00000000c0018334                ACPI::registerPCIIRQAssignment(void*, unsigned short, unsigned char, unsigned char)
                0x00000000c00183fa                ACPI::setScreenBrightnessLevel(void*, int)
                0x00000000c0018400                ACPI::writeSimpleBootFlag(SimpleBootFlagTable*)
                0x00000000c0018448                ACPI::open(int, int, void*)
                0x00000000c001878e                ACPI::sleep()
 .text          0x00000000c00187a6     0x1715 hw/cpu.32
                0x00000000c00187a6                CPU::close(int, int, void*)
                0x00000000c00187aa                CPU::lookupAMDName(unsigned char, unsigned char)
                0x00000000c001893e                CPU::lookupIntelName(unsigned char, unsigned char)
                0x00000000c0018bec                CPU::AMD_K6_write_msr(unsigned int, unsigned int, unsigned int, CPU::REGS*)
                0x00000000c0018c08                CPU::AMD_K6_read_msr(unsigned int, CPU::REGS*)
                0x00000000c0018c20                CPU::AMD_K6_writeback(int, int, int)
                0x00000000c0018c94                CPU::cpuid(int, unsigned long*, unsigned long*, unsigned long*, unsigned long*)
                0x00000000c0018d18                CPU::cpuidCheckEDX(unsigned int)
                0x00000000c0018d46                CPU::cpuidCheckECX(unsigned int)
                0x00000000c0018d74                CPU::cpuidCheckExtendedEBX(unsigned int)
                0x00000000c0018da2                CPU::cpuidCheckExtendedECX(unsigned int)
                0x00000000c0018dd0                CPU::CPU()
                0x00000000c0018dd0                CPU::CPU()
                0x00000000c0018e5e                CPU::displayFeatures()
                0x00000000c00190da                CPU::detectFeatures()
                0x00000000c0019aca                CPU::setupSMEP()
                0x00000000c0019ad6                CPU::setupUMIP()
                0x00000000c0019ae0                CPU::setupTSC()
                0x00000000c0019aea                CPU::setupLargePages()
                0x00000000c0019af4                CPU::setupPAT()
                0x00000000c0019b30                CPU::setupMTRR()
                0x00000000c0019b32                CPU::setupGlobalPages()
                0x00000000c0019b3c                CPU::allowUsermodeDataAccess()
                0x00000000c0019b4e                CPU::prohibitUsermodeDataAccess()
                0x00000000c0019b60                CPU::setupSMAP()
                0x00000000c0019b6e                CPU::setupFeatures()
                0x00000000c0019bee                CPU::open(int, int, void*)
                0x00000000c0019cc0                CPU::decodeAddress(regs*, int*, bool*, unsigned char*)
 .text          0x00000000c0019ebb        0x0 hw/ports.32
 .text          0x00000000c0019ebb      0x16a hw/smp.32
                0x00000000c0019ebb                Krnl::smpEntry()
                0x00000000c0019ebd                Krnl::startCPU(int)
                0x00000000c001a006                Krnl::startCPUs()
 *fill*         0x00000000c001a025        0x1 
 .text          0x00000000c001a026      0x5d3 krnl/env.32
                0x00000000c001a026                EnvVarContainer::getEnv(char const*)
                0x00000000c001a064                EnvVarContainer::setEnv(char const*, char const*)
                0x00000000c001a130                EnvVarContainer::deleteEnv(char const*)
                0x00000000c001a132                EnvVarContainer::loadFrom(char const*, char const*)
                0x00000000c001a328                EnvVarContainer::__loadSystem()
                0x00000000c001a342                EnvVarContainer::__loadUser()
                0x00000000c001a344                EnvVarContainer::EnvVarContainer(Process*)
                0x00000000c001a344                EnvVarContainer::EnvVarContainer(Process*)
                0x00000000c001a366                EnvVarContainer::~EnvVarContainer()
                0x00000000c001a366                EnvVarContainer::~EnvVarContainer()
                0x00000000c001a396                Krnl::getEnv(Process*, char const*)
                0x00000000c001a3fb                Krnl::setEnvSystem(char const*, char const*)
                0x00000000c001a415                Krnl::setEnvUser(char const*, char const*)
                0x00000000c001a434                Krnl::setEnvProcess(Process*, char const*, char const*)
                0x00000000c001a447                Krnl::deleteEnvSystem(char const*)
                0x00000000c001a448                Krnl::deleteEnvUser(char const*)
                0x00000000c001a449                Krnl::deleteEnvProcess(Process*, char const*)
                0x00000000c001a44a                Krnl::newProcessEnv(Process*)
                0x00000000c001a46c                Krnl::copyProcessEnv(Process*, Process*)
                0x00000000c001a4c0                Krnl::loadSystemEnv()
                0x00000000c001a4ee                Krnl::loadUserEnv()
                0x00000000c001a514                Krnl::flushEnv()
                0x00000000c001a515                Krnl::getProcessTotalEnvCount(Process*)
                0x00000000c001a535                Krnl::getProcessEnvPair(Process*, int)
 .text          0x00000000c001a5f9      0x396 krnl/panic.32
                0x00000000c001a5f9                Krnl::panic(char const*)
 .text          0x00000000c001a98f      0x3b6 net/ethernet.32
                0x00000000c001a98f                Net::switchEndian16(unsigned short)
                0x00000000c001a9b0                Net::switchEndian32(unsigned int)
                0x00000000c001a9df                Net::crc32Calc(unsigned char*, int)
                0x00000000c001aa70                Net::wrapEthernetFrame(Net::UnwrappedEthernetFrame, unsigned char*)
                0x00000000c001abac                Net::unwrapEthernetFrame(unsigned char*, int)
 .text          0x00000000c001ad45      0x513 reg/registry.32
                0x00000000c001ad45                Reg::findLineFromLoadedData(char*, char*, char*)
                0x00000000c001ae9d                Reg::getLineFromRegistry(char*, char*, char*, char*)
                0x00000000c001aff2                Reg::getLine(char*, char*, char*)
                0x00000000c001b029                Reg::readInt(char*, char*, int*)
                0x00000000c001b114                Reg::readString(char*, char*, char*, int)
                0x00000000c001b195                Reg::readBool(char*, char*, bool*)
                0x00000000c001b1ba                Reg::readBoolWithDefault(char*, char*, bool)
                0x00000000c001b1e6                Reg::readIntWithDefault(char*, char*, int)
                0x00000000c001b212                Reg::readStringWithDefault(char*, char*, char*, int, char*)
 .text          0x00000000c001b258       0x36 sys/sc_eject.32
                0x00000000c001b258                Sys::eject(regs*)
 .text          0x00000000c001b28e       0x18 sys/sc_exit.32
                0x00000000c001b28e                Sys::exit(regs*)
 .text          0x00000000c001b2a6       0x1f sys/sc_getcwd.32
                0x00000000c001b2a6                Sys::getCwd(regs*)
 .text          0x00000000c001b2c5        0xc sys/sc_getpid.32
                0x00000000c001b2c5                Sys::getPID(regs*)
 .text          0x00000000c001b2d1       0x17 sys/sc_getramdata.32
                0x00000000c001b2d1                Sys::getRAMData(regs*)
 .text          0x00000000c001b2e8       0xa8 sys/sc_loaddll.32
                0x00000000c001b2e8                Sys::loadDLL(regs*)
 .text          0x00000000c001b390       0x68 sys/sc_read.32
                0x00000000c001b390                Sys::read(regs*)
 .text          0x00000000c001b3f8       0x55 sys/sc_sbrk.32
                0x00000000c001b3f8                Sys::sbrk(regs*)
 .text          0x00000000c001b44d       0x1c sys/sc_setcwd.32
                0x00000000c001b44d                Sys::setCwd(regs*)
 .text          0x00000000c001b469      0x128 sys/sc_settime.32
                0x00000000c001b469                Sys::setTime(regs*)
 .text          0x00000000c001b591       0x4a sys/sc_timezone.32
                0x00000000c001b591                Sys::timezone(regs*)
 .text          0x00000000c001b5db       0x68 sys/sc_write.32
                0x00000000c001b5db                Sys::write(regs*)
 .text          0x00000000c001b643       0x62 sys/sc_wsbe.32
                0x00000000c001b643                Sys::wsbe(regs*)
 .text          0x00000000c001b6a5       0x3b sys/sc_yield.32
                0x00000000c001b6a5                Sys::yield(regs*)
 .text          0x00000000c001b6e0     0x10e5 sys/syscalls.32
                0x00000000c001b6e0                sysCallSeekDir(regs*)
                0x00000000c001b6e5                sysCallTellDir(regs*)
                0x00000000c001b6ea                sysCallVerify(regs*)
                0x00000000c001b6f4                sysFormatDisk(regs*)
                0x00000000c001b75e                sysSetDiskVolumeLabel(regs*)
                0x00000000c001b7a4                sysGetDiskVolumeLabel(regs*)
                0x00000000c001b7f5                sysShutdown(regs*)
                0x00000000c001b853                sysCallRealpath(regs*)
                0x00000000c001b896                sysCallGetArgc(regs*)
                0x00000000c001b8c4                sysCallReadDir(regs*)
                0x00000000c001b952                sysCallIsATTY(regs*)
                0x00000000c001b9ac                sysCallSeek(regs*)
                0x00000000c001ba15                sysCallTell(regs*)
                0x00000000c001ba92                sysCallSize(regs*)
                0x00000000c001bb15                sysCallSizeFromFilename(regs*)
                0x00000000c001bbd5                sysCallClose(regs*)
                0x00000000c001bc5d                sysCallOpenDir(regs*)
                0x00000000c001bcd2                sysCallCloseDir(regs*)
                0x00000000c001bd38                sysCallMakeDir(regs*)
                0x00000000c001bda8                sysCallWait(regs*)
                0x00000000c001bdc2                sysCallNotImpl(regs*)
                0x00000000c001bddd                sysPanic(regs*)
                0x00000000c001be03                sysCallRmdir(regs*)
                0x00000000c001be67                sysCallUnlink(regs*)
                0x00000000c001becb                sysCallGetArgv(regs*)
                0x00000000c001bf17                sysCallTTYName(regs*)
                0x00000000c001bf9a                sysCallUSleep(regs*)
                0x00000000c001bfc1                sysCallSpawn(regs*)
                0x00000000c001c019                sysCallGetEnv(regs*)
                0x00000000c001c151                sysAppSettings(regs*)
                0x00000000c001c270                sysSetFatAttrib(regs*)
                0x00000000c001c2e2                sysPipe(regs*)
                0x00000000c001c327                sysGetUnixTime(regs*)
                0x00000000c001c33b                string_ends_with(char const*, char const*)
                0x00000000c001c383                sysCallOpen(regs*)
                0x00000000c001c598                Sys::loadSyscalls()
                0x00000000c001c783                Sys::systemCall(regs*, void*)
 .text          0x00000000c001c7c5     0x11ef thr/elf.32
                0x00000000c001c7c5                Thr::allocateMemoryForTask(Process*, File*, unsigned long, unsigned long, unsigned long)
                0x00000000c001ca57                Thr::loadProgramIntoMemory(Process*, char const*)
                0x00000000c001cc6d                Thr::runtimeReferenceHelper()
                0x00000000c001cc80                Thr::getAddressOfKernelSymbol(char const*)
                0x00000000c001cccf                Thr::loadKernelSymbolTable(char const*)
                0x00000000c001cf8d                Thr::loadDriverIntoMemory(char const*, unsigned long, bool)
                0x00000000c001d6a9                Thr::getDriverBaseFromAddress(unsigned long)
                0x00000000c001d6db                Thr::getDriverNameFromAddress(unsigned long)
                0x00000000c001d712                Thr::getDriverOffsetFromAddress(unsigned long)
                0x00000000c001d72c                Thr::loadDLL(char const*, bool)
                0x00000000c001d97b                Thr::executeDLL(unsigned long, void*)
 .text          0x00000000c001d9b4     0x1056 thr/prcssthr.32
                0x00000000c001d9b4                changeTSS
                0x00000000c001d9e4                Process::addArgs(char**)
                0x00000000c001da3e                Process::Process(char const*, Process*, char**)
                0x00000000c001da3e                Process::Process(char const*, Process*, char**)
                0x00000000c001dc22                Process::Process(bool, char const*, Process*, char**)
                0x00000000c001dc22                Process::Process(bool, char const*, Process*, char**)
                0x00000000c001ddd1                disableIRQs()
                0x00000000c001ddd9                getIRQNestingLevel()
                0x00000000c001dddf                enableIRQs()
                0x00000000c001ddee                lockScheduler()
                0x00000000c001ddf0                unlockScheduler()
                0x00000000c001ddf2                userModeEntryPoint(void*)
                0x00000000c001de15                lockStuff()
                0x00000000c001de21                taskStartupFunction
                0x00000000c001de2a                updateTimeUsed()
                0x00000000c001de8f                switchToThread(ThreadControlBlock*)
                0x00000000c001dee0                Semaphore::Semaphore(int)
                0x00000000c001dee0                Semaphore::Semaphore(int)
                0x00000000c001df0e                Mutex::Mutex()
                0x00000000c001df0e                Mutex::Mutex()
                0x00000000c001df20                Process::createThread(void (*)(void*), void*, int)
                0x00000000c001e004                Process::createUserThread()
                0x00000000c001e020                setupMultitasking(void (*)())
                0x00000000c001e12a                schedule()
                0x00000000c001e1af                unlockStuff()
                0x00000000c001e1e4                Semaphore::tryAcquire()
                0x00000000c001e212                Semaphore::assertLocked(char const*)
                0x00000000c001e242                blockTaskWithSchedulerLockAlreadyHeld(TaskState)
                0x00000000c001e284                blockTask(TaskState)
                0x00000000c001e2a5                waitTask(int, int*, int)
                0x00000000c001e2e7                nanoSleepUntil(unsigned long long)
                0x00000000c001e33e                nanoSleep(unsigned long long)
                0x00000000c001e353                sleep(unsigned long long)
                0x00000000c001e370                Semaphore::acquire()
                0x00000000c001e3d8                taskReturned
                0x00000000c001e406                unblockTask(ThreadControlBlock*)
                0x00000000c001e4b5                cleanupTerminatedTask(ThreadControlBlock*)
                0x00000000c001e77e                cleanerTaskFunction(void*)
                0x00000000c001e831                terminateTask(int)
                0x00000000c001e911                Thr::terminateFromIRQ(int)
                0x00000000c001e91e                Semaphore::release()
 .text          0x00000000c001ea0a      0xc26 vm86/vm8086.32
                0x00000000c001ea0a                Vm::inbv(unsigned short)
                0x00000000c001ea1d                Vm::outbv(unsigned short, unsigned char)
                0x00000000c001ea70                Vm::realToLinear(unsigned short, unsigned short)
                0x00000000c001ea80                Vm::getSegment(unsigned int)
                0x00000000c001ea88                Vm::getOffset(unsigned int)
                0x00000000c001ea8d                Vm::mainloop2()
                0x00000000c001eac8                Vm::mainVm8086Loop(void*)
                0x00000000c001ead5                Vm::mainloop3(unsigned long)
                0x00000000c001eaff                Vm::initialise8086()
                0x00000000c001eb42                Vm::finish8086()
                0x00000000c001eb87                Vm::getOutput8086(unsigned char*)
                0x00000000c001ebb1                Vm::start8086(char const*, unsigned short, unsigned short, unsigned short, unsigned short)
                0x00000000c001ed01                Vm::doISR(regs*, int, unsigned char*, unsigned short, unsigned short)
                0x00000000c001ed8b                Vm::readByteFromReal(unsigned short, unsigned short)
                0x00000000c001ed9c                Vm::readWordFromReal(unsigned short, unsigned short)
                0x00000000c001edae                Vm::readDwordFromReal(unsigned short, unsigned short)
                0x00000000c001edbf                Vm::writeByteFromReal(unsigned short, unsigned short, unsigned char)
                0x00000000c001edd4                Vm::writeWordFromReal(unsigned short, unsigned short, unsigned short)
                0x00000000c001edea                Vm::writeDwordFromReal(unsigned short, unsigned short, unsigned int)
                0x00000000c001edff                Vm::faultHandler(regs*)
 .text          0x00000000c001f630      0xefd vm86/x87em.32
                0x00000000c001f630                Vm::fpuInternalTo32(unsigned long long)
                0x00000000c001f68b                Vm::fpuInternalTo64(unsigned long long)
                0x00000000c001f694                Vm::fpu32ToInternal(unsigned int)
                0x00000000c001f6d9                Vm::fpu64ToInternal(unsigned long long)
                0x00000000c001f6e2                Vm::fpuFloatToLong(unsigned long long)
                0x00000000c001f73d                Vm::fpuULongToFloat(unsigned long long)
                0x00000000c001f773                Vm::fpuLongToFloat(long long)
                0x00000000c001f7c9                Vm::fpuGet0()
                0x00000000c001f7ce                Vm::fpuGet1()
                0x00000000c001f7d6                Vm::fpuGetPi()
                0x00000000c001f7de                Vm::fpuGetLog2E()
                0x00000000c001f7f6                Vm::fpuGetLogE2()
                0x00000000c001f80e                Vm::fpuGetLog210()
                0x00000000c001f826                Vm::fpuGetLog102()
                0x00000000c001f83e                Vm::fpuIsSecondLarger(unsigned long long, unsigned long long)
                0x00000000c001f852                Vm::fpuAreEqual(unsigned long long, unsigned long long)
                0x00000000c001f868                Vm::fpuUnorderedCompare(unsigned long long, unsigned long long)
                0x00000000c001f8bb                Vm::fpuAdd(unsigned long long, unsigned long long)
                0x00000000c001f8cc                Vm::fpuAbs(unsigned long long)
                0x00000000c001f8d5                Vm::fpuChs(unsigned long long)
                0x00000000c001f8e5                Vm::fpuSub(unsigned long long, unsigned long long)
                0x00000000c001f8f4                Vm::fpuMultiply(unsigned long long, unsigned long long)
                0x00000000c001f913                Vm::fpuDivide(unsigned long long, unsigned long long)
                0x00000000c001f92f                Vm::fpuSquare(unsigned long long)
                0x00000000c001f945                Vm::fpuGetReg(int)
                0x00000000c001f988                Vm::fpuSetReg(int, unsigned long long)
                0x00000000c001f9d3                Vm::fpuPush(unsigned long long)
                0x00000000c001fa30                Vm::fpuPop()
                0x00000000c001fa82                Vm::x87Handler(regs*)
 *fill*         0x00000000c002052d        0x1 
 .text          0x00000000c002052e     0x10ed fs/fat/vfslink.32
                0x00000000c002052e                FAT::getName()
                0x00000000c0020534                FAT::tell(void*, unsigned long long*)
                0x00000000c0020568                FAT::stat(void*, unsigned long long*)
                0x00000000c002059c                FAT::~FAT()
                0x00000000c002059c                FAT::~FAT()
                0x00000000c00205c0                FAT::~FAT()
                0x00000000c00205e8                FAT::getlabel(LogicalDisk*, int, char*, unsigned int*)
                0x00000000c0020686                FAT::setlabel(LogicalDisk*, int, char*)
                0x00000000c0020740                FAT::format(LogicalDisk*, int, char const*, int)
                0x00000000c0020924                FAT::tryMount(LogicalDisk*, int)
                0x00000000c0020b2a                FAT::readDir(void*, unsigned long, void*, int*)
                0x00000000c0020c30                FAT::read(void*, unsigned long, void*, int*)
                0x00000000c0020c8a                FAT::write(void*, unsigned long, void*, int*)
                0x00000000c0020ce4                FAT::close(void*)
                0x00000000c0020d30                FAT::closeDir(void*)
                0x00000000c0020d7c                FAT::seek(void*, unsigned long long)
                0x00000000c0020dd0                fatWrapperReadDisk
                0x00000000c0020e17                fatWrapperWriteDisk
                0x00000000c0020e5e                fatWrapperIoctl
                0x00000000c0020f62                FAT::FAT()
                0x00000000c0020f62                FAT::FAT()
                0x00000000c0020fb4                FAT::fixFilepath(char*)
                0x00000000c0020fec                FAT::open(char const*, void**, FileOpenMode)
                0x00000000c0021114                FAT::openDir(char const*, void**)
                0x00000000c00211ba                FAT::stat(char const*, unsigned long long*, bool*)
                0x00000000c00212a4                FAT::unlink(char const*)
                0x00000000c002131e                FAT::chfatattr(char const*, unsigned char, unsigned char)
                0x00000000c0021472                FAT::rename(char const*, char const*)
                0x00000000c0021536                FAT::mkdir(char const*)
                0x00000000c00215b0                FAT::exists(char const*)
 *fill*         0x00000000c002161b        0x1 
 .text          0x00000000c002161c      0xbc1 fs/iso9660/vfslink.32
                0x00000000c002161c                ISO9660::format(LogicalDisk*, int, char const*, int)
                0x00000000c0021622                ISO9660::seek(void*, unsigned long long)
                0x00000000c0021652                ISO9660::tell(void*, unsigned long long*)
                0x00000000c0021676                ISO9660::getName()
                0x00000000c002167c                ISO9660::stat(void*, unsigned long long*)
                0x00000000c00216a0                ISO9660::chfatattr(char const*, unsigned char, unsigned char)
                0x00000000c00216a6                ISO9660::unlink(char const*)
                0x00000000c00216ac                ISO9660::write(void*, unsigned long, void*, int*)
                0x00000000c00216b2                ISO9660::rename(char const*, char const*)
                0x00000000c00216b8                ISO9660::mkdir(char const*)
                0x00000000c00216be                ISO9660::close(void*)
                0x00000000c00216e0                ISO9660::closeDir(void*)
                0x00000000c0021702                ISO9660::~ISO9660()
                0x00000000c0021702                ISO9660::~ISO9660()
                0x00000000c0021726                ISO9660::~ISO9660()
                0x00000000c002174d                __memmem(unsigned char*, int, unsigned char*, int)
                0x00000000c002178f                readSectorFromCDROM(unsigned int, unsigned char*, char)
                0x00000000c00217f6                ISO9660::tryMount(LogicalDisk*, int)
                0x00000000c0021846                ISO9660::read(void*, unsigned long, void*, int*)
                0x00000000c0021a46                ISO9660::readDir(void*, unsigned long, void*, int*)
                0x00000000c0021cd3                readRoot(unsigned int*, unsigned int*, char)
                0x00000000c0021d28                readRecursively(char*, unsigned int, unsigned int, unsigned int*, unsigned int*, char, int*)
                0x00000000c0021efb                getFileData(char*, unsigned int*, unsigned int*, char, int*)
                0x00000000c0021f8a                ISO9660::open(char const*, void**, FileOpenMode)
                0x00000000c002204a                ISO9660::exists(char const*)
                0x00000000c002206e                ISO9660::stat(char const*, unsigned long long*, bool*)
                0x00000000c0022102                ISO9660::openDir(char const*, void**)
                0x00000000c00221ba                ISO9660::ISO9660()
                0x00000000c00221ba                ISO9660::ISO9660()
 *fill*         0x00000000c00221dd        0x1 
 .text          0x00000000c00221de      0x326 hal/sound/sndchannel.32
                0x00000000c00221de                SoundChannel::~SoundChannel()
                0x00000000c00221de                SoundChannel::~SoundChannel()
                0x00000000c00221fa                SoundChannel::setSpeed(float)
                0x00000000c0022206                SoundChannel::getSpeed()
                0x00000000c002220e                SoundChannel::setVolume(int)
                0x00000000c002222a                SoundChannel::getVolume()
                0x00000000c0022232                SoundChannel::pause()
                0x00000000c002223c                SoundChannel::SoundChannel(int, int, int, int)
                0x00000000c002223c                SoundChannel::SoundChannel(int, int, int, int)
                0x00000000c0022392                SoundChannel::play()
                0x00000000c002239c                SoundChannel::paused()
                0x00000000c00223a4                SoundChannel::getSampleRate()
                0x00000000c00223ac                SoundChannel::getBits()
                0x00000000c00223b4                SoundChannel::getBufferUsed()
                0x00000000c00223bc                SoundChannel::getBufferSize()
                0x00000000c00223c4                SoundChannel::unbuffer(float*, int, int)
                0x00000000c0022464                SoundChannel::buffer8(unsigned char*, int)
 .text          0x00000000c0022504      0x3d5 hal/sound/sndhw.32
                0x00000000c0022504                SoundDevice::SoundDevice(char const*)
                0x00000000c0022504                SoundDevice::SoundDevice(char const*)
                0x00000000c0022570                SoundDevice::~SoundDevice()
                0x00000000c0022570                SoundDevice::~SoundDevice()
                0x00000000c00225ea                SoundDevice::~SoundDevice()
                0x00000000c0022614                SoundDevice::getFreeChannelNum()
                0x00000000c002262e                SoundDevice::addChannel(SoundChannel*)
                0x00000000c002269e                SoundDevice::removeChannel(int)
                0x00000000c00226d0                SoundDevice::floatTo8(float*, unsigned char*, int)
                0x00000000c00227b8                SoundDevice::getAudio(int, float*, float*)
 .text          0x00000000c00228d9        0x0 hw/bus/isa.32
 *fill*         0x00000000c00228d9        0x1 
 .text          0x00000000c00228da      0x6c3 hw/bus/pci.32
                0x00000000c00228da                PCI::open(int, int, void*)
                0x00000000c00228ee                PCI::close(int, int, void*)
                0x00000000c00228f2                PCI::PCI()
                0x00000000c00228f2                PCI::PCI()
                0x00000000c0022972                PCI::pciReadWord(unsigned char, unsigned char, unsigned char, unsigned char)
                0x00000000c00229ba                PCI::getVendorID(unsigned char, unsigned char, unsigned char)
                0x00000000c00229dc                PCI::getHeaderType(unsigned char, unsigned char, unsigned char)
                0x00000000c0022a00                PCI::getClassCode(unsigned char, unsigned char, unsigned char)
                0x00000000c0022a44                PCI::getProgIF(unsigned char, unsigned char, unsigned char)
                0x00000000c0022a68                PCI::getRevisionID(unsigned char, unsigned char, unsigned char)
                0x00000000c0022a8a                PCI::getInterruptNumber(unsigned char, unsigned char, unsigned char)
                0x00000000c0022aac                PCI::getSecondaryBus(unsigned char, unsigned char, unsigned char)
                0x00000000c0022ad0                PCI::getBARAddress(unsigned char, unsigned char, unsigned char, unsigned char)
                0x00000000c0022b30                PCI::pciWriteWord(unsigned char, unsigned char, unsigned char, unsigned char, unsigned short)
                0x00000000c0022b9c                PCI::checkBus(unsigned char)
                0x00000000c0022bc0                PCI::foundDevice(PCIDeviceInfo)
                0x00000000c0022d32                PCI::getDeviceData(unsigned char, unsigned char, unsigned char)
                0x00000000c0022ede                PCI::checkDevice(unsigned char, unsigned char)
                0x00000000c0022f4a                PCI::detect()
 *fill*         0x00000000c0022f9d        0x1 
 .text          0x00000000c0022f9e      0xc70 hw/diskctrl/ide.32
                0x00000000c0022f9e                IDE::close(int, int, void*)
                0x00000000c0022fa2                IDE::IDE()
                0x00000000c0022fa2                IDE::IDE()
                0x00000000c0022fd6                IDE::prepareInterrupt(unsigned char)
                0x00000000c0022fe8                selectDrive(unsigned char, unsigned char)
                0x00000000c0022fea                IDE::getBase(unsigned char)
                0x00000000c0022ffc                IDE::write(unsigned char, unsigned char, unsigned char)
                0x00000000c00230bc                IDE::read(unsigned char, unsigned char)
                0x00000000c002316a                IDE::waitInterrupt(unsigned char)
                0x00000000c00231d0                ideChannel0IRQHandler(regs*, void*)
                0x00000000c00231ec                ideChannel1IRQHandler(regs*, void*)
                0x00000000c0023208                IDE::enableIRQs(unsigned char, bool)
                0x00000000c002324e                IDE::open(int, int, void*)
                0x00000000c002365e                IDE::readBuffer(unsigned char, unsigned char, unsigned int, unsigned int)
                0x00000000c002372a                IDE::detect()
                0x00000000c0023a12                IDE::printError(unsigned char, unsigned char, unsigned char)
                0x00000000c0023ba8                IDE::polling(unsigned char, unsigned int)
 .text          0x00000000c0023c0e      0x390 hw/diskctrl/satabus.32
                0x00000000c0023c0e                SATABus::close(int, int, void*)
                0x00000000c0023c12                SATABus::detect()
                0x00000000c0023c14                SATABus::SATABus()
                0x00000000c0023c14                SATABus::SATABus()
                0x00000000c0023cc0                SATABus::findCmdslot(SATABus::tagHBA_PORT volatile*)
                0x00000000c0023d08                SATABus::checkType(SATABus::tagHBA_PORT volatile*)
                0x00000000c0023d50                SATABus::startCmd(SATABus::tagHBA_PORT volatile*)
                0x00000000c0023d70                SATABus::stopCmd(SATABus::tagHBA_PORT volatile*)
                0x00000000c0023d9a                SATABus::portRebase(SATABus::tagHBA_PORT volatile*, int)
                0x00000000c0023ea0                SATABus::probePort(SATABus::tagHBA_MEM volatile*)
                0x00000000c0023f7e                SATABus::open(int, int, void*)
 .text          0x00000000c0023f9e      0x63c hw/diskphys/ata.32
                0x00000000c0023f9e                ATA::close(int, int, void*)
                0x00000000c0023fc2                ATA::powerSaving(PowerSavingLevel)
                0x00000000c0023fc4                ATA::ATA()
                0x00000000c0023fc4                ATA::ATA()
                0x00000000c0023ff2                ATA::flush(bool)
                0x00000000c002403c                ATA::readyForCommand()
                0x00000000c002408c                ATA::access(unsigned long long, int, void*, bool)
                0x00000000c0024414                ATA::read(unsigned long long, int, void*)
                0x00000000c002447c                ATA::write(unsigned long long, int, void*)
                0x00000000c00244e4                ATA::detectCHS()
                0x00000000c002450e                ATA::open(int, int, void*)
 .text          0x00000000c00245da      0x5bd hw/diskphys/atapi.32
                0x00000000c00245da                ATAPI::write(unsigned long long, int, void*)
                0x00000000c00245e0                ATAPI::close(int, int, void*)
                0x00000000c0024604                ATAPI::ATAPI()
                0x00000000c0024604                ATAPI::ATAPI()
                0x00000000c0024632                ATAPI::readyForCommand()
                0x00000000c0024682                ATAPI::sendPacket(unsigned char*, int, bool, unsigned short*, int)
                0x00000000c0024942                ATAPI::diskRemoved()
                0x00000000c002495e                ATAPI::eject()
                0x00000000c00249a6                ATAPI::diskInserted()
                0x00000000c00249d4                ATAPI::detectMedia()
                0x00000000c0024a90                ATAPI::open(int, int, void*)
                0x00000000c0024b18                ATAPI::read(unsigned long long, int, void*)
 *fill*         0x00000000c0024b97        0x1 
 .text          0x00000000c0024b98      0x455 hw/diskphys/sata.32
                0x00000000c0024b98                SATA::close(int, int, void*)
                0x00000000c0024bbc                SATA::powerSaving(PowerSavingLevel)
                0x00000000c0024bbe                SATA::open(int, int, void*)
                0x00000000c0024c6c                SATA::SATA()
                0x00000000c0024c6c                SATA::SATA()
                0x00000000c0024c9a                SATA::access(unsigned long long, int, void*, bool)
                0x00000000c0024f00                SATA::read(unsigned long long, int, void*)
                0x00000000c0024f68                SATA::write(unsigned long long, int, void*)
 *fill*         0x00000000c0024fed        0x1 
 .text          0x00000000c0024fee      0x500 hw/diskphys/satapi.32
                0x00000000c0024fee                SATAPI::write(unsigned long long, int, void*)
                0x00000000c0024ff4                SATAPI::close(int, int, void*)
                0x00000000c0025018                SATAPI::SATAPI()
                0x00000000c0025018                SATAPI::SATAPI()
                0x00000000c0025046                SATAPI::diskRemoved()
                0x00000000c0025062                SATAPI::diskInserted()
                0x00000000c0025090                SATAPI::sendPacket(unsigned char*, int, unsigned long long, unsigned short*, int)
                0x00000000c0025294                SATAPI::eject()
                0x00000000c00252dc                SATAPI::detectMedia()
                0x00000000c002539e                SATAPI::open(int, int, void*)
                0x00000000c002544c                SATAPI::read(unsigned long long, int, void*)
 .text          0x00000000c00254ee       0x8e hw/fpu/avx.32
                0x00000000c00254ee                AVX::open(int, int, void*)
                0x00000000c0025500                AVX::close(int, int, void*)
                0x00000000c0025512                AVX::available()
                0x00000000c0025524                AVX::save(void*)
                0x00000000c002553c                AVX::load(void*)
                0x00000000c0025554                AVX::AVX()
                0x00000000c0025554                AVX::AVX()
 .text          0x00000000c002557c       0x90 hw/fpu/mmx.32
                0x00000000c002557c                MMX::available()
                0x00000000c0025590                MMX::open(int, int, void*)
                0x00000000c00255a2                MMX::close(int, int, void*)
                0x00000000c00255b4                MMX::save(void*)
                0x00000000c00255cc                MMX::load(void*)
                0x00000000c00255e4                MMX::MMX()
                0x00000000c00255e4                MMX::MMX()
 .text          0x00000000c002560c       0x96 hw/fpu/sse.32
                0x00000000c002560c                SSE::open(int, int, void*)
                0x00000000c002561e                SSE::close(int, int, void*)
                0x00000000c0025630                SSE::available()
                0x00000000c002564a                SSE::save(void*)
                0x00000000c0025662                SSE::load(void*)
                0x00000000c002567a                SSE::SSE()
                0x00000000c002567a                SSE::SSE()
 .text          0x00000000c00256a2       0x8e hw/fpu/x87.32
                0x00000000c00256a2                x87::open(int, int, void*)
                0x00000000c00256b4                x87::close(int, int, void*)
                0x00000000c00256c6                x87::available()
                0x00000000c00256d8                x87::save(void*)
                0x00000000c00256f0                x87::load(void*)
                0x00000000c0025708                x87::x87()
                0x00000000c0025708                x87::x87()
 .text          0x00000000c0025730      0x71e hw/intctrl/apic.32
                0x00000000c0025730                APIC::disable()
                0x00000000c0025732                APIC::close(int, int, void*)
                0x00000000c0025754                IOAPIC::close(int, int, void*)
                0x00000000c002575a                APIC::io_wait()
                0x00000000c0025760                APIC::getBase()
                0x00000000c00257a2                APIC::eoi(unsigned char)
                0x00000000c00257d0                APIC::open(int, int, void*)
                0x00000000c002591e                IOAPIC::IOAPIC()
                0x00000000c002591e                IOAPIC::IOAPIC()
                0x00000000c0025946                APIC::APIC()
                0x00000000c0025946                APIC::APIC()
                0x00000000c0025a22                IOAPIC::handlesGSIWithNumber(unsigned int)
                0x00000000c0025a54                IOAPIC::read(int)
                0x00000000c0025a7c                IOAPIC::open(int, int, void*)
                0x00000000c0025b72                IOAPIC::write(int, int)
                0x00000000c0025b9e                IOAPIC::redirect(unsigned char, unsigned long long, unsigned char, bool, bool)
                0x00000000c0025c98                APIC::installIRQHandler(int, void (*)(regs*, void*), bool, void*)
 .text          0x00000000c0025e4e      0x3d3 hw/intctrl/pic.32
                0x00000000c0025e4e                PIC::disable()
                0x00000000c0025e7c                PIC::close(int, int, void*)
                0x00000000c0025e9e                PIC::PIC()
                0x00000000c0025e9e                PIC::PIC()
                0x00000000c0025f74                PIC::ioWait()
                0x00000000c0025f7a                PIC::getIRQReg(int)
                0x00000000c0025fe4                PIC::eoi(unsigned char)
                0x00000000c0026076                PIC::remap()
                0x00000000c00261e2                PIC::open(int, int, void*)
 *fill*         0x00000000c0026221        0x1 
 .text          0x00000000c0026222      0x25e hw/timer/apictimer.32
                0x00000000c0026222                APICTimer::close(int, int, void*)
                0x00000000c0026228                apicTimerHandler(regs*, void*)
                0x00000000c0026256                APICTimer::write(int)
                0x00000000c002635a                APICTimer::open(int, int, void*)
                0x00000000c0026458                APICTimer::APICTimer()
                0x00000000c0026458                APICTimer::APICTimer()
 .text          0x00000000c0026480      0x1a7 hw/timer/pit.32
                0x00000000c0026480                PIT::write(int)
                0x00000000c00264fe                pitHandler(regs*, void*)
                0x00000000c002652a                PIT::open(int, int, void*)
                0x00000000c0026578                PIT::close(int, int, void*)
                0x00000000c00265a8                PIT::PIT()
                0x00000000c00265a8                PIT::PIT()
 *fill*         0x00000000c0026627        0x9 
 .text          0x00000000c0026630       0x1e hw/fpu/x86/avx.32
                0x00000000c0026630                avxDetect
                0x00000000c0026636                avxSave
                0x00000000c0026637                avxLoad
                0x00000000c0026638                avxInit
                0x00000000c0026639                avxClose
                0x00000000c002663a                wouldSheSayYes
 *fill*         0x00000000c002664e        0x2 
 .text          0x00000000c0026650       0x35 hw/fpu/x86/sse.32
                0x00000000c0026650                absolutelyNoChanceInHell
                0x00000000c0026650                sseDetect
                0x00000000c0026668                sseSave
                0x00000000c002666e                sseLoad
                0x00000000c0026674                sseInit
                0x00000000c0026684                sseClose
 *fill*         0x00000000c0026685        0xb 
 .text          0x00000000c0026690       0x47 hw/fpu/x86/x87.32
                0x00000000c0026696                x87Detect
                0x00000000c00266b1                x87Save
                0x00000000c00266b7                x87Load
                0x00000000c00266bc                x87Init
                0x00000000c00266d6                x87Close
 *fill*         0x00000000c00266d7        0x1 
 .text          0x00000000c00266d8       0x25 /cygdrive/d/Users/Alex/Desktop/Toolchain/Output/bin/../lib/gcc/i386-banana/8.1.0/crtend.o
 .text          0x00000000c00266fd        0x0 crtn.32
 *fill*         0x00000000c00266fd        0x3 
 .text          0x00000000c0026700      0x14b /cygdrive/d/Users/Alex/Desktop/Toolchain/Output/bin/../lib/gcc/i386-banana/8.1.0/libkgcc.a(_divdi3.o)
                0x00000000c0026700                __divdi3
 *fill*         0x00000000c002684b        0x1 
 .text          0x00000000c002684c      0x17e /cygdrive/d/Users/Alex/Desktop/Toolchain/Output/bin/../lib/gcc/i386-banana/8.1.0/libkgcc.a(_moddi3.o)
                0x00000000c002684c                __moddi3
 *fill*         0x00000000c00269ca        0x2 
 .text          0x00000000c00269cc       0xff /cygdrive/d/Users/Alex/Desktop/Toolchain/Output/bin/../lib/gcc/i386-banana/8.1.0/libkgcc.a(_udivdi3.o)
                0x00000000c00269cc                __udivdi3
 *fill*         0x00000000c0026acb        0x1 
 .text          0x00000000c0026acc      0x11a /cygdrive/d/Users/Alex/Desktop/Toolchain/Output/bin/../lib/gcc/i386-banana/8.1.0/libkgcc.a(_umoddi3.o)
                0x00000000c0026acc                __umoddi3
 .text          0x00000000c0026be6      0x96d D:/Users/Alex/Desktop/Banana/kernel/libsoftfp.a(sfieeelib.o)
                0x00000000c0026be6                __addsf3
                0x00000000c0026ee8                __subsf3
                0x00000000c0026efc                __negsf2
                0x00000000c0026f09                __mulsf3
                0x00000000c00270cc                __divsf3
                0x00000000c00272f7                __floatsisf
                0x00000000c002736b                __floatunsisf
                0x00000000c00273ad                __fixsfsi
                0x00000000c002740f                __fixunssfsi
                0x00000000c0027440                __cmpsf2
                0x00000000c00274d5                __eqsf2