Archive member included to satisfy reference by file (symbol)

/cygdrive/d/Users/Alex/Desktop/Toolchain/Output/bin/../lib/gcc/i386-banana/8.1.0/libkgcc.a(_divdi3.o)
                              fs/fat/ff.32 (__divdi3)
/cygdrive/d/Users/Alex/Desktop/Toolchain/Output/bin/../lib/gcc/i386-banana/8.1.0/libkgcc.a(_moddi3.o)
                              compat/resolve.32 (__moddi3)
/cygdrive/d/Users/Alex/Desktop/Toolchain/Output/bin/../lib/gcc/i386-banana/8.1.0/libkgcc.a(_udivdi3.o)
                              fs/fat/ff.32 (__udivdi3)
/cygdrive/d/Users/Alex/Desktop/Toolchain/Output/bin/../lib/gcc/i386-banana/8.1.0/libkgcc.a(_umoddi3.o)
                              compat/resolve.32 (__umoddi3)
D:/Users/Alex/Desktop/Banana/kernel/libsoftfp.a(sfieeelib.o)
                              hal/sound/sndhw.32 (__addsf3)
D:/Users/Alex/Desktop/Banana/kernel/libsoftfp.a(dfieeelib.o)
                              hal/libresample/src_linear.32 (__adddf3)
D:/Users/Alex/Desktop/Banana/kernel/libsoftfp.a(sfdfcvt.o)
                              hal/libresample/samplerate.32 (__truncdfsf2)
D:/Users/Alex/Desktop/Banana/kernel/libk/libm32.a(s_fabs.c.o)
                              hal/libresample/samplerate.32 (fabs)
D:/Users/Alex/Desktop/Banana/kernel/libk/libm32.a(s_lrint.S.o)
                              hal/libresample/samplerate.32 (lrint)
D:/Users/Alex/Desktop/Banana/kernel/libk/libm32.a(s_lrintf.S.o)
                              hal/sound/sndhw.32 (lrintf)

Discarded input sections

 .comment       0x0000000000000000       0x12 /cygdrive/d/Users/Alex/Desktop/Toolchain/Output/bin/../lib/gcc/i386-banana/8.1.0/crtbegin.o
 .comment       0x0000000000000000       0x12 acpica/utclib.32
 .comment       0x0000000000000000       0x12 core/malloc.32
 .comment       0x0000000000000000       0x12 libk/string.32
 .comment       0x0000000000000000       0x12 fs/fat/diskio.32
 .comment       0x0000000000000000       0x12 fs/fat/ff.32
 .comment       0x0000000000000000       0x12 fs/fat/ffsystem.32
 .comment       0x0000000000000000       0x12 fs/fat/ffunicode.32
 .comment       0x0000000000000000       0x12 hal/libresample/samplerate.32
 .comment       0x0000000000000000       0x12 hal/libresample/src_linear.32
 .comment       0x0000000000000000       0x12 hal/libresample/src_sinc.32
 .comment       0x0000000000000000       0x12 hal/libresample/src_zoh.32
 .comment       0x0000000000000000       0x12 compat/inlines.32
 .comment       0x0000000000000000       0x12 compat/resolve.32
 .group         0x0000000000000000       0x14 core/computer.32
 .group         0x0000000000000000        0xc core/computer.32
 .comment       0x0000000000000000       0x12 core/computer.32
 .comment       0x0000000000000000       0x12 core/gdt.32
 .group         0x0000000000000000        0xc core/idle.32
 .comment       0x0000000000000000       0x12 core/idle.32
 .comment       0x0000000000000000       0x12 core/idt.32
 .comment       0x0000000000000000       0x12 core/kheap.32
 .comment       0x0000000000000000       0x12 core/main.32
 .comment       0x0000000000000000       0x12 core/physmgr.32
 .group         0x0000000000000000        0xc core/pipe.32
 .comment       0x0000000000000000       0x12 core/pipe.32
 .group         0x0000000000000000        0xc core/terminal.32
 .comment       0x0000000000000000       0x12 core/terminal.32
 .comment       0x0000000000000000       0x12 core/tss.32
 .group         0x0000000000000000        0x8 core/unixfile.32
 .group         0x0000000000000000        0xc core/unixfile.32
 .group         0x0000000000000000        0xc core/unixfile.32
 .group         0x0000000000000000        0x8 core/unixfile.32
 .group         0x0000000000000000        0xc core/unixfile.32
 .group         0x0000000000000000        0x8 core/unixfile.32
 .group         0x0000000000000000        0xc core/unixfile.32
 .group         0x0000000000000000        0xc core/unixfile.32
 .comment       0x0000000000000000       0x12 core/unixfile.32
 .comment       0x0000000000000000       0x12 core/virtmgr.32
 .comment       0x0000000000000000       0x12 coreobjs/c++.32
 .comment       0x0000000000000000       0x12 dbg/kconsole.32
 .group         0x0000000000000000        0xc fs/vfs.32
 .group         0x0000000000000000        0xc fs/vfs.32
 .group         0x0000000000000000        0xc fs/vfs.32
 .comment       0x0000000000000000       0x12 fs/vfs.32
 .group         0x0000000000000000        0xc hal/bus.32
 .comment       0x0000000000000000       0x12 hal/bus.32
 .group         0x0000000000000000        0xc hal/buzzer.32
 .comment       0x0000000000000000       0x12 hal/buzzer.32
 .group         0x0000000000000000        0xc hal/clock.32
 .comment       0x0000000000000000       0x12 hal/clock.32
 .group         0x0000000000000000       0x14 hal/device.32
 .group         0x0000000000000000        0xc hal/device.32
 .group         0x0000000000000000        0xc hal/device.32
 .group         0x0000000000000000        0xc hal/device.32
[...]
Memory Configuration

Name             Origin             Length             Attributes
*default*        0x0000000000000000 0xffffffffffffffff

Linker script and memory map

LOAD D:/Users/Alex/Desktop/Banana/kernel/boot.32
LOAD crti.32
LOAD /cygdrive/d/Users/Alex/Desktop/Toolchain/Output/bin/../lib/gcc/i386-banana/8.1.0/crtbegin.o
LOAD D:/Users/Alex/Desktop/Banana/kernel/morenasm.32
LOAD acpica/utclib.32
LOAD core/malloc.32
LOAD libk/string.32
LOAD fs/fat/diskio.32
LOAD fs/fat/ff.32
LOAD fs/fat/ffsystem.32
LOAD fs/fat/ffunicode.32
LOAD hal/libresample/samplerate.32
LOAD hal/libresample/src_linear.32
LOAD hal/libresample/src_sinc.32
LOAD hal/libresample/src_zoh.32
LOAD compat/inlines.32
LOAD compat/resolve.32
LOAD core/computer.32
LOAD core/gdt.32
LOAD core/idle.32
LOAD core/idt.32
LOAD core/kheap.32
LOAD core/main.32
LOAD core/physmgr.32
LOAD core/pipe.32
LOAD core/terminal.32
LOAD core/tss.32
LOAD core/unixfile.32
LOAD core/virtmgr.32
LOAD coreobjs/c++.32
LOAD dbg/kconsole.32
LOAD fs/vfs.32
LOAD hal/bus.32
LOAD hal/buzzer.32
LOAD hal/clock.32
LOAD hal/device.32
LOAD hal/diskctrl.32
LOAD hal/diskphys.32
LOAD hal/fpu.32
LOAD hal/intctrl.32
LOAD hal/keybrd.32
LOAD hal/logidisk.32
LOAD hal/mouse.32
LOAD hal/partition.32
LOAD hal/serial.32
LOAD hal/timer.32
LOAD hal/vcache.32
LOAD hal/video.32
LOAD hw/acpi.32
LOAD hw/cpu.32
LOAD hw/ports.32
LOAD hw/smp.32
LOAD krnl/env.32
LOAD krnl/panic.32
LOAD net/ethernet.32
LOAD reg/registry.32
LOAD sys/sc_eject.32
LOAD sys/sc_exit.32
LOAD sys/sc_getcwd.32
LOAD sys/sc_getpid.32
LOAD sys/sc_getramdata.32
LOAD sys/sc_loaddll.32
LOAD sys/sc_read.32
LOAD sys/sc_sbrk.32
LOAD sys/sc_setcwd.32
LOAD sys/sc_settime.32
LOAD sys/sc_timezone.32
LOAD sys/sc_write.32
LOAD sys/sc_wsbe.32
LOAD sys/sc_yield.32
LOAD sys/syscalls.32
LOAD thr/elf.32
LOAD thr/prcssthr.32
LOAD vm86/vm8086.32
LOAD vm86/x87em.32
LOAD fs/fat/vfslink.32
LOAD fs/iso9660/vfslink.32
LOAD hal/sound/sndchannel.32
LOAD hal/sound/sndhw.32
LOAD hw/bus/isa.32
LOAD hw/bus/pci.32
LOAD hw/diskctrl/ide.32
LOAD hw/diskctrl/satabus.32
LOAD hw/diskphys/ata.32
LOAD hw/diskphys/atapi.32
LOAD hw/diskphys/sata.32
LOAD hw/diskphys/satapi.32
LOAD hw/fpu/avx.32
LOAD hw/fpu/mmx.32
LOAD hw/fpu/sse.32
LOAD hw/fpu/x87.32
LOAD hw/intctrl/apic.32
LOAD hw/intctrl/pic.32
LOAD hw/timer/apictimer.32
LOAD hw/timer/pit.32
LOAD hw/fpu/x86/avx.32
LOAD hw/fpu/x86/sse.32
LOAD hw/fpu/x86/x87.32
LOAD /cygdrive/d/Users/Alex/Desktop/Toolchain/Output/bin/../lib/gcc/i386-banana/8.1.0/crtend.o
LOAD crtn.32
LOAD /cygdrive/d/Users/Alex/Desktop/Toolchain/Output/bin/../lib/gcc/i386-banana/8.1.0/libkgcc.a
LOAD D:/Users/Alex/Desktop/Banana/kernel/libsoftfp.a
LOAD D:/Users/Alex/Desktop/Banana/kernel/libk/libm32.a
                0x00000000c0000000                . = 0xc0000000

.text           0x00000000c0000000    0x28538
 *(.text)
 .text          0x00000000c0000000       0x41 D:/Users/Alex/Desktop/Banana/kernel/boot.32
                0x00000000c0000020                callGlobalConstructors
 .text          0x00000000c0000041        0x0 crti.32
 *fill*         0x00000000c0000041        0x3 
 .text          0x00000000c0000044      0x101 /cygdrive/d/Users/Alex/Desktop/Toolchain/Output/bin/../lib/gcc/i386-banana/8.1.0/crtbegin.o
 *fill*         0x00000000c0000145        0xb 
 .text          0x00000000c0000150      0x4ed D:/Users/Alex/Desktop/Banana/kernel/morenasm.32
                0x00000000c0000150                manualPCIProbe
                0x00000000c000019b                prepareTramp
                0x00000000c00001b4                voodooXADD
                0x00000000c000027f                doTPAUSE
                0x00000000c0000289                hasLegacyFPU
                0x00000000c00002ae                is486
                0x00000000c00002e4                detectCPUID
                0x00000000c00002fa                goToVM86
                0x00000000c000032a                goToUsermode
                0x00000000c0000354                switchToThreadASMFirstTime
                0x00000000c0000362                switchToThreadASM
                0x00000000c00003ea                asmQuickAcquireLock
                0x00000000c0000408                asmQuickReleaseLock
                0x00000000c0000414                asmAcquireLock
                0x00000000c0000435                asmReleaseLock
                0x00000000c0000448                loadGDT
                0x00000000c0000468                isr0
                0x00000000c0000478                isr1
                0x00000000c0000482                isr2
                0x00000000c000048c                isr3
                0x00000000c0000496                isr4
                0x00000000c00004a0                isr5
                0x00000000c00004aa                isr6
                0x00000000c00004b4                isr7
                0x00000000c00004be                isr8
                0x00000000c00004c6                isr9
                0x00000000c00004d0                isr10
                0x00000000c00004d8                isr11
                0x00000000c00004e0                isr12
                0x00000000c00004e8                isr13
                0x00000000c00004f0                isr14
                0x00000000c00004f8                isr15
                0x00000000c0000502                isr16
                0x00000000c000050c                isr17
                0x00000000c0000516                isr18
                0x00000000c0000520                irq3
                0x00000000c000052a                irq4
                0x00000000c0000534                irq5
                0x00000000c000053e                irq6
                0x00000000c0000548                irq7
                0x00000000c0000552                irq8
                0x00000000c000055c                irq9
                0x00000000c0000566                irq10
                0x00000000c0000570                irq11
                0x00000000c000057a                irq12
                0x00000000c0000584                irq13
                0x00000000c000058e                irq14
                0x00000000c0000598                irq15
                0x00000000c00005a2                irq1
                0x00000000c00005a9                irq2
                0x00000000c00005b0                isr96
                0x00000000c00005b7                irq0
                0x00000000c00005bc                int_common_stub
                0x00000000c00005bc                syscall_common_stub
                0x00000000c00005ed                irq16
                0x00000000c00005f7                irq17
                0x00000000c0000601                irq18
                0x00000000c000060b                irq19
                0x00000000c0000615                irq20
                0x00000000c000061f                irq21
                0x00000000c0000629                irq22
                0x00000000c0000633                irq23
 *fill*         0x00000000c000063d        0x3 
 .text          0x00000000c0000640      0x611 acpica/utclib.32
                0x00000000c0000640                memcmp
                0x00000000c000067c                memmove
                0x00000000c0000744                memcpy
                0x00000000c0000778                memset
                0x00000000c0000794                strlen
                0x00000000c00007ac                strpbrk
                0x00000000c00007e8                strtok
                0x00000000c0000834                strcpy
                0x00000000c0000858                strncpy
                0x00000000c00008c0                strcmp
                0x00000000c0000900                strchr
                0x00000000c0000924                strncmp
                0x00000000c0000974                strcat
                0x00000000c00009a4                strncat
                0x00000000c00009e0                strstr
                0x00000000c0000a28                toupper
                0x00000000c0000a3c                tolower
                0x00000000c0000a50                simple_strtoul
 .text          0x00000000c0000c51      0xfbf core/malloc.32
                0x00000000c0000dbc                dlfree
                0x00000000c0001117                dlmalloc
                0x00000000c0001654                dlrealloc
                0x00000000c0001809                dlmemalign
                0x00000000c000192c                dlcalloc
                0x00000000c00019c6                dlcfree
                0x00000000c00019cb                dlindependent_calloc
                0x00000000c00019f0                dlindependent_comalloc
                0x00000000c0001a07                dlvalloc
                0x00000000c0001a32                dlpvalloc
                0x00000000c0001a68                dlmalloc_trim
                0x00000000c0001a75                dlmalloc_usable_size
                0x00000000c0001aa6                dlmallinfo
                0x00000000c0001b75                dlmalloc_stats
                0x00000000c0001b86                dlmallopt
 .text          0x00000000c0001c10        0x0 libk/string.32
 .text          0x00000000c0001c10       0x51 fs/fat/diskio.32
                0x00000000c0001c10                disk_status
                0x00000000c0001c13                disk_initialize
                0x00000000c0001c16                disk_read
                0x00000000c0001c2c                disk_write
                0x00000000c0001c42                disk_ioctl
 .text          0x00000000c0001c61     0x6833 fs/fat/ff.32
                0x00000000c0004f2f                f_mount
                0x00000000c0004f91                f_open
                0x00000000c00053cd                f_read
                0x00000000c000564d                f_write
                0x00000000c0005907                f_sync
                0x00000000c0005ae3                f_close
                0x00000000c0005b12                f_lseek
                0x00000000c0005fc9                f_opendir
                0x00000000c00060cb                f_closedir
                0x00000000c00060ed                f_readdir
                0x00000000c0006188                f_stat
                0x00000000c0006217                f_getfree
                0x00000000c00063e2                f_truncate
                0x00000000c00064da                f_unlink
                0x00000000c000665d                f_mkdir
                0x00000000c0006889                f_rename
                0x00000000c0006b7c                f_chmod
                0x00000000c0006c5a                f_utime
                0x00000000c0006d38                f_getlabel
                0x00000000c0006f26                f_setlabel
                0x00000000c0007193                f_forward
                0x00000000c0007371                f_mkfs
 .text          0x00000000c0008494       0x2d fs/fat/ffsystem.32
                0x00000000c0008494                ff_memalloc
                0x00000000c00084aa                ff_memfree
 .text          0x00000000c00084c1      0x253 fs/fat/ffunicode.32
                0x00000000c00084c1                ff_uni2oem
                0x00000000c0008551                ff_oem2uni
                0x00000000c00085bd                ff_wtoupper
 .text          0x00000000c0008714      0x8fb hal/libresample/samplerate.32
                0x00000000c0008758                src_delete
                0x00000000c0008794                src_process
                0x00000000c000894a                src_callback_read
                0x00000000c0008ac7                src_set_ratio
                0x00000000c0008b31                src_get_channels
                0x00000000c0008b53                src_reset
                0x00000000c0008b9f                src_new
                0x00000000c0008c2d                src_callback_new
                0x00000000c0008c8f                src_get_name
                0x00000000c0008cc6                src_get_description
                0x00000000c0008cfd                src_get_version
                0x00000000c0008d03                src_is_valid_ratio
                0x00000000c0008d57                src_error
                0x00000000c0008d65                src_strerror
                0x00000000c0008d78                src_simple
                0x00000000c0008dcb                src_short_to_float_array
                0x00000000c0008e30                src_float_to_short_array
                0x00000000c0008eef                src_int_to_float_array
                0x00000000c0008f52                src_float_to_int_array
 .text          0x00000000c000900f      0x8cb hal/libresample/src_linear.32
                0x00000000c0009835                linear_get_name
                0x00000000c0009844                linear_get_description
                0x00000000c0009853                linear_set_converter
 .text          0x00000000c00098da     0x447c hal/libresample/src_sinc.32
                0x00000000c000dc6d                sinc_get_name
                0x00000000c000dc80                sinc_get_description
                0x00000000c000dc93                sinc_set_converter
 .text          0x00000000c000dd56      0x77c hal/libresample/src_zoh.32
                0x00000000c000e42d                zoh_get_name
                0x00000000c000e43c                zoh_get_description
                0x00000000c000e44b                zoh_set_converter
 .text          0x00000000c000e4d2       0x23 compat/inlines.32
                0x00000000c000e4d2                CPU::current()
                0x00000000c000e4df                operator new(unsigned long)
 .text          0x00000000c000e4f5      0x111 compat/resolve.32
                0x00000000c000e4f5                Krnl::resolveCompatibilitySymbol(char*)
 .text          0x00000000c000e606      0xa17 core/computer.32
                0x00000000c000e606                Computer::close(int, int, void*)
                0x00000000c000e64a                Krnl::firstTask()
                0x00000000c000e73a                Computer::Computer()
                0x00000000c000e73a                Computer::Computer()
                0x00000000c000e896                Computer::setBootMessage(char const*)
                0x00000000c000e898                Computer::detectFeatures()
                0x00000000c000eaa2                Computer::displayFeatures()
                0x00000000c000ede8                Computer::rdmsr(unsigned int)
                0x00000000c000ee14                Computer::wrmsr(unsigned int, unsigned long long)
                0x00000000c000ee4c                Computer::nmiEnabled()
                0x00000000c000ee58                Computer::readCMOS(unsigned char)
                0x00000000c000ee72                Computer::enableNMI(bool)
                0x00000000c000ee8a                Computer::open(int, int, void*)
                0x00000000c000ef60                Computer::disableNMI()
                0x00000000c000ef6e                Computer::writeCMOS(unsigned char, unsigned char)
                0x00000000c000ef8c                Computer::handleNMI()
                0x00000000c000eff2                Computer::setDiskActivityLight(int, bool)
 *fill*         0x00000000c000f01d        0x1 
 .text          0x00000000c000f01e      0x1b7 core/gdt.32
                0x00000000c000f01e                GDTEntry::setBase(unsigned int)
                0x00000000c000f03a                GDTEntry::setLimit(unsigned int)
                0x00000000c000f058                GDT::GDT()
                0x00000000c000f058                GDT::GDT()
                0x00000000c000f06e                GDT::addEntry(GDTEntry)
                0x00000000c000f0aa                GDT::getNumberOfEntries()
                0x00000000c000f0b2                GDT::flush()
                0x00000000c000f0d4                GDT::setup()
 .text          0x00000000c000f1d5       0x62 core/idle.32
                0x00000000c000f1d5                idleFunction(void*)
 *fill*         0x00000000c000f237        0x1 
 .text          0x00000000c000f238      0x45f core/idt.32
                0x00000000c000f238                IDTEntry::IDTEntry(bool)
                0x00000000c000f238                IDTEntry::IDTEntry(bool)
                0x00000000c000f2a6                IDTEntry::setOffset(unsigned int)
                0x00000000c000f2ba                IDT::IDT()
                0x00000000c000f2ba                IDT::IDT()
                0x00000000c000f2bc                IDT::getPointerToInvalidOpcodeEntryForF00F()
                0x00000000c000f2c4                IDT::addEntry(IDTEntry, int)
                0x00000000c000f2de                IDT::addEntry(int, void (*)(), bool)
                0x00000000c000f316                IDT::flush()
                0x00000000c000f330                IDT::setup()
 .text          0x00000000c000f697      0x203 core/kheap.32
                0x00000000c000f697                sbrk
                0x00000000c000f7a5                mmap
                0x00000000c000f7bb                munmap
                0x00000000c000f7d1                liballoc_lock()
                0x00000000c000f7e2                liballoc_unlock()
                0x00000000c000f7f3                liballoc_alloc(int)
                0x00000000c000f80e                liballoc_free(void*, int)
                0x00000000c000f82c                realloc
                0x00000000c000f840                malloc
                0x00000000c000f850                free
                0x00000000c000f860                rfree
                0x00000000c000f870                calloc
 .text          0x00000000c000f89a      0x485 core/main.32
                0x00000000c000f89a                hwTextMode_loadInData(VgaText*)
                0x00000000c000f8e5                hwTextMode_loadInTitle(VgaText*, char*)
                0x00000000c000f963                hwTextMode_showCursor(VgaText*, bool)
                0x00000000c000f9c1                hwTextMode_update(VgaText*)
                0x00000000c000f9c2                hwTextMode_updateCursor(VgaText*)
                0x00000000c000fa13                hwTextMode_disableBlink(VgaText*, bool)
                0x00000000c000fa59                hwTextMode_scrollScreen(VgaText*)
                0x00000000c000fb06                hwTextMode_writeCharacter(VgaText*, char, VgaColour, VgaColour, int, int)
                0x00000000c000fb88                setupTextMode()
                0x00000000c000fbf8                kernel_main
 .text          0x00000000c000fd1f      0x54d core/physmgr.32
                0x00000000c000fd1f                Phys::allocateDMA(unsigned long)
                0x00000000c000fdc2                Phys::freeDMA(unsigned long, unsigned long)
                0x00000000c000fe0a                Phys::setPageState(unsigned long, bool)
                0x00000000c000fe3c                Phys::getPageState(unsigned long)
                0x00000000c000fe58                Phys::freePage(unsigned long)
                0x00000000c000fee2                Phys::allocatePage()
                0x00000000c000ffaa                Phys::allocateContiguousPages(int)
                0x00000000c0010004                Phys::allowSegmentToBeUsed(unsigned long, unsigned long)
                0x00000000c001003c                Phys::physicalMemorySetup(unsigned int)
 .text          0x00000000c001026c      0x273 core/pipe.32
                0x00000000c001026c                Pipe::isAtty()
                0x00000000c0010270                Pipe::~Pipe()
                0x00000000c0010270                Pipe::~Pipe()
                0x00000000c0010294                Pipe::~Pipe()
                0x00000000c00102bc                Pipe::read(unsigned long long, void*, int*)
                0x00000000c00103b0                Pipe::write(unsigned long long, void*, int*)
                0x00000000c0010478                Pipe::Pipe(int)
                0x00000000c0010478                Pipe::Pipe(int)
 *fill*         0x00000000c00104df        0x1 
 .text          0x00000000c00104e0      0xf73 core/terminal.32
                0x00000000c00104e0                VgaText::isAtty()
                0x00000000c00104e4                VgaText::~VgaText()
                0x00000000c00104e4                VgaText::~VgaText()
                0x00000000c0010508                VgaText::~VgaText()
                0x00000000c0010532                VgaText::read(unsigned long long, void*, int*)
                0x00000000c0010552                setTerminalScrollLock(bool)
                0x00000000c0010553                addToTerminalCycle(VgaText*)
                0x00000000c0010580                installVgaTextImplementation()
                0x00000000c0010595                scrollTerminalScrollLock(int)
                0x00000000c0010596                VgaText::load()
                0x00000000c00105ea                VgaText::updateCursor()
                0x00000000c0010604                VgaText::showCursor(bool)
                0x00000000c0010614                VgaText::disableBlink(bool)
                0x00000000c001064e                VgaText::doANSI_SGR(int)
                0x00000000c00106da                VgaText::setDefaultBgColour(VgaColour)
                0x00000000c00106f0                VgaText::setDefaultFgColour(VgaColour)
                0x00000000c0010706                VgaText::setDefaultColours(VgaColour, VgaColour)
                0x00000000c0010726                VgaText::combineColours(unsigned char, unsigned char)
                0x00000000c0010738                VgaText::scrollScreen()
                0x00000000c00107cc                VgaText::combineCharAndColour(char, unsigned char)
                0x00000000c00107de                VgaText::writeCharacter(char, VgaColour, VgaColour, int, int)
                0x00000000c001083e                VgaText::getCursorX()
                0x00000000c001084a                VgaText::getCursorY()
                0x00000000c0010856                VgaText::setCursor(int, int)
                0x00000000c0010874                VgaText::setCursorX(int)
                0x00000000c0010890                VgaText::setCursorY(int)
                0x00000000c00108ac                VgaText::incrementCursor(bool)
                0x00000000c0010914                VgaText::updateRAMUsageDisplay(int)
                0x00000000c0010978                VgaText::updateDiskUsage()
                0x00000000c0010ae2                VgaText::updateTitle()
                0x00000000c0010b28                VgaText::setTitleTextColour(VgaColour)
                0x00000000c0010b38                VgaText::setTitleColour(VgaColour)
                0x00000000c0010b48                VgaText::setTitle(char*)
                0x00000000c0010b6e                VgaText::decrementCursor(bool)
                0x00000000c0010b96                VgaText::putchar(char, VgaColour, VgaColour)
                0x00000000c0010c92                VgaText::isShowingCursor()
                0x00000000c0010c9e                VgaText::isBlinkDisabled()
                0x00000000c0010cac                VgaText::setCursorHeight(int)
                0x00000000c0010cca                VgaText::getCursorHeight()
                0x00000000c0010cd5                setActiveTerminal(VgaText*)
                0x00000000c0010d87                doTerminalCycle()
                0x00000000c0010da4                VgaText::doUpdate()
                0x00000000c0010db6                VgaText::puts(char const*, VgaColour, VgaColour)
                0x00000000c0010f76                VgaText::clearScreen()
                0x00000000c0010fda                VgaText::putchar(char)
                0x00000000c00110f4                VgaText::puts(char const*)
                0x00000000c001111a                VgaText::putx(unsigned int)
                0x00000000c0011160                VgaText::VgaText(char const*)
                0x00000000c0011160                VgaText::VgaText(char const*)
                0x00000000c00112f2                VgaText::receiveKey(unsigned char)
                0x00000000c00113da                VgaText::write(unsigned long long, void*, int*)
                0x00000000c001142e                newTerminal(char*)
 *fill*         0x00000000c0011453        0x1 
 .text          0x00000000c0011454      0x1b3 core/tss.32
                0x00000000c0011454                TSS::TSS()
                0x00000000c0011454                TSS::TSS()
                0x00000000c0011462                TSS::setESP(unsigned long)
                0x00000000c0011474                TSS::flush()
                0x00000000c0011494                TSS::setup(unsigned long, unsigned long)
 *fill*         0x00000000c0011607        0x1 
 .text          0x00000000c0011608      0x4c2 core/unixfile.32
                0x00000000c0011608                ReservedFilename::read(unsigned long long, void*, int*)
                0x00000000c001165e                ReservedFilename::isAtty()
                0x00000000c001167a                ReservedFilename::write(unsigned long long, void*, int*)
                0x00000000c00116d8                UnixFile::getFileDescriptor()
                0x00000000c00116e0                UnixFile::UnixFile(int)
                0x00000000c00116e0                UnixFile::UnixFile(int)
                0x00000000c0011890                ReservedFilename::ReservedFilename(int)
                0x00000000c0011890                ReservedFilename::ReservedFilename(int)
                0x00000000c00118c2                UnixFile::~UnixFile()
                0x00000000c00118c2                UnixFile::~UnixFile()
                0x00000000c001195a                UnixFile::~UnixFile()
                0x00000000c0011982                ReservedFilename::~ReservedFilename()
                0x00000000c0011982                ReservedFilename::~ReservedFilename()
                0x00000000c00119a6                ReservedFilename::~ReservedFilename()
                0x00000000c00119cd                getFromFileDescriptor(int)
 .text          0x00000000c0011aca     0x11ce core/virtmgr.32
                0x00000000c0011aca                Virt::setPageState(unsigned long, Virt::VirtPageState)
                0x00000000c0011aff                Virt::getPageState(unsigned long)
                0x00000000c0011b23                Virt::allocateKernelVirtualPages(int)
                0x00000000c0011c34                Virt::freeSwapfilePage(unsigned long)
                0x00000000c0011c52                Virt::swapIDToSector(unsigned long)
                0x00000000c0011c64                Virt::allocateSwapfilePage()
                0x00000000c0011cb0                Virt::virtualMemorySetup()
                0x00000000c0011d2f                Virt::swappingSetup()
                0x00000000c0011d6f                Virt::getAKernelVAS()
                0x00000000c0011d75                Virt::setupPageSwapping(int)
                0x00000000c0011ea4                VAS::VAS()
                0x00000000c0011ea4                VAS::VAS()
                0x00000000c0011ed4                VAS::VAS(VAS*)
                0x00000000c0011ed4                VAS::VAS(VAS*)
                0x00000000c0011ef8                VAS::getForeignPageTableEntry(bool, unsigned long)
                0x00000000c0011f24                VAS::getPageTableEntry(unsigned long)
                0x00000000c0011f43                Virt::freeKernelVirtualPages(unsigned long)
                0x00000000c0012066                VAS::freeAllocatedPages(unsigned long)
                0x00000000c001208a                VAS::virtualToPhysical(unsigned long)
                0x00000000c00120a2                VAS::reflagRange(unsigned long, int, int, int)
                0x00000000c00120e2                VAS::setToWriteCombining(unsigned long, int)
                0x00000000c0012114                VAS::mapOtherVASIn(bool, VAS*)
                0x00000000c001213e                VAS::~VAS()
                0x00000000c001213e                VAS::~VAS()
                0x00000000c00122aa                VAS::mapPage(unsigned long, unsigned long, int)
                0x00000000c00123aa                VAS::allocatePages(int, int)
                0x00000000c0012582                VAS::setCPUSpecific(unsigned long)
                0x00000000c001259e                VAS::mapRange(unsigned long, unsigned long, int, int)
                0x00000000c0012664                VAS::mapForeignPage(bool, VAS*, unsigned long, unsigned long, int)
                0x00000000c0012752                VAS::VAS(bool)
                0x00000000c0012752                VAS::VAS(bool)
                0x00000000c00129ae                VAS::evict(unsigned long)
                0x00000000c0012a42                VAS::tryLoadBackOffDisk(unsigned long)
                0x00000000c0012b12                VAS::scanForSwappable()
                0x00000000c0012bd0                mapVASFirstTime
 .text          0x00000000c0012c98       0x95 coreobjs/c++.32
                0x00000000c0012c98                __cxa_atexit
                0x00000000c0012c9b                __cxa_finalize
                0x00000000c0012c9c                __stack_chk_fail
                0x00000000c0012d08                __cxa_pure_virtual
                0x00000000c0012d19                operator new[](unsigned long)
                0x00000000c0012d1e                operator delete(void*, unsigned long)
                0x00000000c0012d23                operator delete[](void*)
                0x00000000c0012d28                operator delete[](void*, unsigned long)
 .text          0x00000000c0012d2d      0x1ef dbg/kconsole.32
                0x00000000c0012d2d                Dbg::stringifyxWithBase(unsigned int, char*, int)
                0x00000000c0012d8e                Dbg::logc(char)
                0x00000000c0012da5                Dbg::logs(char*)
                0x00000000c0012dc2                Dbg::logWriteInt(unsigned int)
                0x00000000c0012ddf                Dbg::logWriteIntBase(unsigned int, int)
                0x00000000c0012dfe                Dbg::kprintf(char const*, ...)
 .text          0x00000000c0012f1c      0xb7c fs/vfs.32
                0x00000000c0012f1c                File::read(unsigned long long, void*, int*)
                0x00000000c0012f74                File::write(unsigned long long, void*, int*)
                0x00000000c0012fcc                Directory::read(unsigned long long, void*, int*)
                0x00000000c0013024                Directory::write(unsigned long long, void*, int*)
                0x00000000c0013052                File::isAtty()
                0x00000000c0013056                Directory::isAtty()
                0x00000000c001305a                Filesystem::getlabel(LogicalDisk*, int, char*, unsigned int*)
                0x00000000c0013060                Filesystem::setlabel(LogicalDisk*, int, char*)
                0x00000000c0013066                File::~File()
                0x00000000c0013066                File::~File()
                0x00000000c001308a                File::~File()
                0x00000000c00130b4                Directory::~Directory()
                0x00000000c00130b4                Directory::~Directory()
                0x00000000c00130d8                Directory::~Directory()
                0x00000000c0013102                Filesystem::Filesystem()
                0x00000000c0013102                Filesystem::Filesystem()
                0x00000000c0013126                Filesystem::~Filesystem()
                0x00000000c0013126                Filesystem::~Filesystem()
                0x00000000c0013134                Filesystem::~Filesystem()
                0x00000000c0013158                Fs::getcwd(Process*, char*, int)
                0x00000000c0013182                Fs::initVFS()
                0x00000000c00131ac                Fs::standardiseFiles(char*, char const*, char const*)
                0x00000000c0013356                File::File(char const*, Process*)
                0x00000000c0013356                File::File(char const*, Process*)
                0x00000000c00133ba                File::open(FileOpenMode)
                0x00000000c0013418                File::close()
                0x00000000c0013478                File::seek(unsigned long long)
                0x00000000c00134ce                File::tell(unsigned long long*)
                0x00000000c001351e                File::rewind()
                0x00000000c0013532                File::unlink()
                0x00000000c001357e                File::rename(char const*)
                0x00000000c00135cc                File::chfatattr(unsigned char, unsigned char)
                0x00000000c0013628                File::exists()
                0x00000000c0013666                File::stat(unsigned long long*, bool*)
                0x00000000c00136c7                Fs::setcwd(Process*, char*)
                0x00000000c0013802                Directory::Directory(char const*, Process*)
                0x00000000c0013802                Directory::Directory(char const*, Process*)
                0x00000000c0013866                Directory::open()
                0x00000000c00138c2                Directory::close()
                0x00000000c0013922                Directory::unlink()
                0x00000000c001396e                Directory::rename(char const*)
                0x00000000c00139bc                Directory::exists()
                0x00000000c00139fa                Directory::read(dirent*)
                0x00000000c0013a46                Directory::create()
                0x00000000c0013a92                Filesystem::chfatattr(char const*, unsigned char, unsigned char)
 .text          0x00000000c0013a98       0x84 hal/bus.32
                0x00000000c0013a98                Bus::Bus(char const*)
                0x00000000c0013a98                Bus::Bus(char const*)
                0x00000000c0013ace                Bus::~Bus()
                0x00000000c0013ace                Bus::~Bus()
                0x00000000c0013af2                Bus::~Bus()
 .text          0x00000000c0013b1c      0x14e hal/buzzer.32
                0x00000000c0013b1c                Buzzer::Buzzer(char const*)
                0x00000000c0013b1c                Buzzer::Buzzer(char const*)
                0x00000000c0013b60                Buzzer::~Buzzer()
                0x00000000c0013b60                Buzzer::~Buzzer()
                0x00000000c0013b84                Buzzer::~Buzzer()
                0x00000000c0013bae                Buzzer::stop()
                0x00000000c0013bc1                beepThread(void*)
                0x00000000c0013bfc                Buzzer::beep(int, int, bool)
 .text          0x00000000c0013c6a      0x467 hal/clock.32
                0x00000000c0013c6a                User::loadClockSettings(int)
                0x00000000c0013cbc                Clock::Clock(char const*)
                0x00000000c0013cbc                Clock::Clock(char const*)
                0x00000000c0013cf2                Clock::~Clock()
                0x00000000c0013cf2                Clock::~Clock()
                0x00000000c0013d16                Clock::~Clock()
                0x00000000c0013d40                Clock::timeInSecondsLocal()
                0x00000000c0013d88                Clock::setTimeInSecondsLocal(unsigned long long)
                0x00000000c0013de1                datetimeToSeconds(datetime_t)
                0x00000000c0013f08                Clock::setTimeInDatetimeLocal(datetime_t)
                0x00000000c0013f68                secondsToDatetime(unsigned long long)
                0x00000000c00140ac                Clock::timeInDatetimeLocal()
 *fill*         0x00000000c00140d1        0x1 
 .text          0x00000000c00140d2      0x4de hal/device.32
                0x00000000c00140d2                Device::hibernate()
                0x00000000c00140d4                Device::wake()
                0x00000000c00140d6                Device::detect()
                0x00000000c00140d8                Device::disableLegacy()
                0x00000000c00140da                Device::powerSaving(PowerSavingLevel)
                0x00000000c00140dc                DriverlessDevice::close(int, int, void*)
                0x00000000c00140e0                DriverlessDevice::detect()
                0x00000000c00140e2                DriverlessDevice::open(int, int, void*)
                0x00000000c00140f6                Device::~Device()
                0x00000000c00140f6                Device::~Device()
                0x00000000c0014104                Device::~Device()
                0x00000000c001412c                Device::findAndLoadDriver()
                0x00000000c001412e                Device::preOpenPCI(PCIDeviceInfo)
                0x00000000c0014154                Device::preOpenACPI(void*, char*, char*)
                0x00000000c00141a8                Device::addIRQHandler(int, void (*)(regs*, void*), bool, void*)
                0x00000000c00141e6                Device::removeIRQHandler(int, void (*)(regs*, void*), bool)
                0x00000000c0014224                Device::addChild(Device*)
                0x00000000c0014268                Device::removeAllChildren()
                0x00000000c00142ae                Device::hibernateAll()
                0x00000000c00142de                Device::wakeAll()
                0x00000000c001430e                Device::detectAll()
                0x00000000c001433e                Device::disableLegacyAll()
                0x00000000c001436e                Device::loadDriversForAll()
                0x00000000c001439a                Device::closeAll()
                0x00000000c00143d0                Device::powerSavingAll(PowerSavingLevel)
                0x00000000c0014406                Device::setName(char const*)
                0x00000000c0014414                Device::Device(char const*)
                0x00000000c0014414                Device::Device(char const*)
                0x00000000c0014510                Device::getName()
                0x00000000c001451a                DriverlessDevice::DriverlessDevice(char const*)
                0x00000000c001451a                DriverlessDevice::DriverlessDevice(char const*)
                0x00000000c0014542                Device::addToLinkedList(LinkedList<Device>&, DeviceType)
                0x00000000c0014586                getDevicesOfType(DeviceType)
 .text          0x00000000c00145b0       0x84 hal/diskctrl.32
                0x00000000c00145b0                HardDiskController::HardDiskController(char const*)
                0x00000000c00145b0                HardDiskController::HardDiskController(char const*)
                0x00000000c00145e6                HardDiskController::~HardDiskController()
                0x00000000c00145e6                HardDiskController::~HardDiskController()
                0x00000000c001460a                HardDiskController::~HardDiskController()
 .text          0x00000000c0014634       0xf2 hal/diskphys.32
                0x00000000c0014634                PhysicalDisk::eject()
                0x00000000c0014648                PhysicalDisk::PhysicalDisk(char const*, int)
                0x00000000c0014648                PhysicalDisk::PhysicalDisk(char const*, int)
                0x00000000c00146b0                PhysicalDisk::startCache()
                0x00000000c00146d8                PhysicalDisk::~PhysicalDisk()
                0x00000000c00146d8                PhysicalDisk::~PhysicalDisk()
                0x00000000c00146fc                PhysicalDisk::~PhysicalDisk()
 .text          0x00000000c0014726      0x13b hal/fpu.32
                0x00000000c0014726                FPU::FPU(char const*)
                0x00000000c0014726                FPU::FPU(char const*)
                0x00000000c001475c                FPU::~FPU()
                0x00000000c001475c                FPU::~FPU()
                0x00000000c0014780                FPU::~FPU()
                0x00000000c00147aa                setupFPU()
 *fill*         0x00000000c0014861        0x1 
 .text          0x00000000c0014862     0x13a7 hal/intctrl.32
                0x00000000c0014862                InterruptController::uninstallISRHandler(int, void (*)(regs*, void*))
                0x00000000c001489a                InterruptController::installISRHandler(int, void (*)(regs*, void*), void*)
                0x00000000c00148ec                doubleFault(regs*, void*)
                0x00000000c0014906                InterruptController::installIRQHandler(int, void (*)(regs*, void*), bool, void*)
                0x00000000c00149a2                InterruptController::clearAllHandlers(int, bool)
                0x00000000c0014a4a                InterruptController::uninstallIRQHandler(int, void (*)(regs*, void*), bool)
                0x00000000c0014ad1                nmiHandler(regs*, void*)
                0x00000000c0014adf                int_handler
                0x00000000c0014b80                InterruptController::InterruptController(char const*)
                0x00000000c0014b80                InterruptController::InterruptController(char const*)
                0x00000000c0014c26                InterruptController::~InterruptController()
                0x00000000c0014c26                InterruptController::~InterruptController()
                0x00000000c0014c4a                InterruptController::~InterruptController()
                0x00000000c0014c74                displayDebugInfo(regs*)
                0x00000000c0015103                x87EmulHandler(regs*, void*)
                0x00000000c0015132                gpFault(regs*, void*)
                0x00000000c001516b                pgFault(regs*, void*)
                0x00000000c00151a8                otherISRHandler(regs*, void*)
                0x00000000c00151c7                opcodeFault(regs*, void*)
                0x00000000c00157cd                displayProgramFault(char const*)
                0x00000000c00157f5                setupInterruptController()
                0x00000000c0015bbc                InterruptController::convertLegacyIRQNumber(int)
 *fill*         0x00000000c0015c09        0x1 
 .text          0x00000000c0015c0a      0x6c8 hal/keybrd.32
                0x00000000c0015c0a                startGUI(void*)
                0x00000000c0015c66                startGUIVESA(void*)
                0x00000000c0015cc2                sendKeyToTerminal(unsigned char)
                0x00000000c0015d2e                sendKeyboardToken(KeyboardToken)
                0x00000000c001616b                clearInternalKeybuffer(VgaText*)
                0x00000000c00161a0                readKeyboard(VgaText*, char*, unsigned long)
                0x00000000c0016248                Keyboard::Keyboard(char const*)
                0x00000000c0016248                Keyboard::Keyboard(char const*)
                0x00000000c0016284                Keyboard::~Keyboard()
                0x00000000c0016284                Keyboard::~Keyboard()
                0x00000000c00162a8                Keyboard::~Keyboard()
 .text          0x00000000c00162d2      0x414 hal/logidisk.32
                0x00000000c00162d2                LogicalDisk::close(int, int, void*)
                0x00000000c00162d6                LogicalDisk::~LogicalDisk()
                0x00000000c00162d6                LogicalDisk::~LogicalDisk()
                0x00000000c00162fa                LogicalDisk::~LogicalDisk()
                0x00000000c0016324                LogicalDisk::open(int, int, void*)
                0x00000000c0016338                LogicalDisk::absoluteToRelative(unsigned long long)
                0x00000000c0016370                LogicalDisk::relativeToAbsolute(unsigned long long)
                0x00000000c00163b6                LogicalDisk::LogicalDisk(char const*, PhysicalDisk*, unsigned long long, unsigned long long)
                0x00000000c00163b6                LogicalDisk::LogicalDisk(char const*, PhysicalDisk*, unsigned long long, unsigned long long)
                0x00000000c001646c                LogicalDisk::assignDriveLetter()
                0x00000000c0016522                LogicalDisk::mount()
                0x00000000c0016594                LogicalDisk::unmount()
                0x00000000c00165a4                LogicalDisk::eject()
                0x00000000c00165b8                LogicalDisk::unassignDriveLetter()
                0x00000000c001660e                LogicalDisk::read(unsigned long long, int, void*)
                0x00000000c001667a                LogicalDisk::write(unsigned long long, int, void*)
 .text          0x00000000c00166e6       0x84 hal/mouse.32
                0x00000000c00166e6                Mouse::Mouse(char const*)
                0x00000000c00166e6                Mouse::Mouse(char const*)
                0x00000000c001671c                Mouse::~Mouse()
                0x00000000c001671c                Mouse::~Mouse()
                0x00000000c0016740                Mouse::~Mouse()
 .text          0x00000000c001676a      0x34d hal/partition.32
                0x00000000c001676a                makePartition(PhysicalDisk*, unsigned long long, unsigned long long)
                0x00000000c0016826                createPartitionsForDisk(PhysicalDisk*)
 *fill*         0x00000000c0016ab7        0x1 
 .text          0x00000000c0016ab8       0x84 hal/serial.32
                0x00000000c0016ab8                Serial::Serial(char const*)
                0x00000000c0016ab8                Serial::Serial(char const*)
                0x00000000c0016aee                Serial::~Serial()
                0x00000000c0016aee                Serial::~Serial()
                0x00000000c0016b12                Serial::~Serial()
 .text          0x00000000c0016b3c      0x2b8 hal/timer.32
                0x00000000c0016b3c                Timer::Timer(char const*)
                0x00000000c0016b3c                Timer::Timer(char const*)
                0x00000000c0016b72                Timer::~Timer()
                0x00000000c0016b72                Timer::~Timer()
                0x00000000c0016b96                Timer::~Timer()
                0x00000000c0016bc0                Timer::read()
                0x00000000c0016bcb                timerHandler(unsigned long long)
                0x00000000c0016d02                setupTimer(int)
 .text          0x00000000c0016df4      0x425 hal/vcache.32
                0x00000000c0016df4                VCache::VCache(PhysicalDisk*)
                0x00000000c0016df4                VCache::VCache(PhysicalDisk*)
                0x00000000c0016f5c                VCache::invalidateReadBuffer()
                0x00000000c0016f6c                VCache::writeWriteBuffer()
                0x00000000c0016fa8                VCache::~VCache()
                0x00000000c0016fa8                VCache::~VCache()
                0x00000000c0016ffc                VCache::~VCache()
                0x00000000c0017024                VCache::write(unsigned long long, int, void*)
                0x00000000c001711a                VCache::read(unsigned long long, int, void*)
 *fill*         0x00000000c0017219        0x1 
 .text          0x00000000c001721a      0x4cd hal/video.32
                0x00000000c001721a                Video::putrect(int, int, int, int, unsigned int)
                0x00000000c0017266                Video::bitblit(int, int, int, int, int, int, int, unsigned int*)
                0x00000000c00172d6                Video::blit(unsigned int*, int, int, int, int)
                0x00000000c0017354                Video::clearScreen(unsigned int)
                0x00000000c0017388                Video::putpixel(int, int, unsigned int)
                0x00000000c0017396                Video::Video(char const*)
                0x00000000c0017396                Video::Video(char const*)
                0x00000000c00173cc                Video::~Video()
                0x00000000c00173cc                Video::~Video()
                0x00000000c00173f0                Video::~Video()
                0x00000000c001741a                Video::isMonochrome()
                0x00000000c0017426                Video::getWidth()
                0x00000000c0017432                Video::getHeight()
                0x00000000c001743e                Video::drawCursor(int, int, unsigned char*, int)
                0x00000000c00174fa                Video::tgaParse(unsigned char*, int, int*, int*)
                0x00000000c001767c                Video::putTGA(int, int, unsigned char*, int)
 *fill*         0x00000000c00176e7        0x1 
 .text          0x00000000c00176e8      0xf64 hw/acpi.32
                0x00000000c00176e8                ACPI::close(int, int, void*)
                0x00000000c001779d                findRSDP()
                0x00000000c0017827                loadACPITables(unsigned char*)
                0x00000000c0017a4e                findRSDT(unsigned char*)
                0x00000000c0017b6c                findDataTable(unsigned char*, char*)
                0x00000000c0017c08                scanMADT()
                0x00000000c001808e                ACPI::ACPI()
                0x00000000c001808e                ACPI::ACPI()
                0x00000000c00180f8                ACPI::getPCIIRQAssignment(unsigned char, unsigned short, unsigned char)
                0x00000000c00181da                ACPI::registerPCIIRQAssignment(void*, unsigned short, unsigned char, unsigned char)
                0x00000000c00182a0                ACPI::setScreenBrightnessLevel(void*, int)
                0x00000000c00182a6                ACPI::writeSimpleBootFlag(SimpleBootFlagTable*)
                0x00000000c00182ee                ACPI::open(int, int, void*)
                0x00000000c0018634                ACPI::sleep()
 .text          0x00000000c001864c     0x1715 hw/cpu.32
                0x00000000c001864c                CPU::close(int, int, void*)
                0x00000000c0018650                CPU::lookupAMDName(unsigned char, unsigned char)
                0x00000000c00187e4                CPU::lookupIntelName(unsigned char, unsigned char)
                0x00000000c0018a92                CPU::AMD_K6_write_msr(unsigned int, unsigned int, unsigned int, CPU::REGS*)
                0x00000000c0018aae                CPU::AMD_K6_read_msr(unsigned int, CPU::REGS*)
                0x00000000c0018ac6                CPU::AMD_K6_writeback(int, int, int)
                0x00000000c0018b3a                CPU::cpuid(int, unsigned long*, unsigned long*, unsigned long*, unsigned long*)
                0x00000000c0018bbe                CPU::cpuidCheckEDX(unsigned int)
                0x00000000c0018bec                CPU::cpuidCheckECX(unsigned int)
                0x00000000c0018c1a                CPU::cpuidCheckExtendedEBX(unsigned int)
                0x00000000c0018c48                CPU::cpuidCheckExtendedECX(unsigned int)
                0x00000000c0018c76                CPU::CPU()
                0x00000000c0018c76                CPU::CPU()
                0x00000000c0018d04                CPU::displayFeatures()
                0x00000000c0018f80                CPU::detectFeatures()
                0x00000000c0019970                CPU::setupSMEP()
                0x00000000c001997c                CPU::setupUMIP()
                0x00000000c0019986                CPU::setupTSC()
                0x00000000c0019990                CPU::setupLargePages()
                0x00000000c001999a                CPU::setupPAT()
                0x00000000c00199d6                CPU::setupMTRR()
                0x00000000c00199d8                CPU::setupGlobalPages()
                0x00000000c00199e2                CPU::allowUsermodeDataAccess()
                0x00000000c00199f4                CPU::prohibitUsermodeDataAccess()
                0x00000000c0019a06                CPU::setupSMAP()
                0x00000000c0019a14                CPU::setupFeatures()
                0x00000000c0019a94                CPU::open(int, int, void*)
                0x00000000c0019b66                CPU::decodeAddress(regs*, int*, bool*, unsigned char*)
 .text          0x00000000c0019d61        0x0 hw/ports.32
 .text          0x00000000c0019d61      0x16a hw/smp.32
                0x00000000c0019d61                Krnl::smpEntry()
                0x00000000c0019d63                Krnl::startCPU(int)
                0x00000000c0019eac                Krnl::startCPUs()
 *fill*         0x00000000c0019ecb        0x1 
 .text          0x00000000c0019ecc      0x5d3 krnl/env.32
                0x00000000c0019ecc                EnvVarContainer::getEnv(char const*)
                0x00000000c0019f0a                EnvVarContainer::setEnv(char const*, char const*)
                0x00000000c0019fd6                EnvVarContainer::deleteEnv(char const*)
                0x00000000c0019fd8                EnvVarContainer::loadFrom(char const*, char const*)
                0x00000000c001a1ce                EnvVarContainer::__loadSystem()
                0x00000000c001a1e8                EnvVarContainer::__loadUser()
                0x00000000c001a1ea                EnvVarContainer::EnvVarContainer(Process*)
                0x00000000c001a1ea                EnvVarContainer::EnvVarContainer(Process*)
                0x00000000c001a20c                EnvVarContainer::~EnvVarContainer()
                0x00000000c001a20c                EnvVarContainer::~EnvVarContainer()
                0x00000000c001a23c                Krnl::getEnv(Process*, char const*)
                0x00000000c001a2a1                Krnl::setEnvSystem(char const*, char const*)
                0x00000000c001a2bb                Krnl::setEnvUser(char const*, char const*)
                0x00000000c001a2da                Krnl::setEnvProcess(Process*, char const*, char const*)
                0x00000000c001a2ed                Krnl::deleteEnvSystem(char const*)
                0x00000000c001a2ee                Krnl::deleteEnvUser(char const*)
                0x00000000c001a2ef                Krnl::deleteEnvProcess(Process*, char const*)
                0x00000000c001a2f0                Krnl::newProcessEnv(Process*)
                0x00000000c001a312                Krnl::copyProcessEnv(Process*, Process*)
                0x00000000c001a366                Krnl::loadSystemEnv()
                0x00000000c001a394                Krnl::loadUserEnv()
                0x00000000c001a3ba                Krnl::flushEnv()
                0x00000000c001a3bb                Krnl::getProcessTotalEnvCount(Process*)
                0x00000000c001a3db                Krnl::getProcessEnvPair(Process*, int)
 .text          0x00000000c001a49f      0x396 krnl/panic.32
                0x00000000c001a49f                Krnl::panic(char const*)
 .text          0x00000000c001a835      0x3b6 net/ethernet.32
                0x00000000c001a835                Net::switchEndian16(unsigned short)
                0x00000000c001a856                Net::switchEndian32(unsigned int)
                0x00000000c001a885                Net::crc32Calc(unsigned char*, int)
                0x00000000c001a916                Net::wrapEthernetFrame(Net::UnwrappedEthernetFrame, unsigned char*)
                0x00000000c001aa52                Net::unwrapEthernetFrame(unsigned char*, int)
 .text          0x00000000c001abeb      0x513 reg/registry.32
                0x00000000c001abeb                Reg::findLineFromLoadedData(char*, char*, char*)
                0x00000000c001ad43                Reg::getLineFromRegistry(char*, char*, char*, char*)
                0x00000000c001ae98                Reg::getLine(char*, char*, char*)
                0x00000000c001aecf                Reg::readInt(char*, char*, int*)
                0x00000000c001afba                Reg::readString(char*, char*, char*, int)
                0x00000000c001b03b                Reg::readBool(char*, char*, bool*)
                0x00000000c001b060                Reg::readBoolWithDefault(char*, char*, bool)
                0x00000000c001b08c                Reg::readIntWithDefault(char*, char*, int)
                0x00000000c001b0b8                Reg::readStringWithDefault(char*, char*, char*, int, char*)
 .text          0x00000000c001b0fe       0x36 sys/sc_eject.32
                0x00000000c001b0fe                Sys::eject(regs*)
 .text          0x00000000c001b134       0x18 sys/sc_exit.32
                0x00000000c001b134                Sys::exit(regs*)
 .text          0x00000000c001b14c       0x1f sys/sc_getcwd.32
                0x00000000c001b14c                Sys::getCwd(regs*)
 .text          0x00000000c001b16b        0xc sys/sc_getpid.32
                0x00000000c001b16b                Sys::getPID(regs*)
 .text          0x00000000c001b177       0x17 sys/sc_getramdata.32
                0x00000000c001b177                Sys::getRAMData(regs*)
 .text          0x00000000c001b18e       0xa8 sys/sc_loaddll.32
                0x00000000c001b18e                Sys::loadDLL(regs*)
 .text          0x00000000c001b236       0x68 sys/sc_read.32
                0x00000000c001b236                Sys::read(regs*)
 .text          0x00000000c001b29e       0x9f sys/sc_sbrk.32
                0x00000000c001b29e                Sys::sbrk(regs*)
 .text          0x00000000c001b33d       0x1c sys/sc_setcwd.32
                0x00000000c001b33d                Sys::setCwd(regs*)
 .text          0x00000000c001b359      0x128 sys/sc_settime.32
                0x00000000c001b359                Sys::setTime(regs*)
 .text          0x00000000c001b481       0x4a sys/sc_timezone.32
                0x00000000c001b481                Sys::timezone(regs*)
 .text          0x00000000c001b4cb       0x68 sys/sc_write.32
                0x00000000c001b4cb                Sys::write(regs*)
 .text          0x00000000c001b533       0x62 sys/sc_wsbe.32
                0x00000000c001b533                Sys::wsbe(regs*)
 .text          0x00000000c001b595       0x3b sys/sc_yield.32
                0x00000000c001b595                Sys::yield(regs*)
 .text          0x00000000c001b5d0     0x10e5 sys/syscalls.32
                0x00000000c001b5d0                sysCallSeekDir(regs*)
                0x00000000c001b5d5                sysCallTellDir(regs*)
                0x00000000c001b5da                sysCallVerify(regs*)
                0x00000000c001b5e4                sysFormatDisk(regs*)
                0x00000000c001b64e                sysSetDiskVolumeLabel(regs*)
                0x00000000c001b694                sysGetDiskVolumeLabel(regs*)
                0x00000000c001b6e5                sysShutdown(regs*)
                0x00000000c001b743                sysCallRealpath(regs*)
                0x00000000c001b786                sysCallGetArgc(regs*)
                0x00000000c001b7b4                sysCallReadDir(regs*)
                0x00000000c001b842                sysCallIsATTY(regs*)
                0x00000000c001b89c                sysCallSeek(regs*)
                0x00000000c001b905                sysCallTell(regs*)
                0x00000000c001b982                sysCallSize(regs*)
                0x00000000c001ba05                sysCallSizeFromFilename(regs*)
                0x00000000c001bac5                sysCallClose(regs*)
                0x00000000c001bb4d                sysCallOpenDir(regs*)
                0x00000000c001bbc2                sysCallCloseDir(regs*)
                0x00000000c001bc28                sysCallMakeDir(regs*)
                0x00000000c001bc98                sysCallWait(regs*)
                0x00000000c001bcb2                sysCallNotImpl(regs*)
                0x00000000c001bccd                sysPanic(regs*)
                0x00000000c001bcf3                sysCallRmdir(regs*)
                0x00000000c001bd57                sysCallUnlink(regs*)
                0x00000000c001bdbb                sysCallGetArgv(regs*)
                0x00000000c001be07                sysCallTTYName(regs*)
                0x00000000c001be8a                sysCallUSleep(regs*)
                0x00000000c001beb1                sysCallSpawn(regs*)
                0x00000000c001bf09                sysCallGetEnv(regs*)
                0x00000000c001c041                sysAppSettings(regs*)
                0x00000000c001c160                sysSetFatAttrib(regs*)
                0x00000000c001c1d2                sysPipe(regs*)
                0x00000000c001c217                sysGetUnixTime(regs*)
                0x00000000c001c22b                string_ends_with(char const*, char const*)
                0x00000000c001c273                sysCallOpen(regs*)
                0x00000000c001c488                Sys::loadSyscalls()
                0x00000000c001c673                Sys::systemCall(regs*, void*)
 .text          0x00000000c001c6b5     0x11d4 thr/elf.32
                0x00000000c001c6b5                Thr::allocateMemoryForTask(Process*, File*, unsigned long, unsigned long, unsigned long)
                0x00000000c001c947                Thr::loadProgramIntoMemory(Process*, char const*)
                0x00000000c001cb5d                Thr::runtimeReferenceHelper()
                0x00000000c001cb70                Thr::getAddressOfKernelSymbol(char const*)
                0x00000000c001cbbf                Thr::loadKernelSymbolTable(char const*)
                0x00000000c001ce7d                Thr::loadDriverIntoMemory(char const*, unsigned long, bool)
                0x00000000c001d599                Thr::getDriverBaseFromAddress(unsigned long)
                0x00000000c001d5cb                Thr::getDriverNameFromAddress(unsigned long)
                0x00000000c001d602                Thr::getDriverOffsetFromAddress(unsigned long)
                0x00000000c001d61c                Thr::loadDLL(char const*, bool)
                0x00000000c001d850                Thr::executeDLL(unsigned long, void*)
 *fill*         0x00000000c001d889        0x1 
 .text          0x00000000c001d88a     0x1056 thr/prcssthr.32
                0x00000000c001d88a                changeTSS
                0x00000000c001d8ba                Process::addArgs(char**)
                0x00000000c001d914                Process::Process(char const*, Process*, char**)
                0x00000000c001d914                Process::Process(char const*, Process*, char**)
                0x00000000c001daf8                Process::Process(bool, char const*, Process*, char**)
                0x00000000c001daf8                Process::Process(bool, char const*, Process*, char**)
                0x00000000c001dca7                disableIRQs()
                0x00000000c001dcaf                getIRQNestingLevel()
                0x00000000c001dcb5                enableIRQs()
                0x00000000c001dcc4                lockScheduler()
                0x00000000c001dcc6                unlockScheduler()
                0x00000000c001dcc8                userModeEntryPoint(void*)
                0x00000000c001dceb                lockStuff()
                0x00000000c001dcf7                taskStartupFunction
                0x00000000c001dd00                updateTimeUsed()
                0x00000000c001dd65                switchToThread(ThreadControlBlock*)
                0x00000000c001ddb6                Semaphore::Semaphore(int)
                0x00000000c001ddb6                Semaphore::Semaphore(int)
                0x00000000c001dde4                Mutex::Mutex()
                0x00000000c001dde4                Mutex::Mutex()
                0x00000000c001ddf6                Process::createThread(void (*)(void*), void*, int)
                0x00000000c001deda                Process::createUserThread()
                0x00000000c001def6                setupMultitasking(void (*)())
                0x00000000c001e000                schedule()
                0x00000000c001e085                unlockStuff()
                0x00000000c001e0ba                Semaphore::tryAcquire()
                0x00000000c001e0e8                Semaphore::assertLocked(char const*)
                0x00000000c001e118                blockTaskWithSchedulerLockAlreadyHeld(TaskState)
                0x00000000c001e15a                blockTask(TaskState)
                0x00000000c001e17b                waitTask(int, int*, int)
                0x00000000c001e1bd                nanoSleepUntil(unsigned long long)
                0x00000000c001e214                nanoSleep(unsigned long long)
                0x00000000c001e229                sleep(unsigned long long)
                0x00000000c001e246                Semaphore::acquire()
                0x00000000c001e2ae                taskReturned
                0x00000000c001e2dc                unblockTask(ThreadControlBlock*)
                0x00000000c001e38b                cleanupTerminatedTask(ThreadControlBlock*)
                0x00000000c001e654                cleanerTaskFunction(void*)
                0x00000000c001e707                terminateTask(int)
                0x00000000c001e7e7                Thr::terminateFromIRQ(int)
                0x00000000c001e7f4                Semaphore::release()
 .text          0x00000000c001e8e0      0xc26 vm86/vm8086.32
                0x00000000c001e8e0                Vm::inbv(unsigned short)
                0x00000000c001e8f3                Vm::outbv(unsigned short, unsigned char)
                0x00000000c001e946                Vm::realToLinear(unsigned short, unsigned short)
                0x00000000c001e956                Vm::getSegment(unsigned int)
                0x00000000c001e95e                Vm::getOffset(unsigned int)
                0x00000000c001e963                Vm::mainloop2()
                0x00000000c001e99e                Vm::mainVm8086Loop(void*)
                0x00000000c001e9ab                Vm::mainloop3(unsigned long)
                0x00000000c001e9d5                Vm::initialise8086()
                0x00000000c001ea18                Vm::finish8086()
                0x00000000c001ea5d                Vm::getOutput8086(unsigned char*)
                0x00000000c001ea87                Vm::start8086(char const*, unsigned short, unsigned short, unsigned short, unsigned short)
                0x00000000c001ebd7                Vm::doISR(regs*, int, unsigned char*, unsigned short, unsigned short)
                0x00000000c001ec61                Vm::readByteFromReal(unsigned short, unsigned short)
                0x00000000c001ec72                Vm::readWordFromReal(unsigned short, unsigned short)
                0x00000000c001ec84                Vm::readDwordFromReal(unsigned short, unsigned short)
                0x00000000c001ec95                Vm::writeByteFromReal(unsigned short, unsigned short, unsigned char)
                0x00000000c001ecaa                Vm::writeWordFromReal(unsigned short, unsigned short, unsigned short)
                0x00000000c001ecc0                Vm::writeDwordFromReal(unsigned short, unsigned short, unsigned int)
                0x00000000c001ecd5                Vm::faultHandler(regs*)
 .text          0x00000000c001f506      0xefd vm86/x87em.32
                0x00000000c001f506                Vm::fpuInternalTo32(unsigned long long)
                0x00000000c001f561                Vm::fpuInternalTo64(unsigned long long)
                0x00000000c001f56a                Vm::fpu32ToInternal(unsigned int)
                0x00000000c001f5af                Vm::fpu64ToInternal(unsigned long long)
                0x00000000c001f5b8                Vm::fpuFloatToLong(unsigned long long)
                0x00000000c001f613                Vm::fpuULongToFloat(unsigned long long)
                0x00000000c001f649                Vm::fpuLongToFloat(long long)
                0x00000000c001f69f                Vm::fpuGet0()
                0x00000000c001f6a4                Vm::fpuGet1()
                0x00000000c001f6ac                Vm::fpuGetPi()
                0x00000000c001f6b4                Vm::fpuGetLog2E()
                0x00000000c001f6cc                Vm::fpuGetLogE2()
                0x00000000c001f6e4                Vm::fpuGetLog210()
                0x00000000c001f6fc                Vm::fpuGetLog102()
                0x00000000c001f714                Vm::fpuIsSecondLarger(unsigned long long, unsigned long long)
                0x00000000c001f728                Vm::fpuAreEqual(unsigned long long, unsigned long long)
                0x00000000c001f73e                Vm::fpuUnorderedCompare(unsigned long long, unsigned long long)
                0x00000000c001f791                Vm::fpuAdd(unsigned long long, unsigned long long)
                0x00000000c001f7a2                Vm::fpuAbs(unsigned long long)
                0x00000000c001f7ab                Vm::fpuChs(unsigned long long)
                0x00000000c001f7bb                Vm::fpuSub(unsigned long long, unsigned long long)
                0x00000000c001f7ca                Vm::fpuMultiply(unsigned long long, unsigned long long)
                0x00000000c001f7e9                Vm::fpuDivide(unsigned long long, unsigned long long)
                0x00000000c001f805                Vm::fpuSquare(unsigned long long)
                0x00000000c001f81b                Vm::fpuGetReg(int)
                0x00000000c001f85e                Vm::fpuSetReg(int, unsigned long long)
                0x00000000c001f8a9                Vm::fpuPush(unsigned long long)
                0x00000000c001f906                Vm::fpuPop()
                0x00000000c001f958                Vm::x87Handler(regs*)
 *fill*         0x00000000c0020403        0x1 
 .text          0x00000000c0020404     0x10ed fs/fat/vfslink.32
                0x00000000c0020404                FAT::getName()
                0x00000000c002040a                FAT::tell(void*, unsigned long long*)
                0x00000000c002043e                FAT::stat(void*, unsigned long long*)
                0x00000000c0020472                FAT::~FAT()
                0x00000000c0020472                FAT::~FAT()
                0x00000000c0020496                FAT::~FAT()
                0x00000000c00204be                FAT::getlabel(LogicalDisk*, int, char*, unsigned int*)
                0x00000000c002055c                FAT::setlabel(LogicalDisk*, int, char*)
                0x00000000c0020616                FAT::format(LogicalDisk*, int, char const*, int)
                0x00000000c00207fa                FAT::tryMount(LogicalDisk*, int)
                0x00000000c0020a00                FAT::readDir(void*, unsigned long, void*, int*)
                0x00000000c0020b06                FAT::read(void*, unsigned long, void*, int*)
                0x00000000c0020b60                FAT::write(void*, unsigned long, void*, int*)
                0x00000000c0020bba                FAT::close(void*)
                0x00000000c0020c06                FAT::closeDir(void*)
                0x00000000c0020c52                FAT::seek(void*, unsigned long long)
                0x00000000c0020ca6                fatWrapperReadDisk
                0x00000000c0020ced                fatWrapperWriteDisk
                0x00000000c0020d34                fatWrapperIoctl
                0x00000000c0020e38                FAT::FAT()
                0x00000000c0020e38                FAT::FAT()
                0x00000000c0020e8a                FAT::fixFilepath(char*)
                0x00000000c0020ec2                FAT::open(char const*, void**, FileOpenMode)
                0x00000000c0020fea                FAT::openDir(char const*, void**)
                0x00000000c0021090                FAT::stat(char const*, unsigned long long*, bool*)
                0x00000000c002117a                FAT::unlink(char const*)
                0x00000000c00211f4                FAT::chfatattr(char const*, unsigned char, unsigned char)
                0x00000000c0021348                FAT::rename(char const*, char const*)
                0x00000000c002140c                FAT::mkdir(char const*)
                0x00000000c0021486                FAT::exists(char const*)
 *fill*         0x00000000c00214f1        0x1 
 .text          0x00000000c00214f2      0xbc1 fs/iso9660/vfslink.32
                0x00000000c00214f2                ISO9660::format(LogicalDisk*, int, char const*, int)
                0x00000000c00214f8                ISO9660::seek(void*, unsigned long long)
                0x00000000c0021528                ISO9660::tell(void*, unsigned long long*)
                0x00000000c002154c                ISO9660::getName()
                0x00000000c0021552                ISO9660::stat(void*, unsigned long long*)
                0x00000000c0021576                ISO9660::chfatattr(char const*, unsigned char, unsigned char)
                0x00000000c002157c                ISO9660::unlink(char const*)
                0x00000000c0021582                ISO9660::write(void*, unsigned long, void*, int*)
                0x00000000c0021588                ISO9660::rename(char const*, char const*)
                0x00000000c002158e                ISO9660::mkdir(char const*)
                0x00000000c0021594                ISO9660::close(void*)
                0x00000000c00215b6                ISO9660::closeDir(void*)
                0x00000000c00215d8                ISO9660::~ISO9660()
                0x00000000c00215d8                ISO9660::~ISO9660()
                0x00000000c00215fc                ISO9660::~ISO9660()
                0x00000000c0021623                __memmem(unsigned char*, int, unsigned char*, int)
                0x00000000c0021665                readSectorFromCDROM(unsigned int, unsigned char*, char)
                0x00000000c00216cc                ISO9660::tryMount(LogicalDisk*, int)
                0x00000000c002171c                ISO9660::read(void*, unsigned long, void*, int*)
                0x00000000c002191c                ISO9660::readDir(void*, unsigned long, void*, int*)
                0x00000000c0021ba9                readRoot(unsigned int*, unsigned int*, char)
                0x00000000c0021bfe                readRecursively(char*, unsigned int, unsigned int, unsigned int*, unsigned int*, char, int*)
                0x00000000c0021dd1                getFileData(char*, unsigned int*, unsigned int*, char, int*)
                0x00000000c0021e60                ISO9660::open(char const*, void**, FileOpenMode)
                0x00000000c0021f20                ISO9660::exists(char const*)
                0x00000000c0021f44                ISO9660::stat(char const*, unsigned long long*, bool*)
                0x00000000c0021fd8                ISO9660::openDir(char const*, void**)
                0x00000000c0022090                ISO9660::ISO9660()
                0x00000000c0022090                ISO9660::ISO9660()
 *fill*         0x00000000c00220b3        0x1 
 .text          0x00000000c00220b4      0x326 hal/sound/sndchannel.32
                0x00000000c00220b4                SoundChannel::~SoundChannel()
                0x00000000c00220b4                SoundChannel::~SoundChannel()
                0x00000000c00220d0                SoundChannel::setSpeed(float)
                0x00000000c00220dc                SoundChannel::getSpeed()
                0x00000000c00220e4                SoundChannel::setVolume(int)
                0x00000000c0022100                SoundChannel::getVolume()
                0x00000000c0022108                SoundChannel::pause()
                0x00000000c0022112                SoundChannel::SoundChannel(int, int, int, int)
                0x00000000c0022112                SoundChannel::SoundChannel(int, int, int, int)
                0x00000000c0022268                SoundChannel::play()
                0x00000000c0022272                SoundChannel::paused()
                0x00000000c002227a                SoundChannel::getSampleRate()
                0x00000000c0022282                SoundChannel::getBits()
                0x00000000c002228a                SoundChannel::getBufferUsed()
                0x00000000c0022292                SoundChannel::getBufferSize()
                0x00000000c002229a                SoundChannel::unbuffer(float*, int, int)
                0x00000000c002233a                SoundChannel::buffer8(unsigned char*, int)
 .text          0x00000000c00223da      0x3d5 hal/sound/sndhw.32
                0x00000000c00223da                SoundDevice::SoundDevice(char const*)
                0x00000000c00223da                SoundDevice::SoundDevice(char const*)
                0x00000000c0022446                SoundDevice::~SoundDevice()
                0x00000000c0022446                SoundDevice::~SoundDevice()
                0x00000000c00224c0                SoundDevice::~SoundDevice()
                0x00000000c00224ea                SoundDevice::getFreeChannelNum()
                0x00000000c0022504                SoundDevice::addChannel(SoundChannel*)
                0x00000000c0022574                SoundDevice::removeChannel(int)
                0x00000000c00225a6                SoundDevice::floatTo8(float*, unsigned char*, int)
                0x00000000c002268e                SoundDevice::getAudio(int, float*, float*)
 .text          0x00000000c00227af        0x0 hw/bus/isa.32
 *fill*         0x00000000c00227af        0x1 
 .text          0x00000000c00227b0      0x6c3 hw/bus/pci.32
                0x00000000c00227b0                PCI::open(int, int, void*)
                0x00000000c00227c4                PCI::close(int, int, void*)
                0x00000000c00227c8                PCI::PCI()
                0x00000000c00227c8                PCI::PCI()
                0x00000000c0022848                PCI::pciReadWord(unsigned char, unsigned char, unsigned char, unsigned char)
                0x00000000c0022890                PCI::getVendorID(unsigned char, unsigned char, unsigned char)
                0x00000000c00228b2                PCI::getHeaderType(unsigned char, unsigned char, unsigned char)
                0x00000000c00228d6                PCI::getClassCode(unsigned char, unsigned char, unsigned char)
                0x00000000c002291a                PCI::getProgIF(unsigned char, unsigned char, unsigned char)
                0x00000000c002293e                PCI::getRevisionID(unsigned char, unsigned char, unsigned char)
                0x00000000c0022960                PCI::getInterruptNumber(unsigned char, unsigned char, unsigned char)
                0x00000000c0022982                PCI::getSecondaryBus(unsigned char, unsigned char, unsigned char)
                0x00000000c00229a6                PCI::getBARAddress(unsigned char, unsigned char, unsigned char, unsigned char)
                0x00000000c0022a06                PCI::pciWriteWord(unsigned char, unsigned char, unsigned char, unsigned char, unsigned short)
                0x00000000c0022a72                PCI::checkBus(unsigned char)
                0x00000000c0022a96                PCI::foundDevice(PCIDeviceInfo)
                0x00000000c0022c08                PCI::getDeviceData(unsigned char, unsigned char, unsigned char)
                0x00000000c0022db4                PCI::checkDevice(unsigned char, unsigned char)
                0x00000000c0022e20                PCI::detect()
 *fill*         0x00000000c0022e73        0x1 
 .text          0x00000000c0022e74      0xc70 hw/diskctrl/ide.32
                0x00000000c0022e74                IDE::close(int, int, void*)
                0x00000000c0022e78                IDE::IDE()
                0x00000000c0022e78                IDE::IDE()
                0x00000000c0022eac                IDE::prepareInterrupt(unsigned char)
                0x00000000c0022ebe                selectDrive(unsigned char, unsigned char)
                0x00000000c0022ec0                IDE::getBase(unsigned char)
                0x00000000c0022ed2                IDE::write(unsigned char, unsigned char, unsigned char)
                0x00000000c0022f92                IDE::read(unsigned char, unsigned char)
                0x00000000c0023040                IDE::waitInterrupt(unsigned char)
                0x00000000c00230a6                ideChannel0IRQHandler(regs*, void*)
                0x00000000c00230c2                ideChannel1IRQHandler(regs*, void*)
                0x00000000c00230de                IDE::enableIRQs(unsigned char, bool)
                0x00000000c0023124                IDE::open(int, int, void*)
                0x00000000c0023534                IDE::readBuffer(unsigned char, unsigned char, unsigned int, unsigned int)
                0x00000000c0023600                IDE::detect()
                0x00000000c00238e8                IDE::printError(unsigned char, unsigned char, unsigned char)
                0x00000000c0023a7e                IDE::polling(unsigned char, unsigned int)
 .text          0x00000000c0023ae4      0x390 hw/diskctrl/satabus.32
                0x00000000c0023ae4                SATABus::close(int, int, void*)
                0x00000000c0023ae8                SATABus::detect()
                0x00000000c0023aea                SATABus::SATABus()
                0x00000000c0023aea                SATABus::SATABus()
                0x00000000c0023b96                SATABus::findCmdslot(SATABus::tagHBA_PORT volatile*)
                0x00000000c0023bde                SATABus::checkType(SATABus::tagHBA_PORT volatile*)
                0x00000000c0023c26                SATABus::startCmd(SATABus::tagHBA_PORT volatile*)
                0x00000000c0023c46                SATABus::stopCmd(SATABus::tagHBA_PORT volatile*)
                0x00000000c0023c70                SATABus::portRebase(SATABus::tagHBA_PORT volatile*, int)
                0x00000000c0023d76                SATABus::probePort(SATABus::tagHBA_MEM volatile*)
                0x00000000c0023e54                SATABus::open(int, int, void*)
 .text          0x00000000c0023e74      0x63c hw/diskphys/ata.32
                0x00000000c0023e74                ATA::close(int, int, void*)
                0x00000000c0023e98                ATA::powerSaving(PowerSavingLevel)
                0x00000000c0023e9a                ATA::ATA()
                0x00000000c0023e9a                ATA::ATA()
                0x00000000c0023ec8                ATA::flush(bool)
                0x00000000c0023f12                ATA::readyForCommand()
                0x00000000c0023f62                ATA::access(unsigned long long, int, void*, bool)
                0x00000000c00242ea                ATA::read(unsigned long long, int, void*)
                0x00000000c0024352                ATA::write(unsigned long long, int, void*)
                0x00000000c00243ba                ATA::detectCHS()
                0x00000000c00243e4                ATA::open(int, int, void*)
 .text          0x00000000c00244b0      0x5bd hw/diskphys/atapi.32
                0x00000000c00244b0                ATAPI::write(unsigned long long, int, void*)
                0x00000000c00244b6                ATAPI::close(int, int, void*)
                0x00000000c00244da                ATAPI::ATAPI()
                0x00000000c00244da                ATAPI::ATAPI()
                0x00000000c0024508                ATAPI::readyForCommand()
                0x00000000c0024558                ATAPI::sendPacket(unsigned char*, int, bool, unsigned short*, int)
                0x00000000c0024818                ATAPI::diskRemoved()
                0x00000000c0024834                ATAPI::eject()
                0x00000000c002487c                ATAPI::diskInserted()
                0x00000000c00248aa                ATAPI::detectMedia()
                0x00000000c0024966                ATAPI::open(int, int, void*)
                0x00000000c00249ee                ATAPI::read(unsigned long long, int, void*)
 *fill*         0x00000000c0024a6d        0x1 
 .text          0x00000000c0024a6e      0x455 hw/diskphys/sata.32
                0x00000000c0024a6e                SATA::close(int, int, void*)
                0x00000000c0024a92                SATA::powerSaving(PowerSavingLevel)
                0x00000000c0024a94                SATA::open(int, int, void*)
                0x00000000c0024b42                SATA::SATA()
                0x00000000c0024b42                SATA::SATA()
                0x00000000c0024b70                SATA::access(unsigned long long, int, void*, bool)
                0x00000000c0024dd6                SATA::read(unsigned long long, int, void*)
                0x00000000c0024e3e                SATA::write(unsigned long long, int, void*)
 *fill*         0x00000000c0024ec3        0x1 
 .text          0x00000000c0024ec4      0x500 hw/diskphys/satapi.32
                0x00000000c0024ec4                SATAPI::write(unsigned long long, int, void*)
                0x00000000c0024eca                SATAPI::close(int, int, void*)
                0x00000000c0024eee                SATAPI::SATAPI()
                0x00000000c0024eee                SATAPI::SATAPI()
                0x00000000c0024f1c                SATAPI::diskRemoved()
                0x00000000c0024f38                SATAPI::diskInserted()
                0x00000000c0024f66                SATAPI::sendPacket(unsigned char*, int, unsigned long long, unsigned short*, int)
                0x00000000c002516a                SATAPI::eject()
                0x00000000c00251b2                SATAPI::detectMedia()
                0x00000000c0025274                SATAPI::open(int, int, void*)
                0x00000000c0025322                SATAPI::read(unsigned long long, int, void*)
 .text          0x00000000c00253c4       0x8e hw/fpu/avx.32
                0x00000000c00253c4                AVX::open(int, int, void*)
                0x00000000c00253d6                AVX::close(int, int, void*)
                0x00000000c00253e8                AVX::available()
                0x00000000c00253fa                AVX::save(void*)
                0x00000000c0025412                AVX::load(void*)
                0x00000000c002542a                AVX::AVX()
                0x00000000c002542a                AVX::AVX()
 .text          0x00000000c0025452       0x90 hw/fpu/mmx.32
                0x00000000c0025452                MMX::available()
                0x00000000c0025466                MMX::open(int, int, void*)
                0x00000000c0025478                MMX::close(int, int, void*)
                0x00000000c002548a                MMX::save(void*)
                0x00000000c00254a2                MMX::load(void*)
                0x00000000c00254ba                MMX::MMX()
                0x00000000c00254ba                MMX::MMX()
 .text          0x00000000c00254e2       0x96 hw/fpu/sse.32
                0x00000000c00254e2                SSE::open(int, int, void*)
                0x00000000c00254f4                SSE::close(int, int, void*)
                0x00000000c0025506                SSE::available()
                0x00000000c0025520                SSE::save(void*)
                0x00000000c0025538                SSE::load(void*)
                0x00000000c0025550                SSE::SSE()
                0x00000000c0025550                SSE::SSE()
 .text          0x00000000c0025578       0x8e hw/fpu/x87.32
                0x00000000c0025578                x87::open(int, int, void*)
                0x00000000c002558a                x87::close(int, int, void*)
                0x00000000c002559c                x87::available()
                0x00000000c00255ae                x87::save(void*)
                0x00000000c00255c6                x87::load(void*)
                0x00000000c00255de                x87::x87()
                0x00000000c00255de                x87::x87()
 .text          0x00000000c0025606      0x71e hw/intctrl/apic.32
                0x00000000c0025606                APIC::disable()
                0x00000000c0025608                APIC::close(int, int, void*)
                0x00000000c002562a                IOAPIC::close(int, int, void*)
                0x00000000c0025630                APIC::io_wait()
                0x00000000c0025636                APIC::getBase()
                0x00000000c0025678                APIC::eoi(unsigned char)
                0x00000000c00256a6                APIC::open(int, int, void*)
                0x00000000c00257f4                IOAPIC::IOAPIC()
                0x00000000c00257f4                IOAPIC::IOAPIC()
                0x00000000c002581c                APIC::APIC()
                0x00000000c002581c                APIC::APIC()
                0x00000000c00258f8                IOAPIC::handlesGSIWithNumber(unsigned int)
                0x00000000c002592a                IOAPIC::read(int)
                0x00000000c0025952                IOAPIC::open(int, int, void*)
                0x00000000c0025a48                IOAPIC::write(int, int)
                0x00000000c0025a74                IOAPIC::redirect(unsigned char, unsigned long long, unsigned char, bool, bool)
                0x00000000c0025b6e                APIC::installIRQHandler(int, void (*)(regs*, void*), bool, void*)
 .text          0x00000000c0025d24      0x3d3 hw/intctrl/pic.32
                0x00000000c0025d24                PIC::disable()
                0x00000000c0025d52                PIC::close(int, int, void*)
                0x00000000c0025d74                PIC::PIC()
                0x00000000c0025d74                PIC::PIC()
                0x00000000c0025e4a                PIC::ioWait()
                0x00000000c0025e50                PIC::getIRQReg(int)
                0x00000000c0025eba                PIC::eoi(unsigned char)
                0x00000000c0025f4c                PIC::remap()
                0x00000000c00260b8                PIC::open(int, int, void*)
 *fill*         0x00000000c00260f7        0x1 
 .text          0x00000000c00260f8      0x25e hw/timer/apictimer.32
                0x00000000c00260f8                APICTimer::close(int, int, void*)
                0x00000000c00260fe                apicTimerHandler(regs*, void*)
                0x00000000c002612c                APICTimer::write(int)
                0x00000000c0026230                APICTimer::open(int, int, void*)
                0x00000000c002632e                APICTimer::APICTimer()
                0x00000000c002632e                APICTimer::APICTimer()
 .text          0x00000000c0026356      0x1a7 hw/timer/pit.32
                0x00000000c0026356                PIT::write(int)
                0x00000000c00263d4                pitHandler(regs*, void*)
                0x00000000c0026400                PIT::open(int, int, void*)
                0x00000000c002644e                PIT::close(int, int, void*)
                0x00000000c002647e                PIT::PIT()
                0x00000000c002647e                PIT::PIT()
 *fill*         0x00000000c00264fd        0x3 
 .text          0x00000000c0026500       0x1e hw/fpu/x86/avx.32
                0x00000000c0026500                avxDetect
                0x00000000c0026506                avxSave
                0x00000000c0026507                avxLoad
                0x00000000c0026508                avxInit
                0x00000000c0026509                avxClose
                0x00000000c002650a                wouldSheSayYes
 *fill*         0x00000000c002651e        0x2 
 .text          0x00000000c0026520       0x35 hw/fpu/x86/sse.32
                0x00000000c0026520                absolutelyNoChanceInHell
                0x00000000c0026520                sseDetect
                0x00000000c0026538                sseSave
                0x00000000c002653e                sseLoad
                0x00000000c0026544                sseInit
                0x00000000c0026554                sseClose
 *fill*         0x00000000c0026555        0xb 
 .text          0x00000000c0026560       0x47 hw/fpu/x86/x87.32
                0x00000000c0026566                x87Detect
                0x00000000c0026581                x87Save
                0x00000000c0026587                x87Load
                0x00000000c002658c                x87Init
                0x00000000c00265a6                x87Close
 *fill*         0x00000000c00265a7        0x1 
 .text          0x00000000c00265a8       0x25 /cygdrive/d/Users/Alex/Desktop/Toolchain/Output/bin/../lib/gcc/i386-banana/8.1.0/crtend.o
 .text          0x00000000c00265cd        0x0 crtn.32
 *fill*         0x00000000c00265cd        0x3 
 .text          0x00000000c00265d0      0x14b /cygdrive/d/Users/Alex/Desktop/Toolchain/Output/bin/../lib/gcc/i386-banana/8.1.0/libkgcc.a(_divdi3.o)
                0x00000000c00265d0                __divdi3
 *fill*         0x00000000c002671b        0x1 
 .text          0x00000000c002671c      0x17e /cygdrive/d/Users/Alex/Desktop/Toolchain/Output/bin/../lib/gcc/i386-banana/8.1.0/libkgcc.a(_moddi3.o)
                0x00000000c002671c                __moddi3
 *fill*         0x00000000c002689a        0x2 
 .text          0x00000000c002689c       0xff /cygdrive/d/Users/Alex/Desktop/Toolchain/Output/bin/../lib/gcc/i386-banana/8.1.0/libkgcc.a(_udivdi3.o)
                0x00000000c002689c                __udivdi3
 *fill*         0x00000000c002699b        0x1 
 .text          0x00000000c002699c      0x11a /cygdrive/d/Users/Alex/Desktop/Toolchain/Output/bin/../lib/gcc/i386-banana/8.1.0/libkgcc.a(_umoddi3.o)
                0x00000000c002699c                __umoddi3
 .text          0x00000000c0026ab6      0x96d D:/Users/Alex/Desktop/Banana/kernel/libsoftfp.a(sfieeelib.o)
                0x00000000c0026ab6                __addsf3
                0x00000000c0026db8                __subsf3
                0x00000000c0026dcc                __negsf2
                0x00000000c0026dd9                __mulsf3
                0x00000000c0026f9c                __divsf3
                0x00000000c00271c7                __floatsisf
                0x00000000c002723b                __floatunsisf
                0x00000000c002727d                __fixsfsi
                0x00000000c00272df                __fixunssfsi
                0x00000000c0027310                __cmpsf2
                0x00000000c00273a5                __eqsf2
                0x00000000c00273e0                __nesf2