Archive member included to satisfy reference by file (symbol)

/cygdrive/d/Users/Alex/Desktop/Toolchain/Output/bin/../lib/gcc/i386-banana/8.1.0/libkgcc.a(_divdi3.o)
                              krnl/resolve.32 (__divdi3)
/cygdrive/d/Users/Alex/Desktop/Toolchain/Output/bin/../lib/gcc/i386-banana/8.1.0/libkgcc.a(_moddi3.o)
                              krnl/resolve.32 (__moddi3)
/cygdrive/d/Users/Alex/Desktop/Toolchain/Output/bin/../lib/gcc/i386-banana/8.1.0/libkgcc.a(_udivdi3.o)
                              hal/clock.32 (__udivdi3)
/cygdrive/d/Users/Alex/Desktop/Toolchain/Output/bin/../lib/gcc/i386-banana/8.1.0/libkgcc.a(_umoddi3.o)
                              core/pipe.32 (__umoddi3)

Allocating common symbols
Common symbol       size              file

dcache              0x40              fs/iso9660/iso9660.32
cdDriveLetter       0x1               fs/iso9660/iso9660.32
icache              0x40              fs/iso9660/iso9660.32

Discarded input sections

 .comment       0x0000000000000000       0x12 /cygdrive/d/Users/Alex/Desktop/Toolchain/Output/bin/../lib/gcc/i386-banana/8.1.0/crtbegin.o
 .comment       0x0000000000000000       0x12 acpica/utclib.32
 .comment       0x0000000000000000       0x12 core/malloc.32
 .comment       0x0000000000000000       0x12 libk/ctype.32
 .comment       0x0000000000000000       0x12 libk/string.32
 .comment       0x0000000000000000       0x12 fs/fat/diskio.32
 .comment       0x0000000000000000       0x12 fs/fat/ff.32
 .comment       0x0000000000000000       0x12 fs/fat/ffsystem.32
 .comment       0x0000000000000000       0x12 fs/fat/ffunicode.32
 .comment       0x0000000000000000       0x12 fs/iso9660/iso9660.32
 .group         0x0000000000000000       0x14 core/computer.32
 .group         0x0000000000000000        0xc core/computer.32
 .comment       0x0000000000000000       0x12 core/computer.32
 .comment       0x0000000000000000       0x12 core/gdt.32
 .group         0x0000000000000000        0xc core/idle.32
 .comment       0x0000000000000000       0x12 core/idle.32
 .comment       0x0000000000000000       0x12 core/idt.32
 .comment       0x0000000000000000       0x12 core/kheap.32
 .comment       0x0000000000000000       0x12 core/main.32
 .comment       0x0000000000000000       0x12 core/physmgr.32
 .group         0x0000000000000000        0xc core/pipe.32
 .comment       0x0000000000000000       0x12 core/pipe.32
 .group         0x0000000000000000        0xc core/terminal.32
 .comment       0x0000000000000000       0x12 core/terminal.32
 .comment       0x0000000000000000       0x12 core/tss.32
 .group         0x0000000000000000        0x8 core/unixfile.32
 .group         0x0000000000000000        0x8 core/unixfile.32
 .group         0x0000000000000000        0xc core/unixfile.32
 .group         0x0000000000000000        0x8 core/unixfile.32
 .group         0x0000000000000000        0xc core/unixfile.32
 .group         0x0000000000000000        0x8 core/unixfile.32
 .group         0x0000000000000000        0xc core/unixfile.32
 .group         0x0000000000000000        0xc core/unixfile.32
 .comment       0x0000000000000000       0x12 core/unixfile.32
 .comment       0x0000000000000000       0x12 core/virtmgr.32
 .comment       0x0000000000000000       0x12 coreobjs/c++.32
 .comment       0x0000000000000000       0x12 dbg/kconsole.32
 .group         0x0000000000000000        0xc fs/vfs.32
 .group         0x0000000000000000        0xc fs/vfs.32
 .group         0x0000000000000000        0xc fs/vfs.32
 .comment       0x0000000000000000       0x12 fs/vfs.32
 .group         0x0000000000000000        0xc hal/bus.32
 .comment       0x0000000000000000       0x12 hal/bus.32
 .comment       0x0000000000000000       0x12 hal/buzzer.32
 .group         0x0000000000000000        0xc hal/clock.32
 .comment       0x0000000000000000       0x12 hal/clock.32
 .group         0x0000000000000000       0x14 hal/device.32
 .group         0x0000000000000000        0xc hal/device.32
 .group         0x0000000000000000        0x8 hal/device.32
 .group         0x0000000000000000        0xc hal/device.32
 .group         0x0000000000000000        0xc hal/device.32
 .comment       0x0000000000000000       0x12 hal/device.32
 .group         0x0000000000000000        0xc hal/diskctrl.32
 .comment       0x0000000000000000       0x12 hal/diskctrl.32
 .group         0x0000000000000000        0xc hal/diskphys.32
 .comment       0x0000000000000000       0x12 hal/diskphys.32
 .comment       0x0000000000000000       0x12 hal/fpu.32
 .comment       0x0000000000000000       0x12 hal/intctrl.32
 .group         0x0000000000000000        0xc hal/keybrd.32
 .comment       0x0000000000000000       0x12 hal/keybrd.32
 .group         0x0000000000000000        0xc hal/logidisk.32
 .comment       0x0000000000000000       0x12 hal/logidisk.32
 .group         0x0000000000000000        0xc hal/mouse.32
 .comment       0x0000000000000000       0x12 hal/mouse.32
[...]
Memory Configuration

Name             Origin             Length             Attributes
*default*        0x0000000000000000 0xffffffffffffffff

Linker script and memory map

LOAD D:/Users/Alex/Desktop/Banana/kernel/boot.32
LOAD crti.32
LOAD /cygdrive/d/Users/Alex/Desktop/Toolchain/Output/bin/../lib/gcc/i386-banana/8.1.0/crtbegin.o
LOAD D:/Users/Alex/Desktop/Banana/kernel/morenasm.32
LOAD acpica/utclib.32
LOAD core/malloc.32
LOAD libk/ctype.32
LOAD libk/string.32
LOAD fs/fat/diskio.32
LOAD fs/fat/ff.32
LOAD fs/fat/ffsystem.32
LOAD fs/fat/ffunicode.32
LOAD fs/iso9660/iso9660.32
LOAD core/computer.32
LOAD core/gdt.32
LOAD core/idle.32
LOAD core/idt.32
LOAD core/kheap.32
LOAD core/main.32
LOAD core/physmgr.32
LOAD core/pipe.32
LOAD core/terminal.32
LOAD core/tss.32
LOAD core/unixfile.32
LOAD core/virtmgr.32
LOAD coreobjs/c++.32
LOAD dbg/kconsole.32
LOAD fs/vfs.32
LOAD hal/bus.32
LOAD hal/buzzer.32
LOAD hal/clock.32
LOAD hal/device.32
LOAD hal/diskctrl.32
LOAD hal/diskphys.32
LOAD hal/fpu.32
LOAD hal/intctrl.32
LOAD hal/keybrd.32
LOAD hal/logidisk.32
LOAD hal/mouse.32
LOAD hal/partition.32
LOAD hal/serial.32
LOAD hal/timer.32
LOAD hal/vcache.32
LOAD hal/video.32
LOAD hw/acpi.32
LOAD hw/cpu.32
LOAD krnl/bootmsg.32
LOAD krnl/env.32
LOAD krnl/inlines.32
LOAD krnl/panic.32
LOAD krnl/powctrl.32
LOAD krnl/resolve.32
LOAD krnl/syscalls.32
LOAD reg/registry.32
LOAD sys/eject.32
LOAD sys/exit.32
LOAD sys/getcwd.32
LOAD sys/getpid.32
LOAD sys/getramdata.32
LOAD sys/getvgaptr.32
LOAD sys/loaddll.32
LOAD sys/read.32
LOAD sys/sbrk.32
LOAD sys/setcwd.32
LOAD sys/settime.32
LOAD sys/timezone.32
LOAD sys/write.32
LOAD sys/wsbe.32
LOAD sys/yield.32
LOAD thr/elf.32
LOAD thr/prcssthr.32
LOAD vm86/vm8086.32
LOAD arch/i386/hal.32
LOAD arch/i386/pic.32
LOAD arch/i386/rtc.32
LOAD arch/i386/vga.32
LOAD fs/fat/vfslink.32
LOAD fs/iso9660/helper.32
LOAD fs/iso9660/vfslink.32
LOAD hal/sound/sndcard.32
LOAD hal/sound/sndport.32
LOAD hw/bus/isa.32
LOAD hw/bus/pci.32
LOAD hw/diskctrl/ide.32
LOAD hw/diskctrl/satabus.32
LOAD hw/diskphys/ata.32
LOAD hw/diskphys/atapi.32
LOAD hw/diskphys/sata.32
LOAD hw/diskphys/satapi.32
LOAD hw/intctrl/apic.32
LOAD hw/timer/apictimer.32
LOAD hw/timer/pit.32
LOAD arch/i386/avx.32
LOAD arch/i386/interrupt.32
LOAD arch/i386/rdrand.32
LOAD arch/i386/sse.32
LOAD arch/i386/x87.32
LOAD /cygdrive/d/Users/Alex/Desktop/Toolchain/Output/bin/../lib/gcc/i386-banana/8.1.0/crtend.o
LOAD crtn.32
LOAD /cygdrive/d/Users/Alex/Desktop/Toolchain/Output/bin/../lib/gcc/i386-banana/8.1.0/libkgcc.a
LOAD D:/Users/Alex/Desktop/Banana/kernel/libsoftfp.a
LOAD D:/Users/Alex/Desktop/Banana/kernel/libk/libm32.a
                0x00000000c0000000                . = 0xc0000000

.text           0x00000000c0000000    0x1bdda
 *(.text)
 .text          0x00000000c0000000       0x20 D:/Users/Alex/Desktop/Banana/kernel/boot.32
 .text          0x00000000c0000020        0x0 crti.32
 .text          0x00000000c0000020      0x101 /cygdrive/d/Users/Alex/Desktop/Toolchain/Output/bin/../lib/gcc/i386-banana/8.1.0/crtbegin.o
 *fill*         0x00000000c0000121        0xf 
 .text          0x00000000c0000130      0x252 D:/Users/Alex/Desktop/Banana/kernel/morenasm.32
                0x00000000c0000130                manualPCIProbe
                0x00000000c000017b                prepareTramp
                0x00000000c0000194                doTPAUSE
                0x00000000c000019e                hasLegacyFPU
                0x00000000c00001c3                is486
                0x00000000c00001f9                detectCPUID
                0x00000000c000020f                goToVM86
                0x00000000c000023f                goToUsermode
                0x00000000c0000269                switchToThreadASMFirstTime
                0x00000000c0000277                switchToThreadASM
                0x00000000c00002ff                asmQuickAcquireLock
                0x00000000c000031d                asmQuickReleaseLock
                0x00000000c0000329                asmAcquireLock
                0x00000000c000034a                asmReleaseLock
                0x00000000c000035d                loadGDT
                0x00000000c000037d                memcpy
 *fill*         0x00000000c0000382        0xe 
 .text          0x00000000c0000390      0x79e acpica/utclib.32
                0x00000000c0000390                memcmp
                0x00000000c00003e0                memmove
                0x00000000c00004d0                memset
                0x00000000c0000540                strlen
                0x00000000c0000570                strpbrk
                0x00000000c00005b0                strtok
                0x00000000c0000600                strcpy
                0x00000000c0000630                strncpy
                0x00000000c00006e0                strcmp
                0x00000000c0000730                strchr
                0x00000000c0000760                strncmp
                0x00000000c00007c0                strcat
                0x00000000c00007f0                strncat
                0x00000000c0000850                strstr
                0x00000000c00008b0                toupper
                0x00000000c00008d0                tolower
                0x00000000c00008f0                simple_strtoul
 .text          0x00000000c0000b2e      0xfad core/malloc.32
                0x00000000c0000c99                dlfree
                0x00000000c0000ff4                dlmalloc
                0x00000000c0001531                dlrealloc
                0x00000000c00016d4                dlmemalign
                0x00000000c00017f7                dlcalloc
                0x00000000c0001891                dlcfree
                0x00000000c0001896                dlindependent_calloc
                0x00000000c00018bb                dlindependent_comalloc
                0x00000000c00018d2                dlvalloc
                0x00000000c00018fd                dlpvalloc
                0x00000000c0001933                dlmalloc_trim
                0x00000000c0001940                dlmalloc_usable_size
                0x00000000c0001971                dlmallinfo
                0x00000000c0001a40                dlmalloc_stats
                0x00000000c0001a51                dlmallopt
 *fill*         0x00000000c0001adb        0x1 
 .text          0x00000000c0001adc      0x1f2 libk/ctype.32
                0x00000000c0001adc                isblank
                0x00000000c0001afc                iscntrl
                0x00000000c0001b1c                isdigit
                0x00000000c0001b38                islower
                0x00000000c0001b54                isspace
                0x00000000c0001b7c                isupper
                0x00000000c0001b98                isalpha
                0x00000000c0001bc8                isalnum
                0x00000000c0001bf8                ispunct
                0x00000000c0001c38                isgraph
                0x00000000c0001c68                isprint
                0x00000000c0001c90                isxdigit
 .text          0x00000000c0001cce        0x0 libk/string.32
 .text          0x00000000c0001cce       0x51 fs/fat/diskio.32
                0x00000000c0001cce                disk_status
                0x00000000c0001cd1                disk_initialize
                0x00000000c0001cd4                disk_read
                0x00000000c0001cea                disk_write
                0x00000000c0001d00                disk_ioctl
 .text          0x00000000c0001d1f     0x3d4b fs/fat/ff.32
                0x00000000c0003abb                f_mount
                0x00000000c0003b1d                f_open
                0x00000000c0003de8                f_read
                0x00000000c0003fe7                f_write
                0x00000000c000421b                f_sync
                0x00000000c00042d0                f_close
                0x00000000c00042ff                f_lseek
                0x00000000c00044a6                f_opendir
                0x00000000c0004571                f_closedir
                0x00000000c0004593                f_readdir
                0x00000000c0004625                f_stat
                0x00000000c00046a4                f_getfree
                0x00000000c00047a6                f_truncate
                0x00000000c000488a                f_unlink
                0x00000000c00049ac                f_mkdir
                0x00000000c0004b47                f_rename
                0x00000000c0004cfd                f_chmod
                0x00000000c0004da6                f_utime
                0x00000000c0004e54                f_getlabel
                0x00000000c0004fa5                f_setlabel
                0x00000000c0005135                f_expand
                0x00000000c0005295                f_mkfs
 *fill*         0x00000000c0005a6a        0x2 
 .text          0x00000000c0005a6c       0x2f fs/fat/ffsystem.32
                0x00000000c0005a6c                ff_memalloc
                0x00000000c0005a84                ff_memfree
 *fill*         0x00000000c0005a9b        0x1 
 .text          0x00000000c0005a9c      0x2a8 fs/fat/ffunicode.32
                0x00000000c0005a9c                ff_uni2oem
                0x00000000c0005b3c                ff_oem2uni
                0x00000000c0005bb4                ff_wtoupper
 .text          0x00000000c0005d44      0xc76 fs/iso9660/iso9660.32
                0x00000000c0005f63                isoReadDiscSector
                0x00000000c0005ffe                strnicmp
                0x00000000c00062b1                stricmp
                0x00000000c00062fd                iso_open
                0x00000000c0006387                iso_close
                0x00000000c00063a5                iso_read
                0x00000000c00064bb                iso_seek
                0x00000000c000653f                iso_tell
                0x00000000c0006570                iso_total
                0x00000000c000659b                fn_postprocess
                0x00000000c00065c1                iso_readdir
                0x00000000c00067b2                iso_reset
                0x00000000c00067bf                init_percd
                0x00000000c00068b9                iso_ioctl
                0x00000000c00068c1                fs_iso9660_init
                0x00000000c000694a                fs_iso9660_shutdown
 .text          0x00000000c00069ba      0x685 core/computer.32
                0x00000000c00069ba                Computer::close(int, int, void*)
                0x00000000c00069ff                Krnl::firstTask()
                0x00000000c0006b32                Computer::Computer()
                0x00000000c0006b32                Computer::Computer()
                0x00000000c0006be4                Computer::setBootMessage(char const*)
                0x00000000c0006be6                Computer::detectFeatures()
                0x00000000c0006df0                Computer::displayFeatures()
                0x00000000c0006df2                Computer::rdmsr(unsigned int)
                0x00000000c0006e1e                Computer::wrmsr(unsigned int, unsigned long long)
                0x00000000c0006e56                Computer::shutdown()
                0x00000000c0006e6e                Computer::restart()
                0x00000000c0006e86                Computer::sleep()
                0x00000000c0006e9a                Computer::nmiEnabled()
                0x00000000c0006ea6                Computer::readCMOS(unsigned char)
                0x00000000c0006ec0                Computer::enableNMI(bool)
                0x00000000c0006ed8                Computer::open(int, int, void*)
                0x00000000c0006fac                Computer::disableNMI()
                0x00000000c0006fbc                Computer::writeCMOS(unsigned char, unsigned char)
                0x00000000c0006fda                Computer::handleNMI()
 *fill*         0x00000000c000703f        0x1 
 .text          0x00000000c0007040      0x1cf core/gdt.32
                0x00000000c0007040                GDTEntry::setBase(unsigned int)
                0x00000000c000705c                GDTEntry::setLimit(unsigned int)
                0x00000000c000707a                GDT::GDT()
                0x00000000c000707a                GDT::GDT()
                0x00000000c0007090                GDT::addEntry(GDTEntry)
                0x00000000c00070b2                GDT::getNumberOfEntries()
                0x00000000c00070ba                GDT::flush()
                0x00000000c00070dc                GDT::setup()
 .text          0x00000000c000720f       0x1d core/idle.32
                0x00000000c000720f                idleFunction(void*)
 .text          0x00000000c000722c      0x464 core/idt.32
                0x00000000c000722c                IDTEntry::IDTEntry(bool)
                0x00000000c000722c                IDTEntry::IDTEntry(bool)
                0x00000000c000729e                IDTEntry::setOffset(unsigned int)
                0x00000000c00072b4                IDT::IDT()
                0x00000000c00072b4                IDT::IDT()
                0x00000000c00072b6                IDT::getPointerToInvalidOpcodeEntryForF00F()
                0x00000000c00072be                IDT::addEntry(IDTEntry, int)
                0x00000000c00072d8                IDT::addEntry(int, void (*)(), bool)
                0x00000000c0007310                IDT::flush()
                0x00000000c000732a                IDT::setup()
 .text          0x00000000c0007690      0x183 core/kheap.32
                0x00000000c0007690                sbrk
                0x00000000c0007725                mmap
                0x00000000c000773b                munmap
                0x00000000c0007751                liballoc_lock()
                0x00000000c000775e                liballoc_unlock()
                0x00000000c0007772                liballoc_alloc(int)
                0x00000000c000778a                liballoc_free(void*, int)
                0x00000000c00077a5                realloc
                0x00000000c00077b9                malloc
                0x00000000c00077c9                free
                0x00000000c00077d9                rfree
                0x00000000c00077e9                calloc
 .text          0x00000000c0007813       0xc3 core/main.32
                0x00000000c0007813                KeEntryPoint
 .text          0x00000000c00078d6      0x5dc core/physmgr.32
                0x00000000c00078d6                Phys::allocateDMA(unsigned long)
                0x00000000c00079ad                Phys::freeDMA(unsigned long, unsigned long)
                0x00000000c00079e0                Phys::setPageState(unsigned long, bool)
                0x00000000c0007a12                Phys::getPageState(unsigned long)
                0x00000000c0007a33                Phys::freePage(unsigned long)
                0x00000000c0007a95                Phys::allocatePage()
                0x00000000c0007b53                Phys::allocateContiguousPages(int)
                0x00000000c0007baf                Phys::allowSegmentToBeUsed(unsigned long, unsigned long)
                0x00000000c0007be7                Phys::physicalMemorySetup(unsigned int)
 .text          0x00000000c0007eb2      0x273 core/pipe.32
                0x00000000c0007eb2                Pipe::isAtty()
                0x00000000c0007eb6                Pipe::~Pipe()
                0x00000000c0007eb6                Pipe::~Pipe()
                0x00000000c0007eda                Pipe::~Pipe()
                0x00000000c0007f02                Pipe::write(unsigned long long, void*, int*)
                0x00000000c0007fc2                Pipe::read(unsigned long long, void*, int*)
                0x00000000c00080be                Pipe::Pipe(int)
                0x00000000c00080be                Pipe::Pipe(int)
 *fill*         0x00000000c0008125        0x1 
 .text          0x00000000c0008126      0xa1e core/terminal.32
                0x00000000c0008126                VgaText::isAtty()
                0x00000000c000812a                VgaText::~VgaText()
                0x00000000c000812a                VgaText::~VgaText()
                0x00000000c000814e                VgaText::~VgaText()
                0x00000000c0008178                VgaText::read(unsigned long long, void*, int*)
                0x00000000c0008198                setTerminalScrollLock(bool)
                0x00000000c0008199                doTerminalCycle()
                0x00000000c000819a                addToTerminalCycle(VgaText*)
                0x00000000c000819b                scrollTerminalScrollLock(int)
                0x00000000c000819c                VgaText::updateTitle()
                0x00000000c000819e                VgaText::load()
                0x00000000c00081a0                VgaText::updateCursor()
                0x00000000c00081b6                VgaText::doANSI_SGR(int)
                0x00000000c000822a                VgaText::setDefaultBgColour(VgaColour)
                0x00000000c000823a                VgaText::setDefaultFgColour(VgaColour)
                0x00000000c000824a                VgaText::setDefaultColours(VgaColour, VgaColour)
                0x00000000c000826a                VgaText::setTitleTextColour(VgaColour)
                0x00000000c0008276                VgaText::setTitleColour(VgaColour)
                0x00000000c0008282                VgaText::setTitle(char*)
                0x00000000c0008284                VgaText::combineColours(unsigned char, unsigned char)
                0x00000000c0008296                VgaText::scrollScreen()
                0x00000000c000832e                VgaText::combineCharAndColour(char, unsigned char)
                0x00000000c0008340                VgaText::writeCharacter(char, VgaColour, VgaColour, int, int)
                0x00000000c00083d0                VgaText::getCursorX()
                0x00000000c00083d8                VgaText::getCursorY()
                0x00000000c00083e0                VgaText::setCursor(int, int)
                0x00000000c00083f7                setActiveTerminal(VgaText*)
                0x00000000c0008442                VgaText::clearScreen()
                0x00000000c0008490                VgaText::setCursorX(int)
                0x00000000c00084a8                VgaText::setCursorY(int)
                0x00000000c00084c0                VgaText::incrementCursor(bool)
                0x00000000c0008514                VgaText::decrementCursor(bool)
                0x00000000c0008536                VgaText::putchar(char, VgaColour, VgaColour)
                0x00000000c0008604                VgaText::putchar(char)
                0x00000000c00086f0                VgaText::putx(unsigned int)
                0x00000000c0008736                VgaText::puts(char const*)
                0x00000000c000875c                VgaText::write(unsigned long long, void*, int*)
                0x00000000c00087a8                VgaText::puts(char const*, VgaColour, VgaColour)
                0x00000000c00088fa                VgaText::VgaText(char const*)
                0x00000000c00088fa                VgaText::VgaText(char const*)
                0x00000000c0008a46                VgaText::receiveKey(unsigned char)
                0x00000000c0008b1e                VgaText::doUpdate()
                0x00000000c0008b1f                newTerminal(char*)
 .text          0x00000000c0008b44      0x1a1 core/tss.32
                0x00000000c0008b44                TSS::TSS()
                0x00000000c0008b44                TSS::TSS()
                0x00000000c0008b54                TSS::setESP(unsigned long)
                0x00000000c0008b68                TSS::flush()
                0x00000000c0008b88                TSS::setup(unsigned long, unsigned long)
 *fill*         0x00000000c0008ce5        0x1 
 .text          0x00000000c0008ce6      0x4c2 core/unixfile.32
                0x00000000c0008ce6                ReservedFilename::read(unsigned long long, void*, int*)
                0x00000000c0008d3c                ReservedFilename::isAtty()
                0x00000000c0008d58                ReservedFilename::write(unsigned long long, void*, int*)
                0x00000000c0008db6                UnixFile::getFileDescriptor()
                0x00000000c0008dbe                UnixFile::UnixFile(int)
                0x00000000c0008dbe                UnixFile::UnixFile(int)
                0x00000000c0008f6e                ReservedFilename::ReservedFilename(int)
                0x00000000c0008f6e                ReservedFilename::ReservedFilename(int)
                0x00000000c0008fa0                UnixFile::~UnixFile()
                0x00000000c0008fa0                UnixFile::~UnixFile()
                0x00000000c0009038                UnixFile::~UnixFile()
                0x00000000c0009060                ReservedFilename::~ReservedFilename()
                0x00000000c0009060                ReservedFilename::~ReservedFilename()
                0x00000000c0009084                ReservedFilename::~ReservedFilename()
                0x00000000c00090ab                getFromFileDescriptor(int)
 .text          0x00000000c00091a8     0x1166 core/virtmgr.32
                0x00000000c00091a8                Virt::setPageState(unsigned long, Virt::VirtPageState)
                0x00000000c00091dd                Virt::getPageState(unsigned long)
                0x00000000c0009201                Virt::allocateKernelVirtualPages(int)
                0x00000000c0009312                Virt::freeSwapfilePage(unsigned long)
                0x00000000c0009330                Virt::swapIDToSector(unsigned long)
                0x00000000c0009342                Virt::allocateSwapfilePage()
                0x00000000c00093c0                Virt::virtualMemorySetup()
                0x00000000c000940b                Virt::setupPageSwapping(int)
                0x00000000c000947c                VAS::VAS()
                0x00000000c000947c                VAS::VAS()
                0x00000000c00094b8                VAS::VAS(VAS*)
                0x00000000c00094b8                VAS::VAS(VAS*)
                0x00000000c00094e6                VAS::getForeignPageTableEntry(bool, unsigned long)
                0x00000000c0009512                VAS::getPageTableEntry(unsigned long)
                0x00000000c0009531                Virt::freeKernelVirtualPages(unsigned long)
                0x00000000c0009656                VAS::freeAllocatedPages(unsigned long)
                0x00000000c000967a                VAS::virtualToPhysical(unsigned long)
                0x00000000c0009694                VAS::reflagRange(unsigned long, int, int, int)
                0x00000000c00096d4                VAS::setToWriteCombining(unsigned long, int)
                0x00000000c0009708                VAS::mapOtherVASIn(bool, VAS*)
                0x00000000c0009732                VAS::~VAS()
                0x00000000c0009732                VAS::~VAS()
                0x00000000c0009896                VAS::mapPage(unsigned long, unsigned long, int)
                0x00000000c000999a                VAS::allocatePages(int, int)
                0x00000000c0009b72                VAS::setCPUSpecific(unsigned long)
                0x00000000c0009b90                VAS::mapRange(unsigned long, unsigned long, int, int)
                0x00000000c0009c56                VAS::mapForeignPage(bool, VAS*, unsigned long, unsigned long, int)
                0x00000000c0009d44                VAS::VAS(bool)
                0x00000000c0009d44                VAS::VAS(bool)
                0x00000000c0009fc4                VAS::evict(unsigned long)
                0x00000000c000a086                VAS::tryLoadBackOffDisk(unsigned long)
                0x00000000c000a174                VAS::scanForEviction()
                0x00000000c000a254                mapVASFirstTime
 .text          0x00000000c000a30e       0x5f coreobjs/c++.32
                0x00000000c000a30e                __cxa_atexit
                0x00000000c000a311                __cxa_finalize
                0x00000000c000a312                __stack_chk_fail
                0x00000000c000a348                __cxa_pure_virtual
                0x00000000c000a359                operator new[](unsigned long)
                0x00000000c000a35e                operator delete(void*, unsigned long)
                0x00000000c000a363                operator delete[](void*)
                0x00000000c000a368                operator delete[](void*, unsigned long)
 .text          0x00000000c000a36d      0x21c dbg/kconsole.32
                0x00000000c000a36d                Dbg::stringifyxWithBase(unsigned int, char*, int)
                0x00000000c000a3d8                Dbg::logc(char)
                0x00000000c000a3f8                Dbg::logs(char*)
                0x00000000c000a415                Dbg::logWriteInt(unsigned int)
                0x00000000c000a433                Dbg::logWriteIntBase(unsigned int, int)
                0x00000000c000a454                Dbg::kprintf(char const*, ...)
 *fill*         0x00000000c000a589        0x1 
 .text          0x00000000c000a58a      0xc5c fs/vfs.32
                0x00000000c000a58a                File::read(unsigned long long, void*, int*)
                0x00000000c000a5e2                File::write(unsigned long long, void*, int*)
                0x00000000c000a63a                Directory::read(unsigned long long, void*, int*)
                0x00000000c000a692                Directory::write(unsigned long long, void*, int*)
                0x00000000c000a6c0                File::isAtty()
                0x00000000c000a6c4                Directory::isAtty()
                0x00000000c000a6c8                Filesystem::getlabel(LogicalDisk*, int, char*, unsigned int*)
                0x00000000c000a6ce                Filesystem::setlabel(LogicalDisk*, int, char*)
                0x00000000c000a6d4                Filesystem::allocateSwapfile(char const*, int)
                0x00000000c000a6da                File::~File()
                0x00000000c000a6da                File::~File()
                0x00000000c000a6fe                File::~File()
                0x00000000c000a728                Directory::~Directory()
                0x00000000c000a728                Directory::~Directory()
                0x00000000c000a74c                Directory::~Directory()
                0x00000000c000a776                Filesystem::Filesystem()
                0x00000000c000a776                Filesystem::Filesystem()
                0x00000000c000a79a                Filesystem::~Filesystem()
                0x00000000c000a79a                Filesystem::~Filesystem()
                0x00000000c000a7a8                Filesystem::~Filesystem()
                0x00000000c000a7cc                Fs::getcwd(Process*, char*, int)
                0x00000000c000a7f6                Fs::initVFS()
                0x00000000c000a820                Fs::standardiseFiles(char*, char const*, char const*)
                0x00000000c000a9ca                File::File(char const*, Process*)
                0x00000000c000a9ca                File::File(char const*, Process*)
                0x00000000c000aa8a                File::open(FileOpenMode)
                0x00000000c000aae8                File::close()
                0x00000000c000ab48                File::seek(unsigned long long)
                0x00000000c000ab9e                File::tell(unsigned long long*)
                0x00000000c000abee                File::rewind()
                0x00000000c000ac02                File::unlink()
                0x00000000c000ac4e                File::rename(char const*)
                0x00000000c000ac9c                File::chfatattr(unsigned char, unsigned char)
                0x00000000c000acf8                File::exists()
                0x00000000c000ad36                File::stat(unsigned long long*, bool*)
                0x00000000c000ad97                Fs::setcwd(Process*, char*)
                0x00000000c000aef4                Directory::Directory(char const*, Process*)
                0x00000000c000aef4                Directory::Directory(char const*, Process*)
                0x00000000c000afb4                Directory::open()
                0x00000000c000b010                Directory::close()
                0x00000000c000b070                Directory::unlink()
                0x00000000c000b0bc                Directory::rename(char const*)
                0x00000000c000b10a                Directory::exists()
                0x00000000c000b148                Directory::read(dirent*)
                0x00000000c000b194                Directory::create()
                0x00000000c000b1e0                Filesystem::chfatattr(char const*, unsigned char, unsigned char)
 *fill*         0x00000000c000b1e6        0x2 
 .text          0x00000000c000b1e8       0x86 hal/bus.32
                0x00000000c000b1e8                Bus::Bus(char const*)
                0x00000000c000b1e8                Bus::Bus(char const*)
                0x00000000c000b220                Bus::~Bus()
                0x00000000c000b220                Bus::~Bus()
                0x00000000c000b244                Bus::~Bus()
 .text          0x00000000c000b26e       0x96 hal/buzzer.32
                0x00000000c000b26e                beepThread(void*)
                0x00000000c000b2ab                Krnl::beep(int, int, bool)
 .text          0x00000000c000b304      0x46d hal/clock.32
                0x00000000c000b304                User::loadClockSettings(int)
                0x00000000c000b356                Clock::Clock(char const*)
                0x00000000c000b356                Clock::Clock(char const*)
                0x00000000c000b38c                Clock::~Clock()
                0x00000000c000b38c                Clock::~Clock()
                0x00000000c000b3b0                Clock::~Clock()
                0x00000000c000b3da                Clock::timeInSecondsLocal()
                0x00000000c000b422                Clock::setTimeInSecondsLocal(unsigned long long)
                0x00000000c000b47b                datetimeToSeconds(datetime_t)
                0x00000000c000b5a8                Clock::setTimeInDatetimeLocal(datetime_t)
                0x00000000c000b608                secondsToDatetime(unsigned long long)
                0x00000000c000b74c                Clock::timeInDatetimeLocal()
 *fill*         0x00000000c000b771        0x1 
 .text          0x00000000c000b772      0x464 hal/device.32
                0x00000000c000b772                Device::hibernate()
                0x00000000c000b774                Device::wake()
                0x00000000c000b776                Device::detect()
                0x00000000c000b778                Device::disableLegacy()
                0x00000000c000b77a                Device::powerSaving(PowerSavingLevel)
                0x00000000c000b77c                DriverlessDevice::close(int, int, void*)
                0x00000000c000b780                DriverlessDevice::detect()
                0x00000000c000b782                DriverlessDevice::open(int, int, void*)
                0x00000000c000b796                Device::~Device()
                0x00000000c000b796                Device::~Device()
                0x00000000c000b7a4                Device::~Device()
                0x00000000c000b7cc                Device::findAndLoadDriver()
                0x00000000c000b7da                Device::preOpenPCI(PCIDeviceInfo)
                0x00000000c000b800                Device::preOpenACPI(void*, char*, char*)
                0x00000000c000b840                Device::addIRQHandler(int, void (*)(regs*, void*), bool, void*)
                0x00000000c000b86a                Device::getParent()
                0x00000000c000b876                Device::removeIRQHandler(int, void (*)(regs*, void*), bool)
                0x00000000c000b894                Device::addChild(Device*)
                0x00000000c000b8d8                Device::removeAllChildren()
                0x00000000c000b91e                Device::hibernateAll()
                0x00000000c000b94e                Device::wakeAll()
                0x00000000c000b97e                Device::detectAll()
                0x00000000c000b9ae                Device::disableLegacyAll()
                0x00000000c000b9b0                Device::loadDriversForAll()
                0x00000000c000b9b2                Device::closeAll()
                0x00000000c000b9e8                Device::powerSavingAll(PowerSavingLevel)
                0x00000000c000ba1e                Device::setName(char const*)
                0x00000000c000ba2c                Device::Device(char const*)
                0x00000000c000ba2c                Device::Device(char const*)
                0x00000000c000bb28                Device::getName()
                0x00000000c000bb32                DriverlessDevice::DriverlessDevice(char const*)
                0x00000000c000bb32                DriverlessDevice::DriverlessDevice(char const*)
                0x00000000c000bb68                Device::addToLinkedList(LinkedList<Device>&, DeviceType)
                0x00000000c000bbac                getDevicesOfType(DeviceType)
 *fill*         0x00000000c000bbd6        0x2 
 .text          0x00000000c000bbd8       0x86 hal/diskctrl.32
                0x00000000c000bbd8                HardDiskController::HardDiskController(char const*)
                0x00000000c000bbd8                HardDiskController::HardDiskController(char const*)
                0x00000000c000bc10                HardDiskController::~HardDiskController()
                0x00000000c000bc10                HardDiskController::~HardDiskController()
                0x00000000c000bc34                HardDiskController::~HardDiskController()
 .text          0x00000000c000bc5e       0xe2 hal/diskphys.32
                0x00000000c000bc5e                PhysicalDisk::eject()
                0x00000000c000bc62                PhysicalDisk::PhysicalDisk(char const*, int)
                0x00000000c000bc62                PhysicalDisk::PhysicalDisk(char const*, int)
                0x00000000c000bcca                PhysicalDisk::startCache()
                0x00000000c000bcf2                PhysicalDisk::~PhysicalDisk()
                0x00000000c000bcf2                PhysicalDisk::~PhysicalDisk()
                0x00000000c000bd16                PhysicalDisk::~PhysicalDisk()
 .text          0x00000000c000bd40        0x0 hal/fpu.32
 .text          0x00000000c000bd40      0x35d hal/intctrl.32
                0x00000000c000bd40                int_handler
                0x00000000c000bdc8                installISRHandler(int, void (*)(regs*, void*), void*)
                0x00000000c000be10                installIRQHandler(int, void (*)(regs*, void*), bool, void*)
                0x00000000c000bf48                uninstallISRHandler(int, void (*)(regs*, void*))
                0x00000000c000bf7c                uninstallIRQHandler(int, void (*)(regs*, void*), bool)
                0x00000000c000bffb                setupINTS()
                0x00000000c000c058                convertLegacyIRQNumber(int)
 *fill*         0x00000000c000c09d        0x1 
 .text          0x00000000c000c09e      0x78c hal/keybrd.32
                0x00000000c000c09e                startGUI(void*)
                0x00000000c000c10a                startGUIVESA(void*)
                0x00000000c000c176                sendKeyToTerminal(unsigned char)
                0x00000000c000c239                sendKeyboardToken(KeyboardToken)
                0x00000000c000c679                clearInternalKeybuffer(VgaText*)
                0x00000000c000c6ae                readKeyboard(VgaText*, char*, unsigned long)
                0x00000000c000c7a0                Keyboard::Keyboard(char const*)
                0x00000000c000c7a0                Keyboard::Keyboard(char const*)
                0x00000000c000c7dc                Keyboard::~Keyboard()
                0x00000000c000c7dc                Keyboard::~Keyboard()
                0x00000000c000c800                Keyboard::~Keyboard()
 .text          0x00000000c000c82a      0x3ea hal/logidisk.32
                0x00000000c000c82a                LogicalDisk::close(int, int, void*)
                0x00000000c000c82e                LogicalDisk::~LogicalDisk()
                0x00000000c000c82e                LogicalDisk::~LogicalDisk()
                0x00000000c000c852                LogicalDisk::~LogicalDisk()
                0x00000000c000c87c                LogicalDisk::open(int, int, void*)
                0x00000000c000c890                LogicalDisk::absoluteToRelative(unsigned long long)
                0x00000000c000c8c8                LogicalDisk::relativeToAbsolute(unsigned long long)
                0x00000000c000c90e                LogicalDisk::LogicalDisk(char const*, PhysicalDisk*, unsigned long long, unsigned long long)
                0x00000000c000c90e                LogicalDisk::LogicalDisk(char const*, PhysicalDisk*, unsigned long long, unsigned long long)
                0x00000000c000c9c4                LogicalDisk::assignDriveLetter()
                0x00000000c000ca7a                LogicalDisk::mount()
                0x00000000c000cac2                LogicalDisk::unmount()
                0x00000000c000cad2                LogicalDisk::eject()
                0x00000000c000cae6                LogicalDisk::unassignDriveLetter()
                0x00000000c000cb3c                LogicalDisk::read(unsigned long long, int, void*)
                0x00000000c000cba8                LogicalDisk::write(unsigned long long, int, void*)
 .text          0x00000000c000cc14       0x86 hal/mouse.32
                0x00000000c000cc14                Mouse::Mouse(char const*)
                0x00000000c000cc14                Mouse::Mouse(char const*)
                0x00000000c000cc4c                Mouse::~Mouse()
                0x00000000c000cc4c                Mouse::~Mouse()
                0x00000000c000cc70                Mouse::~Mouse()
 .text          0x00000000c000cc9a      0x339 hal/partition.32
                0x00000000c000cc9a                makePartition(PhysicalDisk*, unsigned long long, unsigned long long)
                0x00000000c000cd42                createPartitionsForDisk(PhysicalDisk*)
 *fill*         0x00000000c000cfd3        0x1 
 .text          0x00000000c000cfd4       0x86 hal/serial.32
                0x00000000c000cfd4                Serial::Serial(char const*)
                0x00000000c000cfd4                Serial::Serial(char const*)
                0x00000000c000d00c                Serial::~Serial()
                0x00000000c000d00c                Serial::~Serial()
                0x00000000c000d030                Serial::~Serial()
 *fill*         0x00000000c000d05a        0x2 
 .text          0x00000000c000d05c      0x234 hal/timer.32
                0x00000000c000d05c                Timer::Timer(char const*)
                0x00000000c000d05c                Timer::Timer(char const*)
                0x00000000c000d094                Timer::~Timer()
                0x00000000c000d094                Timer::~Timer()
                0x00000000c000d0b8                Timer::~Timer()
                0x00000000c000d0e2                Timer::read()
                0x00000000c000d0ed                setupTimer(int)
                0x00000000c000d128                timerHandler(unsigned int)
 .text          0x00000000c000d290      0x3ee hal/vcache.32
                0x00000000c000d290                VCache::VCache(PhysicalDisk*)
                0x00000000c000d290                VCache::VCache(PhysicalDisk*)
                0x00000000c000d3f8                VCache::invalidateReadBuffer()
                0x00000000c000d408                VCache::writeWriteBuffer()
                0x00000000c000d454                VCache::~VCache()
                0x00000000c000d454                VCache::~VCache()
                0x00000000c000d4a8                VCache::~VCache()
                0x00000000c000d4d0                VCache::write(unsigned long long, int, void*)
                0x00000000c000d5e6                VCache::read(unsigned long long, int, void*)
 .text          0x00000000c000d67e      0x4b3 hal/video.32
                0x00000000c000d67e                Video::putrect(int, int, int, int, unsigned int)
                0x00000000c000d6ca                Video::bitblit(int, int, int, int, int, int, int, unsigned int*)
                0x00000000c000d73a                Video::blit(unsigned int*, int, int, int, int)
                0x00000000c000d7b8                Video::clearScreen(unsigned int)
                0x00000000c000d7ec                Video::putpixel(int, int, unsigned int)
                0x00000000c000d7fa                Video::Video(char const*)
                0x00000000c000d7fa                Video::Video(char const*)
                0x00000000c000d830                Video::~Video()
                0x00000000c000d830                Video::~Video()
                0x00000000c000d854                Video::~Video()
                0x00000000c000d87e                Video::isMonochrome()
                0x00000000c000d88a                Video::getWidth()
                0x00000000c000d896                Video::getHeight()
                0x00000000c000d8a2                Video::drawCursor(int, int, unsigned char*, int)
                0x00000000c000d95e                Video::tgaParse(unsigned char*, int, int*, int*)
                0x00000000c000dac6                Video::putTGA(int, int, unsigned char*, int)
 *fill*         0x00000000c000db31        0x3 
 .text          0x00000000c000db34     0x1307 hw/acpi.32
                0x00000000c000db34                ACPI::close(int, int, void*)
                0x00000000c000dbec                findRSDP()
                0x00000000c000dc7c                loadACPITables(unsigned char*)
                0x00000000c000dee0                findRSDT(unsigned char*)
                0x00000000c000e030                findDataTable(unsigned char*, char*)
                0x00000000c000e0a8                scanMADT()
                0x00000000c000e57c                ACPI::ACPI()
                0x00000000c000e57c                ACPI::ACPI()
                0x00000000c000e5d0                ACPI::getPCIIRQAssignment(unsigned char, unsigned short, unsigned char)
                0x00000000c000e6b8                ACPI::registerPCIIRQAssignment(void*, unsigned short, unsigned char, unsigned char)
                0x00000000c000e780                ACPI::setScreenBrightnessLevel(void*, int)
                0x00000000c000e788                ACPI::detectPCI()
                0x00000000c000e990                ACPI::writeSimpleBootFlag(SimpleBootFlagTable*)
                0x00000000c000e9e4                ACPI::sleep()
                0x00000000c000ea00                ACPI::open(int, int, void*)
 *fill*         0x00000000c000ee3b        0x1 
 .text          0x00000000c000ee3c      0xb95 hw/cpu.32
                0x00000000c000ee3c                CPU::close(int, int, void*)
                0x00000000c000ee40                CPU::AMD_K6_write_msr(unsigned int, unsigned int, unsigned int, CPU::REGS*)
                0x00000000c000ee5c                CPU::AMD_K6_read_msr(unsigned int, CPU::REGS*)
                0x00000000c000ee74                CPU::AMD_K6_writeback(int, int, int)
                0x00000000c000eee8                CPU::cpuid(int, unsigned long*, unsigned long*, unsigned long*, unsigned long*)
                0x00000000c000ef6c                CPU::cpuidCheckEDX(unsigned int)
                0x00000000c000ef9a                CPU::cpuidCheckECX(unsigned int)
                0x00000000c000efc8                CPU::cpuidCheckExtendedEBX(unsigned int)
                0x00000000c000eff6                CPU::cpuidCheckExtendedECX(unsigned int)
                0x00000000c000f024                CPU::CPU()
                0x00000000c000f024                CPU::CPU()
                0x00000000c000f0b2                CPU::displayFeatures()
                0x00000000c000f0b4                CPU::detectFeatures()
                0x00000000c000f778                CPU::setupSMEP()
                0x00000000c000f784                CPU::setupUMIP()
                0x00000000c000f78e                CPU::setupTSC()
                0x00000000c000f798                CPU::setupLargePages()
                0x00000000c000f7a2                CPU::setupPAT()
                0x00000000c000f7de                CPU::setupMTRR()
                0x00000000c000f7e0                CPU::setupGlobalPages()
                0x00000000c000f7ea                CPU::allowUsermodeDataAccess()
                0x00000000c000f7fc                CPU::prohibitUsermodeDataAccess()
                0x00000000c000f80e                CPU::setupSMAP()
                0x00000000c000f81c                CPU::setupFeatures()
                0x00000000c000f8e8                CPU::open(int, int, void*)
 .text          0x00000000c000f9d1       0xd1 krnl/bootmsg.32
                0x00000000c000f9d1                KeDisplaySplashScreen()
                0x00000000c000fa3f                KeSetBootMessage(char const*)
 .text          0x00000000c000faa2      0x581 krnl/env.32
                0x00000000c000faa2                EnvVarContainer::getEnv(char const*)
                0x00000000c000fae0                EnvVarContainer::setEnv(char const*, char const*)
                0x00000000c000fba2                EnvVarContainer::deleteEnv(char const*)
                0x00000000c000fba4                EnvVarContainer::loadFrom(char const*, char const*)
                0x00000000c000fd8a                EnvVarContainer::__loadSystem()
                0x00000000c000fda4                EnvVarContainer::__loadUser()
                0x00000000c000fda6                EnvVarContainer::EnvVarContainer(Process*)
                0x00000000c000fda6                EnvVarContainer::EnvVarContainer(Process*)
                0x00000000c000fdc8                EnvVarContainer::~EnvVarContainer()
                0x00000000c000fdc8                EnvVarContainer::~EnvVarContainer()
                0x00000000c000fdf8                Krnl::getEnv(Process*, char const*)
                0x00000000c000fe5d                Krnl::setEnvSystem(char const*, char const*)
                0x00000000c000fe77                Krnl::setEnvUser(char const*, char const*)
                0x00000000c000fe96                Krnl::setEnvProcess(Process*, char const*, char const*)
                0x00000000c000fea9                Krnl::deleteEnvSystem(char const*)
                0x00000000c000feaa                Krnl::deleteEnvUser(char const*)
                0x00000000c000feab                Krnl::deleteEnvProcess(Process*, char const*)
                0x00000000c000feac                Krnl::newProcessEnv(Process*)
                0x00000000c000fece                Krnl::copyProcessEnv(Process*, Process*)
                0x00000000c000ff1a                Krnl::loadSystemEnv()
                0x00000000c000ff48                Krnl::loadUserEnv()
                0x00000000c000ff6e                Krnl::flushEnv()
                0x00000000c000ff6f                Krnl::getProcessTotalEnvCount(Process*)
                0x00000000c000ff8f                Krnl::getProcessEnvPair(Process*, int)
 .text          0x00000000c0010023       0x94 krnl/inlines.32
                0x00000000c0010023                CPU::current()
                0x00000000c001002f                operator new(unsigned long)
                0x00000000c0010034                operator delete(void*)
                0x00000000c0010039                disableIRQs()
                0x00000000c001003b                enableIRQs()
                0x00000000c001003d                lockScheduler()
                0x00000000c0010045                unlockScheduler()
                0x00000000c0010054                lockStuff()
                0x00000000c0010062                unlockStuff()
                0x00000000c001009c                Virt::getAKernelVAS()
                0x00000000c00100a2                __not_memcpy
 .text          0x00000000c00100b7        0xc krnl/panic.32
                0x00000000c00100b7                KePanic(char const*)
 .text          0x00000000c00100c3      0x142 krnl/powctrl.32
                0x00000000c00100c3                Krnl::powerThread(void*)
                0x00000000c00100f1                Krnl::changePowerSettings(Krnl::PowerSettings)
                0x00000000c0010107                Krnl::userIOReceived()
                0x00000000c0010112                Krnl::handlePowerButton()
                0x00000000c0010147                Krnl::handleSleepButton()
                0x00000000c001017c                Krnl::setupPowerManager()
 *fill*         0x00000000c0010205        0x3 
 .text          0x00000000c0010208      0x190 krnl/resolve.32
                0x00000000c0010208                KeResolveCompatibilitySymbol(char*)
 .text          0x00000000c0010398      0xc51 krnl/syscalls.32
                0x00000000c0010398                SysSeekDir(regs*)
                0x00000000c001039d                SysTellDir(regs*)
                0x00000000c00103a2                SysVerify(regs*)
                0x00000000c00103ac                SysGetArgc(regs*)
                0x00000000c00103bc                SysTTYName(regs*)
                0x00000000c00103c4                SysFormatDisk(regs*)
                0x00000000c0010431                SysSetDiskVolumeLabel(regs*)
                0x00000000c001047b                SysGetDiskVolumeLabel(regs*)
                0x00000000c00104d0                SysShutdown(regs*)
                0x00000000c001052e                SysRealpath(regs*)
                0x00000000c0010571                SysReadDir(regs*)
                0x00000000c00105f1                SysIsATTY(regs*)
                0x00000000c001064d                SysSeek(regs*)
                0x00000000c00106a6                SysTell(regs*)
                0x00000000c0010715                SysSize(regs*)
                0x00000000c001078a                SysSizeFromFilename(regs*)
                0x00000000c001083d                SysClose(regs*)
                0x00000000c001089d                SysOpenDir(regs*)
                0x00000000c0010914                SysCloseDir(regs*)
                0x00000000c0010968                SysMakeDir(regs*)
                0x00000000c00109da                SysWait(regs*)
                0x00000000c00109f7                SysNotImpl(regs*)
                0x00000000c0010a12                SysPanic(regs*)
                0x00000000c0010a2d                SysRmdir(regs*)
                0x00000000c0010a94                SysUnlink(regs*)
                0x00000000c0010afb                SysGetArgv(regs*)
                0x00000000c0010b48                SysUSleep(regs*)
                0x00000000c0010b71                SysSpawn(regs*)
                0x00000000c0010bda                SysGetEnv(regs*)
                0x00000000c0010c89                SysSetFatAttrib(regs*)
                0x00000000c0010d00                SysPipe(regs*)
                0x00000000c0010d45                SysGetUnixTime(regs*)
                0x00000000c0010d59                string_ends_with(char const*, char const*)
                0x00000000c0010da3                SysOpen(regs*)
                0x00000000c0010f97                KeSystemCall(regs*, void*)
 .text          0x00000000c0010fe9      0x50e reg/registry.32
                0x00000000c0010fe9                Reg::findLineFromLoadedData(char*, char*, char*)
                0x00000000c0011141                Reg::getLineFromRegistry(char*, char*, char*, char*)
                0x00000000c0011296                Reg::getLine(char*, char*, char*)
                0x00000000c00112cd                Reg::readInt(char*, char*, int*)
                0x00000000c00113b8                Reg::readString(char*, char*, char*, int)
                0x00000000c0011439                Reg::readBool(char*, char*, bool*)
                0x00000000c001145e                Reg::readBoolWithDefault(char*, char*, bool)
                0x00000000c001148a                Reg::readIntWithDefault(char*, char*, int)
                0x00000000c00114b6                Reg::readStringWithDefault(char*, char*, char*, int, char*)
 .text          0x00000000c00114f7       0x36 sys/eject.32
                0x00000000c00114f7                SysEject(regs*)
 .text          0x00000000c001152d       0x18 sys/exit.32
                0x00000000c001152d                SysExit(regs*)
 .text          0x00000000c0011545       0x1f sys/getcwd.32
                0x00000000c0011545                SysGetCwd(regs*)
 .text          0x00000000c0011564        0xc sys/getpid.32
                0x00000000c0011564                SysGetPID(regs*)
 .text          0x00000000c0011570       0x1a sys/getramdata.32
                0x00000000c0011570                SysGetRAMData(regs*)
 .text          0x00000000c001158a       0x82 sys/getvgaptr.32
                0x00000000c001158a                SysGetVGAPtr(regs*)
 .text          0x00000000c001160c       0xa8 sys/loaddll.32
                0x00000000c001160c                SysLoadDLL(regs*)
 .text          0x00000000c00116b4       0x68 sys/read.32
                0x00000000c00116b4                SysRead(regs*)
 .text          0x00000000c001171c       0x55 sys/sbrk.32
                0x00000000c001171c                SysSbrk(regs*)
 .text          0x00000000c0011771       0x1c sys/setcwd.32
                0x00000000c0011771                SysSetCwd(regs*)
 .text          0x00000000c001178d       0x95 sys/settime.32
                0x00000000c001178d                SysSetTime(regs*)
 .text          0x00000000c0011822       0x4a sys/timezone.32
                0x00000000c0011822                SysTimezone(regs*)
 .text          0x00000000c001186c       0x68 sys/write.32
                0x00000000c001186c                SysWrite(regs*)
 .text          0x00000000c00118d4       0x62 sys/wsbe.32
                0x00000000c00118d4                SysWsbe(regs*)
 .text          0x00000000c0011936       0x25 sys/yield.32
                0x00000000c0011936                SysYield(regs*)
 .text          0x00000000c001195b     0x11e5 thr/elf.32
                0x00000000c001195b                Thr::allocateMemoryForTask(Process*, File*, unsigned long, unsigned long, unsigned long)
                0x00000000c0011be7                Thr::loadProgramIntoMemory(Process*, char const*)
                0x00000000c0011dfd                Thr::runtimeReferenceHelper()
                0x00000000c0011e10                Thr::getAddressOfKernelSymbol(char const*)
                0x00000000c0011e5f                Thr::loadKernelSymbolTable(char const*)
                0x00000000c001211d                Thr::loadDriverIntoMemory(char const*, unsigned long, bool)
                0x00000000c0012853                Thr::getDriverBaseFromAddress(unsigned long)
                0x00000000c0012885                Thr::getDriverNameFromAddress(unsigned long)
                0x00000000c00128bc                Thr::getDriverOffsetFromAddress(unsigned long)
                0x00000000c00128d6                Thr::loadDLL(char const*, bool)
                0x00000000c0012b07                Thr::executeDLL(unsigned long, void*)
 .text          0x00000000c0012b40     0x12c5 thr/prcssthr.32
                0x00000000c0012b40                userModeEntryPoint(void*)
                0x00000000c0012b68                changeTSS
                0x00000000c0012b98                switchToThread(ThreadControlBlock*)
                0x00000000c0012c4c                Process::addArgs(char**)
                0x00000000c0012cac                Process::Process(char const*, Process*, char**)
                0x00000000c0012cac                Process::Process(char const*, Process*, char**)
                0x00000000c0012e9c                Process::Process(bool, char const*, Process*, char**)
                0x00000000c0012e9c                Process::Process(bool, char const*, Process*, char**)
                0x00000000c0013058                taskStartupFunction
                0x00000000c0013064                Semaphore::Semaphore(int)
                0x00000000c0013064                Semaphore::Semaphore(int)
                0x00000000c0013094                Mutex::Mutex()
                0x00000000c0013094                Mutex::Mutex()
                0x00000000c00130a8                Process::createThread(void (*)(void*), void*, int)
                0x00000000c00131a0                Process::createUserThread()
                0x00000000c00131c0                setupMultitasking(void (*)())
                0x00000000c00132c8                schedule()
                0x00000000c0013358                Semaphore::tryAcquire()
                0x00000000c0013424                Semaphore::assertLocked(char const*)
                0x00000000c001349c                blockTaskWithSchedulerLockAlreadyHeld(TaskState)
                0x00000000c00134c4                blockTask(TaskState)
                0x00000000c00134f4                waitTask(int, int*, int)
                0x00000000c0013538                milliTenthSleepUntil(unsigned int)
                0x00000000c00135c8                milliTenthSleep(unsigned int)
                0x00000000c00135d8                sleep(unsigned int)
                0x00000000c00135f4                Semaphore::acquire()
                0x00000000c00136b0                taskReturned
                0x00000000c00136ec                Thr::processFromPID(int)
                0x00000000c001378c                unblockTask(ThreadControlBlock*)
                0x00000000c0013830                cleanupTerminatedTask(ThreadControlBlock*)
                0x00000000c0013afc                cleanerTaskFunction(void*)
                0x00000000c0013bec                terminateTask(int)
                0x00000000c0013cb8                Thr::terminateFromIRQ(int)
                0x00000000c0013cc8                Semaphore::release()
 .text          0x00000000c0013e05      0xb93 vm86/vm8086.32
                0x00000000c0013e05                Vm::inbv(unsigned short)
                0x00000000c0013e18                Vm::outbv(unsigned short, unsigned char)
                0x00000000c0013e4e                Vm::realToLinear(unsigned short, unsigned short)
                0x00000000c0013e5e                Vm::getSegment(unsigned int)
                0x00000000c0013e66                Vm::getOffset(unsigned int)
                0x00000000c0013e6b                Vm::mainloop2()
                0x00000000c0013ea5                Vm::mainVm8086Loop(void*)
                0x00000000c0013eb5                Vm::mainloop3(unsigned long)
                0x00000000c0013edb                Vm::initialise8086()
                0x00000000c0013f1e                Vm::finish8086()
                0x00000000c0013f7f                Vm::getOutput8086(unsigned char*)
                0x00000000c0013fa4                Vm::start8086FromBuffer(unsigned char*, int, unsigned short, unsigned short, unsigned short, unsigned short)
                0x00000000c001405d                Vm::start8086(char const*, unsigned short, unsigned short, unsigned short, unsigned short)
                0x00000000c00141c5                Vm::doISR(regs*, int, unsigned char*, unsigned short, unsigned short)
                0x00000000c001424f                Vm::readByteFromReal(unsigned short, unsigned short)
                0x00000000c0014260                Vm::readWordFromReal(unsigned short, unsigned short)
                0x00000000c0014272                Vm::readDwordFromReal(unsigned short, unsigned short)
                0x00000000c0014283                Vm::writeByteFromReal(unsigned short, unsigned short, unsigned char)
                0x00000000c0014298                Vm::writeWordFromReal(unsigned short, unsigned short, unsigned short)
                0x00000000c00142ae                Vm::writeDwordFromReal(unsigned short, unsigned short, unsigned int)
                0x00000000c00142c3                Vm::faultHandler(regs*)
 .text          0x00000000c0014998      0xa53 arch/i386/hal.32
                0x00000000c0014998                noCopro(unsigned long)
                0x00000000c0014999                nmiHandler(regs*, void*)
                0x00000000c00149b2                doubleFault(regs*, void*)
                0x00000000c00149cb                displayDebugInfo(regs*)
                0x00000000c0014cec                HalSystemIdle()
                0x00000000c0014d62                displayProgramFault(char const*)
                0x00000000c0014dae                gpFault(regs*, void*)
                0x00000000c0014e13                pgFault(regs*, void*)
                0x00000000c0014e99                otherISRHandler(regs*, void*)
                0x00000000c0014ecd                opcodeFault(regs*, void*)
                0x00000000c0014f4d                i386SaveCoprocessor(void*)
                0x00000000c0014f61                i386LoadCoprocessor(void*)
                0x00000000c0014f75                x87EmulHandler(regs*, void*)
                0x00000000c0015012                HalInitialiseCoprocessor()
                0x00000000c00150c0                HalPanic(char const*)
                0x00000000c00151b9                HalQueryPerformanceCounter()
                0x00000000c00151d4                HalInitialise()
                0x00000000c001537a                HalMakeBeep(int)
                0x00000000c00153b4                HalGetRand()
                0x00000000c00153b7                HalEndOfInterrupt(int)
                0x00000000c00153e8                HalRestart()
                0x00000000c00153e9                HalShutdown()
                0x00000000c00153ea                HalSleep()
 *fill*         0x00000000c00153eb        0x1 
 .text          0x00000000c00153ec      0x2f4 arch/i386/pic.32
                0x00000000c00153ec                picIoWait()
                0x00000000c00153f4                picDisable()
                0x00000000c0015428                picGetIRQReg(int)
                0x00000000c00154ac                picOpen()
                0x00000000c001563c                picEOI(int)
 .text          0x00000000c00156e0      0x64d arch/i386/rtc.32
                0x00000000c00156e0                RTC::open(int, int, void*)
                0x00000000c00156e4                RTC::close(int, int, void*)
                0x00000000c00156e8                RTC::timeInSecondsUTC()
                0x00000000c00156fa                RTC::timeInDatetimeUTC()
                0x00000000c0015720                RTC::setTimeInSecondsUTC(unsigned long long)
                0x00000000c001575e                RTC::~RTC()
                0x00000000c001575e                RTC::~RTC()
                0x00000000c0015782                RTC::~RTC()
                0x00000000c00157ac                RTC::get_update_in_progress_flag()
                0x00000000c00157c4                RTC::completeRTCRefresh()
                0x00000000c0015a7c                RTC::setTimeInDatetimeUTC(datetime_t)
                0x00000000c0015c2f                rtcIRQHandler(regs*, void*)
                0x00000000c0015c74                RTC::RTC()
                0x00000000c0015c74                RTC::RTC()
 *fill*         0x00000000c0015d2d        0x3 
 .text          0x00000000c0015d30      0x203 arch/i386/vga.32
                0x00000000c0015d30                HalConsoleScroll(int, int)
                0x00000000c0015e38                HalConsoleWriteCharacter(char, int, int, int, int)
                0x00000000c0015ea4                HalConsoleCursorUpdate(int, int)
 *fill*         0x00000000c0015f33        0x1 
 .text          0x00000000c0015f34     0x13e7 fs/fat/vfslink.32
                0x00000000c0015f34                FAT::getName()
                0x00000000c0015f3c                FAT::tell(void*, unsigned long long*)
                0x00000000c0015f78                FAT::stat(void*, unsigned long long*)
                0x00000000c0015fb4                FAT::~FAT()
                0x00000000c0015fb4                FAT::~FAT()
                0x00000000c0015fd8                FAT::~FAT()
                0x00000000c0016000                FAT::getlabel(LogicalDisk*, int, char*, unsigned int*)
                0x00000000c00160a4                FAT::setlabel(LogicalDisk*, int, char*)
                0x00000000c0016168                FAT::format(LogicalDisk*, int, char const*, int)
                0x00000000c001633c                FAT::tryMount(LogicalDisk*, int)
                0x00000000c0016554                FAT::allocateSwapfile(char const*, int)
                0x00000000c0016714                FAT::readDir(void*, unsigned long, void*, int*)
                0x00000000c0016880                FAT::read(void*, unsigned long, void*, int*)
                0x00000000c00168e0                FAT::write(void*, unsigned long, void*, int*)
                0x00000000c0016940                FAT::close(void*)
                0x00000000c0016994                FAT::closeDir(void*)
                0x00000000c00169e8                FAT::seek(void*, unsigned long long)
                0x00000000c0016a40                fatWrapperReadDisk
                0x00000000c0016a84                fatWrapperWriteDisk
                0x00000000c0016ac8                fatWrapperIoctl
                0x00000000c0016be4                FAT::FAT()
                0x00000000c0016be4                FAT::FAT()
                0x00000000c0016c38                FAT::fixFilepath(char*)
                0x00000000c0016c74                FAT::open(char const*, void**, FileOpenMode)
                0x00000000c0016dac                FAT::openDir(char const*, void**)
                0x00000000c0016e5c                FAT::stat(char const*, unsigned long long*, bool*)
                0x00000000c0016f54                FAT::unlink(char const*)
                0x00000000c0016fd4                FAT::chfatattr(char const*, unsigned char, unsigned char)
                0x00000000c0017160                FAT::rename(char const*, char const*)
                0x00000000c001722c                FAT::mkdir(char const*)
                0x00000000c00172ac                FAT::exists(char const*)
 *fill*         0x00000000c001731b        0x1 
 .text          0x00000000c001731c       0xc6 fs/iso9660/helper.32
                0x00000000c001731c                isoReadDiscSectorHelper
                0x00000000c0017378                iso_kprintf
                0x00000000c0017398                iso_kprintfd
 .text          0x00000000c00173e2      0x586 fs/iso9660/vfslink.32
                0x00000000c00173e2                ISO9660::format(LogicalDisk*, int, char const*, int)
                0x00000000c00173e8                ISO9660::getName()
                0x00000000c00173ee                ISO9660::closeDir(void*)
                0x00000000c00173f8                ISO9660::chfatattr(char const*, unsigned char, unsigned char)
                0x00000000c00173fe                ISO9660::unlink(char const*)
                0x00000000c0017404                ISO9660::write(void*, unsigned long, void*, int*)
                0x00000000c001740a                ISO9660::rename(char const*, char const*)
                0x00000000c0017410                ISO9660::mkdir(char const*)
                0x00000000c0017416                ISO9660::~ISO9660()
                0x00000000c0017416                ISO9660::~ISO9660()
                0x00000000c001743a                ISO9660::~ISO9660()
                0x00000000c0017462                ISO9660::exists(char const*)
                0x00000000c0017476                ISO9660::open(char const*, void**, FileOpenMode)
                0x00000000c0017516                ISO9660::openDir(char const*, void**)
                0x00000000c00175a6                ISO9660::read(void*, unsigned long, void*, int*)
                0x00000000c00175e6                ISO9660::seek(void*, unsigned long long)
                0x00000000c001761e                ISO9660::tell(void*, unsigned long long*)
                0x00000000c0017654                ISO9660::stat(void*, unsigned long long*)
                0x00000000c001768e                ISO9660::stat(char const*, unsigned long long*, bool*)
                0x00000000c0017760                ISO9660::close(void*)
                0x00000000c0017786                ISO9660::readDir(void*, unsigned long, void*, int*)
                0x00000000c0017853                readSectorFromCDROM(unsigned int, unsigned char*, char)
                0x00000000c00178ce                ISO9660::tryMount(LogicalDisk*, int)
                0x00000000c0017940                ISO9660::ISO9660()
                0x00000000c0017940                ISO9660::ISO9660()
 .text          0x00000000c0017968      0x26c hal/sound/sndcard.32
                0x00000000c0017968                SoundCard::beginPlayback()
                0x00000000c0017976                SoundCard::stopPlayback()
                0x00000000c0017984                SoundCard::SoundCard(char const*)
                0x00000000c0017984                SoundCard::SoundCard(char const*)
                0x00000000c0017a22                SoundCard::~SoundCard()
                0x00000000c0017a22                SoundCard::~SoundCard()
                0x00000000c0017a46                SoundCard::~SoundCard()
                0x00000000c0017a70                SoundCard::configureRates(int, int, int)
                0x00000000c0017aa0                SoundCard::getSamples16(int, short*)
                0x00000000c0017afc                SoundCard::getSamples32(int, int*)
                0x00000000c0017b82                SoundCard::addChannel(SoundPort*)
                0x00000000c0017bc0                SoundCard::removeChannel(int)
 .text          0x00000000c0017bd4      0x377 hal/sound/sndport.32
                0x00000000c0017bd4                SoundPort::SoundPort(int, int, int, int)
                0x00000000c0017bd4                SoundPort::SoundPort(int, int, int, int)
                0x00000000c0017c60                SoundPort::~SoundPort()
                0x00000000c0017c60                SoundPort::~SoundPort()
                0x00000000c0017c94                SoundPort::unpause()
                0x00000000c0017ca0                SoundPort::pause()
                0x00000000c0017cac                SoundPort::getBufferUsed()
                0x00000000c0017cb4                SoundPort::getBufferSize()
                0x00000000c0017cbc                SoundPort::buffer16(short*, int)
                0x00000000c0017d48                SoundPort::buffer32(int*, int)
                0x00000000c0017dd0                SoundPort::unbufferAndAdd16(int, short*, SoundCard*)
                0x00000000c0017e94                SoundPort::unbufferAndAdd32(int, int*, SoundCard*)
 .text          0x00000000c0017f4b        0x0 hw/bus/isa.32
 *fill*         0x00000000c0017f4b        0x1 
 .text          0x00000000c0017f4c      0xb49 hw/bus/pci.32
                0x00000000c0017f4c                PCI::open(int, int, void*)
                0x00000000c0017f6a                PCI::close(int, int, void*)
                0x00000000c0017f6e                PCI::PCI()
                0x00000000c0017f6e                PCI::PCI()
                0x00000000c0018008                PCI::readBAR8(unsigned int, int)
                0x00000000c0018024                PCI::readBAR16(unsigned int, int)
                0x00000000c0018042                PCI::readBAR32(unsigned int, int)
                0x00000000c001805e                PCI::writeBAR8(unsigned int, unsigned char, int)
                0x00000000c001807e                PCI::writeBAR16(unsigned int, unsigned short, int)
                0x00000000c00180a0                PCI::writeBAR32(unsigned int, unsigned int, int)
                0x00000000c00180c0                PCI::legacyMechanism(unsigned char, unsigned char, unsigned char, unsigned char)
                0x00000000c001812e                PCI::pciReadWord(unsigned char, unsigned char, unsigned char, unsigned char)
                0x00000000c00181d6                PCI::getVendorID(unsigned char, unsigned char, unsigned char)
                0x00000000c00181fa                PCI::getHeaderType(unsigned char, unsigned char, unsigned char)
                0x00000000c0018222                PCI::getClassCode(unsigned char, unsigned char, unsigned char)
                0x00000000c001826c                PCI::getProgIF(unsigned char, unsigned char, unsigned char)
                0x00000000c0018294                PCI::getRevisionID(unsigned char, unsigned char, unsigned char)
                0x00000000c00182b8                PCI::getInterruptNumber(unsigned char, unsigned char, unsigned char)
                0x00000000c00182dc                PCI::getSecondaryBus(unsigned char, unsigned char, unsigned char)
                0x00000000c0018304                PCI::getBARAddress(unsigned char, unsigned char, unsigned char, unsigned char)
                0x00000000c0018368                PCI::pciWriteWord(unsigned char, unsigned char, unsigned char, unsigned char, unsigned short)
                0x00000000c0018450                PCI::pciDetailsToFilepath(PCIDeviceInfo, char*)
                0x00000000c00186ca                PCI::checkBus(unsigned char)
                0x00000000c00186f0                PCI::foundDevice(PCIDeviceInfo)
                0x00000000c0018862                PCI::getDeviceData(unsigned char, unsigned char, unsigned char)
                0x00000000c00189d6                PCI::checkDevice(unsigned char, unsigned char)
                0x00000000c0018a42                PCI::detect()
 *fill*         0x00000000c0018a95        0x1 
 .text          0x00000000c0018a96      0xb5a hw/diskctrl/ide.32
                0x00000000c0018a96                IDE::close(int, int, void*)
                0x00000000c0018a9a                IDE::IDE()
                0x00000000c0018a9a                IDE::IDE()
                0x00000000c0018ace                IDE::prepareInterrupt(unsigned char)
                0x00000000c0018ae0                selectDrive(unsigned char, unsigned char)
                0x00000000c0018ae2                IDE::getBase(unsigned char)
                0x00000000c0018af4                IDE::write(unsigned char, unsigned char, unsigned char)
                0x00000000c0018bb4                IDE::read(unsigned char, unsigned char)
                0x00000000c0018c62                IDE::waitInterrupt(unsigned char)
                0x00000000c0018cca                ideChannel0IRQHandler(regs*, void*)
                0x00000000c0018ce6                ideChannel1IRQHandler(regs*, void*)
                0x00000000c0018d02                IDE::enableIRQs(unsigned char, bool)
                0x00000000c0018d48                IDE::open(int, int, void*)
                0x00000000c0019156                IDE::readBuffer(unsigned char, unsigned char, unsigned int, unsigned int)
                0x00000000c0019222                IDE::detect()
                0x00000000c00194e2                IDE::printError(unsigned char, unsigned char, unsigned char)
                0x00000000c0019592                IDE::polling(unsigned char, unsigned int)
 .text          0x00000000c00195f0      0x32a hw/diskctrl/satabus.32
                0x00000000c00195f0                SATABus::close(int, int, void*)
                0x00000000c00195f4                SATABus::detect()
                0x00000000c00195f6                SATABus::SATABus()
                0x00000000c00195f6                SATABus::SATABus()
                0x00000000c001967c                SATABus::findCmdslot(SATABus::tagHBA_PORT volatile*)
                0x00000000c00196ae                SATABus::checkType(SATABus::tagHBA_PORT volatile*)
                0x00000000c00196f6                SATABus::startCmd(SATABus::tagHBA_PORT volatile*)
                0x00000000c0019716                SATABus::stopCmd(SATABus::tagHBA_PORT volatile*)
                0x00000000c0019740                SATABus::portRebase(SATABus::tagHBA_PORT volatile*, int)
                0x00000000c0019850                SATABus::probePort(SATABus::tagHBA_MEM volatile*)
                0x00000000c00198fa                SATABus::open(int, int, void*)
 .text          0x00000000c001991a      0x5f4 hw/diskphys/ata.32
                0x00000000c001991a                ATA::close(int, int, void*)
                0x00000000c001993e                ATA::powerSaving(PowerSavingLevel)
                0x00000000c0019940                ATA::ATA()
                0x00000000c0019940                ATA::ATA()
                0x00000000c001996e                ATA::flush(bool)
                0x00000000c00199b8                ATA::readyForCommand()
                0x00000000c0019a04                ATA::access(unsigned long long, int, void*, bool)
                0x00000000c0019d80                ATA::read(unsigned long long, int, void*)
                0x00000000c0019dcc                ATA::write(unsigned long long, int, void*)
                0x00000000c0019e18                ATA::detectCHS()
                0x00000000c0019e42                ATA::open(int, int, void*)
 .text          0x00000000c0019f0e      0x60e hw/diskphys/atapi.32
                0x00000000c0019f0e                ATAPI::write(unsigned long long, int, void*)
                0x00000000c0019f14                ATAPI::close(int, int, void*)
                0x00000000c0019f38                ATAPI::ATAPI()
                0x00000000c0019f38                ATAPI::ATAPI()
                0x00000000c0019f66                ATAPI::readyForCommand()
                0x00000000c0019fb8                ATAPI::sendPacket(unsigned char*, int, bool, unsigned short*, int)
                0x00000000c001a278                ATAPI::diskRemoved()
                0x00000000c001a2b2                ATAPI::eject()
                0x00000000c001a2fa                ATAPI::diskInserted()
                0x00000000c001a306                ATAPI::detectMedia()
                0x00000000c001a3c2                ATAPI::open(int, int, void*)
                0x00000000c001a4a2                ATAPI::read(unsigned long long, int, void*)
 .text          0x00000000c001a51c      0x402 hw/diskphys/sata.32
                0x00000000c001a51c                SATA::close(int, int, void*)
                0x00000000c001a540                SATA::powerSaving(PowerSavingLevel)
                0x00000000c001a542                SATA::open(int, int, void*)
                0x00000000c001a5ec                SATA::SATA()
                0x00000000c001a5ec                SATA::SATA()
                0x00000000c001a61a                SATA::access(unsigned long long, int, void*, bool)
                0x00000000c001a866                SATA::read(unsigned long long, int, void*)
                0x00000000c001a8b2                SATA::write(unsigned long long, int, void*)
 .text          0x00000000c001a91e      0x5af hw/diskphys/satapi.32
                0x00000000c001a91e                SATAPI::write(unsigned long long, int, void*)
                0x00000000c001a924                SATAPI::close(int, int, void*)
                0x00000000c001a948                SATAPI::SATAPI()
                0x00000000c001a948                SATAPI::SATAPI()
                0x00000000c001a976                SATAPI::diskRemoved()
                0x00000000c001a978                SATAPI::diskInserted()
                0x00000000c001a994                SATAPI::sendPacket(unsigned char*, int, unsigned long long, unsigned short*, int)
                0x00000000c001ac74                SATAPI::eject()
                0x00000000c001acb0                SATAPI::detectMedia()
                0x00000000c001acd6                SATAPI::open(int, int, void*)
                0x00000000c001add6                SATAPI::read(unsigned long long, int, void*)
 *fill*         0x00000000c001aecd        0x1 
 .text          0x00000000c001aece      0x455 hw/intctrl/apic.32
                0x00000000c001aece                IOAPIC::close(int, int, void*)
                0x00000000c001aed4                apicGetBase()
                0x00000000c001af16                IOAPIC::IOAPIC()
                0x00000000c001af16                IOAPIC::IOAPIC()
                0x00000000c001af3e                apicOpen()
                0x00000000c001b0a4                IOAPIC::handlesGSIWithNumber(unsigned int)
                0x00000000c001b0d6                IOAPIC::read(int)
                0x00000000c001b0fe                IOAPIC::open(int, int, void*)
                0x00000000c001b1f2                IOAPIC::write(int, int)
                0x00000000c001b21e                IOAPIC::redirect(unsigned char, unsigned long long, unsigned char, bool, bool)
 *fill*         0x00000000c001b323        0x1 
 .text          0x00000000c001b324       0xf0 hw/timer/apictimer.32
                0x00000000c001b324                APICTimer::close(int, int, void*)
                0x00000000c001b32c                apicTimerHandler(regs*, void*)
                0x00000000c001b354                APICTimer::open(int, int, void*)
                0x00000000c001b3c4                APICTimer::write(int)
                0x00000000c001b3ec                APICTimer::APICTimer()
                0x00000000c001b3ec                APICTimer::APICTimer()
 .text          0x00000000c001b414      0x1aa hw/timer/pit.32
                0x00000000c001b414                PIT::write(int)
                0x00000000c001b498                pitHandler(regs*, void*)
                0x00000000c001b4bc                PIT::open(int, int, void*)
                0x00000000c001b50c                PIT::close(int, int, void*)
                0x00000000c001b53c                PIT::PIT()
                0x00000000c001b53c                PIT::PIT()
 *fill*         0x00000000c001b5be        0x2 
 .text          0x00000000c001b5c0       0x83 arch/i386/avx.32
                0x00000000c001b5c0                avxDetect
                0x00000000c001b5ea                avxSave
                0x00000000c001b5fb                avxLoad
                0x00000000c001b60c                avxInit
                0x00000000c001b62e                avxClose
                0x00000000c001b62f                wouldSheSayYes
 *fill*         0x00000000c001b643        0xd 
 .text          0x00000000c001b650      0x1d6 arch/i386/interrupt.32
                0x00000000c001b650                isr0
                0x00000000c001b660                isr1
                0x00000000c001b66a                isr2
                0x00000000c001b674                isr3
                0x00000000c001b67e                isr4
                0x00000000c001b688                isr5
                0x00000000c001b692                isr6
                0x00000000c001b69c                isr7
                0x00000000c001b6a6                isr8
                0x00000000c001b6ae                isr9
                0x00000000c001b6b8                isr10
                0x00000000c001b6c0                isr11
                0x00000000c001b6c8                isr12
                0x00000000c001b6d0                isr13
                0x00000000c001b6d8                isr14
                0x00000000c001b6e0                isr15
                0x00000000c001b6ea                isr16
                0x00000000c001b6f4                isr17
                0x00000000c001b6fe                isr18
                0x00000000c001b708                irq3
                0x00000000c001b712                irq4
                0x00000000c001b71c                irq5
                0x00000000c001b726                irq6
                0x00000000c001b730                irq7
                0x00000000c001b73a                irq8
                0x00000000c001b744                irq9
                0x00000000c001b74e                irq10
                0x00000000c001b758                irq11
                0x00000000c001b762                irq12
                0x00000000c001b76c                irq13
                0x00000000c001b776                irq14
                0x00000000c001b780                irq15
                0x00000000c001b78a                irq1
                0x00000000c001b791                irq2
                0x00000000c001b798                isr96
                0x00000000c001b79f                irq0
                0x00000000c001b7a4                int_common_stub
                0x00000000c001b7a4                syscall_common_stub
                0x00000000c001b7d6                irq16
                0x00000000c001b7e0                irq17
                0x00000000c001b7ea                irq18
                0x00000000c001b7f4                irq19
                0x00000000c001b7fe                irq20
                0x00000000c001b808                irq21
                0x00000000c001b812                irq22
                0x00000000c001b81c                irq23
 *fill*         0x00000000c001b826        0xa 
 .text          0x00000000c001b830       0x10 arch/i386/rdrand.32
                0x00000000c001b830                i386GetRDRAND
 .text          0x00000000c001b840       0x39 arch/i386/sse.32
                0x00000000c001b840                absolutelyNoChanceInHell
                0x00000000c001b840                sseDetect
                0x00000000c001b858                sseSave
                0x00000000c001b860                sseLoad
                0x00000000c001b868                sseInit
                0x00000000c001b878                sseClose
 *fill*         0x00000000c001b879        0x7 
 .text          0x00000000c001b880       0x49 arch/i386/x87.32
                0x00000000c001b886                x87Detect
                0x00000000c001b8a1                x87Save
                0x00000000c001b8a8                x87Load
                0x00000000c001b8af                x87Init
                0x00000000c001b8c8                x87Close
 *fill*         0x00000000c001b8c9        0x3 
 .text          0x00000000c001b8cc       0x25 /cygdrive/d/Users/Alex/Desktop/Toolchain/Output/bin/../lib/gcc/i386-banana/8.1.0/crtend.o
 .text          0x00000000c001b8f1        0x0 crtn.32
 *fill*         0x00000000c001b8f1        0x3 
 .text          0x00000000c001b8f4      0x14b /cygdrive/d/Users/Alex/Desktop/Toolchain/Output/bin/../lib/gcc/i386-banana/8.1.0/libkgcc.a(_divdi3.o)
                0x00000000c001b8f4                __divdi3
 *fill*         0x00000000c001ba3f        0x1 
 .text          0x00000000c001ba40      0x17e /cygdrive/d/Users/Alex/Desktop/Toolchain/Output/bin/../lib/gcc/i386-banana/8.1.0/libkgcc.a(_moddi3.o)
                0x00000000c001ba40                __moddi3
 *fill*         0x00000000c001bbbe        0x2 
 .text          0x00000000c001bbc0       0xff /cygdrive/d/Users/Alex/Desktop/Toolchain/Output/bin/../lib/gcc/i386-banana/8.1.0/libkgcc.a(_udivdi3.o)
                0x00000000c001bbc0                __udivdi3
 *fill*         0x00000000c001bcbf        0x1 
 .text          0x00000000c001bcc0      0x11a /cygdrive/d/Users/Alex/Desktop/Toolchain/Output/bin/../lib/gcc/i386-banana/8.1.0/libkgcc.a(_umoddi3.o)
                0x00000000c001bcc0                __umoddi3
 *(.gnu.linkonce.t*)

.iplt           0x00000000c001bde0        0x0
 .iplt          0x00000000c001bde0        0x0 D:/Users/Alex/Desktop/Banana/kernel/boot.32

.init           0x00000000c001bdda        0xf
 .init          0x00000000c001bdda        0x3 crti.32
                0x00000000c001bdda                _init
 .init          0x00000000c001bddd        0x5 /cygdrive/d/Users/Alex/Desktop/Toolchain/Output/bin/../lib/gcc/i386-banana/8.1.0/crtbegin.o
 .init          0x00000000c001bde2        0x5 /cygdrive/d/Users/Alex/Desktop/Toolchain/Output/bin/../lib/gcc/i386-banana/8.1.0/crtend.o
 .init          0x00000000c001bde7        0x2 crtn.32

.fini           0x00000000c001bde9        0xa
 .fini          0x00000000c001bde9        0x3 crti.32
                0x00000000c001bde9                _fini
 .fini          0x00000000c001bdec        0x5 /cygdrive/d/Users/Alex/Desktop/Toolchain/Output/bin/../lib/gcc/i386-banana/8.1.0/crtbegin.o
 .fini          0x00000000c001bdf1        0x2 crtn.32

.text._ZN8ComputerD2Ev
                0x00000000c001bdf4       0x23
 .text._ZN8ComputerD2Ev
                0x00000000c001bdf4       0x23 core/computer.32
                0x00000000c001bdf4                Computer::~Computer()
                0x00000000c001bdf4                Computer::~Computer()

.text._ZN8ComputerD0Ev
                0x00000000c001be18       0x2a
 .text._ZN8ComputerD0Ev
                0x00000000c001be18       0x2a core/computer.32
                0x00000000c001be18                Computer::~Computer()

.text._Z10idleCommonv
                0x00000000c001be42       0x21
 .text._Z10idleCommonv
                0x00000000c001be42       0x21 core/idle.32
                0x00000000c001be42                idleCommon()

.text._ZN10LinkedListI8UnixFileED2Ev
                0x00000000c001be64        0x2
 .text._ZN10LinkedListI8UnixFileED2Ev
                0x00000000c001be64        0x2 core/unixfile.32
                0x00000000c001be64                LinkedList<UnixFile>::~LinkedList()
                0x00000000c001be64                LinkedList<UnixFile>::~LinkedList()

.text._ZN10LinkedListI8UnixFileEC2Ev
                0x00000000c001be66       0x42
 .text._ZN10LinkedListI8UnixFileEC2Ev
                0x00000000c001be66       0x42 core/unixfile.32
                0x00000000c001be66                LinkedList<UnixFile>::LinkedList()
                0x00000000c001be66                LinkedList<UnixFile>::LinkedList()

.text._ZN10LinkedListI8UnixFileE10addElementEPS0_
                0x00000000c001bea8       0xd3
 .text._ZN10LinkedListI8UnixFileE10addElementEPS0_
                0x00000000c001bea8       0xd3 core/unixfile.32
                0x00000000c001bea8                LinkedList<UnixFile>::addElement(UnixFile*)

.text._ZN10LinkedListI8UnixFileE15getFirstElementEv
                0x00000000c001bf7c        0x7
 .text._ZN10LinkedListI8UnixFileE15getFirstElementEv
                0x00000000c001bf7c        0x7 core/unixfile.32
                0x00000000c001bf7c                LinkedList<UnixFile>::getFirstElement()

.text._ZN10LinkedListI8UnixFileE11removeFirstEv
                0x00000000c001bf84       0xa1
 .text._ZN10LinkedListI8UnixFileE11removeFirstEv
                0x00000000c001bf84       0xa1 core/unixfile.32
                0x00000000c001bf84                LinkedList<UnixFile>::removeFirst()

.text._ZN10LinkedListI8UnixFileE7getNextEPS0_
                0x00000000c001c026        0x8
 .text._ZN10LinkedListI8UnixFileE7getNextEPS0_
                0x00000000c001c026        0x8 core/unixfile.32
                0x00000000c001c026                LinkedList<UnixFile>::getNext(UnixFile*)

.text._ZN16DriverlessDeviceD2Ev
                0x00000000c001c02e       0x1a
 .text._ZN16DriverlessDeviceD2Ev
                0x00000000c001c02e       0x1a hal/device.32
                0x00000000c001c02e                DriverlessDevice::~DriverlessDevice()
                0x00000000c001c02e                DriverlessDevice::~DriverlessDevice()

.text._ZN16DriverlessDeviceD0Ev
                0x00000000c001c048       0x2a
 .text._ZN16DriverlessDeviceD0Ev
                0x00000000c001c048       0x2a hal/device.32
                0x00000000c001c048                DriverlessDevice::~DriverlessDevice()

.text._ZN10LinkedListI6DeviceE10addElementEPS0_
                0x00000000c001c072       0xdc
 .text._ZN10LinkedListI6DeviceE10addElementEPS0_
                0x00000000c001c072       0xdc hal/device.32
                0x00000000c001c072                LinkedList<Device>::addElement(Device*)

.text._ZN10LinkedListI6DeviceEC2Ev
                0x00000000c001c14e       0x42
 .text._ZN10LinkedListI6DeviceEC2Ev
                0x00000000c001c14e       0x42 hal/device.32
                0x00000000c001c14e                LinkedList<Device>::LinkedList()
                0x00000000c001c14e                LinkedList<Device>::LinkedList()

.text._ZN10LinkedListIV18ThreadControlBlockE7isEmptyEv
                0x00000000c001c190       0x1c
 .text._ZN10LinkedListIV18ThreadControlBlockE7isEmptyEv
                0x00000000c001c190       0x1c hal/timer.32
                0x00000000c001c190                LinkedList<ThreadControlBlock volatile>::isEmpty()

.text._ZN10LinkedListIV18ThreadControlBlockE15getFirstElementEv
                0x00000000c001c1ac        0x7
 .text._ZN10LinkedListIV18ThreadControlBlockE15getFirstElementEv
                0x00000000c001c1ac        0x7 hal/timer.32
                0x00000000c001c1ac                LinkedList<ThreadControlBlock volatile>::getFirstElement()

.text._ZN10LinkedListIV18ThreadControlBlockE11removeFirstEv
                0x00000000c001c1b4       0xb8
 .text._ZN10LinkedListIV18ThreadControlBlockE11removeFirstEv
                0x00000000c001c1b4       0xb8 hal/timer.32
                0x00000000c001c1b4                LinkedList<ThreadControlBlock volatile>::removeFirst()

.text._ZN10LinkedListIV18ThreadControlBlockE10addElementEPS1_
                0x00000000c001c26c       0xda
 .text._ZN10LinkedListIV18ThreadControlBlockE10addElementEPS1_
                0x00000000c001c26c       0xda hal/timer.32
                0x00000000c001c26c                LinkedList<ThreadControlBlock volatile>::addElement(ThreadControlBlock volatile*)

.text._ZN4ACPID2Ev
                0x00000000c001c348       0x23
 .text._ZN4ACPID2Ev
                0x00000000c001c348       0x23 hw/acpi.32
                0x00000000c001c348                ACPI::~ACPI()
                0x00000000c001c348                ACPI::~ACPI()

.text._ZN4ACPID0Ev
                0x00000000c001c36c       0x2a
 .text._ZN4ACPID0Ev
                0x00000000c001c36c       0x2a hw/acpi.32
                0x00000000c001c36c                ACPI::~ACPI()

.text._ZN10LinkedListI6DeviceED2Ev
                0x00000000c001c398        0x2