Archive member included to satisfy reference by file (symbol)

D:/Users/Alex/Desktop/Banana/sysroot/Banana///////Dev32/usr/lib/libc.a(lib_a-calloc.o)
                              D:/Users/Alex/Desktop/Banana/sysroot/Banana///////Dev32/startfiles/crt0.o (calloc)
D:/Users/Alex/Desktop/Banana/sysroot/Banana///////Dev32/usr/lib/libc.a(lib_a-callocr.o)
                              D:/Users/Alex/Desktop/Banana/sysroot/Banana///////Dev32/usr/lib/libc.a(lib_a-calloc.o) (_calloc_r)
D:/Users/Alex/Desktop/Banana/sysroot/Banana///////Dev32/usr/lib/libc.a(lib_a-exit.o)
                              D:/Users/Alex/Desktop/Banana/sysroot/Banana///////Dev32/startfiles/crt0.o (exit)
D:/Users/Alex/Desktop/Banana/sysroot/Banana///////Dev32/usr/lib/libc.a(lib_a-fclose.o)
                              /cygdrive/c/Users/Alex/AppData/Local/Temp/ccd5NdEr.o (fclose)
D:/Users/Alex/Desktop/Banana/sysroot/Banana///////Dev32/usr/lib/libc.a(lib_a-fflush.o)
                              D:/Users/Alex/Desktop/Banana/sysroot/Banana///////Dev32/usr/lib/libc.a(lib_a-fclose.o) (__sflush_r)
D:/Users/Alex/Desktop/Banana/sysroot/Banana///////Dev32/usr/lib/libc.a(lib_a-fgets.o)
                              /cygdrive/c/Users/Alex/AppData/Local/Temp/ccd5NdEr.o (fgets)
D:/Users/Alex/Desktop/Banana/sysroot/Banana///////Dev32/usr/lib/libc.a(lib_a-findfp.o)
                              D:/Users/Alex/Desktop/Banana/sysroot/Banana///////Dev32/usr/lib/libc.a(lib_a-fclose.o) (__sinit)
D:/Users/Alex/Desktop/Banana/sysroot/Banana///////Dev32/usr/lib/libc.a(lib_a-fopen.o)
                              /cygdrive/c/Users/Alex/AppData/Local/Temp/ccd5NdEr.o (fopen)
D:/Users/Alex/Desktop/Banana/sysroot/Banana///////Dev32/usr/lib/libc.a(lib_a-fputc.o)
                              /cygdrive/c/Users/Alex/AppData/Local/Temp/ccd5NdEr.o (fputc)
D:/Users/Alex/Desktop/Banana/sysroot/Banana///////Dev32/usr/lib/libc.a(lib_a-freer.o)
                              D:/Users/Alex/Desktop/Banana/sysroot/Banana///////Dev32/usr/lib/libc.a(lib_a-fclose.o) (_free_r)
D:/Users/Alex/Desktop/Banana/sysroot/Banana///////Dev32/usr/lib/libc.a(lib_a-fseek.o)
                              D:/Users/Alex/Desktop/Banana/sysroot/Banana///////Dev32/usr/lib/libc.a(lib_a-fopen.o) (_fseek_r)
D:/Users/Alex/Desktop/Banana/sysroot/Banana///////Dev32/usr/lib/libc.a(lib_a-fseeko.o)
                              D:/Users/Alex/Desktop/Banana/sysroot/Banana///////Dev32/usr/lib/libc.a(lib_a-fseek.o) (_fseeko_r)
D:/Users/Alex/Desktop/Banana/sysroot/Banana///////Dev32/usr/lib/libc.a(lib_a-fstatr.o)
                              D:/Users/Alex/Desktop/Banana/sysroot/Banana///////Dev32/usr/lib/libc.a(lib_a-fseeko.o) (_fstat_r)
D:/Users/Alex/Desktop/Banana/sysroot/Banana///////Dev32/usr/lib/libc.a(lib_a-ftello.o)
                              D:/Users/Alex/Desktop/Banana/sysroot/Banana///////Dev32/usr/lib/libc.a(lib_a-fseeko.o) (_ftello_r)
D:/Users/Alex/Desktop/Banana/sysroot/Banana///////Dev32/usr/lib/libc.a(lib_a-fwalk.o)
                              D:/Users/Alex/Desktop/Banana/sysroot/Banana///////Dev32/usr/lib/libc.a(lib_a-findfp.o) (_fwalk)
D:/Users/Alex/Desktop/Banana/sysroot/Banana///////Dev32/usr/lib/libc.a(lib_a-fwrite.o)
                              /cygdrive/c/Users/Alex/AppData/Local/Temp/ccd5NdEr.o (fwrite)
D:/Users/Alex/Desktop/Banana/sysroot/Banana///////Dev32/usr/lib/libc.a(lib_a-getchar.o)
                              /cygdrive/c/Users/Alex/AppData/Local/Temp/ccd5NdEr.o (getchar)
D:/Users/Alex/Desktop/Banana/sysroot/Banana///////Dev32/usr/lib/libc.a(lib_a-impure.o)
                              D:/Users/Alex/Desktop/Banana/sysroot/Banana///////Dev32/usr/lib/libc.a(lib_a-exit.o) (_global_impure_ptr)
D:/Users/Alex/Desktop/Banana/sysroot/Banana///////Dev32/usr/lib/libc.a(lib_a-makebuf.o)
                              D:/Users/Alex/Desktop/Banana/sysroot/Banana///////Dev32/usr/lib/libc.a(lib_a-fseeko.o) (__smakebuf_r)
D:/Users/Alex/Desktop/Banana/sysroot/Banana///////Dev32/usr/lib/libc.a(lib_a-malloc.o)
                              D:/Users/Alex/Desktop/Banana/sysroot/Banana///////Dev32/startfiles/crt0.o (malloc)
D:/Users/Alex/Desktop/Banana/sysroot/Banana///////Dev32/usr/lib/libc.a(lib_a-mallocr.o)
                              D:/Users/Alex/Desktop/Banana/sysroot/Banana///////Dev32/usr/lib/libc.a(lib_a-callocr.o) (_malloc_r)
D:/Users/Alex/Desktop/Banana/sysroot/Banana///////Dev32/usr/lib/libc.a(lib_a-memchr.o)
                              D:/Users/Alex/Desktop/Banana/sysroot/Banana///////Dev32/usr/lib/libc.a(lib_a-fgets.o) (memchr)
D:/Users/Alex/Desktop/Banana/sysroot/Banana///////Dev32/usr/lib/libc.a(lib_a-memcpy.o)
                              D:/Users/Alex/Desktop/Banana/sysroot/Banana///////Dev32/usr/lib/libc.a(lib_a-fgets.o) (memcpy)
D:/Users/Alex/Desktop/Banana/sysroot/Banana///////Dev32/usr/lib/libc.a(lib_a-memset.o)
                              D:/Users/Alex/Desktop/Banana/sysroot/Banana///////Dev32/usr/lib/libc.a(lib_a-callocr.o) (memset)
[...]
Memory Configuration

Name             Origin             Length             Attributes
*default*        0x0000000000000000 0xffffffffffffffff

Linker script and memory map

LOAD D:/Users/Alex/Desktop/Banana/sysroot/Banana///////Dev32/startfiles/crt0.o
LOAD /cygdrive/d/Users/Alex/Desktop/Toolchain/Output/bin/../lib/gcc/i386-banana/8.1.0/crti.o
LOAD /cygdrive/d/Users/Alex/Desktop/Toolchain/Output/bin/../lib/gcc/i386-banana/8.1.0/crtbegin.o
LOAD /cygdrive/c/Users/Alex/AppData/Local/Temp/ccd5NdEr.o
LOAD _R32.o
LOAD /cygdrive/d/Users/Alex/Desktop/Toolchain/Output/bin/../lib/gcc/i386-banana/8.1.0/libgcc.a
LOAD D:/Users/Alex/Desktop/Banana/sysroot/Banana///////Dev32/usr/lib/libc.a
LOAD /cygdrive/d/Users/Alex/Desktop/Toolchain/Output/bin/../lib/gcc/i386-banana/8.1.0/libgcc.a
LOAD /cygdrive/d/Users/Alex/Desktop/Toolchain/Output/bin/../lib/gcc/i386-banana/8.1.0/crtend.o
LOAD /cygdrive/d/Users/Alex/Desktop/Toolchain/Output/bin/../lib/gcc/i386-banana/8.1.0/crtn.o
                0x0000000010000000                . = 0x10000000

.text           0x0000000010000000    0x19830
 *(.text)
 .text          0x0000000010000000       0xf4 D:/Users/Alex/Desktop/Banana/sysroot/Banana///////Dev32/startfiles/crt0.o
                0x0000000010000000                _start
                0x00000000100000c9                _init_signal
 .text          0x00000000100000f4        0x0 /cygdrive/d/Users/Alex/Desktop/Toolchain/Output/bin/../lib/gcc/i386-banana/8.1.0/crti.o
 .text          0x00000000100000f4      0x101 /cygdrive/d/Users/Alex/Desktop/Toolchain/Output/bin/../lib/gcc/i386-banana/8.1.0/crtbegin.o
 .text          0x00000000100001f5     0x1156 /cygdrive/c/Users/Alex/AppData/Local/Temp/ccd5NdEr.o
                0x00000000100001f5                sighandler_
                0x00000000100001f6                createNewLineAtStart
                0x0000000010000256                createNewLine
                0x00000000100002f7                printLineSummary
                0x0000000010000384                printLineFull
                0x0000000010000402                printLineSlow
                0x000000001000054d                print
                0x0000000010000580                printSlow
                0x00000000100005c9                find
                0x0000000010000692                summary
                0x00000000100006f8                size
                0x000000001000073c                del
                0x00000000100007cc                typeFrom
                0x0000000010000817                typeFromBeginning
                0x000000001000085f                typeFromEnd
                0x0000000010000875                typeAfterLine
                0x00000000100008a3                realSave
                0x000000001000094d                openFileFromName
                0x0000000010000a67                openFile
                0x0000000010000bab                saveAs
                0x0000000010000c27                save
                0x0000000010000c3a                editLine
                0x0000000010000cbf                reconLine
                0x00000000100011ae                edit
                0x00000000100011e6                recon
                0x000000001000121e                join
                0x0000000010001318                newDoc
                0x000000001000132d                __atomic_compare_exchange_4
 .text          0x000000001000134b        0x0 _R32.o
 *fill*         0x000000001000134b        0x1 
 .text          0x000000001000134c       0x1a D:/Users/Alex/Desktop/Banana/sysroot/Banana///////Dev32/usr/lib/libc.a(lib_a-calloc.o)
                0x000000001000134c                calloc
 *fill*         0x0000000010001366        0x2 
 .text          0x0000000010001368       0xab D:/Users/Alex/Desktop/Banana/sysroot/Banana///////Dev32/usr/lib/libc.a(lib_a-callocr.o)
                0x0000000010001368                _calloc_r
 *fill*         0x0000000010001413        0x1 
 .text          0x0000000010001414       0x32 D:/Users/Alex/Desktop/Banana/sysroot/Banana///////Dev32/usr/lib/libc.a(lib_a-exit.o)
                0x0000000010001414                exit
 *fill*         0x0000000010001446        0x2 
 .text          0x0000000010001448      0x102 D:/Users/Alex/Desktop/Banana/sysroot/Banana///////Dev32/usr/lib/libc.a(lib_a-fclose.o)
                0x0000000010001448                _fclose_r
                0x0000000010001534                fclose
 *fill*         0x000000001000154a        0x2 
 .text          0x000000001000154c      0x236 D:/Users/Alex/Desktop/Banana/sysroot/Banana///////Dev32/usr/lib/libc.a(lib_a-fflush.o)
                0x000000001000154c                __sflush_r
                0x00000000100016fc                _fflush_r
                0x0000000010001744                fflush
 *fill*         0x0000000010001782        0x2 
 .text          0x0000000010001784      0x10e D:/Users/Alex/Desktop/Banana/sysroot/Banana///////Dev32/usr/lib/libc.a(lib_a-fgets.o)
                0x0000000010001784                _fgets_r
                0x0000000010001874                fgets
 *fill*         0x0000000010001892        0x2 
 .text          0x0000000010001894      0x33b D:/Users/Alex/Desktop/Banana/sysroot/Banana///////Dev32/usr/lib/libc.a(lib_a-findfp.o)
                0x0000000010001898                _cleanup_r
                0x0000000010001a28                __sfmoreglue
                0x0000000010001a7c                __sfp
                0x0000000010001b64                _cleanup
                0x0000000010001b7c                __sinit
                0x0000000010001b90                __sfp_lock_acquire
                0x0000000010001b94                __sfp_lock_release
                0x0000000010001b98                __sinit_lock_acquire
                0x0000000010001b9c                __sinit_lock_release
                0x0000000010001ba0                __fp_lock_all
                0x0000000010001bb8                __fp_unlock_all
 *fill*         0x0000000010001bcf        0x1 
 .text          0x0000000010001bd0       0xd6 D:/Users/Alex/Desktop/Banana/sysroot/Banana///////Dev32/usr/lib/libc.a(lib_a-fopen.o)
                0x0000000010001bd0                _fopen_r
                0x0000000010001c8c                fopen
 *fill*         0x0000000010001ca6        0x2 
 .text          0x0000000010001ca8       0x7a D:/Users/Alex/Desktop/Banana/sysroot/Banana///////Dev32/usr/lib/libc.a(lib_a-fputc.o)
                0x0000000010001ca8                _fputc_r
                0x0000000010001ce8                fputc
 *fill*         0x0000000010001d22        0x2 
 .text          0x0000000010001d24      0x3a2 D:/Users/Alex/Desktop/Banana/sysroot/Banana///////Dev32/usr/lib/libc.a(lib_a-freer.o)
                0x0000000010001d24                _malloc_trim_r
                0x0000000010001df8                _free_r
 *fill*         0x00000000100020c6        0x2 
 .text          0x00000000100020c8       0x26 D:/Users/Alex/Desktop/Banana/sysroot/Banana///////Dev32/usr/lib/libc.a(lib_a-fseek.o)
                0x00000000100020c8                _fseek_r
                0x00000000100020d0                fseek
 *fill*         0x00000000100020ee        0x2 
 .text          0x00000000100020f0      0x3d6 D:/Users/Alex/Desktop/Banana/sysroot/Banana///////Dev32/usr/lib/libc.a(lib_a-fseeko.o)
                0x00000000100020f0                _fseeko_r
                0x00000000100024a8                fseeko
 *fill*         0x00000000100024c6        0x2 
 .text          0x00000000100024c8       0x3c D:/Users/Alex/Desktop/Banana/sysroot/Banana///////Dev32/usr/lib/libc.a(lib_a-fstatr.o)
                0x00000000100024c8                _fstat_r
 .text          0x0000000010002504       0xce D:/Users/Alex/Desktop/Banana/sysroot/Banana///////Dev32/usr/lib/libc.a(lib_a-ftello.o)
                0x0000000010002504                _ftello_r
                0x00000000100025bc                ftello
 *fill*         0x00000000100025d2        0x2 
 .text          0x00000000100025d4       0xb4 D:/Users/Alex/Desktop/Banana/sysroot/Banana///////Dev32/usr/lib/libc.a(lib_a-fwalk.o)
                0x00000000100025d4                _fwalk
                0x000000001000262c                _fwalk_reent
 .text          0x0000000010002688       0xbe D:/Users/Alex/Desktop/Banana/sysroot/Banana///////Dev32/usr/lib/libc.a(lib_a-fwrite.o)
                0x0000000010002688                _fwrite_r
                0x0000000010002724                fwrite
 *fill*         0x0000000010002746        0x2 
 .text          0x0000000010002748       0x29 D:/Users/Alex/Desktop/Banana/sysroot/Banana///////Dev32/usr/lib/libc.a(lib_a-getchar.o)
                0x0000000010002748                _getchar_r
                0x000000001000275c                getchar
 .text          0x0000000010002771        0x0 D:/Users/Alex/Desktop/Banana/sysroot/Banana///////Dev32/usr/lib/libc.a(lib_a-impure.o)
 *fill*         0x0000000010002771        0x3 
 .text          0x0000000010002774      0x14c D:/Users/Alex/Desktop/Banana/sysroot/Banana///////Dev32/usr/lib/libc.a(lib_a-makebuf.o)
                0x0000000010002774                __swhatbuf_r
                0x0000000010002804                __smakebuf_r
 .text          0x00000000100028c0       0x2e D:/Users/Alex/Desktop/Banana/sysroot/Banana///////Dev32/usr/lib/libc.a(lib_a-malloc.o)
                0x00000000100028c0                malloc
                0x00000000100028d8                free
 *fill*         0x00000000100028ee        0x2 
 .text          0x00000000100028f0      0x79e D:/Users/Alex/Desktop/Banana/sysroot/Banana///////Dev32/usr/lib/libc.a(lib_a-mallocr.o)
                0x00000000100028f0                _malloc_r
 *fill*         0x000000001000308e        0x2 
 .text          0x0000000010003090       0x95 D:/Users/Alex/Desktop/Banana/sysroot/Banana///////Dev32/usr/lib/libc.a(lib_a-memchr.o)
                0x0000000010003090                memchr
 *fill*         0x0000000010003125        0x3 
 .text          0x0000000010003128       0x48 D:/Users/Alex/Desktop/Banana/sysroot/Banana///////Dev32/usr/lib/libc.a(lib_a-memcpy.o)
                0x0000000010003128                memcpy
 .text          0x0000000010003170       0x88 D:/Users/Alex/Desktop/Banana/sysroot/Banana///////Dev32/usr/lib/libc.a(lib_a-memset.o)
                0x0000000010003170                memset
 .text          0x00000000100031f8        0x5 D:/Users/Alex/Desktop/Banana/sysroot/Banana///////Dev32/usr/lib/libc.a(lib_a-mlock.o)
                0x00000000100031f8                __malloc_lock
                0x00000000100031fc                __malloc_unlock
 *fill*         0x00000000100031fd        0x3 
 .text          0x0000000010003200       0x40 D:/Users/Alex/Desktop/Banana/sysroot/Banana///////Dev32/usr/lib/libc.a(lib_a-openr.o)
                0x0000000010003200                _open_r
 .text          0x0000000010003240       0x3e D:/Users/Alex/Desktop/Banana/sysroot/Banana///////Dev32/usr/lib/libc.a(lib_a-printf.o)
                0x0000000010003240                _printf_r
                0x0000000010003260                printf
 *fill*         0x000000001000327e        0x2 
 .text          0x0000000010003280       0xdc D:/Users/Alex/Desktop/Banana/sysroot/Banana///////Dev32/usr/lib/libc.a(lib_a-putc.o)
                0x0000000010003280                _putc_r
                0x00000000100032f4                putc
 .text          0x000000001000335c       0x31 D:/Users/Alex/Desktop/Banana/sysroot/Banana///////Dev32/usr/lib/libc.a(lib_a-putchar.o)
                0x000000001000335c                _putchar_r
                0x0000000010003374                putchar
 *fill*         0x000000001000338d        0x3 
 .text          0x0000000010003390       0xa6 D:/Users/Alex/Desktop/Banana/sysroot/Banana///////Dev32/usr/lib/libc.a(lib_a-puts.o)
                0x0000000010003390                _puts_r
                0x0000000010003420                puts
 *fill*         0x0000000010003436        0x2 
 .text          0x0000000010003438      0x101 D:/Users/Alex/Desktop/Banana/sysroot/Banana///////Dev32/usr/lib/libc.a(lib_a-reent.o)
                0x0000000010003438                cleanup_glue
                0x0000000010003468                _reclaim_reent
 *fill*         0x0000000010003539        0x3 
 .text          0x000000001000353c      0x1bf D:/Users/Alex/Desktop/Banana/sysroot/Banana///////Dev32/usr/lib/libc.a(lib_a-refill.o)
                0x0000000010003558                __srefill_r
 *fill*         0x00000000100036fb        0x1 
 .text          0x00000000100036fc       0x38 D:/Users/Alex/Desktop/Banana/sysroot/Banana///////Dev32/usr/lib/libc.a(lib_a-sbrkr.o)
                0x00000000100036fc                _sbrk_r
 .text          0x0000000010003734       0xe0 D:/Users/Alex/Desktop/Banana/sysroot/Banana///////Dev32/usr/lib/libc.a(lib_a-sscanf.o)
                0x0000000010003734                sscanf
                0x00000000100037a4                _sscanf_r
 .text          0x0000000010003814       0xf1 D:/Users/Alex/Desktop/Banana/sysroot/Banana///////Dev32/usr/lib/libc.a(lib_a-stdio.o)
                0x0000000010003814                __sread
                0x0000000010003850                __seofread
                0x0000000010003854                __swrite
                0x00000000100038b4                __sseek
                0x00000000100038f4                __sclose
 *fill*         0x0000000010003905        0x3 
 .text          0x0000000010003908       0x45 D:/Users/Alex/Desktop/Banana/sysroot/Banana///////Dev32/usr/lib/libc.a(lib_a-strcasecmp.o)
                0x0000000010003908                strcasecmp
 *fill*         0x000000001000394d        0x3 
 .text          0x0000000010003950       0x60 D:/Users/Alex/Desktop/Banana/sysroot/Banana///////Dev32/usr/lib/libc.a(lib_a-strcat.o)
                0x0000000010003950                strcat
 .text          0x00000000100039b0       0x64 D:/Users/Alex/Desktop/Banana/sysroot/Banana///////Dev32/usr/lib/libc.a(lib_a-strcpy.o)
                0x00000000100039b0                strcpy
 *fill*         0x0000000010003a14        0xc 
 .text          0x0000000010003a20       0x79 D:/Users/Alex/Desktop/Banana/sysroot/Banana///////Dev32/usr/lib/libc.a(lib_a-strlen.o)
                0x0000000010003a20                strlen
 *fill*         0x0000000010003a99        0x3 
 .text          0x0000000010003a9c      0x657 D:/Users/Alex/Desktop/Banana/sysroot/Banana///////Dev32/usr/lib/libc.a(lib_a-strstr.o)
                0x0000000010003ec8                strstr
 *fill*         0x00000000100040f3        0x1 
 .text          0x00000000100040f4     0x14c2 D:/Users/Alex/Desktop/Banana/sysroot/Banana///////Dev32/usr/lib/libc.a(lib_a-svfscanf.o)
                0x00000000100040f4                __ssvfscanf_r
 *fill*         0x00000000100055b6        0x2 
 .text          0x00000000100055b8       0x4e D:/Users/Alex/Desktop/Banana/sysroot/Banana///////Dev32/usr/lib/libc.a(lib_a-system.o)
                0x00000000100055b8                _system_r
                0x00000000100055e0                system
 *fill*         0x0000000010005606        0x2 
 .text          0x0000000010005608     0x2238 D:/Users/Alex/Desktop/Banana/sysroot/Banana///////Dev32/usr/lib/libc.a(lib_a-vfprintf.o)
                0x0000000010005608                _vfprintf_r
                0x0000000010007778                vfprintf
 .text          0x0000000010007840      0x11a D:/Users/Alex/Desktop/Banana/sysroot/Banana///////Dev32/usr/lib/libc.a(lib_a-wbuf.o)
                0x0000000010007840                __swbuf_r
                0x0000000010007940                __swbuf
 *fill*         0x000000001000795a        0x2 
 .text          0x000000001000795c       0x40 D:/Users/Alex/Desktop/Banana/sysroot/Banana///////Dev32/usr/lib/libc.a(lib_a-writer.o)
                0x000000001000795c                _write_r
 .text          0x000000001000799c      0x11c D:/Users/Alex/Desktop/Banana/sysroot/Banana///////Dev32/usr/lib/libc.a(lib_a-wsetup.o)
                0x000000001000799c                __swsetup_r
 .text          0x0000000010007ab8      0xa57 D:/Users/Alex/Desktop/Banana/sysroot/Banana///////Dev32/usr/lib/libc.a(syscalls.o)
                0x0000000010007ab8                SystemCall
                0x0000000010007b11                _exit
                0x0000000010007b29                close
                0x0000000010007b59                _environ_setup
                0x0000000010007be4                execve
                0x0000000010007c12                fork
                0x0000000010007c27                fstat
                0x0000000010007c88                getpid
                0x0000000010007c9d                isatty
                0x0000000010007cef                link
                0x0000000010007cf5                lseek
                0x0000000010007de5                open
                0x0000000010007f63                read
                0x0000000010007f7e                sbrk
                0x0000000010007f95                stat
                0x0000000010007ff6                times
                0x0000000010007ffc                unlink
                0x0000000010008013                wait
                0x000000001000802d                write
                0x0000000010008048                gettimeofday
                0x0000000010008079                kill
                0x0000000010008091                signal
                0x00000000100080c0                _readdir
                0x00000000100080e8                opendir
                0x0000000010008135                readdir
                0x000000001000818a                readdir_r
                0x0000000010008190                closedir
                0x00000000100081c3                seekdir
                0x00000000100081e4                rewinddir
                0x00000000100081f7                telldir
                0x0000000010008213                getcwd
                0x000000001000822e                chdir
                0x00000000100082eb                mkdir
                0x0000000010008302                pipe
                0x0000000010008320                waitpid
                0x000000001000833b                rmdir
                0x0000000010008352                realpath
                0x00000000100083b3                ttyname
                0x0000000010008404                usleep
                0x0000000010008427                sleep
                0x0000000010008472                setttyname
                0x00000000100084c5                setcolours
 *fill*         0x000000001000850f        0x1 
 .text          0x0000000010008510       0xbb D:/Users/Alex/Desktop/Banana/sysroot/Banana///////Dev32/usr/lib/libc.a(lib_a-__call_atexit.o)
                0x0000000010008510                __call_exitprocs
 *fill*         0x00000000100085cb        0x1 
 .text          0x00000000100085cc       0x38 D:/Users/Alex/Desktop/Banana/sysroot/Banana///////Dev32/usr/lib/libc.a(lib_a-closer.o)
                0x00000000100085cc                _close_r
 .text          0x0000000010008604        0x0 D:/Users/Alex/Desktop/Banana/sysroot/Banana///////Dev32/usr/lib/libc.a(lib_a-ctype_.o)
 .text          0x0000000010008604     0x155c D:/Users/Alex/Desktop/Banana/sysroot/Banana///////Dev32/usr/lib/libc.a(lib_a-dtoa.o)
                0x00000000100087d0                _dtoa_r
 .text          0x0000000010009b60        0x0 D:/Users/Alex/Desktop/Banana/sysroot/Banana///////Dev32/usr/lib/libc.a(lib_a-environ.o)
 .text          0x0000000010009b60        0x6 D:/Users/Alex/Desktop/Banana/sysroot/Banana///////Dev32/usr/lib/libc.a(lib_a-errno.o)
                0x0000000010009b60                __errno
 *fill*         0x0000000010009b66        0x2 
 .text          0x0000000010009b68       0x8b D:/Users/Alex/Desktop/Banana/sysroot/Banana///////Dev32/usr/lib/libc.a(lib_a-flags.o)
                0x0000000010009b68                __sflags
 *fill*         0x0000000010009bf3        0x1 
 .text          0x0000000010009bf4      0x440 D:/Users/Alex/Desktop/Banana/sysroot/Banana///////Dev32/usr/lib/libc.a(lib_a-fvwrite.o)
                0x0000000010009bf4                __sfvwrite_r
 .text          0x000000001000a034       0xae D:/Users/Alex/Desktop/Banana/sysroot/Banana///////Dev32/usr/lib/libc.a(lib_a-getc.o)
                0x000000001000a034                _getc_r
                0x000000001000a08c                getc
 *fill*         0x000000001000a0e2        0x2 
 .text          0x000000001000a0e4       0x38 D:/Users/Alex/Desktop/Banana/sysroot/Banana///////Dev32/usr/lib/libc.a(lib_a-isattyr.o)
                0x000000001000a0e4                _isatty_r
 .text          0x000000001000a11c       0x12 D:/Users/Alex/Desktop/Banana/sysroot/Banana///////Dev32/usr/lib/libc.a(lib_a-iswspace.o)
                0x000000001000a11c                iswspace
 *fill*         0x000000001000a12e        0x2 
 .text          0x000000001000a130       0x1b D:/Users/Alex/Desktop/Banana/sysroot/Banana///////Dev32/usr/lib/libc.a(lib_a-iswspace_l.o)
                0x000000001000a130                iswspace_l
 *fill*         0x000000001000a14b        0x1 
 .text          0x000000001000a14c       0x7e D:/Users/Alex/Desktop/Banana/sysroot/Banana///////Dev32/usr/lib/libc.a(lib_a-locale.o)
                0x000000001000a14c                _setlocale_r
                0x000000001000a1a8                __locale_mb_cur_max
                0x000000001000a1b0                setlocale
 *fill*         0x000000001000a1ca        0x2 
 .text          0x000000001000a1cc       0x1a D:/Users/Alex/Desktop/Banana/sysroot/Banana///////Dev32/usr/lib/libc.a(lib_a-localeconv.o)
                0x000000001000a1cc                __localeconv_l
                0x000000001000a1d8                _localeconv_r
                0x000000001000a1e0                localeconv
 *fill*         0x000000001000a1e6        0x2 
 .text          0x000000001000a1e8       0x40 D:/Users/Alex/Desktop/Banana/sysroot/Banana///////Dev32/usr/lib/libc.a(lib_a-lseekr.o)
                0x000000001000a1e8                _lseek_r
 .text          0x000000001000a228       0xc0 D:/Users/Alex/Desktop/Banana/sysroot/Banana///////Dev32/usr/lib/libc.a(lib_a-mbrtowc.o)
                0x000000001000a228                _mbrtowc_r
                0x000000001000a288                mbrtowc
 .text          0x000000001000a2e8       0x4d D:/Users/Alex/Desktop/Banana/sysroot/Banana///////Dev32/usr/lib/libc.a(lib_a-mbtowc_r.o)
                0x000000001000a2e8                _mbtowc_r
                0x000000001000a2f0                __ascii_mbtowc
 .text          0x000000001000a335       0x52 D:/Users/Alex/Desktop/Banana/sysroot/Banana///////Dev32/usr/lib/libc.a(lib_a-memcmp.o)
                0x000000001000a335                memcmp
 *fill*         0x000000001000a387        0x9 
 .text          0x000000001000a390       0x8d D:/Users/Alex/Desktop/Banana/sysroot/Banana///////Dev32/usr/lib/libc.a(lib_a-memmove.o)
                0x000000001000a390                memmove
 *fill*         0x000000001000a41d        0x3 
 .text          0x000000001000a420      0xdaf D:/Users/Alex/Desktop/Banana/sysroot/Banana///////Dev32/usr/lib/libc.a(lib_a-mprec.o)
                0x000000001000a420                _Balloc
                0x000000001000a49c                _Bfree
                0x000000001000a4b8                __multadd
                0x000000001000a59c                __s2b
                0x000000001000a694                __hi0bits
                0x000000001000a6ec                __lo0bits
                0x000000001000a764                __i2b
                0x000000001000a7a4                __multiply
                0x000000001000a994                __pow5mult
                0x000000001000aa68                __lshift
                0x000000001000ab80                __mcmp
                0x000000001000abc0                __mdiff
                0x000000001000ad90                __ulp
                0x000000001000ae14                __b2d
                0x000000001000af30                __d2b
                0x000000001000b06c                __ratio
                0x000000001000b0fc                _mprec_log10
                0x000000001000b11c                __copybits
                0x000000001000b170                __any_on
 *fill*         0x000000001000b1cf        0x1 
 .text          0x000000001000b1d0       0x40 D:/Users/Alex/Desktop/Banana/sysroot/Banana///////Dev32/usr/lib/libc.a(lib_a-readr.o)
                0x000000001000b1d0                _read_r
 .text          0x000000001000b210      0x514 D:/Users/Alex/Desktop/Banana/sysroot/Banana///////Dev32/usr/lib/libc.a(lib_a-reallocr.o)
                0x000000001000b210                _realloc_r
 .text          0x000000001000b724       0x66 D:/Users/Alex/Desktop/Banana/sysroot/Banana///////Dev32/usr/lib/libc.a(lib_a-rget.o)
                0x000000001000b724                __srget_r
                0x000000001000b774                __srget
 *fill*         0x000000001000b78a        0x2 
 .text          0x000000001000b78c       0xa3 D:/Users/Alex/Desktop/Banana/sysroot/Banana///////Dev32/usr/lib/libc.a(lib_a-sccl.o)
                0x000000001000b78c                __sccl
 *fill*         0x000000001000b82f        0x1 
 .text          0x000000001000b830        0x7 D:/Users/Alex/Desktop/Banana/sysroot/Banana///////Dev32/usr/lib/libc.a(lib_a-sf_nan.o)
                0x000000001000b830                nanf
 *fill*         0x000000001000b837        0x1 
 .text          0x000000001000b838       0xaf D:/Users/Alex/Desktop/Banana/sysroot/Banana///////Dev32/usr/lib/libc.a(lib_a-sprintf.o)
                0x000000001000b838                _sprintf_r
                0x000000001000b890                sprintf
 *fill*         0x000000001000b8e7        0x9 
 .text          0x000000001000b8f0       0xfc D:/Users/Alex/Desktop/Banana/sysroot/Banana///////Dev32/usr/lib/libc.a(lib_a-strchr.o)
                0x000000001000b8f0                strchr
 .text          0x000000001000b9ec       0x65 D:/Users/Alex/Desktop/Banana/sysroot/Banana///////Dev32/usr/lib/libc.a(lib_a-strcmp.o)
                0x000000001000b9ec                strcmp
 *fill*         0x000000001000ba51        0x3 
 .text          0x000000001000ba54       0x32 D:/Users/Alex/Desktop/Banana/sysroot/Banana///////Dev32/usr/lib/libc.a(lib_a-strnlen.o)
                0x000000001000ba54                strnlen
 *fill*         0x000000001000ba86        0x2 
 .text          0x000000001000ba88     0x1774 D:/Users/Alex/Desktop/Banana/sysroot/Banana///////Dev32/usr/lib/libc.a(lib_a-strtod.o)
                0x000000001000badc                _strtod_l
                0x000000001000d04c                _strtod_r
                0x000000001000d06c                strtod_l
                0x000000001000d08c                strtod
                0x000000001000d0ac                strtof_l
                0x000000001000d154                strtof
 .text          0x000000001000d1fc      0x262 D:/Users/Alex/Desktop/Banana/sysroot/Banana///////Dev32/usr/lib/libc.a(lib_a-strtol.o)
                0x000000001000d40c                _strtol_r
                0x000000001000d428                strtol_l
                0x000000001000d444                strtol
 *fill*         0x000000001000d45e        0x2 
 .text          0x000000001000d460      0x23a D:/Users/Alex/Desktop/Banana/sysroot/Banana///////Dev32/usr/lib/libc.a(lib_a-strtoul.o)
                0x000000001000d648                _strtoul_r
                0x000000001000d664                strtoul_l
                0x000000001000d680                strtoul
 *fill*         0x000000001000d69a        0x2 
 .text          0x000000001000d69c     0x10a3 D:/Users/Alex/Desktop/Banana/sysroot/Banana///////Dev32/usr/lib/libc.a(lib_a-svfiscanf.o)
                0x000000001000d69c                _sungetc_r
                0x000000001000d748                __ssrefill_r
                0x000000001000d7a4                _sfread_r
                0x000000001000d84c                __ssvfiscanf_r
 *fill*         0x000000001000e73f        0x1 
 .text          0x000000001000e740     0x20f8 D:/Users/Alex/Desktop/Banana/sysroot/Banana///////Dev32/usr/lib/libc.a(lib_a-svfprintf.o)
                0x000000001000e740                _svfprintf_r
 .text          0x0000000010010838      0x1fa D:/Users/Alex/Desktop/Banana/sysroot/Banana///////Dev32/usr/lib/libc.a(lib_a-ungetc.o)
                0x0000000010010838                __submore
                0x00000000100108e8                _ungetc_r
                0x0000000010010a18                ungetc
 *fill*         0x0000000010010a32        0x2 
 .text          0x0000000010010a34     0x12dc D:/Users/Alex/Desktop/Banana/sysroot/Banana///////Dev32/usr/lib/libc.a(lib_a-vfiprintf.o)
                0x0000000010010ae4                __sprint_r
                0x0000000010010b08                _vfiprintf_r
                0x0000000010011c48                vfiprintf
 .text          0x0000000010011d10       0x3b D:/Users/Alex/Desktop/Banana/sysroot/Banana///////Dev32/usr/lib/libc.a(lib_a-wctomb_r.o)
                0x0000000010011d10                _wctomb_r
                0x0000000010011d18                __ascii_wctomb
 *fill*         0x0000000010011d4b        0x1 
 .text          0x0000000010011d4c       0x5a D:/Users/Alex/Desktop/Banana/sysroot/Banana///////Dev32/usr/lib/libc.a(lib_a-assert.o)
                0x0000000010011d4c                __assert_func
                0x0000000010011d90                __assert
 *fill*         0x0000000010011da6        0x2 
 .text          0x0000000010011da8       0x3f D:/Users/Alex/Desktop/Banana/sysroot/Banana///////Dev32/usr/lib/libc.a(lib_a-fiprintf.o)
                0x0000000010011da8                _fiprintf_r
                0x0000000010011dc8                fiprintf
 *fill*         0x0000000010011de7        0x1 
 .text          0x0000000010011de8      0x14e D:/Users/Alex/Desktop/Banana/sysroot/Banana///////Dev32/usr/lib/libc.a(lib_a-fputwc.o)
                0x0000000010011de8                __fputwc
                0x0000000010011eb0                _fputwc_r
                0x0000000010011ee8                fputwc
 *fill*         0x0000000010011f36        0x2 
 .text          0x0000000010011f38      0x951 D:/Users/Alex/Desktop/Banana/sysroot/Banana///////Dev32/usr/lib/libc.a(lib_a-gdtoa-gethex.o)
                0x000000001001201c                __gethex
 *fill*         0x0000000010012889        0x3 
 .text          0x000000001001288c      0x2c6 D:/Users/Alex/Desktop/Banana/sysroot/Banana///////Dev32/usr/lib/libc.a(lib_a-gdtoa-hexnan.o)
                0x000000001001288c                __match
                0x00000000100128cc                __hexnan
 *fill*         0x0000000010012b52        0x2 
 .text          0x0000000010012b54        0x3 D:/Users/Alex/Desktop/Banana/sysroot/Banana///////Dev32/usr/lib/libc.a(lib_a-lnumeric.o)
                0x0000000010012b54                __numeric_load_locale
 *fill*         0x0000000010012b57        0x1 
 .text          0x0000000010012b58        0x7 D:/Users/Alex/Desktop/Banana/sysroot/Banana///////Dev32/usr/lib/libc.a(lib_a-s_nan.o)
                0x0000000010012b58                nan
 *fill*         0x0000000010012b5f        0x1 
 .text          0x0000000010012b60       0x97 D:/Users/Alex/Desktop/Banana/sysroot/Banana///////Dev32/usr/lib/libc.a(lib_a-strncmp.o)
                0x0000000010012b60                strncmp
 *fill*         0x0000000010012bf7        0x1 
 .text          0x0000000010012bf8     0x1100 D:/Users/Alex/Desktop/Banana/sysroot/Banana///////Dev32/usr/lib/libc.a(lib_a-svfiprintf.o)
                0x0000000010012bf8                __ssprint_r
                0x0000000010012db4                _svfiprintf_r
 .text          0x0000000010013cf8       0xb5 D:/Users/Alex/Desktop/Banana/sysroot/Banana///////Dev32/usr/lib/libc.a(lib_a-wcrtomb.o)
                0x0000000010013cf8                _wcrtomb_r
                0x0000000010013d54                wcrtomb
 *fill*         0x0000000010013dad        0x3 
 .text          0x0000000010013db0       0x16 D:/Users/Alex/Desktop/Banana/sysroot/Banana///////Dev32/usr/lib/libc.a(lib_a-abort.o)
                0x0000000010013db0                abort
 *fill*         0x0000000010013dc6        0x2 
 .text          0x0000000010013dc8       0x45 D:/Users/Alex/Desktop/Banana/sysroot/Banana///////Dev32/usr/lib/libc.a(lib_a-raise.o)
                0x0000000010013dc8                raise
                0x0000000010013dec                _raise_r
 *fill*         0x0000000010013e0d        0x3 
 .text          0x0000000010013e10       0x41 D:/Users/Alex/Desktop/Banana/sysroot/Banana///////Dev32/usr/lib/libc.a(lib_a-signalr.o)
                0x0000000010013e10                _kill_r
                0x0000000010013e4c                _getpid_r
 *fill*         0x0000000010013e51        0x3 
 .text          0x0000000010013e54       0x25 /cygdrive/d/Users/Alex/Desktop/Toolchain/Output/bin/../lib/gcc/i386-banana/8.1.0/crtend.o
 .text          0x0000000010013e79        0x0 /cygdrive/d/Users/Alex/Desktop/Toolchain/Output/bin/../lib/gcc/i386-banana/8.1.0/crtn.o
 *(.rodata*)
 .rodata.str1.1
                0x0000000010013e79      0xec4 /cygdrive/c/Users/Alex/AppData/Local/Temp/ccd5NdEr.o
                                        0xf1f (size before relaxing)
 *fill*         0x0000000010014d3d        0x3 
 .rodata        0x0000000010014d40     0x35ac _R32.o
                0x0000000010014d40                _bna_misc
                0x0000000010014e74                _bna_misc_size
                0x0000000010014e78                _bna_icon8x8
                0x0000000010014f70                _bna_icon8x8_size
                0x0000000010014f74                _bna_icon16x16
                0x00000000100152ac                _bna_icon16x16_size
                0x00000000100152b0                _bna_icon64x64
                0x00000000100182e8                _bna_icon64x64_size
 .rodata        0x00000000100182ec        0x4 D:/Users/Alex/Desktop/Banana/sysroot/Banana///////Dev32/usr/lib/libc.a(lib_a-impure.o)
                0x00000000100182ec                _global_impure_ptr
 .rodata.str1.1
                0x00000000100182f0      0xec4 D:/Users/Alex/Desktop/Banana/sysroot/Banana///////Dev32/usr/lib/libc.a(lib_a-puts.o)
                                          0x2 (size before relaxing)
 .rodata.str1.1
                0x00000000100182f0        0x5 D:/Users/Alex/Desktop/Banana/sysroot/Banana///////Dev32/usr/lib/libc.a(lib_a-svfscanf.o)
                                          0x6 (size before relaxing)
 *fill*         0x00000000100182f5        0xb 
 .rodata        0x0000000010018300      0x402 D:/Users/Alex/Desktop/Banana/sysroot/Banana///////Dev32/usr/lib/libc.a(lib_a-svfscanf.o)
 .rodata.str1.1
                0x0000000010018702       0x3b D:/Users/Alex/Desktop/Banana/sysroot/Banana///////Dev32/usr/lib/libc.a(lib_a-vfprintf.o)
 *fill*         0x000000001001873d        0x3 
 .rodata        0x0000000010018740      0x184 D:/Users/Alex/Desktop/Banana/sysroot/Banana///////Dev32/usr/lib/libc.a(lib_a-vfprintf.o)
 *fill*         0x00000000100188c4        0x4 
 .rodata.cst8   0x00000000100188c8        0x8 D:/Users/Alex/Desktop/Banana/sysroot/Banana///////Dev32/usr/lib/libc.a(lib_a-vfprintf.o)
 *fill*         0x00000000100188d0       0x10 
 .rodata        0x00000000100188e0      0x2a0 D:/Users/Alex/Desktop/Banana/sysroot/Banana///////Dev32/usr/lib/libc.a(lib_a-ctype_.o)
                0x00000000100188e0                _ctype_
                0x0000000010018a00                _ctype_b
 .rodata.str1.1
                0x0000000010018b80       0x1e D:/Users/Alex/Desktop/Banana/sysroot/Banana///////Dev32/usr/lib/libc.a(lib_a-dtoa.o)
                                         0x20 (size before relaxing)
 *fill*         0x0000000010018b9e        0x2 
 .rodata.str1.4
                0x0000000010018ba0       0x36 D:/Users/Alex/Desktop/Banana/sysroot/Banana///////Dev32/usr/lib/libc.a(lib_a-dtoa.o)
 *fill*         0x0000000010018bd6        0x2 
 .rodata.cst4   0x0000000010018bd8       0x18 D:/Users/Alex/Desktop/Banana/sysroot/Banana///////Dev32/usr/lib/libc.a(lib_a-dtoa.o)
 .rodata.cst8   0x0000000010018bf0       0x18 D:/Users/Alex/Desktop/Banana/sysroot/Banana///////Dev32/usr/lib/libc.a(lib_a-dtoa.o)
 .rodata.str1.1
                0x0000000010018c08        0x8 D:/Users/Alex/Desktop/Banana/sysroot/Banana///////Dev32/usr/lib/libc.a(lib_a-locale.o)
                                          0xb (size before relaxing)
 .rodata.str1.1
                0x0000000010018c10        0x1 D:/Users/Alex/Desktop/Banana/sysroot/Banana///////Dev32/usr/lib/libc.a(lib_a-mbrtowc.o)
 .rodata.str1.1
                0x0000000010018c10       0x11 D:/Users/Alex/Desktop/Banana/sysroot/Banana///////Dev32/usr/lib/libc.a(lib_a-mprec.o)
 .rodata.str1.4
                0x0000000010018c10       0x37 D:/Users/Alex/Desktop/Banana/sysroot/Banana///////Dev32/usr/lib/libc.a(lib_a-mprec.o)
 *fill*         0x0000000010018c47       0x19 
 .rodata        0x0000000010018c60      0x168 D:/Users/Alex/Desktop/Banana/sysroot/Banana///////Dev32/usr/lib/libc.a(lib_a-mprec.o)
                0x0000000010018c80                __mprec_tinytens
                0x0000000010018cc0                __mprec_bigtens
                0x0000000010018d00                __mprec_tens
 .rodata.cst4   0x0000000010018dc8        0x4 D:/Users/Alex/Desktop/Banana/sysroot/Banana///////Dev32/usr/lib/libc.a(lib_a-mprec.o)
 .rodata.cst4   0x0000000010018dc8        0x4 D:/Users/Alex/Desktop/Banana/sysroot/Banana///////Dev32/usr/lib/libc.a(lib_a-sf_nan.o)
 .rodata.str1.1
                0x0000000010018dcc        0x8 D:/Users/Alex/Desktop/Banana/sysroot/Banana///////Dev32/usr/lib/libc.a(lib_a-strtod.o)
                                          0xd (size before relaxing)
 *fill*         0x0000000010018dcc       0x14 
 .rodata        0x0000000010018de0      0x128 D:/Users/Alex/Desktop/Banana/sysroot/Banana///////Dev32/usr/lib/libc.a(lib_a-strtod.o)
 .rodata.cst4   0x0000000010018f08        0xc D:/Users/Alex/Desktop/Banana/sysroot/Banana///////Dev32/usr/lib/libc.a(lib_a-strtod.o)
                                         0x10 (size before relaxing)
 *fill*         0x0000000010018f14        0x4 
 .rodata.cst8   0x0000000010018f18       0x20 D:/Users/Alex/Desktop/Banana/sysroot/Banana///////Dev32/usr/lib/libc.a(lib_a-strtod.o)
                                         0x28 (size before relaxing)
 *fill*         0x0000000010018f38        0x8 
 .rodata        0x0000000010018f40      0x2c2 D:/Users/Alex/Desktop/Banana/sysroot/Banana///////Dev32/usr/lib/libc.a(lib_a-svfiscanf.o)
 .rodata.str1.1
                0x0000000010019202       0x3b D:/Users/Alex/Desktop/Banana/sysroot/Banana///////Dev32/usr/lib/libc.a(lib_a-svfprintf.o)
 *fill*         0x0000000010019202        0x2 
 .rodata        0x0000000010019204      0x184 D:/Users/Alex/Desktop/Banana/sysroot/Banana///////Dev32/usr/lib/libc.a(lib_a-svfprintf.o)
 .rodata.cst8   0x0000000010019388        0x8 D:/Users/Alex/Desktop/Banana/sysroot/Banana///////Dev32/usr/lib/libc.a(lib_a-svfprintf.o)
 .rodata.str1.1
                0x0000000010019388       0x29 D:/Users/Alex/Desktop/Banana/sysroot/Banana///////Dev32/usr/lib/libc.a(lib_a-vfiprintf.o)
 .rodata        0x0000000010019388      0x184 D:/Users/Alex/Desktop/Banana/sysroot/Banana///////Dev32/usr/lib/libc.a(lib_a-vfiprintf.o)
 .rodata.str1.1
                0x000000001001950c        0xd D:/Users/Alex/Desktop/Banana/sysroot/Banana///////Dev32/usr/lib/libc.a(lib_a-assert.o)
                                          0xe (size before relaxing)
 *fill*         0x0000000010019519        0x3 
 .rodata.str1.4
                0x000000001001951c       0x2f D:/Users/Alex/Desktop/Banana/sysroot/Banana///////Dev32/usr/lib/libc.a(lib_a-assert.o)
 .rodata.str1.1
                0x000000001001954b       0x11 D:/Users/Alex/Desktop/Banana/sysroot/Banana///////Dev32/usr/lib/libc.a(lib_a-gdtoa-gethex.o)
 *fill*         0x000000001001954b        0x1 
 .rodata.str1.4
                0x000000001001954c       0x40 D:/Users/Alex/Desktop/Banana/sysroot/Banana///////Dev32/usr/lib/libc.a(lib_a-gdtoa-gethex.o)
                                         0x3e (size before relaxing)
 *fill*         0x000000001001958c       0x14 
 .rodata        0x00000000100195a0      0x100 D:/Users/Alex/Desktop/Banana/sysroot/Banana///////Dev32/usr/lib/libc.a(lib_a-gdtoa-gethex.o)
                0x00000000100195a0                __hexdig
 .rodata.str1.1
                0x00000000100196a0        0x3 D:/Users/Alex/Desktop/Banana/sysroot/Banana///////Dev32/usr/lib/libc.a(lib_a-lnumeric.o)
 .rodata        0x00000000100196a0        0xc D:/Users/Alex/Desktop/Banana/sysroot/Banana///////Dev32/usr/lib/libc.a(lib_a-lnumeric.o)
                0x00000000100196a0                _C_numeric_locale
 .rodata.cst4   0x00000000100196ac        0x4 D:/Users/Alex/Desktop/Banana/sysroot/Banana///////Dev32/usr/lib/libc.a(lib_a-s_nan.o)
 .rodata.str1.1
                0x00000000100196ac       0x29 D:/Users/Alex/Desktop/Banana/sysroot/Banana///////Dev32/usr/lib/libc.a(lib_a-svfiprintf.o)
 .rodata        0x00000000100196ac      0x184 D:/Users/Alex/Desktop/Banana/sysroot/Banana///////Dev32/usr/lib/libc.a(lib_a-svfiprintf.o)

.iplt           0x0000000010019830        0x0
 .iplt          0x0000000010019830        0x0 D:/Users/Alex/Desktop/Banana/sysroot/Banana///////Dev32/startfiles/crt0.o

.init           0x0000000010019830        0xd
 .init          0x0000000010019830        0x0 /cygdrive/d/Users/Alex/Desktop/Toolchain/Output/bin/../lib/gcc/i386-banana/8.1.0/crti.o
                0x0000000010019830                _init
 .init          0x0000000010019830        0x5 /cygdrive/d/Users/Alex/Desktop/Toolchain/Output/bin/../lib/gcc/i386-banana/8.1.0/crtbegin.o
 .init          0x0000000010019835        0x5 /cygdrive/d/Users/Alex/Desktop/Toolchain/Output/bin/../lib/gcc/i386-banana/8.1.0/crtend.o
 .init          0x000000001001983a        0x3 /cygdrive/d/Users/Alex/Desktop/Toolchain/Output/bin/../lib/gcc/i386-banana/8.1.0/crtn.o

.fini           0x000000001001983d        0x8
 .fini          0x000000001001983d        0x0 /cygdrive/d/Users/Alex/Desktop/Toolchain/Output/bin/../lib/gcc/i386-banana/8.1.0/crti.o
                0x000000001001983d                _fini
 .fini          0x000000001001983d        0x5 /cygdrive/d/Users/Alex/Desktop/Toolchain/Output/bin/../lib/gcc/i386-banana/8.1.0/crtbegin.o
 .fini          0x0000000010019842        0x3 /cygdrive/d/Users/Alex/Desktop/Toolchain/Output/bin/../lib/gcc/i386-banana/8.1.0/crtn.o

.text.startup   0x0000000010019845      0xab8
 .text.startup  0x0000000010019845      0xab8 /cygdrive/c/Users/Alex/AppData/Local/Temp/ccd5NdEr.o
                0x0000000010019845                main

.data           0x000000001001b000      0xa2e
 *(.data)
 .data          0x000000001001b000        0x0 D:/Users/Alex/Desktop/Banana/sysroot/Banana///////Dev32/startfiles/crt0.o
 .data          0x000000001001b000        0x0 /cygdrive/d/Users/Alex/Desktop/Toolchain/Output/bin/../lib/gcc/i386-banana/8.1.0/crti.o
 .data          0x000000001001b000        0x4 /cygdrive/d/Users/Alex/Desktop/Toolchain/Output/bin/../lib/gcc/i386-banana/8.1.0/crtbegin.o
                0x000000001001b000                __dso_handle
 .data          0x000000001001b004        0x0 /cygdrive/c/Users/Alex/AppData/Local/Temp/ccd5NdEr.o
 .data          0x000000001001b004        0x0 _R32.o
 .data          0x000000001001b004        0x0 D:/Users/Alex/Desktop/Banana/sysroot/Banana///////Dev32/usr/lib/libc.a(lib_a-calloc.o)
 .data          0x000000001001b004        0x0 D:/Users/Alex/Desktop/Banana/sysroot/Banana///////Dev32/usr/lib/libc.a(lib_a-callocr.o)
 .data          0x000000001001b004        0x0 D:/Users/Alex/Desktop/Banana/sysroot/Banana///////Dev32/usr/lib/libc.a(lib_a-exit.o)
 .data          0x000000001001b004        0x0 D:/Users/Alex/Desktop/Banana/sysroot/Banana///////Dev32/usr/lib/libc.a(lib_a-fclose.o)
 .data          0x000000001001b004        0x0 D:/Users/Alex/Desktop/Banana/sysroot/Banana///////Dev32/usr/lib/libc.a(lib_a-fflush.o)
 .data          0x000000001001b004        0x0 D:/Users/Alex/Desktop/Banana/sysroot/Banana///////Dev32/usr/lib/libc.a(lib_a-fgets.o)
 .data          0x000000001001b004        0x0 D:/Users/Alex/Desktop/Banana/sysroot/Banana///////Dev32/usr/lib/libc.a(lib_a-findfp.o)
 .data          0x000000001001b004        0x0 D:/Users/Alex/Desktop/Banana/sysroot/Banana///////Dev32/usr/lib/libc.a(lib_a-fopen.o)
 .data          0x000000001001b004        0x0 D:/Users/Alex/Desktop/Banana/sysroot/Banana///////Dev32/usr/lib/libc.a(lib_a-fputc.o)
 .data          0x000000001001b004        0x0 D:/Users/Alex/Desktop/Banana/sysroot/Banana///////Dev32/usr/lib/libc.a(lib_a-freer.o)
 .data          0x000000001001b004        0x0 D:/Users/Alex/Desktop/Banana/sysroot/Banana///////Dev32/usr/lib/libc.a(lib_a-fseek.o)
 .data          0x000000001001b004        0x0 D:/Users/Alex/Desktop/Banana/sysroot/Banana///////Dev32/usr/lib/libc.a(lib_a-fseeko.o)
 .data          0x000000001001b004        0x0 D:/Users/Alex/Desktop/Banana/sysroot/Banana///////Dev32/usr/lib/libc.a(lib_a-fstatr.o)
 .data          0x000000001001b004        0x0 D:/Users/Alex/Desktop/Banana/sysroot/Banana///////Dev32/usr/lib/libc.a(lib_a-ftello.o)
 .data          0x000000001001b004        0x0 D:/Users/Alex/Desktop/Banana/sysroot/Banana///////Dev32/usr/lib/libc.a(lib_a-fwalk.o)
 .data          0x000000001001b004        0x0 D:/Users/Alex/Desktop/Banana/sysroot/Banana///////Dev32/usr/lib/libc.a(lib_a-fwrite.o)
 .data          0x000000001001b004        0x0 D:/Users/Alex/Desktop/Banana/sysroot/Banana///////Dev32/usr/lib/libc.a(lib_a-getchar.o)
 *fill*         0x000000001001b004       0x1c 
 .data          0x000000001001b020      0x444 D:/Users/Alex/Desktop/Banana/sysroot/Banana///////Dev32/usr/lib/libc.a(lib_a-impure.o)
                0x000000001001b020                _impure_ptr
 .data          0x000000001001b464        0x0 D:/Users/Alex/Desktop/Banana/sysroot/Banana///////Dev32/usr/lib/libc.a(lib_a-makebuf.o)
 .data          0x000000001001b464        0x0 D:/Users/Alex/Desktop/Banana/sysroot/Banana///////Dev32/usr/lib/libc.a(lib_a-malloc.o)
 *fill*         0x000000001001b464       0x1c 
 .data          0x000000001001b480      0x428 D:/Users/Alex/Desktop/Banana/sysroot/Banana///////Dev32/usr/lib/libc.a(lib_a-mallocr.o)
                0x000000001001b480                __malloc_sbrk_base
                0x000000001001b484                __malloc_trim_threshold
                0x000000001001b4a0                __malloc_av_
 .data          0x000000001001b8a8        0x0 D:/Users/Alex/Desktop/Banana/sysroot/Banana///////Dev32/usr/lib/libc.a(lib_a-memchr.o)
 .data          0x000000001001b8a8        0x0 D:/Users/Alex/Desktop/Banana/sysroot/Banana///////Dev32/usr/lib/libc.a(lib_a-memcpy.o)
 .data          0x000000001001b8a8        0x0 D:/Users/Alex/Desktop/Banana/sysroot/Banana///////Dev32/usr/lib/libc.a(lib_a-memset.o)
 .data          0x000000001001b8a8        0x0 D:/Users/Alex/Desktop/Banana/sysroot/Banana///////Dev32/usr/lib/libc.a(lib_a-mlock.o)
 .data          0x000000001001b8a8        0x0 D:/Users/Alex/Desktop/Banana/sysroot/Banana///////Dev32/usr/lib/libc.a(lib_a-openr.o)
 .data          0x000000001001b8a8        0x0 D:/Users/Alex/Desktop/Banana/sysroot/Banana///////Dev32/usr/lib/libc.a(lib_a-printf.o)
 .data          0x000000001001b8a8        0x0 D:/Users/Alex/Desktop/Banana/sysroot/Banana///////Dev32/usr/lib/libc.a(lib_a-putc.o)
 .data          0x000000001001b8a8        0x0 D:/Users/Alex/Desktop/Banana/sysroot/Banana///////Dev32/usr/lib/libc.a(lib_a-putchar.o)
 .data          0x000000001001b8a8        0x0 D:/Users/Alex/Desktop/Banana/sysroot/Banana///////Dev32/usr/lib/libc.a(lib_a-puts.o)
 .data          0x000000001001b8a8        0x0 D:/Users/Alex/Desktop/Banana/sysroot/Banana///////Dev32/usr/lib/libc.a(lib_a-reent.o)
 .data          0x000000001001b8a8        0x0 D:/Users/Alex/Desktop/Banana/sysroot/Banana///////Dev32/usr/lib/libc.a(lib_a-refill.o)
 .data          0x000000001001b8a8        0x0 D:/Users/Alex/Desktop/Banana/sysroot/Banana///////Dev32/usr/lib/libc.a(lib_a-sbrkr.o)
 .data          0x000000001001b8a8        0x0 D:/Users/Alex/Desktop/Banana/sysroot/Banana///////Dev32/usr/lib/libc.a(lib_a-sscanf.o)
 .data          0x000000001001b8a8        0x0 D:/Users/Alex/Desktop/Banana/sysroot/Banana///////Dev32/usr/lib/libc.a(lib_a-stdio.o)
 .data          0x000000001001b8a8        0x0 D:/Users/Alex/Desktop/Banana/sysroot/Banana///////Dev32/usr/lib/libc.a(lib_a-strcasecmp.o)
 .data          0x000000001001b8a8        0x0 D:/Users/Alex/Desktop/Banana/sysroot/Banana///////Dev32/usr/lib/libc.a(lib_a-strcat.o)
 .data          0x000000001001b8a8        0x0 D:/Users/Alex/Desktop/Banana/sysroot/Banana///////Dev32/usr/lib/libc.a(lib_a-strcpy.o)
 .data          0x000000001001b8a8        0x0 D:/Users/Alex/Desktop/Banana/sysroot/Banana///////Dev32/usr/lib/libc.a(lib_a-strlen.o)
 .data          0x000000001001b8a8        0x0 D:/Users/Alex/Desktop/Banana/sysroot/Banana///////Dev32/usr/lib/libc.a(lib_a-strstr.o)
 .data          0x000000001001b8a8        0x0 D:/Users/Alex/Desktop/Banana/sysroot/Banana///////Dev32/usr/lib/libc.a(lib_a-svfscanf.o)
 .data          0x000000001001b8a8        0x0 D:/Users/Alex/Desktop/Banana/sysroot/Banana///////Dev32/usr/lib/libc.a(lib_a-system.o)
 .data          0x000000001001b8a8        0x0 D:/Users/Alex/Desktop/Banana/sysroot/Banana///////Dev32/usr/lib/libc.a(lib_a-vfprintf.o)
 .data          0x000000001001b8a8        0x0 D:/Users/Alex/Desktop/Banana/sysroot/Banana///////Dev32/usr/lib/libc.a(lib_a-wbuf.o)
 .data          0x000000001001b8a8        0x0 D:/Users/Alex/Desktop/Banana/sysroot/Banana///////Dev32/usr/lib/libc.a(lib_a-writer.o)
 .data          0x000000001001b8a8        0x0 D:/Users/Alex/Desktop/Banana/sysroot/Banana///////Dev32/usr/lib/libc.a(lib_a-wsetup.o)
 .data          0x000000001001b8a8        0x0 D:/Users/Alex/Desktop/Banana/sysroot/Banana///////Dev32/usr/lib/libc.a(syscalls.o)
 .data          0x000000001001b8a8        0x0 D:/Users/Alex/Desktop/Banana/sysroot/Banana///////Dev32/usr/lib/libc.a(lib_a-__call_atexit.o)
 .data          0x000000001001b8a8        0x0 D:/Users/Alex/Desktop/Banana/sysroot/Banana///////Dev32/usr/lib/libc.a(lib_a-closer.o)
 .data          0x000000001001b8a8        0x0 D:/Users/Alex/Desktop/Banana/sysroot/Banana///////Dev32/usr/lib/libc.a(lib_a-ctype_.o)
 .data          0x000000001001b8a8        0x0 D:/Users/Alex/Desktop/Banana/sysroot/Banana///////Dev32/usr/lib/libc.a(lib_a-dtoa.o)
 .data          0x000000001001b8a8        0x4 D:/Users/Alex/Desktop/Banana/sysroot/Banana///////Dev32/usr/lib/libc.a(lib_a-environ.o)
                0x000000001001b8a8                environ
 .data          0x000000001001b8ac        0x0 D:/Users/Alex/Desktop/Banana/sysroot/Banana///////Dev32/usr/lib/libc.a(lib_a-errno.o)
 .data          0x000000001001b8ac        0x0 D:/Users/Alex/Desktop/Banana/sysroot/Banana///////Dev32/usr/lib/libc.a(lib_a-flags.o)
 .data          0x000000001001b8ac        0x0 D:/Users/Alex/Desktop/Banana/sysroot/Banana///////Dev32/usr/lib/libc.a(lib_a-fvwrite.o)
 .data          0x000000001001b8ac        0x0 D:/Users/Alex/Desktop/Banana/sysroot/Banana///////Dev32/usr/lib/libc.a(lib_a-getc.o)
 .data          0x000000001001b8ac        0x0 D:/Users/Alex/Desktop/Banana/sysroot/Banana///////Dev32/usr/lib/libc.a(lib_a-isattyr.o)
 .data          0x000000001001b8ac        0x0 D:/Users/Alex/Desktop/Banana/sysroot/Banana///////Dev32/usr/lib/libc.a(lib_a-iswspace.o)
 .data          0x000000001001b8ac        0x0 D:/Users/Alex/Desktop/Banana/sysroot/Banana///////Dev32/usr/lib/libc.a(lib_a-iswspace_l.o)
 *fill*         0x000000001001b8ac       0x14 
 .data          0x000000001001b8c0      0x16c D:/Users/Alex/Desktop/Banana/sysroot/Banana///////Dev32/usr/lib/libc.a(lib_a-locale.o)
                0x000000001001b8c0                __global_locale
 .data          0x000000001001ba2c        0x0 D:/Users/Alex/Desktop/Banana/sysroot/Banana///////Dev32/usr/lib/libc.a(lib_a-localeconv.o)
 .data          0x000000001001ba2c        0x0 D:/Users/Alex/Desktop/Banana/sysroot/Banana///////Dev32/usr/lib/libc.a(lib_a-lseekr.o)
 .data          0x000000001001ba2c        0x0 D:/Users/Alex/Desktop/Banana/sysroot/Banana///////Dev32/usr/lib/libc.a(lib_a-mbrtowc.o)
 .data          0x000000001001ba2c        0x0 D:/Users/Alex/Desktop/Banana/sysroot/Banana///////Dev32/usr/lib/libc.a(lib_a-mbtowc_r.o)
 .data          0x000000001001ba2c        0x0 D:/Users/Alex/Desktop/Banana/sysroot/Banana///////Dev32/usr/lib/libc.a(lib_a-memcmp.o)
 .data          0x000000001001ba2c        0x0 D:/Users/Alex/Desktop/Banana/sysroot/Banana///////Dev32/usr/lib/libc.a(lib_a-memmove.o)
 .data          0x000000001001ba2c        0x0 D:/Users/Alex/Desktop/Banana/sysroot/Banana///////Dev32/usr/lib/libc.a(lib_a-mprec.o)
 .data          0x000000001001ba2c        0x0 D:/Users/Alex/Desktop/Banana/sysroot/Banana///////Dev32/usr/lib/libc.a(lib_a-readr.o)
 .data          0x000000001001ba2c        0x0 D:/Users/Alex/Desktop/Banana/sysroot/Banana///////Dev32/usr/lib/libc.a(lib_a-reallocr.o)
 .data          0x000000001001ba2c        0x0 D:/Users/Alex/Desktop/Banana/sysroot/Banana///////Dev32/usr/lib/libc.a(lib_a-rget.o)
 .data          0x000000001001ba2c        0x0 D:/Users/Alex/Desktop/Banana/sysroot/Banana///////Dev32/usr/lib/libc.a(lib_a-sccl.o)
 .data          0x000000001001ba2c        0x0 D:/Users/Alex/Desktop/Banana/sysroot/Banana///////Dev32/usr/lib/libc.a(lib_a-sf_nan.o)
 .data          0x000000001001ba2c        0x0 D:/Users/Alex/Desktop/Banana/sysroot/Banana///////Dev32/usr/lib/libc.a(lib_a-sprintf.o)
 .data          0x000000001001ba2c        0x0 D:/Users/Alex/Desktop/Banana/sysroot/Banana///////Dev32/usr/lib/libc.a(lib_a-strchr.o)
 .data          0x000000001001ba2c        0x0 D:/Users/Alex/Desktop/Banana/sysroot/Banana///////Dev32/usr/lib/libc.a(lib_a-strcmp.o)
 .data          0x000000001001ba2c        0x0 D:/Users/Alex/Desktop/Banana/sysroot/Banana///////Dev32/usr/lib/libc.a(lib_a-strnlen.o)
 .data          0x000000001001ba2c        0x0 D:/Users/Alex/Desktop/Banana/sysroot/Banana///////Dev32/usr/lib/libc.a(lib_a-strtod.o)
 .data          0x000000001001ba2c        0x0 D:/Users/Alex/Desktop/Banana/sysroot/Banana///////Dev32/usr/lib/libc.a(lib_a-strtol.o)
 .data          0x000000001001ba2c        0x0 D:/Users/Alex/Desktop/Banana/sysroot/Banana///////Dev32/usr/lib/libc.a(lib_a-strtoul.o)
 .data          0x000000001001ba2c        0x0 D:/Users/Alex/Desktop/Banana/sysroot/Banana///////Dev32/usr/lib/libc.a(lib_a-svfiscanf.o)
 .data          0x000000001001ba2c        0x0 D:/Users/Alex/Desktop/Banana/sysroot/Banana///////Dev32/usr/lib/libc.a(lib_a-svfprintf.o)
 .data          0x000000001001ba2c        0x0 D:/Users/Alex/Desktop/Banana/sysroot/Banana///////Dev32/usr/lib/libc.a(lib_a-ungetc.o)
 .data          0x000000001001ba2c        0x0 D:/Users/Alex/Desktop/Banana/sysroot/Banana///////Dev32/usr/lib/libc.a(lib_a-vfiprintf.o)
 .data          0x000000001001ba2c        0x0 D:/Users/Alex/Desktop/Banana/sysroot/Banana///////Dev32/usr/lib/libc.a(lib_a-wctomb_r.o)
 .data          0x000000001001ba2c        0x0 D:/Users/Alex/Desktop/Banana/sysroot/Banana///////Dev32/usr/lib/libc.a(lib_a-assert.o)
 .data          0x000000001001ba2c        0x0 D:/Users/Alex/Desktop/Banana/sysroot/Banana///////Dev32/usr/lib/libc.a(lib_a-fiprintf.o)
 .data          0x000000001001ba2c        0x0 D:/Users/Alex/Desktop/Banana/sysroot/Banana///////Dev32/usr/lib/libc.a(lib_a-fputwc.o)
 .data          0x000000001001ba2c        0x0 D:/Users/Alex/Desktop/Banana/sysroot/Banana///////Dev32/usr/lib/libc.a(lib_a-gdtoa-gethex.o)
 .data          0x000000001001ba2c        0x0 D:/Users/Alex/Desktop/Banana/sysroot/Banana///////Dev32/usr/lib/libc.a(lib_a-gdtoa-hexnan.o)
 .data          0x000000001001ba2c        0x2 D:/Users/Alex/Desktop/Banana/sysroot/Banana///////Dev32/usr/lib/libc.a(lib_a-lnumeric.o)
 .data          0x000000001001ba2e        0x0 D:/Users/Alex/Desktop/Banana/sysroot/Banana///////Dev32/usr/lib/libc.a(lib_a-s_nan.o)
 .data          0x000000001001ba2e        0x0 D:/Users/Alex/Desktop/Banana/sysroot/Banana///////Dev32/usr/lib/libc.a(lib_a-strncmp.o)
 .data          0x000000001001ba2e        0x0 D:/Users/Alex/Desktop/Banana/sysroot/Banana///////Dev32/usr/lib/libc.a(lib_a-svfiprintf.o)
 .data          0x000000001001ba2e        0x0 D:/Users/Alex/Desktop/Banana/sysroot/Banana///////Dev32/usr/lib/libc.a(lib_a-wcrtomb.o)
 .data          0x000000001001ba2e        0x0 D:/Users/Alex/Desktop/Banana/sysroot/Banana///////Dev32/usr/lib/libc.a(lib_a-abort.o)
 .data          0x000000001001ba2e        0x0 D:/Users/Alex/Desktop/Banana/sysroot/Banana///////Dev32/usr/lib/libc.a(lib_a-raise.o)
 .data          0x000000001001ba2e        0x0 D:/Users/Alex/Desktop/Banana/sysroot/Banana///////Dev32/usr/lib/libc.a(lib_a-signalr.o)
 .data          0x000000001001ba2e        0x0 /cygdrive/d/Users/Alex/Desktop/Toolchain/Output/bin/../lib/gcc/i386-banana/8.1.0/crtend.o
 .data          0x000000001001ba2e        0x0 /cygdrive/d/Users/Alex/Desktop/Toolchain/Output/bin/../lib/gcc/i386-banana/8.1.0/crtn.o

.got            0x000000001001ba30        0x0
 .got           0x000000001001ba30        0x0 D:/Users/Alex/Desktop/Banana/sysroot/Banana///////Dev32/startfiles/crt0.o

.got.plt        0x000000001001ba30        0x0
 .got.plt       0x000000001001ba30        0x0 D:/Users/Alex/Desktop/Banana/sysroot/Banana///////Dev32/startfiles/crt0.o

.igot.plt       0x000000001001ba30        0x0
 .igot.plt      0x000000001001ba30        0x0 D:/Users/Alex/Desktop/Banana/sysroot/Banana///////Dev32/startfiles/crt0.o

.ctors          0x000000001001ba30        0x8
 .ctors         0x000000001001ba30        0x4 /cygdrive/d/Users/Alex/Desktop/Toolchain/Output/bin/../lib/gcc/i386-banana/8.1.0/crtbegin.o
 .ctors         0x000000001001ba34        0x4 /cygdrive/d/Users/Alex/Desktop/Toolchain/Output/bin/../lib/gcc/i386-banana/8.1.0/crtend.o

.dtors          0x000000001001ba38        0x8
 .dtors         0x000000001001ba38        0x4 /cygdrive/d/Users/Alex/Desktop/Toolchain/Output/bin/../lib/gcc/i386-banana/8.1.0/crtbegin.o
 .dtors         0x000000001001ba3c        0x4 /cygdrive/d/Users/Alex/Desktop/Toolchain/Output/bin/../lib/gcc/i386-banana/8.1.0/crtend.o
                0x000000001001ba3c                __DTOR_END__

.tm_clone_table
                0x000000001001ba40        0x0
 .tm_clone_table
                0x000000001001ba40        0x0 /cygdrive/d/Users/Alex/Desktop/Toolchain/Output/bin/../lib/gcc/i386-banana/8.1.0/crtbegin.o
 .tm_clone_table
                0x000000001001ba40        0x0 /cygdrive/d/Users/Alex/Desktop/Toolchain/Output/bin/../lib/gcc/i386-banana/8.1.0/crtend.o

.bss            0x000000001001c000      0x5a8
 *(COMMON)
 COMMON         0x000000001001c000      0x100 /cygdrive/c/Users/Alex/AppData/Local/Temp/ccd5NdEr.o
                0x000000001001c000                filename
 COMMON         0x000000001001c100        0x4 D:/Users/Alex/Desktop/Banana/sysroot/Banana///////Dev32/usr/lib/libc.a(lib_a-reent.o)
                0x000000001001c100                errno
 *fill*         0x000000001001c104       0x1c 
 COMMON         0x000000001001c120      0x210 D:/Users/Alex/Desktop/Banana/sysroot/Banana///////Dev32/usr/lib/libc.a(syscalls.o)
                0x000000001001c120                _static_data_is_allowed_for_ttyname
                0x000000001001c220                readdirData
 *(.bss)
 .bss           0x000000001001c330        0x0 D:/Users/Alex/Desktop/Banana/sysroot/Banana///////Dev32/startfiles/crt0.o
 .bss           0x000000001001c330        0x0 /cygdrive/d/Users/Alex/Desktop/Toolchain/Output/bin/../lib/gcc/i386-banana/8.1.0/crti.o
 .bss           0x000000001001c330       0x20 /cygdrive/d/Users/Alex/Desktop/Toolchain/Output/bin/../lib/gcc/i386-banana/8.1.0/crtbegin.o
 .bss           0x000000001001c350        0x8 /cygdrive/c/Users/Alex/AppData/Local/Temp/ccd5NdEr.o
                0x000000001001c350                last
                0x000000001001c354                root
 .bss           0x000000001001c358        0x0 _R32.o
 .bss           0x000000001001c358        0x0 D:/Users/Alex/Desktop/Banana/sysroot/Banana///////Dev32/usr/lib/libc.a(lib_a-calloc.o)
 .bss           0x000000001001c358        0x0 D:/Users/Alex/Desktop/Banana/sysroot/Banana///////Dev32/usr/lib/libc.a(lib_a-callocr.o)
 .bss           0x000000001001c358        0x0 D:/Users/Alex/Desktop/Banana/sysroot/Banana///////Dev32/usr/lib/libc.a(lib_a-exit.o)
 .bss           0x000000001001c358        0x0 D:/Users/Alex/Desktop/Banana/sysroot/Banana///////Dev32/usr/lib/libc.a(lib_a-fclose.o)
 .bss           0x000000001001c358        0x0 D:/Users/Alex/Desktop/Banana/sysroot/Banana///////Dev32/usr/lib/libc.a(lib_a-fflush.o)
 .bss           0x000000001001c358        0x0 D:/Users/Alex/Desktop/Banana/sysroot/Banana///////Dev32/usr/lib/libc.a(lib_a-fgets.o)
 .bss           0x000000001001c358        0x0 D:/Users/Alex/Desktop/Banana/sysroot/Banana///////Dev32/usr/lib/libc.a(lib_a-findfp.o)
 .bss           0x000000001001c358        0x0 D:/Users/Alex/Desktop/Banana/sysroot/Banana///////Dev32/usr/lib/libc.a(lib_a-fopen.o)
 .bss           0x000000001001c358        0x0 D:/Users/Alex/Desktop/Banana/sysroot/Banana///////Dev32/usr/lib/libc.a(lib_a-fputc.o)
 .bss           0x000000001001c358        0x0 D:/Users/Alex/Desktop/Banana/sysroot/Banana///////Dev32/usr/lib/libc.a(lib_a-freer.o)
 .bss           0x000000001001c358        0x0 D:/Users/Alex/Desktop/Banana/sysroot/Banana///////Dev32/usr/lib/libc.a(lib_a-fseek.o)
 .bss           0x000000001001c358        0x0 D:/Users/Alex/Desktop/Banana/sysroot/Banana///////Dev32/usr/lib/libc.a(lib_a-fseeko.o)
 .bss           0x000000001001c358        0x0 D:/Users/Alex/Desktop/Banana/sysroot/Banana///////Dev32/usr/lib/libc.a(lib_a-fstatr.o)
 .bss           0x000000001001c358        0x0 D:/Users/Alex/Desktop/Banana/sysroot/Banana///////Dev32/usr/lib/libc.a(lib_a-ftello.o)
 .bss           0x000000001001c358        0x0 D:/Users/Alex/Desktop/Banana/sysroot/Banana///////Dev32/usr/lib/libc.a(lib_a-fwalk.o)
 .bss           0x000000001001c358        0x0 D:/Users/Alex/Desktop/Banana/sysroot/Banana///////Dev32/usr/lib/libc.a(lib_a-fwrite.o)
 .bss           0x000000001001c358        0x0 D:/Users/Alex/Desktop/Banana/sysroot/Banana///////Dev32/usr/lib/libc.a(lib_a-getchar.o)
 .bss           0x000000001001c358        0x0 D:/Users/Alex/Desktop/Banana/sysroot/Banana///////Dev32/usr/lib/libc.a(lib_a-impure.o)
 .bss           0x000000001001c358        0x0 D:/Users/Alex/Desktop/Banana/sysroot/Banana///////Dev32/usr/lib/libc.a(lib_a-makebuf.o)
 .bss           0x000000001001c358        0x0 D:/Users/Alex/Desktop/Banana/sysroot/Banana///////Dev32/usr/lib/libc.a(lib_a-malloc.o)
 *fill*         0x000000001001c358        0x8 
 .bss           0x000000001001c360       0x34 D:/Users/Alex/Desktop/Banana/sysroot/Banana///////Dev32/usr/lib/libc.a(lib_a-mallocr.o)
                0x000000001001c360                __malloc_current_mallinfo
                0x000000001001c388                __malloc_max_total_mem
                0x000000001001c38c                __malloc_max_sbrked_mem
                0x000000001001c390                __malloc_top_pad
 .bss           0x000000001001c394        0x0 D:/Users/Alex/Desktop/Banana/sysroot/Banana///////Dev32/usr/lib/libc.a(lib_a-memchr.o)
 .bss           0x000000001001c394        0x0 D:/Users/Alex/Desktop/Banana/sysroot/Banana///////Dev32/usr/lib/libc.a(lib_a-memcpy.o)
 .bss           0x000000001001c394        0x0 D:/Users/Alex/Desktop/Banana/sysroot/Banana///////Dev32/usr/lib/libc.a(lib_a-memset.o)
 .bss           0x000000001001c394        0x0 D:/Users/Alex/Desktop/Banana/sysroot/Banana///////Dev32/usr/lib/libc.a(lib_a-mlock.o)
 .bss           0x000000001001c394        0x0 D:/Users/Alex/Desktop/Banana/sysroot/Banana///////Dev32/usr/lib/libc.a(lib_a-openr.o)
 .bss           0x000000001001c394        0x0 D:/Users/Alex/Desktop/Banana/sysroot/Banana///////Dev32/usr/lib/libc.a(lib_a-printf.o)
 .bss           0x000000001001c394        0x0 D:/Users/Alex/Desktop/Banana/sysroot/Banana///////Dev32/usr/lib/libc.a(lib_a-putc.o)
 .bss           0x000000001001c394        0x0 D:/Users/Alex/Desktop/Banana/sysroot/Banana///////Dev32/usr/lib/libc.a(lib_a-putchar.o)
 .bss           0x000000001001c394        0x0 D:/Users/Alex/Desktop/Banana/sysroot/Banana///////Dev32/usr/lib/libc.a(lib_a-puts.o)
 .bss           0x000000001001c394        0x0 D:/Users/Alex/Desktop/Banana/sysroot/Banana///////Dev32/usr/lib/libc.a(lib_a-reent.o)
 .bss           0x000000001001c394        0x0 D:/Users/Alex/Desktop/Banana/sysroot/Banana///////Dev32/usr/lib/libc.a(lib_a-refill.o)
 .bss           0x000000001001c394        0x0 D:/Users/Alex/Desktop/Banana/sysroot/Banana///////Dev32/usr/lib/libc.a(lib_a-sbrkr.o)
 .bss           0x000000001001c394        0x0 D:/Users/Alex/Desktop/Banana/sysroot/Banana///////Dev32/usr/lib/libc.a(lib_a-sscanf.o)
 .bss           0x000000001001c394        0x0 D:/Users/Alex/Desktop/Banana/sysroot/Banana///////Dev32/usr/lib/libc.a(lib_a-stdio.o)
 .bss           0x000000001001c394        0x0 D:/Users/Alex/Desktop/Banana/sysroot/Banana///////Dev32/usr/lib/libc.a(lib_a-strcasecmp.o)
 .bss           0x000000001001c394        0x0 D:/Users/Alex/Desktop/Banana/sysroot/Banana///////Dev32/usr/lib/libc.a(lib_a-strcat.o)
 .bss           0x000000001001c394        0x0 D:/Users/Alex/Desktop/Banana/sysroot/Banana///////Dev32/usr/lib/libc.a(lib_a-strcpy.o)
 .bss           0x000000001001c394        0x0 D:/Users/Alex/Desktop/Banana/sysroot/Banana///////Dev32/usr/lib/libc.a(lib_a-strlen.o)
 .bss           0x000000001001c394        0x0 D:/Users/Alex/Desktop/Banana/sysroot/Banana///////Dev32/usr/lib/libc.a(lib_a-strstr.o)
 .bss           0x000000001001c394        0x0 D:/Users/Alex/Desktop/Banana/sysroot/Banana///////Dev32/usr/lib/libc.a(lib_a-svfscanf.o)
 .bss           0x000000001001c394        0x0 D:/Users/Alex/Desktop/Banana/sysroot/Banana///////Dev32/usr/lib/libc.a(lib_a-system.o)
 .bss           0x000000001001c394        0x0 D:/Users/Alex/Desktop/Banana/sysroot/Banana///////Dev32/usr/lib/libc.a(lib_a-vfprintf.o)
 .bss           0x000000001001c394        0x0 D:/Users/Alex/Desktop/Banana/sysroot/Banana///////Dev32/usr/lib/libc.a(lib_a-wbuf.o)
 .bss           0x000000001001c394        0x0 D:/Users/Alex/Desktop/Banana/sysroot/Banana///////Dev32/usr/lib/libc.a(lib_a-writer.o)
 .bss           0x000000001001c394        0x0 D:/Users/Alex/Desktop/Banana/sysroot/Banana///////Dev32/usr/lib/libc.a(lib_a-wsetup.o)
 *fill*         0x000000001001c394        0xc 
 .bss           0x000000001001c3a0      0x200 D:/Users/Alex/Desktop/Banana/sysroot/Banana///////Dev32/usr/lib/libc.a(syscalls.o)
                0x000000001001c3a0                __env
 .bss           0x000000001001c5a0        0x0 D:/Users/Alex/Desktop/Banana/sysroot/Banana///////Dev32/usr/lib/libc.a(lib_a-__call_atexit.o)
 .bss           0x000000001001c5a0        0x0 D:/Users/Alex/Desktop/Banana/sysroot/Banana///////Dev32/usr/lib/libc.a(lib_a-closer.o)
 .bss           0x000000001001c5a0        0x0 D:/Users/Alex/Desktop/Banana/sysroot/Banana///////Dev32/usr/lib/libc.a(lib_a-ctype_.o)
 .bss           0x000000001001c5a0        0x0 D:/Users/Alex/Desktop/Banana/sysroot/Banana///////Dev32/usr/lib/libc.a(lib_a-dtoa.o)
 .bss           0x000000001001c5a0        0x4 D:/Users/Alex/Desktop/Banana/sysroot/Banana///////Dev32/usr/lib/libc.a(lib_a-environ.o)
 .bss           0x000000001001c5a4        0x0 D:/Users/Alex/Desktop/Banana/sysroot/Banana///////Dev32/usr/lib/libc.a(lib_a-errno.o)
 .bss           0x000000001001c5a4        0x0 D:/Users/Alex/Desktop/Banana/sysroot/Banana///////Dev32/usr/lib/libc.a(lib_a-flags.o)
 .bss           0x000000001001c5a4        0x0 D:/Users/Alex/Desktop/Banana/sysroot/Banana///////Dev32/usr/lib/libc.a(lib_a-fvwrite.o)
 .bss           0x000000001001c5a4        0x0 D:/Users/Alex/Desktop/Banana/sysroot/Banana///////Dev32/usr/lib/libc.a(lib_a-getc.o)
 .bss           0x000000001001c5a4        0x0 D:/Users/Alex/Desktop/Banana/sysroot/Banana///////Dev32/usr/lib/libc.a(lib_a-isattyr.o)
 .bss           0x000000001001c5a4        0x0 D:/Users/Alex/Desktop/Banana/sysroot/Banana///////Dev32/usr/lib/libc.a(lib_a-iswspace.o)
 .bss           0x000000001001c5a4        0x0 D:/Users/Alex/Desktop/Banana/sysroot/Banana///////Dev32/usr/lib/libc.a(lib_a-iswspace_l.o)
 .bss           0x000000001001c5a4        0x4 D:/Users/Alex/Desktop/Banana/sysroot/Banana///////Dev32/usr/lib/libc.a(lib_a-locale.o)
                0x000000001001c5a4                _PathLocale
 .bss           0x000000001001c5a8        0x0 D:/Users/Alex/Desktop/Banana/sysroot/Banana///////Dev32/usr/lib/libc.a(lib_a-localeconv.o)
 .bss           0x000000001001c5a8        0x0 D:/Users/Alex/Desktop/Banana/sysroot/Banana///////Dev32/usr/lib/libc.a(lib_a-lseekr.o)
 .bss           0x000000001001c5a8        0x0 D:/Users/Alex/Desktop/Banana/sysroot/Banana///////Dev32/usr/lib/libc.a(lib_a-mbrtowc.o)
 .bss           0x000000001001c5a8        0x0 D:/Users/Alex/Desktop/Banana/sysroot/Banana///////Dev32/usr/lib/libc.a(lib_a-mbtowc_r.o)
 .bss           0x000000001001c5a8        0x0 D:/Users/Alex/Desktop/Banana/sysroot/Banana///////Dev32/usr/lib/libc.a(lib_a-memcmp.o)
 .bss           0x000000001001c5a8        0x0 D:/Users/Alex/Desktop/Banana/sysroot/Banana///////Dev32/usr/lib/libc.a(lib_a-memmove.o)
 .bss           0x000000001001c5a8        0x0 D:/Users/Alex/Desktop/Banana/sysroot/Banana///////Dev32/usr/lib/libc.a(lib_a-mprec.o)
 .bss           0x000000001001c5a8        0x0 D:/Users/Alex/Desktop/Banana/sysroot/Banana///////Dev32/usr/lib/libc.a(lib_a-readr.o)
 .bss           0x000000001001c5a8        0x0 D:/Users/Alex/Desktop/Banana/sysroot/Banana///////Dev32/usr/lib/libc.a(lib_a-reallocr.o)
 .bss           0x000000001001c5a8        0x0 D:/Users/Alex/Desktop/Banana/sysroot/Banana///////Dev32/usr/lib/libc.a(lib_a-rget.o)
 .bss           0x000000001001c5a8        0x0 D:/Users/Alex/Desktop/Banana/sysroot/Banana///////Dev32/usr/lib/libc.a(lib_a-sccl.o)
 .bss           0x000000001001c5a8        0x0 D:/Users/Alex/Desktop/Banana/sysroot/Banana///////Dev32/usr/lib/libc.a(lib_a-sf_nan.o)
 .bss           0x000000001001c5a8        0x0 D:/Users/Alex/Desktop/Banana/sysroot/Banana///////Dev32/usr/lib/libc.a(lib_a-sprintf.o)
 .bss           0x000000001001c5a8        0x0 D:/Users/Alex/Desktop/Banana/sysroot/Banana///////Dev32/usr/lib/libc.a(lib_a-strchr.o)
 .bss           0x000000001001c5a8        0x0 D:/Users/Alex/Desktop/Banana/sysroot/Banana///////Dev32/usr/lib/libc.a(lib_a-strcmp.o)
 .bss           0x000000001001c5a8        0x0 D:/Users/Alex/Desktop/Banana/sysroot/Banana///////Dev32/usr/lib/libc.a(lib_a-strnlen.o)
 .bss           0x000000001001c5a8        0x0 D:/Users/Alex/Desktop/Banana/sysroot/Banana///////Dev32/usr/lib/libc.a(lib_a-strtod.o)
 .bss           0x000000001001c5a8        0x0 D:/Users/Alex/Desktop/Banana/sysroot/Banana///////Dev32/usr/lib/libc.a(lib_a-strtol.o)
 .bss           0x000000001001c5a8        0x0 D:/Users/Alex/Desktop/Banana/sysroot/Banana///////Dev32/usr/lib/libc.a(lib_a-strtoul.o)
 .bss           0x000000001001c5a8        0x0 D:/Users/Alex/Desktop/Banana/sysroot/Banana///////Dev32/usr/lib/libc.a(lib_a-svfiscanf.o)
 .bss           0x000000001001c5a8        0x0 D:/Users/Alex/Desktop/Banana/sysroot/Banana///////Dev32/usr/lib/libc.a(lib_a-svfprintf.o)
 .bss           0x000000001001c5a8        0x0 D:/Users/Alex/Desktop/Banana/sysroot/Banana///////Dev32/usr/lib/libc.a(lib_a-ungetc.o)
 .bss           0x000000001001c5a8        0x0 D:/Users/Alex/Desktop/Banana/sysroot/Banana///////Dev32/usr/lib/libc.a(lib_a-vfiprintf.o)
 .bss           0x000000001001c5a8        0x0 D:/Users/Alex/Desktop/Banana/sysroot/Banana///////Dev32/usr/lib/libc.a(lib_a-wctomb_r.o)
 .bss           0x000000001001c5a8        0x0 D:/Users/Alex/Desktop/Banana/sysroot/Banana///////Dev32/usr/lib/libc.a(lib_a-assert.o)
 .bss           0x000000001001c5a8        0x0 D:/Users/Alex/Desktop/Banana/sysroot/Banana///////Dev32/usr/lib/libc.a(lib_a-fiprintf.o)
 .bss           0x000000001001c5a8        0x0 D:/Users/Alex/Desktop/Banana/sysroot/Banana///////Dev32/usr/lib/libc.a(lib_a-fputwc.o)
 .bss           0x000000001001c5a8        0x0 D:/Users/Alex/Desktop/Banana/sysroot/Banana///////Dev32/usr/lib/libc.a(lib_a-gdtoa-gethex.o)
 .bss           0x000000001001c5a8        0x0 D:/Users/Alex/Desktop/Banana/sysroot/Banana///////Dev32/usr/lib/libc.a(lib_a-gdtoa-hexnan.o)
 .bss           0x000000001001c5a8        0x0 D:/Users/Alex/Desktop/Banana/sysroot/Banana///////Dev32/usr/lib/libc.a(lib_a-lnumeric.o)
 .bss           0x000000001001c5a8        0x0 D:/Users/Alex/Desktop/Banana/sysroot/Banana///////Dev32/usr/lib/libc.a(lib_a-s_nan.o)
 .bss           0x000000001001c5a8        0x0 D:/Users/Alex/Desktop/Banana/sysroot/Banana///////Dev32/usr/lib/libc.a(lib_a-strncmp.o)
 .bss           0x000000001001c5a8        0x0 D:/Users/Alex/Desktop/Banana/sysroot/Banana///////Dev32/usr/lib/libc.a(lib_a-svfiprintf.o)
 .bss           0x000000001001c5a8        0x0 D:/Users/Alex/Desktop/Banana/sysroot/Banana///////Dev32/usr/lib/libc.a(lib_a-wcrtomb.o)
 .bss           0x000000001001c5a8        0x0 D:/Users/Alex/Desktop/Banana/sysroot/Banana///////Dev32/usr/lib/libc.a(lib_a-abort.o)
 .bss           0x000000001001c5a8        0x0 D:/Users/Alex/Desktop/Banana/sysroot/Banana///////Dev32/usr/lib/libc.a(lib_a-raise.o)
 .bss           0x000000001001c5a8        0x0 D:/Users/Alex/Desktop/Banana/sysroot/Banana///////Dev32/usr/lib/libc.a(lib_a-signalr.o)
 .bss           0x000000001001c5a8        0x0 /cygdrive/d/Users/Alex/Desktop/Toolchain/Output/bin/../lib/gcc/i386-banana/8.1.0/crtend.o
 .bss           0x000000001001c5a8        0x0 /cygdrive/d/Users/Alex/Desktop/Toolchain/Output/bin/../lib/gcc/i386-banana/8.1.0/crtn.o

.eh_frame_hdr
 *(.eh_frame_hdr)

.gcc_except_table
                0x000000001001d000     0x55a8
 *(.eh_frame)
 .eh_frame      0x000000001001d000       0x58 D:/Users/Alex/Desktop/Banana/sysroot/Banana///////Dev32/startfiles/crt0.o
 .eh_frame      0x000000001001d058        0x0 /cygdrive/d/Users/Alex/Desktop/Toolchain/Output/bin/../lib/gcc/i386-banana/8.1.0/crtbegin.o
 .eh_frame      0x000000001001d058      0x4ec /cygdrive/c/Users/Alex/AppData/Local/Temp/ccd5NdEr.o
 .eh_frame      0x000000001001d544       0x38 D:/Users/Alex/Desktop/Banana/sysroot/Banana///////Dev32/usr/lib/libc.a(lib_a-calloc.o)
 .eh_frame      0x000000001001d57c       0x60 D:/Users/Alex/Desktop/Banana/sysroot/Banana///////Dev32/usr/lib/libc.a(lib_a-callocr.o)
 .eh_frame      0x000000001001d5dc       0x4c D:/Users/Alex/Desktop/Banana/sysroot/Banana///////Dev32/usr/lib/libc.a(lib_a-exit.o)
 .eh_frame      0x000000001001d628       0xbc D:/Users/Alex/Desktop/Banana/sysroot/Banana///////Dev32/usr/lib/libc.a(lib_a-fclose.o)
 .eh_frame      0x000000001001d6e4      0x120 D:/Users/Alex/Desktop/Banana/sysroot/Banana///////Dev32/usr/lib/libc.a(lib_a-fflush.o)
 .eh_frame      0x000000001001d804       0xe8 D:/Users/Alex/Desktop/Banana/sysroot/Banana///////Dev32/usr/lib/libc.a(lib_a-fgets.o)
 .eh_frame      0x000000001001d8ec      0x204 D:/Users/Alex/Desktop/Banana/sysroot/Banana///////Dev32/usr/lib/libc.a(lib_a-findfp.o)
 .eh_frame      0x000000001001daf0       0xc4 D:/Users/Alex/Desktop/Banana/sysroot/Banana///////Dev32/usr/lib/libc.a(lib_a-fopen.o)
 .eh_frame      0x000000001001dbb4       0x8c D:/Users/Alex/Desktop/Banana/sysroot/Banana///////Dev32/usr/lib/libc.a(lib_a-fputc.o)
 .eh_frame      0x000000001001dc40      0x11c D:/Users/Alex/Desktop/Banana/sysroot/Banana///////Dev32/usr/lib/libc.a(lib_a-freer.o)
 .eh_frame      0x000000001001dd5c       0x50 D:/Users/Alex/Desktop/Banana/sysroot/Banana///////Dev32/usr/lib/libc.a(lib_a-fseek.o)
 .eh_frame      0x000000001001ddac      0x18c D:/Users/Alex/Desktop/Banana/sysroot/Banana///////Dev32/usr/lib/libc.a(lib_a-fseeko.o)
 .eh_frame      0x000000001001df38       0x40 D:/Users/Alex/Desktop/Banana/sysroot/Banana///////Dev32/usr/lib/libc.a(lib_a-fstatr.o)
 .eh_frame      0x000000001001df78       0x90 D:/Users/Alex/Desktop/Banana/sysroot/Banana///////Dev32/usr/lib/libc.a(lib_a-ftello.o)
 .eh_frame      0x000000001001e008       0xa4 D:/Users/Alex/Desktop/Banana/sysroot/Banana///////Dev32/usr/lib/libc.a(lib_a-fwalk.o)
 .eh_frame      0x000000001001e0ac       0xa0 D:/Users/Alex/Desktop/Banana/sysroot/Banana///////Dev32/usr/lib/libc.a(lib_a-fwrite.o)
 .eh_frame      0x000000001001e14c       0x58 D:/Users/Alex/Desktop/Banana/sysroot/Banana///////Dev32/usr/lib/libc.a(lib_a-getchar.o)
 .eh_frame      0x000000001001e1a4       0xcc D:/Users/Alex/Desktop/Banana/sysroot/Banana///////Dev32/usr/lib/libc.a(lib_a-makebuf.o)
 .eh_frame      0x000000001001e270       0x58 D:/Users/Alex/Desktop/Banana/sysroot/Banana///////Dev32/usr/lib/libc.a(lib_a-malloc.o)
 .eh_frame      0x000000001001e2c8       0xcc D:/Users/Alex/Desktop/Banana/sysroot/Banana///////Dev32/usr/lib/libc.a(lib_a-mallocr.o)
 .eh_frame      0x000000001001e394       0x40 D:/Users/Alex/Desktop/Banana/sysroot/Banana///////Dev32/usr/lib/libc.a(lib_a-mlock.o)
 .eh_frame      0x000000001001e3d4       0x44 D:/Users/Alex/Desktop/Banana/sysroot/Banana///////Dev32/usr/lib/libc.a(lib_a-openr.o)
 .eh_frame      0x000000001001e418       0x60 D:/Users/Alex/Desktop/Banana/sysroot/Banana///////Dev32/usr/lib/libc.a(lib_a-printf.o)
 .eh_frame      0x000000001001e478       0xa8 D:/Users/Alex/Desktop/Banana/sysroot/Banana///////Dev32/usr/lib/libc.a(lib_a-putc.o)
 .eh_frame      0x000000001001e520       0x58 D:/Users/Alex/Desktop/Banana/sysroot/Banana///////Dev32/usr/lib/libc.a(lib_a-putchar.o)
 .eh_frame      0x000000001001e578       0x84 D:/Users/Alex/Desktop/Banana/sysroot/Banana///////Dev32/usr/lib/libc.a(lib_a-puts.o)
 .eh_frame      0x000000001001e5fc       0xd0 D:/Users/Alex/Desktop/Banana/sysroot/Banana///////Dev32/usr/lib/libc.a(lib_a-reent.o)
 .eh_frame      0x000000001001e6cc       0xc0 D:/Users/Alex/Desktop/Banana/sysroot/Banana///////Dev32/usr/lib/libc.a(lib_a-refill.o)
 .eh_frame      0x000000001001e78c       0x3c D:/Users/Alex/Desktop/Banana/sysroot/Banana///////Dev32/usr/lib/libc.a(lib_a-sbrkr.o)
 .eh_frame      0x000000001001e7c8       0x70 D:/Users/Alex/Desktop/Banana/sysroot/Banana///////Dev32/usr/lib/libc.a(lib_a-sscanf.o)
 .eh_frame      0x000000001001e838      0x108 D:/Users/Alex/Desktop/Banana/sysroot/Banana///////Dev32/usr/lib/libc.a(lib_a-stdio.o)
 .eh_frame      0x000000001001e940       0x44 D:/Users/Alex/Desktop/Banana/sysroot/Banana///////Dev32/usr/lib/libc.a(lib_a-strcasecmp.o)
 .eh_frame      0x000000001001e984       0x48 D:/Users/Alex/Desktop/Banana/sysroot/Banana///////Dev32/usr/lib/libc.a(lib_a-strcat.o)
 .eh_frame      0x000000001001e9cc       0x48 D:/Users/Alex/Desktop/Banana/sysroot/Banana///////Dev32/usr/lib/libc.a(lib_a-strcpy.o)
 .eh_frame      0x000000001001ea14      0x188 D:/Users/Alex/Desktop/Banana/sysroot/Banana///////Dev32/usr/lib/libc.a(lib_a-strstr.o)
 .eh_frame      0x000000001001eb9c      0x364 D:/Users/Alex/Desktop/Banana/sysroot/Banana///////Dev32/usr/lib/libc.a(lib_a-svfscanf.o)
 .eh_frame      0x000000001001ef00       0x50 D:/Users/Alex/Desktop/Banana/sysroot/Banana///////Dev32/usr/lib/libc.a(lib_a-system.o)
 .eh_frame      0x000000001001ef50      0x420 D:/Users/Alex/Desktop/Banana/sysroot/Banana///////Dev32/usr/lib/libc.a(lib_a-vfprintf.o)
 .eh_frame      0x000000001001f370       0xa4 D:/Users/Alex/Desktop/Banana/sysroot/Banana///////Dev32/usr/lib/libc.a(lib_a-wbuf.o)
 .eh_frame      0x000000001001f414       0x44 D:/Users/Alex/Desktop/Banana/sysroot/Banana///////Dev32/usr/lib/libc.a(lib_a-writer.o)
 .eh_frame      0x000000001001f458       0x5c D:/Users/Alex/Desktop/Banana/sysroot/Banana///////Dev32/usr/lib/libc.a(lib_a-wsetup.o)
 .eh_frame      0x000000001001f4b4      0x548 D:/Users/Alex/Desktop/Banana/sysroot/Banana///////Dev32/usr/lib/libc.a(syscalls.o)
 .eh_frame      0x000000001001f9fc       0x6c D:/Users/Alex/Desktop/Banana/sysroot/Banana///////Dev32/usr/lib/libc.a(lib_a-__call_atexit.o)
 .eh_frame      0x000000001001fa68       0x3c D:/Users/Alex/Desktop/Banana/sysroot/Banana///////Dev32/usr/lib/libc.a(lib_a-closer.o)
 .eh_frame      0x000000001001faa4      0x42c D:/Users/Alex/Desktop/Banana/sysroot/Banana///////Dev32/usr/lib/libc.a(lib_a-dtoa.o)
 .eh_frame      0x000000001001fed0       0x2c D:/Users/Alex/Desktop/Banana/sysroot/Banana///////Dev32/usr/lib/libc.a(lib_a-errno.o)
 .eh_frame      0x000000001001fefc       0x4c D:/Users/Alex/Desktop/Banana/sysroot/Banana///////Dev32/usr/lib/libc.a(lib_a-flags.o)
 .eh_frame      0x000000001001ff48      0x150 D:/Users/Alex/Desktop/Banana/sysroot/Banana///////Dev32/usr/lib/libc.a(lib_a-fvwrite.o)
 .eh_frame      0x0000000010020098       0xa4 D:/Users/Alex/Desktop/Banana/sysroot/Banana///////Dev32/usr/lib/libc.a(lib_a-getc.o)
 .eh_frame      0x000000001002013c       0x3c D:/Users/Alex/Desktop/Banana/sysroot/Banana///////Dev32/usr/lib/libc.a(lib_a-isattyr.o)
 .eh_frame      0x0000000010020178       0x38 D:/Users/Alex/Desktop/Banana/sysroot/Banana///////Dev32/usr/lib/libc.a(lib_a-iswspace.o)
 .eh_frame      0x00000000100201b0       0x2c D:/Users/Alex/Desktop/Banana/sysroot/Banana///////Dev32/usr/lib/libc.a(lib_a-iswspace_l.o)
 .eh_frame      0x00000000100201dc       0x94 D:/Users/Alex/Desktop/Banana/sysroot/Banana///////Dev32/usr/lib/libc.a(lib_a-locale.o)
 .eh_frame      0x0000000010020270       0x54 D:/Users/Alex/Desktop/Banana/sysroot/Banana///////Dev32/usr/lib/libc.a(lib_a-localeconv.o)
 .eh_frame      0x00000000100202c4       0x44 D:/Users/Alex/Desktop/Banana/sysroot/Banana///////Dev32/usr/lib/libc.a(lib_a-lseekr.o)
 .eh_frame      0x0000000010020308       0xe0 D:/Users/Alex/Desktop/Banana/sysroot/Banana///////Dev32/usr/lib/libc.a(lib_a-mbrtowc.o)
 .eh_frame      0x00000000100203e8       0x4c D:/Users/Alex/Desktop/Banana/sysroot/Banana///////Dev32/usr/lib/libc.a(lib_a-mbtowc_r.o)
 .eh_frame      0x0000000010020434      0x570 D:/Users/Alex/Desktop/Banana/sysroot/Banana///////Dev32/usr/lib/libc.a(lib_a-mprec.o)
 .eh_frame      0x00000000100209a4       0x44 D:/Users/Alex/Desktop/Banana/sysroot/Banana///////Dev32/usr/lib/libc.a(lib_a-readr.o)
 .eh_frame      0x00000000100209e8      0x114 D:/Users/Alex/Desktop/Banana/sysroot/Banana///////Dev32/usr/lib/libc.a(lib_a-reallocr.o)
 .eh_frame      0x0000000010020afc       0x7c D:/Users/Alex/Desktop/Banana/sysroot/Banana///////Dev32/usr/lib/libc.a(lib_a-rget.o)
 .eh_frame      0x0000000010020b78       0x64 D:/Users/Alex/Desktop/Banana/sysroot/Banana///////Dev32/usr/lib/libc.a(lib_a-sccl.o)
 .eh_frame      0x0000000010020bdc       0x2c D:/Users/Alex/Desktop/Banana/sysroot/Banana///////Dev32/usr/lib/libc.a(lib_a-sf_nan.o)
 .eh_frame      0x0000000010020c08       0x68 D:/Users/Alex/Desktop/Banana/sysroot/Banana///////Dev32/usr/lib/libc.a(lib_a-sprintf.o)
 .eh_frame      0x0000000010020c70       0x3c D:/Users/Alex/Desktop/Banana/sysroot/Banana///////Dev32/usr/lib/libc.a(lib_a-strcmp.o)
 .eh_frame      0x0000000010020cac       0x40 D:/Users/Alex/Desktop/Banana/sysroot/Banana///////Dev32/usr/lib/libc.a(lib_a-strnlen.o)
 .eh_frame      0x0000000010020cec      0x45c D:/Users/Alex/Desktop/Banana/sysroot/Banana///////Dev32/usr/lib/libc.a(lib_a-strtod.o)
 .eh_frame      0x0000000010021148       0xac D:/Users/Alex/Desktop/Banana/sysroot/Banana///////Dev32/usr/lib/libc.a(lib_a-strtol.o)
 .eh_frame      0x00000000100211f4       0x94 D:/Users/Alex/Desktop/Banana/sysroot/Banana///////Dev32/usr/lib/libc.a(lib_a-strtoul.o)
 .eh_frame      0x0000000010021288      0x378 D:/Users/Alex/Desktop/Banana/sysroot/Banana///////Dev32/usr/lib/libc.a(lib_a-svfiscanf.o)
 .eh_frame      0x0000000010021600      0x37c D:/Users/Alex/Desktop/Banana/sysroot/Banana///////Dev32/usr/lib/libc.a(lib_a-svfprintf.o)
 .eh_frame      0x000000001002197c      0x130 D:/Users/Alex/Desktop/Banana/sysroot/Banana///////Dev32/usr/lib/libc.a(lib_a-ungetc.o)
 .eh_frame      0x0000000010021aac      0x1a4 D:/Users/Alex/Desktop/Banana/sysroot/Banana///////Dev32/usr/lib/libc.a(lib_a-vfiprintf.o)
 .eh_frame      0x0000000010021c50       0x40 D:/Users/Alex/Desktop/Banana/sysroot/Banana///////Dev32/usr/lib/libc.a(lib_a-wctomb_r.o)
 .eh_frame      0x0000000010021c90       0x68 D:/Users/Alex/Desktop/Banana/sysroot/Banana///////Dev32/usr/lib/libc.a(lib_a-assert.o)
 .eh_frame      0x0000000010021cf8       0x60 D:/Users/Alex/Desktop/Banana/sysroot/Banana///////Dev32/usr/lib/libc.a(lib_a-fiprintf.o)
 .eh_frame      0x0000000010021d58      0x104 D:/Users/Alex/Desktop/Banana/sysroot/Banana///////Dev32/usr/lib/libc.a(lib_a-fputwc.o)
 .eh_frame      0x0000000010021e5c      0x1d0 D:/Users/Alex/Desktop/Banana/sysroot/Banana///////Dev32/usr/lib/libc.a(lib_a-gdtoa-gethex.o)
 .eh_frame      0x000000001002202c       0xc4 D:/Users/Alex/Desktop/Banana/sysroot/Banana///////Dev32/usr/lib/libc.a(lib_a-gdtoa-hexnan.o)
 .eh_frame      0x00000000100220f0       0x2c D:/Users/Alex/Desktop/Banana/sysroot/Banana///////Dev32/usr/lib/libc.a(lib_a-lnumeric.o)
 .eh_frame      0x000000001002211c       0x2c D:/Users/Alex/Desktop/Banana/sysroot/Banana///////Dev32/usr/lib/libc.a(lib_a-s_nan.o)
 .eh_frame      0x0000000010022148       0x4c D:/Users/Alex/Desktop/Banana/sysroot/Banana///////Dev32/usr/lib/libc.a(lib_a-strncmp.o)
 .eh_frame      0x0000000010022194      0x24c D:/Users/Alex/Desktop/Banana/sysroot/Banana///////Dev32/usr/lib/libc.a(lib_a-svfiprintf.o)
 .eh_frame      0x00000000100223e0       0xc8 D:/Users/Alex/Desktop/Banana/sysroot/Banana///////Dev32/usr/lib/libc.a(lib_a-wcrtomb.o)
 .eh_frame      0x00000000100224a8       0x30 D:/Users/Alex/Desktop/Banana/sysroot/Banana///////Dev32/usr/lib/libc.a(lib_a-abort.o)
 .eh_frame      0x00000000100224d8       0x78 D:/Users/Alex/Desktop/Banana/sysroot/Banana///////Dev32/usr/lib/libc.a(lib_a-raise.o)
 .eh_frame      0x0000000010022550       0x54 D:/Users/Alex/Desktop/Banana/sysroot/Banana///////Dev32/usr/lib/libc.a(lib_a-signalr.o)
 .eh_frame      0x00000000100225a4        0x4 /cygdrive/d/Users/Alex/Desktop/Toolchain/Output/bin/../lib/gcc/i386-banana/8.1.0/crtend.o
 *(.gcc_except_table)
OUTPUT(D:/Users/Alex/Desktop/Banana/packages/banana/32/0001/te.exe elf32-i386)

.rel.dyn        0x00000000100225a8        0x0
 .rel.got       0x00000000100225a8        0x0 D:/Users/Alex/Desktop/Banana/sysroot/Banana///////Dev32/startfiles/crt0.o
 .rel.iplt      0x00000000100225a8        0x0 D:/Users/Alex/Desktop/Banana/sysroot/Banana///////Dev32/startfiles/crt0.o
 .rel.text      0x00000000100225a8        0x0 D:/Users/Alex/Desktop/Banana/sysroot/Banana///////Dev32/startfiles/crt0.o

.comment        0x0000000000000000       0x2b
 .comment       0x0000000000000000       0x11 D:/Users/Alex/Desktop/Banana/sysroot/Banana///////Dev32/startfiles/crt0.o
                                         0x12 (size before relaxing)
 .comment       0x0000000000000011        0xd /cygdrive/d/Users/Alex/Desktop/Toolchain/Output/bin/../lib/gcc/i386-banana/8.1.0/crti.o
                                          0xe (size before relaxing)
 .comment       0x000000000000001e       0x12 /cygdrive/d/Users/Alex/Desktop/Toolchain/Output/bin/../lib/gcc/i386-banana/8.1.0/crtbegin.o
 .comment       0x000000000000001e       0x12 /cygdrive/c/Users/Alex/AppData/Local/Temp/ccd5NdEr.o
 .comment       0x000000000000001e       0x12 D:/Users/Alex/Desktop/Banana/sysroot/Banana///////Dev32/usr/lib/libc.a(lib_a-calloc.o)
 .comment       0x000000000000001e       0x12 D:/Users/Alex/Desktop/Banana/sysroot/Banana///////Dev32/usr/lib/libc.a(lib_a-callocr.o)
 .comment       0x000000000000001e       0x12 D:/Users/Alex/Desktop/Banana/sysroot/Banana///////Dev32/usr/lib/libc.a(lib_a-exit.o)
 .comment       0x000000000000001e       0x12 D:/Users/Alex/Desktop/Banana/sysroot/Banana///////Dev32/usr/lib/libc.a(lib_a-fclose.o)
 .comment       0x000000000000001e       0x12 D:/Users/Alex/Desktop/Banana/sysroot/Banana///////Dev32/usr/lib/libc.a(lib_a-fflush.o)
 .comment       0x000000000000001e       0x12 D:/Users/Alex/Desktop/Banana/sysroot/Banana///////Dev32/usr/lib/libc.a(lib_a-fgets.o)
 .comment       0x000000000000001e       0x12 D:/Users/Alex/Desktop/Banana/sysroot/Banana///////Dev32/usr/lib/libc.a(lib_a-findfp.o)
 .comment       0x000000000000001e       0x12 D:/Users/Alex/Desktop/Banana/sysroot/Banana///////Dev32/usr/lib/libc.a(lib_a-fopen.o)
 .comment       0x000000000000001e       0x12 D:/Users/Alex/Desktop/Banana/sysroot/Banana///////Dev32/usr/lib/libc.a(lib_a-fputc.o)
 .comment       0x000000000000001e       0x12 D:/Users/Alex/Desktop/Banana/sysroot/Banana///////Dev32/usr/lib/libc.a(lib_a-freer.o)
 .comment       0x000000000000001e       0x12 D:/Users/Alex/Desktop/Banana/sysroot/Banana///////Dev32/usr/lib/libc.a(lib_a-fseek.o)
 .comment       0x000000000000001e       0x12 D:/Users/Alex/Desktop/Banana/sysroot/Banana///////Dev32/usr/lib/libc.a(lib_a-fseeko.o)
 .comment       0x000000000000001e       0x12 D:/Users/Alex/Desktop/Banana/sysroot/Banana///////Dev32/usr/lib/libc.a(lib_a-fstatr.o)
 .comment       0x000000000000001e       0x12 D:/Users/Alex/Desktop/Banana/sysroot/Banana///////Dev32/usr/lib/libc.a(lib_a-ftello.o)
 .comment       0x000000000000001e       0x12 D:/Users/Alex/Desktop/Banana/sysroot/Banana///////Dev32/usr/lib/libc.a(lib_a-fwalk.o)
 .comment       0x000000000000001e       0x12 D:/Users/Alex/Desktop/Banana/sysroot/Banana///////Dev32/usr/lib/libc.a(lib_a-fwrite.o)
 .comment       0x000000000000001e       0x12 D:/Users/Alex/Desktop/Banana/sysroot/Banana///////Dev32/usr/lib/libc.a(lib_a-getchar.o)
 .comment       0x000000000000001e       0x12 D:/Users/Alex/Desktop/Banana/sysroot/Banana///////Dev32/usr/lib/libc.a(lib_a-impure.o)
 .comment       0x000000000000001e       0x12 D:/Users/Alex/Desktop/Banana/sysroot/Banana///////Dev32/usr/lib/libc.a(lib_a-makebuf.o)
 .comment       0x000000000000001e       0x12 D:/Users/Alex/Desktop/Banana/sysroot/Banana///////Dev32/usr/lib/libc.a(lib_a-malloc.o)
 .comment       0x000000000000001e       0x12 D:/Users/Alex/Desktop/Banana/sysroot/Banana///////Dev32/usr/lib/libc.a(lib_a-mallocr.o)
 .comment       0x000000000000001e       0x12 D:/Users/Alex/Desktop/Banana/sysroot/Banana///////Dev32/usr/lib/libc.a(lib_a-mlock.o)
 .comment       0x000000000000001e       0x12 D:/Users/Alex/Desktop/Banana/sysroot/Banana///////Dev32/usr/lib/libc.a(lib_a-openr.o)
 .comment       0x000000000000001e       0x12 D:/Users/Alex/Desktop/Banana/sysroot/Banana///////Dev32/usr/lib/libc.a(lib_a-printf.o)
 .comment       0x000000000000001e       0x12 D:/Users/Alex/Desktop/Banana/sysroot/Banana///////Dev32/usr/lib/libc.a(lib_a-putc.o)
 .comment       0x000000000000001e       0x12 D:/Users/Alex/Desktop/Banana/sysroot/Banana///////Dev32/usr/lib/libc.a(lib_a-putchar.o)
 .comment       0x000000000000001e       0x12 D:/Users/Alex/Desktop/Banana/sysroot/Banana///////Dev32/usr/lib/libc.a(lib_a-puts.o)
 .comment       0x000000000000001e       0x12 D:/Users/Alex/Desktop/Banana/sysroot/Banana///////Dev32/usr/lib/libc.a(lib_a-reent.o)
 .comment       0x000000000000001e       0x12 D:/Users/Alex/Desktop/Banana/sysroot/Banana///////Dev32/usr/lib/libc.a(lib_a-refill.o)
 .comment       0x000000000000001e       0x12 D:/Users/Alex/Desktop/Banana/sysroot/Banana///////Dev32/usr/lib/libc.a(lib_a-sbrkr.o)
 .comment       0x000000000000001e       0x12 D:/Users/Alex/Desktop/Banana/sysroot/Banana///////Dev32/usr/lib/libc.a(lib_a-sscanf.o)
 .comment       0x000000000000001e       0x12 D:/Users/Alex/Desktop/Banana/sysroot/Banana///////Dev32/usr/lib/libc.a(lib_a-stdio.o)
 .comment       0x000000000000001e       0x12 D:/Users/Alex/Desktop/Banana/sysroot/Banana///////Dev32/usr/lib/libc.a(lib_a-strcasecmp.o)
 .comment       0x000000000000001e       0x12 D:/Users/Alex/Desktop/Banana/sysroot/Banana///////Dev32/usr/lib/libc.a(lib_a-strcat.o)
 .comment       0x000000000000001e       0x12 D:/Users/Alex/Desktop/Banana/sysroot/Banana///////Dev32/usr/lib/libc.a(lib_a-strcpy.o)
 .comment       0x000000000000001e       0x12 D:/Users/Alex/Desktop/Banana/sysroot/Banana///////Dev32/usr/lib/libc.a(lib_a-strstr.o)
 .comment       0x000000000000001e       0x12 D:/Users/Alex/Desktop/Banana/sysroot/Banana///////Dev32/usr/lib/libc.a(lib_a-svfscanf.o)
 .comment       0x000000000000001e       0x12 D:/Users/Alex/Desktop/Banana/sysroot/Banana///////Dev32/usr/lib/libc.a(lib_a-system.o)
 .comment       0x000000000000001e       0x12 D:/Users/Alex/Desktop/Banana/sysroot/Banana///////Dev32/usr/lib/libc.a(lib_a-vfprintf.o)
 .comment       0x000000000000001e       0x12 D:/Users/Alex/Desktop/Banana/sysroot/Banana///////Dev32/usr/lib/libc.a(lib_a-wbuf.o)
 .comment       0x000000000000001e       0x12 D:/Users/Alex/Desktop/Banana/sysroot/Banana///////Dev32/usr/lib/libc.a(lib_a-writer.o)
 .comment       0x000000000000001e       0x12 D:/Users/Alex/Desktop/Banana/sysroot/Banana///////Dev32/usr/lib/libc.a(lib_a-wsetup.o)
 .comment       0x000000000000001e       0x12 D:/Users/Alex/Desktop/Banana/sysroot/Banana///////Dev32/usr/lib/libc.a(syscalls.o)
 .comment       0x000000000000001e       0x12 D:/Users/Alex/Desktop/Banana/sysroot/Banana///////Dev32/usr/lib/libc.a(lib_a-__call_atexit.o)
 .comment       0x000000000000001e       0x12 D:/Users/Alex/Desktop/Banana/sysroot/Banana///////Dev32/usr/lib/libc.a(lib_a-closer.o)
 .comment       0x000000000000001e       0x12 D:/Users/Alex/Desktop/Banana/sysroot/Banana///////Dev32/usr/lib/libc.a(lib_a-ctype_.o)
 .comment       0x000000000000001e       0x12 D:/Users/Alex/Desktop/Banana/sysroot/Banana///////Dev32/usr/lib/libc.a(lib_a-dtoa.o)
 .comment       0x000000000000001e       0x12 D:/Users/Alex/Desktop/Banana/sysroot/Banana///////Dev32/usr/lib/libc.a(lib_a-environ.o)
 .comment       0x000000000000001e       0x12 D:/Users/Alex/Desktop/Banana/sysroot/Banana///////Dev32/usr/lib/libc.a(lib_a-errno.o)
 .comment       0x000000000000001e       0x12 D:/Users/Alex/Desktop/Banana/sysroot/Banana///////Dev32/usr/lib/libc.a(lib_a-flags.o)
 .comment       0x000000000000001e       0x12 D:/Users/Alex/Desktop/Banana/sysroot/Banana///////Dev32/usr/lib/libc.a(lib_a-fvwrite.o)
 .comment       0x000000000000001e       0x12 D:/Users/Alex/Desktop/Banana/sysroot/Banana///////Dev32/usr/lib/libc.a(lib_a-getc.o)
 .comment       0x000000000000001e       0x12 D:/Users/Alex/Desktop/Banana/sysroot/Banana///////Dev32/usr/lib/libc.a(lib_a-isattyr.o)
 .comment       0x000000000000001e       0x12 D:/Users/Alex/Desktop/Banana/sysroot/Banana///////Dev32/usr/lib/libc.a(lib_a-iswspace.o)
 .comment       0x000000000000001e       0x12 D:/Users/Alex/Desktop/Banana/sysroot/Banana///////Dev32/usr/lib/libc.a(lib_a-iswspace_l.o)
 .comment       0x000000000000001e       0x12 D:/Users/Alex/Desktop/Banana/sysroot/Banana///////Dev32/usr/lib/libc.a(lib_a-locale.o)